Java HotSpot(TM) 64-Bit Server VM (25.161-b12) for linux-amd64 JRE (1.8.0_161-b12), built on Dec 19 2017 16:12:43 by "java_re" with gcc 4.3.0 20080428 (Red Hat 4.3.0-8)
Memory: 4k page, physical 49294204k(2289516k free), swap 73400316k(67877348k free)
CommandLine flags: -XX:+HeapDumpOnOutOfMemoryError -XX:HeapDumpPath=/home/knotify/gclogs/KPP-knotify-java_pid.hprof -XX:InitialHeapSize=268435456 -XX:MaxHeapSize=2147483648 -XX:NewRatio=2 -XX:ParallelGCThreads=2 -XX:+PrintGC -XX:+PrintGCDateStamps -XX:+PrintGCDetails -XX:+PrintGCTimeStamps -XX:+PrintHeapAtGC -XX:SurvivorRatio=8 -XX:+UseCompressedClassPointers -XX:+UseCompressedOops -XX:-UseConcMarkSweepGC -XX:+UseParallelGC 
{Heap before GC invocations=1 (full 0):
 PSYoungGen      total 78336K, used 69632K [0x00000000d5580000, 0x00000000daa80000, 0x0000000100000000)
  eden space 69632K, 100% used [0x00000000d5580000,0x00000000d9980000,0x00000000d9980000)
  from space 8704K, 0% used [0x00000000da200000,0x00000000da200000,0x00000000daa80000)
  to   space 8704K, 0% used [0x00000000d9980000,0x00000000d9980000,0x00000000da200000)
 ParOldGen       total 175104K, used 0K [0x0000000080000000, 0x000000008ab00000, 0x00000000d5580000)
  object space 175104K, 0% used [0x0000000080000000,0x0000000080000000,0x000000008ab00000)
 Metaspace       used 6925K, capacity 7100K, committed 7296K, reserved 1056768K
  class space    used 801K, capacity 856K, committed 896K, reserved 1048576K
2023-08-20T16:14:54.253+0600: 1.582: [GC (Allocation Failure) [PSYoungGen: 69632K->3142K(78336K)] 69632K->3150K(253440K), 0.0050529 secs] [Times: user=0.01 sys=0.00, real=0.00 secs] 
Heap after GC invocations=1 (full 0):
 PSYoungGen      total 78336K, used 3142K [0x00000000d5580000, 0x00000000daa80000, 0x0000000100000000)
  eden space 69632K, 0% used [0x00000000d5580000,0x00000000d5580000,0x00000000d9980000)
  from space 8704K, 36% used [0x00000000d9980000,0x00000000d9c91a68,0x00000000da200000)
  to   space 8704K, 0% used [0x00000000da200000,0x00000000da200000,0x00000000daa80000)
 ParOldGen       total 175104K, used 8K [0x0000000080000000, 0x000000008ab00000, 0x00000000d5580000)
  object space 175104K, 0% used [0x0000000080000000,0x0000000080002000,0x000000008ab00000)
 Metaspace       used 6925K, capacity 7100K, committed 7296K, reserved 1056768K
  class space    used 801K, capacity 856K, committed 896K, reserved 1048576K
}
{Heap before GC invocations=2 (full 0):
 PSYoungGen      total 78336K, used 72774K [0x00000000d5580000, 0x00000000daa80000, 0x0000000100000000)
  eden space 69632K, 100% used [0x00000000d5580000,0x00000000d9980000,0x00000000d9980000)
  from space 8704K, 36% used [0x00000000d9980000,0x00000000d9c91a68,0x00000000da200000)
  to   space 8704K, 0% used [0x00000000da200000,0x00000000da200000,0x00000000daa80000)
 ParOldGen       total 175104K, used 8K [0x0000000080000000, 0x000000008ab00000, 0x00000000d5580000)
  object space 175104K, 0% used [0x0000000080000000,0x0000000080002000,0x000000008ab00000)
 Metaspace       used 7853K, capacity 8060K, committed 8192K, reserved 1056768K
  class space    used 924K, capacity 984K, committed 1024K, reserved 1048576K
2023-08-20T16:14:54.454+0600: 1.782: [GC (Allocation Failure) [PSYoungGen: 72774K->8003K(78336K)] 72782K->8011K(253440K), 0.0113298 secs] [Times: user=0.02 sys=0.00, real=0.01 secs] 
Heap after GC invocations=2 (full 0):
 PSYoungGen      total 78336K, used 8003K [0x00000000d5580000, 0x00000000dee80000, 0x0000000100000000)
  eden space 69632K, 0% used [0x00000000d5580000,0x00000000d5580000,0x00000000d9980000)
  from space 8704K, 91% used [0x00000000da200000,0x00000000da9d0f40,0x00000000daa80000)
  to   space 8704K, 0% used [0x00000000d9980000,0x00000000d9980000,0x00000000da200000)
 ParOldGen       total 175104K, used 8K [0x0000000080000000, 0x000000008ab00000, 0x00000000d5580000)
  object space 175104K, 0% used [0x0000000080000000,0x0000000080002000,0x000000008ab00000)
 Metaspace       used 7853K, capacity 8060K, committed 8192K, reserved 1056768K
  class space    used 924K, capacity 984K, committed 1024K, reserved 1048576K
}
{Heap before GC invocations=3 (full 0):
 PSYoungGen      total 78336K, used 77635K [0x00000000d5580000, 0x00000000dee80000, 0x0000000100000000)
  eden space 69632K, 100% used [0x00000000d5580000,0x00000000d9980000,0x00000000d9980000)
  from space 8704K, 91% used [0x00000000da200000,0x00000000da9d0f40,0x00000000daa80000)
  to   space 8704K, 0% used [0x00000000d9980000,0x00000000d9980000,0x00000000da200000)
 ParOldGen       total 175104K, used 8K [0x0000000080000000, 0x000000008ab00000, 0x00000000d5580000)
  object space 175104K, 0% used [0x0000000080000000,0x0000000080002000,0x000000008ab00000)
 Metaspace       used 7877K, capacity 8060K, committed 8192K, reserved 1056768K
  class space    used 927K, capacity 984K, committed 1024K, reserved 1048576K
2023-08-20T16:14:54.567+0600: 1.896: [GC (Allocation Failure) [PSYoungGen: 77635K->7843K(78336K)] 77643K->7851K(253440K), 0.0070840 secs] [Times: user=0.01 sys=0.00, real=0.01 secs] 
Heap after GC invocations=3 (full 0):
 PSYoungGen      total 78336K, used 7843K [0x00000000d5580000, 0x00000000dee80000, 0x0000000100000000)
  eden space 69632K, 0% used [0x00000000d5580000,0x00000000d5580000,0x00000000d9980000)
  from space 8704K, 90% used [0x00000000d9980000,0x00000000da128ee8,0x00000000da200000)
  to   space 8704K, 0% used [0x00000000de600000,0x00000000de600000,0x00000000dee80000)
 ParOldGen       total 175104K, used 8K [0x0000000080000000, 0x000000008ab00000, 0x00000000d5580000)
  object space 175104K, 0% used [0x0000000080000000,0x0000000080002000,0x000000008ab00000)
 Metaspace       used 7877K, capacity 8060K, committed 8192K, reserved 1056768K
  class space    used 927K, capacity 984K, committed 1024K, reserved 1048576K
}
{Heap before GC invocations=4 (full 0):
 PSYoungGen      total 78336K, used 77475K [0x00000000d5580000, 0x00000000dee80000, 0x0000000100000000)
  eden space 69632K, 100% used [0x00000000d5580000,0x00000000d9980000,0x00000000d9980000)
  from space 8704K, 90% used [0x00000000d9980000,0x00000000da128ee8,0x00000000da200000)
  to   space 8704K, 0% used [0x00000000de600000,0x00000000de600000,0x00000000dee80000)
 ParOldGen       total 175104K, used 8K [0x0000000080000000, 0x000000008ab00000, 0x00000000d5580000)
  object space 175104K, 0% used [0x0000000080000000,0x0000000080002000,0x000000008ab00000)
 Metaspace       used 7910K, capacity 8060K, committed 8192K, reserved 1056768K
  class space    used 929K, capacity 984K, committed 1024K, reserved 1048576K
2023-08-20T16:14:54.615+0600: 1.944: [GC (Allocation Failure) [PSYoungGen: 77475K->2576K(147968K)] 77483K->2656K(323072K), 0.0097306 secs] [Times: user=0.02 sys=0.01, real=0.01 secs] 
Heap after GC invocations=4 (full 0):
 PSYoungGen      total 147968K, used 2576K [0x00000000d5580000, 0x00000000dee80000, 0x0000000100000000)
  eden space 139264K, 0% used [0x00000000d5580000,0x00000000d5580000,0x00000000ddd80000)
  from space 8704K, 29% used [0x00000000de600000,0x00000000de8840a0,0x00000000dee80000)
  to   space 8704K, 0% used [0x00000000ddd80000,0x00000000ddd80000,0x00000000de600000)
 ParOldGen       total 175104K, used 80K [0x0000000080000000, 0x000000008ab00000, 0x00000000d5580000)
  object space 175104K, 0% used [0x0000000080000000,0x0000000080014010,0x000000008ab00000)
 Metaspace       used 7910K, capacity 8060K, committed 8192K, reserved 1056768K
  class space    used 929K, capacity 984K, committed 1024K, reserved 1048576K
}
{Heap before GC invocations=5 (full 0):
 PSYoungGen      total 147968K, used 141840K [0x00000000d5580000, 0x00000000dee80000, 0x0000000100000000)
  eden space 139264K, 100% used [0x00000000d5580000,0x00000000ddd80000,0x00000000ddd80000)
  from space 8704K, 29% used [0x00000000de600000,0x00000000de8840a0,0x00000000dee80000)
  to   space 8704K, 0% used [0x00000000ddd80000,0x00000000ddd80000,0x00000000de600000)
 ParOldGen       total 175104K, used 80K [0x0000000080000000, 0x000000008ab00000, 0x00000000d5580000)
  object space 175104K, 0% used [0x0000000080000000,0x0000000080014010,0x000000008ab00000)
 Metaspace       used 12613K, capacity 12782K, committed 12800K, reserved 1060864K
  class space    used 1492K, capacity 1531K, committed 1536K, reserved 1048576K
2023-08-20T16:14:55.429+0600: 2.758: [GC (Allocation Failure) [PSYoungGen: 141840K->6996K(147968K)] 141920K->7084K(323072K), 0.0172700 secs] [Times: user=0.02 sys=0.00, real=0.02 secs] 
Heap after GC invocations=5 (full 0):
 PSYoungGen      total 147968K, used 6996K [0x00000000d5580000, 0x00000000e7a80000, 0x0000000100000000)
  eden space 139264K, 0% used [0x00000000d5580000,0x00000000d5580000,0x00000000ddd80000)
  from space 8704K, 80% used [0x00000000ddd80000,0x00000000de455390,0x00000000de600000)
  to   space 10752K, 0% used [0x00000000e7000000,0x00000000e7000000,0x00000000e7a80000)
 ParOldGen       total 175104K, used 88K [0x0000000080000000, 0x000000008ab00000, 0x00000000d5580000)
  object space 175104K, 0% used [0x0000000080000000,0x0000000080016010,0x000000008ab00000)
 Metaspace       used 12613K, capacity 12782K, committed 12800K, reserved 1060864K
  class space    used 1492K, capacity 1531K, committed 1536K, reserved 1048576K
}
{Heap before GC invocations=6 (full 0):
 PSYoungGen      total 147968K, used 146260K [0x00000000d5580000, 0x00000000e7a80000, 0x0000000100000000)
  eden space 139264K, 100% used [0x00000000d5580000,0x00000000ddd80000,0x00000000ddd80000)
  from space 8704K, 80% used [0x00000000ddd80000,0x00000000de455390,0x00000000de600000)
  to   space 10752K, 0% used [0x00000000e7000000,0x00000000e7000000,0x00000000e7a80000)
 ParOldGen       total 175104K, used 88K [0x0000000080000000, 0x000000008ab00000, 0x00000000d5580000)
  object space 175104K, 0% used [0x0000000080000000,0x0000000080016010,0x000000008ab00000)
 Metaspace       used 13012K, capacity 13230K, committed 13440K, reserved 1060864K
  class space    used 1539K, capacity 1595K, committed 1664K, reserved 1048576K
2023-08-20T16:14:55.727+0600: 3.056: [GC (Allocation Failure) [PSYoungGen: 146260K->8995K(288256K)] 146348K->9083K(463360K), 0.0097566 secs] [Times: user=0.02 sys=0.01, real=0.01 secs] 
Heap after GC invocations=6 (full 0):
 PSYoungGen      total 288256K, used 8995K [0x00000000d5580000, 0x00000000e7c80000, 0x0000000100000000)
  eden space 277504K, 0% used [0x00000000d5580000,0x00000000d5580000,0x00000000e6480000)
  from space 10752K, 83% used [0x00000000e7000000,0x00000000e78c8ce0,0x00000000e7a80000)
  to   space 11776K, 0% used [0x00000000e6480000,0x00000000e6480000,0x00000000e7000000)
 ParOldGen       total 175104K, used 88K [0x0000000080000000, 0x000000008ab00000, 0x00000000d5580000)
  object space 175104K, 0% used [0x0000000080000000,0x0000000080016010,0x000000008ab00000)
 Metaspace       used 13012K, capacity 13230K, committed 13440K, reserved 1060864K
  class space    used 1539K, capacity 1595K, committed 1664K, reserved 1048576K
}
{Heap before GC invocations=7 (full 0):
 PSYoungGen      total 288256K, used 286499K [0x00000000d5580000, 0x00000000e7c80000, 0x0000000100000000)
  eden space 277504K, 100% used [0x00000000d5580000,0x00000000e6480000,0x00000000e6480000)
  from space 10752K, 83% used [0x00000000e7000000,0x00000000e78c8ce0,0x00000000e7a80000)
  to   space 11776K, 0% used [0x00000000e6480000,0x00000000e6480000,0x00000000e7000000)
 ParOldGen       total 175104K, used 88K [0x0000000080000000, 0x000000008ab00000, 0x00000000d5580000)
  object space 175104K, 0% used [0x0000000080000000,0x0000000080016010,0x000000008ab00000)
 Metaspace       used 19515K, capacity 19896K, committed 20224K, reserved 1067008K
  class space    used 2396K, capacity 2483K, committed 2560K, reserved 1048576K
2023-08-20T16:14:56.359+0600: 3.688: [GC (Allocation Failure) [PSYoungGen: 286499K->11745K(289280K)] 286587K->14800K(464384K), 0.0265564 secs] [Times: user=0.06 sys=0.01, real=0.03 secs] 
Heap after GC invocations=7 (full 0):
 PSYoungGen      total 289280K, used 11745K [0x00000000d5580000, 0x00000000f9180000, 0x0000000100000000)
  eden space 277504K, 0% used [0x00000000d5580000,0x00000000d5580000,0x00000000e6480000)
  from space 11776K, 99% used [0x00000000e6480000,0x00000000e6ff86b0,0x00000000e7000000)
  to   space 15360K, 0% used [0x00000000f8280000,0x00000000f8280000,0x00000000f9180000)
 ParOldGen       total 175104K, used 3054K [0x0000000080000000, 0x000000008ab00000, 0x00000000d5580000)
  object space 175104K, 1% used [0x0000000080000000,0x00000000802fbb90,0x000000008ab00000)
 Metaspace       used 19515K, capacity 19896K, committed 20224K, reserved 1067008K
  class space    used 2396K, capacity 2483K, committed 2560K, reserved 1048576K
}
{Heap before GC invocations=8 (full 0):
 PSYoungGen      total 289280K, used 289249K [0x00000000d5580000, 0x00000000f9180000, 0x0000000100000000)
  eden space 277504K, 100% used [0x00000000d5580000,0x00000000e6480000,0x00000000e6480000)
  from space 11776K, 99% used [0x00000000e6480000,0x00000000e6ff86b0,0x00000000e7000000)
  to   space 15360K, 0% used [0x00000000f8280000,0x00000000f8280000,0x00000000f9180000)
 ParOldGen       total 175104K, used 3054K [0x0000000080000000, 0x000000008ab00000, 0x00000000d5580000)
  object space 175104K, 1% used [0x0000000080000000,0x00000000802fbb90,0x000000008ab00000)
 Metaspace       used 19977K, capacity 20362K, committed 20480K, reserved 1067008K
  class space    used 2458K, capacity 2550K, committed 2560K, reserved 1048576K
2023-08-20T16:14:56.893+0600: 4.222: [GC (Allocation Failure) [PSYoungGen: 289249K->14631K(568320K)] 292304K->17742K(743424K), 0.0227912 secs] [Times: user=0.07 sys=0.01, real=0.02 secs] 
Heap after GC invocations=8 (full 0):
 PSYoungGen      total 568320K, used 14631K [0x00000000d5580000, 0x00000000f9580000, 0x0000000100000000)
  eden space 552960K, 0% used [0x00000000d5580000,0x00000000d5580000,0x00000000f7180000)
  from space 15360K, 95% used [0x00000000f8280000,0x00000000f90c9da0,0x00000000f9180000)
  to   space 17408K, 0% used [0x00000000f7180000,0x00000000f7180000,0x00000000f8280000)
 ParOldGen       total 175104K, used 3110K [0x0000000080000000, 0x000000008ab00000, 0x00000000d5580000)
  object space 175104K, 1% used [0x0000000080000000,0x0000000080309bb0,0x000000008ab00000)
 Metaspace       used 19977K, capacity 20362K, committed 20480K, reserved 1067008K
  class space    used 2458K, capacity 2550K, committed 2560K, reserved 1048576K
}
{Heap before GC invocations=9 (full 0):
 PSYoungGen      total 568320K, used 117799K [0x00000000d5580000, 0x00000000f9580000, 0x0000000100000000)
  eden space 552960K, 18% used [0x00000000d5580000,0x00000000dba401b0,0x00000000f7180000)
  from space 15360K, 95% used [0x00000000f8280000,0x00000000f90c9da0,0x00000000f9180000)
  to   space 17408K, 0% used [0x00000000f7180000,0x00000000f7180000,0x00000000f8280000)
 ParOldGen       total 175104K, used 3110K [0x0000000080000000, 0x000000008ab00000, 0x00000000d5580000)
  object space 175104K, 1% used [0x0000000080000000,0x0000000080309bb0,0x000000008ab00000)
 Metaspace       used 20886K, capacity 21200K, committed 21296K, reserved 1069056K
  class space    used 2589K, capacity 2679K, committed 2688K, reserved 1048576K
2023-08-20T16:14:57.097+0600: 4.426: [GC (Metadata GC Threshold) [PSYoungGen: 117799K->11469K(570368K)] 120910K->15540K(745472K), 0.0193566 secs] [Times: user=0.08 sys=0.01, real=0.02 secs] 
Heap after GC invocations=9 (full 0):
 PSYoungGen      total 570368K, used 11469K [0x00000000d5580000, 0x0000000100000000, 0x0000000100000000)
  eden space 552960K, 0% used [0x00000000d5580000,0x00000000d5580000,0x00000000f7180000)
  from space 17408K, 65% used [0x00000000f7180000,0x00000000f7cb3610,0x00000000f8280000)
  to   space 17920K, 0% used [0x00000000fee80000,0x00000000fee80000,0x0000000100000000)
 ParOldGen       total 175104K, used 4070K [0x0000000080000000, 0x000000008ab00000, 0x00000000d5580000)
  object space 175104K, 2% used [0x0000000080000000,0x00000000803f9bb0,0x000000008ab00000)
 Metaspace       used 20886K, capacity 21200K, committed 21296K, reserved 1069056K
  class space    used 2589K, capacity 2679K, committed 2688K, reserved 1048576K
}
{Heap before GC invocations=10 (full 1):
 PSYoungGen      total 570368K, used 11469K [0x00000000d5580000, 0x0000000100000000, 0x0000000100000000)
  eden space 552960K, 0% used [0x00000000d5580000,0x00000000d5580000,0x00000000f7180000)
  from space 17408K, 65% used [0x00000000f7180000,0x00000000f7cb3610,0x00000000f8280000)
  to   space 17920K, 0% used [0x00000000fee80000,0x00000000fee80000,0x0000000100000000)
 ParOldGen       total 175104K, used 4070K [0x0000000080000000, 0x000000008ab00000, 0x00000000d5580000)
  object space 175104K, 2% used [0x0000000080000000,0x00000000803f9bb0,0x000000008ab00000)
 Metaspace       used 20886K, capacity 21200K, committed 21296K, reserved 1069056K
  class space    used 2589K, capacity 2679K, committed 2688K, reserved 1048576K
2023-08-20T16:14:57.117+0600: 4.445: [Full GC (Metadata GC Threshold) [PSYoungGen: 11469K->0K(570368K)] [ParOldGen: 4070K->14743K(175104K)] 15540K->14743K(745472K), [Metaspace: 20886K->20886K(1069056K)], 0.0638482 secs] [Times: user=0.26 sys=0.01, real=0.07 secs] 
Heap after GC invocations=10 (full 1):
 PSYoungGen      total 570368K, used 0K [0x00000000d5580000, 0x0000000100000000, 0x0000000100000000)
  eden space 552960K, 0% used [0x00000000d5580000,0x00000000d5580000,0x00000000f7180000)
  from space 17408K, 0% used [0x00000000f7180000,0x00000000f7180000,0x00000000f8280000)
  to   space 17920K, 0% used [0x00000000fee80000,0x00000000fee80000,0x0000000100000000)
 ParOldGen       total 175104K, used 14743K [0x0000000080000000, 0x000000008ab00000, 0x00000000d5580000)
  object space 175104K, 8% used [0x0000000080000000,0x0000000080e65df0,0x000000008ab00000)
 Metaspace       used 20886K, capacity 21200K, committed 21296K, reserved 1069056K
  class space    used 2589K, capacity 2679K, committed 2688K, reserved 1048576K
}
{Heap before GC invocations=11 (full 1):
 PSYoungGen      total 570368K, used 552960K [0x00000000d5580000, 0x0000000100000000, 0x0000000100000000)
  eden space 552960K, 100% used [0x00000000d5580000,0x00000000f7180000,0x00000000f7180000)
  from space 17408K, 0% used [0x00000000f7180000,0x00000000f7180000,0x00000000f8280000)
  to   space 17920K, 0% used [0x00000000fee80000,0x00000000fee80000,0x0000000100000000)
 ParOldGen       total 175104K, used 14743K [0x0000000080000000, 0x000000008ab00000, 0x00000000d5580000)
  object space 175104K, 8% used [0x0000000080000000,0x0000000080e65df0,0x000000008ab00000)
 Metaspace       used 24513K, capacity 24890K, committed 24960K, reserved 1071104K
  class space    used 3084K, capacity 3198K, committed 3200K, reserved 1048576K
2023-08-20T16:14:58.380+0600: 5.709: [GC (Allocation Failure) [PSYoungGen: 552960K->12011K(679936K)] 567703K->26754K(855040K), 0.0211239 secs] [Times: user=0.06 sys=0.01, real=0.02 secs] 
Heap after GC invocations=11 (full 1):
 PSYoungGen      total 679936K, used 12011K [0x00000000d5580000, 0x0000000100000000, 0x0000000100000000)
  eden space 662016K, 0% used [0x00000000d5580000,0x00000000d5580000,0x00000000fdc00000)
  from space 17920K, 67% used [0x00000000fee80000,0x00000000ffa3acd8,0x0000000100000000)
  to   space 18432K, 0% used [0x00000000fdc00000,0x00000000fdc00000,0x00000000fee00000)
 ParOldGen       total 175104K, used 14743K [0x0000000080000000, 0x000000008ab00000, 0x00000000d5580000)
  object space 175104K, 8% used [0x0000000080000000,0x0000000080e65df0,0x000000008ab00000)
 Metaspace       used 24513K, capacity 24890K, committed 24960K, reserved 1071104K
  class space    used 3084K, capacity 3198K, committed 3200K, reserved 1048576K
}
{Heap before GC invocations=12 (full 1):
 PSYoungGen      total 679936K, used 674027K [0x00000000d5580000, 0x0000000100000000, 0x0000000100000000)
  eden space 662016K, 100% used [0x00000000d5580000,0x00000000fdc00000,0x00000000fdc00000)
  from space 17920K, 67% used [0x00000000fee80000,0x00000000ffa3acd8,0x0000000100000000)
  to   space 18432K, 0% used [0x00000000fdc00000,0x00000000fdc00000,0x00000000fee00000)
 ParOldGen       total 175104K, used 14743K [0x0000000080000000, 0x000000008ab00000, 0x00000000d5580000)
  object space 175104K, 8% used [0x0000000080000000,0x0000000080e65df0,0x000000008ab00000)
 Metaspace       used 32406K, capacity 32880K, committed 33280K, reserved 1079296K
  class space    used 4137K, capacity 4245K, committed 4352K, reserved 1048576K
2023-08-20T16:15:00.354+0600: 7.682: [GC (Allocation Failure) [PSYoungGen: 674027K->15783K(677888K)] 688770K->33303K(852992K), 0.0323962 secs] [Times: user=0.05 sys=0.01, real=0.03 secs] 
Heap after GC invocations=12 (full 1):
 PSYoungGen      total 677888K, used 15783K [0x00000000d5580000, 0x0000000100000000, 0x0000000100000000)
  eden space 662016K, 0% used [0x00000000d5580000,0x00000000d5580000,0x00000000fdc00000)
  from space 15872K, 99% used [0x00000000fdc00000,0x00000000feb69df8,0x00000000feb80000)
  to   space 19968K, 0% used [0x00000000fec80000,0x00000000fec80000,0x0000000100000000)
 ParOldGen       total 175104K, used 17519K [0x0000000080000000, 0x000000008ab00000, 0x00000000d5580000)
  object space 175104K, 10% used [0x0000000080000000,0x000000008111bea0,0x000000008ab00000)
 Metaspace       used 32406K, capacity 32880K, committed 33280K, reserved 1079296K
  class space    used 4137K, capacity 4245K, committed 4352K, reserved 1048576K
}
{Heap before GC invocations=13 (full 1):
 PSYoungGen      total 677888K, used 213021K [0x00000000d5580000, 0x0000000100000000, 0x0000000100000000)
  eden space 662016K, 29% used [0x00000000d5580000,0x00000000e161d728,0x00000000fdc00000)
  from space 15872K, 99% used [0x00000000fdc00000,0x00000000feb69df8,0x00000000feb80000)
  to   space 19968K, 0% used [0x00000000fec80000,0x00000000fec80000,0x0000000100000000)
 ParOldGen       total 175104K, used 17519K [0x0000000080000000, 0x000000008ab00000, 0x00000000d5580000)
  object space 175104K, 10% used [0x0000000080000000,0x000000008111bea0,0x000000008ab00000)
 Metaspace       used 34805K, capacity 35316K, committed 35496K, reserved 1081344K
  class space    used 4452K, capacity 4577K, committed 4608K, reserved 1048576K
2023-08-20T16:15:00.875+0600: 8.204: [GC (Metadata GC Threshold) [PSYoungGen: 213021K->6925K(679424K)] 230540K->29661K(854528K), 0.0158977 secs] [Times: user=0.02 sys=0.00, real=0.02 secs] 
Heap after GC invocations=13 (full 1):
 PSYoungGen      total 679424K, used 6925K [0x00000000d5580000, 0x0000000100000000, 0x0000000100000000)
  eden space 659456K, 0% used [0x00000000d5580000,0x00000000d5580000,0x00000000fd980000)
  from space 19968K, 34% used [0x00000000fec80000,0x00000000ff3437a0,0x0000000100000000)
  to   space 19456K, 0% used [0x00000000fd980000,0x00000000fd980000,0x00000000fec80000)
 ParOldGen       total 175104K, used 22735K [0x0000000080000000, 0x000000008ab00000, 0x00000000d5580000)
  object space 175104K, 12% used [0x0000000080000000,0x0000000081633ef0,0x000000008ab00000)
 Metaspace       used 34805K, capacity 35316K, committed 35496K, reserved 1081344K
  class space    used 4452K, capacity 4577K, committed 4608K, reserved 1048576K
}
{Heap before GC invocations=14 (full 2):
 PSYoungGen      total 679424K, used 6925K [0x00000000d5580000, 0x0000000100000000, 0x0000000100000000)
  eden space 659456K, 0% used [0x00000000d5580000,0x00000000d5580000,0x00000000fd980000)
  from space 19968K, 34% used [0x00000000fec80000,0x00000000ff3437a0,0x0000000100000000)
  to   space 19456K, 0% used [0x00000000fd980000,0x00000000fd980000,0x00000000fec80000)
 ParOldGen       total 175104K, used 22735K [0x0000000080000000, 0x000000008ab00000, 0x00000000d5580000)
  object space 175104K, 12% used [0x0000000080000000,0x0000000081633ef0,0x000000008ab00000)
 Metaspace       used 34805K, capacity 35316K, committed 35496K, reserved 1081344K
  class space    used 4452K, capacity 4577K, committed 4608K, reserved 1048576K
2023-08-20T16:15:00.891+0600: 8.220: [Full GC (Metadata GC Threshold) [PSYoungGen: 6925K->0K(679424K)] [ParOldGen: 22735K->27476K(175104K)] 29661K->27476K(854528K), [Metaspace: 34805K->34805K(1081344K)], 0.1569987 secs] [Times: user=0.27 sys=0.01, real=0.15 secs] 
Heap after GC invocations=14 (full 2):
 PSYoungGen      total 679424K, used 0K [0x00000000d5580000, 0x0000000100000000, 0x0000000100000000)
  eden space 659456K, 0% used [0x00000000d5580000,0x00000000d5580000,0x00000000fd980000)
  from space 19968K, 0% used [0x00000000fec80000,0x00000000fec80000,0x0000000100000000)
  to   space 19456K, 0% used [0x00000000fd980000,0x00000000fd980000,0x00000000fec80000)
 ParOldGen       total 175104K, used 27476K [0x0000000080000000, 0x000000008ab00000, 0x00000000d5580000)
  object space 175104K, 15% used [0x0000000080000000,0x0000000081ad5368,0x000000008ab00000)
 Metaspace       used 34805K, capacity 35316K, committed 35496K, reserved 1081344K
  class space    used 4452K, capacity 4577K, committed 4608K, reserved 1048576K
}
{Heap before GC invocations=15 (full 2):
 PSYoungGen      total 679424K, used 659456K [0x00000000d5580000, 0x0000000100000000, 0x0000000100000000)
  eden space 659456K, 100% used [0x00000000d5580000,0x00000000fd980000,0x00000000fd980000)
  from space 19968K, 0% used [0x00000000fec80000,0x00000000fec80000,0x0000000100000000)
  to   space 19456K, 0% used [0x00000000fd980000,0x00000000fd980000,0x00000000fec80000)
 ParOldGen       total 175104K, used 27476K [0x0000000080000000, 0x000000008ab00000, 0x00000000d5580000)
  object space 175104K, 15% used [0x0000000080000000,0x0000000081ad5368,0x000000008ab00000)
 Metaspace       used 40148K, capacity 40866K, committed 41216K, reserved 1085440K
  class space    used 5120K, capacity 5305K, committed 5376K, reserved 1048576K
2023-08-20T16:15:02.501+0600: 9.829: [GC (Allocation Failure) [PSYoungGen: 659456K->17329K(676864K)] 686932K->44814K(851968K), 0.0204516 secs] [Times: user=0.07 sys=0.00, real=0.02 secs] 
Heap after GC invocations=15 (full 2):
 PSYoungGen      total 676864K, used 17329K [0x00000000d5580000, 0x0000000100000000, 0x0000000100000000)
  eden space 659456K, 0% used [0x00000000d5580000,0x00000000d5580000,0x00000000fd980000)
  from space 17408K, 99% used [0x00000000fd980000,0x00000000fea6c658,0x00000000fea80000)
  to   space 21504K, 0% used [0x00000000feb00000,0x00000000feb00000,0x0000000100000000)
 ParOldGen       total 175104K, used 27484K [0x0000000080000000, 0x000000008ab00000, 0x00000000d5580000)
  object space 175104K, 15% used [0x0000000080000000,0x0000000081ad7368,0x000000008ab00000)
 Metaspace       used 40148K, capacity 40866K, committed 41216K, reserved 1085440K
  class space    used 5120K, capacity 5305K, committed 5376K, reserved 1048576K
}
{Heap before GC invocations=16 (full 2):
 PSYoungGen      total 676864K, used 676785K [0x00000000d5580000, 0x0000000100000000, 0x0000000100000000)
  eden space 659456K, 100% used [0x00000000d5580000,0x00000000fd980000,0x00000000fd980000)
  from space 17408K, 99% used [0x00000000fd980000,0x00000000fea6c658,0x00000000fea80000)
  to   space 21504K, 0% used [0x00000000feb00000,0x00000000feb00000,0x0000000100000000)
 ParOldGen       total 175104K, used 27484K [0x0000000080000000, 0x000000008ab00000, 0x00000000d5580000)
  object space 175104K, 15% used [0x0000000080000000,0x0000000081ad7368,0x000000008ab00000)
 Metaspace       used 50027K, capacity 50920K, committed 51200K, reserved 1093632K
  class space    used 6410K, capacity 6612K, committed 6656K, reserved 1048576K
2023-08-20T16:15:04.619+0600: 11.948: [GC (Allocation Failure) [PSYoungGen: 676785K->21380K(671232K)] 704270K->54791K(846336K), 0.0394647 secs] [Times: user=0.18 sys=0.01, real=0.03 secs] 
Heap after GC invocations=16 (full 2):
 PSYoungGen      total 671232K, used 21380K [0x00000000d5580000, 0x0000000100000000, 0x0000000100000000)
  eden space 649728K, 0% used [0x00000000d5580000,0x00000000d5580000,0x00000000fd000000)
  from space 21504K, 99% used [0x00000000feb00000,0x00000000fffe1220,0x0000000100000000)
  to   space 24576K, 0% used [0x00000000fd000000,0x00000000fd000000,0x00000000fe800000)
 ParOldGen       total 175104K, used 33410K [0x0000000080000000, 0x000000008ab00000, 0x00000000d5580000)
  object space 175104K, 19% used [0x0000000080000000,0x00000000820a0b20,0x000000008ab00000)
 Metaspace       used 50027K, capacity 50920K, committed 51200K, reserved 1093632K
  class space    used 6410K, capacity 6612K, committed 6656K, reserved 1048576K
}
{Heap before GC invocations=17 (full 2):
 PSYoungGen      total 671232K, used 579292K [0x00000000d5580000, 0x0000000100000000, 0x0000000100000000)
  eden space 649728K, 85% used [0x00000000d5580000,0x00000000f7655f80,0x00000000fd000000)
  from space 21504K, 99% used [0x00000000feb00000,0x00000000fffe1220,0x0000000100000000)
  to   space 24576K, 0% used [0x00000000fd000000,0x00000000fd000000,0x00000000fe800000)
 ParOldGen       total 175104K, used 33410K [0x0000000080000000, 0x000000008ab00000, 0x00000000d5580000)
  object space 175104K, 19% used [0x0000000080000000,0x00000000820a0b20,0x000000008ab00000)
 Metaspace       used 57924K, capacity 58874K, committed 59136K, reserved 1099776K
  class space    used 7621K, capacity 7857K, committed 7936K, reserved 1048576K
2023-08-20T16:15:05.900+0600: 13.228: [GC (Metadata GC Threshold) [PSYoungGen: 579292K->14255K(674304K)] 612703K->53494K(849408K), 0.0273013 secs] [Times: user=0.05 sys=0.01, real=0.02 secs] 
Heap after GC invocations=17 (full 2):
 PSYoungGen      total 674304K, used 14255K [0x00000000d5580000, 0x0000000100000000, 0x0000000100000000)
  eden space 649728K, 0% used [0x00000000d5580000,0x00000000d5580000,0x00000000fd000000)
  from space 24576K, 58% used [0x00000000fd000000,0x00000000fddebdf0,0x00000000fe800000)
  to   space 24064K, 0% used [0x00000000fe880000,0x00000000fe880000,0x0000000100000000)
 ParOldGen       total 175104K, used 39239K [0x0000000080000000, 0x000000008ab00000, 0x00000000d5580000)
  object space 175104K, 22% used [0x0000000080000000,0x0000000082651da8,0x000000008ab00000)
 Metaspace       used 57924K, capacity 58874K, committed 59136K, reserved 1099776K
  class space    used 7621K, capacity 7857K, committed 7936K, reserved 1048576K
}
{Heap before GC invocations=18 (full 3):
 PSYoungGen      total 674304K, used 14255K [0x00000000d5580000, 0x0000000100000000, 0x0000000100000000)
  eden space 649728K, 0% used [0x00000000d5580000,0x00000000d5580000,0x00000000fd000000)
  from space 24576K, 58% used [0x00000000fd000000,0x00000000fddebdf0,0x00000000fe800000)
  to   space 24064K, 0% used [0x00000000fe880000,0x00000000fe880000,0x0000000100000000)
 ParOldGen       total 175104K, used 39239K [0x0000000080000000, 0x000000008ab00000, 0x00000000d5580000)
  object space 175104K, 22% used [0x0000000080000000,0x0000000082651da8,0x000000008ab00000)
 Metaspace       used 57924K, capacity 58874K, committed 59136K, reserved 1099776K
  class space    used 7621K, capacity 7857K, committed 7936K, reserved 1048576K
2023-08-20T16:15:05.927+0600: 13.256: [Full GC (Metadata GC Threshold) [PSYoungGen: 14255K->0K(674304K)] [ParOldGen: 39239K->46580K(212480K)] 53494K->46580K(886784K), [Metaspace: 57924K->57924K(1099776K)], 0.2388081 secs] [Times: user=0.41 sys=0.01, real=0.24 secs] 
Heap after GC invocations=18 (full 3):
 PSYoungGen      total 674304K, used 0K [0x00000000d5580000, 0x0000000100000000, 0x0000000100000000)
  eden space 649728K, 0% used [0x00000000d5580000,0x00000000d5580000,0x00000000fd000000)
  from space 24576K, 0% used [0x00000000fd000000,0x00000000fd000000,0x00000000fe800000)
  to   space 24064K, 0% used [0x00000000fe880000,0x00000000fe880000,0x0000000100000000)
 ParOldGen       total 212480K, used 46580K [0x0000000080000000, 0x000000008cf80000, 0x00000000d5580000)
  object space 212480K, 21% used [0x0000000080000000,0x0000000082d7d000,0x000000008cf80000)
 Metaspace       used 57924K, capacity 58874K, committed 59136K, reserved 1099776K
  class space    used 7621K, capacity 7857K, committed 7936K, reserved 1048576K
}
{Heap before GC invocations=19 (full 3):
 PSYoungGen      total 674304K, used 649728K [0x00000000d5580000, 0x0000000100000000, 0x0000000100000000)
  eden space 649728K, 100% used [0x00000000d5580000,0x00000000fd000000,0x00000000fd000000)
  from space 24576K, 0% used [0x00000000fd000000,0x00000000fd000000,0x00000000fe800000)
  to   space 24064K, 0% used [0x00000000fe880000,0x00000000fe880000,0x0000000100000000)
 ParOldGen       total 212480K, used 46580K [0x0000000080000000, 0x000000008cf80000, 0x00000000d5580000)
  object space 212480K, 21% used [0x0000000080000000,0x0000000082d7d000,0x000000008cf80000)
 Metaspace       used 65512K, capacity 66600K, committed 66944K, reserved 1107968K
  class space    used 8572K, capacity 8782K, committed 8832K, reserved 1048576K
2023-08-20T16:15:08.643+0600: 15.972: [GC (Allocation Failure) [PSYoungGen: 649728K->16893K(672768K)] 696308K->63481K(885248K), 0.0252058 secs] [Times: user=0.09 sys=0.00, real=0.02 secs] 
Heap after GC invocations=19 (full 3):
 PSYoungGen      total 672768K, used 16893K [0x00000000d5580000, 0x0000000100000000, 0x0000000100000000)
  eden space 648704K, 0% used [0x00000000d5580000,0x00000000d5580000,0x00000000fcf00000)
  from space 24064K, 70% used [0x00000000fe880000,0x00000000ff8ff540,0x0000000100000000)
  to   space 25088K, 0% used [0x00000000fcf00000,0x00000000fcf00000,0x00000000fe780000)
 ParOldGen       total 212480K, used 46588K [0x0000000080000000, 0x000000008cf80000, 0x00000000d5580000)
  object space 212480K, 21% used [0x0000000080000000,0x0000000082d7f000,0x000000008cf80000)
 Metaspace       used 65512K, capacity 66600K, committed 66944K, reserved 1107968K
  class space    used 8572K, capacity 8782K, committed 8832K, reserved 1048576K
}
{Heap before GC invocations=20 (full 3):
 PSYoungGen      total 672768K, used 665597K [0x00000000d5580000, 0x0000000100000000, 0x0000000100000000)
  eden space 648704K, 100% used [0x00000000d5580000,0x00000000fcf00000,0x00000000fcf00000)
  from space 24064K, 70% used [0x00000000fe880000,0x00000000ff8ff540,0x0000000100000000)
  to   space 25088K, 0% used [0x00000000fcf00000,0x00000000fcf00000,0x00000000fe780000)
 ParOldGen       total 212480K, used 46588K [0x0000000080000000, 0x000000008cf80000, 0x00000000d5580000)
  object space 212480K, 21% used [0x0000000080000000,0x0000000082d7f000,0x000000008cf80000)
 Metaspace       used 68469K, capacity 69614K, committed 69888K, reserved 1110016K
  class space    used 8937K, capacity 9199K, committed 9216K, reserved 1048576K
2023-08-20T16:15:10.177+0600: 17.506: [GC (Allocation Failure) [PSYoungGen: 665597K->25087K(673792K)] 712185K->74715K(886272K), 0.0299934 secs] [Times: user=0.10 sys=0.00, real=0.03 secs] 
Heap after GC invocations=20 (full 3):
 PSYoungGen      total 673792K, used 25087K [0x00000000d5580000, 0x0000000100000000, 0x0000000100000000)
  eden space 648704K, 0% used [0x00000000d5580000,0x00000000d5580000,0x00000000fcf00000)
  from space 25088K, 99% used [0x00000000fcf00000,0x00000000fe77fea8,0x00000000fe780000)
  to   space 25088K, 0% used [0x00000000fe780000,0x00000000fe780000,0x0000000100000000)
 ParOldGen       total 212480K, used 49628K [0x0000000080000000, 0x000000008cf80000, 0x00000000d5580000)
  object space 212480K, 23% used [0x0000000080000000,0x0000000083077108,0x000000008cf80000)
 Metaspace       used 68469K, capacity 69614K, committed 69888K, reserved 1110016K
  class space    used 8937K, capacity 9199K, committed 9216K, reserved 1048576K
}
{Heap before GC invocations=21 (full 3):
 PSYoungGen      total 673792K, used 673791K [0x00000000d5580000, 0x0000000100000000, 0x0000000100000000)
  eden space 648704K, 100% used [0x00000000d5580000,0x00000000fcf00000,0x00000000fcf00000)
  from space 25088K, 99% used [0x00000000fcf00000,0x00000000fe77fea8,0x00000000fe780000)
  to   space 25088K, 0% used [0x00000000fe780000,0x00000000fe780000,0x0000000100000000)
 ParOldGen       total 212480K, used 49628K [0x0000000080000000, 0x000000008cf80000, 0x00000000d5580000)
  object space 212480K, 23% used [0x0000000080000000,0x0000000083077108,0x000000008cf80000)
 Metaspace       used 71250K, capacity 72478K, committed 72576K, reserved 1112064K
  class space    used 9270K, capacity 9537K, committed 9600K, reserved 1048576K
2023-08-20T16:15:11.565+0600: 18.894: [GC (Allocation Failure) [PSYoungGen: 673791K->19556K(663552K)] 723419K->82039K(876032K), 0.0487171 secs] [Times: user=0.09 sys=0.01, real=0.05 secs] 
Heap after GC invocations=21 (full 3):
 PSYoungGen      total 663552K, used 19556K [0x00000000d5580000, 0x0000000100000000, 0x0000000100000000)
  eden space 638464K, 0% used [0x00000000d5580000,0x00000000d5580000,0x00000000fc500000)
  from space 25088K, 77% used [0x00000000fe780000,0x00000000ffa992d0,0x0000000100000000)
  to   space 30208K, 0% used [0x00000000fc500000,0x00000000fc500000,0x00000000fe280000)
 ParOldGen       total 212480K, used 62482K [0x0000000080000000, 0x000000008cf80000, 0x00000000d5580000)
  object space 212480K, 29% used [0x0000000080000000,0x0000000083d049d8,0x000000008cf80000)
 Metaspace       used 71250K, capacity 72478K, committed 72576K, reserved 1112064K
  class space    used 9270K, capacity 9537K, committed 9600K, reserved 1048576K
}
{Heap before GC invocations=22 (full 3):
 PSYoungGen      total 663552K, used 658020K [0x00000000d5580000, 0x0000000100000000, 0x0000000100000000)
  eden space 638464K, 100% used [0x00000000d5580000,0x00000000fc500000,0x00000000fc500000)
  from space 25088K, 77% used [0x00000000fe780000,0x00000000ffa992d0,0x0000000100000000)
  to   space 30208K, 0% used [0x00000000fc500000,0x00000000fc500000,0x00000000fe280000)
 ParOldGen       total 212480K, used 62482K [0x0000000080000000, 0x000000008cf80000, 0x00000000d5580000)
  object space 212480K, 29% used [0x0000000080000000,0x0000000083d049d8,0x000000008cf80000)
 Metaspace       used 72065K, capacity 73268K, committed 73472K, reserved 1114112K
  class space    used 9397K, capacity 9646K, committed 9728K, reserved 1048576K
2023-08-20T16:15:12.528+0600: 19.857: [GC (Allocation Failure) [PSYoungGen: 658020K->18068K(668672K)] 720503K->80558K(881152K), 0.0259645 secs] [Times: user=0.13 sys=0.00, real=0.03 secs] 
Heap after GC invocations=22 (full 3):
 PSYoungGen      total 668672K, used 18068K [0x00000000d5580000, 0x0000000100000000, 0x0000000100000000)
  eden space 638464K, 0% used [0x00000000d5580000,0x00000000d5580000,0x00000000fc500000)
  from space 30208K, 59% used [0x00000000fc500000,0x00000000fd6a5120,0x00000000fe280000)
  to   space 30208K, 0% used [0x00000000fe280000,0x00000000fe280000,0x0000000100000000)
 ParOldGen       total 212480K, used 62490K [0x0000000080000000, 0x000000008cf80000, 0x00000000d5580000)
  object space 212480K, 29% used [0x0000000080000000,0x0000000083d069d8,0x000000008cf80000)
 Metaspace       used 72065K, capacity 73268K, committed 73472K, reserved 1114112K
  class space    used 9397K, capacity 9646K, committed 9728K, reserved 1048576K
}
{Heap before GC invocations=23 (full 3):
 PSYoungGen      total 668672K, used 656532K [0x00000000d5580000, 0x0000000100000000, 0x0000000100000000)
  eden space 638464K, 100% used [0x00000000d5580000,0x00000000fc500000,0x00000000fc500000)
  from space 30208K, 59% used [0x00000000fc500000,0x00000000fd6a5120,0x00000000fe280000)
  to   space 30208K, 0% used [0x00000000fe280000,0x00000000fe280000,0x0000000100000000)
 ParOldGen       total 212480K, used 62490K [0x0000000080000000, 0x000000008cf80000, 0x00000000d5580000)
  object space 212480K, 29% used [0x0000000080000000,0x0000000083d069d8,0x000000008cf80000)
 Metaspace       used 73666K, capacity 74952K, committed 75264K, reserved 1114112K
  class space    used 9635K, capacity 9888K, committed 9984K, reserved 1048576K
2023-08-20T16:15:13.659+0600: 20.988: [GC (Allocation Failure) [PSYoungGen: 656532K->22855K(665600K)] 719022K->85353K(878080K), 0.0323762 secs] [Times: user=0.10 sys=0.00, real=0.03 secs] 
Heap after GC invocations=23 (full 3):
 PSYoungGen      total 665600K, used 22855K [0x00000000d5580000, 0x0000000100000000, 0x0000000100000000)
  eden space 635392K, 0% used [0x00000000d5580000,0x00000000d5580000,0x00000000fc200000)
  from space 30208K, 75% used [0x00000000fe280000,0x00000000ff8d1e08,0x0000000100000000)
  to   space 31744K, 0% used [0x00000000fc200000,0x00000000fc200000,0x00000000fe100000)
 ParOldGen       total 212480K, used 62498K [0x0000000080000000, 0x000000008cf80000, 0x00000000d5580000)
  object space 212480K, 29% used [0x0000000080000000,0x0000000083d089d8,0x000000008cf80000)
 Metaspace       used 73666K, capacity 74952K, committed 75264K, reserved 1114112K
  class space    used 9635K, capacity 9888K, committed 9984K, reserved 1048576K
}
{Heap before GC invocations=24 (full 3):
 PSYoungGen      total 665600K, used 658247K [0x00000000d5580000, 0x0000000100000000, 0x0000000100000000)
  eden space 635392K, 100% used [0x00000000d5580000,0x00000000fc200000,0x00000000fc200000)
  from space 30208K, 75% used [0x00000000fe280000,0x00000000ff8d1e08,0x0000000100000000)
  to   space 31744K, 0% used [0x00000000fc200000,0x00000000fc200000,0x00000000fe100000)
 ParOldGen       total 212480K, used 62498K [0x0000000080000000, 0x000000008cf80000, 0x00000000d5580000)
  object space 212480K, 29% used [0x0000000080000000,0x0000000083d089d8,0x000000008cf80000)
 Metaspace       used 75296K, capacity 76800K, committed 77056K, reserved 1116160K
  class space    used 9832K, capacity 10132K, committed 10240K, reserved 1048576K
2023-08-20T16:15:14.807+0600: 22.136: [GC (Allocation Failure) [PSYoungGen: 658247K->23507K(658944K)] 720745K->86014K(871424K), 0.0336168 secs] [Times: user=0.10 sys=0.00, real=0.04 secs] 
Heap after GC invocations=24 (full 3):
 PSYoungGen      total 658944K, used 23507K [0x00000000d5580000, 0x0000000100000000, 0x0000000100000000)
  eden space 635392K, 0% used [0x00000000d5580000,0x00000000d5580000,0x00000000fc200000)
  from space 23552K, 99% used [0x00000000fc200000,0x00000000fd8f4f40,0x00000000fd900000)
  to   space 32768K, 0% used [0x00000000fe000000,0x00000000fe000000,0x0000000100000000)
 ParOldGen       total 212480K, used 62506K [0x0000000080000000, 0x000000008cf80000, 0x00000000d5580000)
  object space 212480K, 29% used [0x0000000080000000,0x0000000083d0a9d8,0x000000008cf80000)
 Metaspace       used 75296K, capacity 76800K, committed 77056K, reserved 1116160K
  class space    used 9832K, capacity 10132K, committed 10240K, reserved 1048576K
}
{Heap before GC invocations=25 (full 3):
 PSYoungGen      total 658944K, used 658899K [0x00000000d5580000, 0x0000000100000000, 0x0000000100000000)
  eden space 635392K, 100% used [0x00000000d5580000,0x00000000fc200000,0x00000000fc200000)
  from space 23552K, 99% used [0x00000000fc200000,0x00000000fd8f4f40,0x00000000fd900000)
  to   space 32768K, 0% used [0x00000000fe000000,0x00000000fe000000,0x0000000100000000)
 ParOldGen       total 212480K, used 62506K [0x0000000080000000, 0x000000008cf80000, 0x00000000d5580000)
  object space 212480K, 29% used [0x0000000080000000,0x0000000083d0a9d8,0x000000008cf80000)
 Metaspace       used 82127K, capacity 83724K, committed 83968K, reserved 1122304K
  class space    used 10666K, capacity 10984K, committed 11008K, reserved 1048576K
2023-08-20T16:18:52.794+0600: 240.123: [GC (Allocation Failure) [PSYoungGen: 658899K->25755K(662016K)] 721406K->88270K(874496K), 0.0374375 secs] [Times: user=0.07 sys=0.00, real=0.04 secs] 
Heap after GC invocations=25 (full 3):
 PSYoungGen      total 662016K, used 25755K [0x00000000d5580000, 0x0000000100000000, 0x0000000100000000)
  eden space 629248K, 0% used [0x00000000d5580000,0x00000000d5580000,0x00000000fbc00000)
  from space 32768K, 78% used [0x00000000fe000000,0x00000000ff926f60,0x0000000100000000)
  to   space 34816K, 0% used [0x00000000fbc00000,0x00000000fbc00000,0x00000000fde00000)
 ParOldGen       total 212480K, used 62514K [0x0000000080000000, 0x000000008cf80000, 0x00000000d5580000)
  object space 212480K, 29% used [0x0000000080000000,0x0000000083d0c9d8,0x000000008cf80000)
 Metaspace       used 82127K, capacity 83724K, committed 83968K, reserved 1122304K
  class space    used 10666K, capacity 10984K, committed 11008K, reserved 1048576K
}
{Heap before GC invocations=26 (full 3):
 PSYoungGen      total 662016K, used 655003K [0x00000000d5580000, 0x0000000100000000, 0x0000000100000000)
  eden space 629248K, 100% used [0x00000000d5580000,0x00000000fbc00000,0x00000000fbc00000)
  from space 32768K, 78% used [0x00000000fe000000,0x00000000ff926f60,0x0000000100000000)
  to   space 34816K, 0% used [0x00000000fbc00000,0x00000000fbc00000,0x00000000fde00000)
 ParOldGen       total 212480K, used 62514K [0x0000000080000000, 0x000000008cf80000, 0x00000000d5580000)
  object space 212480K, 29% used [0x0000000080000000,0x0000000083d0c9d8,0x000000008cf80000)
 Metaspace       used 86808K, capacity 88854K, committed 88960K, reserved 1126400K
  class space    used 10938K, capacity 11313K, committed 11392K, reserved 1048576K
2023-08-20T20:24:59.573+0600: 15006.901: [GC (Allocation Failure) [PSYoungGen: 655003K->34802K(664064K)] 717518K->106875K(876544K), 0.0691282 secs] [Times: user=0.11 sys=0.00, real=0.07 secs] 
Heap after GC invocations=26 (full 3):
 PSYoungGen      total 664064K, used 34802K [0x00000000d5580000, 0x0000000100000000, 0x0000000100000000)
  eden space 629248K, 0% used [0x00000000d5580000,0x00000000d5580000,0x00000000fbc00000)
  from space 34816K, 99% used [0x00000000fbc00000,0x00000000fddfc998,0x00000000fde00000)
  to   space 34816K, 0% used [0x00000000fde00000,0x00000000fde00000,0x0000000100000000)
 ParOldGen       total 212480K, used 72072K [0x0000000080000000, 0x000000008cf80000, 0x00000000d5580000)
  object space 212480K, 33% used [0x0000000080000000,0x0000000084662380,0x000000008cf80000)
 Metaspace       used 86808K, capacity 88854K, committed 88960K, reserved 1126400K
  class space    used 10938K, capacity 11313K, committed 11392K, reserved 1048576K
}
{Heap before GC invocations=27 (full 3):
 PSYoungGen      total 664064K, used 660275K [0x00000000d5580000, 0x0000000100000000, 0x0000000100000000)
  eden space 629248K, 99% used [0x00000000d5580000,0x00000000fb8504b8,0x00000000fbc00000)
  from space 34816K, 99% used [0x00000000fbc00000,0x00000000fddfc998,0x00000000fde00000)
  to   space 34816K, 0% used [0x00000000fde00000,0x00000000fde00000,0x0000000100000000)
 ParOldGen       total 212480K, used 72072K [0x0000000080000000, 0x000000008cf80000, 0x00000000d5580000)
  object space 212480K, 33% used [0x0000000080000000,0x0000000084662380,0x000000008cf80000)
 Metaspace       used 88605K, capacity 90702K, committed 90880K, reserved 1128448K
  class space    used 11086K, capacity 11487K, committed 11520K, reserved 1048576K
2023-08-21T00:00:04.121+0600: 27911.449: [GC (Allocation Failure) [PSYoungGen: 660275K->31244K(643584K)] 732348K->110537K(856064K), 0.0547362 secs] [Times: user=0.10 sys=0.00, real=0.05 secs] 
Heap after GC invocations=27 (full 3):
 PSYoungGen      total 643584K, used 31244K [0x00000000d5580000, 0x0000000100000000, 0x0000000100000000)
  eden space 608768K, 0% used [0x00000000d5580000,0x00000000d5580000,0x00000000fa800000)
  from space 34816K, 89% used [0x00000000fde00000,0x00000000ffc83080,0x0000000100000000)
  to   space 45056K, 0% used [0x00000000fa800000,0x00000000fa800000,0x00000000fd400000)
 ParOldGen       total 212480K, used 79293K [0x0000000080000000, 0x000000008cf80000, 0x00000000d5580000)
  object space 212480K, 37% used [0x0000000080000000,0x0000000084d6f4a0,0x000000008cf80000)
 Metaspace       used 88605K, capacity 90702K, committed 90880K, reserved 1128448K
  class space    used 11086K, capacity 11487K, committed 11520K, reserved 1048576K
}
{Heap before GC invocations=28 (full 3):
 PSYoungGen      total 643584K, used 638639K [0x00000000d5580000, 0x0000000100000000, 0x0000000100000000)
  eden space 608768K, 99% used [0x00000000d5580000,0x00000000fa6a8ec0,0x00000000fa800000)
  from space 34816K, 89% used [0x00000000fde00000,0x00000000ffc83080,0x0000000100000000)
  to   space 45056K, 0% used [0x00000000fa800000,0x00000000fa800000,0x00000000fd400000)
 ParOldGen       total 212480K, used 79293K [0x0000000080000000, 0x000000008cf80000, 0x00000000d5580000)
  object space 212480K, 37% used [0x0000000080000000,0x0000000084d6f4a0,0x000000008cf80000)
 Metaspace       used 89106K, capacity 91218K, committed 91392K, reserved 1128448K
  class space    used 11086K, capacity 11487K, committed 11520K, reserved 1048576K
2023-08-21T00:00:08.474+0600: 27915.802: [GC (Allocation Failure) [PSYoungGen: 638639K->32457K(641536K)] 717932K->111758K(854016K), 0.0322056 secs] [Times: user=0.06 sys=0.00, real=0.03 secs] 
Heap after GC invocations=28 (full 3):
 PSYoungGen      total 641536K, used 32457K [0x00000000d5580000, 0x0000000100000000, 0x0000000100000000)
  eden space 608768K, 0% used [0x00000000d5580000,0x00000000d5580000,0x00000000fa800000)
  from space 32768K, 99% used [0x00000000fa800000,0x00000000fc7b2620,0x00000000fc800000)
  to   space 46592K, 0% used [0x00000000fd280000,0x00000000fd280000,0x0000000100000000)
 ParOldGen       total 212480K, used 79301K [0x0000000080000000, 0x000000008cf80000, 0x00000000d5580000)
  object space 212480K, 37% used [0x0000000080000000,0x0000000084d714a0,0x000000008cf80000)
 Metaspace       used 89106K, capacity 91218K, committed 91392K, reserved 1128448K
  class space    used 11086K, capacity 11487K, committed 11520K, reserved 1048576K
}
{Heap before GC invocations=29 (full 3):
 PSYoungGen      total 641536K, used 641225K [0x00000000d5580000, 0x0000000100000000, 0x0000000100000000)
  eden space 608768K, 100% used [0x00000000d5580000,0x00000000fa800000,0x00000000fa800000)
  from space 32768K, 99% used [0x00000000fa800000,0x00000000fc7b2620,0x00000000fc800000)
  to   space 46592K, 0% used [0x00000000fd280000,0x00000000fd280000,0x0000000100000000)
 ParOldGen       total 212480K, used 79301K [0x0000000080000000, 0x000000008cf80000, 0x00000000d5580000)
  object space 212480K, 37% used [0x0000000080000000,0x0000000084d714a0,0x000000008cf80000)
 Metaspace       used 89120K, capacity 91218K, committed 91392K, reserved 1128448K
  class space    used 11088K, capacity 11487K, committed 11520K, reserved 1048576K
2023-08-21T00:00:12.474+0600: 27919.803: [GC (Allocation Failure) [PSYoungGen: 641225K->19791K(606208K)] 720526K->99100K(818688K), 0.0336566 secs] [Times: user=0.11 sys=0.00, real=0.03 secs] 
Heap after GC invocations=29 (full 3):
 PSYoungGen      total 606208K, used 19791K [0x00000000d5580000, 0x00000000fe780000, 0x0000000100000000)
  eden space 584704K, 0% used [0x00000000d5580000,0x00000000d5580000,0x00000000f9080000)
  from space 21504K, 92% used [0x00000000fd280000,0x00000000fe5d3c88,0x00000000fe780000)
  to   space 44544K, 0% used [0x00000000f9080000,0x00000000f9080000,0x00000000fbc00000)
 ParOldGen       total 212480K, used 79309K [0x0000000080000000, 0x000000008cf80000, 0x00000000d5580000)
  object space 212480K, 37% used [0x0000000080000000,0x0000000084d734a0,0x000000008cf80000)
 Metaspace       used 89120K, capacity 91218K, committed 91392K, reserved 1128448K
  class space    used 11088K, capacity 11487K, committed 11520K, reserved 1048576K
}
{Heap before GC invocations=30 (full 3):
 PSYoungGen      total 606208K, used 603212K [0x00000000d5580000, 0x00000000fe780000, 0x0000000100000000)
  eden space 584704K, 99% used [0x00000000d5580000,0x00000000f8f3f540,0x00000000f9080000)
  from space 21504K, 92% used [0x00000000fd280000,0x00000000fe5d3c88,0x00000000fe780000)
  to   space 44544K, 0% used [0x00000000f9080000,0x00000000f9080000,0x00000000fbc00000)
 ParOldGen       total 212480K, used 79309K [0x0000000080000000, 0x000000008cf80000, 0x00000000d5580000)
  object space 212480K, 37% used [0x0000000080000000,0x0000000084d734a0,0x000000008cf80000)
 Metaspace       used 89134K, capacity 91218K, committed 91392K, reserved 1128448K
  class space    used 11088K, capacity 11487K, committed 11520K, reserved 1048576K
2023-08-21T00:00:17.823+0600: 27925.151: [GC (Allocation Failure) [PSYoungGen: 603212K->33211K(595456K)] 682521K->112528K(807936K), 0.0436846 secs] [Times: user=0.08 sys=0.00, real=0.04 secs] 
Heap after GC invocations=30 (full 3):
 PSYoungGen      total 595456K, used 33211K [0x00000000d5580000, 0x00000000fd580000, 0x0000000100000000)
  eden space 562176K, 0% used [0x00000000d5580000,0x00000000d5580000,0x00000000f7a80000)
  from space 33280K, 99% used [0x00000000f9080000,0x00000000fb0eecf0,0x00000000fb100000)
  to   space 37376K, 0% used [0x00000000fb100000,0x00000000fb100000,0x00000000fd580000)
 ParOldGen       total 212480K, used 79317K [0x0000000080000000, 0x000000008cf80000, 0x00000000d5580000)
  object space 212480K, 37% used [0x0000000080000000,0x0000000084d754a0,0x000000008cf80000)
 Metaspace       used 89134K, capacity 91218K, committed 91392K, reserved 1128448K
  class space    used 11088K, capacity 11487K, committed 11520K, reserved 1048576K
}
{Heap before GC invocations=31 (full 3):
 PSYoungGen      total 595456K, used 594643K [0x00000000d5580000, 0x00000000fd580000, 0x0000000100000000)
  eden space 562176K, 99% used [0x00000000d5580000,0x00000000f79c6180,0x00000000f7a80000)
  from space 33280K, 99% used [0x00000000f9080000,0x00000000fb0eecf0,0x00000000fb100000)
  to   space 37376K, 0% used [0x00000000fb100000,0x00000000fb100000,0x00000000fd580000)
 ParOldGen       total 212480K, used 79317K [0x0000000080000000, 0x000000008cf80000, 0x00000000d5580000)
  object space 212480K, 37% used [0x0000000080000000,0x0000000084d754a0,0x000000008cf80000)
 Metaspace       used 89142K, capacity 91218K, committed 91392K, reserved 1128448K
  class space    used 11088K, capacity 11487K, committed 11520K, reserved 1048576K
2023-08-21T00:00:21.746+0600: 27929.075: [GC (Allocation Failure) [PSYoungGen: 594643K->33192K(573952K)] 673960K->112509K(786432K), 0.0289940 secs] [Times: user=0.06 sys=0.00, real=0.03 secs] 
Heap after GC invocations=31 (full 3):
 PSYoungGen      total 573952K, used 33192K [0x00000000d5580000, 0x00000000fd180000, 0x0000000100000000)
  eden space 540672K, 0% used [0x00000000d5580000,0x00000000d5580000,0x00000000f6580000)
  from space 33280K, 99% used [0x00000000fb100000,0x00000000fd16a1c8,0x00000000fd180000)
  to   space 48128K, 0% used [0x00000000f7380000,0x00000000f7380000,0x00000000fa280000)
 ParOldGen       total 212480K, used 79317K [0x0000000080000000, 0x000000008cf80000, 0x00000000d5580000)
  object space 212480K, 37% used [0x0000000080000000,0x0000000084d754a0,0x000000008cf80000)
 Metaspace       used 89142K, capacity 91218K, committed 91392K, reserved 1128448K
  class space    used 11088K, capacity 11487K, committed 11520K, reserved 1048576K
}
{Heap before GC invocations=32 (full 3):
 PSYoungGen      total 573952K, used 571006K [0x00000000d5580000, 0x00000000fd180000, 0x0000000100000000)
  eden space 540672K, 99% used [0x00000000d5580000,0x00000000f62b5980,0x00000000f6580000)
  from space 33280K, 99% used [0x00000000fb100000,0x00000000fd16a1c8,0x00000000fd180000)
  to   space 48128K, 0% used [0x00000000f7380000,0x00000000f7380000,0x00000000fa280000)
 ParOldGen       total 212480K, used 79317K [0x0000000080000000, 0x000000008cf80000, 0x00000000d5580000)
  object space 212480K, 37% used [0x0000000080000000,0x0000000084d754a0,0x000000008cf80000)
 Metaspace       used 89151K, capacity 91218K, committed 91392K, reserved 1128448K
  class space    used 11090K, capacity 11487K, committed 11520K, reserved 1048576K
2023-08-21T00:00:25.723+0600: 27933.052: [GC (Allocation Failure) [PSYoungGen: 571006K->29582K(549888K)] 650323K->108907K(762368K), 0.0443841 secs] [Times: user=0.07 sys=0.00, real=0.04 secs] 
Heap after GC invocations=32 (full 3):
 PSYoungGen      total 549888K, used 29582K [0x00000000d5580000, 0x00000000fb180000, 0x0000000100000000)
  eden space 520192K, 0% used [0x00000000d5580000,0x00000000d5580000,0x00000000f5180000)
  from space 29696K, 99% used [0x00000000f7380000,0x00000000f9063af0,0x00000000f9080000)
  to   space 33792K, 0% used [0x00000000f9080000,0x00000000f9080000,0x00000000fb180000)
 ParOldGen       total 212480K, used 79325K [0x0000000080000000, 0x000000008cf80000, 0x00000000d5580000)
  object space 212480K, 37% used [0x0000000080000000,0x0000000084d774a0,0x000000008cf80000)
 Metaspace       used 89151K, capacity 91218K, committed 91392K, reserved 1128448K
  class space    used 11090K, capacity 11487K, committed 11520K, reserved 1048576K
}
{Heap before GC invocations=33 (full 3):
 PSYoungGen      total 549888K, used 549774K [0x00000000d5580000, 0x00000000fb180000, 0x0000000100000000)
  eden space 520192K, 100% used [0x00000000d5580000,0x00000000f5180000,0x00000000f5180000)
  from space 29696K, 99% used [0x00000000f7380000,0x00000000f9063af0,0x00000000f9080000)
  to   space 33792K, 0% used [0x00000000f9080000,0x00000000f9080000,0x00000000fb180000)
 ParOldGen       total 212480K, used 79325K [0x0000000080000000, 0x000000008cf80000, 0x00000000d5580000)
  object space 212480K, 37% used [0x0000000080000000,0x0000000084d774a0,0x000000008cf80000)
 Metaspace       used 89157K, capacity 91218K, committed 91392K, reserved 1128448K
  class space    used 11090K, capacity 11487K, committed 11520K, reserved 1048576K
2023-08-21T00:00:29.335+0600: 27936.663: [GC (Allocation Failure) [PSYoungGen: 549774K->27813K(528896K)] 629099K->107146K(741376K), 0.0356640 secs] [Times: user=0.06 sys=0.00, real=0.04 secs] 
Heap after GC invocations=33 (full 3):
 PSYoungGen      total 528896K, used 27813K [0x00000000d5580000, 0x00000000fac00000, 0x0000000100000000)
  eden space 500736K, 0% used [0x00000000d5580000,0x00000000d5580000,0x00000000f3e80000)
  from space 28160K, 98% used [0x00000000f9080000,0x00000000faba9638,0x00000000fac00000)
  to   space 46592K, 0% used [0x00000000f5100000,0x00000000f5100000,0x00000000f7e80000)
 ParOldGen       total 212480K, used 79333K [0x0000000080000000, 0x000000008cf80000, 0x00000000d5580000)
  object space 212480K, 37% used [0x0000000080000000,0x0000000084d794a0,0x000000008cf80000)
 Metaspace       used 89157K, capacity 91218K, committed 91392K, reserved 1128448K
  class space    used 11090K, capacity 11487K, committed 11520K, reserved 1048576K
}
{Heap before GC invocations=34 (full 3):
 PSYoungGen      total 528896K, used 528549K [0x00000000d5580000, 0x00000000fac00000, 0x0000000100000000)
  eden space 500736K, 100% used [0x00000000d5580000,0x00000000f3e80000,0x00000000f3e80000)
  from space 28160K, 98% used [0x00000000f9080000,0x00000000faba9638,0x00000000fac00000)
  to   space 46592K, 0% used [0x00000000f5100000,0x00000000f5100000,0x00000000f7e80000)
 ParOldGen       total 212480K, used 79333K [0x0000000080000000, 0x000000008cf80000, 0x00000000d5580000)
  object space 212480K, 37% used [0x0000000080000000,0x0000000084d794a0,0x000000008cf80000)
 Metaspace       used 89170K, capacity 91282K, committed 91392K, reserved 1128448K
  class space    used 11090K, capacity 11487K, committed 11520K, reserved 1048576K
2023-08-21T00:00:33.077+0600: 27940.405: [GC (Allocation Failure) [PSYoungGen: 528549K->27863K(509952K)] 607882K->107204K(722432K), 0.0330481 secs] [Times: user=0.08 sys=0.00, real=0.04 secs] 
Heap after GC invocations=34 (full 3):
 PSYoungGen      total 509952K, used 27863K [0x00000000d5580000, 0x00000000f9100000, 0x0000000100000000)
  eden space 481792K, 0% used [0x00000000d5580000,0x00000000d5580000,0x00000000f2c00000)
  from space 28160K, 98% used [0x00000000f5100000,0x00000000f6c35d40,0x00000000f6c80000)
  to   space 37376K, 0% used [0x00000000f6c80000,0x00000000f6c80000,0x00000000f9100000)
 ParOldGen       total 212480K, used 79341K [0x0000000080000000, 0x000000008cf80000, 0x00000000d5580000)
  object space 212480K, 37% used [0x0000000080000000,0x0000000084d7b4a0,0x000000008cf80000)
 Metaspace       used 89170K, capacity 91282K, committed 91392K, reserved 1128448K
  class space    used 11090K, capacity 11487K, committed 11520K, reserved 1048576K
}
{Heap before GC invocations=35 (full 3):
 PSYoungGen      total 509952K, used 509655K [0x00000000d5580000, 0x00000000f9100000, 0x0000000100000000)
  eden space 481792K, 100% used [0x00000000d5580000,0x00000000f2c00000,0x00000000f2c00000)
  from space 28160K, 98% used [0x00000000f5100000,0x00000000f6c35d40,0x00000000f6c80000)
  to   space 37376K, 0% used [0x00000000f6c80000,0x00000000f6c80000,0x00000000f9100000)
 ParOldGen       total 212480K, used 79341K [0x0000000080000000, 0x000000008cf80000, 0x00000000d5580000)
  object space 212480K, 37% used [0x0000000080000000,0x0000000084d7b4a0,0x000000008cf80000)
 Metaspace       used 89175K, capacity 91282K, committed 91392K, reserved 1128448K
  class space    used 11090K, capacity 11487K, committed 11520K, reserved 1048576K
2023-08-21T00:00:36.756+0600: 27944.085: [GC (Allocation Failure) [PSYoungGen: 509655K->20652K(484864K)] 588996K->99994K(697344K), 0.0292896 secs] [Times: user=0.09 sys=0.00, real=0.03 secs] 
Heap after GC invocations=35 (full 3):
 PSYoungGen      total 484864K, used 20652K [0x00000000d5580000, 0x00000000f8100000, 0x0000000100000000)
  eden space 463872K, 0% used [0x00000000d5580000,0x00000000d5580000,0x00000000f1a80000)
  from space 20992K, 98% used [0x00000000f6c80000,0x00000000f80ab3d0,0x00000000f8100000)
  to   space 44544K, 0% used [0x00000000f2a00000,0x00000000f2a00000,0x00000000f5580000)
 ParOldGen       total 212480K, used 79341K [0x0000000080000000, 0x000000008cf80000, 0x00000000d5580000)
  object space 212480K, 37% used [0x0000000080000000,0x0000000084d7b4a0,0x000000008cf80000)
 Metaspace       used 89175K, capacity 91282K, committed 91392K, reserved 1128448K
  class space    used 11090K, capacity 11487K, committed 11520K, reserved 1048576K
}
{Heap before GC invocations=36 (full 3):
 PSYoungGen      total 484864K, used 483318K [0x00000000d5580000, 0x00000000f8100000, 0x0000000100000000)
  eden space 463872K, 99% used [0x00000000d5580000,0x00000000f19524c0,0x00000000f1a80000)
  from space 20992K, 98% used [0x00000000f6c80000,0x00000000f80ab3d0,0x00000000f8100000)
  to   space 44544K, 0% used [0x00000000f2a00000,0x00000000f2a00000,0x00000000f5580000)
 ParOldGen       total 212480K, used 79341K [0x0000000080000000, 0x000000008cf80000, 0x00000000d5580000)
  object space 212480K, 37% used [0x0000000080000000,0x0000000084d7b4a0,0x000000008cf80000)
 Metaspace       used 89178K, capacity 91282K, committed 91392K, reserved 1128448K
  class space    used 11090K, capacity 11487K, committed 11520K, reserved 1048576K
2023-08-21T00:00:41.865+0600: 27949.193: [GC (Allocation Failure) [PSYoungGen: 483318K->21757K(468992K)] 562659K->101106K(681472K), 0.0374332 secs] [Times: user=0.07 sys=0.00, real=0.04 secs] 
Heap after GC invocations=36 (full 3):
 PSYoungGen      total 468992K, used 21757K [0x00000000d5580000, 0x00000000f6d00000, 0x0000000100000000)
  eden space 446976K, 0% used [0x00000000d5580000,0x00000000d5580000,0x00000000f0a00000)
  from space 22016K, 98% used [0x00000000f2a00000,0x00000000f3f3f630,0x00000000f3f80000)
  to   space 43008K, 0% used [0x00000000f4300000,0x00000000f4300000,0x00000000f6d00000)
 ParOldGen       total 212480K, used 79349K [0x0000000080000000, 0x000000008cf80000, 0x00000000d5580000)
  object space 212480K, 37% used [0x0000000080000000,0x0000000084d7d4a0,0x000000008cf80000)
 Metaspace       used 89178K, capacity 91282K, committed 91392K, reserved 1128448K
  class space    used 11090K, capacity 11487K, committed 11520K, reserved 1048576K
}
{Heap before GC invocations=37 (full 3):
 PSYoungGen      total 468992K, used 468497K [0x00000000d5580000, 0x00000000f6d00000, 0x0000000100000000)
  eden space 446976K, 99% used [0x00000000d5580000,0x00000000f09c5138,0x00000000f0a00000)
  from space 22016K, 98% used [0x00000000f2a00000,0x00000000f3f3f630,0x00000000f3f80000)
  to   space 43008K, 0% used [0x00000000f4300000,0x00000000f4300000,0x00000000f6d00000)
 ParOldGen       total 212480K, used 79349K [0x0000000080000000, 0x000000008cf80000, 0x00000000d5580000)
  object space 212480K, 37% used [0x0000000080000000,0x0000000084d7d4a0,0x000000008cf80000)
 Metaspace       used 89184K, capacity 91288K, committed 91392K, reserved 1128448K
  class space    used 11092K, capacity 11488K, committed 11520K, reserved 1048576K
2023-08-21T00:00:45.396+0600: 27952.725: [GC (Allocation Failure) [PSYoungGen: 468497K->26738K(457728K)] 547847K->106087K(670208K), 0.0418547 secs] [Times: user=0.07 sys=0.00, real=0.04 secs] 
Heap after GC invocations=37 (full 3):
 PSYoungGen      total 457728K, used 26738K [0x00000000d5580000, 0x00000000f5d80000, 0x0000000100000000)
  eden space 430592K, 0% used [0x00000000d5580000,0x00000000d5580000,0x00000000efa00000)
  from space 27136K, 98% used [0x00000000f4300000,0x00000000f5d1ca78,0x00000000f5d80000)
  to   space 41984K, 0% used [0x00000000f0b80000,0x00000000f0b80000,0x00000000f3480000)
 ParOldGen       total 212480K, used 79349K [0x0000000080000000, 0x000000008cf80000, 0x00000000d5580000)
  object space 212480K, 37% used [0x0000000080000000,0x0000000084d7d4a0,0x000000008cf80000)
 Metaspace       used 89184K, capacity 91288K, committed 91392K, reserved 1128448K
  class space    used 11092K, capacity 11488K, committed 11520K, reserved 1048576K
}
{Heap before GC invocations=38 (full 3):
 PSYoungGen      total 457728K, used 456530K [0x00000000d5580000, 0x00000000f5d80000, 0x0000000100000000)
  eden space 430592K, 99% used [0x00000000d5580000,0x00000000ef937f50,0x00000000efa00000)
  from space 27136K, 98% used [0x00000000f4300000,0x00000000f5d1ca78,0x00000000f5d80000)
  to   space 41984K, 0% used [0x00000000f0b80000,0x00000000f0b80000,0x00000000f3480000)
 ParOldGen       total 212480K, used 79349K [0x0000000080000000, 0x000000008cf80000, 0x00000000d5580000)
  object space 212480K, 37% used [0x0000000080000000,0x0000000084d7d4a0,0x000000008cf80000)
 Metaspace       used 89187K, capacity 91288K, committed 91392K, reserved 1128448K
  class space    used 11092K, capacity 11488K, committed 11520K, reserved 1048576K
2023-08-21T00:00:48.834+0600: 27956.162: [GC (Allocation Failure) [PSYoungGen: 456530K->18654K(434176K)] 535879K->100619K(646656K), 0.0482454 secs] [Times: user=0.08 sys=0.00, real=0.05 secs] 
Heap after GC invocations=38 (full 3):
 PSYoungGen      total 434176K, used 18654K [0x00000000d5580000, 0x00000000f4380000, 0x0000000100000000)
  eden space 415232K, 0% used [0x00000000d5580000,0x00000000d5580000,0x00000000eeb00000)
  from space 18944K, 98% used [0x00000000f0b80000,0x00000000f1db7aa8,0x00000000f1e00000)
  to   space 38400K, 0% used [0x00000000f1e00000,0x00000000f1e00000,0x00000000f4380000)
 ParOldGen       total 212480K, used 81964K [0x0000000080000000, 0x000000008cf80000, 0x00000000d5580000)
  object space 212480K, 38% used [0x0000000080000000,0x000000008500b360,0x000000008cf80000)
 Metaspace       used 89187K, capacity 91288K, committed 91392K, reserved 1128448K
  class space    used 11092K, capacity 11488K, committed 11520K, reserved 1048576K
}
{Heap before GC invocations=39 (full 3):
 PSYoungGen      total 434176K, used 433886K [0x00000000d5580000, 0x00000000f4380000, 0x0000000100000000)
  eden space 415232K, 100% used [0x00000000d5580000,0x00000000eeb00000,0x00000000eeb00000)
  from space 18944K, 98% used [0x00000000f0b80000,0x00000000f1db7aa8,0x00000000f1e00000)
  to   space 38400K, 0% used [0x00000000f1e00000,0x00000000f1e00000,0x00000000f4380000)
 ParOldGen       total 212480K, used 81964K [0x0000000080000000, 0x000000008cf80000, 0x00000000d5580000)
  object space 212480K, 38% used [0x0000000080000000,0x000000008500b360,0x000000008cf80000)
 Metaspace       used 89188K, capacity 91288K, committed 91392K, reserved 1128448K
  class space    used 11092K, capacity 11488K, committed 11520K, reserved 1048576K
2023-08-21T00:00:50.586+0600: 27957.915: [GC (Allocation Failure) [PSYoungGen: 433886K->15213K(464896K)] 515851K->100350K(677376K), 0.0275090 secs] [Times: user=0.05 sys=0.00, real=0.03 secs] 
Heap after GC invocations=39 (full 3):
 PSYoungGen      total 464896K, used 15213K [0x00000000d5580000, 0x00000000f5300000, 0x0000000100000000)
  eden space 426496K, 0% used [0x00000000d5580000,0x00000000d5580000,0x00000000ef600000)
  from space 38400K, 39% used [0x00000000f1e00000,0x00000000f2cdb7f8,0x00000000f4380000)
  to   space 40960K, 0% used [0x00000000ef600000,0x00000000ef600000,0x00000000f1e00000)
 ParOldGen       total 212480K, used 85136K [0x0000000080000000, 0x000000008cf80000, 0x00000000d5580000)
  object space 212480K, 40% used [0x0000000080000000,0x00000000853243e0,0x000000008cf80000)
 Metaspace       used 89188K, capacity 91288K, committed 91392K, reserved 1128448K
  class space    used 11092K, capacity 11488K, committed 11520K, reserved 1048576K
}
{Heap before GC invocations=40 (full 3):
 PSYoungGen      total 464896K, used 441709K [0x00000000d5580000, 0x00000000f5300000, 0x0000000100000000)
  eden space 426496K, 100% used [0x00000000d5580000,0x00000000ef600000,0x00000000ef600000)
  from space 38400K, 39% used [0x00000000f1e00000,0x00000000f2cdb7f8,0x00000000f4380000)
  to   space 40960K, 0% used [0x00000000ef600000,0x00000000ef600000,0x00000000f1e00000)
 ParOldGen       total 212480K, used 85136K [0x0000000080000000, 0x000000008cf80000, 0x00000000d5580000)
  object space 212480K, 40% used [0x0000000080000000,0x00000000853243e0,0x000000008cf80000)
 Metaspace       used 89190K, capacity 91288K, committed 91392K, reserved 1128448K
  class space    used 11092K, capacity 11488K, committed 11520K, reserved 1048576K
2023-08-21T00:00:54.039+0600: 27961.367: [GC (Allocation Failure) [PSYoungGen: 441709K->10028K(421376K)] 526846K->100512K(633856K), 0.0260243 secs] [Times: user=0.05 sys=0.00, real=0.03 secs] 
Heap after GC invocations=40 (full 3):
 PSYoungGen      total 421376K, used 10028K [0x00000000d5580000, 0x00000000f3800000, 0x0000000100000000)
  eden space 411136K, 0% used [0x00000000d5580000,0x00000000d5580000,0x00000000ee700000)
  from space 10240K, 97% used [0x00000000ef600000,0x00000000effcb2c0,0x00000000f0000000)
  to   space 41472K, 0% used [0x00000000f0f80000,0x00000000f0f80000,0x00000000f3800000)
 ParOldGen       total 212480K, used 90484K [0x0000000080000000, 0x000000008cf80000, 0x00000000d5580000)
  object space 212480K, 42% used [0x0000000080000000,0x000000008585d0c0,0x000000008cf80000)
 Metaspace       used 89190K, capacity 91288K, committed 91392K, reserved 1128448K
  class space    used 11092K, capacity 11488K, committed 11520K, reserved 1048576K
}
{Heap before GC invocations=41 (full 3):
 PSYoungGen      total 421376K, used 421164K [0x00000000d5580000, 0x00000000f3800000, 0x0000000100000000)
  eden space 411136K, 100% used [0x00000000d5580000,0x00000000ee700000,0x00000000ee700000)
  from space 10240K, 97% used [0x00000000ef600000,0x00000000effcb2c0,0x00000000f0000000)
  to   space 41472K, 0% used [0x00000000f0f80000,0x00000000f0f80000,0x00000000f3800000)
 ParOldGen       total 212480K, used 90484K [0x0000000080000000, 0x000000008cf80000, 0x00000000d5580000)
  object space 212480K, 42% used [0x0000000080000000,0x000000008585d0c0,0x000000008cf80000)
 Metaspace       used 89190K, capacity 91288K, committed 91392K, reserved 1128448K
  class space    used 11092K, capacity 11488K, committed 11520K, reserved 1048576K
2023-08-21T00:00:57.478+0600: 27964.807: [GC (Allocation Failure) [PSYoungGen: 421164K->7904K(424960K)] 511648K->100471K(637440K), 0.0150417 secs] [Times: user=0.03 sys=0.00, real=0.02 secs] 
Heap after GC invocations=41 (full 3):
 PSYoungGen      total 424960K, used 7904K [0x00000000d5580000, 0x00000000f2b00000, 0x0000000100000000)
  eden space 396800K, 0% used [0x00000000d5580000,0x00000000d5580000,0x00000000ed900000)
  from space 28160K, 28% used [0x00000000f0f80000,0x00000000f17382a0,0x00000000f2b00000)
  to   space 41984K, 0% used [0x00000000ed900000,0x00000000ed900000,0x00000000f0200000)
 ParOldGen       total 212480K, used 92567K [0x0000000080000000, 0x000000008cf80000, 0x00000000d5580000)
  object space 212480K, 43% used [0x0000000080000000,0x0000000085a65c70,0x000000008cf80000)
 Metaspace       used 89190K, capacity 91288K, committed 91392K, reserved 1128448K
  class space    used 11092K, capacity 11488K, committed 11520K, reserved 1048576K
}
{Heap before GC invocations=42 (full 3):
 PSYoungGen      total 424960K, used 404704K [0x00000000d5580000, 0x00000000f2b00000, 0x0000000100000000)
  eden space 396800K, 100% used [0x00000000d5580000,0x00000000ed900000,0x00000000ed900000)
  from space 28160K, 28% used [0x00000000f0f80000,0x00000000f17382a0,0x00000000f2b00000)
  to   space 41984K, 0% used [0x00000000ed900000,0x00000000ed900000,0x00000000f0200000)
 ParOldGen       total 212480K, used 92567K [0x0000000080000000, 0x000000008cf80000, 0x00000000d5580000)
  object space 212480K, 43% used [0x0000000080000000,0x0000000085a65c70,0x000000008cf80000)
 Metaspace       used 89193K, capacity 91288K, committed 91392K, reserved 1128448K
  class space    used 11092K, capacity 11488K, committed 11520K, reserved 1048576K
2023-08-21T00:01:00.546+0600: 27967.874: [GC (Allocation Failure) [PSYoungGen: 404704K->11785K(395264K)] 497271K->107541K(607744K), 0.0135115 secs] [Times: user=0.02 sys=0.00, real=0.02 secs] 
Heap after GC invocations=42 (full 3):
 PSYoungGen      total 395264K, used 11785K [0x00000000d5580000, 0x00000000f1c80000, 0x0000000100000000)
  eden space 382976K, 0% used [0x00000000d5580000,0x00000000d5580000,0x00000000ecb80000)
  from space 12288K, 95% used [0x00000000ed900000,0x00000000ee482748,0x00000000ee500000)
  to   space 41472K, 0% used [0x00000000ef400000,0x00000000ef400000,0x00000000f1c80000)
 ParOldGen       total 212480K, used 95755K [0x0000000080000000, 0x000000008cf80000, 0x00000000d5580000)
  object space 212480K, 45% used [0x0000000080000000,0x0000000085d82fe0,0x000000008cf80000)
 Metaspace       used 89193K, capacity 91288K, committed 91392K, reserved 1128448K
  class space    used 11092K, capacity 11488K, committed 11520K, reserved 1048576K
}
{Heap before GC invocations=43 (full 3):
 PSYoungGen      total 395264K, used 392143K [0x00000000d5580000, 0x00000000f1c80000, 0x0000000100000000)
  eden space 382976K, 99% used [0x00000000d5580000,0x00000000ec8f1648,0x00000000ecb80000)
  from space 12288K, 95% used [0x00000000ed900000,0x00000000ee482748,0x00000000ee500000)
  to   space 41472K, 0% used [0x00000000ef400000,0x00000000ef400000,0x00000000f1c80000)
 ParOldGen       total 212480K, used 95755K [0x0000000080000000, 0x000000008cf80000, 0x00000000d5580000)
  object space 212480K, 45% used [0x0000000080000000,0x0000000085d82fe0,0x000000008cf80000)
 Metaspace       used 89193K, capacity 91288K, committed 91392K, reserved 1128448K
  class space    used 11092K, capacity 11488K, committed 11520K, reserved 1048576K
2023-08-21T00:01:04.003+0600: 27971.331: [GC (Allocation Failure) [PSYoungGen: 392143K->11762K(395776K)] 487899K->109673K(608256K), 0.0135929 secs] [Times: user=0.03 sys=0.00, real=0.01 secs] 
Heap after GC invocations=43 (full 3):
 PSYoungGen      total 395776K, used 11762K [0x00000000d5580000, 0x00000000f0d80000, 0x0000000100000000)
  eden space 369664K, 0% used [0x00000000d5580000,0x00000000d5580000,0x00000000ebe80000)
  from space 26112K, 45% used [0x00000000ef400000,0x00000000eff7ca80,0x00000000f0d80000)
  to   space 40448K, 0% used [0x00000000ebe80000,0x00000000ebe80000,0x00000000ee600000)
 ParOldGen       total 212480K, used 97911K [0x0000000080000000, 0x000000008cf80000, 0x00000000d5580000)
  object space 212480K, 46% used [0x0000000080000000,0x0000000085f9dd10,0x000000008cf80000)
 Metaspace       used 89193K, capacity 91288K, committed 91392K, reserved 1128448K
  class space    used 11092K, capacity 11488K, committed 11520K, reserved 1048576K
}
{Heap before GC invocations=44 (full 3):
 PSYoungGen      total 395776K, used 377680K [0x00000000d5580000, 0x00000000f0d80000, 0x0000000100000000)
  eden space 369664K, 98% used [0x00000000d5580000,0x00000000ebad7940,0x00000000ebe80000)
  from space 26112K, 45% used [0x00000000ef400000,0x00000000eff7ca80,0x00000000f0d80000)
  to   space 40448K, 0% used [0x00000000ebe80000,0x00000000ebe80000,0x00000000ee600000)
 ParOldGen       total 212480K, used 97911K [0x0000000080000000, 0x000000008cf80000, 0x00000000d5580000)
  object space 212480K, 46% used [0x0000000080000000,0x0000000085f9dd10,0x000000008cf80000)
 Metaspace       used 89198K, capacity 91288K, committed 91392K, reserved 1128448K
  class space    used 11092K, capacity 11488K, committed 11520K, reserved 1048576K
2023-08-21T00:01:07.148+0600: 27974.477: [GC (Allocation Failure) [PSYoungGen: 377680K->11250K(368128K)] 475592K->109662K(580608K), 0.0145864 secs] [Times: user=0.02 sys=0.00, real=0.02 secs] 
Heap after GC invocations=44 (full 3):
 PSYoungGen      total 368128K, used 11250K [0x00000000d5580000, 0x00000000f0000000, 0x0000000100000000)
  eden space 356864K, 0% used [0x00000000d5580000,0x00000000d5580000,0x00000000eb200000)
  from space 11264K, 99% used [0x00000000ebe80000,0x00000000ec97c9f0,0x00000000ec980000)
  to   space 39936K, 0% used [0x00000000ed900000,0x00000000ed900000,0x00000000f0000000)
 ParOldGen       total 212480K, used 98412K [0x0000000080000000, 0x000000008cf80000, 0x00000000d5580000)
  object space 212480K, 46% used [0x0000000080000000,0x000000008601b1f0,0x000000008cf80000)
 Metaspace       used 89198K, capacity 91288K, committed 91392K, reserved 1128448K
  class space    used 11092K, capacity 11488K, committed 11520K, reserved 1048576K
}
{Heap before GC invocations=45 (full 3):
 PSYoungGen      total 368128K, used 366710K [0x00000000d5580000, 0x00000000f0000000, 0x0000000100000000)
  eden space 356864K, 99% used [0x00000000d5580000,0x00000000eb0a0eb8,0x00000000eb200000)
  from space 11264K, 99% used [0x00000000ebe80000,0x00000000ec97c9f0,0x00000000ec980000)
  to   space 39936K, 0% used [0x00000000ed900000,0x00000000ed900000,0x00000000f0000000)
 ParOldGen       total 212480K, used 98412K [0x0000000080000000, 0x000000008cf80000, 0x00000000d5580000)
  object space 212480K, 46% used [0x0000000080000000,0x000000008601b1f0,0x000000008cf80000)
 Metaspace       used 89205K, capacity 91288K, committed 91392K, reserved 1128448K
  class space    used 11092K, capacity 11488K, committed 11520K, reserved 1048576K
2023-08-21T00:01:10.146+0600: 27977.475: [GC (Allocation Failure) [PSYoungGen: 366710K->11186K(370176K)] 465122K->109670K(582656K), 0.0189727 secs] [Times: user=0.03 sys=0.00, real=0.02 secs] 
Heap after GC invocations=45 (full 3):
 PSYoungGen      total 370176K, used 11186K [0x00000000d5580000, 0x00000000ef200000, 0x0000000100000000)
  eden space 344576K, 0% used [0x00000000d5580000,0x00000000d5580000,0x00000000ea600000)
  from space 25600K, 43% used [0x00000000ed900000,0x00000000ee3ec9f0,0x00000000ef200000)
  to   space 38912K, 0% used [0x00000000ea600000,0x00000000ea600000,0x00000000ecc00000)
 ParOldGen       total 212480K, used 98483K [0x0000000080000000, 0x000000008cf80000, 0x00000000d5580000)
  object space 212480K, 46% used [0x0000000080000000,0x000000008602cf30,0x000000008cf80000)
 Metaspace       used 89205K, capacity 91288K, committed 91392K, reserved 1128448K
  class space    used 11092K, capacity 11488K, committed 11520K, reserved 1048576K
}
{Heap before GC invocations=46 (full 3):
 PSYoungGen      total 370176K, used 355012K [0x00000000d5580000, 0x00000000ef200000, 0x0000000100000000)
  eden space 344576K, 99% used [0x00000000d5580000,0x00000000ea544850,0x00000000ea600000)
  from space 25600K, 43% used [0x00000000ed900000,0x00000000ee3ec9f0,0x00000000ef200000)
  to   space 38912K, 0% used [0x00000000ea600000,0x00000000ea600000,0x00000000ecc00000)
 ParOldGen       total 212480K, used 98483K [0x0000000080000000, 0x000000008cf80000, 0x00000000d5580000)
  object space 212480K, 46% used [0x0000000080000000,0x000000008602cf30,0x000000008cf80000)
 Metaspace       used 89207K, capacity 91288K, committed 91392K, reserved 1128448K
  class space    used 11092K, capacity 11488K, committed 11520K, reserved 1048576K
2023-08-21T00:01:13.234+0600: 27980.563: [GC (Allocation Failure) [PSYoungGen: 355012K->14907K(348160K)] 453496K->113542K(560640K), 0.0173308 secs] [Times: user=0.02 sys=0.00, real=0.02 secs] 
Heap after GC invocations=46 (full 3):
 PSYoungGen      total 348160K, used 14907K [0x00000000d5580000, 0x00000000ee280000, 0x0000000100000000)
  eden space 332800K, 0% used [0x00000000d5580000,0x00000000d5580000,0x00000000e9a80000)
  from space 15360K, 97% used [0x00000000ea600000,0x00000000eb48ee98,0x00000000eb500000)
  to   space 36864K, 0% used [0x00000000ebe80000,0x00000000ebe80000,0x00000000ee280000)
 ParOldGen       total 212480K, used 98634K [0x0000000080000000, 0x000000008cf80000, 0x00000000d5580000)
  object space 212480K, 46% used [0x0000000080000000,0x0000000086052bf0,0x000000008cf80000)
 Metaspace       used 89207K, capacity 91288K, committed 91392K, reserved 1128448K
  class space    used 11092K, capacity 11488K, committed 11520K, reserved 1048576K
}
{Heap before GC invocations=47 (full 3):
 PSYoungGen      total 348160K, used 347707K [0x00000000d5580000, 0x00000000ee280000, 0x0000000100000000)
  eden space 332800K, 100% used [0x00000000d5580000,0x00000000e9a80000,0x00000000e9a80000)
  from space 15360K, 97% used [0x00000000ea600000,0x00000000eb48ee98,0x00000000eb500000)
  to   space 36864K, 0% used [0x00000000ebe80000,0x00000000ebe80000,0x00000000ee280000)
 ParOldGen       total 212480K, used 98634K [0x0000000080000000, 0x000000008cf80000, 0x00000000d5580000)
  object space 212480K, 46% used [0x0000000080000000,0x0000000086052bf0,0x000000008cf80000)
 Metaspace       used 89207K, capacity 91288K, committed 91392K, reserved 1128448K
  class space    used 11092K, capacity 11488K, committed 11520K, reserved 1048576K
2023-08-21T00:01:14.716+0600: 27982.044: [GC (Allocation Failure) [PSYoungGen: 347707K->9001K(347136K)] 446342K->107803K(559616K), 0.0111309 secs] [Times: user=0.02 sys=0.00, real=0.01 secs] 
Heap after GC invocations=47 (full 3):
 PSYoungGen      total 347136K, used 9001K [0x00000000d5580000, 0x00000000ed700000, 0x0000000100000000)
  eden space 322048K, 0% used [0x00000000d5580000,0x00000000d5580000,0x00000000e9000000)
  from space 25088K, 35% used [0x00000000ebe80000,0x00000000ec74a518,0x00000000ed700000)
  to   space 36352K, 0% used [0x00000000e9000000,0x00000000e9000000,0x00000000eb380000)
 ParOldGen       total 212480K, used 98802K [0x0000000080000000, 0x000000008cf80000, 0x00000000d5580000)
  object space 212480K, 46% used [0x0000000080000000,0x000000008607c8b0,0x000000008cf80000)
 Metaspace       used 89207K, capacity 91288K, committed 91392K, reserved 1128448K
  class space    used 11092K, capacity 11488K, committed 11520K, reserved 1048576K
}
{Heap before GC invocations=48 (full 3):
 PSYoungGen      total 347136K, used 329959K [0x00000000d5580000, 0x00000000ed700000, 0x0000000100000000)
  eden space 322048K, 99% used [0x00000000d5580000,0x00000000e8eef8e8,0x00000000e9000000)
  from space 25088K, 35% used [0x00000000ebe80000,0x00000000ec74a518,0x00000000ed700000)
  to   space 36352K, 0% used [0x00000000e9000000,0x00000000e9000000,0x00000000eb380000)
 ParOldGen       total 212480K, used 98802K [0x0000000080000000, 0x000000008cf80000, 0x00000000d5580000)
  object space 212480K, 46% used [0x0000000080000000,0x000000008607c8b0,0x000000008cf80000)
 Metaspace       used 89211K, capacity 91288K, committed 91392K, reserved 1128448K
  class space    used 11092K, capacity 11488K, committed 11520K, reserved 1048576K
2023-08-21T00:01:17.983+0600: 27985.312: [GC (Allocation Failure) [PSYoungGen: 329959K->10866K(322560K)] 428761K->109739K(535040K), 0.0178648 secs] [Times: user=0.03 sys=0.00, real=0.02 secs] 
Heap after GC invocations=48 (full 3):
 PSYoungGen      total 322560K, used 10866K [0x00000000d5580000, 0x00000000eca80000, 0x0000000100000000)
  eden space 311296K, 0% used [0x00000000d5580000,0x00000000d5580000,0x00000000e8580000)
  from space 11264K, 96% used [0x00000000e9000000,0x00000000e9a9c9d0,0x00000000e9b00000)
  to   space 35328K, 0% used [0x00000000ea800000,0x00000000ea800000,0x00000000eca80000)
 ParOldGen       total 212480K, used 98873K [0x0000000080000000, 0x000000008cf80000, 0x00000000d5580000)
  object space 212480K, 46% used [0x0000000080000000,0x000000008608e540,0x000000008cf80000)
 Metaspace       used 89211K, capacity 91288K, committed 91392K, reserved 1128448K
  class space    used 11092K, capacity 11488K, committed 11520K, reserved 1048576K
}
{Heap before GC invocations=49 (full 3):
 PSYoungGen      total 322560K, used 320297K [0x00000000d5580000, 0x00000000eca80000, 0x0000000100000000)
  eden space 311296K, 99% used [0x00000000d5580000,0x00000000e83add08,0x00000000e8580000)
  from space 11264K, 96% used [0x00000000e9000000,0x00000000e9a9c9d0,0x00000000e9b00000)
  to   space 35328K, 0% used [0x00000000ea800000,0x00000000ea800000,0x00000000eca80000)
 ParOldGen       total 212480K, used 98873K [0x0000000080000000, 0x000000008cf80000, 0x00000000d5580000)
  object space 212480K, 46% used [0x0000000080000000,0x000000008608e540,0x000000008cf80000)
 Metaspace       used 89226K, capacity 91352K, committed 91392K, reserved 1128448K
  class space    used 11092K, capacity 11488K, committed 11520K, reserved 1048576K
2023-08-21T00:01:20.738+0600: 27988.066: [GC (Allocation Failure) [PSYoungGen: 320297K->10514K(324096K)] 419171K->109842K(536576K), 0.0170005 secs] [Times: user=0.03 sys=0.00, real=0.02 secs] 
Heap after GC invocations=49 (full 3):
 PSYoungGen      total 324096K, used 10514K [0x00000000d5580000, 0x00000000ebe80000, 0x0000000100000000)
  eden space 301056K, 0% used [0x00000000d5580000,0x00000000d5580000,0x00000000e7b80000)
  from space 23040K, 45% used [0x00000000ea800000,0x00000000eb2449b0,0x00000000ebe80000)
  to   space 34304K, 0% used [0x00000000e7b80000,0x00000000e7b80000,0x00000000e9d00000)
 ParOldGen       total 212480K, used 99327K [0x0000000080000000, 0x000000008cf80000, 0x00000000d5580000)
  object space 212480K, 46% used [0x0000000080000000,0x00000000860ffe70,0x000000008cf80000)
 Metaspace       used 89226K, capacity 91352K, committed 91392K, reserved 1128448K
  class space    used 11092K, capacity 11488K, committed 11520K, reserved 1048576K
}
{Heap before GC invocations=50 (full 3):
 PSYoungGen      total 324096K, used 311570K [0x00000000d5580000, 0x00000000ebe80000, 0x0000000100000000)
  eden space 301056K, 100% used [0x00000000d5580000,0x00000000e7b80000,0x00000000e7b80000)
  from space 23040K, 45% used [0x00000000ea800000,0x00000000eb2449b0,0x00000000ebe80000)
  to   space 34304K, 0% used [0x00000000e7b80000,0x00000000e7b80000,0x00000000e9d00000)
 ParOldGen       total 212480K, used 99327K [0x0000000080000000, 0x000000008cf80000, 0x00000000d5580000)
  object space 212480K, 46% used [0x0000000080000000,0x00000000860ffe70,0x000000008cf80000)
 Metaspace       used 89234K, capacity 91352K, committed 91392K, reserved 1128448K
  class space    used 11092K, capacity 11488K, committed 11520K, reserved 1048576K
2023-08-21T00:01:21.857+0600: 27989.186: [GC (Allocation Failure) [PSYoungGen: 311570K->8713K(300544K)] 410898K->108088K(513024K), 0.0092029 secs] [Times: user=0.02 sys=0.00, real=0.01 secs] 
Heap after GC invocations=50 (full 3):
 PSYoungGen      total 300544K, used 8713K [0x00000000d5580000, 0x00000000eb400000, 0x0000000100000000)
  eden space 291328K, 0% used [0x00000000d5580000,0x00000000d5580000,0x00000000e7200000)
  from space 9216K, 94% used [0x00000000e7b80000,0x00000000e84024f8,0x00000000e8480000)
  to   space 33792K, 0% used [0x00000000e9300000,0x00000000e9300000,0x00000000eb400000)
 ParOldGen       total 212480K, used 99375K [0x0000000080000000, 0x000000008cf80000, 0x00000000d5580000)
  object space 212480K, 46% used [0x0000000080000000,0x000000008610bc60,0x000000008cf80000)
 Metaspace       used 89234K, capacity 91352K, committed 91392K, reserved 1128448K
  class space    used 11092K, capacity 11488K, committed 11520K, reserved 1048576K
}
{Heap before GC invocations=51 (full 3):
 PSYoungGen      total 300544K, used 298160K [0x00000000d5580000, 0x00000000eb400000, 0x0000000100000000)
  eden space 291328K, 99% used [0x00000000d5580000,0x00000000e7029d00,0x00000000e7200000)
  from space 9216K, 94% used [0x00000000e7b80000,0x00000000e84024f8,0x00000000e8480000)
  to   space 33792K, 0% used [0x00000000e9300000,0x00000000e9300000,0x00000000eb400000)
 ParOldGen       total 212480K, used 99375K [0x0000000080000000, 0x000000008cf80000, 0x00000000d5580000)
  object space 212480K, 46% used [0x0000000080000000,0x000000008610bc60,0x000000008cf80000)
 Metaspace       used 89239K, capacity 91352K, committed 91392K, reserved 1128448K
  class space    used 11092K, capacity 11488K, committed 11520K, reserved 1048576K
2023-08-21T00:01:25.185+0600: 27992.514: [GC (Allocation Failure) [PSYoungGen: 298160K->10290K(303616K)] 397535K->109872K(516096K), 0.0148047 secs] [Times: user=0.02 sys=0.00, real=0.02 secs] 
Heap after GC invocations=51 (full 3):
 PSYoungGen      total 303616K, used 10290K [0x00000000d5580000, 0x00000000ea800000, 0x0000000100000000)
  eden space 282112K, 0% used [0x00000000d5580000,0x00000000d5580000,0x00000000e6900000)
  from space 21504K, 47% used [0x00000000e9300000,0x00000000e9d0c990,0x00000000ea800000)
  to   space 32256K, 0% used [0x00000000e6900000,0x00000000e6900000,0x00000000e8880000)
 ParOldGen       total 212480K, used 99581K [0x0000000080000000, 0x000000008cf80000, 0x00000000d5580000)
  object space 212480K, 46% used [0x0000000080000000,0x000000008613f710,0x000000008cf80000)
 Metaspace       used 89239K, capacity 91352K, committed 91392K, reserved 1128448K
  class space    used 11092K, capacity 11488K, committed 11520K, reserved 1048576K
}
{Heap before GC invocations=52 (full 3):
 PSYoungGen      total 303616K, used 290505K [0x00000000d5580000, 0x00000000ea800000, 0x0000000100000000)
  eden space 282112K, 99% used [0x00000000d5580000,0x00000000e6725cc0,0x00000000e6900000)
  from space 21504K, 47% used [0x00000000e9300000,0x00000000e9d0c990,0x00000000ea800000)
  to   space 32256K, 0% used [0x00000000e6900000,0x00000000e6900000,0x00000000e8880000)
 ParOldGen       total 212480K, used 99581K [0x0000000080000000, 0x000000008cf80000, 0x00000000d5580000)
  object space 212480K, 46% used [0x0000000080000000,0x000000008613f710,0x000000008cf80000)
 Metaspace       used 89242K, capacity 91352K, committed 91392K, reserved 1128448K
  class space    used 11092K, capacity 11488K, committed 11520K, reserved 1048576K
2023-08-21T00:01:27.751+0600: 27995.079: [GC (Allocation Failure) [PSYoungGen: 290505K->10290K(284160K)] 390087K->109911K(496640K), 0.0239378 secs] [Times: user=0.02 sys=0.00, real=0.02 secs] 
Heap after GC invocations=52 (full 3):
 PSYoungGen      total 284160K, used 10290K [0x00000000d5580000, 0x00000000e9d80000, 0x0000000100000000)
  eden space 273408K, 0% used [0x00000000d5580000,0x00000000d5580000,0x00000000e6080000)
  from space 10752K, 95% used [0x00000000e6900000,0x00000000e730c990,0x00000000e7380000)
  to   space 31232K, 0% used [0x00000000e7f00000,0x00000000e7f00000,0x00000000e9d80000)
 ParOldGen       total 212480K, used 99621K [0x0000000080000000, 0x000000008cf80000, 0x00000000d5580000)
  object space 212480K, 46% used [0x0000000080000000,0x00000000861495b0,0x000000008cf80000)
 Metaspace       used 89242K, capacity 91352K, committed 91392K, reserved 1128448K
  class space    used 11092K, capacity 11488K, committed 11520K, reserved 1048576K
}
{Heap before GC invocations=53 (full 3):
 PSYoungGen      total 284160K, used 283698K [0x00000000d5580000, 0x00000000e9d80000, 0x0000000100000000)
  eden space 273408K, 100% used [0x00000000d5580000,0x00000000e6080000,0x00000000e6080000)
  from space 10752K, 95% used [0x00000000e6900000,0x00000000e730c990,0x00000000e7380000)
  to   space 31232K, 0% used [0x00000000e7f00000,0x00000000e7f00000,0x00000000e9d80000)
 ParOldGen       total 212480K, used 99621K [0x0000000080000000, 0x000000008cf80000, 0x00000000d5580000)
  object space 212480K, 46% used [0x0000000080000000,0x00000000861495b0,0x000000008cf80000)
 Metaspace       used 89242K, capacity 91352K, committed 91392K, reserved 1128448K
  class space    used 11092K, capacity 11488K, committed 11520K, reserved 1048576K
2023-08-21T00:01:28.850+0600: 27996.178: [GC (Allocation Failure) [PSYoungGen: 283698K->8233K(287232K)] 383319K->107902K(499712K), 0.0085033 secs] [Times: user=0.02 sys=0.00, real=0.00 secs] 
Heap after GC invocations=53 (full 3):
 PSYoungGen      total 287232K, used 8233K [0x00000000d5580000, 0x00000000e9480000, 0x0000000100000000)
  eden space 265216K, 0% used [0x00000000d5580000,0x00000000d5580000,0x00000000e5880000)
  from space 22016K, 37% used [0x00000000e7f00000,0x00000000e870a4d8,0x00000000e9480000)
  to   space 30720K, 0% used [0x00000000e5880000,0x00000000e5880000,0x00000000e7680000)
 ParOldGen       total 212480K, used 99668K [0x0000000080000000, 0x000000008cf80000, 0x00000000d5580000)
  object space 212480K, 46% used [0x0000000080000000,0x00000000861553a0,0x000000008cf80000)
 Metaspace       used 89242K, capacity 91352K, committed 91392K, reserved 1128448K
  class space    used 11092K, capacity 11488K, committed 11520K, reserved 1048576K
}
{Heap before GC invocations=54 (full 3):
 PSYoungGen      total 287232K, used 271355K [0x00000000d5580000, 0x00000000e9480000, 0x0000000100000000)
  eden space 265216K, 99% used [0x00000000d5580000,0x00000000e5674960,0x00000000e5880000)
  from space 22016K, 37% used [0x00000000e7f00000,0x00000000e870a4d8,0x00000000e9480000)
  to   space 30720K, 0% used [0x00000000e5880000,0x00000000e5880000,0x00000000e7680000)
 ParOldGen       total 212480K, used 99668K [0x0000000080000000, 0x000000008cf80000, 0x00000000d5580000)
  object space 212480K, 46% used [0x0000000080000000,0x00000000861553a0,0x000000008cf80000)
 Metaspace       used 89247K, capacity 91352K, committed 91392K, reserved 1128448K
  class space    used 11092K, capacity 11488K, committed 11520K, reserved 1048576K
2023-08-21T00:01:31.790+0600: 27999.119: [GC (Allocation Failure) [PSYoungGen: 271355K->10258K(267776K)] 371024K->109958K(480256K), 0.0142970 secs] [Times: user=0.03 sys=0.00, real=0.01 secs] 
Heap after GC invocations=54 (full 3):
 PSYoungGen      total 267776K, used 10258K [0x00000000d5580000, 0x00000000e8980000, 0x0000000100000000)
  eden space 257024K, 0% used [0x00000000d5580000,0x00000000d5580000,0x00000000e5080000)
  from space 10752K, 95% used [0x00000000e5880000,0x00000000e6284990,0x00000000e6300000)
  to   space 29184K, 0% used [0x00000000e6d00000,0x00000000e6d00000,0x00000000e8980000)
 ParOldGen       total 212480K, used 99700K [0x0000000080000000, 0x000000008cf80000, 0x00000000d5580000)
  object space 212480K, 46% used [0x0000000080000000,0x000000008615d240,0x000000008cf80000)
 Metaspace       used 89247K, capacity 91352K, committed 91392K, reserved 1128448K
  class space    used 11092K, capacity 11488K, committed 11520K, reserved 1048576K
}
{Heap before GC invocations=55 (full 3):
 PSYoungGen      total 267776K, used 266959K [0x00000000d5580000, 0x00000000e8980000, 0x0000000100000000)
  eden space 257024K, 99% used [0x00000000d5580000,0x00000000e502f4a0,0x00000000e5080000)
  from space 10752K, 95% used [0x00000000e5880000,0x00000000e6284990,0x00000000e6300000)
  to   space 29184K, 0% used [0x00000000e6d00000,0x00000000e6d00000,0x00000000e8980000)
 ParOldGen       total 212480K, used 99700K [0x0000000080000000, 0x000000008cf80000, 0x00000000d5580000)
  object space 212480K, 46% used [0x0000000080000000,0x000000008615d240,0x000000008cf80000)
 Metaspace       used 89247K, capacity 91352K, committed 91392K, reserved 1128448K
  class space    used 11092K, capacity 11488K, committed 11520K, reserved 1048576K
2023-08-21T00:01:34.289+0600: 28001.618: [GC (Allocation Failure) [PSYoungGen: 266959K->10258K(268800K)] 366660K->109982K(481280K), 0.0108036 secs] [Times: user=0.02 sys=0.00, real=0.01 secs] 
Heap after GC invocations=55 (full 3):
 PSYoungGen      total 268800K, used 10258K [0x00000000d5580000, 0x00000000e8000000, 0x0000000100000000)
  eden space 249344K, 0% used [0x00000000d5580000,0x00000000d5580000,0x00000000e4900000)
  from space 19456K, 52% used [0x00000000e6d00000,0x00000000e7704990,0x00000000e8000000)
  to   space 28160K, 0% used [0x00000000e4900000,0x00000000e4900000,0x00000000e6480000)
 ParOldGen       total 212480K, used 99724K [0x0000000080000000, 0x000000008cf80000, 0x00000000d5580000)
  object space 212480K, 46% used [0x0000000080000000,0x00000000861630e0,0x000000008cf80000)
 Metaspace       used 89247K, capacity 91352K, committed 91392K, reserved 1128448K
  class space    used 11092K, capacity 11488K, committed 11520K, reserved 1048576K
}
{Heap before GC invocations=56 (full 3):
 PSYoungGen      total 268800K, used 257494K [0x00000000d5580000, 0x00000000e8000000, 0x0000000100000000)
  eden space 249344K, 99% used [0x00000000d5580000,0x00000000e46f0ee8,0x00000000e4900000)
  from space 19456K, 52% used [0x00000000e6d00000,0x00000000e7704990,0x00000000e8000000)
  to   space 28160K, 0% used [0x00000000e4900000,0x00000000e4900000,0x00000000e6480000)
 ParOldGen       total 212480K, used 99724K [0x0000000080000000, 0x000000008cf80000, 0x00000000d5580000)
  object space 212480K, 46% used [0x0000000080000000,0x00000000861630e0,0x000000008cf80000)
 Metaspace       used 89247K, capacity 91352K, committed 91392K, reserved 1128448K
  class space    used 11092K, capacity 11488K, committed 11520K, reserved 1048576K
2023-08-21T00:01:35.604+0600: 28002.933: [GC (Allocation Failure) [PSYoungGen: 257494K->10226K(252416K)] 357218K->109982K(464896K), 0.0129959 secs] [Times: user=0.02 sys=0.00, real=0.01 secs] 
Heap after GC invocations=56 (full 3):
 PSYoungGen      total 252416K, used 10226K [0x00000000d5580000, 0x00000000e7700000, 0x0000000100000000)
  eden space 242176K, 0% used [0x00000000d5580000,0x00000000d5580000,0x00000000e4200000)
  from space 10240K, 99% used [0x00000000e4900000,0x00000000e52fc990,0x00000000e5300000)
  to   space 27136K, 0% used [0x00000000e5c80000,0x00000000e5c80000,0x00000000e7700000)
 ParOldGen       total 212480K, used 99756K [0x0000000080000000, 0x000000008cf80000, 0x00000000d5580000)
  object space 212480K, 46% used [0x0000000080000000,0x000000008616b030,0x000000008cf80000)
 Metaspace       used 89247K, capacity 91352K, committed 91392K, reserved 1128448K
  class space    used 11092K, capacity 11488K, committed 11520K, reserved 1048576K
}
{Heap before GC invocations=57 (full 3):
 PSYoungGen      total 252416K, used 251676K [0x00000000d5580000, 0x00000000e7700000, 0x0000000100000000)
  eden space 242176K, 99% used [0x00000000d5580000,0x00000000e414a6d8,0x00000000e4200000)
  from space 10240K, 99% used [0x00000000e4900000,0x00000000e52fc990,0x00000000e5300000)
  to   space 27136K, 0% used [0x00000000e5c80000,0x00000000e5c80000,0x00000000e7700000)
 ParOldGen       total 212480K, used 99756K [0x0000000080000000, 0x000000008cf80000, 0x00000000d5580000)
  object space 212480K, 46% used [0x0000000080000000,0x000000008616b030,0x000000008cf80000)
 Metaspace       used 89247K, capacity 91352K, committed 91392K, reserved 1128448K
  class space    used 11092K, capacity 11488K, committed 11520K, reserved 1048576K
2023-08-21T00:01:37.725+0600: 28005.054: [GC (Allocation Failure) [PSYoungGen: 251676K->14011K(252928K)] 351432K->113807K(465408K), 0.0166913 secs] [Times: user=0.02 sys=0.00, real=0.02 secs] 
Heap after GC invocations=57 (full 3):
 PSYoungGen      total 252928K, used 14011K [0x00000000d5580000, 0x00000000e6e00000, 0x0000000100000000)
  eden space 235008K, 0% used [0x00000000d5580000,0x00000000d5580000,0x00000000e3b00000)
  from space 17920K, 78% used [0x00000000e5c80000,0x00000000e6a2ee48,0x00000000e6e00000)
  to   space 26112K, 0% used [0x00000000e3b00000,0x00000000e3b00000,0x00000000e5480000)
 ParOldGen       total 212480K, used 99795K [0x0000000080000000, 0x000000008cf80000, 0x00000000d5580000)
  object space 212480K, 46% used [0x0000000080000000,0x0000000086174e20,0x000000008cf80000)
 Metaspace       used 89247K, capacity 91352K, committed 91392K, reserved 1128448K
  class space    used 11092K, capacity 11488K, committed 11520K, reserved 1048576K
}
{Heap before GC invocations=58 (full 3):
 PSYoungGen      total 252928K, used 249019K [0x00000000d5580000, 0x00000000e6e00000, 0x0000000100000000)
  eden space 235008K, 100% used [0x00000000d5580000,0x00000000e3b00000,0x00000000e3b00000)
  from space 17920K, 78% used [0x00000000e5c80000,0x00000000e6a2ee48,0x00000000e6e00000)
  to   space 26112K, 0% used [0x00000000e3b00000,0x00000000e3b00000,0x00000000e5480000)
 ParOldGen       total 212480K, used 99795K [0x0000000080000000, 0x000000008cf80000, 0x00000000d5580000)
  object space 212480K, 46% used [0x0000000080000000,0x0000000086174e20,0x000000008cf80000)
 Metaspace       used 89247K, capacity 91352K, committed 91392K, reserved 1128448K
  class space    used 11092K, capacity 11488K, committed 11520K, reserved 1048576K
2023-08-21T00:01:38.928+0600: 28006.256: [GC (Allocation Failure) [PSYoungGen: 249019K->9005K(237568K)] 348815K->108817K(450048K), 0.0129379 secs] [Times: user=0.02 sys=0.00, real=0.02 secs] 
Heap after GC invocations=58 (full 3):
 PSYoungGen      total 237568K, used 9005K [0x00000000d5580000, 0x00000000e6680000, 0x0000000100000000)
  eden space 228352K, 0% used [0x00000000d5580000,0x00000000d5580000,0x00000000e3480000)
  from space 9216K, 97% used [0x00000000e3b00000,0x00000000e43cb740,0x00000000e4400000)
  to   space 25600K, 0% used [0x00000000e4d80000,0x00000000e4d80000,0x00000000e6680000)
 ParOldGen       total 212480K, used 99811K [0x0000000080000000, 0x000000008cf80000, 0x00000000d5580000)
  object space 212480K, 46% used [0x0000000080000000,0x0000000086178e20,0x000000008cf80000)
 Metaspace       used 89247K, capacity 91352K, committed 91392K, reserved 1128448K
  class space    used 11092K, capacity 11488K, committed 11520K, reserved 1048576K
}
{Heap before GC invocations=59 (full 3):
 PSYoungGen      total 237568K, used 236269K [0x00000000d5580000, 0x00000000e6680000, 0x0000000100000000)
  eden space 228352K, 99% used [0x00000000d5580000,0x00000000e336fe08,0x00000000e3480000)
  from space 9216K, 97% used [0x00000000e3b00000,0x00000000e43cb740,0x00000000e4400000)
  to   space 25600K, 0% used [0x00000000e4d80000,0x00000000e4d80000,0x00000000e6680000)
 ParOldGen       total 212480K, used 99811K [0x0000000080000000, 0x000000008cf80000, 0x00000000d5580000)
  object space 212480K, 46% used [0x0000000080000000,0x0000000086178e20,0x000000008cf80000)
 Metaspace       used 89256K, capacity 91352K, committed 91392K, reserved 1128448K
  class space    used 11092K, capacity 11488K, committed 11520K, reserved 1048576K
2023-08-21T00:01:41.495+0600: 28008.824: [GC (Allocation Failure) [PSYoungGen: 236269K->14139K(239616K)] 336080K->113982K(452096K), 0.0136382 secs] [Times: user=0.02 sys=0.00, real=0.02 secs] 
Heap after GC invocations=59 (full 3):
 PSYoungGen      total 239616K, used 14139K [0x00000000d5580000, 0x00000000e5f00000, 0x0000000100000000)
  eden space 221696K, 0% used [0x00000000d5580000,0x00000000d5580000,0x00000000e2e00000)
  from space 17920K, 78% used [0x00000000e4d80000,0x00000000e5b4ee48,0x00000000e5f00000)
  to   space 25088K, 0% used [0x00000000e2e00000,0x00000000e2e00000,0x00000000e4680000)
 ParOldGen       total 212480K, used 99843K [0x0000000080000000, 0x000000008cf80000, 0x00000000d5580000)
  object space 212480K, 46% used [0x0000000080000000,0x0000000086180cc0,0x000000008cf80000)
 Metaspace       used 89256K, capacity 91352K, committed 91392K, reserved 1128448K
  class space    used 11092K, capacity 11488K, committed 11520K, reserved 1048576K
}
{Heap before GC invocations=60 (full 3):
 PSYoungGen      total 239616K, used 235835K [0x00000000d5580000, 0x00000000e5f00000, 0x0000000100000000)
  eden space 221696K, 100% used [0x00000000d5580000,0x00000000e2e00000,0x00000000e2e00000)
  from space 17920K, 78% used [0x00000000e4d80000,0x00000000e5b4ee48,0x00000000e5f00000)
  to   space 25088K, 0% used [0x00000000e2e00000,0x00000000e2e00000,0x00000000e4680000)
 ParOldGen       total 212480K, used 99843K [0x0000000080000000, 0x000000008cf80000, 0x00000000d5580000)
  object space 212480K, 46% used [0x0000000080000000,0x0000000086180cc0,0x000000008cf80000)
 Metaspace       used 89256K, capacity 91352K, committed 91392K, reserved 1128448K
  class space    used 11092K, capacity 11488K, committed 11520K, reserved 1048576K
2023-08-21T00:01:42.577+0600: 28009.905: [GC (Allocation Failure) [PSYoungGen: 235835K->8233K(224256K)] 335678K->108115K(436736K), 0.0138756 secs] [Times: user=0.02 sys=0.00, real=0.02 secs] 
Heap after GC invocations=60 (full 3):
 PSYoungGen      total 224256K, used 8233K [0x00000000d5580000, 0x00000000e5800000, 0x0000000100000000)
  eden space 215552K, 0% used [0x00000000d5580000,0x00000000d5580000,0x00000000e2800000)
  from space 8704K, 94% used [0x00000000e2e00000,0x00000000e360a4d8,0x00000000e3680000)
  to   space 24576K, 0% used [0x00000000e4000000,0x00000000e4000000,0x00000000e5800000)
 ParOldGen       total 212480K, used 99882K [0x0000000080000000, 0x000000008cf80000, 0x00000000d5580000)
  object space 212480K, 47% used [0x0000000080000000,0x000000008618aab0,0x000000008cf80000)
 Metaspace       used 89256K, capacity 91352K, committed 91392K, reserved 1128448K
  class space    used 11092K, capacity 11488K, committed 11520K, reserved 1048576K
}
{Heap before GC invocations=61 (full 3):
 PSYoungGen      total 224256K, used 222714K [0x00000000d5580000, 0x00000000e5800000, 0x0000000100000000)
  eden space 215552K, 99% used [0x00000000d5580000,0x00000000e26f4670,0x00000000e2800000)
  from space 8704K, 94% used [0x00000000e2e00000,0x00000000e360a4d8,0x00000000e3680000)
  to   space 24576K, 0% used [0x00000000e4000000,0x00000000e4000000,0x00000000e5800000)
 ParOldGen       total 212480K, used 99882K [0x0000000080000000, 0x000000008cf80000, 0x00000000d5580000)
  object space 212480K, 47% used [0x0000000080000000,0x000000008618aab0,0x000000008cf80000)
 Metaspace       used 89259K, capacity 91352K, committed 91392K, reserved 1128448K
  class space    used 11092K, capacity 11488K, committed 11520K, reserved 1048576K
2023-08-21T00:01:44.916+0600: 28012.244: [GC (Allocation Failure) [PSYoungGen: 222714K->10258K(225792K)] 322597K->110180K(438272K), 0.0136173 secs] [Times: user=0.02 sys=0.00, real=0.02 secs] 
Heap after GC invocations=61 (full 3):
 PSYoungGen      total 225792K, used 10258K [0x00000000d5580000, 0x00000000e5000000, 0x0000000100000000)
  eden space 209408K, 0% used [0x00000000d5580000,0x00000000d5580000,0x00000000e2200000)
  from space 16384K, 62% used [0x00000000e4000000,0x00000000e4a04990,0x00000000e5000000)
  to   space 23552K, 0% used [0x00000000e2200000,0x00000000e2200000,0x00000000e3900000)
 ParOldGen       total 212480K, used 99922K [0x0000000080000000, 0x000000008cf80000, 0x00000000d5580000)
  object space 212480K, 47% used [0x0000000080000000,0x0000000086194a10,0x000000008cf80000)
 Metaspace       used 89259K, capacity 91352K, committed 91392K, reserved 1128448K
  class space    used 11092K, capacity 11488K, committed 11520K, reserved 1048576K
}
{Heap before GC invocations=62 (full 3):
 PSYoungGen      total 225792K, used 216161K [0x00000000d5580000, 0x00000000e5000000, 0x0000000100000000)
  eden space 209408K, 98% used [0x00000000d5580000,0x00000000e1e93dc0,0x00000000e2200000)
  from space 16384K, 62% used [0x00000000e4000000,0x00000000e4a04990,0x00000000e5000000)
  to   space 23552K, 0% used [0x00000000e2200000,0x00000000e2200000,0x00000000e3900000)
 ParOldGen       total 212480K, used 99922K [0x0000000080000000, 0x000000008cf80000, 0x00000000d5580000)
  object space 212480K, 47% used [0x0000000080000000,0x0000000086194a10,0x000000008cf80000)
 Metaspace       used 89259K, capacity 91352K, committed 91392K, reserved 1128448K
  class space    used 11092K, capacity 11488K, committed 11520K, reserved 1048576K
2023-08-21T00:01:45.956+0600: 28013.285: [GC (Allocation Failure) [PSYoungGen: 216161K->14011K(218112K)] 316084K->113966K(430592K), 0.0161411 secs] [Times: user=0.03 sys=0.00, real=0.02 secs] 
Heap after GC invocations=62 (full 3):
 PSYoungGen      total 218112K, used 14011K [0x00000000d5580000, 0x00000000e4980000, 0x0000000100000000)
  eden space 203776K, 0% used [0x00000000d5580000,0x00000000d5580000,0x00000000e1c80000)
  from space 14336K, 97% used [0x00000000e2200000,0x00000000e2faefe8,0x00000000e3000000)
  to   space 23040K, 0% used [0x00000000e3300000,0x00000000e3300000,0x00000000e4980000)
 ParOldGen       total 212480K, used 99954K [0x0000000080000000, 0x000000008cf80000, 0x00000000d5580000)
  object space 212480K, 47% used [0x0000000080000000,0x000000008619c960,0x000000008cf80000)
 Metaspace       used 89259K, capacity 91352K, committed 91392K, reserved 1128448K
  class space    used 11092K, capacity 11488K, committed 11520K, reserved 1048576K
}
{Heap before GC invocations=63 (full 3):
 PSYoungGen      total 218112K, used 214811K [0x00000000d5580000, 0x00000000e4980000, 0x0000000100000000)
  eden space 203776K, 98% used [0x00000000d5580000,0x00000000e1997d50,0x00000000e1c80000)
  from space 14336K, 97% used [0x00000000e2200000,0x00000000e2faefe8,0x00000000e3000000)
  to   space 23040K, 0% used [0x00000000e3300000,0x00000000e3300000,0x00000000e4980000)
 ParOldGen       total 212480K, used 99954K [0x0000000080000000, 0x000000008cf80000, 0x00000000d5580000)
  object space 212480K, 47% used [0x0000000080000000,0x000000008619c960,0x000000008cf80000)
 Metaspace       used 89259K, capacity 91352K, committed 91392K, reserved 1128448K
  class space    used 11092K, capacity 11488K, committed 11520K, reserved 1048576K
2023-08-21T00:01:48.086+0600: 28015.414: [GC (Allocation Failure) [PSYoungGen: 214811K->14171K(215552K)] 314765K->114141K(428032K), 0.0124390 secs] [Times: user=0.02 sys=0.00, real=0.01 secs] 
Heap after GC invocations=63 (full 3):
 PSYoungGen      total 215552K, used 14171K [0x00000000d5580000, 0x00000000e4400000, 0x0000000100000000)
  eden space 198144K, 0% used [0x00000000d5580000,0x00000000d5580000,0x00000000e1700000)
  from space 17408K, 81% used [0x00000000e3300000,0x00000000e40d6e58,0x00000000e4400000)
  to   space 23040K, 0% used [0x00000000e1700000,0x00000000e1700000,0x00000000e2d80000)
 ParOldGen       total 212480K, used 99970K [0x0000000080000000, 0x000000008cf80000, 0x00000000d5580000)
  object space 212480K, 47% used [0x0000000080000000,0x00000000861a0960,0x000000008cf80000)
 Metaspace       used 89259K, capacity 91352K, committed 91392K, reserved 1128448K
  class space    used 11092K, capacity 11488K, committed 11520K, reserved 1048576K
}
{Heap before GC invocations=64 (full 3):
 PSYoungGen      total 215552K, used 212050K [0x00000000d5580000, 0x00000000e4400000, 0x0000000100000000)
  eden space 198144K, 99% used [0x00000000d5580000,0x00000000e16bda48,0x00000000e1700000)
  from space 17408K, 81% used [0x00000000e3300000,0x00000000e40d6e58,0x00000000e4400000)
  to   space 23040K, 0% used [0x00000000e1700000,0x00000000e1700000,0x00000000e2d80000)
 ParOldGen       total 212480K, used 99970K [0x0000000080000000, 0x000000008cf80000, 0x00000000d5580000)
  object space 212480K, 47% used [0x0000000080000000,0x00000000861a0960,0x000000008cf80000)
 Metaspace       used 89259K, capacity 91352K, committed 91392K, reserved 1128448K
  class space    used 11092K, capacity 11488K, committed 11520K, reserved 1048576K
2023-08-21T00:01:49.247+0600: 28016.576: [GC (Allocation Failure) [PSYoungGen: 212050K->14043K(207360K)] 312020K->114116K(419840K), 0.0156738 secs] [Times: user=0.02 sys=0.00, real=0.02 secs] 
Heap after GC invocations=64 (full 3):
 PSYoungGen      total 207360K, used 14043K [0x00000000d5580000, 0x00000000e3e00000, 0x0000000100000000)
  eden space 193024K, 0% used [0x00000000d5580000,0x00000000d5580000,0x00000000e1200000)
  from space 14336K, 97% used [0x00000000e1700000,0x00000000e24b6e48,0x00000000e2500000)
  to   space 22528K, 0% used [0x00000000e2800000,0x00000000e2800000,0x00000000e3e00000)
 ParOldGen       total 212480K, used 100073K [0x0000000080000000, 0x000000008cf80000, 0x00000000d5580000)
  object space 212480K, 47% used [0x0000000080000000,0x00000000861ba540,0x000000008cf80000)
 Metaspace       used 89259K, capacity 91352K, committed 91392K, reserved 1128448K
  class space    used 11092K, capacity 11488K, committed 11520K, reserved 1048576K
}
{Heap before GC invocations=65 (full 3):
 PSYoungGen      total 207360K, used 206008K [0x00000000d5580000, 0x00000000e3e00000, 0x0000000100000000)
  eden space 193024K, 99% used [0x00000000d5580000,0x00000000e10f7400,0x00000000e1200000)
  from space 14336K, 97% used [0x00000000e1700000,0x00000000e24b6e48,0x00000000e2500000)
  to   space 22528K, 0% used [0x00000000e2800000,0x00000000e2800000,0x00000000e3e00000)
 ParOldGen       total 212480K, used 100073K [0x0000000080000000, 0x000000008cf80000, 0x00000000d5580000)
  object space 212480K, 47% used [0x0000000080000000,0x00000000861ba540,0x000000008cf80000)
 Metaspace       used 89259K, capacity 91352K, committed 91392K, reserved 1128448K
  class space    used 11092K, capacity 11488K, committed 11520K, reserved 1048576K
2023-08-21T00:01:51.313+0600: 28018.641: [GC (Allocation Failure) [PSYoungGen: 206008K->6821K(205312K)] 306081K->106926K(417792K), 0.0127028 secs] [Times: user=0.02 sys=0.00, real=0.01 secs] 
Heap after GC invocations=65 (full 3):
 PSYoungGen      total 205312K, used 6821K [0x00000000d5580000, 0x00000000e3900000, 0x0000000100000000)
  eden space 187904K, 0% used [0x00000000d5580000,0x00000000d5580000,0x00000000e0d00000)
  from space 17408K, 39% used [0x00000000e2800000,0x00000000e2ea96a8,0x00000000e3900000)
  to   space 22528K, 0% used [0x00000000e0d00000,0x00000000e0d00000,0x00000000e2300000)
 ParOldGen       total 212480K, used 100104K [0x0000000080000000, 0x000000008cf80000, 0x00000000d5580000)
  object space 212480K, 47% used [0x0000000080000000,0x00000000861c23e0,0x000000008cf80000)
 Metaspace       used 89259K, capacity 91352K, committed 91392K, reserved 1128448K
  class space    used 11092K, capacity 11488K, committed 11520K, reserved 1048576K
}
{Heap before GC invocations=66 (full 3):
 PSYoungGen      total 205312K, used 193596K [0x00000000d5580000, 0x00000000e3900000, 0x0000000100000000)
  eden space 187904K, 99% used [0x00000000d5580000,0x00000000e0be5cc0,0x00000000e0d00000)
  from space 17408K, 39% used [0x00000000e2800000,0x00000000e2ea96a8,0x00000000e3900000)
  to   space 22528K, 0% used [0x00000000e0d00000,0x00000000e0d00000,0x00000000e2300000)
 ParOldGen       total 212480K, used 100104K [0x0000000080000000, 0x000000008cf80000, 0x00000000d5580000)
  object space 212480K, 47% used [0x0000000080000000,0x00000000861c23e0,0x000000008cf80000)
 Metaspace       used 89259K, capacity 91352K, committed 91392K, reserved 1128448K
  class space    used 11092K, capacity 11488K, committed 11520K, reserved 1048576K
2023-08-21T00:01:52.338+0600: 28019.667: [GC (Allocation Failure) [PSYoungGen: 193596K->14302K(197632K)] 293701K->114423K(410112K), 0.0156583 secs] [Times: user=0.02 sys=0.00, real=0.02 secs] 
Heap after GC invocations=66 (full 3):
 PSYoungGen      total 197632K, used 14302K [0x00000000d5580000, 0x00000000e3480000, 0x0000000100000000)
  eden space 183296K, 0% used [0x00000000d5580000,0x00000000d5580000,0x00000000e0880000)
  from space 14336K, 99% used [0x00000000e0d00000,0x00000000e1af79b0,0x00000000e1b00000)
  to   space 22528K, 0% used [0x00000000e1e80000,0x00000000e1e80000,0x00000000e3480000)
 ParOldGen       total 212480K, used 100120K [0x0000000080000000, 0x000000008cf80000, 0x00000000d5580000)
  object space 212480K, 47% used [0x0000000080000000,0x00000000861c63e0,0x000000008cf80000)
 Metaspace       used 89259K, capacity 91352K, committed 91392K, reserved 1128448K
  class space    used 11092K, capacity 11488K, committed 11520K, reserved 1048576K
}
{Heap before GC invocations=67 (full 3):
 PSYoungGen      total 197632K, used 197598K [0x00000000d5580000, 0x00000000e3480000, 0x0000000100000000)
  eden space 183296K, 100% used [0x00000000d5580000,0x00000000e0880000,0x00000000e0880000)
  from space 14336K, 99% used [0x00000000e0d00000,0x00000000e1af79b0,0x00000000e1b00000)
  to   space 22528K, 0% used [0x00000000e1e80000,0x00000000e1e80000,0x00000000e3480000)
 ParOldGen       total 212480K, used 100120K [0x0000000080000000, 0x000000008cf80000, 0x00000000d5580000)
  object space 212480K, 47% used [0x0000000080000000,0x00000000861c63e0,0x000000008cf80000)
 Metaspace       used 89265K, capacity 91352K, committed 91392K, reserved 1128448K
  class space    used 11092K, capacity 11488K, committed 11520K, reserved 1048576K
2023-08-21T00:01:52.968+0600: 28020.296: [GC (Allocation Failure) [PSYoungGen: 197598K->8361K(195584K)] 297719K->108514K(408064K), 0.0081722 secs] [Times: user=0.02 sys=0.00, real=0.01 secs] 
Heap after GC invocations=67 (full 3):
 PSYoungGen      total 195584K, used 8361K [0x00000000d5580000, 0x00000000e2f00000, 0x0000000100000000)
  eden space 178688K, 0% used [0x00000000d5580000,0x00000000d5580000,0x00000000e0400000)
  from space 16896K, 49% used [0x00000000e1e80000,0x00000000e26aa4e8,0x00000000e2f00000)
  to   space 22016K, 0% used [0x00000000e0400000,0x00000000e0400000,0x00000000e1980000)
 ParOldGen       total 212480K, used 100152K [0x0000000080000000, 0x000000008cf80000, 0x00000000d5580000)
  object space 212480K, 47% used [0x0000000080000000,0x00000000861ce330,0x000000008cf80000)
 Metaspace       used 89265K, capacity 91352K, committed 91392K, reserved 1128448K
  class space    used 11092K, capacity 11488K, committed 11520K, reserved 1048576K
}
{Heap before GC invocations=68 (full 3):
 PSYoungGen      total 195584K, used 185825K [0x00000000d5580000, 0x00000000e2f00000, 0x0000000100000000)
  eden space 178688K, 99% used [0x00000000d5580000,0x00000000e02ce1f0,0x00000000e0400000)
  from space 16896K, 49% used [0x00000000e1e80000,0x00000000e26aa4e8,0x00000000e2f00000)
  to   space 22016K, 0% used [0x00000000e0400000,0x00000000e0400000,0x00000000e1980000)
 ParOldGen       total 212480K, used 100152K [0x0000000080000000, 0x000000008cf80000, 0x00000000d5580000)
  object space 212480K, 47% used [0x0000000080000000,0x00000000861ce330,0x000000008cf80000)
 Metaspace       used 89265K, capacity 91352K, committed 91392K, reserved 1128448K
  class space    used 11092K, capacity 11488K, committed 11520K, reserved 1048576K
2023-08-21T00:01:55.369+0600: 28022.698: [GC (Allocation Failure) [PSYoungGen: 185825K->10386K(184832K)] 285978K->110570K(397312K), 0.0124516 secs] [Times: user=0.02 sys=0.00, real=0.01 secs] 
Heap after GC invocations=68 (full 3):
 PSYoungGen      total 184832K, used 10386K [0x00000000d5580000, 0x00000000e2880000, 0x0000000100000000)
  eden space 174080K, 0% used [0x00000000d5580000,0x00000000d5580000,0x00000000dff80000)
  from space 10752K, 96% used [0x00000000e0400000,0x00000000e0e249a0,0x00000000e0e80000)
  to   space 20992K, 0% used [0x00000000e1400000,0x00000000e1400000,0x00000000e2880000)
 ParOldGen       total 212480K, used 100184K [0x0000000080000000, 0x000000008cf80000, 0x00000000d5580000)
  object space 212480K, 47% used [0x0000000080000000,0x00000000861d61d0,0x000000008cf80000)
 Metaspace       used 89265K, capacity 91352K, committed 91392K, reserved 1128448K
  class space    used 11092K, capacity 11488K, committed 11520K, reserved 1048576K
}
{Heap before GC invocations=69 (full 3):
 PSYoungGen      total 184832K, used 182264K [0x00000000d5580000, 0x00000000e2880000, 0x0000000100000000)
  eden space 174080K, 98% used [0x00000000d5580000,0x00000000dfd59768,0x00000000dff80000)
  from space 10752K, 96% used [0x00000000e0400000,0x00000000e0e249a0,0x00000000e0e80000)
  to   space 20992K, 0% used [0x00000000e1400000,0x00000000e1400000,0x00000000e2880000)
 ParOldGen       total 212480K, used 100184K [0x0000000080000000, 0x000000008cf80000, 0x00000000d5580000)
  object space 212480K, 47% used [0x0000000080000000,0x00000000861d61d0,0x000000008cf80000)
 Metaspace       used 89265K, capacity 91352K, committed 91392K, reserved 1128448K
  class space    used 11092K, capacity 11488K, committed 11520K, reserved 1048576K
2023-08-21T00:01:56.289+0600: 28023.618: [GC (Allocation Failure) [PSYoungGen: 182264K->14171K(186880K)] 282448K->114380K(399360K), 0.0130144 secs] [Times: user=0.02 sys=0.00, real=0.01 secs] 
Heap after GC invocations=69 (full 3):
 PSYoungGen      total 186880K, used 14171K [0x00000000d5580000, 0x00000000e2480000, 0x0000000100000000)
  eden space 169984K, 0% used [0x00000000d5580000,0x00000000d5580000,0x00000000dfb80000)
  from space 16896K, 83% used [0x00000000e1400000,0x00000000e21d6ff0,0x00000000e2480000)
  to   space 20992K, 0% used [0x00000000dfb80000,0x00000000dfb80000,0x00000000e1000000)
 ParOldGen       total 212480K, used 100208K [0x0000000080000000, 0x000000008cf80000, 0x00000000d5580000)
  object space 212480K, 47% used [0x0000000080000000,0x00000000861dc120,0x000000008cf80000)
 Metaspace       used 89265K, capacity 91352K, committed 91392K, reserved 1128448K
  class space    used 11092K, capacity 11488K, committed 11520K, reserved 1048576K
}
{Heap before GC invocations=70 (full 3):
 PSYoungGen      total 186880K, used 180441K [0x00000000d5580000, 0x00000000e2480000, 0x0000000100000000)
  eden space 169984K, 97% used [0x00000000d5580000,0x00000000df7df738,0x00000000dfb80000)
  from space 16896K, 83% used [0x00000000e1400000,0x00000000e21d6ff0,0x00000000e2480000)
  to   space 20992K, 0% used [0x00000000dfb80000,0x00000000dfb80000,0x00000000e1000000)
 ParOldGen       total 212480K, used 100208K [0x0000000080000000, 0x000000008cf80000, 0x00000000d5580000)
  object space 212480K, 47% used [0x0000000080000000,0x00000000861dc120,0x000000008cf80000)
 Metaspace       used 89266K, capacity 91352K, committed 91392K, reserved 1128448K
  class space    used 11093K, capacity 11488K, committed 11520K, reserved 1048576K
2023-08-21T00:01:58.231+0600: 28025.559: [GC (Allocation Failure) [PSYoungGen: 180441K->6882K(173056K)] 280650K->107122K(385536K), 0.0114212 secs] [Times: user=0.02 sys=0.00, real=0.01 secs] 
Heap after GC invocations=70 (full 3):
 PSYoungGen      total 173056K, used 6882K [0x00000000d5580000, 0x00000000e2080000, 0x0000000100000000)
  eden space 165888K, 0% used [0x00000000d5580000,0x00000000d5580000,0x00000000df780000)
  from space 7168K, 96% used [0x00000000dfb80000,0x00000000e0238840,0x00000000e0280000)
  to   space 20992K, 0% used [0x00000000e0c00000,0x00000000e0c00000,0x00000000e2080000)
 ParOldGen       total 212480K, used 100239K [0x0000000080000000, 0x000000008cf80000, 0x00000000d5580000)
  object space 212480K, 47% used [0x0000000080000000,0x00000000861e3fc0,0x000000008cf80000)
 Metaspace       used 89266K, capacity 91352K, committed 91392K, reserved 1128448K
  class space    used 11093K, capacity 11488K, committed 11520K, reserved 1048576K
}
{Heap before GC invocations=71 (full 3):
 PSYoungGen      total 173056K, used 171151K [0x00000000d5580000, 0x00000000e2080000, 0x0000000100000000)
  eden space 165888K, 99% used [0x00000000d5580000,0x00000000df5eb730,0x00000000df780000)
  from space 7168K, 96% used [0x00000000dfb80000,0x00000000e0238840,0x00000000e0280000)
  to   space 20992K, 0% used [0x00000000e0c00000,0x00000000e0c00000,0x00000000e2080000)
 ParOldGen       total 212480K, used 100239K [0x0000000080000000, 0x000000008cf80000, 0x00000000d5580000)
  object space 212480K, 47% used [0x0000000080000000,0x00000000861e3fc0,0x000000008cf80000)
 Metaspace       used 89266K, capacity 91352K, committed 91392K, reserved 1128448K
  class space    used 11093K, capacity 11488K, committed 11520K, reserved 1048576K
2023-08-21T00:01:59.199+0600: 28026.528: [GC (Allocation Failure) [PSYoungGen: 171151K->10354K(177664K)] 271391K->110602K(390144K), 0.0133935 secs] [Times: user=0.02 sys=0.00, real=0.02 secs] 
Heap after GC invocations=71 (full 3):
 PSYoungGen      total 177664K, used 10354K [0x00000000d5580000, 0x00000000e1b80000, 0x0000000100000000)
  eden space 161792K, 0% used [0x00000000d5580000,0x00000000d5580000,0x00000000df380000)
  from space 15872K, 65% used [0x00000000e0c00000,0x00000000e161c9a0,0x00000000e1b80000)
  to   space 20480K, 0% used [0x00000000df380000,0x00000000df380000,0x00000000e0780000)
 ParOldGen       total 212480K, used 100247K [0x0000000080000000, 0x000000008cf80000, 0x00000000d5580000)
  object space 212480K, 47% used [0x0000000080000000,0x00000000861e5fc0,0x000000008cf80000)
 Metaspace       used 89266K, capacity 91352K, committed 91392K, reserved 1128448K
  class space    used 11093K, capacity 11488K, committed 11520K, reserved 1048576K
}
{Heap before GC invocations=72 (full 3):
 PSYoungGen      total 177664K, used 172146K [0x00000000d5580000, 0x00000000e1b80000, 0x0000000100000000)
  eden space 161792K, 100% used [0x00000000d5580000,0x00000000df380000,0x00000000df380000)
  from space 15872K, 65% used [0x00000000e0c00000,0x00000000e161c9a0,0x00000000e1b80000)
  to   space 20480K, 0% used [0x00000000df380000,0x00000000df380000,0x00000000e0780000)
 ParOldGen       total 212480K, used 100247K [0x0000000080000000, 0x000000008cf80000, 0x00000000d5580000)
  object space 212480K, 47% used [0x0000000080000000,0x00000000861e5fc0,0x000000008cf80000)
 Metaspace       used 89266K, capacity 91352K, committed 91392K, reserved 1128448K
  class space    used 11093K, capacity 11488K, committed 11520K, reserved 1048576K
2023-08-21T00:01:59.776+0600: 28027.104: [GC (Allocation Failure) [PSYoungGen: 172146K->8137K(182272K)] 272394K->108416K(394752K), 0.0086547 secs] [Times: user=0.01 sys=0.00, real=0.01 secs] 
Heap after GC invocations=72 (full 3):
 PSYoungGen      total 182272K, used 8137K [0x00000000d5580000, 0x00000000e2280000, 0x0000000100000000)
  eden space 161792K, 0% used [0x00000000d5580000,0x00000000d5580000,0x00000000df380000)
  from space 20480K, 39% used [0x00000000df380000,0x00000000dfb724e8,0x00000000e0780000)
  to   space 19968K, 0% used [0x00000000e0f00000,0x00000000e0f00000,0x00000000e2280000)
 ParOldGen       total 212480K, used 100279K [0x0000000080000000, 0x000000008cf80000, 0x00000000d5580000)
  object space 212480K, 47% used [0x0000000080000000,0x00000000861edf10,0x000000008cf80000)
 Metaspace       used 89266K, capacity 91352K, committed 91392K, reserved 1128448K
  class space    used 11093K, capacity 11488K, committed 11520K, reserved 1048576K
}
{Heap before GC invocations=73 (full 3):
 PSYoungGen      total 182272K, used 167597K [0x00000000d5580000, 0x00000000e2280000, 0x0000000100000000)
  eden space 161792K, 98% used [0x00000000d5580000,0x00000000df1391a8,0x00000000df380000)
  from space 20480K, 39% used [0x00000000df380000,0x00000000dfb724e8,0x00000000e0780000)
  to   space 19968K, 0% used [0x00000000e0f00000,0x00000000e0f00000,0x00000000e2280000)
 ParOldGen       total 212480K, used 100279K [0x0000000080000000, 0x000000008cf80000, 0x00000000d5580000)
  object space 212480K, 47% used [0x0000000080000000,0x00000000861edf10,0x000000008cf80000)
 Metaspace       used 89266K, capacity 91352K, committed 91392K, reserved 1128448K
  class space    used 11093K, capacity 11488K, committed 11520K, reserved 1048576K
2023-08-21T00:02:02.025+0600: 28029.353: [GC (Allocation Failure) [PSYoungGen: 167597K->14171K(172544K)] 267877K->114475K(385024K), 0.0109461 secs] [Times: user=0.02 sys=0.00, real=0.01 secs] 
Heap after GC invocations=73 (full 3):
 PSYoungGen      total 172544K, used 14171K [0x00000000d5580000, 0x00000000e1d00000, 0x0000000100000000)
  eden space 158208K, 0% used [0x00000000d5580000,0x00000000d5580000,0x00000000df000000)
  from space 14336K, 98% used [0x00000000e0f00000,0x00000000e1cd6e58,0x00000000e1d00000)
  to   space 20480K, 0% used [0x00000000df500000,0x00000000df500000,0x00000000e0900000)
 ParOldGen       total 212480K, used 100303K [0x0000000080000000, 0x000000008cf80000, 0x00000000d5580000)
  object space 212480K, 47% used [0x0000000080000000,0x00000000861f3f10,0x000000008cf80000)
 Metaspace       used 89266K, capacity 91352K, committed 91392K, reserved 1128448K
  class space    used 11093K, capacity 11488K, committed 11520K, reserved 1048576K
}
{Heap before GC invocations=74 (full 3):
 PSYoungGen      total 172544K, used 169582K [0x00000000d5580000, 0x00000000e1d00000, 0x0000000100000000)
  eden space 158208K, 98% used [0x00000000d5580000,0x00000000ded44d10,0x00000000df000000)
  from space 14336K, 98% used [0x00000000e0f00000,0x00000000e1cd6e58,0x00000000e1d00000)
  to   space 20480K, 0% used [0x00000000df500000,0x00000000df500000,0x00000000e0900000)
 ParOldGen       total 212480K, used 100303K [0x0000000080000000, 0x000000008cf80000, 0x00000000d5580000)
  object space 212480K, 47% used [0x0000000080000000,0x00000000861f3f10,0x000000008cf80000)
 Metaspace       used 89266K, capacity 91352K, committed 91392K, reserved 1128448K
  class space    used 11093K, capacity 11488K, committed 11520K, reserved 1048576K
2023-08-21T00:02:02.940+0600: 28030.269: [GC (Allocation Failure) [PSYoungGen: 169582K->10258K(165376K)] 269886K->110665K(377856K), 0.0137064 secs] [Times: user=0.02 sys=0.00, real=0.01 secs] 
Heap after GC invocations=74 (full 3):
 PSYoungGen      total 165376K, used 10258K [0x00000000d5580000, 0x00000000e1280000, 0x0000000100000000)
  eden space 154624K, 0% used [0x00000000d5580000,0x00000000d5580000,0x00000000dec80000)
  from space 10752K, 95% used [0x00000000df500000,0x00000000dff049a0,0x00000000dff80000)
  to   space 19456K, 0% used [0x00000000dff80000,0x00000000dff80000,0x00000000e1280000)
 ParOldGen       total 212480K, used 100407K [0x0000000080000000, 0x000000008cf80000, 0x00000000d5580000)
  object space 212480K, 47% used [0x0000000080000000,0x000000008620dde0,0x000000008cf80000)
 Metaspace       used 89266K, capacity 91352K, committed 91392K, reserved 1128448K
  class space    used 11093K, capacity 11488K, committed 11520K, reserved 1048576K
}
{Heap before GC invocations=75 (full 3):
 PSYoungGen      total 165376K, used 164882K [0x00000000d5580000, 0x00000000e1280000, 0x0000000100000000)
  eden space 154624K, 100% used [0x00000000d5580000,0x00000000dec80000,0x00000000dec80000)
  from space 10752K, 95% used [0x00000000df500000,0x00000000dff049a0,0x00000000dff80000)
  to   space 19456K, 0% used [0x00000000dff80000,0x00000000dff80000,0x00000000e1280000)
 ParOldGen       total 212480K, used 100407K [0x0000000080000000, 0x000000008cf80000, 0x00000000d5580000)
  object space 212480K, 47% used [0x0000000080000000,0x000000008620dde0,0x000000008cf80000)
 Metaspace       used 89266K, capacity 91352K, committed 91392K, reserved 1128448K
  class space    used 11093K, capacity 11488K, committed 11520K, reserved 1048576K
2023-08-21T00:02:03.397+0600: 28030.725: [GC (Allocation Failure) [PSYoungGen: 164882K->8393K(174080K)] 265289K->108832K(386560K), 0.0073026 secs] [Times: user=0.01 sys=0.00, real=0.01 secs] 
Heap after GC invocations=75 (full 3):
 PSYoungGen      total 174080K, used 8393K [0x00000000d5580000, 0x00000000e1a80000, 0x0000000100000000)
  eden space 154624K, 0% used [0x00000000d5580000,0x00000000d5580000,0x00000000dec80000)
  from space 19456K, 43% used [0x00000000dff80000,0x00000000e07b24e8,0x00000000e1280000)
  to   space 19456K, 0% used [0x00000000dec80000,0x00000000dec80000,0x00000000dff80000)
 ParOldGen       total 212480K, used 100439K [0x0000000080000000, 0x000000008cf80000, 0x00000000d5580000)
  object space 212480K, 47% used [0x0000000080000000,0x0000000086215d30,0x000000008cf80000)
 Metaspace       used 89266K, capacity 91352K, committed 91392K, reserved 1128448K
  class space    used 11093K, capacity 11488K, committed 11520K, reserved 1048576K
}
{Heap before GC invocations=76 (full 3):
 PSYoungGen      total 174080K, used 160246K [0x00000000d5580000, 0x00000000e1a80000, 0x0000000100000000)
  eden space 154624K, 98% used [0x00000000d5580000,0x00000000de9cb580,0x00000000dec80000)
  from space 19456K, 43% used [0x00000000dff80000,0x00000000e07b24e8,0x00000000e1280000)
  to   space 19456K, 0% used [0x00000000dec80000,0x00000000dec80000,0x00000000dff80000)
 ParOldGen       total 212480K, used 100439K [0x0000000080000000, 0x000000008cf80000, 0x00000000d5580000)
  object space 212480K, 47% used [0x0000000080000000,0x0000000086215d30,0x000000008cf80000)
 Metaspace       used 89267K, capacity 91352K, committed 91392K, reserved 1128448K
  class space    used 11093K, capacity 11488K, committed 11520K, reserved 1048576K
2023-08-21T00:02:05.590+0600: 28032.919: [GC (Allocation Failure) [PSYoungGen: 160246K->14075K(165376K)] 260685K->114522K(377856K), 0.0126447 secs] [Times: user=0.02 sys=0.00, real=0.01 secs] 
Heap after GC invocations=76 (full 3):
 PSYoungGen      total 165376K, used 14075K [0x00000000d5580000, 0x00000000e0f00000, 0x0000000100000000)
  eden space 151040K, 0% used [0x00000000d5580000,0x00000000d5580000,0x00000000de900000)
  from space 14336K, 98% used [0x00000000dec80000,0x00000000dfa3ee58,0x00000000dfa80000)
  to   space 19456K, 0% used [0x00000000dfc00000,0x00000000dfc00000,0x00000000e0f00000)
 ParOldGen       total 212480K, used 100447K [0x0000000080000000, 0x000000008cf80000, 0x00000000d5580000)
  object space 212480K, 47% used [0x0000000080000000,0x0000000086217d30,0x000000008cf80000)
 Metaspace       used 89267K, capacity 91352K, committed 91392K, reserved 1128448K
  class space    used 11093K, capacity 11488K, committed 11520K, reserved 1048576K
}
{Heap before GC invocations=77 (full 3):
 PSYoungGen      total 165376K, used 161885K [0x00000000d5580000, 0x00000000e0f00000, 0x0000000100000000)
  eden space 151040K, 97% used [0x00000000d5580000,0x00000000de5d87a8,0x00000000de900000)
  from space 14336K, 98% used [0x00000000dec80000,0x00000000dfa3ee58,0x00000000dfa80000)
  to   space 19456K, 0% used [0x00000000dfc00000,0x00000000dfc00000,0x00000000e0f00000)
 ParOldGen       total 212480K, used 100447K [0x0000000080000000, 0x000000008cf80000, 0x00000000d5580000)
  object space 212480K, 47% used [0x0000000080000000,0x0000000086217d30,0x000000008cf80000)
 Metaspace       used 89267K, capacity 91352K, committed 91392K, reserved 1128448K
  class space    used 11093K, capacity 11488K, committed 11520K, reserved 1048576K
2023-08-21T00:02:06.514+0600: 28033.843: [GC (Allocation Failure) [PSYoungGen: 161885K->10290K(171008K)] 262332K->110745K(383488K), 0.0122331 secs] [Times: user=0.02 sys=0.00, real=0.01 secs] 
Heap after GC invocations=77 (full 3):
 PSYoungGen      total 171008K, used 10290K [0x00000000d5580000, 0x00000000e1580000, 0x0000000100000000)
  eden space 151552K, 0% used [0x00000000d5580000,0x00000000d5580000,0x00000000de980000)
  from space 19456K, 52% used [0x00000000dfc00000,0x00000000e060c9a0,0x00000000e0f00000)
  to   space 18944K, 0% used [0x00000000de980000,0x00000000de980000,0x00000000dfc00000)
 ParOldGen       total 212480K, used 100455K [0x0000000080000000, 0x000000008cf80000, 0x00000000d5580000)
  object space 212480K, 47% used [0x0000000080000000,0x0000000086219d30,0x000000008cf80000)
 Metaspace       used 89267K, capacity 91352K, committed 91392K, reserved 1128448K
  class space    used 11093K, capacity 11488K, committed 11520K, reserved 1048576K
}
{Heap before GC invocations=78 (full 3):
 PSYoungGen      total 171008K, used 161842K [0x00000000d5580000, 0x00000000e1580000, 0x0000000100000000)
  eden space 151552K, 100% used [0x00000000d5580000,0x00000000de980000,0x00000000de980000)
  from space 19456K, 52% used [0x00000000dfc00000,0x00000000e060c9a0,0x00000000e0f00000)
  to   space 18944K, 0% used [0x00000000de980000,0x00000000de980000,0x00000000dfc00000)
 ParOldGen       total 212480K, used 100455K [0x0000000080000000, 0x000000008cf80000, 0x00000000d5580000)
  object space 212480K, 47% used [0x0000000080000000,0x0000000086219d30,0x000000008cf80000)
 Metaspace       used 89267K, capacity 91352K, committed 91392K, reserved 1128448K
  class space    used 11093K, capacity 11488K, committed 11520K, reserved 1048576K
2023-08-21T00:02:06.882+0600: 28034.210: [GC (Allocation Failure) [PSYoungGen: 161842K->8201K(170496K)] 262297K->108799K(382976K), 0.0099397 secs] [Times: user=0.01 sys=0.00, real=0.01 secs] 
Heap after GC invocations=78 (full 3):
 PSYoungGen      total 170496K, used 8201K [0x00000000d5580000, 0x00000000e1800000, 0x0000000100000000)
  eden space 151552K, 0% used [0x00000000d5580000,0x00000000d5580000,0x00000000de980000)
  from space 18944K, 43% used [0x00000000de980000,0x00000000df1824d8,0x00000000dfc00000)
  to   space 18944K, 0% used [0x00000000e0580000,0x00000000e0580000,0x00000000e1800000)
 ParOldGen       total 212480K, used 100598K [0x0000000080000000, 0x000000008cf80000, 0x00000000d5580000)
  object space 212480K, 47% used [0x0000000080000000,0x000000008623d9f0,0x000000008cf80000)
 Metaspace       used 89267K, capacity 91352K, committed 91392K, reserved 1128448K
  class space    used 11093K, capacity 11488K, committed 11520K, reserved 1048576K
}
{Heap before GC invocations=79 (full 3):
 PSYoungGen      total 170496K, used 156387K [0x00000000d5580000, 0x00000000e1800000, 0x0000000100000000)
  eden space 151552K, 97% used [0x00000000d5580000,0x00000000de636808,0x00000000de980000)
  from space 18944K, 43% used [0x00000000de980000,0x00000000df1824d8,0x00000000dfc00000)
  to   space 18944K, 0% used [0x00000000e0580000,0x00000000e0580000,0x00000000e1800000)
 ParOldGen       total 212480K, used 100598K [0x0000000080000000, 0x000000008cf80000, 0x00000000d5580000)
  object space 212480K, 47% used [0x0000000080000000,0x000000008623d9f0,0x000000008cf80000)
 Metaspace       used 89267K, capacity 91352K, committed 91392K, reserved 1128448K
  class space    used 11093K, capacity 11488K, committed 11520K, reserved 1048576K
2023-08-21T00:02:09.132+0600: 28036.461: [GC (Allocation Failure) [PSYoungGen: 156387K->13947K(178176K)] 256985K->114546K(390656K), 0.0159275 secs] [Times: user=0.02 sys=0.00, real=0.01 secs] 
Heap after GC invocations=79 (full 3):
 PSYoungGen      total 178176K, used 13947K [0x00000000d5580000, 0x00000000e1700000, 0x0000000100000000)
  eden space 160256K, 0% used [0x00000000d5580000,0x00000000d5580000,0x00000000df200000)
  from space 17920K, 77% used [0x00000000e0580000,0x00000000e131ee48,0x00000000e1700000)
  to   space 18944K, 0% used [0x00000000df200000,0x00000000df200000,0x00000000e0480000)
 ParOldGen       total 212480K, used 100598K [0x0000000080000000, 0x000000008cf80000, 0x00000000d5580000)
  object space 212480K, 47% used [0x0000000080000000,0x000000008623d9f0,0x000000008cf80000)
 Metaspace       used 89267K, capacity 91352K, committed 91392K, reserved 1128448K
  class space    used 11093K, capacity 11488K, committed 11520K, reserved 1048576K
}
{Heap before GC invocations=80 (full 3):
 PSYoungGen      total 178176K, used 170593K [0x00000000d5580000, 0x00000000e1700000, 0x0000000100000000)
  eden space 160256K, 97% used [0x00000000d5580000,0x00000000dee79668,0x00000000df200000)
  from space 17920K, 77% used [0x00000000e0580000,0x00000000e131ee48,0x00000000e1700000)
  to   space 18944K, 0% used [0x00000000df200000,0x00000000df200000,0x00000000e0480000)
 ParOldGen       total 212480K, used 100598K [0x0000000080000000, 0x000000008cf80000, 0x00000000d5580000)
  object space 212480K, 47% used [0x0000000080000000,0x000000008623d9f0,0x000000008cf80000)
 Metaspace       used 89268K, capacity 91352K, committed 91392K, reserved 1128448K
  class space    used 11093K, capacity 11488K, committed 11520K, reserved 1048576K
2023-08-21T00:02:10.117+0600: 28037.446: [GC (Allocation Failure) [PSYoungGen: 170593K->10002K(179200K)] 271191K->110759K(391680K), 0.0134161 secs] [Times: user=0.02 sys=0.00, real=0.02 secs] 
Heap after GC invocations=80 (full 3):
 PSYoungGen      total 179200K, used 10002K [0x00000000d5580000, 0x00000000e1f00000, 0x0000000100000000)
  eden space 160256K, 0% used [0x00000000d5580000,0x00000000d5580000,0x00000000df200000)
  from space 18944K, 52% used [0x00000000df200000,0x00000000dfbc4980,0x00000000e0480000)
  to   space 18432K, 0% used [0x00000000e0d00000,0x00000000e0d00000,0x00000000e1f00000)
 ParOldGen       total 212480K, used 100757K [0x0000000080000000, 0x000000008cf80000, 0x00000000d5580000)
  object space 212480K, 47% used [0x0000000080000000,0x0000000086265600,0x000000008cf80000)
 Metaspace       used 89268K, capacity 91352K, committed 91392K, reserved 1128448K
  class space    used 11093K, capacity 11488K, committed 11520K, reserved 1048576K
}
{Heap before GC invocations=81 (full 3):
 PSYoungGen      total 179200K, used 170258K [0x00000000d5580000, 0x00000000e1f00000, 0x0000000100000000)
  eden space 160256K, 100% used [0x00000000d5580000,0x00000000df200000,0x00000000df200000)
  from space 18944K, 52% used [0x00000000df200000,0x00000000dfbc4980,0x00000000e0480000)
  to   space 18432K, 0% used [0x00000000e0d00000,0x00000000e0d00000,0x00000000e1f00000)
 ParOldGen       total 212480K, used 100757K [0x0000000080000000, 0x000000008cf80000, 0x00000000d5580000)
  object space 212480K, 47% used [0x0000000080000000,0x0000000086265600,0x000000008cf80000)
 Metaspace       used 89269K, capacity 91352K, committed 91392K, reserved 1128448K
  class space    used 11093K, capacity 11488K, committed 11520K, reserved 1048576K
2023-08-21T00:02:10.497+0600: 28037.826: [GC (Allocation Failure) [PSYoungGen: 170258K->8009K(187904K)] 271015K->108766K(400384K), 0.0075755 secs] [Times: user=0.02 sys=0.00, real=0.01 secs] 
Heap after GC invocations=81 (full 3):
 PSYoungGen      total 187904K, used 8009K [0x00000000d5580000, 0x00000000e1f80000, 0x0000000100000000)
  eden space 169472K, 0% used [0x00000000d5580000,0x00000000d5580000,0x00000000dfb00000)
  from space 18432K, 43% used [0x00000000e0d00000,0x00000000e14d24c8,0x00000000e1f00000)
  to   space 18432K, 0% used [0x00000000dfb00000,0x00000000dfb00000,0x00000000e0d00000)
 ParOldGen       total 212480K, used 100757K [0x0000000080000000, 0x000000008cf80000, 0x00000000d5580000)
  object space 212480K, 47% used [0x0000000080000000,0x0000000086265600,0x000000008cf80000)
 Metaspace       used 89269K, capacity 91352K, committed 91392K, reserved 1128448K
  class space    used 11093K, capacity 11488K, committed 11520K, reserved 1048576K
}
{Heap before GC invocations=82 (full 3):
 PSYoungGen      total 187904K, used 173960K [0x00000000d5580000, 0x00000000e1f80000, 0x0000000100000000)
  eden space 169472K, 97% used [0x00000000d5580000,0x00000000df78fc88,0x00000000dfb00000)
  from space 18432K, 43% used [0x00000000e0d00000,0x00000000e14d24c8,0x00000000e1f00000)
  to   space 18432K, 0% used [0x00000000dfb00000,0x00000000dfb00000,0x00000000e0d00000)
 ParOldGen       total 212480K, used 100757K [0x0000000080000000, 0x000000008cf80000, 0x00000000d5580000)
  object space 212480K, 47% used [0x0000000080000000,0x0000000086265600,0x000000008cf80000)
 Metaspace       used 89269K, capacity 91352K, committed 91392K, reserved 1128448K
  class space    used 11093K, capacity 11488K, committed 11520K, reserved 1048576K
2023-08-21T00:02:13.002+0600: 28040.331: [GC (Allocation Failure) [PSYoungGen: 173960K->10034K(187904K)] 274717K->110823K(400384K), 0.0132068 secs] [Times: user=0.02 sys=0.00, real=0.01 secs] 
Heap after GC invocations=82 (full 3):
 PSYoungGen      total 187904K, used 10034K [0x00000000d5580000, 0x00000000e2700000, 0x0000000100000000)
  eden space 169472K, 0% used [0x00000000d5580000,0x00000000d5580000,0x00000000dfb00000)
  from space 18432K, 54% used [0x00000000dfb00000,0x00000000e04cc980,0x00000000e0d00000)
  to   space 17920K, 0% used [0x00000000e1580000,0x00000000e1580000,0x00000000e2700000)
 ParOldGen       total 212480K, used 100789K [0x0000000080000000, 0x000000008cf80000, 0x00000000d5580000)
  object space 212480K, 47% used [0x0000000080000000,0x000000008626d550,0x000000008cf80000)
 Metaspace       used 89269K, capacity 91352K, committed 91392K, reserved 1128448K
  class space    used 11093K, capacity 11488K, committed 11520K, reserved 1048576K
}
{Heap before GC invocations=83 (full 3):
 PSYoungGen      total 187904K, used 177265K [0x00000000d5580000, 0x00000000e2700000, 0x0000000100000000)
  eden space 169472K, 98% used [0x00000000d5580000,0x00000000df8cfbf0,0x00000000dfb00000)
  from space 18432K, 54% used [0x00000000dfb00000,0x00000000e04cc980,0x00000000e0d00000)
  to   space 17920K, 0% used [0x00000000e1580000,0x00000000e1580000,0x00000000e2700000)
 ParOldGen       total 212480K, used 100789K [0x0000000080000000, 0x000000008cf80000, 0x00000000d5580000)
  object space 212480K, 47% used [0x0000000080000000,0x000000008626d550,0x000000008cf80000)
 Metaspace       used 89269K, capacity 91352K, committed 91392K, reserved 1128448K
  class space    used 11093K, capacity 11488K, committed 11520K, reserved 1048576K
2023-08-21T00:02:13.797+0600: 28041.126: [GC (Allocation Failure) [PSYoungGen: 177265K->13819K(196096K)] 278054K->114625K(408576K), 0.0212638 secs] [Times: user=0.04 sys=0.00, real=0.02 secs] 
Heap after GC invocations=83 (full 3):
 PSYoungGen      total 196096K, used 13819K [0x00000000d5580000, 0x00000000e2a00000, 0x0000000100000000)
  eden space 178176K, 0% used [0x00000000d5580000,0x00000000d5580000,0x00000000e0380000)
  from space 17920K, 77% used [0x00000000e1580000,0x00000000e22fefd8,0x00000000e2700000)
  to   space 18432K, 0% used [0x00000000e0380000,0x00000000e0380000,0x00000000e1580000)
 ParOldGen       total 212480K, used 100805K [0x0000000080000000, 0x000000008cf80000, 0x00000000d5580000)
  object space 212480K, 47% used [0x0000000080000000,0x0000000086271550,0x000000008cf80000)
 Metaspace       used 89269K, capacity 91352K, committed 91392K, reserved 1128448K
  class space    used 11093K, capacity 11488K, committed 11520K, reserved 1048576K
}
{Heap before GC invocations=84 (full 3):
 PSYoungGen      total 196096K, used 190503K [0x00000000d5580000, 0x00000000e2a00000, 0x0000000100000000)
  eden space 178176K, 99% used [0x00000000d5580000,0x00000000e020ac68,0x00000000e0380000)
  from space 17920K, 77% used [0x00000000e1580000,0x00000000e22fefd8,0x00000000e2700000)
  to   space 18432K, 0% used [0x00000000e0380000,0x00000000e0380000,0x00000000e1580000)
 ParOldGen       total 212480K, used 100805K [0x0000000080000000, 0x000000008cf80000, 0x00000000d5580000)
  object space 212480K, 47% used [0x0000000080000000,0x0000000086271550,0x000000008cf80000)
 Metaspace       used 89271K, capacity 91352K, committed 91392K, reserved 1128448K
  class space    used 11093K, capacity 11488K, committed 11520K, reserved 1048576K
2023-08-21T00:02:15.860+0600: 28043.189: [GC (Allocation Failure) [PSYoungGen: 190503K->13819K(196608K)] 291308K->114632K(409088K), 0.0126391 secs] [Times: user=0.02 sys=0.00, real=0.01 secs] 
Heap after GC invocations=84 (full 3):
 PSYoungGen      total 196608K, used 13819K [0x00000000d5580000, 0x00000000e3180000, 0x0000000100000000)
  eden space 178176K, 0% used [0x00000000d5580000,0x00000000d5580000,0x00000000e0380000)
  from space 18432K, 74% used [0x00000000e0380000,0x00000000e10fee38,0x00000000e1580000)
  to   space 18432K, 0% used [0x00000000e1f80000,0x00000000e1f80000,0x00000000e3180000)
 ParOldGen       total 212480K, used 100813K [0x0000000080000000, 0x000000008cf80000, 0x00000000d5580000)
  object space 212480K, 47% used [0x0000000080000000,0x0000000086273550,0x000000008cf80000)
 Metaspace       used 89271K, capacity 91352K, committed 91392K, reserved 1128448K
  class space    used 11093K, capacity 11488K, committed 11520K, reserved 1048576K
}
{Heap before GC invocations=85 (full 3):
 PSYoungGen      total 196608K, used 188896K [0x00000000d5580000, 0x00000000e3180000, 0x0000000100000000)
  eden space 178176K, 98% used [0x00000000d5580000,0x00000000e0079340,0x00000000e0380000)
  from space 18432K, 74% used [0x00000000e0380000,0x00000000e10fee38,0x00000000e1580000)
  to   space 18432K, 0% used [0x00000000e1f80000,0x00000000e1f80000,0x00000000e3180000)
 ParOldGen       total 212480K, used 100813K [0x0000000080000000, 0x000000008cf80000, 0x00000000d5580000)
  object space 212480K, 47% used [0x0000000080000000,0x0000000086273550,0x000000008cf80000)
 Metaspace       used 89271K, capacity 91352K, committed 91392K, reserved 1128448K
  class space    used 11093K, capacity 11488K, committed 11520K, reserved 1048576K
2023-08-21T00:02:16.844+0600: 28044.173: [GC (Allocation Failure) [PSYoungGen: 188896K->13787K(206336K)] 289709K->114632K(418816K), 0.0147389 secs] [Times: user=0.03 sys=0.00, real=0.01 secs] 
Heap after GC invocations=85 (full 3):
 PSYoungGen      total 206336K, used 13787K [0x00000000d5580000, 0x00000000e3300000, 0x0000000100000000)
  eden space 187904K, 0% used [0x00000000d5580000,0x00000000d5580000,0x00000000e0d00000)
  from space 18432K, 74% used [0x00000000e1f80000,0x00000000e2cf6e38,0x00000000e3180000)
  to   space 18944K, 0% used [0x00000000e0d00000,0x00000000e0d00000,0x00000000e1f80000)
 ParOldGen       total 212480K, used 100845K [0x0000000080000000, 0x000000008cf80000, 0x00000000d5580000)
  object space 212480K, 47% used [0x0000000080000000,0x000000008627b4a0,0x000000008cf80000)
 Metaspace       used 89271K, capacity 91352K, committed 91392K, reserved 1128448K
  class space    used 11093K, capacity 11488K, committed 11520K, reserved 1048576K
}
{Heap before GC invocations=86 (full 3):
 PSYoungGen      total 206336K, used 201691K [0x00000000d5580000, 0x00000000e3300000, 0x0000000100000000)
  eden space 187904K, 100% used [0x00000000d5580000,0x00000000e0d00000,0x00000000e0d00000)
  from space 18432K, 74% used [0x00000000e1f80000,0x00000000e2cf6e38,0x00000000e3180000)
  to   space 18944K, 0% used [0x00000000e0d00000,0x00000000e0d00000,0x00000000e1f80000)
 ParOldGen       total 212480K, used 100845K [0x0000000080000000, 0x000000008cf80000, 0x00000000d5580000)
  object space 212480K, 47% used [0x0000000080000000,0x000000008627b4a0,0x000000008cf80000)
 Metaspace       used 89271K, capacity 91352K, committed 91392K, reserved 1128448K
  class space    used 11093K, capacity 11488K, committed 11520K, reserved 1048576K
2023-08-21T00:02:17.451+0600: 28044.780: [GC (Allocation Failure) [PSYoungGen: 201691K->8201K(206848K)] 302536K->109054K(419328K), 0.0074473 secs] [Times: user=0.01 sys=0.00, real=0.00 secs] 
Heap after GC invocations=86 (full 3):
 PSYoungGen      total 206848K, used 8201K [0x00000000d5580000, 0x00000000e3b80000, 0x0000000100000000)
  eden space 187904K, 0% used [0x00000000d5580000,0x00000000d5580000,0x00000000e0d00000)
  from space 18944K, 43% used [0x00000000e0d00000,0x00000000e15024c8,0x00000000e1f80000)
  to   space 18432K, 0% used [0x00000000e2980000,0x00000000e2980000,0x00000000e3b80000)
 ParOldGen       total 212480K, used 100853K [0x0000000080000000, 0x000000008cf80000, 0x00000000d5580000)
  object space 212480K, 47% used [0x0000000080000000,0x000000008627d4a0,0x000000008cf80000)
 Metaspace       used 89271K, capacity 91352K, committed 91392K, reserved 1128448K
  class space    used 11093K, capacity 11488K, committed 11520K, reserved 1048576K
}
{Heap before GC invocations=87 (full 3):
 PSYoungGen      total 206848K, used 195031K [0x00000000d5580000, 0x00000000e3b80000, 0x0000000100000000)
  eden space 187904K, 99% used [0x00000000d5580000,0x00000000e0bf3900,0x00000000e0d00000)
  from space 18944K, 43% used [0x00000000e0d00000,0x00000000e15024c8,0x00000000e1f80000)
  to   space 18432K, 0% used [0x00000000e2980000,0x00000000e2980000,0x00000000e3b80000)
 ParOldGen       total 212480K, used 100853K [0x0000000080000000, 0x000000008cf80000, 0x00000000d5580000)
  object space 212480K, 47% used [0x0000000080000000,0x000000008627d4a0,0x000000008cf80000)
 Metaspace       used 89272K, capacity 91352K, committed 91392K, reserved 1128448K
  class space    used 11093K, capacity 11488K, committed 11520K, reserved 1048576K
2023-08-21T00:02:20.031+0600: 28047.360: [GC (Allocation Failure) [PSYoungGen: 195031K->10034K(214016K)] 295884K->110919K(426496K), 0.0166722 secs] [Times: user=0.03 sys=0.00, real=0.01 secs] 
Heap after GC invocations=87 (full 3):
 PSYoungGen      total 214016K, used 10034K [0x00000000d5580000, 0x00000000e3980000, 0x0000000100000000)
  eden space 197632K, 0% used [0x00000000d5580000,0x00000000d5580000,0x00000000e1680000)
  from space 16384K, 61% used [0x00000000e2980000,0x00000000e334c980,0x00000000e3980000)
  to   space 17920K, 0% used [0x00000000e1680000,0x00000000e1680000,0x00000000e2800000)
 ParOldGen       total 212480K, used 100884K [0x0000000080000000, 0x000000008cf80000, 0x00000000d5580000)
  object space 212480K, 47% used [0x0000000080000000,0x00000000862853f0,0x000000008cf80000)
 Metaspace       used 89272K, capacity 91352K, committed 91392K, reserved 1128448K
  class space    used 11093K, capacity 11488K, committed 11520K, reserved 1048576K
}
{Heap before GC invocations=88 (full 3):
 PSYoungGen      total 214016K, used 207666K [0x00000000d5580000, 0x00000000e3980000, 0x0000000100000000)
  eden space 197632K, 100% used [0x00000000d5580000,0x00000000e1680000,0x00000000e1680000)
  from space 16384K, 61% used [0x00000000e2980000,0x00000000e334c980,0x00000000e3980000)
  to   space 17920K, 0% used [0x00000000e1680000,0x00000000e1680000,0x00000000e2800000)
 ParOldGen       total 212480K, used 100885K [0x0000000080000000, 0x000000008cf80000, 0x00000000d5580000)
  object space 212480K, 47% used [0x0000000080000000,0x0000000086285408,0x000000008cf80000)
 Metaspace       used 89272K, capacity 91352K, committed 91392K, reserved 1128448K
  class space    used 11093K, capacity 11488K, committed 11520K, reserved 1048576K
2023-08-21T00:02:20.919+0600: 28048.248: [GC (GCLocker Initiated GC) [PSYoungGen: 207666K->8041K(215552K)] 308551K->108958K(428032K), 0.0108692 secs] [Times: user=0.01 sys=0.00, real=0.01 secs] 
Heap after GC invocations=88 (full 3):
 PSYoungGen      total 215552K, used 8041K [0x00000000d5580000, 0x00000000e4380000, 0x0000000100000000)
  eden space 197632K, 0% used [0x00000000d5580000,0x00000000d5580000,0x00000000e1680000)
  from space 17920K, 44% used [0x00000000e1680000,0x00000000e1e5a4c8,0x00000000e2800000)
  to   space 17920K, 0% used [0x00000000e3200000,0x00000000e3200000,0x00000000e4380000)
 ParOldGen       total 212480K, used 100916K [0x0000000080000000, 0x000000008cf80000, 0x00000000d5580000)
  object space 212480K, 47% used [0x0000000080000000,0x000000008628d358,0x000000008cf80000)
 Metaspace       used 89272K, capacity 91352K, committed 91392K, reserved 1128448K
  class space    used 11093K, capacity 11488K, committed 11520K, reserved 1048576K
}
{Heap before GC invocations=89 (full 3):
 PSYoungGen      total 215552K, used 205673K [0x00000000d5580000, 0x00000000e4380000, 0x0000000100000000)
  eden space 197632K, 100% used [0x00000000d5580000,0x00000000e1680000,0x00000000e1680000)
  from space 17920K, 44% used [0x00000000e1680000,0x00000000e1e5a4c8,0x00000000e2800000)
  to   space 17920K, 0% used [0x00000000e3200000,0x00000000e3200000,0x00000000e4380000)
 ParOldGen       total 212480K, used 185163K [0x0000000080000000, 0x000000008cf80000, 0x00000000d5580000)
  object space 212480K, 87% used [0x0000000080000000,0x000000008b4d2e18,0x000000008cf80000)
 Metaspace       used 89273K, capacity 91352K, committed 91392K, reserved 1128448K
  class space    used 11093K, capacity 11488K, committed 11520K, reserved 1048576K
2023-08-21T00:02:23.902+0600: 28051.230: [GC (Allocation Failure) [PSYoungGen: 205673K->6313K(199168K)] 390836K->191476K(411648K), 0.0139177 secs] [Times: user=0.02 sys=0.00, real=0.01 secs] 
Heap after GC invocations=89 (full 3):
 PSYoungGen      total 199168K, used 6313K [0x00000000d5580000, 0x00000000e3880000, 0x0000000100000000)
  eden space 192512K, 0% used [0x00000000d5580000,0x00000000d5580000,0x00000000e1180000)
  from space 6656K, 94% used [0x00000000e3200000,0x00000000e382a4c8,0x00000000e3880000)
  to   space 17920K, 0% used [0x00000000e1580000,0x00000000e1580000,0x00000000e2700000)
 ParOldGen       total 212480K, used 185163K [0x0000000080000000, 0x000000008cf80000, 0x00000000d5580000)
  object space 212480K, 87% used [0x0000000080000000,0x000000008b4d2e18,0x000000008cf80000)
 Metaspace       used 89273K, capacity 91352K, committed 91392K, reserved 1128448K
  class space    used 11093K, capacity 11488K, committed 11520K, reserved 1048576K
}
{Heap before GC invocations=90 (full 3):
 PSYoungGen      total 199168K, used 198825K [0x00000000d5580000, 0x00000000e3880000, 0x0000000100000000)
  eden space 192512K, 100% used [0x00000000d5580000,0x00000000e1180000,0x00000000e1180000)
  from space 6656K, 94% used [0x00000000e3200000,0x00000000e382a4c8,0x00000000e3880000)
  to   space 17920K, 0% used [0x00000000e1580000,0x00000000e1580000,0x00000000e2700000)
 ParOldGen       total 212480K, used 185163K [0x0000000080000000, 0x000000008cf80000, 0x00000000d5580000)
  object space 212480K, 87% used [0x0000000080000000,0x000000008b4d2e18,0x000000008cf80000)
 Metaspace       used 89273K, capacity 91352K, committed 91392K, reserved 1128448K
  class space    used 11093K, capacity 11488K, committed 11520K, reserved 1048576K
2023-08-21T00:02:24.685+0600: 28052.014: [GC (Allocation Failure) [PSYoungGen: 198825K->832K(188416K)] 383988K->186019K(400896K), 0.0084360 secs] [Times: user=0.01 sys=0.00, real=0.01 secs] 
Heap after GC invocations=90 (full 3):
 PSYoungGen      total 188416K, used 832K [0x00000000d5580000, 0x00000000e3280000, 0x0000000100000000)
  eden space 187392K, 0% used [0x00000000d5580000,0x00000000d5580000,0x00000000e0c80000)
  from space 1024K, 81% used [0x00000000e1580000,0x00000000e1650010,0x00000000e1680000)
  to   space 18944K, 0% used [0x00000000e2000000,0x00000000e2000000,0x00000000e3280000)
 ParOldGen       total 212480K, used 185187K [0x0000000080000000, 0x000000008cf80000, 0x00000000d5580000)
  object space 212480K, 87% used [0x0000000080000000,0x000000008b4d8d68,0x000000008cf80000)
 Metaspace       used 89273K, capacity 91352K, committed 91392K, reserved 1128448K
  class space    used 11093K, capacity 11488K, committed 11520K, reserved 1048576K
}
{Heap before GC invocations=91 (full 3):
 PSYoungGen      total 188416K, used 187833K [0x00000000d5580000, 0x00000000e3280000, 0x0000000100000000)
  eden space 187392K, 99% used [0x00000000d5580000,0x00000000e0c1e6f8,0x00000000e0c80000)
  from space 1024K, 81% used [0x00000000e1580000,0x00000000e1650010,0x00000000e1680000)
  to   space 18944K, 0% used [0x00000000e2000000,0x00000000e2000000,0x00000000e3280000)
 ParOldGen       total 212480K, used 185187K [0x0000000080000000, 0x000000008cf80000, 0x00000000d5580000)
  object space 212480K, 87% used [0x0000000080000000,0x000000008b4d8d68,0x000000008cf80000)
 Metaspace       used 89274K, capacity 91352K, committed 91392K, reserved 1128448K
  class space    used 11093K, capacity 11488K, committed 11520K, reserved 1048576K
2023-08-21T00:02:27.078+0600: 28054.406: [GC (Allocation Failure) [PSYoungGen: 187833K->13883K(197120K)] 373021K->199086K(409600K), 0.0124348 secs] [Times: user=0.02 sys=0.00, real=0.02 secs] 
Heap after GC invocations=91 (full 3):
 PSYoungGen      total 197120K, used 13883K [0x00000000d5580000, 0x00000000e2e00000, 0x0000000100000000)
  eden space 182784K, 0% used [0x00000000d5580000,0x00000000d5580000,0x00000000e0800000)
  from space 14336K, 96% used [0x00000000e2000000,0x00000000e2d8ee48,0x00000000e2e00000)
  to   space 19456K, 0% used [0x00000000e0800000,0x00000000e0800000,0x00000000e1b00000)
 ParOldGen       total 212480K, used 185203K [0x0000000080000000, 0x000000008cf80000, 0x00000000d5580000)
  object space 212480K, 87% used [0x0000000080000000,0x000000008b4dcd68,0x000000008cf80000)
 Metaspace       used 89274K, capacity 91352K, committed 91392K, reserved 1128448K
  class space    used 11093K, capacity 11488K, committed 11520K, reserved 1048576K
}
{Heap before GC invocations=92 (full 3):
 PSYoungGen      total 197120K, used 196667K [0x00000000d5580000, 0x00000000e2e00000, 0x0000000100000000)
  eden space 182784K, 100% used [0x00000000d5580000,0x00000000e0800000,0x00000000e0800000)
  from space 14336K, 96% used [0x00000000e2000000,0x00000000e2d8ee48,0x00000000e2e00000)
  to   space 19456K, 0% used [0x00000000e0800000,0x00000000e0800000,0x00000000e1b00000)
 ParOldGen       total 212480K, used 185203K [0x0000000080000000, 0x000000008cf80000, 0x00000000d5580000)
  object space 212480K, 87% used [0x0000000080000000,0x000000008b4dcd68,0x000000008cf80000)
 Metaspace       used 89274K, capacity 91352K, committed 91392K, reserved 1128448K
  class space    used 11093K, capacity 11488K, committed 11520K, reserved 1048576K
2023-08-21T00:02:27.986+0600: 28055.315: [GC (Allocation Failure) [PSYoungGen: 196667K->9453K(187904K)] 381870K->194665K(400384K), 0.0127675 secs] [Times: user=0.02 sys=0.00, real=0.01 secs] 
Heap after GC invocations=92 (full 3):
 PSYoungGen      total 187904K, used 9453K [0x00000000d5580000, 0x00000000e2880000, 0x0000000100000000)
  eden space 178176K, 0% used [0x00000000d5580000,0x00000000d5580000,0x00000000e0380000)
  from space 9728K, 97% used [0x00000000e0800000,0x00000000e113b740,0x00000000e1180000)
  to   space 18944K, 0% used [0x00000000e1600000,0x00000000e1600000,0x00000000e2880000)
 ParOldGen       total 212480K, used 185211K [0x0000000080000000, 0x000000008cf80000, 0x00000000d5580000)
  object space 212480K, 87% used [0x0000000080000000,0x000000008b4ded68,0x000000008cf80000)
 Metaspace       used 89274K, capacity 91352K, committed 91392K, reserved 1128448K
  class space    used 11093K, capacity 11488K, committed 11520K, reserved 1048576K
}
{Heap before GC invocations=93 (full 3):
 PSYoungGen      total 187904K, used 187164K [0x00000000d5580000, 0x00000000e2880000, 0x0000000100000000)
  eden space 178176K, 99% used [0x00000000d5580000,0x00000000e030bbd8,0x00000000e0380000)
  from space 9728K, 97% used [0x00000000e0800000,0x00000000e113b740,0x00000000e1180000)
  to   space 18944K, 0% used [0x00000000e1600000,0x00000000e1600000,0x00000000e2880000)
 ParOldGen       total 212480K, used 185211K [0x0000000080000000, 0x000000008cf80000, 0x00000000d5580000)
  object space 212480K, 87% used [0x0000000080000000,0x000000008b4ded68,0x000000008cf80000)
 Metaspace       used 89274K, capacity 91352K, committed 91392K, reserved 1128448K
  class space    used 11093K, capacity 11488K, committed 11520K, reserved 1048576K
2023-08-21T00:02:30.242+0600: 28057.571: [GC (Allocation Failure) [PSYoungGen: 187164K->10226K(185856K)] 372376K->195469K(398336K), 0.0134364 secs] [Times: user=0.02 sys=0.00, real=0.01 secs] 
Heap after GC invocations=93 (full 3):
 PSYoungGen      total 185856K, used 10226K [0x00000000d5580000, 0x00000000e2200000, 0x0000000100000000)
  eden space 173568K, 0% used [0x00000000d5580000,0x00000000d5580000,0x00000000dff00000)
  from space 12288K, 83% used [0x00000000e1600000,0x00000000e1ffc990,0x00000000e2200000)
  to   space 17920K, 0% used [0x00000000dff00000,0x00000000dff00000,0x00000000e1080000)
 ParOldGen       total 212480K, used 185243K [0x0000000080000000, 0x000000008cf80000, 0x00000000d5580000)
  object space 212480K, 87% used [0x0000000080000000,0x000000008b4e6cb8,0x000000008cf80000)
 Metaspace       used 89274K, capacity 91352K, committed 91392K, reserved 1128448K
  class space    used 11093K, capacity 11488K, committed 11520K, reserved 1048576K
}
{Heap before GC invocations=94 (full 3):
 PSYoungGen      total 185856K, used 181697K [0x00000000d5580000, 0x00000000e2200000, 0x0000000100000000)
  eden space 173568K, 98% used [0x00000000d5580000,0x00000000dfcf3da8,0x00000000dff00000)
  from space 12288K, 83% used [0x00000000e1600000,0x00000000e1ffc990,0x00000000e2200000)
  to   space 17920K, 0% used [0x00000000dff00000,0x00000000dff00000,0x00000000e1080000)
 ParOldGen       total 212480K, used 185243K [0x0000000080000000, 0x000000008cf80000, 0x00000000d5580000)
  object space 212480K, 87% used [0x0000000080000000,0x000000008b4e6cb8,0x000000008cf80000)
 Metaspace       used 89275K, capacity 91352K, committed 91392K, reserved 1128448K
  class space    used 11093K, capacity 11488K, committed 11520K, reserved 1048576K
2023-08-21T00:02:31.242+0600: 28058.571: [GC (Allocation Failure) [PSYoungGen: 181697K->13979K(183808K)] 366940K->199238K(396288K), 0.0147949 secs] [Times: user=0.02 sys=0.00, real=0.01 secs] 
Heap after GC invocations=94 (full 3):
 PSYoungGen      total 183808K, used 13979K [0x00000000d5580000, 0x00000000e2000000, 0x0000000100000000)
  eden space 169472K, 0% used [0x00000000d5580000,0x00000000d5580000,0x00000000dfb00000)
  from space 14336K, 97% used [0x00000000dff00000,0x00000000e0ca6e48,0x00000000e0d00000)
  to   space 18944K, 0% used [0x00000000e0d80000,0x00000000e0d80000,0x00000000e2000000)
 ParOldGen       total 212480K, used 185259K [0x0000000080000000, 0x000000008cf80000, 0x00000000d5580000)
  object space 212480K, 87% used [0x0000000080000000,0x000000008b4eacb8,0x000000008cf80000)
 Metaspace       used 89275K, capacity 91352K, committed 91392K, reserved 1128448K
  class space    used 11093K, capacity 11488K, committed 11520K, reserved 1048576K
}
{Heap before GC invocations=95 (full 3):
 PSYoungGen      total 183808K, used 183451K [0x00000000d5580000, 0x00000000e2000000, 0x0000000100000000)
  eden space 169472K, 100% used [0x00000000d5580000,0x00000000dfb00000,0x00000000dfb00000)
  from space 14336K, 97% used [0x00000000dff00000,0x00000000e0ca6e48,0x00000000e0d00000)
  to   space 18944K, 0% used [0x00000000e0d80000,0x00000000e0d80000,0x00000000e2000000)
 ParOldGen       total 212480K, used 185259K [0x0000000080000000, 0x000000008cf80000, 0x00000000d5580000)
  object space 212480K, 87% used [0x0000000080000000,0x000000008b4eacb8,0x000000008cf80000)
 Metaspace       used 89278K, capacity 91352K, committed 91392K, reserved 1128448K
  class space    used 11093K, capacity 11488K, committed 11520K, reserved 1048576K
2023-08-21T00:02:31.747+0600: 28059.075: [GC (Allocation Failure) [PSYoungGen: 183451K->8265K(188928K)] 368710K->193532K(401408K), 0.0074813 secs] [Times: user=0.01 sys=0.00, real=0.01 secs] 
Heap after GC invocations=95 (full 3):
 PSYoungGen      total 188928K, used 8265K [0x00000000d5580000, 0x00000000e2780000, 0x0000000100000000)
  eden space 169984K, 0% used [0x00000000d5580000,0x00000000d5580000,0x00000000dfb80000)
  from space 18944K, 43% used [0x00000000e0d80000,0x00000000e15924d8,0x00000000e2000000)
  to   space 18432K, 0% used [0x00000000dfb80000,0x00000000dfb80000,0x00000000e0d80000)
 ParOldGen       total 212480K, used 185267K [0x0000000080000000, 0x000000008cf80000, 0x00000000d5580000)
  object space 212480K, 87% used [0x0000000080000000,0x000000008b4eccb8,0x000000008cf80000)
 Metaspace       used 89278K, capacity 91352K, committed 91392K, reserved 1128448K
  class space    used 11093K, capacity 11488K, committed 11520K, reserved 1048576K
}
{Heap before GC invocations=96 (full 3):
 PSYoungGen      total 188928K, used 176641K [0x00000000d5580000, 0x00000000e2780000, 0x0000000100000000)
  eden space 169984K, 99% used [0x00000000d5580000,0x00000000df9ee048,0x00000000dfb80000)
  from space 18944K, 43% used [0x00000000e0d80000,0x00000000e15924d8,0x00000000e2000000)
  to   space 18432K, 0% used [0x00000000dfb80000,0x00000000dfb80000,0x00000000e0d80000)
 ParOldGen       total 212480K, used 185267K [0x0000000080000000, 0x000000008cf80000, 0x00000000d5580000)
  object space 212480K, 87% used [0x0000000080000000,0x000000008b4eccb8,0x000000008cf80000)
 Metaspace       used 89288K, capacity 91352K, committed 91392K, reserved 1128448K
  class space    used 11093K, capacity 11488K, committed 11520K, reserved 1048576K
2023-08-21T00:02:34.118+0600: 28061.447: [GC (Allocation Failure) [PSYoungGen: 176641K->10194K(176128K)] 361908K->195509K(388608K), 0.0153229 secs] [Times: user=0.03 sys=0.00, real=0.02 secs] 
Heap after GC invocations=96 (full 3):
 PSYoungGen      total 176128K, used 10194K [0x00000000d5580000, 0x00000000e1980000, 0x0000000100000000)
  eden space 165888K, 0% used [0x00000000d5580000,0x00000000d5580000,0x00000000df780000)
  from space 10240K, 99% used [0x00000000dfb80000,0x00000000e0574990,0x00000000e0580000)
  to   space 17408K, 0% used [0x00000000e0880000,0x00000000e0880000,0x00000000e1980000)
 ParOldGen       total 212480K, used 185314K [0x0000000080000000, 0x000000008cf80000, 0x00000000d5580000)
  object space 212480K, 87% used [0x0000000080000000,0x000000008b4f8aa8,0x000000008cf80000)
 Metaspace       used 89288K, capacity 91352K, committed 91392K, reserved 1128448K
  class space    used 11093K, capacity 11488K, committed 11520K, reserved 1048576K
}
{Heap before GC invocations=97 (full 3):
 PSYoungGen      total 176128K, used 174123K [0x00000000d5580000, 0x00000000e1980000, 0x0000000100000000)
  eden space 165888K, 98% used [0x00000000d5580000,0x00000000df596378,0x00000000df780000)
  from space 10240K, 99% used [0x00000000dfb80000,0x00000000e0574990,0x00000000e0580000)
  to   space 17408K, 0% used [0x00000000e0880000,0x00000000e0880000,0x00000000e1980000)
 ParOldGen       total 212480K, used 185314K [0x0000000080000000, 0x000000008cf80000, 0x00000000d5580000)
  object space 212480K, 87% used [0x0000000080000000,0x000000008b4f8aa8,0x000000008cf80000)
 Metaspace       used 89288K, capacity 91352K, committed 91392K, reserved 1128448K
  class space    used 11093K, capacity 11488K, committed 11520K, reserved 1048576K
2023-08-21T00:02:35.011+0600: 28062.339: [GC (Allocation Failure) [PSYoungGen: 174123K->10194K(174080K)] 359437K->195525K(386560K), 0.0105578 secs] [Times: user=0.02 sys=0.00, real=0.01 secs] 
Heap after GC invocations=97 (full 3):
 PSYoungGen      total 174080K, used 10194K [0x00000000d5580000, 0x00000000e1480000, 0x0000000100000000)
  eden space 161792K, 0% used [0x00000000d5580000,0x00000000d5580000,0x00000000df380000)
  from space 12288K, 82% used [0x00000000e0880000,0x00000000e12749e0,0x00000000e1480000)
  to   space 16896K, 0% used [0x00000000df380000,0x00000000df380000,0x00000000e0400000)
 ParOldGen       total 212480K, used 185330K [0x0000000080000000, 0x000000008cf80000, 0x00000000d5580000)
  object space 212480K, 87% used [0x0000000080000000,0x000000008b4fcaa8,0x000000008cf80000)
 Metaspace       used 89288K, capacity 91352K, committed 91392K, reserved 1128448K
  class space    used 11093K, capacity 11488K, committed 11520K, reserved 1048576K
}
{Heap before GC invocations=98 (full 3):
 PSYoungGen      total 174080K, used 171554K [0x00000000d5580000, 0x00000000e1480000, 0x0000000100000000)
  eden space 161792K, 99% used [0x00000000d5580000,0x00000000df314018,0x00000000df380000)
  from space 12288K, 82% used [0x00000000e0880000,0x00000000e12749e0,0x00000000e1480000)
  to   space 16896K, 0% used [0x00000000df380000,0x00000000df380000,0x00000000e0400000)
 ParOldGen       total 212480K, used 185330K [0x0000000080000000, 0x000000008cf80000, 0x00000000d5580000)
  object space 212480K, 87% used [0x0000000080000000,0x000000008b4fcaa8,0x000000008cf80000)
 Metaspace       used 89302K, capacity 91352K, committed 91392K, reserved 1128448K
  class space    used 11093K, capacity 11488K, committed 11520K, reserved 1048576K
2023-08-21T00:02:37.090+0600: 28064.419: [GC (Allocation Failure) [PSYoungGen: 171554K->1696K(160256K)] 356885K->187034K(372736K), 0.0138557 secs] [Times: user=0.02 sys=0.00, real=0.01 secs] 
Heap after GC invocations=98 (full 3):
 PSYoungGen      total 160256K, used 1696K [0x00000000d5580000, 0x00000000e1200000, 0x0000000100000000)
  eden space 158208K, 0% used [0x00000000d5580000,0x00000000d5580000,0x00000000df000000)
  from space 2048K, 82% used [0x00000000df380000,0x00000000df528030,0x00000000df580000)
  to   space 17408K, 0% used [0x00000000e0100000,0x00000000e0100000,0x00000000e1200000)
 ParOldGen       total 212480K, used 185338K [0x0000000080000000, 0x000000008cf80000, 0x00000000d5580000)
  object space 212480K, 87% used [0x0000000080000000,0x000000008b4feaa8,0x000000008cf80000)
 Metaspace       used 89302K, capacity 91352K, committed 91392K, reserved 1128448K
  class space    used 11093K, capacity 11488K, committed 11520K, reserved 1048576K
}
{Heap before GC invocations=99 (full 3):
 PSYoungGen      total 160256K, used 159035K [0x00000000d5580000, 0x00000000e1200000, 0x0000000100000000)
  eden space 158208K, 99% used [0x00000000d5580000,0x00000000def26cc0,0x00000000df000000)
  from space 2048K, 82% used [0x00000000df380000,0x00000000df528030,0x00000000df580000)
  to   space 17408K, 0% used [0x00000000e0100000,0x00000000e0100000,0x00000000e1200000)
 ParOldGen       total 212480K, used 185338K [0x0000000080000000, 0x000000008cf80000, 0x00000000d5580000)
  object space 212480K, 87% used [0x0000000080000000,0x000000008b4feaa8,0x000000008cf80000)
 Metaspace       used 89304K, capacity 91352K, committed 91392K, reserved 1128448K
  class space    used 11093K, capacity 11488K, committed 11520K, reserved 1048576K
2023-08-21T00:02:37.945+0600: 28065.274: [GC (Allocation Failure) [PSYoungGen: 159035K->14043K(174592K)] 344373K->199414K(387072K), 0.0139482 secs] [Times: user=0.03 sys=0.00, real=0.02 secs] 
Heap after GC invocations=99 (full 3):
 PSYoungGen      total 174592K, used 14043K [0x00000000d5580000, 0x00000000e1b80000, 0x0000000100000000)
  eden space 157184K, 0% used [0x00000000d5580000,0x00000000d5580000,0x00000000def00000)
  from space 17408K, 80% used [0x00000000e0100000,0x00000000e0eb6e58,0x00000000e1200000)
  to   space 18432K, 0% used [0x00000000def00000,0x00000000def00000,0x00000000e0100000)
 ParOldGen       total 212480K, used 185370K [0x0000000080000000, 0x000000008cf80000, 0x00000000d5580000)
  object space 212480K, 87% used [0x0000000080000000,0x000000008b5069f8,0x000000008cf80000)
 Metaspace       used 89304K, capacity 91352K, committed 91392K, reserved 1128448K
  class space    used 11093K, capacity 11488K, committed 11520K, reserved 1048576K
}
{Heap before GC invocations=100 (full 3):
 PSYoungGen      total 174592K, used 171227K [0x00000000d5580000, 0x00000000e1b80000, 0x0000000100000000)
  eden space 157184K, 100% used [0x00000000d5580000,0x00000000def00000,0x00000000def00000)
  from space 17408K, 80% used [0x00000000e0100000,0x00000000e0eb6e58,0x00000000e1200000)
  to   space 18432K, 0% used [0x00000000def00000,0x00000000def00000,0x00000000e0100000)
 ParOldGen       total 212480K, used 185370K [0x0000000080000000, 0x000000008cf80000, 0x00000000d5580000)
  object space 212480K, 87% used [0x0000000080000000,0x000000008b5069f8,0x000000008cf80000)
 Metaspace       used 89304K, capacity 91352K, committed 91392K, reserved 1128448K
  class space    used 11093K, capacity 11488K, committed 11520K, reserved 1048576K
2023-08-21T00:02:38.637+0600: 28065.966: [GC (Allocation Failure) [PSYoungGen: 171227K->8425K(175616K)] 356598K->193795K(388096K), 0.0080332 secs] [Times: user=0.02 sys=0.00, real=0.01 secs] 
Heap after GC invocations=100 (full 3):
 PSYoungGen      total 175616K, used 8425K [0x00000000d5580000, 0x00000000e1980000, 0x0000000100000000)
  eden space 157184K, 0% used [0x00000000d5580000,0x00000000d5580000,0x00000000def00000)
  from space 18432K, 45% used [0x00000000def00000,0x00000000df73a4e8,0x00000000e0100000)
  to   space 17920K, 0% used [0x00000000e0800000,0x00000000e0800000,0x00000000e1980000)
 ParOldGen       total 212480K, used 185370K [0x0000000080000000, 0x000000008cf80000, 0x00000000d5580000)
  object space 212480K, 87% used [0x0000000080000000,0x000000008b5069f8,0x000000008cf80000)
 Metaspace       used 89304K, capacity 91352K, committed 91392K, reserved 1128448K
  class space    used 11093K, capacity 11488K, committed 11520K, reserved 1048576K
}
{Heap before GC invocations=101 (full 3):
 PSYoungGen      total 175616K, used 162274K [0x00000000d5580000, 0x00000000e1980000, 0x0000000100000000)
  eden space 157184K, 97% used [0x00000000d5580000,0x00000000debbe4b0,0x00000000def00000)
  from space 18432K, 45% used [0x00000000def00000,0x00000000df73a4e8,0x00000000e0100000)
  to   space 17920K, 0% used [0x00000000e0800000,0x00000000e0800000,0x00000000e1980000)
 ParOldGen       total 212480K, used 185370K [0x0000000080000000, 0x000000008cf80000, 0x00000000d5580000)
  object space 212480K, 87% used [0x0000000080000000,0x000000008b5069f8,0x000000008cf80000)
 Metaspace       used 89304K, capacity 91352K, committed 91392K, reserved 1128448K
  class space    used 11093K, capacity 11488K, committed 11520K, reserved 1048576K
2023-08-21T00:02:40.672+0600: 28068.001: [GC (Allocation Failure) [PSYoungGen: 162274K->14011K(167936K)] 347644K->199413K(380416K), 0.0107399 secs] [Times: user=0.02 sys=0.00, real=0.01 secs] 
Heap after GC invocations=101 (full 3):
 PSYoungGen      total 167936K, used 14011K [0x00000000d5580000, 0x00000000e1600000, 0x0000000100000000)
  eden space 153600K, 0% used [0x00000000d5580000,0x00000000d5580000,0x00000000deb80000)
  from space 14336K, 97% used [0x00000000e0800000,0x00000000e15aee58,0x00000000e1600000)
  to   space 18944K, 0% used [0x00000000df100000,0x00000000df100000,0x00000000e0380000)
 ParOldGen       total 212480K, used 185402K [0x0000000080000000, 0x000000008cf80000, 0x00000000d5580000)
  object space 212480K, 87% used [0x0000000080000000,0x000000008b50e948,0x000000008cf80000)
 Metaspace       used 89304K, capacity 91352K, committed 91392K, reserved 1128448K
  class space    used 11093K, capacity 11488K, committed 11520K, reserved 1048576K
}
{Heap before GC invocations=102 (full 3):
 PSYoungGen      total 167936K, used 166939K [0x00000000d5580000, 0x00000000e1600000, 0x0000000100000000)
  eden space 153600K, 99% used [0x00000000d5580000,0x00000000dead7f00,0x00000000deb80000)
  from space 14336K, 97% used [0x00000000e0800000,0x00000000e15aee58,0x00000000e1600000)
  to   space 18944K, 0% used [0x00000000df100000,0x00000000df100000,0x00000000e0380000)
 ParOldGen       total 212480K, used 185402K [0x0000000080000000, 0x000000008cf80000, 0x00000000d5580000)
  object space 212480K, 87% used [0x0000000080000000,0x000000008b50e948,0x000000008cf80000)
 Metaspace       used 89306K, capacity 91352K, committed 91392K, reserved 1128448K
  class space    used 11093K, capacity 11488K, committed 11520K, reserved 1048576K
2023-08-21T00:02:41.535+0600: 28068.863: [GC (Allocation Failure) [PSYoungGen: 166939K->14043K(178176K)] 352341K->199461K(390656K), 0.0132001 secs] [Times: user=0.03 sys=0.00, real=0.01 secs] 
Heap after GC invocations=102 (full 3):
 PSYoungGen      total 178176K, used 14043K [0x00000000d5580000, 0x00000000e1900000, 0x0000000100000000)
  eden space 159232K, 0% used [0x00000000d5580000,0x00000000d5580000,0x00000000df100000)
  from space 18944K, 74% used [0x00000000df100000,0x00000000dfeb6e58,0x00000000e0380000)
  to   space 19456K, 0% used [0x00000000e0600000,0x00000000e0600000,0x00000000e1900000)
 ParOldGen       total 212480K, used 185418K [0x0000000080000000, 0x000000008cf80000, 0x00000000d5580000)
  object space 212480K, 87% used [0x0000000080000000,0x000000008b512948,0x000000008cf80000)
 Metaspace       used 89306K, capacity 91352K, committed 91392K, reserved 1128448K
  class space    used 11093K, capacity 11488K, committed 11520K, reserved 1048576K
}
{Heap before GC invocations=103 (full 3):
 PSYoungGen      total 178176K, used 173275K [0x00000000d5580000, 0x00000000e1900000, 0x0000000100000000)
  eden space 159232K, 100% used [0x00000000d5580000,0x00000000df100000,0x00000000df100000)
  from space 18944K, 74% used [0x00000000df100000,0x00000000dfeb6e58,0x00000000e0380000)
  to   space 19456K, 0% used [0x00000000e0600000,0x00000000e0600000,0x00000000e1900000)
 ParOldGen       total 212480K, used 185418K [0x0000000080000000, 0x000000008cf80000, 0x00000000d5580000)
  object space 212480K, 87% used [0x0000000080000000,0x000000008b512948,0x000000008cf80000)
 Metaspace       used 89306K, capacity 91352K, committed 91392K, reserved 1128448K
  class space    used 11093K, capacity 11488K, committed 11520K, reserved 1048576K
2023-08-21T00:02:42.179+0600: 28069.507: [GC (Allocation Failure) [PSYoungGen: 173275K->8521K(181248K)] 358693K->193979K(393728K), 0.0099283 secs] [Times: user=0.01 sys=0.00, real=0.01 secs] 
Heap after GC invocations=103 (full 3):
 PSYoungGen      total 181248K, used 8521K [0x00000000d5580000, 0x00000000e1e80000, 0x0000000100000000)
  eden space 161792K, 0% used [0x00000000d5580000,0x00000000d5580000,0x00000000df380000)
  from space 19456K, 43% used [0x00000000e0600000,0x00000000e0e524e8,0x00000000e1900000)
  to   space 18944K, 0% used [0x00000000df380000,0x00000000df380000,0x00000000e0600000)
 ParOldGen       total 212480K, used 185457K [0x0000000080000000, 0x000000008cf80000, 0x00000000d5580000)
  object space 212480K, 87% used [0x0000000080000000,0x000000008b51c7f8,0x000000008cf80000)
 Metaspace       used 89306K, capacity 91352K, committed 91392K, reserved 1128448K
  class space    used 11093K, capacity 11488K, committed 11520K, reserved 1048576K
}
{Heap before GC invocations=104 (full 3):
 PSYoungGen      total 181248K, used 167949K [0x00000000d5580000, 0x00000000e1e80000, 0x0000000100000000)
  eden space 161792K, 98% used [0x00000000d5580000,0x00000000df1312d8,0x00000000df380000)
  from space 19456K, 43% used [0x00000000e0600000,0x00000000e0e524e8,0x00000000e1900000)
  to   space 18944K, 0% used [0x00000000df380000,0x00000000df380000,0x00000000e0600000)
 ParOldGen       total 212480K, used 185457K [0x0000000080000000, 0x000000008cf80000, 0x00000000d5580000)
  object space 212480K, 87% used [0x0000000080000000,0x000000008b51c7f8,0x000000008cf80000)
 Metaspace       used 89307K, capacity 91416K, committed 91648K, reserved 1130496K
  class space    used 11093K, capacity 11488K, committed 11520K, reserved 1048576K
2023-08-21T00:02:44.249+0600: 28071.577: [GC (Allocation Failure) [PSYoungGen: 167949K->14139K(180736K)] 353407K->199629K(393216K), 0.0109899 secs] [Times: user=0.02 sys=0.00, real=0.02 secs] 
Heap after GC invocations=104 (full 3):
 PSYoungGen      total 180736K, used 14139K [0x00000000d5580000, 0x00000000e2100000, 0x0000000100000000)
  eden space 161792K, 0% used [0x00000000d5580000,0x00000000d5580000,0x00000000df380000)
  from space 18944K, 74% used [0x00000000df380000,0x00000000e014ee58,0x00000000e0600000)
  to   space 19456K, 0% used [0x00000000e0e00000,0x00000000e0e00000,0x00000000e2100000)
 ParOldGen       total 212480K, used 185489K [0x0000000080000000, 0x000000008cf80000, 0x00000000d5580000)
  object space 212480K, 87% used [0x0000000080000000,0x000000008b524748,0x000000008cf80000)
 Metaspace       used 89307K, capacity 91416K, committed 91648K, reserved 1130496K
  class space    used 11093K, capacity 11488K, committed 11520K, reserved 1048576K
}
{Heap before GC invocations=105 (full 3):
 PSYoungGen      total 180736K, used 174055K [0x00000000d5580000, 0x00000000e2100000, 0x0000000100000000)
  eden space 161792K, 98% used [0x00000000d5580000,0x00000000df1ab0f0,0x00000000df380000)
  from space 18944K, 74% used [0x00000000df380000,0x00000000e014ee58,0x00000000e0600000)
  to   space 19456K, 0% used [0x00000000e0e00000,0x00000000e0e00000,0x00000000e2100000)
 ParOldGen       total 212480K, used 185489K [0x0000000080000000, 0x000000008cf80000, 0x00000000d5580000)
  object space 212480K, 87% used [0x0000000080000000,0x000000008b524748,0x000000008cf80000)
 Metaspace       used 89307K, capacity 91416K, committed 91648K, reserved 1130496K
  class space    used 11093K, capacity 11488K, committed 11520K, reserved 1048576K
2023-08-21T00:02:45.162+0600: 28072.491: [GC (Allocation Failure) [PSYoungGen: 174055K->13979K(188416K)] 359545K->199556K(400896K), 0.0090652 secs] [Times: user=0.02 sys=0.00, real=0.01 secs] 
Heap after GC invocations=105 (full 3):
 PSYoungGen      total 188416K, used 13979K [0x00000000d5580000, 0x00000000e2200000, 0x0000000100000000)
  eden space 168960K, 0% used [0x00000000d5580000,0x00000000d5580000,0x00000000dfa80000)
  from space 19456K, 71% used [0x00000000e0e00000,0x00000000e1ba6e48,0x00000000e2100000)
  to   space 19968K, 0% used [0x00000000dfa80000,0x00000000dfa80000,0x00000000e0e00000)
 ParOldGen       total 212480K, used 185577K [0x0000000080000000, 0x000000008cf80000, 0x00000000d5580000)
  object space 212480K, 87% used [0x0000000080000000,0x000000008b53a488,0x000000008cf80000)
 Metaspace       used 89307K, capacity 91416K, committed 91648K, reserved 1130496K
  class space    used 11093K, capacity 11488K, committed 11520K, reserved 1048576K
}
{Heap before GC invocations=106 (full 3):
 PSYoungGen      total 188416K, used 182939K [0x00000000d5580000, 0x00000000e2200000, 0x0000000100000000)
  eden space 168960K, 100% used [0x00000000d5580000,0x00000000dfa80000,0x00000000dfa80000)
  from space 19456K, 71% used [0x00000000e0e00000,0x00000000e1ba6e48,0x00000000e2100000)
  to   space 19968K, 0% used [0x00000000dfa80000,0x00000000dfa80000,0x00000000e0e00000)
 ParOldGen       total 212480K, used 185577K [0x0000000080000000, 0x000000008cf80000, 0x00000000d5580000)
  object space 212480K, 87% used [0x0000000080000000,0x000000008b53a488,0x000000008cf80000)
 Metaspace       used 89311K, capacity 91422K, committed 91648K, reserved 1130496K
  class space    used 11093K, capacity 11489K, committed 11520K, reserved 1048576K
2023-08-21T00:02:45.659+0600: 28072.987: [GC (Allocation Failure) [PSYoungGen: 182939K->8137K(188928K)] 368516K->193730K(401408K), 0.0089775 secs] [Times: user=0.02 sys=0.00, real=0.01 secs] 
Heap after GC invocations=106 (full 3):
 PSYoungGen      total 188928K, used 8137K [0x00000000d5580000, 0x00000000e2980000, 0x0000000100000000)
  eden space 168960K, 0% used [0x00000000d5580000,0x00000000d5580000,0x00000000dfa80000)
  from space 19968K, 40% used [0x00000000dfa80000,0x00000000e02724d8,0x00000000e0e00000)
  to   space 19456K, 0% used [0x00000000e1680000,0x00000000e1680000,0x00000000e2980000)
 ParOldGen       total 212480K, used 185593K [0x0000000080000000, 0x000000008cf80000, 0x00000000d5580000)
  object space 212480K, 87% used [0x0000000080000000,0x000000008b53e488,0x000000008cf80000)
 Metaspace       used 89311K, capacity 91422K, committed 91648K, reserved 1130496K
  class space    used 11093K, capacity 11489K, committed 11520K, reserved 1048576K
}
{Heap before GC invocations=107 (full 3):
 PSYoungGen      total 188928K, used 175497K [0x00000000d5580000, 0x00000000e2980000, 0x0000000100000000)
  eden space 168960K, 99% used [0x00000000d5580000,0x00000000df8f01a8,0x00000000dfa80000)
  from space 19968K, 40% used [0x00000000dfa80000,0x00000000e02724d8,0x00000000e0e00000)
  to   space 19456K, 0% used [0x00000000e1680000,0x00000000e1680000,0x00000000e2980000)
 ParOldGen       total 212480K, used 185593K [0x0000000080000000, 0x000000008cf80000, 0x00000000d5580000)
  object space 212480K, 87% used [0x0000000080000000,0x000000008b53e488,0x000000008cf80000)
 Metaspace       used 89315K, capacity 91422K, committed 91648K, reserved 1130496K
  class space    used 11093K, capacity 11489K, committed 11520K, reserved 1048576K
2023-08-21T00:02:48.073+0600: 28075.401: [GC (Allocation Failure) [PSYoungGen: 175497K->10226K(194560K)] 361090K->195835K(407040K), 0.0179742 secs] [Times: user=0.03 sys=0.00, real=0.02 secs] 
Heap after GC invocations=107 (full 3):
 PSYoungGen      total 194560K, used 10226K [0x00000000d5580000, 0x00000000e2780000, 0x0000000100000000)
  eden space 177152K, 0% used [0x00000000d5580000,0x00000000d5580000,0x00000000e0280000)
  from space 17408K, 58% used [0x00000000e1680000,0x00000000e207c990,0x00000000e2780000)
  to   space 18944K, 0% used [0x00000000e0280000,0x00000000e0280000,0x00000000e1500000)
 ParOldGen       total 212480K, used 185609K [0x0000000080000000, 0x000000008cf80000, 0x00000000d5580000)
  object space 212480K, 87% used [0x0000000080000000,0x000000008b542488,0x000000008cf80000)
 Metaspace       used 89315K, capacity 91422K, committed 91648K, reserved 1130496K
  class space    used 11093K, capacity 11489K, committed 11520K, reserved 1048576K
}
{Heap before GC invocations=108 (full 3):
 PSYoungGen      total 194560K, used 182028K [0x00000000d5580000, 0x00000000e2780000, 0x0000000100000000)
  eden space 177152K, 96% used [0x00000000d5580000,0x00000000dfd46928,0x00000000e0280000)
  from space 17408K, 58% used [0x00000000e1680000,0x00000000e207c990,0x00000000e2780000)
  to   space 18944K, 0% used [0x00000000e0280000,0x00000000e0280000,0x00000000e1500000)
 ParOldGen       total 212480K, used 185609K [0x0000000080000000, 0x000000008cf80000, 0x00000000d5580000)
  object space 212480K, 87% used [0x0000000080000000,0x000000008b542488,0x000000008cf80000)
 Metaspace       used 89315K, capacity 91422K, committed 91648K, reserved 1130496K
  class space    used 11093K, capacity 11489K, committed 11520K, reserved 1048576K
2023-08-21T00:02:48.980+0600: 28076.309: [GC (Allocation Failure) [PSYoungGen: 182028K->13915K(196096K)] 367637K->199612K(408576K), 0.0128981 secs] [Times: user=0.02 sys=0.00, real=0.01 secs] 
Heap after GC invocations=108 (full 3):
 PSYoungGen      total 196096K, used 13915K [0x00000000d5580000, 0x00000000e3080000, 0x0000000100000000)
  eden space 177152K, 0% used [0x00000000d5580000,0x00000000d5580000,0x00000000e0280000)
  from space 18944K, 73% used [0x00000000e0280000,0x00000000e1016fe8,0x00000000e1500000)
  to   space 18944K, 0% used [0x00000000e1e00000,0x00000000e1e00000,0x00000000e3080000)
 ParOldGen       total 212480K, used 185697K [0x0000000080000000, 0x000000008cf80000, 0x00000000d5580000)
  object space 212480K, 87% used [0x0000000080000000,0x000000008b558408,0x000000008cf80000)
 Metaspace       used 89315K, capacity 91422K, committed 91648K, reserved 1130496K
  class space    used 11093K, capacity 11489K, committed 11520K, reserved 1048576K
}
{Heap before GC invocations=109 (full 3):
 PSYoungGen      total 196096K, used 190373K [0x00000000d5580000, 0x00000000e3080000, 0x0000000100000000)
  eden space 177152K, 99% used [0x00000000d5580000,0x00000000e01d27c0,0x00000000e0280000)
  from space 18944K, 73% used [0x00000000e0280000,0x00000000e1016fe8,0x00000000e1500000)
  to   space 18944K, 0% used [0x00000000e1e00000,0x00000000e1e00000,0x00000000e3080000)
 ParOldGen       total 212480K, used 185697K [0x0000000080000000, 0x000000008cf80000, 0x00000000d5580000)
  object space 212480K, 87% used [0x0000000080000000,0x000000008b558408,0x000000008cf80000)
 Metaspace       used 89316K, capacity 91422K, committed 91648K, reserved 1130496K
  class space    used 11093K, capacity 11489K, committed 11520K, reserved 1048576K
2023-08-21T00:02:51.135+0600: 28078.463: [GC (Allocation Failure) [PSYoungGen: 190373K->10162K(203264K)] 376070K->195859K(415744K), 0.0184484 secs] [Times: user=0.03 sys=0.00, real=0.02 secs] 
Heap after GC invocations=109 (full 3):
 PSYoungGen      total 203264K, used 10162K [0x00000000d5580000, 0x00000000e2f00000, 0x0000000100000000)
  eden space 185856K, 0% used [0x00000000d5580000,0x00000000d5580000,0x00000000e0b00000)
  from space 17408K, 58% used [0x00000000e1e00000,0x00000000e27ec990,0x00000000e2f00000)
  to   space 18432K, 0% used [0x00000000e0b00000,0x00000000e0b00000,0x00000000e1d00000)
 ParOldGen       total 212480K, used 185697K [0x0000000080000000, 0x000000008cf80000, 0x00000000d5580000)
  object space 212480K, 87% used [0x0000000080000000,0x000000008b558408,0x000000008cf80000)
 Metaspace       used 89316K, capacity 91422K, committed 91648K, reserved 1130496K
  class space    used 11093K, capacity 11489K, committed 11520K, reserved 1048576K
}
{Heap before GC invocations=110 (full 3):
 PSYoungGen      total 203264K, used 192982K [0x00000000d5580000, 0x00000000e2f00000, 0x0000000100000000)
  eden space 185856K, 98% used [0x00000000d5580000,0x00000000e0809078,0x00000000e0b00000)
  from space 17408K, 58% used [0x00000000e1e00000,0x00000000e27ec990,0x00000000e2f00000)
  to   space 18432K, 0% used [0x00000000e0b00000,0x00000000e0b00000,0x00000000e1d00000)
 ParOldGen       total 212480K, used 185697K [0x0000000080000000, 0x000000008cf80000, 0x00000000d5580000)
  object space 212480K, 87% used [0x0000000080000000,0x000000008b558408,0x000000008cf80000)
 Metaspace       used 89316K, capacity 91422K, committed 91648K, reserved 1130496K
  class space    used 11093K, capacity 11489K, committed 11520K, reserved 1048576K
2023-08-21T00:02:52.183+0600: 28079.511: [GC (Allocation Failure) [PSYoungGen: 192982K->10130K(204288K)] 378679K->195859K(416768K), 0.0144241 secs] [Times: user=0.03 sys=0.00, real=0.01 secs] 
Heap after GC invocations=110 (full 3):
 PSYoungGen      total 204288K, used 10130K [0x00000000d5580000, 0x00000000e3780000, 0x0000000100000000)
  eden space 185856K, 0% used [0x00000000d5580000,0x00000000d5580000,0x00000000e0b00000)
  from space 18432K, 54% used [0x00000000e0b00000,0x00000000e14e4990,0x00000000e1d00000)
  to   space 17920K, 0% used [0x00000000e2600000,0x00000000e2600000,0x00000000e3780000)
 ParOldGen       total 212480K, used 185728K [0x0000000080000000, 0x000000008cf80000, 0x00000000d5580000)
  object space 212480K, 87% used [0x0000000080000000,0x000000008b5602a8,0x000000008cf80000)
 Metaspace       used 89316K, capacity 91422K, committed 91648K, reserved 1130496K
  class space    used 11093K, capacity 11489K, committed 11520K, reserved 1048576K
}
{Heap before GC invocations=111 (full 3):
 PSYoungGen      total 204288K, used 195986K [0x00000000d5580000, 0x00000000e3780000, 0x0000000100000000)
  eden space 185856K, 100% used [0x00000000d5580000,0x00000000e0b00000,0x00000000e0b00000)
  from space 18432K, 54% used [0x00000000e0b00000,0x00000000e14e4990,0x00000000e1d00000)
  to   space 17920K, 0% used [0x00000000e2600000,0x00000000e2600000,0x00000000e3780000)
 ParOldGen       total 212480K, used 185728K [0x0000000080000000, 0x000000008cf80000, 0x00000000d5580000)
  object space 212480K, 87% used [0x0000000080000000,0x000000008b5602a8,0x000000008cf80000)
 Metaspace       used 89316K, capacity 91422K, committed 91648K, reserved 1130496K
  class space    used 11093K, capacity 11489K, committed 11520K, reserved 1048576K
2023-08-21T00:02:52.719+0600: 28080.048: [GC (Allocation Failure) [PSYoungGen: 195986K->8041K(213504K)] 381715K->193801K(425984K), 0.0082633 secs] [Times: user=0.02 sys=0.00, real=0.00 secs] 
Heap after GC invocations=111 (full 3):
 PSYoungGen      total 213504K, used 8041K [0x00000000d5580000, 0x00000000e3700000, 0x0000000100000000)
  eden space 196096K, 0% used [0x00000000d5580000,0x00000000d5580000,0x00000000e1500000)
  from space 17408K, 46% used [0x00000000e2600000,0x00000000e2dda4d8,0x00000000e3700000)
  to   space 17408K, 0% used [0x00000000e1500000,0x00000000e1500000,0x00000000e2600000)
 ParOldGen       total 212480K, used 185760K [0x0000000080000000, 0x000000008cf80000, 0x00000000d5580000)
  object space 212480K, 87% used [0x0000000080000000,0x000000008b5681f8,0x000000008cf80000)
 Metaspace       used 89316K, capacity 91422K, committed 91648K, reserved 1130496K
  class space    used 11093K, capacity 11489K, committed 11520K, reserved 1048576K
}
{Heap before GC invocations=112 (full 3):
 PSYoungGen      total 213504K, used 202243K [0x00000000d5580000, 0x00000000e3700000, 0x0000000100000000)
  eden space 196096K, 99% used [0x00000000d5580000,0x00000000e1326840,0x00000000e1500000)
  from space 17408K, 46% used [0x00000000e2600000,0x00000000e2dda4d8,0x00000000e3700000)
  to   space 17408K, 0% used [0x00000000e1500000,0x00000000e1500000,0x00000000e2600000)
 ParOldGen       total 212480K, used 185760K [0x0000000080000000, 0x000000008cf80000, 0x00000000d5580000)
  object space 212480K, 87% used [0x0000000080000000,0x000000008b5681f8,0x000000008cf80000)
 Metaspace       used 89319K, capacity 91422K, committed 91648K, reserved 1130496K
  class space    used 11093K, capacity 11489K, committed 11520K, reserved 1048576K
2023-08-21T00:02:55.371+0600: 28082.699: [GC (Allocation Failure) [PSYoungGen: 202243K->10162K(213504K)] 388003K->195938K(425984K), 0.0099501 secs] [Times: user=0.01 sys=0.00, real=0.01 secs] 
Heap after GC invocations=112 (full 3):
 PSYoungGen      total 213504K, used 10162K [0x00000000d5580000, 0x00000000e3f00000, 0x0000000100000000)
  eden space 196096K, 0% used [0x00000000d5580000,0x00000000d5580000,0x00000000e1500000)
  from space 17408K, 58% used [0x00000000e1500000,0x00000000e1eec990,0x00000000e2600000)
  to   space 16896K, 0% used [0x00000000e2e80000,0x00000000e2e80000,0x00000000e3f00000)
 ParOldGen       total 212480K, used 185776K [0x0000000080000000, 0x000000008cf80000, 0x00000000d5580000)
  object space 212480K, 87% used [0x0000000080000000,0x000000008b56c1f8,0x000000008cf80000)
 Metaspace       used 89319K, capacity 91422K, committed 91648K, reserved 1130496K
  class space    used 11093K, capacity 11489K, committed 11520K, reserved 1048576K
}
{Heap before GC invocations=113 (full 3):
 PSYoungGen      total 213504K, used 206258K [0x00000000d5580000, 0x00000000e3f00000, 0x0000000100000000)
  eden space 196096K, 100% used [0x00000000d5580000,0x00000000e1500000,0x00000000e1500000)
  from space 17408K, 58% used [0x00000000e1500000,0x00000000e1eec990,0x00000000e2600000)
  to   space 16896K, 0% used [0x00000000e2e80000,0x00000000e2e80000,0x00000000e3f00000)
 ParOldGen       total 212480K, used 185776K [0x0000000080000000, 0x000000008cf80000, 0x00000000d5580000)
  object space 212480K, 87% used [0x0000000080000000,0x000000008b56c1f8,0x000000008cf80000)
 Metaspace       used 89331K, capacity 91422K, committed 91648K, reserved 1130496K
  class space    used 11093K, capacity 11489K, committed 11520K, reserved 1048576K
2023-08-21T00:02:56.208+0600: 28083.537: [GC (Allocation Failure) [PSYoungGen: 206258K->7945K(222208K)] 392034K->193809K(434688K), 0.0104675 secs] [Times: user=0.02 sys=0.00, real=0.01 secs] 
Heap after GC invocations=113 (full 3):
 PSYoungGen      total 222208K, used 7945K [0x00000000d5580000, 0x00000000e3f80000, 0x0000000100000000)
  eden space 205312K, 0% used [0x00000000d5580000,0x00000000d5580000,0x00000000e1e00000)
  from space 16896K, 47% used [0x00000000e2e80000,0x00000000e36424c8,0x00000000e3f00000)
  to   space 16896K, 0% used [0x00000000e1e00000,0x00000000e1e00000,0x00000000e2e80000)
 ParOldGen       total 212480K, used 185863K [0x0000000080000000, 0x000000008cf80000, 0x00000000d5580000)
  object space 212480K, 87% used [0x0000000080000000,0x000000008b581f38,0x000000008cf80000)
 Metaspace       used 89331K, capacity 91422K, committed 91648K, reserved 1130496K
  class space    used 11093K, capacity 11489K, committed 11520K, reserved 1048576K
}
{Heap before GC invocations=114 (full 3):
 PSYoungGen      total 222208K, used 210298K [0x00000000d5580000, 0x00000000e3f80000, 0x0000000100000000)
  eden space 205312K, 98% used [0x00000000d5580000,0x00000000e1b1c700,0x00000000e1e00000)
  from space 16896K, 47% used [0x00000000e2e80000,0x00000000e36424c8,0x00000000e3f00000)
  to   space 16896K, 0% used [0x00000000e1e00000,0x00000000e1e00000,0x00000000e2e80000)
 ParOldGen       total 212480K, used 185863K [0x0000000080000000, 0x000000008cf80000, 0x00000000d5580000)
  object space 212480K, 87% used [0x0000000080000000,0x000000008b581f38,0x000000008cf80000)
 Metaspace       used 89331K, capacity 91422K, committed 91648K, reserved 1130496K
  class space    used 11093K, capacity 11489K, committed 11520K, reserved 1048576K
2023-08-21T00:02:58.726+0600: 28086.055: [GC (Allocation Failure) [PSYoungGen: 210298K->13851K(214016K)] 396162K->199715K(426496K), 0.0126714 secs] [Times: user=0.02 sys=0.00, real=0.02 secs] 
Heap after GC invocations=114 (full 3):
 PSYoungGen      total 214016K, used 13851K [0x00000000d5580000, 0x00000000e3a80000, 0x0000000100000000)
  eden space 199680K, 0% used [0x00000000d5580000,0x00000000d5580000,0x00000000e1880000)
  from space 14336K, 96% used [0x00000000e1e00000,0x00000000e2b86e38,0x00000000e2c00000)
  to   space 14848K, 0% used [0x00000000e2c00000,0x00000000e2c00000,0x00000000e3a80000)
 ParOldGen       total 212480K, used 185863K [0x0000000080000000, 0x000000008cf80000, 0x00000000d5580000)
  object space 212480K, 87% used [0x0000000080000000,0x000000008b581f38,0x000000008cf80000)
 Metaspace       used 89331K, capacity 91422K, committed 91648K, reserved 1130496K
  class space    used 11093K, capacity 11489K, committed 11520K, reserved 1048576K
}
{Heap before GC invocations=115 (full 3):
 PSYoungGen      total 214016K, used 208936K [0x00000000d5580000, 0x00000000e3a80000, 0x0000000100000000)
  eden space 199680K, 97% used [0x00000000d5580000,0x00000000e1403240,0x00000000e1880000)
  from space 14336K, 96% used [0x00000000e1e00000,0x00000000e2b86e38,0x00000000e2c00000)
  to   space 14848K, 0% used [0x00000000e2c00000,0x00000000e2c00000,0x00000000e3a80000)
 ParOldGen       total 212480K, used 185863K [0x0000000080000000, 0x000000008cf80000, 0x00000000d5580000)
  object space 212480K, 87% used [0x0000000080000000,0x000000008b581f38,0x000000008cf80000)
 Metaspace       used 89331K, capacity 91422K, committed 91648K, reserved 1130496K
  class space    used 11093K, capacity 11489K, committed 11520K, reserved 1048576K
2023-08-21T00:02:59.732+0600: 28087.061: [GC (Allocation Failure) [PSYoungGen: 208936K->13819K(216576K)] 394799K->199707K(429056K), 0.0157327 secs] [Times: user=0.02 sys=0.00, real=0.01 secs] 
Heap after GC invocations=115 (full 3):
 PSYoungGen      total 216576K, used 13819K [0x00000000d5580000, 0x00000000e4500000, 0x0000000100000000)
  eden space 201728K, 0% used [0x00000000d5580000,0x00000000d5580000,0x00000000e1a80000)
  from space 14848K, 93% used [0x00000000e2c00000,0x00000000e397efd8,0x00000000e3a80000)
  to   space 17920K, 0% used [0x00000000e1a80000,0x00000000e1a80000,0x00000000e2c00000)
 ParOldGen       total 212480K, used 185887K [0x0000000080000000, 0x000000008cf80000, 0x00000000d5580000)
  object space 212480K, 87% used [0x0000000080000000,0x000000008b587e88,0x000000008cf80000)
 Metaspace       used 89331K, capacity 91422K, committed 91648K, reserved 1130496K
  class space    used 11093K, capacity 11489K, committed 11520K, reserved 1048576K
}
{Heap before GC invocations=116 (full 3):
 PSYoungGen      total 216576K, used 215013K [0x00000000d5580000, 0x00000000e4500000, 0x0000000100000000)
  eden space 201728K, 99% used [0x00000000d5580000,0x00000000e19fa808,0x00000000e1a80000)
  from space 14848K, 93% used [0x00000000e2c00000,0x00000000e397efd8,0x00000000e3a80000)
  to   space 17920K, 0% used [0x00000000e1a80000,0x00000000e1a80000,0x00000000e2c00000)
 ParOldGen       total 212480K, used 185887K [0x0000000080000000, 0x000000008cf80000, 0x00000000d5580000)
  object space 212480K, 87% used [0x0000000080000000,0x000000008b587e88,0x000000008cf80000)
 Metaspace       used 89333K, capacity 91422K, committed 91648K, reserved 1130496K
  class space    used 11093K, capacity 11489K, committed 11520K, reserved 1048576K
2023-08-21T00:03:02.125+0600: 28089.454: [GC (Allocation Failure) [PSYoungGen: 215013K->13979K(210432K)] 400901K->199883K(422912K), 0.0149376 secs] [Times: user=0.02 sys=0.00, real=0.02 secs] 
Heap after GC invocations=116 (full 3):
 PSYoungGen      total 210432K, used 13979K [0x00000000d5580000, 0x00000000e3900000, 0x0000000100000000)
  eden space 196096K, 0% used [0x00000000d5580000,0x00000000d5580000,0x00000000e1500000)
  from space 14336K, 97% used [0x00000000e1a80000,0x00000000e2826e48,0x00000000e2880000)
  to   space 16896K, 0% used [0x00000000e2880000,0x00000000e2880000,0x00000000e3900000)
 ParOldGen       total 212480K, used 185903K [0x0000000080000000, 0x000000008cf80000, 0x00000000d5580000)
  object space 212480K, 87% used [0x0000000080000000,0x000000008b58be88,0x000000008cf80000)
 Metaspace       used 89333K, capacity 91422K, committed 91648K, reserved 1130496K
  class space    used 11093K, capacity 11489K, committed 11520K, reserved 1048576K
}
{Heap before GC invocations=117 (full 3):
 PSYoungGen      total 210432K, used 208116K [0x00000000d5580000, 0x00000000e3900000, 0x0000000100000000)
  eden space 196096K, 99% used [0x00000000d5580000,0x00000000e1316518,0x00000000e1500000)
  from space 14336K, 97% used [0x00000000e1a80000,0x00000000e2826e48,0x00000000e2880000)
  to   space 16896K, 0% used [0x00000000e2880000,0x00000000e2880000,0x00000000e3900000)
 ParOldGen       total 212480K, used 185903K [0x0000000080000000, 0x000000008cf80000, 0x00000000d5580000)
  object space 212480K, 87% used [0x0000000080000000,0x000000008b58be88,0x000000008cf80000)
 Metaspace       used 89333K, capacity 91422K, committed 91648K, reserved 1130496K
  class space    used 11093K, capacity 11489K, committed 11520K, reserved 1048576K
2023-08-21T00:03:03.298+0600: 28090.627: [GC (Allocation Failure) [PSYoungGen: 208116K->10194K(201728K)] 394020K->196098K(414208K), 0.0131238 secs] [Times: user=0.03 sys=0.00, real=0.02 secs] 
Heap after GC invocations=117 (full 3):
 PSYoungGen      total 201728K, used 10194K [0x00000000d5580000, 0x00000000e3300000, 0x0000000100000000)
  eden space 190976K, 0% used [0x00000000d5580000,0x00000000d5580000,0x00000000e1000000)
  from space 10752K, 94% used [0x00000000e2880000,0x00000000e3274990,0x00000000e3300000)
  to   space 17920K, 0% used [0x00000000e1000000,0x00000000e1000000,0x00000000e2180000)
 ParOldGen       total 212480K, used 185903K [0x0000000080000000, 0x000000008cf80000, 0x00000000d5580000)
  object space 212480K, 87% used [0x0000000080000000,0x000000008b58be88,0x000000008cf80000)
 Metaspace       used 89333K, capacity 91422K, committed 91648K, reserved 1130496K
  class space    used 11093K, capacity 11489K, committed 11520K, reserved 1048576K
}
{Heap before GC invocations=118 (full 3):
 PSYoungGen      total 201728K, used 200157K [0x00000000d5580000, 0x00000000e3300000, 0x0000000100000000)
  eden space 190976K, 99% used [0x00000000d5580000,0x00000000e0f02dd8,0x00000000e1000000)
  from space 10752K, 94% used [0x00000000e2880000,0x00000000e3274990,0x00000000e3300000)
  to   space 17920K, 0% used [0x00000000e1000000,0x00000000e1000000,0x00000000e2180000)
 ParOldGen       total 212480K, used 185903K [0x0000000080000000, 0x000000008cf80000, 0x00000000d5580000)
  object space 212480K, 87% used [0x0000000080000000,0x000000008b58be88,0x000000008cf80000)
 Metaspace       used 89341K, capacity 91422K, committed 91648K, reserved 1130496K
  class space    used 11093K, capacity 11489K, committed 11520K, reserved 1048576K
2023-08-21T00:03:05.478+0600: 28092.807: [GC (Allocation Failure) [PSYoungGen: 200157K->2624K(188928K)] 386061K->188551K(401408K), 0.0121981 secs] [Times: user=0.02 sys=0.00, real=0.02 secs] 
Heap after GC invocations=118 (full 3):
 PSYoungGen      total 188928K, used 2624K [0x00000000d5580000, 0x00000000e3000000, 0x0000000100000000)
  eden space 185856K, 0% used [0x00000000d5580000,0x00000000d5580000,0x00000000e0b00000)
  from space 3072K, 85% used [0x00000000e1000000,0x00000000e1290020,0x00000000e1300000)
  to   space 18944K, 0% used [0x00000000e1d80000,0x00000000e1d80000,0x00000000e3000000)
 ParOldGen       total 212480K, used 185927K [0x0000000080000000, 0x000000008cf80000, 0x00000000d5580000)
  object space 212480K, 87% used [0x0000000080000000,0x000000008b591dd8,0x000000008cf80000)
 Metaspace       used 89341K, capacity 91422K, committed 91648K, reserved 1130496K
  class space    used 11093K, capacity 11489K, committed 11520K, reserved 1048576K
}
{Heap before GC invocations=119 (full 3):
 PSYoungGen      total 188928K, used 187370K [0x00000000d5580000, 0x00000000e3000000, 0x0000000100000000)
  eden space 185856K, 99% used [0x00000000d5580000,0x00000000e09eab00,0x00000000e0b00000)
  from space 3072K, 85% used [0x00000000e1000000,0x00000000e1290020,0x00000000e1300000)
  to   space 18944K, 0% used [0x00000000e1d80000,0x00000000e1d80000,0x00000000e3000000)
 ParOldGen       total 212480K, used 185927K [0x0000000080000000, 0x000000008cf80000, 0x00000000d5580000)
  object space 212480K, 87% used [0x0000000080000000,0x000000008b591dd8,0x000000008cf80000)
 Metaspace       used 89341K, capacity 91422K, committed 91648K, reserved 1130496K
  class space    used 11093K, capacity 11489K, committed 11520K, reserved 1048576K
2023-08-21T00:03:06.467+0600: 28093.796: [GC (Allocation Failure) [PSYoungGen: 187370K->11069K(205312K)] 373298K->197076K(417792K), 0.0148046 secs] [Times: user=0.02 sys=0.00, real=0.02 secs] 
Heap after GC invocations=119 (full 3):
 PSYoungGen      total 205312K, used 11069K [0x00000000d5580000, 0x00000000e3780000, 0x0000000100000000)
  eden space 186368K, 0% used [0x00000000d5580000,0x00000000d5580000,0x00000000e0b80000)
  from space 18944K, 58% used [0x00000000e1d80000,0x00000000e284f5a0,0x00000000e3000000)
  to   space 18432K, 0% used [0x00000000e0b80000,0x00000000e0b80000,0x00000000e1d80000)
 ParOldGen       total 212480K, used 186007K [0x0000000080000000, 0x000000008cf80000, 0x00000000d5580000)
  object space 212480K, 87% used [0x0000000080000000,0x000000008b5a5d58,0x000000008cf80000)
 Metaspace       used 89341K, capacity 91422K, committed 91648K, reserved 1130496K
  class space    used 11093K, capacity 11489K, committed 11520K, reserved 1048576K
}
{Heap before GC invocations=120 (full 3):
 PSYoungGen      total 205312K, used 197437K [0x00000000d5580000, 0x00000000e3780000, 0x0000000100000000)
  eden space 186368K, 100% used [0x00000000d5580000,0x00000000e0b80000,0x00000000e0b80000)
  from space 18944K, 58% used [0x00000000e1d80000,0x00000000e284f5a0,0x00000000e3000000)
  to   space 18432K, 0% used [0x00000000e0b80000,0x00000000e0b80000,0x00000000e1d80000)
 ParOldGen       total 212480K, used 186007K [0x0000000080000000, 0x000000008cf80000, 0x00000000d5580000)
  object space 212480K, 87% used [0x0000000080000000,0x000000008b5a5d58,0x000000008cf80000)
 Metaspace       used 89344K, capacity 91422K, committed 91648K, reserved 1130496K
  class space    used 11093K, capacity 11489K, committed 11520K, reserved 1048576K
2023-08-21T00:03:07.124+0600: 28094.453: [GC (Allocation Failure) [PSYoungGen: 197437K->8073K(204800K)] 383444K->194080K(417280K), 0.0078279 secs] [Times: user=0.01 sys=0.00, real=0.01 secs] 
Heap after GC invocations=120 (full 3):
 PSYoungGen      total 204800K, used 8073K [0x00000000d5580000, 0x00000000e3780000, 0x0000000100000000)
  eden space 186368K, 0% used [0x00000000d5580000,0x00000000d5580000,0x00000000e0b80000)
  from space 18432K, 43% used [0x00000000e0b80000,0x00000000e13624d8,0x00000000e1d80000)
  to   space 17920K, 0% used [0x00000000e2600000,0x00000000e2600000,0x00000000e3780000)
 ParOldGen       total 212480K, used 186007K [0x0000000080000000, 0x000000008cf80000, 0x00000000d5580000)
  object space 212480K, 87% used [0x0000000080000000,0x000000008b5a5d58,0x000000008cf80000)
 Metaspace       used 89344K, capacity 91422K, committed 91648K, reserved 1130496K
  class space    used 11093K, capacity 11489K, committed 11520K, reserved 1048576K
}
{Heap before GC invocations=121 (full 3):
 PSYoungGen      total 204800K, used 194197K [0x00000000d5580000, 0x00000000e3780000, 0x0000000100000000)
  eden space 186368K, 99% used [0x00000000d5580000,0x00000000e0b42f90,0x00000000e0b80000)
  from space 18432K, 43% used [0x00000000e0b80000,0x00000000e13624d8,0x00000000e1d80000)
  to   space 17920K, 0% used [0x00000000e2600000,0x00000000e2600000,0x00000000e3780000)
 ParOldGen       total 212480K, used 186007K [0x0000000080000000, 0x000000008cf80000, 0x00000000d5580000)
  object space 212480K, 87% used [0x0000000080000000,0x000000008b5a5d58,0x000000008cf80000)
 Metaspace       used 89344K, capacity 91422K, committed 91648K, reserved 1130496K
  class space    used 11093K, capacity 11489K, committed 11520K, reserved 1048576K
2023-08-21T00:03:09.810+0600: 28097.139: [GC (Allocation Failure) [PSYoungGen: 194197K->13883K(196096K)] 380204K->199922K(408576K), 0.0170784 secs] [Times: user=0.02 sys=0.01, real=0.01 secs] 
Heap after GC invocations=121 (full 3):
 PSYoungGen      total 196096K, used 13883K [0x00000000d5580000, 0x00000000e3400000, 0x0000000100000000)
  eden space 181760K, 0% used [0x00000000d5580000,0x00000000d5580000,0x00000000e0700000)
  from space 14336K, 96% used [0x00000000e2600000,0x00000000e338ee48,0x00000000e3400000)
  to   space 18432K, 0% used [0x00000000e1000000,0x00000000e1000000,0x00000000e2200000)
 ParOldGen       total 212480K, used 186039K [0x0000000080000000, 0x000000008cf80000, 0x00000000d5580000)
  object space 212480K, 87% used [0x0000000080000000,0x000000008b5adca8,0x000000008cf80000)
 Metaspace       used 89344K, capacity 91422K, committed 91648K, reserved 1130496K
  class space    used 11093K, capacity 11489K, committed 11520K, reserved 1048576K
}
{Heap before GC invocations=122 (full 3):
 PSYoungGen      total 196096K, used 193582K [0x00000000d5580000, 0x00000000e3400000, 0x0000000100000000)
  eden space 181760K, 98% used [0x00000000d5580000,0x00000000e04fcd60,0x00000000e0700000)
  from space 14336K, 96% used [0x00000000e2600000,0x00000000e338ee48,0x00000000e3400000)
  to   space 18432K, 0% used [0x00000000e1000000,0x00000000e1000000,0x00000000e2200000)
 ParOldGen       total 212480K, used 186039K [0x0000000080000000, 0x000000008cf80000, 0x00000000d5580000)
  object space 212480K, 87% used [0x0000000080000000,0x000000008b5adca8,0x000000008cf80000)
 Metaspace       used 89344K, capacity 91422K, committed 91648K, reserved 1130496K
  class space    used 11093K, capacity 11489K, committed 11520K, reserved 1048576K
2023-08-21T00:03:10.719+0600: 28098.048: [GC (Allocation Failure) [PSYoungGen: 193582K->13851K(208896K)] 379622K->199899K(421376K), 0.0121770 secs] [Times: user=0.03 sys=0.00, real=0.01 secs] 
Heap after GC invocations=122 (full 3):
 PSYoungGen      total 208896K, used 13851K [0x00000000d5580000, 0x00000000e3480000, 0x0000000100000000)
  eden space 190464K, 0% used [0x00000000d5580000,0x00000000d5580000,0x00000000e0f80000)
  from space 18432K, 75% used [0x00000000e1000000,0x00000000e1d86fe8,0x00000000e2200000)
  to   space 18944K, 0% used [0x00000000e2200000,0x00000000e2200000,0x00000000e3480000)
 ParOldGen       total 212480K, used 186047K [0x0000000080000000, 0x000000008cf80000, 0x00000000d5580000)
  object space 212480K, 87% used [0x0000000080000000,0x000000008b5afca8,0x000000008cf80000)
 Metaspace       used 89344K, capacity 91422K, committed 91648K, reserved 1130496K
  class space    used 11093K, capacity 11489K, committed 11520K, reserved 1048576K
}
{Heap before GC invocations=123 (full 3):
 PSYoungGen      total 208896K, used 203754K [0x00000000d5580000, 0x00000000e3480000, 0x0000000100000000)
  eden space 190464K, 99% used [0x00000000d5580000,0x00000000e0ef3a70,0x00000000e0f80000)
  from space 18432K, 75% used [0x00000000e1000000,0x00000000e1d86fe8,0x00000000e2200000)
  to   space 18944K, 0% used [0x00000000e2200000,0x00000000e2200000,0x00000000e3480000)
 ParOldGen       total 212480K, used 186047K [0x0000000080000000, 0x000000008cf80000, 0x00000000d5580000)
  object space 212480K, 87% used [0x0000000080000000,0x000000008b5afca8,0x000000008cf80000)
 Metaspace       used 89344K, capacity 91422K, committed 91648K, reserved 1130496K
  class space    used 11093K, capacity 11489K, committed 11520K, reserved 1048576K
2023-08-21T00:03:12.865+0600: 28100.194: [GC (Allocation Failure) [PSYoungGen: 203754K->10098K(198144K)] 389801K->196145K(410624K), 0.0098879 secs] [Times: user=0.02 sys=0.00, real=0.01 secs] 
Heap after GC invocations=123 (full 3):
 PSYoungGen      total 198144K, used 10098K [0x00000000d5580000, 0x00000000e2e80000, 0x0000000100000000)
  eden space 185344K, 0% used [0x00000000d5580000,0x00000000d5580000,0x00000000e0a80000)
  from space 12800K, 78% used [0x00000000e2200000,0x00000000e2bdc990,0x00000000e2e80000)
  to   space 18432K, 0% used [0x00000000e0a80000,0x00000000e0a80000,0x00000000e1c80000)
 ParOldGen       total 212480K, used 186047K [0x0000000080000000, 0x000000008cf80000, 0x00000000d5580000)
  object space 212480K, 87% used [0x0000000080000000,0x000000008b5afca8,0x000000008cf80000)
 Metaspace       used 89344K, capacity 91422K, committed 91648K, reserved 1130496K
  class space    used 11093K, capacity 11489K, committed 11520K, reserved 1048576K
}
{Heap before GC invocations=124 (full 3):
 PSYoungGen      total 198144K, used 192656K [0x00000000d5580000, 0x00000000e2e80000, 0x0000000100000000)
  eden space 185344K, 98% used [0x00000000d5580000,0x00000000e07c7808,0x00000000e0a80000)
  from space 12800K, 78% used [0x00000000e2200000,0x00000000e2bdc990,0x00000000e2e80000)
  to   space 18432K, 0% used [0x00000000e0a80000,0x00000000e0a80000,0x00000000e1c80000)
 ParOldGen       total 212480K, used 186047K [0x0000000080000000, 0x000000008cf80000, 0x00000000d5580000)
  object space 212480K, 87% used [0x0000000080000000,0x000000008b5afca8,0x000000008cf80000)
 Metaspace       used 89344K, capacity 91422K, committed 91648K, reserved 1130496K
  class space    used 11093K, capacity 11489K, committed 11520K, reserved 1048576K
2023-08-21T00:03:13.892+0600: 28101.221: [GC (Allocation Failure) [PSYoungGen: 192656K->10034K(190976K)] 378703K->196105K(403456K), 0.0120701 secs] [Times: user=0.02 sys=0.00, real=0.01 secs] 
Heap after GC invocations=124 (full 3):
 PSYoungGen      total 190976K, used 10034K [0x00000000d5580000, 0x00000000e2900000, 0x0000000100000000)
  eden space 180736K, 0% used [0x00000000d5580000,0x00000000d5580000,0x00000000e0600000)
  from space 10240K, 97% used [0x00000000e0a80000,0x00000000e144c990,0x00000000e1480000)
  to   space 17920K, 0% used [0x00000000e1780000,0x00000000e1780000,0x00000000e2900000)
 ParOldGen       total 212480K, used 186070K [0x0000000080000000, 0x000000008cf80000, 0x00000000d5580000)
  object space 212480K, 87% used [0x0000000080000000,0x000000008b5b5b48,0x000000008cf80000)
 Metaspace       used 89344K, capacity 91422K, committed 91648K, reserved 1130496K
  class space    used 11093K, capacity 11489K, committed 11520K, reserved 1048576K
}
{Heap before GC invocations=125 (full 3):
 PSYoungGen      total 190976K, used 190770K [0x00000000d5580000, 0x00000000e2900000, 0x0000000100000000)
  eden space 180736K, 100% used [0x00000000d5580000,0x00000000e0600000,0x00000000e0600000)
  from space 10240K, 97% used [0x00000000e0a80000,0x00000000e144c990,0x00000000e1480000)
  to   space 17920K, 0% used [0x00000000e1780000,0x00000000e1780000,0x00000000e2900000)
 ParOldGen       total 212480K, used 186070K [0x0000000080000000, 0x000000008cf80000, 0x00000000d5580000)
  object space 212480K, 87% used [0x0000000080000000,0x000000008b5b5b48,0x000000008cf80000)
 Metaspace       used 89344K, capacity 91422K, committed 91648K, reserved 1130496K
  class space    used 11093K, capacity 11489K, committed 11520K, reserved 1048576K
2023-08-21T00:03:14.323+0600: 28101.652: [GC (Allocation Failure) [PSYoungGen: 190770K->896K(197632K)] 376841K->186966K(410112K), 0.0077138 secs] [Times: user=0.01 sys=0.00, real=0.01 secs] 
Heap after GC invocations=125 (full 3):
 PSYoungGen      total 197632K, used 896K [0x00000000d5580000, 0x00000000e3400000, 0x0000000100000000)
  eden space 179712K, 0% used [0x00000000d5580000,0x00000000d5580000,0x00000000e0500000)
  from space 17920K, 5% used [0x00000000e1780000,0x00000000e1860010,0x00000000e2900000)
  to   space 18944K, 0% used [0x00000000e0500000,0x00000000e0500000,0x00000000e1780000)
 ParOldGen       total 212480K, used 186070K [0x0000000080000000, 0x000000008cf80000, 0x00000000d5580000)
  object space 212480K, 87% used [0x0000000080000000,0x000000008b5b5b48,0x000000008cf80000)
 Metaspace       used 89344K, capacity 91422K, committed 91648K, reserved 1130496K
  class space    used 11093K, capacity 11489K, committed 11520K, reserved 1048576K
}
{Heap before GC invocations=126 (full 3):
 PSYoungGen      total 197632K, used 179833K [0x00000000d5580000, 0x00000000e3400000, 0x0000000100000000)
  eden space 179712K, 99% used [0x00000000d5580000,0x00000000e043e708,0x00000000e0500000)
  from space 17920K, 5% used [0x00000000e1780000,0x00000000e1860010,0x00000000e2900000)
  to   space 18944K, 0% used [0x00000000e0500000,0x00000000e0500000,0x00000000e1780000)
 ParOldGen       total 212480K, used 186070K [0x0000000080000000, 0x000000008cf80000, 0x00000000d5580000)
  object space 212480K, 87% used [0x0000000080000000,0x000000008b5b5b48,0x000000008cf80000)
 Metaspace       used 89344K, capacity 91422K, committed 91648K, reserved 1130496K
  class space    used 11093K, capacity 11489K, committed 11520K, reserved 1048576K
2023-08-21T00:03:16.793+0600: 28104.122: [GC (Allocation Failure) [PSYoungGen: 179833K->13851K(189440K)] 365904K->199930K(401920K), 0.0160112 secs] [Times: user=0.03 sys=0.00, real=0.02 secs] 
Heap after GC invocations=126 (full 3):
 PSYoungGen      total 189440K, used 13851K [0x00000000d5580000, 0x00000000e2680000, 0x0000000100000000)
  eden space 175104K, 0% used [0x00000000d5580000,0x00000000d5580000,0x00000000e0080000)
  from space 14336K, 96% used [0x00000000e0500000,0x00000000e1286e48,0x00000000e1300000)
  to   space 19456K, 0% used [0x00000000e1380000,0x00000000e1380000,0x00000000e2680000)
 ParOldGen       total 212480K, used 186078K [0x0000000080000000, 0x000000008cf80000, 0x00000000d5580000)
  object space 212480K, 87% used [0x0000000080000000,0x000000008b5b7b48,0x000000008cf80000)
 Metaspace       used 89344K, capacity 91422K, committed 91648K, reserved 1130496K
  class space    used 11093K, capacity 11489K, committed 11520K, reserved 1048576K
}
{Heap before GC invocations=127 (full 3):
 PSYoungGen      total 189440K, used 188955K [0x00000000d5580000, 0x00000000e2680000, 0x0000000100000000)
  eden space 175104K, 100% used [0x00000000d5580000,0x00000000e0080000,0x00000000e0080000)
  from space 14336K, 96% used [0x00000000e0500000,0x00000000e1286e48,0x00000000e1300000)
  to   space 19456K, 0% used [0x00000000e1380000,0x00000000e1380000,0x00000000e2680000)
 ParOldGen       total 212480K, used 186078K [0x0000000080000000, 0x000000008cf80000, 0x00000000d5580000)
  object space 212480K, 87% used [0x0000000080000000,0x000000008b5b7b48,0x000000008cf80000)
 Metaspace       used 89344K, capacity 91422K, committed 91648K, reserved 1130496K
  class space    used 11093K, capacity 11489K, committed 11520K, reserved 1048576K
2023-08-21T00:03:17.568+0600: 28104.897: [GC (Allocation Failure) [PSYoungGen: 188955K->8233K(185344K)] 375034K->194335K(397824K), 0.0084615 secs] [Times: user=0.02 sys=0.00, real=0.01 secs] 
Heap after GC invocations=127 (full 3):
 PSYoungGen      total 185344K, used 8233K [0x00000000d5580000, 0x00000000e2180000, 0x0000000100000000)
  eden space 171008K, 0% used [0x00000000d5580000,0x00000000d5580000,0x00000000dfc80000)
  from space 14336K, 57% used [0x00000000e1380000,0x00000000e1b8a4d8,0x00000000e2180000)
  to   space 18944K, 0% used [0x00000000dfc80000,0x00000000dfc80000,0x00000000e0f00000)
 ParOldGen       total 212480K, used 186102K [0x0000000080000000, 0x000000008cf80000, 0x00000000d5580000)
  object space 212480K, 87% used [0x0000000080000000,0x000000008b5bda98,0x000000008cf80000)
 Metaspace       used 89344K, capacity 91422K, committed 91648K, reserved 1130496K
  class space    used 11093K, capacity 11489K, committed 11520K, reserved 1048576K
}
{Heap before GC invocations=128 (full 3):
 PSYoungGen      total 185344K, used 177160K [0x00000000d5580000, 0x00000000e2180000, 0x0000000100000000)
  eden space 171008K, 98% used [0x00000000d5580000,0x00000000dfa77ce0,0x00000000dfc80000)
  from space 14336K, 57% used [0x00000000e1380000,0x00000000e1b8a4d8,0x00000000e2180000)
  to   space 18944K, 0% used [0x00000000dfc80000,0x00000000dfc80000,0x00000000e0f00000)
 ParOldGen       total 212480K, used 186102K [0x0000000080000000, 0x000000008cf80000, 0x00000000d5580000)
  object space 212480K, 87% used [0x0000000080000000,0x000000008b5bda98,0x000000008cf80000)
 Metaspace       used 89344K, capacity 91422K, committed 91648K, reserved 1130496K
  class space    used 11093K, capacity 11489K, committed 11520K, reserved 1048576K
2023-08-21T00:03:19.863+0600: 28107.192: [GC (Allocation Failure) [PSYoungGen: 177160K->10066K(177152K)] 363263K->196185K(389632K), 0.0138211 secs] [Times: user=0.03 sys=0.00, real=0.01 secs] 
Heap after GC invocations=128 (full 3):
 PSYoungGen      total 177152K, used 10066K [0x00000000d5580000, 0x00000000e1b80000, 0x0000000100000000)
  eden space 166912K, 0% used [0x00000000d5580000,0x00000000d5580000,0x00000000df880000)
  from space 10240K, 98% used [0x00000000dfc80000,0x00000000e0654990,0x00000000e0680000)
  to   space 17920K, 0% used [0x00000000e0a00000,0x00000000e0a00000,0x00000000e1b80000)
 ParOldGen       total 212480K, used 186118K [0x0000000080000000, 0x000000008cf80000, 0x00000000d5580000)
  object space 212480K, 87% used [0x0000000080000000,0x000000008b5c1a98,0x000000008cf80000)
 Metaspace       used 89344K, capacity 91422K, committed 91648K, reserved 1130496K
  class space    used 11093K, capacity 11489K, committed 11520K, reserved 1048576K
}
{Heap before GC invocations=129 (full 3):
 PSYoungGen      total 177152K, used 176978K [0x00000000d5580000, 0x00000000e1b80000, 0x0000000100000000)
  eden space 166912K, 100% used [0x00000000d5580000,0x00000000df880000,0x00000000df880000)
  from space 10240K, 98% used [0x00000000dfc80000,0x00000000e0654990,0x00000000e0680000)
  to   space 17920K, 0% used [0x00000000e0a00000,0x00000000e0a00000,0x00000000e1b80000)
 ParOldGen       total 212480K, used 186118K [0x0000000080000000, 0x000000008cf80000, 0x00000000d5580000)
  object space 212480K, 87% used [0x0000000080000000,0x000000008b5c1a98,0x000000008cf80000)
 Metaspace       used 89344K, capacity 91422K, committed 91648K, reserved 1130496K
  class space    used 11093K, capacity 11489K, committed 11520K, reserved 1048576K
2023-08-21T00:03:20.781+0600: 28108.110: [GC (Allocation Failure) [PSYoungGen: 176978K->10066K(185344K)] 363097K->196201K(397824K), 0.0144323 secs] [Times: user=0.02 sys=0.00, real=0.01 secs] 
Heap after GC invocations=129 (full 3):
 PSYoungGen      total 185344K, used 10066K [0x00000000d5580000, 0x00000000e2280000, 0x0000000100000000)
  eden space 167424K, 0% used [0x00000000d5580000,0x00000000d5580000,0x00000000df900000)
  from space 17920K, 56% used [0x00000000e0a00000,0x00000000e13d4990,0x00000000e1b80000)
  to   space 17408K, 0% used [0x00000000df900000,0x00000000df900000,0x00000000e0a00000)
 ParOldGen       total 212480K, used 186134K [0x0000000080000000, 0x000000008cf80000, 0x00000000d5580000)
  object space 212480K, 87% used [0x0000000080000000,0x000000008b5c5a98,0x000000008cf80000)
 Metaspace       used 89344K, capacity 91422K, committed 91648K, reserved 1130496K
  class space    used 11093K, capacity 11489K, committed 11520K, reserved 1048576K
}
{Heap before GC invocations=130 (full 3):
 PSYoungGen      total 185344K, used 177490K [0x00000000d5580000, 0x00000000e2280000, 0x0000000100000000)
  eden space 167424K, 100% used [0x00000000d5580000,0x00000000df900000,0x00000000df900000)
  from space 17920K, 56% used [0x00000000e0a00000,0x00000000e13d4990,0x00000000e1b80000)
  to   space 17408K, 0% used [0x00000000df900000,0x00000000df900000,0x00000000e0a00000)
 ParOldGen       total 212480K, used 186134K [0x0000000080000000, 0x000000008cf80000, 0x00000000d5580000)
  object space 212480K, 87% used [0x0000000080000000,0x000000008b5c5a98,0x000000008cf80000)
 Metaspace       used 89345K, capacity 91422K, committed 91648K, reserved 1130496K
  class space    used 11093K, capacity 11489K, committed 11520K, reserved 1048576K
2023-08-21T00:03:21.258+0600: 28108.586: [GC (Allocation Failure) [PSYoungGen: 177490K->8105K(184832K)] 363625K->194239K(397312K), 0.0077256 secs] [Times: user=0.02 sys=0.00, real=0.01 secs] 
Heap after GC invocations=130 (full 3):
 PSYoungGen      total 184832K, used 8105K [0x00000000d5580000, 0x00000000e2300000, 0x0000000100000000)
  eden space 167424K, 0% used [0x00000000d5580000,0x00000000d5580000,0x00000000df900000)
  from space 17408K, 46% used [0x00000000df900000,0x00000000e00ea4d8,0x00000000e0a00000)
  to   space 16896K, 0% used [0x00000000e1280000,0x00000000e1280000,0x00000000e2300000)
 ParOldGen       total 212480K, used 186134K [0x0000000080000000, 0x000000008cf80000, 0x00000000d5580000)
  object space 212480K, 87% used [0x0000000080000000,0x000000008b5c5a98,0x000000008cf80000)
 Metaspace       used 89345K, capacity 91422K, committed 91648K, reserved 1130496K
  class space    used 11093K, capacity 11489K, committed 11520K, reserved 1048576K
}
{Heap before GC invocations=131 (full 3):
 PSYoungGen      total 184832K, used 173484K [0x00000000d5580000, 0x00000000e2300000, 0x0000000100000000)
  eden space 167424K, 98% used [0x00000000d5580000,0x00000000df700c28,0x00000000df900000)
  from space 17408K, 46% used [0x00000000df900000,0x00000000e00ea4d8,0x00000000e0a00000)
  to   space 16896K, 0% used [0x00000000e1280000,0x00000000e1280000,0x00000000e2300000)
 ParOldGen       total 212480K, used 186134K [0x0000000080000000, 0x000000008cf80000, 0x00000000d5580000)
  object space 212480K, 87% used [0x0000000080000000,0x000000008b5c5a98,0x000000008cf80000)
 Metaspace       used 89349K, capacity 91422K, committed 91648K, reserved 1130496K
  class space    used 11093K, capacity 11489K, committed 11520K, reserved 1048576K
2023-08-21T00:03:23.695+0600: 28111.024: [GC (Allocation Failure) [PSYoungGen: 173484K->9938K(190464K)] 359618K->196200K(402944K), 0.0154329 secs] [Times: user=0.02 sys=0.00, real=0.02 secs] 
Heap after GC invocations=131 (full 3):
 PSYoungGen      total 190464K, used 9938K [0x00000000d5580000, 0x00000000e2100000, 0x0000000100000000)
  eden space 175616K, 0% used [0x00000000d5580000,0x00000000d5580000,0x00000000e0100000)
  from space 14848K, 66% used [0x00000000e1280000,0x00000000e1c34980,0x00000000e2100000)
  to   space 16384K, 0% used [0x00000000e0100000,0x00000000e0100000,0x00000000e1100000)
 ParOldGen       total 212480K, used 186262K [0x0000000080000000, 0x000000008cf80000, 0x00000000d5580000)
  object space 212480K, 87% used [0x0000000080000000,0x000000008b5e58b8,0x000000008cf80000)
 Metaspace       used 89349K, capacity 91422K, committed 91648K, reserved 1130496K
  class space    used 11093K, capacity 11489K, committed 11520K, reserved 1048576K
}
{Heap before GC invocations=132 (full 3):
 PSYoungGen      total 190464K, used 181289K [0x00000000d5580000, 0x00000000e2100000, 0x0000000100000000)
  eden space 175616K, 97% used [0x00000000d5580000,0x00000000dfcd5be0,0x00000000e0100000)
  from space 14848K, 66% used [0x00000000e1280000,0x00000000e1c34980,0x00000000e2100000)
  to   space 16384K, 0% used [0x00000000e0100000,0x00000000e0100000,0x00000000e1100000)
 ParOldGen       total 212480K, used 186262K [0x0000000080000000, 0x000000008cf80000, 0x00000000d5580000)
  object space 212480K, 87% used [0x0000000080000000,0x000000008b5e58b8,0x000000008cf80000)
 Metaspace       used 89349K, capacity 91422K, committed 91648K, reserved 1130496K
  class space    used 11093K, capacity 11489K, committed 11520K, reserved 1048576K
2023-08-21T00:03:24.576+0600: 28111.904: [GC (Allocation Failure) [PSYoungGen: 181289K->13723K(192000K)] 367551K->199986K(404480K), 0.0122499 secs] [Times: user=0.02 sys=0.00, real=0.01 secs] 
Heap after GC invocations=132 (full 3):
 PSYoungGen      total 192000K, used 13723K [0x00000000d5580000, 0x00000000e2b00000, 0x0000000100000000)
  eden space 175616K, 0% used [0x00000000d5580000,0x00000000d5580000,0x00000000e0100000)
  from space 16384K, 83% used [0x00000000e0100000,0x00000000e0e66fd8,0x00000000e1100000)
  to   space 16896K, 0% used [0x00000000e1a80000,0x00000000e1a80000,0x00000000e2b00000)
 ParOldGen       total 212480K, used 186262K [0x0000000080000000, 0x000000008cf80000, 0x00000000d5580000)
  object space 212480K, 87% used [0x0000000080000000,0x000000008b5e58b8,0x000000008cf80000)
 Metaspace       used 89349K, capacity 91422K, committed 91648K, reserved 1130496K
  class space    used 11093K, capacity 11489K, committed 11520K, reserved 1048576K
}
{Heap before GC invocations=133 (full 3):
 PSYoungGen      total 192000K, used 187442K [0x00000000d5580000, 0x00000000e2b00000, 0x0000000100000000)
  eden space 175616K, 98% used [0x00000000d5580000,0x00000000dff258b0,0x00000000e0100000)
  from space 16384K, 83% used [0x00000000e0100000,0x00000000e0e66fd8,0x00000000e1100000)
  to   space 16896K, 0% used [0x00000000e1a80000,0x00000000e1a80000,0x00000000e2b00000)
 ParOldGen       total 212480K, used 186262K [0x0000000080000000, 0x000000008cf80000, 0x00000000d5580000)
  object space 212480K, 87% used [0x0000000080000000,0x000000008b5e58b8,0x000000008cf80000)
 Metaspace       used 89349K, capacity 91422K, committed 91648K, reserved 1130496K
  class space    used 11093K, capacity 11489K, committed 11520K, reserved 1048576K
2023-08-21T00:03:26.626+0600: 28113.954: [GC (Allocation Failure) [PSYoungGen: 187442K->9938K(199680K)] 373704K->196224K(412160K), 0.0183474 secs] [Times: user=0.02 sys=0.00, real=0.02 secs] 
Heap after GC invocations=133 (full 3):
 PSYoungGen      total 199680K, used 9938K [0x00000000d5580000, 0x00000000e2980000, 0x0000000100000000)
  eden space 184320K, 0% used [0x00000000d5580000,0x00000000d5580000,0x00000000e0980000)
  from space 15360K, 64% used [0x00000000e1a80000,0x00000000e2434980,0x00000000e2980000)
  to   space 16384K, 0% used [0x00000000e0980000,0x00000000e0980000,0x00000000e1980000)
 ParOldGen       total 212480K, used 186286K [0x0000000080000000, 0x000000008cf80000, 0x00000000d5580000)
  object space 212480K, 87% used [0x0000000080000000,0x000000008b5eb808,0x000000008cf80000)
 Metaspace       used 89349K, capacity 91422K, committed 91648K, reserved 1130496K
  class space    used 11093K, capacity 11489K, committed 11520K, reserved 1048576K
}
{Heap before GC invocations=134 (full 3):
 PSYoungGen      total 199680K, used 192945K [0x00000000d5580000, 0x00000000e2980000, 0x0000000100000000)
  eden space 184320K, 99% used [0x00000000d5580000,0x00000000e0837d50,0x00000000e0980000)
  from space 15360K, 64% used [0x00000000e1a80000,0x00000000e2434980,0x00000000e2980000)
  to   space 16384K, 0% used [0x00000000e0980000,0x00000000e0980000,0x00000000e1980000)
 ParOldGen       total 212480K, used 186286K [0x0000000080000000, 0x000000008cf80000, 0x00000000d5580000)
  object space 212480K, 87% used [0x0000000080000000,0x000000008b5eb808,0x000000008cf80000)
 Metaspace       used 89349K, capacity 91422K, committed 91648K, reserved 1130496K
  class space    used 11093K, capacity 11489K, committed 11520K, reserved 1048576K
2023-08-21T00:03:27.700+0600: 28115.029: [GC (Allocation Failure) [PSYoungGen: 192945K->13691K(200704K)] 379231K->199977K(413184K), 0.0138592 secs] [Times: user=0.02 sys=0.00, real=0.01 secs] 
Heap after GC invocations=134 (full 3):
 PSYoungGen      total 200704K, used 13691K [0x00000000d5580000, 0x00000000e3380000, 0x0000000100000000)
  eden space 184320K, 0% used [0x00000000d5580000,0x00000000d5580000,0x00000000e0980000)
  from space 16384K, 83% used [0x00000000e0980000,0x00000000e16dee38,0x00000000e1980000)
  to   space 16896K, 0% used [0x00000000e2300000,0x00000000e2300000,0x00000000e3380000)
 ParOldGen       total 212480K, used 186286K [0x0000000080000000, 0x000000008cf80000, 0x00000000d5580000)
  object space 212480K, 87% used [0x0000000080000000,0x000000008b5eb808,0x000000008cf80000)
 Metaspace       used 89349K, capacity 91422K, committed 91648K, reserved 1130496K
  class space    used 11093K, capacity 11489K, committed 11520K, reserved 1048576K
}
{Heap before GC invocations=135 (full 3):
 PSYoungGen      total 200704K, used 198011K [0x00000000d5580000, 0x00000000e3380000, 0x0000000100000000)
  eden space 184320K, 100% used [0x00000000d5580000,0x00000000e0980000,0x00000000e0980000)
  from space 16384K, 83% used [0x00000000e0980000,0x00000000e16dee38,0x00000000e1980000)
  to   space 16896K, 0% used [0x00000000e2300000,0x00000000e2300000,0x00000000e3380000)
 ParOldGen       total 212480K, used 186286K [0x0000000080000000, 0x000000008cf80000, 0x00000000d5580000)
  object space 212480K, 87% used [0x0000000080000000,0x000000008b5eb808,0x000000008cf80000)
 Metaspace       used 89349K, capacity 91422K, committed 91648K, reserved 1130496K
  class space    used 11093K, capacity 11489K, committed 11520K, reserved 1048576K
2023-08-21T00:03:28.287+0600: 28115.615: [GC (Allocation Failure) [PSYoungGen: 198011K->7689K(210432K)] 384297K->193983K(422912K), 0.0083290 secs] [Times: user=0.01 sys=0.00, real=0.01 secs] 
Heap after GC invocations=135 (full 3):
 PSYoungGen      total 210432K, used 7689K [0x00000000d5580000, 0x00000000e3400000, 0x0000000100000000)
  eden space 193536K, 0% used [0x00000000d5580000,0x00000000d5580000,0x00000000e1280000)
  from space 16896K, 45% used [0x00000000e2300000,0x00000000e2a824c8,0x00000000e3380000)
  to   space 16896K, 0% used [0x00000000e1280000,0x00000000e1280000,0x00000000e2300000)
 ParOldGen       total 212480K, used 186294K [0x0000000080000000, 0x000000008cf80000, 0x00000000d5580000)
  object space 212480K, 87% used [0x0000000080000000,0x000000008b5ed808,0x000000008cf80000)
 Metaspace       used 89349K, capacity 91422K, committed 91648K, reserved 1130496K
  class space    used 11093K, capacity 11489K, committed 11520K, reserved 1048576K
}
{Heap before GC invocations=136 (full 3):
 PSYoungGen      total 210432K, used 198576K [0x00000000d5580000, 0x00000000e3400000, 0x0000000100000000)
  eden space 193536K, 98% used [0x00000000d5580000,0x00000000e0fe9ee0,0x00000000e1280000)
  from space 16896K, 45% used [0x00000000e2300000,0x00000000e2a824c8,0x00000000e3380000)
  to   space 16896K, 0% used [0x00000000e1280000,0x00000000e1280000,0x00000000e2300000)
 ParOldGen       total 212480K, used 186294K [0x0000000080000000, 0x000000008cf80000, 0x00000000d5580000)
  object space 212480K, 87% used [0x0000000080000000,0x000000008b5ed808,0x000000008cf80000)
 Metaspace       used 89349K, capacity 91422K, committed 91648K, reserved 1130496K
  class space    used 11093K, capacity 11489K, committed 11520K, reserved 1048576K
2023-08-21T00:03:30.924+0600: 28118.253: [GC (Allocation Failure) [PSYoungGen: 198576K->9938K(198656K)] 384870K->196248K(411136K), 0.0119072 secs] [Times: user=0.02 sys=0.00, real=0.01 secs] 
Heap after GC invocations=136 (full 3):
 PSYoungGen      total 198656K, used 9938K [0x00000000d5580000, 0x00000000e2d80000, 0x0000000100000000)
  eden space 188416K, 0% used [0x00000000d5580000,0x00000000d5580000,0x00000000e0d80000)
  from space 10240K, 97% used [0x00000000e1280000,0x00000000e1c34980,0x00000000e1c80000)
  to   space 16384K, 0% used [0x00000000e1d80000,0x00000000e1d80000,0x00000000e2d80000)
 ParOldGen       total 212480K, used 186310K [0x0000000080000000, 0x000000008cf80000, 0x00000000d5580000)
  object space 212480K, 87% used [0x0000000080000000,0x000000008b5f1808,0x000000008cf80000)
 Metaspace       used 89349K, capacity 91422K, committed 91648K, reserved 1130496K
  class space    used 11093K, capacity 11489K, committed 11520K, reserved 1048576K
}
{Heap before GC invocations=137 (full 3):
 PSYoungGen      total 198656K, used 198354K [0x00000000d5580000, 0x00000000e2d80000, 0x0000000100000000)
  eden space 188416K, 100% used [0x00000000d5580000,0x00000000e0d80000,0x00000000e0d80000)
  from space 10240K, 97% used [0x00000000e1280000,0x00000000e1c34980,0x00000000e1c80000)
  to   space 16384K, 0% used [0x00000000e1d80000,0x00000000e1d80000,0x00000000e2d80000)
 ParOldGen       total 212480K, used 186393K [0x0000000080000000, 0x000000008cf80000, 0x00000000d5580000)
  object space 212480K, 87% used [0x0000000080000000,0x000000008b606718,0x000000008cf80000)
 Metaspace       used 89349K, capacity 91422K, committed 91648K, reserved 1130496K
  class space    used 11093K, capacity 11489K, committed 11520K, reserved 1048576K
2023-08-21T00:03:31.741+0600: 28119.069: [GC (GCLocker Initiated GC) [PSYoungGen: 198354K->8073K(195584K)] 384748K->194466K(408064K), 0.0079439 secs] [Times: user=0.01 sys=0.00, real=0.00 secs] 
Heap after GC invocations=137 (full 3):
 PSYoungGen      total 195584K, used 8073K [0x00000000d5580000, 0x00000000e2900000, 0x0000000100000000)
  eden space 183808K, 0% used [0x00000000d5580000,0x00000000d5580000,0x00000000e0900000)
  from space 11776K, 68% used [0x00000000e1d80000,0x00000000e25624c8,0x00000000e2900000)
  to   space 16384K, 0% used [0x00000000e0900000,0x00000000e0900000,0x00000000e1900000)
 ParOldGen       total 212480K, used 186393K [0x0000000080000000, 0x000000008cf80000, 0x00000000d5580000)
  object space 212480K, 87% used [0x0000000080000000,0x000000008b606718,0x000000008cf80000)
 Metaspace       used 89349K, capacity 91422K, committed 91648K, reserved 1130496K
  class space    used 11093K, capacity 11489K, committed 11520K, reserved 1048576K
}
{Heap before GC invocations=138 (full 3):
 PSYoungGen      total 195584K, used 191881K [0x00000000d5580000, 0x00000000e2900000, 0x0000000100000000)
  eden space 183808K, 100% used [0x00000000d5580000,0x00000000e0900000,0x00000000e0900000)
  from space 11776K, 68% used [0x00000000e1d80000,0x00000000e25624c8,0x00000000e2900000)
  to   space 16384K, 0% used [0x00000000e0900000,0x00000000e0900000,0x00000000e1900000)
 ParOldGen       total 310784K, used 309561K [0x0000000080000000, 0x0000000092f80000, 0x00000000d5580000)
  object space 310784K, 99% used [0x0000000080000000,0x0000000092e4e6b8,0x0000000092f80000)
 Metaspace       used 89349K, capacity 91422K, committed 91648K, reserved 1130496K
  class space    used 11093K, capacity 11489K, committed 11520K, reserved 1048576K
2023-08-21T00:03:34.777+0600: 28122.106: [GC (Allocation Failure) [PSYoungGen: 191881K->6217K(185856K)] 501442K->315794K(496640K), 0.0147295 secs] [Times: user=0.03 sys=0.00, real=0.02 secs] 
Heap after GC invocations=138 (full 3):
 PSYoungGen      total 185856K, used 6217K [0x00000000d5580000, 0x00000000e2480000, 0x0000000100000000)
  eden space 179200K, 0% used [0x00000000d5580000,0x00000000d5580000,0x00000000e0480000)
  from space 6656K, 93% used [0x00000000e0900000,0x00000000e0f124c8,0x00000000e0f80000)
  to   space 16384K, 0% used [0x00000000e1480000,0x00000000e1480000,0x00000000e2480000)
 ParOldGen       total 310784K, used 309577K [0x0000000080000000, 0x0000000092f80000, 0x00000000d5580000)
  object space 310784K, 99% used [0x0000000080000000,0x0000000092e526b8,0x0000000092f80000)
 Metaspace       used 89349K, capacity 91422K, committed 91648K, reserved 1130496K
  class space    used 11093K, capacity 11489K, committed 11520K, reserved 1048576K
}
{Heap before GC invocations=139 (full 3):
 PSYoungGen      total 185856K, used 185417K [0x00000000d5580000, 0x00000000e2480000, 0x0000000100000000)
  eden space 179200K, 100% used [0x00000000d5580000,0x00000000e0480000,0x00000000e0480000)
  from space 6656K, 93% used [0x00000000e0900000,0x00000000e0f124c8,0x00000000e0f80000)
  to   space 16384K, 0% used [0x00000000e1480000,0x00000000e1480000,0x00000000e2480000)
 ParOldGen       total 310784K, used 309577K [0x0000000080000000, 0x0000000092f80000, 0x00000000d5580000)
  object space 310784K, 99% used [0x0000000080000000,0x0000000092e526b8,0x0000000092f80000)
 Metaspace       used 89350K, capacity 91422K, committed 91648K, reserved 1130496K
  class space    used 11093K, capacity 11489K, committed 11520K, reserved 1048576K
2023-08-21T00:03:35.378+0600: 28122.707: [GC (Allocation Failure) [PSYoungGen: 185417K->8009K(196096K)] 494994K->317586K(506880K), 0.0099436 secs] [Times: user=0.02 sys=0.00, real=0.01 secs] 
Heap after GC invocations=139 (full 3):
 PSYoungGen      total 196096K, used 8009K [0x00000000d5580000, 0x00000000e2c00000, 0x0000000100000000)
  eden space 179712K, 0% used [0x00000000d5580000,0x00000000d5580000,0x00000000e0500000)
  from space 16384K, 48% used [0x00000000e1480000,0x00000000e1c524c8,0x00000000e2480000)
  to   space 15872K, 0% used [0x00000000e0500000,0x00000000e0500000,0x00000000e1480000)
 ParOldGen       total 310784K, used 309577K [0x0000000080000000, 0x0000000092f80000, 0x00000000d5580000)
  object space 310784K, 99% used [0x0000000080000000,0x0000000092e526b8,0x0000000092f80000)
 Metaspace       used 89350K, capacity 91422K, committed 91648K, reserved 1130496K
  class space    used 11093K, capacity 11489K, committed 11520K, reserved 1048576K
}
{Heap before GC invocations=140 (full 3):
 PSYoungGen      total 196096K, used 184918K [0x00000000d5580000, 0x00000000e2c00000, 0x0000000100000000)
  eden space 179712K, 98% used [0x00000000d5580000,0x00000000e0243458,0x00000000e0500000)
  from space 16384K, 48% used [0x00000000e1480000,0x00000000e1c524c8,0x00000000e2480000)
  to   space 15872K, 0% used [0x00000000e0500000,0x00000000e0500000,0x00000000e1480000)
 ParOldGen       total 310784K, used 309577K [0x0000000080000000, 0x0000000092f80000, 0x00000000d5580000)
  object space 310784K, 99% used [0x0000000080000000,0x0000000092e526b8,0x0000000092f80000)
 Metaspace       used 89353K, capacity 91422K, committed 91648K, reserved 1130496K
  class space    used 11093K, capacity 11489K, committed 11520K, reserved 1048576K
2023-08-21T00:03:37.812+0600: 28125.141: [GC (Allocation Failure) [PSYoungGen: 184918K->10002K(185344K)] 494495K->319603K(496128K), 0.0168139 secs] [Times: user=0.03 sys=0.00, real=0.02 secs] 
Heap after GC invocations=140 (full 3):
 PSYoungGen      total 185344K, used 10002K [0x00000000d5580000, 0x00000000e1e80000, 0x0000000100000000)
  eden space 175104K, 0% used [0x00000000d5580000,0x00000000d5580000,0x00000000e0080000)
  from space 10240K, 97% used [0x00000000e0500000,0x00000000e0ec4980,0x00000000e0f00000)
  to   space 15360K, 0% used [0x00000000e0f80000,0x00000000e0f80000,0x00000000e1e80000)
 ParOldGen       total 310784K, used 309601K [0x0000000080000000, 0x0000000092f80000, 0x00000000d5580000)
  object space 310784K, 99% used [0x0000000080000000,0x0000000092e58608,0x0000000092f80000)
 Metaspace       used 89353K, capacity 91422K, committed 91648K, reserved 1130496K
  class space    used 11093K, capacity 11489K, committed 11520K, reserved 1048576K
}
{Heap before GC invocations=141 (full 3):
 PSYoungGen      total 185344K, used 181349K [0x00000000d5580000, 0x00000000e1e80000, 0x0000000100000000)
  eden space 175104K, 97% used [0x00000000d5580000,0x00000000dfcd4e58,0x00000000e0080000)
  from space 10240K, 97% used [0x00000000e0500000,0x00000000e0ec4980,0x00000000e0f00000)
  to   space 15360K, 0% used [0x00000000e0f80000,0x00000000e0f80000,0x00000000e1e80000)
 ParOldGen       total 310784K, used 309601K [0x0000000080000000, 0x0000000092f80000, 0x00000000d5580000)
  object space 310784K, 99% used [0x0000000080000000,0x0000000092e58608,0x0000000092f80000)
 Metaspace       used 89354K, capacity 91422K, committed 91648K, reserved 1130496K
  class space    used 11093K, capacity 11489K, committed 11520K, reserved 1048576K
2023-08-21T00:03:38.784+0600: 28126.113: [GC (Allocation Failure) [PSYoungGen: 181349K->10002K(190976K)] 490951K->319619K(501760K), 0.0140166 secs] [Times: user=0.02 sys=0.00, real=0.01 secs] 
Heap after GC invocations=141 (full 3):
 PSYoungGen      total 190976K, used 10002K [0x00000000d5580000, 0x00000000e2600000, 0x0000000100000000)
  eden space 175616K, 0% used [0x00000000d5580000,0x00000000d5580000,0x00000000e0100000)
  from space 15360K, 65% used [0x00000000e0f80000,0x00000000e19449d0,0x00000000e1e80000)
  to   space 14848K, 0% used [0x00000000e0100000,0x00000000e0100000,0x00000000e0f80000)
 ParOldGen       total 310784K, used 309617K [0x0000000080000000, 0x0000000092f80000, 0x00000000d5580000)
  object space 310784K, 99% used [0x0000000080000000,0x0000000092e5c608,0x0000000092f80000)
 Metaspace       used 89354K, capacity 91422K, committed 91648K, reserved 1130496K
  class space    used 11093K, capacity 11489K, committed 11520K, reserved 1048576K
}
{Heap before GC invocations=142 (full 3):
 PSYoungGen      total 190976K, used 183616K [0x00000000d5580000, 0x00000000e2600000, 0x0000000100000000)
  eden space 175616K, 98% used [0x00000000d5580000,0x00000000dff0b928,0x00000000e0100000)
  from space 15360K, 65% used [0x00000000e0f80000,0x00000000e19449d0,0x00000000e1e80000)
  to   space 14848K, 0% used [0x00000000e0100000,0x00000000e0100000,0x00000000e0f80000)
 ParOldGen       total 310784K, used 309617K [0x0000000080000000, 0x0000000092f80000, 0x00000000d5580000)
  object space 310784K, 99% used [0x0000000080000000,0x0000000092e5c608,0x0000000092f80000)
 Metaspace       used 89354K, capacity 91422K, committed 91648K, reserved 1130496K
  class space    used 11093K, capacity 11489K, committed 11520K, reserved 1048576K
2023-08-21T00:03:40.806+0600: 28128.135: [GC (Allocation Failure) [PSYoungGen: 183616K->6530K(178176K)] 493234K->316163K(488960K), 0.0141625 secs] [Times: user=0.02 sys=0.00, real=0.02 secs] 
Heap after GC invocations=142 (full 3):
 PSYoungGen      total 178176K, used 6530K [0x00000000d5580000, 0x00000000e1a00000, 0x0000000100000000)
  eden space 171520K, 0% used [0x00000000d5580000,0x00000000d5580000,0x00000000dfd00000)
  from space 6656K, 98% used [0x00000000e0100000,0x00000000e0760820,0x00000000e0780000)
  to   space 14848K, 0% used [0x00000000e0b80000,0x00000000e0b80000,0x00000000e1a00000)
 ParOldGen       total 310784K, used 309633K [0x0000000080000000, 0x0000000092f80000, 0x00000000d5580000)
  object space 310784K, 99% used [0x0000000080000000,0x0000000092e60608,0x0000000092f80000)
 Metaspace       used 89354K, capacity 91422K, committed 91648K, reserved 1130496K
  class space    used 11093K, capacity 11489K, committed 11520K, reserved 1048576K
}
{Heap before GC invocations=143 (full 3):
 PSYoungGen      total 178176K, used 175253K [0x00000000d5580000, 0x00000000e1a00000, 0x0000000100000000)
  eden space 171520K, 98% used [0x00000000d5580000,0x00000000dfa44ed0,0x00000000dfd00000)
  from space 6656K, 98% used [0x00000000e0100000,0x00000000e0760820,0x00000000e0780000)
  to   space 14848K, 0% used [0x00000000e0b80000,0x00000000e0b80000,0x00000000e1a00000)
 ParOldGen       total 310784K, used 309633K [0x0000000080000000, 0x0000000092f80000, 0x00000000d5580000)
  object space 310784K, 99% used [0x0000000080000000,0x0000000092e60608,0x0000000092f80000)
 Metaspace       used 89354K, capacity 91422K, committed 91648K, reserved 1130496K
  class space    used 11093K, capacity 11489K, committed 11520K, reserved 1048576K
2023-08-21T00:03:41.802+0600: 28129.131: [GC (Allocation Failure) [PSYoungGen: 175253K->13787K(181248K)] 484887K->323437K(492032K), 0.0111036 secs] [Times: user=0.02 sys=0.00, real=0.01 secs] 
Heap after GC invocations=143 (full 3):
 PSYoungGen      total 181248K, used 13787K [0x00000000d5580000, 0x00000000e1900000, 0x0000000100000000)
  eden space 167424K, 0% used [0x00000000d5580000,0x00000000d5580000,0x00000000df900000)
  from space 13824K, 99% used [0x00000000e0b80000,0x00000000e18f6e38,0x00000000e1900000)
  to   space 16384K, 0% used [0x00000000df900000,0x00000000df900000,0x00000000e0900000)
 ParOldGen       total 310784K, used 309649K [0x0000000080000000, 0x0000000092f80000, 0x00000000d5580000)
  object space 310784K, 99% used [0x0000000080000000,0x0000000092e64608,0x0000000092f80000)
 Metaspace       used 89354K, capacity 91422K, committed 91648K, reserved 1130496K
  class space    used 11093K, capacity 11489K, committed 11520K, reserved 1048576K
}
{Heap before GC invocations=144 (full 3):
 PSYoungGen      total 181248K, used 181211K [0x00000000d5580000, 0x00000000e1900000, 0x0000000100000000)
  eden space 167424K, 100% used [0x00000000d5580000,0x00000000df900000,0x00000000df900000)
  from space 13824K, 99% used [0x00000000e0b80000,0x00000000e18f6e38,0x00000000e1900000)
  to   space 16384K, 0% used [0x00000000df900000,0x00000000df900000,0x00000000e0900000)
 ParOldGen       total 310784K, used 309649K [0x0000000080000000, 0x0000000092f80000, 0x00000000d5580000)
  object space 310784K, 99% used [0x0000000080000000,0x0000000092e64608,0x0000000092f80000)
 Metaspace       used 89355K, capacity 91422K, committed 91648K, reserved 1130496K
  class space    used 11093K, capacity 11489K, committed 11520K, reserved 1048576K
2023-08-21T00:03:42.463+0600: 28129.792: [GC (Allocation Failure) [PSYoungGen: 181211K->7881K(183808K)] 490861K->317530K(494592K), 0.0081948 secs] [Times: user=0.02 sys=0.00, real=0.01 secs] 
Heap after GC invocations=144 (full 3):
 PSYoungGen      total 183808K, used 7881K [0x00000000d5580000, 0x00000000e2000000, 0x0000000100000000)
  eden space 167424K, 0% used [0x00000000d5580000,0x00000000d5580000,0x00000000df900000)
  from space 16384K, 48% used [0x00000000df900000,0x00000000e00b24d8,0x00000000e0900000)
  to   space 15872K, 0% used [0x00000000e1080000,0x00000000e1080000,0x00000000e2000000)
 ParOldGen       total 310784K, used 309649K [0x0000000080000000, 0x0000000092f80000, 0x00000000d5580000)
  object space 310784K, 99% used [0x0000000080000000,0x0000000092e64608,0x0000000092f80000)
 Metaspace       used 89355K, capacity 91422K, committed 91648K, reserved 1130496K
  class space    used 11093K, capacity 11489K, committed 11520K, reserved 1048576K
}
{Heap before GC invocations=145 (full 3):
 PSYoungGen      total 183808K, used 174664K [0x00000000d5580000, 0x00000000e2000000, 0x0000000100000000)
  eden space 167424K, 99% used [0x00000000d5580000,0x00000000df85fe10,0x00000000df900000)
  from space 16384K, 48% used [0x00000000df900000,0x00000000e00b24d8,0x00000000e0900000)
  to   space 15872K, 0% used [0x00000000e1080000,0x00000000e1080000,0x00000000e2000000)
 ParOldGen       total 310784K, used 309649K [0x0000000080000000, 0x0000000092f80000, 0x00000000d5580000)
  object space 310784K, 99% used [0x0000000080000000,0x0000000092e64608,0x0000000092f80000)
 Metaspace       used 89356K, capacity 91422K, committed 91648K, reserved 1130496K
  class space    used 11093K, capacity 11489K, committed 11520K, reserved 1048576K
2023-08-21T00:03:44.581+0600: 28131.909: [GC (Allocation Failure) [PSYoungGen: 174664K->13851K(177664K)] 484314K->323517K(488448K), 0.0123043 secs] [Times: user=0.02 sys=0.00, real=0.01 secs] 
Heap after GC invocations=145 (full 3):
 PSYoungGen      total 177664K, used 13851K [0x00000000d5580000, 0x00000000e1e80000, 0x0000000100000000)
  eden space 163328K, 0% used [0x00000000d5580000,0x00000000d5580000,0x00000000df500000)
  from space 14336K, 96% used [0x00000000e1080000,0x00000000e1e06e48,0x00000000e1e80000)
  to   space 16896K, 0% used [0x00000000dfd80000,0x00000000dfd80000,0x00000000e0e00000)
 ParOldGen       total 310784K, used 309665K [0x0000000080000000, 0x0000000092f80000, 0x00000000d5580000)
  object space 310784K, 99% used [0x0000000080000000,0x0000000092e68608,0x0000000092f80000)
 Metaspace       used 89356K, capacity 91422K, committed 91648K, reserved 1130496K
  class space    used 11093K, capacity 11489K, committed 11520K, reserved 1048576K
}
{Heap before GC invocations=146 (full 3):
 PSYoungGen      total 177664K, used 174533K [0x00000000d5580000, 0x00000000e1e80000, 0x0000000100000000)
  eden space 163328K, 98% used [0x00000000d5580000,0x00000000df26a8a0,0x00000000df500000)
  from space 14336K, 96% used [0x00000000e1080000,0x00000000e1e06e48,0x00000000e1e80000)
  to   space 16896K, 0% used [0x00000000dfd80000,0x00000000dfd80000,0x00000000e0e00000)
 ParOldGen       total 310784K, used 309665K [0x0000000080000000, 0x0000000092f80000, 0x00000000d5580000)
  object space 310784K, 99% used [0x0000000080000000,0x0000000092e68608,0x0000000092f80000)
 Metaspace       used 89356K, capacity 91422K, committed 91648K, reserved 1130496K
  class space    used 11093K, capacity 11489K, committed 11520K, reserved 1048576K
2023-08-21T00:03:45.554+0600: 28132.882: [GC (Allocation Failure) [PSYoungGen: 174533K->13851K(188416K)] 484199K->323533K(499200K), 0.0153872 secs] [Times: user=0.02 sys=0.00, real=0.02 secs] 
Heap after GC invocations=146 (full 3):
 PSYoungGen      total 188416K, used 13851K [0x00000000d5580000, 0x00000000e1f00000, 0x0000000100000000)
  eden space 171520K, 0% used [0x00000000d5580000,0x00000000d5580000,0x00000000dfd00000)
  from space 16896K, 81% used [0x00000000dfd80000,0x00000000e0b06e48,0x00000000e0e00000)
  to   space 17408K, 0% used [0x00000000e0e00000,0x00000000e0e00000,0x00000000e1f00000)
 ParOldGen       total 310784K, used 309681K [0x0000000080000000, 0x0000000092f80000, 0x00000000d5580000)
  object space 310784K, 99% used [0x0000000080000000,0x0000000092e6c608,0x0000000092f80000)
 Metaspace       used 89356K, capacity 91422K, committed 91648K, reserved 1130496K
  class space    used 11093K, capacity 11489K, committed 11520K, reserved 1048576K
}
{Heap before GC invocations=147 (full 3):
 PSYoungGen      total 188416K, used 185371K [0x00000000d5580000, 0x00000000e1f00000, 0x0000000100000000)
  eden space 171520K, 100% used [0x00000000d5580000,0x00000000dfd00000,0x00000000dfd00000)
  from space 16896K, 81% used [0x00000000dfd80000,0x00000000e0b06e48,0x00000000e0e00000)
  to   space 17408K, 0% used [0x00000000e0e00000,0x00000000e0e00000,0x00000000e1f00000)
 ParOldGen       total 310784K, used 309681K [0x0000000080000000, 0x0000000092f80000, 0x00000000d5580000)
  object space 310784K, 99% used [0x0000000080000000,0x0000000092e6c608,0x0000000092f80000)
 Metaspace       used 89358K, capacity 91422K, committed 91648K, reserved 1130496K
  class space    used 11093K, capacity 11489K, committed 11520K, reserved 1048576K
2023-08-21T00:03:45.962+0600: 28133.291: [GC (Allocation Failure) [PSYoungGen: 185371K->7913K(188928K)] 495053K->317602K(499712K), 0.0079668 secs] [Times: user=0.02 sys=0.00, real=0.01 secs] 
Heap after GC invocations=147 (full 3):
 PSYoungGen      total 188928K, used 7913K [0x00000000d5580000, 0x00000000e2880000, 0x0000000100000000)
  eden space 171520K, 0% used [0x00000000d5580000,0x00000000d5580000,0x00000000dfd00000)
  from space 17408K, 45% used [0x00000000e0e00000,0x00000000e15ba4d8,0x00000000e1f00000)
  to   space 17408K, 0% used [0x00000000dfd00000,0x00000000dfd00000,0x00000000e0e00000)
 ParOldGen       total 310784K, used 309689K [0x0000000080000000, 0x0000000092f80000, 0x00000000d5580000)
  object space 310784K, 99% used [0x0000000080000000,0x0000000092e6e608,0x0000000092f80000)
 Metaspace       used 89358K, capacity 91422K, committed 91648K, reserved 1130496K
  class space    used 11093K, capacity 11489K, committed 11520K, reserved 1048576K
}
{Heap before GC invocations=148 (full 3):
 PSYoungGen      total 188928K, used 178281K [0x00000000d5580000, 0x00000000e2880000, 0x0000000100000000)
  eden space 171520K, 99% used [0x00000000d5580000,0x00000000dfbe0298,0x00000000dfd00000)
  from space 17408K, 45% used [0x00000000e0e00000,0x00000000e15ba4d8,0x00000000e1f00000)
  to   space 17408K, 0% used [0x00000000dfd00000,0x00000000dfd00000,0x00000000e0e00000)
 ParOldGen       total 310784K, used 309689K [0x0000000080000000, 0x0000000092f80000, 0x00000000d5580000)
  object space 310784K, 99% used [0x0000000080000000,0x0000000092e6e608,0x0000000092f80000)
 Metaspace       used 89358K, capacity 91422K, committed 91648K, reserved 1130496K
  class space    used 11093K, capacity 11489K, committed 11520K, reserved 1048576K
2023-08-21T00:03:48.448+0600: 28135.776: [GC (Allocation Failure) [PSYoungGen: 178281K->13851K(188928K)] 487971K->323572K(499712K), 0.0153514 secs] [Times: user=0.02 sys=0.00, real=0.02 secs] 
Heap after GC invocations=148 (full 3):
 PSYoungGen      total 188928K, used 13851K [0x00000000d5580000, 0x00000000e2880000, 0x0000000100000000)
  eden space 171520K, 0% used [0x00000000d5580000,0x00000000d5580000,0x00000000dfd00000)
  from space 17408K, 79% used [0x00000000dfd00000,0x00000000e0a86e48,0x00000000e0e00000)
  to   space 17920K, 0% used [0x00000000e1700000,0x00000000e1700000,0x00000000e2880000)
 ParOldGen       total 310784K, used 309721K [0x0000000080000000, 0x0000000092f80000, 0x00000000d5580000)
  object space 310784K, 99% used [0x0000000080000000,0x0000000092e76558,0x0000000092f80000)
 Metaspace       used 89358K, capacity 91422K, committed 91648K, reserved 1130496K
  class space    used 11093K, capacity 11489K, committed 11520K, reserved 1048576K
}
{Heap before GC invocations=149 (full 3):
 PSYoungGen      total 188928K, used 184955K [0x00000000d5580000, 0x00000000e2880000, 0x0000000100000000)
  eden space 171520K, 99% used [0x00000000d5580000,0x00000000dfc98078,0x00000000dfd00000)
  from space 17408K, 79% used [0x00000000dfd00000,0x00000000e0a86e48,0x00000000e0e00000)
  to   space 17920K, 0% used [0x00000000e1700000,0x00000000e1700000,0x00000000e2880000)
 ParOldGen       total 310784K, used 309721K [0x0000000080000000, 0x0000000092f80000, 0x00000000d5580000)
  object space 310784K, 99% used [0x0000000080000000,0x0000000092e76558,0x0000000092f80000)
 Metaspace       used 89358K, capacity 91422K, committed 91648K, reserved 1130496K
  class space    used 11093K, capacity 11489K, committed 11520K, reserved 1048576K
2023-08-21T00:03:49.277+0600: 28136.605: [GC (Allocation Failure) [PSYoungGen: 184955K->6281K(198144K)] 494677K->316002K(508928K), 0.0141005 secs] [Times: user=0.02 sys=0.00, real=0.02 secs] 
Heap after GC invocations=149 (full 3):
 PSYoungGen      total 198144K, used 6281K [0x00000000d5580000, 0x00000000e2980000, 0x0000000100000000)
  eden space 180224K, 0% used [0x00000000d5580000,0x00000000d5580000,0x00000000e0580000)
  from space 17920K, 35% used [0x00000000e1700000,0x00000000e1d224d8,0x00000000e2880000)
  to   space 17920K, 0% used [0x00000000e0580000,0x00000000e0580000,0x00000000e1700000)
 ParOldGen       total 310784K, used 309721K [0x0000000080000000, 0x0000000092f80000, 0x00000000d5580000)
  object space 310784K, 99% used [0x0000000080000000,0x0000000092e76558,0x0000000092f80000)
 Metaspace       used 89358K, capacity 91422K, committed 91648K, reserved 1130496K
  class space    used 11093K, capacity 11489K, committed 11520K, reserved 1048576K
}
{Heap before GC invocations=150 (full 3):
 PSYoungGen      total 198144K, used 185033K [0x00000000d5580000, 0x00000000e2980000, 0x0000000100000000)
  eden space 180224K, 99% used [0x00000000d5580000,0x00000000e0410000,0x00000000e0580000)
  from space 17920K, 35% used [0x00000000e1700000,0x00000000e1d224d8,0x00000000e2880000)
  to   space 17920K, 0% used [0x00000000e0580000,0x00000000e0580000,0x00000000e1700000)
 ParOldGen       total 310784K, used 309721K [0x0000000080000000, 0x0000000092f80000, 0x00000000d5580000)
  object space 310784K, 99% used [0x0000000080000000,0x0000000092e76558,0x0000000092f80000)
 Metaspace       used 89476K, capacity 91550K, committed 91648K, reserved 1130496K
  class space    used 11093K, capacity 11489K, committed 11520K, reserved 1048576K
2023-08-21T00:03:51.464+0600: 28138.793: [GC (Allocation Failure) [PSYoungGen: 185033K->13915K(198144K)] 494754K->323652K(508928K), 0.0166760 secs] [Times: user=0.03 sys=0.00, real=0.02 secs] 
Heap after GC invocations=150 (full 3):
 PSYoungGen      total 198144K, used 13915K [0x00000000d5580000, 0x00000000e3280000, 0x0000000100000000)
  eden space 180224K, 0% used [0x00000000d5580000,0x00000000d5580000,0x00000000e0580000)
  from space 17920K, 77% used [0x00000000e0580000,0x00000000e1316e48,0x00000000e1700000)
  to   space 18432K, 0% used [0x00000000e2080000,0x00000000e2080000,0x00000000e3280000)
 ParOldGen       total 310784K, used 309737K [0x0000000080000000, 0x0000000092f80000, 0x00000000d5580000)
  object space 310784K, 99% used [0x0000000080000000,0x0000000092e7a558,0x0000000092f80000)
 Metaspace       used 89476K, capacity 91550K, committed 91648K, reserved 1130496K
  class space    used 11093K, capacity 11489K, committed 11520K, reserved 1048576K
}
{Heap before GC invocations=151 (full 3):
 PSYoungGen      total 198144K, used 193358K [0x00000000d5580000, 0x00000000e3280000, 0x0000000100000000)
  eden space 180224K, 99% used [0x00000000d5580000,0x00000000e04bcc50,0x00000000e0580000)
  from space 17920K, 77% used [0x00000000e0580000,0x00000000e1316e48,0x00000000e1700000)
  to   space 18432K, 0% used [0x00000000e2080000,0x00000000e2080000,0x00000000e3280000)
 ParOldGen       total 310784K, used 309737K [0x0000000080000000, 0x0000000092f80000, 0x00000000d5580000)
  object space 310784K, 99% used [0x0000000080000000,0x0000000092e7a558,0x0000000092f80000)
 Metaspace       used 89476K, capacity 91550K, committed 91648K, reserved 1130496K
  class space    used 11093K, capacity 11489K, committed 11520K, reserved 1048576K
2023-08-21T00:03:52.582+0600: 28139.911: [GC (Allocation Failure) [PSYoungGen: 193358K->10098K(207872K)] 503095K->319851K(518656K), 0.0152259 secs] [Times: user=0.02 sys=0.00, real=0.01 secs] 
Heap after GC invocations=151 (full 3):
 PSYoungGen      total 207872K, used 10098K [0x00000000d5580000, 0x00000000e3200000, 0x0000000100000000)
  eden space 189952K, 0% used [0x00000000d5580000,0x00000000d5580000,0x00000000e0f00000)
  from space 17920K, 56% used [0x00000000e2080000,0x00000000e2a5c990,0x00000000e3200000)
  to   space 17920K, 0% used [0x00000000e0f00000,0x00000000e0f00000,0x00000000e2080000)
 ParOldGen       total 310784K, used 309753K [0x0000000080000000, 0x0000000092f80000, 0x00000000d5580000)
  object space 310784K, 99% used [0x0000000080000000,0x0000000092e7e558,0x0000000092f80000)
 Metaspace       used 89476K, capacity 91550K, committed 91648K, reserved 1130496K
  class space    used 11093K, capacity 11489K, committed 11520K, reserved 1048576K
}
{Heap before GC invocations=152 (full 3):
 PSYoungGen      total 207872K, used 200050K [0x00000000d5580000, 0x00000000e3200000, 0x0000000100000000)
  eden space 189952K, 100% used [0x00000000d5580000,0x00000000e0f00000,0x00000000e0f00000)
  from space 17920K, 56% used [0x00000000e2080000,0x00000000e2a5c990,0x00000000e3200000)
  to   space 17920K, 0% used [0x00000000e0f00000,0x00000000e0f00000,0x00000000e2080000)
 ParOldGen       total 310784K, used 309753K [0x0000000080000000, 0x0000000092f80000, 0x00000000d5580000)
  object space 310784K, 99% used [0x0000000080000000,0x0000000092e7e558,0x0000000092f80000)
 Metaspace       used 89477K, capacity 91550K, committed 91648K, reserved 1130496K
  class space    used 11093K, capacity 11489K, committed 11520K, reserved 1048576K
2023-08-21T00:03:53.070+0600: 28140.399: [GC (Allocation Failure) [PSYoungGen: 200050K->8233K(207872K)] 509803K->318026K(518656K), 0.0082269 secs] [Times: user=0.01 sys=0.00, real=0.00 secs] 
Heap after GC invocations=152 (full 3):
 PSYoungGen      total 207872K, used 8233K [0x00000000d5580000, 0x00000000e3b80000, 0x0000000100000000)
  eden space 189952K, 0% used [0x00000000d5580000,0x00000000d5580000,0x00000000e0f00000)
  from space 17920K, 45% used [0x00000000e0f00000,0x00000000e170a4e8,0x00000000e2080000)
  to   space 17408K, 0% used [0x00000000e2a80000,0x00000000e2a80000,0x00000000e3b80000)
 ParOldGen       total 310784K, used 309793K [0x0000000080000000, 0x0000000092f80000, 0x00000000d5580000)
  object space 310784K, 99% used [0x0000000080000000,0x0000000092e88568,0x0000000092f80000)
 Metaspace       used 89477K, capacity 91550K, committed 91648K, reserved 1130496K
  class space    used 11093K, capacity 11489K, committed 11520K, reserved 1048576K
}
{Heap before GC invocations=153 (full 3):
 PSYoungGen      total 207872K, used 195871K [0x00000000d5580000, 0x00000000e3b80000, 0x0000000100000000)
  eden space 189952K, 98% used [0x00000000d5580000,0x00000000e0cbd7b8,0x00000000e0f00000)
  from space 17920K, 45% used [0x00000000e0f00000,0x00000000e170a4e8,0x00000000e2080000)
  to   space 17408K, 0% used [0x00000000e2a80000,0x00000000e2a80000,0x00000000e3b80000)
 ParOldGen       total 310784K, used 309793K [0x0000000080000000, 0x0000000092f80000, 0x00000000d5580000)
  object space 310784K, 99% used [0x0000000080000000,0x0000000092e88568,0x0000000092f80000)
 Metaspace       used 89477K, capacity 91550K, committed 91648K, reserved 1130496K
  class space    used 11093K, capacity 11489K, committed 11520K, reserved 1048576K
2023-08-21T00:03:55.726+0600: 28143.055: [GC (Allocation Failure) [PSYoungGen: 195871K->13947K(217088K)] 505664K->323772K(527872K), 0.0177244 secs] [Times: user=0.03 sys=0.01, real=0.02 secs] 
Heap after GC invocations=153 (full 3):
 PSYoungGen      total 217088K, used 13947K [0x00000000d5580000, 0x00000000e3c80000, 0x0000000100000000)
  eden space 199680K, 0% used [0x00000000d5580000,0x00000000d5580000,0x00000000e1880000)
  from space 17408K, 80% used [0x00000000e2a80000,0x00000000e381ee58,0x00000000e3b80000)
  to   space 18432K, 0% used [0x00000000e1880000,0x00000000e1880000,0x00000000e2a80000)
 ParOldGen       total 310784K, used 309825K [0x0000000080000000, 0x0000000092f80000, 0x00000000d5580000)
  object space 310784K, 99% used [0x0000000080000000,0x0000000092e90568,0x0000000092f80000)
 Metaspace       used 89477K, capacity 91550K, committed 91648K, reserved 1130496K
  class space    used 11093K, capacity 11489K, committed 11520K, reserved 1048576K
}
{Heap before GC invocations=154 (full 3):
 PSYoungGen      total 217088K, used 213627K [0x00000000d5580000, 0x00000000e3c80000, 0x0000000100000000)
  eden space 199680K, 100% used [0x00000000d5580000,0x00000000e1880000,0x00000000e1880000)
  from space 17408K, 80% used [0x00000000e2a80000,0x00000000e381ee58,0x00000000e3b80000)
  to   space 18432K, 0% used [0x00000000e1880000,0x00000000e1880000,0x00000000e2a80000)
 ParOldGen       total 310784K, used 309825K [0x0000000080000000, 0x0000000092f80000, 0x00000000d5580000)
  object space 310784K, 99% used [0x0000000080000000,0x0000000092e90568,0x0000000092f80000)
 Metaspace       used 89477K, capacity 91550K, committed 91648K, reserved 1130496K
  class space    used 11093K, capacity 11489K, committed 11520K, reserved 1048576K
2023-08-21T00:03:56.473+0600: 28143.802: [GC (Allocation Failure) [PSYoungGen: 213627K->8169K(218112K)] 523452K->318010K(528896K), 0.0084780 secs] [Times: user=0.01 sys=0.00, real=0.01 secs] 
Heap after GC invocations=154 (full 3):
 PSYoungGen      total 218112K, used 8169K [0x00000000d5580000, 0x00000000e4580000, 0x0000000100000000)
  eden space 199680K, 0% used [0x00000000d5580000,0x00000000d5580000,0x00000000e1880000)
  from space 18432K, 44% used [0x00000000e1880000,0x00000000e207a4e8,0x00000000e2a80000)
  to   space 17920K, 0% used [0x00000000e3400000,0x00000000e3400000,0x00000000e4580000)
 ParOldGen       total 310784K, used 309841K [0x0000000080000000, 0x0000000092f80000, 0x00000000d5580000)
  object space 310784K, 99% used [0x0000000080000000,0x0000000092e94568,0x0000000092f80000)
 Metaspace       used 89477K, capacity 91550K, committed 91648K, reserved 1130496K
  class space    used 11093K, capacity 11489K, committed 11520K, reserved 1048576K
}
{Heap before GC invocations=155 (full 3):
 PSYoungGen      total 218112K, used 206603K [0x00000000d5580000, 0x00000000e4580000, 0x0000000100000000)
  eden space 199680K, 99% used [0x00000000d5580000,0x00000000e1748748,0x00000000e1880000)
  from space 18432K, 44% used [0x00000000e1880000,0x00000000e207a4e8,0x00000000e2a80000)
  to   space 17920K, 0% used [0x00000000e3400000,0x00000000e3400000,0x00000000e4580000)
 ParOldGen       total 310784K, used 309841K [0x0000000080000000, 0x0000000092f80000, 0x00000000d5580000)
  object space 310784K, 99% used [0x0000000080000000,0x0000000092e94568,0x0000000092f80000)
 Metaspace       used 89477K, capacity 91550K, committed 91648K, reserved 1130496K
  class space    used 11093K, capacity 11489K, committed 11520K, reserved 1048576K
2023-08-21T00:03:58.909+0600: 28146.237: [GC (Allocation Failure) [PSYoungGen: 206603K->10194K(204800K)] 516444K->320059K(515584K), 0.0147299 secs] [Times: user=0.03 sys=0.00, real=0.02 secs] 
Heap after GC invocations=155 (full 3):
 PSYoungGen      total 204800K, used 10194K [0x00000000d5580000, 0x00000000e3e00000, 0x0000000100000000)
  eden space 194560K, 0% used [0x00000000d5580000,0x00000000d5580000,0x00000000e1380000)
  from space 10240K, 99% used [0x00000000e3400000,0x00000000e3df49a0,0x00000000e3e00000)
  to   space 17408K, 0% used [0x00000000e1c00000,0x00000000e1c00000,0x00000000e2d00000)
 ParOldGen       total 310784K, used 309865K [0x0000000080000000, 0x0000000092f80000, 0x00000000d5580000)
  object space 310784K, 99% used [0x0000000080000000,0x0000000092e9a4b8,0x0000000092f80000)
 Metaspace       used 89477K, capacity 91550K, committed 91648K, reserved 1130496K
  class space    used 11093K, capacity 11489K, committed 11520K, reserved 1048576K
}
{Heap before GC invocations=156 (full 3):
 PSYoungGen      total 204800K, used 204754K [0x00000000d5580000, 0x00000000e3e00000, 0x0000000100000000)
  eden space 194560K, 100% used [0x00000000d5580000,0x00000000e1380000,0x00000000e1380000)
  from space 10240K, 99% used [0x00000000e3400000,0x00000000e3df49a0,0x00000000e3e00000)
  to   space 17408K, 0% used [0x00000000e1c00000,0x00000000e1c00000,0x00000000e2d00000)
 ParOldGen       total 310784K, used 309865K [0x0000000080000000, 0x0000000092f80000, 0x00000000d5580000)
  object space 310784K, 99% used [0x0000000080000000,0x0000000092e9a4b8,0x0000000092f80000)
 Metaspace       used 89477K, capacity 91550K, committed 91648K, reserved 1130496K
  class space    used 11093K, capacity 11489K, committed 11520K, reserved 1048576K
2023-08-21T00:03:59.846+0600: 28147.175: [GC (Allocation Failure) [PSYoungGen: 204754K->9645K(220672K)] 514619K->319511K(531456K), 0.0133893 secs] [Times: user=0.02 sys=0.00, real=0.02 secs] 
Heap after GC invocations=156 (full 3):
 PSYoungGen      total 220672K, used 9645K [0x00000000d5580000, 0x00000000e3e00000, 0x0000000100000000)
  eden space 203264K, 0% used [0x00000000d5580000,0x00000000d5580000,0x00000000e1c00000)
  from space 17408K, 55% used [0x00000000e1c00000,0x00000000e256b750,0x00000000e2d00000)
  to   space 16896K, 0% used [0x00000000e2d80000,0x00000000e2d80000,0x00000000e3e00000)
 ParOldGen       total 310784K, used 309865K [0x0000000080000000, 0x0000000092f80000, 0x00000000d5580000)
  object space 310784K, 99% used [0x0000000080000000,0x0000000092e9a4b8,0x0000000092f80000)
 Metaspace       used 89477K, capacity 91550K, committed 91648K, reserved 1130496K
  class space    used 11093K, capacity 11489K, committed 11520K, reserved 1048576K
}
{Heap before GC invocations=157 (full 3):
 PSYoungGen      total 220672K, used 209449K [0x00000000d5580000, 0x00000000e3e00000, 0x0000000100000000)
  eden space 203264K, 98% used [0x00000000d5580000,0x00000000e189edc0,0x00000000e1c00000)
  from space 17408K, 55% used [0x00000000e1c00000,0x00000000e256b750,0x00000000e2d00000)
  to   space 16896K, 0% used [0x00000000e2d80000,0x00000000e2d80000,0x00000000e3e00000)
 ParOldGen       total 310784K, used 309865K [0x0000000080000000, 0x0000000092f80000, 0x00000000d5580000)
  object space 310784K, 99% used [0x0000000080000000,0x0000000092e9a4b8,0x0000000092f80000)
 Metaspace       used 89477K, capacity 91550K, committed 91648K, reserved 1130496K
  class space    used 11093K, capacity 11489K, committed 11520K, reserved 1048576K
2023-08-21T00:04:02.140+0600: 28149.469: [GC (Allocation Failure) [PSYoungGen: 209449K->10162K(207872K)] 519314K->320035K(518656K), 0.0179259 secs] [Times: user=0.03 sys=0.00, real=0.01 secs] 
Heap after GC invocations=157 (full 3):
 PSYoungGen      total 207872K, used 10162K [0x00000000d5580000, 0x00000000e3780000, 0x0000000100000000)
  eden space 197632K, 0% used [0x00000000d5580000,0x00000000d5580000,0x00000000e1680000)
  from space 10240K, 99% used [0x00000000e2d80000,0x00000000e376c9a0,0x00000000e3780000)
  to   space 15872K, 0% used [0x00000000e1880000,0x00000000e1880000,0x00000000e2800000)
 ParOldGen       total 310784K, used 309873K [0x0000000080000000, 0x0000000092f80000, 0x00000000d5580000)
  object space 310784K, 99% used [0x0000000080000000,0x0000000092e9c4b8,0x0000000092f80000)
 Metaspace       used 89477K, capacity 91550K, committed 91648K, reserved 1130496K
  class space    used 11093K, capacity 11489K, committed 11520K, reserved 1048576K
}
{Heap before GC invocations=158 (full 3):
 PSYoungGen      total 207872K, used 204905K [0x00000000d5580000, 0x00000000e3780000, 0x0000000100000000)
  eden space 197632K, 98% used [0x00000000d5580000,0x00000000e13ade00,0x00000000e1680000)
  from space 10240K, 99% used [0x00000000e2d80000,0x00000000e376c9a0,0x00000000e3780000)
  to   space 15872K, 0% used [0x00000000e1880000,0x00000000e1880000,0x00000000e2800000)
 ParOldGen       total 310784K, used 309873K [0x0000000080000000, 0x0000000092f80000, 0x00000000d5580000)
  object space 310784K, 99% used [0x0000000080000000,0x0000000092e9c4b8,0x0000000092f80000)
 Metaspace       used 89477K, capacity 91550K, committed 91648K, reserved 1130496K
  class space    used 11093K, capacity 11489K, committed 11520K, reserved 1048576K
2023-08-21T00:04:03.318+0600: 28150.647: [GC (Allocation Failure) [PSYoungGen: 204905K->13979K(215552K)] 514779K->323852K(526336K), 0.0144437 secs] [Times: user=0.02 sys=0.00, real=0.02 secs] 
Heap after GC invocations=158 (full 3):
 PSYoungGen      total 215552K, used 13979K [0x00000000d5580000, 0x00000000e4100000, 0x0000000100000000)
  eden space 199680K, 0% used [0x00000000d5580000,0x00000000d5580000,0x00000000e1880000)
  from space 15872K, 88% used [0x00000000e1880000,0x00000000e2626e58,0x00000000e2800000)
  to   space 16896K, 0% used [0x00000000e3080000,0x00000000e3080000,0x00000000e4100000)
 ParOldGen       total 310784K, used 309873K [0x0000000080000000, 0x0000000092f80000, 0x00000000d5580000)
  object space 310784K, 99% used [0x0000000080000000,0x0000000092e9c4b8,0x0000000092f80000)
 Metaspace       used 89477K, capacity 91550K, committed 91648K, reserved 1130496K
  class space    used 11093K, capacity 11489K, committed 11520K, reserved 1048576K
}
{Heap before GC invocations=159 (full 3):
 PSYoungGen      total 215552K, used 213358K [0x00000000d5580000, 0x00000000e4100000, 0x0000000100000000)
  eden space 199680K, 99% used [0x00000000d5580000,0x00000000e1834a10,0x00000000e1880000)
  from space 15872K, 88% used [0x00000000e1880000,0x00000000e2626e58,0x00000000e2800000)
  to   space 16896K, 0% used [0x00000000e3080000,0x00000000e3080000,0x00000000e4100000)
 ParOldGen       total 310784K, used 309873K [0x0000000080000000, 0x0000000092f80000, 0x00000000d5580000)
  object space 310784K, 99% used [0x0000000080000000,0x0000000092e9c4b8,0x0000000092f80000)
 Metaspace       used 89477K, capacity 91550K, committed 91648K, reserved 1130496K
  class space    used 11093K, capacity 11489K, committed 11520K, reserved 1048576K
2023-08-21T00:04:05.446+0600: 28152.775: [GC (Allocation Failure) [PSYoungGen: 213358K->10130K(204800K)] 523231K->320075K(515584K), 0.0133506 secs] [Times: user=0.02 sys=0.00, real=0.02 secs] 
Heap after GC invocations=159 (full 3):
 PSYoungGen      total 204800K, used 10130K [0x00000000d5580000, 0x00000000e3a80000, 0x0000000100000000)
  eden space 194560K, 0% used [0x00000000d5580000,0x00000000d5580000,0x00000000e1380000)
  from space 10240K, 98% used [0x00000000e3080000,0x00000000e3a64990,0x00000000e3a80000)
  to   space 16384K, 0% used [0x00000000e1a80000,0x00000000e1a80000,0x00000000e2a80000)
 ParOldGen       total 310784K, used 309944K [0x0000000080000000, 0x0000000092f80000, 0x00000000d5580000)
  object space 310784K, 99% used [0x0000000080000000,0x0000000092eae2a8,0x0000000092f80000)
 Metaspace       used 89477K, capacity 91550K, committed 91648K, reserved 1130496K
  class space    used 11093K, capacity 11489K, committed 11520K, reserved 1048576K
}
{Heap before GC invocations=160 (full 3):
 PSYoungGen      total 204800K, used 204135K [0x00000000d5580000, 0x00000000e3a80000, 0x0000000100000000)
  eden space 194560K, 99% used [0x00000000d5580000,0x00000000e12f53b0,0x00000000e1380000)
  from space 10240K, 98% used [0x00000000e3080000,0x00000000e3a64990,0x00000000e3a80000)
  to   space 16384K, 0% used [0x00000000e1a80000,0x00000000e1a80000,0x00000000e2a80000)
 ParOldGen       total 310784K, used 309944K [0x0000000080000000, 0x0000000092f80000, 0x00000000d5580000)
  object space 310784K, 99% used [0x0000000080000000,0x0000000092eae2a8,0x0000000092f80000)
 Metaspace       used 89477K, capacity 91550K, committed 91648K, reserved 1130496K
  class space    used 11093K, capacity 11489K, committed 11520K, reserved 1048576K
2023-08-21T00:04:06.488+0600: 28153.816: [GC (Allocation Failure) [PSYoungGen: 204135K->13883K(218112K)] 514079K->323836K(528896K), 0.0133452 secs] [Times: user=0.02 sys=0.00, real=0.02 secs] 
Heap after GC invocations=160 (full 3):
 PSYoungGen      total 218112K, used 13883K [0x00000000d5580000, 0x00000000e3d80000, 0x0000000100000000)
  eden space 201728K, 0% used [0x00000000d5580000,0x00000000d5580000,0x00000000e1a80000)
  from space 16384K, 84% used [0x00000000e1a80000,0x00000000e280ee48,0x00000000e2a80000)
  to   space 16896K, 0% used [0x00000000e2d00000,0x00000000e2d00000,0x00000000e3d80000)
 ParOldGen       total 310784K, used 309952K [0x0000000080000000, 0x0000000092f80000, 0x00000000d5580000)
  object space 310784K, 99% used [0x0000000080000000,0x0000000092eb02a8,0x0000000092f80000)
 Metaspace       used 89477K, capacity 91550K, committed 91648K, reserved 1130496K
  class space    used 11093K, capacity 11489K, committed 11520K, reserved 1048576K
}
{Heap before GC invocations=161 (full 3):
 PSYoungGen      total 218112K, used 215611K [0x00000000d5580000, 0x00000000e3d80000, 0x0000000100000000)
  eden space 201728K, 100% used [0x00000000d5580000,0x00000000e1a80000,0x00000000e1a80000)
  from space 16384K, 84% used [0x00000000e1a80000,0x00000000e280ee48,0x00000000e2a80000)
  to   space 16896K, 0% used [0x00000000e2d00000,0x00000000e2d00000,0x00000000e3d80000)
 ParOldGen       total 310784K, used 309952K [0x0000000080000000, 0x0000000092f80000, 0x00000000d5580000)
  object space 310784K, 99% used [0x0000000080000000,0x0000000092eb02a8,0x0000000092f80000)
 Metaspace       used 89484K, capacity 91550K, committed 91648K, reserved 1130496K
  class space    used 11093K, capacity 11489K, committed 11520K, reserved 1048576K
2023-08-21T00:04:07.085+0600: 28154.413: [GC (Allocation Failure) [PSYoungGen: 215611K->8137K(220672K)] 525564K->318097K(531456K), 0.0080088 secs] [Times: user=0.02 sys=0.00, real=0.01 secs] 
Heap after GC invocations=161 (full 3):
 PSYoungGen      total 220672K, used 8137K [0x00000000d5580000, 0x00000000e4580000, 0x0000000100000000)
  eden space 203776K, 0% used [0x00000000d5580000,0x00000000d5580000,0x00000000e1c80000)
  from space 16896K, 48% used [0x00000000e2d00000,0x00000000e34f24e8,0x00000000e3d80000)
  to   space 16896K, 0% used [0x00000000e1c80000,0x00000000e1c80000,0x00000000e2d00000)
 ParOldGen       total 310784K, used 309960K [0x0000000080000000, 0x0000000092f80000, 0x00000000d5580000)
  object space 310784K, 99% used [0x0000000080000000,0x0000000092eb22a8,0x0000000092f80000)
 Metaspace       used 89484K, capacity 91550K, committed 91648K, reserved 1130496K
  class space    used 11093K, capacity 11489K, committed 11520K, reserved 1048576K
}
{Heap before GC invocations=162 (full 3):
 PSYoungGen      total 220672K, used 208431K [0x00000000d5580000, 0x00000000e4580000, 0x0000000100000000)
  eden space 203776K, 98% used [0x00000000d5580000,0x00000000e1919788,0x00000000e1c80000)
  from space 16896K, 48% used [0x00000000e2d00000,0x00000000e34f24e8,0x00000000e3d80000)
  to   space 16896K, 0% used [0x00000000e1c80000,0x00000000e1c80000,0x00000000e2d00000)
 ParOldGen       total 310784K, used 309960K [0x0000000080000000, 0x0000000092f80000, 0x00000000d5580000)
  object space 310784K, 99% used [0x0000000080000000,0x0000000092eb22a8,0x0000000092f80000)
 Metaspace       used 89484K, capacity 91550K, committed 91648K, reserved 1130496K
  class space    used 11093K, capacity 11489K, committed 11520K, reserved 1048576K
2023-08-21T00:04:09.857+0600: 28157.186: [GC (Allocation Failure) [PSYoungGen: 208431K->14043K(212480K)] 518391K->324028K(523264K), 0.0128540 secs] [Times: user=0.03 sys=0.00, real=0.02 secs] 
Heap after GC invocations=162 (full 3):
 PSYoungGen      total 212480K, used 14043K [0x00000000d5580000, 0x00000000e3900000, 0x0000000100000000)
  eden space 198144K, 0% used [0x00000000d5580000,0x00000000d5580000,0x00000000e1700000)
  from space 14336K, 97% used [0x00000000e1c80000,0x00000000e2a36e58,0x00000000e2a80000)
  to   space 14848K, 0% used [0x00000000e2a80000,0x00000000e2a80000,0x00000000e3900000)
 ParOldGen       total 310784K, used 309984K [0x0000000080000000, 0x0000000092f80000, 0x00000000d5580000)
  object space 310784K, 99% used [0x0000000080000000,0x0000000092eb81f8,0x0000000092f80000)
 Metaspace       used 89484K, capacity 91550K, committed 91648K, reserved 1130496K
  class space    used 11093K, capacity 11489K, committed 11520K, reserved 1048576K
}
{Heap before GC invocations=163 (full 3):
 PSYoungGen      total 212480K, used 212187K [0x00000000d5580000, 0x00000000e3900000, 0x0000000100000000)
  eden space 198144K, 100% used [0x00000000d5580000,0x00000000e1700000,0x00000000e1700000)
  from space 14336K, 97% used [0x00000000e1c80000,0x00000000e2a36e58,0x00000000e2a80000)
  to   space 14848K, 0% used [0x00000000e2a80000,0x00000000e2a80000,0x00000000e3900000)
 ParOldGen       total 310784K, used 309984K [0x0000000080000000, 0x0000000092f80000, 0x00000000d5580000)
  object space 310784K, 99% used [0x0000000080000000,0x0000000092eb81f8,0x0000000092f80000)
 Metaspace       used 89484K, capacity 91550K, committed 91648K, reserved 1130496K
  class space    used 11093K, capacity 11489K, committed 11520K, reserved 1048576K
2023-08-21T00:04:10.504+0600: 28157.832: [GC (Allocation Failure) [PSYoungGen: 212187K->8073K(215552K)] 522172K->318073K(526336K), 0.0080575 secs] [Times: user=0.01 sys=0.00, real=0.01 secs] 
Heap after GC invocations=163 (full 3):
 PSYoungGen      total 215552K, used 8073K [0x00000000d5580000, 0x00000000e4200000, 0x0000000100000000)
  eden space 200704K, 0% used [0x00000000d5580000,0x00000000d5580000,0x00000000e1980000)
  from space 14848K, 54% used [0x00000000e2a80000,0x00000000e32624e8,0x00000000e3900000)
  to   space 17408K, 0% used [0x00000000e1980000,0x00000000e1980000,0x00000000e2a80000)
 ParOldGen       total 310784K, used 310000K [0x0000000080000000, 0x0000000092f80000, 0x00000000d5580000)
  object space 310784K, 99% used [0x0000000080000000,0x0000000092ebc1f8,0x0000000092f80000)
 Metaspace       used 89484K, capacity 91550K, committed 91648K, reserved 1130496K
  class space    used 11093K, capacity 11489K, committed 11520K, reserved 1048576K
}
{Heap before GC invocations=164 (full 3):
 PSYoungGen      total 215552K, used 207304K [0x00000000d5580000, 0x00000000e4200000, 0x0000000100000000)
  eden space 200704K, 99% used [0x00000000d5580000,0x00000000e180fd00,0x00000000e1980000)
  from space 14848K, 54% used [0x00000000e2a80000,0x00000000e32624e8,0x00000000e3900000)
  to   space 17408K, 0% used [0x00000000e1980000,0x00000000e1980000,0x00000000e2a80000)
 ParOldGen       total 310784K, used 310000K [0x0000000080000000, 0x0000000092f80000, 0x00000000d5580000)
  object space 310784K, 99% used [0x0000000080000000,0x0000000092ebc1f8,0x0000000092f80000)
 Metaspace       used 89485K, capacity 91550K, committed 91648K, reserved 1130496K
  class space    used 11093K, capacity 11489K, committed 11520K, reserved 1048576K
2023-08-21T00:04:13.102+0600: 28160.431: [GC (Allocation Failure) [PSYoungGen: 207304K->10258K(206336K)] 517304K->320266K(517120K), 0.0169283 secs] [Times: user=0.03 sys=0.00, real=0.02 secs] 
Heap after GC invocations=164 (full 3):
 PSYoungGen      total 206336K, used 10258K [0x00000000d5580000, 0x00000000e3580000, 0x0000000100000000)
  eden space 195584K, 0% used [0x00000000d5580000,0x00000000d5580000,0x00000000e1480000)
  from space 10752K, 95% used [0x00000000e1980000,0x00000000e23849a0,0x00000000e2400000)
  to   space 16896K, 0% used [0x00000000e2500000,0x00000000e2500000,0x00000000e3580000)
 ParOldGen       total 310784K, used 310008K [0x0000000080000000, 0x0000000092f80000, 0x00000000d5580000)
  object space 310784K, 99% used [0x0000000080000000,0x0000000092ebe1f8,0x0000000092f80000)
 Metaspace       used 89485K, capacity 91550K, committed 91648K, reserved 1130496K
  class space    used 11093K, capacity 11489K, committed 11520K, reserved 1048576K
}
{Heap before GC invocations=165 (full 3):
 PSYoungGen      total 206336K, used 205842K [0x00000000d5580000, 0x00000000e3580000, 0x0000000100000000)
  eden space 195584K, 100% used [0x00000000d5580000,0x00000000e1480000,0x00000000e1480000)
  from space 10752K, 95% used [0x00000000e1980000,0x00000000e23849a0,0x00000000e2400000)
  to   space 16896K, 0% used [0x00000000e2500000,0x00000000e2500000,0x00000000e3580000)
 ParOldGen       total 310784K, used 310008K [0x0000000080000000, 0x0000000092f80000, 0x00000000d5580000)
  object space 310784K, 99% used [0x0000000080000000,0x0000000092ebe1f8,0x0000000092f80000)
 Metaspace       used 89485K, capacity 91550K, committed 91648K, reserved 1130496K
  class space    used 11093K, capacity 11489K, committed 11520K, reserved 1048576K
2023-08-21T00:04:13.936+0600: 28161.264: [GC (Allocation Failure) [PSYoungGen: 205842K->8425K(201216K)] 515850K->318497K(512000K), 0.0111621 secs] [Times: user=0.01 sys=0.00, real=0.01 secs] 
Heap after GC invocations=165 (full 3):
 PSYoungGen      total 201216K, used 8425K [0x00000000d5580000, 0x00000000e2f80000, 0x0000000100000000)
  eden space 190464K, 0% used [0x00000000d5580000,0x00000000d5580000,0x00000000e0f80000)
  from space 10752K, 78% used [0x00000000e2500000,0x00000000e2d3a4e8,0x00000000e2f80000)
  to   space 16384K, 0% used [0x00000000e0f80000,0x00000000e0f80000,0x00000000e1f80000)
 ParOldGen       total 310784K, used 310072K [0x0000000080000000, 0x0000000092f80000, 0x00000000d5580000)
  object space 310784K, 99% used [0x0000000080000000,0x0000000092ece228,0x0000000092f80000)
 Metaspace       used 89485K, capacity 91550K, committed 91648K, reserved 1130496K
  class space    used 11093K, capacity 11489K, committed 11520K, reserved 1048576K
}
{Heap before GC invocations=166 (full 3):
 PSYoungGen      total 201216K, used 195414K [0x00000000d5580000, 0x00000000e2f80000, 0x0000000100000000)
  eden space 190464K, 98% used [0x00000000d5580000,0x00000000e0c1b558,0x00000000e0f80000)
  from space 10752K, 78% used [0x00000000e2500000,0x00000000e2d3a4e8,0x00000000e2f80000)
  to   space 16384K, 0% used [0x00000000e0f80000,0x00000000e0f80000,0x00000000e1f80000)
 ParOldGen       total 310784K, used 310072K [0x0000000080000000, 0x0000000092f80000, 0x00000000d5580000)
  object space 310784K, 99% used [0x0000000080000000,0x0000000092ece228,0x0000000092f80000)
 Metaspace       used 89485K, capacity 91550K, committed 91648K, reserved 1130496K
  class space    used 11093K, capacity 11489K, committed 11520K, reserved 1048576K
2023-08-21T00:04:16.243+0600: 28163.572: [GC (Allocation Failure) [PSYoungGen: 195414K->13979K(199680K)] 505487K->324052K(510464K), 0.0136678 secs] [Times: user=0.03 sys=0.00, real=0.01 secs] 
Heap after GC invocations=166 (full 3):
 PSYoungGen      total 199680K, used 13979K [0x00000000d5580000, 0x00000000e2c80000, 0x0000000100000000)
  eden space 185344K, 0% used [0x00000000d5580000,0x00000000d5580000,0x00000000e0a80000)
  from space 14336K, 97% used [0x00000000e0f80000,0x00000000e1d26e58,0x00000000e1d80000)
  to   space 15360K, 0% used [0x00000000e1d80000,0x00000000e1d80000,0x00000000e2c80000)
 ParOldGen       total 310784K, used 310072K [0x0000000080000000, 0x0000000092f80000, 0x00000000d5580000)
  object space 310784K, 99% used [0x0000000080000000,0x0000000092ece228,0x0000000092f80000)
 Metaspace       used 89485K, capacity 91550K, committed 91648K, reserved 1130496K
  class space    used 11093K, capacity 11489K, committed 11520K, reserved 1048576K
}
{Heap before GC invocations=167 (full 3):
 PSYoungGen      total 199680K, used 197420K [0x00000000d5580000, 0x00000000e2c80000, 0x0000000100000000)
  eden space 185344K, 98% used [0x00000000d5580000,0x00000000e08a4248,0x00000000e0a80000)
  from space 14336K, 97% used [0x00000000e0f80000,0x00000000e1d26e58,0x00000000e1d80000)
  to   space 15360K, 0% used [0x00000000e1d80000,0x00000000e1d80000,0x00000000e2c80000)
 ParOldGen       total 310784K, used 310072K [0x0000000080000000, 0x0000000092f80000, 0x00000000d5580000)
  object space 310784K, 99% used [0x0000000080000000,0x0000000092ece228,0x0000000092f80000)
 Metaspace       used 89485K, capacity 91550K, committed 91648K, reserved 1130496K
  class space    used 11093K, capacity 11489K, committed 11520K, reserved 1048576K
2023-08-21T00:04:17.352+0600: 28164.681: [GC (Allocation Failure) [PSYoungGen: 197420K->13851K(195072K)] 507492K->324043K(505856K), 0.0133955 secs] [Times: user=0.02 sys=0.00, real=0.01 secs] 
Heap after GC invocations=167 (full 3):
 PSYoungGen      total 195072K, used 13851K [0x00000000d5580000, 0x00000000e2b80000, 0x0000000100000000)
  eden space 180736K, 0% used [0x00000000d5580000,0x00000000d5580000,0x00000000e0600000)
  from space 14336K, 96% used [0x00000000e1d80000,0x00000000e2b06e48,0x00000000e2b80000)
  to   space 17920K, 0% used [0x00000000e0880000,0x00000000e0880000,0x00000000e1a00000)
 ParOldGen       total 310784K, used 310192K [0x0000000080000000, 0x0000000092f80000, 0x00000000d5580000)
  object space 310784K, 99% used [0x0000000080000000,0x0000000092eec0f8,0x0000000092f80000)
 Metaspace       used 89485K, capacity 91550K, committed 91648K, reserved 1130496K
  class space    used 11093K, capacity 11489K, committed 11520K, reserved 1048576K
}
{Heap before GC invocations=168 (full 3):
 PSYoungGen      total 195072K, used 194441K [0x00000000d5580000, 0x00000000e2b80000, 0x0000000100000000)
  eden space 180736K, 99% used [0x00000000d5580000,0x00000000e05db878,0x00000000e0600000)
  from space 14336K, 96% used [0x00000000e1d80000,0x00000000e2b06e48,0x00000000e2b80000)
  to   space 17920K, 0% used [0x00000000e0880000,0x00000000e0880000,0x00000000e1a00000)
 ParOldGen       total 310784K, used 310192K [0x0000000080000000, 0x0000000092f80000, 0x00000000d5580000)
  object space 310784K, 99% used [0x0000000080000000,0x0000000092eec0f8,0x0000000092f80000)
 Metaspace       used 89486K, capacity 91550K, committed 91648K, reserved 1130496K
  class space    used 11093K, capacity 11489K, committed 11520K, reserved 1048576K
2023-08-21T00:04:19.452+0600: 28166.781: [GC (Allocation Failure) [PSYoungGen: 194441K->4548K(180736K)] 504633K->314756K(491520K), 0.0167102 secs] [Times: user=0.02 sys=0.00, real=0.02 secs] 
Heap after GC invocations=168 (full 3):
 PSYoungGen      total 180736K, used 4548K [0x00000000d5580000, 0x00000000e2580000, 0x0000000100000000)
  eden space 176128K, 0% used [0x00000000d5580000,0x00000000d5580000,0x00000000e0180000)
  from space 4608K, 98% used [0x00000000e0880000,0x00000000e0cf12d8,0x00000000e0d00000)
  to   space 18432K, 0% used [0x00000000e1380000,0x00000000e1380000,0x00000000e2580000)
 ParOldGen       total 310784K, used 310208K [0x0000000080000000, 0x0000000092f80000, 0x00000000d5580000)
  object space 310784K, 99% used [0x0000000080000000,0x0000000092ef00f8,0x0000000092f80000)
 Metaspace       used 89486K, capacity 91550K, committed 91648K, reserved 1130496K
  class space    used 11093K, capacity 11489K, committed 11520K, reserved 1048576K
}
{Heap before GC invocations=169 (full 3):
 PSYoungGen      total 180736K, used 177043K [0x00000000d5580000, 0x00000000e2580000, 0x0000000100000000)
  eden space 176128K, 97% used [0x00000000d5580000,0x00000000dfdf3c58,0x00000000e0180000)
  from space 4608K, 98% used [0x00000000e0880000,0x00000000e0cf12d8,0x00000000e0d00000)
  to   space 18432K, 0% used [0x00000000e1380000,0x00000000e1380000,0x00000000e2580000)
 ParOldGen       total 310784K, used 310208K [0x0000000080000000, 0x0000000092f80000, 0x00000000d5580000)
  object space 310784K, 99% used [0x0000000080000000,0x0000000092ef00f8,0x0000000092f80000)
 Metaspace       used 89486K, capacity 91550K, committed 91648K, reserved 1130496K
  class space    used 11093K, capacity 11489K, committed 11520K, reserved 1048576K
2023-08-21T00:04:20.421+0600: 28167.749: [GC (Allocation Failure) [PSYoungGen: 177043K->10098K(183296K)] 487252K->320322K(494080K), 0.0135667 secs] [Times: user=0.03 sys=0.00, real=0.01 secs] 
Heap after GC invocations=169 (full 3):
 PSYoungGen      total 183296K, used 10098K [0x00000000d5580000, 0x00000000e1f00000, 0x0000000100000000)
  eden space 171520K, 0% used [0x00000000d5580000,0x00000000d5580000,0x00000000dfd00000)
  from space 11776K, 85% used [0x00000000e1380000,0x00000000e1d5c990,0x00000000e1f00000)
  to   space 17408K, 0% used [0x00000000dfd00000,0x00000000dfd00000,0x00000000e0e00000)
 ParOldGen       total 310784K, used 310224K [0x0000000080000000, 0x0000000092f80000, 0x00000000d5580000)
  object space 310784K, 99% used [0x0000000080000000,0x0000000092ef40f8,0x0000000092f80000)
 Metaspace       used 89486K, capacity 91550K, committed 91648K, reserved 1130496K
  class space    used 11093K, capacity 11489K, committed 11520K, reserved 1048576K
}
{Heap before GC invocations=170 (full 3):
 PSYoungGen      total 183296K, used 181618K [0x00000000d5580000, 0x00000000e1f00000, 0x0000000100000000)
  eden space 171520K, 100% used [0x00000000d5580000,0x00000000dfd00000,0x00000000dfd00000)
  from space 11776K, 85% used [0x00000000e1380000,0x00000000e1d5c990,0x00000000e1f00000)
  to   space 17408K, 0% used [0x00000000dfd00000,0x00000000dfd00000,0x00000000e0e00000)
 ParOldGen       total 310784K, used 310224K [0x0000000080000000, 0x0000000092f80000, 0x00000000d5580000)
  object space 310784K, 99% used [0x0000000080000000,0x0000000092ef40f8,0x0000000092f80000)
 Metaspace       used 89486K, capacity 91550K, committed 91648K, reserved 1130496K
  class space    used 11093K, capacity 11489K, committed 11520K, reserved 1048576K
2023-08-21T00:04:21.040+0600: 28168.368: [GC (Allocation Failure) [PSYoungGen: 181618K->7977K(188928K)] 491842K->318225K(499712K), 0.0099302 secs] [Times: user=0.01 sys=0.00, real=0.01 secs] 
Heap after GC invocations=170 (full 3):
 PSYoungGen      total 188928K, used 7977K [0x00000000d5580000, 0x00000000e2780000, 0x0000000100000000)
  eden space 171520K, 0% used [0x00000000d5580000,0x00000000d5580000,0x00000000dfd00000)
  from space 17408K, 45% used [0x00000000dfd00000,0x00000000e04ca4d8,0x00000000e0e00000)
  to   space 17408K, 0% used [0x00000000e1680000,0x00000000e1680000,0x00000000e2780000)
 ParOldGen       total 310784K, used 310248K [0x0000000080000000, 0x0000000092f80000, 0x00000000d5580000)
  object space 310784K, 99% used [0x0000000080000000,0x0000000092efa048,0x0000000092f80000)
 Metaspace       used 89486K, capacity 91550K, committed 91648K, reserved 1130496K
  class space    used 11093K, capacity 11489K, committed 11520K, reserved 1048576K
}
{Heap before GC invocations=171 (full 3):
 PSYoungGen      total 188928K, used 177866K [0x00000000d5580000, 0x00000000e2780000, 0x0000000100000000)
  eden space 171520K, 99% used [0x00000000d5580000,0x00000000dfb68598,0x00000000dfd00000)
  from space 17408K, 45% used [0x00000000dfd00000,0x00000000e04ca4d8,0x00000000e0e00000)
  to   space 17408K, 0% used [0x00000000e1680000,0x00000000e1680000,0x00000000e2780000)
 ParOldGen       total 310784K, used 310248K [0x0000000080000000, 0x0000000092f80000, 0x00000000d5580000)
  object space 310784K, 99% used [0x0000000080000000,0x0000000092efa048,0x0000000092f80000)
 Metaspace       used 89486K, capacity 91550K, committed 91648K, reserved 1130496K
  class space    used 11093K, capacity 11489K, committed 11520K, reserved 1048576K
2023-08-21T00:04:23.348+0600: 28170.677: [GC (Allocation Failure) [PSYoungGen: 177866K->10066K(177664K)] 488114K->320322K(488448K), 0.0137346 secs] [Times: user=0.02 sys=0.00, real=0.02 secs] 
Heap after GC invocations=171 (full 3):
 PSYoungGen      total 177664K, used 10066K [0x00000000d5580000, 0x00000000e2080000, 0x0000000100000000)
  eden space 167424K, 0% used [0x00000000d5580000,0x00000000d5580000,0x00000000df900000)
  from space 10240K, 98% used [0x00000000e1680000,0x00000000e2054990,0x00000000e2080000)
  to   space 16896K, 0% used [0x00000000dff80000,0x00000000dff80000,0x00000000e1000000)
 ParOldGen       total 310784K, used 310256K [0x0000000080000000, 0x0000000092f80000, 0x00000000d5580000)
  object space 310784K, 99% used [0x0000000080000000,0x0000000092efc048,0x0000000092f80000)
 Metaspace       used 89486K, capacity 91550K, committed 91648K, reserved 1130496K
  class space    used 11093K, capacity 11489K, committed 11520K, reserved 1048576K
}
{Heap before GC invocations=172 (full 3):
 PSYoungGen      total 177664K, used 177475K [0x00000000d5580000, 0x00000000e2080000, 0x0000000100000000)
  eden space 167424K, 99% used [0x00000000d5580000,0x00000000df8fc500,0x00000000df900000)
  from space 10240K, 98% used [0x00000000e1680000,0x00000000e2054990,0x00000000e2080000)
  to   space 16896K, 0% used [0x00000000dff80000,0x00000000dff80000,0x00000000e1000000)
 ParOldGen       total 310784K, used 310256K [0x0000000080000000, 0x0000000092f80000, 0x00000000d5580000)
  object space 310784K, 99% used [0x0000000080000000,0x0000000092efc048,0x0000000092f80000)
 Metaspace       used 89486K, capacity 91550K, committed 91648K, reserved 1130496K
  class space    used 11093K, capacity 11489K, committed 11520K, reserved 1048576K
2023-08-21T00:04:24.355+0600: 28171.683: [GC (Allocation Failure) [PSYoungGen: 177475K->10098K(190976K)] 487731K->320370K(501760K), 0.0133528 secs] [Times: user=0.02 sys=0.00, real=0.01 secs] 
Heap after GC invocations=172 (full 3):
 PSYoungGen      total 190976K, used 10098K [0x00000000d5580000, 0x00000000e2000000, 0x0000000100000000)
  eden space 174080K, 0% used [0x00000000d5580000,0x00000000d5580000,0x00000000dff80000)
  from space 16896K, 59% used [0x00000000dff80000,0x00000000e095c990,0x00000000e1000000)
  to   space 15872K, 0% used [0x00000000e1080000,0x00000000e1080000,0x00000000e2000000)
 ParOldGen       total 310784K, used 310272K [0x0000000080000000, 0x0000000092f80000, 0x00000000d5580000)
  object space 310784K, 99% used [0x0000000080000000,0x0000000092f00048,0x0000000092f80000)
 Metaspace       used 89486K, capacity 91550K, committed 91648K, reserved 1130496K
  class space    used 11093K, capacity 11489K, committed 11520K, reserved 1048576K
}
{Heap before GC invocations=173 (full 3):
 PSYoungGen      total 190976K, used 184178K [0x00000000d5580000, 0x00000000e2000000, 0x0000000100000000)
  eden space 174080K, 100% used [0x00000000d5580000,0x00000000dff80000,0x00000000dff80000)
  from space 16896K, 59% used [0x00000000dff80000,0x00000000e095c990,0x00000000e1000000)
  to   space 15872K, 0% used [0x00000000e1080000,0x00000000e1080000,0x00000000e2000000)
 ParOldGen       total 310784K, used 310272K [0x0000000080000000, 0x0000000092f80000, 0x00000000d5580000)
  object space 310784K, 99% used [0x0000000080000000,0x0000000092f00048,0x0000000092f80000)
 Metaspace       used 89486K, capacity 91550K, committed 91648K, reserved 1130496K
  class space    used 11093K, capacity 11489K, committed 11520K, reserved 1048576K
2023-08-21T00:04:24.835+0600: 28172.163: [GC (Allocation Failure) [PSYoungGen: 184178K->928K(190464K)] 494450K->311200K(501248K), 0.0098299 secs] [Times: user=0.02 sys=0.00, real=0.01 secs] 
Heap after GC invocations=173 (full 3):
 PSYoungGen      total 190464K, used 928K [0x00000000d5580000, 0x00000000e2a00000, 0x0000000100000000)
  eden space 174592K, 0% used [0x00000000d5580000,0x00000000d5580000,0x00000000e0000000)
  from space 15872K, 5% used [0x00000000e1080000,0x00000000e1168010,0x00000000e2000000)
  to   space 16896K, 0% used [0x00000000e0000000,0x00000000e0000000,0x00000000e1080000)
 ParOldGen       total 310784K, used 310272K [0x0000000080000000, 0x0000000092f80000, 0x00000000d5580000)
  object space 310784K, 99% used [0x0000000080000000,0x0000000092f00048,0x0000000092f80000)
 Metaspace       used 89486K, capacity 91550K, committed 91648K, reserved 1130496K
  class space    used 11093K, capacity 11489K, committed 11520K, reserved 1048576K
}
{Heap before GC invocations=174 (full 3):
 PSYoungGen      total 190464K, used 172282K [0x00000000d5580000, 0x00000000e2a00000, 0x0000000100000000)
  eden space 174592K, 98% used [0x00000000d5580000,0x00000000dfcd6958,0x00000000e0000000)
  from space 15872K, 5% used [0x00000000e1080000,0x00000000e1168010,0x00000000e2000000)
  to   space 16896K, 0% used [0x00000000e0000000,0x00000000e0000000,0x00000000e1080000)
 ParOldGen       total 310784K, used 310272K [0x0000000080000000, 0x0000000092f80000, 0x00000000d5580000)
  object space 310784K, 99% used [0x0000000080000000,0x0000000092f00048,0x0000000092f80000)
 Metaspace       used 89487K, capacity 91550K, committed 91648K, reserved 1130496K
  class space    used 11093K, capacity 11489K, committed 11520K, reserved 1048576K
2023-08-21T00:04:27.324+0600: 28174.653: [GC (Allocation Failure) [PSYoungGen: 172282K->13851K(191488K)] 482554K->324139K(502272K), 0.0130752 secs] [Times: user=0.02 sys=0.00, real=0.01 secs] 
Heap after GC invocations=174 (full 3):
 PSYoungGen      total 191488K, used 13851K [0x00000000d5580000, 0x00000000e2b80000, 0x0000000100000000)
  eden space 174592K, 0% used [0x00000000d5580000,0x00000000d5580000,0x00000000e0000000)
  from space 16896K, 81% used [0x00000000e0000000,0x00000000e0d86e48,0x00000000e1080000)
  to   space 17920K, 0% used [0x00000000e1a00000,0x00000000e1a00000,0x00000000e2b80000)
 ParOldGen       total 310784K, used 310288K [0x0000000080000000, 0x0000000092f80000, 0x00000000d5580000)
  object space 310784K, 99% used [0x0000000080000000,0x0000000092f04048,0x0000000092f80000)
 Metaspace       used 89487K, capacity 91550K, committed 91648K, reserved 1130496K
  class space    used 11093K, capacity 11489K, committed 11520K, reserved 1048576K
}
{Heap before GC invocations=175 (full 3):
 PSYoungGen      total 191488K, used 188443K [0x00000000d5580000, 0x00000000e2b80000, 0x0000000100000000)
  eden space 174592K, 100% used [0x00000000d5580000,0x00000000e0000000,0x00000000e0000000)
  from space 16896K, 81% used [0x00000000e0000000,0x00000000e0d86e48,0x00000000e1080000)
  to   space 17920K, 0% used [0x00000000e1a00000,0x00000000e1a00000,0x00000000e2b80000)
 ParOldGen       total 310784K, used 310288K [0x0000000080000000, 0x0000000092f80000, 0x00000000d5580000)
  object space 310784K, 99% used [0x0000000080000000,0x0000000092f04048,0x0000000092f80000)
 Metaspace       used 89487K, capacity 91550K, committed 91648K, reserved 1130496K
  class space    used 11093K, capacity 11489K, committed 11520K, reserved 1048576K
2023-08-21T00:04:28.077+0600: 28175.405: [GC (Allocation Failure) [PSYoungGen: 188443K->8073K(201216K)] 498731K->318361K(512000K), 0.0096465 secs] [Times: user=0.02 sys=0.00, real=0.01 secs] 
Heap after GC invocations=175 (full 3):
 PSYoungGen      total 201216K, used 8073K [0x00000000d5580000, 0x00000000e2b00000, 0x0000000100000000)
  eden space 183808K, 0% used [0x00000000d5580000,0x00000000d5580000,0x00000000e0900000)
  from space 17408K, 46% used [0x00000000e1a00000,0x00000000e21e24d8,0x00000000e2b00000)
  to   space 17408K, 0% used [0x00000000e0900000,0x00000000e0900000,0x00000000e1a00000)
 ParOldGen       total 310784K, used 310288K [0x0000000080000000, 0x0000000092f80000, 0x00000000d5580000)
  object space 310784K, 99% used [0x0000000080000000,0x0000000092f04048,0x0000000092f80000)
 Metaspace       used 89487K, capacity 91550K, committed 91648K, reserved 1130496K
  class space    used 11093K, capacity 11489K, committed 11520K, reserved 1048576K
}
{Heap before GC invocations=176 (full 3):
 PSYoungGen      total 201216K, used 190148K [0x00000000d5580000, 0x00000000e2b00000, 0x0000000100000000)
  eden space 183808K, 99% used [0x00000000d5580000,0x00000000e074ed18,0x00000000e0900000)
  from space 17408K, 46% used [0x00000000e1a00000,0x00000000e21e24d8,0x00000000e2b00000)
  to   space 17408K, 0% used [0x00000000e0900000,0x00000000e0900000,0x00000000e1a00000)
 ParOldGen       total 310784K, used 310288K [0x0000000080000000, 0x0000000092f80000, 0x00000000d5580000)
  object space 310784K, 99% used [0x0000000080000000,0x0000000092f04048,0x0000000092f80000)
 Metaspace       used 89487K, capacity 91550K, committed 91648K, reserved 1130496K
  class space    used 11093K, capacity 11489K, committed 11520K, reserved 1048576K
2023-08-21T00:04:30.266+0600: 28177.594: [GC (Allocation Failure) [PSYoungGen: 190148K->13723K(201216K)] 500436K->324154K(512000K), 0.0142386 secs] [Times: user=0.03 sys=0.00, real=0.02 secs] 
Heap after GC invocations=176 (full 3):
 PSYoungGen      total 201216K, used 13723K [0x00000000d5580000, 0x00000000e3580000, 0x0000000100000000)
  eden space 183808K, 0% used [0x00000000d5580000,0x00000000d5580000,0x00000000e0900000)
  from space 17408K, 78% used [0x00000000e0900000,0x00000000e1666e38,0x00000000e1a00000)
  to   space 18432K, 0% used [0x00000000e2380000,0x00000000e2380000,0x00000000e3580000)
 ParOldGen       total 310784K, used 310431K [0x0000000080000000, 0x0000000092f80000, 0x00000000d5580000)
  object space 310784K, 99% used [0x0000000080000000,0x0000000092f27db8,0x0000000092f80000)
 Metaspace       used 89487K, capacity 91550K, committed 91648K, reserved 1130496K
  class space    used 11093K, capacity 11489K, committed 11520K, reserved 1048576K
}
{Heap before GC invocations=177 (full 3):
 PSYoungGen      total 201216K, used 196264K [0x00000000d5580000, 0x00000000e3580000, 0x0000000100000000)
  eden space 183808K, 99% used [0x00000000d5580000,0x00000000e07c3560,0x00000000e0900000)
  from space 17408K, 78% used [0x00000000e0900000,0x00000000e1666e38,0x00000000e1a00000)
  to   space 18432K, 0% used [0x00000000e2380000,0x00000000e2380000,0x00000000e3580000)
 ParOldGen       total 310784K, used 310431K [0x0000000080000000, 0x0000000092f80000, 0x00000000d5580000)
  object space 310784K, 99% used [0x0000000080000000,0x0000000092f27db8,0x0000000092f80000)
 Metaspace       used 89487K, capacity 91550K, committed 91648K, reserved 1130496K
  class space    used 11093K, capacity 11489K, committed 11520K, reserved 1048576K
2023-08-21T00:04:31.351+0600: 28178.680: [GC (Allocation Failure) [PSYoungGen: 196264K->13723K(210432K)] 506696K->324170K(521216K), 0.0208509 secs] [Times: user=0.04 sys=0.00, real=0.02 secs] 
Heap after GC invocations=177 (full 3):
 PSYoungGen      total 210432K, used 13723K [0x00000000d5580000, 0x00000000e3800000, 0x0000000100000000)
  eden space 192000K, 0% used [0x00000000d5580000,0x00000000d5580000,0x00000000e1100000)
  from space 18432K, 74% used [0x00000000e2380000,0x00000000e30e6e38,0x00000000e3580000)
  to   space 18944K, 0% used [0x00000000e1100000,0x00000000e1100000,0x00000000e2380000)
 ParOldGen       total 310784K, used 310447K [0x0000000080000000, 0x0000000092f80000, 0x00000000d5580000)
  object space 310784K, 99% used [0x0000000080000000,0x0000000092f2bdb8,0x0000000092f80000)
 Metaspace       used 89487K, capacity 91550K, committed 91648K, reserved 1130496K
  class space    used 11093K, capacity 11489K, committed 11520K, reserved 1048576K
}
{Heap before GC invocations=178 (full 3):
 PSYoungGen      total 210432K, used 205517K [0x00000000d5580000, 0x00000000e3800000, 0x0000000100000000)
  eden space 192000K, 99% used [0x00000000d5580000,0x00000000e10cc7c8,0x00000000e1100000)
  from space 18432K, 74% used [0x00000000e2380000,0x00000000e30e6e38,0x00000000e3580000)
  to   space 18944K, 0% used [0x00000000e1100000,0x00000000e1100000,0x00000000e2380000)
 ParOldGen       total 310784K, used 310447K [0x0000000080000000, 0x0000000092f80000, 0x00000000d5580000)
  object space 310784K, 99% used [0x0000000080000000,0x0000000092f2bdb8,0x0000000092f80000)
 Metaspace       used 89487K, capacity 91550K, committed 91648K, reserved 1130496K
  class space    used 11093K, capacity 11489K, committed 11520K, reserved 1048576K
2023-08-21T00:04:34.417+0600: 28181.745: [GC (Allocation Failure) [PSYoungGen: 205517K->864K(210944K)] 515964K->311327K(521728K), 0.0125459 secs] [Times: user=0.03 sys=0.00, real=0.02 secs] 
Heap after GC invocations=178 (full 3):
 PSYoungGen      total 210944K, used 864K [0x00000000d5580000, 0x00000000e4000000, 0x0000000100000000)
  eden space 192000K, 0% used [0x00000000d5580000,0x00000000d5580000,0x00000000e1100000)
  from space 18944K, 4% used [0x00000000e1100000,0x00000000e11d8010,0x00000000e2380000)
  to   space 19456K, 0% used [0x00000000e2d00000,0x00000000e2d00000,0x00000000e4000000)
 ParOldGen       total 310784K, used 310463K [0x0000000080000000, 0x0000000092f80000, 0x00000000d5580000)
  object space 310784K, 99% used [0x0000000080000000,0x0000000092f2fdb8,0x0000000092f80000)
 Metaspace       used 89487K, capacity 91550K, committed 91648K, reserved 1130496K
  class space    used 11093K, capacity 11489K, committed 11520K, reserved 1048576K
}
{Heap before GC invocations=179 (full 3):
 PSYoungGen      total 210944K, used 192145K [0x00000000d5580000, 0x00000000e4000000, 0x0000000100000000)
  eden space 192000K, 99% used [0x00000000d5580000,0x00000000e104c3f0,0x00000000e1100000)
  from space 18944K, 4% used [0x00000000e1100000,0x00000000e11d8010,0x00000000e2380000)
  to   space 19456K, 0% used [0x00000000e2d00000,0x00000000e2d00000,0x00000000e4000000)
 ParOldGen       total 310784K, used 310463K [0x0000000080000000, 0x0000000092f80000, 0x00000000d5580000)
  object space 310784K, 99% used [0x0000000080000000,0x0000000092f2fdb8,0x0000000092f80000)
 Metaspace       used 89487K, capacity 91550K, committed 91648K, reserved 1130496K
  class space    used 11093K, capacity 11489K, committed 11520K, reserved 1048576K
2023-08-21T00:04:35.422+0600: 28182.750: [GC (Allocation Failure) [PSYoungGen: 192145K->11880K(220672K)] 502608K->322359K(531456K), 0.0127924 secs] [Times: user=0.02 sys=0.00, real=0.01 secs] 
Heap after GC invocations=179 (full 3):
 PSYoungGen      total 220672K, used 11880K [0x00000000d5580000, 0x00000000e4080000, 0x0000000100000000)
  eden space 201216K, 0% used [0x00000000d5580000,0x00000000d5580000,0x00000000e1a00000)
  from space 19456K, 61% used [0x00000000e2d00000,0x00000000e389a190,0x00000000e4000000)
  to   space 19456K, 0% used [0x00000000e1a00000,0x00000000e1a00000,0x00000000e2d00000)
 ParOldGen       total 310784K, used 310479K [0x0000000080000000, 0x0000000092f80000, 0x00000000d5580000)
  object space 310784K, 99% used [0x0000000080000000,0x0000000092f33db8,0x0000000092f80000)
 Metaspace       used 89487K, capacity 91550K, committed 91648K, reserved 1130496K
  class space    used 11093K, capacity 11489K, committed 11520K, reserved 1048576K
}
{Heap before GC invocations=180 (full 3):
 PSYoungGen      total 220672K, used 213096K [0x00000000d5580000, 0x00000000e4080000, 0x0000000100000000)
  eden space 201216K, 100% used [0x00000000d5580000,0x00000000e1a00000,0x00000000e1a00000)
  from space 19456K, 61% used [0x00000000e2d00000,0x00000000e389a190,0x00000000e4000000)
  to   space 19456K, 0% used [0x00000000e1a00000,0x00000000e1a00000,0x00000000e2d00000)
 ParOldGen       total 310784K, used 310479K [0x0000000080000000, 0x0000000092f80000, 0x00000000d5580000)
  object space 310784K, 99% used [0x0000000080000000,0x0000000092f33db8,0x0000000092f80000)
 Metaspace       used 89487K, capacity 91550K, committed 91648K, reserved 1130496K
  class space    used 11093K, capacity 11489K, committed 11520K, reserved 1048576K
2023-08-21T00:04:36.128+0600: 28183.457: [GC (Allocation Failure) [PSYoungGen: 213096K->8105K(220672K)] 523575K->318592K(531456K), 0.0100963 secs] [Times: user=0.01 sys=0.00, real=0.01 secs] 
Heap after GC invocations=180 (full 3):
 PSYoungGen      total 220672K, used 8105K [0x00000000d5580000, 0x00000000e4980000, 0x0000000100000000)
  eden space 201216K, 0% used [0x00000000d5580000,0x00000000d5580000,0x00000000e1a00000)
  from space 19456K, 41% used [0x00000000e1a00000,0x00000000e21ea4c8,0x00000000e2d00000)
  to   space 18944K, 0% used [0x00000000e3700000,0x00000000e3700000,0x00000000e4980000)
 ParOldGen       total 310784K, used 310487K [0x0000000080000000, 0x0000000092f80000, 0x00000000d5580000)
  object space 310784K, 99% used [0x0000000080000000,0x0000000092f35db8,0x0000000092f80000)
 Metaspace       used 89487K, capacity 91550K, committed 91648K, reserved 1130496K
  class space    used 11093K, capacity 11489K, committed 11520K, reserved 1048576K
}
{Heap before GC invocations=181 (full 3):
 PSYoungGen      total 220672K, used 205844K [0x00000000d5580000, 0x00000000e4980000, 0x0000000100000000)
  eden space 201216K, 98% used [0x00000000d5580000,0x00000000e169ad20,0x00000000e1a00000)
  from space 19456K, 41% used [0x00000000e1a00000,0x00000000e21ea4c8,0x00000000e2d00000)
  to   space 18944K, 0% used [0x00000000e3700000,0x00000000e3700000,0x00000000e4980000)
 ParOldGen       total 310784K, used 310487K [0x0000000080000000, 0x0000000092f80000, 0x00000000d5580000)
  object space 310784K, 99% used [0x0000000080000000,0x0000000092f35db8,0x0000000092f80000)
 Metaspace       used 89488K, capacity 91550K, committed 91648K, reserved 1130496K
  class space    used 11093K, capacity 11489K, committed 11520K, reserved 1048576K
2023-08-21T00:04:38.806+0600: 28186.135: [GC (Allocation Failure) [PSYoungGen: 205844K->13723K(229888K)] 516331K->324226K(540672K), 0.0202487 secs] [Times: user=0.03 sys=0.01, real=0.02 secs] 
Heap after GC invocations=181 (full 3):
 PSYoungGen      total 229888K, used 13723K [0x00000000d5580000, 0x00000000e4980000, 0x0000000100000000)
  eden space 210944K, 0% used [0x00000000d5580000,0x00000000d5580000,0x00000000e2380000)
  from space 18944K, 72% used [0x00000000e3700000,0x00000000e4466e38,0x00000000e4980000)
  to   space 19456K, 0% used [0x00000000e2380000,0x00000000e2380000,0x00000000e3680000)
 ParOldGen       total 310784K, used 310503K [0x0000000080000000, 0x0000000092f80000, 0x00000000d5580000)
  object space 310784K, 99% used [0x0000000080000000,0x0000000092f39db8,0x0000000092f80000)
 Metaspace       used 89488K, capacity 91550K, committed 91648K, reserved 1130496K
  class space    used 11093K, capacity 11489K, committed 11520K, reserved 1048576K
}
{Heap before GC invocations=182 (full 4):
 PSYoungGen      total 229888K, used 13723K [0x00000000d5580000, 0x00000000e4980000, 0x0000000100000000)
  eden space 210944K, 0% used [0x00000000d5580000,0x00000000d5580000,0x00000000e2380000)
  from space 18944K, 72% used [0x00000000e3700000,0x00000000e4466e38,0x00000000e4980000)
  to   space 19456K, 0% used [0x00000000e2380000,0x00000000e2380000,0x00000000e3680000)
 ParOldGen       total 310784K, used 310503K [0x0000000080000000, 0x0000000092f80000, 0x00000000d5580000)
  object space 310784K, 99% used [0x0000000080000000,0x0000000092f39db8,0x0000000092f80000)
 Metaspace       used 89488K, capacity 91550K, committed 91648K, reserved 1130496K
  class space    used 11093K, capacity 11489K, committed 11520K, reserved 1048576K
2023-08-21T00:04:38.827+0600: 28186.156: [Full GC (Ergonomics) [PSYoungGen: 13723K->0K(229888K)] [ParOldGen: 310503K->83407K(311296K)] 324226K->83407K(541184K), [Metaspace: 89488K->88823K(1130496K)], 0.3202962 secs] [Times: user=0.49 sys=0.00, real=0.32 secs] 
Heap after GC invocations=182 (full 4):
 PSYoungGen      total 229888K, used 0K [0x00000000d5580000, 0x00000000e4980000, 0x0000000100000000)
  eden space 210944K, 0% used [0x00000000d5580000,0x00000000d5580000,0x00000000e2380000)
  from space 18944K, 0% used [0x00000000e3700000,0x00000000e3700000,0x00000000e4980000)
  to   space 19456K, 0% used [0x00000000e2380000,0x00000000e2380000,0x00000000e3680000)
 ParOldGen       total 311296K, used 83407K [0x0000000080000000, 0x0000000093000000, 0x00000000d5580000)
  object space 311296K, 26% used [0x0000000080000000,0x0000000085173cf0,0x0000000093000000)
 Metaspace       used 88823K, capacity 90450K, committed 91648K, reserved 1130496K
  class space    used 10989K, capacity 11301K, committed 11520K, reserved 1048576K
}
{Heap before GC invocations=183 (full 4):
 PSYoungGen      total 229888K, used 210944K [0x00000000d5580000, 0x00000000e4980000, 0x0000000100000000)
  eden space 210944K, 100% used [0x00000000d5580000,0x00000000e2380000,0x00000000e2380000)
  from space 18944K, 0% used [0x00000000e3700000,0x00000000e3700000,0x00000000e4980000)
  to   space 19456K, 0% used [0x00000000e2380000,0x00000000e2380000,0x00000000e3680000)
 ParOldGen       total 311296K, used 83407K [0x0000000080000000, 0x0000000093000000, 0x00000000d5580000)
  object space 311296K, 26% used [0x0000000080000000,0x0000000085173cf0,0x0000000093000000)
 Metaspace       used 88823K, capacity 90450K, committed 91648K, reserved 1130496K
  class space    used 10989K, capacity 11301K, committed 11520K, reserved 1048576K
2023-08-21T00:04:39.968+0600: 28187.297: [GC (Allocation Failure) [PSYoungGen: 210944K->13755K(230400K)] 294351K->97162K(541696K), 0.0092584 secs] [Times: user=0.02 sys=0.00, real=0.01 secs] 
Heap after GC invocations=183 (full 4):
 PSYoungGen      total 230400K, used 13755K [0x00000000d5580000, 0x00000000e5680000, 0x0000000100000000)
  eden space 210944K, 0% used [0x00000000d5580000,0x00000000d5580000,0x00000000e2380000)
  from space 19456K, 70% used [0x00000000e2380000,0x00000000e30eee78,0x00000000e3680000)
  to   space 19968K, 0% used [0x00000000e4300000,0x00000000e4300000,0x00000000e5680000)
 ParOldGen       total 311296K, used 83407K [0x0000000080000000, 0x0000000093000000, 0x00000000d5580000)
  object space 311296K, 26% used [0x0000000080000000,0x0000000085173cf0,0x0000000093000000)
 Metaspace       used 88823K, capacity 90450K, committed 91648K, reserved 1130496K
  class space    used 10989K, capacity 11301K, committed 11520K, reserved 1048576K
}
{Heap before GC invocations=184 (full 4):
 PSYoungGen      total 230400K, used 223832K [0x00000000d5580000, 0x00000000e5680000, 0x0000000100000000)
  eden space 210944K, 99% used [0x00000000d5580000,0x00000000e22a72b8,0x00000000e2380000)
  from space 19456K, 70% used [0x00000000e2380000,0x00000000e30eee78,0x00000000e3680000)
  to   space 19968K, 0% used [0x00000000e4300000,0x00000000e4300000,0x00000000e5680000)
 ParOldGen       total 311296K, used 83407K [0x0000000080000000, 0x0000000093000000, 0x00000000d5580000)
  object space 311296K, 26% used [0x0000000080000000,0x0000000085173cf0,0x0000000093000000)
 Metaspace       used 88823K, capacity 90450K, committed 91648K, reserved 1130496K
  class space    used 10989K, capacity 11301K, committed 11520K, reserved 1048576K
2023-08-21T00:04:42.521+0600: 28189.850: [GC (Allocation Failure) [PSYoungGen: 223832K->17796K(241152K)] 307239K->104989K(552448K), 0.0229145 secs] [Times: user=0.02 sys=0.02, real=0.02 secs] 
Heap after GC invocations=184 (full 4):
 PSYoungGen      total 241152K, used 17796K [0x00000000d5580000, 0x00000000e5a00000, 0x0000000100000000)
  eden space 221184K, 0% used [0x00000000d5580000,0x00000000d5580000,0x00000000e2d80000)
  from space 19968K, 89% used [0x00000000e4300000,0x00000000e5461340,0x00000000e5680000)
  to   space 22016K, 0% used [0x00000000e2d80000,0x00000000e2d80000,0x00000000e4300000)
 ParOldGen       total 311296K, used 87192K [0x0000000080000000, 0x0000000093000000, 0x00000000d5580000)
  object space 311296K, 28% used [0x0000000080000000,0x00000000855261a8,0x0000000093000000)
 Metaspace       used 88823K, capacity 90450K, committed 91648K, reserved 1130496K
  class space    used 10989K, capacity 11301K, committed 11520K, reserved 1048576K
}
{Heap before GC invocations=185 (full 4):
 PSYoungGen      total 241152K, used 238980K [0x00000000d5580000, 0x00000000e5a00000, 0x0000000100000000)
  eden space 221184K, 100% used [0x00000000d5580000,0x00000000e2d80000,0x00000000e2d80000)
  from space 19968K, 89% used [0x00000000e4300000,0x00000000e5461340,0x00000000e5680000)
  to   space 22016K, 0% used [0x00000000e2d80000,0x00000000e2d80000,0x00000000e4300000)
 ParOldGen       total 311296K, used 87192K [0x0000000080000000, 0x0000000093000000, 0x00000000d5580000)
  object space 311296K, 28% used [0x0000000080000000,0x00000000855262d8,0x0000000093000000)
 Metaspace       used 88823K, capacity 90450K, committed 91648K, reserved 1130496K
  class space    used 10989K, capacity 11301K, committed 11520K, reserved 1048576K
2023-08-21T00:04:43.443+0600: 28190.772: [GC (GCLocker Initiated GC) [PSYoungGen: 238980K->8242K(243200K)] 326173K->95435K(554496K), 0.0098944 secs] [Times: user=0.01 sys=0.00, real=0.01 secs] 
Heap after GC invocations=185 (full 4):
 PSYoungGen      total 243200K, used 8242K [0x00000000d5580000, 0x00000000e6400000, 0x0000000100000000)
  eden space 221184K, 0% used [0x00000000d5580000,0x00000000d5580000,0x00000000e2d80000)
  from space 22016K, 37% used [0x00000000e2d80000,0x00000000e358c9c0,0x00000000e4300000)
  to   space 21504K, 0% used [0x00000000e4f00000,0x00000000e4f00000,0x00000000e6400000)
 ParOldGen       total 311296K, used 87192K [0x0000000080000000, 0x0000000093000000, 0x00000000d5580000)
  object space 311296K, 28% used [0x0000000080000000,0x00000000855262d8,0x0000000093000000)
 Metaspace       used 88823K, capacity 90450K, committed 91648K, reserved 1130496K
  class space    used 10989K, capacity 11301K, committed 11520K, reserved 1048576K
}
{Heap before GC invocations=186 (full 4):
 PSYoungGen      total 243200K, used 229426K [0x00000000d5580000, 0x00000000e6400000, 0x0000000100000000)
  eden space 221184K, 100% used [0x00000000d5580000,0x00000000e2d80000,0x00000000e2d80000)
  from space 22016K, 37% used [0x00000000e2d80000,0x00000000e358c9c0,0x00000000e4300000)
  to   space 21504K, 0% used [0x00000000e4f00000,0x00000000e4f00000,0x00000000e6400000)
 ParOldGen       total 311296K, used 146984K [0x0000000080000000, 0x0000000093000000, 0x00000000d5580000)
  object space 311296K, 47% used [0x0000000080000000,0x0000000088f8a370,0x0000000093000000)
 Metaspace       used 88823K, capacity 90450K, committed 91648K, reserved 1130496K
  class space    used 10989K, capacity 11301K, committed 11520K, reserved 1048576K
2023-08-21T00:04:46.162+0600: 28193.490: [GC (Allocation Failure) [PSYoungGen: 229426K->14075K(253440K)] 376411K->161060K(564736K), 0.0188130 secs] [Times: user=0.03 sys=0.00, real=0.02 secs] 
Heap after GC invocations=186 (full 4):
 PSYoungGen      total 253440K, used 14075K [0x00000000d5580000, 0x00000000e6300000, 0x0000000100000000)
  eden space 232960K, 0% used [0x00000000d5580000,0x00000000d5580000,0x00000000e3900000)
  from space 20480K, 68% used [0x00000000e4f00000,0x00000000e5cbee88,0x00000000e6300000)
  to   space 21504K, 0% used [0x00000000e3900000,0x00000000e3900000,0x00000000e4e00000)
 ParOldGen       total 311296K, used 146984K [0x0000000080000000, 0x0000000093000000, 0x00000000d5580000)
  object space 311296K, 47% used [0x0000000080000000,0x0000000088f8a370,0x0000000093000000)
 Metaspace       used 88823K, capacity 90450K, committed 91648K, reserved 1130496K
  class space    used 10989K, capacity 11301K, committed 11520K, reserved 1048576K
}
{Heap before GC invocations=187 (full 4):
 PSYoungGen      total 253440K, used 247035K [0x00000000d5580000, 0x00000000e6300000, 0x0000000100000000)
  eden space 232960K, 100% used [0x00000000d5580000,0x00000000e3900000,0x00000000e3900000)
  from space 20480K, 68% used [0x00000000e4f00000,0x00000000e5cbee88,0x00000000e6300000)
  to   space 21504K, 0% used [0x00000000e3900000,0x00000000e3900000,0x00000000e4e00000)
 ParOldGen       total 311296K, used 146984K [0x0000000080000000, 0x0000000093000000, 0x00000000d5580000)
  object space 311296K, 47% used [0x0000000080000000,0x0000000088f8a370,0x0000000093000000)
 Metaspace       used 88825K, capacity 90450K, committed 91648K, reserved 1130496K
  class space    used 10989K, capacity 11301K, committed 11520K, reserved 1048576K
2023-08-21T00:04:46.895+0600: 28194.224: [GC (Allocation Failure) [PSYoungGen: 247035K->8562K(254464K)] 394020K->155555K(565760K), 0.0081510 secs] [Times: user=0.01 sys=0.00, real=0.01 secs] 
Heap after GC invocations=187 (full 4):
 PSYoungGen      total 254464K, used 8562K [0x00000000d5580000, 0x00000000e6e80000, 0x0000000100000000)
  eden space 232960K, 0% used [0x00000000d5580000,0x00000000d5580000,0x00000000e3900000)
  from space 21504K, 39% used [0x00000000e3900000,0x00000000e415c9c0,0x00000000e4e00000)
  to   space 20992K, 0% used [0x00000000e5a00000,0x00000000e5a00000,0x00000000e6e80000)
 ParOldGen       total 311296K, used 146992K [0x0000000080000000, 0x0000000093000000, 0x00000000d5580000)
  object space 311296K, 47% used [0x0000000080000000,0x0000000088f8c370,0x0000000093000000)
 Metaspace       used 88825K, capacity 90450K, committed 91648K, reserved 1130496K
  class space    used 10989K, capacity 11301K, committed 11520K, reserved 1048576K
}
{Heap before GC invocations=188 (full 4):
 PSYoungGen      total 254464K, used 238976K [0x00000000d5580000, 0x00000000e6e80000, 0x0000000100000000)
  eden space 232960K, 98% used [0x00000000d5580000,0x00000000e3683988,0x00000000e3900000)
  from space 21504K, 39% used [0x00000000e3900000,0x00000000e415c9c0,0x00000000e4e00000)
  to   space 20992K, 0% used [0x00000000e5a00000,0x00000000e5a00000,0x00000000e6e80000)
 ParOldGen       total 311296K, used 146992K [0x0000000080000000, 0x0000000093000000, 0x00000000d5580000)
  object space 311296K, 47% used [0x0000000080000000,0x0000000088f8c370,0x0000000093000000)
 Metaspace       used 88825K, capacity 90450K, committed 91648K, reserved 1130496K
  class space    used 10989K, capacity 11301K, committed 11520K, reserved 1048576K
2023-08-21T00:04:49.798+0600: 28197.127: [GC (Allocation Failure) [PSYoungGen: 238976K->17860K(265216K)] 385969K->168638K(576512K), 0.0184195 secs] [Times: user=0.03 sys=0.00, real=0.02 secs] 
Heap after GC invocations=188 (full 4):
 PSYoungGen      total 265216K, used 17860K [0x00000000d5580000, 0x00000000e7100000, 0x0000000100000000)
  eden space 244224K, 0% used [0x00000000d5580000,0x00000000d5580000,0x00000000e4400000)
  from space 20992K, 85% used [0x00000000e5a00000,0x00000000e6b71340,0x00000000e6e80000)
  to   space 22528K, 0% used [0x00000000e4400000,0x00000000e4400000,0x00000000e5a00000)
 ParOldGen       total 311296K, used 150778K [0x0000000080000000, 0x0000000093000000, 0x00000000d5580000)
  object space 311296K, 48% used [0x0000000080000000,0x000000008933e828,0x0000000093000000)
 Metaspace       used 88825K, capacity 90450K, committed 91648K, reserved 1130496K
  class space    used 10989K, capacity 11301K, committed 11520K, reserved 1048576K
}
{Heap before GC invocations=189 (full 4):
 PSYoungGen      total 265216K, used 260861K [0x00000000d5580000, 0x00000000e7100000, 0x0000000100000000)
  eden space 244224K, 99% used [0x00000000d5580000,0x00000000e42ce110,0x00000000e4400000)
  from space 20992K, 85% used [0x00000000e5a00000,0x00000000e6b71340,0x00000000e6e80000)
  to   space 22528K, 0% used [0x00000000e4400000,0x00000000e4400000,0x00000000e5a00000)
 ParOldGen       total 311296K, used 150778K [0x0000000080000000, 0x0000000093000000, 0x00000000d5580000)
  object space 311296K, 48% used [0x0000000080000000,0x000000008933e828,0x0000000093000000)
 Metaspace       used 88825K, capacity 90450K, committed 91648K, reserved 1130496K
  class space    used 10989K, capacity 11301K, committed 11520K, reserved 1048576K
2023-08-21T00:04:52.197+0600: 28199.526: [GC (Allocation Failure) [PSYoungGen: 260861K->17892K(266752K)] 411639K->168670K(578048K), 0.0146726 secs] [Times: user=0.02 sys=0.00, real=0.02 secs] 
Heap after GC invocations=189 (full 4):
 PSYoungGen      total 266752K, used 17892K [0x00000000d5580000, 0x00000000e7e00000, 0x0000000100000000)
  eden space 244224K, 0% used [0x00000000d5580000,0x00000000d5580000,0x00000000e4400000)
  from space 22528K, 79% used [0x00000000e4400000,0x00000000e5579340,0x00000000e5a00000)
  to   space 23552K, 0% used [0x00000000e6700000,0x00000000e6700000,0x00000000e7e00000)
 ParOldGen       total 311296K, used 150778K [0x0000000080000000, 0x0000000093000000, 0x00000000d5580000)
  object space 311296K, 48% used [0x0000000080000000,0x000000008933e828,0x0000000093000000)
 Metaspace       used 88825K, capacity 90450K, committed 91648K, reserved 1130496K
  class space    used 10989K, capacity 11301K, committed 11520K, reserved 1048576K
}
{Heap before GC invocations=190 (full 4):
 PSYoungGen      total 266752K, used 261753K [0x00000000d5580000, 0x00000000e7e00000, 0x0000000100000000)
  eden space 244224K, 99% used [0x00000000d5580000,0x00000000e43a5258,0x00000000e4400000)
  from space 22528K, 79% used [0x00000000e4400000,0x00000000e5579340,0x00000000e5a00000)
  to   space 23552K, 0% used [0x00000000e6700000,0x00000000e6700000,0x00000000e7e00000)
 ParOldGen       total 311296K, used 150778K [0x0000000080000000, 0x0000000093000000, 0x00000000d5580000)
  object space 311296K, 48% used [0x0000000080000000,0x000000008933e828,0x0000000093000000)
 Metaspace       used 88825K, capacity 90450K, committed 91648K, reserved 1130496K
  class space    used 10989K, capacity 11301K, committed 11520K, reserved 1048576K
2023-08-21T00:04:53.637+0600: 28200.966: [GC (Allocation Failure) [PSYoungGen: 261753K->21677K(277504K)] 412531K->172456K(588800K), 0.0198005 secs] [Times: user=0.04 sys=0.00, real=0.02 secs] 
Heap after GC invocations=190 (full 4):
 PSYoungGen      total 277504K, used 21677K [0x00000000d5580000, 0x00000000e8400000, 0x0000000100000000)
  eden space 253952K, 0% used [0x00000000d5580000,0x00000000d5580000,0x00000000e4d80000)
  from space 23552K, 92% used [0x00000000e6700000,0x00000000e7c2b7f8,0x00000000e7e00000)
  to   space 26112K, 0% used [0x00000000e4d80000,0x00000000e4d80000,0x00000000e6700000)
 ParOldGen       total 311296K, used 150778K [0x0000000080000000, 0x0000000093000000, 0x00000000d5580000)
  object space 311296K, 48% used [0x0000000080000000,0x000000008933e828,0x0000000093000000)
 Metaspace       used 88825K, capacity 90450K, committed 91648K, reserved 1130496K
  class space    used 10989K, capacity 11301K, committed 11520K, reserved 1048576K
}
{Heap before GC invocations=191 (full 4):
 PSYoungGen      total 277504K, used 273095K [0x00000000d5580000, 0x00000000e8400000, 0x0000000100000000)
  eden space 253952K, 99% used [0x00000000d5580000,0x00000000e4b06550,0x00000000e4d80000)
  from space 23552K, 92% used [0x00000000e6700000,0x00000000e7c2b7f8,0x00000000e7e00000)
  to   space 26112K, 0% used [0x00000000e4d80000,0x00000000e4d80000,0x00000000e6700000)
 ParOldGen       total 311296K, used 150778K [0x0000000080000000, 0x0000000093000000, 0x00000000d5580000)
  object space 311296K, 48% used [0x0000000080000000,0x000000008933e828,0x0000000093000000)
 Metaspace       used 88825K, capacity 90450K, committed 91648K, reserved 1130496K
  class space    used 10989K, capacity 11301K, committed 11520K, reserved 1048576K
2023-08-21T00:04:55.894+0600: 28203.223: [GC (Allocation Failure) [PSYoungGen: 273095K->21870K(280064K)] 423873K->172648K(591360K), 0.0157965 secs] [Times: user=0.02 sys=0.00, real=0.02 secs] 
Heap after GC invocations=191 (full 4):
 PSYoungGen      total 280064K, used 21870K [0x00000000d5580000, 0x00000000e9180000, 0x0000000100000000)
  eden space 253952K, 0% used [0x00000000d5580000,0x00000000d5580000,0x00000000e4d80000)
  from space 26112K, 83% used [0x00000000e4d80000,0x00000000e62db808,0x00000000e6700000)
  to   space 28160K, 0% used [0x00000000e7600000,0x00000000e7600000,0x00000000e9180000)
 ParOldGen       total 311296K, used 150778K [0x0000000080000000, 0x0000000093000000, 0x00000000d5580000)
  object space 311296K, 48% used [0x0000000080000000,0x000000008933e828,0x0000000093000000)
 Metaspace       used 88825K, capacity 90450K, committed 91648K, reserved 1130496K
  class space    used 10989K, capacity 11301K, committed 11520K, reserved 1048576K
}
{Heap before GC invocations=192 (full 4):
 PSYoungGen      total 280064K, used 275822K [0x00000000d5580000, 0x00000000e9180000, 0x0000000100000000)
  eden space 253952K, 100% used [0x00000000d5580000,0x00000000e4d80000,0x00000000e4d80000)
  from space 26112K, 83% used [0x00000000e4d80000,0x00000000e62db808,0x00000000e6700000)
  to   space 28160K, 0% used [0x00000000e7600000,0x00000000e7600000,0x00000000e9180000)
 ParOldGen       total 311296K, used 150778K [0x0000000080000000, 0x0000000093000000, 0x00000000d5580000)
  object space 311296K, 48% used [0x0000000080000000,0x000000008933e828,0x0000000093000000)
 Metaspace       used 88825K, capacity 90450K, committed 91648K, reserved 1130496K
  class space    used 10989K, capacity 11301K, committed 11520K, reserved 1048576K
2023-08-21T00:04:57.217+0600: 28204.545: [GC (Allocation Failure) [PSYoungGen: 275822K->16315K(294400K)] 426600K->167093K(605696K), 0.0119710 secs] [Times: user=0.02 sys=0.00, real=0.01 secs] 
Heap after GC invocations=192 (full 4):
 PSYoungGen      total 294400K, used 16315K [0x00000000d5580000, 0x00000000e9080000, 0x0000000100000000)
  eden space 267264K, 0% used [0x00000000d5580000,0x00000000d5580000,0x00000000e5a80000)
  from space 27136K, 60% used [0x00000000e7600000,0x00000000e85eee98,0x00000000e9080000)
  to   space 27648K, 0% used [0x00000000e5a80000,0x00000000e5a80000,0x00000000e7580000)
 ParOldGen       total 311296K, used 150778K [0x0000000080000000, 0x0000000093000000, 0x00000000d5580000)
  object space 311296K, 48% used [0x0000000080000000,0x000000008933e828,0x0000000093000000)
 Metaspace       used 88825K, capacity 90450K, committed 91648K, reserved 1130496K
  class space    used 10989K, capacity 11301K, committed 11520K, reserved 1048576K
}
{Heap before GC invocations=193 (full 4):
 PSYoungGen      total 294400K, used 281768K [0x00000000d5580000, 0x00000000e9080000, 0x0000000100000000)
  eden space 267264K, 99% used [0x00000000d5580000,0x00000000e58bb318,0x00000000e5a80000)
  from space 27136K, 60% used [0x00000000e7600000,0x00000000e85eee98,0x00000000e9080000)
  to   space 27648K, 0% used [0x00000000e5a80000,0x00000000e5a80000,0x00000000e7580000)
 ParOldGen       total 311296K, used 150778K [0x0000000080000000, 0x0000000093000000, 0x00000000d5580000)
  object space 311296K, 48% used [0x0000000080000000,0x000000008933e828,0x0000000093000000)
 Metaspace       used 88825K, capacity 90450K, committed 91648K, reserved 1130496K
  class space    used 10989K, capacity 11301K, committed 11520K, reserved 1048576K
2023-08-21T00:04:59.982+0600: 28207.311: [GC (Allocation Failure) [PSYoungGen: 281768K->18084K(294912K)] 432546K->168862K(606208K), 0.0092463 secs] [Times: user=0.02 sys=0.00, real=0.01 secs] 
Heap after GC invocations=193 (full 4):
 PSYoungGen      total 294912K, used 18084K [0x00000000d5580000, 0x00000000e9c80000, 0x0000000100000000)
  eden space 267264K, 0% used [0x00000000d5580000,0x00000000d5580000,0x00000000e5a80000)
  from space 27648K, 65% used [0x00000000e5a80000,0x00000000e6c29350,0x00000000e7580000)
  to   space 27648K, 0% used [0x00000000e8180000,0x00000000e8180000,0x00000000e9c80000)
 ParOldGen       total 311296K, used 150778K [0x0000000080000000, 0x0000000093000000, 0x00000000d5580000)
  object space 311296K, 48% used [0x0000000080000000,0x000000008933e828,0x0000000093000000)
 Metaspace       used 88825K, capacity 90450K, committed 91648K, reserved 1130496K
  class space    used 10989K, capacity 11301K, committed 11520K, reserved 1048576K
}
{Heap before GC invocations=194 (full 4):
 PSYoungGen      total 294912K, used 285348K [0x00000000d5580000, 0x00000000e9c80000, 0x0000000100000000)
  eden space 267264K, 100% used [0x00000000d5580000,0x00000000e5a80000,0x00000000e5a80000)
  from space 27648K, 65% used [0x00000000e5a80000,0x00000000e6c29350,0x00000000e7580000)
  to   space 27648K, 0% used [0x00000000e8180000,0x00000000e8180000,0x00000000e9c80000)
 ParOldGen       total 311296K, used 150778K [0x0000000080000000, 0x0000000093000000, 0x00000000d5580000)
  object space 311296K, 48% used [0x0000000080000000,0x000000008933e828,0x0000000093000000)
 Metaspace       used 88825K, capacity 90450K, committed 91648K, reserved 1130496K
  class space    used 10989K, capacity 11301K, committed 11520K, reserved 1048576K
2023-08-21T00:05:00.889+0600: 28208.218: [GC (Allocation Failure) [PSYoungGen: 285348K->16123K(307712K)] 436126K->166901K(619008K), 0.0116823 secs] [Times: user=0.02 sys=0.00, real=0.02 secs] 
Heap after GC invocations=194 (full 4):
 PSYoungGen      total 307712K, used 16123K [0x00000000d5580000, 0x00000000e9d00000, 0x0000000100000000)
  eden space 280064K, 0% used [0x00000000d5580000,0x00000000d5580000,0x00000000e6700000)
  from space 27648K, 58% used [0x00000000e8180000,0x00000000e913ee98,0x00000000e9c80000)
  to   space 27136K, 0% used [0x00000000e6700000,0x00000000e6700000,0x00000000e8180000)
 ParOldGen       total 311296K, used 150778K [0x0000000080000000, 0x0000000093000000, 0x00000000d5580000)
  object space 311296K, 48% used [0x0000000080000000,0x000000008933e828,0x0000000093000000)
 Metaspace       used 88825K, capacity 90450K, committed 91648K, reserved 1130496K
  class space    used 10989K, capacity 11301K, committed 11520K, reserved 1048576K
}
{Heap before GC invocations=195 (full 4):
 PSYoungGen      total 307712K, used 293196K [0x00000000d5580000, 0x00000000e9d00000, 0x0000000100000000)
  eden space 280064K, 98% used [0x00000000d5580000,0x00000000e64143c0,0x00000000e6700000)
  from space 27648K, 58% used [0x00000000e8180000,0x00000000e913ee98,0x00000000e9c80000)
  to   space 27136K, 0% used [0x00000000e6700000,0x00000000e6700000,0x00000000e8180000)
 ParOldGen       total 311296K, used 150778K [0x0000000080000000, 0x0000000093000000, 0x00000000d5580000)
  object space 311296K, 48% used [0x0000000080000000,0x000000008933e828,0x0000000093000000)
 Metaspace       used 88825K, capacity 90450K, committed 91648K, reserved 1130496K
  class space    used 10989K, capacity 11301K, committed 11520K, reserved 1048576K
2023-08-21T00:05:04.113+0600: 28211.442: [GC (Allocation Failure) [PSYoungGen: 293196K->21902K(307200K)] 443974K->172680K(618496K), 0.0156882 secs] [Times: user=0.03 sys=0.00, real=0.01 secs] 
Heap after GC invocations=195 (full 4):
 PSYoungGen      total 307200K, used 21902K [0x00000000d5580000, 0x00000000eac00000, 0x0000000100000000)
  eden space 280064K, 0% used [0x00000000d5580000,0x00000000d5580000,0x00000000e6700000)
  from space 27136K, 80% used [0x00000000e6700000,0x00000000e7c63808,0x00000000e8180000)
  to   space 28672K, 0% used [0x00000000e9000000,0x00000000e9000000,0x00000000eac00000)
 ParOldGen       total 311296K, used 150778K [0x0000000080000000, 0x0000000093000000, 0x00000000d5580000)
  object space 311296K, 48% used [0x0000000080000000,0x000000008933e828,0x0000000093000000)
 Metaspace       used 88825K, capacity 90450K, committed 91648K, reserved 1130496K
  class space    used 10989K, capacity 11301K, committed 11520K, reserved 1048576K
}
{Heap before GC invocations=196 (full 4):
 PSYoungGen      total 307200K, used 298568K [0x00000000d5580000, 0x00000000eac00000, 0x0000000100000000)
  eden space 280064K, 98% used [0x00000000d5580000,0x00000000e63aea50,0x00000000e6700000)
  from space 27136K, 80% used [0x00000000e6700000,0x00000000e7c63808,0x00000000e8180000)
  to   space 28672K, 0% used [0x00000000e9000000,0x00000000e9000000,0x00000000eac00000)
 ParOldGen       total 311296K, used 150778K [0x0000000080000000, 0x0000000093000000, 0x00000000d5580000)
  object space 311296K, 48% used [0x0000000080000000,0x000000008933e828,0x0000000093000000)
 Metaspace       used 88825K, capacity 90450K, committed 91648K, reserved 1130496K
  class space    used 10989K, capacity 11301K, committed 11520K, reserved 1048576K
2023-08-21T00:05:06.584+0600: 28213.913: [GC (Allocation Failure) [PSYoungGen: 298568K->18148K(321024K)] 449346K->168926K(632320K), 0.0182374 secs] [Times: user=0.02 sys=0.01, real=0.02 secs] 
Heap after GC invocations=196 (full 4):
 PSYoungGen      total 321024K, used 18148K [0x00000000d5580000, 0x00000000eab00000, 0x0000000100000000)
  eden space 293376K, 0% used [0x00000000d5580000,0x00000000d5580000,0x00000000e7400000)
  from space 27648K, 65% used [0x00000000e9000000,0x00000000ea1b9350,0x00000000eab00000)
  to   space 28160K, 0% used [0x00000000e7400000,0x00000000e7400000,0x00000000e8f80000)
 ParOldGen       total 311296K, used 150778K [0x0000000080000000, 0x0000000093000000, 0x00000000d5580000)
  object space 311296K, 48% used [0x0000000080000000,0x000000008933e828,0x0000000093000000)
 Metaspace       used 88825K, capacity 90450K, committed 91648K, reserved 1130496K
  class space    used 10989K, capacity 11301K, committed 11520K, reserved 1048576K
}
{Heap before GC invocations=197 (full 4):
 PSYoungGen      total 321024K, used 311524K [0x00000000d5580000, 0x00000000eab00000, 0x0000000100000000)
  eden space 293376K, 100% used [0x00000000d5580000,0x00000000e7400000,0x00000000e7400000)
  from space 27648K, 65% used [0x00000000e9000000,0x00000000ea1b9350,0x00000000eab00000)
  to   space 28160K, 0% used [0x00000000e7400000,0x00000000e7400000,0x00000000e8f80000)
 ParOldGen       total 311296K, used 150778K [0x0000000080000000, 0x0000000093000000, 0x00000000d5580000)
  object space 311296K, 48% used [0x0000000080000000,0x000000008933e828,0x0000000093000000)
 Metaspace       used 88825K, capacity 90450K, committed 91648K, reserved 1130496K
  class space    used 10989K, capacity 11301K, committed 11520K, reserved 1048576K
2023-08-21T00:05:07.789+0600: 28215.118: [GC (Allocation Failure) [PSYoungGen: 311524K->15931K(321536K)] 462302K->166709K(632832K), 0.0102798 secs] [Times: user=0.01 sys=0.00, real=0.01 secs] 
Heap after GC invocations=197 (full 4):
 PSYoungGen      total 321536K, used 15931K [0x00000000d5580000, 0x00000000eb700000, 0x0000000100000000)
  eden space 293376K, 0% used [0x00000000d5580000,0x00000000d5580000,0x00000000e7400000)
  from space 28160K, 56% used [0x00000000e7400000,0x00000000e838ee98,0x00000000e8f80000)
  to   space 27136K, 0% used [0x00000000e9c80000,0x00000000e9c80000,0x00000000eb700000)
 ParOldGen       total 311296K, used 150778K [0x0000000080000000, 0x0000000093000000, 0x00000000d5580000)
  object space 311296K, 48% used [0x0000000080000000,0x000000008933e828,0x0000000093000000)
 Metaspace       used 88825K, capacity 90450K, committed 91648K, reserved 1130496K
  class space    used 10989K, capacity 11301K, committed 11520K, reserved 1048576K
}
{Heap before GC invocations=198 (full 4):
 PSYoungGen      total 321536K, used 306370K [0x00000000d5580000, 0x00000000eb700000, 0x0000000100000000)
  eden space 293376K, 98% used [0x00000000d5580000,0x00000000e7121d10,0x00000000e7400000)
  from space 28160K, 56% used [0x00000000e7400000,0x00000000e838ee98,0x00000000e8f80000)
  to   space 27136K, 0% used [0x00000000e9c80000,0x00000000e9c80000,0x00000000eb700000)
 ParOldGen       total 311296K, used 150778K [0x0000000080000000, 0x0000000093000000, 0x00000000d5580000)
  object space 311296K, 48% used [0x0000000080000000,0x000000008933e828,0x0000000093000000)
 Metaspace       used 88825K, capacity 90450K, committed 91648K, reserved 1130496K
  class space    used 10989K, capacity 11301K, committed 11520K, reserved 1048576K
2023-08-21T00:05:10.955+0600: 28218.284: [GC (Allocation Failure) [PSYoungGen: 306370K->10322K(330752K)] 457148K->168974K(642048K), 0.0145167 secs] [Times: user=0.03 sys=0.00, real=0.02 secs] 
Heap after GC invocations=198 (full 4):
 PSYoungGen      total 330752K, used 10322K [0x00000000d5580000, 0x00000000eb480000, 0x0000000100000000)
  eden space 306176K, 0% used [0x00000000d5580000,0x00000000d5580000,0x00000000e8080000)
  from space 24576K, 42% used [0x00000000e9c80000,0x00000000ea694990,0x00000000eb480000)
  to   space 26624K, 0% used [0x00000000e8080000,0x00000000e8080000,0x00000000e9a80000)
 ParOldGen       total 311296K, used 158652K [0x0000000080000000, 0x0000000093000000, 0x00000000d5580000)
  object space 311296K, 50% used [0x0000000080000000,0x0000000089aef1e8,0x0000000093000000)
 Metaspace       used 88825K, capacity 90450K, committed 91648K, reserved 1130496K
  class space    used 10989K, capacity 11301K, committed 11520K, reserved 1048576K
}
{Heap before GC invocations=199 (full 4):
 PSYoungGen      total 330752K, used 314678K [0x00000000d5580000, 0x00000000eb480000, 0x0000000100000000)
  eden space 306176K, 99% used [0x00000000d5580000,0x00000000e7eb8ea0,0x00000000e8080000)
  from space 24576K, 42% used [0x00000000e9c80000,0x00000000ea694990,0x00000000eb480000)
  to   space 26624K, 0% used [0x00000000e8080000,0x00000000e8080000,0x00000000e9a80000)
 ParOldGen       total 311296K, used 158652K [0x0000000080000000, 0x0000000093000000, 0x00000000d5580000)
  object space 311296K, 50% used [0x0000000080000000,0x0000000089aef1e8,0x0000000093000000)
 Metaspace       used 88825K, capacity 90450K, committed 91648K, reserved 1130496K
  class space    used 10989K, capacity 11301K, committed 11520K, reserved 1048576K
2023-08-21T00:05:13.641+0600: 28220.970: [GC (Allocation Failure) [PSYoungGen: 314678K->10322K(332800K)] 473330K->169014K(644096K), 0.0148964 secs] [Times: user=0.02 sys=0.00, real=0.01 secs] 
Heap after GC invocations=199 (full 4):
 PSYoungGen      total 332800K, used 10322K [0x00000000d5580000, 0x00000000ec100000, 0x0000000100000000)
  eden space 306176K, 0% used [0x00000000d5580000,0x00000000d5580000,0x00000000e8080000)
  from space 26624K, 38% used [0x00000000e8080000,0x00000000e8a94990,0x00000000e9a80000)
  to   space 26624K, 0% used [0x00000000ea700000,0x00000000ea700000,0x00000000ec100000)
 ParOldGen       total 311296K, used 158692K [0x0000000080000000, 0x0000000093000000, 0x00000000d5580000)
  object space 311296K, 50% used [0x0000000080000000,0x0000000089af9138,0x0000000093000000)
 Metaspace       used 88825K, capacity 90450K, committed 91648K, reserved 1130496K
  class space    used 10989K, capacity 11301K, committed 11520K, reserved 1048576K
}
{Heap before GC invocations=200 (full 4):
 PSYoungGen      total 332800K, used 316498K [0x00000000d5580000, 0x00000000ec100000, 0x0000000100000000)
  eden space 306176K, 100% used [0x00000000d5580000,0x00000000e8080000,0x00000000e8080000)
  from space 26624K, 38% used [0x00000000e8080000,0x00000000e8a94990,0x00000000e9a80000)
  to   space 26624K, 0% used [0x00000000ea700000,0x00000000ea700000,0x00000000ec100000)
 ParOldGen       total 311296K, used 158692K [0x0000000080000000, 0x0000000093000000, 0x00000000d5580000)
  object space 311296K, 50% used [0x0000000080000000,0x0000000089af9138,0x0000000093000000)
 Metaspace       used 88825K, capacity 90450K, committed 91648K, reserved 1130496K
  class space    used 10989K, capacity 11301K, committed 11520K, reserved 1048576K
2023-08-21T00:05:14.858+0600: 28222.187: [GC (Allocation Failure) [PSYoungGen: 316498K->8297K(345600K)] 475190K->167013K(656896K), 0.0088328 secs] [Times: user=0.01 sys=0.01, real=0.01 secs] 
Heap after GC invocations=200 (full 4):
 PSYoungGen      total 345600K, used 8297K [0x00000000d5580000, 0x00000000ec180000, 0x0000000100000000)
  eden space 318976K, 0% used [0x00000000d5580000,0x00000000d5580000,0x00000000e8d00000)
  from space 26624K, 31% used [0x00000000ea700000,0x00000000eaf1a4d8,0x00000000ec100000)
  to   space 26624K, 0% used [0x00000000e8d00000,0x00000000e8d00000,0x00000000ea700000)
 ParOldGen       total 311296K, used 158716K [0x0000000080000000, 0x0000000093000000, 0x00000000d5580000)
  object space 311296K, 50% used [0x0000000080000000,0x0000000089aff148,0x0000000093000000)
 Metaspace       used 88825K, capacity 90450K, committed 91648K, reserved 1130496K
  class space    used 10989K, capacity 11301K, committed 11520K, reserved 1048576K
}
{Heap before GC invocations=201 (full 4):
 PSYoungGen      total 345600K, used 323789K [0x00000000d5580000, 0x00000000ec180000, 0x0000000100000000)
  eden space 318976K, 98% used [0x00000000d5580000,0x00000000e89990d0,0x00000000e8d00000)
  from space 26624K, 31% used [0x00000000ea700000,0x00000000eaf1a4d8,0x00000000ec100000)
  to   space 26624K, 0% used [0x00000000e8d00000,0x00000000e8d00000,0x00000000ea700000)
 ParOldGen       total 311296K, used 158716K [0x0000000080000000, 0x0000000093000000, 0x00000000d5580000)
  object space 311296K, 50% used [0x0000000080000000,0x0000000089aff148,0x0000000093000000)
 Metaspace       used 88825K, capacity 90450K, committed 91648K, reserved 1130496K
  class space    used 10989K, capacity 11301K, committed 11520K, reserved 1048576K
2023-08-21T00:05:18.075+0600: 28225.404: [GC (Allocation Failure) [PSYoungGen: 323789K->10290K(345600K)] 482505K->169038K(656896K), 0.0144860 secs] [Times: user=0.02 sys=0.00, real=0.02 secs] 
Heap after GC invocations=201 (full 4):
 PSYoungGen      total 345600K, used 10290K [0x00000000d5580000, 0x00000000ecc80000, 0x0000000100000000)
  eden space 318976K, 0% used [0x00000000d5580000,0x00000000d5580000,0x00000000e8d00000)
  from space 26624K, 38% used [0x00000000e8d00000,0x00000000e970c9e0,0x00000000ea700000)
  to   space 26112K, 0% used [0x00000000eb300000,0x00000000eb300000,0x00000000ecc80000)
 ParOldGen       total 311296K, used 158748K [0x0000000080000000, 0x0000000093000000, 0x00000000d5580000)
  object space 311296K, 50% used [0x0000000080000000,0x0000000089b07148,0x0000000093000000)
 Metaspace       used 88825K, capacity 90450K, committed 91648K, reserved 1130496K
  class space    used 10989K, capacity 11301K, committed 11520K, reserved 1048576K
}
{Heap before GC invocations=202 (full 4):
 PSYoungGen      total 345600K, used 327669K [0x00000000d5580000, 0x00000000ecc80000, 0x0000000100000000)
  eden space 318976K, 99% used [0x00000000d5580000,0x00000000e8b70bf0,0x00000000e8d00000)
  from space 26624K, 38% used [0x00000000e8d00000,0x00000000e970c9e0,0x00000000ea700000)
  to   space 26112K, 0% used [0x00000000eb300000,0x00000000eb300000,0x00000000ecc80000)
 ParOldGen       total 311296K, used 158748K [0x0000000080000000, 0x0000000093000000, 0x00000000d5580000)
  object space 311296K, 50% used [0x0000000080000000,0x0000000089b07148,0x0000000093000000)
 Metaspace       used 88825K, capacity 90450K, committed 91648K, reserved 1130496K
  class space    used 10989K, capacity 11301K, committed 11520K, reserved 1048576K
2023-08-21T00:05:20.876+0600: 28228.205: [GC (Allocation Failure) [PSYoungGen: 327669K->14075K(355840K)] 486417K->172855K(667136K), 0.0174112 secs] [Times: user=0.03 sys=0.01, real=0.02 secs] 
Heap after GC invocations=202 (full 4):
 PSYoungGen      total 355840K, used 14075K [0x00000000d5580000, 0x00000000eca80000, 0x0000000100000000)
  eden space 331776K, 0% used [0x00000000d5580000,0x00000000d5580000,0x00000000e9980000)
  from space 24064K, 58% used [0x00000000eb300000,0x00000000ec0bee48,0x00000000eca80000)
  to   space 25088K, 0% used [0x00000000e9980000,0x00000000e9980000,0x00000000eb200000)
 ParOldGen       total 311296K, used 158780K [0x0000000080000000, 0x0000000093000000, 0x00000000d5580000)
  object space 311296K, 51% used [0x0000000080000000,0x0000000089b0f148,0x0000000093000000)
 Metaspace       used 88825K, capacity 90450K, committed 91648K, reserved 1130496K
  class space    used 10989K, capacity 11301K, committed 11520K, reserved 1048576K
}
{Heap before GC invocations=203 (full 4):
 PSYoungGen      total 355840K, used 343786K [0x00000000d5580000, 0x00000000eca80000, 0x0000000100000000)
  eden space 331776K, 99% used [0x00000000d5580000,0x00000000e977bb30,0x00000000e9980000)
  from space 24064K, 58% used [0x00000000eb300000,0x00000000ec0bee48,0x00000000eca80000)
  to   space 25088K, 0% used [0x00000000e9980000,0x00000000e9980000,0x00000000eb200000)
 ParOldGen       total 311296K, used 158780K [0x0000000080000000, 0x0000000093000000, 0x00000000d5580000)
  object space 311296K, 51% used [0x0000000080000000,0x0000000089b0f148,0x0000000093000000)
 Metaspace       used 88825K, capacity 90450K, committed 91648K, reserved 1130496K
  class space    used 10989K, capacity 11301K, committed 11520K, reserved 1048576K
2023-08-21T00:05:23.728+0600: 28231.057: [GC (Allocation Failure) [PSYoungGen: 343786K->10354K(356864K)] 502566K->169142K(668160K), 0.0088798 secs] [Times: user=0.02 sys=0.00, real=0.01 secs] 
Heap after GC invocations=203 (full 4):
 PSYoungGen      total 356864K, used 10354K [0x00000000d5580000, 0x00000000ed500000, 0x0000000100000000)
  eden space 331776K, 0% used [0x00000000d5580000,0x00000000d5580000,0x00000000e9980000)
  from space 25088K, 41% used [0x00000000e9980000,0x00000000ea39c990,0x00000000eb200000)
  to   space 24576K, 0% used [0x00000000ebd00000,0x00000000ebd00000,0x00000000ed500000)
 ParOldGen       total 311296K, used 158788K [0x0000000080000000, 0x0000000093000000, 0x00000000d5580000)
  object space 311296K, 51% used [0x0000000080000000,0x0000000089b11148,0x0000000093000000)
 Metaspace       used 88825K, capacity 90450K, committed 91648K, reserved 1130496K
  class space    used 10989K, capacity 11301K, committed 11520K, reserved 1048576K
}
{Heap before GC invocations=204 (full 4):
 PSYoungGen      total 356864K, used 342130K [0x00000000d5580000, 0x00000000ed500000, 0x0000000100000000)
  eden space 331776K, 100% used [0x00000000d5580000,0x00000000e9980000,0x00000000e9980000)
  from space 25088K, 41% used [0x00000000e9980000,0x00000000ea39c990,0x00000000eb200000)
  to   space 24576K, 0% used [0x00000000ebd00000,0x00000000ebd00000,0x00000000ed500000)
 ParOldGen       total 311296K, used 158788K [0x0000000080000000, 0x0000000093000000, 0x00000000d5580000)
  object space 311296K, 51% used [0x0000000080000000,0x0000000089b11148,0x0000000093000000)
 Metaspace       used 88825K, capacity 90450K, committed 91648K, reserved 1130496K
  class space    used 10989K, capacity 11301K, committed 11520K, reserved 1048576K
2023-08-21T00:05:25.144+0600: 28232.472: [GC (Allocation Failure) [PSYoungGen: 342130K->8233K(368128K)] 500918K->167077K(679424K), 0.0093889 secs] [Times: user=0.01 sys=0.00, real=0.01 secs] 
Heap after GC invocations=204 (full 4):
 PSYoungGen      total 368128K, used 8233K [0x00000000d5580000, 0x00000000ed480000, 0x0000000100000000)
  eden space 344064K, 0% used [0x00000000d5580000,0x00000000d5580000,0x00000000ea580000)
  from space 24064K, 34% used [0x00000000ebd00000,0x00000000ec50a4d8,0x00000000ed480000)
  to   space 24064K, 0% used [0x00000000ea580000,0x00000000ea580000,0x00000000ebd00000)
 ParOldGen       total 311296K, used 158844K [0x0000000080000000, 0x0000000093000000, 0x00000000d5580000)
  object space 311296K, 51% used [0x0000000080000000,0x0000000089b1f098,0x0000000093000000)
 Metaspace       used 88825K, capacity 90450K, committed 91648K, reserved 1130496K
  class space    used 10989K, capacity 11301K, committed 11520K, reserved 1048576K
}
{Heap before GC invocations=205 (full 4):
 PSYoungGen      total 368128K, used 349107K [0x00000000d5580000, 0x00000000ed480000, 0x0000000100000000)
  eden space 344064K, 99% used [0x00000000d5580000,0x00000000ea262aa8,0x00000000ea580000)
  from space 24064K, 34% used [0x00000000ebd00000,0x00000000ec50a4d8,0x00000000ed480000)
  to   space 24064K, 0% used [0x00000000ea580000,0x00000000ea580000,0x00000000ebd00000)
 ParOldGen       total 311296K, used 158844K [0x0000000080000000, 0x0000000093000000, 0x00000000d5580000)
  object space 311296K, 51% used [0x0000000080000000,0x0000000089b1f098,0x0000000093000000)
 Metaspace       used 88826K, capacity 90450K, committed 91648K, reserved 1130496K
  class space    used 10989K, capacity 11301K, committed 11520K, reserved 1048576K
2023-08-21T00:05:28.511+0600: 28235.839: [GC (Allocation Failure) [PSYoungGen: 349107K->10322K(368128K)] 507952K->169166K(679424K), 0.0125376 secs] [Times: user=0.02 sys=0.01, real=0.01 secs] 
Heap after GC invocations=205 (full 4):
 PSYoungGen      total 368128K, used 10322K [0x00000000d5580000, 0x00000000edf00000, 0x0000000100000000)
  eden space 344064K, 0% used [0x00000000d5580000,0x00000000d5580000,0x00000000ea580000)
  from space 24064K, 42% used [0x00000000ea580000,0x00000000eaf949e0,0x00000000ebd00000)
  to   space 23552K, 0% used [0x00000000ec800000,0x00000000ec800000,0x00000000edf00000)
 ParOldGen       total 311296K, used 158844K [0x0000000080000000, 0x0000000093000000, 0x00000000d5580000)
  object space 311296K, 51% used [0x0000000080000000,0x0000000089b1f098,0x0000000093000000)
 Metaspace       used 88826K, capacity 90450K, committed 91648K, reserved 1130496K
  class space    used 10989K, capacity 11301K, committed 11520K, reserved 1048576K
}
{Heap before GC invocations=206 (full 4):
 PSYoungGen      total 368128K, used 351671K [0x00000000d5580000, 0x00000000edf00000, 0x0000000100000000)
  eden space 344064K, 99% used [0x00000000d5580000,0x00000000ea2d9590,0x00000000ea580000)
  from space 24064K, 42% used [0x00000000ea580000,0x00000000eaf949e0,0x00000000ebd00000)
  to   space 23552K, 0% used [0x00000000ec800000,0x00000000ec800000,0x00000000edf00000)
 ParOldGen       total 311296K, used 158844K [0x0000000080000000, 0x0000000093000000, 0x00000000d5580000)
  object space 311296K, 51% used [0x0000000080000000,0x0000000089b1f098,0x0000000093000000)
 Metaspace       used 88826K, capacity 90450K, committed 91648K, reserved 1130496K
  class space    used 10989K, capacity 11301K, committed 11520K, reserved 1048576K
2023-08-21T00:05:31.465+0600: 28238.793: [GC (Allocation Failure) [PSYoungGen: 351671K->13979K(379904K)] 510516K->172975K(691200K), 0.0197608 secs] [Times: user=0.03 sys=0.01, real=0.02 secs] 
Heap after GC invocations=206 (full 4):
 PSYoungGen      total 379904K, used 13979K [0x00000000d5580000, 0x00000000edf00000, 0x0000000100000000)
  eden space 356352K, 0% used [0x00000000d5580000,0x00000000d5580000,0x00000000eb180000)
  from space 23552K, 59% used [0x00000000ec800000,0x00000000ed5a6e38,0x00000000edf00000)
  to   space 23040K, 0% used [0x00000000eb180000,0x00000000eb180000,0x00000000ec800000)
 ParOldGen       total 311296K, used 158995K [0x0000000080000000, 0x0000000093000000, 0x00000000d5580000)
  object space 311296K, 51% used [0x0000000080000000,0x0000000089b44eb8,0x0000000093000000)
 Metaspace       used 88826K, capacity 90450K, committed 91648K, reserved 1130496K
  class space    used 10989K, capacity 11301K, committed 11520K, reserved 1048576K
}
{Heap before GC invocations=207 (full 4):
 PSYoungGen      total 379904K, used 366967K [0x00000000d5580000, 0x00000000edf00000, 0x0000000100000000)
  eden space 356352K, 99% used [0x00000000d5580000,0x00000000eae37140,0x00000000eb180000)
  from space 23552K, 59% used [0x00000000ec800000,0x00000000ed5a6e38,0x00000000edf00000)
  to   space 23040K, 0% used [0x00000000eb180000,0x00000000eb180000,0x00000000ec800000)
 ParOldGen       total 311296K, used 158995K [0x0000000080000000, 0x0000000093000000, 0x00000000d5580000)
  object space 311296K, 51% used [0x0000000080000000,0x0000000089b44eb8,0x0000000093000000)
 Metaspace       used 88826K, capacity 90450K, committed 91648K, reserved 1130496K
  class space    used 10989K, capacity 11301K, committed 11520K, reserved 1048576K
2023-08-21T00:05:34.398+0600: 28241.726: [GC (Allocation Failure) [PSYoungGen: 366967K->10226K(379392K)] 525963K->169238K(690688K), 0.0140942 secs] [Times: user=0.02 sys=0.00, real=0.02 secs] 
Heap after GC invocations=207 (full 4):
 PSYoungGen      total 379392K, used 10226K [0x00000000d5580000, 0x00000000eea00000, 0x0000000100000000)
  eden space 356352K, 0% used [0x00000000d5580000,0x00000000d5580000,0x00000000eb180000)
  from space 23040K, 44% used [0x00000000eb180000,0x00000000ebb7c980,0x00000000ec800000)
  to   space 22528K, 0% used [0x00000000ed400000,0x00000000ed400000,0x00000000eea00000)
 ParOldGen       total 311296K, used 159011K [0x0000000080000000, 0x0000000093000000, 0x00000000d5580000)
  object space 311296K, 51% used [0x0000000080000000,0x0000000089b48eb8,0x0000000093000000)
 Metaspace       used 88826K, capacity 90450K, committed 91648K, reserved 1130496K
  class space    used 10989K, capacity 11301K, committed 11520K, reserved 1048576K
}
{Heap before GC invocations=208 (full 4):
 PSYoungGen      total 379392K, used 365465K [0x00000000d5580000, 0x00000000eea00000, 0x0000000100000000)
  eden space 356352K, 99% used [0x00000000d5580000,0x00000000eb069ab0,0x00000000eb180000)
  from space 23040K, 44% used [0x00000000eb180000,0x00000000ebb7c980,0x00000000ec800000)
  to   space 22528K, 0% used [0x00000000ed400000,0x00000000ed400000,0x00000000eea00000)
 ParOldGen       total 311296K, used 159011K [0x0000000080000000, 0x0000000093000000, 0x00000000d5580000)
  object space 311296K, 51% used [0x0000000080000000,0x0000000089b48eb8,0x0000000093000000)
 Metaspace       used 88831K, capacity 90450K, committed 91648K, reserved 1130496K
  class space    used 10989K, capacity 11301K, committed 11520K, reserved 1048576K
2023-08-21T00:05:37.348+0600: 28244.677: [GC (Allocation Failure) [PSYoungGen: 365465K->6725K(391680K)] 524476K->165769K(702976K), 0.0168465 secs] [Times: user=0.02 sys=0.00, real=0.02 secs] 
Heap after GC invocations=208 (full 4):
 PSYoungGen      total 391680K, used 6725K [0x00000000d5580000, 0x00000000eea00000, 0x0000000100000000)
  eden space 369152K, 0% used [0x00000000d5580000,0x00000000d5580000,0x00000000ebe00000)
  from space 22528K, 29% used [0x00000000ed400000,0x00000000eda91698,0x00000000eea00000)
  to   space 22528K, 0% used [0x00000000ebe00000,0x00000000ebe00000,0x00000000ed400000)
 ParOldGen       total 311296K, used 159043K [0x0000000080000000, 0x0000000093000000, 0x00000000d5580000)
  object space 311296K, 51% used [0x0000000080000000,0x0000000089b50eb8,0x0000000093000000)
 Metaspace       used 88831K, capacity 90450K, committed 91648K, reserved 1130496K
  class space    used 10989K, capacity 11301K, committed 11520K, reserved 1048576K
}
{Heap before GC invocations=209 (full 4):
 PSYoungGen      total 391680K, used 375877K [0x00000000d5580000, 0x00000000eea00000, 0x0000000100000000)
  eden space 369152K, 100% used [0x00000000d5580000,0x00000000ebe00000,0x00000000ebe00000)
  from space 22528K, 29% used [0x00000000ed400000,0x00000000eda91698,0x00000000eea00000)
  to   space 22528K, 0% used [0x00000000ebe00000,0x00000000ebe00000,0x00000000ed400000)
 ParOldGen       total 311296K, used 159043K [0x0000000080000000, 0x0000000093000000, 0x00000000d5580000)
  object space 311296K, 51% used [0x0000000080000000,0x0000000089b50eb8,0x0000000093000000)
 Metaspace       used 88832K, capacity 90450K, committed 91648K, reserved 1130496K
  class space    used 10989K, capacity 11301K, committed 11520K, reserved 1048576K
2023-08-21T00:05:38.992+0600: 28246.320: [GC (Allocation Failure) [PSYoungGen: 375877K->8201K(391680K)] 534921K->167284K(702976K), 0.0075439 secs] [Times: user=0.01 sys=0.00, real=0.01 secs] 
Heap after GC invocations=209 (full 4):
 PSYoungGen      total 391680K, used 8201K [0x00000000d5580000, 0x00000000ef580000, 0x0000000100000000)
  eden space 369152K, 0% used [0x00000000d5580000,0x00000000d5580000,0x00000000ebe00000)
  from space 22528K, 36% used [0x00000000ebe00000,0x00000000ec6024d8,0x00000000ed400000)
  to   space 22016K, 0% used [0x00000000ee000000,0x00000000ee000000,0x00000000ef580000)
 ParOldGen       total 311296K, used 159083K [0x0000000080000000, 0x0000000093000000, 0x00000000d5580000)
  object space 311296K, 51% used [0x0000000080000000,0x0000000089b5ae08,0x0000000093000000)
 Metaspace       used 88832K, capacity 90450K, committed 91648K, reserved 1130496K
  class space    used 10989K, capacity 11301K, committed 11520K, reserved 1048576K
}
{Heap before GC invocations=210 (full 4):
 PSYoungGen      total 391680K, used 375963K [0x00000000d5580000, 0x00000000ef580000, 0x0000000100000000)
  eden space 369152K, 99% used [0x00000000d5580000,0x00000000ebca49c0,0x00000000ebe00000)
  from space 22528K, 36% used [0x00000000ebe00000,0x00000000ec6024d8,0x00000000ed400000)
  to   space 22016K, 0% used [0x00000000ee000000,0x00000000ee000000,0x00000000ef580000)
 ParOldGen       total 311296K, used 159083K [0x0000000080000000, 0x0000000093000000, 0x00000000d5580000)
  object space 311296K, 51% used [0x0000000080000000,0x0000000089b5ae08,0x0000000093000000)
 Metaspace       used 88832K, capacity 90450K, committed 91648K, reserved 1130496K
  class space    used 10989K, capacity 11301K, committed 11520K, reserved 1048576K
2023-08-21T00:05:42.375+0600: 28249.704: [GC (Allocation Failure) [PSYoungGen: 375963K->6569K(401920K)] 535047K->165668K(713216K), 0.0122342 secs] [Times: user=0.02 sys=0.00, real=0.01 secs] 
Heap after GC invocations=210 (full 4):
 PSYoungGen      total 401920K, used 6569K [0x00000000d5580000, 0x00000000ef480000, 0x0000000100000000)
  eden space 380928K, 0% used [0x00000000d5580000,0x00000000d5580000,0x00000000ec980000)
  from space 20992K, 31% used [0x00000000ee000000,0x00000000ee66a4d8,0x00000000ef480000)
  to   space 22016K, 0% used [0x00000000ec980000,0x00000000ec980000,0x00000000edf00000)
 ParOldGen       total 311296K, used 159099K [0x0000000080000000, 0x0000000093000000, 0x00000000d5580000)
  object space 311296K, 51% used [0x0000000080000000,0x0000000089b5ee08,0x0000000093000000)
 Metaspace       used 88832K, capacity 90450K, committed 91648K, reserved 1130496K
  class space    used 10989K, capacity 11301K, committed 11520K, reserved 1048576K
}
{Heap before GC invocations=211 (full 4):
 PSYoungGen      total 401920K, used 386789K [0x00000000d5580000, 0x00000000ef480000, 0x0000000100000000)
  eden space 380928K, 99% used [0x00000000d5580000,0x00000000ec8cf1c0,0x00000000ec980000)
  from space 20992K, 31% used [0x00000000ee000000,0x00000000ee66a4d8,0x00000000ef480000)
  to   space 22016K, 0% used [0x00000000ec980000,0x00000000ec980000,0x00000000edf00000)
 ParOldGen       total 311296K, used 159099K [0x0000000080000000, 0x0000000093000000, 0x00000000d5580000)
  object space 311296K, 51% used [0x0000000080000000,0x0000000089b5ee08,0x0000000093000000)
 Metaspace       used 88842K, capacity 90450K, committed 91648K, reserved 1130496K
  class space    used 10989K, capacity 11301K, committed 11520K, reserved 1048576K
2023-08-21T00:05:45.770+0600: 28253.098: [GC (Allocation Failure) [PSYoungGen: 386789K->10354K(402944K)] 545889K->169493K(714240K), 0.0111049 secs] [Times: user=0.02 sys=0.00, real=0.01 secs] 
Heap after GC invocations=211 (full 4):
 PSYoungGen      total 402944K, used 10354K [0x00000000d5580000, 0x00000000efd80000, 0x0000000100000000)
  eden space 380928K, 0% used [0x00000000d5580000,0x00000000d5580000,0x00000000ec980000)
  from space 22016K, 47% used [0x00000000ec980000,0x00000000ed39c990,0x00000000edf00000)
  to   space 20992K, 0% used [0x00000000ee900000,0x00000000ee900000,0x00000000efd80000)
 ParOldGen       total 311296K, used 159139K [0x0000000080000000, 0x0000000093000000, 0x00000000d5580000)
  object space 311296K, 51% used [0x0000000080000000,0x0000000089b68e08,0x0000000093000000)
 Metaspace       used 88842K, capacity 90450K, committed 91648K, reserved 1130496K
  class space    used 10989K, capacity 11301K, committed 11520K, reserved 1048576K
}
{Heap before GC invocations=212 (full 4):
 PSYoungGen      total 402944K, used 391282K [0x00000000d5580000, 0x00000000efd80000, 0x0000000100000000)
  eden space 380928K, 100% used [0x00000000d5580000,0x00000000ec980000,0x00000000ec980000)
  from space 22016K, 47% used [0x00000000ec980000,0x00000000ed39c990,0x00000000edf00000)
  to   space 20992K, 0% used [0x00000000ee900000,0x00000000ee900000,0x00000000efd80000)
 ParOldGen       total 311296K, used 159139K [0x0000000080000000, 0x0000000093000000, 0x00000000d5580000)
  object space 311296K, 51% used [0x0000000080000000,0x0000000089b68e08,0x0000000093000000)
 Metaspace       used 88843K, capacity 90450K, committed 91648K, reserved 1130496K
  class space    used 10990K, capacity 11301K, committed 11520K, reserved 1048576K
2023-08-21T00:05:48.871+0600: 28256.200: [GC (Allocation Failure) [PSYoungGen: 391282K->11357K(412160K)] 550421K->170520K(723456K), 0.0162847 secs] [Times: user=0.03 sys=0.01, real=0.01 secs] 
Heap after GC invocations=212 (full 4):
 PSYoungGen      total 412160K, used 11357K [0x00000000d5580000, 0x00000000efc00000, 0x0000000100000000)
  eden space 392704K, 0% used [0x00000000d5580000,0x00000000d5580000,0x00000000ed500000)
  from space 19456K, 58% used [0x00000000ee900000,0x00000000ef4175a0,0x00000000efc00000)
  to   space 19968K, 0% used [0x00000000ed500000,0x00000000ed500000,0x00000000ee880000)
 ParOldGen       total 311296K, used 159163K [0x0000000080000000, 0x0000000093000000, 0x00000000d5580000)
  object space 311296K, 51% used [0x0000000080000000,0x0000000089b6ee08,0x0000000093000000)
 Metaspace       used 88843K, capacity 90450K, committed 91648K, reserved 1130496K
  class space    used 10990K, capacity 11301K, committed 11520K, reserved 1048576K
}
{Heap before GC invocations=213 (full 4):
 PSYoungGen      total 412160K, used 400365K [0x00000000d5580000, 0x00000000efc00000, 0x0000000100000000)
  eden space 392704K, 99% used [0x00000000d5580000,0x00000000ed164238,0x00000000ed500000)
  from space 19456K, 58% used [0x00000000ee900000,0x00000000ef4175a0,0x00000000efc00000)
  to   space 19968K, 0% used [0x00000000ed500000,0x00000000ed500000,0x00000000ee880000)
 ParOldGen       total 311296K, used 159163K [0x0000000080000000, 0x0000000093000000, 0x00000000d5580000)
  object space 311296K, 51% used [0x0000000080000000,0x0000000089b6ee08,0x0000000093000000)
 Metaspace       used 88843K, capacity 90450K, committed 91648K, reserved 1130496K
  class space    used 10990K, capacity 11301K, committed 11520K, reserved 1048576K
2023-08-21T00:05:52.112+0600: 28259.441: [GC (Allocation Failure) [PSYoungGen: 400365K->14203K(412672K)] 559529K->173383K(723968K), 0.0153126 secs] [Times: user=0.03 sys=0.00, real=0.01 secs] 
Heap after GC invocations=213 (full 4):
 PSYoungGen      total 412672K, used 14203K [0x00000000d5580000, 0x00000000f0900000, 0x0000000100000000)
  eden space 392704K, 0% used [0x00000000d5580000,0x00000000d5580000,0x00000000ed500000)
  from space 19968K, 71% used [0x00000000ed500000,0x00000000ee2dee48,0x00000000ee880000)
  to   space 20480K, 0% used [0x00000000ef500000,0x00000000ef500000,0x00000000f0900000)
 ParOldGen       total 311296K, used 159179K [0x0000000080000000, 0x0000000093000000, 0x00000000d5580000)
  object space 311296K, 51% used [0x0000000080000000,0x0000000089b72e08,0x0000000093000000)
 Metaspace       used 88843K, capacity 90450K, committed 91648K, reserved 1130496K
  class space    used 10990K, capacity 11301K, committed 11520K, reserved 1048576K
}
{Heap before GC invocations=214 (full 4):
 PSYoungGen      total 412672K, used 404664K [0x00000000d5580000, 0x00000000f0900000, 0x0000000100000000)
  eden space 392704K, 99% used [0x00000000d5580000,0x00000000ed2cf390,0x00000000ed500000)
  from space 19968K, 71% used [0x00000000ed500000,0x00000000ee2dee48,0x00000000ee880000)
  to   space 20480K, 0% used [0x00000000ef500000,0x00000000ef500000,0x00000000f0900000)
 ParOldGen       total 311296K, used 159179K [0x0000000080000000, 0x0000000093000000, 0x00000000d5580000)
  object space 311296K, 51% used [0x0000000080000000,0x0000000089b72e08,0x0000000093000000)
 Metaspace       used 88843K, capacity 90450K, committed 91648K, reserved 1130496K
  class space    used 10990K, capacity 11301K, committed 11520K, reserved 1048576K
2023-08-21T00:05:55.410+0600: 28262.738: [GC (Allocation Failure) [PSYoungGen: 404664K->10450K(424448K)] 563843K->169677K(735744K), 0.0182513 secs] [Times: user=0.01 sys=0.02, real=0.01 secs] 
Heap after GC invocations=214 (full 4):
 PSYoungGen      total 424448K, used 10450K [0x00000000d5580000, 0x00000000f0780000, 0x0000000100000000)
  eden space 405504K, 0% used [0x00000000d5580000,0x00000000d5580000,0x00000000ee180000)
  from space 18944K, 55% used [0x00000000ef500000,0x00000000eff34990,0x00000000f0780000)
  to   space 19456K, 0% used [0x00000000ee180000,0x00000000ee180000,0x00000000ef480000)
 ParOldGen       total 311296K, used 159227K [0x0000000080000000, 0x0000000093000000, 0x00000000d5580000)
  object space 311296K, 51% used [0x0000000080000000,0x0000000089b7ed58,0x0000000093000000)
 Metaspace       used 88843K, capacity 90450K, committed 91648K, reserved 1130496K
  class space    used 10990K, capacity 11301K, committed 11520K, reserved 1048576K
}
{Heap before GC invocations=215 (full 4):
 PSYoungGen      total 424448K, used 415548K [0x00000000d5580000, 0x00000000f0780000, 0x0000000100000000)
  eden space 405504K, 99% used [0x00000000d5580000,0x00000000ee11a6b8,0x00000000ee180000)
  from space 18944K, 55% used [0x00000000ef500000,0x00000000eff34990,0x00000000f0780000)
  to   space 19456K, 0% used [0x00000000ee180000,0x00000000ee180000,0x00000000ef480000)
 ParOldGen       total 311296K, used 159227K [0x0000000080000000, 0x0000000093000000, 0x00000000d5580000)
  object space 311296K, 51% used [0x0000000080000000,0x0000000089b7ed58,0x0000000093000000)
 Metaspace       used 88847K, capacity 90450K, committed 91648K, reserved 1130496K
  class space    used 10990K, capacity 11301K, committed 11520K, reserved 1048576K
2023-08-21T00:05:58.734+0600: 28266.063: [GC (Allocation Failure) [PSYoungGen: 415548K->14203K(424960K)] 574775K->173454K(736256K), 0.0160171 secs] [Times: user=0.03 sys=0.00, real=0.02 secs] 
Heap after GC invocations=215 (full 4):
 PSYoungGen      total 424960K, used 14203K [0x00000000d5580000, 0x00000000f1580000, 0x0000000100000000)
  eden space 405504K, 0% used [0x00000000d5580000,0x00000000d5580000,0x00000000ee180000)
  from space 19456K, 73% used [0x00000000ee180000,0x00000000eef5ee48,0x00000000ef480000)
  to   space 19968K, 0% used [0x00000000f0200000,0x00000000f0200000,0x00000000f1580000)
 ParOldGen       total 311296K, used 159251K [0x0000000080000000, 0x0000000093000000, 0x00000000d5580000)
  object space 311296K, 51% used [0x0000000080000000,0x0000000089b84d58,0x0000000093000000)
 Metaspace       used 88847K, capacity 90450K, committed 91648K, reserved 1130496K
  class space    used 10990K, capacity 11301K, committed 11520K, reserved 1048576K
}
{Heap before GC invocations=216 (full 4):
 PSYoungGen      total 424960K, used 417941K [0x00000000d5580000, 0x00000000f1580000, 0x0000000100000000)
  eden space 405504K, 99% used [0x00000000d5580000,0x00000000edfc6700,0x00000000ee180000)
  from space 19456K, 73% used [0x00000000ee180000,0x00000000eef5ee48,0x00000000ef480000)
  to   space 19968K, 0% used [0x00000000f0200000,0x00000000f0200000,0x00000000f1580000)
 ParOldGen       total 311296K, used 159251K [0x0000000080000000, 0x0000000093000000, 0x00000000d5580000)
  object space 311296K, 51% used [0x0000000080000000,0x0000000089b84d58,0x0000000093000000)
 Metaspace       used 88851K, capacity 90450K, committed 91648K, reserved 1130496K
  class space    used 10990K, capacity 11301K, committed 11520K, reserved 1048576K
2023-08-21T00:06:02.219+0600: 28269.547: [GC (Allocation Failure) [PSYoungGen: 417941K->6697K(438784K)] 577192K->165964K(750080K), 0.0168185 secs] [Times: user=0.03 sys=0.00, real=0.02 secs] 
Heap after GC invocations=216 (full 4):
 PSYoungGen      total 438784K, used 6697K [0x00000000d5580000, 0x00000000f1580000, 0x0000000100000000)
  eden space 418816K, 0% used [0x00000000d5580000,0x00000000d5580000,0x00000000eee80000)
  from space 19968K, 33% used [0x00000000f0200000,0x00000000f088a4e8,0x00000000f1580000)
  to   space 19968K, 0% used [0x00000000eee80000,0x00000000eee80000,0x00000000f0200000)
 ParOldGen       total 311296K, used 159267K [0x0000000080000000, 0x0000000093000000, 0x00000000d5580000)
  object space 311296K, 51% used [0x0000000080000000,0x0000000089b88d58,0x0000000093000000)
 Metaspace       used 88851K, capacity 90450K, committed 91648K, reserved 1130496K
  class space    used 10990K, capacity 11301K, committed 11520K, reserved 1048576K
}
{Heap before GC invocations=217 (full 4):
 PSYoungGen      total 438784K, used 425513K [0x00000000d5580000, 0x00000000f1580000, 0x0000000100000000)
  eden space 418816K, 100% used [0x00000000d5580000,0x00000000eee80000,0x00000000eee80000)
  from space 19968K, 33% used [0x00000000f0200000,0x00000000f088a4e8,0x00000000f1580000)
  to   space 19968K, 0% used [0x00000000eee80000,0x00000000eee80000,0x00000000f0200000)
 ParOldGen       total 311296K, used 159267K [0x0000000080000000, 0x0000000093000000, 0x00000000d5580000)
  object space 311296K, 51% used [0x0000000080000000,0x0000000089b88d58,0x0000000093000000)
 Metaspace       used 88854K, capacity 90450K, committed 91648K, reserved 1130496K
  class space    used 10990K, capacity 11301K, committed 11520K, reserved 1048576K
2023-08-21T00:06:03.922+0600: 28271.251: [GC (Allocation Failure) [PSYoungGen: 425513K->1472K(438784K)] 584780K->160779K(750080K), 0.0071288 secs] [Times: user=0.02 sys=0.00, real=0.01 secs] 
Heap after GC invocations=217 (full 4):
 PSYoungGen      total 438784K, used 1472K [0x00000000d5580000, 0x00000000f2380000, 0x0000000100000000)
  eden space 418816K, 0% used [0x00000000d5580000,0x00000000d5580000,0x00000000eee80000)
  from space 19968K, 7% used [0x00000000eee80000,0x00000000eeff0020,0x00000000f0200000)
  to   space 20480K, 0% used [0x00000000f0f80000,0x00000000f0f80000,0x00000000f2380000)
 ParOldGen       total 311296K, used 159307K [0x0000000080000000, 0x0000000093000000, 0x00000000d5580000)
  object space 311296K, 51% used [0x0000000080000000,0x0000000089b92d58,0x0000000093000000)
 Metaspace       used 88854K, capacity 90450K, committed 91648K, reserved 1130496K
  class space    used 10990K, capacity 11301K, committed 11520K, reserved 1048576K
}
{Heap before GC invocations=218 (full 4):
 PSYoungGen      total 438784K, used 420288K [0x00000000d5580000, 0x00000000f2380000, 0x0000000100000000)
  eden space 418816K, 100% used [0x00000000d5580000,0x00000000eee80000,0x00000000eee80000)
  from space 19968K, 7% used [0x00000000eee80000,0x00000000eeff0020,0x00000000f0200000)
  to   space 20480K, 0% used [0x00000000f0f80000,0x00000000f0f80000,0x00000000f2380000)
 ParOldGen       total 311296K, used 159307K [0x0000000080000000, 0x0000000093000000, 0x00000000d5580000)
  object space 311296K, 51% used [0x0000000080000000,0x0000000089b92d58,0x0000000093000000)
 Metaspace       used 88858K, capacity 90450K, committed 91648K, reserved 1130496K
  class space    used 10990K, capacity 11301K, committed 11520K, reserved 1048576K
2023-08-21T00:06:07.300+0600: 28274.629: [GC (Allocation Failure) [PSYoungGen: 420288K->8393K(449536K)] 579595K->167748K(760832K), 0.0098571 secs] [Times: user=0.01 sys=0.01, real=0.01 secs] 
Heap after GC invocations=218 (full 4):
 PSYoungGen      total 449536K, used 8393K [0x00000000d5580000, 0x00000000f2180000, 0x0000000100000000)
  eden space 431104K, 0% used [0x00000000d5580000,0x00000000d5580000,0x00000000efa80000)
  from space 18432K, 45% used [0x00000000f0f80000,0x00000000f17b24e8,0x00000000f2180000)
  to   space 19968K, 0% used [0x00000000efa80000,0x00000000efa80000,0x00000000f0e00000)
 ParOldGen       total 311296K, used 159355K [0x0000000080000000, 0x0000000093000000, 0x00000000d5580000)
  object space 311296K, 51% used [0x0000000080000000,0x0000000089b9eca8,0x0000000093000000)
 Metaspace       used 88858K, capacity 90450K, committed 91648K, reserved 1130496K
  class space    used 10990K, capacity 11301K, committed 11520K, reserved 1048576K
}
{Heap before GC invocations=219 (full 4):
 PSYoungGen      total 449536K, used 439497K [0x00000000d5580000, 0x00000000f2180000, 0x0000000100000000)
  eden space 431104K, 100% used [0x00000000d5580000,0x00000000efa80000,0x00000000efa80000)
  from space 18432K, 45% used [0x00000000f0f80000,0x00000000f17b24e8,0x00000000f2180000)
  to   space 19968K, 0% used [0x00000000efa80000,0x00000000efa80000,0x00000000f0e00000)
 ParOldGen       total 311296K, used 159355K [0x0000000080000000, 0x0000000093000000, 0x00000000d5580000)
  object space 311296K, 51% used [0x0000000080000000,0x0000000089b9eca8,0x0000000093000000)
 Metaspace       used 88860K, capacity 90514K, committed 91904K, reserved 1130496K
  class space    used 10990K, capacity 11301K, committed 11520K, reserved 1048576K
2023-08-21T00:06:10.792+0600: 28278.120: [GC (Allocation Failure) [PSYoungGen: 439497K->1504K(451072K)] 598852K->160875K(762368K), 0.0119077 secs] [Times: user=0.01 sys=0.00, real=0.01 secs] 
Heap after GC invocations=219 (full 4):
 PSYoungGen      total 451072K, used 1504K [0x00000000d5580000, 0x00000000f2e00000, 0x0000000100000000)
  eden space 431104K, 0% used [0x00000000d5580000,0x00000000d5580000,0x00000000efa80000)
  from space 19968K, 7% used [0x00000000efa80000,0x00000000efbf8020,0x00000000f0e00000)
  to   space 20480K, 0% used [0x00000000f1a00000,0x00000000f1a00000,0x00000000f2e00000)
 ParOldGen       total 311296K, used 159371K [0x0000000080000000, 0x0000000093000000, 0x00000000d5580000)
  object space 311296K, 51% used [0x0000000080000000,0x0000000089ba2ca8,0x0000000093000000)
 Metaspace       used 88860K, capacity 90514K, committed 91904K, reserved 1130496K
  class space    used 10990K, capacity 11301K, committed 11520K, reserved 1048576K
}
{Heap before GC invocations=220 (full 4):
 PSYoungGen      total 451072K, used 432608K [0x00000000d5580000, 0x00000000f2e00000, 0x0000000100000000)
  eden space 431104K, 100% used [0x00000000d5580000,0x00000000efa80000,0x00000000efa80000)
  from space 19968K, 7% used [0x00000000efa80000,0x00000000efbf8020,0x00000000f0e00000)
  to   space 20480K, 0% used [0x00000000f1a00000,0x00000000f1a00000,0x00000000f2e00000)
 ParOldGen       total 311296K, used 159371K [0x0000000080000000, 0x0000000093000000, 0x00000000d5580000)
  object space 311296K, 51% used [0x0000000080000000,0x0000000089ba2ca8,0x0000000093000000)
 Metaspace       used 88860K, capacity 90514K, committed 91904K, reserved 1130496K
  class space    used 10990K, capacity 11301K, committed 11520K, reserved 1048576K
2023-08-21T00:06:14.206+0600: 28281.535: [GC (Allocation Failure) [PSYoungGen: 432608K->8425K(460288K)] 591979K->167820K(771584K), 0.0090648 secs] [Times: user=0.02 sys=0.01, real=0.01 secs] 
Heap after GC invocations=220 (full 4):
 PSYoungGen      total 460288K, used 8425K [0x00000000d5580000, 0x00000000f2b80000, 0x0000000100000000)
  eden space 442368K, 0% used [0x00000000d5580000,0x00000000d5580000,0x00000000f0580000)
  from space 17920K, 47% used [0x00000000f1a00000,0x00000000f223a4f8,0x00000000f2b80000)
  to   space 19456K, 0% used [0x00000000f0580000,0x00000000f0580000,0x00000000f1880000)
 ParOldGen       total 311296K, used 159395K [0x0000000080000000, 0x0000000093000000, 0x00000000d5580000)
  object space 311296K, 51% used [0x0000000080000000,0x0000000089ba8ca8,0x0000000093000000)
 Metaspace       used 88860K, capacity 90514K, committed 91904K, reserved 1130496K
  class space    used 10990K, capacity 11301K, committed 11520K, reserved 1048576K
}
{Heap before GC invocations=221 (full 4):
 PSYoungGen      total 460288K, used 450791K [0x00000000d5580000, 0x00000000f2b80000, 0x0000000100000000)
  eden space 442368K, 99% used [0x00000000d5580000,0x00000000f057f728,0x00000000f0580000)
  from space 17920K, 47% used [0x00000000f1a00000,0x00000000f223a4f8,0x00000000f2b80000)
  to   space 19456K, 0% used [0x00000000f0580000,0x00000000f0580000,0x00000000f1880000)
 ParOldGen       total 311296K, used 159395K [0x0000000080000000, 0x0000000093000000, 0x00000000d5580000)
  object space 311296K, 51% used [0x0000000080000000,0x0000000089ba8ca8,0x0000000093000000)
 Metaspace       used 88863K, capacity 90514K, committed 91904K, reserved 1130496K
  class space    used 10990K, capacity 11301K, committed 11520K, reserved 1048576K
2023-08-21T00:06:17.726+0600: 28285.055: [GC (Allocation Failure) [PSYoungGen: 450791K->8585K(461824K)] 610186K->168020K(773120K), 0.0082888 secs] [Times: user=0.01 sys=0.00, real=0.01 secs] 
Heap after GC invocations=221 (full 4):
 PSYoungGen      total 461824K, used 8585K [0x00000000d5580000, 0x00000000f3380000, 0x0000000100000000)
  eden space 442368K, 0% used [0x00000000d5580000,0x00000000d5580000,0x00000000f0580000)
  from space 19456K, 44% used [0x00000000f0580000,0x00000000f0de24f8,0x00000000f1880000)
  to   space 18432K, 0% used [0x00000000f2180000,0x00000000f2180000,0x00000000f3380000)
 ParOldGen       total 311296K, used 159435K [0x0000000080000000, 0x0000000093000000, 0x00000000d5580000)
  object space 311296K, 51% used [0x0000000080000000,0x0000000089bb2ca8,0x0000000093000000)
 Metaspace       used 88863K, capacity 90514K, committed 91904K, reserved 1130496K
  class space    used 10990K, capacity 11301K, committed 11520K, reserved 1048576K
}
{Heap before GC invocations=222 (full 4):
 PSYoungGen      total 461824K, used 450953K [0x00000000d5580000, 0x00000000f3380000, 0x0000000100000000)
  eden space 442368K, 100% used [0x00000000d5580000,0x00000000f0580000,0x00000000f0580000)
  from space 19456K, 44% used [0x00000000f0580000,0x00000000f0de24f8,0x00000000f1880000)
  to   space 18432K, 0% used [0x00000000f2180000,0x00000000f2180000,0x00000000f3380000)
 ParOldGen       total 311296K, used 159435K [0x0000000080000000, 0x0000000093000000, 0x00000000d5580000)
  object space 311296K, 51% used [0x0000000080000000,0x0000000089bb2ca8,0x0000000093000000)
 Metaspace       used 88880K, capacity 90578K, committed 91904K, reserved 1130496K
  class space    used 10990K, capacity 11301K, committed 11520K, reserved 1048576K
2023-08-21T00:06:21.250+0600: 28288.578: [GC (Allocation Failure) [PSYoungGen: 450953K->3456K(470016K)] 610388K->162939K(781312K), 0.0090035 secs] [Times: user=0.02 sys=0.01, real=0.00 secs] 
Heap after GC invocations=222 (full 4):
 PSYoungGen      total 470016K, used 3456K [0x00000000d5580000, 0x00000000f3300000, 0x0000000100000000)
  eden space 452096K, 0% used [0x00000000d5580000,0x00000000d5580000,0x00000000f0f00000)
  from space 17920K, 19% used [0x00000000f2180000,0x00000000f24e0040,0x00000000f3300000)
  to   space 18432K, 0% used [0x00000000f0f00000,0x00000000f0f00000,0x00000000f2100000)
 ParOldGen       total 311296K, used 159482K [0x0000000080000000, 0x0000000093000000, 0x00000000d5580000)
  object space 311296K, 51% used [0x0000000080000000,0x0000000089bbebf8,0x0000000093000000)
 Metaspace       used 88880K, capacity 90578K, committed 91904K, reserved 1130496K
  class space    used 10990K, capacity 11301K, committed 11520K, reserved 1048576K
}
{Heap before GC invocations=223 (full 4):
 PSYoungGen      total 470016K, used 455552K [0x00000000d5580000, 0x00000000f3300000, 0x0000000100000000)
  eden space 452096K, 100% used [0x00000000d5580000,0x00000000f0f00000,0x00000000f0f00000)
  from space 17920K, 19% used [0x00000000f2180000,0x00000000f24e0040,0x00000000f3300000)
  to   space 18432K, 0% used [0x00000000f0f00000,0x00000000f0f00000,0x00000000f2100000)
 ParOldGen       total 311296K, used 159482K [0x0000000080000000, 0x0000000093000000, 0x00000000d5580000)
  object space 311296K, 51% used [0x0000000080000000,0x0000000089bbebf8,0x0000000093000000)
 Metaspace       used 88890K, capacity 90578K, committed 91904K, reserved 1130496K
  class space    used 10990K, capacity 11301K, committed 11520K, reserved 1048576K
2023-08-21T00:06:24.689+0600: 28292.017: [GC (Allocation Failure) [PSYoungGen: 455552K->8617K(470528K)] 615035K->168195K(781824K), 0.0096897 secs] [Times: user=0.02 sys=0.00, real=0.01 secs] 
Heap after GC invocations=223 (full 4):
 PSYoungGen      total 470528K, used 8617K [0x00000000d5580000, 0x00000000f3a80000, 0x0000000100000000)
  eden space 452096K, 0% used [0x00000000d5580000,0x00000000d5580000,0x00000000f0f00000)
  from space 18432K, 46% used [0x00000000f0f00000,0x00000000f176a4e8,0x00000000f2100000)
  to   space 17408K, 0% used [0x00000000f2980000,0x00000000f2980000,0x00000000f3a80000)
 ParOldGen       total 311296K, used 159578K [0x0000000080000000, 0x0000000093000000, 0x00000000d5580000)
  object space 311296K, 51% used [0x0000000080000000,0x0000000089bd69e8,0x0000000093000000)
 Metaspace       used 88890K, capacity 90578K, committed 91904K, reserved 1130496K
  class space    used 10990K, capacity 11301K, committed 11520K, reserved 1048576K
}
{Heap before GC invocations=224 (full 4):
 PSYoungGen      total 470528K, used 460713K [0x00000000d5580000, 0x00000000f3a80000, 0x0000000100000000)
  eden space 452096K, 100% used [0x00000000d5580000,0x00000000f0f00000,0x00000000f0f00000)
  from space 18432K, 46% used [0x00000000f0f00000,0x00000000f176a4e8,0x00000000f2100000)
  to   space 17408K, 0% used [0x00000000f2980000,0x00000000f2980000,0x00000000f3a80000)
 ParOldGen       total 311296K, used 159578K [0x0000000080000000, 0x0000000093000000, 0x00000000d5580000)
  object space 311296K, 51% used [0x0000000080000000,0x0000000089bd69e8,0x0000000093000000)
 Metaspace       used 88906K, capacity 90578K, committed 91904K, reserved 1130496K
  class space    used 10990K, capacity 11301K, committed 11520K, reserved 1048576K
2023-08-21T00:06:28.239+0600: 28295.568: [GC (Allocation Failure) [PSYoungGen: 460713K->8361K(478208K)] 620291K->168019K(789504K), 0.0090797 secs] [Times: user=0.01 sys=0.00, real=0.01 secs] 
Heap after GC invocations=224 (full 4):
 PSYoungGen      total 478208K, used 8361K [0x00000000d5580000, 0x00000000f3980000, 0x0000000100000000)
  eden space 461824K, 0% used [0x00000000d5580000,0x00000000d5580000,0x00000000f1880000)
  from space 16384K, 51% used [0x00000000f2980000,0x00000000f31aa4e8,0x00000000f3980000)
  to   space 16896K, 0% used [0x00000000f1880000,0x00000000f1880000,0x00000000f2900000)
 ParOldGen       total 311296K, used 159658K [0x0000000080000000, 0x0000000093000000, 0x00000000d5580000)
  object space 311296K, 51% used [0x0000000080000000,0x0000000089beaa18,0x0000000093000000)
 Metaspace       used 88906K, capacity 90578K, committed 91904K, reserved 1130496K
  class space    used 10990K, capacity 11301K, committed 11520K, reserved 1048576K
}
{Heap before GC invocations=225 (full 4):
 PSYoungGen      total 478208K, used 470185K [0x00000000d5580000, 0x00000000f3980000, 0x0000000100000000)
  eden space 461824K, 100% used [0x00000000d5580000,0x00000000f1880000,0x00000000f1880000)
  from space 16384K, 51% used [0x00000000f2980000,0x00000000f31aa4e8,0x00000000f3980000)
  to   space 16896K, 0% used [0x00000000f1880000,0x00000000f1880000,0x00000000f2900000)
 ParOldGen       total 311296K, used 159658K [0x0000000080000000, 0x0000000093000000, 0x00000000d5580000)
  object space 311296K, 51% used [0x0000000080000000,0x0000000089beaa18,0x0000000093000000)
 Metaspace       used 88906K, capacity 90578K, committed 91904K, reserved 1130496K
  class space    used 10990K, capacity 11301K, committed 11520K, reserved 1048576K
2023-08-21T00:06:31.795+0600: 28299.124: [GC (Allocation Failure) [PSYoungGen: 470185K->1184K(478720K)] 629843K->160866K(790016K), 0.0069737 secs] [Times: user=0.01 sys=0.00, real=0.01 secs] 
Heap after GC invocations=225 (full 4):
 PSYoungGen      total 478720K, used 1184K [0x00000000d5580000, 0x00000000f4280000, 0x0000000100000000)
  eden space 461824K, 0% used [0x00000000d5580000,0x00000000d5580000,0x00000000f1880000)
  from space 16896K, 7% used [0x00000000f1880000,0x00000000f19a8020,0x00000000f2900000)
  to   space 16896K, 0% used [0x00000000f3200000,0x00000000f3200000,0x00000000f4280000)
 ParOldGen       total 311296K, used 159682K [0x0000000080000000, 0x0000000093000000, 0x00000000d5580000)
  object space 311296K, 51% used [0x0000000080000000,0x0000000089bf0a18,0x0000000093000000)
 Metaspace       used 88906K, capacity 90578K, committed 91904K, reserved 1130496K
  class space    used 10990K, capacity 11301K, committed 11520K, reserved 1048576K
}
{Heap before GC invocations=226 (full 4):
 PSYoungGen      total 478720K, used 460297K [0x00000000d5580000, 0x00000000f4280000, 0x0000000100000000)
  eden space 461824K, 99% used [0x00000000d5580000,0x00000000f15da698,0x00000000f1880000)
  from space 16896K, 7% used [0x00000000f1880000,0x00000000f19a8020,0x00000000f2900000)
  to   space 16896K, 0% used [0x00000000f3200000,0x00000000f3200000,0x00000000f4280000)
 ParOldGen       total 311296K, used 159682K [0x0000000080000000, 0x0000000093000000, 0x00000000d5580000)
  object space 311296K, 51% used [0x0000000080000000,0x0000000089bf0a18,0x0000000093000000)
 Metaspace       used 88917K, capacity 90578K, committed 91904K, reserved 1130496K
  class space    used 10990K, capacity 11301K, committed 11520K, reserved 1048576K
2023-08-21T00:06:36.847+0600: 28304.176: [GC (Allocation Failure) [PSYoungGen: 460297K->6825K(485888K)] 619980K->166555K(797184K), 0.0107093 secs] [Times: user=0.02 sys=0.01, real=0.01 secs] 
Heap after GC invocations=226 (full 4):
 PSYoungGen      total 485888K, used 6825K [0x00000000d5580000, 0x00000000f4100000, 0x0000000100000000)
  eden space 470528K, 0% used [0x00000000d5580000,0x00000000d5580000,0x00000000f2100000)
  from space 15360K, 44% used [0x00000000f3200000,0x00000000f38aa4e8,0x00000000f4100000)
  to   space 16384K, 0% used [0x00000000f2100000,0x00000000f2100000,0x00000000f3100000)
 ParOldGen       total 311296K, used 159730K [0x0000000080000000, 0x0000000093000000, 0x00000000d5580000)
  object space 311296K, 51% used [0x0000000080000000,0x0000000089bfc968,0x0000000093000000)
 Metaspace       used 88917K, capacity 90578K, committed 91904K, reserved 1130496K
  class space    used 10990K, capacity 11301K, committed 11520K, reserved 1048576K
}
{Heap before GC invocations=227 (full 4):
 PSYoungGen      total 485888K, used 474689K [0x00000000d5580000, 0x00000000f4100000, 0x0000000100000000)
  eden space 470528K, 99% used [0x00000000d5580000,0x00000000f1e662d0,0x00000000f2100000)
  from space 15360K, 44% used [0x00000000f3200000,0x00000000f38aa4e8,0x00000000f4100000)
  to   space 16384K, 0% used [0x00000000f2100000,0x00000000f2100000,0x00000000f3100000)
 ParOldGen       total 311296K, used 159730K [0x0000000080000000, 0x0000000093000000, 0x00000000d5580000)
  object space 311296K, 51% used [0x0000000080000000,0x0000000089bfc968,0x0000000093000000)
 Metaspace       used 88917K, capacity 90578K, committed 91904K, reserved 1130496K
  class space    used 10990K, capacity 11301K, committed 11520K, reserved 1048576K
2023-08-21T00:06:40.510+0600: 28307.839: [GC (Allocation Failure) [PSYoungGen: 474689K->10610K(486912K)] 634420K->170372K(798208K), 0.0134757 secs] [Times: user=0.03 sys=0.00, real=0.01 secs] 
Heap after GC invocations=227 (full 4):
 PSYoungGen      total 486912K, used 10610K [0x00000000d5580000, 0x00000000f4a80000, 0x0000000100000000)
  eden space 470528K, 0% used [0x00000000d5580000,0x00000000d5580000,0x00000000f2100000)
  from space 16384K, 64% used [0x00000000f2100000,0x00000000f2b5c9a0,0x00000000f3100000)
  to   space 16384K, 0% used [0x00000000f3a80000,0x00000000f3a80000,0x00000000f4a80000)
 ParOldGen       total 311296K, used 159762K [0x0000000080000000, 0x0000000093000000, 0x00000000d5580000)
  object space 311296K, 51% used [0x0000000080000000,0x0000000089c04968,0x0000000093000000)
 Metaspace       used 88917K, capacity 90578K, committed 91904K, reserved 1130496K
  class space    used 10990K, capacity 11301K, committed 11520K, reserved 1048576K
}
{Heap before GC invocations=228 (full 4):
 PSYoungGen      total 486912K, used 481116K [0x00000000d5580000, 0x00000000f4a80000, 0x0000000100000000)
  eden space 470528K, 99% used [0x00000000d5580000,0x00000000f20fa908,0x00000000f2100000)
  from space 16384K, 64% used [0x00000000f2100000,0x00000000f2b5c9a0,0x00000000f3100000)
  to   space 16384K, 0% used [0x00000000f3a80000,0x00000000f3a80000,0x00000000f4a80000)
 ParOldGen       total 311296K, used 159762K [0x0000000080000000, 0x0000000093000000, 0x00000000d5580000)
  object space 311296K, 51% used [0x0000000080000000,0x0000000089c04968,0x0000000093000000)
 Metaspace       used 88920K, capacity 90578K, committed 91904K, reserved 1130496K
  class space    used 10990K, capacity 11301K, committed 11520K, reserved 1048576K
2023-08-21T00:06:44.192+0600: 28311.520: [GC (Allocation Failure) [PSYoungGen: 481116K->10578K(496128K)] 640879K->170372K(807424K), 0.0151926 secs] [Times: user=0.02 sys=0.01, real=0.01 secs] 
Heap after GC invocations=228 (full 4):
 PSYoungGen      total 496128K, used 10578K [0x00000000d5580000, 0x00000000f4c00000, 0x0000000100000000)
  eden space 479744K, 0% used [0x00000000d5580000,0x00000000d5580000,0x00000000f2a00000)
  from space 16384K, 64% used [0x00000000f3a80000,0x00000000f44d49a0,0x00000000f4a80000)
  to   space 16896K, 0% used [0x00000000f2a00000,0x00000000f2a00000,0x00000000f3a80000)
 ParOldGen       total 311296K, used 159794K [0x0000000080000000, 0x0000000093000000, 0x00000000d5580000)
  object space 311296K, 51% used [0x0000000080000000,0x0000000089c0c968,0x0000000093000000)
 Metaspace       used 88920K, capacity 90578K, committed 91904K, reserved 1130496K
  class space    used 10990K, capacity 11301K, committed 11520K, reserved 1048576K
}
{Heap before GC invocations=229 (full 4):
 PSYoungGen      total 496128K, used 488390K [0x00000000d5580000, 0x00000000f4c00000, 0x0000000100000000)
  eden space 479744K, 99% used [0x00000000d5580000,0x00000000f281cf38,0x00000000f2a00000)
  from space 16384K, 64% used [0x00000000f3a80000,0x00000000f44d49a0,0x00000000f4a80000)
  to   space 16896K, 0% used [0x00000000f2a00000,0x00000000f2a00000,0x00000000f3a80000)
 ParOldGen       total 311296K, used 159794K [0x0000000080000000, 0x0000000093000000, 0x00000000d5580000)
  object space 311296K, 51% used [0x0000000080000000,0x0000000089c0c968,0x0000000093000000)
 Metaspace       used 88920K, capacity 90578K, committed 91904K, reserved 1130496K
  class space    used 10990K, capacity 11301K, committed 11520K, reserved 1048576K
2023-08-21T00:06:47.921+0600: 28315.250: [GC (Allocation Failure) [PSYoungGen: 488390K->10578K(496640K)] 648184K->170428K(807936K), 0.0146345 secs] [Times: user=0.02 sys=0.00, real=0.01 secs] 
Heap after GC invocations=229 (full 4):
 PSYoungGen      total 496640K, used 10578K [0x00000000d5580000, 0x00000000f5600000, 0x0000000100000000)
  eden space 479744K, 0% used [0x00000000d5580000,0x00000000d5580000,0x00000000f2a00000)
  from space 16896K, 62% used [0x00000000f2a00000,0x00000000f34549a0,0x00000000f3a80000)
  to   space 16896K, 0% used [0x00000000f4580000,0x00000000f4580000,0x00000000f5600000)
 ParOldGen       total 311296K, used 159850K [0x0000000080000000, 0x0000000093000000, 0x00000000d5580000)
  object space 311296K, 51% used [0x0000000080000000,0x0000000089c1a8c8,0x0000000093000000)
 Metaspace       used 88920K, capacity 90578K, committed 91904K, reserved 1130496K
  class space    used 10990K, capacity 11301K, committed 11520K, reserved 1048576K
}
{Heap before GC invocations=230 (full 4):
 PSYoungGen      total 496640K, used 488440K [0x00000000d5580000, 0x00000000f5600000, 0x0000000100000000)
  eden space 479744K, 99% used [0x00000000d5580000,0x00000000f2829798,0x00000000f2a00000)
  from space 16896K, 62% used [0x00000000f2a00000,0x00000000f34549a0,0x00000000f3a80000)
  to   space 16896K, 0% used [0x00000000f4580000,0x00000000f4580000,0x00000000f5600000)
 ParOldGen       total 311296K, used 159850K [0x0000000080000000, 0x0000000093000000, 0x00000000d5580000)
  object space 311296K, 51% used [0x0000000080000000,0x0000000089c1a8c8,0x0000000093000000)
 Metaspace       used 88920K, capacity 90578K, committed 91904K, reserved 1130496K
  class space    used 10990K, capacity 11301K, committed 11520K, reserved 1048576K
2023-08-21T00:06:51.682+0600: 28319.010: [GC (Allocation Failure) [PSYoungGen: 488440K->10610K(507904K)] 648290K->170492K(819200K), 0.0133411 secs] [Times: user=0.02 sys=0.00, real=0.01 secs] 
Heap after GC invocations=230 (full 4):
 PSYoungGen      total 507904K, used 10610K [0x00000000d5580000, 0x00000000f5600000, 0x0000000100000000)
  eden space 491008K, 0% used [0x00000000d5580000,0x00000000d5580000,0x00000000f3500000)
  from space 16896K, 62% used [0x00000000f4580000,0x00000000f4fdc9a0,0x00000000f5600000)
  to   space 16896K, 0% used [0x00000000f3500000,0x00000000f3500000,0x00000000f4580000)
 ParOldGen       total 311296K, used 159882K [0x0000000080000000, 0x0000000093000000, 0x00000000d5580000)
  object space 311296K, 51% used [0x0000000080000000,0x0000000089c228c8,0x0000000093000000)
 Metaspace       used 88920K, capacity 90578K, committed 91904K, reserved 1130496K
  class space    used 10990K, capacity 11301K, committed 11520K, reserved 1048576K
}
{Heap before GC invocations=231 (full 4):
 PSYoungGen      total 507904K, used 500034K [0x00000000d5580000, 0x00000000f5600000, 0x0000000100000000)
  eden space 491008K, 99% used [0x00000000d5580000,0x00000000f33740c8,0x00000000f3500000)
  from space 16896K, 62% used [0x00000000f4580000,0x00000000f4fdc9a0,0x00000000f5600000)
  to   space 16896K, 0% used [0x00000000f3500000,0x00000000f3500000,0x00000000f4580000)
 ParOldGen       total 311296K, used 159882K [0x0000000080000000, 0x0000000093000000, 0x00000000d5580000)
  object space 311296K, 51% used [0x0000000080000000,0x0000000089c228c8,0x0000000093000000)
 Metaspace       used 88921K, capacity 90578K, committed 91904K, reserved 1130496K
  class space    used 10990K, capacity 11301K, committed 11520K, reserved 1048576K
2023-08-21T00:06:55.396+0600: 28322.725: [GC (Allocation Failure) [PSYoungGen: 500034K->14331K(507904K)] 659916K->174301K(819200K), 0.0157078 secs] [Times: user=0.02 sys=0.00, real=0.02 secs] 
Heap after GC invocations=231 (full 4):
 PSYoungGen      total 507904K, used 14331K [0x00000000d5580000, 0x00000000f6400000, 0x0000000100000000)
  eden space 491008K, 0% used [0x00000000d5580000,0x00000000d5580000,0x00000000f3500000)
  from space 16896K, 84% used [0x00000000f3500000,0x00000000f42fee48,0x00000000f4580000)
  to   space 17920K, 0% used [0x00000000f5280000,0x00000000f5280000,0x00000000f6400000)
 ParOldGen       total 311296K, used 159969K [0x0000000080000000, 0x0000000093000000, 0x00000000d5580000)
  object space 311296K, 51% used [0x0000000080000000,0x0000000089c386b8,0x0000000093000000)
 Metaspace       used 88921K, capacity 90578K, committed 91904K, reserved 1130496K
  class space    used 10990K, capacity 11301K, committed 11520K, reserved 1048576K
}
{Heap before GC invocations=232 (full 4):
 PSYoungGen      total 507904K, used 505075K [0x00000000d5580000, 0x00000000f6400000, 0x0000000100000000)
  eden space 491008K, 99% used [0x00000000d5580000,0x00000000f34bdde8,0x00000000f3500000)
  from space 16896K, 84% used [0x00000000f3500000,0x00000000f42fee48,0x00000000f4580000)
  to   space 17920K, 0% used [0x00000000f5280000,0x00000000f5280000,0x00000000f6400000)
 ParOldGen       total 311296K, used 159969K [0x0000000080000000, 0x0000000093000000, 0x00000000d5580000)
  object space 311296K, 51% used [0x0000000080000000,0x0000000089c386b8,0x0000000093000000)
 Metaspace       used 88925K, capacity 90642K, committed 91904K, reserved 1130496K
  class space    used 10990K, capacity 11301K, committed 11520K, reserved 1048576K
2023-08-21T00:06:59.276+0600: 28326.605: [GC (Allocation Failure) [PSYoungGen: 505075K->10546K(521216K)] 665044K->170563K(832512K), 0.0162824 secs] [Times: user=0.02 sys=0.01, real=0.02 secs] 
Heap after GC invocations=232 (full 4):
 PSYoungGen      total 521216K, used 10546K [0x00000000d5580000, 0x00000000f6480000, 0x0000000100000000)
  eden space 503296K, 0% used [0x00000000d5580000,0x00000000d5580000,0x00000000f4100000)
  from space 17920K, 58% used [0x00000000f5280000,0x00000000f5ccc990,0x00000000f6400000)
  to   space 17920K, 0% used [0x00000000f4100000,0x00000000f4100000,0x00000000f5280000)
 ParOldGen       total 311296K, used 160017K [0x0000000080000000, 0x0000000093000000, 0x00000000d5580000)
  object space 311296K, 51% used [0x0000000080000000,0x0000000089c44608,0x0000000093000000)
 Metaspace       used 88925K, capacity 90642K, committed 91904K, reserved 1130496K
  class space    used 10990K, capacity 11301K, committed 11520K, reserved 1048576K
}
{Heap before GC invocations=233 (full 4):
 PSYoungGen      total 521216K, used 513842K [0x00000000d5580000, 0x00000000f6480000, 0x0000000100000000)
  eden space 503296K, 100% used [0x00000000d5580000,0x00000000f4100000,0x00000000f4100000)
  from space 17920K, 58% used [0x00000000f5280000,0x00000000f5ccc990,0x00000000f6400000)
  to   space 17920K, 0% used [0x00000000f4100000,0x00000000f4100000,0x00000000f5280000)
 ParOldGen       total 311296K, used 160026K [0x0000000080000000, 0x0000000093000000, 0x00000000d5580000)
  object space 311296K, 51% used [0x0000000080000000,0x0000000089c46920,0x0000000093000000)
 Metaspace       used 88926K, capacity 90642K, committed 91904K, reserved 1130496K
  class space    used 10990K, capacity 11301K, committed 11520K, reserved 1048576K
2023-08-21T00:07:02.961+0600: 28330.290: [GC (Allocation Failure) [PSYoungGen: 513842K->8361K(521216K)] 673868K->168419K(832512K), 0.0122111 secs] [Times: user=0.01 sys=0.00, real=0.01 secs] 
Heap after GC invocations=233 (full 4):
 PSYoungGen      total 521216K, used 8361K [0x00000000d5580000, 0x00000000f6e80000, 0x0000000100000000)
  eden space 503296K, 0% used [0x00000000d5580000,0x00000000d5580000,0x00000000f4100000)
  from space 17920K, 46% used [0x00000000f4100000,0x00000000f492a4d8,0x00000000f5280000)
  to   space 16896K, 0% used [0x00000000f5e00000,0x00000000f5e00000,0x00000000f6e80000)
 ParOldGen       total 311296K, used 160058K [0x0000000080000000, 0x0000000093000000, 0x00000000d5580000)
  object space 311296K, 51% used [0x0000000080000000,0x0000000089c4e920,0x0000000093000000)
 Metaspace       used 88926K, capacity 90642K, committed 91904K, reserved 1130496K
  class space    used 10990K, capacity 11301K, committed 11520K, reserved 1048576K
}
{Heap before GC invocations=234 (full 4):
 PSYoungGen      total 521216K, used 16183K [0x00000000d5580000, 0x00000000f6e80000, 0x0000000100000000)
  eden space 503296K, 1% used [0x00000000d5580000,0x00000000d5d237a0,0x00000000f4100000)
  from space 17920K, 46% used [0x00000000f4100000,0x00000000f492a4d8,0x00000000f5280000)
  to   space 16896K, 0% used [0x00000000f5e00000,0x00000000f5e00000,0x00000000f6e80000)
 ParOldGen       total 311296K, used 160058K [0x0000000080000000, 0x0000000093000000, 0x00000000d5580000)
  object space 311296K, 51% used [0x0000000080000000,0x0000000089c4e920,0x0000000093000000)
 Metaspace       used 88926K, capacity 90642K, committed 91904K, reserved 1130496K
  class space    used 10990K, capacity 11301K, committed 11520K, reserved 1048576K
2023-08-21T00:07:02.978+0600: 28330.307: [GC (GCLocker Initiated GC) [PSYoungGen: 16183K->8841K(533504K)] 176241K->168987K(844800K), 0.0137329 secs] [Times: user=0.01 sys=0.00, real=0.02 secs] 
Heap after GC invocations=234 (full 4):
 PSYoungGen      total 533504K, used 8841K [0x00000000d5580000, 0x00000000fb800000, 0x0000000100000000)
  eden space 516608K, 0% used [0x00000000d5580000,0x00000000d5580000,0x00000000f4e00000)
  from space 16896K, 52% used [0x00000000f5e00000,0x00000000f66a24d8,0x00000000f6e80000)
  to   space 16384K, 0% used [0x00000000f4e00000,0x00000000f4e00000,0x00000000f5e00000)
 ParOldGen       total 311296K, used 160146K [0x0000000080000000, 0x0000000093000000, 0x00000000d5580000)
  object space 311296K, 51% used [0x0000000080000000,0x0000000089c64950,0x0000000093000000)
 Metaspace       used 88926K, capacity 90642K, committed 91904K, reserved 1130496K
  class space    used 10990K, capacity 11301K, committed 11520K, reserved 1048576K
}
{Heap before GC invocations=235 (full 4):
 PSYoungGen      total 533504K, used 525449K [0x00000000d5580000, 0x00000000fb800000, 0x0000000100000000)
  eden space 516608K, 100% used [0x00000000d5580000,0x00000000f4e00000,0x00000000f4e00000)
  from space 16896K, 52% used [0x00000000f5e00000,0x00000000f66a24d8,0x00000000f6e80000)
  to   space 16384K, 0% used [0x00000000f4e00000,0x00000000f4e00000,0x00000000f5e00000)
 ParOldGen       total 311296K, used 160146K [0x0000000080000000, 0x0000000093000000, 0x00000000d5580000)
  object space 311296K, 51% used [0x0000000080000000,0x0000000089c64950,0x0000000093000000)
 Metaspace       used 88926K, capacity 90642K, committed 91904K, reserved 1130496K
  class space    used 10990K, capacity 11301K, committed 11520K, reserved 1048576K
2023-08-21T00:07:06.710+0600: 28334.039: [GC (Allocation Failure) [PSYoungGen: 525449K->8489K(532992K)] 685595K->168818K(844288K), 0.0093332 secs] [Times: user=0.01 sys=0.00, real=0.01 secs] 
Heap after GC invocations=235 (full 4):
 PSYoungGen      total 532992K, used 8489K [0x00000000d5580000, 0x00000000fc300000, 0x0000000100000000)
  eden space 516608K, 0% used [0x00000000d5580000,0x00000000d5580000,0x00000000f4e00000)
  from space 16384K, 51% used [0x00000000f4e00000,0x00000000f564a4d8,0x00000000f5e00000)
  to   space 15872K, 0% used [0x00000000fb380000,0x00000000fb380000,0x00000000fc300000)
 ParOldGen       total 311296K, used 160329K [0x0000000080000000, 0x0000000093000000, 0x00000000d5580000)
  object space 311296K, 51% used [0x0000000080000000,0x0000000089c926c0,0x0000000093000000)
 Metaspace       used 88926K, capacity 90642K, committed 91904K, reserved 1130496K
  class space    used 10990K, capacity 11301K, committed 11520K, reserved 1048576K
}
{Heap before GC invocations=236 (full 4):
 PSYoungGen      total 532992K, used 522129K [0x00000000d5580000, 0x00000000fc300000, 0x0000000100000000)
  eden space 516608K, 99% used [0x00000000d5580000,0x00000000f4b1a188,0x00000000f4e00000)
  from space 16384K, 51% used [0x00000000f4e00000,0x00000000f564a4d8,0x00000000f5e00000)
  to   space 15872K, 0% used [0x00000000fb380000,0x00000000fb380000,0x00000000fc300000)
 ParOldGen       total 311296K, used 160329K [0x0000000080000000, 0x0000000093000000, 0x00000000d5580000)
  object space 311296K, 51% used [0x0000000080000000,0x0000000089c926c0,0x0000000093000000)
 Metaspace       used 88927K, capacity 90642K, committed 91904K, reserved 1130496K
  class space    used 10990K, capacity 11301K, committed 11520K, reserved 1048576K
2023-08-21T00:07:12.147+0600: 28339.475: [GC (Allocation Failure) [PSYoungGen: 522129K->14235K(614912K)] 682459K->174621K(926208K), 0.0200556 secs] [Times: user=0.03 sys=0.01, real=0.02 secs] 
Heap after GC invocations=236 (full 4):
 PSYoungGen      total 614912K, used 14235K [0x00000000d5580000, 0x00000000fc180000, 0x0000000100000000)
  eden space 600576K, 0% used [0x00000000d5580000,0x00000000d5580000,0x00000000fa000000)
  from space 14336K, 99% used [0x00000000fb380000,0x00000000fc166e48,0x00000000fc180000)
  to   space 16896K, 0% used [0x00000000fa080000,0x00000000fa080000,0x00000000fb100000)
 ParOldGen       total 311296K, used 160385K [0x0000000080000000, 0x0000000093000000, 0x00000000d5580000)
  object space 311296K, 51% used [0x0000000080000000,0x0000000089ca06c0,0x0000000093000000)
 Metaspace       used 88927K, capacity 90642K, committed 91904K, reserved 1130496K
  class space    used 10990K, capacity 11301K, committed 11520K, reserved 1048576K
}
{Heap before GC invocations=237 (full 4):
 PSYoungGen      total 614912K, used 614811K [0x00000000d5580000, 0x00000000fc180000, 0x0000000100000000)
  eden space 600576K, 100% used [0x00000000d5580000,0x00000000fa000000,0x00000000fa000000)
  from space 14336K, 99% used [0x00000000fb380000,0x00000000fc166e48,0x00000000fc180000)
  to   space 16896K, 0% used [0x00000000fa080000,0x00000000fa080000,0x00000000fb100000)
 ParOldGen       total 311296K, used 160385K [0x0000000080000000, 0x0000000093000000, 0x00000000d5580000)
  object space 311296K, 51% used [0x0000000080000000,0x0000000089ca06c0,0x0000000093000000)
 Metaspace       used 88927K, capacity 90642K, committed 91904K, reserved 1130496K
  class space    used 10990K, capacity 11301K, committed 11520K, reserved 1048576K
2023-08-21T00:07:16.756+0600: 28344.085: [GC (Allocation Failure) [PSYoungGen: 614811K->11031K(617984K)] 775197K->171497K(929280K), 0.1212534 secs] [Times: user=0.00 sys=0.21, real=0.12 secs] 
Heap after GC invocations=237 (full 4):
 PSYoungGen      total 617984K, used 11031K [0x00000000d5580000, 0x0000000100000000, 0x0000000100000000)
  eden space 601088K, 0% used [0x00000000d5580000,0x00000000d5580000,0x00000000fa080000)
  from space 16896K, 65% used [0x00000000fa080000,0x00000000fab45fb0,0x00000000fb100000)
  to   space 16896K, 0% used [0x00000000fef80000,0x00000000fef80000,0x0000000100000000)
 ParOldGen       total 311296K, used 160465K [0x0000000080000000, 0x0000000093000000, 0x00000000d5580000)
  object space 311296K, 51% used [0x0000000080000000,0x0000000089cb4610,0x0000000093000000)
 Metaspace       used 88927K, capacity 90642K, committed 91904K, reserved 1130496K
  class space    used 10990K, capacity 11301K, committed 11520K, reserved 1048576K
}
{Heap before GC invocations=238 (full 4):
 PSYoungGen      total 617984K, used 612119K [0x00000000d5580000, 0x0000000100000000, 0x0000000100000000)
  eden space 601088K, 100% used [0x00000000d5580000,0x00000000fa080000,0x00000000fa080000)
  from space 16896K, 65% used [0x00000000fa080000,0x00000000fab45fb0,0x00000000fb100000)
  to   space 16896K, 0% used [0x00000000fef80000,0x00000000fef80000,0x0000000100000000)
 ParOldGen       total 311296K, used 160465K [0x0000000080000000, 0x0000000093000000, 0x00000000d5580000)
  object space 311296K, 51% used [0x0000000080000000,0x0000000089cb4610,0x0000000093000000)
 Metaspace       used 88939K, capacity 90642K, committed 91904K, reserved 1130496K
  class space    used 10990K, capacity 11301K, committed 11520K, reserved 1048576K
2023-08-21T00:07:20.960+0600: 28348.288: [GC (Allocation Failure) [PSYoungGen: 612119K->8809K(680960K)] 772585K->169346K(992256K), 0.0095522 secs] [Times: user=0.02 sys=0.00, real=0.01 secs] 
Heap after GC invocations=238 (full 4):
 PSYoungGen      total 680960K, used 8809K [0x00000000d5580000, 0x00000000fff00000, 0x0000000100000000)
  eden space 665088K, 0% used [0x00000000d5580000,0x00000000d5580000,0x00000000fdf00000)
  from space 15872K, 55% used [0x00000000fef80000,0x00000000ff81a4f8,0x00000000fff00000)
  to   space 16384K, 0% used [0x00000000fdf00000,0x00000000fdf00000,0x00000000fef00000)
 ParOldGen       total 311296K, used 160537K [0x0000000080000000, 0x0000000093000000, 0x00000000d5580000)
  object space 311296K, 51% used [0x0000000080000000,0x0000000089cc6560,0x0000000093000000)
 Metaspace       used 88939K, capacity 90642K, committed 91904K, reserved 1130496K
  class space    used 10990K, capacity 11301K, committed 11520K, reserved 1048576K
}
{Heap before GC invocations=239 (full 4):
 PSYoungGen      total 680960K, used 673495K [0x00000000d5580000, 0x00000000fff00000, 0x0000000100000000)
  eden space 665088K, 99% used [0x00000000d5580000,0x00000000fde9b890,0x00000000fdf00000)
  from space 15872K, 55% used [0x00000000fef80000,0x00000000ff81a4f8,0x00000000fff00000)
  to   space 16384K, 0% used [0x00000000fdf00000,0x00000000fdf00000,0x00000000fef00000)
 ParOldGen       total 311296K, used 160537K [0x0000000080000000, 0x0000000093000000, 0x00000000d5580000)
  object space 311296K, 51% used [0x0000000080000000,0x0000000089cc6560,0x0000000093000000)
 Metaspace       used 88939K, capacity 90642K, committed 91904K, reserved 1130496K
  class space    used 10990K, capacity 11301K, committed 11520K, reserved 1048576K
2023-08-21T00:07:27.303+0600: 28354.631: [GC (Allocation Failure) [PSYoungGen: 673495K->10578K(681472K)] 834032K->171179K(992768K), 0.0239067 secs] [Times: user=0.03 sys=0.01, real=0.02 secs] 
Heap after GC invocations=239 (full 4):
 PSYoungGen      total 681472K, used 10578K [0x00000000d5580000, 0x00000000fff80000, 0x0000000100000000)
  eden space 665088K, 0% used [0x00000000d5580000,0x00000000d5580000,0x00000000fdf00000)
  from space 16384K, 64% used [0x00000000fdf00000,0x00000000fe9549b0,0x00000000fef00000)
  to   space 15872K, 0% used [0x00000000ff000000,0x00000000ff000000,0x00000000fff80000)
 ParOldGen       total 311296K, used 160601K [0x0000000080000000, 0x0000000093000000, 0x00000000d5580000)
  object space 311296K, 51% used [0x0000000080000000,0x0000000089cd64b0,0x0000000093000000)
 Metaspace       used 88939K, capacity 90642K, committed 91904K, reserved 1130496K
  class space    used 10990K, capacity 11301K, committed 11520K, reserved 1048576K
}
{Heap before GC invocations=240 (full 4):
 PSYoungGen      total 681472K, used 675666K [0x00000000d5580000, 0x00000000fff80000, 0x0000000100000000)
  eden space 665088K, 100% used [0x00000000d5580000,0x00000000fdf00000,0x00000000fdf00000)
  from space 16384K, 64% used [0x00000000fdf00000,0x00000000fe9549b0,0x00000000fef00000)
  to   space 15872K, 0% used [0x00000000ff000000,0x00000000ff000000,0x00000000fff80000)
 ParOldGen       total 311296K, used 160601K [0x0000000080000000, 0x0000000093000000, 0x00000000d5580000)
  object space 311296K, 51% used [0x0000000080000000,0x0000000089cd64b0,0x0000000093000000)
 Metaspace       used 88940K, capacity 90642K, committed 91904K, reserved 1130496K
  class space    used 10990K, capacity 11301K, committed 11520K, reserved 1048576K
2023-08-21T00:07:31.734+0600: 28359.063: [GC (Allocation Failure) [PSYoungGen: 675666K->8425K(682496K)] 836267K->169074K(993792K), 0.0082019 secs] [Times: user=0.02 sys=0.00, real=0.01 secs] 
Heap after GC invocations=240 (full 4):
 PSYoungGen      total 682496K, used 8425K [0x00000000d5580000, 0x00000000fff80000, 0x0000000100000000)
  eden space 666624K, 0% used [0x00000000d5580000,0x00000000d5580000,0x00000000fe080000)
  from space 15872K, 53% used [0x00000000ff000000,0x00000000ff83a4f8,0x00000000fff80000)
  to   space 15872K, 0% used [0x00000000fe080000,0x00000000fe080000,0x00000000ff000000)
 ParOldGen       total 311296K, used 160649K [0x0000000080000000, 0x0000000093000000, 0x00000000d5580000)
  object space 311296K, 51% used [0x0000000080000000,0x0000000089ce24b0,0x0000000093000000)
 Metaspace       used 88940K, capacity 90642K, committed 91904K, reserved 1130496K
  class space    used 10990K, capacity 11301K, committed 11520K, reserved 1048576K
}
{Heap before GC invocations=241 (full 4):
 PSYoungGen      total 682496K, used 672747K [0x00000000d5580000, 0x00000000fff80000, 0x0000000100000000)
  eden space 666624K, 99% used [0x00000000d5580000,0x00000000fde407c8,0x00000000fe080000)
  from space 15872K, 53% used [0x00000000ff000000,0x00000000ff83a4f8,0x00000000fff80000)
  to   space 15872K, 0% used [0x00000000fe080000,0x00000000fe080000,0x00000000ff000000)
 ParOldGen       total 311296K, used 160649K [0x0000000080000000, 0x0000000093000000, 0x00000000d5580000)
  object space 311296K, 51% used [0x0000000080000000,0x0000000089ce24b0,0x0000000093000000)
 Metaspace       used 88943K, capacity 90642K, committed 91904K, reserved 1130496K
  class space    used 10990K, capacity 11301K, committed 11520K, reserved 1048576K
2023-08-21T00:07:37.808+0600: 28365.136: [GC (Allocation Failure) [PSYoungGen: 672747K->14363K(681472K)] 833396K->175092K(992768K), 0.0133382 secs] [Times: user=0.02 sys=0.00, real=0.02 secs] 
Heap after GC invocations=241 (full 4):
 PSYoungGen      total 681472K, used 14363K [0x00000000d5580000, 0x0000000100000000, 0x0000000100000000)
  eden space 666624K, 0% used [0x00000000d5580000,0x00000000d5580000,0x00000000fe080000)
  from space 14848K, 96% used [0x00000000fe080000,0x00000000fee86e68,0x00000000fef00000)
  to   space 16896K, 0% used [0x00000000fef80000,0x00000000fef80000,0x0000000100000000)
 ParOldGen       total 311296K, used 160729K [0x0000000080000000, 0x0000000093000000, 0x00000000d5580000)
  object space 311296K, 51% used [0x0000000080000000,0x0000000089cf6410,0x0000000093000000)
 Metaspace       used 88943K, capacity 90642K, committed 91904K, reserved 1130496K
  class space    used 10990K, capacity 11301K, committed 11520K, reserved 1048576K
}
{Heap before GC invocations=242 (full 4):
 PSYoungGen      total 681472K, used 680987K [0x00000000d5580000, 0x0000000100000000, 0x0000000100000000)
  eden space 666624K, 100% used [0x00000000d5580000,0x00000000fe080000,0x00000000fe080000)
  from space 14848K, 96% used [0x00000000fe080000,0x00000000fee86e68,0x00000000fef00000)
  to   space 16896K, 0% used [0x00000000fef80000,0x00000000fef80000,0x0000000100000000)
 ParOldGen       total 311296K, used 160729K [0x0000000080000000, 0x0000000093000000, 0x00000000d5580000)
  object space 311296K, 51% used [0x0000000080000000,0x0000000089cf6410,0x0000000093000000)
 Metaspace       used 88943K, capacity 90642K, committed 91904K, reserved 1130496K
  class space    used 10990K, capacity 11301K, committed 11520K, reserved 1048576K
2023-08-21T00:07:42.325+0600: 28369.653: [GC (Allocation Failure) [PSYoungGen: 680987K->8873K(682496K)] 841716K->169761K(993792K), 0.0080943 secs] [Times: user=0.02 sys=0.00, real=0.01 secs] 
Heap after GC invocations=242 (full 4):
 PSYoungGen      total 682496K, used 8873K [0x00000000d5580000, 0x0000000100000000, 0x0000000100000000)
  eden space 665600K, 0% used [0x00000000d5580000,0x00000000d5580000,0x00000000fdf80000)
  from space 16896K, 52% used [0x00000000fef80000,0x00000000ff82a4e8,0x0000000100000000)
  to   space 16384K, 0% used [0x00000000fdf80000,0x00000000fdf80000,0x00000000fef80000)
 ParOldGen       total 311296K, used 160888K [0x0000000080000000, 0x0000000093000000, 0x00000000d5580000)
  object space 311296K, 51% used [0x0000000080000000,0x0000000089d1e2e0,0x0000000093000000)
 Metaspace       used 88943K, capacity 90642K, committed 91904K, reserved 1130496K
  class space    used 10990K, capacity 11301K, committed 11520K, reserved 1048576K
}
{Heap before GC invocations=243 (full 4):
 PSYoungGen      total 682496K, used 671457K [0x00000000d5580000, 0x0000000100000000, 0x0000000100000000)
  eden space 665600K, 99% used [0x00000000d5580000,0x00000000fdc8e058,0x00000000fdf80000)
  from space 16896K, 52% used [0x00000000fef80000,0x00000000ff82a4e8,0x0000000100000000)
  to   space 16384K, 0% used [0x00000000fdf80000,0x00000000fdf80000,0x00000000fef80000)
 ParOldGen       total 311296K, used 160888K [0x0000000080000000, 0x0000000093000000, 0x00000000d5580000)
  object space 311296K, 51% used [0x0000000080000000,0x0000000089d1e2e0,0x0000000093000000)
 Metaspace       used 88943K, capacity 90642K, committed 91904K, reserved 1130496K
  class space    used 10990K, capacity 11301K, committed 11520K, reserved 1048576K
2023-08-21T00:07:48.446+0600: 28375.775: [GC (Allocation Failure) [PSYoungGen: 671457K->14267K(679936K)] 832346K->175156K(991232K), 0.0138674 secs] [Times: user=0.03 sys=0.00, real=0.02 secs] 
Heap after GC invocations=243 (full 4):
 PSYoungGen      total 679936K, used 14267K [0x00000000d5580000, 0x0000000100000000, 0x0000000100000000)
  eden space 665600K, 0% used [0x00000000d5580000,0x00000000d5580000,0x00000000fdf80000)
  from space 14336K, 99% used [0x00000000fdf80000,0x00000000fed6ee58,0x00000000fed80000)
  to   space 17408K, 0% used [0x00000000fef00000,0x00000000fef00000,0x0000000100000000)
 ParOldGen       total 311296K, used 160888K [0x0000000080000000, 0x0000000093000000, 0x00000000d5580000)
  object space 311296K, 51% used [0x0000000080000000,0x0000000089d1e2e0,0x0000000093000000)
 Metaspace       used 88943K, capacity 90642K, committed 91904K, reserved 1130496K
  class space    used 10990K, capacity 11301K, committed 11520K, reserved 1048576K
}
{Heap before GC invocations=244 (full 4):
 PSYoungGen      total 679936K, used 679867K [0x00000000d5580000, 0x0000000100000000, 0x0000000100000000)
  eden space 665600K, 100% used [0x00000000d5580000,0x00000000fdf80000,0x00000000fdf80000)
  from space 14336K, 99% used [0x00000000fdf80000,0x00000000fed6ee58,0x00000000fed80000)
  to   space 17408K, 0% used [0x00000000fef00000,0x00000000fef00000,0x0000000100000000)
 ParOldGen       total 311296K, used 160888K [0x0000000080000000, 0x0000000093000000, 0x00000000d5580000)
  object space 311296K, 51% used [0x0000000080000000,0x0000000089d1e2e0,0x0000000093000000)
 Metaspace       used 88943K, capacity 90642K, committed 91904K, reserved 1130496K
  class space    used 10990K, capacity 11301K, committed 11520K, reserved 1048576K
2023-08-21T00:07:52.819+0600: 28380.148: [GC (Allocation Failure) [PSYoungGen: 679867K->8841K(681984K)] 840756K->169729K(993280K), 0.0083813 secs] [Times: user=0.01 sys=0.01, real=0.00 secs] 
Heap after GC invocations=244 (full 4):
 PSYoungGen      total 681984K, used 8841K [0x00000000d5580000, 0x0000000100000000, 0x0000000100000000)
  eden space 664576K, 0% used [0x00000000d5580000,0x00000000d5580000,0x00000000fde80000)
  from space 17408K, 50% used [0x00000000fef00000,0x00000000ff7a24e8,0x0000000100000000)
  to   space 16896K, 0% used [0x00000000fde80000,0x00000000fde80000,0x00000000fef00000)
 ParOldGen       total 311296K, used 160888K [0x0000000080000000, 0x0000000093000000, 0x00000000d5580000)
  object space 311296K, 51% used [0x0000000080000000,0x0000000089d1e2e0,0x0000000093000000)
 Metaspace       used 88943K, capacity 90642K, committed 91904K, reserved 1130496K
  class space    used 10990K, capacity 11301K, committed 11520K, reserved 1048576K
}
{Heap before GC invocations=245 (full 4):
 PSYoungGen      total 681984K, used 672409K [0x00000000d5580000, 0x0000000100000000, 0x0000000100000000)
  eden space 664576K, 99% used [0x00000000d5580000,0x00000000fdd83fa8,0x00000000fde80000)
  from space 17408K, 50% used [0x00000000fef00000,0x00000000ff7a24e8,0x0000000100000000)
  to   space 16896K, 0% used [0x00000000fde80000,0x00000000fde80000,0x00000000fef00000)
 ParOldGen       total 311296K, used 160888K [0x0000000080000000, 0x0000000093000000, 0x00000000d5580000)
  object space 311296K, 51% used [0x0000000080000000,0x0000000089d1e2e0,0x0000000093000000)
 Metaspace       used 88945K, capacity 90642K, committed 91904K, reserved 1130496K
  class space    used 10990K, capacity 11301K, committed 11520K, reserved 1048576K
2023-08-21T00:07:59.027+0600: 28386.355: [GC (Allocation Failure) [PSYoungGen: 672409K->10546K(675328K)] 833297K->171443K(986624K), 0.0110915 secs] [Times: user=0.02 sys=0.00, real=0.01 secs] 
Heap after GC invocations=245 (full 4):
 PSYoungGen      total 675328K, used 10546K [0x00000000d5580000, 0x00000000ffe80000, 0x0000000100000000)
  eden space 664576K, 0% used [0x00000000d5580000,0x00000000d5580000,0x00000000fde80000)
  from space 10752K, 98% used [0x00000000fde80000,0x00000000fe8cc9a0,0x00000000fe900000)
  to   space 16384K, 0% used [0x00000000fee80000,0x00000000fee80000,0x00000000ffe80000)
 ParOldGen       total 311296K, used 160896K [0x0000000080000000, 0x0000000093000000, 0x00000000d5580000)
  object space 311296K, 51% used [0x0000000080000000,0x0000000089d202e0,0x0000000093000000)
 Metaspace       used 88945K, capacity 90642K, committed 91904K, reserved 1130496K
  class space    used 10990K, capacity 11301K, committed 11520K, reserved 1048576K
}
{Heap before GC invocations=246 (full 4):
 PSYoungGen      total 675328K, used 675122K [0x00000000d5580000, 0x00000000ffe80000, 0x0000000100000000)
  eden space 664576K, 100% used [0x00000000d5580000,0x00000000fde80000,0x00000000fde80000)
  from space 10752K, 98% used [0x00000000fde80000,0x00000000fe8cc9a0,0x00000000fe900000)
  to   space 16384K, 0% used [0x00000000fee80000,0x00000000fee80000,0x00000000ffe80000)
 ParOldGen       total 311296K, used 160896K [0x0000000080000000, 0x0000000093000000, 0x00000000d5580000)
  object space 311296K, 51% used [0x0000000080000000,0x0000000089d202e0,0x0000000093000000)
 Metaspace       used 88945K, capacity 90642K, committed 91904K, reserved 1130496K
  class space    used 10990K, capacity 11301K, committed 11520K, reserved 1048576K
2023-08-21T00:08:03.564+0600: 28390.892: [GC (Allocation Failure) [PSYoungGen: 675122K->8681K(681472K)] 836019K->169577K(992768K), 0.0078864 secs] [Times: user=0.01 sys=0.00, real=0.01 secs] 
Heap after GC invocations=246 (full 4):
 PSYoungGen      total 681472K, used 8681K [0x00000000d5580000, 0x0000000100000000, 0x0000000100000000)
  eden space 665088K, 0% used [0x00000000d5580000,0x00000000d5580000,0x00000000fdf00000)
  from space 16384K, 52% used [0x00000000fee80000,0x00000000ff6fa4f8,0x00000000ffe80000)
  to   space 15872K, 0% used [0x00000000fdf00000,0x00000000fdf00000,0x00000000fee80000)
 ParOldGen       total 311296K, used 160896K [0x0000000080000000, 0x0000000093000000, 0x00000000d5580000)
  object space 311296K, 51% used [0x0000000080000000,0x0000000089d202e0,0x0000000093000000)
 Metaspace       used 88945K, capacity 90642K, committed 91904K, reserved 1130496K
  class space    used 10990K, capacity 11301K, committed 11520K, reserved 1048576K
}
{Heap before GC invocations=247 (full 4):
 PSYoungGen      total 681472K, used 671079K [0x00000000d5580000, 0x0000000100000000, 0x0000000100000000)
  eden space 665088K, 99% used [0x00000000d5580000,0x00000000fdc5fa20,0x00000000fdf00000)
  from space 16384K, 52% used [0x00000000fee80000,0x00000000ff6fa4f8,0x00000000ffe80000)
  to   space 15872K, 0% used [0x00000000fdf00000,0x00000000fdf00000,0x00000000fee80000)
 ParOldGen       total 311296K, used 160896K [0x0000000080000000, 0x0000000093000000, 0x00000000d5580000)
  object space 311296K, 51% used [0x0000000080000000,0x0000000089d202e0,0x0000000093000000)
 Metaspace       used 88953K, capacity 90642K, committed 91904K, reserved 1130496K
  class space    used 10990K, capacity 11301K, committed 11520K, reserved 1048576K
2023-08-21T00:08:09.822+0600: 28397.150: [GC (Allocation Failure) [PSYoungGen: 671079K->10706K(680960K)] 831976K->171603K(992256K), 0.0093039 secs] [Times: user=0.02 sys=0.00, real=0.01 secs] 
Heap after GC invocations=247 (full 4):
 PSYoungGen      total 680960K, used 10706K [0x00000000d5580000, 0x00000000fff80000, 0x0000000100000000)
  eden space 665088K, 0% used [0x00000000d5580000,0x00000000d5580000,0x00000000fdf00000)
  from space 15872K, 67% used [0x00000000fdf00000,0x00000000fe9749b0,0x00000000fee80000)
  to   space 15872K, 0% used [0x00000000ff000000,0x00000000ff000000,0x00000000fff80000)
 ParOldGen       total 311296K, used 160896K [0x0000000080000000, 0x0000000093000000, 0x00000000d5580000)
  object space 311296K, 51% used [0x0000000080000000,0x0000000089d202e0,0x0000000093000000)
 Metaspace       used 88953K, capacity 90642K, committed 91904K, reserved 1130496K
  class space    used 10990K, capacity 11301K, committed 11520K, reserved 1048576K
}
{Heap before GC invocations=248 (full 4):
 PSYoungGen      total 680960K, used 675794K [0x00000000d5580000, 0x00000000fff80000, 0x0000000100000000)
  eden space 665088K, 100% used [0x00000000d5580000,0x00000000fdf00000,0x00000000fdf00000)
  from space 15872K, 67% used [0x00000000fdf00000,0x00000000fe9749b0,0x00000000fee80000)
  to   space 15872K, 0% used [0x00000000ff000000,0x00000000ff000000,0x00000000fff80000)
 ParOldGen       total 311296K, used 160903K [0x0000000080000000, 0x0000000093000000, 0x00000000d5580000)
  object space 311296K, 51% used [0x0000000080000000,0x0000000089d21de8,0x0000000093000000)
 Metaspace       used 88953K, capacity 90642K, committed 91904K, reserved 1130496K
  class space    used 10990K, capacity 11301K, committed 11520K, reserved 1048576K
2023-08-21T00:08:14.312+0600: 28401.641: [GC (GCLocker Initiated GC) [PSYoungGen: 675794K->8553K(682496K)] 836697K->169456K(993792K), 0.0092329 secs] [Times: user=0.01 sys=0.00, real=0.01 secs] 
Heap after GC invocations=248 (full 4):
 PSYoungGen      total 682496K, used 8553K [0x00000000d5580000, 0x00000000fff00000, 0x0000000100000000)
  eden space 667136K, 0% used [0x00000000d5580000,0x00000000d5580000,0x00000000fe100000)
  from space 15360K, 55% used [0x00000000ff000000,0x00000000ff85a4f8,0x00000000fff00000)
  to   space 15360K, 0% used [0x00000000fe100000,0x00000000fe100000,0x00000000ff000000)
 ParOldGen       total 311296K, used 160903K [0x0000000080000000, 0x0000000093000000, 0x00000000d5580000)
  object space 311296K, 51% used [0x0000000080000000,0x0000000089d21de8,0x0000000093000000)
 Metaspace       used 88953K, capacity 90642K, committed 91904K, reserved 1130496K
  class space    used 10990K, capacity 11301K, committed 11520K, reserved 1048576K
}
{Heap before GC invocations=249 (full 4):
 PSYoungGen      total 682496K, used 675689K [0x00000000d5580000, 0x00000000fff00000, 0x0000000100000000)
  eden space 667136K, 100% used [0x00000000d5580000,0x00000000fe100000,0x00000000fe100000)
  from space 15360K, 55% used [0x00000000ff000000,0x00000000ff85a4f8,0x00000000fff00000)
  to   space 15360K, 0% used [0x00000000fe100000,0x00000000fe100000,0x00000000ff000000)
 ParOldGen       total 311296K, used 200699K [0x0000000080000000, 0x0000000093000000, 0x00000000d5580000)
  object space 311296K, 64% used [0x0000000080000000,0x000000008c3fedb0,0x0000000093000000)
 Metaspace       used 88955K, capacity 90642K, committed 91904K, reserved 1130496K
  class space    used 10990K, capacity 11301K, committed 11520K, reserved 1048576K
2023-08-21T00:08:20.768+0600: 28408.096: [GC (Allocation Failure) [PSYoungGen: 675689K->7049K(682496K)] 876388K->207748K(993792K), 0.0110035 secs] [Times: user=0.02 sys=0.00, real=0.01 secs] 
Heap after GC invocations=249 (full 4):
 PSYoungGen      total 682496K, used 7049K [0x00000000d5580000, 0x0000000100000000, 0x0000000100000000)
  eden space 667136K, 0% used [0x00000000d5580000,0x00000000d5580000,0x00000000fe100000)
  from space 15360K, 45% used [0x00000000fe100000,0x00000000fe7e24f8,0x00000000ff000000)
  to   space 15360K, 0% used [0x00000000ff100000,0x00000000ff100000,0x0000000100000000)
 ParOldGen       total 311296K, used 200699K [0x0000000080000000, 0x0000000093000000, 0x00000000d5580000)
  object space 311296K, 64% used [0x0000000080000000,0x000000008c3fedb0,0x0000000093000000)
 Metaspace       used 88955K, capacity 90642K, committed 91904K, reserved 1130496K
  class space    used 10990K, capacity 11301K, committed 11520K, reserved 1048576K
}
{Heap before GC invocations=250 (full 4):
 PSYoungGen      total 682496K, used 674185K [0x00000000d5580000, 0x0000000100000000, 0x0000000100000000)
  eden space 667136K, 100% used [0x00000000d5580000,0x00000000fe100000,0x00000000fe100000)
  from space 15360K, 45% used [0x00000000fe100000,0x00000000fe7e24f8,0x00000000ff000000)
  to   space 15360K, 0% used [0x00000000ff100000,0x00000000ff100000,0x0000000100000000)
 ParOldGen       total 311296K, used 200699K [0x0000000080000000, 0x0000000093000000, 0x00000000d5580000)
  object space 311296K, 64% used [0x0000000080000000,0x000000008c3fedb0,0x0000000093000000)
 Metaspace       used 88955K, capacity 90642K, committed 91904K, reserved 1130496K
  class space    used 10990K, capacity 11301K, committed 11520K, reserved 1048576K
2023-08-21T00:08:25.004+0600: 28412.333: [GC (Allocation Failure) [PSYoungGen: 674185K->8713K(683520K)] 874884K->209412K(994816K), 0.0083709 secs] [Times: user=0.02 sys=0.00, real=0.01 secs] 
Heap after GC invocations=250 (full 4):
 PSYoungGen      total 683520K, used 8713K [0x00000000d5580000, 0x0000000100000000, 0x0000000100000000)
  eden space 668160K, 0% used [0x00000000d5580000,0x00000000d5580000,0x00000000fe200000)
  from space 15360K, 56% used [0x00000000ff100000,0x00000000ff9824f8,0x0000000100000000)
  to   space 15360K, 0% used [0x00000000fe200000,0x00000000fe200000,0x00000000ff100000)
 ParOldGen       total 311296K, used 200699K [0x0000000080000000, 0x0000000093000000, 0x00000000d5580000)
  object space 311296K, 64% used [0x0000000080000000,0x000000008c3fedb0,0x0000000093000000)
 Metaspace       used 88955K, capacity 90642K, committed 91904K, reserved 1130496K
  class space    used 10990K, capacity 11301K, committed 11520K, reserved 1048576K
}
{Heap before GC invocations=251 (full 4):
 PSYoungGen      total 683520K, used 673469K [0x00000000d5580000, 0x0000000100000000, 0x0000000100000000)
  eden space 668160K, 99% used [0x00000000d5580000,0x00000000fdead218,0x00000000fe200000)
  from space 15360K, 56% used [0x00000000ff100000,0x00000000ff9824f8,0x0000000100000000)
  to   space 15360K, 0% used [0x00000000fe200000,0x00000000fe200000,0x00000000ff100000)
 ParOldGen       total 311296K, used 200699K [0x0000000080000000, 0x0000000093000000, 0x00000000d5580000)
  object space 311296K, 64% used [0x0000000080000000,0x000000008c3fedb0,0x0000000093000000)
 Metaspace       used 88959K, capacity 90642K, committed 91904K, reserved 1130496K
  class space    used 10990K, capacity 11301K, committed 11520K, reserved 1048576K
2023-08-21T00:08:31.332+0600: 28418.660: [GC (Allocation Failure) [PSYoungGen: 673469K->10898K(679424K)] 874169K->211645K(990720K), 0.0146621 secs] [Times: user=0.02 sys=0.00, real=0.01 secs] 
Heap after GC invocations=251 (full 4):
 PSYoungGen      total 679424K, used 10898K [0x00000000d5580000, 0x00000000fff00000, 0x0000000100000000)
  eden space 668160K, 0% used [0x00000000d5580000,0x00000000d5580000,0x00000000fe200000)
  from space 11264K, 96% used [0x00000000fe200000,0x00000000feca49b0,0x00000000fed00000)
  to   space 14848K, 0% used [0x00000000ff080000,0x00000000ff080000,0x00000000fff00000)
 ParOldGen       total 311296K, used 200747K [0x0000000080000000, 0x0000000093000000, 0x00000000d5580000)
  object space 311296K, 64% used [0x0000000080000000,0x000000008c40ad00,0x0000000093000000)
 Metaspace       used 88959K, capacity 90642K, committed 91904K, reserved 1130496K
  class space    used 10990K, capacity 11301K, committed 11520K, reserved 1048576K
}
{Heap before GC invocations=252 (full 4):
 PSYoungGen      total 679424K, used 679058K [0x00000000d5580000, 0x00000000fff00000, 0x0000000100000000)
  eden space 668160K, 100% used [0x00000000d5580000,0x00000000fe200000,0x00000000fe200000)
  from space 11264K, 96% used [0x00000000fe200000,0x00000000feca49b0,0x00000000fed00000)
  to   space 14848K, 0% used [0x00000000ff080000,0x00000000ff080000,0x00000000fff00000)
 ParOldGen       total 311296K, used 200747K [0x0000000080000000, 0x0000000093000000, 0x00000000d5580000)
  object space 311296K, 64% used [0x0000000080000000,0x000000008c40ad00,0x0000000093000000)
 Metaspace       used 88960K, capacity 90642K, committed 91904K, reserved 1130496K
  class space    used 10990K, capacity 11301K, committed 11520K, reserved 1048576K
2023-08-21T00:08:35.512+0600: 28422.841: [GC (Allocation Failure) [PSYoungGen: 679058K->8745K(683008K)] 879805K->209636K(994304K), 0.0083774 secs] [Times: user=0.01 sys=0.00, real=0.01 secs] 
Heap after GC invocations=252 (full 4):
 PSYoungGen      total 683008K, used 8745K [0x00000000d5580000, 0x0000000100000000, 0x0000000100000000)
  eden space 668160K, 0% used [0x00000000d5580000,0x00000000d5580000,0x00000000fe200000)
  from space 14848K, 58% used [0x00000000ff080000,0x00000000ff90a4e8,0x00000000fff00000)
  to   space 14848K, 0% used [0x00000000fe200000,0x00000000fe200000,0x00000000ff080000)
 ParOldGen       total 311296K, used 200890K [0x0000000080000000, 0x0000000093000000, 0x00000000d5580000)
  object space 311296K, 64% used [0x0000000080000000,0x000000008c42eb20,0x0000000093000000)
 Metaspace       used 88960K, capacity 90642K, committed 91904K, reserved 1130496K
  class space    used 10990K, capacity 11301K, committed 11520K, reserved 1048576K
}
{Heap before GC invocations=253 (full 4):
 PSYoungGen      total 683008K, used 676666K [0x00000000d5580000, 0x0000000100000000, 0x0000000100000000)
  eden space 668160K, 99% used [0x00000000d5580000,0x00000000fe1c4450,0x00000000fe200000)
  from space 14848K, 58% used [0x00000000ff080000,0x00000000ff90a4e8,0x00000000fff00000)
  to   space 14848K, 0% used [0x00000000fe200000,0x00000000fe200000,0x00000000ff080000)
 ParOldGen       total 311296K, used 200890K [0x0000000080000000, 0x0000000093000000, 0x00000000d5580000)
  object space 311296K, 64% used [0x0000000080000000,0x000000008c42eb20,0x0000000093000000)
 Metaspace       used 88960K, capacity 90642K, committed 91904K, reserved 1130496K
  class space    used 10990K, capacity 11301K, committed 11520K, reserved 1048576K
2023-08-21T00:08:42.167+0600: 28429.496: [GC (Allocation Failure) [PSYoungGen: 676666K->14459K(683008K)] 877557K->215517K(994304K), 0.0130243 secs] [Times: user=0.02 sys=0.00, real=0.02 secs] 
Heap after GC invocations=253 (full 4):
 PSYoungGen      total 683008K, used 14459K [0x00000000d5580000, 0x0000000100000000, 0x0000000100000000)
  eden space 668160K, 0% used [0x00000000d5580000,0x00000000d5580000,0x00000000fe200000)
  from space 14848K, 97% used [0x00000000fe200000,0x00000000ff01ee48,0x00000000ff080000)
  to   space 15872K, 0% used [0x00000000ff080000,0x00000000ff080000,0x0000000100000000)
 ParOldGen       total 311296K, used 201058K [0x0000000080000000, 0x0000000093000000, 0x00000000d5580000)
  object space 311296K, 64% used [0x0000000080000000,0x000000008c458890,0x0000000093000000)
 Metaspace       used 88960K, capacity 90642K, committed 91904K, reserved 1130496K
  class space    used 10990K, capacity 11301K, committed 11520K, reserved 1048576K
}
{Heap before GC invocations=254 (full 4):
 PSYoungGen      total 683008K, used 682618K [0x00000000d5580000, 0x0000000100000000, 0x0000000100000000)
  eden space 668160K, 99% used [0x00000000d5580000,0x00000000fe1ffc98,0x00000000fe200000)
  from space 14848K, 97% used [0x00000000fe200000,0x00000000ff01ee48,0x00000000ff080000)
  to   space 15872K, 0% used [0x00000000ff080000,0x00000000ff080000,0x0000000100000000)
 ParOldGen       total 311296K, used 201058K [0x0000000080000000, 0x0000000093000000, 0x00000000d5580000)
  object space 311296K, 64% used [0x0000000080000000,0x000000008c458890,0x0000000093000000)
 Metaspace       used 88960K, capacity 90642K, committed 91904K, reserved 1130496K
  class space    used 10990K, capacity 11301K, committed 11520K, reserved 1048576K
2023-08-21T00:08:46.271+0600: 28433.600: [GC (Allocation Failure) [PSYoungGen: 682618K->8969K(683008K)] 883676K->210075K(994304K), 0.0092997 secs] [Times: user=0.01 sys=0.00, real=0.01 secs] 
Heap after GC invocations=254 (full 4):
 PSYoungGen      total 683008K, used 8969K [0x00000000d5580000, 0x0000000100000000, 0x0000000100000000)
  eden space 667136K, 0% used [0x00000000d5580000,0x00000000d5580000,0x00000000fe100000)
  from space 15872K, 56% used [0x00000000ff080000,0x00000000ff9424e8,0x0000000100000000)
  to   space 15872K, 0% used [0x00000000fe100000,0x00000000fe100000,0x00000000ff080000)
 ParOldGen       total 311296K, used 201106K [0x0000000080000000, 0x0000000093000000, 0x00000000d5580000)
  object space 311296K, 64% used [0x0000000080000000,0x000000008c464890,0x0000000093000000)
 Metaspace       used 88960K, capacity 90642K, committed 91904K, reserved 1130496K
  class space    used 10990K, capacity 11301K, committed 11520K, reserved 1048576K
}
{Heap before GC invocations=255 (full 4):
 PSYoungGen      total 683008K, used 674206K [0x00000000d5580000, 0x0000000100000000, 0x0000000100000000)
  eden space 667136K, 99% used [0x00000000d5580000,0x00000000fdf25640,0x00000000fe100000)
  from space 15872K, 56% used [0x00000000ff080000,0x00000000ff9424e8,0x0000000100000000)
  to   space 15872K, 0% used [0x00000000fe100000,0x00000000fe100000,0x00000000ff080000)
 ParOldGen       total 311296K, used 201106K [0x0000000080000000, 0x0000000093000000, 0x00000000d5580000)
  object space 311296K, 64% used [0x0000000080000000,0x000000008c464890,0x0000000093000000)
 Metaspace       used 88960K, capacity 90642K, committed 91904K, reserved 1130496K
  class space    used 10990K, capacity 11301K, committed 11520K, reserved 1048576K
2023-08-21T00:08:52.715+0600: 28440.043: [GC (Allocation Failure) [PSYoungGen: 674206K->14555K(681984K)] 875312K->215717K(993280K), 0.0130611 secs] [Times: user=0.02 sys=0.00, real=0.01 secs] 
Heap after GC invocations=255 (full 4):
 PSYoungGen      total 681984K, used 14555K [0x00000000d5580000, 0x0000000100000000, 0x0000000100000000)
  eden space 667136K, 0% used [0x00000000d5580000,0x00000000d5580000,0x00000000fe100000)
  from space 14848K, 98% used [0x00000000fe100000,0x00000000fef36e58,0x00000000fef80000)
  to   space 16896K, 0% used [0x00000000fef80000,0x00000000fef80000,0x0000000100000000)
 ParOldGen       total 311296K, used 201161K [0x0000000080000000, 0x0000000093000000, 0x00000000d5580000)
  object space 311296K, 64% used [0x0000000080000000,0x000000008c4727e0,0x0000000093000000)
 Metaspace       used 88960K, capacity 90642K, committed 91904K, reserved 1130496K
  class space    used 10990K, capacity 11301K, committed 11520K, reserved 1048576K
}
{Heap before GC invocations=256 (full 4):
 PSYoungGen      total 681984K, used 681691K [0x00000000d5580000, 0x0000000100000000, 0x0000000100000000)
  eden space 667136K, 100% used [0x00000000d5580000,0x00000000fe100000,0x00000000fe100000)
  from space 14848K, 98% used [0x00000000fe100000,0x00000000fef36e58,0x00000000fef80000)
  to   space 16896K, 0% used [0x00000000fef80000,0x00000000fef80000,0x0000000100000000)
 ParOldGen       total 311296K, used 201161K [0x0000000080000000, 0x0000000093000000, 0x00000000d5580000)
  object space 311296K, 64% used [0x0000000080000000,0x000000008c4727e0,0x0000000093000000)
 Metaspace       used 88960K, capacity 90642K, committed 91904K, reserved 1130496K
  class space    used 10990K, capacity 11301K, committed 11520K, reserved 1048576K
2023-08-21T00:08:56.850+0600: 28444.179: [GC (Allocation Failure) [PSYoungGen: 681691K->1280K(679936K)] 882853K->202490K(991232K), 0.0072988 secs] [Times: user=0.02 sys=0.00, real=0.00 secs] 
Heap after GC invocations=256 (full 4):
 PSYoungGen      total 679936K, used 1280K [0x00000000d5580000, 0x0000000100000000, 0x0000000100000000)
  eden space 663040K, 0% used [0x00000000d5580000,0x00000000d5580000,0x00000000fdd00000)
  from space 16896K, 7% used [0x00000000fef80000,0x00000000ff0c0020,0x0000000100000000)
  to   space 17920K, 0% used [0x00000000fdd00000,0x00000000fdd00000,0x00000000fee80000)
 ParOldGen       total 311296K, used 201209K [0x0000000080000000, 0x0000000093000000, 0x00000000d5580000)
  object space 311296K, 64% used [0x0000000080000000,0x000000008c47e7e0,0x0000000093000000)
 Metaspace       used 88960K, capacity 90642K, committed 91904K, reserved 1130496K
  class space    used 10990K, capacity 11301K, committed 11520K, reserved 1048576K
}
{Heap before GC invocations=257 (full 4):
 PSYoungGen      total 679936K, used 662112K [0x00000000d5580000, 0x0000000100000000, 0x0000000100000000)
  eden space 663040K, 99% used [0x00000000d5580000,0x00000000fdad8188,0x00000000fdd00000)
  from space 16896K, 7% used [0x00000000fef80000,0x00000000ff0c0020,0x0000000100000000)
  to   space 17920K, 0% used [0x00000000fdd00000,0x00000000fdd00000,0x00000000fee80000)
 ParOldGen       total 311296K, used 201209K [0x0000000080000000, 0x0000000093000000, 0x00000000d5580000)
  object space 311296K, 64% used [0x0000000080000000,0x000000008c47e7e0,0x0000000093000000)
 Metaspace       used 88966K, capacity 90642K, committed 91904K, reserved 1130496K
  class space    used 10990K, capacity 11301K, committed 11520K, reserved 1048576K
2023-08-21T00:09:03.609+0600: 28450.938: [GC (Allocation Failure) [PSYoungGen: 662112K->14555K(677888K)] 863322K->215821K(989184K), 0.0128534 secs] [Times: user=0.02 sys=0.00, real=0.02 secs] 
Heap after GC invocations=257 (full 4):
 PSYoungGen      total 677888K, used 14555K [0x00000000d5580000, 0x0000000100000000, 0x0000000100000000)
  eden space 663040K, 0% used [0x00000000d5580000,0x00000000d5580000,0x00000000fdd00000)
  from space 14848K, 98% used [0x00000000fdd00000,0x00000000feb36e58,0x00000000feb80000)
  to   space 18944K, 0% used [0x00000000fed80000,0x00000000fed80000,0x0000000100000000)
 ParOldGen       total 311296K, used 201265K [0x0000000080000000, 0x0000000093000000, 0x00000000d5580000)
  object space 311296K, 64% used [0x0000000080000000,0x000000008c48c730,0x0000000093000000)
 Metaspace       used 88966K, capacity 90642K, committed 91904K, reserved 1130496K
  class space    used 10990K, capacity 11301K, committed 11520K, reserved 1048576K
}
{Heap before GC invocations=258 (full 4):
 PSYoungGen      total 677888K, used 677595K [0x00000000d5580000, 0x0000000100000000, 0x0000000100000000)
  eden space 663040K, 100% used [0x00000000d5580000,0x00000000fdd00000,0x00000000fdd00000)
  from space 14848K, 98% used [0x00000000fdd00000,0x00000000feb36e58,0x00000000feb80000)
  to   space 18944K, 0% used [0x00000000fed80000,0x00000000fed80000,0x0000000100000000)
 ParOldGen       total 311296K, used 201265K [0x0000000080000000, 0x0000000093000000, 0x00000000d5580000)
  object space 311296K, 64% used [0x0000000080000000,0x000000008c48c730,0x0000000093000000)
 Metaspace       used 88967K, capacity 90642K, committed 91904K, reserved 1130496K
  class space    used 10990K, capacity 11301K, committed 11520K, reserved 1048576K
2023-08-21T00:09:09.233+0600: 28456.561: [GC (Allocation Failure) [PSYoungGen: 677595K->1664K(678912K)] 878861K->202977K(990208K), 0.0104208 secs] [Times: user=0.02 sys=0.00, real=0.01 secs] 
Heap after GC invocations=258 (full 4):
 PSYoungGen      total 678912K, used 1664K [0x00000000d5580000, 0x0000000100000000, 0x0000000100000000)
  eden space 659968K, 0% used [0x00000000d5580000,0x00000000d5580000,0x00000000fda00000)
  from space 18944K, 8% used [0x00000000fed80000,0x00000000fef20040,0x0000000100000000)
  to   space 19456K, 0% used [0x00000000fda00000,0x00000000fda00000,0x00000000fed00000)
 ParOldGen       total 311296K, used 201313K [0x0000000080000000, 0x0000000093000000, 0x00000000d5580000)
  object space 311296K, 64% used [0x0000000080000000,0x000000008c498730,0x0000000093000000)
 Metaspace       used 88967K, capacity 90642K, committed 91904K, reserved 1130496K
  class space    used 10990K, capacity 11301K, committed 11520K, reserved 1048576K
}
{Heap before GC invocations=259 (full 4):
 PSYoungGen      total 678912K, used 658874K [0x00000000d5580000, 0x0000000100000000, 0x0000000100000000)
  eden space 659968K, 99% used [0x00000000d5580000,0x00000000fd74e7e0,0x00000000fda00000)
  from space 18944K, 8% used [0x00000000fed80000,0x00000000fef20040,0x0000000100000000)
  to   space 19456K, 0% used [0x00000000fda00000,0x00000000fda00000,0x00000000fed00000)
 ParOldGen       total 311296K, used 201313K [0x0000000080000000, 0x0000000093000000, 0x00000000d5580000)
  object space 311296K, 64% used [0x0000000080000000,0x000000008c498730,0x0000000093000000)
 Metaspace       used 88967K, capacity 90642K, committed 91904K, reserved 1130496K
  class space    used 10990K, capacity 11301K, committed 11520K, reserved 1048576K
2023-08-21T00:09:13.947+0600: 28461.275: [GC (Allocation Failure) [PSYoungGen: 658874K->10898K(679424K)] 860187K->212268K(990720K), 0.0132408 secs] [Times: user=0.03 sys=0.01, real=0.02 secs] 
Heap after GC invocations=259 (full 4):
 PSYoungGen      total 679424K, used 10898K [0x00000000d5580000, 0x00000000fff80000, 0x0000000100000000)
  eden space 659968K, 0% used [0x00000000d5580000,0x00000000d5580000,0x00000000fda00000)
  from space 19456K, 56% used [0x00000000fda00000,0x00000000fe4a49b0,0x00000000fed00000)
  to   space 18944K, 0% used [0x00000000fed00000,0x00000000fed00000,0x00000000fff80000)
 ParOldGen       total 311296K, used 201369K [0x0000000080000000, 0x0000000093000000, 0x00000000d5580000)
  object space 311296K, 64% used [0x0000000080000000,0x000000008c4a6680,0x0000000093000000)
 Metaspace       used 88967K, capacity 90642K, committed 91904K, reserved 1130496K
  class space    used 10990K, capacity 11301K, committed 11520K, reserved 1048576K
}
{Heap before GC invocations=260 (full 4):
 PSYoungGen      total 679424K, used 670866K [0x00000000d5580000, 0x00000000fff80000, 0x0000000100000000)
  eden space 659968K, 100% used [0x00000000d5580000,0x00000000fda00000,0x00000000fda00000)
  from space 19456K, 56% used [0x00000000fda00000,0x00000000fe4a49b0,0x00000000fed00000)
  to   space 18944K, 0% used [0x00000000fed00000,0x00000000fed00000,0x00000000fff80000)
 ParOldGen       total 311296K, used 201369K [0x0000000080000000, 0x0000000093000000, 0x00000000d5580000)
  object space 311296K, 64% used [0x0000000080000000,0x000000008c4a6680,0x0000000093000000)
 Metaspace       used 88968K, capacity 90642K, committed 91904K, reserved 1130496K
  class space    used 10990K, capacity 11301K, committed 11520K, reserved 1048576K
2023-08-21T00:09:18.034+0600: 28465.363: [GC (Allocation Failure) [PSYoungGen: 670866K->9321K(677376K)] 872236K->210738K(988672K), 0.0204844 secs] [Times: user=0.02 sys=0.00, real=0.02 secs] 
Heap after GC invocations=260 (full 4):
 PSYoungGen      total 677376K, used 9321K [0x00000000d5580000, 0x00000000ffd80000, 0x0000000100000000)
  eden space 660480K, 0% used [0x00000000d5580000,0x00000000d5580000,0x00000000fda80000)
  from space 16896K, 55% used [0x00000000fed00000,0x00000000ff61a4f8,0x00000000ffd80000)
  to   space 17920K, 0% used [0x00000000fda80000,0x00000000fda80000,0x00000000fec00000)
 ParOldGen       total 311296K, used 201417K [0x0000000080000000, 0x0000000093000000, 0x00000000d5580000)
  object space 311296K, 64% used [0x0000000080000000,0x000000008c4b2680,0x0000000093000000)
 Metaspace       used 88968K, capacity 90642K, committed 91904K, reserved 1130496K
  class space    used 10990K, capacity 11301K, committed 11520K, reserved 1048576K
}
{Heap before GC invocations=261 (full 4):
 PSYoungGen      total 677376K, used 667369K [0x00000000d5580000, 0x00000000ffd80000, 0x0000000100000000)
  eden space 660480K, 99% used [0x00000000d5580000,0x00000000fd8201f0,0x00000000fda80000)
  from space 16896K, 55% used [0x00000000fed00000,0x00000000ff61a4f8,0x00000000ffd80000)
  to   space 17920K, 0% used [0x00000000fda80000,0x00000000fda80000,0x00000000fec00000)
 ParOldGen       total 311296K, used 201417K [0x0000000080000000, 0x0000000093000000, 0x00000000d5580000)
  object space 311296K, 64% used [0x0000000080000000,0x000000008c4b2680,0x0000000093000000)
 Metaspace       used 88968K, capacity 90642K, committed 91904K, reserved 1130496K
  class space    used 10990K, capacity 11301K, committed 11520K, reserved 1048576K
2023-08-21T00:09:24.395+0600: 28471.724: [GC (Allocation Failure) [PSYoungGen: 667369K->14619K(678400K)] 868787K->216148K(989696K), 0.0134983 secs] [Times: user=0.02 sys=0.00, real=0.01 secs] 
Heap after GC invocations=261 (full 4):
 PSYoungGen      total 678400K, used 14619K [0x00000000d5580000, 0x0000000100000000, 0x0000000100000000)
  eden space 660480K, 0% used [0x00000000d5580000,0x00000000d5580000,0x00000000fda80000)
  from space 17920K, 81% used [0x00000000fda80000,0x00000000fe8c6e58,0x00000000fec00000)
  to   space 18944K, 0% used [0x00000000fed80000,0x00000000fed80000,0x0000000100000000)
 ParOldGen       total 311296K, used 201528K [0x0000000080000000, 0x0000000093000000, 0x00000000d5580000)
  object space 311296K, 64% used [0x0000000080000000,0x000000008c4ce3c0,0x0000000093000000)
 Metaspace       used 88968K, capacity 90642K, committed 91904K, reserved 1130496K
  class space    used 10990K, capacity 11301K, committed 11520K, reserved 1048576K
}
{Heap before GC invocations=262 (full 4):
 PSYoungGen      total 678400K, used 675099K [0x00000000d5580000, 0x0000000100000000, 0x0000000100000000)
  eden space 660480K, 100% used [0x00000000d5580000,0x00000000fda80000,0x00000000fda80000)
  from space 17920K, 81% used [0x00000000fda80000,0x00000000fe8c6e58,0x00000000fec00000)
  to   space 18944K, 0% used [0x00000000fed80000,0x00000000fed80000,0x0000000100000000)
 ParOldGen       total 311296K, used 201528K [0x0000000080000000, 0x0000000093000000, 0x00000000d5580000)
  object space 311296K, 64% used [0x0000000080000000,0x000000008c4ce3c0,0x0000000093000000)
 Metaspace       used 88968K, capacity 90642K, committed 91904K, reserved 1130496K
  class space    used 10990K, capacity 11301K, committed 11520K, reserved 1048576K
2023-08-21T00:09:28.579+0600: 28475.907: [GC (Allocation Failure) [PSYoungGen: 675099K->1408K(677888K)] 876628K->202985K(989184K), 0.0095398 secs] [Times: user=0.02 sys=0.00, real=0.01 secs] 
Heap after GC invocations=262 (full 4):
 PSYoungGen      total 677888K, used 1408K [0x00000000d5580000, 0x0000000100000000, 0x0000000100000000)
  eden space 658944K, 0% used [0x00000000d5580000,0x00000000d5580000,0x00000000fd900000)
  from space 18944K, 7% used [0x00000000fed80000,0x00000000feee0040,0x0000000100000000)
  to   space 19968K, 0% used [0x00000000fd900000,0x00000000fd900000,0x00000000fec80000)
 ParOldGen       total 311296K, used 201576K [0x0000000080000000, 0x0000000093000000, 0x00000000d5580000)
  object space 311296K, 64% used [0x0000000080000000,0x000000008c4da3c0,0x0000000093000000)
 Metaspace       used 88968K, capacity 90642K, committed 91904K, reserved 1130496K
  class space    used 10990K, capacity 11301K, committed 11520K, reserved 1048576K
}
{Heap before GC invocations=263 (full 4):
 PSYoungGen      total 677888K, used 659826K [0x00000000d5580000, 0x0000000100000000, 0x0000000100000000)
  eden space 658944K, 99% used [0x00000000d5580000,0x00000000fd87c8d8,0x00000000fd900000)
  from space 18944K, 7% used [0x00000000fed80000,0x00000000feee0040,0x0000000100000000)
  to   space 19968K, 0% used [0x00000000fd900000,0x00000000fd900000,0x00000000fec80000)
 ParOldGen       total 311296K, used 201576K [0x0000000080000000, 0x0000000093000000, 0x00000000d5580000)
  object space 311296K, 64% used [0x0000000080000000,0x000000008c4da3c0,0x0000000093000000)
 Metaspace       used 88968K, capacity 90642K, committed 91904K, reserved 1130496K
  class space    used 10990K, capacity 11301K, committed 11520K, reserved 1048576K
2023-08-21T00:09:34.896+0600: 28482.224: [GC (Allocation Failure) [PSYoungGen: 659826K->10962K(678912K)] 861403K->212603K(990208K), 0.0146877 secs] [Times: user=0.03 sys=0.00, real=0.02 secs] 
Heap after GC invocations=263 (full 4):
 PSYoungGen      total 678912K, used 10962K [0x00000000d5580000, 0x0000000100000000, 0x0000000100000000)
  eden space 658944K, 0% used [0x00000000d5580000,0x00000000d5580000,0x00000000fd900000)
  from space 19968K, 54% used [0x00000000fd900000,0x00000000fe3b49c0,0x00000000fec80000)
  to   space 19456K, 0% used [0x00000000fed00000,0x00000000fed00000,0x0000000100000000)
 ParOldGen       total 311296K, used 201640K [0x0000000080000000, 0x0000000093000000, 0x00000000d5580000)
  object space 311296K, 64% used [0x0000000080000000,0x000000008c4ea310,0x0000000093000000)
 Metaspace       used 88968K, capacity 90642K, committed 91904K, reserved 1130496K
  class space    used 10990K, capacity 11301K, committed 11520K, reserved 1048576K
}
{Heap before GC invocations=264 (full 4):
 PSYoungGen      total 678912K, used 669906K [0x00000000d5580000, 0x0000000100000000, 0x0000000100000000)
  eden space 658944K, 100% used [0x00000000d5580000,0x00000000fd900000,0x00000000fd900000)
  from space 19968K, 54% used [0x00000000fd900000,0x00000000fe3b49c0,0x00000000fec80000)
  to   space 19456K, 0% used [0x00000000fed00000,0x00000000fed00000,0x0000000100000000)
 ParOldGen       total 311296K, used 201640K [0x0000000080000000, 0x0000000093000000, 0x00000000d5580000)
  object space 311296K, 64% used [0x0000000080000000,0x000000008c4ea310,0x0000000093000000)
 Metaspace       used 88968K, capacity 90642K, committed 91904K, reserved 1130496K
  class space    used 10990K, capacity 11301K, committed 11520K, reserved 1048576K
2023-08-21T00:09:39.105+0600: 28486.434: [GC (Allocation Failure) [PSYoungGen: 669906K->9225K(676352K)] 871547K->210914K(987648K), 0.0087341 secs] [Times: user=0.01 sys=0.00, real=0.01 secs] 
Heap after GC invocations=264 (full 4):
 PSYoungGen      total 676352K, used 9225K [0x00000000d5580000, 0x00000000ffd80000, 0x0000000100000000)
  eden space 659456K, 0% used [0x00000000d5580000,0x00000000d5580000,0x00000000fd980000)
  from space 16896K, 54% used [0x00000000fed00000,0x00000000ff602508,0x00000000ffd80000)
  to   space 18432K, 0% used [0x00000000fd980000,0x00000000fd980000,0x00000000feb80000)
 ParOldGen       total 311296K, used 201688K [0x0000000080000000, 0x0000000093000000, 0x00000000d5580000)
  object space 311296K, 64% used [0x0000000080000000,0x000000008c4f6310,0x0000000093000000)
 Metaspace       used 88968K, capacity 90642K, committed 91904K, reserved 1130496K
  class space    used 10990K, capacity 11301K, committed 11520K, reserved 1048576K
}
{Heap before GC invocations=265 (full 4):
 PSYoungGen      total 676352K, used 668681K [0x00000000d5580000, 0x00000000ffd80000, 0x0000000100000000)
  eden space 659456K, 100% used [0x00000000d5580000,0x00000000fd980000,0x00000000fd980000)
  from space 16896K, 54% used [0x00000000fed00000,0x00000000ff602508,0x00000000ffd80000)
  to   space 18432K, 0% used [0x00000000fd980000,0x00000000fd980000,0x00000000feb80000)
 ParOldGen       total 311296K, used 201688K [0x0000000080000000, 0x0000000093000000, 0x00000000d5580000)
  object space 311296K, 64% used [0x0000000080000000,0x000000008c4f6310,0x0000000093000000)
 Metaspace       used 88968K, capacity 90642K, committed 91904K, reserved 1130496K
  class space    used 10990K, capacity 11301K, committed 11520K, reserved 1048576K
2023-08-21T00:09:45.325+0600: 28492.654: [GC (Allocation Failure) [PSYoungGen: 668681K->14782K(677888K)] 870370K->216591K(989184K), 0.0144698 secs] [Times: user=0.02 sys=0.00, real=0.02 secs] 
Heap after GC invocations=265 (full 4):
 PSYoungGen      total 677888K, used 14782K [0x00000000d5580000, 0x0000000100000000, 0x0000000100000000)
  eden space 659456K, 0% used [0x00000000d5580000,0x00000000d5580000,0x00000000fd980000)
  from space 18432K, 80% used [0x00000000fd980000,0x00000000fe7ef9d0,0x00000000feb80000)
  to   space 19456K, 0% used [0x00000000fed00000,0x00000000fed00000,0x0000000100000000)
 ParOldGen       total 311296K, used 201808K [0x0000000080000000, 0x0000000093000000, 0x00000000d5580000)
  object space 311296K, 64% used [0x0000000080000000,0x000000008c514290,0x0000000093000000)
 Metaspace       used 88968K, capacity 90642K, committed 91904K, reserved 1130496K
  class space    used 10990K, capacity 11301K, committed 11520K, reserved 1048576K
}
{Heap before GC invocations=266 (full 4):
 PSYoungGen      total 677888K, used 674238K [0x00000000d5580000, 0x0000000100000000, 0x0000000100000000)
  eden space 659456K, 100% used [0x00000000d5580000,0x00000000fd980000,0x00000000fd980000)
  from space 18432K, 80% used [0x00000000fd980000,0x00000000fe7ef9d0,0x00000000feb80000)
  to   space 19456K, 0% used [0x00000000fed00000,0x00000000fed00000,0x0000000100000000)
 ParOldGen       total 311296K, used 201808K [0x0000000080000000, 0x0000000093000000, 0x00000000d5580000)
  object space 311296K, 64% used [0x0000000080000000,0x000000008c514290,0x0000000093000000)
 Metaspace       used 88968K, capacity 90642K, committed 91904K, reserved 1130496K
  class space    used 10990K, capacity 11301K, committed 11520K, reserved 1048576K
2023-08-21T00:09:49.626+0600: 28496.954: [GC (Allocation Failure) [PSYoungGen: 674238K->8905K(679936K)] 876047K->210753K(991232K), 0.0081702 secs] [Times: user=0.01 sys=0.00, real=0.01 secs] 
Heap after GC invocations=266 (full 4):
 PSYoungGen      total 679936K, used 8905K [0x00000000d5580000, 0x0000000100000000, 0x0000000100000000)
  eden space 660480K, 0% used [0x00000000d5580000,0x00000000d5580000,0x00000000fda80000)
  from space 19456K, 45% used [0x00000000fed00000,0x00000000ff5b2518,0x0000000100000000)
  to   space 18944K, 0% used [0x00000000fda80000,0x00000000fda80000,0x00000000fed00000)
 ParOldGen       total 311296K, used 201848K [0x0000000080000000, 0x0000000093000000, 0x00000000d5580000)
  object space 311296K, 64% used [0x0000000080000000,0x000000008c51e290,0x0000000093000000)
 Metaspace       used 88968K, capacity 90642K, committed 91904K, reserved 1130496K
  class space    used 10990K, capacity 11301K, committed 11520K, reserved 1048576K
}
{Heap before GC invocations=267 (full 4):
 PSYoungGen      total 679936K, used 669385K [0x00000000d5580000, 0x0000000100000000, 0x0000000100000000)
  eden space 660480K, 100% used [0x00000000d5580000,0x00000000fda80000,0x00000000fda80000)
  from space 19456K, 45% used [0x00000000fed00000,0x00000000ff5b2518,0x0000000100000000)
  to   space 18944K, 0% used [0x00000000fda80000,0x00000000fda80000,0x00000000fed00000)
 ParOldGen       total 311296K, used 201848K [0x0000000080000000, 0x0000000093000000, 0x00000000d5580000)
  object space 311296K, 64% used [0x0000000080000000,0x000000008c51e290,0x0000000093000000)
 Metaspace       used 88968K, capacity 90642K, committed 91904K, reserved 1130496K
  class space    used 10990K, capacity 11301K, committed 11520K, reserved 1048576K
2023-08-21T00:09:55.990+0600: 28503.319: [GC (Allocation Failure) [PSYoungGen: 669385K->14910K(675840K)] 871233K->216822K(987136K), 0.0098778 secs] [Times: user=0.02 sys=0.00, real=0.01 secs] 
Heap after GC invocations=267 (full 4):
 PSYoungGen      total 675840K, used 14910K [0x00000000d5580000, 0x0000000100000000, 0x0000000100000000)
  eden space 660480K, 0% used [0x00000000d5580000,0x00000000d5580000,0x00000000fda80000)
  from space 15360K, 97% used [0x00000000fda80000,0x00000000fe90f9e0,0x00000000fe980000)
  to   space 19968K, 0% used [0x00000000fec80000,0x00000000fec80000,0x0000000100000000)
 ParOldGen       total 311296K, used 201912K [0x0000000080000000, 0x0000000093000000, 0x00000000d5580000)
  object space 311296K, 64% used [0x0000000080000000,0x000000008c52e1e0,0x0000000093000000)
 Metaspace       used 88968K, capacity 90642K, committed 91904K, reserved 1130496K
  class space    used 10990K, capacity 11301K, committed 11520K, reserved 1048576K
}
{Heap before GC invocations=268 (full 4):
 PSYoungGen      total 675840K, used 675390K [0x00000000d5580000, 0x0000000100000000, 0x0000000100000000)
  eden space 660480K, 100% used [0x00000000d5580000,0x00000000fda80000,0x00000000fda80000)
  from space 15360K, 97% used [0x00000000fda80000,0x00000000fe90f9e0,0x00000000fe980000)
  to   space 19968K, 0% used [0x00000000fec80000,0x00000000fec80000,0x0000000100000000)
 ParOldGen       total 311296K, used 201912K [0x0000000080000000, 0x0000000093000000, 0x00000000d5580000)
  object space 311296K, 64% used [0x0000000080000000,0x000000008c52e1e0,0x0000000093000000)
 Metaspace       used 88970K, capacity 90642K, committed 91904K, reserved 1130496K
  class space    used 10990K, capacity 11301K, committed 11520K, reserved 1048576K
2023-08-21T00:10:00.155+0600: 28507.484: [GC (Allocation Failure) [PSYoungGen: 675390K->9129K(679936K)] 877302K->211073K(991232K), 0.0082534 secs] [Times: user=0.02 sys=0.00, real=0.01 secs] 
Heap after GC invocations=268 (full 4):
 PSYoungGen      total 679936K, used 9129K [0x00000000d5580000, 0x0000000100000000, 0x0000000100000000)
  eden space 659968K, 0% used [0x00000000d5580000,0x00000000d5580000,0x00000000fda00000)
  from space 19968K, 45% used [0x00000000fec80000,0x00000000ff56a538,0x0000000100000000)
  to   space 18944K, 0% used [0x00000000fda00000,0x00000000fda00000,0x00000000fec80000)
 ParOldGen       total 311296K, used 201944K [0x0000000080000000, 0x0000000093000000, 0x00000000d5580000)
  object space 311296K, 64% used [0x0000000080000000,0x000000008c5361e0,0x0000000093000000)
 Metaspace       used 88970K, capacity 90642K, committed 91904K, reserved 1130496K
  class space    used 10990K, capacity 11301K, committed 11520K, reserved 1048576K
}
{Heap before GC invocations=269 (full 4):
 PSYoungGen      total 679936K, used 669097K [0x00000000d5580000, 0x0000000100000000, 0x0000000100000000)
  eden space 659968K, 100% used [0x00000000d5580000,0x00000000fda00000,0x00000000fda00000)
  from space 19968K, 45% used [0x00000000fec80000,0x00000000ff56a538,0x0000000100000000)
  to   space 18944K, 0% used [0x00000000fda00000,0x00000000fda00000,0x00000000fec80000)
 ParOldGen       total 311296K, used 201944K [0x0000000080000000, 0x0000000093000000, 0x00000000d5580000)
  object space 311296K, 64% used [0x0000000080000000,0x000000008c5361e0,0x0000000093000000)
 Metaspace       used 88970K, capacity 90642K, committed 91904K, reserved 1130496K
  class space    used 10990K, capacity 11301K, committed 11520K, reserved 1048576K
2023-08-21T00:10:06.485+0600: 28513.814: [GC (Allocation Failure) [PSYoungGen: 669097K->13128K(678912K)] 871041K->215248K(990208K), 0.0171882 secs] [Times: user=0.03 sys=0.00, real=0.02 secs] 
Heap after GC invocations=269 (full 4):
 PSYoungGen      total 678912K, used 13128K [0x00000000d5580000, 0x0000000100000000, 0x0000000100000000)
  eden space 659968K, 0% used [0x00000000d5580000,0x00000000d5580000,0x00000000fda00000)
  from space 18944K, 69% used [0x00000000fda00000,0x00000000fe6d2200,0x00000000fec80000)
  to   space 19456K, 0% used [0x00000000fed00000,0x00000000fed00000,0x0000000100000000)
 ParOldGen       total 311296K, used 202119K [0x0000000080000000, 0x0000000093000000, 0x00000000d5580000)
  object space 311296K, 64% used [0x0000000080000000,0x000000008c561f50,0x0000000093000000)
 Metaspace       used 88970K, capacity 90642K, committed 91904K, reserved 1130496K
  class space    used 10990K, capacity 11301K, committed 11520K, reserved 1048576K
}
{Heap before GC invocations=270 (full 4):
 PSYoungGen      total 678912K, used 673096K [0x00000000d5580000, 0x0000000100000000, 0x0000000100000000)
  eden space 659968K, 100% used [0x00000000d5580000,0x00000000fda00000,0x00000000fda00000)
  from space 18944K, 69% used [0x00000000fda00000,0x00000000fe6d2200,0x00000000fec80000)
  to   space 19456K, 0% used [0x00000000fed00000,0x00000000fed00000,0x0000000100000000)
 ParOldGen       total 311296K, used 202119K [0x0000000080000000, 0x0000000093000000, 0x00000000d5580000)
  object space 311296K, 64% used [0x0000000080000000,0x000000008c561f50,0x0000000093000000)
 Metaspace       used 88980K, capacity 90642K, committed 91904K, reserved 1130496K
  class space    used 10990K, capacity 11301K, committed 11520K, reserved 1048576K
2023-08-21T00:10:10.710+0600: 28518.039: [GC (Allocation Failure) [PSYoungGen: 673096K->9161K(678400K)] 875216K->211313K(989696K), 0.0083111 secs] [Times: user=0.01 sys=0.00, real=0.00 secs] 
Heap after GC invocations=270 (full 4):
 PSYoungGen      total 678400K, used 9161K [0x00000000d5580000, 0x00000000ffe80000, 0x0000000100000000)
  eden space 660480K, 0% used [0x00000000d5580000,0x00000000d5580000,0x00000000fda80000)
  from space 17920K, 51% used [0x00000000fed00000,0x00000000ff5f2538,0x00000000ffe80000)
  to   space 18432K, 0% used [0x00000000fda80000,0x00000000fda80000,0x00000000fec80000)
 ParOldGen       total 311296K, used 202151K [0x0000000080000000, 0x0000000093000000, 0x00000000d5580000)
  object space 311296K, 64% used [0x0000000080000000,0x000000008c569f50,0x0000000093000000)
 Metaspace       used 88980K, capacity 90642K, committed 91904K, reserved 1130496K
  class space    used 10990K, capacity 11301K, committed 11520K, reserved 1048576K
}
{Heap before GC invocations=271 (full 4):
 PSYoungGen      total 678400K, used 669641K [0x00000000d5580000, 0x00000000ffe80000, 0x0000000100000000)
  eden space 660480K, 100% used [0x00000000d5580000,0x00000000fda80000,0x00000000fda80000)
  from space 17920K, 51% used [0x00000000fed00000,0x00000000ff5f2538,0x00000000ffe80000)
  to   space 18432K, 0% used [0x00000000fda80000,0x00000000fda80000,0x00000000fec80000)
 ParOldGen       total 311296K, used 202151K [0x0000000080000000, 0x0000000093000000, 0x00000000d5580000)
  object space 311296K, 64% used [0x0000000080000000,0x000000008c569f50,0x0000000093000000)
 Metaspace       used 88980K, capacity 90642K, committed 91904K, reserved 1130496K
  class space    used 10990K, capacity 11301K, committed 11520K, reserved 1048576K
2023-08-21T00:10:17.117+0600: 28524.445: [GC (Allocation Failure) [PSYoungGen: 669641K->12157K(678912K)] 871793K->214357K(990208K), 0.0133781 secs] [Times: user=0.03 sys=0.00, real=0.02 secs] 
Heap after GC invocations=271 (full 4):
 PSYoungGen      total 678912K, used 12157K [0x00000000d5580000, 0x0000000100000000, 0x0000000100000000)
  eden space 660480K, 0% used [0x00000000d5580000,0x00000000d5580000,0x00000000fda80000)
  from space 18432K, 65% used [0x00000000fda80000,0x00000000fe65f600,0x00000000fec80000)
  to   space 18432K, 0% used [0x00000000fee00000,0x00000000fee00000,0x0000000100000000)
 ParOldGen       total 311296K, used 202199K [0x0000000080000000, 0x0000000093000000, 0x00000000d5580000)
  object space 311296K, 64% used [0x0000000080000000,0x000000008c575f50,0x0000000093000000)
 Metaspace       used 88980K, capacity 90642K, committed 91904K, reserved 1130496K
  class space    used 10990K, capacity 11301K, committed 11520K, reserved 1048576K
}
{Heap before GC invocations=272 (full 4):
 PSYoungGen      total 678912K, used 672637K [0x00000000d5580000, 0x0000000100000000, 0x0000000100000000)
  eden space 660480K, 100% used [0x00000000d5580000,0x00000000fda80000,0x00000000fda80000)
  from space 18432K, 65% used [0x00000000fda80000,0x00000000fe65f600,0x00000000fec80000)
  to   space 18432K, 0% used [0x00000000fee00000,0x00000000fee00000,0x0000000100000000)
 ParOldGen       total 311296K, used 202199K [0x0000000080000000, 0x0000000093000000, 0x00000000d5580000)
  object space 311296K, 64% used [0x0000000080000000,0x000000008c575f50,0x0000000093000000)
 Metaspace       used 88983K, capacity 90642K, committed 91904K, reserved 1130496K
  class space    used 10990K, capacity 11301K, committed 11520K, reserved 1048576K
2023-08-21T00:10:21.492+0600: 28528.820: [GC (Allocation Failure) [PSYoungGen: 672637K->9577K(679424K)] 874837K->211809K(990720K), 0.0086873 secs] [Times: user=0.01 sys=0.00, real=0.01 secs] 
Heap after GC invocations=272 (full 4):
 PSYoungGen      total 679424K, used 9577K [0x00000000d5580000, 0x00000000fff00000, 0x0000000100000000)
  eden space 662016K, 0% used [0x00000000d5580000,0x00000000d5580000,0x00000000fdc00000)
  from space 17408K, 55% used [0x00000000fee00000,0x00000000ff75a538,0x00000000fff00000)
  to   space 17920K, 0% used [0x00000000fdc00000,0x00000000fdc00000,0x00000000fed80000)
 ParOldGen       total 311296K, used 202231K [0x0000000080000000, 0x0000000093000000, 0x00000000d5580000)
  object space 311296K, 64% used [0x0000000080000000,0x000000008c57df50,0x0000000093000000)
 Metaspace       used 88983K, capacity 90642K, committed 91904K, reserved 1130496K
  class space    used 10990K, capacity 11301K, committed 11520K, reserved 1048576K
}
{Heap before GC invocations=273 (full 4):
 PSYoungGen      total 679424K, used 671405K [0x00000000d5580000, 0x00000000fff00000, 0x0000000100000000)
  eden space 662016K, 99% used [0x00000000d5580000,0x00000000fdbd1230,0x00000000fdc00000)
  from space 17408K, 55% used [0x00000000fee00000,0x00000000ff75a538,0x00000000fff00000)
  to   space 17920K, 0% used [0x00000000fdc00000,0x00000000fdc00000,0x00000000fed80000)
 ParOldGen       total 311296K, used 202231K [0x0000000080000000, 0x0000000093000000, 0x00000000d5580000)
  object space 311296K, 64% used [0x0000000080000000,0x000000008c57df50,0x0000000093000000)
 Metaspace       used 88983K, capacity 90642K, committed 91904K, reserved 1130496K
  class space    used 10990K, capacity 11301K, committed 11520K, reserved 1048576K
2023-08-21T00:10:27.815+0600: 28535.144: [GC (Allocation Failure) [PSYoungGen: 671405K->15003K(679936K)] 873637K->217467K(991232K), 0.0139224 secs] [Times: user=0.02 sys=0.00, real=0.02 secs] 
Heap after GC invocations=273 (full 4):
 PSYoungGen      total 679936K, used 15003K [0x00000000d5580000, 0x0000000100000000, 0x0000000100000000)
  eden space 662016K, 0% used [0x00000000d5580000,0x00000000d5580000,0x00000000fdc00000)
  from space 17920K, 83% used [0x00000000fdc00000,0x00000000feaa6ea8,0x00000000fed80000)
  to   space 18944K, 0% used [0x00000000fed80000,0x00000000fed80000,0x0000000100000000)
 ParOldGen       total 311296K, used 202463K [0x0000000080000000, 0x0000000093000000, 0x00000000d5580000)
  object space 311296K, 65% used [0x0000000080000000,0x000000008c5b7da0,0x0000000093000000)
 Metaspace       used 88983K, capacity 90642K, committed 91904K, reserved 1130496K
  class space    used 10990K, capacity 11301K, committed 11520K, reserved 1048576K
}
{Heap before GC invocations=274 (full 4):
 PSYoungGen      total 679936K, used 677019K [0x00000000d5580000, 0x0000000100000000, 0x0000000100000000)
  eden space 662016K, 100% used [0x00000000d5580000,0x00000000fdc00000,0x00000000fdc00000)
  from space 17920K, 83% used [0x00000000fdc00000,0x00000000feaa6ea8,0x00000000fed80000)
  to   space 18944K, 0% used [0x00000000fed80000,0x00000000fed80000,0x0000000100000000)
 ParOldGen       total 311296K, used 202463K [0x0000000080000000, 0x0000000093000000, 0x00000000d5580000)
  object space 311296K, 65% used [0x0000000080000000,0x000000008c5b7da0,0x0000000093000000)
 Metaspace       used 88983K, capacity 90642K, committed 91904K, reserved 1130496K
  class space    used 10990K, capacity 11301K, committed 11520K, reserved 1048576K
2023-08-21T00:10:31.974+0600: 28539.303: [GC (Allocation Failure) [PSYoungGen: 677019K->8969K(680448K)] 879483K->211456K(991744K), 0.0079596 secs] [Times: user=0.01 sys=0.00, real=0.01 secs] 
Heap after GC invocations=274 (full 4):
 PSYoungGen      total 680448K, used 8969K [0x00000000d5580000, 0x0000000100000000, 0x0000000100000000)
  eden space 661504K, 0% used [0x00000000d5580000,0x00000000d5580000,0x00000000fdb80000)
  from space 18944K, 47% used [0x00000000fed80000,0x00000000ff642538,0x0000000100000000)
  to   space 18432K, 0% used [0x00000000fdb80000,0x00000000fdb80000,0x00000000fed80000)
 ParOldGen       total 311296K, used 202487K [0x0000000080000000, 0x0000000093000000, 0x00000000d5580000)
  object space 311296K, 65% used [0x0000000080000000,0x000000008c5bdda0,0x0000000093000000)
 Metaspace       used 88983K, capacity 90642K, committed 91904K, reserved 1130496K
  class space    used 10990K, capacity 11301K, committed 11520K, reserved 1048576K
}
{Heap before GC invocations=275 (full 4):
 PSYoungGen      total 680448K, used 669327K [0x00000000d5580000, 0x0000000100000000, 0x0000000100000000)
  eden space 661504K, 99% used [0x00000000d5580000,0x00000000fda61828,0x00000000fdb80000)
  from space 18944K, 47% used [0x00000000fed80000,0x00000000ff642538,0x0000000100000000)
  to   space 18432K, 0% used [0x00000000fdb80000,0x00000000fdb80000,0x00000000fed80000)
 ParOldGen       total 311296K, used 202487K [0x0000000080000000, 0x0000000093000000, 0x00000000d5580000)
  object space 311296K, 65% used [0x0000000080000000,0x000000008c5bdda0,0x0000000093000000)
 Metaspace       used 88983K, capacity 90642K, committed 91904K, reserved 1130496K
  class space    used 10990K, capacity 11301K, committed 11520K, reserved 1048576K
2023-08-21T00:10:38.198+0600: 28545.526: [GC (Allocation Failure) [PSYoungGen: 669327K->15003K(676864K)] 871814K->217539K(988160K), 0.0107755 secs] [Times: user=0.02 sys=0.00, real=0.01 secs] 
Heap after GC invocations=275 (full 4):
 PSYoungGen      total 676864K, used 15003K [0x00000000d5580000, 0x0000000100000000, 0x0000000100000000)
  eden space 661504K, 0% used [0x00000000d5580000,0x00000000d5580000,0x00000000fdb80000)
  from space 15360K, 97% used [0x00000000fdb80000,0x00000000fea26ea8,0x00000000fea80000)
  to   space 19456K, 0% used [0x00000000fed00000,0x00000000fed00000,0x0000000100000000)
 ParOldGen       total 311296K, used 202535K [0x0000000080000000, 0x0000000093000000, 0x00000000d5580000)
  object space 311296K, 65% used [0x0000000080000000,0x000000008c5c9da0,0x0000000093000000)
 Metaspace       used 88983K, capacity 90642K, committed 91904K, reserved 1130496K
  class space    used 10990K, capacity 11301K, committed 11520K, reserved 1048576K
}
{Heap before GC invocations=276 (full 4):
 PSYoungGen      total 676864K, used 676507K [0x00000000d5580000, 0x0000000100000000, 0x0000000100000000)
  eden space 661504K, 100% used [0x00000000d5580000,0x00000000fdb80000,0x00000000fdb80000)
  from space 15360K, 97% used [0x00000000fdb80000,0x00000000fea26ea8,0x00000000fea80000)
  to   space 19456K, 0% used [0x00000000fed00000,0x00000000fed00000,0x0000000100000000)
 ParOldGen       total 311296K, used 202535K [0x0000000080000000, 0x0000000093000000, 0x00000000d5580000)
  object space 311296K, 65% used [0x0000000080000000,0x000000008c5c9da0,0x0000000093000000)
 Metaspace       used 88984K, capacity 90642K, committed 91904K, reserved 1130496K
  class space    used 10990K, capacity 11301K, committed 11520K, reserved 1048576K
2023-08-21T00:10:42.514+0600: 28549.843: [GC (Allocation Failure) [PSYoungGen: 676507K->9193K(679936K)] 879043K->211760K(991232K), 0.0116044 secs] [Times: user=0.02 sys=0.00, real=0.01 secs] 
Heap after GC invocations=276 (full 4):
 PSYoungGen      total 679936K, used 9193K [0x00000000d5580000, 0x0000000100000000, 0x0000000100000000)
  eden space 660480K, 0% used [0x00000000d5580000,0x00000000d5580000,0x00000000fda80000)
  from space 19456K, 47% used [0x00000000fed00000,0x00000000ff5fa548,0x0000000100000000)
  to   space 18944K, 0% used [0x00000000fda80000,0x00000000fda80000,0x00000000fed00000)
 ParOldGen       total 311296K, used 202567K [0x0000000080000000, 0x0000000093000000, 0x00000000d5580000)
  object space 311296K, 65% used [0x0000000080000000,0x000000008c5d1da0,0x0000000093000000)
 Metaspace       used 88984K, capacity 90642K, committed 91904K, reserved 1130496K
  class space    used 10990K, capacity 11301K, committed 11520K, reserved 1048576K
}
{Heap before GC invocations=277 (full 4):
 PSYoungGen      total 679936K, used 666665K [0x00000000d5580000, 0x0000000100000000, 0x0000000100000000)
  eden space 660480K, 99% used [0x00000000d5580000,0x00000000fd7902b0,0x00000000fda80000)
  from space 19456K, 47% used [0x00000000fed00000,0x00000000ff5fa548,0x0000000100000000)
  to   space 18944K, 0% used [0x00000000fda80000,0x00000000fda80000,0x00000000fed00000)
 ParOldGen       total 311296K, used 202567K [0x0000000080000000, 0x0000000093000000, 0x00000000d5580000)
  object space 311296K, 65% used [0x0000000080000000,0x000000008c5d1da0,0x0000000093000000)
 Metaspace       used 88984K, capacity 90642K, committed 91904K, reserved 1130496K
  class space    used 10990K, capacity 11301K, committed 11520K, reserved 1048576K
2023-08-21T00:10:49.043+0600: 28556.371: [GC (Allocation Failure) [PSYoungGen: 666665K->11474K(672256K)] 869233K->214192K(983552K), 0.0140283 secs] [Times: user=0.02 sys=0.00, real=0.01 secs] 
Heap after GC invocations=277 (full 4):
 PSYoungGen      total 672256K, used 11474K [0x00000000d5580000, 0x00000000ffe80000, 0x0000000100000000)
  eden space 660480K, 0% used [0x00000000d5580000,0x00000000d5580000,0x00000000fda80000)
  from space 11776K, 97% used [0x00000000fda80000,0x00000000fe5b4a00,0x00000000fe600000)
  to   space 18432K, 0% used [0x00000000fec80000,0x00000000fec80000,0x00000000ffe80000)
 ParOldGen       total 311296K, used 202718K [0x0000000080000000, 0x0000000093000000, 0x00000000d5580000)
  object space 311296K, 65% used [0x0000000080000000,0x000000008c5f7980,0x0000000093000000)
 Metaspace       used 88984K, capacity 90642K, committed 91904K, reserved 1130496K
  class space    used 10990K, capacity 11301K, committed 11520K, reserved 1048576K
}
{Heap before GC invocations=278 (full 4):
 PSYoungGen      total 672256K, used 671954K [0x00000000d5580000, 0x00000000ffe80000, 0x0000000100000000)
  eden space 660480K, 100% used [0x00000000d5580000,0x00000000fda80000,0x00000000fda80000)
  from space 11776K, 97% used [0x00000000fda80000,0x00000000fe5b4a00,0x00000000fe600000)
  to   space 18432K, 0% used [0x00000000fec80000,0x00000000fec80000,0x00000000ffe80000)
 ParOldGen       total 311296K, used 202718K [0x0000000080000000, 0x0000000093000000, 0x00000000d5580000)
  object space 311296K, 65% used [0x0000000080000000,0x000000008c5f7980,0x0000000093000000)
 Metaspace       used 88984K, capacity 90642K, committed 91904K, reserved 1130496K
  class space    used 10990K, capacity 11301K, committed 11520K, reserved 1048576K
2023-08-21T00:10:53.331+0600: 28560.659: [GC (Allocation Failure) [PSYoungGen: 671954K->9353K(679424K)] 874672K->212111K(990720K), 0.0099121 secs] [Times: user=0.02 sys=0.00, real=0.01 secs] 
Heap after GC invocations=278 (full 4):
 PSYoungGen      total 679424K, used 9353K [0x00000000d5580000, 0x0000000100000000, 0x0000000100000000)
  eden space 660992K, 0% used [0x00000000d5580000,0x00000000d5580000,0x00000000fdb00000)
  from space 18432K, 50% used [0x00000000fec80000,0x00000000ff5a2548,0x00000000ffe80000)
  to   space 17920K, 0% used [0x00000000fdb00000,0x00000000fdb00000,0x00000000fec80000)
 ParOldGen       total 311296K, used 202758K [0x0000000080000000, 0x0000000093000000, 0x00000000d5580000)
  object space 311296K, 65% used [0x0000000080000000,0x000000008c601980,0x0000000093000000)
 Metaspace       used 88984K, capacity 90642K, committed 91904K, reserved 1130496K
  class space    used 10990K, capacity 11301K, committed 11520K, reserved 1048576K
}
{Heap before GC invocations=279 (full 4):
 PSYoungGen      total 679424K, used 668429K [0x00000000d5580000, 0x0000000100000000, 0x0000000100000000)
  eden space 660992K, 99% used [0x00000000d5580000,0x00000000fd921180,0x00000000fdb00000)
  from space 18432K, 50% used [0x00000000fec80000,0x00000000ff5a2548,0x00000000ffe80000)
  to   space 17920K, 0% used [0x00000000fdb00000,0x00000000fdb00000,0x00000000fec80000)
 ParOldGen       total 311296K, used 202758K [0x0000000080000000, 0x0000000093000000, 0x00000000d5580000)
  object space 311296K, 65% used [0x0000000080000000,0x000000008c601980,0x0000000093000000)
 Metaspace       used 88984K, capacity 90642K, committed 91904K, reserved 1130496K
  class space    used 10990K, capacity 11301K, committed 11520K, reserved 1048576K
2023-08-21T00:10:59.650+0600: 28566.979: [GC (Allocation Failure) [PSYoungGen: 668429K->15163K(678912K)] 871188K->218034K(990208K), 0.0144749 secs] [Times: user=0.02 sys=0.00, real=0.01 secs] 
Heap after GC invocations=279 (full 4):
 PSYoungGen      total 678912K, used 15163K [0x00000000d5580000, 0x0000000100000000, 0x0000000100000000)
  eden space 660992K, 0% used [0x00000000d5580000,0x00000000d5580000,0x00000000fdb00000)
  from space 17920K, 84% used [0x00000000fdb00000,0x00000000fe9ceeb8,0x00000000fec80000)
  to   space 18944K, 0% used [0x00000000fed80000,0x00000000fed80000,0x0000000100000000)
 ParOldGen       total 311296K, used 202870K [0x0000000080000000, 0x0000000093000000, 0x00000000d5580000)
  object space 311296K, 65% used [0x0000000080000000,0x000000008c61d9b0,0x0000000093000000)
 Metaspace       used 88984K, capacity 90642K, committed 91904K, reserved 1130496K
  class space    used 10990K, capacity 11301K, committed 11520K, reserved 1048576K
}
{Heap before GC invocations=280 (full 4):
 PSYoungGen      total 678912K, used 676155K [0x00000000d5580000, 0x0000000100000000, 0x0000000100000000)
  eden space 660992K, 100% used [0x00000000d5580000,0x00000000fdb00000,0x00000000fdb00000)
  from space 17920K, 84% used [0x00000000fdb00000,0x00000000fe9ceeb8,0x00000000fec80000)
  to   space 18944K, 0% used [0x00000000fed80000,0x00000000fed80000,0x0000000100000000)
 ParOldGen       total 311296K, used 202870K [0x0000000080000000, 0x0000000093000000, 0x00000000d5580000)
  object space 311296K, 65% used [0x0000000080000000,0x000000008c61d9b0,0x0000000093000000)
 Metaspace       used 88984K, capacity 90642K, committed 91904K, reserved 1130496K
  class space    used 10990K, capacity 11301K, committed 11520K, reserved 1048576K
2023-08-21T00:11:03.918+0600: 28571.246: [GC (Allocation Failure) [PSYoungGen: 676155K->9481K(680448K)] 879026K->212383K(991744K), 0.0083456 secs] [Times: user=0.02 sys=0.00, real=0.01 secs] 
Heap after GC invocations=280 (full 4):
 PSYoungGen      total 680448K, used 9481K [0x00000000d5580000, 0x0000000100000000, 0x0000000100000000)
  eden space 661504K, 0% used [0x00000000d5580000,0x00000000d5580000,0x00000000fdb80000)
  from space 18944K, 50% used [0x00000000fed80000,0x00000000ff6c2548,0x0000000100000000)
  to   space 18432K, 0% used [0x00000000fdb80000,0x00000000fdb80000,0x00000000fed80000)
 ParOldGen       total 311296K, used 202902K [0x0000000080000000, 0x0000000093000000, 0x00000000d5580000)
  object space 311296K, 65% used [0x0000000080000000,0x000000008c6259b0,0x0000000093000000)
 Metaspace       used 88984K, capacity 90642K, committed 91904K, reserved 1130496K
  class space    used 10990K, capacity 11301K, committed 11520K, reserved 1048576K
}
{Heap before GC invocations=281 (full 4):
 PSYoungGen      total 680448K, used 668293K [0x00000000d5580000, 0x0000000100000000, 0x0000000100000000)
  eden space 661504K, 99% used [0x00000000d5580000,0x00000000fd8df0c0,0x00000000fdb80000)
  from space 18944K, 50% used [0x00000000fed80000,0x00000000ff6c2548,0x0000000100000000)
  to   space 18432K, 0% used [0x00000000fdb80000,0x00000000fdb80000,0x00000000fed80000)
 ParOldGen       total 311296K, used 202902K [0x0000000080000000, 0x0000000093000000, 0x00000000d5580000)
  object space 311296K, 65% used [0x0000000080000000,0x000000008c6259b0,0x0000000093000000)
 Metaspace       used 88985K, capacity 90642K, committed 91904K, reserved 1130496K
  class space    used 10990K, capacity 11301K, committed 11520K, reserved 1048576K
2023-08-21T00:11:10.501+0600: 28577.829: [GC (Allocation Failure) [PSYoungGen: 668293K->11250K(672768K)] 871195K->214320K(984064K), 0.0117367 secs] [Times: user=0.02 sys=0.01, real=0.01 secs] 
Heap after GC invocations=281 (full 4):
 PSYoungGen      total 672768K, used 11250K [0x00000000d5580000, 0x00000000ffe80000, 0x0000000100000000)
  eden space 661504K, 0% used [0x00000000d5580000,0x00000000d5580000,0x00000000fdb80000)
  from space 11264K, 99% used [0x00000000fdb80000,0x00000000fe67c9f0,0x00000000fe680000)
  to   space 17920K, 0% used [0x00000000fed00000,0x00000000fed00000,0x00000000ffe80000)
 ParOldGen       total 311296K, used 203070K [0x0000000080000000, 0x0000000093000000, 0x00000000d5580000)
  object space 311296K, 65% used [0x0000000080000000,0x000000008c64f880,0x0000000093000000)
 Metaspace       used 88985K, capacity 90642K, committed 91904K, reserved 1130496K
  class space    used 10990K, capacity 11301K, committed 11520K, reserved 1048576K
}
{Heap before GC invocations=282 (full 4):
 PSYoungGen      total 672768K, used 672754K [0x00000000d5580000, 0x00000000ffe80000, 0x0000000100000000)
  eden space 661504K, 100% used [0x00000000d5580000,0x00000000fdb80000,0x00000000fdb80000)
  from space 11264K, 99% used [0x00000000fdb80000,0x00000000fe67c9f0,0x00000000fe680000)
  to   space 17920K, 0% used [0x00000000fed00000,0x00000000fed00000,0x00000000ffe80000)
 ParOldGen       total 311296K, used 203070K [0x0000000080000000, 0x0000000093000000, 0x00000000d5580000)
  object space 311296K, 65% used [0x0000000080000000,0x000000008c64f880,0x0000000093000000)
 Metaspace       used 88985K, capacity 90642K, committed 91904K, reserved 1130496K
  class space    used 10990K, capacity 11301K, committed 11520K, reserved 1048576K
2023-08-21T00:11:14.705+0600: 28582.034: [GC (Allocation Failure) [PSYoungGen: 672754K->9737K(679936K)] 875824K->212847K(991232K), 0.0087879 secs] [Times: user=0.02 sys=0.00, real=0.01 secs] 
Heap after GC invocations=282 (full 4):
 PSYoungGen      total 679936K, used 9737K [0x00000000d5580000, 0x0000000100000000, 0x0000000100000000)
  eden space 662016K, 0% used [0x00000000d5580000,0x00000000d5580000,0x00000000fdc00000)
  from space 17920K, 54% used [0x00000000fed00000,0x00000000ff682548,0x00000000ffe80000)
  to   space 17408K, 0% used [0x00000000fdc00000,0x00000000fdc00000,0x00000000fed00000)
 ParOldGen       total 311296K, used 203110K [0x0000000080000000, 0x0000000093000000, 0x00000000d5580000)
  object space 311296K, 65% used [0x0000000080000000,0x000000008c659880,0x0000000093000000)
 Metaspace       used 88985K, capacity 90642K, committed 91904K, reserved 1130496K
  class space    used 10990K, capacity 11301K, committed 11520K, reserved 1048576K
}
{Heap before GC invocations=283 (full 4):
 PSYoungGen      total 679936K, used 668277K [0x00000000d5580000, 0x0000000100000000, 0x0000000100000000)
  eden space 662016K, 99% used [0x00000000d5580000,0x00000000fd89af18,0x00000000fdc00000)
  from space 17920K, 54% used [0x00000000fed00000,0x00000000ff682548,0x00000000ffe80000)
  to   space 17408K, 0% used [0x00000000fdc00000,0x00000000fdc00000,0x00000000fed00000)
 ParOldGen       total 311296K, used 203110K [0x0000000080000000, 0x0000000093000000, 0x00000000d5580000)
  object space 311296K, 65% used [0x0000000080000000,0x000000008c659880,0x0000000093000000)
 Metaspace       used 88985K, capacity 90642K, committed 91904K, reserved 1130496K
  class space    used 10990K, capacity 11301K, committed 11520K, reserved 1048576K
2023-08-21T00:11:20.964+0600: 28588.293: [GC (Allocation Failure) [PSYoungGen: 668277K->15067K(679424K)] 871387K->218456K(990720K), 0.0174053 secs] [Times: user=0.03 sys=0.00, real=0.02 secs] 
Heap after GC invocations=283 (full 4):
 PSYoungGen      total 679424K, used 15067K [0x00000000d5580000, 0x0000000100000000, 0x0000000100000000)
  eden space 662016K, 0% used [0x00000000d5580000,0x00000000d5580000,0x00000000fdc00000)
  from space 17408K, 86% used [0x00000000fdc00000,0x00000000feab6ea8,0x00000000fed00000)
  to   space 18432K, 0% used [0x00000000fee00000,0x00000000fee00000,0x0000000100000000)
 ParOldGen       total 311296K, used 203389K [0x0000000080000000, 0x0000000093000000, 0x00000000d5580000)
  object space 311296K, 65% used [0x0000000080000000,0x000000008c69f4c0,0x0000000093000000)
 Metaspace       used 88985K, capacity 90642K, committed 91904K, reserved 1130496K
  class space    used 10990K, capacity 11301K, committed 11520K, reserved 1048576K
}
{Heap before GC invocations=284 (full 4):
 PSYoungGen      total 679424K, used 677083K [0x00000000d5580000, 0x0000000100000000, 0x0000000100000000)
  eden space 662016K, 100% used [0x00000000d5580000,0x00000000fdc00000,0x00000000fdc00000)
  from space 17408K, 86% used [0x00000000fdc00000,0x00000000feab6ea8,0x00000000fed00000)
  to   space 18432K, 0% used [0x00000000fee00000,0x00000000fee00000,0x0000000100000000)
 ParOldGen       total 311296K, used 203389K [0x0000000080000000, 0x0000000093000000, 0x00000000d5580000)
  object space 311296K, 65% used [0x0000000080000000,0x000000008c69f4c0,0x0000000093000000)
 Metaspace       used 88988K, capacity 90642K, committed 91904K, reserved 1130496K
  class space    used 10990K, capacity 11301K, committed 11520K, reserved 1048576K
2023-08-21T00:11:25.371+0600: 28592.699: [GC (Allocation Failure) [PSYoungGen: 677083K->9577K(680960K)] 880472K->213053K(992256K), 0.0108114 secs] [Times: user=0.02 sys=0.00, real=0.01 secs] 
Heap after GC invocations=284 (full 4):
 PSYoungGen      total 680960K, used 9577K [0x00000000d5580000, 0x0000000100000000, 0x0000000100000000)
  eden space 662528K, 0% used [0x00000000d5580000,0x00000000d5580000,0x00000000fdc80000)
  from space 18432K, 51% used [0x00000000fee00000,0x00000000ff75a538,0x0000000100000000)
  to   space 17920K, 0% used [0x00000000fdc80000,0x00000000fdc80000,0x00000000fee00000)
 ParOldGen       total 311296K, used 203476K [0x0000000080000000, 0x0000000093000000, 0x00000000d5580000)
  object space 311296K, 65% used [0x0000000080000000,0x000000008c6b52b0,0x0000000093000000)
 Metaspace       used 88988K, capacity 90642K, committed 91904K, reserved 1130496K
  class space    used 10990K, capacity 11301K, committed 11520K, reserved 1048576K
}
{Heap before GC invocations=285 (full 4):
 PSYoungGen      total 680960K, used 669457K [0x00000000d5580000, 0x0000000100000000, 0x0000000100000000)
  eden space 662528K, 99% used [0x00000000d5580000,0x00000000fd9ea228,0x00000000fdc80000)
  from space 18432K, 51% used [0x00000000fee00000,0x00000000ff75a538,0x0000000100000000)
  to   space 17920K, 0% used [0x00000000fdc80000,0x00000000fdc80000,0x00000000fee00000)
 ParOldGen       total 311296K, used 203476K [0x0000000080000000, 0x0000000093000000, 0x00000000d5580000)
  object space 311296K, 65% used [0x0000000080000000,0x000000008c6b52b0,0x0000000093000000)
 Metaspace       used 88988K, capacity 90642K, committed 91904K, reserved 1130496K
  class space    used 10990K, capacity 11301K, committed 11520K, reserved 1048576K
2023-08-21T00:11:31.602+0600: 28598.931: [GC (Allocation Failure) [PSYoungGen: 669457K->15035K(680448K)] 872934K->218552K(991744K), 0.0161250 secs] [Times: user=0.02 sys=0.00, real=0.01 secs] 
Heap after GC invocations=285 (full 4):
 PSYoungGen      total 680448K, used 15035K [0x00000000d5580000, 0x0000000100000000, 0x0000000100000000)
  eden space 662528K, 0% used [0x00000000d5580000,0x00000000d5580000,0x00000000fdc80000)
  from space 17920K, 83% used [0x00000000fdc80000,0x00000000feb2eea8,0x00000000fee00000)
  to   space 18432K, 0% used [0x00000000fee00000,0x00000000fee00000,0x0000000100000000)
 ParOldGen       total 311296K, used 203516K [0x0000000080000000, 0x0000000093000000, 0x00000000d5580000)
  object space 311296K, 65% used [0x0000000080000000,0x000000008c6bf2b0,0x0000000093000000)
 Metaspace       used 88988K, capacity 90642K, committed 91904K, reserved 1130496K
  class space    used 10990K, capacity 11301K, committed 11520K, reserved 1048576K
}
{Heap before GC invocations=286 (full 4):
 PSYoungGen      total 680448K, used 677563K [0x00000000d5580000, 0x0000000100000000, 0x0000000100000000)
  eden space 662528K, 100% used [0x00000000d5580000,0x00000000fdc80000,0x00000000fdc80000)
  from space 17920K, 83% used [0x00000000fdc80000,0x00000000feb2eea8,0x00000000fee00000)
  to   space 18432K, 0% used [0x00000000fee00000,0x00000000fee00000,0x0000000100000000)
 ParOldGen       total 311296K, used 203516K [0x0000000080000000, 0x0000000093000000, 0x00000000d5580000)
  object space 311296K, 65% used [0x0000000080000000,0x000000008c6bf2b0,0x0000000093000000)
 Metaspace       used 88988K, capacity 90642K, committed 91904K, reserved 1130496K
  class space    used 10990K, capacity 11301K, committed 11520K, reserved 1048576K
2023-08-21T00:11:35.804+0600: 28603.133: [GC (Allocation Failure) [PSYoungGen: 677563K->9513K(680448K)] 881080K->213069K(991744K), 0.0084871 secs] [Times: user=0.02 sys=0.00, real=0.01 secs] 
Heap after GC invocations=286 (full 4):
 PSYoungGen      total 680448K, used 9513K [0x00000000d5580000, 0x0000000100000000, 0x0000000100000000)
  eden space 662016K, 0% used [0x00000000d5580000,0x00000000d5580000,0x00000000fdc00000)
  from space 18432K, 51% used [0x00000000fee00000,0x00000000ff74a538,0x0000000100000000)
  to   space 18432K, 0% used [0x00000000fdc00000,0x00000000fdc00000,0x00000000fee00000)
 ParOldGen       total 311296K, used 203556K [0x0000000080000000, 0x0000000093000000, 0x00000000d5580000)
  object space 311296K, 65% used [0x0000000080000000,0x000000008c6c92b0,0x0000000093000000)
 Metaspace       used 88988K, capacity 90642K, committed 91904K, reserved 1130496K
  class space    used 10990K, capacity 11301K, committed 11520K, reserved 1048576K
}
{Heap before GC invocations=287 (full 4):
 PSYoungGen      total 680448K, used 669582K [0x00000000d5580000, 0x0000000100000000, 0x0000000100000000)
  eden space 662016K, 99% used [0x00000000d5580000,0x00000000fda19498,0x00000000fdc00000)
  from space 18432K, 51% used [0x00000000fee00000,0x00000000ff74a538,0x0000000100000000)
  to   space 18432K, 0% used [0x00000000fdc00000,0x00000000fdc00000,0x00000000fee00000)
 ParOldGen       total 311296K, used 203556K [0x0000000080000000, 0x0000000093000000, 0x00000000d5580000)
  object space 311296K, 65% used [0x0000000080000000,0x000000008c6c92b0,0x0000000093000000)
 Metaspace       used 88989K, capacity 90642K, committed 91904K, reserved 1130496K
  class space    used 10990K, capacity 11301K, committed 11520K, reserved 1048576K
2023-08-21T00:11:42.055+0600: 28609.383: [GC (Allocation Failure) [PSYoungGen: 669582K->11218K(673280K)] 873139K->214895K(984576K), 0.0114205 secs] [Times: user=0.02 sys=0.00, real=0.01 secs] 
Heap after GC invocations=287 (full 4):
 PSYoungGen      total 673280K, used 11218K [0x00000000d5580000, 0x00000000ffe00000, 0x0000000100000000)
  eden space 662016K, 0% used [0x00000000d5580000,0x00000000d5580000,0x00000000fdc00000)
  from space 11264K, 99% used [0x00000000fdc00000,0x00000000fe6f49f0,0x00000000fe700000)
  to   space 17408K, 0% used [0x00000000fed00000,0x00000000fed00000,0x00000000ffe00000)
 ParOldGen       total 311296K, used 203676K [0x0000000080000000, 0x0000000093000000, 0x00000000d5580000)
  object space 311296K, 65% used [0x0000000080000000,0x000000008c6e72e0,0x0000000093000000)
 Metaspace       used 88989K, capacity 90642K, committed 91904K, reserved 1130496K
  class space    used 10990K, capacity 11301K, committed 11520K, reserved 1048576K
}
{Heap before GC invocations=288 (full 4):
 PSYoungGen      total 673280K, used 673234K [0x00000000d5580000, 0x00000000ffe00000, 0x0000000100000000)
  eden space 662016K, 100% used [0x00000000d5580000,0x00000000fdc00000,0x00000000fdc00000)
  from space 11264K, 99% used [0x00000000fdc00000,0x00000000fe6f49f0,0x00000000fe700000)
  to   space 17408K, 0% used [0x00000000fed00000,0x00000000fed00000,0x00000000ffe00000)
 ParOldGen       total 311296K, used 203679K [0x0000000080000000, 0x0000000093000000, 0x00000000d5580000)
  object space 311296K, 65% used [0x0000000080000000,0x000000008c6e7fe0,0x0000000093000000)
 Metaspace       used 88997K, capacity 90642K, committed 91904K, reserved 1130496K
  class space    used 10990K, capacity 11301K, committed 11520K, reserved 1048576K
2023-08-21T00:11:46.511+0600: 28613.839: [GC (Allocation Failure) [PSYoungGen: 673234K->9833K(679424K)] 876914K->213664K(990720K), 0.0110238 secs] [Times: user=0.02 sys=0.00, real=0.01 secs] 
Heap after GC invocations=288 (full 4):
 PSYoungGen      total 679424K, used 9833K [0x00000000d5580000, 0x0000000100000000, 0x0000000100000000)
  eden space 662016K, 0% used [0x00000000d5580000,0x00000000d5580000,0x00000000fdc00000)
  from space 17408K, 56% used [0x00000000fed00000,0x00000000ff69a548,0x00000000ffe00000)
  to   space 17408K, 0% used [0x00000000fdc00000,0x00000000fdc00000,0x00000000fed00000)
 ParOldGen       total 311296K, used 203831K [0x0000000080000000, 0x0000000093000000, 0x00000000d5580000)
  object space 311296K, 65% used [0x0000000080000000,0x000000008c70de00,0x0000000093000000)
 Metaspace       used 88997K, capacity 90642K, committed 91904K, reserved 1130496K
  class space    used 10990K, capacity 11301K, committed 11520K, reserved 1048576K
}
{Heap before GC invocations=289 (full 4):
 PSYoungGen      total 679424K, used 10062K [0x00000000d5580000, 0x0000000100000000, 0x0000000100000000)
  eden space 662016K, 0% used [0x00000000d5580000,0x00000000d55b9680,0x00000000fdc00000)
  from space 17408K, 56% used [0x00000000fed00000,0x00000000ff69a548,0x00000000ffe00000)
  to   space 17408K, 0% used [0x00000000fdc00000,0x00000000fdc00000,0x00000000fed00000)
 ParOldGen       total 311296K, used 203831K [0x0000000080000000, 0x0000000093000000, 0x00000000d5580000)
  object space 311296K, 65% used [0x0000000080000000,0x000000008c70de00,0x0000000093000000)
 Metaspace       used 88997K, capacity 90642K, committed 91904K, reserved 1130496K
  class space    used 10990K, capacity 11301K, committed 11520K, reserved 1048576K
2023-08-21T00:11:46.523+0600: 28613.852: [GC (GCLocker Initiated GC) [PSYoungGen: 10062K->9673K(679424K)] 213894K->213544K(990720K), 0.0079569 secs] [Times: user=0.01 sys=0.00, real=0.01 secs] 
Heap after GC invocations=289 (full 4):
 PSYoungGen      total 679424K, used 9673K [0x00000000d5580000, 0x00000000fff00000, 0x0000000100000000)
  eden space 662016K, 0% used [0x00000000d5580000,0x00000000d5580000,0x00000000fdc00000)
  from space 17408K, 55% used [0x00000000fdc00000,0x00000000fe572548,0x00000000fed00000)
  to   space 16896K, 0% used [0x00000000fee80000,0x00000000fee80000,0x00000000fff00000)
 ParOldGen       total 311296K, used 203871K [0x0000000080000000, 0x0000000093000000, 0x00000000d5580000)
  object space 311296K, 65% used [0x0000000080000000,0x000000008c717e00,0x0000000093000000)
 Metaspace       used 88997K, capacity 90642K, committed 91904K, reserved 1130496K
  class space    used 10990K, capacity 11301K, committed 11520K, reserved 1048576K
}
{Heap before GC invocations=290 (full 4):
 PSYoungGen      total 679424K, used 670052K [0x00000000d5580000, 0x00000000fff00000, 0x0000000100000000)
  eden space 662016K, 99% used [0x00000000d5580000,0x00000000fda66ad8,0x00000000fdc00000)
  from space 17408K, 55% used [0x00000000fdc00000,0x00000000fe572548,0x00000000fed00000)
  to   space 16896K, 0% used [0x00000000fee80000,0x00000000fee80000,0x00000000fff00000)
 ParOldGen       total 311296K, used 203871K [0x0000000080000000, 0x0000000093000000, 0x00000000d5580000)
  object space 311296K, 65% used [0x0000000080000000,0x000000008c717e00,0x0000000093000000)
 Metaspace       used 88997K, capacity 90642K, committed 91904K, reserved 1130496K
  class space    used 10990K, capacity 11301K, committed 11520K, reserved 1048576K
2023-08-21T00:11:52.829+0600: 28620.157: [GC (Allocation Failure) [PSYoungGen: 670052K->14939K(679936K)] 873923K->219066K(991232K), 0.0160953 secs] [Times: user=0.03 sys=0.00, real=0.02 secs] 
Heap after GC invocations=290 (full 4):
 PSYoungGen      total 679936K, used 14939K [0x00000000d5580000, 0x0000000100000000, 0x0000000100000000)
  eden space 663040K, 0% used [0x00000000d5580000,0x00000000d5580000,0x00000000fdd00000)
  from space 16896K, 88% used [0x00000000fee80000,0x00000000ffd16ea8,0x00000000fff00000)
  to   space 17920K, 0% used [0x00000000fdd00000,0x00000000fdd00000,0x00000000fee80000)
 ParOldGen       total 311296K, used 204127K [0x0000000080000000, 0x0000000093000000, 0x00000000d5580000)
  object space 311296K, 65% used [0x0000000080000000,0x000000008c757c50,0x0000000093000000)
 Metaspace       used 88997K, capacity 90642K, committed 91904K, reserved 1130496K
  class space    used 10990K, capacity 11301K, committed 11520K, reserved 1048576K
}
{Heap before GC invocations=291 (full 4):
 PSYoungGen      total 679936K, used 677979K [0x00000000d5580000, 0x0000000100000000, 0x0000000100000000)
  eden space 663040K, 100% used [0x00000000d5580000,0x00000000fdd00000,0x00000000fdd00000)
  from space 16896K, 88% used [0x00000000fee80000,0x00000000ffd16ea8,0x00000000fff00000)
  to   space 17920K, 0% used [0x00000000fdd00000,0x00000000fdd00000,0x00000000fee80000)
 ParOldGen       total 311296K, used 204127K [0x0000000080000000, 0x0000000093000000, 0x00000000d5580000)
  object space 311296K, 65% used [0x0000000080000000,0x000000008c757c50,0x0000000093000000)
 Metaspace       used 88997K, capacity 90642K, committed 91904K, reserved 1130496K
  class space    used 10990K, capacity 11301K, committed 11520K, reserved 1048576K
2023-08-21T00:11:56.986+0600: 28624.314: [GC (Allocation Failure) [PSYoungGen: 677979K->9193K(680960K)] 882106K->213559K(992256K), 0.0087154 secs] [Times: user=0.01 sys=0.00, real=0.01 secs] 
Heap after GC invocations=291 (full 4):
 PSYoungGen      total 680960K, used 9193K [0x00000000d5580000, 0x0000000100000000, 0x0000000100000000)
  eden space 663040K, 0% used [0x00000000d5580000,0x00000000d5580000,0x00000000fdd00000)
  from space 17920K, 51% used [0x00000000fdd00000,0x00000000fe5fa518,0x00000000fee80000)
  to   space 17408K, 0% used [0x00000000fef00000,0x00000000fef00000,0x0000000100000000)
 ParOldGen       total 311296K, used 204366K [0x0000000080000000, 0x0000000093000000, 0x00000000d5580000)
  object space 311296K, 65% used [0x0000000080000000,0x000000008c793860,0x0000000093000000)
 Metaspace       used 88997K, capacity 90642K, committed 91904K, reserved 1130496K
  class space    used 10990K, capacity 11301K, committed 11520K, reserved 1048576K
}
{Heap before GC invocations=292 (full 4):
 PSYoungGen      total 680960K, used 669053K [0x00000000d5580000, 0x0000000100000000, 0x0000000100000000)
  eden space 663040K, 99% used [0x00000000d5580000,0x00000000fd9e5290,0x00000000fdd00000)
  from space 17920K, 51% used [0x00000000fdd00000,0x00000000fe5fa518,0x00000000fee80000)
  to   space 17408K, 0% used [0x00000000fef00000,0x00000000fef00000,0x0000000100000000)
 ParOldGen       total 311296K, used 204366K [0x0000000080000000, 0x0000000093000000, 0x00000000d5580000)
  object space 311296K, 65% used [0x0000000080000000,0x000000008c793860,0x0000000093000000)
 Metaspace       used 88997K, capacity 90642K, committed 91904K, reserved 1130496K
  class space    used 10990K, capacity 11301K, committed 11520K, reserved 1048576K
2023-08-21T00:12:03.488+0600: 28630.817: [GC (Allocation Failure) [PSYoungGen: 669053K->14651K(679424K)] 873420K->219081K(990720K), 0.0155768 secs] [Times: user=0.03 sys=0.00, real=0.02 secs] 
Heap after GC invocations=292 (full 4):
 PSYoungGen      total 679424K, used 14651K [0x00000000d5580000, 0x0000000100000000, 0x0000000100000000)
  eden space 662016K, 0% used [0x00000000d5580000,0x00000000d5580000,0x00000000fdc00000)
  from space 17408K, 84% used [0x00000000fef00000,0x00000000ffd4ee88,0x0000000100000000)
  to   space 18432K, 0% used [0x00000000fdc00000,0x00000000fdc00000,0x00000000fee00000)
 ParOldGen       total 311296K, used 204430K [0x0000000080000000, 0x0000000093000000, 0x00000000d5580000)
  object space 311296K, 65% used [0x0000000080000000,0x000000008c7a3860,0x0000000093000000)
 Metaspace       used 88997K, capacity 90642K, committed 91904K, reserved 1130496K
  class space    used 10990K, capacity 11301K, committed 11520K, reserved 1048576K
}
{Heap before GC invocations=293 (full 4):
 PSYoungGen      total 679424K, used 676667K [0x00000000d5580000, 0x0000000100000000, 0x0000000100000000)
  eden space 662016K, 100% used [0x00000000d5580000,0x00000000fdc00000,0x00000000fdc00000)
  from space 17408K, 84% used [0x00000000fef00000,0x00000000ffd4ee88,0x0000000100000000)
  to   space 18432K, 0% used [0x00000000fdc00000,0x00000000fdc00000,0x00000000fee00000)
 ParOldGen       total 311296K, used 204430K [0x0000000080000000, 0x0000000093000000, 0x00000000d5580000)
  object space 311296K, 65% used [0x0000000080000000,0x000000008c7a3860,0x0000000093000000)
 Metaspace       used 88997K, capacity 90642K, committed 91904K, reserved 1130496K
  class space    used 10990K, capacity 11301K, committed 11520K, reserved 1048576K
2023-08-21T00:12:07.709+0600: 28635.038: [GC (Allocation Failure) [PSYoungGen: 676667K->8777K(680448K)] 881097K->213390K(991744K), 0.0083137 secs] [Times: user=0.02 sys=0.00, real=0.00 secs] 
Heap after GC invocations=293 (full 4):
 PSYoungGen      total 680448K, used 8777K [0x00000000d5580000, 0x0000000100000000, 0x0000000100000000)
  eden space 662016K, 0% used [0x00000000d5580000,0x00000000d5580000,0x00000000fdc00000)
  from space 18432K, 47% used [0x00000000fdc00000,0x00000000fe492508,0x00000000fee00000)
  to   space 17920K, 0% used [0x00000000fee80000,0x00000000fee80000,0x0000000100000000)
 ParOldGen       total 311296K, used 204613K [0x0000000080000000, 0x0000000093000000, 0x00000000d5580000)
  object space 311296K, 65% used [0x0000000080000000,0x000000008c7d1680,0x0000000093000000)
 Metaspace       used 88997K, capacity 90642K, committed 91904K, reserved 1130496K
  class space    used 10990K, capacity 11301K, committed 11520K, reserved 1048576K
}
{Heap before GC invocations=294 (full 4):
 PSYoungGen      total 680448K, used 670690K [0x00000000d5580000, 0x0000000100000000, 0x0000000100000000)
  eden space 662016K, 99% used [0x00000000d5580000,0x00000000fdbe6488,0x00000000fdc00000)
  from space 18432K, 47% used [0x00000000fdc00000,0x00000000fe492508,0x00000000fee00000)
  to   space 17920K, 0% used [0x00000000fee80000,0x00000000fee80000,0x0000000100000000)
 ParOldGen       total 311296K, used 204613K [0x0000000080000000, 0x0000000093000000, 0x00000000d5580000)
  object space 311296K, 65% used [0x0000000080000000,0x000000008c7d1680,0x0000000093000000)
 Metaspace       used 88997K, capacity 90642K, committed 91904K, reserved 1130496K
  class space    used 10990K, capacity 11301K, committed 11520K, reserved 1048576K
2023-08-21T00:12:14.023+0600: 28641.351: [GC (Allocation Failure) [PSYoungGen: 670690K->10967K(678912K)] 875304K->215828K(990208K), 0.0146772 secs] [Times: user=0.03 sys=0.00, real=0.01 secs] 
Heap after GC invocations=294 (full 4):
 PSYoungGen      total 678912K, used 10967K [0x00000000d5580000, 0x00000000ffe80000, 0x0000000100000000)
  eden space 662528K, 0% used [0x00000000d5580000,0x00000000d5580000,0x00000000fdc80000)
  from space 16384K, 66% used [0x00000000fee80000,0x00000000ff935fb0,0x00000000ffe80000)
  to   space 17408K, 0% used [0x00000000fdc80000,0x00000000fdc80000,0x00000000fed80000)
 ParOldGen       total 311296K, used 204860K [0x0000000080000000, 0x0000000093000000, 0x00000000d5580000)
  object space 311296K, 65% used [0x0000000080000000,0x000000008c80f290,0x0000000093000000)
 Metaspace       used 88997K, capacity 90642K, committed 91904K, reserved 1130496K
  class space    used 10990K, capacity 11301K, committed 11520K, reserved 1048576K
}
{Heap before GC invocations=295 (full 4):
 PSYoungGen      total 678912K, used 673495K [0x00000000d5580000, 0x00000000ffe80000, 0x0000000100000000)
  eden space 662528K, 100% used [0x00000000d5580000,0x00000000fdc80000,0x00000000fdc80000)
  from space 16384K, 66% used [0x00000000fee80000,0x00000000ff935fb0,0x00000000ffe80000)
  to   space 17408K, 0% used [0x00000000fdc80000,0x00000000fdc80000,0x00000000fed80000)
 ParOldGen       total 311296K, used 204860K [0x0000000080000000, 0x0000000093000000, 0x00000000d5580000)
  object space 311296K, 65% used [0x0000000080000000,0x000000008c80f290,0x0000000093000000)
 Metaspace       used 89001K, capacity 90642K, committed 91904K, reserved 1130496K
  class space    used 10990K, capacity 11301K, committed 11520K, reserved 1048576K
2023-08-21T00:12:18.185+0600: 28645.513: [GC (Allocation Failure) [PSYoungGen: 673495K->8297K(679936K)] 878356K->213285K(991232K), 0.0081956 secs] [Times: user=0.02 sys=0.00, real=0.01 secs] 
Heap after GC invocations=295 (full 4):
 PSYoungGen      total 679936K, used 8297K [0x00000000d5580000, 0x0000000100000000, 0x0000000100000000)
  eden space 662528K, 0% used [0x00000000d5580000,0x00000000d5580000,0x00000000fdc80000)
  from space 17408K, 47% used [0x00000000fdc80000,0x00000000fe49a4e8,0x00000000fed80000)
  to   space 17408K, 0% used [0x00000000fef00000,0x00000000fef00000,0x0000000100000000)
 ParOldGen       total 311296K, used 204988K [0x0000000080000000, 0x0000000093000000, 0x00000000d5580000)
  object space 311296K, 65% used [0x0000000080000000,0x000000008c82f2c0,0x0000000093000000)
 Metaspace       used 89001K, capacity 90642K, committed 91904K, reserved 1130496K
  class space    used 10990K, capacity 11301K, committed 11520K, reserved 1048576K
}
{Heap before GC invocations=296 (full 4):
 PSYoungGen      total 679936K, used 670825K [0x00000000d5580000, 0x0000000100000000, 0x0000000100000000)
  eden space 662528K, 100% used [0x00000000d5580000,0x00000000fdc80000,0x00000000fdc80000)
  from space 17408K, 47% used [0x00000000fdc80000,0x00000000fe49a4e8,0x00000000fed80000)
  to   space 17408K, 0% used [0x00000000fef00000,0x00000000fef00000,0x0000000100000000)
 ParOldGen       total 311296K, used 204988K [0x0000000080000000, 0x0000000093000000, 0x00000000d5580000)
  object space 311296K, 65% used [0x0000000080000000,0x000000008c82f2c0,0x0000000093000000)
 Metaspace       used 89001K, capacity 90642K, committed 91904K, reserved 1130496K
  class space    used 10990K, capacity 11301K, committed 11520K, reserved 1048576K
2023-08-21T00:12:24.421+0600: 28651.750: [GC (Allocation Failure) [PSYoungGen: 670825K->10615K(680448K)] 875813K->215915K(991744K), 0.0139604 secs] [Times: user=0.03 sys=0.00, real=0.01 secs] 
Heap after GC invocations=296 (full 4):
 PSYoungGen      total 680448K, used 10615K [0x00000000d5580000, 0x00000000fff00000, 0x0000000100000000)
  eden space 664064K, 0% used [0x00000000d5580000,0x00000000d5580000,0x00000000fde00000)
  from space 16384K, 64% used [0x00000000fef00000,0x00000000ff95df90,0x00000000fff00000)
  to   space 16896K, 0% used [0x00000000fde00000,0x00000000fde00000,0x00000000fee80000)
 ParOldGen       total 311296K, used 205299K [0x0000000080000000, 0x0000000093000000, 0x00000000d5580000)
  object space 311296K, 65% used [0x0000000080000000,0x000000008c87cf10,0x0000000093000000)
 Metaspace       used 89001K, capacity 90642K, committed 91904K, reserved 1130496K
  class space    used 10990K, capacity 11301K, committed 11520K, reserved 1048576K
}
{Heap before GC invocations=297 (full 4):
 PSYoungGen      total 680448K, used 674679K [0x00000000d5580000, 0x00000000fff00000, 0x0000000100000000)
  eden space 664064K, 100% used [0x00000000d5580000,0x00000000fde00000,0x00000000fde00000)
  from space 16384K, 64% used [0x00000000fef00000,0x00000000ff95df90,0x00000000fff00000)
  to   space 16896K, 0% used [0x00000000fde00000,0x00000000fde00000,0x00000000fee80000)
 ParOldGen       total 311296K, used 205299K [0x0000000080000000, 0x0000000093000000, 0x00000000d5580000)
  object space 311296K, 65% used [0x0000000080000000,0x000000008c87cf10,0x0000000093000000)
 Metaspace       used 89001K, capacity 90642K, committed 91904K, reserved 1130496K
  class space    used 10990K, capacity 11301K, committed 11520K, reserved 1048576K
2023-08-21T00:12:28.704+0600: 28656.033: [GC (Allocation Failure) [PSYoungGen: 674679K->8073K(680960K)] 879979K->213412K(992256K), 0.0095285 secs] [Times: user=0.02 sys=0.00, real=0.01 secs] 
Heap after GC invocations=297 (full 4):
 PSYoungGen      total 680960K, used 8073K [0x00000000d5580000, 0x0000000100000000, 0x0000000100000000)
  eden space 664064K, 0% used [0x00000000d5580000,0x00000000d5580000,0x00000000fde00000)
  from space 16896K, 47% used [0x00000000fde00000,0x00000000fe5e24d8,0x00000000fee80000)
  to   space 16896K, 0% used [0x00000000fef80000,0x00000000fef80000,0x0000000100000000)
 ParOldGen       total 311296K, used 205339K [0x0000000080000000, 0x0000000093000000, 0x00000000d5580000)
  object space 311296K, 65% used [0x0000000080000000,0x000000008c886f10,0x0000000093000000)
 Metaspace       used 89001K, capacity 90642K, committed 91904K, reserved 1130496K
  class space    used 10990K, capacity 11301K, committed 11520K, reserved 1048576K
}
{Heap before GC invocations=298 (full 4):
 PSYoungGen      total 680960K, used 669719K [0x00000000d5580000, 0x0000000100000000, 0x0000000100000000)
  eden space 664064K, 99% used [0x00000000d5580000,0x00000000fdba38b0,0x00000000fde00000)
  from space 16896K, 47% used [0x00000000fde00000,0x00000000fe5e24d8,0x00000000fee80000)
  to   space 16896K, 0% used [0x00000000fef80000,0x00000000fef80000,0x0000000100000000)
 ParOldGen       total 311296K, used 205339K [0x0000000080000000, 0x0000000093000000, 0x00000000d5580000)
  object space 311296K, 65% used [0x0000000080000000,0x000000008c886f10,0x0000000093000000)
 Metaspace       used 89001K, capacity 90642K, committed 91904K, reserved 1130496K
  class space    used 10990K, capacity 11301K, committed 11520K, reserved 1048576K
2023-08-21T00:12:35.074+0600: 28662.403: [GC (Allocation Failure) [PSYoungGen: 669719K->12232K(681984K)] 875059K->217572K(993280K), 0.0103190 secs] [Times: user=0.02 sys=0.00, real=0.01 secs] 
Heap after GC invocations=298 (full 4):
 PSYoungGen      total 681984K, used 12232K [0x00000000d5580000, 0x0000000100000000, 0x0000000100000000)
  eden space 665088K, 0% used [0x00000000d5580000,0x00000000d5580000,0x00000000fdf00000)
  from space 16896K, 72% used [0x00000000fef80000,0x00000000ffb721a0,0x0000000100000000)
  to   space 16896K, 0% used [0x00000000fdf00000,0x00000000fdf00000,0x00000000fef80000)
 ParOldGen       total 311296K, used 205339K [0x0000000080000000, 0x0000000093000000, 0x00000000d5580000)
  object space 311296K, 65% used [0x0000000080000000,0x000000008c886f10,0x0000000093000000)
 Metaspace       used 89001K, capacity 90642K, committed 91904K, reserved 1130496K
  class space    used 10990K, capacity 11301K, committed 11520K, reserved 1048576K
}
{Heap before GC invocations=299 (full 4):
 PSYoungGen      total 681984K, used 677320K [0x00000000d5580000, 0x0000000100000000, 0x0000000100000000)
  eden space 665088K, 100% used [0x00000000d5580000,0x00000000fdf00000,0x00000000fdf00000)
  from space 16896K, 72% used [0x00000000fef80000,0x00000000ffb721a0,0x0000000100000000)
  to   space 16896K, 0% used [0x00000000fdf00000,0x00000000fdf00000,0x00000000fef80000)
 ParOldGen       total 311296K, used 205339K [0x0000000080000000, 0x0000000093000000, 0x00000000d5580000)
  object space 311296K, 65% used [0x0000000080000000,0x000000008c886f10,0x0000000093000000)
 Metaspace       used 89001K, capacity 90642K, committed 91904K, reserved 1130496K
  class space    used 10990K, capacity 11301K, committed 11520K, reserved 1048576K
2023-08-21T00:12:39.427+0600: 28666.755: [GC (Allocation Failure) [PSYoungGen: 677320K->1664K(667136K)] 882660K->207003K(978432K), 0.0077446 secs] [Times: user=0.01 sys=0.00, real=0.01 secs] 
Heap after GC invocations=299 (full 4):
 PSYoungGen      total 667136K, used 1664K [0x00000000d5580000, 0x0000000100000000, 0x0000000100000000)
  eden space 665088K, 0% used [0x00000000d5580000,0x00000000d5580000,0x00000000fdf00000)
  from space 2048K, 81% used [0x00000000fdf00000,0x00000000fe0a0030,0x00000000fe100000)
  to   space 17920K, 0% used [0x00000000fee80000,0x00000000fee80000,0x0000000100000000)
 ParOldGen       total 311296K, used 205339K [0x0000000080000000, 0x0000000093000000, 0x00000000d5580000)
  object space 311296K, 65% used [0x0000000080000000,0x000000008c886f10,0x0000000093000000)
 Metaspace       used 89001K, capacity 90642K, committed 91904K, reserved 1130496K
  class space    used 10990K, capacity 11301K, committed 11520K, reserved 1048576K
}
{Heap before GC invocations=300 (full 4):
 PSYoungGen      total 667136K, used 663114K [0x00000000d5580000, 0x0000000100000000, 0x0000000100000000)
  eden space 665088K, 99% used [0x00000000d5580000,0x00000000fdb729d8,0x00000000fdf00000)
  from space 2048K, 81% used [0x00000000fdf00000,0x00000000fe0a0030,0x00000000fe100000)
  to   space 17920K, 0% used [0x00000000fee80000,0x00000000fee80000,0x0000000100000000)
 ParOldGen       total 311296K, used 205339K [0x0000000080000000, 0x0000000093000000, 0x00000000d5580000)
  object space 311296K, 65% used [0x0000000080000000,0x000000008c886f10,0x0000000093000000)
 Metaspace       used 89001K, capacity 90642K, committed 91904K, reserved 1130496K
  class space    used 10990K, capacity 11301K, committed 11520K, reserved 1048576K
2023-08-21T00:12:45.615+0600: 28672.944: [GC (Allocation Failure) [PSYoungGen: 663114K->14622K(678912K)] 868454K->219962K(990208K), 0.0106990 secs] [Times: user=0.02 sys=0.00, real=0.01 secs] 
Heap after GC invocations=300 (full 4):
 PSYoungGen      total 678912K, used 14622K [0x00000000d5580000, 0x0000000100000000, 0x0000000100000000)
  eden space 660992K, 0% used [0x00000000d5580000,0x00000000d5580000,0x00000000fdb00000)
  from space 17920K, 81% used [0x00000000fee80000,0x00000000ffcc79d0,0x0000000100000000)
  to   space 18944K, 0% used [0x00000000fdb00000,0x00000000fdb00000,0x00000000fed80000)
 ParOldGen       total 311296K, used 205339K [0x0000000080000000, 0x0000000093000000, 0x00000000d5580000)
  object space 311296K, 65% used [0x0000000080000000,0x000000008c886f10,0x0000000093000000)
 Metaspace       used 89001K, capacity 90642K, committed 91904K, reserved 1130496K
  class space    used 10990K, capacity 11301K, committed 11520K, reserved 1048576K
}
{Heap before GC invocations=301 (full 4):
 PSYoungGen      total 678912K, used 675614K [0x00000000d5580000, 0x0000000100000000, 0x0000000100000000)
  eden space 660992K, 100% used [0x00000000d5580000,0x00000000fdb00000,0x00000000fdb00000)
  from space 17920K, 81% used [0x00000000fee80000,0x00000000ffcc79d0,0x0000000100000000)
  to   space 18944K, 0% used [0x00000000fdb00000,0x00000000fdb00000,0x00000000fed80000)
 ParOldGen       total 311296K, used 205339K [0x0000000080000000, 0x0000000093000000, 0x00000000d5580000)
  object space 311296K, 65% used [0x0000000080000000,0x000000008c886f10,0x0000000093000000)
 Metaspace       used 89001K, capacity 90642K, committed 91904K, reserved 1130496K
  class space    used 10990K, capacity 11301K, committed 11520K, reserved 1048576K
2023-08-21T00:12:49.878+0600: 28677.206: [GC (Allocation Failure) [PSYoungGen: 675614K->8713K(679936K)] 880954K->214053K(991232K), 0.0090537 secs] [Times: user=0.02 sys=0.00, real=0.01 secs] 
Heap after GC invocations=301 (full 4):
 PSYoungGen      total 679936K, used 8713K [0x00000000d5580000, 0x0000000100000000, 0x0000000100000000)
  eden space 660992K, 0% used [0x00000000d5580000,0x00000000d5580000,0x00000000fdb00000)
  from space 18944K, 45% used [0x00000000fdb00000,0x00000000fe382508,0x00000000fed80000)
  to   space 18432K, 0% used [0x00000000fee00000,0x00000000fee00000,0x0000000100000000)
 ParOldGen       total 311296K, used 205339K [0x0000000080000000, 0x0000000093000000, 0x00000000d5580000)
  object space 311296K, 65% used [0x0000000080000000,0x000000008c886f10,0x0000000093000000)
 Metaspace       used 89001K, capacity 90642K, committed 91904K, reserved 1130496K
  class space    used 10990K, capacity 11301K, committed 11520K, reserved 1048576K
}
{Heap before GC invocations=302 (full 4):
 PSYoungGen      total 679936K, used 669705K [0x00000000d5580000, 0x0000000100000000, 0x0000000100000000)
  eden space 660992K, 100% used [0x00000000d5580000,0x00000000fdb00000,0x00000000fdb00000)
  from space 18944K, 45% used [0x00000000fdb00000,0x00000000fe382508,0x00000000fed80000)
  to   space 18432K, 0% used [0x00000000fee00000,0x00000000fee00000,0x0000000100000000)
 ParOldGen       total 311296K, used 205339K [0x0000000080000000, 0x0000000093000000, 0x00000000d5580000)
  object space 311296K, 65% used [0x0000000080000000,0x000000008c886f10,0x0000000093000000)
 Metaspace       used 89001K, capacity 90642K, committed 91904K, reserved 1130496K
  class space    used 10990K, capacity 11301K, committed 11520K, reserved 1048576K
2023-08-21T00:12:56.698+0600: 28684.026: [GC (Allocation Failure) [PSYoungGen: 669705K->12712K(679424K)] 875045K->218052K(990720K), 0.0132660 secs] [Times: user=0.02 sys=0.00, real=0.02 secs] 
Heap after GC invocations=302 (full 4):
 PSYoungGen      total 679424K, used 12712K [0x00000000d5580000, 0x00000000fff80000, 0x0000000100000000)
  eden space 661504K, 0% used [0x00000000d5580000,0x00000000d5580000,0x00000000fdb80000)
  from space 17920K, 70% used [0x00000000fee00000,0x00000000ffa6a1d0,0x00000000fff80000)
  to   space 18432K, 0% used [0x00000000fdb80000,0x00000000fdb80000,0x00000000fed80000)
 ParOldGen       total 311296K, used 205339K [0x0000000080000000, 0x0000000093000000, 0x00000000d5580000)
  object space 311296K, 65% used [0x0000000080000000,0x000000008c886f10,0x0000000093000000)
 Metaspace       used 89001K, capacity 90642K, committed 91904K, reserved 1130496K
  class space    used 10990K, capacity 11301K, committed 11520K, reserved 1048576K
}
{Heap before GC invocations=303 (full 4):
 PSYoungGen      total 679424K, used 674216K [0x00000000d5580000, 0x00000000fff80000, 0x0000000100000000)
  eden space 661504K, 100% used [0x00000000d5580000,0x00000000fdb80000,0x00000000fdb80000)
  from space 17920K, 70% used [0x00000000fee00000,0x00000000ffa6a1d0,0x00000000fff80000)
  to   space 18432K, 0% used [0x00000000fdb80000,0x00000000fdb80000,0x00000000fed80000)
 ParOldGen       total 311296K, used 205339K [0x0000000080000000, 0x0000000093000000, 0x00000000d5580000)
  object space 311296K, 65% used [0x0000000080000000,0x000000008c886f10,0x0000000093000000)
 Metaspace       used 89001K, capacity 90642K, committed 91904K, reserved 1130496K
  class space    used 10990K, capacity 11301K, committed 11520K, reserved 1048576K
2023-08-21T00:13:01.015+0600: 28688.344: [GC (Allocation Failure) [PSYoungGen: 674216K->1856K(679936K)] 879556K->207195K(991232K), 0.0078030 secs] [Times: user=0.01 sys=0.00, real=0.01 secs] 
Heap after GC invocations=303 (full 4):
 PSYoungGen      total 679936K, used 1856K [0x00000000d5580000, 0x0000000100000000, 0x0000000100000000)
  eden space 661504K, 0% used [0x00000000d5580000,0x00000000d5580000,0x00000000fdb80000)
  from space 18432K, 10% used [0x00000000fdb80000,0x00000000fdd50040,0x00000000fed80000)
  to   space 18944K, 0% used [0x00000000fed80000,0x00000000fed80000,0x0000000100000000)
 ParOldGen       total 311296K, used 205339K [0x0000000080000000, 0x0000000093000000, 0x00000000d5580000)
  object space 311296K, 65% used [0x0000000080000000,0x000000008c886f10,0x0000000093000000)
 Metaspace       used 89001K, capacity 90642K, committed 91904K, reserved 1130496K
  class space    used 10990K, capacity 11301K, committed 11520K, reserved 1048576K
}
{Heap before GC invocations=304 (full 4):
 PSYoungGen      total 679936K, used 661345K [0x00000000d5580000, 0x0000000100000000, 0x0000000100000000)
  eden space 661504K, 99% used [0x00000000d5580000,0x00000000fd988558,0x00000000fdb80000)
  from space 18432K, 10% used [0x00000000fdb80000,0x00000000fdd50040,0x00000000fed80000)
  to   space 18944K, 0% used [0x00000000fed80000,0x00000000fed80000,0x0000000100000000)
 ParOldGen       total 311296K, used 205339K [0x0000000080000000, 0x0000000093000000, 0x00000000d5580000)
  object space 311296K, 65% used [0x0000000080000000,0x000000008c886f10,0x0000000093000000)
 Metaspace       used 89001K, capacity 90642K, committed 91904K, reserved 1130496K
  class space    used 10990K, capacity 11301K, committed 11520K, reserved 1048576K
2023-08-21T00:13:07.325+0600: 28694.654: [GC (Allocation Failure) [PSYoungGen: 661345K->12776K(678912K)] 866685K->218116K(990208K), 0.0136645 secs] [Times: user=0.02 sys=0.01, real=0.01 secs] 
Heap after GC invocations=304 (full 4):
 PSYoungGen      total 678912K, used 12776K [0x00000000d5580000, 0x0000000100000000, 0x0000000100000000)
  eden space 659968K, 0% used [0x00000000d5580000,0x00000000d5580000,0x00000000fda00000)
  from space 18944K, 67% used [0x00000000fed80000,0x00000000ff9fa1d0,0x0000000100000000)
  to   space 19456K, 0% used [0x00000000fda00000,0x00000000fda00000,0x00000000fed00000)
 ParOldGen       total 311296K, used 205339K [0x0000000080000000, 0x0000000093000000, 0x00000000d5580000)
  object space 311296K, 65% used [0x0000000080000000,0x000000008c886f10,0x0000000093000000)
 Metaspace       used 89001K, capacity 90642K, committed 91904K, reserved 1130496K
  class space    used 10990K, capacity 11301K, committed 11520K, reserved 1048576K
}
{Heap before GC invocations=305 (full 4):
 PSYoungGen      total 678912K, used 672744K [0x00000000d5580000, 0x0000000100000000, 0x0000000100000000)
  eden space 659968K, 100% used [0x00000000d5580000,0x00000000fda00000,0x00000000fda00000)
  from space 18944K, 67% used [0x00000000fed80000,0x00000000ff9fa1d0,0x0000000100000000)
  to   space 19456K, 0% used [0x00000000fda00000,0x00000000fda00000,0x00000000fed00000)
 ParOldGen       total 311296K, used 205339K [0x0000000080000000, 0x0000000093000000, 0x00000000d5580000)
  object space 311296K, 65% used [0x0000000080000000,0x000000008c886f10,0x0000000093000000)
 Metaspace       used 89004K, capacity 90642K, committed 91904K, reserved 1130496K
  class space    used 10990K, capacity 11301K, committed 11520K, reserved 1048576K
2023-08-21T00:13:11.681+0600: 28699.009: [GC (Allocation Failure) [PSYoungGen: 672744K->2016K(662016K)] 878084K->207355K(973312K), 0.0092420 secs] [Times: user=0.01 sys=0.00, real=0.01 secs] 
Heap after GC invocations=305 (full 4):
 PSYoungGen      total 662016K, used 2016K [0x00000000d5580000, 0x0000000100000000, 0x0000000100000000)
  eden space 659968K, 0% used [0x00000000d5580000,0x00000000d5580000,0x00000000fda00000)
  from space 2048K, 98% used [0x00000000fda00000,0x00000000fdbf8050,0x00000000fdc00000)
  to   space 19968K, 0% used [0x00000000fec80000,0x00000000fec80000,0x0000000100000000)
 ParOldGen       total 311296K, used 205339K [0x0000000080000000, 0x0000000093000000, 0x00000000d5580000)
  object space 311296K, 65% used [0x0000000080000000,0x000000008c886f10,0x0000000093000000)
 Metaspace       used 89004K, capacity 90642K, committed 91904K, reserved 1130496K
  class space    used 10990K, capacity 11301K, committed 11520K, reserved 1048576K
}
{Heap before GC invocations=306 (full 4):
 PSYoungGen      total 662016K, used 660956K [0x00000000d5580000, 0x0000000100000000, 0x0000000100000000)
  eden space 659968K, 99% used [0x00000000d5580000,0x00000000fd8ff018,0x00000000fda00000)
  from space 2048K, 98% used [0x00000000fda00000,0x00000000fdbf8050,0x00000000fdc00000)
  to   space 19968K, 0% used [0x00000000fec80000,0x00000000fec80000,0x0000000100000000)
 ParOldGen       total 311296K, used 205339K [0x0000000080000000, 0x0000000093000000, 0x00000000d5580000)
  object space 311296K, 65% used [0x0000000080000000,0x000000008c886f10,0x0000000093000000)
 Metaspace       used 89004K, capacity 90642K, committed 91904K, reserved 1130496K
  class space    used 10990K, capacity 11301K, committed 11520K, reserved 1048576K
2023-08-21T00:13:18.158+0600: 28705.487: [GC (Allocation Failure) [PSYoungGen: 660956K->12936K(678912K)] 866295K->218316K(990208K), 0.0148456 secs] [Times: user=0.02 sys=0.00, real=0.02 secs] 
Heap after GC invocations=306 (full 4):
 PSYoungGen      total 678912K, used 12936K [0x00000000d5580000, 0x0000000100000000, 0x0000000100000000)
  eden space 658944K, 0% used [0x00000000d5580000,0x00000000d5580000,0x00000000fd900000)
  from space 19968K, 64% used [0x00000000fec80000,0x00000000ff9221e0,0x0000000100000000)
  to   space 19968K, 0% used [0x00000000fd900000,0x00000000fd900000,0x00000000fec80000)
 ParOldGen       total 311296K, used 205379K [0x0000000080000000, 0x0000000093000000, 0x00000000d5580000)
  object space 311296K, 65% used [0x0000000080000000,0x000000008c890f10,0x0000000093000000)
 Metaspace       used 89004K, capacity 90642K, committed 91904K, reserved 1130496K
  class space    used 10990K, capacity 11301K, committed 11520K, reserved 1048576K
}
{Heap before GC invocations=307 (full 4):
 PSYoungGen      total 678912K, used 671880K [0x00000000d5580000, 0x0000000100000000, 0x0000000100000000)
  eden space 658944K, 100% used [0x00000000d5580000,0x00000000fd900000,0x00000000fd900000)
  from space 19968K, 64% used [0x00000000fec80000,0x00000000ff9221e0,0x0000000100000000)
  to   space 19968K, 0% used [0x00000000fd900000,0x00000000fd900000,0x00000000fec80000)
 ParOldGen       total 311296K, used 205379K [0x0000000080000000, 0x0000000093000000, 0x00000000d5580000)
  object space 311296K, 65% used [0x0000000080000000,0x000000008c890f10,0x0000000093000000)
 Metaspace       used 89004K, capacity 90642K, committed 91904K, reserved 1130496K
  class space    used 10990K, capacity 11301K, committed 11520K, reserved 1048576K
2023-08-21T00:13:22.553+0600: 28709.882: [GC (Allocation Failure) [PSYoungGen: 671880K->9353K(668672K)] 877260K->214773K(979968K), 0.0086145 secs] [Times: user=0.02 sys=0.00, real=0.01 secs] 
Heap after GC invocations=307 (full 4):
 PSYoungGen      total 668672K, used 9353K [0x00000000d5580000, 0x00000000ffe00000, 0x0000000100000000)
  eden space 658944K, 0% used [0x00000000d5580000,0x00000000d5580000,0x00000000fd900000)
  from space 9728K, 96% used [0x00000000fd900000,0x00000000fe222518,0x00000000fe280000)
  to   space 18944K, 0% used [0x00000000feb80000,0x00000000feb80000,0x00000000ffe00000)
 ParOldGen       total 311296K, used 205419K [0x0000000080000000, 0x0000000093000000, 0x00000000d5580000)
  object space 311296K, 65% used [0x0000000080000000,0x000000008c89af10,0x0000000093000000)
 Metaspace       used 89004K, capacity 90642K, committed 91904K, reserved 1130496K
  class space    used 10990K, capacity 11301K, committed 11520K, reserved 1048576K
}
{Heap before GC invocations=308 (full 4):
 PSYoungGen      total 668672K, used 666868K [0x00000000d5580000, 0x00000000ffe00000, 0x0000000100000000)
  eden space 658944K, 99% used [0x00000000d5580000,0x00000000fd79aec0,0x00000000fd900000)
  from space 9728K, 96% used [0x00000000fd900000,0x00000000fe222518,0x00000000fe280000)
  to   space 18944K, 0% used [0x00000000feb80000,0x00000000feb80000,0x00000000ffe00000)
 ParOldGen       total 311296K, used 205419K [0x0000000080000000, 0x0000000093000000, 0x00000000d5580000)
  object space 311296K, 65% used [0x0000000080000000,0x000000008c89af10,0x0000000093000000)
 Metaspace       used 89004K, capacity 90642K, committed 91904K, reserved 1130496K
  class space    used 10990K, capacity 11301K, committed 11520K, reserved 1048576K
2023-08-21T00:13:28.842+0600: 28716.171: [GC (Allocation Failure) [PSYoungGen: 666868K->14779K(676864K)] 872288K->220247K(988160K), 0.0167901 secs] [Times: user=0.03 sys=0.00, real=0.01 secs] 
Heap after GC invocations=308 (full 4):
 PSYoungGen      total 676864K, used 14779K [0x00000000d5580000, 0x0000000100000000, 0x0000000100000000)
  eden space 657920K, 0% used [0x00000000d5580000,0x00000000d5580000,0x00000000fd800000)
  from space 18944K, 78% used [0x00000000feb80000,0x00000000ff9eee88,0x00000000ffe00000)
  to   space 19968K, 0% used [0x00000000fd800000,0x00000000fd800000,0x00000000feb80000)
 ParOldGen       total 311296K, used 205467K [0x0000000080000000, 0x0000000093000000, 0x00000000d5580000)
  object space 311296K, 66% used [0x0000000080000000,0x000000008c8a6f10,0x0000000093000000)
 Metaspace       used 89004K, capacity 90642K, committed 91904K, reserved 1130496K
  class space    used 10990K, capacity 11301K, committed 11520K, reserved 1048576K
}
{Heap before GC invocations=309 (full 4):
 PSYoungGen      total 676864K, used 672699K [0x00000000d5580000, 0x0000000100000000, 0x0000000100000000)
  eden space 657920K, 100% used [0x00000000d5580000,0x00000000fd800000,0x00000000fd800000)
  from space 18944K, 78% used [0x00000000feb80000,0x00000000ff9eee88,0x00000000ffe00000)
  to   space 19968K, 0% used [0x00000000fd800000,0x00000000fd800000,0x00000000feb80000)
 ParOldGen       total 311296K, used 205467K [0x0000000080000000, 0x0000000093000000, 0x00000000d5580000)
  object space 311296K, 66% used [0x0000000080000000,0x000000008c8a6f10,0x0000000093000000)
 Metaspace       used 89005K, capacity 90642K, committed 91904K, reserved 1130496K
  class space    used 10990K, capacity 11301K, committed 11520K, reserved 1048576K
2023-08-21T00:13:33.128+0600: 28720.456: [GC (Allocation Failure) [PSYoungGen: 672699K->8777K(677888K)] 878167K->214277K(989184K), 0.0078009 secs] [Times: user=0.02 sys=0.00, real=0.01 secs] 
Heap after GC invocations=309 (full 4):
 PSYoungGen      total 677888K, used 8777K [0x00000000d5580000, 0x0000000100000000, 0x0000000100000000)
  eden space 657920K, 0% used [0x00000000d5580000,0x00000000d5580000,0x00000000fd800000)
  from space 19968K, 43% used [0x00000000fd800000,0x00000000fe092518,0x00000000feb80000)
  to   space 19456K, 0% used [0x00000000fed00000,0x00000000fed00000,0x0000000100000000)
 ParOldGen       total 311296K, used 205499K [0x0000000080000000, 0x0000000093000000, 0x00000000d5580000)
  object space 311296K, 66% used [0x0000000080000000,0x000000008c8aef10,0x0000000093000000)
 Metaspace       used 89005K, capacity 90642K, committed 91904K, reserved 1130496K
  class space    used 10990K, capacity 11301K, committed 11520K, reserved 1048576K
}
{Heap before GC invocations=310 (full 4):
 PSYoungGen      total 677888K, used 665148K [0x00000000d5580000, 0x0000000100000000, 0x0000000100000000)
  eden space 657920K, 99% used [0x00000000d5580000,0x00000000fd67cdd8,0x00000000fd800000)
  from space 19968K, 43% used [0x00000000fd800000,0x00000000fe092518,0x00000000feb80000)
  to   space 19456K, 0% used [0x00000000fed00000,0x00000000fed00000,0x0000000100000000)
 ParOldGen       total 311296K, used 205499K [0x0000000080000000, 0x0000000093000000, 0x00000000d5580000)
  object space 311296K, 66% used [0x0000000080000000,0x000000008c8aef10,0x0000000093000000)
 Metaspace       used 89006K, capacity 90642K, committed 91904K, reserved 1130496K
  class space    used 10990K, capacity 11301K, committed 11520K, reserved 1048576K
2023-08-21T00:13:39.426+0600: 28726.755: [GC (Allocation Failure) [PSYoungGen: 665148K->10994K(677376K)] 870648K->216542K(988672K), 0.0132587 secs] [Times: user=0.03 sys=0.00, real=0.02 secs] 
Heap after GC invocations=310 (full 4):
 PSYoungGen      total 677376K, used 10994K [0x00000000d5580000, 0x00000000ffe80000, 0x0000000100000000)
  eden space 659456K, 0% used [0x00000000d5580000,0x00000000d5580000,0x00000000fd980000)
  from space 17920K, 61% used [0x00000000fed00000,0x00000000ff7bc9d0,0x00000000ffe80000)
  to   space 18944K, 0% used [0x00000000fd980000,0x00000000fd980000,0x00000000fec00000)
 ParOldGen       total 311296K, used 205547K [0x0000000080000000, 0x0000000093000000, 0x00000000d5580000)
  object space 311296K, 66% used [0x0000000080000000,0x000000008c8baf10,0x0000000093000000)
 Metaspace       used 89006K, capacity 90642K, committed 91904K, reserved 1130496K
  class space    used 10990K, capacity 11301K, committed 11520K, reserved 1048576K
}
{Heap before GC invocations=311 (full 4):
 PSYoungGen      total 677376K, used 670450K [0x00000000d5580000, 0x00000000ffe80000, 0x0000000100000000)
  eden space 659456K, 100% used [0x00000000d5580000,0x00000000fd980000,0x00000000fd980000)
  from space 17920K, 61% used [0x00000000fed00000,0x00000000ff7bc9d0,0x00000000ffe80000)
  to   space 18944K, 0% used [0x00000000fd980000,0x00000000fd980000,0x00000000fec00000)
 ParOldGen       total 311296K, used 205547K [0x0000000080000000, 0x0000000093000000, 0x00000000d5580000)
  object space 311296K, 66% used [0x0000000080000000,0x000000008c8baf10,0x0000000093000000)
 Metaspace       used 89012K, capacity 90642K, committed 91904K, reserved 1130496K
  class space    used 10990K, capacity 11301K, committed 11520K, reserved 1048576K
2023-08-21T00:13:43.690+0600: 28731.019: [GC (Allocation Failure) [PSYoungGen: 670450K->2112K(678400K)] 875998K->207699K(989696K), 0.0087652 secs] [Times: user=0.02 sys=0.00, real=0.00 secs] 
Heap after GC invocations=311 (full 4):
 PSYoungGen      total 678400K, used 2112K [0x00000000d5580000, 0x0000000100000000, 0x0000000100000000)
  eden space 659456K, 0% used [0x00000000d5580000,0x00000000d5580000,0x00000000fd980000)
  from space 18944K, 11% used [0x00000000fd980000,0x00000000fdb90050,0x00000000fec00000)
  to   space 19456K, 0% used [0x00000000fed00000,0x00000000fed00000,0x0000000100000000)
 ParOldGen       total 311296K, used 205587K [0x0000000080000000, 0x0000000093000000, 0x00000000d5580000)
  object space 311296K, 66% used [0x0000000080000000,0x000000008c8c4f10,0x0000000093000000)
 Metaspace       used 89012K, capacity 90642K, committed 91904K, reserved 1130496K
  class space    used 10990K, capacity 11301K, committed 11520K, reserved 1048576K
}
{Heap before GC invocations=312 (full 4):
 PSYoungGen      total 678400K, used 659870K [0x00000000d5580000, 0x0000000100000000, 0x0000000100000000)
  eden space 659456K, 99% used [0x00000000d5580000,0x00000000fd7d77e0,0x00000000fd980000)
  from space 18944K, 11% used [0x00000000fd980000,0x00000000fdb90050,0x00000000fec00000)
  to   space 19456K, 0% used [0x00000000fed00000,0x00000000fed00000,0x0000000100000000)
 ParOldGen       total 311296K, used 205587K [0x0000000080000000, 0x0000000093000000, 0x00000000d5580000)
  object space 311296K, 66% used [0x0000000080000000,0x000000008c8c4f10,0x0000000093000000)
 Metaspace       used 89012K, capacity 90642K, committed 91904K, reserved 1130496K
  class space    used 10990K, capacity 11301K, committed 11520K, reserved 1048576K
2023-08-21T00:13:50.018+0600: 28737.346: [GC (Allocation Failure) [PSYoungGen: 659870K->10930K(679424K)] 865457K->216677K(990720K), 0.0110584 secs] [Times: user=0.02 sys=0.00, real=0.01 secs] 
Heap after GC invocations=312 (full 4):
 PSYoungGen      total 679424K, used 10930K [0x00000000d5580000, 0x00000000fff80000, 0x0000000100000000)
  eden space 660480K, 0% used [0x00000000d5580000,0x00000000d5580000,0x00000000fda80000)
  from space 18944K, 57% used [0x00000000fed00000,0x00000000ff7ac9c0,0x00000000fff80000)
  to   space 18944K, 0% used [0x00000000fda80000,0x00000000fda80000,0x00000000fed00000)
 ParOldGen       total 311296K, used 205747K [0x0000000080000000, 0x0000000093000000, 0x00000000d5580000)
  object space 311296K, 66% used [0x0000000080000000,0x000000008c8ecde0,0x0000000093000000)
 Metaspace       used 89012K, capacity 90642K, committed 91904K, reserved 1130496K
  class space    used 10990K, capacity 11301K, committed 11520K, reserved 1048576K
}
{Heap before GC invocations=313 (full 4):
 PSYoungGen      total 679424K, used 671410K [0x00000000d5580000, 0x00000000fff80000, 0x0000000100000000)
  eden space 660480K, 100% used [0x00000000d5580000,0x00000000fda80000,0x00000000fda80000)
  from space 18944K, 57% used [0x00000000fed00000,0x00000000ff7ac9c0,0x00000000fff80000)
  to   space 18944K, 0% used [0x00000000fda80000,0x00000000fda80000,0x00000000fed00000)
 ParOldGen       total 311296K, used 205747K [0x0000000080000000, 0x0000000093000000, 0x00000000d5580000)
  object space 311296K, 66% used [0x0000000080000000,0x000000008c8ecde0,0x0000000093000000)
 Metaspace       used 89045K, capacity 90706K, committed 91904K, reserved 1130496K
  class space    used 10990K, capacity 11301K, committed 11520K, reserved 1048576K
2023-08-21T00:13:54.229+0600: 28741.557: [GC (Allocation Failure) [PSYoungGen: 671410K->8809K(669696K)] 877157K->214588K(980992K), 0.0082607 secs] [Times: user=0.01 sys=0.00, real=0.01 secs] 
Heap after GC invocations=313 (full 4):
 PSYoungGen      total 669696K, used 8809K [0x00000000d5580000, 0x00000000ffe00000, 0x0000000100000000)
  eden space 660480K, 0% used [0x00000000d5580000,0x00000000d5580000,0x00000000fda80000)
  from space 9216K, 95% used [0x00000000fda80000,0x00000000fe31a508,0x00000000fe380000)
  to   space 17920K, 0% used [0x00000000fec80000,0x00000000fec80000,0x00000000ffe00000)
 ParOldGen       total 311296K, used 205779K [0x0000000080000000, 0x0000000093000000, 0x00000000d5580000)
  object space 311296K, 66% used [0x0000000080000000,0x000000008c8f4de0,0x0000000093000000)
 Metaspace       used 89045K, capacity 90706K, committed 91904K, reserved 1130496K
  class space    used 10990K, capacity 11301K, committed 11520K, reserved 1048576K
}
{Heap before GC invocations=314 (full 4):
 PSYoungGen      total 669696K, used 668947K [0x00000000d5580000, 0x00000000ffe00000, 0x0000000100000000)
  eden space 660480K, 99% used [0x00000000d5580000,0x00000000fda2a898,0x00000000fda80000)
  from space 9216K, 95% used [0x00000000fda80000,0x00000000fe31a508,0x00000000fe380000)
  to   space 17920K, 0% used [0x00000000fec80000,0x00000000fec80000,0x00000000ffe00000)
 ParOldGen       total 311296K, used 205779K [0x0000000080000000, 0x0000000093000000, 0x00000000d5580000)
  object space 311296K, 66% used [0x0000000080000000,0x000000008c8f4de0,0x0000000093000000)
 Metaspace       used 89049K, capacity 90706K, committed 91904K, reserved 1130496K
  class space    used 10990K, capacity 11301K, committed 11520K, reserved 1048576K
2023-08-21T00:14:00.448+0600: 28747.777: [GC (Allocation Failure) [PSYoungGen: 668947K->14459K(677888K)] 874726K->220518K(989184K), 0.0110279 secs] [Times: user=0.02 sys=0.00, real=0.02 secs] 
Heap after GC invocations=314 (full 4):
 PSYoungGen      total 677888K, used 14459K [0x00000000d5580000, 0x0000000100000000, 0x0000000100000000)
  eden space 659968K, 0% used [0x00000000d5580000,0x00000000d5580000,0x00000000fda00000)
  from space 17920K, 80% used [0x00000000fec80000,0x00000000ffa9ee58,0x00000000ffe00000)
  to   space 18944K, 0% used [0x00000000fda00000,0x00000000fda00000,0x00000000fec80000)
 ParOldGen       total 311296K, used 206058K [0x0000000080000000, 0x0000000093000000, 0x00000000d5580000)
  object space 311296K, 66% used [0x0000000080000000,0x000000008c93aa20,0x0000000093000000)
 Metaspace       used 89049K, capacity 90706K, committed 91904K, reserved 1130496K
  class space    used 10990K, capacity 11301K, committed 11520K, reserved 1048576K
}
{Heap before GC invocations=315 (full 4):
 PSYoungGen      total 677888K, used 674427K [0x00000000d5580000, 0x0000000100000000, 0x0000000100000000)
  eden space 659968K, 100% used [0x00000000d5580000,0x00000000fda00000,0x00000000fda00000)
  from space 17920K, 80% used [0x00000000fec80000,0x00000000ffa9ee58,0x00000000ffe00000)
  to   space 18944K, 0% used [0x00000000fda00000,0x00000000fda00000,0x00000000fec80000)
 ParOldGen       total 311296K, used 206058K [0x0000000080000000, 0x0000000093000000, 0x00000000d5580000)
  object space 311296K, 66% used [0x0000000080000000,0x000000008c93aa20,0x0000000093000000)
 Metaspace       used 89049K, capacity 90706K, committed 91904K, reserved 1130496K
  class space    used 10990K, capacity 11301K, committed 11520K, reserved 1048576K
2023-08-21T00:14:04.757+0600: 28752.086: [GC (Allocation Failure) [PSYoungGen: 674427K->1120K(678912K)] 880486K->207330K(990208K), 0.0077565 secs] [Times: user=0.01 sys=0.01, real=0.01 secs] 
Heap after GC invocations=315 (full 4):
 PSYoungGen      total 678912K, used 1120K [0x00000000d5580000, 0x0000000100000000, 0x0000000100000000)
  eden space 659968K, 0% used [0x00000000d5580000,0x00000000d5580000,0x00000000fda00000)
  from space 18944K, 5% used [0x00000000fda00000,0x00000000fdb18010,0x00000000fec80000)
  to   space 19968K, 0% used [0x00000000fec80000,0x00000000fec80000,0x0000000100000000)
 ParOldGen       total 311296K, used 206210K [0x0000000080000000, 0x0000000093000000, 0x00000000d5580000)
  object space 311296K, 66% used [0x0000000080000000,0x000000008c960840,0x0000000093000000)
 Metaspace       used 89049K, capacity 90706K, committed 91904K, reserved 1130496K
  class space    used 10990K, capacity 11301K, committed 11520K, reserved 1048576K
}
{Heap before GC invocations=316 (full 4):
 PSYoungGen      total 678912K, used 658228K [0x00000000d5580000, 0x0000000100000000, 0x0000000100000000)
  eden space 659968K, 99% used [0x00000000d5580000,0x00000000fd735028,0x00000000fda00000)
  from space 18944K, 5% used [0x00000000fda00000,0x00000000fdb18010,0x00000000fec80000)
  to   space 19968K, 0% used [0x00000000fec80000,0x00000000fec80000,0x0000000100000000)
 ParOldGen       total 311296K, used 206210K [0x0000000080000000, 0x0000000093000000, 0x00000000d5580000)
  object space 311296K, 66% used [0x0000000080000000,0x000000008c960840,0x0000000093000000)
 Metaspace       used 89049K, capacity 90706K, committed 91904K, reserved 1130496K
  class space    used 10990K, capacity 11301K, committed 11520K, reserved 1048576K
2023-08-21T00:14:10.758+0600: 28758.087: [GC (Allocation Failure) [PSYoungGen: 658228K->10578K(679424K)] 864438K->216828K(990720K), 0.0142949 secs] [Times: user=0.03 sys=0.00, real=0.02 secs] 
Heap after GC invocations=316 (full 4):
 PSYoungGen      total 679424K, used 10578K [0x00000000d5580000, 0x0000000100000000, 0x0000000100000000)
  eden space 659456K, 0% used [0x00000000d5580000,0x00000000d5580000,0x00000000fd980000)
  from space 19968K, 52% used [0x00000000fec80000,0x00000000ff6d4990,0x0000000100000000)
  to   space 19456K, 0% used [0x00000000fd980000,0x00000000fd980000,0x00000000fec80000)
 ParOldGen       total 311296K, used 206250K [0x0000000080000000, 0x0000000093000000, 0x00000000d5580000)
  object space 311296K, 66% used [0x0000000080000000,0x000000008c96a840,0x0000000093000000)
 Metaspace       used 89049K, capacity 90706K, committed 91904K, reserved 1130496K
  class space    used 10990K, capacity 11301K, committed 11520K, reserved 1048576K
}
{Heap before GC invocations=317 (full 4):
 PSYoungGen      total 679424K, used 670034K [0x00000000d5580000, 0x0000000100000000, 0x0000000100000000)
  eden space 659456K, 100% used [0x00000000d5580000,0x00000000fd980000,0x00000000fd980000)
  from space 19968K, 52% used [0x00000000fec80000,0x00000000ff6d4990,0x0000000100000000)
  to   space 19456K, 0% used [0x00000000fd980000,0x00000000fd980000,0x00000000fec80000)
 ParOldGen       total 311296K, used 206250K [0x0000000080000000, 0x0000000093000000, 0x00000000d5580000)
  object space 311296K, 66% used [0x0000000080000000,0x000000008c96a840,0x0000000093000000)
 Metaspace       used 89053K, capacity 90706K, committed 91904K, reserved 1130496K
  class space    used 10990K, capacity 11301K, committed 11520K, reserved 1048576K
2023-08-21T00:14:14.976+0600: 28762.304: [GC (Allocation Failure) [PSYoungGen: 670034K->8681K(668160K)] 876284K->214971K(979456K), 0.0082543 secs] [Times: user=0.01 sys=0.00, real=0.01 secs] 
Heap after GC invocations=317 (full 4):
 PSYoungGen      total 668160K, used 8681K [0x00000000d5580000, 0x00000000ffd80000, 0x0000000100000000)
  eden space 659456K, 0% used [0x00000000d5580000,0x00000000d5580000,0x00000000fd980000)
  from space 8704K, 99% used [0x00000000fd980000,0x00000000fe1fa4f8,0x00000000fe200000)
  to   space 18432K, 0% used [0x00000000feb80000,0x00000000feb80000,0x00000000ffd80000)
 ParOldGen       total 311296K, used 206290K [0x0000000080000000, 0x0000000093000000, 0x00000000d5580000)
  object space 311296K, 66% used [0x0000000080000000,0x000000008c974840,0x0000000093000000)
 Metaspace       used 89053K, capacity 90706K, committed 91904K, reserved 1130496K
  class space    used 10990K, capacity 11301K, committed 11520K, reserved 1048576K
}
{Heap before GC invocations=318 (full 4):
 PSYoungGen      total 668160K, used 664406K [0x00000000d5580000, 0x00000000ffd80000, 0x0000000100000000)
  eden space 659456K, 99% used [0x00000000d5580000,0x00000000fd5db6f8,0x00000000fd980000)
  from space 8704K, 99% used [0x00000000fd980000,0x00000000fe1fa4f8,0x00000000fe200000)
  to   space 18432K, 0% used [0x00000000feb80000,0x00000000feb80000,0x00000000ffd80000)
 ParOldGen       total 311296K, used 206290K [0x0000000080000000, 0x0000000093000000, 0x00000000d5580000)
  object space 311296K, 66% used [0x0000000080000000,0x000000008c974840,0x0000000093000000)
 Metaspace       used 89053K, capacity 90706K, committed 91904K, reserved 1130496K
  class space    used 10990K, capacity 11301K, committed 11520K, reserved 1048576K
2023-08-21T00:14:21.227+0600: 28768.555: [GC (Allocation Failure) [PSYoungGen: 664406K->10834K(678400K)] 870697K->217164K(989696K), 0.0133297 secs] [Times: user=0.03 sys=0.00, real=0.02 secs] 
Heap after GC invocations=318 (full 4):
 PSYoungGen      total 678400K, used 10834K [0x00000000d5580000, 0x0000000100000000, 0x0000000100000000)
  eden space 659968K, 0% used [0x00000000d5580000,0x00000000d5580000,0x00000000fda00000)
  from space 18432K, 58% used [0x00000000feb80000,0x00000000ff6149c0,0x00000000ffd80000)
  to   space 17920K, 0% used [0x00000000fda00000,0x00000000fda00000,0x00000000feb80000)
 ParOldGen       total 311296K, used 206330K [0x0000000080000000, 0x0000000093000000, 0x00000000d5580000)
  object space 311296K, 66% used [0x0000000080000000,0x000000008c97e840,0x0000000093000000)
 Metaspace       used 89053K, capacity 90706K, committed 91904K, reserved 1130496K
  class space    used 10990K, capacity 11301K, committed 11520K, reserved 1048576K
}
{Heap before GC invocations=319 (full 4):
 PSYoungGen      total 678400K, used 670802K [0x00000000d5580000, 0x0000000100000000, 0x0000000100000000)
  eden space 659968K, 100% used [0x00000000d5580000,0x00000000fda00000,0x00000000fda00000)
  from space 18432K, 58% used [0x00000000feb80000,0x00000000ff6149c0,0x00000000ffd80000)
  to   space 17920K, 0% used [0x00000000fda00000,0x00000000fda00000,0x00000000feb80000)
 ParOldGen       total 311296K, used 206330K [0x0000000080000000, 0x0000000093000000, 0x00000000d5580000)
  object space 311296K, 66% used [0x0000000080000000,0x000000008c97e840,0x0000000093000000)
 Metaspace       used 89053K, capacity 90706K, committed 91904K, reserved 1130496K
  class space    used 10990K, capacity 11301K, committed 11520K, reserved 1048576K
2023-08-21T00:14:25.519+0600: 28772.847: [GC (Allocation Failure) [PSYoungGen: 670802K->8553K(677888K)] 877132K->214923K(989184K), 0.0078839 secs] [Times: user=0.02 sys=0.00, real=0.01 secs] 
Heap after GC invocations=319 (full 4):
 PSYoungGen      total 677888K, used 8553K [0x00000000d5580000, 0x00000000ffe80000, 0x0000000100000000)
  eden space 659968K, 0% used [0x00000000d5580000,0x00000000d5580000,0x00000000fda00000)
  from space 17920K, 47% used [0x00000000fda00000,0x00000000fe25a508,0x00000000feb80000)
  to   space 17408K, 0% used [0x00000000fed80000,0x00000000fed80000,0x00000000ffe80000)
 ParOldGen       total 311296K, used 206370K [0x0000000080000000, 0x0000000093000000, 0x00000000d5580000)
  object space 311296K, 66% used [0x0000000080000000,0x000000008c988840,0x0000000093000000)
 Metaspace       used 89053K, capacity 90706K, committed 91904K, reserved 1130496K
  class space    used 10990K, capacity 11301K, committed 11520K, reserved 1048576K
}
{Heap before GC invocations=320 (full 4):
 PSYoungGen      total 677888K, used 667798K [0x00000000d5580000, 0x00000000ffe80000, 0x0000000100000000)
  eden space 659968K, 99% used [0x00000000d5580000,0x00000000fd94b468,0x00000000fda00000)
  from space 17920K, 47% used [0x00000000fda00000,0x00000000fe25a508,0x00000000feb80000)
  to   space 17408K, 0% used [0x00000000fed80000,0x00000000fed80000,0x00000000ffe80000)
 ParOldGen       total 311296K, used 206370K [0x0000000080000000, 0x0000000093000000, 0x00000000d5580000)
  object space 311296K, 66% used [0x0000000080000000,0x000000008c988840,0x0000000093000000)
 Metaspace       used 89054K, capacity 90706K, committed 91904K, reserved 1130496K
  class space    used 10990K, capacity 11301K, committed 11520K, reserved 1048576K
2023-08-21T00:14:31.762+0600: 28779.090: [GC (Allocation Failure) [PSYoungGen: 667798K->14459K(678912K)] 874168K->220989K(990208K), 0.0158558 secs] [Times: user=0.03 sys=0.00, real=0.01 secs] 
Heap after GC invocations=320 (full 4):
 PSYoungGen      total 678912K, used 14459K [0x00000000d5580000, 0x0000000100000000, 0x0000000100000000)
  eden space 661504K, 0% used [0x00000000d5580000,0x00000000d5580000,0x00000000fdb80000)
  from space 17408K, 83% used [0x00000000fed80000,0x00000000ffb9ee68,0x00000000ffe80000)
  to   space 18432K, 0% used [0x00000000fdb80000,0x00000000fdb80000,0x00000000fed80000)
 ParOldGen       total 311296K, used 206529K [0x0000000080000000, 0x0000000093000000, 0x00000000d5580000)
  object space 311296K, 66% used [0x0000000080000000,0x000000008c9b0660,0x0000000093000000)
 Metaspace       used 89054K, capacity 90706K, committed 91904K, reserved 1130496K
  class space    used 10990K, capacity 11301K, committed 11520K, reserved 1048576K
}
{Heap before GC invocations=321 (full 4):
 PSYoungGen      total 678912K, used 675963K [0x00000000d5580000, 0x0000000100000000, 0x0000000100000000)
  eden space 661504K, 100% used [0x00000000d5580000,0x00000000fdb80000,0x00000000fdb80000)
  from space 17408K, 83% used [0x00000000fed80000,0x00000000ffb9ee68,0x00000000ffe80000)
  to   space 18432K, 0% used [0x00000000fdb80000,0x00000000fdb80000,0x00000000fed80000)
 ParOldGen       total 311296K, used 206529K [0x0000000080000000, 0x0000000093000000, 0x00000000d5580000)
  object space 311296K, 66% used [0x0000000080000000,0x000000008c9b0660,0x0000000093000000)
 Metaspace       used 89054K, capacity 90706K, committed 91904K, reserved 1130496K
  class space    used 10990K, capacity 11301K, committed 11520K, reserved 1048576K
2023-08-21T00:14:36.426+0600: 28783.754: [GC (Allocation Failure) [PSYoungGen: 675963K->9161K(679936K)] 882493K->215722K(991232K), 0.0088066 secs] [Times: user=0.02 sys=0.00, real=0.01 secs] 
Heap after GC invocations=321 (full 4):
 PSYoungGen      total 679936K, used 9161K [0x00000000d5580000, 0x0000000100000000, 0x0000000100000000)
  eden space 661504K, 0% used [0x00000000d5580000,0x00000000d5580000,0x00000000fdb80000)
  from space 18432K, 49% used [0x00000000fdb80000,0x00000000fe4724f8,0x00000000fed80000)
  to   space 17920K, 0% used [0x00000000fee80000,0x00000000fee80000,0x0000000100000000)
 ParOldGen       total 311296K, used 206561K [0x0000000080000000, 0x0000000093000000, 0x00000000d5580000)
  object space 311296K, 66% used [0x0000000080000000,0x000000008c9b8660,0x0000000093000000)
 Metaspace       used 89054K, capacity 90706K, committed 91904K, reserved 1130496K
  class space    used 10990K, capacity 11301K, committed 11520K, reserved 1048576K
}
{Heap before GC invocations=322 (full 4):
 PSYoungGen      total 679936K, used 668319K [0x00000000d5580000, 0x0000000100000000, 0x0000000100000000)
  eden space 661504K, 99% used [0x00000000d5580000,0x00000000fd935a58,0x00000000fdb80000)
  from space 18432K, 49% used [0x00000000fdb80000,0x00000000fe4724f8,0x00000000fed80000)
  to   space 17920K, 0% used [0x00000000fee80000,0x00000000fee80000,0x0000000100000000)
 ParOldGen       total 311296K, used 206561K [0x0000000080000000, 0x0000000093000000, 0x00000000d5580000)
  object space 311296K, 66% used [0x0000000080000000,0x000000008c9b8660,0x0000000093000000)
 Metaspace       used 89054K, capacity 90706K, committed 91904K, reserved 1130496K
  class space    used 10990K, capacity 11301K, committed 11520K, reserved 1048576K
2023-08-21T00:14:42.840+0600: 28790.169: [GC (Allocation Failure) [PSYoungGen: 668319K->14523K(678912K)] 874881K->221125K(990208K), 0.0152347 secs] [Times: user=0.03 sys=0.00, real=0.01 secs] 
Heap after GC invocations=322 (full 4):
 PSYoungGen      total 678912K, used 14523K [0x00000000d5580000, 0x0000000100000000, 0x0000000100000000)
  eden space 660992K, 0% used [0x00000000d5580000,0x00000000d5580000,0x00000000fdb00000)
  from space 17920K, 81% used [0x00000000fee80000,0x00000000ffcaee68,0x0000000100000000)
  to   space 18944K, 0% used [0x00000000fdb00000,0x00000000fdb00000,0x00000000fed80000)
 ParOldGen       total 311296K, used 206601K [0x0000000080000000, 0x0000000093000000, 0x00000000d5580000)
  object space 311296K, 66% used [0x0000000080000000,0x000000008c9c2660,0x0000000093000000)
 Metaspace       used 89054K, capacity 90706K, committed 91904K, reserved 1130496K
  class space    used 10990K, capacity 11301K, committed 11520K, reserved 1048576K
}
{Heap before GC invocations=323 (full 4):
 PSYoungGen      total 678912K, used 675515K [0x00000000d5580000, 0x0000000100000000, 0x0000000100000000)
  eden space 660992K, 100% used [0x00000000d5580000,0x00000000fdb00000,0x00000000fdb00000)
  from space 17920K, 81% used [0x00000000fee80000,0x00000000ffcaee68,0x0000000100000000)
  to   space 18944K, 0% used [0x00000000fdb00000,0x00000000fdb00000,0x00000000fed80000)
 ParOldGen       total 311296K, used 206601K [0x0000000080000000, 0x0000000093000000, 0x00000000d5580000)
  object space 311296K, 66% used [0x0000000080000000,0x000000008c9c2660,0x0000000093000000)
 Metaspace       used 89054K, capacity 90706K, committed 91904K, reserved 1130496K
  class space    used 10990K, capacity 11301K, committed 11520K, reserved 1048576K
2023-08-21T00:14:47.388+0600: 28794.717: [GC (Allocation Failure) [PSYoungGen: 675515K->8937K(679936K)] 882117K->215570K(991232K), 0.0086221 secs] [Times: user=0.02 sys=0.00, real=0.01 secs] 
Heap after GC invocations=323 (full 4):
 PSYoungGen      total 679936K, used 8937K [0x00000000d5580000, 0x00000000fff00000, 0x0000000100000000)
  eden space 660992K, 0% used [0x00000000d5580000,0x00000000d5580000,0x00000000fdb00000)
  from space 18944K, 47% used [0x00000000fdb00000,0x00000000fe3ba4f8,0x00000000fed80000)
  to   space 17920K, 0% used [0x00000000fed80000,0x00000000fed80000,0x00000000fff00000)
 ParOldGen       total 311296K, used 206633K [0x0000000080000000, 0x0000000093000000, 0x00000000d5580000)
  object space 311296K, 66% used [0x0000000080000000,0x000000008c9ca660,0x0000000093000000)
 Metaspace       used 89054K, capacity 90706K, committed 91904K, reserved 1130496K
  class space    used 10990K, capacity 11301K, committed 11520K, reserved 1048576K
}
{Heap before GC invocations=324 (full 4):
 PSYoungGen      total 679936K, used 669021K [0x00000000d5580000, 0x00000000fff00000, 0x0000000100000000)
  eden space 660992K, 99% used [0x00000000d5580000,0x00000000fda1d2b8,0x00000000fdb00000)
  from space 18944K, 47% used [0x00000000fdb00000,0x00000000fe3ba4f8,0x00000000fed80000)
  to   space 17920K, 0% used [0x00000000fed80000,0x00000000fed80000,0x00000000fff00000)
 ParOldGen       total 311296K, used 206633K [0x0000000080000000, 0x0000000093000000, 0x00000000d5580000)
  object space 311296K, 66% used [0x0000000080000000,0x000000008c9ca660,0x0000000093000000)
 Metaspace       used 89055K, capacity 90706K, committed 91904K, reserved 1130496K
  class space    used 10990K, capacity 11301K, committed 11520K, reserved 1048576K
2023-08-21T00:14:53.621+0600: 28800.950: [GC (Allocation Failure) [PSYoungGen: 669021K->14683K(678912K)] 875655K->221365K(990208K), 0.0144229 secs] [Times: user=0.02 sys=0.00, real=0.01 secs] 
Heap after GC invocations=324 (full 4):
 PSYoungGen      total 678912K, used 14683K [0x00000000d5580000, 0x0000000100000000, 0x0000000100000000)
  eden space 660992K, 0% used [0x00000000d5580000,0x00000000d5580000,0x00000000fdb00000)
  from space 17920K, 81% used [0x00000000fed80000,0x00000000ffbd6e78,0x00000000fff00000)
  to   space 18944K, 0% used [0x00000000fdb00000,0x00000000fdb00000,0x00000000fed80000)
 ParOldGen       total 311296K, used 206681K [0x0000000080000000, 0x0000000093000000, 0x00000000d5580000)
  object space 311296K, 66% used [0x0000000080000000,0x000000008c9d6660,0x0000000093000000)
 Metaspace       used 89055K, capacity 90706K, committed 91904K, reserved 1130496K
  class space    used 10990K, capacity 11301K, committed 11520K, reserved 1048576K
}
{Heap before GC invocations=325 (full 4):
 PSYoungGen      total 678912K, used 675675K [0x00000000d5580000, 0x0000000100000000, 0x0000000100000000)
  eden space 660992K, 100% used [0x00000000d5580000,0x00000000fdb00000,0x00000000fdb00000)
  from space 17920K, 81% used [0x00000000fed80000,0x00000000ffbd6e78,0x00000000fff00000)
  to   space 18944K, 0% used [0x00000000fdb00000,0x00000000fdb00000,0x00000000fed80000)
 ParOldGen       total 311296K, used 206681K [0x0000000080000000, 0x0000000093000000, 0x00000000d5580000)
  object space 311296K, 66% used [0x0000000080000000,0x000000008c9d6660,0x0000000093000000)
 Metaspace       used 89062K, capacity 90706K, committed 91904K, reserved 1130496K
  class space    used 10990K, capacity 11301K, committed 11520K, reserved 1048576K
2023-08-21T00:14:58.048+0600: 28805.377: [GC (Allocation Failure) [PSYoungGen: 675675K->9321K(679936K)] 882357K->216034K(991232K), 0.0100868 secs] [Times: user=0.02 sys=0.00, real=0.01 secs] 
Heap after GC invocations=325 (full 4):
 PSYoungGen      total 679936K, used 9321K [0x00000000d5580000, 0x0000000100000000, 0x0000000100000000)
  eden space 660992K, 0% used [0x00000000d5580000,0x00000000d5580000,0x00000000fdb00000)
  from space 18944K, 49% used [0x00000000fdb00000,0x00000000fe41a518,0x00000000fed80000)
  to   space 18432K, 0% used [0x00000000fee00000,0x00000000fee00000,0x0000000100000000)
 ParOldGen       total 311296K, used 206713K [0x0000000080000000, 0x0000000093000000, 0x00000000d5580000)
  object space 311296K, 66% used [0x0000000080000000,0x000000008c9de660,0x0000000093000000)
 Metaspace       used 89062K, capacity 90706K, committed 91904K, reserved 1130496K
  class space    used 10990K, capacity 11301K, committed 11520K, reserved 1048576K
}
{Heap before GC invocations=326 (full 4):
 PSYoungGen      total 679936K, used 667348K [0x00000000d5580000, 0x0000000100000000, 0x0000000100000000)
  eden space 660992K, 99% used [0x00000000d5580000,0x00000000fd81ae98,0x00000000fdb00000)
  from space 18944K, 49% used [0x00000000fdb00000,0x00000000fe41a518,0x00000000fed80000)
  to   space 18432K, 0% used [0x00000000fee00000,0x00000000fee00000,0x0000000100000000)
 ParOldGen       total 311296K, used 206713K [0x0000000080000000, 0x0000000093000000, 0x00000000d5580000)
  object space 311296K, 66% used [0x0000000080000000,0x000000008c9de660,0x0000000093000000)
 Metaspace       used 89062K, capacity 90706K, committed 91904K, reserved 1130496K
  class space    used 10990K, capacity 11301K, committed 11520K, reserved 1048576K
2023-08-21T00:15:04.386+0600: 28811.715: [GC (Allocation Failure) [PSYoungGen: 667348K->14715K(678400K)] 874062K->221533K(989696K), 0.0114481 secs] [Times: user=0.02 sys=0.00, real=0.01 secs] 
Heap after GC invocations=326 (full 4):
 PSYoungGen      total 678400K, used 14715K [0x00000000d5580000, 0x0000000100000000, 0x0000000100000000)
  eden space 659968K, 0% used [0x00000000d5580000,0x00000000d5580000,0x00000000fda00000)
  from space 18432K, 79% used [0x00000000fee00000,0x00000000ffc5ee88,0x0000000100000000)
  to   space 19456K, 0% used [0x00000000fda00000,0x00000000fda00000,0x00000000fed00000)
 ParOldGen       total 311296K, used 206817K [0x0000000080000000, 0x0000000093000000, 0x00000000d5580000)
  object space 311296K, 66% used [0x0000000080000000,0x000000008c9f8690,0x0000000093000000)
 Metaspace       used 89062K, capacity 90706K, committed 91904K, reserved 1130496K
  class space    used 10990K, capacity 11301K, committed 11520K, reserved 1048576K
}
{Heap before GC invocations=327 (full 4):
 PSYoungGen      total 678400K, used 674683K [0x00000000d5580000, 0x0000000100000000, 0x0000000100000000)
  eden space 659968K, 100% used [0x00000000d5580000,0x00000000fda00000,0x00000000fda00000)
  from space 18432K, 79% used [0x00000000fee00000,0x00000000ffc5ee88,0x0000000100000000)
  to   space 19456K, 0% used [0x00000000fda00000,0x00000000fda00000,0x00000000fed00000)
 ParOldGen       total 311296K, used 206817K [0x0000000080000000, 0x0000000093000000, 0x00000000d5580000)
  object space 311296K, 66% used [0x0000000080000000,0x000000008c9f8690,0x0000000093000000)
 Metaspace       used 89063K, capacity 90706K, committed 91904K, reserved 1130496K
  class space    used 10990K, capacity 11301K, committed 11520K, reserved 1048576K
2023-08-21T00:15:09.172+0600: 28816.501: [GC (Allocation Failure) [PSYoungGen: 674683K->9513K(679424K)] 881501K->216370K(990720K), 0.0088459 secs] [Times: user=0.01 sys=0.00, real=0.01 secs] 
Heap after GC invocations=327 (full 4):
 PSYoungGen      total 679424K, used 9513K [0x00000000d5580000, 0x00000000fff00000, 0x0000000100000000)
  eden space 659968K, 0% used [0x00000000d5580000,0x00000000d5580000,0x00000000fda00000)
  from space 19456K, 48% used [0x00000000fda00000,0x00000000fe34a528,0x00000000fed00000)
  to   space 18432K, 0% used [0x00000000fed00000,0x00000000fed00000,0x00000000fff00000)
 ParOldGen       total 311296K, used 206857K [0x0000000080000000, 0x0000000093000000, 0x00000000d5580000)
  object space 311296K, 66% used [0x0000000080000000,0x000000008ca02690,0x0000000093000000)
 Metaspace       used 89063K, capacity 90706K, committed 91904K, reserved 1130496K
  class space    used 10990K, capacity 11301K, committed 11520K, reserved 1048576K
}
{Heap before GC invocations=328 (full 4):
 PSYoungGen      total 679424K, used 669294K [0x00000000d5580000, 0x00000000fff00000, 0x0000000100000000)
  eden space 659968K, 99% used [0x00000000d5580000,0x00000000fd9d15b0,0x00000000fda00000)
  from space 19456K, 48% used [0x00000000fda00000,0x00000000fe34a528,0x00000000fed00000)
  to   space 18432K, 0% used [0x00000000fed00000,0x00000000fed00000,0x00000000fff00000)
 ParOldGen       total 311296K, used 206857K [0x0000000080000000, 0x0000000093000000, 0x00000000d5580000)
  object space 311296K, 66% used [0x0000000080000000,0x000000008ca02690,0x0000000093000000)
 Metaspace       used 89063K, capacity 90706K, committed 91904K, reserved 1130496K
  class space    used 10990K, capacity 11301K, committed 11520K, reserved 1048576K
2023-08-21T00:15:15.397+0600: 28822.725: [GC (Allocation Failure) [PSYoungGen: 669294K->11058K(678400K)] 876152K->217956K(989696K), 0.0142119 secs] [Times: user=0.03 sys=0.00, real=0.02 secs] 
Heap after GC invocations=328 (full 4):
 PSYoungGen      total 678400K, used 11058K [0x00000000d5580000, 0x00000000ffe00000, 0x0000000100000000)
  eden space 660992K, 0% used [0x00000000d5580000,0x00000000d5580000,0x00000000fdb00000)
  from space 17408K, 63% used [0x00000000fed00000,0x00000000ff7cc9e0,0x00000000ffe00000)
  to   space 17920K, 0% used [0x00000000fdb00000,0x00000000fdb00000,0x00000000fec80000)
 ParOldGen       total 311296K, used 206897K [0x0000000080000000, 0x0000000093000000, 0x00000000d5580000)
  object space 311296K, 66% used [0x0000000080000000,0x000000008ca0c690,0x0000000093000000)
 Metaspace       used 89063K, capacity 90706K, committed 91904K, reserved 1130496K
  class space    used 10990K, capacity 11301K, committed 11520K, reserved 1048576K
}
{Heap before GC invocations=329 (full 4):
 PSYoungGen      total 678400K, used 672050K [0x00000000d5580000, 0x00000000ffe00000, 0x0000000100000000)
  eden space 660992K, 100% used [0x00000000d5580000,0x00000000fdb00000,0x00000000fdb00000)
  from space 17408K, 63% used [0x00000000fed00000,0x00000000ff7cc9e0,0x00000000ffe00000)
  to   space 17920K, 0% used [0x00000000fdb00000,0x00000000fdb00000,0x00000000fec80000)
 ParOldGen       total 311296K, used 206933K [0x0000000080000000, 0x0000000093000000, 0x00000000d5580000)
  object space 311296K, 66% used [0x0000000080000000,0x000000008ca15430,0x0000000093000000)
 Metaspace       used 89063K, capacity 90706K, committed 91904K, reserved 1130496K
  class space    used 10990K, capacity 11301K, committed 11520K, reserved 1048576K
2023-08-21T00:15:19.755+0600: 28827.084: [GC (GCLocker Initiated GC) [PSYoungGen: 672050K->9225K(678912K)] 878983K->216190K(990208K), 0.0120758 secs] [Times: user=0.02 sys=0.00, real=0.01 secs] 
Heap after GC invocations=329 (full 4):
 PSYoungGen      total 678912K, used 9225K [0x00000000d5580000, 0x00000000fff80000, 0x0000000100000000)
  eden space 660992K, 0% used [0x00000000d5580000,0x00000000d5580000,0x00000000fdb00000)
  from space 17920K, 51% used [0x00000000fdb00000,0x00000000fe402528,0x00000000fec80000)
  to   space 17408K, 0% used [0x00000000fee80000,0x00000000fee80000,0x00000000fff80000)
 ParOldGen       total 311296K, used 206965K [0x0000000080000000, 0x0000000093000000, 0x00000000d5580000)
  object space 311296K, 66% used [0x0000000080000000,0x000000008ca1d430,0x0000000093000000)
 Metaspace       used 89063K, capacity 90706K, committed 91904K, reserved 1130496K
  class space    used 10990K, capacity 11301K, committed 11520K, reserved 1048576K
}
{Heap before GC invocations=330 (full 4):
 PSYoungGen      total 678912K, used 670217K [0x00000000d5580000, 0x00000000fff80000, 0x0000000100000000)
  eden space 660992K, 100% used [0x00000000d5580000,0x00000000fdb00000,0x00000000fdb00000)
  from space 17920K, 51% used [0x00000000fdb00000,0x00000000fe402528,0x00000000fec80000)
  to   space 17408K, 0% used [0x00000000fee80000,0x00000000fee80000,0x00000000fff80000)
 ParOldGen       total 311296K, used 242005K [0x0000000080000000, 0x0000000093000000, 0x00000000d5580000)
  object space 311296K, 77% used [0x0000000080000000,0x000000008ec55570,0x0000000093000000)
 Metaspace       used 89063K, capacity 90706K, committed 91904K, reserved 1130496K
  class space    used 10990K, capacity 11301K, committed 11520K, reserved 1048576K
2023-08-21T00:15:26.111+0600: 28833.439: [GC (Allocation Failure) [PSYoungGen: 670217K->7337K(680960K)] 912222K->249382K(992256K), 0.0149016 secs] [Times: user=0.03 sys=0.00, real=0.01 secs] 
Heap after GC invocations=330 (full 4):
 PSYoungGen      total 680960K, used 7337K [0x00000000d5580000, 0x00000000fff80000, 0x0000000100000000)
  eden space 663552K, 0% used [0x00000000d5580000,0x00000000d5580000,0x00000000fdd80000)
  from space 17408K, 42% used [0x00000000fee80000,0x00000000ff5aa528,0x00000000fff80000)
  to   space 17408K, 0% used [0x00000000fdd80000,0x00000000fdd80000,0x00000000fee80000)
 ParOldGen       total 311296K, used 242045K [0x0000000080000000, 0x0000000093000000, 0x00000000d5580000)
  object space 311296K, 77% used [0x0000000080000000,0x000000008ec5f570,0x0000000093000000)
 Metaspace       used 89063K, capacity 90706K, committed 91904K, reserved 1130496K
  class space    used 10990K, capacity 11301K, committed 11520K, reserved 1048576K
}
{Heap before GC invocations=331 (full 4):
 PSYoungGen      total 680960K, used 670889K [0x00000000d5580000, 0x00000000fff80000, 0x0000000100000000)
  eden space 663552K, 100% used [0x00000000d5580000,0x00000000fdd80000,0x00000000fdd80000)
  from space 17408K, 42% used [0x00000000fee80000,0x00000000ff5aa528,0x00000000fff80000)
  to   space 17408K, 0% used [0x00000000fdd80000,0x00000000fdd80000,0x00000000fee80000)
 ParOldGen       total 311296K, used 242045K [0x0000000080000000, 0x0000000093000000, 0x00000000d5580000)
  object space 311296K, 77% used [0x0000000080000000,0x000000008ec5f570,0x0000000093000000)
 Metaspace       used 89063K, capacity 90706K, committed 91904K, reserved 1130496K
  class space    used 10990K, capacity 11301K, committed 11520K, reserved 1048576K
2023-08-21T00:15:30.248+0600: 28837.577: [GC (Allocation Failure) [PSYoungGen: 670889K->9449K(680960K)] 912934K->251534K(992256K), 0.0091191 secs] [Times: user=0.02 sys=0.00, real=0.01 secs] 
Heap after GC invocations=331 (full 4):
 PSYoungGen      total 680960K, used 9449K [0x00000000d5580000, 0x00000000fff00000, 0x0000000100000000)
  eden space 663552K, 0% used [0x00000000d5580000,0x00000000d5580000,0x00000000fdd80000)
  from space 17408K, 54% used [0x00000000fdd80000,0x00000000fe6ba528,0x00000000fee80000)
  to   space 16896K, 0% used [0x00000000fee80000,0x00000000fee80000,0x00000000fff00000)
 ParOldGen       total 311296K, used 242085K [0x0000000080000000, 0x0000000093000000, 0x00000000d5580000)
  object space 311296K, 77% used [0x0000000080000000,0x000000008ec69570,0x0000000093000000)
 Metaspace       used 89063K, capacity 90706K, committed 91904K, reserved 1130496K
  class space    used 10990K, capacity 11301K, committed 11520K, reserved 1048576K
}
{Heap before GC invocations=332 (full 4):
 PSYoungGen      total 680960K, used 673001K [0x00000000d5580000, 0x00000000fff00000, 0x0000000100000000)
  eden space 663552K, 100% used [0x00000000d5580000,0x00000000fdd80000,0x00000000fdd80000)
  from space 17408K, 54% used [0x00000000fdd80000,0x00000000fe6ba528,0x00000000fee80000)
  to   space 16896K, 0% used [0x00000000fee80000,0x00000000fee80000,0x00000000fff00000)
 ParOldGen       total 311296K, used 242085K [0x0000000080000000, 0x0000000093000000, 0x00000000d5580000)
  object space 311296K, 77% used [0x0000000080000000,0x000000008ec69570,0x0000000093000000)
 Metaspace       used 89065K, capacity 90706K, committed 91904K, reserved 1130496K
  class space    used 10990K, capacity 11301K, committed 11520K, reserved 1048576K
2023-08-21T00:15:36.570+0600: 28843.899: [GC (Allocation Failure) [PSYoungGen: 673001K->14814K(679936K)] 915086K->257106K(991232K), 0.0138619 secs] [Times: user=0.03 sys=0.00, real=0.01 secs] 
Heap after GC invocations=332 (full 4):
 PSYoungGen      total 679936K, used 14814K [0x00000000d5580000, 0x0000000100000000, 0x0000000100000000)
  eden space 663040K, 0% used [0x00000000d5580000,0x00000000d5580000,0x00000000fdd00000)
  from space 16896K, 87% used [0x00000000fee80000,0x00000000ffcf79d0,0x00000000fff00000)
  to   space 17920K, 0% used [0x00000000fdd00000,0x00000000fdd00000,0x00000000fee80000)
 ParOldGen       total 311296K, used 242292K [0x0000000080000000, 0x0000000093000000, 0x00000000d5580000)
  object space 311296K, 77% used [0x0000000080000000,0x000000008ec9d180,0x0000000093000000)
 Metaspace       used 89065K, capacity 90706K, committed 91904K, reserved 1130496K
  class space    used 10990K, capacity 11301K, committed 11520K, reserved 1048576K
}
{Heap before GC invocations=333 (full 4):
 PSYoungGen      total 679936K, used 677854K [0x00000000d5580000, 0x0000000100000000, 0x0000000100000000)
  eden space 663040K, 100% used [0x00000000d5580000,0x00000000fdd00000,0x00000000fdd00000)
  from space 16896K, 87% used [0x00000000fee80000,0x00000000ffcf79d0,0x00000000fff00000)
  to   space 17920K, 0% used [0x00000000fdd00000,0x00000000fdd00000,0x00000000fee80000)
 ParOldGen       total 311296K, used 242292K [0x0000000080000000, 0x0000000093000000, 0x00000000d5580000)
  object space 311296K, 77% used [0x0000000080000000,0x000000008ec9d180,0x0000000093000000)
 Metaspace       used 89067K, capacity 90706K, committed 91904K, reserved 1130496K
  class space    used 10990K, capacity 11301K, committed 11520K, reserved 1048576K
2023-08-21T00:15:40.745+0600: 28848.074: [GC (Allocation Failure) [PSYoungGen: 677854K->9161K(680960K)] 920146K->251541K(992256K), 0.0089633 secs] [Times: user=0.01 sys=0.00, real=0.01 secs] 
Heap after GC invocations=333 (full 4):
 PSYoungGen      total 680960K, used 9161K [0x00000000d5580000, 0x0000000100000000, 0x0000000100000000)
  eden space 663040K, 0% used [0x00000000d5580000,0x00000000d5580000,0x00000000fdd00000)
  from space 17920K, 51% used [0x00000000fdd00000,0x00000000fe5f24f8,0x00000000fee80000)
  to   space 17408K, 0% used [0x00000000fef00000,0x00000000fef00000,0x0000000100000000)
 ParOldGen       total 311296K, used 242379K [0x0000000080000000, 0x0000000093000000, 0x00000000d5580000)
  object space 311296K, 77% used [0x0000000080000000,0x000000008ecb2f70,0x0000000093000000)
 Metaspace       used 89067K, capacity 90706K, committed 91904K, reserved 1130496K
  class space    used 10990K, capacity 11301K, committed 11520K, reserved 1048576K
}
{Heap before GC invocations=334 (full 4):
 PSYoungGen      total 680960K, used 670376K [0x00000000d5580000, 0x0000000100000000, 0x0000000100000000)
  eden space 663040K, 99% used [0x00000000d5580000,0x00000000fdb37ba8,0x00000000fdd00000)
  from space 17920K, 51% used [0x00000000fdd00000,0x00000000fe5f24f8,0x00000000fee80000)
  to   space 17408K, 0% used [0x00000000fef00000,0x00000000fef00000,0x0000000100000000)
 ParOldGen       total 311296K, used 242379K [0x0000000080000000, 0x0000000093000000, 0x00000000d5580000)
  object space 311296K, 77% used [0x0000000080000000,0x000000008ecb2f70,0x0000000093000000)
 Metaspace       used 89067K, capacity 90706K, committed 91904K, reserved 1130496K
  class space    used 10990K, capacity 11301K, committed 11520K, reserved 1048576K
2023-08-21T00:15:47.193+0600: 28854.521: [GC (Allocation Failure) [PSYoungGen: 670376K->14750K(679424K)] 912756K->257162K(990720K), 0.0159713 secs] [Times: user=0.03 sys=0.00, real=0.01 secs] 
Heap after GC invocations=334 (full 4):
 PSYoungGen      total 679424K, used 14750K [0x00000000d5580000, 0x0000000100000000, 0x0000000100000000)
  eden space 662016K, 0% used [0x00000000d5580000,0x00000000d5580000,0x00000000fdc00000)
  from space 17408K, 84% used [0x00000000fef00000,0x00000000ffd679c0,0x0000000100000000)
  to   space 18432K, 0% used [0x00000000fdc00000,0x00000000fdc00000,0x00000000fee00000)
 ParOldGen       total 311296K, used 242411K [0x0000000080000000, 0x0000000093000000, 0x00000000d5580000)
  object space 311296K, 77% used [0x0000000080000000,0x000000008ecbaf70,0x0000000093000000)
 Metaspace       used 89067K, capacity 90706K, committed 91904K, reserved 1130496K
  class space    used 10990K, capacity 11301K, committed 11520K, reserved 1048576K
}
{Heap before GC invocations=335 (full 4):
 PSYoungGen      total 679424K, used 676766K [0x00000000d5580000, 0x0000000100000000, 0x0000000100000000)
  eden space 662016K, 100% used [0x00000000d5580000,0x00000000fdc00000,0x00000000fdc00000)
  from space 17408K, 84% used [0x00000000fef00000,0x00000000ffd679c0,0x0000000100000000)
  to   space 18432K, 0% used [0x00000000fdc00000,0x00000000fdc00000,0x00000000fee00000)
 ParOldGen       total 311296K, used 242411K [0x0000000080000000, 0x0000000093000000, 0x00000000d5580000)
  object space 311296K, 77% used [0x0000000080000000,0x000000008ecbaf70,0x0000000093000000)
 Metaspace       used 89067K, capacity 90706K, committed 91904K, reserved 1130496K
  class space    used 10990K, capacity 11301K, committed 11520K, reserved 1048576K
2023-08-21T00:15:51.563+0600: 28858.892: [GC (Allocation Failure) [PSYoungGen: 676766K->9513K(680448K)] 919178K->251965K(991744K), 0.0090830 secs] [Times: user=0.02 sys=0.00, real=0.01 secs] 
Heap after GC invocations=335 (full 4):
 PSYoungGen      total 680448K, used 9513K [0x00000000d5580000, 0x0000000100000000, 0x0000000100000000)
  eden space 662016K, 0% used [0x00000000d5580000,0x00000000d5580000,0x00000000fdc00000)
  from space 18432K, 51% used [0x00000000fdc00000,0x00000000fe54a518,0x00000000fee00000)
  to   space 17920K, 0% used [0x00000000fee80000,0x00000000fee80000,0x0000000100000000)
 ParOldGen       total 311296K, used 242451K [0x0000000080000000, 0x0000000093000000, 0x00000000d5580000)
  object space 311296K, 77% used [0x0000000080000000,0x000000008ecc4f70,0x0000000093000000)
 Metaspace       used 89067K, capacity 90706K, committed 91904K, reserved 1130496K
  class space    used 10990K, capacity 11301K, committed 11520K, reserved 1048576K
}
{Heap before GC invocations=336 (full 4):
 PSYoungGen      total 680448K, used 671529K [0x00000000d5580000, 0x0000000100000000, 0x0000000100000000)
  eden space 662016K, 100% used [0x00000000d5580000,0x00000000fdc00000,0x00000000fdc00000)
  from space 18432K, 51% used [0x00000000fdc00000,0x00000000fe54a518,0x00000000fee00000)
  to   space 17920K, 0% used [0x00000000fee80000,0x00000000fee80000,0x0000000100000000)
 ParOldGen       total 311296K, used 242451K [0x0000000080000000, 0x0000000093000000, 0x00000000d5580000)
  object space 311296K, 77% used [0x0000000080000000,0x000000008ecc4f70,0x0000000093000000)
 Metaspace       used 89067K, capacity 90706K, committed 91904K, reserved 1130496K
  class space    used 10990K, capacity 11301K, committed 11520K, reserved 1048576K
2023-08-21T00:15:57.976+0600: 28865.305: [GC (Allocation Failure) [PSYoungGen: 671529K->14942K(678912K)] 913981K->257482K(990208K), 0.0148635 secs] [Times: user=0.03 sys=0.00, real=0.02 secs] 
Heap after GC invocations=336 (full 4):
 PSYoungGen      total 678912K, used 14942K [0x00000000d5580000, 0x0000000100000000, 0x0000000100000000)
  eden space 660992K, 0% used [0x00000000d5580000,0x00000000d5580000,0x00000000fdb00000)
  from space 17920K, 83% used [0x00000000fee80000,0x00000000ffd179e0,0x0000000100000000)
  to   space 18944K, 0% used [0x00000000fdb00000,0x00000000fdb00000,0x00000000fed80000)
 ParOldGen       total 311296K, used 242539K [0x0000000080000000, 0x0000000093000000, 0x00000000d5580000)
  object space 311296K, 77% used [0x0000000080000000,0x000000008ecdafa0,0x0000000093000000)
 Metaspace       used 89067K, capacity 90706K, committed 91904K, reserved 1130496K
  class space    used 10990K, capacity 11301K, committed 11520K, reserved 1048576K
}
{Heap before GC invocations=337 (full 4):
 PSYoungGen      total 678912K, used 675934K [0x00000000d5580000, 0x0000000100000000, 0x0000000100000000)
  eden space 660992K, 100% used [0x00000000d5580000,0x00000000fdb00000,0x00000000fdb00000)
  from space 17920K, 83% used [0x00000000fee80000,0x00000000ffd179e0,0x0000000100000000)
  to   space 18944K, 0% used [0x00000000fdb00000,0x00000000fdb00000,0x00000000fed80000)
 ParOldGen       total 311296K, used 242539K [0x0000000080000000, 0x0000000093000000, 0x00000000d5580000)
  object space 311296K, 77% used [0x0000000080000000,0x000000008ecdafa0,0x0000000093000000)
 Metaspace       used 89067K, capacity 90706K, committed 91904K, reserved 1130496K
  class space    used 10990K, capacity 11301K, committed 11520K, reserved 1048576K
2023-08-21T00:16:02.225+0600: 28869.554: [GC (Allocation Failure) [PSYoungGen: 675934K->8841K(679936K)] 918474K->251429K(991232K), 0.0083557 secs] [Times: user=0.02 sys=0.00, real=0.01 secs] 
Heap after GC invocations=337 (full 4):
 PSYoungGen      total 679936K, used 8841K [0x00000000d5580000, 0x0000000100000000, 0x0000000100000000)
  eden space 660992K, 0% used [0x00000000d5580000,0x00000000d5580000,0x00000000fdb00000)
  from space 18944K, 46% used [0x00000000fdb00000,0x00000000fe3a2518,0x00000000fed80000)
  to   space 18432K, 0% used [0x00000000fee00000,0x00000000fee00000,0x0000000100000000)
 ParOldGen       total 311296K, used 242587K [0x0000000080000000, 0x0000000093000000, 0x00000000d5580000)
  object space 311296K, 77% used [0x0000000080000000,0x000000008ece6fa0,0x0000000093000000)
 Metaspace       used 89067K, capacity 90706K, committed 91904K, reserved 1130496K
  class space    used 10990K, capacity 11301K, committed 11520K, reserved 1048576K
}
{Heap before GC invocations=338 (full 4):
 PSYoungGen      total 679936K, used 668083K [0x00000000d5580000, 0x0000000100000000, 0x0000000100000000)
  eden space 660992K, 99% used [0x00000000d5580000,0x00000000fd94a9e0,0x00000000fdb00000)
  from space 18944K, 46% used [0x00000000fdb00000,0x00000000fe3a2518,0x00000000fed80000)
  to   space 18432K, 0% used [0x00000000fee00000,0x00000000fee00000,0x0000000100000000)
 ParOldGen       total 311296K, used 242587K [0x0000000080000000, 0x0000000093000000, 0x00000000d5580000)
  object space 311296K, 77% used [0x0000000080000000,0x000000008ece6fa0,0x0000000093000000)
 Metaspace       used 89067K, capacity 90706K, committed 91904K, reserved 1130496K
  class space    used 10990K, capacity 11301K, committed 11520K, reserved 1048576K
2023-08-21T00:16:08.730+0600: 28876.058: [GC (Allocation Failure) [PSYoungGen: 668083K->11058K(678400K)] 910671K->253686K(989696K), 0.0139574 secs] [Times: user=0.03 sys=0.00, real=0.01 secs] 
Heap after GC invocations=338 (full 4):
 PSYoungGen      total 678400K, used 11058K [0x00000000d5580000, 0x00000000ffe80000, 0x0000000100000000)
  eden space 661504K, 0% used [0x00000000d5580000,0x00000000d5580000,0x00000000fdb80000)
  from space 16896K, 65% used [0x00000000fee00000,0x00000000ff8cc9d0,0x00000000ffe80000)
  to   space 17920K, 0% used [0x00000000fdb80000,0x00000000fdb80000,0x00000000fed00000)
 ParOldGen       total 311296K, used 242627K [0x0000000080000000, 0x0000000093000000, 0x00000000d5580000)
  object space 311296K, 77% used [0x0000000080000000,0x000000008ecf0fa0,0x0000000093000000)
 Metaspace       used 89067K, capacity 90706K, committed 91904K, reserved 1130496K
  class space    used 10990K, capacity 11301K, committed 11520K, reserved 1048576K
}
{Heap before GC invocations=339 (full 4):
 PSYoungGen      total 678400K, used 672562K [0x00000000d5580000, 0x00000000ffe80000, 0x0000000100000000)
  eden space 661504K, 100% used [0x00000000d5580000,0x00000000fdb80000,0x00000000fdb80000)
  from space 16896K, 65% used [0x00000000fee00000,0x00000000ff8cc9d0,0x00000000ffe80000)
  to   space 17920K, 0% used [0x00000000fdb80000,0x00000000fdb80000,0x00000000fed00000)
 ParOldGen       total 311296K, used 242627K [0x0000000080000000, 0x0000000093000000, 0x00000000d5580000)
  object space 311296K, 77% used [0x0000000080000000,0x000000008ecf0fa0,0x0000000093000000)
 Metaspace       used 89067K, capacity 90706K, committed 91904K, reserved 1130496K
  class space    used 10990K, capacity 11301K, committed 11520K, reserved 1048576K
2023-08-21T00:16:13.001+0600: 28880.329: [GC (Allocation Failure) [PSYoungGen: 672562K->8809K(679424K)] 915190K->251588K(990720K), 0.0087155 secs] [Times: user=0.02 sys=0.00, real=0.01 secs] 
Heap after GC invocations=339 (full 4):
 PSYoungGen      total 679424K, used 8809K [0x00000000d5580000, 0x0000000100000000, 0x0000000100000000)
  eden space 661504K, 0% used [0x00000000d5580000,0x00000000d5580000,0x00000000fdb80000)
  from space 17920K, 49% used [0x00000000fdb80000,0x00000000fe41a508,0x00000000fed00000)
  to   space 17408K, 0% used [0x00000000fef00000,0x00000000fef00000,0x0000000100000000)
 ParOldGen       total 311296K, used 242779K [0x0000000080000000, 0x0000000093000000, 0x00000000d5580000)
  object space 311296K, 77% used [0x0000000080000000,0x000000008ed16dc0,0x0000000093000000)
 Metaspace       used 89067K, capacity 90706K, committed 91904K, reserved 1130496K
  class space    used 10990K, capacity 11301K, committed 11520K, reserved 1048576K
}
{Heap before GC invocations=340 (full 4):
 PSYoungGen      total 679424K, used 666973K [0x00000000d5580000, 0x0000000100000000, 0x0000000100000000)
  eden space 661504K, 99% used [0x00000000d5580000,0x00000000fd83d1c0,0x00000000fdb80000)
  from space 17920K, 49% used [0x00000000fdb80000,0x00000000fe41a508,0x00000000fed00000)
  to   space 17408K, 0% used [0x00000000fef00000,0x00000000fef00000,0x0000000100000000)
 ParOldGen       total 311296K, used 242779K [0x0000000080000000, 0x0000000093000000, 0x00000000d5580000)
  object space 311296K, 77% used [0x0000000080000000,0x000000008ed16dc0,0x0000000093000000)
 Metaspace       used 89067K, capacity 90706K, committed 91904K, reserved 1130496K
  class space    used 10990K, capacity 11301K, committed 11520K, reserved 1048576K
2023-08-21T00:16:19.376+0600: 28886.705: [GC (Allocation Failure) [PSYoungGen: 666973K->14846K(679424K)] 909753K->257785K(990720K), 0.0138190 secs] [Times: user=0.03 sys=0.00, real=0.02 secs] 
Heap after GC invocations=340 (full 4):
 PSYoungGen      total 679424K, used 14846K [0x00000000d5580000, 0x0000000100000000, 0x0000000100000000)
  eden space 662016K, 0% used [0x00000000d5580000,0x00000000d5580000,0x00000000fdc00000)
  from space 17408K, 85% used [0x00000000fef00000,0x00000000ffd7f9d0,0x0000000100000000)
  to   space 18432K, 0% used [0x00000000fdc00000,0x00000000fdc00000,0x00000000fee00000)
 ParOldGen       total 311296K, used 242938K [0x0000000080000000, 0x0000000093000000, 0x00000000d5580000)
  object space 311296K, 78% used [0x0000000080000000,0x000000008ed3ebe0,0x0000000093000000)
 Metaspace       used 89067K, capacity 90706K, committed 91904K, reserved 1130496K
  class space    used 10990K, capacity 11301K, committed 11520K, reserved 1048576K
}
{Heap before GC invocations=341 (full 4):
 PSYoungGen      total 679424K, used 676862K [0x00000000d5580000, 0x0000000100000000, 0x0000000100000000)
  eden space 662016K, 100% used [0x00000000d5580000,0x00000000fdc00000,0x00000000fdc00000)
  from space 17408K, 85% used [0x00000000fef00000,0x00000000ffd7f9d0,0x0000000100000000)
  to   space 18432K, 0% used [0x00000000fdc00000,0x00000000fdc00000,0x00000000fee00000)
 ParOldGen       total 311296K, used 242938K [0x0000000080000000, 0x0000000093000000, 0x00000000d5580000)
  object space 311296K, 78% used [0x0000000080000000,0x000000008ed3ebe0,0x0000000093000000)
 Metaspace       used 89067K, capacity 90706K, committed 91904K, reserved 1130496K
  class space    used 10990K, capacity 11301K, committed 11520K, reserved 1048576K
2023-08-21T00:16:23.623+0600: 28890.952: [GC (Allocation Failure) [PSYoungGen: 676862K->1984K(664064K)] 919801K->244955K(975360K), 0.0088793 secs] [Times: user=0.02 sys=0.00, real=0.01 secs] 
Heap after GC invocations=341 (full 4):
 PSYoungGen      total 664064K, used 1984K [0x00000000d5580000, 0x0000000100000000, 0x0000000100000000)
  eden space 662016K, 0% used [0x00000000d5580000,0x00000000d5580000,0x00000000fdc00000)
  from space 2048K, 96% used [0x00000000fdc00000,0x00000000fddf0040,0x00000000fde00000)
  to   space 19456K, 0% used [0x00000000fed00000,0x00000000fed00000,0x0000000100000000)
 ParOldGen       total 311296K, used 242970K [0x0000000080000000, 0x0000000093000000, 0x00000000d5580000)
  object space 311296K, 78% used [0x0000000080000000,0x000000008ed46be0,0x0000000093000000)
 Metaspace       used 89067K, capacity 90706K, committed 91904K, reserved 1130496K
  class space    used 10990K, capacity 11301K, committed 11520K, reserved 1048576K
}
{Heap before GC invocations=342 (full 4):
 PSYoungGen      total 664064K, used 660532K [0x00000000d5580000, 0x0000000100000000, 0x0000000100000000)
  eden space 662016K, 99% used [0x00000000d5580000,0x00000000fd89d380,0x00000000fdc00000)
  from space 2048K, 96% used [0x00000000fdc00000,0x00000000fddf0040,0x00000000fde00000)
  to   space 19456K, 0% used [0x00000000fed00000,0x00000000fed00000,0x0000000100000000)
 ParOldGen       total 311296K, used 242970K [0x0000000080000000, 0x0000000093000000, 0x00000000d5580000)
  object space 311296K, 78% used [0x0000000080000000,0x000000008ed46be0,0x0000000093000000)
 Metaspace       used 89067K, capacity 90706K, committed 91904K, reserved 1130496K
  class space    used 10990K, capacity 11301K, committed 11520K, reserved 1048576K
2023-08-21T00:16:29.876+0600: 28897.204: [GC (Allocation Failure) [PSYoungGen: 660532K->14686K(678400K)] 903503K->257816K(989696K), 0.0138644 secs] [Times: user=0.02 sys=0.00, real=0.02 secs] 
Heap after GC invocations=342 (full 4):
 PSYoungGen      total 678400K, used 14686K [0x00000000d5580000, 0x0000000100000000, 0x0000000100000000)
  eden space 658944K, 0% used [0x00000000d5580000,0x00000000d5580000,0x00000000fd900000)
  from space 19456K, 75% used [0x00000000fed00000,0x00000000ffb579c0,0x0000000100000000)
  to   space 19968K, 0% used [0x00000000fd900000,0x00000000fd900000,0x00000000fec80000)
 ParOldGen       total 311296K, used 243130K [0x0000000080000000, 0x0000000093000000, 0x00000000d5580000)
  object space 311296K, 78% used [0x0000000080000000,0x000000008ed6ea00,0x0000000093000000)
 Metaspace       used 89067K, capacity 90706K, committed 91904K, reserved 1130496K
  class space    used 10990K, capacity 11301K, committed 11520K, reserved 1048576K
}
{Heap before GC invocations=343 (full 4):
 PSYoungGen      total 678400K, used 673630K [0x00000000d5580000, 0x0000000100000000, 0x0000000100000000)
  eden space 658944K, 100% used [0x00000000d5580000,0x00000000fd900000,0x00000000fd900000)
  from space 19456K, 75% used [0x00000000fed00000,0x00000000ffb579c0,0x0000000100000000)
  to   space 19968K, 0% used [0x00000000fd900000,0x00000000fd900000,0x00000000fec80000)
 ParOldGen       total 311296K, used 243130K [0x0000000080000000, 0x0000000093000000, 0x00000000d5580000)
  object space 311296K, 78% used [0x0000000080000000,0x000000008ed6ea00,0x0000000093000000)
 Metaspace       used 89067K, capacity 90706K, committed 91904K, reserved 1130496K
  class space    used 10990K, capacity 11301K, committed 11520K, reserved 1048576K
2023-08-21T00:16:34.375+0600: 28901.704: [GC (Allocation Failure) [PSYoungGen: 673630K->1984K(660992K)] 916760K->245154K(972288K), 0.0084233 secs] [Times: user=0.01 sys=0.00, real=0.01 secs] 
Heap after GC invocations=343 (full 4):
 PSYoungGen      total 660992K, used 1984K [0x00000000d5580000, 0x0000000100000000, 0x0000000100000000)
  eden space 658944K, 0% used [0x00000000d5580000,0x00000000d5580000,0x00000000fd900000)
  from space 2048K, 96% used [0x00000000fd900000,0x00000000fdaf0040,0x00000000fdb00000)
  to   space 20480K, 0% used [0x00000000fec00000,0x00000000fec00000,0x0000000100000000)
 ParOldGen       total 311296K, used 243170K [0x0000000080000000, 0x0000000093000000, 0x00000000d5580000)
  object space 311296K, 78% used [0x0000000080000000,0x000000008ed78a00,0x0000000093000000)
 Metaspace       used 89067K, capacity 90706K, committed 91904K, reserved 1130496K
  class space    used 10990K, capacity 11301K, committed 11520K, reserved 1048576K
}
{Heap before GC invocations=344 (full 4):
 PSYoungGen      total 660992K, used 659218K [0x00000000d5580000, 0x0000000100000000, 0x0000000100000000)
  eden space 658944K, 99% used [0x00000000d5580000,0x00000000fd754a80,0x00000000fd900000)
  from space 2048K, 96% used [0x00000000fd900000,0x00000000fdaf0040,0x00000000fdb00000)
  to   space 20480K, 0% used [0x00000000fec00000,0x00000000fec00000,0x0000000100000000)
 ParOldGen       total 311296K, used 243170K [0x0000000080000000, 0x0000000093000000, 0x00000000d5580000)
  object space 311296K, 78% used [0x0000000080000000,0x000000008ed78a00,0x0000000093000000)
 Metaspace       used 89069K, capacity 90706K, committed 91904K, reserved 1130496K
  class space    used 10990K, capacity 11301K, committed 11520K, reserved 1048576K
2023-08-21T00:16:40.392+0600: 28907.721: [GC (Allocation Failure) [PSYoungGen: 659218K->11933K(678400K)] 902389K->255151K(989696K), 0.0140017 secs] [Times: user=0.03 sys=0.00, real=0.01 secs] 
Heap after GC invocations=344 (full 4):
 PSYoungGen      total 678400K, used 11933K [0x00000000d5580000, 0x0000000100000000, 0x0000000100000000)
  eden space 657920K, 0% used [0x00000000d5580000,0x00000000d5580000,0x00000000fd800000)
  from space 20480K, 58% used [0x00000000fec00000,0x00000000ff7a75d0,0x0000000100000000)
  to   space 20480K, 0% used [0x00000000fd800000,0x00000000fd800000,0x00000000fec00000)
 ParOldGen       total 311296K, used 243218K [0x0000000080000000, 0x0000000093000000, 0x00000000d5580000)
  object space 311296K, 78% used [0x0000000080000000,0x000000008ed84a00,0x0000000093000000)
 Metaspace       used 89069K, capacity 90706K, committed 91904K, reserved 1130496K
  class space    used 10990K, capacity 11301K, committed 11520K, reserved 1048576K
}
{Heap before GC invocations=345 (full 4):
 PSYoungGen      total 678400K, used 669853K [0x00000000d5580000, 0x0000000100000000, 0x0000000100000000)
  eden space 657920K, 100% used [0x00000000d5580000,0x00000000fd800000,0x00000000fd800000)
  from space 20480K, 58% used [0x00000000fec00000,0x00000000ff7a75d0,0x0000000100000000)
  to   space 20480K, 0% used [0x00000000fd800000,0x00000000fd800000,0x00000000fec00000)
 ParOldGen       total 311296K, used 243218K [0x0000000080000000, 0x0000000093000000, 0x00000000d5580000)
  object space 311296K, 78% used [0x0000000080000000,0x000000008ed84a00,0x0000000093000000)
 Metaspace       used 89069K, capacity 90706K, committed 91904K, reserved 1130496K
  class space    used 10990K, capacity 11301K, committed 11520K, reserved 1048576K
2023-08-21T00:16:44.590+0600: 28911.918: [GC (Allocation Failure) [PSYoungGen: 669853K->8777K(667136K)] 913071K->252043K(978432K), 0.0095907 secs] [Times: user=0.01 sys=0.00, real=0.01 secs] 
Heap after GC invocations=345 (full 4):
 PSYoungGen      total 667136K, used 8777K [0x00000000d5580000, 0x00000000ffe00000, 0x0000000100000000)
  eden space 657920K, 0% used [0x00000000d5580000,0x00000000d5580000,0x00000000fd800000)
  from space 9216K, 95% used [0x00000000fd800000,0x00000000fe092508,0x00000000fe100000)
  to   space 19456K, 0% used [0x00000000feb00000,0x00000000feb00000,0x00000000ffe00000)
 ParOldGen       total 311296K, used 243266K [0x0000000080000000, 0x0000000093000000, 0x00000000d5580000)
  object space 311296K, 78% used [0x0000000080000000,0x000000008ed90a00,0x0000000093000000)
 Metaspace       used 89069K, capacity 90706K, committed 91904K, reserved 1130496K
  class space    used 10990K, capacity 11301K, committed 11520K, reserved 1048576K
}
{Heap before GC invocations=346 (full 4):
 PSYoungGen      total 667136K, used 664125K [0x00000000d5580000, 0x00000000ffe00000, 0x0000000100000000)
  eden space 657920K, 99% used [0x00000000d5580000,0x00000000fd57d1c0,0x00000000fd800000)
  from space 9216K, 95% used [0x00000000fd800000,0x00000000fe092508,0x00000000fe100000)
  to   space 19456K, 0% used [0x00000000feb00000,0x00000000feb00000,0x00000000ffe00000)
 ParOldGen       total 311296K, used 243266K [0x0000000080000000, 0x0000000093000000, 0x00000000d5580000)
  object space 311296K, 78% used [0x0000000080000000,0x000000008ed90a00,0x0000000093000000)
 Metaspace       used 89069K, capacity 90706K, committed 91904K, reserved 1130496K
  class space    used 10990K, capacity 11301K, committed 11520K, reserved 1048576K
2023-08-21T00:16:50.986+0600: 28918.315: [GC (Allocation Failure) [PSYoungGen: 664125K->14715K(676352K)] 907392K->258030K(987648K), 0.0155564 secs] [Times: user=0.02 sys=0.00, real=0.02 secs] 
Heap after GC invocations=346 (full 4):
 PSYoungGen      total 676352K, used 14715K [0x00000000d5580000, 0x0000000100000000, 0x0000000100000000)
  eden space 656896K, 0% used [0x00000000d5580000,0x00000000d5580000,0x00000000fd700000)
  from space 19456K, 75% used [0x00000000feb00000,0x00000000ff95ee78,0x00000000ffe00000)
  to   space 20480K, 0% used [0x00000000fd700000,0x00000000fd700000,0x00000000feb00000)
 ParOldGen       total 311296K, used 243314K [0x0000000080000000, 0x0000000093000000, 0x00000000d5580000)
  object space 311296K, 78% used [0x0000000080000000,0x000000008ed9ca00,0x0000000093000000)
 Metaspace       used 89069K, capacity 90706K, committed 91904K, reserved 1130496K
  class space    used 10990K, capacity 11301K, committed 11520K, reserved 1048576K
}
{Heap before GC invocations=347 (full 4):
 PSYoungGen      total 676352K, used 671611K [0x00000000d5580000, 0x0000000100000000, 0x0000000100000000)
  eden space 656896K, 100% used [0x00000000d5580000,0x00000000fd700000,0x00000000fd700000)
  from space 19456K, 75% used [0x00000000feb00000,0x00000000ff95ee78,0x00000000ffe00000)
  to   space 20480K, 0% used [0x00000000fd700000,0x00000000fd700000,0x00000000feb00000)
 ParOldGen       total 311296K, used 243314K [0x0000000080000000, 0x0000000093000000, 0x00000000d5580000)
  object space 311296K, 78% used [0x0000000080000000,0x000000008ed9ca00,0x0000000093000000)
 Metaspace       used 89069K, capacity 90706K, committed 91904K, reserved 1130496K
  class space    used 10990K, capacity 11301K, committed 11520K, reserved 1048576K
2023-08-21T00:16:55.316+0600: 28922.644: [GC (Allocation Failure) [PSYoungGen: 671611K->8873K(677376K)] 914926K->252219K(988672K), 0.0091526 secs] [Times: user=0.02 sys=0.00, real=0.01 secs] 
Heap after GC invocations=347 (full 4):
 PSYoungGen      total 677376K, used 8873K [0x00000000d5580000, 0x00000000fff00000, 0x0000000100000000)
  eden space 656896K, 0% used [0x00000000d5580000,0x00000000d5580000,0x00000000fd700000)
  from space 20480K, 43% used [0x00000000fd700000,0x00000000fdfaa508,0x00000000feb00000)
  to   space 19456K, 0% used [0x00000000fec00000,0x00000000fec00000,0x00000000fff00000)
 ParOldGen       total 311296K, used 243346K [0x0000000080000000, 0x0000000093000000, 0x00000000d5580000)
  object space 311296K, 78% used [0x0000000080000000,0x000000008eda4a00,0x0000000093000000)
 Metaspace       used 89069K, capacity 90706K, committed 91904K, reserved 1130496K
  class space    used 10990K, capacity 11301K, committed 11520K, reserved 1048576K
}
{Heap before GC invocations=348 (full 4):
 PSYoungGen      total 677376K, used 663297K [0x00000000d5580000, 0x00000000fff00000, 0x0000000100000000)
  eden space 656896K, 99% used [0x00000000d5580000,0x00000000fd4961c0,0x00000000fd700000)
  from space 20480K, 43% used [0x00000000fd700000,0x00000000fdfaa508,0x00000000feb00000)
  to   space 19456K, 0% used [0x00000000fec00000,0x00000000fec00000,0x00000000fff00000)
 ParOldGen       total 311296K, used 243346K [0x0000000080000000, 0x0000000093000000, 0x00000000d5580000)
  object space 311296K, 78% used [0x0000000080000000,0x000000008eda4a00,0x0000000093000000)
 Metaspace       used 89069K, capacity 90706K, committed 91904K, reserved 1130496K
  class space    used 10990K, capacity 11301K, committed 11520K, reserved 1048576K
2023-08-21T00:17:01.737+0600: 28929.066: [GC (Allocation Failure) [PSYoungGen: 663297K->10898K(677376K)] 906644K->254292K(988672K), 0.0137403 secs] [Times: user=0.03 sys=0.00, real=0.02 secs] 
Heap after GC invocations=348 (full 4):
 PSYoungGen      total 677376K, used 10898K [0x00000000d5580000, 0x00000000ffe00000, 0x0000000100000000)
  eden space 658944K, 0% used [0x00000000d5580000,0x00000000d5580000,0x00000000fd900000)
  from space 18432K, 59% used [0x00000000fec00000,0x00000000ff6a49c0,0x00000000ffe00000)
  to   space 18944K, 0% used [0x00000000fd900000,0x00000000fd900000,0x00000000feb80000)
 ParOldGen       total 311296K, used 243394K [0x0000000080000000, 0x0000000093000000, 0x00000000d5580000)
  object space 311296K, 78% used [0x0000000080000000,0x000000008edb0a00,0x0000000093000000)
 Metaspace       used 89069K, capacity 90706K, committed 91904K, reserved 1130496K
  class space    used 10990K, capacity 11301K, committed 11520K, reserved 1048576K
}
{Heap before GC invocations=349 (full 4):
 PSYoungGen      total 677376K, used 669842K [0x00000000d5580000, 0x00000000ffe00000, 0x0000000100000000)
  eden space 658944K, 100% used [0x00000000d5580000,0x00000000fd900000,0x00000000fd900000)
  from space 18432K, 59% used [0x00000000fec00000,0x00000000ff6a49c0,0x00000000ffe00000)
  to   space 18944K, 0% used [0x00000000fd900000,0x00000000fd900000,0x00000000feb80000)
 ParOldGen       total 311296K, used 243394K [0x0000000080000000, 0x0000000093000000, 0x00000000d5580000)
  object space 311296K, 78% used [0x0000000080000000,0x000000008edb0a00,0x0000000093000000)
 Metaspace       used 89069K, capacity 90706K, committed 91904K, reserved 1130496K
  class space    used 10990K, capacity 11301K, committed 11520K, reserved 1048576K
2023-08-21T00:17:05.973+0600: 28933.301: [GC (Allocation Failure) [PSYoungGen: 669842K->8713K(677888K)] 913236K->252131K(989184K), 0.0115667 secs] [Times: user=0.02 sys=0.00, real=0.01 secs] 
Heap after GC invocations=349 (full 4):
 PSYoungGen      total 677888K, used 8713K [0x00000000d5580000, 0x00000000fff80000, 0x0000000100000000)
  eden space 658944K, 0% used [0x00000000d5580000,0x00000000d5580000,0x00000000fd900000)
  from space 18944K, 45% used [0x00000000fd900000,0x00000000fe182508,0x00000000feb80000)
  to   space 18432K, 0% used [0x00000000fed80000,0x00000000fed80000,0x00000000fff80000)
 ParOldGen       total 311296K, used 243418K [0x0000000080000000, 0x0000000093000000, 0x00000000d5580000)
  object space 311296K, 78% used [0x0000000080000000,0x000000008edb6a00,0x0000000093000000)
 Metaspace       used 89069K, capacity 90706K, committed 91904K, reserved 1130496K
  class space    used 10990K, capacity 11301K, committed 11520K, reserved 1048576K
}
{Heap before GC invocations=350 (full 4):
 PSYoungGen      total 677888K, used 665294K [0x00000000d5580000, 0x00000000fff80000, 0x0000000100000000)
  eden space 658944K, 99% used [0x00000000d5580000,0x00000000fd6b1338,0x00000000fd900000)
  from space 18944K, 45% used [0x00000000fd900000,0x00000000fe182508,0x00000000feb80000)
  to   space 18432K, 0% used [0x00000000fed80000,0x00000000fed80000,0x00000000fff80000)
 ParOldGen       total 311296K, used 243418K [0x0000000080000000, 0x0000000093000000, 0x00000000d5580000)
  object space 311296K, 78% used [0x0000000080000000,0x000000008edb6a00,0x0000000093000000)
 Metaspace       used 89069K, capacity 90706K, committed 91904K, reserved 1130496K
  class space    used 10990K, capacity 11301K, committed 11520K, reserved 1048576K
2023-08-21T00:17:12.283+0600: 28939.612: [GC (Allocation Failure) [PSYoungGen: 665294K->10642K(678912K)] 908712K->254339K(990208K), 0.0134744 secs] [Times: user=0.03 sys=0.00, real=0.01 secs] 
Heap after GC invocations=350 (full 4):
 PSYoungGen      total 678912K, used 10642K [0x00000000d5580000, 0x00000000ffe80000, 0x0000000100000000)
  eden space 661504K, 0% used [0x00000000d5580000,0x00000000d5580000,0x00000000fdb80000)
  from space 17408K, 61% used [0x00000000fed80000,0x00000000ff7e49a0,0x00000000ffe80000)
  to   space 17920K, 0% used [0x00000000fdb80000,0x00000000fdb80000,0x00000000fed00000)
 ParOldGen       total 311296K, used 243697K [0x0000000080000000, 0x0000000093000000, 0x00000000d5580000)
  object space 311296K, 78% used [0x0000000080000000,0x000000008edfc640,0x0000000093000000)
 Metaspace       used 89069K, capacity 90706K, committed 91904K, reserved 1130496K
  class space    used 10990K, capacity 11301K, committed 11520K, reserved 1048576K
}
{Heap before GC invocations=351 (full 4):
 PSYoungGen      total 678912K, used 672146K [0x00000000d5580000, 0x00000000ffe80000, 0x0000000100000000)
  eden space 661504K, 100% used [0x00000000d5580000,0x00000000fdb80000,0x00000000fdb80000)
  from space 17408K, 61% used [0x00000000fed80000,0x00000000ff7e49a0,0x00000000ffe80000)
  to   space 17920K, 0% used [0x00000000fdb80000,0x00000000fdb80000,0x00000000fed00000)
 ParOldGen       total 311296K, used 243697K [0x0000000080000000, 0x0000000093000000, 0x00000000d5580000)
  object space 311296K, 78% used [0x0000000080000000,0x000000008edfc640,0x0000000093000000)
 Metaspace       used 89069K, capacity 90706K, committed 91904K, reserved 1130496K
  class space    used 10990K, capacity 11301K, committed 11520K, reserved 1048576K
2023-08-21T00:17:16.978+0600: 28944.306: [GC (Allocation Failure) [PSYoungGen: 672146K->8745K(679424K)] 915843K->252474K(990720K), 0.0085536 secs] [Times: user=0.02 sys=0.00, real=0.01 secs] 
Heap after GC invocations=351 (full 4):
 PSYoungGen      total 679424K, used 8745K [0x00000000d5580000, 0x00000000fff80000, 0x0000000100000000)
  eden space 661504K, 0% used [0x00000000d5580000,0x00000000d5580000,0x00000000fdb80000)
  from space 17920K, 48% used [0x00000000fdb80000,0x00000000fe40a4f8,0x00000000fed00000)
  to   space 17408K, 0% used [0x00000000fee80000,0x00000000fee80000,0x00000000fff80000)
 ParOldGen       total 311296K, used 243729K [0x0000000080000000, 0x0000000093000000, 0x00000000d5580000)
  object space 311296K, 78% used [0x0000000080000000,0x000000008ee04640,0x0000000093000000)
 Metaspace       used 89069K, capacity 90706K, committed 91904K, reserved 1130496K
  class space    used 10990K, capacity 11301K, committed 11520K, reserved 1048576K
}
{Heap before GC invocations=352 (full 4):
 PSYoungGen      total 679424K, used 667130K [0x00000000d5580000, 0x00000000fff80000, 0x0000000100000000)
  eden space 661504K, 99% used [0x00000000d5580000,0x00000000fd874510,0x00000000fdb80000)
  from space 17920K, 48% used [0x00000000fdb80000,0x00000000fe40a4f8,0x00000000fed00000)
  to   space 17408K, 0% used [0x00000000fee80000,0x00000000fee80000,0x00000000fff80000)
 ParOldGen       total 311296K, used 243729K [0x0000000080000000, 0x0000000093000000, 0x00000000d5580000)
  object space 311296K, 78% used [0x0000000080000000,0x000000008ee04640,0x0000000093000000)
 Metaspace       used 89069K, capacity 90706K, committed 91904K, reserved 1130496K
  class space    used 10990K, capacity 11301K, committed 11520K, reserved 1048576K
2023-08-21T00:17:23.217+0600: 28950.546: [GC (Allocation Failure) [PSYoungGen: 667130K->10738K(679936K)] 910860K->254515K(991232K), 0.0171462 secs] [Times: user=0.03 sys=0.00, real=0.02 secs] 
Heap after GC invocations=352 (full 4):
 PSYoungGen      total 679936K, used 10738K [0x00000000d5580000, 0x00000000ffe80000, 0x0000000100000000)
  eden space 663552K, 0% used [0x00000000d5580000,0x00000000d5580000,0x00000000fdd80000)
  from space 16384K, 65% used [0x00000000fee80000,0x00000000ff8fc9b0,0x00000000ffe80000)
  to   space 16896K, 0% used [0x00000000fdd80000,0x00000000fdd80000,0x00000000fee00000)
 ParOldGen       total 311296K, used 243777K [0x0000000080000000, 0x0000000093000000, 0x00000000d5580000)
  object space 311296K, 78% used [0x0000000080000000,0x000000008ee10640,0x0000000093000000)
 Metaspace       used 89069K, capacity 90706K, committed 91904K, reserved 1130496K
  class space    used 10990K, capacity 11301K, committed 11520K, reserved 1048576K
}
{Heap before GC invocations=353 (full 4):
 PSYoungGen      total 679936K, used 674290K [0x00000000d5580000, 0x00000000ffe80000, 0x0000000100000000)
  eden space 663552K, 100% used [0x00000000d5580000,0x00000000fdd80000,0x00000000fdd80000)
  from space 16384K, 65% used [0x00000000fee80000,0x00000000ff8fc9b0,0x00000000ffe80000)
  to   space 16896K, 0% used [0x00000000fdd80000,0x00000000fdd80000,0x00000000fee00000)
 ParOldGen       total 311296K, used 243777K [0x0000000080000000, 0x0000000093000000, 0x00000000d5580000)
  object space 311296K, 78% used [0x0000000080000000,0x000000008ee10640,0x0000000093000000)
 Metaspace       used 89069K, capacity 90706K, committed 91904K, reserved 1130496K
  class space    used 10990K, capacity 11301K, committed 11520K, reserved 1048576K
2023-08-21T00:17:27.566+0600: 28954.895: [GC (Allocation Failure) [PSYoungGen: 674290K->9225K(680448K)] 918067K->253034K(991744K), 0.0094465 secs] [Times: user=0.01 sys=0.00, real=0.01 secs] 
Heap after GC invocations=353 (full 4):
 PSYoungGen      total 680448K, used 9225K [0x00000000d5580000, 0x00000000fff80000, 0x0000000100000000)
  eden space 663552K, 0% used [0x00000000d5580000,0x00000000d5580000,0x00000000fdd80000)
  from space 16896K, 54% used [0x00000000fdd80000,0x00000000fe6824f8,0x00000000fee00000)
  to   space 16384K, 0% used [0x00000000fef80000,0x00000000fef80000,0x00000000fff80000)
 ParOldGen       total 311296K, used 243809K [0x0000000080000000, 0x0000000093000000, 0x00000000d5580000)
  object space 311296K, 78% used [0x0000000080000000,0x000000008ee18640,0x0000000093000000)
 Metaspace       used 89069K, capacity 90706K, committed 91904K, reserved 1130496K
  class space    used 10990K, capacity 11301K, committed 11520K, reserved 1048576K
}
{Heap before GC invocations=354 (full 4):
 PSYoungGen      total 680448K, used 672000K [0x00000000d5580000, 0x00000000fff80000, 0x0000000100000000)
  eden space 663552K, 99% used [0x00000000d5580000,0x00000000fdcbdc48,0x00000000fdd80000)
  from space 16896K, 54% used [0x00000000fdd80000,0x00000000fe6824f8,0x00000000fee00000)
  to   space 16384K, 0% used [0x00000000fef80000,0x00000000fef80000,0x00000000fff80000)
 ParOldGen       total 311296K, used 243809K [0x0000000080000000, 0x0000000093000000, 0x00000000d5580000)
  object space 311296K, 78% used [0x0000000080000000,0x000000008ee18640,0x0000000093000000)
 Metaspace       used 89069K, capacity 90706K, committed 91904K, reserved 1130496K
  class space    used 10990K, capacity 11301K, committed 11520K, reserved 1048576K
2023-08-21T00:17:33.995+0600: 28961.324: [GC (Allocation Failure) [PSYoungGen: 672000K->10802K(680960K)] 915809K->254659K(992256K), 0.0162877 secs] [Times: user=0.03 sys=0.00, real=0.02 secs] 
Heap after GC invocations=354 (full 4):
 PSYoungGen      total 680960K, used 10802K [0x00000000d5580000, 0x00000000ffe80000, 0x0000000100000000)
  eden space 665600K, 0% used [0x00000000d5580000,0x00000000d5580000,0x00000000fdf80000)
  from space 15360K, 70% used [0x00000000fef80000,0x00000000ffa0c9b0,0x00000000ffe80000)
  to   space 15872K, 0% used [0x00000000fdf80000,0x00000000fdf80000,0x00000000fef00000)
 ParOldGen       total 311296K, used 243857K [0x0000000080000000, 0x0000000093000000, 0x00000000d5580000)
  object space 311296K, 78% used [0x0000000080000000,0x000000008ee24640,0x0000000093000000)
 Metaspace       used 89069K, capacity 90706K, committed 91904K, reserved 1130496K
  class space    used 10990K, capacity 11301K, committed 11520K, reserved 1048576K
}
{Heap before GC invocations=355 (full 4):
 PSYoungGen      total 680960K, used 676402K [0x00000000d5580000, 0x00000000ffe80000, 0x0000000100000000)
  eden space 665600K, 100% used [0x00000000d5580000,0x00000000fdf80000,0x00000000fdf80000)
  from space 15360K, 70% used [0x00000000fef80000,0x00000000ffa0c9b0,0x00000000ffe80000)
  to   space 15872K, 0% used [0x00000000fdf80000,0x00000000fdf80000,0x00000000fef00000)
 ParOldGen       total 311296K, used 243857K [0x0000000080000000, 0x0000000093000000, 0x00000000d5580000)
  object space 311296K, 78% used [0x0000000080000000,0x000000008ee24640,0x0000000093000000)
 Metaspace       used 89069K, capacity 90706K, committed 91904K, reserved 1130496K
  class space    used 10990K, capacity 11301K, committed 11520K, reserved 1048576K
2023-08-21T00:17:38.490+0600: 28965.819: [GC (Allocation Failure) [PSYoungGen: 676402K->8617K(681472K)] 920259K->252626K(992768K), 0.0096397 secs] [Times: user=0.01 sys=0.00, real=0.01 secs] 
Heap after GC invocations=355 (full 4):
 PSYoungGen      total 681472K, used 8617K [0x00000000d5580000, 0x0000000100000000, 0x0000000100000000)
  eden space 665600K, 0% used [0x00000000d5580000,0x00000000d5580000,0x00000000fdf80000)
  from space 15872K, 54% used [0x00000000fdf80000,0x00000000fe7ea4f8,0x00000000fef00000)
  to   space 15872K, 0% used [0x00000000ff080000,0x00000000ff080000,0x0000000100000000)
 ParOldGen       total 311296K, used 244009K [0x0000000080000000, 0x0000000093000000, 0x00000000d5580000)
  object space 311296K, 78% used [0x0000000080000000,0x000000008ee4a510,0x0000000093000000)
 Metaspace       used 89069K, capacity 90706K, committed 91904K, reserved 1130496K
  class space    used 10990K, capacity 11301K, committed 11520K, reserved 1048576K
}
{Heap before GC invocations=356 (full 4):
 PSYoungGen      total 681472K, used 672524K [0x00000000d5580000, 0x0000000100000000, 0x0000000100000000)
  eden space 665600K, 99% used [0x00000000d5580000,0x00000000fddd8c18,0x00000000fdf80000)
  from space 15872K, 54% used [0x00000000fdf80000,0x00000000fe7ea4f8,0x00000000fef00000)
  to   space 15872K, 0% used [0x00000000ff080000,0x00000000ff080000,0x0000000100000000)
 ParOldGen       total 311296K, used 244009K [0x0000000080000000, 0x0000000093000000, 0x00000000d5580000)
  object space 311296K, 78% used [0x0000000080000000,0x000000008ee4a510,0x0000000093000000)
 Metaspace       used 89070K, capacity 90706K, committed 91904K, reserved 1130496K
  class space    used 10990K, capacity 11301K, committed 11520K, reserved 1048576K
2023-08-21T00:17:45.030+0600: 28972.359: [GC (Allocation Failure) [PSYoungGen: 672524K->10770K(681984K)] 916533K->254819K(993280K), 0.0154955 secs] [Times: user=0.03 sys=0.00, real=0.01 secs] 
Heap after GC invocations=356 (full 4):
 PSYoungGen      total 681984K, used 10770K [0x00000000d5580000, 0x00000000fff00000, 0x0000000100000000)
  eden space 667136K, 0% used [0x00000000d5580000,0x00000000d5580000,0x00000000fe100000)
  from space 14848K, 72% used [0x00000000ff080000,0x00000000ffb049b0,0x00000000fff00000)
  to   space 15360K, 0% used [0x00000000fe100000,0x00000000fe100000,0x00000000ff000000)
 ParOldGen       total 311296K, used 244049K [0x0000000080000000, 0x0000000093000000, 0x00000000d5580000)
  object space 311296K, 78% used [0x0000000080000000,0x000000008ee54510,0x0000000093000000)
 Metaspace       used 89070K, capacity 90706K, committed 91904K, reserved 1130496K
  class space    used 10990K, capacity 11301K, committed 11520K, reserved 1048576K
}
{Heap before GC invocations=357 (full 4):
 PSYoungGen      total 681984K, used 677906K [0x00000000d5580000, 0x00000000fff00000, 0x0000000100000000)
  eden space 667136K, 100% used [0x00000000d5580000,0x00000000fe100000,0x00000000fe100000)
  from space 14848K, 72% used [0x00000000ff080000,0x00000000ffb049b0,0x00000000fff00000)
  to   space 15360K, 0% used [0x00000000fe100000,0x00000000fe100000,0x00000000ff000000)
 ParOldGen       total 311296K, used 244049K [0x0000000080000000, 0x0000000093000000, 0x00000000d5580000)
  object space 311296K, 78% used [0x0000000080000000,0x000000008ee54510,0x0000000093000000)
 Metaspace       used 89070K, capacity 90706K, committed 91904K, reserved 1130496K
  class space    used 10990K, capacity 11301K, committed 11520K, reserved 1048576K
2023-08-21T00:17:49.870+0600: 28977.199: [GC (Allocation Failure) [PSYoungGen: 677906K->8553K(682496K)] 921955K->252634K(993792K), 0.0083354 secs] [Times: user=0.01 sys=0.00, real=0.00 secs] 
Heap after GC invocations=357 (full 4):
 PSYoungGen      total 682496K, used 8553K [0x00000000d5580000, 0x0000000100000000, 0x0000000100000000)
  eden space 667136K, 0% used [0x00000000d5580000,0x00000000d5580000,0x00000000fe100000)
  from space 15360K, 55% used [0x00000000fe100000,0x00000000fe95a4f8,0x00000000ff000000)
  to   space 15360K, 0% used [0x00000000ff100000,0x00000000ff100000,0x0000000100000000)
 ParOldGen       total 311296K, used 244081K [0x0000000080000000, 0x0000000093000000, 0x00000000d5580000)
  object space 311296K, 78% used [0x0000000080000000,0x000000008ee5c510,0x0000000093000000)
 Metaspace       used 89070K, capacity 90706K, committed 91904K, reserved 1130496K
  class space    used 10990K, capacity 11301K, committed 11520K, reserved 1048576K
}
{Heap before GC invocations=358 (full 4):
 PSYoungGen      total 682496K, used 674941K [0x00000000d5580000, 0x0000000100000000, 0x0000000100000000)
  eden space 667136K, 99% used [0x00000000d5580000,0x00000000fe0452d0,0x00000000fe100000)
  from space 15360K, 55% used [0x00000000fe100000,0x00000000fe95a4f8,0x00000000ff000000)
  to   space 15360K, 0% used [0x00000000ff100000,0x00000000ff100000,0x0000000100000000)
 ParOldGen       total 311296K, used 244081K [0x0000000080000000, 0x0000000093000000, 0x00000000d5580000)
  object space 311296K, 78% used [0x0000000080000000,0x000000008ee5c510,0x0000000093000000)
 Metaspace       used 89070K, capacity 90706K, committed 91904K, reserved 1130496K
  class space    used 10990K, capacity 11301K, committed 11520K, reserved 1048576K
2023-08-21T00:17:56.426+0600: 28983.755: [GC (Allocation Failure) [PSYoungGen: 674941K->12584K(682496K)] 919023K->256769K(993792K), 0.0119203 secs] [Times: user=0.02 sys=0.00, real=0.01 secs] 
Heap after GC invocations=358 (full 4):
 PSYoungGen      total 682496K, used 12584K [0x00000000d5580000, 0x0000000100000000, 0x0000000100000000)
  eden space 667136K, 0% used [0x00000000d5580000,0x00000000d5580000,0x00000000fe100000)
  from space 15360K, 81% used [0x00000000ff100000,0x00000000ffd4a1b0,0x0000000100000000)
  to   space 15872K, 0% used [0x00000000fe100000,0x00000000fe100000,0x00000000ff080000)
 ParOldGen       total 311296K, used 244184K [0x0000000080000000, 0x0000000093000000, 0x00000000d5580000)
  object space 311296K, 78% used [0x0000000080000000,0x000000008ee76300,0x0000000093000000)
 Metaspace       used 89070K, capacity 90706K, committed 91904K, reserved 1130496K
  class space    used 10990K, capacity 11301K, committed 11520K, reserved 1048576K
}
{Heap before GC invocations=359 (full 4):
 PSYoungGen      total 682496K, used 679719K [0x00000000d5580000, 0x0000000100000000, 0x0000000100000000)
  eden space 667136K, 99% used [0x00000000d5580000,0x00000000fe0ffd98,0x00000000fe100000)
  from space 15360K, 81% used [0x00000000ff100000,0x00000000ffd4a1b0,0x0000000100000000)
  to   space 15872K, 0% used [0x00000000fe100000,0x00000000fe100000,0x00000000ff080000)
 ParOldGen       total 311296K, used 244184K [0x0000000080000000, 0x0000000093000000, 0x00000000d5580000)
  object space 311296K, 78% used [0x0000000080000000,0x000000008ee76300,0x0000000093000000)
 Metaspace       used 89070K, capacity 90706K, committed 91904K, reserved 1130496K
  class space    used 10990K, capacity 11301K, committed 11520K, reserved 1048576K
2023-08-21T00:18:00.714+0600: 28988.042: [GC (Allocation Failure) [PSYoungGen: 679719K->1600K(669184K)] 923904K->245880K(980480K), 0.0078464 secs] [Times: user=0.02 sys=0.00, real=0.01 secs] 
Heap after GC invocations=359 (full 4):
 PSYoungGen      total 669184K, used 1600K [0x00000000d5580000, 0x0000000100000000, 0x0000000100000000)
  eden space 667136K, 0% used [0x00000000d5580000,0x00000000d5580000,0x00000000fe100000)
  from space 2048K, 78% used [0x00000000fe100000,0x00000000fe290020,0x00000000fe300000)
  to   space 16384K, 0% used [0x00000000ff000000,0x00000000ff000000,0x0000000100000000)
 ParOldGen       total 311296K, used 244280K [0x0000000080000000, 0x0000000093000000, 0x00000000d5580000)
  object space 311296K, 78% used [0x0000000080000000,0x000000008ee8e330,0x0000000093000000)
 Metaspace       used 89070K, capacity 90706K, committed 91904K, reserved 1130496K
  class space    used 10990K, capacity 11301K, committed 11520K, reserved 1048576K
}
{Heap before GC invocations=360 (full 4):
 PSYoungGen      total 669184K, used 668628K [0x00000000d5580000, 0x0000000100000000, 0x0000000100000000)
  eden space 667136K, 99% used [0x00000000d5580000,0x00000000fe0e51d0,0x00000000fe100000)
  from space 2048K, 78% used [0x00000000fe100000,0x00000000fe290020,0x00000000fe300000)
  to   space 16384K, 0% used [0x00000000ff000000,0x00000000ff000000,0x0000000100000000)
 ParOldGen       total 311296K, used 244280K [0x0000000080000000, 0x0000000093000000, 0x00000000d5580000)
  object space 311296K, 78% used [0x0000000080000000,0x000000008ee8e330,0x0000000093000000)
 Metaspace       used 89070K, capacity 90706K, committed 91904K, reserved 1130496K
  class space    used 10990K, capacity 11301K, committed 11520K, reserved 1048576K
2023-08-21T00:18:07.128+0600: 28994.456: [GC (Allocation Failure) [PSYoungGen: 668628K->14395K(679424K)] 912909K->258716K(990720K), 0.0136222 secs] [Times: user=0.03 sys=0.00, real=0.02 secs] 
Heap after GC invocations=360 (full 4):
 PSYoungGen      total 679424K, used 14395K [0x00000000d5580000, 0x0000000100000000, 0x0000000100000000)
  eden space 663040K, 0% used [0x00000000d5580000,0x00000000d5580000,0x00000000fdd00000)
  from space 16384K, 87% used [0x00000000ff000000,0x00000000ffe0ee58,0x0000000100000000)
  to   space 17920K, 0% used [0x00000000fdd00000,0x00000000fdd00000,0x00000000fee80000)
 ParOldGen       total 311296K, used 244320K [0x0000000080000000, 0x0000000093000000, 0x00000000d5580000)
  object space 311296K, 78% used [0x0000000080000000,0x000000008ee98330,0x0000000093000000)
 Metaspace       used 89070K, capacity 90706K, committed 91904K, reserved 1130496K
  class space    used 10990K, capacity 11301K, committed 11520K, reserved 1048576K
}
{Heap before GC invocations=361 (full 4):
 PSYoungGen      total 679424K, used 677435K [0x00000000d5580000, 0x0000000100000000, 0x0000000100000000)
  eden space 663040K, 100% used [0x00000000d5580000,0x00000000fdd00000,0x00000000fdd00000)
  from space 16384K, 87% used [0x00000000ff000000,0x00000000ffe0ee58,0x0000000100000000)
  to   space 17920K, 0% used [0x00000000fdd00000,0x00000000fdd00000,0x00000000fee80000)
 ParOldGen       total 311296K, used 244320K [0x0000000080000000, 0x0000000093000000, 0x00000000d5580000)
  object space 311296K, 78% used [0x0000000080000000,0x000000008ee98330,0x0000000093000000)
 Metaspace       used 89070K, capacity 90706K, committed 91904K, reserved 1130496K
  class space    used 10990K, capacity 11301K, committed 11520K, reserved 1048576K
2023-08-21T00:18:11.330+0600: 28998.658: [GC (Allocation Failure) [PSYoungGen: 677435K->9065K(680960K)] 921756K->253418K(992256K), 0.0091163 secs] [Times: user=0.01 sys=0.00, real=0.00 secs] 
Heap after GC invocations=361 (full 4):
 PSYoungGen      total 680960K, used 9065K [0x00000000d5580000, 0x0000000100000000, 0x0000000100000000)
  eden space 663040K, 0% used [0x00000000d5580000,0x00000000d5580000,0x00000000fdd00000)
  from space 17920K, 50% used [0x00000000fdd00000,0x00000000fe5da4e8,0x00000000fee80000)
  to   space 17408K, 0% used [0x00000000fef00000,0x00000000fef00000,0x0000000100000000)
 ParOldGen       total 311296K, used 244352K [0x0000000080000000, 0x0000000093000000, 0x00000000d5580000)
  object space 311296K, 78% used [0x0000000080000000,0x000000008eea0330,0x0000000093000000)
 Metaspace       used 89070K, capacity 90706K, committed 91904K, reserved 1130496K
  class space    used 10990K, capacity 11301K, committed 11520K, reserved 1048576K
}
{Heap before GC invocations=362 (full 4):
 PSYoungGen      total 680960K, used 668419K [0x00000000d5580000, 0x0000000100000000, 0x0000000100000000)
  eden space 663040K, 99% used [0x00000000d5580000,0x00000000fd966868,0x00000000fdd00000)
  from space 17920K, 50% used [0x00000000fdd00000,0x00000000fe5da4e8,0x00000000fee80000)
  to   space 17408K, 0% used [0x00000000fef00000,0x00000000fef00000,0x0000000100000000)
 ParOldGen       total 311296K, used 244352K [0x0000000080000000, 0x0000000093000000, 0x00000000d5580000)
  object space 311296K, 78% used [0x0000000080000000,0x000000008eea0330,0x0000000093000000)
 Metaspace       used 89070K, capacity 90706K, committed 91904K, reserved 1130496K
  class space    used 10990K, capacity 11301K, committed 11520K, reserved 1048576K
2023-08-21T00:18:17.791+0600: 29005.119: [GC (Allocation Failure) [PSYoungGen: 668419K->10610K(679424K)] 912772K->255011K(990720K), 0.0105889 secs] [Times: user=0.01 sys=0.00, real=0.01 secs] 
Heap after GC invocations=362 (full 4):
 PSYoungGen      total 679424K, used 10610K [0x00000000d5580000, 0x00000000ffe80000, 0x0000000100000000)
  eden space 663552K, 0% used [0x00000000d5580000,0x00000000d5580000,0x00000000fdd80000)
  from space 15872K, 66% used [0x00000000fef00000,0x00000000ff95c9a0,0x00000000ffe80000)
  to   space 16896K, 0% used [0x00000000fdd80000,0x00000000fdd80000,0x00000000fee00000)
 ParOldGen       total 311296K, used 244400K [0x0000000080000000, 0x0000000093000000, 0x00000000d5580000)
  object space 311296K, 78% used [0x0000000080000000,0x000000008eeac330,0x0000000093000000)
 Metaspace       used 89070K, capacity 90706K, committed 91904K, reserved 1130496K
  class space    used 10990K, capacity 11301K, committed 11520K, reserved 1048576K
}
{Heap before GC invocations=363 (full 4):
 PSYoungGen      total 679424K, used 674162K [0x00000000d5580000, 0x00000000ffe80000, 0x0000000100000000)
  eden space 663552K, 100% used [0x00000000d5580000,0x00000000fdd80000,0x00000000fdd80000)
  from space 15872K, 66% used [0x00000000fef00000,0x00000000ff95c9a0,0x00000000ffe80000)
  to   space 16896K, 0% used [0x00000000fdd80000,0x00000000fdd80000,0x00000000fee00000)
 ParOldGen       total 311296K, used 244400K [0x0000000080000000, 0x0000000093000000, 0x00000000d5580000)
  object space 311296K, 78% used [0x0000000080000000,0x000000008eeac330,0x0000000093000000)
 Metaspace       used 89071K, capacity 90706K, committed 91904K, reserved 1130496K
  class space    used 10990K, capacity 11301K, committed 11520K, reserved 1048576K
2023-08-21T00:18:22.026+0600: 29009.354: [GC (Allocation Failure) [PSYoungGen: 674162K->8889K(680448K)] 918563K->253330K(991744K), 0.0086986 secs] [Times: user=0.02 sys=0.00, real=0.01 secs] 
Heap after GC invocations=363 (full 4):
 PSYoungGen      total 680448K, used 8889K [0x00000000d5580000, 0x0000000100000000, 0x0000000100000000)
  eden space 663552K, 0% used [0x00000000d5580000,0x00000000d5580000,0x00000000fdd80000)
  from space 16896K, 52% used [0x00000000fdd80000,0x00000000fe62e718,0x00000000fee00000)
  to   space 16384K, 0% used [0x00000000ff000000,0x00000000ff000000,0x0000000100000000)
 ParOldGen       total 311296K, used 244440K [0x0000000080000000, 0x0000000093000000, 0x00000000d5580000)
  object space 311296K, 78% used [0x0000000080000000,0x000000008eeb6330,0x0000000093000000)
 Metaspace       used 89071K, capacity 90706K, committed 91904K, reserved 1130496K
  class space    used 10990K, capacity 11301K, committed 11520K, reserved 1048576K
}
{Heap before GC invocations=364 (full 4):
 PSYoungGen      total 680448K, used 668829K [0x00000000d5580000, 0x0000000100000000, 0x0000000100000000)
  eden space 663552K, 99% used [0x00000000d5580000,0x00000000fd9f9040,0x00000000fdd80000)
  from space 16896K, 52% used [0x00000000fdd80000,0x00000000fe62e718,0x00000000fee00000)
  to   space 16384K, 0% used [0x00000000ff000000,0x00000000ff000000,0x0000000100000000)
 ParOldGen       total 311296K, used 244440K [0x0000000080000000, 0x0000000093000000, 0x00000000d5580000)
  object space 311296K, 78% used [0x0000000080000000,0x000000008eeb6330,0x0000000093000000)
 Metaspace       used 89071K, capacity 90706K, committed 91904K, reserved 1130496K
  class space    used 10990K, capacity 11301K, committed 11520K, reserved 1048576K
2023-08-21T00:18:28.427+0600: 29015.756: [GC (Allocation Failure) [PSYoungGen: 668829K->10818K(680448K)] 913270K->255299K(991744K), 0.0103751 secs] [Times: user=0.01 sys=0.00, real=0.01 secs] 
Heap after GC invocations=364 (full 4):
 PSYoungGen      total 680448K, used 10818K [0x00000000d5580000, 0x00000000ffe80000, 0x0000000100000000)
  eden space 665600K, 0% used [0x00000000d5580000,0x00000000d5580000,0x00000000fdf80000)
  from space 14848K, 72% used [0x00000000ff000000,0x00000000ffa90bd0,0x00000000ffe80000)
  to   space 15872K, 0% used [0x00000000fdf80000,0x00000000fdf80000,0x00000000fef00000)
 ParOldGen       total 311296K, used 244480K [0x0000000080000000, 0x0000000093000000, 0x00000000d5580000)
  object space 311296K, 78% used [0x0000000080000000,0x000000008eec0330,0x0000000093000000)
 Metaspace       used 89071K, capacity 90706K, committed 91904K, reserved 1130496K
  class space    used 10990K, capacity 11301K, committed 11520K, reserved 1048576K
}
{Heap before GC invocations=365 (full 4):
 PSYoungGen      total 680448K, used 676418K [0x00000000d5580000, 0x00000000ffe80000, 0x0000000100000000)
  eden space 665600K, 100% used [0x00000000d5580000,0x00000000fdf80000,0x00000000fdf80000)
  from space 14848K, 72% used [0x00000000ff000000,0x00000000ffa90bd0,0x00000000ffe80000)
  to   space 15872K, 0% used [0x00000000fdf80000,0x00000000fdf80000,0x00000000fef00000)
 ParOldGen       total 311296K, used 244480K [0x0000000080000000, 0x0000000093000000, 0x00000000d5580000)
  object space 311296K, 78% used [0x0000000080000000,0x000000008eec0330,0x0000000093000000)
 Metaspace       used 89094K, capacity 90718K, committed 91904K, reserved 1130496K
  class space    used 10991K, capacity 11303K, committed 11520K, reserved 1048576K
2023-08-21T00:18:32.734+0600: 29020.062: [GC (Allocation Failure) [PSYoungGen: 676418K->2360K(681472K)] 920899K->246881K(992768K), 0.0149825 secs] [Times: user=0.03 sys=0.00, real=0.01 secs] 
Heap after GC invocations=365 (full 4):
 PSYoungGen      total 681472K, used 2360K [0x00000000d5580000, 0x0000000100000000, 0x0000000100000000)
  eden space 665600K, 0% used [0x00000000d5580000,0x00000000d5580000,0x00000000fdf80000)
  from space 15872K, 14% used [0x00000000fdf80000,0x00000000fe1ce370,0x00000000fef00000)
  to   space 16896K, 0% used [0x00000000fef80000,0x00000000fef80000,0x0000000100000000)
 ParOldGen       total 311296K, used 244520K [0x0000000080000000, 0x0000000093000000, 0x00000000d5580000)
  object space 311296K, 78% used [0x0000000080000000,0x000000008eeca330,0x0000000093000000)
 Metaspace       used 89094K, capacity 90718K, committed 91904K, reserved 1130496K
  class space    used 10991K, capacity 11303K, committed 11520K, reserved 1048576K
}
{Heap before GC invocations=366 (full 4):
 PSYoungGen      total 681472K, used 667834K [0x00000000d5580000, 0x0000000100000000, 0x0000000100000000)
  eden space 665600K, 99% used [0x00000000d5580000,0x00000000fdf60510,0x00000000fdf80000)
  from space 15872K, 14% used [0x00000000fdf80000,0x00000000fe1ce370,0x00000000fef00000)
  to   space 16896K, 0% used [0x00000000fef80000,0x00000000fef80000,0x0000000100000000)
 ParOldGen       total 311296K, used 244520K [0x0000000080000000, 0x0000000093000000, 0x00000000d5580000)
  object space 311296K, 78% used [0x0000000080000000,0x000000008eeca330,0x0000000093000000)
 Metaspace       used 89121K, capacity 90724K, committed 91904K, reserved 1130496K
  class space    used 10992K, capacity 11304K, committed 11520K, reserved 1048576K
2023-08-21T00:18:39.142+0600: 29026.471: [GC (Allocation Failure) [PSYoungGen: 667834K->15893K(678912K)] 912354K->260509K(990208K), 0.0169269 secs] [Times: user=0.03 sys=0.00, real=0.01 secs] 
Heap after GC invocations=366 (full 4):
 PSYoungGen      total 678912K, used 15893K [0x00000000d5580000, 0x0000000100000000, 0x0000000100000000)
  eden space 662016K, 0% used [0x00000000d5580000,0x00000000d5580000,0x00000000fdc00000)
  from space 16896K, 94% used [0x00000000fef80000,0x00000000fff05670,0x0000000100000000)
  to   space 18432K, 0% used [0x00000000fdc00000,0x00000000fdc00000,0x00000000fee00000)
 ParOldGen       total 311296K, used 244616K [0x0000000080000000, 0x0000000093000000, 0x00000000d5580000)
  object space 311296K, 78% used [0x0000000080000000,0x000000008eee2120,0x0000000093000000)
 Metaspace       used 89121K, capacity 90724K, committed 91904K, reserved 1130496K
  class space    used 10992K, capacity 11304K, committed 11520K, reserved 1048576K
}
{Heap before GC invocations=367 (full 4):
 PSYoungGen      total 678912K, used 677909K [0x00000000d5580000, 0x0000000100000000, 0x0000000100000000)
  eden space 662016K, 100% used [0x00000000d5580000,0x00000000fdc00000,0x00000000fdc00000)
  from space 16896K, 94% used [0x00000000fef80000,0x00000000fff05670,0x0000000100000000)
  to   space 18432K, 0% used [0x00000000fdc00000,0x00000000fdc00000,0x00000000fee00000)
 ParOldGen       total 311296K, used 244616K [0x0000000080000000, 0x0000000093000000, 0x00000000d5580000)
  object space 311296K, 78% used [0x0000000080000000,0x000000008eee2120,0x0000000093000000)
 Metaspace       used 89121K, capacity 90724K, committed 91904K, reserved 1130496K
  class space    used 10992K, capacity 11304K, committed 11520K, reserved 1048576K
2023-08-21T00:18:43.393+0600: 29030.721: [GC (Allocation Failure) [PSYoungGen: 677909K->9065K(680448K)] 922525K->253721K(991744K), 0.0089100 secs] [Times: user=0.02 sys=0.00, real=0.01 secs] 
Heap after GC invocations=367 (full 4):
 PSYoungGen      total 680448K, used 9065K [0x00000000d5580000, 0x0000000100000000, 0x0000000100000000)
  eden space 662016K, 0% used [0x00000000d5580000,0x00000000d5580000,0x00000000fdc00000)
  from space 18432K, 49% used [0x00000000fdc00000,0x00000000fe4da4d8,0x00000000fee00000)
  to   space 17920K, 0% used [0x00000000fee80000,0x00000000fee80000,0x0000000100000000)
 ParOldGen       total 311296K, used 244656K [0x0000000080000000, 0x0000000093000000, 0x00000000d5580000)
  object space 311296K, 78% used [0x0000000080000000,0x000000008eeec120,0x0000000093000000)
 Metaspace       used 89121K, capacity 90724K, committed 91904K, reserved 1130496K
  class space    used 10992K, capacity 11304K, committed 11520K, reserved 1048576K
}
{Heap before GC invocations=368 (full 4):
 PSYoungGen      total 680448K, used 671081K [0x00000000d5580000, 0x0000000100000000, 0x0000000100000000)
  eden space 662016K, 100% used [0x00000000d5580000,0x00000000fdc00000,0x00000000fdc00000)
  from space 18432K, 49% used [0x00000000fdc00000,0x00000000fe4da4d8,0x00000000fee00000)
  to   space 17920K, 0% used [0x00000000fee80000,0x00000000fee80000,0x0000000100000000)
 ParOldGen       total 311296K, used 244656K [0x0000000080000000, 0x0000000093000000, 0x00000000d5580000)
  object space 311296K, 78% used [0x0000000080000000,0x000000008eeec120,0x0000000093000000)
 Metaspace       used 89121K, capacity 90724K, committed 91904K, reserved 1130496K
  class space    used 10992K, capacity 11304K, committed 11520K, reserved 1048576K
2023-08-21T00:18:49.948+0600: 29037.276: [GC (Allocation Failure) [PSYoungGen: 671081K->14494K(678912K)] 915737K->259246K(990208K), 0.0137071 secs] [Times: user=0.02 sys=0.00, real=0.02 secs] 
Heap after GC invocations=368 (full 4):
 PSYoungGen      total 678912K, used 14494K [0x00000000d5580000, 0x0000000100000000, 0x0000000100000000)
  eden space 660992K, 0% used [0x00000000d5580000,0x00000000d5580000,0x00000000fdb00000)
  from space 17920K, 80% used [0x00000000fee80000,0x00000000ffca79a0,0x0000000100000000)
  to   space 18944K, 0% used [0x00000000fdb00000,0x00000000fdb00000,0x00000000fed80000)
 ParOldGen       total 311296K, used 244752K [0x0000000080000000, 0x0000000093000000, 0x00000000d5580000)
  object space 311296K, 78% used [0x0000000080000000,0x000000008ef04150,0x0000000093000000)
 Metaspace       used 89121K, capacity 90724K, committed 91904K, reserved 1130496K
  class space    used 10992K, capacity 11304K, committed 11520K, reserved 1048576K
}
{Heap before GC invocations=369 (full 4):
 PSYoungGen      total 678912K, used 675486K [0x00000000d5580000, 0x0000000100000000, 0x0000000100000000)
  eden space 660992K, 100% used [0x00000000d5580000,0x00000000fdb00000,0x00000000fdb00000)
  from space 17920K, 80% used [0x00000000fee80000,0x00000000ffca79a0,0x0000000100000000)
  to   space 18944K, 0% used [0x00000000fdb00000,0x00000000fdb00000,0x00000000fed80000)
 ParOldGen       total 311296K, used 244753K [0x0000000080000000, 0x0000000093000000, 0x00000000d5580000)
  object space 311296K, 78% used [0x0000000080000000,0x000000008ef047a0,0x0000000093000000)
 Metaspace       used 89121K, capacity 90724K, committed 91904K, reserved 1130496K
  class space    used 10992K, capacity 11304K, committed 11520K, reserved 1048576K
2023-08-21T00:18:54.122+0600: 29041.451: [GC (GCLocker Initiated GC) [PSYoungGen: 675486K->9065K(679936K)] 920240K->253851K(991232K), 0.0086854 secs] [Times: user=0.02 sys=0.00, real=0.01 secs] 
Heap after GC invocations=369 (full 4):
 PSYoungGen      total 679936K, used 9065K [0x00000000d5580000, 0x00000000fff00000, 0x0000000100000000)
  eden space 660992K, 0% used [0x00000000d5580000,0x00000000d5580000,0x00000000fdb00000)
  from space 18944K, 47% used [0x00000000fdb00000,0x00000000fe3da4e8,0x00000000fed80000)
  to   space 17920K, 0% used [0x00000000fed80000,0x00000000fed80000,0x00000000fff00000)
 ParOldGen       total 311296K, used 244785K [0x0000000080000000, 0x0000000093000000, 0x00000000d5580000)
  object space 311296K, 78% used [0x0000000080000000,0x000000008ef0c7a0,0x0000000093000000)
 Metaspace       used 89121K, capacity 90724K, committed 91904K, reserved 1130496K
  class space    used 10992K, capacity 11304K, committed 11520K, reserved 1048576K
}
{Heap before GC invocations=370 (full 4):
 PSYoungGen      total 679936K, used 670057K [0x00000000d5580000, 0x00000000fff00000, 0x0000000100000000)
  eden space 660992K, 100% used [0x00000000d5580000,0x00000000fdb00000,0x00000000fdb00000)
  from space 18944K, 47% used [0x00000000fdb00000,0x00000000fe3da4e8,0x00000000fed80000)
  to   space 17920K, 0% used [0x00000000fed80000,0x00000000fed80000,0x00000000fff00000)
 ParOldGen       total 311296K, used 248672K [0x0000000080000000, 0x0000000093000000, 0x00000000d5580000)
  object space 311296K, 79% used [0x0000000080000000,0x000000008f2d83c0,0x0000000093000000)
 Metaspace       used 89157K, capacity 90836K, committed 92160K, reserved 1130496K
  class space    used 10996K, capacity 11312K, committed 11520K, reserved 1048576K
2023-08-21T00:19:00.866+0600: 29048.194: [GC (Allocation Failure) [PSYoungGen: 670057K->10962K(679936K)] 918730K->259738K(991232K), 0.0144473 secs] [Times: user=0.03 sys=0.00, real=0.02 secs] 
Heap after GC invocations=370 (full 4):
 PSYoungGen      total 679936K, used 10962K [0x00000000d5580000, 0x00000000fff00000, 0x0000000100000000)
  eden space 662016K, 0% used [0x00000000d5580000,0x00000000d5580000,0x00000000fdc00000)
  from space 17920K, 61% used [0x00000000fed80000,0x00000000ff834990,0x00000000fff00000)
  to   space 17920K, 0% used [0x00000000fdc00000,0x00000000fdc00000,0x00000000fed80000)
 ParOldGen       total 311296K, used 248776K [0x0000000080000000, 0x0000000093000000, 0x00000000d5580000)
  object space 311296K, 79% used [0x0000000080000000,0x000000008f2f21b0,0x0000000093000000)
 Metaspace       used 89157K, capacity 90836K, committed 92160K, reserved 1130496K
  class space    used 10996K, capacity 11312K, committed 11520K, reserved 1048576K
}
{Heap before GC invocations=371 (full 4):
 PSYoungGen      total 679936K, used 672978K [0x00000000d5580000, 0x00000000fff00000, 0x0000000100000000)
  eden space 662016K, 100% used [0x00000000d5580000,0x00000000fdc00000,0x00000000fdc00000)
  from space 17920K, 61% used [0x00000000fed80000,0x00000000ff834990,0x00000000fff00000)
  to   space 17920K, 0% used [0x00000000fdc00000,0x00000000fdc00000,0x00000000fed80000)
 ParOldGen       total 311296K, used 248776K [0x0000000080000000, 0x0000000093000000, 0x00000000d5580000)
  object space 311296K, 79% used [0x0000000080000000,0x000000008f2f21b0,0x0000000093000000)
 Metaspace       used 89157K, capacity 90836K, committed 92160K, reserved 1130496K
  class space    used 10996K, capacity 11312K, committed 11520K, reserved 1048576K
2023-08-21T00:19:05.220+0600: 29052.548: [GC (Allocation Failure) [PSYoungGen: 672978K->1952K(679936K)] 921754K->250760K(991232K), 0.0107183 secs] [Times: user=0.02 sys=0.00, real=0.01 secs] 
Heap after GC invocations=371 (full 4):
 PSYoungGen      total 679936K, used 1952K [0x00000000d5580000, 0x0000000100000000, 0x0000000100000000)
  eden space 662016K, 0% used [0x00000000d5580000,0x00000000d5580000,0x00000000fdc00000)
  from space 17920K, 10% used [0x00000000fdc00000,0x00000000fdde8010,0x00000000fed80000)
  to   space 18432K, 0% used [0x00000000fee00000,0x00000000fee00000,0x0000000100000000)
 ParOldGen       total 311296K, used 248808K [0x0000000080000000, 0x0000000093000000, 0x00000000d5580000)
  object space 311296K, 79% used [0x0000000080000000,0x000000008f2fa1b0,0x0000000093000000)
 Metaspace       used 89157K, capacity 90836K, committed 92160K, reserved 1130496K
  class space    used 10996K, capacity 11312K, committed 11520K, reserved 1048576K
}
{Heap before GC invocations=372 (full 4):
 PSYoungGen      total 679936K, used 660624K [0x00000000d5580000, 0x0000000100000000, 0x0000000100000000)
  eden space 662016K, 99% used [0x00000000d5580000,0x00000000fd8bc170,0x00000000fdc00000)
  from space 17920K, 10% used [0x00000000fdc00000,0x00000000fdde8010,0x00000000fed80000)
  to   space 18432K, 0% used [0x00000000fee00000,0x00000000fee00000,0x0000000100000000)
 ParOldGen       total 311296K, used 248808K [0x0000000080000000, 0x0000000093000000, 0x00000000d5580000)
  object space 311296K, 79% used [0x0000000080000000,0x000000008f2fa1b0,0x0000000093000000)
 Metaspace       used 89157K, capacity 90836K, committed 92160K, reserved 1130496K
  class space    used 10996K, capacity 11312K, committed 11520K, reserved 1048576K
2023-08-21T00:19:11.718+0600: 29059.047: [GC (Allocation Failure) [PSYoungGen: 660624K->11090K(680448K)] 909432K->259938K(991744K), 0.0177884 secs] [Times: user=0.03 sys=0.00, real=0.02 secs] 
Heap after GC invocations=372 (full 4):
 PSYoungGen      total 680448K, used 11090K [0x00000000d5580000, 0x00000000fff80000, 0x0000000100000000)
  eden space 662528K, 0% used [0x00000000d5580000,0x00000000d5580000,0x00000000fdc80000)
  from space 17920K, 61% used [0x00000000fee00000,0x00000000ff8d49a0,0x00000000fff80000)
  to   space 17920K, 0% used [0x00000000fdc80000,0x00000000fdc80000,0x00000000fee00000)
 ParOldGen       total 311296K, used 248848K [0x0000000080000000, 0x0000000093000000, 0x00000000d5580000)
  object space 311296K, 79% used [0x0000000080000000,0x000000008f3041b0,0x0000000093000000)
 Metaspace       used 89157K, capacity 90836K, committed 92160K, reserved 1130496K
  class space    used 10996K, capacity 11312K, committed 11520K, reserved 1048576K
}
{Heap before GC invocations=373 (full 4):
 PSYoungGen      total 680448K, used 673618K [0x00000000d5580000, 0x00000000fff80000, 0x0000000100000000)
  eden space 662528K, 100% used [0x00000000d5580000,0x00000000fdc80000,0x00000000fdc80000)
  from space 17920K, 61% used [0x00000000fee00000,0x00000000ff8d49a0,0x00000000fff80000)
  to   space 17920K, 0% used [0x00000000fdc80000,0x00000000fdc80000,0x00000000fee00000)
 ParOldGen       total 311296K, used 248848K [0x0000000080000000, 0x0000000093000000, 0x00000000d5580000)
  object space 311296K, 79% used [0x0000000080000000,0x000000008f3041b0,0x0000000093000000)
 Metaspace       used 89157K, capacity 90836K, committed 92160K, reserved 1130496K
  class space    used 10996K, capacity 11312K, committed 11520K, reserved 1048576K
2023-08-21T00:19:16.040+0600: 29063.369: [GC (Allocation Failure) [PSYoungGen: 673618K->2176K(680448K)] 922466K->251056K(991744K), 0.0145444 secs] [Times: user=0.03 sys=0.00, real=0.01 secs] 
Heap after GC invocations=373 (full 4):
 PSYoungGen      total 680448K, used 2176K [0x00000000d5580000, 0x0000000100000000, 0x0000000100000000)
  eden space 662528K, 0% used [0x00000000d5580000,0x00000000d5580000,0x00000000fdc80000)
  from space 17920K, 12% used [0x00000000fdc80000,0x00000000fdea0030,0x00000000fee00000)
  to   space 18432K, 0% used [0x00000000fee00000,0x00000000fee00000,0x0000000100000000)
 ParOldGen       total 311296K, used 248880K [0x0000000080000000, 0x0000000093000000, 0x00000000d5580000)
  object space 311296K, 79% used [0x0000000080000000,0x000000008f30c1b0,0x0000000093000000)
 Metaspace       used 89157K, capacity 90836K, committed 92160K, reserved 1130496K
  class space    used 10996K, capacity 11312K, committed 11520K, reserved 1048576K
}
{Heap before GC invocations=374 (full 4):
 PSYoungGen      total 680448K, used 661186K [0x00000000d5580000, 0x0000000100000000, 0x0000000100000000)
  eden space 662528K, 99% used [0x00000000d5580000,0x00000000fd9109d0,0x00000000fdc80000)
  from space 17920K, 12% used [0x00000000fdc80000,0x00000000fdea0030,0x00000000fee00000)
  to   space 18432K, 0% used [0x00000000fee00000,0x00000000fee00000,0x0000000100000000)
 ParOldGen       total 311296K, used 248880K [0x0000000080000000, 0x0000000093000000, 0x00000000d5580000)
  object space 311296K, 79% used [0x0000000080000000,0x000000008f30c1b0,0x0000000093000000)
 Metaspace       used 89157K, capacity 90836K, committed 92160K, reserved 1130496K
  class space    used 10996K, capacity 11312K, committed 11520K, reserved 1048576K
2023-08-21T00:19:22.414+0600: 29069.743: [GC (Allocation Failure) [PSYoungGen: 661186K->11346K(680448K)] 910066K->260275K(991744K), 0.0122954 secs] [Times: user=0.02 sys=0.00, real=0.01 secs] 
Heap after GC invocations=374 (full 4):
 PSYoungGen      total 680448K, used 11346K [0x00000000d5580000, 0x0000000100000000, 0x0000000100000000)
  eden space 662016K, 0% used [0x00000000d5580000,0x00000000d5580000,0x00000000fdc00000)
  from space 18432K, 61% used [0x00000000fee00000,0x00000000ff914bf0,0x0000000100000000)
  to   space 18432K, 0% used [0x00000000fdc00000,0x00000000fdc00000,0x00000000fee00000)
 ParOldGen       total 311296K, used 248928K [0x0000000080000000, 0x0000000093000000, 0x00000000d5580000)
  object space 311296K, 79% used [0x0000000080000000,0x000000008f3181b0,0x0000000093000000)
 Metaspace       used 89157K, capacity 90836K, committed 92160K, reserved 1130496K
  class space    used 10996K, capacity 11312K, committed 11520K, reserved 1048576K
}
{Heap before GC invocations=375 (full 4):
 PSYoungGen      total 680448K, used 673362K [0x00000000d5580000, 0x0000000100000000, 0x0000000100000000)
  eden space 662016K, 100% used [0x00000000d5580000,0x00000000fdc00000,0x00000000fdc00000)
  from space 18432K, 61% used [0x00000000fee00000,0x00000000ff914bf0,0x0000000100000000)
  to   space 18432K, 0% used [0x00000000fdc00000,0x00000000fdc00000,0x00000000fee00000)
 ParOldGen       total 311296K, used 248928K [0x0000000080000000, 0x0000000093000000, 0x00000000d5580000)
  object space 311296K, 79% used [0x0000000080000000,0x000000008f3181b0,0x0000000093000000)
 Metaspace       used 89157K, capacity 90836K, committed 92160K, reserved 1130496K
  class space    used 10996K, capacity 11312K, committed 11520K, reserved 1048576K
2023-08-21T00:19:26.660+0600: 29073.988: [GC (Allocation Failure) [PSYoungGen: 673362K->9449K(671744K)] 922291K->258409K(983040K), 0.0093172 secs] [Times: user=0.01 sys=0.00, real=0.00 secs] 
Heap after GC invocations=375 (full 4):
 PSYoungGen      total 671744K, used 9449K [0x00000000d5580000, 0x00000000fff00000, 0x0000000100000000)
  eden space 662016K, 0% used [0x00000000d5580000,0x00000000d5580000,0x00000000fdc00000)
  from space 9728K, 97% used [0x00000000fdc00000,0x00000000fe53a4f8,0x00000000fe580000)
  to   space 17920K, 0% used [0x00000000fed80000,0x00000000fed80000,0x00000000fff00000)
 ParOldGen       total 311296K, used 248960K [0x0000000080000000, 0x0000000093000000, 0x00000000d5580000)
  object space 311296K, 79% used [0x0000000080000000,0x000000008f3201b0,0x0000000093000000)
 Metaspace       used 89157K, capacity 90836K, committed 92160K, reserved 1130496K
  class space    used 10996K, capacity 11312K, committed 11520K, reserved 1048576K
}
{Heap before GC invocations=376 (full 4):
 PSYoungGen      total 671744K, used 669982K [0x00000000d5580000, 0x00000000fff00000, 0x0000000100000000)
  eden space 662016K, 99% used [0x00000000d5580000,0x00000000fda8d4f0,0x00000000fdc00000)
  from space 9728K, 97% used [0x00000000fdc00000,0x00000000fe53a4f8,0x00000000fe580000)
  to   space 17920K, 0% used [0x00000000fed80000,0x00000000fed80000,0x00000000fff00000)
 ParOldGen       total 311296K, used 248960K [0x0000000080000000, 0x0000000093000000, 0x00000000d5580000)
  object space 311296K, 79% used [0x0000000080000000,0x000000008f3201b0,0x0000000093000000)
 Metaspace       used 89157K, capacity 90836K, committed 92160K, reserved 1130496K
  class space    used 10996K, capacity 11312K, committed 11520K, reserved 1048576K
2023-08-21T00:19:33.110+0600: 29080.439: [GC (Allocation Failure) [PSYoungGen: 669982K->15003K(678912K)] 918942K->264012K(990208K), 0.0132666 secs] [Times: user=0.02 sys=0.00, real=0.01 secs] 
Heap after GC invocations=376 (full 4):
 PSYoungGen      total 678912K, used 15003K [0x00000000d5580000, 0x0000000100000000, 0x0000000100000000)
  eden space 660992K, 0% used [0x00000000d5580000,0x00000000d5580000,0x00000000fdb00000)
  from space 17920K, 83% used [0x00000000fed80000,0x00000000ffc26e68,0x00000000fff00000)
  to   space 18944K, 0% used [0x00000000fdb00000,0x00000000fdb00000,0x00000000fed80000)
 ParOldGen       total 311296K, used 249008K [0x0000000080000000, 0x0000000093000000, 0x00000000d5580000)
  object space 311296K, 79% used [0x0000000080000000,0x000000008f32c1b0,0x0000000093000000)
 Metaspace       used 89157K, capacity 90836K, committed 92160K, reserved 1130496K
  class space    used 10996K, capacity 11312K, committed 11520K, reserved 1048576K
}
{Heap before GC invocations=377 (full 4):
 PSYoungGen      total 678912K, used 675995K [0x00000000d5580000, 0x0000000100000000, 0x0000000100000000)
  eden space 660992K, 100% used [0x00000000d5580000,0x00000000fdb00000,0x00000000fdb00000)
  from space 17920K, 83% used [0x00000000fed80000,0x00000000ffc26e68,0x00000000fff00000)
  to   space 18944K, 0% used [0x00000000fdb00000,0x00000000fdb00000,0x00000000fed80000)
 ParOldGen       total 311296K, used 249008K [0x0000000080000000, 0x0000000093000000, 0x00000000d5580000)
  object space 311296K, 79% used [0x0000000080000000,0x000000008f32c1b0,0x0000000093000000)
 Metaspace       used 89157K, capacity 90836K, committed 92160K, reserved 1130496K
  class space    used 10996K, capacity 11312K, committed 11520K, reserved 1048576K
2023-08-21T00:19:37.488+0600: 29084.817: [GC (Allocation Failure) [PSYoungGen: 675995K->2336K(663552K)] 925004K->251376K(974848K), 0.0083604 secs] [Times: user=0.02 sys=0.00, real=0.01 secs] 
Heap after GC invocations=377 (full 4):
 PSYoungGen      total 663552K, used 2336K [0x00000000d5580000, 0x0000000100000000, 0x0000000100000000)
  eden space 660992K, 0% used [0x00000000d5580000,0x00000000d5580000,0x00000000fdb00000)
  from space 2560K, 91% used [0x00000000fdb00000,0x00000000fdd48040,0x00000000fdd80000)
  to   space 19456K, 0% used [0x00000000fed00000,0x00000000fed00000,0x0000000100000000)
 ParOldGen       total 311296K, used 249040K [0x0000000080000000, 0x0000000093000000, 0x00000000d5580000)
  object space 311296K, 80% used [0x0000000080000000,0x000000008f3341b0,0x0000000093000000)
 Metaspace       used 89157K, capacity 90836K, committed 92160K, reserved 1130496K
  class space    used 10996K, capacity 11312K, committed 11520K, reserved 1048576K
}
{Heap before GC invocations=378 (full 4):
 PSYoungGen      total 663552K, used 659669K [0x00000000d5580000, 0x0000000100000000, 0x0000000100000000)
  eden space 660992K, 99% used [0x00000000d5580000,0x00000000fd76d5b8,0x00000000fdb00000)
  from space 2560K, 91% used [0x00000000fdb00000,0x00000000fdd48040,0x00000000fdd80000)
  to   space 19456K, 0% used [0x00000000fed00000,0x00000000fed00000,0x0000000100000000)
 ParOldGen       total 311296K, used 249040K [0x0000000080000000, 0x0000000093000000, 0x00000000d5580000)
  object space 311296K, 80% used [0x0000000080000000,0x000000008f3341b0,0x0000000093000000)
 Metaspace       used 89157K, capacity 90836K, committed 92160K, reserved 1130496K
  class space    used 10996K, capacity 11312K, committed 11520K, reserved 1048576K
2023-08-21T00:19:43.764+0600: 29091.092: [GC (Allocation Failure) [PSYoungGen: 659669K->15035K(677376K)] 908709K->264187K(988672K), 0.0128831 secs] [Times: user=0.02 sys=0.00, real=0.01 secs] 
Heap after GC invocations=378 (full 4):
 PSYoungGen      total 677376K, used 15035K [0x00000000d5580000, 0x0000000100000000, 0x0000000100000000)
  eden space 657920K, 0% used [0x00000000d5580000,0x00000000d5580000,0x00000000fd800000)
  from space 19456K, 77% used [0x00000000fed00000,0x00000000ffbaee78,0x0000000100000000)
  to   space 20480K, 0% used [0x00000000fd800000,0x00000000fd800000,0x00000000fec00000)
 ParOldGen       total 311296K, used 249152K [0x0000000080000000, 0x0000000093000000, 0x00000000d5580000)
  object space 311296K, 80% used [0x0000000080000000,0x000000008f350130,0x0000000093000000)
 Metaspace       used 89157K, capacity 90836K, committed 92160K, reserved 1130496K
  class space    used 10996K, capacity 11312K, committed 11520K, reserved 1048576K
}
{Heap before GC invocations=379 (full 4):
 PSYoungGen      total 677376K, used 672955K [0x00000000d5580000, 0x0000000100000000, 0x0000000100000000)
  eden space 657920K, 100% used [0x00000000d5580000,0x00000000fd800000,0x00000000fd800000)
  from space 19456K, 77% used [0x00000000fed00000,0x00000000ffbaee78,0x0000000100000000)
  to   space 20480K, 0% used [0x00000000fd800000,0x00000000fd800000,0x00000000fec00000)
 ParOldGen       total 311296K, used 249152K [0x0000000080000000, 0x0000000093000000, 0x00000000d5580000)
  object space 311296K, 80% used [0x0000000080000000,0x000000008f350130,0x0000000093000000)
 Metaspace       used 89158K, capacity 90836K, committed 92160K, reserved 1130496K
  class space    used 10996K, capacity 11312K, committed 11520K, reserved 1048576K
2023-08-21T00:19:48.020+0600: 29095.349: [GC (Allocation Failure) [PSYoungGen: 672955K->9581K(678400K)] 922107K->258773K(989696K), 0.0098743 secs] [Times: user=0.02 sys=0.01, real=0.01 secs] 
Heap after GC invocations=379 (full 4):
 PSYoungGen      total 678400K, used 9581K [0x00000000d5580000, 0x00000000fff00000, 0x0000000100000000)
  eden space 657920K, 0% used [0x00000000d5580000,0x00000000d5580000,0x00000000fd800000)
  from space 20480K, 46% used [0x00000000fd800000,0x00000000fe15b468,0x00000000fec00000)
  to   space 19456K, 0% used [0x00000000fec00000,0x00000000fec00000,0x00000000fff00000)
 ParOldGen       total 311296K, used 249192K [0x0000000080000000, 0x0000000093000000, 0x00000000d5580000)
  object space 311296K, 80% used [0x0000000080000000,0x000000008f35a080,0x0000000093000000)
 Metaspace       used 89158K, capacity 90836K, committed 92160K, reserved 1130496K
  class space    used 10996K, capacity 11312K, committed 11520K, reserved 1048576K
}
{Heap before GC invocations=380 (full 4):
 PSYoungGen      total 678400K, used 663811K [0x00000000d5580000, 0x00000000fff00000, 0x0000000100000000)
  eden space 657920K, 99% used [0x00000000d5580000,0x00000000fd465ab8,0x00000000fd800000)
  from space 20480K, 46% used [0x00000000fd800000,0x00000000fe15b468,0x00000000fec00000)
  to   space 19456K, 0% used [0x00000000fec00000,0x00000000fec00000,0x00000000fff00000)
 ParOldGen       total 311296K, used 249192K [0x0000000080000000, 0x0000000093000000, 0x00000000d5580000)
  object space 311296K, 80% used [0x0000000080000000,0x000000008f35a080,0x0000000093000000)
 Metaspace       used 89175K, capacity 90860K, committed 92160K, reserved 1130496K
  class space    used 10999K, capacity 11316K, committed 11520K, reserved 1048576K
2023-08-21T00:19:54.536+0600: 29101.864: [GC (Allocation Failure) [PSYoungGen: 663811K->15311K(676352K)] 913003K->264575K(987648K), 0.0101398 secs] [Times: user=0.02 sys=0.00, real=0.01 secs] 
Heap after GC invocations=380 (full 4):
 PSYoungGen      total 676352K, used 15311K [0x00000000d5580000, 0x0000000100000000, 0x0000000100000000)
  eden space 656896K, 0% used [0x00000000d5580000,0x00000000d5580000,0x00000000fd700000)
  from space 19456K, 78% used [0x00000000fec00000,0x00000000ffaf3e40,0x00000000fff00000)
  to   space 20992K, 0% used [0x00000000fd700000,0x00000000fd700000,0x00000000feb80000)
 ParOldGen       total 311296K, used 249263K [0x0000000080000000, 0x0000000093000000, 0x00000000d5580000)
  object space 311296K, 80% used [0x0000000080000000,0x000000008f36bf20,0x0000000093000000)
 Metaspace       used 89175K, capacity 90860K, committed 92160K, reserved 1130496K
  class space    used 10999K, capacity 11316K, committed 11520K, reserved 1048576K
}
{Heap before GC invocations=381 (full 4):
 PSYoungGen      total 676352K, used 672207K [0x00000000d5580000, 0x0000000100000000, 0x0000000100000000)
  eden space 656896K, 100% used [0x00000000d5580000,0x00000000fd700000,0x00000000fd700000)
  from space 19456K, 78% used [0x00000000fec00000,0x00000000ffaf3e40,0x00000000fff00000)
  to   space 20992K, 0% used [0x00000000fd700000,0x00000000fd700000,0x00000000feb80000)
 ParOldGen       total 311296K, used 249263K [0x0000000080000000, 0x0000000093000000, 0x00000000d5580000)
  object space 311296K, 80% used [0x0000000080000000,0x000000008f36bf20,0x0000000093000000)
 Metaspace       used 89197K, capacity 90866K, committed 92160K, reserved 1130496K
  class space    used 10999K, capacity 11317K, committed 11520K, reserved 1048576K
2023-08-21T00:19:58.672+0600: 29106.001: [GC (Allocation Failure) [PSYoungGen: 672207K->9498K(677888K)] 921471K->258802K(989184K), 0.0091016 secs] [Times: user=0.02 sys=0.00, real=0.01 secs] 
Heap after GC invocations=381 (full 4):
 PSYoungGen      total 677888K, used 9498K [0x00000000d5580000, 0x00000000fff80000, 0x0000000100000000)
  eden space 656896K, 0% used [0x00000000d5580000,0x00000000d5580000,0x00000000fd700000)
  from space 20992K, 45% used [0x00000000fd700000,0x00000000fe046bb8,0x00000000feb80000)
  to   space 19968K, 0% used [0x00000000fec00000,0x00000000fec00000,0x00000000fff80000)
 ParOldGen       total 311296K, used 249303K [0x0000000080000000, 0x0000000093000000, 0x00000000d5580000)
  object space 311296K, 80% used [0x0000000080000000,0x000000008f375f20,0x0000000093000000)
 Metaspace       used 89197K, capacity 90866K, committed 92160K, reserved 1130496K
  class space    used 10999K, capacity 11317K, committed 11520K, reserved 1048576K
}
{Heap before GC invocations=382 (full 4):
 PSYoungGen      total 677888K, used 665119K [0x00000000d5580000, 0x00000000fff80000, 0x0000000100000000)
  eden space 656896K, 99% used [0x00000000d5580000,0x00000000fd5c1280,0x00000000fd700000)
  from space 20992K, 45% used [0x00000000fd700000,0x00000000fe046bb8,0x00000000feb80000)
  to   space 19968K, 0% used [0x00000000fec00000,0x00000000fec00000,0x00000000fff80000)
 ParOldGen       total 311296K, used 249303K [0x0000000080000000, 0x0000000093000000, 0x00000000d5580000)
  object space 311296K, 80% used [0x0000000080000000,0x000000008f375f20,0x0000000093000000)
 Metaspace       used 89281K, capacity 90936K, committed 92160K, reserved 1130496K
  class space    used 11000K, capacity 11318K, committed 11520K, reserved 1048576K
2023-08-21T00:20:04.982+0600: 29112.311: [GC (Allocation Failure) [PSYoungGen: 665119K->18362K(674816K)] 914423K->267705K(986112K), 0.0123108 secs] [Times: user=0.02 sys=0.00, real=0.01 secs] 
Heap after GC invocations=382 (full 4):
 PSYoungGen      total 674816K, used 18362K [0x00000000d5580000, 0x0000000100000000, 0x0000000100000000)
  eden space 654848K, 0% used [0x00000000d5580000,0x00000000d5580000,0x00000000fd500000)
  from space 19968K, 91% used [0x00000000fec00000,0x00000000ffdee848,0x00000000fff80000)
  to   space 22016K, 0% used [0x00000000fd500000,0x00000000fd500000,0x00000000fea80000)
 ParOldGen       total 311296K, used 249343K [0x0000000080000000, 0x0000000093000000, 0x00000000d5580000)
  object space 311296K, 80% used [0x0000000080000000,0x000000008f37ff20,0x0000000093000000)
 Metaspace       used 89281K, capacity 90936K, committed 92160K, reserved 1130496K
  class space    used 11000K, capacity 11318K, committed 11520K, reserved 1048576K
}
{Heap before GC invocations=383 (full 4):
 PSYoungGen      total 674816K, used 673210K [0x00000000d5580000, 0x0000000100000000, 0x0000000100000000)
  eden space 654848K, 100% used [0x00000000d5580000,0x00000000fd500000,0x00000000fd500000)
  from space 19968K, 91% used [0x00000000fec00000,0x00000000ffdee848,0x00000000fff80000)
  to   space 22016K, 0% used [0x00000000fd500000,0x00000000fd500000,0x00000000fea80000)
 ParOldGen       total 311296K, used 249343K [0x0000000080000000, 0x0000000093000000, 0x00000000d5580000)
  object space 311296K, 80% used [0x0000000080000000,0x000000008f37ff20,0x0000000093000000)
 Metaspace       used 89294K, capacity 90936K, committed 92160K, reserved 1130496K
  class space    used 11000K, capacity 11318K, committed 11520K, reserved 1048576K
2023-08-21T00:20:09.419+0600: 29116.748: [GC (Allocation Failure) [PSYoungGen: 673210K->9850K(676864K)] 922553K->259226K(988160K), 0.0089866 secs] [Times: user=0.02 sys=0.00, real=0.01 secs] 
Heap after GC invocations=383 (full 4):
 PSYoungGen      total 676864K, used 9850K [0x00000000d5580000, 0x0000000100000000, 0x0000000100000000)
  eden space 654848K, 0% used [0x00000000d5580000,0x00000000d5580000,0x00000000fd500000)
  from space 22016K, 44% used [0x00000000fd500000,0x00000000fde9e978,0x00000000fea80000)
  to   space 20992K, 0% used [0x00000000feb80000,0x00000000feb80000,0x0000000100000000)
 ParOldGen       total 311296K, used 249375K [0x0000000080000000, 0x0000000093000000, 0x00000000d5580000)
  object space 311296K, 80% used [0x0000000080000000,0x000000008f387f20,0x0000000093000000)
 Metaspace       used 89294K, capacity 90936K, committed 92160K, reserved 1130496K
  class space    used 11000K, capacity 11318K, committed 11520K, reserved 1048576K
}
{Heap before GC invocations=384 (full 4):
 PSYoungGen      total 676864K, used 661857K [0x00000000d5580000, 0x0000000100000000, 0x0000000100000000)
  eden space 654848K, 99% used [0x00000000d5580000,0x00000000fd239c90,0x00000000fd500000)
  from space 22016K, 44% used [0x00000000fd500000,0x00000000fde9e978,0x00000000fea80000)
  to   space 20992K, 0% used [0x00000000feb80000,0x00000000feb80000,0x0000000100000000)
 ParOldGen       total 311296K, used 249375K [0x0000000080000000, 0x0000000093000000, 0x00000000d5580000)
  object space 311296K, 80% used [0x0000000080000000,0x000000008f387f20,0x0000000093000000)
 Metaspace       used 89306K, capacity 90936K, committed 92160K, reserved 1130496K
  class space    used 11000K, capacity 11318K, committed 11520K, reserved 1048576K
2023-08-21T00:20:15.761+0600: 29123.090: [GC (Allocation Failure) [PSYoungGen: 661857K->12502K(674816K)] 911233K->262037K(986112K), 0.0151104 secs] [Times: user=0.03 sys=0.00, real=0.01 secs] 
Heap after GC invocations=384 (full 4):
 PSYoungGen      total 674816K, used 12502K [0x00000000d5580000, 0x00000000ffe00000, 0x0000000100000000)
  eden space 655872K, 0% used [0x00000000d5580000,0x00000000d5580000,0x00000000fd600000)
  from space 18944K, 65% used [0x00000000feb80000,0x00000000ff7b5930,0x00000000ffe00000)
  to   space 20480K, 0% used [0x00000000fd600000,0x00000000fd600000,0x00000000fea00000)
 ParOldGen       total 311296K, used 249535K [0x0000000080000000, 0x0000000093000000, 0x00000000d5580000)
  object space 311296K, 80% used [0x0000000080000000,0x000000008f3afd40,0x0000000093000000)
 Metaspace       used 89306K, capacity 90936K, committed 92160K, reserved 1130496K
  class space    used 11000K, capacity 11318K, committed 11520K, reserved 1048576K
}
{Heap before GC invocations=385 (full 4):
 PSYoungGen      total 674816K, used 668374K [0x00000000d5580000, 0x00000000ffe00000, 0x0000000100000000)
  eden space 655872K, 100% used [0x00000000d5580000,0x00000000fd600000,0x00000000fd600000)
  from space 18944K, 65% used [0x00000000feb80000,0x00000000ff7b5930,0x00000000ffe00000)
  to   space 20480K, 0% used [0x00000000fd600000,0x00000000fd600000,0x00000000fea00000)
 ParOldGen       total 311296K, used 249535K [0x0000000080000000, 0x0000000093000000, 0x00000000d5580000)
  object space 311296K, 80% used [0x0000000080000000,0x000000008f3afd40,0x0000000093000000)
 Metaspace       used 89324K, capacity 91000K, committed 92160K, reserved 1130496K
  class space    used 11000K, capacity 11318K, committed 11520K, reserved 1048576K
2023-08-21T00:20:20.267+0600: 29127.595: [GC (Allocation Failure) [PSYoungGen: 668374K->9834K(676352K)] 917909K->259641K(987648K), 0.0098900 secs] [Times: user=0.01 sys=0.00, real=0.01 secs] 
Heap after GC invocations=385 (full 4):
 PSYoungGen      total 676352K, used 9834K [0x00000000d5580000, 0x0000000100000000, 0x0000000100000000)
  eden space 655872K, 0% used [0x00000000d5580000,0x00000000d5580000,0x00000000fd600000)
  from space 20480K, 48% used [0x00000000fd600000,0x00000000fdf9a978,0x00000000fea00000)
  to   space 19968K, 0% used [0x00000000fec80000,0x00000000fec80000,0x0000000100000000)
 ParOldGen       total 311296K, used 249806K [0x0000000080000000, 0x0000000093000000, 0x00000000d5580000)
  object space 311296K, 80% used [0x0000000080000000,0x000000008f3f3b60,0x0000000093000000)
 Metaspace       used 89324K, capacity 91000K, committed 92160K, reserved 1130496K
  class space    used 11000K, capacity 11318K, committed 11520K, reserved 1048576K
}
{Heap before GC invocations=386 (full 4):
 PSYoungGen      total 676352K, used 664825K [0x00000000d5580000, 0x0000000100000000, 0x0000000100000000)
  eden space 655872K, 99% used [0x00000000d5580000,0x00000000fd523dd0,0x00000000fd600000)
  from space 20480K, 48% used [0x00000000fd600000,0x00000000fdf9a978,0x00000000fea00000)
  to   space 19968K, 0% used [0x00000000fec80000,0x00000000fec80000,0x0000000100000000)
 ParOldGen       total 311296K, used 249806K [0x0000000080000000, 0x0000000093000000, 0x00000000d5580000)
  object space 311296K, 80% used [0x0000000080000000,0x000000008f3f3b60,0x0000000093000000)
 Metaspace       used 89331K, capacity 91000K, committed 92160K, reserved 1130496K
  class space    used 11000K, capacity 11318K, committed 11520K, reserved 1048576K
2023-08-21T00:20:26.509+0600: 29133.838: [GC (Allocation Failure) [PSYoungGen: 664825K->12085K(676864K)] 914632K->261932K(988160K), 0.0137141 secs] [Times: user=0.03 sys=0.00, real=0.01 secs] 
Heap after GC invocations=386 (full 4):
 PSYoungGen      total 676864K, used 12085K [0x00000000d5580000, 0x00000000ffe80000, 0x0000000100000000)
  eden space 658432K, 0% used [0x00000000d5580000,0x00000000d5580000,0x00000000fd880000)
  from space 18432K, 65% used [0x00000000fec80000,0x00000000ff84d4d0,0x00000000ffe80000)
  to   space 19456K, 0% used [0x00000000fd880000,0x00000000fd880000,0x00000000feb80000)
 ParOldGen       total 311296K, used 249846K [0x0000000080000000, 0x0000000093000000, 0x00000000d5580000)
  object space 311296K, 80% used [0x0000000080000000,0x000000008f3fdb60,0x0000000093000000)
 Metaspace       used 89331K, capacity 91000K, committed 92160K, reserved 1130496K
  class space    used 11000K, capacity 11318K, committed 11520K, reserved 1048576K
}
{Heap before GC invocations=387 (full 4):
 PSYoungGen      total 676864K, used 670517K [0x00000000d5580000, 0x00000000ffe80000, 0x0000000100000000)
  eden space 658432K, 100% used [0x00000000d5580000,0x00000000fd880000,0x00000000fd880000)
  from space 18432K, 65% used [0x00000000fec80000,0x00000000ff84d4d0,0x00000000ffe80000)
  to   space 19456K, 0% used [0x00000000fd880000,0x00000000fd880000,0x00000000feb80000)
 ParOldGen       total 311296K, used 249846K [0x0000000080000000, 0x0000000093000000, 0x00000000d5580000)
  object space 311296K, 80% used [0x0000000080000000,0x000000008f3fdb60,0x0000000093000000)
 Metaspace       used 89348K, capacity 91064K, committed 92160K, reserved 1130496K
  class space    used 11000K, capacity 11318K, committed 11520K, reserved 1048576K
2023-08-21T00:20:31.096+0600: 29138.425: [GC (Allocation Failure) [PSYoungGen: 670517K->10428K(677888K)] 920364K->260426K(989184K), 0.0112368 secs] [Times: user=0.02 sys=0.00, real=0.01 secs] 
Heap after GC invocations=387 (full 4):
 PSYoungGen      total 677888K, used 10428K [0x00000000d5580000, 0x0000000100000000, 0x0000000100000000)
  eden space 658432K, 0% used [0x00000000d5580000,0x00000000d5580000,0x00000000fd880000)
  from space 19456K, 53% used [0x00000000fd880000,0x00000000fe2af258,0x00000000feb80000)
  to   space 18944K, 0% used [0x00000000fed80000,0x00000000fed80000,0x0000000100000000)
 ParOldGen       total 311296K, used 249998K [0x0000000080000000, 0x0000000093000000, 0x00000000d5580000)
  object space 311296K, 80% used [0x0000000080000000,0x000000008f423980,0x0000000093000000)
 Metaspace       used 89348K, capacity 91064K, committed 92160K, reserved 1130496K
  class space    used 11000K, capacity 11318K, committed 11520K, reserved 1048576K
}
{Heap before GC invocations=388 (full 4):
 PSYoungGen      total 677888K, used 665714K [0x00000000d5580000, 0x0000000100000000, 0x0000000100000000)
  eden space 658432K, 99% used [0x00000000d5580000,0x00000000fd56d938,0x00000000fd880000)
  from space 19456K, 53% used [0x00000000fd880000,0x00000000fe2af258,0x00000000feb80000)
  to   space 18944K, 0% used [0x00000000fed80000,0x00000000fed80000,0x0000000100000000)
 ParOldGen       total 311296K, used 249998K [0x0000000080000000, 0x0000000093000000, 0x00000000d5580000)
  object space 311296K, 80% used [0x0000000080000000,0x000000008f423980,0x0000000093000000)
 Metaspace       used 89349K, capacity 91064K, committed 92160K, reserved 1130496K
  class space    used 11000K, capacity 11318K, committed 11520K, reserved 1048576K
2023-08-21T00:20:37.211+0600: 29144.539: [GC (Allocation Failure) [PSYoungGen: 665714K->11844K(677888K)] 915713K->262002K(989184K), 0.0166221 secs] [Times: user=0.03 sys=0.00, real=0.01 secs] 
Heap after GC invocations=388 (full 4):
 PSYoungGen      total 677888K, used 11844K [0x00000000d5580000, 0x00000000ffe80000, 0x0000000100000000)
  eden space 660480K, 0% used [0x00000000d5580000,0x00000000d5580000,0x00000000fda80000)
  from space 17408K, 68% used [0x00000000fed80000,0x00000000ff911280,0x00000000ffe80000)
  to   space 18432K, 0% used [0x00000000fda80000,0x00000000fda80000,0x00000000fec80000)
 ParOldGen       total 311296K, used 250157K [0x0000000080000000, 0x0000000093000000, 0x00000000d5580000)
  object space 311296K, 80% used [0x0000000080000000,0x000000008f44b7a0,0x0000000093000000)
 Metaspace       used 89349K, capacity 91064K, committed 92160K, reserved 1130496K
  class space    used 11000K, capacity 11318K, committed 11520K, reserved 1048576K
}
{Heap before GC invocations=389 (full 4):
 PSYoungGen      total 677888K, used 672324K [0x00000000d5580000, 0x00000000ffe80000, 0x0000000100000000)
  eden space 660480K, 100% used [0x00000000d5580000,0x00000000fda80000,0x00000000fda80000)
  from space 17408K, 68% used [0x00000000fed80000,0x00000000ff911280,0x00000000ffe80000)
  to   space 18432K, 0% used [0x00000000fda80000,0x00000000fda80000,0x00000000fec80000)
 ParOldGen       total 311296K, used 250157K [0x0000000080000000, 0x0000000093000000, 0x00000000d5580000)
  object space 311296K, 80% used [0x0000000080000000,0x000000008f44b7a0,0x0000000093000000)
 Metaspace       used 89357K, capacity 91064K, committed 92160K, reserved 1130496K
  class space    used 11000K, capacity 11318K, committed 11520K, reserved 1048576K
2023-08-21T00:20:41.914+0600: 29149.242: [GC (Allocation Failure) [PSYoungGen: 672324K->9658K(678912K)] 922482K->259872K(990208K), 0.0128390 secs] [Times: user=0.02 sys=0.00, real=0.01 secs] 
Heap after GC invocations=389 (full 4):
 PSYoungGen      total 678912K, used 9658K [0x00000000d5580000, 0x0000000100000000, 0x0000000100000000)
  eden space 660480K, 0% used [0x00000000d5580000,0x00000000d5580000,0x00000000fda80000)
  from space 18432K, 52% used [0x00000000fda80000,0x00000000fe3eeb88,0x00000000fec80000)
  to   space 17920K, 0% used [0x00000000fee80000,0x00000000fee80000,0x0000000100000000)
 ParOldGen       total 311296K, used 250213K [0x0000000080000000, 0x0000000093000000, 0x00000000d5580000)
  object space 311296K, 80% used [0x0000000080000000,0x000000008f459640,0x0000000093000000)
 Metaspace       used 89357K, capacity 91064K, committed 92160K, reserved 1130496K
  class space    used 11000K, capacity 11318K, committed 11520K, reserved 1048576K
}
{Heap before GC invocations=390 (full 4):
 PSYoungGen      total 678912K, used 669555K [0x00000000d5580000, 0x0000000100000000, 0x0000000100000000)
  eden space 660480K, 99% used [0x00000000d5580000,0x00000000fd9ee388,0x00000000fda80000)
  from space 18432K, 52% used [0x00000000fda80000,0x00000000fe3eeb88,0x00000000fec80000)
  to   space 17920K, 0% used [0x00000000fee80000,0x00000000fee80000,0x0000000100000000)
 ParOldGen       total 311296K, used 250213K [0x0000000080000000, 0x0000000093000000, 0x00000000d5580000)
  object space 311296K, 80% used [0x0000000080000000,0x000000008f459640,0x0000000093000000)
 Metaspace       used 89369K, capacity 91064K, committed 92160K, reserved 1130496K
  class space    used 11000K, capacity 11318K, committed 11520K, reserved 1048576K
2023-08-21T00:20:47.973+0600: 29155.302: [GC (Allocation Failure) [PSYoungGen: 669555K->15596K(678912K)] 919769K->265858K(990208K), 0.0182641 secs] [Times: user=0.03 sys=0.00, real=0.02 secs] 
Heap after GC invocations=390 (full 4):
 PSYoungGen      total 678912K, used 15596K [0x00000000d5580000, 0x0000000100000000, 0x0000000100000000)
  eden space 660992K, 0% used [0x00000000d5580000,0x00000000d5580000,0x00000000fdb00000)
  from space 17920K, 87% used [0x00000000fee80000,0x00000000ffdbb2b8,0x0000000100000000)
  to   space 18944K, 0% used [0x00000000fdb00000,0x00000000fdb00000,0x00000000fed80000)
 ParOldGen       total 311296K, used 250261K [0x0000000080000000, 0x0000000093000000, 0x00000000d5580000)
  object space 311296K, 80% used [0x0000000080000000,0x000000008f465640,0x0000000093000000)
 Metaspace       used 89369K, capacity 91064K, committed 92160K, reserved 1130496K
  class space    used 11000K, capacity 11318K, committed 11520K, reserved 1048576K
}
{Heap before GC invocations=391 (full 4):
 PSYoungGen      total 678912K, used 675630K [0x00000000d5580000, 0x0000000100000000, 0x0000000100000000)
  eden space 660992K, 99% used [0x00000000d5580000,0x00000000fda10718,0x00000000fdb00000)
  from space 17920K, 87% used [0x00000000fee80000,0x00000000ffdbb2b8,0x0000000100000000)
  to   space 18944K, 0% used [0x00000000fdb00000,0x00000000fdb00000,0x00000000fed80000)
 ParOldGen       total 311296K, used 250261K [0x0000000080000000, 0x0000000093000000, 0x00000000d5580000)
  object space 311296K, 80% used [0x0000000080000000,0x000000008f465640,0x0000000093000000)
 Metaspace       used 89434K, capacity 91128K, committed 92416K, reserved 1130496K
  class space    used 11000K, capacity 11318K, committed 11520K, reserved 1048576K
2023-08-21T00:20:52.790+0600: 29160.119: [GC (Allocation Failure) [PSYoungGen: 675630K->17258K(678400K)] 925892K->267551K(989696K), 0.0171844 secs] [Times: user=0.03 sys=0.00, real=0.01 secs] 
Heap after GC invocations=391 (full 4):
 PSYoungGen      total 678400K, used 17258K [0x00000000d5580000, 0x0000000100000000, 0x0000000100000000)
  eden space 660992K, 0% used [0x00000000d5580000,0x00000000d5580000,0x00000000fdb00000)
  from space 17408K, 99% used [0x00000000fdb00000,0x00000000febda990,0x00000000fec00000)
  to   space 20480K, 0% used [0x00000000fec00000,0x00000000fec00000,0x0000000100000000)
 ParOldGen       total 311296K, used 250293K [0x0000000080000000, 0x0000000093000000, 0x00000000d5580000)
  object space 311296K, 80% used [0x0000000080000000,0x000000008f46d640,0x0000000093000000)
 Metaspace       used 89434K, capacity 91128K, committed 92416K, reserved 1130496K
  class space    used 11000K, capacity 11318K, committed 11520K, reserved 1048576K
}
{Heap before GC invocations=392 (full 4):
 PSYoungGen      total 678400K, used 678250K [0x00000000d5580000, 0x0000000100000000, 0x0000000100000000)
  eden space 660992K, 100% used [0x00000000d5580000,0x00000000fdb00000,0x00000000fdb00000)
  from space 17408K, 99% used [0x00000000fdb00000,0x00000000febda990,0x00000000fec00000)
  to   space 20480K, 0% used [0x00000000fec00000,0x00000000fec00000,0x0000000100000000)
 ParOldGen       total 311296K, used 250293K [0x0000000080000000, 0x0000000093000000, 0x00000000d5580000)
  object space 311296K, 80% used [0x0000000080000000,0x000000008f46d640,0x0000000093000000)
 Metaspace       used 89541K, capacity 91320K, committed 92416K, reserved 1130496K
  class space    used 11000K, capacity 11318K, committed 11520K, reserved 1048576K
2023-08-21T00:20:56.763+0600: 29164.092: [GC (Allocation Failure) [PSYoungGen: 678250K->8622K(678912K)] 928543K->259075K(990208K), 0.0133810 secs] [Times: user=0.02 sys=0.00, real=0.01 secs] 
Heap after GC invocations=392 (full 4):
 PSYoungGen      total 678912K, used 8622K [0x00000000d5580000, 0x0000000100000000, 0x0000000100000000)
  eden space 658432K, 0% used [0x00000000d5580000,0x00000000d5580000,0x00000000fd880000)
  from space 20480K, 42% used [0x00000000fec00000,0x00000000ff46b830,0x0000000100000000)
  to   space 19968K, 0% used [0x00000000fd880000,0x00000000fd880000,0x00000000fec00000)
 ParOldGen       total 311296K, used 250453K [0x0000000080000000, 0x0000000093000000, 0x00000000d5580000)
  object space 311296K, 80% used [0x0000000080000000,0x000000008f495460,0x0000000093000000)
 Metaspace       used 89541K, capacity 91320K, committed 92416K, reserved 1130496K
  class space    used 11000K, capacity 11318K, committed 11520K, reserved 1048576K
}
{Heap before GC invocations=393 (full 4):
 PSYoungGen      total 678912K, used 664371K [0x00000000d5580000, 0x0000000100000000, 0x0000000100000000)
  eden space 658432K, 99% used [0x00000000d5580000,0x00000000fd5e1540,0x00000000fd880000)
  from space 20480K, 42% used [0x00000000fec00000,0x00000000ff46b830,0x0000000100000000)
  to   space 19968K, 0% used [0x00000000fd880000,0x00000000fd880000,0x00000000fec00000)
 ParOldGen       total 311296K, used 250453K [0x0000000080000000, 0x0000000093000000, 0x00000000d5580000)
  object space 311296K, 80% used [0x0000000080000000,0x000000008f495460,0x0000000093000000)
 Metaspace       used 89607K, capacity 91320K, committed 92416K, reserved 1130496K
  class space    used 11000K, capacity 11318K, committed 11520K, reserved 1048576K
2023-08-21T00:21:03.109+0600: 29170.437: [GC (Allocation Failure) [PSYoungGen: 664371K->19962K(678400K)] 914824K->270746K(989696K), 0.0167368 secs] [Times: user=0.03 sys=0.00, real=0.02 secs] 
Heap after GC invocations=393 (full 4):
 PSYoungGen      total 678400K, used 19962K [0x00000000d5580000, 0x0000000100000000, 0x0000000100000000)
  eden space 658432K, 0% used [0x00000000d5580000,0x00000000d5580000,0x00000000fd880000)
  from space 19968K, 99% used [0x00000000fd880000,0x00000000febfe888,0x00000000fec00000)
  to   space 20480K, 0% used [0x00000000fec00000,0x00000000fec00000,0x0000000100000000)
 ParOldGen       total 311296K, used 250784K [0x0000000080000000, 0x0000000093000000, 0x00000000d5580000)
  object space 311296K, 80% used [0x0000000080000000,0x000000008f4e80e0,0x0000000093000000)
 Metaspace       used 89607K, capacity 91320K, committed 92416K, reserved 1130496K
  class space    used 11000K, capacity 11318K, committed 11520K, reserved 1048576K
}
{Heap before GC invocations=394 (full 4):
 PSYoungGen      total 678400K, used 678394K [0x00000000d5580000, 0x0000000100000000, 0x0000000100000000)
  eden space 658432K, 100% used [0x00000000d5580000,0x00000000fd880000,0x00000000fd880000)
  from space 19968K, 99% used [0x00000000fd880000,0x00000000febfe888,0x00000000fec00000)
  to   space 20480K, 0% used [0x00000000fec00000,0x00000000fec00000,0x0000000100000000)
 ParOldGen       total 311296K, used 250784K [0x0000000080000000, 0x0000000093000000, 0x00000000d5580000)
  object space 311296K, 80% used [0x0000000080000000,0x000000008f4e80e0,0x0000000093000000)
 Metaspace       used 89658K, capacity 91384K, committed 92672K, reserved 1130496K
  class space    used 11001K, capacity 11318K, committed 11520K, reserved 1048576K
2023-08-21T00:21:07.219+0600: 29174.548: [GC (Allocation Failure) [PSYoungGen: 678394K->15839K(673280K)] 929178K->266719K(984576K), 0.0122661 secs] [Times: user=0.02 sys=0.00, real=0.02 secs] 
Heap after GC invocations=394 (full 4):
 PSYoungGen      total 673280K, used 15839K [0x00000000d5580000, 0x0000000100000000, 0x0000000100000000)
  eden space 652800K, 0% used [0x00000000d5580000,0x00000000d5580000,0x00000000fd300000)
  from space 20480K, 77% used [0x00000000fec00000,0x00000000ffb77e48,0x0000000100000000)
  to   space 23040K, 0% used [0x00000000fd300000,0x00000000fd300000,0x00000000fe980000)
 ParOldGen       total 311296K, used 250879K [0x0000000080000000, 0x0000000093000000, 0x00000000d5580000)
  object space 311296K, 80% used [0x0000000080000000,0x000000008f4fff80,0x0000000093000000)
 Metaspace       used 89658K, capacity 91384K, committed 92672K, reserved 1130496K
  class space    used 11001K, capacity 11318K, committed 11520K, reserved 1048576K
}
{Heap before GC invocations=395 (full 4):
 PSYoungGen      total 673280K, used 667309K [0x00000000d5580000, 0x0000000100000000, 0x0000000100000000)
  eden space 652800K, 99% used [0x00000000d5580000,0x00000000fd1b38e8,0x00000000fd300000)
  from space 20480K, 77% used [0x00000000fec00000,0x00000000ffb77e48,0x0000000100000000)
  to   space 23040K, 0% used [0x00000000fd300000,0x00000000fd300000,0x00000000fe980000)
 ParOldGen       total 311296K, used 250879K [0x0000000080000000, 0x0000000093000000, 0x00000000d5580000)
  object space 311296K, 80% used [0x0000000080000000,0x000000008f4fff80,0x0000000093000000)
 Metaspace       used 89809K, capacity 91512K, committed 92672K, reserved 1130496K
  class space    used 11001K, capacity 11318K, committed 11520K, reserved 1048576K
2023-08-21T00:21:13.328+0600: 29180.657: [GC (Allocation Failure) [PSYoungGen: 667309K->23025K(675840K)] 918189K->275064K(987136K), 0.0164246 secs] [Times: user=0.03 sys=0.00, real=0.02 secs] 
Heap after GC invocations=395 (full 4):
 PSYoungGen      total 675840K, used 23025K [0x00000000d5580000, 0x0000000100000000, 0x0000000100000000)
  eden space 652800K, 0% used [0x00000000d5580000,0x00000000d5580000,0x00000000fd300000)
  from space 23040K, 99% used [0x00000000fd300000,0x00000000fe97c538,0x00000000fe980000)
  to   space 23040K, 0% used [0x00000000fe980000,0x00000000fe980000,0x0000000100000000)
 ParOldGen       total 311296K, used 252039K [0x0000000080000000, 0x0000000093000000, 0x00000000d5580000)
  object space 311296K, 80% used [0x0000000080000000,0x000000008f621e20,0x0000000093000000)
 Metaspace       used 89809K, capacity 91512K, committed 92672K, reserved 1130496K
  class space    used 11001K, capacity 11318K, committed 11520K, reserved 1048576K
}
{Heap before GC invocations=396 (full 4):
 PSYoungGen      total 675840K, used 672890K [0x00000000d5580000, 0x0000000100000000, 0x0000000100000000)
  eden space 652800K, 99% used [0x00000000d5580000,0x00000000fd022430,0x00000000fd300000)
  from space 23040K, 99% used [0x00000000fd300000,0x00000000fe97c538,0x00000000fe980000)
  to   space 23040K, 0% used [0x00000000fe980000,0x00000000fe980000,0x0000000100000000)
 ParOldGen       total 311296K, used 252039K [0x0000000080000000, 0x0000000093000000, 0x00000000d5580000)
  object space 311296K, 80% used [0x0000000080000000,0x000000008f621e20,0x0000000093000000)
 Metaspace       used 89812K, capacity 91512K, committed 92672K, reserved 1130496K
  class space    used 11001K, capacity 11318K, committed 11520K, reserved 1048576K
2023-08-21T00:21:18.143+0600: 29185.472: [GC (Allocation Failure) [PSYoungGen: 672890K->18273K(668672K)] 924929K->270832K(979968K), 0.0205805 secs] [Times: user=0.04 sys=0.00, real=0.02 secs] 
Heap after GC invocations=396 (full 4):
 PSYoungGen      total 668672K, used 18273K [0x00000000d5580000, 0x0000000100000000, 0x0000000100000000)
  eden space 645632K, 0% used [0x00000000d5580000,0x00000000d5580000,0x00000000fcc00000)
  from space 23040K, 79% used [0x00000000fe980000,0x00000000ffb586b8,0x0000000100000000)
  to   space 26624K, 0% used [0x00000000fcc00000,0x00000000fcc00000,0x00000000fe600000)
 ParOldGen       total 311296K, used 252558K [0x0000000080000000, 0x0000000093000000, 0x00000000d5580000)
  object space 311296K, 81% used [0x0000000080000000,0x000000008f6a3bc0,0x0000000093000000)
 Metaspace       used 89812K, capacity 91512K, committed 92672K, reserved 1130496K
  class space    used 11001K, capacity 11318K, committed 11520K, reserved 1048576K
}
{Heap before GC invocations=397 (full 4):
 PSYoungGen      total 668672K, used 663905K [0x00000000d5580000, 0x0000000100000000, 0x0000000100000000)
  eden space 645632K, 100% used [0x00000000d5580000,0x00000000fcc00000,0x00000000fcc00000)
  from space 23040K, 79% used [0x00000000fe980000,0x00000000ffb586b8,0x0000000100000000)
  to   space 26624K, 0% used [0x00000000fcc00000,0x00000000fcc00000,0x00000000fe600000)
 ParOldGen       total 311296K, used 252558K [0x0000000080000000, 0x0000000093000000, 0x00000000d5580000)
  object space 311296K, 81% used [0x0000000080000000,0x000000008f6a3bc0,0x0000000093000000)
 Metaspace       used 89894K, capacity 91576K, committed 92672K, reserved 1130496K
  class space    used 11001K, capacity 11318K, committed 11520K, reserved 1048576K
2023-08-21T00:21:22.273+0600: 29189.602: [GC (Allocation Failure) [PSYoungGen: 663905K->17527K(672256K)] 916464K->270094K(983552K), 0.0141956 secs] [Times: user=0.02 sys=0.00, real=0.01 secs] 
Heap after GC invocations=397 (full 4):
 PSYoungGen      total 672256K, used 17527K [0x00000000d5580000, 0x0000000100000000, 0x0000000100000000)
  eden space 645632K, 0% used [0x00000000d5580000,0x00000000d5580000,0x00000000fcc00000)
  from space 26624K, 65% used [0x00000000fcc00000,0x00000000fdd1de38,0x00000000fe600000)
  to   space 26624K, 0% used [0x00000000fe600000,0x00000000fe600000,0x0000000100000000)
 ParOldGen       total 311296K, used 252566K [0x0000000080000000, 0x0000000093000000, 0x00000000d5580000)
  object space 311296K, 81% used [0x0000000080000000,0x000000008f6a5bc0,0x0000000093000000)
 Metaspace       used 89894K, capacity 91576K, committed 92672K, reserved 1130496K
  class space    used 11001K, capacity 11318K, committed 11520K, reserved 1048576K
}
{Heap before GC invocations=398 (full 4):
 PSYoungGen      total 672256K, used 660039K [0x00000000d5580000, 0x0000000100000000, 0x0000000100000000)
  eden space 645632K, 99% used [0x00000000d5580000,0x00000000fc8f4020,0x00000000fcc00000)
  from space 26624K, 65% used [0x00000000fcc00000,0x00000000fdd1de38,0x00000000fe600000)
  to   space 26624K, 0% used [0x00000000fe600000,0x00000000fe600000,0x0000000100000000)
 ParOldGen       total 311296K, used 252566K [0x0000000080000000, 0x0000000093000000, 0x00000000d5580000)
  object space 311296K, 81% used [0x0000000080000000,0x000000008f6a5bc0,0x0000000093000000)
 Metaspace       used 90220K, capacity 91960K, committed 93184K, reserved 1130496K
  class space    used 11001K, capacity 11318K, committed 11520K, reserved 1048576K
2023-08-21T00:21:28.432+0600: 29195.761: [GC (Allocation Failure) [PSYoungGen: 660039K->20169K(671232K)] 912606K->272800K(982528K), 0.0192982 secs] [Times: user=0.03 sys=0.00, real=0.02 secs] 
Heap after GC invocations=398 (full 4):
 PSYoungGen      total 671232K, used 20169K [0x00000000d5580000, 0x0000000100000000, 0x0000000100000000)
  eden space 644608K, 0% used [0x00000000d5580000,0x00000000d5580000,0x00000000fcb00000)
  from space 26624K, 75% used [0x00000000fe600000,0x00000000ff9b25d0,0x0000000100000000)
  to   space 27136K, 0% used [0x00000000fcb00000,0x00000000fcb00000,0x00000000fe580000)
 ParOldGen       total 311296K, used 252630K [0x0000000080000000, 0x0000000093000000, 0x00000000d5580000)
  object space 311296K, 81% used [0x0000000080000000,0x000000008f6b5a60,0x0000000093000000)
 Metaspace       used 90220K, capacity 91960K, committed 93184K, reserved 1130496K
  class space    used 11001K, capacity 11318K, committed 11520K, reserved 1048576K
}
{Heap before GC invocations=399 (full 4):
 PSYoungGen      total 671232K, used 663800K [0x00000000d5580000, 0x0000000100000000, 0x0000000100000000)
  eden space 644608K, 99% used [0x00000000d5580000,0x00000000fca0bc60,0x00000000fcb00000)
  from space 26624K, 75% used [0x00000000fe600000,0x00000000ff9b25d0,0x0000000100000000)
  to   space 27136K, 0% used [0x00000000fcb00000,0x00000000fcb00000,0x00000000fe580000)
 ParOldGen       total 311296K, used 252630K [0x0000000080000000, 0x0000000093000000, 0x00000000d5580000)
  object space 311296K, 81% used [0x0000000080000000,0x000000008f6b5a60,0x0000000093000000)
 Metaspace       used 90252K, capacity 91960K, committed 93184K, reserved 1130496K
  class space    used 11002K, capacity 11318K, committed 11520K, reserved 1048576K
2023-08-21T00:21:32.961+0600: 29200.290: [GC (Allocation Failure) [PSYoungGen: 663800K->22317K(667136K)] 916431K->275097K(978432K), 0.0209733 secs] [Times: user=0.04 sys=0.00, real=0.02 secs] 
Heap after GC invocations=399 (full 4):
 PSYoungGen      total 667136K, used 22317K [0x00000000d5580000, 0x0000000100000000, 0x0000000100000000)
  eden space 644608K, 0% used [0x00000000d5580000,0x00000000d5580000,0x00000000fcb00000)
  from space 22528K, 99% used [0x00000000fcb00000,0x00000000fe0cb588,0x00000000fe100000)
  to   space 28672K, 0% used [0x00000000fe400000,0x00000000fe400000,0x0000000100000000)
 ParOldGen       total 311296K, used 252780K [0x0000000080000000, 0x0000000093000000, 0x00000000d5580000)
  object space 311296K, 81% used [0x0000000080000000,0x000000008f6db220,0x0000000093000000)
 Metaspace       used 90252K, capacity 91960K, committed 93184K, reserved 1130496K
  class space    used 11002K, capacity 11318K, committed 11520K, reserved 1048576K
}
{Heap before GC invocations=400 (full 4):
 PSYoungGen      total 667136K, used 666925K [0x00000000d5580000, 0x0000000100000000, 0x0000000100000000)
  eden space 644608K, 100% used [0x00000000d5580000,0x00000000fcb00000,0x00000000fcb00000)
  from space 22528K, 99% used [0x00000000fcb00000,0x00000000fe0cb588,0x00000000fe100000)
  to   space 28672K, 0% used [0x00000000fe400000,0x00000000fe400000,0x0000000100000000)
 ParOldGen       total 311296K, used 252780K [0x0000000080000000, 0x0000000093000000, 0x00000000d5580000)
  object space 311296K, 81% used [0x0000000080000000,0x000000008f6db220,0x0000000093000000)
 Metaspace       used 90379K, capacity 92088K, committed 93184K, reserved 1130496K
  class space    used 11002K, capacity 11318K, committed 11520K, reserved 1048576K
2023-08-21T00:21:36.930+0600: 29204.259: [GC (Allocation Failure) [PSYoungGen: 666925K->14999K(671232K)] 919705K->267875K(982528K), 0.0180155 secs] [Times: user=0.03 sys=0.00, real=0.01 secs] 
Heap after GC invocations=400 (full 4):
 PSYoungGen      total 671232K, used 14999K [0x00000000d5580000, 0x0000000100000000, 0x0000000100000000)
  eden space 642560K, 0% used [0x00000000d5580000,0x00000000d5580000,0x00000000fc900000)
  from space 28672K, 52% used [0x00000000fe400000,0x00000000ff2a5f70,0x0000000100000000)
  to   space 27648K, 0% used [0x00000000fc900000,0x00000000fc900000,0x00000000fe400000)
 ParOldGen       total 311296K, used 252875K [0x0000000080000000, 0x0000000093000000, 0x00000000d5580000)
  object space 311296K, 81% used [0x0000000080000000,0x000000008f6f2d50,0x0000000093000000)
 Metaspace       used 90379K, capacity 92088K, committed 93184K, reserved 1130496K
  class space    used 11002K, capacity 11318K, committed 11520K, reserved 1048576K
}
{Heap before GC invocations=401 (full 4):
 PSYoungGen      total 671232K, used 656430K [0x00000000d5580000, 0x0000000100000000, 0x0000000100000000)
  eden space 642560K, 99% used [0x00000000d5580000,0x00000000fc7e5bf0,0x00000000fc900000)
  from space 28672K, 52% used [0x00000000fe400000,0x00000000ff2a5f70,0x0000000100000000)
  to   space 27648K, 0% used [0x00000000fc900000,0x00000000fc900000,0x00000000fe400000)
 ParOldGen       total 311296K, used 252875K [0x0000000080000000, 0x0000000093000000, 0x00000000d5580000)
  object space 311296K, 81% used [0x0000000080000000,0x000000008f6f2d50,0x0000000093000000)
 Metaspace       used 90388K, capacity 92088K, committed 93184K, reserved 1130496K
  class space    used 11002K, capacity 11318K, committed 11520K, reserved 1048576K
2023-08-21T00:21:43.079+0600: 29210.407: [GC (Allocation Failure) [PSYoungGen: 656430K->25292K(668160K)] 909306K->278255K(979456K), 0.0206245 secs] [Times: user=0.04 sys=0.00, real=0.03 secs] 
Heap after GC invocations=401 (full 4):
 PSYoungGen      total 668160K, used 25292K [0x00000000d5580000, 0x0000000100000000, 0x0000000100000000)
  eden space 642560K, 0% used [0x00000000d5580000,0x00000000d5580000,0x00000000fc900000)
  from space 25600K, 98% used [0x00000000fc900000,0x00000000fe1b32d8,0x00000000fe200000)
  to   space 30208K, 0% used [0x00000000fe280000,0x00000000fe280000,0x0000000100000000)
 ParOldGen       total 311296K, used 252962K [0x0000000080000000, 0x0000000093000000, 0x00000000d5580000)
  object space 311296K, 81% used [0x0000000080000000,0x000000008f7089e0,0x0000000093000000)
 Metaspace       used 90388K, capacity 92088K, committed 93184K, reserved 1130496K
  class space    used 11002K, capacity 11318K, committed 11520K, reserved 1048576K
}
{Heap before GC invocations=402 (full 4):
 PSYoungGen      total 668160K, used 667852K [0x00000000d5580000, 0x0000000100000000, 0x0000000100000000)
  eden space 642560K, 100% used [0x00000000d5580000,0x00000000fc900000,0x00000000fc900000)
  from space 25600K, 98% used [0x00000000fc900000,0x00000000fe1b32d8,0x00000000fe200000)
  to   space 30208K, 0% used [0x00000000fe280000,0x00000000fe280000,0x0000000100000000)
 ParOldGen       total 311296K, used 252962K [0x0000000080000000, 0x0000000093000000, 0x00000000d5580000)
  object space 311296K, 81% used [0x0000000080000000,0x000000008f7089e0,0x0000000093000000)
 Metaspace       used 90388K, capacity 92088K, committed 93184K, reserved 1130496K
  class space    used 11002K, capacity 11318K, committed 11520K, reserved 1048576K
2023-08-21T00:21:47.626+0600: 29214.954: [GC (Allocation Failure) [PSYoungGen: 667852K->12339K(669184K)] 920815K->265388K(980480K), 0.0125558 secs] [Times: user=0.02 sys=0.00, real=0.01 secs] 
Heap after GC invocations=402 (full 4):
 PSYoungGen      total 669184K, used 12339K [0x00000000d5580000, 0x0000000100000000, 0x0000000100000000)
  eden space 638976K, 0% used [0x00000000d5580000,0x00000000d5580000,0x00000000fc580000)
  from space 30208K, 40% used [0x00000000fe280000,0x00000000fee8ccc8,0x0000000100000000)
  to   space 29696K, 0% used [0x00000000fc580000,0x00000000fc580000,0x00000000fe280000)
 ParOldGen       total 311296K, used 253049K [0x0000000080000000, 0x0000000093000000, 0x00000000d5580000)
  object space 311296K, 81% used [0x0000000080000000,0x000000008f71e5c0,0x0000000093000000)
 Metaspace       used 90388K, capacity 92088K, committed 93184K, reserved 1130496K
  class space    used 11002K, capacity 11318K, committed 11520K, reserved 1048576K
}
{Heap before GC invocations=403 (full 4):
 PSYoungGen      total 669184K, used 650573K [0x00000000d5580000, 0x0000000100000000, 0x0000000100000000)
  eden space 638976K, 99% used [0x00000000d5580000,0x00000000fc4c6960,0x00000000fc580000)
  from space 30208K, 40% used [0x00000000fe280000,0x00000000fee8ccc8,0x0000000100000000)
  to   space 29696K, 0% used [0x00000000fc580000,0x00000000fc580000,0x00000000fe280000)
 ParOldGen       total 311296K, used 253049K [0x0000000080000000, 0x0000000093000000, 0x00000000d5580000)
  object space 311296K, 81% used [0x0000000080000000,0x000000008f71e5c0,0x0000000093000000)
 Metaspace       used 90388K, capacity 92088K, committed 93184K, reserved 1130496K
  class space    used 11002K, capacity 11318K, committed 11520K, reserved 1048576K
2023-08-21T00:21:53.594+0600: 29220.922: [GC (Allocation Failure) [PSYoungGen: 650573K->14026K(653312K)] 903622K->267178K(964608K), 0.0159921 secs] [Times: user=0.03 sys=0.00, real=0.02 secs] 
Heap after GC invocations=403 (full 4):
 PSYoungGen      total 653312K, used 14026K [0x00000000d5580000, 0x00000000ffd80000, 0x0000000100000000)
  eden space 638976K, 0% used [0x00000000d5580000,0x00000000d5580000,0x00000000fc580000)
  from space 14336K, 97% used [0x00000000fc580000,0x00000000fd332890,0x00000000fd380000)
  to   space 28672K, 0% used [0x00000000fe180000,0x00000000fe180000,0x00000000ffd80000)
 ParOldGen       total 311296K, used 253152K [0x0000000080000000, 0x0000000093000000, 0x00000000d5580000)
  object space 311296K, 81% used [0x0000000080000000,0x000000008f7381a0,0x0000000093000000)
 Metaspace       used 90388K, capacity 92088K, committed 93184K, reserved 1130496K
  class space    used 11002K, capacity 11318K, committed 11520K, reserved 1048576K
}
{Heap before GC invocations=404 (full 4):
 PSYoungGen      total 653312K, used 651298K [0x00000000d5580000, 0x00000000ffd80000, 0x0000000100000000)
  eden space 638976K, 99% used [0x00000000d5580000,0x00000000fc3d6050,0x00000000fc580000)
  from space 14336K, 97% used [0x00000000fc580000,0x00000000fd332890,0x00000000fd380000)
  to   space 28672K, 0% used [0x00000000fe180000,0x00000000fe180000,0x00000000ffd80000)
 ParOldGen       total 311296K, used 253152K [0x0000000080000000, 0x0000000093000000, 0x00000000d5580000)
  object space 311296K, 81% used [0x0000000080000000,0x000000008f7381a0,0x0000000093000000)
 Metaspace       used 90388K, capacity 92088K, committed 93184K, reserved 1130496K
  class space    used 11002K, capacity 11318K, committed 11520K, reserved 1048576K
2023-08-21T00:21:58.401+0600: 29225.729: [GC (Allocation Failure) [PSYoungGen: 651298K->13543K(668672K)] 904450K->266767K(979968K), 0.0180223 secs] [Times: user=0.03 sys=0.00, real=0.01 secs] 
Heap after GC invocations=404 (full 4):
 PSYoungGen      total 668672K, used 13543K [0x00000000d5580000, 0x0000000100000000, 0x0000000100000000)
  eden space 640000K, 0% used [0x00000000d5580000,0x00000000d5580000,0x00000000fc680000)
  from space 28672K, 47% used [0x00000000fe180000,0x00000000feeb9fb0,0x00000000ffd80000)
  to   space 27648K, 0% used [0x00000000fc680000,0x00000000fc680000,0x00000000fe180000)
 ParOldGen       total 311296K, used 253223K [0x0000000080000000, 0x0000000093000000, 0x00000000d5580000)
  object space 311296K, 81% used [0x0000000080000000,0x000000008f749ee0,0x0000000093000000)
 Metaspace       used 90388K, capacity 92088K, committed 93184K, reserved 1130496K
  class space    used 11002K, capacity 11318K, committed 11520K, reserved 1048576K
}
{Heap before GC invocations=405 (full 4):
 PSYoungGen      total 668672K, used 652129K [0x00000000d5580000, 0x0000000100000000, 0x0000000100000000)
  eden space 640000K, 99% used [0x00000000d5580000,0x00000000fc51e658,0x00000000fc680000)
  from space 28672K, 47% used [0x00000000fe180000,0x00000000feeb9fb0,0x00000000ffd80000)
  to   space 27648K, 0% used [0x00000000fc680000,0x00000000fc680000,0x00000000fe180000)
 ParOldGen       total 311296K, used 253223K [0x0000000080000000, 0x0000000093000000, 0x00000000d5580000)
  object space 311296K, 81% used [0x0000000080000000,0x000000008f749ee0,0x0000000093000000)
 Metaspace       used 90388K, capacity 92088K, committed 93184K, reserved 1130496K
  class space    used 11002K, capacity 11318K, committed 11520K, reserved 1048576K
2023-08-21T00:22:04.251+0600: 29231.580: [GC (Allocation Failure) [PSYoungGen: 652129K->13815K(667648K)] 905353K->267103K(978944K), 0.0200310 secs] [Times: user=0.03 sys=0.00, real=0.02 secs] 
Heap after GC invocations=405 (full 4):
 PSYoungGen      total 667648K, used 13815K [0x00000000d5580000, 0x00000000ffe00000, 0x0000000100000000)
  eden space 640000K, 0% used [0x00000000d5580000,0x00000000d5580000,0x00000000fc680000)
  from space 27648K, 49% used [0x00000000fc680000,0x00000000fd3fdfa0,0x00000000fe180000)
  to   space 27136K, 0% used [0x00000000fe380000,0x00000000fe380000,0x00000000ffe00000)
 ParOldGen       total 311296K, used 253287K [0x0000000080000000, 0x0000000093000000, 0x00000000d5580000)
  object space 311296K, 81% used [0x0000000080000000,0x000000008f759d80,0x0000000093000000)
 Metaspace       used 90388K, capacity 92088K, committed 93184K, reserved 1130496K
  class space    used 11002K, capacity 11318K, committed 11520K, reserved 1048576K
}
{Heap before GC invocations=406 (full 4):
 PSYoungGen      total 667648K, used 652146K [0x00000000d5580000, 0x00000000ffe00000, 0x0000000100000000)
  eden space 640000K, 99% used [0x00000000d5580000,0x00000000fc4de970,0x00000000fc680000)
  from space 27648K, 49% used [0x00000000fc680000,0x00000000fd3fdfa0,0x00000000fe180000)
  to   space 27136K, 0% used [0x00000000fe380000,0x00000000fe380000,0x00000000ffe00000)
 ParOldGen       total 311296K, used 253287K [0x0000000080000000, 0x0000000093000000, 0x00000000d5580000)
  object space 311296K, 81% used [0x0000000080000000,0x000000008f759d80,0x0000000093000000)
 Metaspace       used 90390K, capacity 92088K, committed 93184K, reserved 1130496K
  class space    used 11002K, capacity 11318K, committed 11520K, reserved 1048576K
2023-08-21T00:22:08.792+0600: 29236.121: [GC (Allocation Failure) [PSYoungGen: 652146K->18103K(670208K)] 905433K->272020K(981504K), 0.0208169 secs] [Times: user=0.03 sys=0.00, real=0.02 secs] 
Heap after GC invocations=406 (full 4):
 PSYoungGen      total 670208K, used 18103K [0x00000000d5580000, 0x00000000ffe80000, 0x0000000100000000)
  eden space 643072K, 0% used [0x00000000d5580000,0x00000000d5580000,0x00000000fc980000)
  from space 27136K, 66% used [0x00000000fe380000,0x00000000ff52df48,0x00000000ffe00000)
  to   space 26624K, 0% used [0x00000000fc980000,0x00000000fc980000,0x00000000fe380000)
 ParOldGen       total 311296K, used 253916K [0x0000000080000000, 0x0000000093000000, 0x00000000d5580000)
  object space 311296K, 81% used [0x0000000080000000,0x000000008f7f7180,0x0000000093000000)
 Metaspace       used 90390K, capacity 92088K, committed 93184K, reserved 1130496K
  class space    used 11002K, capacity 11318K, committed 11520K, reserved 1048576K
}
{Heap before GC invocations=407 (full 4):
 PSYoungGen      total 670208K, used 661175K [0x00000000d5580000, 0x00000000ffe80000, 0x0000000100000000)
  eden space 643072K, 100% used [0x00000000d5580000,0x00000000fc980000,0x00000000fc980000)
  from space 27136K, 66% used [0x00000000fe380000,0x00000000ff52df48,0x00000000ffe00000)
  to   space 26624K, 0% used [0x00000000fc980000,0x00000000fc980000,0x00000000fe380000)
 ParOldGen       total 311296K, used 253916K [0x0000000080000000, 0x0000000093000000, 0x00000000d5580000)
  object space 311296K, 81% used [0x0000000080000000,0x000000008f7f7180,0x0000000093000000)
 Metaspace       used 90393K, capacity 92088K, committed 93184K, reserved 1130496K
  class space    used 11002K, capacity 11318K, committed 11520K, reserved 1048576K
2023-08-21T00:22:12.919+0600: 29240.247: [GC (Allocation Failure) [PSYoungGen: 661175K->10704K(669696K)] 915092K->265148K(980992K), 0.0106098 secs] [Times: user=0.01 sys=0.00, real=0.02 secs] 
Heap after GC invocations=407 (full 4):
 PSYoungGen      total 669696K, used 10704K [0x00000000d5580000, 0x00000000fff80000, 0x0000000100000000)
  eden space 643072K, 0% used [0x00000000d5580000,0x00000000d5580000,0x00000000fc980000)
  from space 26624K, 40% used [0x00000000fc980000,0x00000000fd3f43e8,0x00000000fe380000)
  to   space 26624K, 0% used [0x00000000fe580000,0x00000000fe580000,0x00000000fff80000)
 ParOldGen       total 311296K, used 254443K [0x0000000080000000, 0x0000000093000000, 0x00000000d5580000)
  object space 311296K, 81% used [0x0000000080000000,0x000000008f87ae70,0x0000000093000000)
 Metaspace       used 90393K, capacity 92088K, committed 93184K, reserved 1130496K
  class space    used 11002K, capacity 11318K, committed 11520K, reserved 1048576K
}
{Heap before GC invocations=408 (full 4):
 PSYoungGen      total 669696K, used 653687K [0x00000000d5580000, 0x00000000fff80000, 0x0000000100000000)
  eden space 643072K, 99% used [0x00000000d5580000,0x00000000fc969a70,0x00000000fc980000)
  from space 26624K, 40% used [0x00000000fc980000,0x00000000fd3f43e8,0x00000000fe380000)
  to   space 26624K, 0% used [0x00000000fe580000,0x00000000fe580000,0x00000000fff80000)
 ParOldGen       total 311296K, used 254443K [0x0000000080000000, 0x0000000093000000, 0x00000000d5580000)
  object space 311296K, 81% used [0x0000000080000000,0x000000008f87ae70,0x0000000093000000)
 Metaspace       used 90399K, capacity 92088K, committed 93184K, reserved 1130496K
  class space    used 11002K, capacity 11318K, committed 11520K, reserved 1048576K
2023-08-21T00:22:19.335+0600: 29246.664: [GC (Allocation Failure) [PSYoungGen: 653687K->15822K(670720K)] 908131K->270777K(982016K), 0.0203723 secs] [Times: user=0.03 sys=0.00, real=0.02 secs] 
Heap after GC invocations=408 (full 4):
 PSYoungGen      total 670720K, used 15822K [0x00000000d5580000, 0x00000000ffe00000, 0x0000000100000000)
  eden space 645632K, 0% used [0x00000000d5580000,0x00000000d5580000,0x00000000fcc00000)
  from space 25088K, 63% used [0x00000000fe580000,0x00000000ff4f3948,0x00000000ffe00000)
  to   space 25600K, 0% used [0x00000000fcc00000,0x00000000fcc00000,0x00000000fe500000)
 ParOldGen       total 311296K, used 254955K [0x0000000080000000, 0x0000000093000000, 0x00000000d5580000)
  object space 311296K, 81% used [0x0000000080000000,0x000000008f8facd0,0x0000000093000000)
 Metaspace       used 90399K, capacity 92088K, committed 93184K, reserved 1130496K
  class space    used 11002K, capacity 11318K, committed 11520K, reserved 1048576K
}
{Heap before GC invocations=409 (full 4):
 PSYoungGen      total 670720K, used 661454K [0x00000000d5580000, 0x00000000ffe00000, 0x0000000100000000)
  eden space 645632K, 100% used [0x00000000d5580000,0x00000000fcc00000,0x00000000fcc00000)
  from space 25088K, 63% used [0x00000000fe580000,0x00000000ff4f3948,0x00000000ffe00000)
  to   space 25600K, 0% used [0x00000000fcc00000,0x00000000fcc00000,0x00000000fe500000)
 ParOldGen       total 311296K, used 254955K [0x0000000080000000, 0x0000000093000000, 0x00000000d5580000)
  object space 311296K, 81% used [0x0000000080000000,0x000000008f8facd0,0x0000000093000000)
 Metaspace       used 90400K, capacity 92088K, committed 93184K, reserved 1130496K
  class space    used 11002K, capacity 11318K, committed 11520K, reserved 1048576K
2023-08-21T00:22:23.803+0600: 29251.132: [GC (Allocation Failure) [PSYoungGen: 661454K->9534K(671232K)] 916409K->264749K(982528K), 0.0111774 secs] [Times: user=0.02 sys=0.00, real=0.01 secs] 
Heap after GC invocations=409 (full 4):
 PSYoungGen      total 671232K, used 9534K [0x00000000d5580000, 0x0000000100000000, 0x0000000100000000)
  eden space 645632K, 0% used [0x00000000d5580000,0x00000000d5580000,0x00000000fcc00000)
  from space 25600K, 37% used [0x00000000fcc00000,0x00000000fd54fab8,0x00000000fe500000)
  to   space 25600K, 0% used [0x00000000fe700000,0x00000000fe700000,0x0000000100000000)
 ParOldGen       total 311296K, used 255215K [0x0000000080000000, 0x0000000093000000, 0x00000000d5580000)
  object space 311296K, 81% used [0x0000000080000000,0x000000008f93bd00,0x0000000093000000)
 Metaspace       used 90400K, capacity 92088K, committed 93184K, reserved 1130496K
  class space    used 11002K, capacity 11318K, committed 11520K, reserved 1048576K
}
{Heap before GC invocations=410 (full 4):
 PSYoungGen      total 671232K, used 652226K [0x00000000d5580000, 0x0000000100000000, 0x0000000100000000)
  eden space 645632K, 99% used [0x00000000d5580000,0x00000000fc920e78,0x00000000fcc00000)
  from space 25600K, 37% used [0x00000000fcc00000,0x00000000fd54fab8,0x00000000fe500000)
  to   space 25600K, 0% used [0x00000000fe700000,0x00000000fe700000,0x0000000100000000)
 ParOldGen       total 311296K, used 255215K [0x0000000080000000, 0x0000000093000000, 0x00000000d5580000)
  object space 311296K, 81% used [0x0000000080000000,0x000000008f93bd00,0x0000000093000000)
 Metaspace       used 90403K, capacity 92088K, committed 93184K, reserved 1130496K
  class space    used 11002K, capacity 11318K, committed 11520K, reserved 1048576K
2023-08-21T00:22:29.790+0600: 29257.119: [GC (Allocation Failure) [PSYoungGen: 652226K->16018K(672256K)] 907441K->271469K(983552K), 0.0195736 secs] [Times: user=0.03 sys=0.00, real=0.02 secs] 
Heap after GC invocations=410 (full 4):
 PSYoungGen      total 672256K, used 16018K [0x00000000d5580000, 0x00000000fff00000, 0x0000000100000000)
  eden space 647680K, 0% used [0x00000000d5580000,0x00000000d5580000,0x00000000fce00000)
  from space 24576K, 65% used [0x00000000fe700000,0x00000000ff6a48e8,0x00000000fff00000)
  to   space 25088K, 0% used [0x00000000fce00000,0x00000000fce00000,0x00000000fe680000)
 ParOldGen       total 311296K, used 255451K [0x0000000080000000, 0x0000000093000000, 0x00000000d5580000)
  object space 311296K, 82% used [0x0000000080000000,0x000000008f976e50,0x0000000093000000)
 Metaspace       used 90403K, capacity 92088K, committed 93184K, reserved 1130496K
  class space    used 11002K, capacity 11318K, committed 11520K, reserved 1048576K
}
{Heap before GC invocations=411 (full 4):
 PSYoungGen      total 672256K, used 662143K [0x00000000d5580000, 0x00000000fff00000, 0x0000000100000000)
  eden space 647680K, 99% used [0x00000000d5580000,0x00000000fcc7b3b8,0x00000000fce00000)
  from space 24576K, 65% used [0x00000000fe700000,0x00000000ff6a48e8,0x00000000fff00000)
  to   space 25088K, 0% used [0x00000000fce00000,0x00000000fce00000,0x00000000fe680000)
 ParOldGen       total 311296K, used 255451K [0x0000000080000000, 0x0000000093000000, 0x00000000d5580000)
  object space 311296K, 82% used [0x0000000080000000,0x000000008f976e50,0x0000000093000000)
 Metaspace       used 90403K, capacity 92088K, committed 93184K, reserved 1130496K
  class space    used 11002K, capacity 11318K, committed 11520K, reserved 1048576K
2023-08-21T00:22:34.534+0600: 29261.863: [GC (Allocation Failure) [PSYoungGen: 662143K->19208K(672768K)] 917594K->274691K(984064K), 0.0194379 secs] [Times: user=0.03 sys=0.00, real=0.02 secs] 
Heap after GC invocations=411 (full 4):
 PSYoungGen      total 672768K, used 19208K [0x00000000d5580000, 0x0000000100000000, 0x0000000100000000)
  eden space 647680K, 0% used [0x00000000d5580000,0x00000000d5580000,0x00000000fce00000)
  from space 25088K, 76% used [0x00000000fce00000,0x00000000fe0c20f8,0x00000000fe680000)
  to   space 25600K, 0% used [0x00000000fe700000,0x00000000fe700000,0x0000000100000000)
 ParOldGen       total 311296K, used 255483K [0x0000000080000000, 0x0000000093000000, 0x00000000d5580000)
  object space 311296K, 82% used [0x0000000080000000,0x000000008f97ee50,0x0000000093000000)
 Metaspace       used 90403K, capacity 92088K, committed 93184K, reserved 1130496K
  class space    used 11002K, capacity 11318K, committed 11520K, reserved 1048576K
}
{Heap before GC invocations=412 (full 4):
 PSYoungGen      total 672768K, used 663325K [0x00000000d5580000, 0x0000000100000000, 0x0000000100000000)
  eden space 647680K, 99% used [0x00000000d5580000,0x00000000fca856b8,0x00000000fce00000)
  from space 25088K, 76% used [0x00000000fce00000,0x00000000fe0c20f8,0x00000000fe680000)
  to   space 25600K, 0% used [0x00000000fe700000,0x00000000fe700000,0x0000000100000000)
 ParOldGen       total 311296K, used 255483K [0x0000000080000000, 0x0000000093000000, 0x00000000d5580000)
  object space 311296K, 82% used [0x0000000080000000,0x000000008f97ee50,0x0000000093000000)
 Metaspace       used 90403K, capacity 92088K, committed 93184K, reserved 1130496K
  class space    used 11002K, capacity 11318K, committed 11520K, reserved 1048576K
2023-08-21T00:22:40.407+0600: 29267.736: [GC (Allocation Failure) [PSYoungGen: 663325K->16193K(673280K)] 918809K->271756K(984576K), 0.0200216 secs] [Times: user=0.03 sys=0.00, real=0.02 secs] 
Heap after GC invocations=412 (full 4):
 PSYoungGen      total 673280K, used 16193K [0x00000000d5580000, 0x00000000fff80000, 0x0000000100000000)
  eden space 648192K, 0% used [0x00000000d5580000,0x00000000d5580000,0x00000000fce80000)
  from space 25088K, 64% used [0x00000000fe700000,0x00000000ff6d06c8,0x00000000fff80000)
  to   space 25088K, 0% used [0x00000000fce80000,0x00000000fce80000,0x00000000fe700000)
 ParOldGen       total 311296K, used 255563K [0x0000000080000000, 0x0000000093000000, 0x00000000d5580000)
  object space 311296K, 82% used [0x0000000080000000,0x000000008f992cf0,0x0000000093000000)
 Metaspace       used 90403K, capacity 92088K, committed 93184K, reserved 1130496K
  class space    used 11002K, capacity 11318K, committed 11520K, reserved 1048576K
}
{Heap before GC invocations=413 (full 4):
 PSYoungGen      total 673280K, used 661032K [0x00000000d5580000, 0x00000000fff80000, 0x0000000100000000)
  eden space 648192K, 99% used [0x00000000d5580000,0x00000000fcb39a88,0x00000000fce80000)
  from space 25088K, 64% used [0x00000000fe700000,0x00000000ff6d06c8,0x00000000fff80000)
  to   space 25088K, 0% used [0x00000000fce80000,0x00000000fce80000,0x00000000fe700000)
 ParOldGen       total 311296K, used 255563K [0x0000000080000000, 0x0000000093000000, 0x00000000d5580000)
  object space 311296K, 82% used [0x0000000080000000,0x000000008f992cf0,0x0000000093000000)
 Metaspace       used 90406K, capacity 92088K, committed 93184K, reserved 1130496K
  class space    used 11002K, capacity 11318K, committed 11520K, reserved 1048576K
2023-08-21T00:22:45.264+0600: 29272.593: [GC (Allocation Failure) [PSYoungGen: 661032K->11252K(673280K)] 916595K->266926K(984576K), 0.0149315 secs] [Times: user=0.02 sys=0.00, real=0.02 secs] 
Heap after GC invocations=413 (full 4):
 PSYoungGen      total 673280K, used 11252K [0x00000000d5580000, 0x00000000fff00000, 0x0000000100000000)
  eden space 648192K, 0% used [0x00000000d5580000,0x00000000d5580000,0x00000000fce80000)
  from space 25088K, 44% used [0x00000000fce80000,0x00000000fd97d030,0x00000000fe700000)
  to   space 24576K, 0% used [0x00000000fe700000,0x00000000fe700000,0x00000000fff00000)
 ParOldGen       total 311296K, used 255674K [0x0000000080000000, 0x0000000093000000, 0x00000000d5580000)
  object space 311296K, 82% used [0x0000000080000000,0x000000008f9ae980,0x0000000093000000)
 Metaspace       used 90406K, capacity 92088K, committed 93184K, reserved 1130496K
  class space    used 11002K, capacity 11318K, committed 11520K, reserved 1048576K
}
{Heap before GC invocations=414 (full 4):
 PSYoungGen      total 673280K, used 659253K [0x00000000d5580000, 0x00000000fff00000, 0x0000000100000000)
  eden space 648192K, 99% used [0x00000000d5580000,0x00000000fce504b0,0x00000000fce80000)
  from space 25088K, 44% used [0x00000000fce80000,0x00000000fd97d030,0x00000000fe700000)
  to   space 24576K, 0% used [0x00000000fe700000,0x00000000fe700000,0x00000000fff00000)
 ParOldGen       total 311296K, used 255674K [0x0000000080000000, 0x0000000093000000, 0x00000000d5580000)
  object space 311296K, 82% used [0x0000000080000000,0x000000008f9ae980,0x0000000093000000)
 Metaspace       used 90406K, capacity 92088K, committed 93184K, reserved 1130496K
  class space    used 11002K, capacity 11318K, committed 11520K, reserved 1048576K
2023-08-21T00:22:51.117+0600: 29278.446: [GC (Allocation Failure) [PSYoungGen: 659253K->7635K(672768K)] 914927K->263381K(984064K), 0.0149744 secs] [Times: user=0.03 sys=0.00, real=0.02 secs] 
Heap after GC invocations=414 (full 4):
 PSYoungGen      total 672768K, used 7635K [0x00000000d5580000, 0x0000000100000000, 0x0000000100000000)
  eden space 648192K, 0% used [0x00000000d5580000,0x00000000d5580000,0x00000000fce80000)
  from space 24576K, 31% used [0x00000000fe700000,0x00000000fee74ca0,0x00000000fff00000)
  to   space 25088K, 0% used [0x00000000fce80000,0x00000000fce80000,0x00000000fe700000)
 ParOldGen       total 311296K, used 255746K [0x0000000080000000, 0x0000000093000000, 0x00000000d5580000)
  object space 311296K, 82% used [0x0000000080000000,0x000000008f9c08d0,0x0000000093000000)
 Metaspace       used 90406K, capacity 92088K, committed 93184K, reserved 1130496K
  class space    used 11002K, capacity 11318K, committed 11520K, reserved 1048576K
}
{Heap before GC invocations=415 (full 4):
 PSYoungGen      total 672768K, used 655526K [0x00000000d5580000, 0x0000000100000000, 0x0000000100000000)
  eden space 648192K, 99% used [0x00000000d5580000,0x00000000fce34d08,0x00000000fce80000)
  from space 24576K, 31% used [0x00000000fe700000,0x00000000fee74ca0,0x00000000fff00000)
  to   space 25088K, 0% used [0x00000000fce80000,0x00000000fce80000,0x00000000fe700000)
 ParOldGen       total 311296K, used 255746K [0x0000000080000000, 0x0000000093000000, 0x00000000d5580000)
  object space 311296K, 82% used [0x0000000080000000,0x000000008f9c08d0,0x0000000093000000)
 Metaspace       used 90406K, capacity 92088K, committed 93184K, reserved 1130496K
  class space    used 11002K, capacity 11318K, committed 11520K, reserved 1048576K
2023-08-21T00:22:55.977+0600: 29283.306: [GC (Allocation Failure) [PSYoungGen: 655526K->14909K(673280K)] 911272K->270763K(984576K), 0.0118299 secs] [Times: user=0.02 sys=0.00, real=0.02 secs] 
Heap after GC invocations=415 (full 4):
 PSYoungGen      total 673280K, used 14909K [0x00000000d5580000, 0x00000000ffe80000, 0x0000000100000000)
  eden space 648192K, 0% used [0x00000000d5580000,0x00000000d5580000,0x00000000fce80000)
  from space 25088K, 59% used [0x00000000fce80000,0x00000000fdd0f4e8,0x00000000fe700000)
  to   space 24064K, 0% used [0x00000000fe700000,0x00000000fe700000,0x00000000ffe80000)
 ParOldGen       total 311296K, used 255854K [0x0000000080000000, 0x0000000093000000, 0x00000000d5580000)
  object space 311296K, 82% used [0x0000000080000000,0x000000008f9db8e0,0x0000000093000000)
 Metaspace       used 90406K, capacity 92088K, committed 93184K, reserved 1130496K
  class space    used 11002K, capacity 11318K, committed 11520K, reserved 1048576K
}
{Heap before GC invocations=416 (full 4):
 PSYoungGen      total 673280K, used 663101K [0x00000000d5580000, 0x00000000ffe80000, 0x0000000100000000)
  eden space 648192K, 100% used [0x00000000d5580000,0x00000000fce80000,0x00000000fce80000)
  from space 25088K, 59% used [0x00000000fce80000,0x00000000fdd0f4e8,0x00000000fe700000)
  to   space 24064K, 0% used [0x00000000fe700000,0x00000000fe700000,0x00000000ffe80000)
 ParOldGen       total 311296K, used 255854K [0x0000000080000000, 0x0000000093000000, 0x00000000d5580000)
  object space 311296K, 82% used [0x0000000080000000,0x000000008f9db8e0,0x0000000093000000)
 Metaspace       used 90406K, capacity 92088K, committed 93184K, reserved 1130496K
  class space    used 11002K, capacity 11318K, committed 11520K, reserved 1048576K
2023-08-21T00:23:00.170+0600: 29287.499: [GC (Allocation Failure) [PSYoungGen: 663101K->9263K(673280K)] 918955K->265244K(984576K), 0.0097019 secs] [Times: user=0.01 sys=0.00, real=0.01 secs] 
Heap after GC invocations=416 (full 4):
 PSYoungGen      total 673280K, used 9263K [0x00000000d5580000, 0x00000000fff00000, 0x0000000100000000)
  eden space 649216K, 0% used [0x00000000d5580000,0x00000000d5580000,0x00000000fcf80000)
  from space 24064K, 38% used [0x00000000fe700000,0x00000000ff00bd18,0x00000000ffe80000)
  to   space 24064K, 0% used [0x00000000fcf80000,0x00000000fcf80000,0x00000000fe700000)
 ParOldGen       total 311296K, used 255981K [0x0000000080000000, 0x0000000093000000, 0x00000000d5580000)
  object space 311296K, 82% used [0x0000000080000000,0x000000008f9fb4c0,0x0000000093000000)
 Metaspace       used 90406K, capacity 92088K, committed 93184K, reserved 1130496K
  class space    used 11002K, capacity 11318K, committed 11520K, reserved 1048576K
}
{Heap before GC invocations=417 (full 4):
 PSYoungGen      total 673280K, used 655516K [0x00000000d5580000, 0x00000000fff00000, 0x0000000100000000)
  eden space 649216K, 99% used [0x00000000d5580000,0x00000000fcc9b530,0x00000000fcf80000)
  from space 24064K, 38% used [0x00000000fe700000,0x00000000ff00bd18,0x00000000ffe80000)
  to   space 24064K, 0% used [0x00000000fcf80000,0x00000000fcf80000,0x00000000fe700000)
 ParOldGen       total 311296K, used 255981K [0x0000000080000000, 0x0000000093000000, 0x00000000d5580000)
  object space 311296K, 82% used [0x0000000080000000,0x000000008f9fb4c0,0x0000000093000000)
 Metaspace       used 90409K, capacity 92088K, committed 93184K, reserved 1130496K
  class space    used 11002K, capacity 11318K, committed 11520K, reserved 1048576K
2023-08-21T00:23:06.826+0600: 29294.155: [GC (Allocation Failure) [PSYoungGen: 655516K->17243K(673280K)] 911497K->273256K(984576K), 0.0172434 secs] [Times: user=0.03 sys=0.00, real=0.02 secs] 
Heap after GC invocations=417 (full 4):
 PSYoungGen      total 673280K, used 17243K [0x00000000d5580000, 0x0000000100000000, 0x0000000100000000)
  eden space 649216K, 0% used [0x00000000d5580000,0x00000000d5580000,0x00000000fcf80000)
  from space 24064K, 71% used [0x00000000fcf80000,0x00000000fe056c88,0x00000000fe700000)
  to   space 24576K, 0% used [0x00000000fe800000,0x00000000fe800000,0x0000000100000000)
 ParOldGen       total 311296K, used 256013K [0x0000000080000000, 0x0000000093000000, 0x00000000d5580000)
  object space 311296K, 82% used [0x0000000080000000,0x000000008fa034c0,0x0000000093000000)
 Metaspace       used 90409K, capacity 92088K, committed 93184K, reserved 1130496K
  class space    used 11002K, capacity 11318K, committed 11520K, reserved 1048576K
}
{Heap before GC invocations=418 (full 4):
 PSYoungGen      total 673280K, used 666459K [0x00000000d5580000, 0x0000000100000000, 0x0000000100000000)
  eden space 649216K, 100% used [0x00000000d5580000,0x00000000fcf80000,0x00000000fcf80000)
  from space 24064K, 71% used [0x00000000fcf80000,0x00000000fe056c88,0x00000000fe700000)
  to   space 24576K, 0% used [0x00000000fe800000,0x00000000fe800000,0x0000000100000000)
 ParOldGen       total 311296K, used 256013K [0x0000000080000000, 0x0000000093000000, 0x00000000d5580000)
  object space 311296K, 82% used [0x0000000080000000,0x000000008fa034c0,0x0000000093000000)
 Metaspace       used 90409K, capacity 92088K, committed 93184K, reserved 1130496K
  class space    used 11002K, capacity 11318K, committed 11520K, reserved 1048576K
2023-08-21T00:23:11.262+0600: 29298.590: [GC (Allocation Failure) [PSYoungGen: 666459K->9740K(674304K)] 922472K->265801K(985600K), 0.0104175 secs] [Times: user=0.02 sys=0.00, real=0.01 secs] 
Heap after GC invocations=418 (full 4):
 PSYoungGen      total 674304K, used 9740K [0x00000000d5580000, 0x00000000fff80000, 0x0000000100000000)
  eden space 650240K, 0% used [0x00000000d5580000,0x00000000d5580000,0x00000000fd080000)
  from space 24064K, 40% used [0x00000000fe800000,0x00000000ff183248,0x00000000fff80000)
  to   space 24064K, 0% used [0x00000000fd080000,0x00000000fd080000,0x00000000fe800000)
 ParOldGen       total 311296K, used 256061K [0x0000000080000000, 0x0000000093000000, 0x00000000d5580000)
  object space 311296K, 82% used [0x0000000080000000,0x000000008fa0f4c0,0x0000000093000000)
 Metaspace       used 90409K, capacity 92088K, committed 93184K, reserved 1130496K
  class space    used 11002K, capacity 11318K, committed 11520K, reserved 1048576K
}
{Heap before GC invocations=419 (full 4):
 PSYoungGen      total 674304K, used 657676K [0x00000000d5580000, 0x00000000fff80000, 0x0000000100000000)
  eden space 650240K, 99% used [0x00000000d5580000,0x00000000fce40148,0x00000000fd080000)
  from space 24064K, 40% used [0x00000000fe800000,0x00000000ff183248,0x00000000fff80000)
  to   space 24064K, 0% used [0x00000000fd080000,0x00000000fd080000,0x00000000fe800000)
 ParOldGen       total 311296K, used 256061K [0x0000000080000000, 0x0000000093000000, 0x00000000d5580000)
  object space 311296K, 82% used [0x0000000080000000,0x000000008fa0f4c0,0x0000000093000000)
 Metaspace       used 90409K, capacity 92088K, committed 93184K, reserved 1130496K
  class space    used 11002K, capacity 11318K, committed 11520K, reserved 1048576K
2023-08-21T00:23:17.547+0600: 29304.876: [GC (Allocation Failure) [PSYoungGen: 657676K->14860K(674304K)] 913738K->270953K(985600K), 0.0155448 secs] [Times: user=0.03 sys=0.00, real=0.02 secs] 
Heap after GC invocations=419 (full 4):
 PSYoungGen      total 674304K, used 14860K [0x00000000d5580000, 0x00000000fff00000, 0x0000000100000000)
  eden space 650240K, 0% used [0x00000000d5580000,0x00000000d5580000,0x00000000fd080000)
  from space 24064K, 61% used [0x00000000fd080000,0x00000000fdf032c8,0x00000000fe800000)
  to   space 23552K, 0% used [0x00000000fe800000,0x00000000fe800000,0x00000000fff00000)
 ParOldGen       total 311296K, used 256093K [0x0000000080000000, 0x0000000093000000, 0x00000000d5580000)
  object space 311296K, 82% used [0x0000000080000000,0x000000008fa174c0,0x0000000093000000)
 Metaspace       used 90409K, capacity 92088K, committed 93184K, reserved 1130496K
  class space    used 11002K, capacity 11318K, committed 11520K, reserved 1048576K
}
{Heap before GC invocations=420 (full 4):
 PSYoungGen      total 674304K, used 665100K [0x00000000d5580000, 0x00000000fff00000, 0x0000000100000000)
  eden space 650240K, 100% used [0x00000000d5580000,0x00000000fd080000,0x00000000fd080000)
  from space 24064K, 61% used [0x00000000fd080000,0x00000000fdf032c8,0x00000000fe800000)
  to   space 23552K, 0% used [0x00000000fe800000,0x00000000fe800000,0x00000000fff00000)
 ParOldGen       total 311296K, used 256093K [0x0000000080000000, 0x0000000093000000, 0x00000000d5580000)
  object space 311296K, 82% used [0x0000000080000000,0x000000008fa174c0,0x0000000093000000)
 Metaspace       used 90412K, capacity 92088K, committed 93184K, reserved 1130496K
  class space    used 11002K, capacity 11318K, committed 11520K, reserved 1048576K
2023-08-21T00:23:22.093+0600: 29309.422: [GC (Allocation Failure) [PSYoungGen: 665100K->9962K(674304K)] 921193K->266112K(985600K), 0.0110949 secs] [Times: user=0.02 sys=0.00, real=0.01 secs] 
Heap after GC invocations=420 (full 4):
 PSYoungGen      total 674304K, used 9962K [0x00000000d5580000, 0x00000000ffe80000, 0x0000000100000000)
  eden space 651264K, 0% used [0x00000000d5580000,0x00000000d5580000,0x00000000fd180000)
  from space 23040K, 43% used [0x00000000fe800000,0x00000000ff1babb8,0x00000000ffe80000)
  to   space 23040K, 0% used [0x00000000fd180000,0x00000000fd180000,0x00000000fe800000)
 ParOldGen       total 311296K, used 256149K [0x0000000080000000, 0x0000000093000000, 0x00000000d5580000)
  object space 311296K, 82% used [0x0000000080000000,0x000000008fa254c0,0x0000000093000000)
 Metaspace       used 90412K, capacity 92088K, committed 93184K, reserved 1130496K
  class space    used 11002K, capacity 11318K, committed 11520K, reserved 1048576K
}
{Heap before GC invocations=421 (full 4):
 PSYoungGen      total 674304K, used 659318K [0x00000000d5580000, 0x00000000ffe80000, 0x0000000100000000)
  eden space 651264K, 99% used [0x00000000d5580000,0x00000000fcfa2d08,0x00000000fd180000)
  from space 23040K, 43% used [0x00000000fe800000,0x00000000ff1babb8,0x00000000ffe80000)
  to   space 23040K, 0% used [0x00000000fd180000,0x00000000fd180000,0x00000000fe800000)
 ParOldGen       total 311296K, used 256149K [0x0000000080000000, 0x0000000093000000, 0x00000000d5580000)
  object space 311296K, 82% used [0x0000000080000000,0x000000008fa254c0,0x0000000093000000)
 Metaspace       used 90412K, capacity 92088K, committed 93184K, reserved 1130496K
  class space    used 11002K, capacity 11318K, committed 11520K, reserved 1048576K
2023-08-21T00:23:28.211+0600: 29315.540: [GC (Allocation Failure) [PSYoungGen: 659318K->11477K(674304K)] 915467K->267674K(985600K), 0.0190072 secs] [Times: user=0.03 sys=0.00, real=0.02 secs] 
Heap after GC invocations=421 (full 4):
 PSYoungGen      total 674304K, used 11477K [0x00000000d5580000, 0x00000000fff00000, 0x0000000100000000)
  eden space 651264K, 0% used [0x00000000d5580000,0x00000000d5580000,0x00000000fd180000)
  from space 23040K, 49% used [0x00000000fd180000,0x00000000fdcb54d0,0x00000000fe800000)
  to   space 22528K, 0% used [0x00000000fe900000,0x00000000fe900000,0x00000000fff00000)
 ParOldGen       total 311296K, used 256197K [0x0000000080000000, 0x0000000093000000, 0x00000000d5580000)
  object space 311296K, 82% used [0x0000000080000000,0x000000008fa314c0,0x0000000093000000)
 Metaspace       used 90412K, capacity 92088K, committed 93184K, reserved 1130496K
  class space    used 11002K, capacity 11318K, committed 11520K, reserved 1048576K
}
{Heap before GC invocations=422 (full 4):
 PSYoungGen      total 674304K, used 661902K [0x00000000d5580000, 0x00000000fff00000, 0x0000000100000000)
  eden space 651264K, 99% used [0x00000000d5580000,0x00000000fd0ae4e0,0x00000000fd180000)
  from space 23040K, 49% used [0x00000000fd180000,0x00000000fdcb54d0,0x00000000fe800000)
  to   space 22528K, 0% used [0x00000000fe900000,0x00000000fe900000,0x00000000fff00000)
 ParOldGen       total 311296K, used 256197K [0x0000000080000000, 0x0000000093000000, 0x00000000d5580000)
  object space 311296K, 82% used [0x0000000080000000,0x000000008fa314c0,0x0000000093000000)
 Metaspace       used 90412K, capacity 92088K, committed 93184K, reserved 1130496K
  class space    used 11002K, capacity 11318K, committed 11520K, reserved 1048576K
2023-08-21T00:23:32.943+0600: 29320.271: [GC (Allocation Failure) [PSYoungGen: 661902K->7660K(675328K)] 918099K->263913K(986624K), 0.0128656 secs] [Times: user=0.02 sys=0.00, real=0.01 secs] 
Heap after GC invocations=422 (full 4):
 PSYoungGen      total 675328K, used 7660K [0x00000000d5580000, 0x00000000fff80000, 0x0000000100000000)
  eden space 652800K, 0% used [0x00000000d5580000,0x00000000d5580000,0x00000000fd300000)
  from space 22528K, 34% used [0x00000000fe900000,0x00000000ff07b018,0x00000000fff00000)
  to   space 22528K, 0% used [0x00000000fd300000,0x00000000fd300000,0x00000000fe900000)
 ParOldGen       total 311296K, used 256253K [0x0000000080000000, 0x0000000093000000, 0x00000000d5580000)
  object space 311296K, 82% used [0x0000000080000000,0x000000008fa3f4c0,0x0000000093000000)
 Metaspace       used 90412K, capacity 92088K, committed 93184K, reserved 1130496K
  class space    used 11002K, capacity 11318K, committed 11520K, reserved 1048576K
}
{Heap before GC invocations=423 (full 4):
 PSYoungGen      total 675328K, used 660272K [0x00000000d5580000, 0x00000000fff80000, 0x0000000100000000)
  eden space 652800K, 99% used [0x00000000d5580000,0x00000000fd2d1218,0x00000000fd300000)
  from space 22528K, 34% used [0x00000000fe900000,0x00000000ff07b018,0x00000000fff00000)
  to   space 22528K, 0% used [0x00000000fd300000,0x00000000fd300000,0x00000000fe900000)
 ParOldGen       total 311296K, used 256253K [0x0000000080000000, 0x0000000093000000, 0x00000000d5580000)
  object space 311296K, 82% used [0x0000000080000000,0x000000008fa3f4c0,0x0000000093000000)
 Metaspace       used 90412K, capacity 92088K, committed 93184K, reserved 1130496K
  class space    used 11002K, capacity 11318K, committed 11520K, reserved 1048576K
2023-08-21T00:23:39.073+0600: 29326.401: [GC (Allocation Failure) [PSYoungGen: 660272K->11605K(675328K)] 916525K->267898K(986624K), 0.0155054 secs] [Times: user=0.03 sys=0.00, real=0.01 secs] 
Heap after GC invocations=423 (full 4):
 PSYoungGen      total 675328K, used 11605K [0x00000000d5580000, 0x00000000fff00000, 0x0000000100000000)
  eden space 652800K, 0% used [0x00000000d5580000,0x00000000d5580000,0x00000000fd300000)
  from space 22528K, 51% used [0x00000000fd300000,0x00000000fde554b0,0x00000000fe900000)
  to   space 22016K, 0% used [0x00000000fe980000,0x00000000fe980000,0x00000000fff00000)
 ParOldGen       total 311296K, used 256293K [0x0000000080000000, 0x0000000093000000, 0x00000000d5580000)
  object space 311296K, 82% used [0x0000000080000000,0x000000008fa494c0,0x0000000093000000)
 Metaspace       used 90412K, capacity 92088K, committed 93184K, reserved 1130496K
  class space    used 11002K, capacity 11318K, committed 11520K, reserved 1048576K
}
{Heap before GC invocations=424 (full 4):
 PSYoungGen      total 675328K, used 662157K [0x00000000d5580000, 0x00000000fff00000, 0x0000000100000000)
  eden space 652800K, 99% used [0x00000000d5580000,0x00000000fd0ce070,0x00000000fd300000)
  from space 22528K, 51% used [0x00000000fd300000,0x00000000fde554b0,0x00000000fe900000)
  to   space 22016K, 0% used [0x00000000fe980000,0x00000000fe980000,0x00000000fff00000)
 ParOldGen       total 311296K, used 256293K [0x0000000080000000, 0x0000000093000000, 0x00000000d5580000)
  object space 311296K, 82% used [0x0000000080000000,0x000000008fa494c0,0x0000000093000000)
 Metaspace       used 90412K, capacity 92088K, committed 93184K, reserved 1130496K
  class space    used 11002K, capacity 11318K, committed 11520K, reserved 1048576K
2023-08-21T00:23:43.923+0600: 29331.251: [GC (Allocation Failure) [PSYoungGen: 662157K->11751K(674816K)] 918450K->268084K(986112K), 0.0151978 secs] [Times: user=0.03 sys=0.00, real=0.01 secs] 
Heap after GC invocations=424 (full 4):
 PSYoungGen      total 674816K, used 11751K [0x00000000d5580000, 0x00000000ffd80000, 0x0000000100000000)
  eden space 654336K, 0% used [0x00000000d5580000,0x00000000d5580000,0x00000000fd480000)
  from space 20480K, 57% used [0x00000000fe980000,0x00000000ff4f9dc0,0x00000000ffd80000)
  to   space 20992K, 0% used [0x00000000fd480000,0x00000000fd480000,0x00000000fe900000)
 ParOldGen       total 311296K, used 256333K [0x0000000080000000, 0x0000000093000000, 0x00000000d5580000)
  object space 311296K, 82% used [0x0000000080000000,0x000000008fa534c0,0x0000000093000000)
 Metaspace       used 90412K, capacity 92088K, committed 93184K, reserved 1130496K
  class space    used 11002K, capacity 11318K, committed 11520K, reserved 1048576K
}
{Heap before GC invocations=425 (full 4):
 PSYoungGen      total 674816K, used 666087K [0x00000000d5580000, 0x00000000ffd80000, 0x0000000100000000)
  eden space 654336K, 100% used [0x00000000d5580000,0x00000000fd480000,0x00000000fd480000)
  from space 20480K, 57% used [0x00000000fe980000,0x00000000ff4f9dc0,0x00000000ffd80000)
  to   space 20992K, 0% used [0x00000000fd480000,0x00000000fd480000,0x00000000fe900000)
 ParOldGen       total 311296K, used 256333K [0x0000000080000000, 0x0000000093000000, 0x00000000d5580000)
  object space 311296K, 82% used [0x0000000080000000,0x000000008fa534c0,0x0000000093000000)
 Metaspace       used 90480K, capacity 92188K, committed 93440K, reserved 1130496K
  class space    used 11006K, capacity 11324K, committed 11520K, reserved 1048576K
2023-08-21T02:41:20.903+0600: 37588.232: [GC (Allocation Failure) [PSYoungGen: 666087K->5559K(675328K)] 922420K->261956K(986624K), 0.0203361 secs] [Times: user=0.03 sys=0.00, real=0.02 secs] 
Heap after GC invocations=425 (full 4):
 PSYoungGen      total 675328K, used 5559K [0x00000000d5580000, 0x0000000100000000, 0x0000000100000000)
  eden space 654336K, 0% used [0x00000000d5580000,0x00000000d5580000,0x00000000fd480000)
  from space 20992K, 26% used [0x00000000fd480000,0x00000000fd9edf10,0x00000000fe900000)
  to   space 21504K, 0% used [0x00000000feb00000,0x00000000feb00000,0x0000000100000000)
 ParOldGen       total 311296K, used 256396K [0x0000000080000000, 0x0000000093000000, 0x00000000d5580000)
  object space 311296K, 82% used [0x0000000080000000,0x000000008fa63360,0x0000000093000000)
 Metaspace       used 90480K, capacity 92188K, committed 93440K, reserved 1130496K
  class space    used 11006K, capacity 11324K, committed 11520K, reserved 1048576K
}
{Heap before GC invocations=426 (full 4):
 PSYoungGen      total 675328K, used 659895K [0x00000000d5580000, 0x0000000100000000, 0x0000000100000000)
  eden space 654336K, 100% used [0x00000000d5580000,0x00000000fd480000,0x00000000fd480000)
  from space 20992K, 26% used [0x00000000fd480000,0x00000000fd9edf10,0x00000000fe900000)
  to   space 21504K, 0% used [0x00000000feb00000,0x00000000feb00000,0x0000000100000000)
 ParOldGen       total 311296K, used 256396K [0x0000000080000000, 0x0000000093000000, 0x00000000d5580000)
  object space 311296K, 82% used [0x0000000080000000,0x000000008fa63360,0x0000000093000000)
 Metaspace       used 90559K, capacity 92346K, committed 93440K, reserved 1130496K
  class space    used 11009K, capacity 11329K, committed 11520K, reserved 1048576K
2023-08-21T09:50:17.533+0600: 63324.862: [GC (Allocation Failure) [PSYoungGen: 659895K->8202K(677376K)] 916292K->264663K(988672K), 0.0176122 secs] [Times: user=0.03 sys=0.00, real=0.02 secs] 
Heap after GC invocations=426 (full 4):
 PSYoungGen      total 677376K, used 8202K [0x00000000d5580000, 0x00000000fff80000, 0x0000000100000000)
  eden space 656384K, 0% used [0x00000000d5580000,0x00000000d5580000,0x00000000fd680000)
  from space 20992K, 39% used [0x00000000feb00000,0x00000000ff302ae0,0x00000000fff80000)
  to   space 20992K, 0% used [0x00000000fd680000,0x00000000fd680000,0x00000000feb00000)
 ParOldGen       total 311296K, used 256460K [0x0000000080000000, 0x0000000093000000, 0x00000000d5580000)
  object space 311296K, 82% used [0x0000000080000000,0x000000008fa73370,0x0000000093000000)
 Metaspace       used 90559K, capacity 92346K, committed 93440K, reserved 1130496K
  class space    used 11009K, capacity 11329K, committed 11520K, reserved 1048576K
}
{Heap before GC invocations=427 (full 4):
 PSYoungGen      total 677376K, used 664586K [0x00000000d5580000, 0x00000000fff80000, 0x0000000100000000)
  eden space 656384K, 100% used [0x00000000d5580000,0x00000000fd680000,0x00000000fd680000)
  from space 20992K, 39% used [0x00000000feb00000,0x00000000ff302ae0,0x00000000fff80000)
  to   space 20992K, 0% used [0x00000000fd680000,0x00000000fd680000,0x00000000feb00000)
 ParOldGen       total 311296K, used 256460K [0x0000000080000000, 0x0000000093000000, 0x00000000d5580000)
  object space 311296K, 82% used [0x0000000080000000,0x000000008fa73370,0x0000000093000000)
 Metaspace       used 91281K, capacity 93192K, committed 94080K, reserved 1132544K
  class space    used 11066K, capacity 11402K, committed 11648K, reserved 1048576K
2023-08-21T14:29:31.553+0600: 80078.882: [GC (Allocation Failure) [PSYoungGen: 664586K->18984K(675840K)] 921047K->275508K(987136K), 0.0426643 secs] [Times: user=0.05 sys=0.00, real=0.04 secs] 
Heap after GC invocations=427 (full 4):
 PSYoungGen      total 675840K, used 18984K [0x00000000d5580000, 0x0000000100000000, 0x0000000100000000)
  eden space 656384K, 0% used [0x00000000d5580000,0x00000000d5580000,0x00000000fd680000)
  from space 19456K, 97% used [0x00000000fd680000,0x00000000fe90a0f8,0x00000000fe980000)
  to   space 23040K, 0% used [0x00000000fe980000,0x00000000fe980000,0x0000000100000000)
 ParOldGen       total 311296K, used 256524K [0x0000000080000000, 0x0000000093000000, 0x00000000d5580000)
  object space 311296K, 82% used [0x0000000080000000,0x000000008fa83210,0x0000000093000000)
 Metaspace       used 91281K, capacity 93192K, committed 94080K, reserved 1132544K
  class space    used 11066K, capacity 11402K, committed 11648K, reserved 1048576K
}
{Heap before GC invocations=428 (full 4):
 PSYoungGen      total 675840K, used 675368K [0x00000000d5580000, 0x0000000100000000, 0x0000000100000000)
  eden space 656384K, 100% used [0x00000000d5580000,0x00000000fd680000,0x00000000fd680000)
  from space 19456K, 97% used [0x00000000fd680000,0x00000000fe90a0f8,0x00000000fe980000)
  to   space 23040K, 0% used [0x00000000fe980000,0x00000000fe980000,0x0000000100000000)
 ParOldGen       total 311296K, used 256524K [0x0000000080000000, 0x0000000093000000, 0x00000000d5580000)
  object space 311296K, 82% used [0x0000000080000000,0x000000008fa83210,0x0000000093000000)
 Metaspace       used 91456K, capacity 93342K, committed 94336K, reserved 1132544K
  class space    used 11068K, capacity 11405K, committed 11648K, reserved 1048576K
2023-08-21T21:09:30.531+0600: 104077.860: [GC (Allocation Failure) [PSYoungGen: 675368K->13654K(676352K)] 931892K->270218K(987648K), 0.0285766 secs] [Times: user=0.04 sys=0.00, real=0.03 secs] 
Heap after GC invocations=428 (full 4):
 PSYoungGen      total 676352K, used 13654K [0x00000000d5580000, 0x0000000100000000, 0x0000000100000000)
  eden space 653312K, 0% used [0x00000000d5580000,0x00000000d5580000,0x00000000fd380000)
  from space 23040K, 59% used [0x00000000fe980000,0x00000000ff6d5a20,0x0000000100000000)
  to   space 22528K, 0% used [0x00000000fd380000,0x00000000fd380000,0x00000000fe980000)
 ParOldGen       total 311296K, used 256564K [0x0000000080000000, 0x0000000093000000, 0x00000000d5580000)
  object space 311296K, 82% used [0x0000000080000000,0x000000008fa8d160,0x0000000093000000)
 Metaspace       used 91456K, capacity 93342K, committed 94336K, reserved 1132544K
  class space    used 11068K, capacity 11405K, committed 11648K, reserved 1048576K
}
{Heap before GC invocations=429 (full 4):
 PSYoungGen      total 676352K, used 666966K [0x00000000d5580000, 0x0000000100000000, 0x0000000100000000)
  eden space 653312K, 100% used [0x00000000d5580000,0x00000000fd380000,0x00000000fd380000)
  from space 23040K, 59% used [0x00000000fe980000,0x00000000ff6d5a20,0x0000000100000000)
  to   space 22528K, 0% used [0x00000000fd380000,0x00000000fd380000,0x00000000fe980000)
 ParOldGen       total 311296K, used 256564K [0x0000000080000000, 0x0000000093000000, 0x00000000d5580000)
  object space 311296K, 82% used [0x0000000080000000,0x000000008fa8d160,0x0000000093000000)
 Metaspace       used 91485K, capacity 93342K, committed 94336K, reserved 1132544K
  class space    used 11068K, capacity 11405K, committed 11648K, reserved 1048576K
2023-08-22T05:44:56.907+0600: 135004.235: [GC (Allocation Failure) [PSYoungGen: 666966K->7200K(675840K)] 923530K->263812K(987136K), 0.0281307 secs] [Times: user=0.04 sys=0.00, real=0.03 secs] 
Heap after GC invocations=429 (full 4):
 PSYoungGen      total 675840K, used 7200K [0x00000000d5580000, 0x00000000fff80000, 0x0000000100000000)
  eden space 653312K, 0% used [0x00000000d5580000,0x00000000d5580000,0x00000000fd380000)
  from space 22528K, 31% used [0x00000000fd380000,0x00000000fda88030,0x00000000fe980000)
  to   space 22528K, 0% used [0x00000000fe980000,0x00000000fe980000,0x00000000fff80000)
 ParOldGen       total 311296K, used 256612K [0x0000000080000000, 0x0000000093000000, 0x00000000d5580000)
  object space 311296K, 82% used [0x0000000080000000,0x000000008fa99160,0x0000000093000000)
 Metaspace       used 91485K, capacity 93342K, committed 94336K, reserved 1132544K
  class space    used 11068K, capacity 11405K, committed 11648K, reserved 1048576K
}
{Heap before GC invocations=430 (full 4):
 PSYoungGen      total 675840K, used 660512K [0x00000000d5580000, 0x00000000fff80000, 0x0000000100000000)
  eden space 653312K, 100% used [0x00000000d5580000,0x00000000fd380000,0x00000000fd380000)
  from space 22528K, 31% used [0x00000000fd380000,0x00000000fda88030,0x00000000fe980000)
  to   space 22528K, 0% used [0x00000000fe980000,0x00000000fe980000,0x00000000fff80000)
 ParOldGen       total 311296K, used 256612K [0x0000000080000000, 0x0000000093000000, 0x00000000d5580000)
  object space 311296K, 82% used [0x0000000080000000,0x000000008fa99160,0x0000000093000000)
 Metaspace       used 91731K, capacity 93678K, committed 94592K, reserved 1132544K
  class space    used 11081K, capacity 11429K, committed 11648K, reserved 1048576K
2023-08-22T12:37:19.799+0600: 159747.128: [GC (Allocation Failure) [PSYoungGen: 660512K->15103K(675840K)] 917124K->271747K(987136K), 0.0299477 secs] [Times: user=0.05 sys=0.00, real=0.03 secs] 
Heap after GC invocations=430 (full 4):
 PSYoungGen      total 675840K, used 15103K [0x00000000d5580000, 0x0000000100000000, 0x0000000100000000)
  eden space 653312K, 0% used [0x00000000d5580000,0x00000000d5580000,0x00000000fd380000)
  from space 22528K, 67% used [0x00000000fe980000,0x00000000ff83fdc0,0x00000000fff80000)
  to   space 22528K, 0% used [0x00000000fd380000,0x00000000fd380000,0x00000000fe980000)
 ParOldGen       total 311296K, used 256644K [0x0000000080000000, 0x0000000093000000, 0x00000000d5580000)
  object space 311296K, 82% used [0x0000000080000000,0x000000008faa1160,0x0000000093000000)
 Metaspace       used 91731K, capacity 93678K, committed 94592K, reserved 1132544K
  class space    used 11081K, capacity 11429K, committed 11648K, reserved 1048576K
}
{Heap before GC invocations=431 (full 4):
 PSYoungGen      total 675840K, used 668415K [0x00000000d5580000, 0x0000000100000000, 0x0000000100000000)
  eden space 653312K, 100% used [0x00000000d5580000,0x00000000fd380000,0x00000000fd380000)
  from space 22528K, 67% used [0x00000000fe980000,0x00000000ff83fdc0,0x00000000fff80000)
  to   space 22528K, 0% used [0x00000000fd380000,0x00000000fd380000,0x00000000fe980000)
 ParOldGen       total 311296K, used 256644K [0x0000000080000000, 0x0000000093000000, 0x00000000d5580000)
  object space 311296K, 82% used [0x0000000080000000,0x000000008faa1160,0x0000000093000000)
 Metaspace       used 91935K, capacity 93884K, committed 94592K, reserved 1132544K
  class space    used 11094K, capacity 11442K, committed 11648K, reserved 1048576K
2023-08-22T18:49:48.705+0600: 182096.033: [GC (Allocation Failure) [PSYoungGen: 668415K->19028K(672768K)] 925059K->275720K(984064K), 0.0335844 secs] [Times: user=0.05 sys=0.00, real=0.03 secs] 
Heap after GC invocations=431 (full 4):
 PSYoungGen      total 672768K, used 19028K [0x00000000d5580000, 0x0000000100000000, 0x0000000100000000)
  eden space 653312K, 0% used [0x00000000d5580000,0x00000000d5580000,0x00000000fd380000)
  from space 19456K, 97% used [0x00000000fd380000,0x00000000fe6150a0,0x00000000fe680000)
  to   space 24064K, 0% used [0x00000000fe880000,0x00000000fe880000,0x0000000100000000)
 ParOldGen       total 311296K, used 256692K [0x0000000080000000, 0x0000000093000000, 0x00000000d5580000)
  object space 311296K, 82% used [0x0000000080000000,0x000000008faad160,0x0000000093000000)
 Metaspace       used 91935K, capacity 93884K, committed 94592K, reserved 1132544K
  class space    used 11094K, capacity 11442K, committed 11648K, reserved 1048576K
}
{Heap before GC invocations=432 (full 4):
 PSYoungGen      total 672768K, used 672340K [0x00000000d5580000, 0x0000000100000000, 0x0000000100000000)
  eden space 653312K, 100% used [0x00000000d5580000,0x00000000fd380000,0x00000000fd380000)
  from space 19456K, 97% used [0x00000000fd380000,0x00000000fe6150a0,0x00000000fe680000)
  to   space 24064K, 0% used [0x00000000fe880000,0x00000000fe880000,0x0000000100000000)
 ParOldGen       total 311296K, used 256692K [0x0000000080000000, 0x0000000093000000, 0x00000000d5580000)
  object space 311296K, 82% used [0x0000000080000000,0x000000008faad160,0x0000000093000000)
 Metaspace       used 91995K, capacity 93984K, committed 94592K, reserved 1132544K
  class space    used 11097K, capacity 11448K, committed 11648K, reserved 1048576K
2023-08-23T03:01:24.031+0600: 211591.360: [GC (Allocation Failure) [PSYoungGen: 672340K->9478K(638976K)] 929032K->266210K(950272K), 0.0345935 secs] [Times: user=0.06 sys=0.00, real=0.03 secs] 
Heap after GC invocations=432 (full 4):
 PSYoungGen      total 638976K, used 9478K [0x00000000d5580000, 0x00000000ff200000, 0x0000000100000000)
  eden space 629248K, 0% used [0x00000000d5580000,0x00000000d5580000,0x00000000fbc00000)
  from space 9728K, 97% used [0x00000000fe880000,0x00000000ff1c1ad0,0x00000000ff200000)
  to   space 23552K, 0% used [0x00000000fc400000,0x00000000fc400000,0x00000000fdb00000)
 ParOldGen       total 311296K, used 256732K [0x0000000080000000, 0x0000000093000000, 0x00000000d5580000)
  object space 311296K, 82% used [0x0000000080000000,0x000000008fab70b0,0x0000000093000000)
 Metaspace       used 91995K, capacity 93984K, committed 94592K, reserved 1132544K
  class space    used 11097K, capacity 11448K, committed 11648K, reserved 1048576K
}
{Heap before GC invocations=433 (full 4):
 PSYoungGen      total 638976K, used 638726K [0x00000000d5580000, 0x00000000ff200000, 0x0000000100000000)
  eden space 629248K, 100% used [0x00000000d5580000,0x00000000fbc00000,0x00000000fbc00000)
  from space 9728K, 97% used [0x00000000fe880000,0x00000000ff1c1ad0,0x00000000ff200000)
  to   space 23552K, 0% used [0x00000000fc400000,0x00000000fc400000,0x00000000fdb00000)
 ParOldGen       total 311296K, used 256732K [0x0000000080000000, 0x0000000093000000, 0x00000000d5580000)
  object space 311296K, 82% used [0x0000000080000000,0x000000008fab70b0,0x0000000093000000)
 Metaspace       used 92044K, capacity 94054K, committed 94848K, reserved 1132544K
  class space    used 11098K, capacity 11449K, committed 11648K, reserved 1048576K
2023-08-23T10:27:51.291+0600: 238378.620: [GC (Allocation Failure) [PSYoungGen: 638726K->11529K(617984K)] 895458K->268293K(929280K), 0.0251012 secs] [Times: user=0.05 sys=0.00, real=0.02 secs] 
Heap after GC invocations=433 (full 4):
 PSYoungGen      total 617984K, used 11529K [0x00000000d5580000, 0x00000000fe900000, 0x0000000100000000)
  eden space 606208K, 0% used [0x00000000d5580000,0x00000000d5580000,0x00000000fa580000)
  from space 11776K, 97% used [0x00000000fc400000,0x00000000fcf42440,0x00000000fcf80000)
  to   space 22528K, 0% used [0x00000000fd300000,0x00000000fd300000,0x00000000fe900000)
 ParOldGen       total 311296K, used 256764K [0x0000000080000000, 0x0000000093000000, 0x00000000d5580000)
  object space 311296K, 82% used [0x0000000080000000,0x000000008fabf0b0,0x0000000093000000)
 Metaspace       used 92044K, capacity 94054K, committed 94848K, reserved 1132544K
  class space    used 11098K, capacity 11449K, committed 11648K, reserved 1048576K
}
{Heap before GC invocations=434 (full 4):
 PSYoungGen      total 617984K, used 617737K [0x00000000d5580000, 0x00000000fe900000, 0x0000000100000000)
  eden space 606208K, 100% used [0x00000000d5580000,0x00000000fa580000,0x00000000fa580000)
  from space 11776K, 97% used [0x00000000fc400000,0x00000000fcf42440,0x00000000fcf80000)
  to   space 22528K, 0% used [0x00000000fd300000,0x00000000fd300000,0x00000000fe900000)
 ParOldGen       total 311296K, used 256764K [0x0000000080000000, 0x0000000093000000, 0x00000000d5580000)
  object space 311296K, 82% used [0x0000000080000000,0x000000008fabf0b0,0x0000000093000000)
 Metaspace       used 92551K, capacity 94666K, committed 95104K, reserved 1132544K
  class space    used 11135K, capacity 11503K, committed 11648K, reserved 1048576K
2023-08-23T15:55:31.498+0600: 258038.827: [GC (Allocation Failure) [PSYoungGen: 617737K->20503K(605184K)] 874501K->277307K(916480K), 0.0314902 secs] [Times: user=0.05 sys=0.00, real=0.04 secs] 
Heap after GC invocations=434 (full 4):
 PSYoungGen      total 605184K, used 20503K [0x00000000d5580000, 0x00000000fe780000, 0x0000000100000000)
  eden space 584192K, 0% used [0x00000000d5580000,0x00000000d5580000,0x00000000f9000000)
  from space 20992K, 97% used [0x00000000fd300000,0x00000000fe705c10,0x00000000fe780000)
  to   space 24576K, 0% used [0x00000000fb780000,0x00000000fb780000,0x00000000fcf80000)
 ParOldGen       total 311296K, used 256804K [0x0000000080000000, 0x0000000093000000, 0x00000000d5580000)
  object space 311296K, 82% used [0x0000000080000000,0x000000008fac90b0,0x0000000093000000)
 Metaspace       used 92551K, capacity 94666K, committed 95104K, reserved 1132544K
  class space    used 11135K, capacity 11503K, committed 11648K, reserved 1048576K
}
{Heap before GC invocations=435 (full 4):
 PSYoungGen      total 605184K, used 604695K [0x00000000d5580000, 0x00000000fe780000, 0x0000000100000000)
  eden space 584192K, 100% used [0x00000000d5580000,0x00000000f9000000,0x00000000f9000000)
  from space 20992K, 97% used [0x00000000fd300000,0x00000000fe705c10,0x00000000fe780000)
  to   space 24576K, 0% used [0x00000000fb780000,0x00000000fb780000,0x00000000fcf80000)
 ParOldGen       total 311296K, used 256804K [0x0000000080000000, 0x0000000093000000, 0x00000000d5580000)
  object space 311296K, 82% used [0x0000000080000000,0x000000008fac90b0,0x0000000093000000)
 Metaspace       used 92662K, capacity 94804K, committed 95104K, reserved 1132544K
  class space    used 11147K, capacity 11526K, committed 11648K, reserved 1048576K
2023-08-23T21:42:04.360+0600: 278831.688: [GC (Allocation Failure) [PSYoungGen: 604695K->19449K(582656K)] 861499K->276285K(893952K), 0.0374610 secs] [Times: user=0.06 sys=0.00, real=0.03 secs] 
Heap after GC invocations=435 (full 4):
 PSYoungGen      total 582656K, used 19449K [0x00000000d5580000, 0x00000000fd380000, 0x0000000100000000)
  eden space 563200K, 0% used [0x00000000d5580000,0x00000000d5580000,0x00000000f7b80000)
  from space 19456K, 99% used [0x00000000fb780000,0x00000000fca7e590,0x00000000fca80000)
  to   space 9216K, 0% used [0x00000000fca80000,0x00000000fca80000,0x00000000fd380000)
 ParOldGen       total 311296K, used 256836K [0x0000000080000000, 0x0000000093000000, 0x00000000d5580000)
  object space 311296K, 82% used [0x0000000080000000,0x000000008fad10b0,0x0000000093000000)
 Metaspace       used 92662K, capacity 94804K, committed 95104K, reserved 1132544K
  class space    used 11147K, capacity 11526K, committed 11648K, reserved 1048576K
}
{Heap before GC invocations=436 (full 4):
 PSYoungGen      total 582656K, used 582649K [0x00000000d5580000, 0x00000000fd380000, 0x0000000100000000)
  eden space 563200K, 100% used [0x00000000d5580000,0x00000000f7b80000,0x00000000f7b80000)
  from space 19456K, 99% used [0x00000000fb780000,0x00000000fca7e590,0x00000000fca80000)
  to   space 9216K, 0% used [0x00000000fca80000,0x00000000fca80000,0x00000000fd380000)
 ParOldGen       total 311296K, used 256836K [0x0000000080000000, 0x0000000093000000, 0x00000000d5580000)
  object space 311296K, 82% used [0x0000000080000000,0x000000008fad10b0,0x0000000093000000)
 Metaspace       used 92774K, capacity 94982K, committed 95360K, reserved 1132544K
  class space    used 11163K, capacity 11545K, committed 11648K, reserved 1048576K
2023-08-24T05:04:40.876+0600: 305388.205: [GC (Allocation Failure) [PSYoungGen: 582649K->8724K(552448K)] 839485K->265616K(863744K), 0.0271007 secs] [Times: user=0.04 sys=0.00, real=0.03 secs] 
Heap after GC invocations=436 (full 4):
 PSYoungGen      total 552448K, used 8724K [0x00000000d5580000, 0x00000000fd380000, 0x0000000100000000)
  eden space 543232K, 0% used [0x00000000d5580000,0x00000000d5580000,0x00000000f6800000)
  from space 9216K, 94% used [0x00000000fca80000,0x00000000fd3051f0,0x00000000fd380000)
  to   space 25600K, 0% used [0x00000000fa180000,0x00000000fa180000,0x00000000fba80000)
 ParOldGen       total 311296K, used 256892K [0x0000000080000000, 0x0000000093000000, 0x00000000d5580000)
  object space 311296K, 82% used [0x0000000080000000,0x000000008fadf000,0x0000000093000000)
 Metaspace       used 92774K, capacity 94982K, committed 95360K, reserved 1132544K
  class space    used 11163K, capacity 11545K, committed 11648K, reserved 1048576K
}
{Heap before GC invocations=437 (full 4):
 PSYoungGen      total 552448K, used 551956K [0x00000000d5580000, 0x00000000fd380000, 0x0000000100000000)
  eden space 543232K, 100% used [0x00000000d5580000,0x00000000f6800000,0x00000000f6800000)
  from space 9216K, 94% used [0x00000000fca80000,0x00000000fd3051f0,0x00000000fd380000)
  to   space 25600K, 0% used [0x00000000fa180000,0x00000000fa180000,0x00000000fba80000)
 ParOldGen       total 311296K, used 256892K [0x0000000080000000, 0x0000000093000000, 0x00000000d5580000)
  object space 311296K, 82% used [0x0000000080000000,0x000000008fadf000,0x0000000093000000)
 Metaspace       used 92778K, capacity 94982K, committed 95360K, reserved 1132544K
  class space    used 11163K, capacity 11545K, committed 11648K, reserved 1048576K
2023-08-24T11:54:29.712+0600: 329977.041: [GC (Allocation Failure) [PSYoungGen: 551956K->8837K(533504K)] 808848K->265761K(844800K), 0.0322477 secs] [Times: user=0.05 sys=0.00, real=0.03 secs] 
Heap after GC invocations=437 (full 4):
 PSYoungGen      total 533504K, used 8837K [0x00000000d5580000, 0x00000000fcb00000, 0x0000000100000000)
  eden space 524288K, 0% used [0x00000000d5580000,0x00000000d5580000,0x00000000f5580000)
  from space 9216K, 95% used [0x00000000fa180000,0x00000000faa21460,0x00000000faa80000)
  to   space 25088K, 0% used [0x00000000fb280000,0x00000000fb280000,0x00000000fcb00000)
 ParOldGen       total 311296K, used 256924K [0x0000000080000000, 0x0000000093000000, 0x00000000d5580000)
  object space 311296K, 82% used [0x0000000080000000,0x000000008fae7000,0x0000000093000000)
 Metaspace       used 92778K, capacity 94982K, committed 95360K, reserved 1132544K
  class space    used 11163K, capacity 11545K, committed 11648K, reserved 1048576K
}
{Heap before GC invocations=438 (full 4):
 PSYoungGen      total 533504K, used 533125K [0x00000000d5580000, 0x00000000fcb00000, 0x0000000100000000)
  eden space 524288K, 100% used [0x00000000d5580000,0x00000000f5580000,0x00000000f5580000)
  from space 9216K, 95% used [0x00000000fa180000,0x00000000faa21460,0x00000000faa80000)
  to   space 25088K, 0% used [0x00000000fb280000,0x00000000fb280000,0x00000000fcb00000)
 ParOldGen       total 311296K, used 256924K [0x0000000080000000, 0x0000000093000000, 0x00000000d5580000)
  object space 311296K, 82% used [0x0000000080000000,0x000000008fae7000,0x0000000093000000)
 Metaspace       used 92919K, capacity 95190K, committed 95360K, reserved 1132544K
  class space    used 11185K, capacity 11569K, committed 11648K, reserved 1048576K
2023-08-24T16:36:47.026+0600: 346914.355: [GC (Allocation Failure) [PSYoungGen: 533125K->20839K(527360K)] 790049K->277803K(838656K), 0.0397980 secs] [Times: user=0.06 sys=0.00, real=0.04 secs] 
Heap after GC invocations=438 (full 4):
 PSYoungGen      total 527360K, used 20839K [0x00000000d5580000, 0x00000000fc700000, 0x0000000100000000)
  eden space 506368K, 0% used [0x00000000d5580000,0x00000000d5580000,0x00000000f4400000)
  from space 20992K, 99% used [0x00000000fb280000,0x00000000fc6d9e90,0x00000000fc700000)
  to   space 26624K, 0% used [0x00000000f9300000,0x00000000f9300000,0x00000000fad00000)
 ParOldGen       total 311296K, used 256964K [0x0000000080000000, 0x0000000093000000, 0x00000000d5580000)
  object space 311296K, 82% used [0x0000000080000000,0x000000008faf1000,0x0000000093000000)
 Metaspace       used 92919K, capacity 95190K, committed 95360K, reserved 1132544K
  class space    used 11185K, capacity 11569K, committed 11648K, reserved 1048576K
}
{Heap before GC invocations=439 (full 4):
 PSYoungGen      total 527360K, used 527207K [0x00000000d5580000, 0x00000000fc700000, 0x0000000100000000)
  eden space 506368K, 100% used [0x00000000d5580000,0x00000000f4400000,0x00000000f4400000)
  from space 20992K, 99% used [0x00000000fb280000,0x00000000fc6d9e90,0x00000000fc700000)
  to   space 26624K, 0% used [0x00000000f9300000,0x00000000f9300000,0x00000000fad00000)
 ParOldGen       total 311296K, used 256964K [0x0000000080000000, 0x0000000093000000, 0x00000000d5580000)
  object space 311296K, 82% used [0x0000000080000000,0x000000008faf1000,0x0000000093000000)
 Metaspace       used 92964K, capacity 95266K, committed 95360K, reserved 1132544K
  class space    used 11187K, capacity 11571K, committed 11648K, reserved 1048576K
2023-08-24T21:39:22.770+0600: 365070.099: [GC (Allocation Failure) [PSYoungGen: 527207K->18230K(507392K)] 784171K->275226K(818688K), 0.0441479 secs] [Times: user=0.07 sys=0.00, real=0.04 secs] 
Heap after GC invocations=439 (full 4):
 PSYoungGen      total 507392K, used 18230K [0x00000000d5580000, 0x00000000fb300000, 0x0000000100000000)
  eden space 488960K, 0% used [0x00000000d5580000,0x00000000d5580000,0x00000000f3300000)
  from space 18432K, 98% used [0x00000000f9300000,0x00000000fa4cd820,0x00000000fa500000)
  to   space 14336K, 0% used [0x00000000fa500000,0x00000000fa500000,0x00000000fb300000)
 ParOldGen       total 311296K, used 256996K [0x0000000080000000, 0x0000000093000000, 0x00000000d5580000)
  object space 311296K, 82% used [0x0000000080000000,0x000000008faf9000,0x0000000093000000)
 Metaspace       used 92964K, capacity 95266K, committed 95360K, reserved 1132544K
  class space    used 11187K, capacity 11571K, committed 11648K, reserved 1048576K
}
{Heap before GC invocations=440 (full 4):
 PSYoungGen      total 507392K, used 507190K [0x00000000d5580000, 0x00000000fb300000, 0x0000000100000000)
  eden space 488960K, 100% used [0x00000000d5580000,0x00000000f3300000,0x00000000f3300000)
  from space 18432K, 98% used [0x00000000f9300000,0x00000000fa4cd820,0x00000000fa500000)
  to   space 14336K, 0% used [0x00000000fa500000,0x00000000fa500000,0x00000000fb300000)
 ParOldGen       total 311296K, used 256996K [0x0000000080000000, 0x0000000093000000, 0x00000000d5580000)
  object space 311296K, 82% used [0x0000000080000000,0x000000008faf9000,0x0000000093000000)
 Metaspace       used 92973K, capacity 95330K, committed 95616K, reserved 1132544K
  class space    used 11187K, capacity 11571K, committed 11648K, reserved 1048576K
2023-08-25T04:10:45.874+0600: 388553.203: [GC (Allocation Failure) [PSYoungGen: 507190K->7985K(480768K)] 764186K->265398K(792064K), 0.0256073 secs] [Times: user=0.04 sys=0.00, real=0.03 secs] 
Heap after GC invocations=440 (full 4):
 PSYoungGen      total 480768K, used 7985K [0x00000000d5580000, 0x00000000fad00000, 0x0000000100000000)
  eden space 472576K, 0% used [0x00000000d5580000,0x00000000d5580000,0x00000000f2300000)
  from space 8192K, 97% used [0x00000000fa500000,0x00000000faccc6d0,0x00000000fad00000)
  to   space 27136K, 0% used [0x00000000f7800000,0x00000000f7800000,0x00000000f9280000)
 ParOldGen       total 311296K, used 257413K [0x0000000080000000, 0x0000000093000000, 0x00000000d5580000)
  object space 311296K, 82% used [0x0000000080000000,0x000000008fb61410,0x0000000093000000)
 Metaspace       used 92973K, capacity 95330K, committed 95616K, reserved 1132544K
  class space    used 11187K, capacity 11571K, committed 11648K, reserved 1048576K
}
{Heap before GC invocations=441 (full 4):
 PSYoungGen      total 480768K, used 480561K [0x00000000d5580000, 0x00000000fad00000, 0x0000000100000000)
  eden space 472576K, 100% used [0x00000000d5580000,0x00000000f2300000,0x00000000f2300000)
  from space 8192K, 97% used [0x00000000fa500000,0x00000000faccc6d0,0x00000000fad00000)
  to   space 27136K, 0% used [0x00000000f7800000,0x00000000f7800000,0x00000000f9280000)
 ParOldGen       total 311296K, used 257413K [0x0000000080000000, 0x0000000093000000, 0x00000000d5580000)
  object space 311296K, 82% used [0x0000000080000000,0x000000008fb61410,0x0000000093000000)
 Metaspace       used 93019K, capacity 95420K, committed 95616K, reserved 1132544K
  class space    used 11195K, capacity 11586K, committed 11648K, reserved 1048576K
2023-08-25T10:20:34.517+0600: 410741.845: [GC (Allocation Failure) [PSYoungGen: 480561K->7970K(464896K)] 737974K->265518K(776192K), 0.0299454 secs] [Times: user=0.05 sys=0.00, real=0.03 secs] 
Heap after GC invocations=441 (full 4):
 PSYoungGen      total 464896K, used 7970K [0x00000000d5580000, 0x00000000fa580000, 0x0000000100000000)
  eden space 456704K, 0% used [0x00000000d5580000,0x00000000d5580000,0x00000000f1380000)
  from space 8192K, 97% used [0x00000000f7800000,0x00000000f7fc8b20,0x00000000f8000000)
  to   space 26624K, 0% used [0x00000000f8b80000,0x00000000f8b80000,0x00000000fa580000)
 ParOldGen       total 311296K, used 257548K [0x0000000080000000, 0x0000000093000000, 0x00000000d5580000)
  object space 311296K, 82% used [0x0000000080000000,0x000000008fb830a0,0x0000000093000000)
 Metaspace       used 93019K, capacity 95420K, committed 95616K, reserved 1132544K
  class space    used 11195K, capacity 11586K, committed 11648K, reserved 1048576K
}
{Heap before GC invocations=442 (full 4):
 PSYoungGen      total 464896K, used 464674K [0x00000000d5580000, 0x00000000fa580000, 0x0000000100000000)
  eden space 456704K, 100% used [0x00000000d5580000,0x00000000f1380000,0x00000000f1380000)
  from space 8192K, 97% used [0x00000000f7800000,0x00000000f7fc8b20,0x00000000f8000000)
  to   space 26624K, 0% used [0x00000000f8b80000,0x00000000f8b80000,0x00000000fa580000)
 ParOldGen       total 311296K, used 257548K [0x0000000080000000, 0x0000000093000000, 0x00000000d5580000)
  object space 311296K, 82% used [0x0000000080000000,0x000000008fb830a0,0x0000000093000000)
 Metaspace       used 93066K, capacity 95468K, committed 95616K, reserved 1132544K
  class space    used 11199K, capacity 11594K, committed 11648K, reserved 1048576K
2023-08-25T16:08:41.069+0600: 431628.398: [GC (Allocation Failure) [PSYoungGen: 464674K->9429K(451584K)] 722222K->267758K(762880K), 0.0302564 secs] [Times: user=0.05 sys=0.00, real=0.04 secs] 
Heap after GC invocations=442 (full 4):
 PSYoungGen      total 451584K, used 9429K [0x00000000d5580000, 0x00000000f9500000, 0x0000000100000000)
  eden space 441856K, 0% used [0x00000000d5580000,0x00000000d5580000,0x00000000f0500000)
  from space 9728K, 96% used [0x00000000f8b80000,0x00000000f94b54b0,0x00000000f9500000)
  to   space 26112K, 0% used [0x00000000f6200000,0x00000000f6200000,0x00000000f7b80000)
 ParOldGen       total 311296K, used 258329K [0x0000000080000000, 0x0000000093000000, 0x00000000d5580000)
  object space 311296K, 82% used [0x0000000080000000,0x000000008fc464b0,0x0000000093000000)
 Metaspace       used 93066K, capacity 95468K, committed 95616K, reserved 1132544K
  class space    used 11199K, capacity 11594K, committed 11648K, reserved 1048576K
}
{Heap before GC invocations=443 (full 4):
 PSYoungGen      total 451584K, used 451285K [0x00000000d5580000, 0x00000000f9500000, 0x0000000100000000)
  eden space 441856K, 100% used [0x00000000d5580000,0x00000000f0500000,0x00000000f0500000)
  from space 9728K, 96% used [0x00000000f8b80000,0x00000000f94b54b0,0x00000000f9500000)
  to   space 26112K, 0% used [0x00000000f6200000,0x00000000f6200000,0x00000000f7b80000)
 ParOldGen       total 311296K, used 258329K [0x0000000080000000, 0x0000000093000000, 0x00000000d5580000)
  object space 311296K, 82% used [0x0000000080000000,0x000000008fc464b0,0x0000000093000000)
 Metaspace       used 93109K, capacity 95474K, committed 95616K, reserved 1132544K
  class space    used 11200K, capacity 11595K, committed 11648K, reserved 1048576K
2023-08-25T21:38:16.304+0600: 451403.633: [GC (Allocation Failure) [PSYoungGen: 451285K->8342K(436224K)] 709614K->266823K(747520K), 0.0280875 secs] [Times: user=0.04 sys=0.00, real=0.03 secs] 
Heap after GC invocations=443 (full 4):
 PSYoungGen      total 436224K, used 8342K [0x00000000d5580000, 0x00000000f8c00000, 0x0000000100000000)
  eden space 427520K, 0% used [0x00000000d5580000,0x00000000d5580000,0x00000000ef700000)
  from space 8704K, 95% used [0x00000000f6200000,0x00000000f6a25ae0,0x00000000f6a80000)
  to   space 25088K, 0% used [0x00000000f7380000,0x00000000f7380000,0x00000000f8c00000)
 ParOldGen       total 311296K, used 258480K [0x0000000080000000, 0x0000000093000000, 0x00000000d5580000)
  object space 311296K, 83% used [0x0000000080000000,0x000000008fc6c320,0x0000000093000000)
 Metaspace       used 93109K, capacity 95474K, committed 95616K, reserved 1132544K
  class space    used 11200K, capacity 11595K, committed 11648K, reserved 1048576K
}
{Heap before GC invocations=444 (full 4):
 PSYoungGen      total 436224K, used 435862K [0x00000000d5580000, 0x00000000f8c00000, 0x0000000100000000)
  eden space 427520K, 100% used [0x00000000d5580000,0x00000000ef700000,0x00000000ef700000)
  from space 8704K, 95% used [0x00000000f6200000,0x00000000f6a25ae0,0x00000000f6a80000)
  to   space 25088K, 0% used [0x00000000f7380000,0x00000000f7380000,0x00000000f8c00000)
 ParOldGen       total 311296K, used 258480K [0x0000000080000000, 0x0000000093000000, 0x00000000d5580000)
  object space 311296K, 83% used [0x0000000080000000,0x000000008fc6c320,0x0000000093000000)
 Metaspace       used 93109K, capacity 95474K, committed 95616K, reserved 1132544K
  class space    used 11200K, capacity 11595K, committed 11648K, reserved 1048576K
2023-08-26T03:06:48.041+0600: 471115.370: [GC (Allocation Failure) [PSYoungGen: 435862K->7990K(421888K)] 694343K->266525K(733184K), 0.0287662 secs] [Times: user=0.04 sys=0.00, real=0.03 secs] 
Heap after GC invocations=444 (full 4):
 PSYoungGen      total 421888K, used 7990K [0x00000000d5580000, 0x00000000f7b80000, 0x0000000100000000)
  eden space 413696K, 0% used [0x00000000d5580000,0x00000000d5580000,0x00000000ee980000)
  from space 8192K, 97% used [0x00000000f7380000,0x00000000f7b4d8d0,0x00000000f7b80000)
  to   space 24576K, 0% used [0x00000000f4b80000,0x00000000f4b80000,0x00000000f6380000)
 ParOldGen       total 311296K, used 258534K [0x0000000080000000, 0x0000000093000000, 0x00000000d5580000)
  object space 311296K, 83% used [0x0000000080000000,0x000000008fc79bf0,0x0000000093000000)
 Metaspace       used 93109K, capacity 95474K, committed 95616K, reserved 1132544K
  class space    used 11200K, capacity 11595K, committed 11648K, reserved 1048576K
}
{Heap before GC invocations=445 (full 4):
 PSYoungGen      total 421888K, used 421686K [0x00000000d5580000, 0x00000000f7b80000, 0x0000000100000000)
  eden space 413696K, 100% used [0x00000000d5580000,0x00000000ee980000,0x00000000ee980000)
  from space 8192K, 97% used [0x00000000f7380000,0x00000000f7b4d8d0,0x00000000f7b80000)
  to   space 24576K, 0% used [0x00000000f4b80000,0x00000000f4b80000,0x00000000f6380000)
 ParOldGen       total 311296K, used 258534K [0x0000000080000000, 0x0000000093000000, 0x00000000d5580000)
  object space 311296K, 83% used [0x0000000080000000,0x000000008fc79bf0,0x0000000093000000)
 Metaspace       used 93109K, capacity 95474K, committed 95616K, reserved 1132544K
  class space    used 11200K, capacity 11595K, committed 11648K, reserved 1048576K
2023-08-26T08:36:54.158+0600: 490921.487: [GC (Allocation Failure) [PSYoungGen: 421686K->5856K(406528K)] 680221K->264561K(717824K), 0.0221569 secs] [Times: user=0.04 sys=0.00, real=0.03 secs] 
Heap after GC invocations=445 (full 4):
 PSYoungGen      total 406528K, used 5856K [0x00000000d5580000, 0x00000000f7400000, 0x0000000100000000)
  eden space 400384K, 0% used [0x00000000d5580000,0x00000000d5580000,0x00000000edc80000)
  from space 6144K, 95% used [0x00000000f4b80000,0x00000000f5138000,0x00000000f5180000)
  to   space 24576K, 0% used [0x00000000f5c00000,0x00000000f5c00000,0x00000000f7400000)
 ParOldGen       total 311296K, used 258705K [0x0000000080000000, 0x0000000093000000, 0x00000000d5580000)
  object space 311296K, 83% used [0x0000000080000000,0x000000008fca47e0,0x0000000093000000)
 Metaspace       used 93109K, capacity 95474K, committed 95616K, reserved 1132544K
  class space    used 11200K, capacity 11595K, committed 11648K, reserved 1048576K
}
{Heap before GC invocations=446 (full 4):
 PSYoungGen      total 406528K, used 406240K [0x00000000d5580000, 0x00000000f7400000, 0x0000000100000000)
  eden space 400384K, 100% used [0x00000000d5580000,0x00000000edc80000,0x00000000edc80000)
  from space 6144K, 95% used [0x00000000f4b80000,0x00000000f5138000,0x00000000f5180000)
  to   space 24576K, 0% used [0x00000000f5c00000,0x00000000f5c00000,0x00000000f7400000)
 ParOldGen       total 311296K, used 258705K [0x0000000080000000, 0x0000000093000000, 0x00000000d5580000)
  object space 311296K, 83% used [0x0000000080000000,0x000000008fca47e0,0x0000000093000000)
 Metaspace       used 93136K, capacity 95568K, committed 95616K, reserved 1132544K
  class space    used 11203K, capacity 11600K, committed 11648K, reserved 1048576K
2023-08-26T13:47:46.728+0600: 509574.056: [GC (Allocation Failure) [PSYoungGen: 406240K->7942K(396288K)] 664945K->266894K(707584K), 0.0213480 secs] [Times: user=0.03 sys=0.00, real=0.03 secs] 
Heap after GC invocations=446 (full 4):
 PSYoungGen      total 396288K, used 7942K [0x00000000d5580000, 0x00000000f6400000, 0x0000000100000000)
  eden space 388096K, 0% used [0x00000000d5580000,0x00000000d5580000,0x00000000ed080000)
  from space 8192K, 96% used [0x00000000f5c00000,0x00000000f63c1b10,0x00000000f6400000)
  to   space 23552K, 0% used [0x00000000f3600000,0x00000000f3600000,0x00000000f4d00000)
 ParOldGen       total 311296K, used 258951K [0x0000000080000000, 0x0000000093000000, 0x00000000d5580000)
  object space 311296K, 83% used [0x0000000080000000,0x000000008fce1d30,0x0000000093000000)
 Metaspace       used 93136K, capacity 95568K, committed 95616K, reserved 1132544K
  class space    used 11203K, capacity 11600K, committed 11648K, reserved 1048576K
}
{Heap before GC invocations=447 (full 4):
 PSYoungGen      total 396288K, used 396038K [0x00000000d5580000, 0x00000000f6400000, 0x0000000100000000)
  eden space 388096K, 100% used [0x00000000d5580000,0x00000000ed080000,0x00000000ed080000)
  from space 8192K, 96% used [0x00000000f5c00000,0x00000000f63c1b10,0x00000000f6400000)
  to   space 23552K, 0% used [0x00000000f3600000,0x00000000f3600000,0x00000000f4d00000)
 ParOldGen       total 311296K, used 258951K [0x0000000080000000, 0x0000000093000000, 0x00000000d5580000)
  object space 311296K, 83% used [0x0000000080000000,0x000000008fce1d30,0x0000000093000000)
 Metaspace       used 93147K, capacity 95568K, committed 95616K, reserved 1132544K
  class space    used 11203K, capacity 11600K, committed 11648K, reserved 1048576K
2023-08-26T18:21:32.408+0600: 525999.737: [GC (Allocation Failure) [PSYoungGen: 396038K->9949K(386560K)] 654990K->268988K(697856K), 0.0231517 secs] [Times: user=0.04 sys=0.00, real=0.03 secs] 
Heap after GC invocations=447 (full 4):
 PSYoungGen      total 386560K, used 9949K [0x00000000d5580000, 0x00000000f5c80000, 0x0000000100000000)
  eden space 376320K, 0% used [0x00000000d5580000,0x00000000d5580000,0x00000000ec500000)
  from space 10240K, 97% used [0x00000000f3600000,0x00000000f3fb7660,0x00000000f4000000)
  to   space 22528K, 0% used [0x00000000f4680000,0x00000000f4680000,0x00000000f5c80000)
 ParOldGen       total 311296K, used 259038K [0x0000000080000000, 0x0000000093000000, 0x00000000d5580000)
  object space 311296K, 83% used [0x0000000080000000,0x000000008fcf7aa0,0x0000000093000000)
 Metaspace       used 93147K, capacity 95568K, committed 95616K, reserved 1132544K
  class space    used 11203K, capacity 11600K, committed 11648K, reserved 1048576K
}
{Heap before GC invocations=448 (full 4):
 PSYoungGen      total 386560K, used 386269K [0x00000000d5580000, 0x00000000f5c80000, 0x0000000100000000)
  eden space 376320K, 100% used [0x00000000d5580000,0x00000000ec500000,0x00000000ec500000)
  from space 10240K, 97% used [0x00000000f3600000,0x00000000f3fb7660,0x00000000f4000000)
  to   space 22528K, 0% used [0x00000000f4680000,0x00000000f4680000,0x00000000f5c80000)
 ParOldGen       total 311296K, used 259038K [0x0000000080000000, 0x0000000093000000, 0x00000000d5580000)
  object space 311296K, 83% used [0x0000000080000000,0x000000008fcf7aa0,0x0000000093000000)
 Metaspace       used 93193K, capacity 95628K, committed 95872K, reserved 1134592K
  class space    used 11208K, capacity 11610K, committed 11648K, reserved 1048576K
2023-08-26T22:39:57.860+0600: 541505.189: [GC (Allocation Failure) [PSYoungGen: 386269K->8435K(373760K)] 645308K->267655K(685056K), 0.0256354 secs] [Times: user=0.04 sys=0.00, real=0.02 secs] 
Heap after GC invocations=448 (full 4):
 PSYoungGen      total 373760K, used 8435K [0x00000000d5580000, 0x00000000f4f00000, 0x0000000100000000)
  eden space 365056K, 0% used [0x00000000d5580000,0x00000000d5580000,0x00000000eba00000)
  from space 8704K, 96% used [0x00000000f4680000,0x00000000f4ebcff0,0x00000000f4f00000)
  to   space 22016K, 0% used [0x00000000f2400000,0x00000000f2400000,0x00000000f3980000)
 ParOldGen       total 311296K, used 259219K [0x0000000080000000, 0x0000000093000000, 0x00000000d5580000)
  object space 311296K, 83% used [0x0000000080000000,0x000000008fd24c48,0x0000000093000000)
 Metaspace       used 93193K, capacity 95628K, committed 95872K, reserved 1134592K
  class space    used 11208K, capacity 11610K, committed 11648K, reserved 1048576K
}
{Heap before GC invocations=449 (full 4):
 PSYoungGen      total 373760K, used 373491K [0x00000000d5580000, 0x00000000f4f00000, 0x0000000100000000)
  eden space 365056K, 100% used [0x00000000d5580000,0x00000000eba00000,0x00000000eba00000)
  from space 8704K, 96% used [0x00000000f4680000,0x00000000f4ebcff0,0x00000000f4f00000)
  to   space 22016K, 0% used [0x00000000f2400000,0x00000000f2400000,0x00000000f3980000)
 ParOldGen       total 311296K, used 259219K [0x0000000080000000, 0x0000000093000000, 0x00000000d5580000)
  object space 311296K, 83% used [0x0000000080000000,0x000000008fd24c48,0x0000000093000000)
 Metaspace       used 93213K, capacity 95688K, committed 95872K, reserved 1134592K
  class space    used 11214K, capacity 11620K, committed 11648K, reserved 1048576K
2023-08-27T02:47:58.164+0600: 556385.493: [GC (Allocation Failure) [PSYoungGen: 373491K->10323K(365056K)] 632711K->269841K(676352K), 0.0215694 secs] [Times: user=0.03 sys=0.00, real=0.02 secs] 
Heap after GC invocations=449 (full 4):
 PSYoungGen      total 365056K, used 10323K [0x00000000d5580000, 0x00000000f4700000, 0x0000000100000000)
  eden space 354304K, 0% used [0x00000000d5580000,0x00000000d5580000,0x00000000eaf80000)
  from space 10752K, 96% used [0x00000000f2400000,0x00000000f2e14e80,0x00000000f2e80000)
  to   space 20992K, 0% used [0x00000000f3280000,0x00000000f3280000,0x00000000f4700000)
 ParOldGen       total 311296K, used 259517K [0x0000000080000000, 0x0000000093000000, 0x00000000d5580000)
  object space 311296K, 83% used [0x0000000080000000,0x000000008fd6f6d8,0x0000000093000000)
 Metaspace       used 93213K, capacity 95688K, committed 95872K, reserved 1134592K
  class space    used 11214K, capacity 11620K, committed 11648K, reserved 1048576K
}
{Heap before GC invocations=450 (full 4):
 PSYoungGen      total 365056K, used 364627K [0x00000000d5580000, 0x00000000f4700000, 0x0000000100000000)
  eden space 354304K, 100% used [0x00000000d5580000,0x00000000eaf80000,0x00000000eaf80000)
  from space 10752K, 96% used [0x00000000f2400000,0x00000000f2e14e80,0x00000000f2e80000)
  to   space 20992K, 0% used [0x00000000f3280000,0x00000000f3280000,0x00000000f4700000)
 ParOldGen       total 311296K, used 259517K [0x0000000080000000, 0x0000000093000000, 0x00000000d5580000)
  object space 311296K, 83% used [0x0000000080000000,0x000000008fd6f6d8,0x0000000093000000)
 Metaspace       used 93213K, capacity 95688K, committed 95872K, reserved 1134592K
  class space    used 11214K, capacity 11620K, committed 11648K, reserved 1048576K
2023-08-27T07:18:56.087+0600: 572643.415: [GC (Allocation Failure) [PSYoungGen: 364627K->7015K(350720K)] 624145K->266676K(662016K), 0.0227909 secs] [Times: user=0.04 sys=0.00, real=0.03 secs] 
Heap after GC invocations=450 (full 4):
 PSYoungGen      total 350720K, used 7015K [0x00000000d5580000, 0x00000000f3980000, 0x0000000100000000)
  eden space 343552K, 0% used [0x00000000d5580000,0x00000000d5580000,0x00000000ea500000)
  from space 7168K, 97% used [0x00000000f3280000,0x00000000f3959d50,0x00000000f3980000)
  to   space 20480K, 0% used [0x00000000f1180000,0x00000000f1180000,0x00000000f2580000)
 ParOldGen       total 311296K, used 259660K [0x0000000080000000, 0x0000000093000000, 0x00000000d5580000)
  object space 311296K, 83% used [0x0000000080000000,0x000000008fd932b8,0x0000000093000000)
 Metaspace       used 93213K, capacity 95688K, committed 95872K, reserved 1134592K
  class space    used 11214K, capacity 11620K, committed 11648K, reserved 1048576K
}
{Heap before GC invocations=451 (full 4):
 PSYoungGen      total 350720K, used 350567K [0x00000000d5580000, 0x00000000f3980000, 0x0000000100000000)
  eden space 343552K, 100% used [0x00000000d5580000,0x00000000ea500000,0x00000000ea500000)
  from space 7168K, 97% used [0x00000000f3280000,0x00000000f3959d50,0x00000000f3980000)
  to   space 20480K, 0% used [0x00000000f1180000,0x00000000f1180000,0x00000000f2580000)
 ParOldGen       total 311296K, used 259660K [0x0000000080000000, 0x0000000093000000, 0x00000000d5580000)
  object space 311296K, 83% used [0x0000000080000000,0x000000008fd932b8,0x0000000093000000)
 Metaspace       used 93213K, capacity 95688K, committed 95872K, reserved 1134592K
  class space    used 11214K, capacity 11620K, committed 11648K, reserved 1048576K
2023-08-27T11:18:47.671+0600: 587035.000: [GC (Allocation Failure) [PSYoungGen: 350567K->9089K(342528K)] 610228K->268830K(653824K), 0.0295412 secs] [Times: user=0.05 sys=0.00, real=0.03 secs] 
Heap after GC invocations=451 (full 4):
 PSYoungGen      total 342528K, used 9089K [0x00000000d5580000, 0x00000000f3300000, 0x0000000100000000)
  eden space 333312K, 0% used [0x00000000d5580000,0x00000000d5580000,0x00000000e9b00000)
  from space 9216K, 98% used [0x00000000f1180000,0x00000000f1a60760,0x00000000f1a80000)
  to   space 19456K, 0% used [0x00000000f2000000,0x00000000f2000000,0x00000000f3300000)
 ParOldGen       total 311296K, used 259740K [0x0000000080000000, 0x0000000093000000, 0x00000000d5580000)
  object space 311296K, 83% used [0x0000000080000000,0x000000008fda7208,0x0000000093000000)
 Metaspace       used 93213K, capacity 95688K, committed 95872K, reserved 1134592K
  class space    used 11214K, capacity 11620K, committed 11648K, reserved 1048576K
}
{Heap before GC invocations=452 (full 4):
 PSYoungGen      total 342528K, used 342401K [0x00000000d5580000, 0x00000000f3300000, 0x0000000100000000)
  eden space 333312K, 100% used [0x00000000d5580000,0x00000000e9b00000,0x00000000e9b00000)
  from space 9216K, 98% used [0x00000000f1180000,0x00000000f1a60760,0x00000000f1a80000)
  to   space 19456K, 0% used [0x00000000f2000000,0x00000000f2000000,0x00000000f3300000)
 ParOldGen       total 311296K, used 259740K [0x0000000080000000, 0x0000000093000000, 0x00000000d5580000)
  object space 311296K, 83% used [0x0000000080000000,0x000000008fda7208,0x0000000093000000)
 Metaspace       used 93281K, capacity 95760K, committed 95872K, reserved 1134592K
  class space    used 11222K, capacity 11632K, committed 11648K, reserved 1048576K
2023-08-27T14:05:15.366+0600: 597022.694: [GC (Allocation Failure) [PSYoungGen: 342401K->16390K(340480K)] 602142K->276170K(651776K), 0.0277295 secs] [Times: user=0.05 sys=0.00, real=0.03 secs] 
Heap after GC invocations=452 (full 4):
 PSYoungGen      total 340480K, used 16390K [0x00000000d5580000, 0x00000000f3080000, 0x0000000100000000)
  eden space 323584K, 0% used [0x00000000d5580000,0x00000000d5580000,0x00000000e9180000)
  from space 16896K, 97% used [0x00000000f2000000,0x00000000f3001aa0,0x00000000f3080000)
  to   space 20992K, 0% used [0x00000000f0780000,0x00000000f0780000,0x00000000f1c00000)
 ParOldGen       total 311296K, used 259780K [0x0000000080000000, 0x0000000093000000, 0x00000000d5580000)
  object space 311296K, 83% used [0x0000000080000000,0x000000008fdb10a8,0x0000000093000000)
 Metaspace       used 93281K, capacity 95760K, committed 95872K, reserved 1134592K
  class space    used 11222K, capacity 11632K, committed 11648K, reserved 1048576K
}
{Heap before GC invocations=453 (full 4):
 PSYoungGen      total 340480K, used 339974K [0x00000000d5580000, 0x00000000f3080000, 0x0000000100000000)
  eden space 323584K, 100% used [0x00000000d5580000,0x00000000e9180000,0x00000000e9180000)
  from space 16896K, 97% used [0x00000000f2000000,0x00000000f3001aa0,0x00000000f3080000)
  to   space 20992K, 0% used [0x00000000f0780000,0x00000000f0780000,0x00000000f1c00000)
 ParOldGen       total 311296K, used 259780K [0x0000000080000000, 0x0000000093000000, 0x00000000d5580000)
  object space 311296K, 83% used [0x0000000080000000,0x000000008fdb10a8,0x0000000093000000)
 Metaspace       used 93444K, capacity 96022K, committed 96256K, reserved 1134592K
  class space    used 11245K, capacity 11665K, committed 11776K, reserved 1048576K
2023-08-27T16:14:12.338+0600: 604759.666: [GC (Allocation Failure) [PSYoungGen: 339974K->16998K(331776K)] 599754K->277117K(643072K), 0.0276870 secs] [Times: user=0.04 sys=0.00, real=0.03 secs] 
Heap after GC invocations=453 (full 4):
 PSYoungGen      total 331776K, used 16998K [0x00000000d5580000, 0x00000000f2080000, 0x0000000100000000)
  eden space 314368K, 0% used [0x00000000d5580000,0x00000000d5580000,0x00000000e8880000)
  from space 17408K, 97% used [0x00000000f0780000,0x00000000f1819870,0x00000000f1880000)
  to   space 8192K, 0% used [0x00000000f1880000,0x00000000f1880000,0x00000000f2080000)
 ParOldGen       total 311296K, used 260119K [0x0000000080000000, 0x0000000093000000, 0x00000000d5580000)
  object space 311296K, 83% used [0x0000000080000000,0x000000008fe05f78,0x0000000093000000)
 Metaspace       used 93444K, capacity 96022K, committed 96256K, reserved 1134592K
  class space    used 11245K, capacity 11665K, committed 11776K, reserved 1048576K
}
{Heap before GC invocations=454 (full 4):
 PSYoungGen      total 331776K, used 331366K [0x00000000d5580000, 0x00000000f2080000, 0x0000000100000000)
  eden space 314368K, 100% used [0x00000000d5580000,0x00000000e8880000,0x00000000e8880000)
  from space 17408K, 97% used [0x00000000f0780000,0x00000000f1819870,0x00000000f1880000)
  to   space 8192K, 0% used [0x00000000f1880000,0x00000000f1880000,0x00000000f2080000)
 ParOldGen       total 311296K, used 260119K [0x0000000080000000, 0x0000000093000000, 0x00000000d5580000)
  object space 311296K, 83% used [0x0000000080000000,0x000000008fe05f78,0x0000000093000000)
 Metaspace       used 93482K, capacity 96110K, committed 96256K, reserved 1134592K
  class space    used 11247K, capacity 11669K, committed 11776K, reserved 1048576K
2023-08-27T18:22:23.024+0600: 612450.352: [GC (Allocation Failure) [PSYoungGen: 331366K->8179K(313856K)] 591485K->279353K(625152K), 0.0385372 secs] [Times: user=0.05 sys=0.00, real=0.04 secs] 
Heap after GC invocations=454 (full 4):
 PSYoungGen      total 313856K, used 8179K [0x00000000d5580000, 0x00000000f2080000, 0x0000000100000000)
  eden space 305664K, 0% used [0x00000000d5580000,0x00000000d5580000,0x00000000e8000000)
  from space 8192K, 99% used [0x00000000f1880000,0x00000000f207cff0,0x00000000f2080000)
  to   space 24064K, 0% used [0x00000000ef180000,0x00000000ef180000,0x00000000f0900000)
 ParOldGen       total 311296K, used 271173K [0x0000000080000000, 0x0000000093000000, 0x00000000d5580000)
  object space 311296K, 87% used [0x0000000080000000,0x00000000908d1478,0x0000000093000000)
 Metaspace       used 93482K, capacity 96110K, committed 96256K, reserved 1134592K
  class space    used 11247K, capacity 11669K, committed 11776K, reserved 1048576K
}
{Heap before GC invocations=455 (full 4):
 PSYoungGen      total 313856K, used 313843K [0x00000000d5580000, 0x00000000f2080000, 0x0000000100000000)
  eden space 305664K, 100% used [0x00000000d5580000,0x00000000e8000000,0x00000000e8000000)
  from space 8192K, 99% used [0x00000000f1880000,0x00000000f207cff0,0x00000000f2080000)
  to   space 24064K, 0% used [0x00000000ef180000,0x00000000ef180000,0x00000000f0900000)
 ParOldGen       total 311296K, used 271173K [0x0000000080000000, 0x0000000093000000, 0x00000000d5580000)
  object space 311296K, 87% used [0x0000000080000000,0x00000000908d1478,0x0000000093000000)
 Metaspace       used 93499K, capacity 96116K, committed 96256K, reserved 1134592K
  class space    used 11248K, capacity 11670K, committed 11776K, reserved 1048576K
2023-08-27T22:19:51.381+0600: 626698.710: [GC (Allocation Failure) [PSYoungGen: 313843K->6051K(303104K)] 585017K->277272K(614400K), 0.0275132 secs] [Times: user=0.05 sys=0.00, real=0.02 secs] 
Heap after GC invocations=455 (full 4):
 PSYoungGen      total 303104K, used 6051K [0x00000000d5580000, 0x00000000f1900000, 0x0000000100000000)
  eden space 296960K, 0% used [0x00000000d5580000,0x00000000d5580000,0x00000000e7780000)
  from space 6144K, 98% used [0x00000000ef180000,0x00000000ef768d20,0x00000000ef780000)
  to   space 24064K, 0% used [0x00000000f0180000,0x00000000f0180000,0x00000000f1900000)
 ParOldGen       total 311296K, used 271220K [0x0000000080000000, 0x0000000093000000, 0x00000000d5580000)
  object space 311296K, 87% used [0x0000000080000000,0x00000000908dd3c8,0x0000000093000000)
 Metaspace       used 93499K, capacity 96116K, committed 96256K, reserved 1134592K
  class space    used 11248K, capacity 11670K, committed 11776K, reserved 1048576K
}
{Heap before GC invocations=456 (full 4):
 PSYoungGen      total 303104K, used 303011K [0x00000000d5580000, 0x00000000f1900000, 0x0000000100000000)
  eden space 296960K, 100% used [0x00000000d5580000,0x00000000e7780000,0x00000000e7780000)
  from space 6144K, 98% used [0x00000000ef180000,0x00000000ef768d20,0x00000000ef780000)
  to   space 24064K, 0% used [0x00000000f0180000,0x00000000f0180000,0x00000000f1900000)
 ParOldGen       total 311296K, used 271220K [0x0000000080000000, 0x0000000093000000, 0x00000000d5580000)
  object space 311296K, 87% used [0x0000000080000000,0x00000000908dd3c8,0x0000000093000000)
 Metaspace       used 93502K, capacity 96116K, committed 96256K, reserved 1134592K
  class space    used 11248K, capacity 11670K, committed 11776K, reserved 1048576K
2023-08-28T02:22:06.142+0600: 641233.470: [GC (Allocation Failure) [PSYoungGen: 303011K->5472K(294400K)] 574232K->276692K(605696K), 0.0284703 secs] [Times: user=0.04 sys=0.00, real=0.03 secs] 
Heap after GC invocations=456 (full 4):
 PSYoungGen      total 294400K, used 5472K [0x00000000d5580000, 0x00000000f0700000, 0x0000000100000000)
  eden space 288768K, 0% used [0x00000000d5580000,0x00000000d5580000,0x00000000e6f80000)
  from space 5632K, 97% used [0x00000000f0180000,0x00000000f06d8010,0x00000000f0700000)
  to   space 24064K, 0% used [0x00000000ed800000,0x00000000ed800000,0x00000000eef80000)
 ParOldGen       total 311296K, used 271220K [0x0000000080000000, 0x0000000093000000, 0x00000000d5580000)
  object space 311296K, 87% used [0x0000000080000000,0x00000000908dd3c8,0x0000000093000000)
 Metaspace       used 93502K, capacity 96116K, committed 96256K, reserved 1134592K
  class space    used 11248K, capacity 11670K, committed 11776K, reserved 1048576K
}
{Heap before GC invocations=457 (full 4):
 PSYoungGen      total 294400K, used 294239K [0x00000000d5580000, 0x00000000f0700000, 0x0000000100000000)
  eden space 288768K, 99% used [0x00000000d5580000,0x00000000e6f7feb8,0x00000000e6f80000)
  from space 5632K, 97% used [0x00000000f0180000,0x00000000f06d8010,0x00000000f0700000)
  to   space 24064K, 0% used [0x00000000ed800000,0x00000000ed800000,0x00000000eef80000)
 ParOldGen       total 311296K, used 271220K [0x0000000080000000, 0x0000000093000000, 0x00000000d5580000)
  object space 311296K, 87% used [0x0000000080000000,0x00000000908dd3c8,0x0000000093000000)
 Metaspace       used 93506K, capacity 96116K, committed 96256K, reserved 1134592K
  class space    used 11248K, capacity 11670K, committed 11776K, reserved 1048576K
2023-08-28T05:55:04.310+0600: 654011.639: [GC (Allocation Failure) [PSYoungGen: 294239K->7560K(288768K)] 565460K->278828K(600064K), 0.0197491 secs] [Times: user=0.03 sys=0.00, real=0.02 secs] 
Heap after GC invocations=457 (full 4):
 PSYoungGen      total 288768K, used 7560K [0x00000000d5580000, 0x00000000f0200000, 0x0000000100000000)
  eden space 281088K, 0% used [0x00000000d5580000,0x00000000d5580000,0x00000000e6800000)
  from space 7680K, 98% used [0x00000000ed800000,0x00000000edf62100,0x00000000edf80000)
  to   space 23040K, 0% used [0x00000000eeb80000,0x00000000eeb80000,0x00000000f0200000)
 ParOldGen       total 311296K, used 271268K [0x0000000080000000, 0x0000000093000000, 0x00000000d5580000)
  object space 311296K, 87% used [0x0000000080000000,0x00000000908e91b8,0x0000000093000000)
 Metaspace       used 93506K, capacity 96116K, committed 96256K, reserved 1134592K
  class space    used 11248K, capacity 11670K, committed 11776K, reserved 1048576K
}
{Heap before GC invocations=458 (full 4):
 PSYoungGen      total 288768K, used 288648K [0x00000000d5580000, 0x00000000f0200000, 0x0000000100000000)
  eden space 281088K, 100% used [0x00000000d5580000,0x00000000e6800000,0x00000000e6800000)
  from space 7680K, 98% used [0x00000000ed800000,0x00000000edf62100,0x00000000edf80000)
  to   space 23040K, 0% used [0x00000000eeb80000,0x00000000eeb80000,0x00000000f0200000)
 ParOldGen       total 311296K, used 271268K [0x0000000080000000, 0x0000000093000000, 0x00000000d5580000)
  object space 311296K, 87% used [0x0000000080000000,0x00000000908e91b8,0x0000000093000000)
 Metaspace       used 93530K, capacity 96140K, committed 96256K, reserved 1134592K
  class space    used 11251K, capacity 11674K, committed 11776K, reserved 1048576K
2023-08-28T09:18:57.684+0600: 666245.012: [GC (Allocation Failure) [PSYoungGen: 288648K->7683K(281600K)] 559916K->279006K(592896K), 0.0325037 secs] [Times: user=0.05 sys=0.00, real=0.03 secs] 
Heap after GC invocations=458 (full 4):
 PSYoungGen      total 281600K, used 7683K [0x00000000d5580000, 0x00000000ef380000, 0x0000000100000000)
  eden space 273408K, 0% used [0x00000000d5580000,0x00000000d5580000,0x00000000e6080000)
  from space 8192K, 93% used [0x00000000eeb80000,0x00000000ef300dd0,0x00000000ef380000)
  to   space 22528K, 0% used [0x00000000ec780000,0x00000000ec780000,0x00000000edd80000)
 ParOldGen       total 311296K, used 271322K [0x0000000080000000, 0x0000000093000000, 0x00000000d5580000)
  object space 311296K, 87% used [0x0000000080000000,0x00000000908f6b88,0x0000000093000000)
 Metaspace       used 93530K, capacity 96140K, committed 96256K, reserved 1134592K
  class space    used 11251K, capacity 11674K, committed 11776K, reserved 1048576K
}
{Heap before GC invocations=459 (full 4):
 PSYoungGen      total 281600K, used 281091K [0x00000000d5580000, 0x00000000ef380000, 0x0000000100000000)
  eden space 273408K, 100% used [0x00000000d5580000,0x00000000e6080000,0x00000000e6080000)
  from space 8192K, 93% used [0x00000000eeb80000,0x00000000ef300dd0,0x00000000ef380000)
  to   space 22528K, 0% used [0x00000000ec780000,0x00000000ec780000,0x00000000edd80000)
 ParOldGen       total 311296K, used 271322K [0x0000000080000000, 0x0000000093000000, 0x00000000d5580000)
  object space 311296K, 87% used [0x0000000080000000,0x00000000908f6b88,0x0000000093000000)
 Metaspace       used 93643K, capacity 96388K, committed 96512K, reserved 1134592K
  class space    used 11270K, capacity 11694K, committed 11776K, reserved 1048576K
2024-08-28T11:25:35.439+0600: 673842.768: [GC (Allocation Failure) [PSYoungGen: 281091K->19458K(286208K)] 552414K->290829K(597504K), 0.0224900 secs] [Times: user=0.04 sys=0.00, real=0.02 secs] 
Heap after GC invocations=459 (full 4):
 PSYoungGen      total 286208K, used 19458K [0x00000000d5580000, 0x00000000eec00000, 0x0000000100000000)
  eden space 266240K, 0% used [0x00000000d5580000,0x00000000d5580000,0x00000000e5980000)
  from space 19968K, 97% used [0x00000000ec780000,0x00000000eda80bf0,0x00000000edb00000)
  to   space 17408K, 0% used [0x00000000edb00000,0x00000000edb00000,0x00000000eec00000)
 ParOldGen       total 311296K, used 271370K [0x0000000080000000, 0x0000000093000000, 0x00000000d5580000)
  object space 311296K, 87% used [0x0000000080000000,0x0000000090902a28,0x0000000093000000)
 Metaspace       used 93643K, capacity 96388K, committed 96512K, reserved 1134592K
  class space    used 11270K, capacity 11694K, committed 11776K, reserved 1048576K
}
{Heap before GC invocations=460 (full 4):
 PSYoungGen      total 286208K, used 284896K [0x00000000d5580000, 0x00000000eec00000, 0x0000000100000000)
  eden space 266240K, 99% used [0x00000000d5580000,0x00000000e58b7438,0x00000000e5980000)
  from space 19968K, 97% used [0x00000000ec780000,0x00000000eda80bf0,0x00000000edb00000)
  to   space 17408K, 0% used [0x00000000edb00000,0x00000000edb00000,0x00000000eec00000)
 ParOldGen       total 311296K, used 271370K [0x0000000080000000, 0x0000000093000000, 0x00000000d5580000)
  object space 311296K, 87% used [0x0000000080000000,0x0000000090902a28,0x0000000093000000)
 Metaspace       used 93657K, capacity 96394K, committed 96512K, reserved 1134592K
  class space    used 11270K, capacity 11695K, committed 11776K, reserved 1048576K
2024-08-28T11:55:28.070+0600: 675635.399: [GC (Allocation Failure) [PSYoungGen: 284896K->17391K(276480K)] 556266K->305001K(587776K), 0.0317305 secs] [Times: user=0.06 sys=0.00, real=0.03 secs] 
Heap after GC invocations=460 (full 4):
 PSYoungGen      total 276480K, used 17391K [0x00000000d5580000, 0x00000000eec00000, 0x0000000100000000)
  eden space 259072K, 0% used [0x00000000d5580000,0x00000000d5580000,0x00000000e5280000)
  from space 17408K, 99% used [0x00000000edb00000,0x00000000eebfbc08,0x00000000eec00000)
  to   space 31744K, 0% used [0x00000000eae00000,0x00000000eae00000,0x00000000ecd00000)
 ParOldGen       total 311296K, used 287610K [0x0000000080000000, 0x0000000093000000, 0x00000000d5580000)
  object space 311296K, 92% used [0x0000000080000000,0x00000000918de948,0x0000000093000000)
 Metaspace       used 93657K, capacity 96394K, committed 96512K, reserved 1134592K
  class space    used 11270K, capacity 11695K, committed 11776K, reserved 1048576K
}
{Heap before GC invocations=461 (full 4):
 PSYoungGen      total 276480K, used 276463K [0x00000000d5580000, 0x00000000eec00000, 0x0000000100000000)
  eden space 259072K, 100% used [0x00000000d5580000,0x00000000e5280000,0x00000000e5280000)
  from space 17408K, 99% used [0x00000000edb00000,0x00000000eebfbc08,0x00000000eec00000)
  to   space 31744K, 0% used [0x00000000eae00000,0x00000000eae00000,0x00000000ecd00000)
 ParOldGen       total 311296K, used 287610K [0x0000000080000000, 0x0000000093000000, 0x00000000d5580000)
  object space 311296K, 92% used [0x0000000080000000,0x00000000918de948,0x0000000093000000)
 Metaspace       used 93657K, capacity 96394K, committed 96512K, reserved 1134592K
  class space    used 11270K, capacity 11695K, committed 11776K, reserved 1048576K
2024-08-28T11:55:29.095+0600: 675636.424: [GC (Allocation Failure) [PSYoungGen: 276463K->14915K(267776K)] 564073K->302636K(579072K), 0.0171013 secs] [Times: user=0.02 sys=0.00, real=0.02 secs] 
Heap after GC invocations=461 (full 4):
 PSYoungGen      total 267776K, used 14915K [0x00000000d5580000, 0x00000000edb80000, 0x0000000100000000)
  eden space 252416K, 0% used [0x00000000d5580000,0x00000000d5580000,0x00000000e4c00000)
  from space 15360K, 97% used [0x00000000eae00000,0x00000000ebc90e90,0x00000000ebd00000)
  to   space 30208K, 0% used [0x00000000ebe00000,0x00000000ebe00000,0x00000000edb80000)
 ParOldGen       total 311296K, used 287721K [0x0000000080000000, 0x0000000093000000, 0x00000000d5580000)
  object space 311296K, 92% used [0x0000000080000000,0x00000000918fa528,0x0000000093000000)
 Metaspace       used 93657K, capacity 96394K, committed 96512K, reserved 1134592K
  class space    used 11270K, capacity 11695K, committed 11776K, reserved 1048576K
}
{Heap before GC invocations=462 (full 4):
 PSYoungGen      total 267776K, used 264556K [0x00000000d5580000, 0x00000000edb80000, 0x0000000100000000)
  eden space 252416K, 98% used [0x00000000d5580000,0x00000000e494a398,0x00000000e4c00000)
  from space 15360K, 97% used [0x00000000eae00000,0x00000000ebc90e90,0x00000000ebd00000)
  to   space 30208K, 0% used [0x00000000ebe00000,0x00000000ebe00000,0x00000000edb80000)
 ParOldGen       total 311296K, used 287721K [0x0000000080000000, 0x0000000093000000, 0x00000000d5580000)
  object space 311296K, 92% used [0x0000000080000000,0x00000000918fa528,0x0000000093000000)
 Metaspace       used 93657K, capacity 96394K, committed 96512K, reserved 1134592K
  class space    used 11270K, capacity 11695K, committed 11776K, reserved 1048576K
2024-08-28T11:55:32.077+0600: 675639.406: [GC (Allocation Failure) [PSYoungGen: 264556K->26463K(272896K)] 552277K->314184K(584192K), 0.0181717 secs] [Times: user=0.04 sys=0.00, real=0.02 secs] 
Heap after GC invocations=462 (full 4):
 PSYoungGen      total 272896K, used 26463K [0x00000000d5580000, 0x00000000ed800000, 0x0000000100000000)
  eden space 246272K, 0% used [0x00000000d5580000,0x00000000d5580000,0x00000000e4600000)
  from space 26624K, 99% used [0x00000000ebe00000,0x00000000ed7d7cc8,0x00000000ed800000)
  to   space 33280K, 0% used [0x00000000e9700000,0x00000000e9700000,0x00000000eb780000)
 ParOldGen       total 311296K, used 287721K [0x0000000080000000, 0x0000000093000000, 0x00000000d5580000)
  object space 311296K, 92% used [0x0000000080000000,0x00000000918fa528,0x0000000093000000)
 Metaspace       used 93657K, capacity 96394K, committed 96512K, reserved 1134592K
  class space    used 11270K, capacity 11695K, committed 11776K, reserved 1048576K
}
{Heap before GC invocations=463 (full 4):
 PSYoungGen      total 272896K, used 272735K [0x00000000d5580000, 0x00000000ed800000, 0x0000000100000000)
  eden space 246272K, 100% used [0x00000000d5580000,0x00000000e4600000,0x00000000e4600000)
  from space 26624K, 99% used [0x00000000ebe00000,0x00000000ed7d7cc8,0x00000000ed800000)
  to   space 33280K, 0% used [0x00000000e9700000,0x00000000e9700000,0x00000000eb780000)
 ParOldGen       total 311296K, used 287721K [0x0000000080000000, 0x0000000093000000, 0x00000000d5580000)
  object space 311296K, 92% used [0x0000000080000000,0x00000000918fa528,0x0000000093000000)
 Metaspace       used 93657K, capacity 96394K, committed 96512K, reserved 1134592K
  class space    used 11270K, capacity 11695K, committed 11776K, reserved 1048576K
2024-08-28T11:55:32.832+0600: 675640.161: [GC (Allocation Failure) [PSYoungGen: 272735K->13217K(253440K)] 560456K->301032K(564736K), 0.0163784 secs] [Times: user=0.05 sys=0.01, real=0.01 secs] 
Heap after GC invocations=463 (full 4):
 PSYoungGen      total 253440K, used 13217K [0x00000000d5580000, 0x00000000ebe80000, 0x0000000100000000)
  eden space 240128K, 0% used [0x00000000d5580000,0x00000000d5580000,0x00000000e4000000)
  from space 13312K, 99% used [0x00000000e9700000,0x00000000ea3e85f0,0x00000000ea400000)
  to   space 27136K, 0% used [0x00000000ea400000,0x00000000ea400000,0x00000000ebe80000)
 ParOldGen       total 311296K, used 287814K [0x0000000080000000, 0x0000000093000000, 0x00000000d5580000)
  object space 311296K, 92% used [0x0000000080000000,0x0000000091911a88,0x0000000093000000)
 Metaspace       used 93657K, capacity 96394K, committed 96512K, reserved 1134592K
  class space    used 11270K, capacity 11695K, committed 11776K, reserved 1048576K
}
{Heap before GC invocations=464 (full 4):
 PSYoungGen      total 253440K, used 251442K [0x00000000d5580000, 0x00000000ebe80000, 0x0000000100000000)
  eden space 240128K, 99% used [0x00000000d5580000,0x00000000e3e24228,0x00000000e4000000)
  from space 13312K, 99% used [0x00000000e9700000,0x00000000ea3e85f0,0x00000000ea400000)
  to   space 27136K, 0% used [0x00000000ea400000,0x00000000ea400000,0x00000000ebe80000)
 ParOldGen       total 311296K, used 287814K [0x0000000080000000, 0x0000000093000000, 0x00000000d5580000)
  object space 311296K, 92% used [0x0000000080000000,0x0000000091911a88,0x0000000093000000)
 Metaspace       used 93657K, capacity 96394K, committed 96512K, reserved 1134592K
  class space    used 11270K, capacity 11695K, committed 11776K, reserved 1048576K
2024-08-28T11:55:35.461+0600: 675642.790: [GC (Allocation Failure) [PSYoungGen: 251442K->26431K(260608K)] 539256K->314332K(571904K), 0.0210380 secs] [Times: user=0.04 sys=0.00, real=0.02 secs] 
Heap after GC invocations=464 (full 4):
 PSYoungGen      total 260608K, used 26431K [0x00000000d5580000, 0x00000000ebe00000, 0x0000000100000000)
  eden space 233984K, 0% used [0x00000000d5580000,0x00000000d5580000,0x00000000e3a00000)
  from space 26624K, 99% used [0x00000000ea400000,0x00000000ebdcfce8,0x00000000ebe00000)
  to   space 34304K, 0% used [0x00000000e7b00000,0x00000000e7b00000,0x00000000e9c80000)
 ParOldGen       total 311296K, used 287901K [0x0000000080000000, 0x0000000093000000, 0x00000000d5580000)
  object space 311296K, 92% used [0x0000000080000000,0x0000000091927668,0x0000000093000000)
 Metaspace       used 93657K, capacity 96394K, committed 96512K, reserved 1134592K
  class space    used 11270K, capacity 11695K, committed 11776K, reserved 1048576K
}
{Heap before GC invocations=465 (full 4):
 PSYoungGen      total 260608K, used 258258K [0x00000000d5580000, 0x00000000ebe00000, 0x0000000100000000)
  eden space 233984K, 99% used [0x00000000d5580000,0x00000000e37e4ec0,0x00000000e3a00000)
  from space 26624K, 99% used [0x00000000ea400000,0x00000000ebdcfce8,0x00000000ebe00000)
  to   space 34304K, 0% used [0x00000000e7b00000,0x00000000e7b00000,0x00000000e9c80000)
 ParOldGen       total 311296K, used 287901K [0x0000000080000000, 0x0000000093000000, 0x00000000d5580000)
  object space 311296K, 92% used [0x0000000080000000,0x0000000091927668,0x0000000093000000)
 Metaspace       used 93657K, capacity 96394K, committed 96512K, reserved 1134592K
  class space    used 11270K, capacity 11695K, committed 11776K, reserved 1048576K
2024-08-28T11:55:37.412+0600: 675644.741: [GC (Allocation Failure) [PSYoungGen: 258258K->18922K(264192K)] 546160K->306855K(575488K), 0.0265567 secs] [Times: user=0.04 sys=0.00, real=0.02 secs] 
Heap after GC invocations=465 (full 4):
 PSYoungGen      total 264192K, used 18922K [0x00000000d5580000, 0x00000000ea480000, 0x0000000100000000)
  eden space 245248K, 0% used [0x00000000d5580000,0x00000000d5580000,0x00000000e4500000)
  from space 18944K, 99% used [0x00000000e7b00000,0x00000000e8d7aab8,0x00000000e8d80000)
  to   space 23552K, 0% used [0x00000000e8d80000,0x00000000e8d80000,0x00000000ea480000)
 ParOldGen       total 311296K, used 287933K [0x0000000080000000, 0x0000000093000000, 0x00000000d5580000)
  object space 311296K, 92% used [0x0000000080000000,0x000000009192f508,0x0000000093000000)
 Metaspace       used 93657K, capacity 96394K, committed 96512K, reserved 1134592K
  class space    used 11270K, capacity 11695K, committed 11776K, reserved 1048576K
}
{Heap before GC invocations=466 (full 4):
 PSYoungGen      total 264192K, used 263221K [0x00000000d5580000, 0x00000000ea480000, 0x0000000100000000)
  eden space 245248K, 99% used [0x00000000d5580000,0x00000000e4412b38,0x00000000e4500000)
  from space 18944K, 99% used [0x00000000e7b00000,0x00000000e8d7aab8,0x00000000e8d80000)
  to   space 23552K, 0% used [0x00000000e8d80000,0x00000000e8d80000,0x00000000ea480000)
 ParOldGen       total 311296K, used 287933K [0x0000000080000000, 0x0000000093000000, 0x00000000d5580000)
  object space 311296K, 92% used [0x0000000080000000,0x000000009192f508,0x0000000093000000)
 Metaspace       used 93657K, capacity 96394K, committed 96512K, reserved 1134592K
  class space    used 11270K, capacity 11695K, committed 11776K, reserved 1048576K
2024-08-28T11:55:38.633+0600: 675645.962: [GC (Allocation Failure) [PSYoungGen: 263221K->22742K(282112K)] 551154K->310738K(593408K), 0.0193492 secs] [Times: user=0.04 sys=0.00, real=0.02 secs] 
Heap after GC invocations=466 (full 4):
 PSYoungGen      total 282112K, used 22742K [0x00000000d5580000, 0x00000000ea400000, 0x0000000100000000)
  eden space 259072K, 0% used [0x00000000d5580000,0x00000000d5580000,0x00000000e5280000)
  from space 23040K, 98% used [0x00000000e8d80000,0x00000000ea3b5830,0x00000000ea400000)
  to   space 34304K, 0% used [0x00000000e6100000,0x00000000e6100000,0x00000000e8280000)
 ParOldGen       total 311296K, used 287996K [0x0000000080000000, 0x0000000093000000, 0x00000000d5580000)
  object space 311296K, 92% used [0x0000000080000000,0x000000009193f198,0x0000000093000000)
 Metaspace       used 93657K, capacity 96394K, committed 96512K, reserved 1134592K
  class space    used 11270K, capacity 11695K, committed 11776K, reserved 1048576K
}
{Heap before GC invocations=467 (full 4):
 PSYoungGen      total 282112K, used 279169K [0x00000000d5580000, 0x00000000ea400000, 0x0000000100000000)
  eden space 259072K, 98% used [0x00000000d5580000,0x00000000e4feaea8,0x00000000e5280000)
  from space 23040K, 98% used [0x00000000e8d80000,0x00000000ea3b5830,0x00000000ea400000)
  to   space 34304K, 0% used [0x00000000e6100000,0x00000000e6100000,0x00000000e8280000)
 ParOldGen       total 311296K, used 287996K [0x0000000080000000, 0x0000000093000000, 0x00000000d5580000)
  object space 311296K, 92% used [0x0000000080000000,0x000000009193f198,0x0000000093000000)
 Metaspace       used 93657K, capacity 96394K, committed 96512K, reserved 1134592K
  class space    used 11270K, capacity 11695K, committed 11776K, reserved 1048576K
2024-08-28T11:55:40.790+0600: 675648.119: [GC (Allocation Failure) [PSYoungGen: 279169K->22419K(308224K)] 567166K->310621K(619520K), 0.0223469 secs] [Times: user=0.04 sys=0.00, real=0.02 secs] 
Heap after GC invocations=467 (full 4):
 PSYoungGen      total 308224K, used 22419K [0x00000000d5580000, 0x00000000ea500000, 0x0000000100000000)
  eden space 273920K, 0% used [0x00000000d5580000,0x00000000d5580000,0x00000000e6100000)
  from space 34304K, 65% used [0x00000000e6100000,0x00000000e76e4f70,0x00000000e8280000)
  to   space 34816K, 0% used [0x00000000e8300000,0x00000000e8300000,0x00000000ea500000)
 ParOldGen       total 311296K, used 288201K [0x0000000080000000, 0x0000000093000000, 0x00000000d5580000)
  object space 311296K, 92% used [0x0000000080000000,0x00000000919727f8,0x0000000093000000)
 Metaspace       used 93657K, capacity 96394K, committed 96512K, reserved 1134592K
  class space    used 11270K, capacity 11695K, committed 11776K, reserved 1048576K
}
{Heap before GC invocations=468 (full 4):
 PSYoungGen      total 308224K, used 296339K [0x00000000d5580000, 0x00000000ea500000, 0x0000000100000000)
  eden space 273920K, 100% used [0x00000000d5580000,0x00000000e6100000,0x00000000e6100000)
  from space 34304K, 65% used [0x00000000e6100000,0x00000000e76e4f70,0x00000000e8280000)
  to   space 34816K, 0% used [0x00000000e8300000,0x00000000e8300000,0x00000000ea500000)
 ParOldGen       total 311296K, used 288201K [0x0000000080000000, 0x0000000093000000, 0x00000000d5580000)
  object space 311296K, 92% used [0x0000000080000000,0x00000000919727f8,0x0000000093000000)
 Metaspace       used 93657K, capacity 96394K, committed 96512K, reserved 1134592K
  class space    used 11270K, capacity 11695K, committed 11776K, reserved 1048576K
2024-08-28T11:55:41.920+0600: 675649.249: [GC (Allocation Failure) [PSYoungGen: 296339K->19626K(309760K)] 584541K->308378K(621056K), 0.0165799 secs] [Times: user=0.05 sys=0.00, real=0.01 secs] 
Heap after GC invocations=468 (full 4):
 PSYoungGen      total 309760K, used 19626K [0x00000000d5580000, 0x00000000eb380000, 0x0000000100000000)
  eden space 274944K, 0% used [0x00000000d5580000,0x00000000d5580000,0x00000000e6200000)
  from space 34816K, 56% used [0x00000000e8300000,0x00000000e962aab8,0x00000000ea500000)
  to   space 33792K, 0% used [0x00000000e6200000,0x00000000e6200000,0x00000000e8300000)
 ParOldGen       total 311296K, used 288751K [0x0000000080000000, 0x0000000093000000, 0x00000000d5580000)
  object space 311296K, 92% used [0x0000000080000000,0x00000000919fbf08,0x0000000093000000)
 Metaspace       used 93657K, capacity 96394K, committed 96512K, reserved 1134592K
  class space    used 11270K, capacity 11695K, committed 11776K, reserved 1048576K
}
{Heap before GC invocations=469 (full 4):
 PSYoungGen      total 309760K, used 293762K [0x00000000d5580000, 0x00000000eb380000, 0x0000000100000000)
  eden space 274944K, 99% used [0x00000000d5580000,0x00000000e6135e50,0x00000000e6200000)
  from space 34816K, 56% used [0x00000000e8300000,0x00000000e962aab8,0x00000000ea500000)
  to   space 33792K, 0% used [0x00000000e6200000,0x00000000e6200000,0x00000000e8300000)
 ParOldGen       total 311296K, used 288751K [0x0000000080000000, 0x0000000093000000, 0x00000000d5580000)
  object space 311296K, 92% used [0x0000000080000000,0x00000000919fbf08,0x0000000093000000)
 Metaspace       used 93657K, capacity 96394K, committed 96512K, reserved 1134592K
  class space    used 11270K, capacity 11695K, committed 11776K, reserved 1048576K
2024-08-28T11:55:44.379+0600: 675651.708: [GC (Allocation Failure) [PSYoungGen: 293762K->22526K(308736K)] 582514K->311619K(620032K), 0.0132164 secs] [Times: user=0.02 sys=0.00, real=0.01 secs] 
Heap after GC invocations=469 (full 4):
 PSYoungGen      total 308736K, used 22526K [0x00000000d5580000, 0x00000000eb400000, 0x0000000100000000)
  eden space 274944K, 0% used [0x00000000d5580000,0x00000000d5580000,0x00000000e6200000)
  from space 33792K, 66% used [0x00000000e6200000,0x00000000e77ffb80,0x00000000e8300000)
  to   space 34304K, 0% used [0x00000000e9280000,0x00000000e9280000,0x00000000eb400000)
 ParOldGen       total 311296K, used 289092K [0x0000000080000000, 0x0000000093000000, 0x00000000d5580000)
  object space 311296K, 92% used [0x0000000080000000,0x0000000091a51098,0x0000000093000000)
 Metaspace       used 93657K, capacity 96394K, committed 96512K, reserved 1134592K
  class space    used 11270K, capacity 11695K, committed 11776K, reserved 1048576K
}
{Heap before GC invocations=470 (full 4):
 PSYoungGen      total 308736K, used 294876K [0x00000000d5580000, 0x00000000eb400000, 0x0000000100000000)
  eden space 274944K, 99% used [0x00000000d5580000,0x00000000e5f77628,0x00000000e6200000)
  from space 33792K, 66% used [0x00000000e6200000,0x00000000e77ffb80,0x00000000e8300000)
  to   space 34304K, 0% used [0x00000000e9280000,0x00000000e9280000,0x00000000eb400000)
 ParOldGen       total 311296K, used 289092K [0x0000000080000000, 0x0000000093000000, 0x00000000d5580000)
  object space 311296K, 92% used [0x0000000080000000,0x0000000091a51098,0x0000000093000000)
 Metaspace       used 93657K, capacity 96394K, committed 96512K, reserved 1134592K
  class space    used 11270K, capacity 11695K, committed 11776K, reserved 1048576K
2024-08-28T11:55:46.658+0600: 675653.987: [GC (Allocation Failure) [PSYoungGen: 294876K->21398K(321536K)] 583968K->310506K(632832K), 0.0150955 secs] [Times: user=0.03 sys=0.00, real=0.02 secs] 
Heap after GC invocations=470 (full 4):
 PSYoungGen      total 321536K, used 21398K [0x00000000d5580000, 0x00000000eb200000, 0x0000000100000000)
  eden space 289280K, 0% used [0x00000000d5580000,0x00000000d5580000,0x00000000e7000000)
  from space 32256K, 66% used [0x00000000e9280000,0x00000000ea765800,0x00000000eb200000)
  to   space 33792K, 0% used [0x00000000e7000000,0x00000000e7000000,0x00000000e9100000)
 ParOldGen       total 311296K, used 289108K [0x0000000080000000, 0x0000000093000000, 0x00000000d5580000)
  object space 311296K, 92% used [0x0000000080000000,0x0000000091a55098,0x0000000093000000)
 Metaspace       used 93657K, capacity 96394K, committed 96512K, reserved 1134592K
  class space    used 11270K, capacity 11695K, committed 11776K, reserved 1048576K
}
{Heap before GC invocations=471 (full 4):
 PSYoungGen      total 321536K, used 310678K [0x00000000d5580000, 0x00000000eb200000, 0x0000000100000000)
  eden space 289280K, 100% used [0x00000000d5580000,0x00000000e7000000,0x00000000e7000000)
  from space 32256K, 66% used [0x00000000e9280000,0x00000000ea765800,0x00000000eb200000)
  to   space 33792K, 0% used [0x00000000e7000000,0x00000000e7000000,0x00000000e9100000)
 ParOldGen       total 311296K, used 289108K [0x0000000080000000, 0x0000000093000000, 0x00000000d5580000)
  object space 311296K, 92% used [0x0000000080000000,0x0000000091a55098,0x0000000093000000)
 Metaspace       used 93657K, capacity 96394K, committed 96512K, reserved 1134592K
  class space    used 11270K, capacity 11695K, committed 11776K, reserved 1048576K
2024-08-28T11:55:47.907+0600: 675655.236: [GC (Allocation Failure) [PSYoungGen: 310678K->20559K(323072K)] 599786K->309718K(634368K), 0.0183349 secs] [Times: user=0.04 sys=0.00, real=0.02 secs] 
Heap after GC invocations=471 (full 4):
 PSYoungGen      total 323072K, used 20559K [0x00000000d5580000, 0x00000000ec180000, 0x0000000100000000)
  eden space 289280K, 0% used [0x00000000d5580000,0x00000000d5580000,0x00000000e7000000)
  from space 33792K, 60% used [0x00000000e7000000,0x00000000e8413cf0,0x00000000e9100000)
  to   space 33280K, 0% used [0x00000000ea100000,0x00000000ea100000,0x00000000ec180000)
 ParOldGen       total 311296K, used 289159K [0x0000000080000000, 0x0000000093000000, 0x00000000d5580000)
  object space 311296K, 92% used [0x0000000080000000,0x0000000091a61c88,0x0000000093000000)
 Metaspace       used 93657K, capacity 96394K, committed 96512K, reserved 1134592K
  class space    used 11270K, capacity 11695K, committed 11776K, reserved 1048576K
}
{Heap before GC invocations=472 (full 4):
 PSYoungGen      total 323072K, used 307395K [0x00000000d5580000, 0x00000000ec180000, 0x0000000100000000)
  eden space 289280K, 99% used [0x00000000d5580000,0x00000000e6d9d220,0x00000000e7000000)
  from space 33792K, 60% used [0x00000000e7000000,0x00000000e8413cf0,0x00000000e9100000)
  to   space 33280K, 0% used [0x00000000ea100000,0x00000000ea100000,0x00000000ec180000)
 ParOldGen       total 311296K, used 289159K [0x0000000080000000, 0x0000000093000000, 0x00000000d5580000)
  object space 311296K, 92% used [0x0000000080000000,0x0000000091a61c88,0x0000000093000000)
 Metaspace       used 93657K, capacity 96394K, committed 96512K, reserved 1134592K
  class space    used 11270K, capacity 11695K, committed 11776K, reserved 1048576K
2024-08-28T11:55:50.490+0600: 675657.819: [GC (Allocation Failure) [PSYoungGen: 307395K->24895K(338944K)] 596554K->314267K(650240K), 0.0238882 secs] [Times: user=0.05 sys=0.00, real=0.02 secs] 
Heap after GC invocations=472 (full 4):
 PSYoungGen      total 338944K, used 24895K [0x00000000d5580000, 0x00000000ec200000, 0x0000000100000000)
  eden space 305664K, 0% used [0x00000000d5580000,0x00000000d5580000,0x00000000e8000000)
  from space 33280K, 74% used [0x00000000ea100000,0x00000000eb94fef8,0x00000000ec180000)
  to   space 33792K, 0% used [0x00000000e8000000,0x00000000e8000000,0x00000000ea100000)
 ParOldGen       total 311296K, used 289371K [0x0000000080000000, 0x0000000093000000, 0x00000000d5580000)
  object space 311296K, 92% used [0x0000000080000000,0x0000000091a96f08,0x0000000093000000)
 Metaspace       used 93657K, capacity 96394K, committed 96512K, reserved 1134592K
  class space    used 11270K, capacity 11695K, committed 11776K, reserved 1048576K
}
{Heap before GC invocations=473 (full 4):
 PSYoungGen      total 338944K, used 330461K [0x00000000d5580000, 0x00000000ec200000, 0x0000000100000000)
  eden space 305664K, 99% used [0x00000000d5580000,0x00000000e7fe78c0,0x00000000e8000000)
  from space 33280K, 74% used [0x00000000ea100000,0x00000000eb94fef8,0x00000000ec180000)
  to   space 33792K, 0% used [0x00000000e8000000,0x00000000e8000000,0x00000000ea100000)
 ParOldGen       total 311296K, used 289371K [0x0000000080000000, 0x0000000093000000, 0x00000000d5580000)
  object space 311296K, 92% used [0x0000000080000000,0x0000000091a96f08,0x0000000093000000)
 Metaspace       used 93657K, capacity 96394K, committed 96512K, reserved 1134592K
  class space    used 11270K, capacity 11695K, committed 11776K, reserved 1048576K
2024-08-28T11:55:52.953+0600: 675660.282: [GC (Allocation Failure) [PSYoungGen: 330461K->20694K(339456K)] 619833K->310480K(650752K), 0.0150604 secs] [Times: user=0.03 sys=0.00, real=0.01 secs] 
Heap after GC invocations=473 (full 4):
 PSYoungGen      total 339456K, used 20694K [0x00000000d5580000, 0x00000000ed100000, 0x0000000100000000)
  eden space 305664K, 0% used [0x00000000d5580000,0x00000000d5580000,0x00000000e8000000)
  from space 33792K, 61% used [0x00000000e8000000,0x00000000e9435800,0x00000000ea100000)
  to   space 33280K, 0% used [0x00000000eb080000,0x00000000eb080000,0x00000000ed100000)
 ParOldGen       total 311296K, used 289786K [0x0000000080000000, 0x0000000093000000, 0x00000000d5580000)
  object space 311296K, 93% used [0x0000000080000000,0x0000000091afeb40,0x0000000093000000)
 Metaspace       used 93657K, capacity 96394K, committed 96512K, reserved 1134592K
  class space    used 11270K, capacity 11695K, committed 11776K, reserved 1048576K
}
{Heap before GC invocations=474 (full 4):
 PSYoungGen      total 339456K, used 326358K [0x00000000d5580000, 0x00000000ed100000, 0x0000000100000000)
  eden space 305664K, 100% used [0x00000000d5580000,0x00000000e8000000,0x00000000e8000000)
  from space 33792K, 61% used [0x00000000e8000000,0x00000000e9435800,0x00000000ea100000)
  to   space 33280K, 0% used [0x00000000eb080000,0x00000000eb080000,0x00000000ed100000)
 ParOldGen       total 311296K, used 289786K [0x0000000080000000, 0x0000000093000000, 0x00000000d5580000)
  object space 311296K, 93% used [0x0000000080000000,0x0000000091afeb40,0x0000000093000000)
 Metaspace       used 93657K, capacity 96394K, committed 96512K, reserved 1134592K
  class space    used 11270K, capacity 11695K, committed 11776K, reserved 1048576K
2024-08-28T11:55:54.207+0600: 675661.536: [GC (Allocation Failure) [PSYoungGen: 326358K->18090K(352256K)] 616144K->308237K(663552K), 0.0125806 secs] [Times: user=0.02 sys=0.00, real=0.02 secs] 
Heap after GC invocations=474 (full 4):
 PSYoungGen      total 352256K, used 18090K [0x00000000d5580000, 0x00000000ece00000, 0x0000000100000000)
  eden space 322048K, 0% used [0x00000000d5580000,0x00000000d5580000,0x00000000e9000000)
  from space 30208K, 59% used [0x00000000eb080000,0x00000000ec22aa88,0x00000000ece00000)
  to   space 31744K, 0% used [0x00000000e9000000,0x00000000e9000000,0x00000000eaf00000)
 ParOldGen       total 311296K, used 290146K [0x0000000080000000, 0x0000000093000000, 0x00000000d5580000)
  object space 311296K, 93% used [0x0000000080000000,0x0000000091b58ae0,0x0000000093000000)
 Metaspace       used 93657K, capacity 96394K, committed 96512K, reserved 1134592K
  class space    used 11270K, capacity 11695K, committed 11776K, reserved 1048576K
}
{Heap before GC invocations=475 (full 4):
 PSYoungGen      total 352256K, used 337720K [0x00000000d5580000, 0x00000000ece00000, 0x0000000100000000)
  eden space 322048K, 99% used [0x00000000d5580000,0x00000000e8da37c8,0x00000000e9000000)
  from space 30208K, 59% used [0x00000000eb080000,0x00000000ec22aa88,0x00000000ece00000)
  to   space 31744K, 0% used [0x00000000e9000000,0x00000000e9000000,0x00000000eaf00000)
 ParOldGen       total 311296K, used 290146K [0x0000000080000000, 0x0000000093000000, 0x00000000d5580000)
  object space 311296K, 93% used [0x0000000080000000,0x0000000091b58ae0,0x0000000093000000)
 Metaspace       used 93658K, capacity 96398K, committed 96512K, reserved 1134592K
  class space    used 11270K, capacity 11695K, committed 11776K, reserved 1048576K
2024-08-28T11:55:56.922+0600: 675664.251: [GC (Allocation Failure) [PSYoungGen: 337720K->14139K(353792K)] 627867K->314131K(665088K), 0.0175156 secs] [Times: user=0.04 sys=0.00, real=0.02 secs] 
Heap after GC invocations=475 (full 4):
 PSYoungGen      total 353792K, used 14139K [0x00000000d5580000, 0x00000000ede00000, 0x0000000100000000)
  eden space 322048K, 0% used [0x00000000d5580000,0x00000000d5580000,0x00000000e9000000)
  from space 31744K, 44% used [0x00000000e9000000,0x00000000e9dcee58,0x00000000eaf00000)
  to   space 31744K, 0% used [0x00000000ebf00000,0x00000000ebf00000,0x00000000ede00000)
 ParOldGen       total 311296K, used 299991K [0x0000000080000000, 0x0000000093000000, 0x00000000d5580000)
  object space 311296K, 96% used [0x0000000080000000,0x00000000924f5f50,0x0000000093000000)
 Metaspace       used 93658K, capacity 96398K, committed 96512K, reserved 1134592K
  class space    used 11270K, capacity 11695K, committed 11776K, reserved 1048576K
}
{Heap before GC invocations=476 (full 4):
 PSYoungGen      total 353792K, used 334993K [0x00000000d5580000, 0x00000000ede00000, 0x0000000100000000)
  eden space 322048K, 99% used [0x00000000d5580000,0x00000000e8ed5888,0x00000000e9000000)
  from space 31744K, 44% used [0x00000000e9000000,0x00000000e9dcee58,0x00000000eaf00000)
  to   space 31744K, 0% used [0x00000000ebf00000,0x00000000ebf00000,0x00000000ede00000)
 ParOldGen       total 311296K, used 299991K [0x0000000080000000, 0x0000000093000000, 0x00000000d5580000)
  object space 311296K, 96% used [0x0000000080000000,0x00000000924f5f50,0x0000000093000000)
 Metaspace       used 93658K, capacity 96398K, committed 96512K, reserved 1134592K
  class space    used 11270K, capacity 11695K, committed 11776K, reserved 1048576K
2024-08-28T11:55:59.446+0600: 675666.775: [GC (Allocation Failure) [PSYoungGen: 334993K->10354K(370176K)] 634985K->310362K(681472K), 0.0203511 secs] [Times: user=0.04 sys=0.00, real=0.02 secs] 
Heap after GC invocations=476 (full 4):
 PSYoungGen      total 370176K, used 10354K [0x00000000d5580000, 0x00000000ede00000, 0x0000000100000000)
  eden space 338432K, 0% used [0x00000000d5580000,0x00000000d5580000,0x00000000ea000000)
  from space 31744K, 32% used [0x00000000ebf00000,0x00000000ec91c9a0,0x00000000ede00000)
  to   space 31744K, 0% used [0x00000000ea000000,0x00000000ea000000,0x00000000ebf00000)
 ParOldGen       total 311296K, used 300007K [0x0000000080000000, 0x0000000093000000, 0x00000000d5580000)
  object space 311296K, 96% used [0x0000000080000000,0x00000000924f9f50,0x0000000093000000)
 Metaspace       used 93658K, capacity 96398K, committed 96512K, reserved 1134592K
  class space    used 11270K, capacity 11695K, committed 11776K, reserved 1048576K
}
{Heap before GC invocations=477 (full 4):
 PSYoungGen      total 370176K, used 348786K [0x00000000d5580000, 0x00000000ede00000, 0x0000000100000000)
  eden space 338432K, 100% used [0x00000000d5580000,0x00000000ea000000,0x00000000ea000000)
  from space 31744K, 32% used [0x00000000ebf00000,0x00000000ec91c9a0,0x00000000ede00000)
  to   space 31744K, 0% used [0x00000000ea000000,0x00000000ea000000,0x00000000ebf00000)
 ParOldGen       total 311296K, used 300007K [0x0000000080000000, 0x0000000093000000, 0x00000000d5580000)
  object space 311296K, 96% used [0x0000000080000000,0x00000000924f9f50,0x0000000093000000)
 Metaspace       used 93658K, capacity 96398K, committed 96512K, reserved 1134592K
  class space    used 11270K, capacity 11695K, committed 11776K, reserved 1048576K
2024-08-28T11:56:00.631+0600: 675667.960: [GC (Allocation Failure) [PSYoungGen: 348786K->1088K(370176K)] 648794K->301127K(681472K), 0.0092136 secs] [Times: user=0.01 sys=0.00, real=0.01 secs] 
Heap after GC invocations=477 (full 4):
 PSYoungGen      total 370176K, used 1088K [0x00000000d5580000, 0x00000000ef180000, 0x0000000100000000)
  eden space 338432K, 0% used [0x00000000d5580000,0x00000000d5580000,0x00000000ea000000)
  from space 31744K, 3% used [0x00000000ea000000,0x00000000ea110020,0x00000000ebf00000)
  to   space 33280K, 0% used [0x00000000ed100000,0x00000000ed100000,0x00000000ef180000)
 ParOldGen       total 311296K, used 300039K [0x0000000080000000, 0x0000000093000000, 0x00000000d5580000)
  object space 311296K, 96% used [0x0000000080000000,0x0000000092501ea0,0x0000000093000000)
 Metaspace       used 93658K, capacity 96398K, committed 96512K, reserved 1134592K
  class space    used 11270K, capacity 11695K, committed 11776K, reserved 1048576K
}
{Heap before GC invocations=478 (full 4):
 PSYoungGen      total 370176K, used 339519K [0x00000000d5580000, 0x00000000ef180000, 0x0000000100000000)
  eden space 338432K, 99% used [0x00000000d5580000,0x00000000e9ffff10,0x00000000ea000000)
  from space 31744K, 3% used [0x00000000ea000000,0x00000000ea110020,0x00000000ebf00000)
  to   space 33280K, 0% used [0x00000000ed100000,0x00000000ed100000,0x00000000ef180000)
 ParOldGen       total 311296K, used 300039K [0x0000000080000000, 0x0000000093000000, 0x00000000d5580000)
  object space 311296K, 96% used [0x0000000080000000,0x0000000092501ea0,0x0000000093000000)
 Metaspace       used 93658K, capacity 96398K, committed 96512K, reserved 1134592K
  class space    used 11270K, capacity 11695K, committed 11776K, reserved 1048576K
2024-08-28T11:56:03.520+0600: 675670.849: [GC (Allocation Failure) [PSYoungGen: 339519K->8137K(336896K)] 639559K->308311K(648192K), 0.0098618 secs] [Times: user=0.02 sys=0.00, real=0.01 secs] 
Heap after GC invocations=478 (full 4):
 PSYoungGen      total 336896K, used 8137K [0x00000000d5580000, 0x00000000ed900000, 0x0000000100000000)
  eden space 328704K, 0% used [0x00000000d5580000,0x00000000d5580000,0x00000000e9680000)
  from space 8192K, 99% used [0x00000000ed100000,0x00000000ed8f24c8,0x00000000ed900000)
  to   space 32768K, 0% used [0x00000000e9900000,0x00000000e9900000,0x00000000eb900000)
 ParOldGen       total 311296K, used 300174K [0x0000000080000000, 0x0000000093000000, 0x00000000d5580000)
  object space 311296K, 96% used [0x0000000080000000,0x0000000092523a80,0x0000000093000000)
 Metaspace       used 93658K, capacity 96398K, committed 96512K, reserved 1134592K
  class space    used 11270K, capacity 11695K, committed 11776K, reserved 1048576K
}
{Heap before GC invocations=479 (full 4):
 PSYoungGen      total 336896K, used 333063K [0x00000000d5580000, 0x00000000ed900000, 0x0000000100000000)
  eden space 328704K, 98% used [0x00000000d5580000,0x00000000e92cf960,0x00000000e9680000)
  from space 8192K, 99% used [0x00000000ed100000,0x00000000ed8f24c8,0x00000000ed900000)
  to   space 32768K, 0% used [0x00000000e9900000,0x00000000e9900000,0x00000000eb900000)
 ParOldGen       total 311296K, used 300174K [0x0000000080000000, 0x0000000093000000, 0x00000000d5580000)
  object space 311296K, 96% used [0x0000000080000000,0x0000000092523a80,0x0000000093000000)
 Metaspace       used 93658K, capacity 96398K, committed 96512K, reserved 1134592K
  class space    used 11270K, capacity 11695K, committed 11776K, reserved 1048576K
2024-08-28T11:56:06.165+0600: 675673.494: [GC (Allocation Failure) [PSYoungGen: 333063K->14011K(333824K)] 633238K->314194K(645120K), 0.0127951 secs] [Times: user=0.02 sys=0.00, real=0.01 secs] 
Heap after GC invocations=479 (full 4):
 PSYoungGen      total 333824K, used 14011K [0x00000000d5580000, 0x00000000ed180000, 0x0000000100000000)
  eden space 319488K, 0% used [0x00000000d5580000,0x00000000d5580000,0x00000000e8d80000)
  from space 14336K, 97% used [0x00000000e9900000,0x00000000ea6aee38,0x00000000ea700000)
  to   space 31232K, 0% used [0x00000000eb300000,0x00000000eb300000,0x00000000ed180000)
 ParOldGen       total 311296K, used 300182K [0x0000000080000000, 0x0000000093000000, 0x00000000d5580000)
  object space 311296K, 96% used [0x0000000080000000,0x0000000092525a80,0x0000000093000000)
 Metaspace       used 93658K, capacity 96398K, committed 96512K, reserved 1134592K
  class space    used 11270K, capacity 11695K, committed 11776K, reserved 1048576K
}
{Heap before GC invocations=480 (full 4):
 PSYoungGen      total 333824K, used 331539K [0x00000000d5580000, 0x00000000ed180000, 0x0000000100000000)
  eden space 319488K, 99% used [0x00000000d5580000,0x00000000e8b95f00,0x00000000e8d80000)
  from space 14336K, 97% used [0x00000000e9900000,0x00000000ea6aee38,0x00000000ea700000)
  to   space 31232K, 0% used [0x00000000eb300000,0x00000000eb300000,0x00000000ed180000)
 ParOldGen       total 311296K, used 300182K [0x0000000080000000, 0x0000000093000000, 0x00000000d5580000)
  object space 311296K, 96% used [0x0000000080000000,0x0000000092525a80,0x0000000093000000)
 Metaspace       used 93658K, capacity 96398K, committed 96512K, reserved 1134592K
  class space    used 11270K, capacity 11695K, committed 11776K, reserved 1048576K
2024-08-28T11:56:08.676+0600: 675676.005: [GC (Allocation Failure) [PSYoungGen: 331539K->13883K(324608K)] 631721K->314234K(635904K), 0.0160815 secs] [Times: user=0.03 sys=0.00, real=0.02 secs] 
Heap after GC invocations=480 (full 4):
 PSYoungGen      total 324608K, used 13883K [0x00000000d5580000, 0x00000000ec100000, 0x0000000100000000)
  eden space 310272K, 0% used [0x00000000d5580000,0x00000000d5580000,0x00000000e8480000)
  from space 14336K, 96% used [0x00000000eb300000,0x00000000ec08ee38,0x00000000ec100000)
  to   space 30208K, 0% used [0x00000000e8600000,0x00000000e8600000,0x00000000ea380000)
 ParOldGen       total 311296K, used 300350K [0x0000000080000000, 0x0000000093000000, 0x00000000d5580000)
  object space 311296K, 96% used [0x0000000080000000,0x000000009254fae0,0x0000000093000000)
 Metaspace       used 93658K, capacity 96398K, committed 96512K, reserved 1134592K
  class space    used 11270K, capacity 11695K, committed 11776K, reserved 1048576K
}
{Heap before GC invocations=481 (full 4):
 PSYoungGen      total 324608K, used 324155K [0x00000000d5580000, 0x00000000ec100000, 0x0000000100000000)
  eden space 310272K, 100% used [0x00000000d5580000,0x00000000e8480000,0x00000000e8480000)
  from space 14336K, 96% used [0x00000000eb300000,0x00000000ec08ee38,0x00000000ec100000)
  to   space 30208K, 0% used [0x00000000e8600000,0x00000000e8600000,0x00000000ea380000)
 ParOldGen       total 311296K, used 300350K [0x0000000080000000, 0x0000000093000000, 0x00000000d5580000)
  object space 311296K, 96% used [0x0000000080000000,0x000000009254fae0,0x0000000093000000)
 Metaspace       used 93658K, capacity 96398K, committed 96512K, reserved 1134592K
  class space    used 11270K, capacity 11695K, committed 11776K, reserved 1048576K
2024-08-28T11:56:09.778+0600: 675677.107: [GC (Allocation Failure) [PSYoungGen: 324155K->8267K(310272K)] 624506K->308618K(621568K), 0.0106454 secs] [Times: user=0.02 sys=0.00, real=0.01 secs] 
Heap after GC invocations=481 (full 4):
 PSYoungGen      total 310272K, used 8267K [0x00000000d5580000, 0x00000000eb600000, 0x0000000100000000)
  eden space 301568K, 0% used [0x00000000d5580000,0x00000000d5580000,0x00000000e7c00000)
  from space 8704K, 94% used [0x00000000e8600000,0x00000000e8e12d88,0x00000000e8e80000)
  to   space 29696K, 0% used [0x00000000e9900000,0x00000000e9900000,0x00000000eb600000)
 ParOldGen       total 311296K, used 300350K [0x0000000080000000, 0x0000000093000000, 0x00000000d5580000)
  object space 311296K, 96% used [0x0000000080000000,0x000000009254fae0,0x0000000093000000)
 Metaspace       used 93658K, capacity 96398K, committed 96512K, reserved 1134592K
  class space    used 11270K, capacity 11695K, committed 11776K, reserved 1048576K
}
{Heap before GC invocations=482 (full 4):
 PSYoungGen      total 310272K, used 308065K [0x00000000d5580000, 0x00000000eb600000, 0x0000000100000000)
  eden space 301568K, 99% used [0x00000000d5580000,0x00000000e7a457c0,0x00000000e7c00000)
  from space 8704K, 94% used [0x00000000e8600000,0x00000000e8e12d88,0x00000000e8e80000)
  to   space 29696K, 0% used [0x00000000e9900000,0x00000000e9900000,0x00000000eb600000)
 ParOldGen       total 311296K, used 300350K [0x0000000080000000, 0x0000000093000000, 0x00000000d5580000)
  object space 311296K, 96% used [0x0000000080000000,0x000000009254fae0,0x0000000093000000)
 Metaspace       used 93658K, capacity 96398K, committed 96512K, reserved 1134592K
  class space    used 11270K, capacity 11695K, committed 11776K, reserved 1048576K
2024-08-28T11:56:12.709+0600: 675680.038: [GC (Allocation Failure) [PSYoungGen: 308065K->10098K(313856K)] 608416K->310481K(625152K), 0.0111566 secs] [Times: user=0.02 sys=0.00, real=0.01 secs] 
Heap after GC invocations=482 (full 4):
 PSYoungGen      total 313856K, used 10098K [0x00000000d5580000, 0x00000000ead00000, 0x0000000100000000)
  eden space 293376K, 0% used [0x00000000d5580000,0x00000000d5580000,0x00000000e7400000)
  from space 20480K, 49% used [0x00000000e9900000,0x00000000ea2dc980,0x00000000ead00000)
  to   space 29184K, 0% used [0x00000000e7400000,0x00000000e7400000,0x00000000e9080000)
 ParOldGen       total 311296K, used 300382K [0x0000000080000000, 0x0000000093000000, 0x00000000d5580000)
  object space 311296K, 96% used [0x0000000080000000,0x0000000092557ae0,0x0000000093000000)
 Metaspace       used 93658K, capacity 96398K, committed 96512K, reserved 1134592K
  class space    used 11270K, capacity 11695K, committed 11776K, reserved 1048576K
}
{Heap before GC invocations=483 (full 4):
 PSYoungGen      total 313856K, used 301196K [0x00000000d5580000, 0x00000000ead00000, 0x0000000100000000)
  eden space 293376K, 99% used [0x00000000d5580000,0x00000000e71c6880,0x00000000e7400000)
  from space 20480K, 49% used [0x00000000e9900000,0x00000000ea2dc980,0x00000000ead00000)
  to   space 29184K, 0% used [0x00000000e7400000,0x00000000e7400000,0x00000000e9080000)
 ParOldGen       total 311296K, used 300382K [0x0000000080000000, 0x0000000093000000, 0x00000000d5580000)
  object space 311296K, 96% used [0x0000000080000000,0x0000000092557ae0,0x0000000093000000)
 Metaspace       used 93658K, capacity 96398K, committed 96512K, reserved 1134592K
  class space    used 11270K, capacity 11695K, committed 11776K, reserved 1048576K
2024-08-28T11:56:14.941+0600: 675682.271: [GC (Allocation Failure) [PSYoungGen: 301196K->14011K(299520K)] 601579K->314410K(610816K), 0.0160932 secs] [Times: user=0.03 sys=0.00, real=0.01 secs] 
Heap after GC invocations=483 (full 4):
 PSYoungGen      total 299520K, used 14011K [0x00000000d5580000, 0x00000000ea200000, 0x0000000100000000)
  eden space 285184K, 0% used [0x00000000d5580000,0x00000000d5580000,0x00000000e6c00000)
  from space 14336K, 97% used [0x00000000e7400000,0x00000000e81aee58,0x00000000e8200000)
  to   space 27648K, 0% used [0x00000000e8700000,0x00000000e8700000,0x00000000ea200000)
 ParOldGen       total 311296K, used 300398K [0x0000000080000000, 0x0000000093000000, 0x00000000d5580000)
  object space 311296K, 96% used [0x0000000080000000,0x000000009255ba30,0x0000000093000000)
 Metaspace       used 93658K, capacity 96398K, committed 96512K, reserved 1134592K
  class space    used 11270K, capacity 11695K, committed 11776K, reserved 1048576K
}
{Heap before GC invocations=484 (full 4):
 PSYoungGen      total 299520K, used 299195K [0x00000000d5580000, 0x00000000ea200000, 0x0000000100000000)
  eden space 285184K, 100% used [0x00000000d5580000,0x00000000e6c00000,0x00000000e6c00000)
  from space 14336K, 97% used [0x00000000e7400000,0x00000000e81aee58,0x00000000e8200000)
  to   space 27648K, 0% used [0x00000000e8700000,0x00000000e8700000,0x00000000ea200000)
 ParOldGen       total 311296K, used 300398K [0x0000000080000000, 0x0000000093000000, 0x00000000d5580000)
  object space 311296K, 96% used [0x0000000080000000,0x000000009255ba30,0x0000000093000000)
 Metaspace       used 93658K, capacity 96398K, committed 96512K, reserved 1134592K
  class space    used 11270K, capacity 11695K, committed 11776K, reserved 1048576K
2024-08-28T11:56:16.012+0600: 675683.341: [GC (Allocation Failure) [PSYoungGen: 299195K->8425K(296448K)] 599594K->308863K(607744K), 0.0092628 secs] [Times: user=0.01 sys=0.01, real=0.01 secs] 
Heap after GC invocations=484 (full 4):
 PSYoungGen      total 296448K, used 8425K [0x00000000d5580000, 0x00000000e9980000, 0x0000000100000000)
  eden space 277504K, 0% used [0x00000000d5580000,0x00000000d5580000,0x00000000e6480000)
  from space 18944K, 44% used [0x00000000e8700000,0x00000000e8f3a4e8,0x00000000e9980000)
  to   space 27136K, 0% used [0x00000000e6480000,0x00000000e6480000,0x00000000e7f00000)
 ParOldGen       total 311296K, used 300438K [0x0000000080000000, 0x0000000093000000, 0x00000000d5580000)
  object space 311296K, 96% used [0x0000000080000000,0x0000000092565980,0x0000000093000000)
 Metaspace       used 93658K, capacity 96398K, committed 96512K, reserved 1134592K
  class space    used 11270K, capacity 11695K, committed 11776K, reserved 1048576K
}
{Heap before GC invocations=485 (full 4):
 PSYoungGen      total 296448K, used 284426K [0x00000000d5580000, 0x00000000e9980000, 0x0000000100000000)
  eden space 277504K, 99% used [0x00000000d5580000,0x00000000e6308468,0x00000000e6480000)
  from space 18944K, 44% used [0x00000000e8700000,0x00000000e8f3a4e8,0x00000000e9980000)
  to   space 27136K, 0% used [0x00000000e6480000,0x00000000e6480000,0x00000000e7f00000)
 ParOldGen       total 311296K, used 300438K [0x0000000080000000, 0x0000000093000000, 0x00000000d5580000)
  object space 311296K, 96% used [0x0000000080000000,0x0000000092565980,0x0000000093000000)
 Metaspace       used 93658K, capacity 96398K, committed 96512K, reserved 1134592K
  class space    used 11270K, capacity 11695K, committed 11776K, reserved 1048576K
2024-08-28T11:56:18.813+0600: 675686.142: [GC (Allocation Failure) [PSYoungGen: 284426K->14171K(284672K)] 584864K->314633K(595968K), 0.0161871 secs] [Times: user=0.03 sys=0.00, real=0.02 secs] 
Heap after GC invocations=485 (full 4):
 PSYoungGen      total 284672K, used 14171K [0x00000000d5580000, 0x00000000e9080000, 0x0000000100000000)
  eden space 270336K, 0% used [0x00000000d5580000,0x00000000d5580000,0x00000000e5d80000)
  from space 14336K, 98% used [0x00000000e6480000,0x00000000e7256e58,0x00000000e7280000)
  to   space 26112K, 0% used [0x00000000e7700000,0x00000000e7700000,0x00000000e9080000)
 ParOldGen       total 311296K, used 300462K [0x0000000080000000, 0x0000000093000000, 0x00000000d5580000)
  object space 311296K, 96% used [0x0000000080000000,0x000000009256b980,0x0000000093000000)
 Metaspace       used 93658K, capacity 96398K, committed 96512K, reserved 1134592K
  class space    used 11270K, capacity 11695K, committed 11776K, reserved 1048576K
}
{Heap before GC invocations=486 (full 4):
 PSYoungGen      total 284672K, used 283058K [0x00000000d5580000, 0x00000000e9080000, 0x0000000100000000)
  eden space 270336K, 99% used [0x00000000d5580000,0x00000000e5c15ae8,0x00000000e5d80000)
  from space 14336K, 98% used [0x00000000e6480000,0x00000000e7256e58,0x00000000e7280000)
  to   space 26112K, 0% used [0x00000000e7700000,0x00000000e7700000,0x00000000e9080000)
 ParOldGen       total 311296K, used 300462K [0x0000000080000000, 0x0000000093000000, 0x00000000d5580000)
  object space 311296K, 96% used [0x0000000080000000,0x000000009256b980,0x0000000093000000)
 Metaspace       used 93658K, capacity 96398K, committed 96512K, reserved 1134592K
  class space    used 11270K, capacity 11695K, committed 11776K, reserved 1048576K
2024-08-28T11:56:20.997+0600: 675688.326: [GC (Allocation Failure) [PSYoungGen: 283058K->10546K(281088K)] 583520K->311016K(592384K), 0.0177383 secs] [Times: user=0.03 sys=0.00, real=0.02 secs] 
Heap after GC invocations=486 (full 4):
 PSYoungGen      total 281088K, used 10546K [0x00000000d5580000, 0x00000000e8880000, 0x0000000100000000)
  eden space 263168K, 0% used [0x00000000d5580000,0x00000000d5580000,0x00000000e5680000)
  from space 17920K, 58% used [0x00000000e7700000,0x00000000e814c9b0,0x00000000e8880000)
  to   space 25600K, 0% used [0x00000000e5680000,0x00000000e5680000,0x00000000e6f80000)
 ParOldGen       total 311296K, used 300470K [0x0000000080000000, 0x0000000093000000, 0x00000000d5580000)
  object space 311296K, 96% used [0x0000000080000000,0x000000009256d980,0x0000000093000000)
 Metaspace       used 93658K, capacity 96398K, committed 96512K, reserved 1134592K
  class space    used 11270K, capacity 11695K, committed 11776K, reserved 1048576K
}
{Heap before GC invocations=487 (full 4):
 PSYoungGen      total 281088K, used 273714K [0x00000000d5580000, 0x00000000e8880000, 0x0000000100000000)
  eden space 263168K, 100% used [0x00000000d5580000,0x00000000e5680000,0x00000000e5680000)
  from space 17920K, 58% used [0x00000000e7700000,0x00000000e814c9b0,0x00000000e8880000)
  to   space 25600K, 0% used [0x00000000e5680000,0x00000000e5680000,0x00000000e6f80000)
 ParOldGen       total 311296K, used 300470K [0x0000000080000000, 0x0000000093000000, 0x00000000d5580000)
  object space 311296K, 96% used [0x0000000080000000,0x000000009256d980,0x0000000093000000)
 Metaspace       used 93658K, capacity 96398K, committed 96512K, reserved 1134592K
  class space    used 11270K, capacity 11695K, committed 11776K, reserved 1048576K
2024-08-28T11:56:22.125+0600: 675689.454: [GC (Allocation Failure) [PSYoungGen: 273714K->8509K(265216K)] 574184K->309012K(576512K), 0.0091919 secs] [Times: user=0.02 sys=0.00, real=0.01 secs] 
Heap after GC invocations=487 (full 4):
 PSYoungGen      total 265216K, used 8509K [0x00000000d5580000, 0x00000000e8100000, 0x0000000100000000)
  eden space 256512K, 0% used [0x00000000d5580000,0x00000000d5580000,0x00000000e5000000)
  from space 8704K, 97% used [0x00000000e5680000,0x00000000e5ecf688,0x00000000e5f00000)
  to   space 25088K, 0% used [0x00000000e6880000,0x00000000e6880000,0x00000000e8100000)
 ParOldGen       total 311296K, used 300502K [0x0000000080000000, 0x0000000093000000, 0x00000000d5580000)
  object space 311296K, 96% used [0x0000000080000000,0x0000000092575980,0x0000000093000000)
 Metaspace       used 93658K, capacity 96398K, committed 96512K, reserved 1134592K
  class space    used 11270K, capacity 11695K, committed 11776K, reserved 1048576K
}
{Heap before GC invocations=488 (full 4):
 PSYoungGen      total 265216K, used 264351K [0x00000000d5580000, 0x00000000e8100000, 0x0000000100000000)
  eden space 256512K, 99% used [0x00000000d5580000,0x00000000e4f58900,0x00000000e5000000)
  from space 8704K, 97% used [0x00000000e5680000,0x00000000e5ecf688,0x00000000e5f00000)
  to   space 25088K, 0% used [0x00000000e6880000,0x00000000e6880000,0x00000000e8100000)
 ParOldGen       total 311296K, used 300502K [0x0000000080000000, 0x0000000093000000, 0x00000000d5580000)
  object space 311296K, 96% used [0x0000000080000000,0x0000000092575980,0x0000000093000000)
 Metaspace       used 93658K, capacity 96398K, committed 96512K, reserved 1134592K
  class space    used 11270K, capacity 11695K, committed 11776K, reserved 1048576K
2024-08-28T11:56:24.569+0600: 675691.898: [GC (Allocation Failure) [PSYoungGen: 264351K->10921K(266240K)] 564854K->311463K(577536K), 0.0122839 secs] [Times: user=0.02 sys=0.00, real=0.01 secs] 
Heap after GC invocations=488 (full 4):
 PSYoungGen      total 266240K, used 10921K [0x00000000d5580000, 0x00000000e7880000, 0x0000000100000000)
  eden space 249856K, 0% used [0x00000000d5580000,0x00000000d5580000,0x00000000e4980000)
  from space 16384K, 66% used [0x00000000e6880000,0x00000000e732a400,0x00000000e7880000)
  to   space 24064K, 0% used [0x00000000e4980000,0x00000000e4980000,0x00000000e6100000)
 ParOldGen       total 311296K, used 300542K [0x0000000080000000, 0x0000000093000000, 0x00000000d5580000)
  object space 311296K, 96% used [0x0000000080000000,0x000000009257f8d0,0x0000000093000000)
 Metaspace       used 93658K, capacity 96398K, committed 96512K, reserved 1134592K
  class space    used 11270K, capacity 11695K, committed 11776K, reserved 1048576K
}
{Heap before GC invocations=489 (full 4):
 PSYoungGen      total 266240K, used 260777K [0x00000000d5580000, 0x00000000e7880000, 0x0000000100000000)
  eden space 249856K, 100% used [0x00000000d5580000,0x00000000e4980000,0x00000000e4980000)
  from space 16384K, 66% used [0x00000000e6880000,0x00000000e732a400,0x00000000e7880000)
  to   space 24064K, 0% used [0x00000000e4980000,0x00000000e4980000,0x00000000e6100000)
 ParOldGen       total 311296K, used 300649K [0x0000000080000000, 0x0000000093000000, 0x00000000d5580000)
  object space 311296K, 96% used [0x0000000080000000,0x000000009259a470,0x0000000093000000)
 Metaspace       used 93658K, capacity 96398K, committed 96512K, reserved 1134592K
  class space    used 11270K, capacity 11695K, committed 11776K, reserved 1048576K
2024-08-28T11:56:25.395+0600: 675692.724: [GC (GCLocker Initiated GC) [PSYoungGen: 260777K->8553K(252416K)] 561426K->309210K(563712K), 0.0095159 secs] [Times: user=0.02 sys=0.00, real=0.01 secs] 
Heap after GC invocations=489 (full 4):
 PSYoungGen      total 252416K, used 8553K [0x00000000d5580000, 0x00000000e7180000, 0x0000000100000000)
  eden space 243712K, 0% used [0x00000000d5580000,0x00000000d5580000,0x00000000e4380000)
  from space 8704K, 98% used [0x00000000e4980000,0x00000000e51da4f8,0x00000000e5200000)
  to   space 23552K, 0% used [0x00000000e5a80000,0x00000000e5a80000,0x00000000e7180000)
 ParOldGen       total 311296K, used 300657K [0x0000000080000000, 0x0000000093000000, 0x00000000d5580000)
  object space 311296K, 96% used [0x0000000080000000,0x000000009259c470,0x0000000093000000)
 Metaspace       used 93658K, capacity 96398K, committed 96512K, reserved 1134592K
  class space    used 11270K, capacity 11695K, committed 11776K, reserved 1048576K
}
{Heap before GC invocations=490 (full 5):
 PSYoungGen      total 252416K, used 252265K [0x00000000d5580000, 0x00000000e7180000, 0x0000000100000000)
  eden space 243712K, 100% used [0x00000000d5580000,0x00000000e4380000,0x00000000e4380000)
  from space 8704K, 98% used [0x00000000e4980000,0x00000000e51da4f8,0x00000000e5200000)
  to   space 23552K, 0% used [0x00000000e5a80000,0x00000000e5a80000,0x00000000e7180000)
 ParOldGen       total 409088K, used 408549K [0x0000000080000000, 0x0000000098f80000, 0x00000000d5580000)
  object space 409088K, 99% used [0x0000000080000000,0x0000000098ef94c0,0x0000000098f80000)
 Metaspace       used 93658K, capacity 96398K, committed 96512K, reserved 1134592K
  class space    used 11270K, capacity 11695K, committed 11776K, reserved 1048576K
2024-08-28T11:56:28.339+0600: 675695.668: [Full GC (Ergonomics) [PSYoungGen: 252265K->0K(252416K)] [ParOldGen: 408549K->85376K(384000K)] 660814K->85376K(636416K), [Metaspace: 93658K->93119K(1134592K)], 0.2833165 secs] [Times: user=0.45 sys=0.00, real=0.28 secs] 
Heap after GC invocations=490 (full 5):
 PSYoungGen      total 252416K, used 0K [0x00000000d5580000, 0x00000000e7180000, 0x0000000100000000)
  eden space 243712K, 0% used [0x00000000d5580000,0x00000000d5580000,0x00000000e4380000)
  from space 8704K, 0% used [0x00000000e4980000,0x00000000e4980000,0x00000000e5200000)
  to   space 23552K, 0% used [0x00000000e5a80000,0x00000000e5a80000,0x00000000e7180000)
 ParOldGen       total 384000K, used 85376K [0x0000000080000000, 0x0000000097700000, 0x00000000d5580000)
  object space 384000K, 22% used [0x0000000080000000,0x0000000085360208,0x0000000097700000)
 Metaspace       used 93119K, capacity 95102K, committed 96512K, reserved 1134592K
  class space    used 11151K, capacity 11479K, committed 11776K, reserved 1048576K
}
{Heap before GC invocations=491 (full 5):
 PSYoungGen      total 252416K, used 240432K [0x00000000d5580000, 0x00000000e7180000, 0x0000000100000000)
  eden space 243712K, 98% used [0x00000000d5580000,0x00000000e404c058,0x00000000e4380000)
  from space 8704K, 0% used [0x00000000e4980000,0x00000000e4980000,0x00000000e5200000)
  to   space 23552K, 0% used [0x00000000e5a80000,0x00000000e5a80000,0x00000000e7180000)
 ParOldGen       total 384000K, used 85376K [0x0000000080000000, 0x0000000097700000, 0x00000000d5580000)
  object space 384000K, 22% used [0x0000000080000000,0x0000000085360208,0x0000000097700000)
 Metaspace       used 93119K, capacity 95102K, committed 96512K, reserved 1134592K
  class space    used 11151K, capacity 11479K, committed 11776K, reserved 1048576K
2024-08-28T11:56:30.926+0600: 675698.255: [GC (Allocation Failure) [PSYoungGen: 240432K->11476K(268288K)] 325808K->96853K(652288K), 0.0130525 secs] [Times: user=0.03 sys=0.00, real=0.02 secs] 
Heap after GC invocations=491 (full 5):
 PSYoungGen      total 268288K, used 11476K [0x00000000d5580000, 0x00000000e7b00000, 0x0000000100000000)
  eden space 244736K, 0% used [0x00000000d5580000,0x00000000d5580000,0x00000000e4480000)
  from space 23552K, 48% used [0x00000000e5a80000,0x00000000e65b5250,0x00000000e7180000)
  to   space 22528K, 0% used [0x00000000e4480000,0x00000000e4480000,0x00000000e5a80000)
 ParOldGen       total 384000K, used 85376K [0x0000000080000000, 0x0000000097700000, 0x00000000d5580000)
  object space 384000K, 22% used [0x0000000080000000,0x0000000085360208,0x0000000097700000)
 Metaspace       used 93119K, capacity 95102K, committed 96512K, reserved 1134592K
  class space    used 11151K, capacity 11479K, committed 11776K, reserved 1048576K
}
{Heap before GC invocations=492 (full 5):
 PSYoungGen      total 268288K, used 256212K [0x00000000d5580000, 0x00000000e7b00000, 0x0000000100000000)
  eden space 244736K, 100% used [0x00000000d5580000,0x00000000e4480000,0x00000000e4480000)
  from space 23552K, 48% used [0x00000000e5a80000,0x00000000e65b5250,0x00000000e7180000)
  to   space 22528K, 0% used [0x00000000e4480000,0x00000000e4480000,0x00000000e5a80000)
 ParOldGen       total 384000K, used 85376K [0x0000000080000000, 0x0000000097700000, 0x00000000d5580000)
  object space 384000K, 22% used [0x0000000080000000,0x0000000085360208,0x0000000097700000)
 Metaspace       used 93119K, capacity 95102K, committed 96512K, reserved 1134592K
  class space    used 11151K, capacity 11479K, committed 11776K, reserved 1048576K
2024-08-28T11:56:31.945+0600: 675699.274: [GC (Allocation Failure) [PSYoungGen: 256212K->9417K(267264K)] 341589K->94793K(651264K), 0.0071845 secs] [Times: user=0.02 sys=0.00, real=0.01 secs] 
Heap after GC invocations=492 (full 5):
 PSYoungGen      total 267264K, used 9417K [0x00000000d5580000, 0x00000000e7b00000, 0x0000000100000000)
  eden space 244736K, 0% used [0x00000000d5580000,0x00000000d5580000,0x00000000e4480000)
  from space 22528K, 41% used [0x00000000e4480000,0x00000000e4db24d8,0x00000000e5a80000)
  to   space 22016K, 0% used [0x00000000e6580000,0x00000000e6580000,0x00000000e7b00000)
 ParOldGen       total 384000K, used 85376K [0x0000000080000000, 0x0000000097700000, 0x00000000d5580000)
  object space 384000K, 22% used [0x0000000080000000,0x0000000085360208,0x0000000097700000)
 Metaspace       used 93119K, capacity 95102K, committed 96512K, reserved 1134592K
  class space    used 11151K, capacity 11479K, committed 11776K, reserved 1048576K
}
{Heap before GC invocations=493 (full 5):
 PSYoungGen      total 267264K, used 252356K [0x00000000d5580000, 0x00000000e7b00000, 0x0000000100000000)
  eden space 244736K, 99% used [0x00000000d5580000,0x00000000e42beba0,0x00000000e4480000)
  from space 22528K, 41% used [0x00000000e4480000,0x00000000e4db24d8,0x00000000e5a80000)
  to   space 22016K, 0% used [0x00000000e6580000,0x00000000e6580000,0x00000000e7b00000)
 ParOldGen       total 384000K, used 85376K [0x0000000080000000, 0x0000000097700000, 0x00000000d5580000)
  object space 384000K, 22% used [0x0000000080000000,0x0000000085360208,0x0000000097700000)
 Metaspace       used 93119K, capacity 95102K, committed 96512K, reserved 1134592K
  class space    used 11151K, capacity 11479K, committed 11776K, reserved 1048576K
2024-08-28T11:56:34.287+0600: 675701.616: [GC (Allocation Failure) [PSYoungGen: 252356K->15293K(278016K)] 337732K->100670K(662016K), 0.0162738 secs] [Times: user=0.03 sys=0.00, real=0.02 secs] 
Heap after GC invocations=493 (full 5):
 PSYoungGen      total 278016K, used 15293K [0x00000000d5580000, 0x00000000e7c80000, 0x0000000100000000)
  eden space 256000K, 0% used [0x00000000d5580000,0x00000000d5580000,0x00000000e4f80000)
  from space 22016K, 69% used [0x00000000e6580000,0x00000000e746f708,0x00000000e7b00000)
  to   space 22528K, 0% used [0x00000000e4f80000,0x00000000e4f80000,0x00000000e6580000)
 ParOldGen       total 384000K, used 85376K [0x0000000080000000, 0x0000000097700000, 0x00000000d5580000)
  object space 384000K, 22% used [0x0000000080000000,0x0000000085360208,0x0000000097700000)
 Metaspace       used 93119K, capacity 95102K, committed 96512K, reserved 1134592K
  class space    used 11151K, capacity 11479K, committed 11776K, reserved 1048576K
}
{Heap before GC invocations=494 (full 5):
 PSYoungGen      total 278016K, used 271293K [0x00000000d5580000, 0x00000000e7c80000, 0x0000000100000000)
  eden space 256000K, 100% used [0x00000000d5580000,0x00000000e4f80000,0x00000000e4f80000)
  from space 22016K, 69% used [0x00000000e6580000,0x00000000e746f708,0x00000000e7b00000)
  to   space 22528K, 0% used [0x00000000e4f80000,0x00000000e4f80000,0x00000000e6580000)
 ParOldGen       total 384000K, used 85376K [0x0000000080000000, 0x0000000097700000, 0x00000000d5580000)
  object space 384000K, 22% used [0x0000000080000000,0x0000000085360208,0x0000000097700000)
 Metaspace       used 93119K, capacity 95102K, committed 96512K, reserved 1134592K
  class space    used 11151K, capacity 11479K, committed 11776K, reserved 1048576K
2024-08-28T11:56:35.210+0600: 675702.539: [GC (Allocation Failure) [PSYoungGen: 271293K->2304K(278528K)] 356670K->87680K(662528K), 0.0065948 secs] [Times: user=0.02 sys=0.00, real=0.00 secs] 
Heap after GC invocations=494 (full 5):
 PSYoungGen      total 278528K, used 2304K [0x00000000d5580000, 0x00000000e8900000, 0x0000000100000000)
  eden space 256000K, 0% used [0x00000000d5580000,0x00000000d5580000,0x00000000e4f80000)
  from space 22528K, 10% used [0x00000000e4f80000,0x00000000e51c0020,0x00000000e6580000)
  to   space 23040K, 0% used [0x00000000e7280000,0x00000000e7280000,0x00000000e8900000)
 ParOldGen       total 384000K, used 85376K [0x0000000080000000, 0x0000000097700000, 0x00000000d5580000)
  object space 384000K, 22% used [0x0000000080000000,0x0000000085360208,0x0000000097700000)
 Metaspace       used 93119K, capacity 95102K, committed 96512K, reserved 1134592K
  class space    used 11151K, capacity 11479K, committed 11776K, reserved 1048576K
}
{Heap before GC invocations=495 (full 5):
 PSYoungGen      total 278528K, used 258199K [0x00000000d5580000, 0x00000000e8900000, 0x0000000100000000)
  eden space 256000K, 99% used [0x00000000d5580000,0x00000000e4f65fc8,0x00000000e4f80000)
  from space 22528K, 10% used [0x00000000e4f80000,0x00000000e51c0020,0x00000000e6580000)
  to   space 23040K, 0% used [0x00000000e7280000,0x00000000e7280000,0x00000000e8900000)
 ParOldGen       total 384000K, used 85376K [0x0000000080000000, 0x0000000097700000, 0x00000000d5580000)
  object space 384000K, 22% used [0x0000000080000000,0x0000000085360208,0x0000000097700000)
 Metaspace       used 93119K, capacity 95102K, committed 96512K, reserved 1134592K
  class space    used 11151K, capacity 11479K, committed 11776K, reserved 1048576K
2024-08-28T11:56:37.573+0600: 675704.902: [GC (Allocation Failure) [PSYoungGen: 258199K->11793K(290816K)] 343576K->97169K(674816K), 0.0170033 secs] [Times: user=0.03 sys=0.00, real=0.02 secs] 
Heap after GC invocations=495 (full 5):
 PSYoungGen      total 290816K, used 11793K [0x00000000d5580000, 0x00000000e8780000, 0x0000000100000000)
  eden space 269312K, 0% used [0x00000000d5580000,0x00000000d5580000,0x00000000e5c80000)
  from space 21504K, 54% used [0x00000000e7280000,0x00000000e7e04530,0x00000000e8780000)
  to   space 22016K, 0% used [0x00000000e5c80000,0x00000000e5c80000,0x00000000e7200000)
 ParOldGen       total 384000K, used 85376K [0x0000000080000000, 0x0000000097700000, 0x00000000d5580000)
  object space 384000K, 22% used [0x0000000080000000,0x0000000085360208,0x0000000097700000)
 Metaspace       used 93119K, capacity 95102K, committed 96512K, reserved 1134592K
  class space    used 11151K, capacity 11479K, committed 11776K, reserved 1048576K
}
{Heap before GC invocations=496 (full 5):
 PSYoungGen      total 290816K, used 280929K [0x00000000d5580000, 0x00000000e8780000, 0x0000000100000000)
  eden space 269312K, 99% used [0x00000000d5580000,0x00000000e5c53f28,0x00000000e5c80000)
  from space 21504K, 54% used [0x00000000e7280000,0x00000000e7e04530,0x00000000e8780000)
  to   space 22016K, 0% used [0x00000000e5c80000,0x00000000e5c80000,0x00000000e7200000)
 ParOldGen       total 384000K, used 85376K [0x0000000080000000, 0x0000000097700000, 0x00000000d5580000)
  object space 384000K, 22% used [0x0000000080000000,0x0000000085360208,0x0000000097700000)
 Metaspace       used 93119K, capacity 95102K, committed 96512K, reserved 1134592K
  class space    used 11151K, capacity 11479K, committed 11776K, reserved 1048576K
2024-08-28T11:56:39.849+0600: 675707.178: [GC (Allocation Failure) [PSYoungGen: 280929K->2464K(291328K)] 366305K->87840K(675328K), 0.0117170 secs] [Times: user=0.02 sys=0.00, real=0.01 secs] 
Heap after GC invocations=496 (full 5):
 PSYoungGen      total 291328K, used 2464K [0x00000000d5580000, 0x00000000e9580000, 0x0000000100000000)
  eden space 269312K, 0% used [0x00000000d5580000,0x00000000d5580000,0x00000000e5c80000)
  from space 22016K, 11% used [0x00000000e5c80000,0x00000000e5ee8040,0x00000000e7200000)
  to   space 22528K, 0% used [0x00000000e7f80000,0x00000000e7f80000,0x00000000e9580000)
 ParOldGen       total 384000K, used 85376K [0x0000000080000000, 0x0000000097700000, 0x00000000d5580000)
  object space 384000K, 22% used [0x0000000080000000,0x0000000085360208,0x0000000097700000)
 Metaspace       used 93119K, capacity 95102K, committed 96512K, reserved 1134592K
  class space    used 11151K, capacity 11479K, committed 11776K, reserved 1048576K
}
{Heap before GC invocations=497 (full 5):
 PSYoungGen      total 291328K, used 271233K [0x00000000d5580000, 0x00000000e9580000, 0x0000000100000000)
  eden space 269312K, 99% used [0x00000000d5580000,0x00000000e5bf85c0,0x00000000e5c80000)
  from space 22016K, 11% used [0x00000000e5c80000,0x00000000e5ee8040,0x00000000e7200000)
  to   space 22528K, 0% used [0x00000000e7f80000,0x00000000e7f80000,0x00000000e9580000)
 ParOldGen       total 384000K, used 85376K [0x0000000080000000, 0x0000000097700000, 0x00000000d5580000)
  object space 384000K, 22% used [0x0000000080000000,0x0000000085360208,0x0000000097700000)
 Metaspace       used 93119K, capacity 95102K, committed 96512K, reserved 1134592K
  class space    used 11151K, capacity 11479K, committed 11776K, reserved 1048576K
2024-08-28T11:56:41.170+0600: 675708.499: [GC (Allocation Failure) [PSYoungGen: 271233K->11794K(305664K)] 356610K->97170K(689664K), 0.0119452 secs] [Times: user=0.03 sys=0.00, real=0.01 secs] 
Heap after GC invocations=497 (full 5):
 PSYoungGen      total 305664K, used 11794K [0x00000000d5580000, 0x00000000e9580000, 0x0000000100000000)
  eden space 283136K, 0% used [0x00000000d5580000,0x00000000d5580000,0x00000000e6a00000)
  from space 22528K, 52% used [0x00000000e7f80000,0x00000000e8b049b0,0x00000000e9580000)
  to   space 22016K, 0% used [0x00000000e6a00000,0x00000000e6a00000,0x00000000e7f80000)
 ParOldGen       total 384000K, used 85376K [0x0000000080000000, 0x0000000097700000, 0x00000000d5580000)
  object space 384000K, 22% used [0x0000000080000000,0x0000000085360208,0x0000000097700000)
 Metaspace       used 93119K, capacity 95102K, committed 96512K, reserved 1134592K
  class space    used 11151K, capacity 11479K, committed 11776K, reserved 1048576K
}
{Heap before GC invocations=498 (full 5):
 PSYoungGen      total 305664K, used 293009K [0x00000000d5580000, 0x00000000e9580000, 0x0000000100000000)
  eden space 283136K, 99% used [0x00000000d5580000,0x00000000e681fd38,0x00000000e6a00000)
  from space 22528K, 52% used [0x00000000e7f80000,0x00000000e8b049b0,0x00000000e9580000)
  to   space 22016K, 0% used [0x00000000e6a00000,0x00000000e6a00000,0x00000000e7f80000)
 ParOldGen       total 384000K, used 85376K [0x0000000080000000, 0x0000000097700000, 0x00000000d5580000)
  object space 384000K, 22% used [0x0000000080000000,0x0000000085360208,0x0000000097700000)
 Metaspace       used 93119K, capacity 95102K, committed 96512K, reserved 1134592K
  class space    used 11151K, capacity 11479K, committed 11776K, reserved 1048576K
2024-08-28T11:56:43.404+0600: 675710.733: [GC (Allocation Failure) [PSYoungGen: 293009K->15675K(305152K)] 378386K->101052K(689152K), 0.0117413 secs] [Times: user=0.02 sys=0.00, real=0.01 secs] 
Heap after GC invocations=498 (full 5):
 PSYoungGen      total 305152K, used 15675K [0x00000000d5580000, 0x00000000ea400000, 0x0000000100000000)
  eden space 283136K, 0% used [0x00000000d5580000,0x00000000d5580000,0x00000000e6a00000)
  from space 22016K, 71% used [0x00000000e6a00000,0x00000000e794ee78,0x00000000e7f80000)
  to   space 22528K, 0% used [0x00000000e8e00000,0x00000000e8e00000,0x00000000ea400000)
 ParOldGen       total 384000K, used 85376K [0x0000000080000000, 0x0000000097700000, 0x00000000d5580000)
  object space 384000K, 22% used [0x0000000080000000,0x0000000085360208,0x0000000097700000)
 Metaspace       used 93119K, capacity 95102K, committed 96512K, reserved 1134592K
  class space    used 11151K, capacity 11479K, committed 11776K, reserved 1048576K
}
{Heap before GC invocations=499 (full 5):
 PSYoungGen      total 305152K, used 298811K [0x00000000d5580000, 0x00000000ea400000, 0x0000000100000000)
  eden space 283136K, 100% used [0x00000000d5580000,0x00000000e6a00000,0x00000000e6a00000)
  from space 22016K, 71% used [0x00000000e6a00000,0x00000000e794ee78,0x00000000e7f80000)
  to   space 22528K, 0% used [0x00000000e8e00000,0x00000000e8e00000,0x00000000ea400000)
 ParOldGen       total 384000K, used 85376K [0x0000000080000000, 0x0000000097700000, 0x00000000d5580000)
  object space 384000K, 22% used [0x0000000080000000,0x0000000085360208,0x0000000097700000)
 Metaspace       used 93119K, capacity 95102K, committed 96512K, reserved 1134592K
  class space    used 11151K, capacity 11479K, committed 11776K, reserved 1048576K
2024-08-28T11:56:44.525+0600: 675711.854: [GC (Allocation Failure) [PSYoungGen: 298811K->10187K(320512K)] 384188K->95563K(704512K), 0.0112627 secs] [Times: user=0.01 sys=0.00, real=0.01 secs] 
Heap after GC invocations=499 (full 5):
 PSYoungGen      total 320512K, used 10187K [0x00000000d5580000, 0x00000000ea380000, 0x0000000100000000)
  eden space 298496K, 0% used [0x00000000d5580000,0x00000000d5580000,0x00000000e7900000)
  from space 22016K, 46% used [0x00000000e8e00000,0x00000000e97f2dc8,0x00000000ea380000)
  to   space 21504K, 0% used [0x00000000e7900000,0x00000000e7900000,0x00000000e8e00000)
 ParOldGen       total 384000K, used 85376K [0x0000000080000000, 0x0000000097700000, 0x00000000d5580000)
  object space 384000K, 22% used [0x0000000080000000,0x0000000085360208,0x0000000097700000)
 Metaspace       used 93119K, capacity 95102K, committed 96512K, reserved 1134592K
  class space    used 11151K, capacity 11479K, committed 11776K, reserved 1048576K
}
{Heap before GC invocations=500 (full 5):
 PSYoungGen      total 320512K, used 305869K [0x00000000d5580000, 0x00000000ea380000, 0x0000000100000000)
  eden space 298496K, 99% used [0x00000000d5580000,0x00000000e76407f0,0x00000000e7900000)
  from space 22016K, 46% used [0x00000000e8e00000,0x00000000e97f2dc8,0x00000000ea380000)
  to   space 21504K, 0% used [0x00000000e7900000,0x00000000e7900000,0x00000000e8e00000)
 ParOldGen       total 384000K, used 85376K [0x0000000080000000, 0x0000000097700000, 0x00000000d5580000)
  object space 384000K, 22% used [0x0000000080000000,0x0000000085360208,0x0000000097700000)
 Metaspace       used 93120K, capacity 95102K, committed 96512K, reserved 1134592K
  class space    used 11151K, capacity 11479K, committed 11776K, reserved 1048576K
2024-08-28T11:56:47.259+0600: 675714.588: [GC (Allocation Failure) [PSYoungGen: 305869K->11954K(320000K)] 391245K->97330K(704000K), 0.0098636 secs] [Times: user=0.02 sys=0.00, real=0.01 secs] 
Heap after GC invocations=500 (full 5):
 PSYoungGen      total 320000K, used 11954K [0x00000000d5580000, 0x00000000eb100000, 0x0000000100000000)
  eden space 298496K, 0% used [0x00000000d5580000,0x00000000d5580000,0x00000000e7900000)
  from space 21504K, 55% used [0x00000000e7900000,0x00000000e84ac9c0,0x00000000e8e00000)
  to   space 20992K, 0% used [0x00000000e9c80000,0x00000000e9c80000,0x00000000eb100000)
 ParOldGen       total 384000K, used 85376K [0x0000000080000000, 0x0000000097700000, 0x00000000d5580000)
  object space 384000K, 22% used [0x0000000080000000,0x0000000085360208,0x0000000097700000)
 Metaspace       used 93120K, capacity 95102K, committed 96512K, reserved 1134592K
  class space    used 11151K, capacity 11479K, committed 11776K, reserved 1048576K
}
{Heap before GC invocations=501 (full 5):
 PSYoungGen      total 320000K, used 309503K [0x00000000d5580000, 0x00000000eb100000, 0x0000000100000000)
  eden space 298496K, 99% used [0x00000000d5580000,0x00000000e7813270,0x00000000e7900000)
  from space 21504K, 55% used [0x00000000e7900000,0x00000000e84ac9c0,0x00000000e8e00000)
  to   space 20992K, 0% used [0x00000000e9c80000,0x00000000e9c80000,0x00000000eb100000)
 ParOldGen       total 384000K, used 85376K [0x0000000080000000, 0x0000000097700000, 0x00000000d5580000)
  object space 384000K, 22% used [0x0000000080000000,0x0000000085360208,0x0000000097700000)
 Metaspace       used 93120K, capacity 95102K, committed 96512K, reserved 1134592K
  class space    used 11151K, capacity 11479K, committed 11776K, reserved 1048576K
2024-08-28T11:56:49.560+0600: 675716.889: [GC (Allocation Failure) [PSYoungGen: 309503K->15771K(333824K)] 394879K->101148K(717824K), 0.0172501 secs] [Times: user=0.03 sys=0.01, real=0.01 secs] 
Heap after GC invocations=501 (full 5):
 PSYoungGen      total 333824K, used 15771K [0x00000000d5580000, 0x00000000eb300000, 0x0000000100000000)
  eden space 312832K, 0% used [0x00000000d5580000,0x00000000d5580000,0x00000000e8700000)
  from space 20992K, 75% used [0x00000000e9c80000,0x00000000eabe6e78,0x00000000eb100000)
  to   space 22016K, 0% used [0x00000000e8700000,0x00000000e8700000,0x00000000e9c80000)
 ParOldGen       total 384000K, used 85376K [0x0000000080000000, 0x0000000097700000, 0x00000000d5580000)
  object space 384000K, 22% used [0x0000000080000000,0x0000000085360208,0x0000000097700000)
 Metaspace       used 93120K, capacity 95102K, committed 96512K, reserved 1134592K
  class space    used 11151K, capacity 11479K, committed 11776K, reserved 1048576K
}
{Heap before GC invocations=502 (full 5):
 PSYoungGen      total 333824K, used 328603K [0x00000000d5580000, 0x00000000eb300000, 0x0000000100000000)
  eden space 312832K, 100% used [0x00000000d5580000,0x00000000e8700000,0x00000000e8700000)
  from space 20992K, 75% used [0x00000000e9c80000,0x00000000eabe6e78,0x00000000eb100000)
  to   space 22016K, 0% used [0x00000000e8700000,0x00000000e8700000,0x00000000e9c80000)
 ParOldGen       total 384000K, used 85376K [0x0000000080000000, 0x0000000097700000, 0x00000000d5580000)
  object space 384000K, 22% used [0x0000000080000000,0x0000000085360208,0x0000000097700000)
 Metaspace       used 93120K, capacity 95102K, committed 96512K, reserved 1134592K
  class space    used 11151K, capacity 11479K, committed 11776K, reserved 1048576K
2024-08-28T11:56:50.744+0600: 675718.073: [GC (Allocation Failure) [PSYoungGen: 328603K->10153K(334848K)] 413980K->95529K(718848K), 0.0086549 secs] [Times: user=0.01 sys=0.00, real=0.01 secs] 
Heap after GC invocations=502 (full 5):
 PSYoungGen      total 334848K, used 10153K [0x00000000d5580000, 0x00000000ec080000, 0x0000000100000000)
  eden space 312832K, 0% used [0x00000000d5580000,0x00000000d5580000,0x00000000e8700000)
  from space 22016K, 46% used [0x00000000e8700000,0x00000000e90ea518,0x00000000e9c80000)
  to   space 20992K, 0% used [0x00000000eac00000,0x00000000eac00000,0x00000000ec080000)
 ParOldGen       total 384000K, used 85376K [0x0000000080000000, 0x0000000097700000, 0x00000000d5580000)
  object space 384000K, 22% used [0x0000000080000000,0x0000000085360208,0x0000000097700000)
 Metaspace       used 93120K, capacity 95102K, committed 96512K, reserved 1134592K
  class space    used 11151K, capacity 11479K, committed 11776K, reserved 1048576K
}
{Heap before GC invocations=503 (full 5):
 PSYoungGen      total 334848K, used 321635K [0x00000000d5580000, 0x00000000ec080000, 0x0000000100000000)
  eden space 312832K, 99% used [0x00000000d5580000,0x00000000e85ae758,0x00000000e8700000)
  from space 22016K, 46% used [0x00000000e8700000,0x00000000e90ea518,0x00000000e9c80000)
  to   space 20992K, 0% used [0x00000000eac00000,0x00000000eac00000,0x00000000ec080000)
 ParOldGen       total 384000K, used 85376K [0x0000000080000000, 0x0000000097700000, 0x00000000d5580000)
  object space 384000K, 22% used [0x0000000080000000,0x0000000085360208,0x0000000097700000)
 Metaspace       used 93120K, capacity 95102K, committed 96512K, reserved 1134592K
  class space    used 11151K, capacity 11479K, committed 11776K, reserved 1048576K
2024-08-28T11:56:53.660+0600: 675720.989: [GC (Allocation Failure) [PSYoungGen: 321635K->12050K(346624K)] 407011K->97426K(730624K), 0.0133034 secs] [Times: user=0.03 sys=0.00, real=0.01 secs] 
Heap after GC invocations=503 (full 5):
 PSYoungGen      total 346624K, used 12050K [0x00000000d5580000, 0x00000000ebe00000, 0x0000000100000000)
  eden space 328192K, 0% used [0x00000000d5580000,0x00000000d5580000,0x00000000e9600000)
  from space 18432K, 65% used [0x00000000eac00000,0x00000000eb7c49d0,0x00000000ebe00000)
  to   space 20480K, 0% used [0x00000000e9600000,0x00000000e9600000,0x00000000eaa00000)
 ParOldGen       total 384000K, used 85376K [0x0000000080000000, 0x0000000097700000, 0x00000000d5580000)
  object space 384000K, 22% used [0x0000000080000000,0x0000000085360208,0x0000000097700000)
 Metaspace       used 93120K, capacity 95102K, committed 96512K, reserved 1134592K
  class space    used 11151K, capacity 11479K, committed 11776K, reserved 1048576K
}
{Heap before GC invocations=504 (full 5):
 PSYoungGen      total 346624K, used 337606K [0x00000000d5580000, 0x00000000ebe00000, 0x0000000100000000)
  eden space 328192K, 99% used [0x00000000d5580000,0x00000000e936d070,0x00000000e9600000)
  from space 18432K, 65% used [0x00000000eac00000,0x00000000eb7c49d0,0x00000000ebe00000)
  to   space 20480K, 0% used [0x00000000e9600000,0x00000000e9600000,0x00000000eaa00000)
 ParOldGen       total 384000K, used 85376K [0x0000000080000000, 0x0000000097700000, 0x00000000d5580000)
  object space 384000K, 22% used [0x0000000080000000,0x0000000085360208,0x0000000097700000)
 Metaspace       used 93120K, capacity 95102K, committed 96512K, reserved 1134592K
  class space    used 11151K, capacity 11479K, committed 11776K, reserved 1048576K
2024-08-28T11:56:56.119+0600: 675723.448: [GC (Allocation Failure) [PSYoungGen: 337606K->12212K(348672K)] 422983K->97589K(732672K), 0.0155215 secs] [Times: user=0.03 sys=0.00, real=0.01 secs] 
Heap after GC invocations=504 (full 5):
 PSYoungGen      total 348672K, used 12212K [0x00000000d5580000, 0x00000000ecd00000, 0x0000000100000000)
  eden space 328192K, 0% used [0x00000000d5580000,0x00000000d5580000,0x00000000e9600000)
  from space 20480K, 59% used [0x00000000e9600000,0x00000000ea1ed290,0x00000000eaa00000)
  to   space 19968K, 0% used [0x00000000eb980000,0x00000000eb980000,0x00000000ecd00000)
 ParOldGen       total 384000K, used 85376K [0x0000000080000000, 0x0000000097700000, 0x00000000d5580000)
  object space 384000K, 22% used [0x0000000080000000,0x0000000085360208,0x0000000097700000)
 Metaspace       used 93120K, capacity 95102K, committed 96512K, reserved 1134592K
  class space    used 11151K, capacity 11479K, committed 11776K, reserved 1048576K
}
{Heap before GC invocations=505 (full 5):
 PSYoungGen      total 348672K, used 340404K [0x00000000d5580000, 0x00000000ecd00000, 0x0000000100000000)
  eden space 328192K, 100% used [0x00000000d5580000,0x00000000e9600000,0x00000000e9600000)
  from space 20480K, 59% used [0x00000000e9600000,0x00000000ea1ed290,0x00000000eaa00000)
  to   space 19968K, 0% used [0x00000000eb980000,0x00000000eb980000,0x00000000ecd00000)
 ParOldGen       total 384000K, used 85376K [0x0000000080000000, 0x0000000097700000, 0x00000000d5580000)
  object space 384000K, 22% used [0x0000000080000000,0x0000000085360208,0x0000000097700000)
 Metaspace       used 93120K, capacity 95102K, committed 96512K, reserved 1134592K
  class space    used 11151K, capacity 11479K, committed 11776K, reserved 1048576K
2024-08-28T11:56:57.191+0600: 675724.520: [GC (Allocation Failure) [PSYoungGen: 340404K->10185K(364544K)] 425781K->95561K(748544K), 0.0093478 secs] [Times: user=0.01 sys=0.01, real=0.01 secs] 
Heap after GC invocations=505 (full 5):
 PSYoungGen      total 364544K, used 10185K [0x00000000d5580000, 0x00000000ecc00000, 0x0000000100000000)
  eden space 345600K, 0% used [0x00000000d5580000,0x00000000d5580000,0x00000000ea700000)
  from space 18944K, 53% used [0x00000000eb980000,0x00000000ec372518,0x00000000ecc00000)
  to   space 18944K, 0% used [0x00000000ea700000,0x00000000ea700000,0x00000000eb980000)
 ParOldGen       total 384000K, used 85376K [0x0000000080000000, 0x0000000097700000, 0x00000000d5580000)
  object space 384000K, 22% used [0x0000000080000000,0x0000000085360208,0x0000000097700000)
 Metaspace       used 93120K, capacity 95102K, committed 96512K, reserved 1134592K
  class space    used 11151K, capacity 11479K, committed 11776K, reserved 1048576K
}
{Heap before GC invocations=506 (full 5):
 PSYoungGen      total 364544K, used 355785K [0x00000000d5580000, 0x00000000ecc00000, 0x0000000100000000)
  eden space 345600K, 100% used [0x00000000d5580000,0x00000000ea700000,0x00000000ea700000)
  from space 18944K, 53% used [0x00000000eb980000,0x00000000ec372518,0x00000000ecc00000)
  to   space 18944K, 0% used [0x00000000ea700000,0x00000000ea700000,0x00000000eb980000)
 ParOldGen       total 384000K, used 85376K [0x0000000080000000, 0x0000000097700000, 0x00000000d5580000)
  object space 384000K, 22% used [0x0000000080000000,0x0000000085360208,0x0000000097700000)
 Metaspace       used 93120K, capacity 95102K, committed 96512K, reserved 1134592K
  class space    used 11151K, capacity 11479K, committed 11776K, reserved 1048576K
2024-08-28T11:57:00.121+0600: 675727.450: [GC (Allocation Failure) [PSYoungGen: 355785K->8713K(364544K)] 441161K->95669K(748544K), 0.0077742 secs] [Times: user=0.01 sys=0.00, real=0.01 secs] 
Heap after GC invocations=506 (full 5):
 PSYoungGen      total 364544K, used 8713K [0x00000000d5580000, 0x00000000edc00000, 0x0000000100000000)
  eden space 345600K, 0% used [0x00000000d5580000,0x00000000d5580000,0x00000000ea700000)
  from space 18944K, 45% used [0x00000000ea700000,0x00000000eaf82508,0x00000000eb980000)
  to   space 18944K, 0% used [0x00000000ec980000,0x00000000ec980000,0x00000000edc00000)
 ParOldGen       total 384000K, used 86956K [0x0000000080000000, 0x0000000097700000, 0x00000000d5580000)
  object space 384000K, 22% used [0x0000000080000000,0x00000000854eb2d0,0x0000000097700000)
 Metaspace       used 93120K, capacity 95102K, committed 96512K, reserved 1134592K
  class space    used 11151K, capacity 11479K, committed 11776K, reserved 1048576K
}
{Heap before GC invocations=507 (full 5):
 PSYoungGen      total 364544K, used 352827K [0x00000000d5580000, 0x00000000edc00000, 0x0000000100000000)
  eden space 345600K, 99% used [0x00000000d5580000,0x00000000ea58c928,0x00000000ea700000)
  from space 18944K, 45% used [0x00000000ea700000,0x00000000eaf82508,0x00000000eb980000)
  to   space 18944K, 0% used [0x00000000ec980000,0x00000000ec980000,0x00000000edc00000)
 ParOldGen       total 384000K, used 86956K [0x0000000080000000, 0x0000000097700000, 0x00000000d5580000)
  object space 384000K, 22% used [0x0000000080000000,0x00000000854eb2d0,0x0000000097700000)
 Metaspace       used 93120K, capacity 95102K, committed 96512K, reserved 1134592K
  class space    used 11151K, capacity 11479K, committed 11776K, reserved 1048576K
2024-08-28T11:57:02.946+0600: 675730.275: [GC (Allocation Failure) [PSYoungGen: 352827K->10642K(378880K)] 439784K->97622K(762880K), 0.0150947 secs] [Times: user=0.03 sys=0.00, real=0.02 secs] 
Heap after GC invocations=507 (full 5):
 PSYoungGen      total 378880K, used 10642K [0x00000000d5580000, 0x00000000eda80000, 0x0000000100000000)
  eden space 361472K, 0% used [0x00000000d5580000,0x00000000d5580000,0x00000000eb680000)
  from space 17408K, 61% used [0x00000000ec980000,0x00000000ed3e49c0,0x00000000eda80000)
  to   space 18432K, 0% used [0x00000000eb680000,0x00000000eb680000,0x00000000ec880000)
 ParOldGen       total 384000K, used 86980K [0x0000000080000000, 0x0000000097700000, 0x00000000d5580000)
  object space 384000K, 22% used [0x0000000080000000,0x00000000854f1220,0x0000000097700000)
 Metaspace       used 93120K, capacity 95102K, committed 96512K, reserved 1134592K
  class space    used 11151K, capacity 11479K, committed 11776K, reserved 1048576K
}
{Heap before GC invocations=508 (full 5):
 PSYoungGen      total 378880K, used 368735K [0x00000000d5580000, 0x00000000eda80000, 0x0000000100000000)
  eden space 361472K, 99% used [0x00000000d5580000,0x00000000eb3335e8,0x00000000eb680000)
  from space 17408K, 61% used [0x00000000ec980000,0x00000000ed3e49c0,0x00000000eda80000)
  to   space 18432K, 0% used [0x00000000eb680000,0x00000000eb680000,0x00000000ec880000)
 ParOldGen       total 384000K, used 86980K [0x0000000080000000, 0x0000000097700000, 0x00000000d5580000)
  object space 384000K, 22% used [0x0000000080000000,0x00000000854f1220,0x0000000097700000)
 Metaspace       used 93120K, capacity 95102K, committed 96512K, reserved 1134592K
  class space    used 11151K, capacity 11479K, committed 11776K, reserved 1048576K
2024-08-28T11:57:05.552+0600: 675732.881: [GC (Allocation Failure) [PSYoungGen: 368735K->14395K(379904K)] 455716K->101423K(763904K), 0.0140562 secs] [Times: user=0.02 sys=0.00, real=0.01 secs] 
Heap after GC invocations=508 (full 5):
 PSYoungGen      total 379904K, used 14395K [0x00000000d5580000, 0x00000000eeb80000, 0x0000000100000000)
  eden space 361472K, 0% used [0x00000000d5580000,0x00000000d5580000,0x00000000eb680000)
  from space 18432K, 78% used [0x00000000eb680000,0x00000000ec48ee78,0x00000000ec880000)
  to   space 18944K, 0% used [0x00000000ed900000,0x00000000ed900000,0x00000000eeb80000)
 ParOldGen       total 384000K, used 87028K [0x0000000080000000, 0x0000000097700000, 0x00000000d5580000)
  object space 384000K, 22% used [0x0000000080000000,0x00000000854fd170,0x0000000097700000)
 Metaspace       used 93120K, capacity 95102K, committed 96512K, reserved 1134592K
  class space    used 11151K, capacity 11479K, committed 11776K, reserved 1048576K
}
{Heap before GC invocations=509 (full 5):
 PSYoungGen      total 379904K, used 375197K [0x00000000d5580000, 0x00000000eeb80000, 0x0000000100000000)
  eden space 361472K, 99% used [0x00000000d5580000,0x00000000eb5d86f8,0x00000000eb680000)
  from space 18432K, 78% used [0x00000000eb680000,0x00000000ec48ee78,0x00000000ec880000)
  to   space 18944K, 0% used [0x00000000ed900000,0x00000000ed900000,0x00000000eeb80000)
 ParOldGen       total 384000K, used 87028K [0x0000000080000000, 0x0000000097700000, 0x00000000d5580000)
  object space 384000K, 22% used [0x0000000080000000,0x00000000854fd170,0x0000000097700000)
 Metaspace       used 93120K, capacity 95102K, committed 96512K, reserved 1134592K
  class space    used 11151K, capacity 11479K, committed 11776K, reserved 1048576K
2024-08-28T11:57:08.241+0600: 675735.570: [GC (Allocation Failure) [PSYoungGen: 375197K->14299K(396800K)] 462225K->101479K(780800K), 0.0181116 secs] [Times: user=0.03 sys=0.01, real=0.02 secs] 
Heap after GC invocations=509 (full 5):
 PSYoungGen      total 396800K, used 14299K [0x00000000d5580000, 0x00000000eec00000, 0x0000000100000000)
  eden space 377856K, 0% used [0x00000000d5580000,0x00000000d5580000,0x00000000ec680000)
  from space 18944K, 75% used [0x00000000ed900000,0x00000000ee6f6e68,0x00000000eeb80000)
  to   space 18944K, 0% used [0x00000000ec680000,0x00000000ec680000,0x00000000ed900000)
 ParOldGen       total 384000K, used 87179K [0x0000000080000000, 0x0000000097700000, 0x00000000d5580000)
  object space 384000K, 22% used [0x0000000080000000,0x0000000085522ee0,0x0000000097700000)
 Metaspace       used 93120K, capacity 95102K, committed 96512K, reserved 1134592K
  class space    used 11151K, capacity 11479K, committed 11776K, reserved 1048576K
}
{Heap before GC invocations=510 (full 5):
 PSYoungGen      total 396800K, used 392155K [0x00000000d5580000, 0x00000000eec00000, 0x0000000100000000)
  eden space 377856K, 100% used [0x00000000d5580000,0x00000000ec680000,0x00000000ec680000)
  from space 18944K, 75% used [0x00000000ed900000,0x00000000ee6f6e68,0x00000000eeb80000)
  to   space 18944K, 0% used [0x00000000ec680000,0x00000000ec680000,0x00000000ed900000)
 ParOldGen       total 384000K, used 87179K [0x0000000080000000, 0x0000000097700000, 0x00000000d5580000)
  object space 384000K, 22% used [0x0000000080000000,0x0000000085522ee0,0x0000000097700000)
 Metaspace       used 93120K, capacity 95102K, committed 96512K, reserved 1134592K
  class space    used 11151K, capacity 11479K, committed 11776K, reserved 1048576K
2024-08-28T11:57:09.662+0600: 675736.991: [GC (Allocation Failure) [PSYoungGen: 392155K->1056K(396800K)] 479335K->88275K(780800K), 0.0069083 secs] [Times: user=0.01 sys=0.00, real=0.01 secs] 
Heap after GC invocations=510 (full 5):
 PSYoungGen      total 396800K, used 1056K [0x00000000d5580000, 0x00000000efe80000, 0x0000000100000000)
  eden space 377856K, 0% used [0x00000000d5580000,0x00000000d5580000,0x00000000ec680000)
  from space 18944K, 5% used [0x00000000ec680000,0x00000000ec788030,0x00000000ed900000)
  to   space 19968K, 0% used [0x00000000eeb00000,0x00000000eeb00000,0x00000000efe80000)
 ParOldGen       total 384000K, used 87219K [0x0000000080000000, 0x0000000097700000, 0x00000000d5580000)
  object space 384000K, 22% used [0x0000000080000000,0x000000008552cee0,0x0000000097700000)
 Metaspace       used 93120K, capacity 95102K, committed 96512K, reserved 1134592K
  class space    used 11151K, capacity 11479K, committed 11776K, reserved 1048576K
}
{Heap before GC invocations=511 (full 5):
 PSYoungGen      total 396800K, used 378912K [0x00000000d5580000, 0x00000000efe80000, 0x0000000100000000)
  eden space 377856K, 100% used [0x00000000d5580000,0x00000000ec680000,0x00000000ec680000)
  from space 18944K, 5% used [0x00000000ec680000,0x00000000ec788030,0x00000000ed900000)
  to   space 19968K, 0% used [0x00000000eeb00000,0x00000000eeb00000,0x00000000efe80000)
 ParOldGen       total 384000K, used 87219K [0x0000000080000000, 0x0000000097700000, 0x00000000d5580000)
  object space 384000K, 22% used [0x0000000080000000,0x000000008552cee0,0x0000000097700000)
 Metaspace       used 93120K, capacity 95102K, committed 96512K, reserved 1134592K
  class space    used 11151K, capacity 11479K, committed 11776K, reserved 1048576K
2024-08-28T11:57:12.586+0600: 675739.915: [GC (Allocation Failure) [PSYoungGen: 378912K->8457K(411136K)] 466131K->95900K(795136K), 0.0092097 secs] [Times: user=0.01 sys=0.00, real=0.01 secs] 
Heap after GC invocations=511 (full 5):
 PSYoungGen      total 411136K, used 8457K [0x00000000d5580000, 0x00000000efc00000, 0x0000000100000000)
  eden space 393728K, 0% used [0x00000000d5580000,0x00000000d5580000,0x00000000ed600000)
  from space 17408K, 48% used [0x00000000eeb00000,0x00000000ef3424e8,0x00000000efc00000)
  to   space 19456K, 0% used [0x00000000ed600000,0x00000000ed600000,0x00000000ee900000)
 ParOldGen       total 384000K, used 87443K [0x0000000080000000, 0x0000000097700000, 0x00000000d5580000)
  object space 384000K, 22% used [0x0000000080000000,0x0000000085564d30,0x0000000097700000)
 Metaspace       used 93120K, capacity 95102K, committed 96512K, reserved 1134592K
  class space    used 11151K, capacity 11479K, committed 11776K, reserved 1048576K
}
{Heap before GC invocations=512 (full 5):
 PSYoungGen      total 411136K, used 402164K [0x00000000d5580000, 0x00000000efc00000, 0x0000000100000000)
  eden space 393728K, 99% used [0x00000000d5580000,0x00000000ed5fab38,0x00000000ed600000)
  from space 17408K, 48% used [0x00000000eeb00000,0x00000000ef3424e8,0x00000000efc00000)
  to   space 19456K, 0% used [0x00000000ed600000,0x00000000ed600000,0x00000000ee900000)
 ParOldGen       total 384000K, used 87443K [0x0000000080000000, 0x0000000097700000, 0x00000000d5580000)
  object space 384000K, 22% used [0x0000000080000000,0x0000000085564d30,0x0000000097700000)
 Metaspace       used 93120K, capacity 95102K, committed 96512K, reserved 1134592K
  class space    used 11151K, capacity 11479K, committed 11776K, reserved 1048576K
2024-08-28T11:57:15.557+0600: 675742.886: [GC (Allocation Failure) [PSYoungGen: 402164K->10322K(413184K)] 489607K->97765K(797184K), 0.0143957 secs] [Times: user=0.03 sys=0.00, real=0.02 secs] 
Heap after GC invocations=512 (full 5):
 PSYoungGen      total 413184K, used 10322K [0x00000000d5580000, 0x00000000f0b00000, 0x0000000100000000)
  eden space 393728K, 0% used [0x00000000d5580000,0x00000000d5580000,0x00000000ed600000)
  from space 19456K, 53% used [0x00000000ed600000,0x00000000ee0149f0,0x00000000ee900000)
  to   space 18944K, 0% used [0x00000000ef880000,0x00000000ef880000,0x00000000f0b00000)
 ParOldGen       total 384000K, used 87443K [0x0000000080000000, 0x0000000097700000, 0x00000000d5580000)
  object space 384000K, 22% used [0x0000000080000000,0x0000000085564d30,0x0000000097700000)
 Metaspace       used 93120K, capacity 95102K, committed 96512K, reserved 1134592K
  class space    used 11151K, capacity 11479K, committed 11776K, reserved 1048576K
}
{Heap before GC invocations=513 (full 5):
 PSYoungGen      total 413184K, used 401401K [0x00000000d5580000, 0x00000000f0b00000, 0x0000000100000000)
  eden space 393728K, 99% used [0x00000000d5580000,0x00000000ed369dd8,0x00000000ed600000)
  from space 19456K, 53% used [0x00000000ed600000,0x00000000ee0149f0,0x00000000ee900000)
  to   space 18944K, 0% used [0x00000000ef880000,0x00000000ef880000,0x00000000f0b00000)
 ParOldGen       total 384000K, used 87443K [0x0000000080000000, 0x0000000097700000, 0x00000000d5580000)
  object space 384000K, 22% used [0x0000000080000000,0x0000000085564d30,0x0000000097700000)
 Metaspace       used 93120K, capacity 95102K, committed 96512K, reserved 1134592K
  class space    used 11151K, capacity 11479K, committed 11776K, reserved 1048576K
2024-08-28T11:57:18.371+0600: 675745.700: [GC (Allocation Failure) [PSYoungGen: 401401K->10258K(428032K)] 488845K->97797K(812032K), 0.0169239 secs] [Times: user=0.03 sys=0.00, real=0.01 secs] 
Heap after GC invocations=513 (full 5):
 PSYoungGen      total 428032K, used 10258K [0x00000000d5580000, 0x00000000f0980000, 0x0000000100000000)
  eden space 410624K, 0% used [0x00000000d5580000,0x00000000d5580000,0x00000000ee680000)
  from space 17408K, 58% used [0x00000000ef880000,0x00000000f0284990,0x00000000f0980000)
  to   space 17920K, 0% used [0x00000000ee680000,0x00000000ee680000,0x00000000ef800000)
 ParOldGen       total 384000K, used 87538K [0x0000000080000000, 0x0000000097700000, 0x00000000d5580000)
  object space 384000K, 22% used [0x0000000080000000,0x000000008557ca70,0x0000000097700000)
 Metaspace       used 93120K, capacity 95102K, committed 96512K, reserved 1134592K
  class space    used 11151K, capacity 11479K, committed 11776K, reserved 1048576K
}
{Heap before GC invocations=514 (full 5):
 PSYoungGen      total 428032K, used 417183K [0x00000000d5580000, 0x00000000f0980000, 0x0000000100000000)
  eden space 410624K, 99% used [0x00000000d5580000,0x00000000ee2e3470,0x00000000ee680000)
  from space 17408K, 58% used [0x00000000ef880000,0x00000000f0284990,0x00000000f0980000)
  to   space 17920K, 0% used [0x00000000ee680000,0x00000000ee680000,0x00000000ef800000)
 ParOldGen       total 384000K, used 87538K [0x0000000080000000, 0x0000000097700000, 0x00000000d5580000)
  object space 384000K, 22% used [0x0000000080000000,0x000000008557ca70,0x0000000097700000)
 Metaspace       used 93120K, capacity 95102K, committed 96512K, reserved 1134592K
  class space    used 11151K, capacity 11479K, committed 11776K, reserved 1048576K
2024-08-28T11:57:21.306+0600: 675748.635: [GC (Allocation Failure) [PSYoungGen: 417183K->10258K(428544K)] 504722K->97821K(812544K), 0.0118800 secs] [Times: user=0.02 sys=0.00, real=0.01 secs] 
Heap after GC invocations=514 (full 5):
 PSYoungGen      total 428544K, used 10258K [0x00000000d5580000, 0x00000000f1900000, 0x0000000100000000)
  eden space 410624K, 0% used [0x00000000d5580000,0x00000000d5580000,0x00000000ee680000)
  from space 17920K, 57% used [0x00000000ee680000,0x00000000ef084990,0x00000000ef800000)
  to   space 17408K, 0% used [0x00000000f0800000,0x00000000f0800000,0x00000000f1900000)
 ParOldGen       total 384000K, used 87562K [0x0000000080000000, 0x0000000097700000, 0x00000000d5580000)
  object space 384000K, 22% used [0x0000000080000000,0x0000000085582a70,0x0000000097700000)
 Metaspace       used 93120K, capacity 95102K, committed 96512K, reserved 1134592K
  class space    used 11151K, capacity 11479K, committed 11776K, reserved 1048576K
}
{Heap before GC invocations=515 (full 5):
 PSYoungGen      total 428544K, used 417465K [0x00000000d5580000, 0x00000000f1900000, 0x0000000100000000)
  eden space 410624K, 99% used [0x00000000d5580000,0x00000000ee329df8,0x00000000ee680000)
  from space 17920K, 57% used [0x00000000ee680000,0x00000000ef084990,0x00000000ef800000)
  to   space 17408K, 0% used [0x00000000f0800000,0x00000000f0800000,0x00000000f1900000)
 ParOldGen       total 384000K, used 87562K [0x0000000080000000, 0x0000000097700000, 0x00000000d5580000)
  object space 384000K, 22% used [0x0000000080000000,0x0000000085582a70,0x0000000097700000)
 Metaspace       used 93120K, capacity 95102K, committed 96512K, reserved 1134592K
  class space    used 11151K, capacity 11479K, committed 11776K, reserved 1048576K
2024-08-28T11:57:24.260+0600: 675751.589: [GC (Allocation Failure) [PSYoungGen: 417465K->14628K(443904K)] 505028K->102230K(827904K), 0.0210743 secs] [Times: user=0.03 sys=0.02, real=0.02 secs] 
Heap after GC invocations=515 (full 5):
 PSYoungGen      total 443904K, used 14628K [0x00000000d5580000, 0x00000000f1c80000, 0x0000000100000000)
  eden space 426496K, 0% used [0x00000000d5580000,0x00000000d5580000,0x00000000ef600000)
  from space 17408K, 84% used [0x00000000f0800000,0x00000000f1649168,0x00000000f1900000)
  to   space 18432K, 0% used [0x00000000ef600000,0x00000000ef600000,0x00000000f0800000)
 ParOldGen       total 384000K, used 87602K [0x0000000080000000, 0x0000000097700000, 0x00000000d5580000)
  object space 384000K, 22% used [0x0000000080000000,0x000000008558c9c0,0x0000000097700000)
 Metaspace       used 93120K, capacity 95102K, committed 96512K, reserved 1134592K
  class space    used 11151K, capacity 11479K, committed 11776K, reserved 1048576K
}
{Heap before GC invocations=516 (full 5):
 PSYoungGen      total 443904K, used 440713K [0x00000000d5580000, 0x00000000f1c80000, 0x0000000100000000)
  eden space 426496K, 99% used [0x00000000d5580000,0x00000000ef599350,0x00000000ef600000)
  from space 17408K, 84% used [0x00000000f0800000,0x00000000f1649168,0x00000000f1900000)
  to   space 18432K, 0% used [0x00000000ef600000,0x00000000ef600000,0x00000000f0800000)
 ParOldGen       total 384000K, used 87602K [0x0000000080000000, 0x0000000097700000, 0x00000000d5580000)
  object space 384000K, 22% used [0x0000000080000000,0x000000008558c9c0,0x0000000097700000)
 Metaspace       used 93120K, capacity 95102K, committed 96512K, reserved 1134592K
  class space    used 11151K, capacity 11479K, committed 11776K, reserved 1048576K
2024-08-28T11:57:27.276+0600: 675754.605: [GC (Allocation Failure) [PSYoungGen: 440713K->10388K(444928K)] 528315K->98031K(828928K), 0.0130673 secs] [Times: user=0.03 sys=0.00, real=0.02 secs] 
Heap after GC invocations=516 (full 5):
 PSYoungGen      total 444928K, used 10388K [0x00000000d5580000, 0x00000000f2980000, 0x0000000100000000)
  eden space 426496K, 0% used [0x00000000d5580000,0x00000000d5580000,0x00000000ef600000)
  from space 18432K, 56% used [0x00000000ef600000,0x00000000f0025250,0x00000000f0800000)
  to   space 17408K, 0% used [0x00000000f1880000,0x00000000f1880000,0x00000000f2980000)
 ParOldGen       total 384000K, used 87642K [0x0000000080000000, 0x0000000097700000, 0x00000000d5580000)
  object space 384000K, 22% used [0x0000000080000000,0x00000000855969c0,0x0000000097700000)
 Metaspace       used 93120K, capacity 95102K, committed 96512K, reserved 1134592K
  class space    used 11151K, capacity 11479K, committed 11776K, reserved 1048576K
}
{Heap before GC invocations=517 (full 5):
 PSYoungGen      total 444928K, used 433566K [0x00000000d5580000, 0x00000000f2980000, 0x0000000100000000)
  eden space 426496K, 99% used [0x00000000d5580000,0x00000000ef2c28e0,0x00000000ef600000)
  from space 18432K, 56% used [0x00000000ef600000,0x00000000f0025250,0x00000000f0800000)
  to   space 17408K, 0% used [0x00000000f1880000,0x00000000f1880000,0x00000000f2980000)
 ParOldGen       total 384000K, used 87642K [0x0000000080000000, 0x0000000097700000, 0x00000000d5580000)
  object space 384000K, 22% used [0x0000000080000000,0x00000000855969c0,0x0000000097700000)
 Metaspace       used 93120K, capacity 95102K, committed 96512K, reserved 1134592K
  class space    used 11151K, capacity 11479K, committed 11776K, reserved 1048576K
2024-08-28T11:57:30.199+0600: 675757.528: [GC (Allocation Failure) [PSYoungGen: 433566K->10517K(462336K)] 521209K->98247K(846336K), 0.0176325 secs] [Times: user=0.03 sys=0.01, real=0.01 secs] 
Heap after GC invocations=517 (full 5):
 PSYoungGen      total 462336K, used 10517K [0x00000000d5580000, 0x00000000f2980000, 0x0000000100000000)
  eden space 444928K, 0% used [0x00000000d5580000,0x00000000d5580000,0x00000000f0800000)
  from space 17408K, 60% used [0x00000000f1880000,0x00000000f22c56a0,0x00000000f2980000)
  to   space 16896K, 0% used [0x00000000f0800000,0x00000000f0800000,0x00000000f1880000)
 ParOldGen       total 384000K, used 87729K [0x0000000080000000, 0x0000000097700000, 0x00000000d5580000)
  object space 384000K, 22% used [0x0000000080000000,0x00000000855ac700,0x0000000097700000)
 Metaspace       used 93120K, capacity 95102K, committed 96512K, reserved 1134592K
  class space    used 11151K, capacity 11479K, committed 11776K, reserved 1048576K
}
{Heap before GC invocations=518 (full 5):
 PSYoungGen      total 462336K, used 455092K [0x00000000d5580000, 0x00000000f2980000, 0x0000000100000000)
  eden space 444928K, 99% used [0x00000000d5580000,0x00000000f07a7b40,0x00000000f0800000)
  from space 17408K, 60% used [0x00000000f1880000,0x00000000f22c56a0,0x00000000f2980000)
  to   space 16896K, 0% used [0x00000000f0800000,0x00000000f0800000,0x00000000f1880000)
 ParOldGen       total 384000K, used 87729K [0x0000000080000000, 0x0000000097700000, 0x00000000d5580000)
  object space 384000K, 22% used [0x0000000080000000,0x00000000855ac700,0x0000000097700000)
 Metaspace       used 93120K, capacity 95102K, committed 96512K, reserved 1134592K
  class space    used 11151K, capacity 11479K, committed 11776K, reserved 1048576K
2024-08-28T11:57:33.291+0600: 675760.620: [GC (Allocation Failure) [PSYoungGen: 455092K->10388K(461824K)] 542822K->98142K(845824K), 0.0125510 secs] [Times: user=0.02 sys=0.00, real=0.01 secs] 
Heap after GC invocations=518 (full 5):
 PSYoungGen      total 461824K, used 10388K [0x00000000d5580000, 0x00000000f3a00000, 0x0000000100000000)
  eden space 444928K, 0% used [0x00000000d5580000,0x00000000d5580000,0x00000000f0800000)
  from space 16896K, 61% used [0x00000000f0800000,0x00000000f1225240,0x00000000f1880000)
  to   space 16384K, 0% used [0x00000000f2a00000,0x00000000f2a00000,0x00000000f3a00000)
 ParOldGen       total 384000K, used 87753K [0x0000000080000000, 0x0000000097700000, 0x00000000d5580000)
  object space 384000K, 22% used [0x0000000080000000,0x00000000855b2700,0x0000000097700000)
 Metaspace       used 93120K, capacity 95102K, committed 96512K, reserved 1134592K
  class space    used 11151K, capacity 11479K, committed 11776K, reserved 1048576K
}
{Heap before GC invocations=519 (full 5):
 PSYoungGen      total 461824K, used 452016K [0x00000000d5580000, 0x00000000f3a00000, 0x0000000100000000)
  eden space 444928K, 99% used [0x00000000d5580000,0x00000000f04c7048,0x00000000f0800000)
  from space 16896K, 61% used [0x00000000f0800000,0x00000000f1225240,0x00000000f1880000)
  to   space 16384K, 0% used [0x00000000f2a00000,0x00000000f2a00000,0x00000000f3a00000)
 ParOldGen       total 384000K, used 87753K [0x0000000080000000, 0x0000000097700000, 0x00000000d5580000)
  object space 384000K, 22% used [0x0000000080000000,0x00000000855b2700,0x0000000097700000)
 Metaspace       used 93120K, capacity 95102K, committed 96512K, reserved 1134592K
  class space    used 11151K, capacity 11479K, committed 11776K, reserved 1048576K
2024-08-28T11:57:36.416+0600: 675763.745: [GC (Allocation Failure) [PSYoungGen: 452016K->14205K(479232K)] 539770K->101999K(863232K), 0.0141636 secs] [Times: user=0.02 sys=0.01, real=0.02 secs] 
Heap after GC invocations=519 (full 5):
 PSYoungGen      total 479232K, used 14205K [0x00000000d5580000, 0x00000000f3a80000, 0x0000000100000000)
  eden space 462848K, 0% used [0x00000000d5580000,0x00000000d5580000,0x00000000f1980000)
  from space 16384K, 86% used [0x00000000f2a00000,0x00000000f37df6f8,0x00000000f3a00000)
  to   space 16896K, 0% used [0x00000000f1980000,0x00000000f1980000,0x00000000f2a00000)
 ParOldGen       total 384000K, used 87793K [0x0000000080000000, 0x0000000097700000, 0x00000000d5580000)
  object space 384000K, 22% used [0x0000000080000000,0x00000000855bc700,0x0000000097700000)
 Metaspace       used 93120K, capacity 95102K, committed 96512K, reserved 1134592K
  class space    used 11151K, capacity 11479K, committed 11776K, reserved 1048576K
}
{Heap before GC invocations=520 (full 5):
 PSYoungGen      total 479232K, used 475193K [0x00000000d5580000, 0x00000000f3a80000, 0x0000000100000000)
  eden space 462848K, 99% used [0x00000000d5580000,0x00000000f17aef98,0x00000000f1980000)
  from space 16384K, 86% used [0x00000000f2a00000,0x00000000f37df6f8,0x00000000f3a00000)
  to   space 16896K, 0% used [0x00000000f1980000,0x00000000f1980000,0x00000000f2a00000)
 ParOldGen       total 384000K, used 87793K [0x0000000080000000, 0x0000000097700000, 0x00000000d5580000)
  object space 384000K, 22% used [0x0000000080000000,0x00000000855bc700,0x0000000097700000)
 Metaspace       used 93120K, capacity 95102K, committed 96512K, reserved 1134592K
  class space    used 11151K, capacity 11479K, committed 11776K, reserved 1048576K
2024-08-28T11:57:39.554+0600: 675766.883: [GC (Allocation Failure) [PSYoungGen: 475193K->14237K(479744K)] 562987K->102071K(863744K), 0.0116161 secs] [Times: user=0.02 sys=0.01, real=0.01 secs] 
Heap after GC invocations=520 (full 5):
 PSYoungGen      total 479744K, used 14237K [0x00000000d5580000, 0x00000000f4e00000, 0x0000000100000000)
  eden space 462848K, 0% used [0x00000000d5580000,0x00000000d5580000,0x00000000f1980000)
  from space 16896K, 84% used [0x00000000f1980000,0x00000000f27676f8,0x00000000f2a00000)
  to   space 17920K, 0% used [0x00000000f3c80000,0x00000000f3c80000,0x00000000f4e00000)
 ParOldGen       total 384000K, used 87833K [0x0000000080000000, 0x0000000097700000, 0x00000000d5580000)
  object space 384000K, 22% used [0x0000000080000000,0x00000000855c6650,0x0000000097700000)
 Metaspace       used 93120K, capacity 95102K, committed 96512K, reserved 1134592K
  class space    used 11151K, capacity 11479K, committed 11776K, reserved 1048576K
}
{Heap before GC invocations=521 (full 5):
 PSYoungGen      total 479744K, used 477071K [0x00000000d5580000, 0x00000000f4e00000, 0x0000000100000000)
  eden space 462848K, 99% used [0x00000000d5580000,0x00000000f197c890,0x00000000f1980000)
  from space 16896K, 84% used [0x00000000f1980000,0x00000000f27676f8,0x00000000f2a00000)
  to   space 17920K, 0% used [0x00000000f3c80000,0x00000000f3c80000,0x00000000f4e00000)
 ParOldGen       total 384000K, used 87833K [0x0000000080000000, 0x0000000097700000, 0x00000000d5580000)
  object space 384000K, 22% used [0x0000000080000000,0x00000000855c6650,0x0000000097700000)
 Metaspace       used 93120K, capacity 95102K, committed 96512K, reserved 1134592K
  class space    used 11151K, capacity 11479K, committed 11776K, reserved 1048576K
2024-08-28T11:57:42.750+0600: 675770.079: [GC (Allocation Failure) [PSYoungGen: 477071K->10322K(496640K)] 564905K->98171K(880640K), 0.0135116 secs] [Times: user=0.02 sys=0.00, real=0.01 secs] 
Heap after GC invocations=521 (full 5):
 PSYoungGen      total 496640K, used 10322K [0x00000000d5580000, 0x00000000f4c80000, 0x0000000100000000)
  eden space 480256K, 0% used [0x00000000d5580000,0x00000000d5580000,0x00000000f2a80000)
  from space 16384K, 63% used [0x00000000f3c80000,0x00000000f4694980,0x00000000f4c80000)
  to   space 17408K, 0% used [0x00000000f2a80000,0x00000000f2a80000,0x00000000f3b80000)
 ParOldGen       total 384000K, used 87849K [0x0000000080000000, 0x0000000097700000, 0x00000000d5580000)
  object space 384000K, 22% used [0x0000000080000000,0x00000000855ca650,0x0000000097700000)
 Metaspace       used 93120K, capacity 95102K, committed 96512K, reserved 1134592K
  class space    used 11151K, capacity 11479K, committed 11776K, reserved 1048576K
}
{Heap before GC invocations=522 (full 5):
 PSYoungGen      total 496640K, used 488753K [0x00000000d5580000, 0x00000000f4c80000, 0x0000000100000000)
  eden space 480256K, 99% used [0x00000000d5580000,0x00000000f28b7b88,0x00000000f2a80000)
  from space 16384K, 63% used [0x00000000f3c80000,0x00000000f4694980,0x00000000f4c80000)
  to   space 17408K, 0% used [0x00000000f2a80000,0x00000000f2a80000,0x00000000f3b80000)
 ParOldGen       total 384000K, used 87849K [0x0000000080000000, 0x0000000097700000, 0x00000000d5580000)
  object space 384000K, 22% used [0x0000000080000000,0x00000000855ca650,0x0000000097700000)
 Metaspace       used 93120K, capacity 95102K, committed 96512K, reserved 1134592K
  class space    used 11151K, capacity 11479K, committed 11776K, reserved 1048576K
2024-08-28T11:57:45.995+0600: 675773.324: [GC (Allocation Failure) [PSYoungGen: 488753K->14107K(497664K)] 576602K->101989K(881664K), 0.0116820 secs] [Times: user=0.02 sys=0.00, real=0.01 secs] 
Heap after GC invocations=522 (full 5):
 PSYoungGen      total 497664K, used 14107K [0x00000000d5580000, 0x00000000f5e80000, 0x0000000100000000)
  eden space 480256K, 0% used [0x00000000d5580000,0x00000000d5580000,0x00000000f2a80000)
  from space 17408K, 81% used [0x00000000f2a80000,0x00000000f3846e38,0x00000000f3b80000)
  to   space 17920K, 0% used [0x00000000f4d00000,0x00000000f4d00000,0x00000000f5e80000)
 ParOldGen       total 384000K, used 87881K [0x0000000080000000, 0x0000000097700000, 0x00000000d5580000)
  object space 384000K, 22% used [0x0000000080000000,0x00000000855d2650,0x0000000097700000)
 Metaspace       used 93120K, capacity 95102K, committed 96512K, reserved 1134592K
  class space    used 11151K, capacity 11479K, committed 11776K, reserved 1048576K
}
{Heap before GC invocations=523 (full 5):
 PSYoungGen      total 497664K, used 493466K [0x00000000d5580000, 0x00000000f5e80000, 0x0000000100000000)
  eden space 480256K, 99% used [0x00000000d5580000,0x00000000f299fa10,0x00000000f2a80000)
  from space 17408K, 81% used [0x00000000f2a80000,0x00000000f3846e38,0x00000000f3b80000)
  to   space 17920K, 0% used [0x00000000f4d00000,0x00000000f4d00000,0x00000000f5e80000)
 ParOldGen       total 384000K, used 87881K [0x0000000080000000, 0x0000000097700000, 0x00000000d5580000)
  object space 384000K, 22% used [0x0000000080000000,0x00000000855d2650,0x0000000097700000)
 Metaspace       used 93121K, capacity 95102K, committed 96512K, reserved 1134592K
  class space    used 11151K, capacity 11479K, committed 11776K, reserved 1048576K
2024-08-28T11:57:49.298+0600: 675776.627: [GC (Allocation Failure) [PSYoungGen: 493466K->10484K(514560K)] 581347K->98406K(898560K), 0.0146659 secs] [Times: user=0.03 sys=0.00, real=0.02 secs] 
Heap after GC invocations=523 (full 5):
 PSYoungGen      total 514560K, used 10484K [0x00000000d5580000, 0x00000000f5d80000, 0x0000000100000000)
  eden space 497664K, 0% used [0x00000000d5580000,0x00000000d5580000,0x00000000f3b80000)
  from space 16896K, 62% used [0x00000000f4d00000,0x00000000f573d240,0x00000000f5d80000)
  to   space 17408K, 0% used [0x00000000f3b80000,0x00000000f3b80000,0x00000000f4c80000)
 ParOldGen       total 384000K, used 87921K [0x0000000080000000, 0x0000000097700000, 0x00000000d5580000)
  object space 384000K, 22% used [0x0000000080000000,0x00000000855dc650,0x0000000097700000)
 Metaspace       used 93121K, capacity 95102K, committed 96512K, reserved 1134592K
  class space    used 11151K, capacity 11479K, committed 11776K, reserved 1048576K
}
{Heap before GC invocations=524 (full 5):
 PSYoungGen      total 514560K, used 505414K [0x00000000d5580000, 0x00000000f5d80000, 0x0000000100000000)
  eden space 497664K, 99% used [0x00000000d5580000,0x00000000f38d48a8,0x00000000f3b80000)
  from space 16896K, 62% used [0x00000000f4d00000,0x00000000f573d240,0x00000000f5d80000)
  to   space 17408K, 0% used [0x00000000f3b80000,0x00000000f3b80000,0x00000000f4c80000)
 ParOldGen       total 384000K, used 87921K [0x0000000080000000, 0x0000000097700000, 0x00000000d5580000)
  object space 384000K, 22% used [0x0000000080000000,0x00000000855dc650,0x0000000097700000)
 Metaspace       used 93121K, capacity 95102K, committed 96512K, reserved 1134592K
  class space    used 11151K, capacity 11479K, committed 11776K, reserved 1048576K
2024-08-28T11:57:52.507+0600: 675779.836: [GC (Allocation Failure) [PSYoungGen: 505414K->14139K(515072K)] 593336K->102100K(899072K), 0.0141732 secs] [Times: user=0.02 sys=0.00, real=0.02 secs] 
Heap after GC invocations=524 (full 5):
 PSYoungGen      total 515072K, used 14139K [0x00000000d5580000, 0x00000000f7080000, 0x0000000100000000)
  eden space 497664K, 0% used [0x00000000d5580000,0x00000000d5580000,0x00000000f3b80000)
  from space 17408K, 81% used [0x00000000f3b80000,0x00000000f494ee38,0x00000000f4c80000)
  to   space 17920K, 0% used [0x00000000f5f00000,0x00000000f5f00000,0x00000000f7080000)
 ParOldGen       total 384000K, used 87961K [0x0000000080000000, 0x0000000097700000, 0x00000000d5580000)
  object space 384000K, 22% used [0x0000000080000000,0x00000000855e65a0,0x0000000097700000)
 Metaspace       used 93121K, capacity 95102K, committed 96512K, reserved 1134592K
  class space    used 11151K, capacity 11479K, committed 11776K, reserved 1048576K
}
{Heap before GC invocations=525 (full 5):
 PSYoungGen      total 515072K, used 511234K [0x00000000d5580000, 0x00000000f7080000, 0x0000000100000000)
  eden space 497664K, 99% used [0x00000000d5580000,0x00000000f3af1c68,0x00000000f3b80000)
  from space 17408K, 81% used [0x00000000f3b80000,0x00000000f494ee38,0x00000000f4c80000)
  to   space 17920K, 0% used [0x00000000f5f00000,0x00000000f5f00000,0x00000000f7080000)
 ParOldGen       total 384000K, used 87961K [0x0000000080000000, 0x0000000097700000, 0x00000000d5580000)
  object space 384000K, 22% used [0x0000000080000000,0x00000000855e65a0,0x0000000097700000)
 Metaspace       used 93121K, capacity 95102K, committed 96512K, reserved 1134592K
  class space    used 11151K, capacity 11479K, committed 11776K, reserved 1048576K
2024-08-28T11:57:55.742+0600: 675783.071: [GC (Allocation Failure) [PSYoungGen: 511234K->10452K(534016K)] 599196K->98453K(918016K), 0.0172113 secs] [Times: user=0.03 sys=0.00, real=0.02 secs] 
Heap after GC invocations=525 (full 5):
 PSYoungGen      total 534016K, used 10452K [0x00000000d5580000, 0x00000000f7000000, 0x0000000100000000)
  eden space 516608K, 0% used [0x00000000d5580000,0x00000000d5580000,0x00000000f4e00000)
  from space 17408K, 60% used [0x00000000f5f00000,0x00000000f6935240,0x00000000f7000000)
  to   space 17408K, 0% used [0x00000000f4e00000,0x00000000f4e00000,0x00000000f5f00000)
 ParOldGen       total 384000K, used 88001K [0x0000000080000000, 0x0000000097700000, 0x00000000d5580000)
  object space 384000K, 22% used [0x0000000080000000,0x00000000855f04f0,0x0000000097700000)
 Metaspace       used 93121K, capacity 95102K, committed 96512K, reserved 1134592K
  class space    used 11151K, capacity 11479K, committed 11776K, reserved 1048576K
}
{Heap before GC invocations=526 (full 5):
 PSYoungGen      total 534016K, used 525418K [0x00000000d5580000, 0x00000000f7000000, 0x0000000100000000)
  eden space 516608K, 99% used [0x00000000d5580000,0x00000000f4c65960,0x00000000f4e00000)
  from space 17408K, 60% used [0x00000000f5f00000,0x00000000f6935240,0x00000000f7000000)
  to   space 17408K, 0% used [0x00000000f4e00000,0x00000000f4e00000,0x00000000f5f00000)
 ParOldGen       total 384000K, used 88001K [0x0000000080000000, 0x0000000097700000, 0x00000000d5580000)
  object space 384000K, 22% used [0x0000000080000000,0x00000000855f04f0,0x0000000097700000)
 Metaspace       used 93121K, capacity 95102K, committed 96512K, reserved 1134592K
  class space    used 11151K, capacity 11479K, committed 11776K, reserved 1048576K
2024-08-28T11:57:59.164+0600: 675786.493: [GC (Allocation Failure) [PSYoungGen: 525418K->14139K(534016K)] 613420K->102164K(918016K), 0.0154694 secs] [Times: user=0.03 sys=0.01, real=0.02 secs] 
Heap after GC invocations=526 (full 5):
 PSYoungGen      total 534016K, used 14139K [0x00000000d5580000, 0x00000000f8480000, 0x0000000100000000)
  eden space 516608K, 0% used [0x00000000d5580000,0x00000000d5580000,0x00000000f4e00000)
  from space 17408K, 81% used [0x00000000f4e00000,0x00000000f5bcee38,0x00000000f5f00000)
  to   space 17920K, 0% used [0x00000000f7300000,0x00000000f7300000,0x00000000f8480000)
 ParOldGen       total 384000K, used 88025K [0x0000000080000000, 0x0000000097700000, 0x00000000d5580000)
  object space 384000K, 22% used [0x0000000080000000,0x00000000855f64f0,0x0000000097700000)
 Metaspace       used 93121K, capacity 95102K, committed 96512K, reserved 1134592K
  class space    used 11151K, capacity 11479K, committed 11776K, reserved 1048576K
}
{Heap before GC invocations=527 (full 5):
 PSYoungGen      total 534016K, used 530747K [0x00000000d5580000, 0x00000000f8480000, 0x0000000100000000)
  eden space 516608K, 100% used [0x00000000d5580000,0x00000000f4e00000,0x00000000f4e00000)
  from space 17408K, 81% used [0x00000000f4e00000,0x00000000f5bcee38,0x00000000f5f00000)
  to   space 17920K, 0% used [0x00000000f7300000,0x00000000f7300000,0x00000000f8480000)
 ParOldGen       total 384000K, used 88025K [0x0000000080000000, 0x0000000097700000, 0x00000000d5580000)
  object space 384000K, 22% used [0x0000000080000000,0x00000000855f64f0,0x0000000097700000)
 Metaspace       used 93123K, capacity 95102K, committed 96512K, reserved 1134592K
  class space    used 11151K, capacity 11479K, committed 11776K, reserved 1048576K
2024-08-28T11:58:02.278+0600: 675789.607: [GC (Allocation Failure) [PSYoungGen: 530747K->8265K(550400K)] 618772K->96322K(934400K), 0.0081795 secs] [Times: user=0.01 sys=0.00, real=0.01 secs] 
Heap after GC invocations=527 (full 5):
 PSYoungGen      total 550400K, used 8265K [0x00000000d5580000, 0x00000000f8280000, 0x0000000100000000)
  eden space 534528K, 0% used [0x00000000d5580000,0x00000000d5580000,0x00000000f5f80000)
  from space 15872K, 52% used [0x00000000f7300000,0x00000000f7b124d8,0x00000000f8280000)
  to   space 17920K, 0% used [0x00000000f5f80000,0x00000000f5f80000,0x00000000f7100000)
 ParOldGen       total 384000K, used 88057K [0x0000000080000000, 0x0000000097700000, 0x00000000d5580000)
  object space 384000K, 22% used [0x0000000080000000,0x00000000855fe4f0,0x0000000097700000)
 Metaspace       used 93123K, capacity 95102K, committed 96512K, reserved 1134592K
  class space    used 11151K, capacity 11479K, committed 11776K, reserved 1048576K
}
{Heap before GC invocations=528 (full 5):
 PSYoungGen      total 550400K, used 542793K [0x00000000d5580000, 0x00000000f8280000, 0x0000000100000000)
  eden space 534528K, 100% used [0x00000000d5580000,0x00000000f5f80000,0x00000000f5f80000)
  from space 15872K, 52% used [0x00000000f7300000,0x00000000f7b124d8,0x00000000f8280000)
  to   space 17920K, 0% used [0x00000000f5f80000,0x00000000f5f80000,0x00000000f7100000)
 ParOldGen       total 384000K, used 88057K [0x0000000080000000, 0x0000000097700000, 0x00000000d5580000)
  object space 384000K, 22% used [0x0000000080000000,0x00000000855fe4f0,0x0000000097700000)
 Metaspace       used 93141K, capacity 95102K, committed 96512K, reserved 1134592K
  class space    used 11151K, capacity 11479K, committed 11776K, reserved 1048576K
2024-08-28T11:58:05.506+0600: 675792.835: [GC (Allocation Failure) [PSYoungGen: 542793K->8457K(552448K)] 630850K->96562K(936448K), 0.0075557 secs] [Times: user=0.01 sys=0.00, real=0.01 secs] 
Heap after GC invocations=528 (full 5):
 PSYoungGen      total 552448K, used 8457K [0x00000000d5580000, 0x00000000f9300000, 0x0000000100000000)
  eden space 534528K, 0% used [0x00000000d5580000,0x00000000d5580000,0x00000000f5f80000)
  from space 17920K, 47% used [0x00000000f5f80000,0x00000000f67c24d8,0x00000000f7100000)
  to   space 17920K, 0% used [0x00000000f8180000,0x00000000f8180000,0x00000000f9300000)
 ParOldGen       total 384000K, used 88105K [0x0000000080000000, 0x0000000097700000, 0x00000000d5580000)
  object space 384000K, 22% used [0x0000000080000000,0x000000008560a440,0x0000000097700000)
 Metaspace       used 93141K, capacity 95102K, committed 96512K, reserved 1134592K
  class space    used 11151K, capacity 11479K, committed 11776K, reserved 1048576K
}
{Heap before GC invocations=529 (full 5):
 PSYoungGen      total 552448K, used 541355K [0x00000000d5580000, 0x00000000f9300000, 0x0000000100000000)
  eden space 534528K, 99% used [0x00000000d5580000,0x00000000f5de8908,0x00000000f5f80000)
  from space 17920K, 47% used [0x00000000f5f80000,0x00000000f67c24d8,0x00000000f7100000)
  to   space 17920K, 0% used [0x00000000f8180000,0x00000000f8180000,0x00000000f9300000)
 ParOldGen       total 384000K, used 88105K [0x0000000080000000, 0x0000000097700000, 0x00000000d5580000)
  object space 384000K, 22% used [0x0000000080000000,0x000000008560a440,0x0000000097700000)
 Metaspace       used 93141K, capacity 95102K, committed 96512K, reserved 1134592K
  class space    used 11151K, capacity 11479K, committed 11776K, reserved 1048576K
2024-08-28T11:58:10.354+0600: 675797.683: [GC (Allocation Failure) [PSYoungGen: 541355K->14363K(568320K)] 629460K->102500K(952320K), 0.0126951 secs] [Times: user=0.02 sys=0.01, real=0.01 secs] 
Heap after GC invocations=529 (full 5):
 PSYoungGen      total 568320K, used 14363K [0x00000000d5580000, 0x00000000f9300000, 0x0000000100000000)
  eden space 550400K, 0% used [0x00000000d5580000,0x00000000d5580000,0x00000000f6f00000)
  from space 17920K, 80% used [0x00000000f8180000,0x00000000f8f86e48,0x00000000f9300000)
  to   space 18432K, 0% used [0x00000000f6f00000,0x00000000f6f00000,0x00000000f8100000)
 ParOldGen       total 384000K, used 88137K [0x0000000080000000, 0x0000000097700000, 0x00000000d5580000)
  object space 384000K, 22% used [0x0000000080000000,0x0000000085612440,0x0000000097700000)
 Metaspace       used 93141K, capacity 95102K, committed 96512K, reserved 1134592K
  class space    used 11151K, capacity 11479K, committed 11776K, reserved 1048576K
}
{Heap before GC invocations=530 (full 5):
 PSYoungGen      total 568320K, used 562470K [0x00000000d5580000, 0x00000000f9300000, 0x0000000100000000)
  eden space 550400K, 99% used [0x00000000d5580000,0x00000000f6cc2c58,0x00000000f6f00000)
  from space 17920K, 80% used [0x00000000f8180000,0x00000000f8f86e48,0x00000000f9300000)
  to   space 18432K, 0% used [0x00000000f6f00000,0x00000000f6f00000,0x00000000f8100000)
 ParOldGen       total 384000K, used 88137K [0x0000000080000000, 0x0000000097700000, 0x00000000d5580000)
  object space 384000K, 22% used [0x0000000080000000,0x0000000085612440,0x0000000097700000)
 Metaspace       used 93141K, capacity 95102K, committed 96512K, reserved 1134592K
  class space    used 11151K, capacity 11479K, committed 11776K, reserved 1048576K
2024-08-28T11:58:13.963+0600: 675801.292: [GC (Allocation Failure) [PSYoungGen: 562470K->10546K(568832K)] 650607K->98739K(952832K), 0.0129853 secs] [Times: user=0.02 sys=0.00, real=0.01 secs] 
Heap after GC invocations=530 (full 5):
 PSYoungGen      total 568832K, used 10546K [0x00000000d5580000, 0x00000000fa280000, 0x0000000100000000)
  eden space 550400K, 0% used [0x00000000d5580000,0x00000000d5580000,0x00000000f6f00000)
  from space 18432K, 57% used [0x00000000f6f00000,0x00000000f794c990,0x00000000f8100000)
  to   space 17920K, 0% used [0x00000000f9100000,0x00000000f9100000,0x00000000fa280000)
 ParOldGen       total 384000K, used 88192K [0x0000000080000000, 0x0000000097700000, 0x00000000d5580000)
  object space 384000K, 22% used [0x0000000080000000,0x0000000085620390,0x0000000097700000)
 Metaspace       used 93141K, capacity 95102K, committed 96512K, reserved 1134592K
  class space    used 11151K, capacity 11479K, committed 11776K, reserved 1048576K
}
{Heap before GC invocations=531 (full 5):
 PSYoungGen      total 568832K, used 559284K [0x00000000d5580000, 0x00000000fa280000, 0x0000000100000000)
  eden space 550400K, 99% used [0x00000000d5580000,0x00000000f6d607a0,0x00000000f6f00000)
  from space 18432K, 57% used [0x00000000f6f00000,0x00000000f794c990,0x00000000f8100000)
  to   space 17920K, 0% used [0x00000000f9100000,0x00000000f9100000,0x00000000fa280000)
 ParOldGen       total 384000K, used 88192K [0x0000000080000000, 0x0000000097700000, 0x00000000d5580000)
  object space 384000K, 22% used [0x0000000080000000,0x0000000085620390,0x0000000097700000)
 Metaspace       used 93141K, capacity 95102K, committed 96512K, reserved 1134592K
  class space    used 11151K, capacity 11479K, committed 11776K, reserved 1048576K
2024-08-28T11:58:17.531+0600: 675804.860: [GC (Allocation Failure) [PSYoungGen: 559284K->10854K(585216K)] 647477K->99079K(969216K), 0.0149850 secs] [Times: user=0.03 sys=0.00, real=0.01 secs] 
Heap after GC invocations=531 (full 5):
 PSYoungGen      total 585216K, used 10854K [0x00000000d5580000, 0x00000000fa200000, 0x0000000100000000)
  eden space 567808K, 0% used [0x00000000d5580000,0x00000000d5580000,0x00000000f8000000)
  from space 17408K, 62% used [0x00000000f9100000,0x00000000f9b99b20,0x00000000fa200000)
  to   space 17408K, 0% used [0x00000000f8000000,0x00000000f8000000,0x00000000f9100000)
 ParOldGen       total 384000K, used 88224K [0x0000000080000000, 0x0000000097700000, 0x00000000d5580000)
  object space 384000K, 22% used [0x0000000080000000,0x0000000085628390,0x0000000097700000)
 Metaspace       used 93141K, capacity 95102K, committed 96512K, reserved 1134592K
  class space    used 11151K, capacity 11479K, committed 11776K, reserved 1048576K
}
{Heap before GC invocations=532 (full 5):
 PSYoungGen      total 585216K, used 578662K [0x00000000d5580000, 0x00000000fa200000, 0x0000000100000000)
  eden space 567808K, 100% used [0x00000000d5580000,0x00000000f8000000,0x00000000f8000000)
  from space 17408K, 62% used [0x00000000f9100000,0x00000000f9b99b20,0x00000000fa200000)
  to   space 17408K, 0% used [0x00000000f8000000,0x00000000f8000000,0x00000000f9100000)
 ParOldGen       total 384000K, used 88224K [0x0000000080000000, 0x0000000097700000, 0x00000000d5580000)
  object space 384000K, 22% used [0x0000000080000000,0x0000000085628390,0x0000000097700000)
 Metaspace       used 93141K, capacity 95102K, committed 96512K, reserved 1134592K
  class space    used 11151K, capacity 11479K, committed 11776K, reserved 1048576K
2024-08-28T11:58:20.853+0600: 675808.182: [GC (Allocation Failure) [PSYoungGen: 578662K->8959K(585216K)] 666887K->97240K(969216K), 0.0080599 secs] [Times: user=0.02 sys=0.00, real=0.01 secs] 
Heap after GC invocations=532 (full 5):
 PSYoungGen      total 585216K, used 8959K [0x00000000d5580000, 0x00000000fb180000, 0x0000000100000000)
  eden space 567808K, 0% used [0x00000000d5580000,0x00000000d5580000,0x00000000f8000000)
  from space 17408K, 51% used [0x00000000f8000000,0x00000000f88bfd08,0x00000000f9100000)
  to   space 16896K, 0% used [0x00000000fa100000,0x00000000fa100000,0x00000000fb180000)
 ParOldGen       total 384000K, used 88280K [0x0000000080000000, 0x0000000097700000, 0x00000000d5580000)
  object space 384000K, 22% used [0x0000000080000000,0x00000000856363a0,0x0000000097700000)
 Metaspace       used 93141K, capacity 95102K, committed 96512K, reserved 1134592K
  class space    used 11151K, capacity 11479K, committed 11776K, reserved 1048576K
}
{Heap before GC invocations=533 (full 5):
 PSYoungGen      total 585216K, used 576767K [0x00000000d5580000, 0x00000000fb180000, 0x0000000100000000)
  eden space 567808K, 100% used [0x00000000d5580000,0x00000000f8000000,0x00000000f8000000)
  from space 17408K, 51% used [0x00000000f8000000,0x00000000f88bfd08,0x00000000f9100000)
  to   space 16896K, 0% used [0x00000000fa100000,0x00000000fa100000,0x00000000fb180000)
 ParOldGen       total 384000K, used 88280K [0x0000000080000000, 0x0000000097700000, 0x00000000d5580000)
  object space 384000K, 22% used [0x0000000080000000,0x00000000856363a0,0x0000000097700000)
 Metaspace       used 93141K, capacity 95102K, committed 96512K, reserved 1134592K
  class space    used 11151K, capacity 11479K, committed 11776K, reserved 1048576K
2024-08-28T11:58:24.114+0600: 675811.443: [GC (Allocation Failure) [PSYoungGen: 576767K->1716K(600576K)] 665048K->90021K(984576K), 0.0077890 secs] [Times: user=0.01 sys=0.01, real=0.01 secs] 
Heap after GC invocations=533 (full 5):
 PSYoungGen      total 600576K, used 1716K [0x00000000d5580000, 0x00000000fb280000, 0x0000000100000000)
  eden space 583680K, 0% used [0x00000000d5580000,0x00000000d5580000,0x00000000f8f80000)
  from space 16896K, 10% used [0x00000000fa100000,0x00000000fa2ad1a0,0x00000000fb180000)
  to   space 17920K, 0% used [0x00000000f8f80000,0x00000000f8f80000,0x00000000fa100000)
 ParOldGen       total 384000K, used 88304K [0x0000000080000000, 0x0000000097700000, 0x00000000d5580000)
  object space 384000K, 22% used [0x0000000080000000,0x000000008563c3a0,0x0000000097700000)
 Metaspace       used 93141K, capacity 95102K, committed 96512K, reserved 1134592K
  class space    used 11151K, capacity 11479K, committed 11776K, reserved 1048576K
}
{Heap before GC invocations=534 (full 5):
 PSYoungGen      total 600576K, used 584544K [0x00000000d5580000, 0x00000000fb280000, 0x0000000100000000)
  eden space 583680K, 99% used [0x00000000d5580000,0x00000000f8eaaf00,0x00000000f8f80000)
  from space 16896K, 10% used [0x00000000fa100000,0x00000000fa2ad1a0,0x00000000fb180000)
  to   space 17920K, 0% used [0x00000000f8f80000,0x00000000f8f80000,0x00000000fa100000)
 ParOldGen       total 384000K, used 88304K [0x0000000080000000, 0x0000000097700000, 0x00000000d5580000)
  object space 384000K, 22% used [0x0000000080000000,0x000000008563c3a0,0x0000000097700000)
 Metaspace       used 93141K, capacity 95102K, committed 96512K, reserved 1134592K
  class space    used 11151K, capacity 11479K, committed 11776K, reserved 1048576K
2024-08-28T11:58:29.316+0600: 675816.645: [GC (Allocation Failure) [PSYoungGen: 584544K->14813K(601600K)] 672849K->103158K(985600K), 0.0159765 secs] [Times: user=0.03 sys=0.00, real=0.02 secs] 
Heap after GC invocations=534 (full 5):
 PSYoungGen      total 601600K, used 14813K [0x00000000d5580000, 0x00000000fc480000, 0x0000000100000000)
  eden space 583680K, 0% used [0x00000000d5580000,0x00000000d5580000,0x00000000f8f80000)
  from space 17920K, 82% used [0x00000000f8f80000,0x00000000f9df7738,0x00000000fa100000)
  to   space 18944K, 0% used [0x00000000fb200000,0x00000000fb200000,0x00000000fc480000)
 ParOldGen       total 384000K, used 88344K [0x0000000080000000, 0x0000000097700000, 0x00000000d5580000)
  object space 384000K, 23% used [0x0000000080000000,0x00000000856462f0,0x0000000097700000)
 Metaspace       used 93141K, capacity 95102K, committed 96512K, reserved 1134592K
  class space    used 11151K, capacity 11479K, committed 11776K, reserved 1048576K
}
{Heap before GC invocations=535 (full 5):
 PSYoungGen      total 601600K, used 598490K [0x00000000d5580000, 0x00000000fc480000, 0x0000000100000000)
  eden space 583680K, 99% used [0x00000000d5580000,0x00000000f8f7f238,0x00000000f8f80000)
  from space 17920K, 82% used [0x00000000f8f80000,0x00000000f9df7738,0x00000000fa100000)
  to   space 18944K, 0% used [0x00000000fb200000,0x00000000fb200000,0x00000000fc480000)
 ParOldGen       total 384000K, used 88344K [0x0000000080000000, 0x0000000097700000, 0x00000000d5580000)
  object space 384000K, 23% used [0x0000000080000000,0x00000000856462f0,0x0000000097700000)
 Metaspace       used 93141K, capacity 95102K, committed 96512K, reserved 1134592K
  class space    used 11151K, capacity 11479K, committed 11776K, reserved 1048576K
2024-08-28T11:58:33.139+0600: 675820.468: [GC (Allocation Failure) [PSYoungGen: 598490K->14877K(617984K)] 686835K->103318K(1001984K), 0.0182022 secs] [Times: user=0.03 sys=0.00, real=0.01 secs] 
Heap after GC invocations=535 (full 5):
 PSYoungGen      total 617984K, used 14877K [0x00000000d5580000, 0x00000000fc800000, 0x0000000100000000)
  eden space 599040K, 0% used [0x00000000d5580000,0x00000000d5580000,0x00000000f9e80000)
  from space 18944K, 78% used [0x00000000fb200000,0x00000000fc087748,0x00000000fc480000)
  to   space 19968K, 0% used [0x00000000f9e80000,0x00000000f9e80000,0x00000000fb200000)
 ParOldGen       total 384000K, used 88440K [0x0000000080000000, 0x0000000097700000, 0x00000000d5580000)
  object space 384000K, 23% used [0x0000000080000000,0x000000008565e320,0x0000000097700000)
 Metaspace       used 93141K, capacity 95102K, committed 96512K, reserved 1134592K
  class space    used 11151K, capacity 11479K, committed 11776K, reserved 1048576K
}
{Heap before GC invocations=536 (full 5):
 PSYoungGen      total 617984K, used 613917K [0x00000000d5580000, 0x00000000fc800000, 0x0000000100000000)
  eden space 599040K, 100% used [0x00000000d5580000,0x00000000f9e80000,0x00000000f9e80000)
  from space 18944K, 78% used [0x00000000fb200000,0x00000000fc087748,0x00000000fc480000)
  to   space 19968K, 0% used [0x00000000f9e80000,0x00000000f9e80000,0x00000000fb200000)
 ParOldGen       total 384000K, used 88440K [0x0000000080000000, 0x0000000097700000, 0x00000000d5580000)
  object space 384000K, 23% used [0x0000000080000000,0x000000008565e320,0x0000000097700000)
 Metaspace       used 93141K, capacity 95102K, committed 96512K, reserved 1134592K
  class space    used 11151K, capacity 11479K, committed 11776K, reserved 1048576K
2024-08-28T11:58:36.531+0600: 675823.860: [GC (Allocation Failure) [PSYoungGen: 613917K->9099K(619008K)] 702358K->97572K(1003008K), 0.0132491 secs] [Times: user=0.02 sys=0.00, real=0.01 secs] 
Heap after GC invocations=536 (full 5):
 PSYoungGen      total 619008K, used 9099K [0x00000000d5580000, 0x00000000fd700000, 0x0000000100000000)
  eden space 599040K, 0% used [0x00000000d5580000,0x00000000d5580000,0x00000000f9e80000)
  from space 19968K, 45% used [0x00000000f9e80000,0x00000000fa762de8,0x00000000fb200000)
  to   space 19456K, 0% used [0x00000000fc400000,0x00000000fc400000,0x00000000fd700000)
 ParOldGen       total 384000K, used 88472K [0x0000000080000000, 0x0000000097700000, 0x00000000d5580000)
  object space 384000K, 23% used [0x0000000080000000,0x0000000085666320,0x0000000097700000)
 Metaspace       used 93141K, capacity 95102K, committed 96512K, reserved 1134592K
  class space    used 11151K, capacity 11479K, committed 11776K, reserved 1048576K
}
{Heap before GC invocations=537 (full 5):
 PSYoungGen      total 619008K, used 605955K [0x00000000d5580000, 0x00000000fd700000, 0x0000000100000000)
  eden space 599040K, 99% used [0x00000000d5580000,0x00000000f9c5de20,0x00000000f9e80000)
  from space 19968K, 45% used [0x00000000f9e80000,0x00000000fa762de8,0x00000000fb200000)
  to   space 19456K, 0% used [0x00000000fc400000,0x00000000fc400000,0x00000000fd700000)
 ParOldGen       total 384000K, used 88472K [0x0000000080000000, 0x0000000097700000, 0x00000000d5580000)
  object space 384000K, 23% used [0x0000000080000000,0x0000000085666320,0x0000000097700000)
 Metaspace       used 93141K, capacity 95102K, committed 96512K, reserved 1134592K
  class space    used 11151K, capacity 11479K, committed 11776K, reserved 1048576K
2024-08-28T11:58:41.639+0600: 675828.968: [GC (Allocation Failure) [PSYoungGen: 605955K->11090K(634368K)] 694427K->99595K(1018368K), 0.0171858 secs] [Times: user=0.02 sys=0.01, real=0.01 secs] 
Heap after GC invocations=537 (full 5):
 PSYoungGen      total 634368K, used 11090K [0x00000000d5580000, 0x00000000fd480000, 0x0000000100000000)
  eden space 617472K, 0% used [0x00000000d5580000,0x00000000d5580000,0x00000000fb080000)
  from space 16896K, 65% used [0x00000000fc400000,0x00000000fced49e0,0x00000000fd480000)
  to   space 18432K, 0% used [0x00000000fb080000,0x00000000fb080000,0x00000000fc280000)
 ParOldGen       total 384000K, used 88504K [0x0000000080000000, 0x0000000097700000, 0x00000000d5580000)
  object space 384000K, 23% used [0x0000000080000000,0x000000008566e320,0x0000000097700000)
 Metaspace       used 93141K, capacity 95102K, committed 96512K, reserved 1134592K
  class space    used 11151K, capacity 11479K, committed 11776K, reserved 1048576K
}
{Heap before GC invocations=538 (full 5):
 PSYoungGen      total 634368K, used 627797K [0x00000000d5580000, 0x00000000fd480000, 0x0000000100000000)
  eden space 617472K, 99% used [0x00000000d5580000,0x00000000fafc0a80,0x00000000fb080000)
  from space 16896K, 65% used [0x00000000fc400000,0x00000000fced49e0,0x00000000fd480000)
  to   space 18432K, 0% used [0x00000000fb080000,0x00000000fb080000,0x00000000fc280000)
 ParOldGen       total 384000K, used 88504K [0x0000000080000000, 0x0000000097700000, 0x00000000d5580000)
  object space 384000K, 23% used [0x0000000080000000,0x000000008566e320,0x0000000097700000)
 Metaspace       used 93141K, capacity 95102K, committed 96512K, reserved 1134592K
  class space    used 11151K, capacity 11479K, committed 11776K, reserved 1048576K
2024-08-28T11:58:45.724+0600: 675833.053: [GC (Allocation Failure) [PSYoungGen: 627797K->14843K(635904K)] 716301K->103404K(1019904K), 0.0142570 secs] [Times: user=0.03 sys=0.00, real=0.01 secs] 
Heap after GC invocations=538 (full 5):
 PSYoungGen      total 635904K, used 14843K [0x00000000d5580000, 0x00000000fe900000, 0x0000000100000000)
  eden space 617472K, 0% used [0x00000000d5580000,0x00000000d5580000,0x00000000fb080000)
  from space 18432K, 80% used [0x00000000fb080000,0x00000000fbefee98,0x00000000fc280000)
  to   space 19456K, 0% used [0x00000000fd600000,0x00000000fd600000,0x00000000fe900000)
 ParOldGen       total 384000K, used 88560K [0x0000000080000000, 0x0000000097700000, 0x00000000d5580000)
  object space 384000K, 23% used [0x0000000080000000,0x000000008567c1c0,0x0000000097700000)
 Metaspace       used 93141K, capacity 95102K, committed 96512K, reserved 1134592K
  class space    used 11151K, capacity 11479K, committed 11776K, reserved 1048576K
}
{Heap before GC invocations=539 (full 5):
 PSYoungGen      total 635904K, used 632315K [0x00000000d5580000, 0x00000000fe900000, 0x0000000100000000)
  eden space 617472K, 100% used [0x00000000d5580000,0x00000000fb080000,0x00000000fb080000)
  from space 18432K, 80% used [0x00000000fb080000,0x00000000fbefee98,0x00000000fc280000)
  to   space 19456K, 0% used [0x00000000fd600000,0x00000000fd600000,0x00000000fe900000)
 ParOldGen       total 384000K, used 88560K [0x0000000080000000, 0x0000000097700000, 0x00000000d5580000)
  object space 384000K, 23% used [0x0000000080000000,0x000000008567c1c0,0x0000000097700000)
 Metaspace       used 93141K, capacity 95102K, committed 96512K, reserved 1134592K
  class space    used 11151K, capacity 11479K, committed 11776K, reserved 1048576K
2024-08-28T11:58:49.236+0600: 675836.565: [GC (Allocation Failure) [PSYoungGen: 632315K->9067K(653824K)] 720876K->97659K(1037824K), 0.0093860 secs] [Times: user=0.02 sys=0.00, real=0.01 secs] 
Heap after GC invocations=539 (full 5):
 PSYoungGen      total 653824K, used 9067K [0x00000000d5580000, 0x00000000fe780000, 0x0000000100000000)
  eden space 635904K, 0% used [0x00000000d5580000,0x00000000d5580000,0x00000000fc280000)
  from space 17920K, 50% used [0x00000000fd600000,0x00000000fdedade8,0x00000000fe780000)
  to   space 18944K, 0% used [0x00000000fc280000,0x00000000fc280000,0x00000000fd500000)
 ParOldGen       total 384000K, used 88592K [0x0000000080000000, 0x0000000097700000, 0x00000000d5580000)
  object space 384000K, 23% used [0x0000000080000000,0x00000000856841c0,0x0000000097700000)
 Metaspace       used 93141K, capacity 95102K, committed 96512K, reserved 1134592K
  class space    used 11151K, capacity 11479K, committed 11776K, reserved 1048576K
}
{Heap before GC invocations=540 (full 5):
 PSYoungGen      total 653824K, used 642965K [0x00000000d5580000, 0x00000000fe780000, 0x0000000100000000)
  eden space 635904K, 99% used [0x00000000d5580000,0x00000000fc08a9e8,0x00000000fc280000)
  from space 17920K, 50% used [0x00000000fd600000,0x00000000fdedade8,0x00000000fe780000)
  to   space 18944K, 0% used [0x00000000fc280000,0x00000000fc280000,0x00000000fd500000)
 ParOldGen       total 384000K, used 88592K [0x0000000080000000, 0x0000000097700000, 0x00000000d5580000)
  object space 384000K, 23% used [0x0000000080000000,0x00000000856841c0,0x0000000097700000)
 Metaspace       used 93141K, capacity 95102K, committed 96512K, reserved 1134592K
  class space    used 11151K, capacity 11479K, committed 11776K, reserved 1048576K
2024-08-28T11:58:54.738+0600: 675842.067: [GC (Allocation Failure) [PSYoungGen: 642965K->11122K(654848K)] 731558K->99746K(1038848K), 0.0160558 secs] [Times: user=0.03 sys=0.00, real=0.02 secs] 
Heap after GC invocations=540 (full 5):
 PSYoungGen      total 654848K, used 11122K [0x00000000d5580000, 0x00000000ff780000, 0x0000000100000000)
  eden space 635904K, 0% used [0x00000000d5580000,0x00000000d5580000,0x00000000fc280000)
  from space 18944K, 58% used [0x00000000fc280000,0x00000000fcd5c9e0,0x00000000fd500000)
  to   space 17920K, 0% used [0x00000000fe600000,0x00000000fe600000,0x00000000ff780000)
 ParOldGen       total 384000K, used 88624K [0x0000000080000000, 0x0000000097700000, 0x00000000d5580000)
  object space 384000K, 23% used [0x0000000080000000,0x000000008568c1c0,0x0000000097700000)
 Metaspace       used 93141K, capacity 95102K, committed 96512K, reserved 1134592K
  class space    used 11151K, capacity 11479K, committed 11776K, reserved 1048576K
}
{Heap before GC invocations=541 (full 5):
 PSYoungGen      total 654848K, used 647026K [0x00000000d5580000, 0x00000000ff780000, 0x0000000100000000)
  eden space 635904K, 100% used [0x00000000d5580000,0x00000000fc280000,0x00000000fc280000)
  from space 18944K, 58% used [0x00000000fc280000,0x00000000fcd5c9e0,0x00000000fd500000)
  to   space 17920K, 0% used [0x00000000fe600000,0x00000000fe600000,0x00000000ff780000)
 ParOldGen       total 384000K, used 88624K [0x0000000080000000, 0x0000000097700000, 0x00000000d5580000)
  object space 384000K, 23% used [0x0000000080000000,0x000000008568c1c0,0x0000000097700000)
 Metaspace       used 93141K, capacity 95102K, committed 96512K, reserved 1134592K
  class space    used 11151K, capacity 11479K, committed 11776K, reserved 1048576K
2024-08-28T11:58:58.703+0600: 675846.032: [GC (Allocation Failure) [PSYoungGen: 647026K->9321K(670208K)] 735650K->97977K(1054208K), 0.0097362 secs] [Times: user=0.02 sys=0.00, real=0.01 secs] 
Heap after GC invocations=541 (full 5):
 PSYoungGen      total 670208K, used 9321K [0x00000000d5580000, 0x00000000ff680000, 0x0000000100000000)
  eden space 653312K, 0% used [0x00000000d5580000,0x00000000d5580000,0x00000000fd380000)
  from space 16896K, 55% used [0x00000000fe600000,0x00000000fef1a528,0x00000000ff680000)
  to   space 17920K, 0% used [0x00000000fd380000,0x00000000fd380000,0x00000000fe500000)
 ParOldGen       total 384000K, used 88656K [0x0000000080000000, 0x0000000097700000, 0x00000000d5580000)
  object space 384000K, 23% used [0x0000000080000000,0x00000000856941c0,0x0000000097700000)
 Metaspace       used 93141K, capacity 95102K, committed 96512K, reserved 1134592K
  class space    used 11151K, capacity 11479K, committed 11776K, reserved 1048576K
}
{Heap before GC invocations=542 (full 5):
 PSYoungGen      total 670208K, used 660343K [0x00000000d5580000, 0x00000000ff680000, 0x0000000100000000)
  eden space 653312K, 99% used [0x00000000d5580000,0x00000000fd1439f8,0x00000000fd380000)
  from space 16896K, 55% used [0x00000000fe600000,0x00000000fef1a528,0x00000000ff680000)
  to   space 17920K, 0% used [0x00000000fd380000,0x00000000fd380000,0x00000000fe500000)
 ParOldGen       total 384000K, used 88656K [0x0000000080000000, 0x0000000097700000, 0x00000000d5580000)
  object space 384000K, 23% used [0x0000000080000000,0x00000000856941c0,0x0000000097700000)
 Metaspace       used 93141K, capacity 95102K, committed 96512K, reserved 1134592K
  class space    used 11151K, capacity 11479K, committed 11776K, reserved 1048576K
2024-08-28T11:59:03.712+0600: 675851.041: [GC (Allocation Failure) [PSYoungGen: 660343K->11188K(671232K)] 749000K->100012K(1055232K), 0.0145024 secs] [Times: user=0.03 sys=0.00, real=0.01 secs] 
Heap after GC invocations=542 (full 5):
 PSYoungGen      total 671232K, used 11188K [0x00000000d5580000, 0x0000000100000000, 0x0000000100000000)
  eden space 653312K, 0% used [0x00000000d5580000,0x00000000d5580000,0x00000000fd380000)
  from space 17920K, 62% used [0x00000000fd380000,0x00000000fde6d2a0,0x00000000fe500000)
  to   space 17408K, 0% used [0x00000000fef00000,0x00000000fef00000,0x0000000100000000)
 ParOldGen       total 384000K, used 88823K [0x0000000080000000, 0x0000000097700000, 0x00000000d5580000)
  object space 384000K, 23% used [0x0000000080000000,0x00000000856bdf30,0x0000000097700000)
 Metaspace       used 93141K, capacity 95102K, committed 96512K, reserved 1134592K
  class space    used 11151K, capacity 11479K, committed 11776K, reserved 1048576K
}
{Heap before GC invocations=543 (full 5):
 PSYoungGen      total 671232K, used 663931K [0x00000000d5580000, 0x0000000100000000, 0x0000000100000000)
  eden space 653312K, 99% used [0x00000000d5580000,0x00000000fd2f1b00,0x00000000fd380000)
  from space 17920K, 62% used [0x00000000fd380000,0x00000000fde6d2a0,0x00000000fe500000)
  to   space 17408K, 0% used [0x00000000fef00000,0x00000000fef00000,0x0000000100000000)
 ParOldGen       total 384000K, used 88823K [0x0000000080000000, 0x0000000097700000, 0x00000000d5580000)
  object space 384000K, 23% used [0x0000000080000000,0x00000000856bdf30,0x0000000097700000)
 Metaspace       used 93141K, capacity 95102K, committed 96512K, reserved 1134592K
  class space    used 11151K, capacity 11479K, committed 11776K, reserved 1048576K
2024-08-28T11:59:07.870+0600: 675855.199: [GC (Allocation Failure) [PSYoungGen: 663931K->11186K(679424K)] 752755K->100050K(1063424K), 0.0178868 secs] [Times: user=0.03 sys=0.00, real=0.01 secs] 
Heap after GC invocations=543 (full 5):
 PSYoungGen      total 679424K, used 11186K [0x00000000d5580000, 0x00000000ffe80000, 0x0000000100000000)
  eden space 663552K, 0% used [0x00000000d5580000,0x00000000d5580000,0x00000000fdd80000)
  from space 15872K, 70% used [0x00000000fef00000,0x00000000ff9ec9e0,0x00000000ffe80000)
  to   space 16896K, 0% used [0x00000000fdd80000,0x00000000fdd80000,0x00000000fee00000)
 ParOldGen       total 384000K, used 88863K [0x0000000080000000, 0x0000000097700000, 0x00000000d5580000)
  object space 384000K, 23% used [0x0000000080000000,0x00000000856c7f30,0x0000000097700000)
 Metaspace       used 93141K, capacity 95102K, committed 96512K, reserved 1134592K
  class space    used 11151K, capacity 11479K, committed 11776K, reserved 1048576K
}
{Heap before GC invocations=544 (full 5):
 PSYoungGen      total 679424K, used 671941K [0x00000000d5580000, 0x00000000ffe80000, 0x0000000100000000)
  eden space 663552K, 99% used [0x00000000d5580000,0x00000000fdac4e18,0x00000000fdd80000)
  from space 15872K, 70% used [0x00000000fef00000,0x00000000ff9ec9e0,0x00000000ffe80000)
  to   space 16896K, 0% used [0x00000000fdd80000,0x00000000fdd80000,0x00000000fee00000)
 ParOldGen       total 384000K, used 88863K [0x0000000080000000, 0x0000000097700000, 0x00000000d5580000)
  object space 384000K, 23% used [0x0000000080000000,0x00000000856c7f30,0x0000000097700000)
 Metaspace       used 93141K, capacity 95102K, committed 96512K, reserved 1134592K
  class space    used 11151K, capacity 11479K, committed 11776K, reserved 1048576K
2024-08-28T11:59:12.886+0600: 675860.215: [GC (Allocation Failure) [PSYoungGen: 671941K->8046K(680448K)] 760805K->97006K(1064448K), 0.0149149 secs] [Times: user=0.03 sys=0.00, real=0.02 secs] 
Heap after GC invocations=544 (full 5):
 PSYoungGen      total 680448K, used 8046K [0x00000000d5580000, 0x0000000100000000, 0x0000000100000000)
  eden space 663552K, 0% used [0x00000000d5580000,0x00000000d5580000,0x00000000fdd80000)
  from space 16896K, 47% used [0x00000000fdd80000,0x00000000fe55ba08,0x00000000fee00000)
  to   space 16896K, 0% used [0x00000000fef80000,0x00000000fef80000,0x0000000100000000)
 ParOldGen       total 384000K, used 88959K [0x0000000080000000, 0x0000000097700000, 0x00000000d5580000)
  object space 384000K, 23% used [0x0000000080000000,0x00000000856dff60,0x0000000097700000)
 Metaspace       used 93141K, capacity 95102K, committed 96512K, reserved 1134592K
  class space    used 11151K, capacity 11479K, committed 11776K, reserved 1048576K
}
{Heap before GC invocations=545 (full 5):
 PSYoungGen      total 680448K, used 670162K [0x00000000d5580000, 0x0000000100000000, 0x0000000100000000)
  eden space 663552K, 99% used [0x00000000d5580000,0x00000000fdc19140,0x00000000fdd80000)
  from space 16896K, 47% used [0x00000000fdd80000,0x00000000fe55ba08,0x00000000fee00000)
  to   space 16896K, 0% used [0x00000000fef80000,0x00000000fef80000,0x0000000100000000)
 ParOldGen       total 384000K, used 88959K [0x0000000080000000, 0x0000000097700000, 0x00000000d5580000)
  object space 384000K, 23% used [0x0000000080000000,0x00000000856dff60,0x0000000097700000)
 Metaspace       used 93144K, capacity 95102K, committed 96512K, reserved 1134592K
  class space    used 11151K, capacity 11479K, committed 11776K, reserved 1048576K
2024-08-28T11:59:17.052+0600: 675864.381: [GC (Allocation Failure) [PSYoungGen: 670162K->11462K(680960K)] 759122K->100462K(1064960K), 0.0127031 secs] [Times: user=0.02 sys=0.00, real=0.01 secs] 
Heap after GC invocations=545 (full 5):
 PSYoungGen      total 680960K, used 11462K [0x00000000d5580000, 0x00000000fff00000, 0x0000000100000000)
  eden space 665088K, 0% used [0x00000000d5580000,0x00000000d5580000,0x00000000fdf00000)
  from space 15872K, 72% used [0x00000000fef80000,0x00000000ffab1b80,0x00000000fff00000)
  to   space 16384K, 0% used [0x00000000fdf00000,0x00000000fdf00000,0x00000000fef00000)
 ParOldGen       total 384000K, used 88999K [0x0000000080000000, 0x0000000097700000, 0x00000000d5580000)
  object space 384000K, 23% used [0x0000000080000000,0x00000000856e9eb0,0x0000000097700000)
 Metaspace       used 93144K, capacity 95102K, committed 96512K, reserved 1134592K
  class space    used 11151K, capacity 11479K, committed 11776K, reserved 1048576K
}
{Heap before GC invocations=546 (full 5):
 PSYoungGen      total 680960K, used 676550K [0x00000000d5580000, 0x00000000fff00000, 0x0000000100000000)
  eden space 665088K, 100% used [0x00000000d5580000,0x00000000fdf00000,0x00000000fdf00000)
  from space 15872K, 72% used [0x00000000fef80000,0x00000000ffab1b80,0x00000000fff00000)
  to   space 16384K, 0% used [0x00000000fdf00000,0x00000000fdf00000,0x00000000fef00000)
 ParOldGen       total 384000K, used 88999K [0x0000000080000000, 0x0000000097700000, 0x00000000d5580000)
  object space 384000K, 23% used [0x0000000080000000,0x00000000856e9eb0,0x0000000097700000)
 Metaspace       used 93144K, capacity 95102K, committed 96512K, reserved 1134592K
  class space    used 11151K, capacity 11479K, committed 11776K, reserved 1048576K
2024-08-28T11:59:20.501+0600: 675867.830: [GC (Allocation Failure) [PSYoungGen: 676550K->9163K(681472K)] 765550K->98195K(1065472K), 0.0077828 secs] [Times: user=0.01 sys=0.00, real=0.00 secs] 
Heap after GC invocations=546 (full 5):
 PSYoungGen      total 681472K, used 9163K [0x00000000d5580000, 0x00000000fff80000, 0x0000000100000000)
  eden space 665088K, 0% used [0x00000000d5580000,0x00000000d5580000,0x00000000fdf00000)
  from space 16384K, 55% used [0x00000000fdf00000,0x00000000fe7f2df8,0x00000000fef00000)
  to   space 15872K, 0% used [0x00000000ff000000,0x00000000ff000000,0x00000000fff80000)
 ParOldGen       total 384000K, used 89031K [0x0000000080000000, 0x0000000097700000, 0x00000000d5580000)
  object space 384000K, 23% used [0x0000000080000000,0x00000000856f1eb0,0x0000000097700000)
 Metaspace       used 93144K, capacity 95102K, committed 96512K, reserved 1134592K
  class space    used 11151K, capacity 11479K, committed 11776K, reserved 1048576K
}
{Heap before GC invocations=547 (full 5):
 PSYoungGen      total 681472K, used 674068K [0x00000000d5580000, 0x00000000fff80000, 0x0000000100000000)
  eden space 665088K, 99% used [0x00000000d5580000,0x00000000fded25b0,0x00000000fdf00000)
  from space 16384K, 55% used [0x00000000fdf00000,0x00000000fe7f2df8,0x00000000fef00000)
  to   space 15872K, 0% used [0x00000000ff000000,0x00000000ff000000,0x00000000fff80000)
 ParOldGen       total 384000K, used 89031K [0x0000000080000000, 0x0000000097700000, 0x00000000d5580000)
  object space 384000K, 23% used [0x0000000080000000,0x00000000856f1eb0,0x0000000097700000)
 Metaspace       used 93144K, capacity 95102K, committed 96512K, reserved 1134592K
  class space    used 11151K, capacity 11479K, committed 11776K, reserved 1048576K
2024-08-28T11:59:26.068+0600: 675873.397: [GC (Allocation Failure) [PSYoungGen: 674068K->15229K(679936K)] 763100K->104341K(1063936K), 0.0140679 secs] [Times: user=0.03 sys=0.00, real=0.02 secs] 
Heap after GC invocations=547 (full 5):
 PSYoungGen      total 679936K, used 15229K [0x00000000d5580000, 0x0000000100000000, 0x0000000100000000)
  eden space 664064K, 0% used [0x00000000d5580000,0x00000000d5580000,0x00000000fde00000)
  from space 15872K, 95% used [0x00000000ff000000,0x00000000ffedf778,0x00000000fff80000)
  to   space 17408K, 0% used [0x00000000fde00000,0x00000000fde00000,0x00000000fef00000)
 ParOldGen       total 384000K, used 89111K [0x0000000080000000, 0x0000000097700000, 0x00000000d5580000)
  object space 384000K, 23% used [0x0000000080000000,0x0000000085705ee0,0x0000000097700000)
 Metaspace       used 93144K, capacity 95102K, committed 96512K, reserved 1134592K
  class space    used 11151K, capacity 11479K, committed 11776K, reserved 1048576K
}
{Heap before GC invocations=548 (full 5):
 PSYoungGen      total 679936K, used 679293K [0x00000000d5580000, 0x0000000100000000, 0x0000000100000000)
  eden space 664064K, 100% used [0x00000000d5580000,0x00000000fde00000,0x00000000fde00000)
  from space 15872K, 95% used [0x00000000ff000000,0x00000000ffedf778,0x00000000fff80000)
  to   space 17408K, 0% used [0x00000000fde00000,0x00000000fde00000,0x00000000fef00000)
 ParOldGen       total 384000K, used 89111K [0x0000000080000000, 0x0000000097700000, 0x00000000d5580000)
  object space 384000K, 23% used [0x0000000080000000,0x0000000085705ee0,0x0000000097700000)
 Metaspace       used 93145K, capacity 95102K, committed 96512K, reserved 1134592K
  class space    used 11151K, capacity 11479K, committed 11776K, reserved 1048576K
2024-08-28T11:59:29.791+0600: 675877.120: [GC (Allocation Failure) [PSYoungGen: 679293K->9468K(681472K)] 768405K->98651K(1065472K), 0.0079264 secs] [Times: user=0.02 sys=0.00, real=0.00 secs] 
Heap after GC invocations=548 (full 5):
 PSYoungGen      total 681472K, used 9468K [0x00000000d5580000, 0x0000000100000000, 0x0000000100000000)
  eden space 664064K, 0% used [0x00000000d5580000,0x00000000d5580000,0x00000000fde00000)
  from space 17408K, 54% used [0x00000000fde00000,0x00000000fe73f038,0x00000000fef00000)
  to   space 16896K, 0% used [0x00000000fef80000,0x00000000fef80000,0x0000000100000000)
 ParOldGen       total 384000K, used 89183K [0x0000000080000000, 0x0000000097700000, 0x00000000d5580000)
  object space 384000K, 23% used [0x0000000080000000,0x0000000085717e30,0x0000000097700000)
 Metaspace       used 93145K, capacity 95102K, committed 96512K, reserved 1134592K
  class space    used 11151K, capacity 11479K, committed 11776K, reserved 1048576K
}
{Heap before GC invocations=549 (full 5):
 PSYoungGen      total 681472K, used 672493K [0x00000000d5580000, 0x0000000100000000, 0x0000000100000000)
  eden space 664064K, 99% used [0x00000000d5580000,0x00000000fdcfc5d0,0x00000000fde00000)
  from space 17408K, 54% used [0x00000000fde00000,0x00000000fe73f038,0x00000000fef00000)
  to   space 16896K, 0% used [0x00000000fef80000,0x00000000fef80000,0x0000000100000000)
 ParOldGen       total 384000K, used 89183K [0x0000000080000000, 0x0000000097700000, 0x00000000d5580000)
  object space 384000K, 23% used [0x0000000080000000,0x0000000085717e30,0x0000000097700000)
 Metaspace       used 93145K, capacity 95102K, committed 96512K, reserved 1134592K
  class space    used 11151K, capacity 11479K, committed 11776K, reserved 1048576K
2024-08-28T11:59:35.314+0600: 675882.643: [GC (Allocation Failure) [PSYoungGen: 672493K->11188K(679936K)] 761677K->100634K(1063936K), 0.0109708 secs] [Times: user=0.02 sys=0.00, real=0.01 secs] 
Heap after GC invocations=549 (full 5):
 PSYoungGen      total 679936K, used 11188K [0x00000000d5580000, 0x00000000ffe80000, 0x0000000100000000)
  eden space 664576K, 0% used [0x00000000d5580000,0x00000000d5580000,0x00000000fde80000)
  from space 15360K, 72% used [0x00000000fef80000,0x00000000ffa6d290,0x00000000ffe80000)
  to   space 16384K, 0% used [0x00000000fde80000,0x00000000fde80000,0x00000000fee80000)
 ParOldGen       total 384000K, used 89446K [0x0000000080000000, 0x0000000097700000, 0x00000000d5580000)
  object space 384000K, 23% used [0x0000000080000000,0x0000000085759830,0x0000000097700000)
 Metaspace       used 93145K, capacity 95102K, committed 96512K, reserved 1134592K
  class space    used 11151K, capacity 11479K, committed 11776K, reserved 1048576K
}
{Heap before GC invocations=550 (full 5):
 PSYoungGen      total 679936K, used 675764K [0x00000000d5580000, 0x00000000ffe80000, 0x0000000100000000)
  eden space 664576K, 100% used [0x00000000d5580000,0x00000000fde80000,0x00000000fde80000)
  from space 15360K, 72% used [0x00000000fef80000,0x00000000ffa6d290,0x00000000ffe80000)
  to   space 16384K, 0% used [0x00000000fde80000,0x00000000fde80000,0x00000000fee80000)
 ParOldGen       total 384000K, used 89446K [0x0000000080000000, 0x0000000097700000, 0x00000000d5580000)
  object space 384000K, 23% used [0x0000000080000000,0x0000000085759830,0x0000000097700000)
 Metaspace       used 93145K, capacity 95102K, committed 96512K, reserved 1134592K
  class space    used 11151K, capacity 11479K, committed 11776K, reserved 1048576K
2024-08-28T11:59:39.224+0600: 675886.553: [GC (Allocation Failure) [PSYoungGen: 675764K->9099K(680960K)] 765210K->98697K(1064960K), 0.0082942 secs] [Times: user=0.01 sys=0.00, real=0.01 secs] 
Heap after GC invocations=550 (full 5):
 PSYoungGen      total 680960K, used 9099K [0x00000000d5580000, 0x0000000100000000, 0x0000000100000000)
  eden space 664576K, 0% used [0x00000000d5580000,0x00000000d5580000,0x00000000fde80000)
  from space 16384K, 55% used [0x00000000fde80000,0x00000000fe762dd8,0x00000000fee80000)
  to   space 16384K, 0% used [0x00000000ff000000,0x00000000ff000000,0x0000000100000000)
 ParOldGen       total 384000K, used 89597K [0x0000000080000000, 0x0000000097700000, 0x00000000d5580000)
  object space 384000K, 23% used [0x0000000080000000,0x000000008577f650,0x0000000097700000)
 Metaspace       used 93145K, capacity 95102K, committed 96512K, reserved 1134592K
  class space    used 11151K, capacity 11479K, committed 11776K, reserved 1048576K
}
{Heap before GC invocations=551 (full 5):
 PSYoungGen      total 680960K, used 670327K [0x00000000d5580000, 0x0000000100000000, 0x0000000100000000)
  eden space 664576K, 99% used [0x00000000d5580000,0x00000000fdb3b038,0x00000000fde80000)
  from space 16384K, 55% used [0x00000000fde80000,0x00000000fe762dd8,0x00000000fee80000)
  to   space 16384K, 0% used [0x00000000ff000000,0x00000000ff000000,0x0000000100000000)
 ParOldGen       total 384000K, used 89597K [0x0000000080000000, 0x0000000097700000, 0x00000000d5580000)
  object space 384000K, 23% used [0x0000000080000000,0x000000008577f650,0x0000000097700000)
 Metaspace       used 93145K, capacity 95102K, committed 96512K, reserved 1134592K
  class space    used 11151K, capacity 11479K, committed 11776K, reserved 1048576K
2024-08-28T11:59:44.572+0600: 675891.901: [GC (Allocation Failure) [PSYoungGen: 670327K->14875K(680448K)] 759925K->104632K(1064448K), 0.0112577 secs] [Times: user=0.02 sys=0.00, real=0.01 secs] 
Heap after GC invocations=551 (full 5):
 PSYoungGen      total 680448K, used 14875K [0x00000000d5580000, 0x0000000100000000, 0x0000000100000000)
  eden space 664064K, 0% used [0x00000000d5580000,0x00000000d5580000,0x00000000fde00000)
  from space 16384K, 90% used [0x00000000ff000000,0x00000000ffe86e88,0x0000000100000000)
  to   space 17408K, 0% used [0x00000000fde00000,0x00000000fde00000,0x00000000fef00000)
 ParOldGen       total 384000K, used 89757K [0x0000000080000000, 0x0000000097700000, 0x00000000d5580000)
  object space 384000K, 23% used [0x0000000080000000,0x00000000857a7470,0x0000000097700000)
 Metaspace       used 93145K, capacity 95102K, committed 96512K, reserved 1134592K
  class space    used 11151K, capacity 11479K, committed 11776K, reserved 1048576K
}
{Heap before GC invocations=552 (full 5):
 PSYoungGen      total 680448K, used 678939K [0x00000000d5580000, 0x0000000100000000, 0x0000000100000000)
  eden space 664064K, 100% used [0x00000000d5580000,0x00000000fde00000,0x00000000fde00000)
  from space 16384K, 90% used [0x00000000ff000000,0x00000000ffe86e88,0x0000000100000000)
  to   space 17408K, 0% used [0x00000000fde00000,0x00000000fde00000,0x00000000fef00000)
 ParOldGen       total 384000K, used 89757K [0x0000000080000000, 0x0000000097700000, 0x00000000d5580000)
  object space 384000K, 23% used [0x0000000080000000,0x00000000857a7470,0x0000000097700000)
 Metaspace       used 93145K, capacity 95102K, committed 96512K, reserved 1134592K
  class space    used 11151K, capacity 11479K, committed 11776K, reserved 1048576K
2024-08-28T11:59:48.514+0600: 675895.843: [GC (Allocation Failure) [PSYoungGen: 678939K->9129K(681472K)] 768696K->98942K(1065472K), 0.0074548 secs] [Times: user=0.02 sys=0.00, real=0.01 secs] 
Heap after GC invocations=552 (full 5):
 PSYoungGen      total 681472K, used 9129K [0x00000000d5580000, 0x0000000100000000, 0x0000000100000000)
  eden space 664064K, 0% used [0x00000000d5580000,0x00000000d5580000,0x00000000fde00000)
  from space 17408K, 52% used [0x00000000fde00000,0x00000000fe6ea528,0x00000000fef00000)
  to   space 16896K, 0% used [0x00000000fef80000,0x00000000fef80000,0x0000000100000000)
 ParOldGen       total 384000K, used 89812K [0x0000000080000000, 0x0000000097700000, 0x00000000d5580000)
  object space 384000K, 23% used [0x0000000080000000,0x00000000857b53c0,0x0000000097700000)
 Metaspace       used 93145K, capacity 95102K, committed 96512K, reserved 1134592K
  class space    used 11151K, capacity 11479K, committed 11776K, reserved 1048576K
}
{Heap before GC invocations=553 (full 5):
 PSYoungGen      total 681472K, used 670073K [0x00000000d5580000, 0x0000000100000000, 0x0000000100000000)
  eden space 664064K, 99% used [0x00000000d5580000,0x00000000fdaf42a0,0x00000000fde00000)
  from space 17408K, 52% used [0x00000000fde00000,0x00000000fe6ea528,0x00000000fef00000)
  to   space 16896K, 0% used [0x00000000fef80000,0x00000000fef80000,0x0000000100000000)
 ParOldGen       total 384000K, used 89812K [0x0000000080000000, 0x0000000097700000, 0x00000000d5580000)
  object space 384000K, 23% used [0x0000000080000000,0x00000000857b53c0,0x0000000097700000)
 Metaspace       used 93145K, capacity 95102K, committed 96512K, reserved 1134592K
  class space    used 11151K, capacity 11479K, committed 11776K, reserved 1048576K
2024-08-28T11:59:53.817+0600: 675901.146: [GC (Allocation Failure) [PSYoungGen: 670073K->15133K(679936K)] 759886K->104978K(1063936K), 0.0138297 secs] [Times: user=0.03 sys=0.00, real=0.02 secs] 
Heap after GC invocations=553 (full 5):
 PSYoungGen      total 679936K, used 15133K [0x00000000d5580000, 0x0000000100000000, 0x0000000100000000)
  eden space 663040K, 0% used [0x00000000d5580000,0x00000000d5580000,0x00000000fdd00000)
  from space 16896K, 89% used [0x00000000fef80000,0x00000000ffe47758,0x0000000100000000)
  to   space 17920K, 0% used [0x00000000fdd00000,0x00000000fdd00000,0x00000000fee80000)
 ParOldGen       total 384000K, used 89844K [0x0000000080000000, 0x0000000097700000, 0x00000000d5580000)
  object space 384000K, 23% used [0x0000000080000000,0x00000000857bd3c0,0x0000000097700000)
 Metaspace       used 93145K, capacity 95102K, committed 96512K, reserved 1134592K
  class space    used 11151K, capacity 11479K, committed 11776K, reserved 1048576K
}
{Heap before GC invocations=554 (full 5):
 PSYoungGen      total 679936K, used 678109K [0x00000000d5580000, 0x0000000100000000, 0x0000000100000000)
  eden space 663040K, 99% used [0x00000000d5580000,0x00000000fdceffc0,0x00000000fdd00000)
  from space 16896K, 89% used [0x00000000fef80000,0x00000000ffe47758,0x0000000100000000)
  to   space 17920K, 0% used [0x00000000fdd00000,0x00000000fdd00000,0x00000000fee80000)
 ParOldGen       total 384000K, used 89844K [0x0000000080000000, 0x0000000097700000, 0x00000000d5580000)
  object space 384000K, 23% used [0x0000000080000000,0x00000000857bd3c0,0x0000000097700000)
 Metaspace       used 93145K, capacity 95102K, committed 96512K, reserved 1134592K
  class space    used 11151K, capacity 11479K, committed 11776K, reserved 1048576K
2024-08-28T11:59:57.969+0600: 675905.298: [GC (Allocation Failure) [PSYoungGen: 678109K->11186K(680960K)] 767954K->101087K(1064960K), 0.0121533 secs] [Times: user=0.03 sys=0.00, real=0.01 secs] 
Heap after GC invocations=554 (full 5):
 PSYoungGen      total 680960K, used 11186K [0x00000000d5580000, 0x0000000100000000, 0x0000000100000000)
  eden space 663040K, 0% used [0x00000000d5580000,0x00000000d5580000,0x00000000fdd00000)
  from space 17920K, 62% used [0x00000000fdd00000,0x00000000fe7eca30,0x00000000fee80000)
  to   space 17408K, 0% used [0x00000000fef00000,0x00000000fef00000,0x0000000100000000)
 ParOldGen       total 384000K, used 89900K [0x0000000080000000, 0x0000000097700000, 0x00000000d5580000)
  object space 384000K, 23% used [0x0000000080000000,0x00000000857cb310,0x0000000097700000)
 Metaspace       used 93145K, capacity 95102K, committed 96512K, reserved 1134592K
  class space    used 11151K, capacity 11479K, committed 11776K, reserved 1048576K
}
{Heap before GC invocations=555 (full 5):
 PSYoungGen      total 680960K, used 673518K [0x00000000d5580000, 0x0000000100000000, 0x0000000100000000)
  eden space 663040K, 99% used [0x00000000d5580000,0x00000000fdc4f078,0x00000000fdd00000)
  from space 17920K, 62% used [0x00000000fdd00000,0x00000000fe7eca30,0x00000000fee80000)
  to   space 17408K, 0% used [0x00000000fef00000,0x00000000fef00000,0x0000000100000000)
 ParOldGen       total 384000K, used 89900K [0x0000000080000000, 0x0000000097700000, 0x00000000d5580000)
  object space 384000K, 23% used [0x0000000080000000,0x00000000857cb310,0x0000000097700000)
 Metaspace       used 93145K, capacity 95102K, committed 96512K, reserved 1134592K
  class space    used 11151K, capacity 11479K, committed 11776K, reserved 1048576K
2024-08-28T12:00:03.350+0600: 675910.679: [GC (Allocation Failure) [PSYoungGen: 673518K->11314K(679424K)] 763419K->101247K(1063424K), 0.0091952 secs] [Times: user=0.02 sys=0.00, real=0.01 secs] 
Heap after GC invocations=555 (full 5):
 PSYoungGen      total 679424K, used 11314K [0x00000000d5580000, 0x00000000ffe80000, 0x0000000100000000)
  eden space 663552K, 0% used [0x00000000d5580000,0x00000000d5580000,0x00000000fdd80000)
  from space 15872K, 71% used [0x00000000fef00000,0x00000000ffa0c9f0,0x00000000ffe80000)
  to   space 16896K, 0% used [0x00000000fdd80000,0x00000000fdd80000,0x00000000fee00000)
 ParOldGen       total 384000K, used 89932K [0x0000000080000000, 0x0000000097700000, 0x00000000d5580000)
  object space 384000K, 23% used [0x0000000080000000,0x00000000857d3310,0x0000000097700000)
 Metaspace       used 93145K, capacity 95102K, committed 96512K, reserved 1134592K
  class space    used 11151K, capacity 11479K, committed 11776K, reserved 1048576K
}
{Heap before GC invocations=556 (full 5):
 PSYoungGen      total 679424K, used 673219K [0x00000000d5580000, 0x00000000ffe80000, 0x0000000100000000)
  eden space 663552K, 99% used [0x00000000d5580000,0x00000000fdbe44a8,0x00000000fdd80000)
  from space 15872K, 71% used [0x00000000fef00000,0x00000000ffa0c9f0,0x00000000ffe80000)
  to   space 16896K, 0% used [0x00000000fdd80000,0x00000000fdd80000,0x00000000fee00000)
 ParOldGen       total 384000K, used 89932K [0x0000000080000000, 0x0000000097700000, 0x00000000d5580000)
  object space 384000K, 23% used [0x0000000080000000,0x00000000857d3310,0x0000000097700000)
 Metaspace       used 93145K, capacity 95102K, committed 96512K, reserved 1134592K
  class space    used 11151K, capacity 11479K, committed 11776K, reserved 1048576K
2024-08-28T12:00:07.853+0600: 675915.182: [GC (Allocation Failure) [PSYoungGen: 673219K->15163K(680448K)] 763152K->105128K(1064448K), 0.0121153 secs] [Times: user=0.03 sys=0.00, real=0.01 secs] 
Heap after GC invocations=556 (full 5):
 PSYoungGen      total 680448K, used 15163K [0x00000000d5580000, 0x0000000100000000, 0x0000000100000000)
  eden space 663552K, 0% used [0x00000000d5580000,0x00000000d5580000,0x00000000fdd80000)
  from space 16896K, 89% used [0x00000000fdd80000,0x00000000fec4eea8,0x00000000fee00000)
  to   space 17920K, 0% used [0x00000000fee80000,0x00000000fee80000,0x0000000100000000)
 ParOldGen       total 384000K, used 89964K [0x0000000080000000, 0x0000000097700000, 0x00000000d5580000)
  object space 384000K, 23% used [0x0000000080000000,0x00000000857db310,0x0000000097700000)
 Metaspace       used 93145K, capacity 95102K, committed 96512K, reserved 1134592K
  class space    used 11151K, capacity 11479K, committed 11776K, reserved 1048576K
}
{Heap before GC invocations=557 (full 5):
 PSYoungGen      total 680448K, used 678715K [0x00000000d5580000, 0x0000000100000000, 0x0000000100000000)
  eden space 663552K, 100% used [0x00000000d5580000,0x00000000fdd80000,0x00000000fdd80000)
  from space 16896K, 89% used [0x00000000fdd80000,0x00000000fec4eea8,0x00000000fee00000)
  to   space 17920K, 0% used [0x00000000fee80000,0x00000000fee80000,0x0000000100000000)
 ParOldGen       total 384000K, used 89964K [0x0000000080000000, 0x0000000097700000, 0x00000000d5580000)
  object space 384000K, 23% used [0x0000000080000000,0x00000000857db310,0x0000000097700000)
 Metaspace       used 93145K, capacity 95102K, committed 96512K, reserved 1134592K
  class space    used 11151K, capacity 11479K, committed 11776K, reserved 1048576K
2024-08-28T12:00:11.493+0600: 675918.822: [GC (Allocation Failure) [PSYoungGen: 678715K->7625K(680960K)] 768680K->97701K(1064960K), 0.0072723 secs] [Times: user=0.01 sys=0.00, real=0.01 secs] 
Heap after GC invocations=557 (full 5):
 PSYoungGen      total 680960K, used 7625K [0x00000000d5580000, 0x0000000100000000, 0x0000000100000000)
  eden space 663040K, 0% used [0x00000000d5580000,0x00000000d5580000,0x00000000fdd00000)
  from space 17920K, 42% used [0x00000000fee80000,0x00000000ff5f2528,0x0000000100000000)
  to   space 17920K, 0% used [0x00000000fdd00000,0x00000000fdd00000,0x00000000fee80000)
 ParOldGen       total 384000K, used 90076K [0x0000000080000000, 0x0000000097700000, 0x00000000d5580000)
  object space 384000K, 23% used [0x0000000080000000,0x00000000857f7050,0x0000000097700000)
 Metaspace       used 93145K, capacity 95102K, committed 96512K, reserved 1134592K
  class space    used 11151K, capacity 11479K, committed 11776K, reserved 1048576K
}
{Heap before GC invocations=558 (full 5):
 PSYoungGen      total 680960K, used 669872K [0x00000000d5580000, 0x0000000100000000, 0x0000000100000000)
  eden space 663040K, 99% used [0x00000000d5580000,0x00000000fdc39af8,0x00000000fdd00000)
  from space 17920K, 42% used [0x00000000fee80000,0x00000000ff5f2528,0x0000000100000000)
  to   space 17920K, 0% used [0x00000000fdd00000,0x00000000fdd00000,0x00000000fee80000)
 ParOldGen       total 384000K, used 90076K [0x0000000080000000, 0x0000000097700000, 0x00000000d5580000)
  object space 384000K, 23% used [0x0000000080000000,0x00000000857f7050,0x0000000097700000)
 Metaspace       used 93145K, capacity 95102K, committed 96512K, reserved 1134592K
  class space    used 11151K, capacity 11479K, committed 11776K, reserved 1048576K
2024-08-28T12:00:17.149+0600: 675924.478: [GC (Allocation Failure) [PSYoungGen: 669872K->15785K(678912K)] 759948K->105965K(1062912K), 0.0094843 secs] [Times: user=0.01 sys=0.00, real=0.01 secs] 
Heap after GC invocations=558 (full 5):
 PSYoungGen      total 678912K, used 15785K [0x00000000d5580000, 0x0000000100000000, 0x0000000100000000)
  eden space 663040K, 0% used [0x00000000d5580000,0x00000000d5580000,0x00000000fdd00000)
  from space 15872K, 99% used [0x00000000fdd00000,0x00000000fec6a5d0,0x00000000fec80000)
  to   space 18944K, 0% used [0x00000000fed80000,0x00000000fed80000,0x0000000100000000)
 ParOldGen       total 384000K, used 90179K [0x0000000080000000, 0x0000000097700000, 0x00000000d5580000)
  object space 384000K, 23% used [0x0000000080000000,0x0000000085810fd0,0x0000000097700000)
 Metaspace       used 93145K, capacity 95102K, committed 96512K, reserved 1134592K
  class space    used 11151K, capacity 11479K, committed 11776K, reserved 1048576K
}
{Heap before GC invocations=559 (full 5):
 PSYoungGen      total 678912K, used 678825K [0x00000000d5580000, 0x0000000100000000, 0x0000000100000000)
  eden space 663040K, 100% used [0x00000000d5580000,0x00000000fdd00000,0x00000000fdd00000)
  from space 15872K, 99% used [0x00000000fdd00000,0x00000000fec6a5d0,0x00000000fec80000)
  to   space 18944K, 0% used [0x00000000fed80000,0x00000000fed80000,0x0000000100000000)
 ParOldGen       total 384000K, used 90179K [0x0000000080000000, 0x0000000097700000, 0x00000000d5580000)
  object space 384000K, 23% used [0x0000000080000000,0x0000000085810fd0,0x0000000097700000)
 Metaspace       used 93145K, capacity 95102K, committed 96512K, reserved 1134592K
  class space    used 11151K, capacity 11479K, committed 11776K, reserved 1048576K
2024-08-28T12:00:20.913+0600: 675928.242: [GC (Allocation Failure) [PSYoungGen: 678825K->9565K(680448K)] 769005K->99793K(1064448K), 0.0091495 secs] [Times: user=0.02 sys=0.00, real=0.01 secs] 
Heap after GC invocations=559 (full 5):
 PSYoungGen      total 680448K, used 9565K [0x00000000d5580000, 0x0000000100000000, 0x0000000100000000)
  eden space 661504K, 0% used [0x00000000d5580000,0x00000000d5580000,0x00000000fdb80000)
  from space 18944K, 50% used [0x00000000fed80000,0x00000000ff6d76b8,0x0000000100000000)
  to   space 18432K, 0% used [0x00000000fdb80000,0x00000000fdb80000,0x00000000fed80000)
 ParOldGen       total 384000K, used 90227K [0x0000000080000000, 0x0000000097700000, 0x00000000d5580000)
  object space 384000K, 23% used [0x0000000080000000,0x000000008581cfd0,0x0000000097700000)
 Metaspace       used 93145K, capacity 95102K, committed 96512K, reserved 1134592K
  class space    used 11151K, capacity 11479K, committed 11776K, reserved 1048576K
}
{Heap before GC invocations=560 (full 5):
 PSYoungGen      total 680448K, used 667569K [0x00000000d5580000, 0x0000000100000000, 0x0000000100000000)
  eden space 661504K, 99% used [0x00000000d5580000,0x00000000fd814f30,0x00000000fdb80000)
  from space 18944K, 50% used [0x00000000fed80000,0x00000000ff6d76b8,0x0000000100000000)
  to   space 18432K, 0% used [0x00000000fdb80000,0x00000000fdb80000,0x00000000fed80000)
 ParOldGen       total 384000K, used 90227K [0x0000000080000000, 0x0000000097700000, 0x00000000d5580000)
  object space 384000K, 23% used [0x0000000080000000,0x000000008581cfd0,0x0000000097700000)
 Metaspace       used 93145K, capacity 95102K, committed 96512K, reserved 1134592K
  class space    used 11151K, capacity 11479K, committed 11776K, reserved 1048576K
2024-08-28T12:00:26.355+0600: 675933.684: [GC (Allocation Failure) [PSYoungGen: 667569K->15101K(679936K)] 757797K->105425K(1063936K), 0.0122801 secs] [Times: user=0.03 sys=0.00, real=0.01 secs] 
Heap after GC invocations=560 (full 5):
 PSYoungGen      total 679936K, used 15101K [0x00000000d5580000, 0x0000000100000000, 0x0000000100000000)
  eden space 661504K, 0% used [0x00000000d5580000,0x00000000d5580000,0x00000000fdb80000)
  from space 18432K, 81% used [0x00000000fdb80000,0x00000000fea3f748,0x00000000fed80000)
  to   space 18944K, 0% used [0x00000000fed80000,0x00000000fed80000,0x0000000100000000)
 ParOldGen       total 384000K, used 90323K [0x0000000080000000, 0x0000000097700000, 0x00000000d5580000)
  object space 384000K, 23% used [0x0000000080000000,0x0000000085834d10,0x0000000097700000)
 Metaspace       used 93145K, capacity 95102K, committed 96512K, reserved 1134592K
  class space    used 11151K, capacity 11479K, committed 11776K, reserved 1048576K
}
{Heap before GC invocations=561 (full 5):
 PSYoungGen      total 679936K, used 676605K [0x00000000d5580000, 0x0000000100000000, 0x0000000100000000)
  eden space 661504K, 100% used [0x00000000d5580000,0x00000000fdb80000,0x00000000fdb80000)
  from space 18432K, 81% used [0x00000000fdb80000,0x00000000fea3f748,0x00000000fed80000)
  to   space 18944K, 0% used [0x00000000fed80000,0x00000000fed80000,0x0000000100000000)
 ParOldGen       total 384000K, used 90323K [0x0000000080000000, 0x0000000097700000, 0x00000000d5580000)
  object space 384000K, 23% used [0x0000000080000000,0x0000000085834d10,0x0000000097700000)
 Metaspace       used 93145K, capacity 95102K, committed 96512K, reserved 1134592K
  class space    used 11151K, capacity 11479K, committed 11776K, reserved 1048576K
2024-08-28T12:00:30.242+0600: 675937.571: [GC (Allocation Failure) [PSYoungGen: 676605K->9099K(679936K)] 766929K->99526K(1063936K), 0.0077697 secs] [Times: user=0.01 sys=0.00, real=0.01 secs] 
Heap after GC invocations=561 (full 5):
 PSYoungGen      total 679936K, used 9099K [0x00000000d5580000, 0x0000000100000000, 0x0000000100000000)
  eden space 660992K, 0% used [0x00000000d5580000,0x00000000d5580000,0x00000000fdb00000)
  from space 18944K, 48% used [0x00000000fed80000,0x00000000ff662dd8,0x0000000100000000)
  to   space 18944K, 0% used [0x00000000fdb00000,0x00000000fdb00000,0x00000000fed80000)
 ParOldGen       total 384000K, used 90427K [0x0000000080000000, 0x0000000097700000, 0x00000000d5580000)
  object space 384000K, 23% used [0x0000000080000000,0x000000008584ed40,0x0000000097700000)
 Metaspace       used 93145K, capacity 95102K, committed 96512K, reserved 1134592K
  class space    used 11151K, capacity 11479K, committed 11776K, reserved 1048576K
}
{Heap before GC invocations=562 (full 5):
 PSYoungGen      total 679936K, used 669087K [0x00000000d5580000, 0x0000000100000000, 0x0000000100000000)
  eden space 660992K, 99% used [0x00000000d5580000,0x00000000fda04f80,0x00000000fdb00000)
  from space 18944K, 48% used [0x00000000fed80000,0x00000000ff662dd8,0x0000000100000000)
  to   space 18944K, 0% used [0x00000000fdb00000,0x00000000fdb00000,0x00000000fed80000)
 ParOldGen       total 384000K, used 90427K [0x0000000080000000, 0x0000000097700000, 0x00000000d5580000)
  object space 384000K, 23% used [0x0000000080000000,0x000000008584ed40,0x0000000097700000)
 Metaspace       used 93145K, capacity 95102K, committed 96512K, reserved 1134592K
  class space    used 11151K, capacity 11479K, committed 11776K, reserved 1048576K
2024-08-28T12:00:35.793+0600: 675943.122: [GC (Allocation Failure) [PSYoungGen: 669087K->14909K(676352K)] 759514K->105488K(1060352K), 0.0085499 secs] [Times: user=0.02 sys=0.00, real=0.01 secs] 
Heap after GC invocations=562 (full 5):
 PSYoungGen      total 676352K, used 14909K [0x00000000d5580000, 0x0000000100000000, 0x0000000100000000)
  eden space 660992K, 0% used [0x00000000d5580000,0x00000000d5580000,0x00000000fdb00000)
  from space 15360K, 97% used [0x00000000fdb00000,0x00000000fe98f738,0x00000000fea00000)
  to   space 19456K, 0% used [0x00000000fed00000,0x00000000fed00000,0x0000000100000000)
 ParOldGen       total 384000K, used 90578K [0x0000000080000000, 0x0000000097700000, 0x00000000d5580000)
  object space 384000K, 23% used [0x0000000080000000,0x0000000085874b60,0x0000000097700000)
 Metaspace       used 93145K, capacity 95102K, committed 96512K, reserved 1134592K
  class space    used 11151K, capacity 11479K, committed 11776K, reserved 1048576K
}
{Heap before GC invocations=563 (full 5):
 PSYoungGen      total 676352K, used 675901K [0x00000000d5580000, 0x0000000100000000, 0x0000000100000000)
  eden space 660992K, 100% used [0x00000000d5580000,0x00000000fdb00000,0x00000000fdb00000)
  from space 15360K, 97% used [0x00000000fdb00000,0x00000000fe98f738,0x00000000fea00000)
  to   space 19456K, 0% used [0x00000000fed00000,0x00000000fed00000,0x0000000100000000)
 ParOldGen       total 384000K, used 90578K [0x0000000080000000, 0x0000000097700000, 0x00000000d5580000)
  object space 384000K, 23% used [0x0000000080000000,0x0000000085874b60,0x0000000097700000)
 Metaspace       used 93145K, capacity 95102K, committed 96512K, reserved 1134592K
  class space    used 11151K, capacity 11479K, committed 11776K, reserved 1048576K
2024-08-28T12:00:39.966+0600: 675947.295: [GC (Allocation Failure) [PSYoungGen: 675901K->8777K(679424K)] 766480K->99411K(1063424K), 0.0110801 secs] [Times: user=0.02 sys=0.00, real=0.01 secs] 
Heap after GC invocations=563 (full 5):
 PSYoungGen      total 679424K, used 8777K [0x00000000d5580000, 0x0000000100000000, 0x0000000100000000)
  eden space 659968K, 0% used [0x00000000d5580000,0x00000000d5580000,0x00000000fda00000)
  from space 19456K, 45% used [0x00000000fed00000,0x00000000ff592508,0x0000000100000000)
  to   space 19456K, 0% used [0x00000000fda00000,0x00000000fda00000,0x00000000fed00000)
 ParOldGen       total 384000K, used 90634K [0x0000000080000000, 0x0000000097700000, 0x00000000d5580000)
  object space 384000K, 23% used [0x0000000080000000,0x0000000085882ab0,0x0000000097700000)
 Metaspace       used 93145K, capacity 95102K, committed 96512K, reserved 1134592K
  class space    used 11151K, capacity 11479K, committed 11776K, reserved 1048576K
}
{Heap before GC invocations=564 (full 5):
 PSYoungGen      total 679424K, used 668002K [0x00000000d5580000, 0x0000000100000000, 0x0000000100000000)
  eden space 659968K, 99% used [0x00000000d5580000,0x00000000fd9465b0,0x00000000fda00000)
  from space 19456K, 45% used [0x00000000fed00000,0x00000000ff592508,0x0000000100000000)
  to   space 19456K, 0% used [0x00000000fda00000,0x00000000fda00000,0x00000000fed00000)
 ParOldGen       total 384000K, used 90634K [0x0000000080000000, 0x0000000097700000, 0x00000000d5580000)
  object space 384000K, 23% used [0x0000000080000000,0x0000000085882ab0,0x0000000097700000)
 Metaspace       used 93145K, capacity 95102K, committed 96512K, reserved 1134592K
  class space    used 11151K, capacity 11479K, committed 11776K, reserved 1048576K
2024-08-28T12:00:45.281+0600: 675952.610: [GC (Allocation Failure) [PSYoungGen: 668002K->14941K(675328K)] 758637K->105616K(1059328K), 0.0144600 secs] [Times: user=0.02 sys=0.00, real=0.01 secs] 
Heap after GC invocations=564 (full 5):
 PSYoungGen      total 675328K, used 14941K [0x00000000d5580000, 0x0000000100000000, 0x0000000100000000)
  eden space 659968K, 0% used [0x00000000d5580000,0x00000000d5580000,0x00000000fda00000)
  from space 15360K, 97% used [0x00000000fda00000,0x00000000fe897738,0x00000000fe900000)
  to   space 19968K, 0% used [0x00000000fec80000,0x00000000fec80000,0x0000000100000000)
 ParOldGen       total 384000K, used 90674K [0x0000000080000000, 0x0000000097700000, 0x00000000d5580000)
  object space 384000K, 23% used [0x0000000080000000,0x000000008588cab0,0x0000000097700000)
 Metaspace       used 93145K, capacity 95102K, committed 96512K, reserved 1134592K
  class space    used 11151K, capacity 11479K, committed 11776K, reserved 1048576K
}
{Heap before GC invocations=565 (full 5):
 PSYoungGen      total 675328K, used 672738K [0x00000000d5580000, 0x0000000100000000, 0x0000000100000000)
  eden space 659968K, 99% used [0x00000000d5580000,0x00000000fd7e1458,0x00000000fda00000)
  from space 15360K, 97% used [0x00000000fda00000,0x00000000fe897738,0x00000000fe900000)
  to   space 19968K, 0% used [0x00000000fec80000,0x00000000fec80000,0x0000000100000000)
 ParOldGen       total 384000K, used 90674K [0x0000000080000000, 0x0000000097700000, 0x00000000d5580000)
  object space 384000K, 23% used [0x0000000080000000,0x000000008588cab0,0x0000000097700000)
 Metaspace       used 93145K, capacity 95102K, committed 96512K, reserved 1134592K
  class space    used 11151K, capacity 11479K, committed 11776K, reserved 1048576K
2024-08-28T12:00:49.484+0600: 675956.813: [GC (Allocation Failure) [PSYoungGen: 672738K->10866K(679424K)] 763413K->101692K(1063424K), 0.0136066 secs] [Times: user=0.02 sys=0.00, real=0.01 secs] 
Heap after GC invocations=565 (full 5):
 PSYoungGen      total 679424K, used 10866K [0x00000000d5580000, 0x0000000100000000, 0x0000000100000000)
  eden space 659456K, 0% used [0x00000000d5580000,0x00000000d5580000,0x00000000fd980000)
  from space 19968K, 54% used [0x00000000fec80000,0x00000000ff71c9b0,0x0000000100000000)
  to   space 19456K, 0% used [0x00000000fd980000,0x00000000fd980000,0x00000000fec80000)
 ParOldGen       total 384000K, used 90826K [0x0000000080000000, 0x0000000097700000, 0x00000000d5580000)
  object space 384000K, 23% used [0x0000000080000000,0x00000000858b28d0,0x0000000097700000)
 Metaspace       used 93145K, capacity 95102K, committed 96512K, reserved 1134592K
  class space    used 11151K, capacity 11479K, committed 11776K, reserved 1048576K
}
{Heap before GC invocations=566 (full 5):
 PSYoungGen      total 679424K, used 668702K [0x00000000d5580000, 0x0000000100000000, 0x0000000100000000)
  eden space 659456K, 99% used [0x00000000d5580000,0x00000000fd7eb078,0x00000000fd980000)
  from space 19968K, 54% used [0x00000000fec80000,0x00000000ff71c9b0,0x0000000100000000)
  to   space 19456K, 0% used [0x00000000fd980000,0x00000000fd980000,0x00000000fec80000)
 ParOldGen       total 384000K, used 90826K [0x0000000080000000, 0x0000000097700000, 0x00000000d5580000)
  object space 384000K, 23% used [0x0000000080000000,0x00000000858b28d0,0x0000000097700000)
 Metaspace       used 93145K, capacity 95102K, committed 96512K, reserved 1134592K
  class space    used 11151K, capacity 11479K, committed 11776K, reserved 1048576K
2024-08-28T12:00:54.709+0600: 675962.038: [GC (Allocation Failure) [PSYoungGen: 668702K->10898K(670720K)] 759528K->101899K(1054720K), 0.0150006 secs] [Times: user=0.03 sys=0.00, real=0.01 secs] 
Heap after GC invocations=566 (full 5):
 PSYoungGen      total 670720K, used 10898K [0x00000000d5580000, 0x00000000ffd80000, 0x0000000100000000)
  eden space 659456K, 0% used [0x00000000d5580000,0x00000000d5580000,0x00000000fd980000)
  from space 11264K, 96% used [0x00000000fd980000,0x00000000fe4249b0,0x00000000fe480000)
  to   space 18432K, 0% used [0x00000000feb80000,0x00000000feb80000,0x00000000ffd80000)
 ParOldGen       total 384000K, used 91001K [0x0000000080000000, 0x0000000097700000, 0x00000000d5580000)
  object space 384000K, 23% used [0x0000000080000000,0x00000000858de640,0x0000000097700000)
 Metaspace       used 93145K, capacity 95102K, committed 96512K, reserved 1134592K
  class space    used 11151K, capacity 11479K, committed 11776K, reserved 1048576K
}
{Heap before GC invocations=567 (full 5):
 PSYoungGen      total 670720K, used 669851K [0x00000000d5580000, 0x00000000ffd80000, 0x0000000100000000)
  eden space 659456K, 99% used [0x00000000d5580000,0x00000000fd9025b8,0x00000000fd980000)
  from space 11264K, 96% used [0x00000000fd980000,0x00000000fe4249b0,0x00000000fe480000)
  to   space 18432K, 0% used [0x00000000feb80000,0x00000000feb80000,0x00000000ffd80000)
 ParOldGen       total 384000K, used 91001K [0x0000000080000000, 0x0000000097700000, 0x00000000d5580000)
  object space 384000K, 23% used [0x0000000080000000,0x00000000858de640,0x0000000097700000)
 Metaspace       used 93145K, capacity 95102K, committed 96512K, reserved 1134592K
  class space    used 11151K, capacity 11479K, committed 11776K, reserved 1048576K
2024-08-28T12:00:58.889+0600: 675966.218: [GC (Allocation Failure) [PSYoungGen: 669851K->14555K(677376K)] 760853K->105684K(1061376K), 0.0144155 secs] [Times: user=0.03 sys=0.00, real=0.01 secs] 
Heap after GC invocations=567 (full 5):
 PSYoungGen      total 677376K, used 14555K [0x00000000d5580000, 0x0000000100000000, 0x0000000100000000)
  eden space 658944K, 0% used [0x00000000d5580000,0x00000000d5580000,0x00000000fd900000)
  from space 18432K, 78% used [0x00000000feb80000,0x00000000ff9b6e58,0x00000000ffd80000)
  to   space 18944K, 0% used [0x00000000fd900000,0x00000000fd900000,0x00000000feb80000)
 ParOldGen       total 384000K, used 91129K [0x0000000080000000, 0x0000000097700000, 0x00000000d5580000)
  object space 384000K, 23% used [0x0000000080000000,0x00000000858fe460,0x0000000097700000)
 Metaspace       used 93145K, capacity 95102K, committed 96512K, reserved 1134592K
  class space    used 11151K, capacity 11479K, committed 11776K, reserved 1048576K
}
{Heap before GC invocations=568 (full 5):
 PSYoungGen      total 677376K, used 673499K [0x00000000d5580000, 0x0000000100000000, 0x0000000100000000)
  eden space 658944K, 100% used [0x00000000d5580000,0x00000000fd900000,0x00000000fd900000)
  from space 18432K, 78% used [0x00000000feb80000,0x00000000ff9b6e58,0x00000000ffd80000)
  to   space 18944K, 0% used [0x00000000fd900000,0x00000000fd900000,0x00000000feb80000)
 ParOldGen       total 384000K, used 91130K [0x0000000080000000, 0x0000000097700000, 0x00000000d5580000)
  object space 384000K, 23% used [0x0000000080000000,0x00000000858fe890,0x0000000097700000)
 Metaspace       used 93145K, capacity 95102K, committed 96512K, reserved 1134592K
  class space    used 11151K, capacity 11479K, committed 11776K, reserved 1048576K
2024-08-28T12:01:02.587+0600: 675969.916: [GC (GCLocker Initiated GC) [PSYoungGen: 673499K->9065K(677888K)] 764629K->100283K(1061888K), 0.0100974 secs] [Times: user=0.02 sys=0.00, real=0.01 secs] 
Heap after GC invocations=568 (full 5):
 PSYoungGen      total 677888K, used 9065K [0x00000000d5580000, 0x0000000100000000, 0x0000000100000000)
  eden space 658944K, 0% used [0x00000000d5580000,0x00000000d5580000,0x00000000fd900000)
  from space 18944K, 47% used [0x00000000fd900000,0x00000000fe1da4f8,0x00000000feb80000)
  to   space 18944K, 0% used [0x00000000fed80000,0x00000000fed80000,0x0000000100000000)
 ParOldGen       total 384000K, used 91217K [0x0000000080000000, 0x0000000097700000, 0x00000000d5580000)
  object space 384000K, 23% used [0x0000000080000000,0x00000000859147e0,0x0000000097700000)
 Metaspace       used 93145K, capacity 95102K, committed 96512K, reserved 1134592K
  class space    used 11151K, capacity 11479K, committed 11776K, reserved 1048576K
}
{Heap before GC invocations=569 (full 5):
 PSYoungGen      total 677888K, used 668009K [0x00000000d5580000, 0x0000000100000000, 0x0000000100000000)
  eden space 658944K, 100% used [0x00000000d5580000,0x00000000fd900000,0x00000000fd900000)
  from space 18944K, 47% used [0x00000000fd900000,0x00000000fe1da4f8,0x00000000feb80000)
  to   space 18944K, 0% used [0x00000000fed80000,0x00000000fed80000,0x0000000100000000)
 ParOldGen       total 384000K, used 102940K [0x0000000080000000, 0x0000000097700000, 0x00000000d5580000)
  object space 384000K, 26% used [0x0000000080000000,0x00000000864871b8,0x0000000097700000)
 Metaspace       used 93145K, capacity 95102K, committed 96512K, reserved 1134592K
  class space    used 11151K, capacity 11479K, committed 11776K, reserved 1048576K
2024-08-28T12:01:08.306+0600: 675975.635: [GC (Allocation Failure) [PSYoungGen: 668009K->7846K(679936K)] 770949K->110810K(1063936K), 0.0111779 secs] [Times: user=0.02 sys=0.00, real=0.01 secs] 
Heap after GC invocations=569 (full 5):
 PSYoungGen      total 679936K, used 7846K [0x00000000d5580000, 0x0000000100000000, 0x0000000100000000)
  eden space 660992K, 0% used [0x00000000d5580000,0x00000000d5580000,0x00000000fdb00000)
  from space 18944K, 41% used [0x00000000fed80000,0x00000000ff5299a8,0x0000000100000000)
  to   space 18944K, 0% used [0x00000000fdb00000,0x00000000fdb00000,0x00000000fed80000)
 ParOldGen       total 384000K, used 102964K [0x0000000080000000, 0x0000000097700000, 0x00000000d5580000)
  object space 384000K, 26% used [0x0000000080000000,0x000000008648d1b8,0x0000000097700000)
 Metaspace       used 93145K, capacity 95102K, committed 96512K, reserved 1134592K
  class space    used 11151K, capacity 11479K, committed 11776K, reserved 1048576K
}
{Heap before GC invocations=570 (full 5):
 PSYoungGen      total 679936K, used 668838K [0x00000000d5580000, 0x0000000100000000, 0x0000000100000000)
  eden space 660992K, 100% used [0x00000000d5580000,0x00000000fdb00000,0x00000000fdb00000)
  from space 18944K, 41% used [0x00000000fed80000,0x00000000ff5299a8,0x0000000100000000)
  to   space 18944K, 0% used [0x00000000fdb00000,0x00000000fdb00000,0x00000000fed80000)
 ParOldGen       total 384000K, used 102964K [0x0000000080000000, 0x0000000097700000, 0x00000000d5580000)
  object space 384000K, 26% used [0x0000000080000000,0x000000008648d1b8,0x0000000097700000)
 Metaspace       used 93145K, capacity 95102K, committed 96512K, reserved 1134592K
  class space    used 11151K, capacity 11479K, committed 11776K, reserved 1048576K
2024-08-28T12:01:11.886+0600: 675979.216: [GC (Allocation Failure) [PSYoungGen: 668838K->1442K(662528K)] 771802K->104557K(1046528K), 0.0090518 secs] [Times: user=0.01 sys=0.00, real=0.01 secs] 
Heap after GC invocations=570 (full 5):
 PSYoungGen      total 662528K, used 1442K [0x00000000d5580000, 0x0000000100000000, 0x0000000100000000)
  eden space 660992K, 0% used [0x00000000d5580000,0x00000000d5580000,0x00000000fdb00000)
  from space 1536K, 93% used [0x00000000fdb00000,0x00000000fdc688e0,0x00000000fdc80000)
  to   space 19968K, 0% used [0x00000000fec80000,0x00000000fec80000,0x0000000100000000)
 ParOldGen       total 384000K, used 103115K [0x0000000080000000, 0x0000000097700000, 0x00000000d5580000)
  object space 384000K, 26% used [0x0000000080000000,0x00000000864b2d98,0x0000000097700000)
 Metaspace       used 93145K, capacity 95102K, committed 96512K, reserved 1134592K
  class space    used 11151K, capacity 11479K, committed 11776K, reserved 1048576K
}
{Heap before GC invocations=571 (full 5):
 PSYoungGen      total 662528K, used 659576K [0x00000000d5580000, 0x0000000100000000, 0x0000000100000000)
  eden space 660992K, 99% used [0x00000000d5580000,0x00000000fd835748,0x00000000fdb00000)
  from space 1536K, 93% used [0x00000000fdb00000,0x00000000fdc688e0,0x00000000fdc80000)
  to   space 19968K, 0% used [0x00000000fec80000,0x00000000fec80000,0x0000000100000000)
 ParOldGen       total 384000K, used 103115K [0x0000000080000000, 0x0000000097700000, 0x00000000d5580000)
  object space 384000K, 26% used [0x0000000080000000,0x00000000864b2d98,0x0000000097700000)
 Metaspace       used 93145K, capacity 95102K, committed 96512K, reserved 1134592K
  class space    used 11151K, capacity 11479K, committed 11776K, reserved 1048576K
2024-08-28T12:01:17.338+0600: 675984.667: [GC (Allocation Failure) [PSYoungGen: 659576K->14557K(677888K)] 762691K->117777K(1061888K), 0.0112463 secs] [Times: user=0.02 sys=0.00, real=0.02 secs] 
Heap after GC invocations=571 (full 5):
 PSYoungGen      total 677888K, used 14557K [0x00000000d5580000, 0x0000000100000000, 0x0000000100000000)
  eden space 657920K, 0% used [0x00000000d5580000,0x00000000d5580000,0x00000000fd800000)
  from space 19968K, 72% used [0x00000000fec80000,0x00000000ffab7718,0x0000000100000000)
  to   space 20480K, 0% used [0x00000000fd800000,0x00000000fd800000,0x00000000fec00000)
 ParOldGen       total 384000K, used 103219K [0x0000000080000000, 0x0000000097700000, 0x00000000d5580000)
  object space 384000K, 26% used [0x0000000080000000,0x00000000864ccd18,0x0000000097700000)
 Metaspace       used 93145K, capacity 95102K, committed 96512K, reserved 1134592K
  class space    used 11151K, capacity 11479K, committed 11776K, reserved 1048576K
}
{Heap before GC invocations=572 (full 5):
 PSYoungGen      total 677888K, used 672477K [0x00000000d5580000, 0x0000000100000000, 0x0000000100000000)
  eden space 657920K, 100% used [0x00000000d5580000,0x00000000fd800000,0x00000000fd800000)
  from space 19968K, 72% used [0x00000000fec80000,0x00000000ffab7718,0x0000000100000000)
  to   space 20480K, 0% used [0x00000000fd800000,0x00000000fd800000,0x00000000fec00000)
 ParOldGen       total 384000K, used 103219K [0x0000000080000000, 0x0000000097700000, 0x00000000d5580000)
  object space 384000K, 26% used [0x0000000080000000,0x00000000864ccd18,0x0000000097700000)
 Metaspace       used 93145K, capacity 95102K, committed 96512K, reserved 1134592K
  class space    used 11151K, capacity 11479K, committed 11776K, reserved 1048576K
2024-08-28T12:01:21.297+0600: 675988.626: [GC (Allocation Failure) [PSYoungGen: 672477K->8457K(678400K)] 775697K->111724K(1062400K), 0.0094061 secs] [Times: user=0.01 sys=0.00, real=0.01 secs] 
Heap after GC invocations=572 (full 5):
 PSYoungGen      total 678400K, used 8457K [0x00000000d5580000, 0x00000000fff80000, 0x0000000100000000)
  eden space 657920K, 0% used [0x00000000d5580000,0x00000000d5580000,0x00000000fd800000)
  from space 20480K, 41% used [0x00000000fd800000,0x00000000fe0424e8,0x00000000fec00000)
  to   space 19968K, 0% used [0x00000000fec00000,0x00000000fec00000,0x00000000fff80000)
 ParOldGen       total 384000K, used 103267K [0x0000000080000000, 0x0000000097700000, 0x00000000d5580000)
  object space 384000K, 26% used [0x0000000080000000,0x00000000864d8d18,0x0000000097700000)
 Metaspace       used 93145K, capacity 95102K, committed 96512K, reserved 1134592K
  class space    used 11151K, capacity 11479K, committed 11776K, reserved 1048576K
}
{Heap before GC invocations=573 (full 5):
 PSYoungGen      total 678400K, used 664580K [0x00000000d5580000, 0x00000000fff80000, 0x0000000100000000)
  eden space 657920K, 99% used [0x00000000d5580000,0x00000000fd63ec30,0x00000000fd800000)
  from space 20480K, 41% used [0x00000000fd800000,0x00000000fe0424e8,0x00000000fec00000)
  to   space 19968K, 0% used [0x00000000fec00000,0x00000000fec00000,0x00000000fff80000)
 ParOldGen       total 384000K, used 103267K [0x0000000080000000, 0x0000000097700000, 0x00000000d5580000)
  object space 384000K, 26% used [0x0000000080000000,0x00000000864d8d18,0x0000000097700000)
 Metaspace       used 93145K, capacity 95102K, committed 96512K, reserved 1134592K
  class space    used 11151K, capacity 11479K, committed 11776K, reserved 1048576K
2024-08-28T12:01:26.618+0600: 675993.947: [GC (Allocation Failure) [PSYoungGen: 664580K->10740K(676352K)] 767847K->114031K(1060352K), 0.0120874 secs] [Times: user=0.02 sys=0.00, real=0.02 secs] 
Heap after GC invocations=573 (full 5):
 PSYoungGen      total 676352K, used 10740K [0x00000000d5580000, 0x00000000ffd80000, 0x0000000100000000)
  eden space 658432K, 0% used [0x00000000d5580000,0x00000000d5580000,0x00000000fd880000)
  from space 17920K, 59% used [0x00000000fec00000,0x00000000ff67d260,0x00000000ffd80000)
  to   space 18944K, 0% used [0x00000000fd880000,0x00000000fd880000,0x00000000feb00000)
 ParOldGen       total 384000K, used 103291K [0x0000000080000000, 0x0000000097700000, 0x00000000d5580000)
  object space 384000K, 26% used [0x0000000080000000,0x00000000864ded18,0x0000000097700000)
 Metaspace       used 93145K, capacity 95102K, committed 96512K, reserved 1134592K
  class space    used 11151K, capacity 11479K, committed 11776K, reserved 1048576K
}
{Heap before GC invocations=574 (full 5):
 PSYoungGen      total 676352K, used 666451K [0x00000000d5580000, 0x00000000ffd80000, 0x0000000100000000)
  eden space 658432K, 99% used [0x00000000d5580000,0x00000000fd5d79d0,0x00000000fd880000)
  from space 17920K, 59% used [0x00000000fec00000,0x00000000ff67d260,0x00000000ffd80000)
  to   space 18944K, 0% used [0x00000000fd880000,0x00000000fd880000,0x00000000feb00000)
 ParOldGen       total 384000K, used 103291K [0x0000000080000000, 0x0000000097700000, 0x00000000d5580000)
  object space 384000K, 26% used [0x0000000080000000,0x00000000864ded18,0x0000000097700000)
 Metaspace       used 93145K, capacity 95102K, committed 96512K, reserved 1134592K
  class space    used 11151K, capacity 11479K, committed 11776K, reserved 1048576K
2024-08-28T12:01:30.910+0600: 675998.239: [GC (Allocation Failure) [PSYoungGen: 666451K->18149K(677376K)] 769742K->121520K(1061376K), 0.0128503 secs] [Times: user=0.02 sys=0.00, real=0.01 secs] 
Heap after GC invocations=574 (full 5):
 PSYoungGen      total 677376K, used 18149K [0x00000000d5580000, 0x0000000100000000, 0x0000000100000000)
  eden space 658432K, 0% used [0x00000000d5580000,0x00000000d5580000,0x00000000fd880000)
  from space 18944K, 95% used [0x00000000fd880000,0x00000000fea395e8,0x00000000feb00000)
  to   space 20992K, 0% used [0x00000000feb80000,0x00000000feb80000,0x0000000100000000)
 ParOldGen       total 384000K, used 103370K [0x0000000080000000, 0x0000000097700000, 0x00000000d5580000)
  object space 384000K, 26% used [0x0000000080000000,0x00000000864f2bb8,0x0000000097700000)
 Metaspace       used 93145K, capacity 95102K, committed 96512K, reserved 1134592K
  class space    used 11151K, capacity 11479K, committed 11776K, reserved 1048576K
}
{Heap before GC invocations=575 (full 5):
 PSYoungGen      total 677376K, used 674661K [0x00000000d5580000, 0x0000000100000000, 0x0000000100000000)
  eden space 658432K, 99% used [0x00000000d5580000,0x00000000fd6a0180,0x00000000fd880000)
  from space 18944K, 95% used [0x00000000fd880000,0x00000000fea395e8,0x00000000feb00000)
  to   space 20992K, 0% used [0x00000000feb80000,0x00000000feb80000,0x0000000100000000)
 ParOldGen       total 384000K, used 103370K [0x0000000080000000, 0x0000000097700000, 0x00000000d5580000)
  object space 384000K, 26% used [0x0000000080000000,0x00000000864f2bb8,0x0000000097700000)
 Metaspace       used 93145K, capacity 95102K, committed 96512K, reserved 1134592K
  class space    used 11151K, capacity 11479K, committed 11776K, reserved 1048576K
2024-08-28T12:01:36.229+0600: 676003.558: [GC (Allocation Failure) [PSYoungGen: 674661K->10740K(678912K)] 778032K->114151K(1062912K), 0.0107816 secs] [Times: user=0.02 sys=0.00, real=0.01 secs] 
Heap after GC invocations=575 (full 5):
 PSYoungGen      total 678912K, used 10740K [0x00000000d5580000, 0x0000000100000000, 0x0000000100000000)
  eden space 657920K, 0% used [0x00000000d5580000,0x00000000d5580000,0x00000000fd800000)
  from space 20992K, 51% used [0x00000000feb80000,0x00000000ff5fd260,0x0000000100000000)
  to   space 19968K, 0% used [0x00000000fd800000,0x00000000fd800000,0x00000000feb80000)
 ParOldGen       total 384000K, used 103410K [0x0000000080000000, 0x0000000097700000, 0x00000000d5580000)
  object space 384000K, 26% used [0x0000000080000000,0x00000000864fcbb8,0x0000000097700000)
 Metaspace       used 93145K, capacity 95102K, committed 96512K, reserved 1134592K
  class space    used 11151K, capacity 11479K, committed 11776K, reserved 1048576K
}
{Heap before GC invocations=576 (full 5):
 PSYoungGen      total 678912K, used 665269K [0x00000000d5580000, 0x0000000100000000, 0x0000000100000000)
  eden space 657920K, 99% used [0x00000000d5580000,0x00000000fd4b0218,0x00000000fd800000)
  from space 20992K, 51% used [0x00000000feb80000,0x00000000ff5fd260,0x0000000100000000)
  to   space 19968K, 0% used [0x00000000fd800000,0x00000000fd800000,0x00000000feb80000)
 ParOldGen       total 384000K, used 103410K [0x0000000080000000, 0x0000000097700000, 0x00000000d5580000)
  object space 384000K, 26% used [0x0000000080000000,0x00000000864fcbb8,0x0000000097700000)
 Metaspace       used 93145K, capacity 95102K, committed 96512K, reserved 1134592K
  class space    used 11151K, capacity 11479K, committed 11776K, reserved 1048576K
2024-08-28T12:01:40.370+0600: 676007.699: [GC (Allocation Failure) [PSYoungGen: 665269K->14363K(677888K)] 768680K->117814K(1061888K), 0.0150229 secs] [Times: user=0.03 sys=0.00, real=0.01 secs] 
Heap after GC invocations=576 (full 5):
 PSYoungGen      total 677888K, used 14363K [0x00000000d5580000, 0x0000000100000000, 0x0000000100000000)
  eden space 657920K, 0% used [0x00000000d5580000,0x00000000d5580000,0x00000000fd800000)
  from space 19968K, 71% used [0x00000000fd800000,0x00000000fe606e58,0x00000000feb80000)
  to   space 20480K, 0% used [0x00000000fec00000,0x00000000fec00000,0x0000000100000000)
 ParOldGen       total 384000K, used 103450K [0x0000000080000000, 0x0000000097700000, 0x00000000d5580000)
  object space 384000K, 26% used [0x0000000080000000,0x0000000086506bb8,0x0000000097700000)
 Metaspace       used 93145K, capacity 95102K, committed 96512K, reserved 1134592K
  class space    used 11151K, capacity 11479K, committed 11776K, reserved 1048576K
}
{Heap before GC invocations=577 (full 5):
 PSYoungGen      total 677888K, used 672283K [0x00000000d5580000, 0x0000000100000000, 0x0000000100000000)
  eden space 657920K, 100% used [0x00000000d5580000,0x00000000fd800000,0x00000000fd800000)
  from space 19968K, 71% used [0x00000000fd800000,0x00000000fe606e58,0x00000000feb80000)
  to   space 20480K, 0% used [0x00000000fec00000,0x00000000fec00000,0x0000000100000000)
 ParOldGen       total 384000K, used 103450K [0x0000000080000000, 0x0000000097700000, 0x00000000d5580000)
  object space 384000K, 26% used [0x0000000080000000,0x0000000086506bb8,0x0000000097700000)
 Metaspace       used 93145K, capacity 95102K, committed 96512K, reserved 1134592K
  class space    used 11151K, capacity 11479K, committed 11776K, reserved 1048576K
2024-08-28T12:01:43.943+0600: 676011.272: [GC (Allocation Failure) [PSYoungGen: 672283K->8971K(678400K)] 775734K->112478K(1062400K), 0.0098668 secs] [Times: user=0.01 sys=0.00, real=0.01 secs] 
Heap after GC invocations=577 (full 5):
 PSYoungGen      total 678400K, used 8971K [0x00000000d5580000, 0x00000000fff80000, 0x0000000100000000)
  eden space 658432K, 0% used [0x00000000d5580000,0x00000000d5580000,0x00000000fd880000)
  from space 19968K, 44% used [0x00000000fec00000,0x00000000ff4c2da8,0x00000000fff80000)
  to   space 19968K, 0% used [0x00000000fd880000,0x00000000fd880000,0x00000000fec00000)
 ParOldGen       total 384000K, used 103506K [0x0000000080000000, 0x0000000097700000, 0x00000000d5580000)
  object space 384000K, 26% used [0x0000000080000000,0x0000000086514b08,0x0000000097700000)
 Metaspace       used 93145K, capacity 95102K, committed 96512K, reserved 1134592K
  class space    used 11151K, capacity 11479K, committed 11776K, reserved 1048576K
}
{Heap before GC invocations=578 (full 5):
 PSYoungGen      total 678400K, used 664252K [0x00000000d5580000, 0x00000000fff80000, 0x0000000100000000)
  eden space 658432K, 99% used [0x00000000d5580000,0x00000000fd56c5a8,0x00000000fd880000)
  from space 19968K, 44% used [0x00000000fec00000,0x00000000ff4c2da8,0x00000000fff80000)
  to   space 19968K, 0% used [0x00000000fd880000,0x00000000fd880000,0x00000000fec00000)
 ParOldGen       total 384000K, used 103506K [0x0000000080000000, 0x0000000097700000, 0x00000000d5580000)
  object space 384000K, 26% used [0x0000000080000000,0x0000000086514b08,0x0000000097700000)
 Metaspace       used 93145K, capacity 95102K, committed 96512K, reserved 1134592K
  class space    used 11151K, capacity 11479K, committed 11776K, reserved 1048576K
2024-08-28T12:01:49.671+0600: 676017.000: [GC (Allocation Failure) [PSYoungGen: 664252K->12552K(678400K)] 767759K->116083K(1062400K), 0.0127042 secs] [Times: user=0.03 sys=0.00, real=0.01 secs] 
Heap after GC invocations=578 (full 5):
 PSYoungGen      total 678400K, used 12552K [0x00000000d5580000, 0x00000000fff00000, 0x0000000100000000)
  eden space 658432K, 0% used [0x00000000d5580000,0x00000000d5580000,0x00000000fd880000)
  from space 19968K, 62% used [0x00000000fd880000,0x00000000fe4c21b0,0x00000000fec00000)
  to   space 19456K, 0% used [0x00000000fec00000,0x00000000fec00000,0x00000000fff00000)
 ParOldGen       total 384000K, used 103530K [0x0000000080000000, 0x0000000097700000, 0x00000000d5580000)
  object space 384000K, 26% used [0x0000000080000000,0x000000008651ab08,0x0000000097700000)
 Metaspace       used 93145K, capacity 95102K, committed 96512K, reserved 1134592K
  class space    used 11151K, capacity 11479K, committed 11776K, reserved 1048576K
}
{Heap before GC invocations=579 (full 5):
 PSYoungGen      total 678400K, used 670984K [0x00000000d5580000, 0x00000000fff00000, 0x0000000100000000)
  eden space 658432K, 100% used [0x00000000d5580000,0x00000000fd880000,0x00000000fd880000)
  from space 19968K, 62% used [0x00000000fd880000,0x00000000fe4c21b0,0x00000000fec00000)
  to   space 19456K, 0% used [0x00000000fec00000,0x00000000fec00000,0x00000000fff00000)
 ParOldGen       total 384000K, used 103530K [0x0000000080000000, 0x0000000097700000, 0x00000000d5580000)
  object space 384000K, 26% used [0x0000000080000000,0x000000008651ab08,0x0000000097700000)
 Metaspace       used 93145K, capacity 95102K, committed 96512K, reserved 1134592K
  class space    used 11151K, capacity 11479K, committed 11776K, reserved 1048576K
2024-08-28T12:01:53.538+0600: 676020.867: [GC (Allocation Failure) [PSYoungGen: 670984K->8745K(678400K)] 774515K->112331K(1062400K), 0.0077480 secs] [Times: user=0.02 sys=0.00, real=0.01 secs] 
Heap after GC invocations=579 (full 5):
 PSYoungGen      total 678400K, used 8745K [0x00000000d5580000, 0x00000000fff80000, 0x0000000100000000)
  eden space 658944K, 0% used [0x00000000d5580000,0x00000000d5580000,0x00000000fd900000)
  from space 19456K, 44% used [0x00000000fec00000,0x00000000ff48a4e8,0x00000000fff00000)
  to   space 19456K, 0% used [0x00000000fd900000,0x00000000fd900000,0x00000000fec00000)
 ParOldGen       total 384000K, used 103586K [0x0000000080000000, 0x0000000097700000, 0x00000000d5580000)
  object space 384000K, 26% used [0x0000000080000000,0x0000000086528a58,0x0000000097700000)
 Metaspace       used 93145K, capacity 95102K, committed 96512K, reserved 1134592K
  class space    used 11151K, capacity 11479K, committed 11776K, reserved 1048576K
}
{Heap before GC invocations=580 (full 5):
 PSYoungGen      total 678400K, used 665974K [0x00000000d5580000, 0x00000000fff80000, 0x0000000100000000)
  eden space 658944K, 99% used [0x00000000d5580000,0x00000000fd753620,0x00000000fd900000)
  from space 19456K, 44% used [0x00000000fec00000,0x00000000ff48a4e8,0x00000000fff00000)
  to   space 19456K, 0% used [0x00000000fd900000,0x00000000fd900000,0x00000000fec00000)
 ParOldGen       total 384000K, used 103586K [0x0000000080000000, 0x0000000097700000, 0x00000000d5580000)
  object space 384000K, 26% used [0x0000000080000000,0x0000000086528a58,0x0000000097700000)
 Metaspace       used 93145K, capacity 95102K, committed 96512K, reserved 1134592K
  class space    used 11151K, capacity 11479K, committed 11776K, reserved 1048576K
2024-08-28T12:01:59.232+0600: 676026.561: [GC (Allocation Failure) [PSYoungGen: 665974K->10674K(678400K)] 769561K->114284K(1062400K), 0.0107375 secs] [Times: user=0.02 sys=0.00, real=0.01 secs] 
Heap after GC invocations=580 (full 5):
 PSYoungGen      total 678400K, used 10674K [0x00000000d5580000, 0x00000000ffe00000, 0x0000000100000000)
  eden space 658944K, 0% used [0x00000000d5580000,0x00000000d5580000,0x00000000fd900000)
  from space 19456K, 54% used [0x00000000fd900000,0x00000000fe36c9a0,0x00000000fec00000)
  to   space 18432K, 0% used [0x00000000fec00000,0x00000000fec00000,0x00000000ffe00000)
 ParOldGen       total 384000K, used 103610K [0x0000000080000000, 0x0000000097700000, 0x00000000d5580000)
  object space 384000K, 26% used [0x0000000080000000,0x000000008652ea58,0x0000000097700000)
 Metaspace       used 93145K, capacity 95102K, committed 96512K, reserved 1134592K
  class space    used 11151K, capacity 11479K, committed 11776K, reserved 1048576K
}
{Heap before GC invocations=581 (full 5):
 PSYoungGen      total 678400K, used 669618K [0x00000000d5580000, 0x00000000ffe00000, 0x0000000100000000)
  eden space 658944K, 100% used [0x00000000d5580000,0x00000000fd900000,0x00000000fd900000)
  from space 19456K, 54% used [0x00000000fd900000,0x00000000fe36c9a0,0x00000000fec00000)
  to   space 18432K, 0% used [0x00000000fec00000,0x00000000fec00000,0x00000000ffe00000)
 ParOldGen       total 384000K, used 103610K [0x0000000080000000, 0x0000000097700000, 0x00000000d5580000)
  object space 384000K, 26% used [0x0000000080000000,0x000000008652ea58,0x0000000097700000)
 Metaspace       used 93145K, capacity 95102K, committed 96512K, reserved 1134592K
  class space    used 11151K, capacity 11479K, committed 11776K, reserved 1048576K
2024-08-28T12:02:03.024+0600: 676030.353: [GC (Allocation Failure) [PSYoungGen: 669618K->8297K(678400K)] 773228K->112067K(1062400K), 0.0089892 secs] [Times: user=0.02 sys=0.00, real=0.01 secs] 
Heap after GC invocations=581 (full 5):
 PSYoungGen      total 678400K, used 8297K [0x00000000d5580000, 0x00000000fff00000, 0x0000000100000000)
  eden space 659968K, 0% used [0x00000000d5580000,0x00000000d5580000,0x00000000fda00000)
  from space 18432K, 45% used [0x00000000fec00000,0x00000000ff41a4d8,0x00000000ffe00000)
  to   space 18432K, 0% used [0x00000000fda00000,0x00000000fda00000,0x00000000fec00000)
 ParOldGen       total 384000K, used 103770K [0x0000000080000000, 0x0000000097700000, 0x00000000d5580000)
  object space 384000K, 27% used [0x0000000080000000,0x0000000086556878,0x0000000097700000)
 Metaspace       used 93145K, capacity 95102K, committed 96512K, reserved 1134592K
  class space    used 11151K, capacity 11479K, committed 11776K, reserved 1048576K
}
{Heap before GC invocations=582 (full 5):
 PSYoungGen      total 678400K, used 665233K [0x00000000d5580000, 0x00000000fff00000, 0x0000000100000000)
  eden space 659968K, 99% used [0x00000000d5580000,0x00000000fd70a038,0x00000000fda00000)
  from space 18432K, 45% used [0x00000000fec00000,0x00000000ff41a4d8,0x00000000ffe00000)
  to   space 18432K, 0% used [0x00000000fda00000,0x00000000fda00000,0x00000000fec00000)
 ParOldGen       total 384000K, used 103770K [0x0000000080000000, 0x0000000097700000, 0x00000000d5580000)
  object space 384000K, 27% used [0x0000000080000000,0x0000000086556878,0x0000000097700000)
 Metaspace       used 93145K, capacity 95102K, committed 96512K, reserved 1134592K
  class space    used 11151K, capacity 11479K, committed 11776K, reserved 1048576K
2024-08-28T12:02:08.493+0600: 676035.822: [GC (Allocation Failure) [PSYoungGen: 665233K->11130K(678400K)] 769003K->114940K(1062400K), 0.0111891 secs] [Times: user=0.03 sys=0.00, real=0.01 secs] 
Heap after GC invocations=582 (full 5):
 PSYoungGen      total 678400K, used 11130K [0x00000000d5580000, 0x00000000fff00000, 0x0000000100000000)
  eden space 659968K, 0% used [0x00000000d5580000,0x00000000d5580000,0x00000000fda00000)
  from space 18432K, 60% used [0x00000000fda00000,0x00000000fe4dea80,0x00000000fec00000)
  to   space 17920K, 0% used [0x00000000fed80000,0x00000000fed80000,0x00000000fff00000)
 ParOldGen       total 384000K, used 103809K [0x0000000080000000, 0x0000000097700000, 0x00000000d5580000)
  object space 384000K, 27% used [0x0000000080000000,0x00000000865607c8,0x0000000097700000)
 Metaspace       used 93145K, capacity 95102K, committed 96512K, reserved 1134592K
  class space    used 11151K, capacity 11479K, committed 11776K, reserved 1048576K
}
{Heap before GC invocations=583 (full 5):
 PSYoungGen      total 678400K, used 669633K [0x00000000d5580000, 0x00000000fff00000, 0x0000000100000000)
  eden space 659968K, 99% used [0x00000000d5580000,0x00000000fd891d60,0x00000000fda00000)
  from space 18432K, 60% used [0x00000000fda00000,0x00000000fe4dea80,0x00000000fec00000)
  to   space 17920K, 0% used [0x00000000fed80000,0x00000000fed80000,0x00000000fff00000)
 ParOldGen       total 384000K, used 103809K [0x0000000080000000, 0x0000000097700000, 0x00000000d5580000)
  object space 384000K, 27% used [0x0000000080000000,0x00000000865607c8,0x0000000097700000)
 Metaspace       used 93145K, capacity 95102K, committed 96512K, reserved 1134592K
  class space    used 11151K, capacity 11479K, committed 11776K, reserved 1048576K
2024-08-28T12:02:12.668+0600: 676039.997: [GC (Allocation Failure) [PSYoungGen: 669633K->16567K(678912K)] 773443K->124266K(1062912K), 0.0154681 secs] [Times: user=0.03 sys=0.00, real=0.02 secs] 
Heap after GC invocations=583 (full 5):
 PSYoungGen      total 678912K, used 16567K [0x00000000d5580000, 0x0000000100000000, 0x0000000100000000)
  eden space 660992K, 0% used [0x00000000d5580000,0x00000000d5580000,0x00000000fdb00000)
  from space 17920K, 92% used [0x00000000fed80000,0x00000000ffdade30,0x00000000fff00000)
  to   space 18944K, 0% used [0x00000000fdb00000,0x00000000fdb00000,0x00000000fed80000)
 ParOldGen       total 384000K, used 107698K [0x0000000080000000, 0x0000000097700000, 0x00000000d5580000)
  object space 384000K, 28% used [0x0000000080000000,0x000000008692cb70,0x0000000097700000)
 Metaspace       used 93145K, capacity 95102K, committed 96512K, reserved 1134592K
  class space    used 11151K, capacity 11479K, committed 11776K, reserved 1048576K
}
{Heap before GC invocations=584 (full 5):
 PSYoungGen      total 678912K, used 676795K [0x00000000d5580000, 0x0000000100000000, 0x0000000100000000)
  eden space 660992K, 99% used [0x00000000d5580000,0x00000000fda40f00,0x00000000fdb00000)
  from space 17920K, 92% used [0x00000000fed80000,0x00000000ffdade30,0x00000000fff00000)
  to   space 18944K, 0% used [0x00000000fdb00000,0x00000000fdb00000,0x00000000fed80000)
 ParOldGen       total 384000K, used 107698K [0x0000000080000000, 0x0000000097700000, 0x00000000d5580000)
  object space 384000K, 28% used [0x0000000080000000,0x000000008692cb70,0x0000000097700000)
 Metaspace       used 93145K, capacity 95102K, committed 96512K, reserved 1134592K
  class space    used 11151K, capacity 11479K, committed 11776K, reserved 1048576K
2024-08-28T12:02:18.055+0600: 676045.384: [GC (Allocation Failure) [PSYoungGen: 676795K->10708K(679936K)] 784494K->118439K(1063936K), 0.0145830 secs] [Times: user=0.03 sys=0.00, real=0.02 secs] 
Heap after GC invocations=584 (full 5):
 PSYoungGen      total 679936K, used 10708K [0x00000000d5580000, 0x0000000100000000, 0x0000000100000000)
  eden space 660992K, 0% used [0x00000000d5580000,0x00000000d5580000,0x00000000fdb00000)
  from space 18944K, 56% used [0x00000000fdb00000,0x00000000fe575250,0x00000000fed80000)
  to   space 18432K, 0% used [0x00000000fee00000,0x00000000fee00000,0x0000000100000000)
 ParOldGen       total 384000K, used 107730K [0x0000000080000000, 0x0000000097700000, 0x00000000d5580000)
  object space 384000K, 28% used [0x0000000080000000,0x0000000086934b70,0x0000000097700000)
 Metaspace       used 93145K, capacity 95102K, committed 96512K, reserved 1134592K
  class space    used 11151K, capacity 11479K, committed 11776K, reserved 1048576K
}
{Heap before GC invocations=585 (full 5):
 PSYoungGen      total 679936K, used 669666K [0x00000000d5580000, 0x0000000100000000, 0x0000000100000000)
  eden space 660992K, 99% used [0x00000000d5580000,0x00000000fd903930,0x00000000fdb00000)
  from space 18944K, 56% used [0x00000000fdb00000,0x00000000fe575250,0x00000000fed80000)
  to   space 18432K, 0% used [0x00000000fee00000,0x00000000fee00000,0x0000000100000000)
 ParOldGen       total 384000K, used 107730K [0x0000000080000000, 0x0000000097700000, 0x00000000d5580000)
  object space 384000K, 28% used [0x0000000080000000,0x0000000086934b70,0x0000000097700000)
 Metaspace       used 93145K, capacity 95102K, committed 96512K, reserved 1134592K
  class space    used 11151K, capacity 11479K, committed 11776K, reserved 1048576K
2024-08-28T12:02:22.314+0600: 676049.643: [GC (Allocation Failure) [PSYoungGen: 669666K->10804K(678400K)] 777397K->118583K(1062400K), 0.0118362 secs] [Times: user=0.03 sys=0.00, real=0.01 secs] 
Heap after GC invocations=585 (full 5):
 PSYoungGen      total 678400K, used 10804K [0x00000000d5580000, 0x00000000ffe80000, 0x0000000100000000)
  eden space 661504K, 0% used [0x00000000d5580000,0x00000000d5580000,0x00000000fdb80000)
  from space 16896K, 63% used [0x00000000fee00000,0x00000000ff88d260,0x00000000ffe80000)
  to   space 17920K, 0% used [0x00000000fdb80000,0x00000000fdb80000,0x00000000fed00000)
 ParOldGen       total 384000K, used 107778K [0x0000000080000000, 0x0000000097700000, 0x00000000d5580000)
  object space 384000K, 28% used [0x0000000080000000,0x0000000086940ac0,0x0000000097700000)
 Metaspace       used 93145K, capacity 95102K, committed 96512K, reserved 1134592K
  class space    used 11151K, capacity 11479K, committed 11776K, reserved 1048576K
}
{Heap before GC invocations=586 (full 5):
 PSYoungGen      total 678400K, used 669639K [0x00000000d5580000, 0x00000000ffe80000, 0x0000000100000000)
  eden space 661504K, 99% used [0x00000000d5580000,0x00000000fd8e4be0,0x00000000fdb80000)
  from space 16896K, 63% used [0x00000000fee00000,0x00000000ff88d260,0x00000000ffe80000)
  to   space 17920K, 0% used [0x00000000fdb80000,0x00000000fdb80000,0x00000000fed00000)
 ParOldGen       total 384000K, used 107778K [0x0000000080000000, 0x0000000097700000, 0x00000000d5580000)
  object space 384000K, 28% used [0x0000000080000000,0x0000000086940ac0,0x0000000097700000)
 Metaspace       used 93145K, capacity 95102K, committed 96512K, reserved 1134592K
  class space    used 11151K, capacity 11479K, committed 11776K, reserved 1048576K
2024-08-28T12:02:27.270+0600: 676054.599: [GC (Allocation Failure) [PSYoungGen: 669639K->7266K(679424K)] 777418K->115084K(1063424K), 0.0139767 secs] [Times: user=0.03 sys=0.00, real=0.01 secs] 
Heap after GC invocations=586 (full 5):
 PSYoungGen      total 679424K, used 7266K [0x00000000d5580000, 0x0000000100000000, 0x0000000100000000)
  eden space 661504K, 0% used [0x00000000d5580000,0x00000000d5580000,0x00000000fdb80000)
  from space 17920K, 40% used [0x00000000fdb80000,0x00000000fe298840,0x00000000fed00000)
  to   space 17920K, 0% used [0x00000000fee80000,0x00000000fee80000,0x0000000100000000)
 ParOldGen       total 384000K, used 107818K [0x0000000080000000, 0x0000000097700000, 0x00000000d5580000)
  object space 384000K, 28% used [0x0000000080000000,0x000000008694aac0,0x0000000097700000)
 Metaspace       used 93145K, capacity 95102K, committed 96512K, reserved 1134592K
  class space    used 11151K, capacity 11479K, committed 11776K, reserved 1048576K
}
{Heap before GC invocations=587 (full 5):
 PSYoungGen      total 679424K, used 667485K [0x00000000d5580000, 0x0000000100000000, 0x0000000100000000)
  eden space 661504K, 99% used [0x00000000d5580000,0x00000000fda3eea8,0x00000000fdb80000)
  from space 17920K, 40% used [0x00000000fdb80000,0x00000000fe298840,0x00000000fed00000)
  to   space 17920K, 0% used [0x00000000fee80000,0x00000000fee80000,0x0000000100000000)
 ParOldGen       total 384000K, used 107818K [0x0000000080000000, 0x0000000097700000, 0x00000000d5580000)
  object space 384000K, 28% used [0x0000000080000000,0x000000008694aac0,0x0000000097700000)
 Metaspace       used 93145K, capacity 95102K, committed 96512K, reserved 1134592K
  class space    used 11151K, capacity 11479K, committed 11776K, reserved 1048576K
2024-08-28T12:02:31.768+0600: 676059.097: [GC (Allocation Failure) [PSYoungGen: 667485K->14749K(678912K)] 775304K->122600K(1062912K), 0.0154552 secs] [Times: user=0.03 sys=0.00, real=0.02 secs] 
Heap after GC invocations=587 (full 5):
 PSYoungGen      total 678912K, used 14749K [0x00000000d5580000, 0x0000000100000000, 0x0000000100000000)
  eden space 660992K, 0% used [0x00000000d5580000,0x00000000d5580000,0x00000000fdb00000)
  from space 17920K, 82% used [0x00000000fee80000,0x00000000ffce7728,0x0000000100000000)
  to   space 18944K, 0% used [0x00000000fdb00000,0x00000000fdb00000,0x00000000fed80000)
 ParOldGen       total 384000K, used 107850K [0x0000000080000000, 0x0000000097700000, 0x00000000d5580000)
  object space 384000K, 28% used [0x0000000080000000,0x0000000086952ac0,0x0000000097700000)
 Metaspace       used 93145K, capacity 95102K, committed 96512K, reserved 1134592K
  class space    used 11151K, capacity 11479K, committed 11776K, reserved 1048576K
}
{Heap before GC invocations=588 (full 5):
 PSYoungGen      total 678912K, used 675741K [0x00000000d5580000, 0x0000000100000000, 0x0000000100000000)
  eden space 660992K, 100% used [0x00000000d5580000,0x00000000fdb00000,0x00000000fdb00000)
  from space 17920K, 82% used [0x00000000fee80000,0x00000000ffce7728,0x0000000100000000)
  to   space 18944K, 0% used [0x00000000fdb00000,0x00000000fdb00000,0x00000000fed80000)
 ParOldGen       total 384000K, used 107850K [0x0000000080000000, 0x0000000097700000, 0x00000000d5580000)
  object space 384000K, 28% used [0x0000000080000000,0x0000000086952ac0,0x0000000097700000)
 Metaspace       used 93145K, capacity 95102K, committed 96512K, reserved 1134592K
  class space    used 11151K, capacity 11479K, committed 11776K, reserved 1048576K
2024-08-28T12:02:35.412+0600: 676062.741: [GC (Allocation Failure) [PSYoungGen: 675741K->8585K(679936K)] 783592K->116491K(1063936K), 0.0076426 secs] [Times: user=0.02 sys=0.00, real=0.01 secs] 
Heap after GC invocations=588 (full 5):
 PSYoungGen      total 679936K, used 8585K [0x00000000d5580000, 0x0000000100000000, 0x0000000100000000)
  eden space 660992K, 0% used [0x00000000d5580000,0x00000000d5580000,0x00000000fdb00000)
  from space 18944K, 45% used [0x00000000fdb00000,0x00000000fe3624f8,0x00000000fed80000)
  to   space 18432K, 0% used [0x00000000fee00000,0x00000000fee00000,0x0000000100000000)
 ParOldGen       total 384000K, used 107906K [0x0000000080000000, 0x0000000097700000, 0x00000000d5580000)
  object space 384000K, 28% used [0x0000000080000000,0x0000000086960a10,0x0000000097700000)
 Metaspace       used 93145K, capacity 95102K, committed 96512K, reserved 1134592K
  class space    used 11151K, capacity 11479K, committed 11776K, reserved 1048576K
}
{Heap before GC invocations=589 (full 5):
 PSYoungGen      total 679936K, used 666682K [0x00000000d5580000, 0x0000000100000000, 0x0000000100000000)
  eden space 660992K, 99% used [0x00000000d5580000,0x00000000fd82c660,0x00000000fdb00000)
  from space 18944K, 45% used [0x00000000fdb00000,0x00000000fe3624f8,0x00000000fed80000)
  to   space 18432K, 0% used [0x00000000fee00000,0x00000000fee00000,0x0000000100000000)
 ParOldGen       total 384000K, used 107906K [0x0000000080000000, 0x0000000097700000, 0x00000000d5580000)
  object space 384000K, 28% used [0x0000000080000000,0x0000000086960a10,0x0000000097700000)
 Metaspace       used 93145K, capacity 95102K, committed 96512K, reserved 1134592K
  class space    used 11151K, capacity 11479K, committed 11776K, reserved 1048576K
2024-08-28T12:02:41.274+0600: 676068.603: [GC (Allocation Failure) [PSYoungGen: 666682K->10964K(678400K)] 774589K->118903K(1062400K), 0.0119840 secs] [Times: user=0.03 sys=0.00, real=0.01 secs] 
Heap after GC invocations=589 (full 5):
 PSYoungGen      total 678400K, used 10964K [0x00000000d5580000, 0x00000000ffe80000, 0x0000000100000000)
  eden space 661504K, 0% used [0x00000000d5580000,0x00000000d5580000,0x00000000fdb80000)
  from space 16896K, 64% used [0x00000000fee00000,0x00000000ff8b5270,0x00000000ffe80000)
  to   space 17920K, 0% used [0x00000000fdb80000,0x00000000fdb80000,0x00000000fed00000)
 ParOldGen       total 384000K, used 107938K [0x0000000080000000, 0x0000000097700000, 0x00000000d5580000)
  object space 384000K, 28% used [0x0000000080000000,0x0000000086968a10,0x0000000097700000)
 Metaspace       used 93145K, capacity 95102K, committed 96512K, reserved 1134592K
  class space    used 11151K, capacity 11479K, committed 11776K, reserved 1048576K
}
{Heap before GC invocations=590 (full 5):
 PSYoungGen      total 678400K, used 672468K [0x00000000d5580000, 0x00000000ffe80000, 0x0000000100000000)
  eden space 661504K, 100% used [0x00000000d5580000,0x00000000fdb80000,0x00000000fdb80000)
  from space 16896K, 64% used [0x00000000fee00000,0x00000000ff8b5270,0x00000000ffe80000)
  to   space 17920K, 0% used [0x00000000fdb80000,0x00000000fdb80000,0x00000000fed00000)
 ParOldGen       total 384000K, used 107938K [0x0000000080000000, 0x0000000097700000, 0x00000000d5580000)
  object space 384000K, 28% used [0x0000000080000000,0x0000000086968a10,0x0000000097700000)
 Metaspace       used 93145K, capacity 95102K, committed 96512K, reserved 1134592K
  class space    used 11151K, capacity 11479K, committed 11776K, reserved 1048576K
2024-08-28T12:02:45.113+0600: 676072.442: [GC (Allocation Failure) [PSYoungGen: 672468K->8937K(679424K)] 780407K->116939K(1063424K), 0.0079272 secs] [Times: user=0.01 sys=0.00, real=0.01 secs] 
Heap after GC invocations=590 (full 5):
 PSYoungGen      total 679424K, used 8937K [0x00000000d5580000, 0x0000000100000000, 0x0000000100000000)
  eden space 661504K, 0% used [0x00000000d5580000,0x00000000d5580000,0x00000000fdb80000)
  from space 17920K, 49% used [0x00000000fdb80000,0x00000000fe43a4f8,0x00000000fed00000)
  to   space 17408K, 0% used [0x00000000fef00000,0x00000000fef00000,0x0000000100000000)
 ParOldGen       total 384000K, used 108002K [0x0000000080000000, 0x0000000097700000, 0x00000000d5580000)
  object space 384000K, 28% used [0x0000000080000000,0x0000000086978960,0x0000000097700000)
 Metaspace       used 93145K, capacity 95102K, committed 96512K, reserved 1134592K
  class space    used 11151K, capacity 11479K, committed 11776K, reserved 1048576K
}
{Heap before GC invocations=591 (full 5):
 PSYoungGen      total 679424K, used 667873K [0x00000000d5580000, 0x0000000100000000, 0x0000000100000000)
  eden space 661504K, 99% used [0x00000000d5580000,0x00000000fd8fe2c0,0x00000000fdb80000)
  from space 17920K, 49% used [0x00000000fdb80000,0x00000000fe43a4f8,0x00000000fed00000)
  to   space 17408K, 0% used [0x00000000fef00000,0x00000000fef00000,0x0000000100000000)
 ParOldGen       total 384000K, used 108002K [0x0000000080000000, 0x0000000097700000, 0x00000000d5580000)
  object space 384000K, 28% used [0x0000000080000000,0x0000000086978960,0x0000000097700000)
 Metaspace       used 93145K, capacity 95102K, committed 96512K, reserved 1134592K
  class space    used 11151K, capacity 11479K, committed 11776K, reserved 1048576K
2024-08-28T12:02:50.726+0600: 676078.055: [GC (Allocation Failure) [PSYoungGen: 667873K->14683K(679424K)] 775876K->122709K(1063424K), 0.0094191 secs] [Times: user=0.02 sys=0.00, real=0.01 secs] 
Heap after GC invocations=591 (full 5):
 PSYoungGen      total 679424K, used 14683K [0x00000000d5580000, 0x0000000100000000, 0x0000000100000000)
  eden space 662016K, 0% used [0x00000000d5580000,0x00000000d5580000,0x00000000fdc00000)
  from space 17408K, 84% used [0x00000000fef00000,0x00000000ffd56e78,0x0000000100000000)
  to   space 18432K, 0% used [0x00000000fdc00000,0x00000000fdc00000,0x00000000fee00000)
 ParOldGen       total 384000K, used 108026K [0x0000000080000000, 0x0000000097700000, 0x00000000d5580000)
  object space 384000K, 28% used [0x0000000080000000,0x000000008697e960,0x0000000097700000)
 Metaspace       used 93145K, capacity 95102K, committed 96512K, reserved 1134592K
  class space    used 11151K, capacity 11479K, committed 11776K, reserved 1048576K
}
{Heap before GC invocations=592 (full 5):
 PSYoungGen      total 679424K, used 676699K [0x00000000d5580000, 0x0000000100000000, 0x0000000100000000)
  eden space 662016K, 100% used [0x00000000d5580000,0x00000000fdc00000,0x00000000fdc00000)
  from space 17408K, 84% used [0x00000000fef00000,0x00000000ffd56e78,0x0000000100000000)
  to   space 18432K, 0% used [0x00000000fdc00000,0x00000000fdc00000,0x00000000fee00000)
 ParOldGen       total 384000K, used 108026K [0x0000000080000000, 0x0000000097700000, 0x00000000d5580000)
  object space 384000K, 28% used [0x0000000080000000,0x000000008697e960,0x0000000097700000)
 Metaspace       used 93145K, capacity 95102K, committed 96512K, reserved 1134592K
  class space    used 11151K, capacity 11479K, committed 11776K, reserved 1048576K
2024-08-28T12:02:54.698+0600: 676082.027: [GC (Allocation Failure) [PSYoungGen: 676699K->9259K(680448K)] 784725K->117333K(1064448K), 0.0087649 secs] [Times: user=0.01 sys=0.00, real=0.01 secs] 
Heap after GC invocations=592 (full 5):
 PSYoungGen      total 680448K, used 9259K [0x00000000d5580000, 0x0000000100000000, 0x0000000100000000)
  eden space 662016K, 0% used [0x00000000d5580000,0x00000000d5580000,0x00000000fdc00000)
  from space 18432K, 50% used [0x00000000fdc00000,0x00000000fe50adc8,0x00000000fee00000)
  to   space 17920K, 0% used [0x00000000fee80000,0x00000000fee80000,0x0000000100000000)
 ParOldGen       total 384000K, used 108074K [0x0000000080000000, 0x0000000097700000, 0x00000000d5580000)
  object space 384000K, 28% used [0x0000000080000000,0x000000008698a960,0x0000000097700000)
 Metaspace       used 93145K, capacity 95102K, committed 96512K, reserved 1134592K
  class space    used 11151K, capacity 11479K, committed 11776K, reserved 1048576K
}
{Heap before GC invocations=593 (full 5):
 PSYoungGen      total 680448K, used 671179K [0x00000000d5580000, 0x0000000100000000, 0x0000000100000000)
  eden space 662016K, 99% used [0x00000000d5580000,0x00000000fdbe80d0,0x00000000fdc00000)
  from space 18432K, 50% used [0x00000000fdc00000,0x00000000fe50adc8,0x00000000fee00000)
  to   space 17920K, 0% used [0x00000000fee80000,0x00000000fee80000,0x0000000100000000)
 ParOldGen       total 384000K, used 108074K [0x0000000080000000, 0x0000000097700000, 0x00000000d5580000)
  object space 384000K, 28% used [0x0000000080000000,0x000000008698a960,0x0000000097700000)
 Metaspace       used 93145K, capacity 95102K, committed 96512K, reserved 1134592K
  class space    used 11151K, capacity 11479K, committed 11776K, reserved 1048576K
2024-08-28T12:03:00.196+0600: 676087.525: [GC (Allocation Failure) [PSYoungGen: 671179K->10898K(678912K)] 779253K->119012K(1062912K), 0.0119486 secs] [Times: user=0.03 sys=0.00, real=0.01 secs] 
Heap after GC invocations=593 (full 5):
 PSYoungGen      total 678912K, used 10898K [0x00000000d5580000, 0x00000000ffe80000, 0x0000000100000000)
  eden space 662528K, 0% used [0x00000000d5580000,0x00000000d5580000,0x00000000fdc80000)
  from space 16384K, 66% used [0x00000000fee80000,0x00000000ff9249c0,0x00000000ffe80000)
  to   space 17408K, 0% used [0x00000000fdc80000,0x00000000fdc80000,0x00000000fed80000)
 ParOldGen       total 384000K, used 108114K [0x0000000080000000, 0x0000000097700000, 0x00000000d5580000)
  object space 384000K, 28% used [0x0000000080000000,0x00000000869948b0,0x0000000097700000)
 Metaspace       used 93145K, capacity 95102K, committed 96512K, reserved 1134592K
  class space    used 11151K, capacity 11479K, committed 11776K, reserved 1048576K
}
{Heap before GC invocations=594 (full 5):
 PSYoungGen      total 678912K, used 671017K [0x00000000d5580000, 0x00000000ffe80000, 0x0000000100000000)
  eden space 662528K, 99% used [0x00000000d5580000,0x00000000fda25da0,0x00000000fdc80000)
  from space 16384K, 66% used [0x00000000fee80000,0x00000000ff9249c0,0x00000000ffe80000)
  to   space 17408K, 0% used [0x00000000fdc80000,0x00000000fdc80000,0x00000000fed80000)
 ParOldGen       total 384000K, used 108114K [0x0000000080000000, 0x0000000097700000, 0x00000000d5580000)
  object space 384000K, 28% used [0x0000000080000000,0x00000000869948b0,0x0000000097700000)
 Metaspace       used 93145K, capacity 95102K, committed 96512K, reserved 1134592K
  class space    used 11151K, capacity 11479K, committed 11776K, reserved 1048576K
2024-08-28T12:03:04.272+0600: 676091.601: [GC (Allocation Failure) [PSYoungGen: 671017K->14652K(679936K)] 779132K->122798K(1063936K), 0.0148171 secs] [Times: user=0.02 sys=0.00, real=0.01 secs] 
Heap after GC invocations=594 (full 5):
 PSYoungGen      total 679936K, used 14652K [0x00000000d5580000, 0x0000000100000000, 0x0000000100000000)
  eden space 662528K, 0% used [0x00000000d5580000,0x00000000d5580000,0x00000000fdc80000)
  from space 17408K, 84% used [0x00000000fdc80000,0x00000000feacf018,0x00000000fed80000)
  to   space 17920K, 0% used [0x00000000fee80000,0x00000000fee80000,0x0000000100000000)
 ParOldGen       total 384000K, used 108146K [0x0000000080000000, 0x0000000097700000, 0x00000000d5580000)
  object space 384000K, 28% used [0x0000000080000000,0x000000008699c8b0,0x0000000097700000)
 Metaspace       used 93145K, capacity 95102K, committed 96512K, reserved 1134592K
  class space    used 11151K, capacity 11479K, committed 11776K, reserved 1048576K
}
{Heap before GC invocations=595 (full 5):
 PSYoungGen      total 679936K, used 673437K [0x00000000d5580000, 0x0000000100000000, 0x0000000100000000)
  eden space 662528K, 99% used [0x00000000d5580000,0x00000000fd8d8750,0x00000000fdc80000)
  from space 17408K, 84% used [0x00000000fdc80000,0x00000000feacf018,0x00000000fed80000)
  to   space 17920K, 0% used [0x00000000fee80000,0x00000000fee80000,0x0000000100000000)
 ParOldGen       total 384000K, used 108146K [0x0000000080000000, 0x0000000097700000, 0x00000000d5580000)
  object space 384000K, 28% used [0x0000000080000000,0x000000008699c8b0,0x0000000097700000)
 Metaspace       used 93145K, capacity 95102K, committed 96512K, reserved 1134592K
  class space    used 11151K, capacity 11479K, committed 11776K, reserved 1048576K
2024-08-28T12:03:09.575+0600: 676096.904: [GC (Allocation Failure) [PSYoungGen: 673437K->10866K(680960K)] 781584K->119108K(1064960K), 0.0145199 secs] [Times: user=0.02 sys=0.00, real=0.02 secs] 
Heap after GC invocations=595 (full 5):
 PSYoungGen      total 680960K, used 10866K [0x00000000d5580000, 0x00000000fff80000, 0x0000000100000000)
  eden space 663552K, 0% used [0x00000000d5580000,0x00000000d5580000,0x00000000fdd80000)
  from space 17408K, 62% used [0x00000000fee80000,0x00000000ff91c9c0,0x00000000fff80000)
  to   space 17408K, 0% used [0x00000000fdd80000,0x00000000fdd80000,0x00000000fee80000)
 ParOldGen       total 384000K, used 108242K [0x0000000080000000, 0x0000000097700000, 0x00000000d5580000)
  object space 384000K, 28% used [0x0000000080000000,0x00000000869b48e0,0x0000000097700000)
 Metaspace       used 93145K, capacity 95102K, committed 96512K, reserved 1134592K
  class space    used 11151K, capacity 11479K, committed 11776K, reserved 1048576K
}
{Heap before GC invocations=596 (full 5):
 PSYoungGen      total 680960K, used 670762K [0x00000000d5580000, 0x00000000fff80000, 0x0000000100000000)
  eden space 663552K, 99% used [0x00000000d5580000,0x00000000fd9ee028,0x00000000fdd80000)
  from space 17408K, 62% used [0x00000000fee80000,0x00000000ff91c9c0,0x00000000fff80000)
  to   space 17408K, 0% used [0x00000000fdd80000,0x00000000fdd80000,0x00000000fee80000)
 ParOldGen       total 384000K, used 108242K [0x0000000080000000, 0x0000000097700000, 0x00000000d5580000)
  object space 384000K, 28% used [0x0000000080000000,0x00000000869b48e0,0x0000000097700000)
 Metaspace       used 93145K, capacity 95102K, committed 96512K, reserved 1134592K
  class space    used 11151K, capacity 11479K, committed 11776K, reserved 1048576K
2024-08-28T12:03:13.688+0600: 676101.018: [GC (Allocation Failure) [PSYoungGen: 670762K->15302K(678912K)] 779004K->123584K(1062912K), 0.0165334 secs] [Times: user=0.03 sys=0.00, real=0.02 secs] 
Heap after GC invocations=596 (full 5):
 PSYoungGen      total 678912K, used 15302K [0x00000000d5580000, 0x0000000100000000, 0x0000000100000000)
  eden space 663552K, 0% used [0x00000000d5580000,0x00000000d5580000,0x00000000fdd80000)
  from space 15360K, 99% used [0x00000000fdd80000,0x00000000fec71a58,0x00000000fec80000)
  to   space 18432K, 0% used [0x00000000fee00000,0x00000000fee00000,0x0000000100000000)
 ParOldGen       total 384000K, used 108282K [0x0000000080000000, 0x0000000097700000, 0x00000000d5580000)
  object space 384000K, 28% used [0x0000000080000000,0x00000000869be830,0x0000000097700000)
 Metaspace       used 93145K, capacity 95102K, committed 96512K, reserved 1134592K
  class space    used 11151K, capacity 11479K, committed 11776K, reserved 1048576K
}
{Heap before GC invocations=597 (full 5):
 PSYoungGen      total 678912K, used 678722K [0x00000000d5580000, 0x0000000100000000, 0x0000000100000000)
  eden space 663552K, 99% used [0x00000000d5580000,0x00000000fdd5f158,0x00000000fdd80000)
  from space 15360K, 99% used [0x00000000fdd80000,0x00000000fec71a58,0x00000000fec80000)
  to   space 18432K, 0% used [0x00000000fee00000,0x00000000fee00000,0x0000000100000000)
 ParOldGen       total 384000K, used 108282K [0x0000000080000000, 0x0000000097700000, 0x00000000d5580000)
  object space 384000K, 28% used [0x0000000080000000,0x00000000869be830,0x0000000097700000)
 Metaspace       used 93145K, capacity 95102K, committed 96512K, reserved 1134592K
  class space    used 11151K, capacity 11479K, committed 11776K, reserved 1048576K
2024-08-28T12:03:18.943+0600: 676106.272: [GC (Allocation Failure) [PSYoungGen: 678722K->3476K(679424K)] 787004K->111854K(1063424K), 0.0115290 secs] [Times: user=0.03 sys=0.00, real=0.01 secs] 
Heap after GC invocations=597 (full 5):
 PSYoungGen      total 679424K, used 3476K [0x00000000d5580000, 0x0000000100000000, 0x0000000100000000)
  eden space 660992K, 0% used [0x00000000d5580000,0x00000000d5580000,0x00000000fdb00000)
  from space 18432K, 18% used [0x00000000fee00000,0x00000000ff1651d0,0x0000000100000000)
  to   space 18944K, 0% used [0x00000000fdb00000,0x00000000fdb00000,0x00000000fed80000)
 ParOldGen       total 384000K, used 108377K [0x0000000080000000, 0x0000000097700000, 0x00000000d5580000)
  object space 384000K, 28% used [0x0000000080000000,0x00000000869d66d0,0x0000000097700000)
 Metaspace       used 93145K, capacity 95102K, committed 96512K, reserved 1134592K
  class space    used 11151K, capacity 11479K, committed 11776K, reserved 1048576K
}
{Heap before GC invocations=598 (full 5):
 PSYoungGen      total 679424K, used 662808K [0x00000000d5580000, 0x0000000100000000, 0x0000000100000000)
  eden space 660992K, 99% used [0x00000000d5580000,0x00000000fd960e60,0x00000000fdb00000)
  from space 18432K, 18% used [0x00000000fee00000,0x00000000ff1651d0,0x0000000100000000)
  to   space 18944K, 0% used [0x00000000fdb00000,0x00000000fdb00000,0x00000000fed80000)
 ParOldGen       total 384000K, used 108377K [0x0000000080000000, 0x0000000097700000, 0x00000000d5580000)
  object space 384000K, 28% used [0x0000000080000000,0x00000000869d66d0,0x0000000097700000)
 Metaspace       used 93145K, capacity 95102K, committed 96512K, reserved 1134592K
  class space    used 11151K, capacity 11479K, committed 11776K, reserved 1048576K
2024-08-28T12:03:22.945+0600: 676110.275: [GC (Allocation Failure) [PSYoungGen: 662808K->10900K(679936K)] 771185K->119302K(1063936K), 0.0131066 secs] [Times: user=0.03 sys=0.00, real=0.02 secs] 
Heap after GC invocations=598 (full 5):
 PSYoungGen      total 679936K, used 10900K [0x00000000d5580000, 0x00000000fff80000, 0x0000000100000000)
  eden space 660992K, 0% used [0x00000000d5580000,0x00000000d5580000,0x00000000fdb00000)
  from space 18944K, 57% used [0x00000000fdb00000,0x00000000fe5a5270,0x00000000fed80000)
  to   space 18432K, 0% used [0x00000000fed80000,0x00000000fed80000,0x00000000fff80000)
 ParOldGen       total 384000K, used 108401K [0x0000000080000000, 0x0000000097700000, 0x00000000d5580000)
  object space 384000K, 28% used [0x0000000080000000,0x00000000869dc6d0,0x0000000097700000)
 Metaspace       used 93145K, capacity 95102K, committed 96512K, reserved 1134592K
  class space    used 11151K, capacity 11479K, committed 11776K, reserved 1048576K
}
{Heap before GC invocations=599 (full 5):
 PSYoungGen      total 679936K, used 671892K [0x00000000d5580000, 0x00000000fff80000, 0x0000000100000000)
  eden space 660992K, 100% used [0x00000000d5580000,0x00000000fdb00000,0x00000000fdb00000)
  from space 18944K, 57% used [0x00000000fdb00000,0x00000000fe5a5270,0x00000000fed80000)
  to   space 18432K, 0% used [0x00000000fed80000,0x00000000fed80000,0x00000000fff80000)
 ParOldGen       total 384000K, used 108401K [0x0000000080000000, 0x0000000097700000, 0x00000000d5580000)
  object space 384000K, 28% used [0x0000000080000000,0x00000000869dc6d0,0x0000000097700000)
 Metaspace       used 93145K, capacity 95102K, committed 96512K, reserved 1134592K
  class space    used 11151K, capacity 11479K, committed 11776K, reserved 1048576K
2024-08-28T12:03:26.876+0600: 676114.205: [GC (Allocation Failure) [PSYoungGen: 671892K->8745K(678912K)] 780294K->117258K(1062912K), 0.0077611 secs] [Times: user=0.01 sys=0.00, real=0.01 secs] 
Heap after GC invocations=599 (full 5):
 PSYoungGen      total 678912K, used 8745K [0x00000000d5580000, 0x00000000ffe80000, 0x0000000100000000)
  eden space 661504K, 0% used [0x00000000d5580000,0x00000000d5580000,0x00000000fdb80000)
  from space 17408K, 50% used [0x00000000fed80000,0x00000000ff60a508,0x00000000ffe80000)
  to   space 17920K, 0% used [0x00000000fdb80000,0x00000000fdb80000,0x00000000fed00000)
 ParOldGen       total 384000K, used 108513K [0x0000000080000000, 0x0000000097700000, 0x00000000d5580000)
  object space 384000K, 28% used [0x0000000080000000,0x00000000869f8650,0x0000000097700000)
 Metaspace       used 93145K, capacity 95102K, committed 96512K, reserved 1134592K
  class space    used 11151K, capacity 11479K, committed 11776K, reserved 1048576K
}
{Heap before GC invocations=600 (full 5):
 PSYoungGen      total 678912K, used 669965K [0x00000000d5580000, 0x00000000ffe80000, 0x0000000100000000)
  eden space 661504K, 99% used [0x00000000d5580000,0x00000000fdb39188,0x00000000fdb80000)
  from space 17408K, 50% used [0x00000000fed80000,0x00000000ff60a508,0x00000000ffe80000)
  to   space 17920K, 0% used [0x00000000fdb80000,0x00000000fdb80000,0x00000000fed00000)
 ParOldGen       total 384000K, used 108513K [0x0000000080000000, 0x0000000097700000, 0x00000000d5580000)
  object space 384000K, 28% used [0x0000000080000000,0x00000000869f8650,0x0000000097700000)
 Metaspace       used 93145K, capacity 95102K, committed 96512K, reserved 1134592K
  class space    used 11151K, capacity 11479K, committed 11776K, reserved 1048576K
2024-08-28T12:03:32.427+0600: 676119.756: [GC (Allocation Failure) [PSYoungGen: 669965K->10836K(679424K)] 778479K->119493K(1063424K), 0.0117990 secs] [Times: user=0.02 sys=0.00, real=0.02 secs] 
Heap after GC invocations=600 (full 5):
 PSYoungGen      total 679424K, used 10836K [0x00000000d5580000, 0x00000000fff80000, 0x0000000100000000)
  eden space 661504K, 0% used [0x00000000d5580000,0x00000000d5580000,0x00000000fdb80000)
  from space 17920K, 60% used [0x00000000fdb80000,0x00000000fe615270,0x00000000fed00000)
  to   space 17408K, 0% used [0x00000000fee80000,0x00000000fee80000,0x00000000fff80000)
 ParOldGen       total 384000K, used 108657K [0x0000000080000000, 0x0000000097700000, 0x00000000d5580000)
  object space 384000K, 28% used [0x0000000080000000,0x0000000086a1c470,0x0000000097700000)
 Metaspace       used 93145K, capacity 95102K, committed 96512K, reserved 1134592K
  class space    used 11151K, capacity 11479K, committed 11776K, reserved 1048576K
}
{Heap before GC invocations=601 (full 5):
 PSYoungGen      total 679424K, used 672340K [0x00000000d5580000, 0x00000000fff80000, 0x0000000100000000)
  eden space 661504K, 100% used [0x00000000d5580000,0x00000000fdb80000,0x00000000fdb80000)
  from space 17920K, 60% used [0x00000000fdb80000,0x00000000fe615270,0x00000000fed00000)
  to   space 17408K, 0% used [0x00000000fee80000,0x00000000fee80000,0x00000000fff80000)
 ParOldGen       total 384000K, used 108657K [0x0000000080000000, 0x0000000097700000, 0x00000000d5580000)
  object space 384000K, 28% used [0x0000000080000000,0x0000000086a1c470,0x0000000097700000)
 Metaspace       used 93145K, capacity 95102K, committed 96512K, reserved 1134592K
  class space    used 11151K, capacity 11479K, committed 11776K, reserved 1048576K
2024-08-28T12:03:36.287+0600: 676123.616: [GC (Allocation Failure) [PSYoungGen: 672340K->8617K(679936K)] 780997K->117330K(1063936K), 0.0075604 secs] [Times: user=0.01 sys=0.00, real=0.01 secs] 
Heap after GC invocations=601 (full 5):
 PSYoungGen      total 679936K, used 8617K [0x00000000d5580000, 0x00000000ffe80000, 0x0000000100000000)
  eden space 663552K, 0% used [0x00000000d5580000,0x00000000d5580000,0x00000000fdd80000)
  from space 16384K, 52% used [0x00000000fee80000,0x00000000ff6ea4f8,0x00000000ffe80000)
  to   space 16896K, 0% used [0x00000000fdd80000,0x00000000fdd80000,0x00000000fee00000)
 ParOldGen       total 384000K, used 108712K [0x0000000080000000, 0x0000000097700000, 0x00000000d5580000)
  object space 384000K, 28% used [0x0000000080000000,0x0000000086a2a3c0,0x0000000097700000)
 Metaspace       used 93145K, capacity 95102K, committed 96512K, reserved 1134592K
  class space    used 11151K, capacity 11479K, committed 11776K, reserved 1048576K
}
{Heap before GC invocations=602 (full 5):
 PSYoungGen      total 679936K, used 670581K [0x00000000d5580000, 0x00000000ffe80000, 0x0000000100000000)
  eden space 663552K, 99% used [0x00000000d5580000,0x00000000fdbf3230,0x00000000fdd80000)
  from space 16384K, 52% used [0x00000000fee80000,0x00000000ff6ea4f8,0x00000000ffe80000)
  to   space 16896K, 0% used [0x00000000fdd80000,0x00000000fdd80000,0x00000000fee00000)
 ParOldGen       total 384000K, used 108712K [0x0000000080000000, 0x0000000097700000, 0x00000000d5580000)
  object space 384000K, 28% used [0x0000000080000000,0x0000000086a2a3c0,0x0000000097700000)
 Metaspace       used 93145K, capacity 95102K, committed 96512K, reserved 1134592K
  class space    used 11151K, capacity 11479K, committed 11776K, reserved 1048576K
2024-08-28T12:03:41.693+0600: 676129.022: [GC (Allocation Failure) [PSYoungGen: 670581K->10676K(680448K)] 779294K->119533K(1064448K), 0.0134254 secs] [Times: user=0.02 sys=0.01, real=0.01 secs] 
Heap after GC invocations=602 (full 5):
 PSYoungGen      total 680448K, used 10676K [0x00000000d5580000, 0x00000000fff80000, 0x0000000100000000)
  eden space 663552K, 0% used [0x00000000d5580000,0x00000000d5580000,0x00000000fdd80000)
  from space 16896K, 63% used [0x00000000fdd80000,0x00000000fe7ed260,0x00000000fee00000)
  to   space 16384K, 0% used [0x00000000fef80000,0x00000000fef80000,0x00000000fff80000)
 ParOldGen       total 384000K, used 108856K [0x0000000080000000, 0x0000000097700000, 0x00000000d5580000)
  object space 384000K, 28% used [0x0000000080000000,0x0000000086a4e1e0,0x0000000097700000)
 Metaspace       used 93145K, capacity 95102K, committed 96512K, reserved 1134592K
  class space    used 11151K, capacity 11479K, committed 11776K, reserved 1048576K
}
{Heap before GC invocations=603 (full 5):
 PSYoungGen      total 680448K, used 674228K [0x00000000d5580000, 0x00000000fff80000, 0x0000000100000000)
  eden space 663552K, 100% used [0x00000000d5580000,0x00000000fdd80000,0x00000000fdd80000)
  from space 16896K, 63% used [0x00000000fdd80000,0x00000000fe7ed260,0x00000000fee00000)
  to   space 16384K, 0% used [0x00000000fef80000,0x00000000fef80000,0x00000000fff80000)
 ParOldGen       total 384000K, used 108856K [0x0000000080000000, 0x0000000097700000, 0x00000000d5580000)
  object space 384000K, 28% used [0x0000000080000000,0x0000000086a4e1e0,0x0000000097700000)
 Metaspace       used 93145K, capacity 95102K, committed 96512K, reserved 1134592K
  class space    used 11151K, capacity 11479K, committed 11776K, reserved 1048576K
2024-08-28T12:03:45.593+0600: 676132.922: [GC (Allocation Failure) [PSYoungGen: 674228K->9131K(681984K)] 783085K->118027K(1065984K), 0.0081714 secs] [Times: user=0.02 sys=0.00, real=0.01 secs] 
Heap after GC invocations=603 (full 5):
 PSYoungGen      total 681984K, used 9131K [0x00000000d5580000, 0x00000000fff80000, 0x0000000100000000)
  eden space 665600K, 0% used [0x00000000d5580000,0x00000000d5580000,0x00000000fdf80000)
  from space 16384K, 55% used [0x00000000fef80000,0x00000000ff86ada8,0x00000000fff80000)
  to   space 16384K, 0% used [0x00000000fdf80000,0x00000000fdf80000,0x00000000fef80000)
 ParOldGen       total 384000K, used 108896K [0x0000000080000000, 0x0000000097700000, 0x00000000d5580000)
  object space 384000K, 28% used [0x0000000080000000,0x0000000086a581e0,0x0000000097700000)
 Metaspace       used 93145K, capacity 95102K, committed 96512K, reserved 1134592K
  class space    used 11151K, capacity 11479K, committed 11776K, reserved 1048576K
}
{Heap before GC invocations=604 (full 5):
 PSYoungGen      total 681984K, used 674035K [0x00000000d5580000, 0x00000000fff80000, 0x0000000100000000)
  eden space 665600K, 99% used [0x00000000d5580000,0x00000000fded1f80,0x00000000fdf80000)
  from space 16384K, 55% used [0x00000000fef80000,0x00000000ff86ada8,0x00000000fff80000)
  to   space 16384K, 0% used [0x00000000fdf80000,0x00000000fdf80000,0x00000000fef80000)
 ParOldGen       total 384000K, used 108896K [0x0000000080000000, 0x0000000097700000, 0x00000000d5580000)
  object space 384000K, 28% used [0x0000000080000000,0x0000000086a581e0,0x0000000097700000)
 Metaspace       used 93145K, capacity 95102K, committed 96512K, reserved 1134592K
  class space    used 11151K, capacity 11479K, committed 11776K, reserved 1048576K
2024-08-28T12:03:50.907+0600: 676138.236: [GC (Allocation Failure) [PSYoungGen: 674035K->14363K(681984K)] 782931K->123299K(1065984K), 0.0112943 secs] [Times: user=0.02 sys=0.00, real=0.01 secs] 
Heap after GC invocations=604 (full 5):
 PSYoungGen      total 681984K, used 14363K [0x00000000d5580000, 0x0000000100000000, 0x0000000100000000)
  eden space 665600K, 0% used [0x00000000d5580000,0x00000000d5580000,0x00000000fdf80000)
  from space 16384K, 87% used [0x00000000fdf80000,0x00000000fed86e58,0x00000000fef80000)
  to   space 16896K, 0% used [0x00000000fef80000,0x00000000fef80000,0x0000000100000000)
 ParOldGen       total 384000K, used 108936K [0x0000000080000000, 0x0000000097700000, 0x00000000d5580000)
  object space 384000K, 28% used [0x0000000080000000,0x0000000086a62130,0x0000000097700000)
 Metaspace       used 93145K, capacity 95102K, committed 96512K, reserved 1134592K
  class space    used 11151K, capacity 11479K, committed 11776K, reserved 1048576K
}
{Heap before GC invocations=605 (full 5):
 PSYoungGen      total 681984K, used 676496K [0x00000000d5580000, 0x0000000100000000, 0x0000000100000000)
  eden space 665600K, 99% used [0x00000000d5580000,0x00000000fdc1d260,0x00000000fdf80000)
  from space 16384K, 87% used [0x00000000fdf80000,0x00000000fed86e58,0x00000000fef80000)
  to   space 16896K, 0% used [0x00000000fef80000,0x00000000fef80000,0x0000000100000000)
 ParOldGen       total 384000K, used 108936K [0x0000000080000000, 0x0000000097700000, 0x00000000d5580000)
  object space 384000K, 28% used [0x0000000080000000,0x0000000086a62130,0x0000000097700000)
 Metaspace       used 93145K, capacity 95102K, committed 96512K, reserved 1134592K
  class space    used 11151K, capacity 11479K, committed 11776K, reserved 1048576K
2024-08-28T12:03:55.016+0600: 676142.345: [GC (Allocation Failure) [PSYoungGen: 676496K->14331K(679936K)] 785432K->123308K(1063936K), 0.0145508 secs] [Times: user=0.03 sys=0.00, real=0.02 secs] 
Heap after GC invocations=605 (full 5):
 PSYoungGen      total 679936K, used 14331K [0x00000000d5580000, 0x0000000100000000, 0x0000000100000000)
  eden space 663040K, 0% used [0x00000000d5580000,0x00000000d5580000,0x00000000fdd00000)
  from space 16896K, 84% used [0x00000000fef80000,0x00000000ffd7eff8,0x0000000100000000)
  to   space 17920K, 0% used [0x00000000fdd00000,0x00000000fdd00000,0x00000000fee80000)
 ParOldGen       total 384000K, used 108976K [0x0000000080000000, 0x0000000097700000, 0x00000000d5580000)
  object space 384000K, 28% used [0x0000000080000000,0x0000000086a6c130,0x0000000097700000)
 Metaspace       used 93145K, capacity 95102K, committed 96512K, reserved 1134592K
  class space    used 11151K, capacity 11479K, committed 11776K, reserved 1048576K
}
{Heap before GC invocations=606 (full 5):
 PSYoungGen      total 679936K, used 677229K [0x00000000d5580000, 0x0000000100000000, 0x0000000100000000)
  eden space 663040K, 99% used [0x00000000d5580000,0x00000000fdcdc480,0x00000000fdd00000)
  from space 16896K, 84% used [0x00000000fef80000,0x00000000ffd7eff8,0x0000000100000000)
  to   space 17920K, 0% used [0x00000000fdd00000,0x00000000fdd00000,0x00000000fee80000)
 ParOldGen       total 384000K, used 108976K [0x0000000080000000, 0x0000000097700000, 0x00000000d5580000)
  object space 384000K, 28% used [0x0000000080000000,0x0000000086a6c130,0x0000000097700000)
 Metaspace       used 93145K, capacity 95102K, committed 96512K, reserved 1134592K
  class space    used 11151K, capacity 11479K, committed 11776K, reserved 1048576K
2024-08-28T12:04:00.338+0600: 676147.667: [GC (Allocation Failure) [PSYoungGen: 677229K->14363K(677888K)] 786205K->123443K(1061888K), 0.0126619 secs] [Times: user=0.03 sys=0.00, real=0.02 secs] 
Heap after GC invocations=606 (full 5):
 PSYoungGen      total 677888K, used 14363K [0x00000000d5580000, 0x0000000100000000, 0x0000000100000000)
  eden space 663040K, 0% used [0x00000000d5580000,0x00000000d5580000,0x00000000fdd00000)
  from space 14848K, 96% used [0x00000000fdd00000,0x00000000feb06e48,0x00000000feb80000)
  to   space 18432K, 0% used [0x00000000fee00000,0x00000000fee00000,0x0000000100000000)
 ParOldGen       total 384000K, used 109079K [0x0000000080000000, 0x0000000097700000, 0x00000000d5580000)
  object space 384000K, 28% used [0x0000000080000000,0x0000000086a85e70,0x0000000097700000)
 Metaspace       used 93145K, capacity 95102K, committed 96512K, reserved 1134592K
  class space    used 11151K, capacity 11479K, committed 11776K, reserved 1048576K
}
{Heap before GC invocations=607 (full 5):
 PSYoungGen      total 677888K, used 677173K [0x00000000d5580000, 0x0000000100000000, 0x0000000100000000)
  eden space 663040K, 99% used [0x00000000d5580000,0x00000000fdcc6978,0x00000000fdd00000)
  from space 14848K, 96% used [0x00000000fdd00000,0x00000000feb06e48,0x00000000feb80000)
  to   space 18432K, 0% used [0x00000000fee00000,0x00000000fee00000,0x0000000100000000)
 ParOldGen       total 384000K, used 109079K [0x0000000080000000, 0x0000000097700000, 0x00000000d5580000)
  object space 384000K, 28% used [0x0000000080000000,0x0000000086a85e70,0x0000000097700000)
 Metaspace       used 93145K, capacity 95102K, committed 96512K, reserved 1134592K
  class space    used 11151K, capacity 11479K, committed 11776K, reserved 1048576K
2024-08-28T12:04:04.674+0600: 676152.003: [GC (Allocation Failure) [PSYoungGen: 677173K->15014K(679424K)] 786253K->124133K(1063424K), 0.0126041 secs] [Times: user=0.03 sys=0.00, real=0.01 secs] 
Heap after GC invocations=607 (full 5):
 PSYoungGen      total 679424K, used 15014K [0x00000000d5580000, 0x0000000100000000, 0x0000000100000000)
  eden space 660992K, 0% used [0x00000000d5580000,0x00000000d5580000,0x00000000fdb00000)
  from space 18432K, 81% used [0x00000000fee00000,0x00000000ffca9a28,0x0000000100000000)
  to   space 18944K, 0% used [0x00000000fdb00000,0x00000000fdb00000,0x00000000fed80000)
 ParOldGen       total 384000K, used 109119K [0x0000000080000000, 0x0000000097700000, 0x00000000d5580000)
  object space 384000K, 28% used [0x0000000080000000,0x0000000086a8fdc0,0x0000000097700000)
 Metaspace       used 93145K, capacity 95102K, committed 96512K, reserved 1134592K
  class space    used 11151K, capacity 11479K, committed 11776K, reserved 1048576K
}
{Heap before GC invocations=608 (full 5):
 PSYoungGen      total 679424K, used 675468K [0x00000000d5580000, 0x0000000100000000, 0x0000000100000000)
  eden space 660992K, 99% used [0x00000000d5580000,0x00000000fda79860,0x00000000fdb00000)
  from space 18432K, 81% used [0x00000000fee00000,0x00000000ffca9a28,0x0000000100000000)
  to   space 18944K, 0% used [0x00000000fdb00000,0x00000000fdb00000,0x00000000fed80000)
 ParOldGen       total 384000K, used 109119K [0x0000000080000000, 0x0000000097700000, 0x00000000d5580000)
  object space 384000K, 28% used [0x0000000080000000,0x0000000086a8fdc0,0x0000000097700000)
 Metaspace       used 93146K, capacity 95102K, committed 96512K, reserved 1134592K
  class space    used 11151K, capacity 11479K, committed 11776K, reserved 1048576K
2024-08-28T12:04:09.803+0600: 676157.132: [GC (Allocation Failure) [PSYoungGen: 675468K->5817K(667136K)] 784588K->114976K(1051136K), 0.0119741 secs] [Times: user=0.03 sys=0.00, real=0.01 secs] 
Heap after GC invocations=608 (full 5):
 PSYoungGen      total 667136K, used 5817K [0x00000000d5580000, 0x0000000100000000, 0x0000000100000000)
  eden space 660992K, 0% used [0x00000000d5580000,0x00000000d5580000,0x00000000fdb00000)
  from space 6144K, 94% used [0x00000000fdb00000,0x00000000fe0ae538,0x00000000fe100000)
  to   space 19456K, 0% used [0x00000000fed00000,0x00000000fed00000,0x0000000100000000)
 ParOldGen       total 384000K, used 109159K [0x0000000080000000, 0x0000000097700000, 0x00000000d5580000)
  object space 384000K, 28% used [0x0000000080000000,0x0000000086a99dc0,0x0000000097700000)
 Metaspace       used 93146K, capacity 95102K, committed 96512K, reserved 1134592K
  class space    used 11151K, capacity 11479K, committed 11776K, reserved 1048576K
}
{Heap before GC invocations=609 (full 5):
 PSYoungGen      total 667136K, used 666186K [0x00000000d5580000, 0x0000000100000000, 0x0000000100000000)
  eden space 660992K, 99% used [0x00000000d5580000,0x00000000fda645e8,0x00000000fdb00000)
  from space 6144K, 94% used [0x00000000fdb00000,0x00000000fe0ae538,0x00000000fe100000)
  to   space 19456K, 0% used [0x00000000fed00000,0x00000000fed00000,0x0000000100000000)
 ParOldGen       total 384000K, used 109159K [0x0000000080000000, 0x0000000097700000, 0x00000000d5580000)
  object space 384000K, 28% used [0x0000000080000000,0x0000000086a99dc0,0x0000000097700000)
 Metaspace       used 93146K, capacity 95102K, committed 96512K, reserved 1134592K
  class space    used 11151K, capacity 11479K, committed 11776K, reserved 1048576K
2024-08-28T12:04:14.137+0600: 676161.466: [GC (Allocation Failure) [PSYoungGen: 666186K->14685K(678400K)] 775346K->123877K(1062400K), 0.0155056 secs] [Times: user=0.03 sys=0.00, real=0.02 secs] 
Heap after GC invocations=609 (full 5):
 PSYoungGen      total 678400K, used 14685K [0x00000000d5580000, 0x0000000100000000, 0x0000000100000000)
  eden space 658944K, 0% used [0x00000000d5580000,0x00000000d5580000,0x00000000fd900000)
  from space 19456K, 75% used [0x00000000fed00000,0x00000000ffb57718,0x0000000100000000)
  to   space 19968K, 0% used [0x00000000fd900000,0x00000000fd900000,0x00000000fec80000)
 ParOldGen       total 384000K, used 109191K [0x0000000080000000, 0x0000000097700000, 0x00000000d5580000)
  object space 384000K, 28% used [0x0000000080000000,0x0000000086aa1dc0,0x0000000097700000)
 Metaspace       used 93146K, capacity 95102K, committed 96512K, reserved 1134592K
  class space    used 11151K, capacity 11479K, committed 11776K, reserved 1048576K
}
{Heap before GC invocations=610 (full 5):
 PSYoungGen      total 678400K, used 673629K [0x00000000d5580000, 0x0000000100000000, 0x0000000100000000)
  eden space 658944K, 100% used [0x00000000d5580000,0x00000000fd900000,0x00000000fd900000)
  from space 19456K, 75% used [0x00000000fed00000,0x00000000ffb57718,0x0000000100000000)
  to   space 19968K, 0% used [0x00000000fd900000,0x00000000fd900000,0x00000000fec80000)
 ParOldGen       total 384000K, used 109191K [0x0000000080000000, 0x0000000097700000, 0x00000000d5580000)
  object space 384000K, 28% used [0x0000000080000000,0x0000000086aa1dc0,0x0000000097700000)
 Metaspace       used 93146K, capacity 95102K, committed 96512K, reserved 1134592K
  class space    used 11151K, capacity 11479K, committed 11776K, reserved 1048576K
2024-08-28T12:04:17.778+0600: 676165.107: [GC (Allocation Failure) [PSYoungGen: 673629K->8875K(678912K)] 782821K->118122K(1062912K), 0.0080077 secs] [Times: user=0.02 sys=0.00, real=0.01 secs] 
Heap after GC invocations=610 (full 5):
 PSYoungGen      total 678912K, used 8875K [0x00000000d5580000, 0x00000000fff80000, 0x0000000100000000)
  eden space 658944K, 0% used [0x00000000d5580000,0x00000000d5580000,0x00000000fd900000)
  from space 19968K, 44% used [0x00000000fd900000,0x00000000fe1aadb8,0x00000000fec80000)
  to   space 19456K, 0% used [0x00000000fec80000,0x00000000fec80000,0x00000000fff80000)
 ParOldGen       total 384000K, used 109247K [0x0000000080000000, 0x0000000097700000, 0x00000000d5580000)
  object space 384000K, 28% used [0x0000000080000000,0x0000000086aafd10,0x0000000097700000)
 Metaspace       used 93146K, capacity 95102K, committed 96512K, reserved 1134592K
  class space    used 11151K, capacity 11479K, committed 11776K, reserved 1048576K
}
{Heap before GC invocations=611 (full 5):
 PSYoungGen      total 678912K, used 666940K [0x00000000d5580000, 0x00000000fff80000, 0x0000000100000000)
  eden space 658944K, 99% used [0x00000000d5580000,0x00000000fd824268,0x00000000fd900000)
  from space 19968K, 44% used [0x00000000fd900000,0x00000000fe1aadb8,0x00000000fec80000)
  to   space 19456K, 0% used [0x00000000fec80000,0x00000000fec80000,0x00000000fff80000)
 ParOldGen       total 384000K, used 109247K [0x0000000080000000, 0x0000000097700000, 0x00000000d5580000)
  object space 384000K, 28% used [0x0000000080000000,0x0000000086aafd10,0x0000000097700000)
 Metaspace       used 93146K, capacity 95102K, committed 96512K, reserved 1134592K
  class space    used 11151K, capacity 11479K, committed 11776K, reserved 1048576K
2024-08-28T12:04:23.413+0600: 676170.742: [GC (Allocation Failure) [PSYoungGen: 666940K->14619K(678400K)] 776187K->123898K(1062400K), 0.0112891 secs] [Times: user=0.02 sys=0.00, real=0.01 secs] 
Heap after GC invocations=611 (full 5):
 PSYoungGen      total 678400K, used 14619K [0x00000000d5580000, 0x0000000100000000, 0x0000000100000000)
  eden space 658944K, 0% used [0x00000000d5580000,0x00000000d5580000,0x00000000fd900000)
  from space 19456K, 75% used [0x00000000fec80000,0x00000000ffac6e68,0x00000000fff80000)
  to   space 19968K, 0% used [0x00000000fd900000,0x00000000fd900000,0x00000000fec80000)
 ParOldGen       total 384000K, used 109279K [0x0000000080000000, 0x0000000097700000, 0x00000000d5580000)
  object space 384000K, 28% used [0x0000000080000000,0x0000000086ab7d10,0x0000000097700000)
 Metaspace       used 93146K, capacity 95102K, committed 96512K, reserved 1134592K
  class space    used 11151K, capacity 11479K, committed 11776K, reserved 1048576K
}
{Heap before GC invocations=612 (full 5):
 PSYoungGen      total 678400K, used 673563K [0x00000000d5580000, 0x0000000100000000, 0x0000000100000000)
  eden space 658944K, 99% used [0x00000000d5580000,0x00000000fd8fffe0,0x00000000fd900000)
  from space 19456K, 75% used [0x00000000fec80000,0x00000000ffac6e68,0x00000000fff80000)
  to   space 19968K, 0% used [0x00000000fd900000,0x00000000fd900000,0x00000000fec80000)
 ParOldGen       total 384000K, used 109279K [0x0000000080000000, 0x0000000097700000, 0x00000000d5580000)
  object space 384000K, 28% used [0x0000000080000000,0x0000000086ab7d10,0x0000000097700000)
 Metaspace       used 93146K, capacity 95102K, committed 96512K, reserved 1134592K
  class space    used 11151K, capacity 11479K, committed 11776K, reserved 1048576K
2024-08-28T12:04:27.289+0600: 676174.618: [GC (Allocation Failure) [PSYoungGen: 673563K->9163K(678912K)] 782842K->118498K(1062912K), 0.0082719 secs] [Times: user=0.02 sys=0.00, real=0.01 secs] 
Heap after GC invocations=612 (full 5):
 PSYoungGen      total 678912K, used 9163K [0x00000000d5580000, 0x00000000fff80000, 0x0000000100000000)
  eden space 658944K, 0% used [0x00000000d5580000,0x00000000d5580000,0x00000000fd900000)
  from space 19968K, 45% used [0x00000000fd900000,0x00000000fe1f2db8,0x00000000fec80000)
  to   space 19456K, 0% used [0x00000000fec80000,0x00000000fec80000,0x00000000fff80000)
 ParOldGen       total 384000K, used 109335K [0x0000000080000000, 0x0000000097700000, 0x00000000d5580000)
  object space 384000K, 28% used [0x0000000080000000,0x0000000086ac5c60,0x0000000097700000)
 Metaspace       used 93146K, capacity 95102K, committed 96512K, reserved 1134592K
  class space    used 11151K, capacity 11479K, committed 11776K, reserved 1048576K
}
{Heap before GC invocations=613 (full 5):
 PSYoungGen      total 678912K, used 665139K [0x00000000d5580000, 0x00000000fff80000, 0x0000000100000000)
  eden space 658944K, 99% used [0x00000000d5580000,0x00000000fd619f28,0x00000000fd900000)
  from space 19968K, 45% used [0x00000000fd900000,0x00000000fe1f2db8,0x00000000fec80000)
  to   space 19456K, 0% used [0x00000000fec80000,0x00000000fec80000,0x00000000fff80000)
 ParOldGen       total 384000K, used 109335K [0x0000000080000000, 0x0000000097700000, 0x00000000d5580000)
  object space 384000K, 28% used [0x0000000080000000,0x0000000086ac5c60,0x0000000097700000)
 Metaspace       used 93146K, capacity 95102K, committed 96512K, reserved 1134592K
  class space    used 11151K, capacity 11479K, committed 11776K, reserved 1048576K
2024-08-28T12:04:32.974+0600: 676180.303: [GC (Allocation Failure) [PSYoungGen: 665139K->14587K(678400K)] 774474K->123954K(1062400K), 0.0102686 secs] [Times: user=0.02 sys=0.00, real=0.01 secs] 
Heap after GC invocations=613 (full 5):
 PSYoungGen      total 678400K, used 14587K [0x00000000d5580000, 0x0000000100000000, 0x0000000100000000)
  eden space 658944K, 0% used [0x00000000d5580000,0x00000000d5580000,0x00000000fd900000)
  from space 19456K, 74% used [0x00000000fec80000,0x00000000ffabee68,0x00000000fff80000)
  to   space 19968K, 0% used [0x00000000fd900000,0x00000000fd900000,0x00000000fec80000)
 ParOldGen       total 384000K, used 109367K [0x0000000080000000, 0x0000000097700000, 0x00000000d5580000)
  object space 384000K, 28% used [0x0000000080000000,0x0000000086acdc60,0x0000000097700000)
 Metaspace       used 93146K, capacity 95102K, committed 96512K, reserved 1134592K
  class space    used 11151K, capacity 11479K, committed 11776K, reserved 1048576K
}
{Heap before GC invocations=614 (full 5):
 PSYoungGen      total 678400K, used 673531K [0x00000000d5580000, 0x0000000100000000, 0x0000000100000000)
  eden space 658944K, 100% used [0x00000000d5580000,0x00000000fd900000,0x00000000fd900000)
  from space 19456K, 74% used [0x00000000fec80000,0x00000000ffabee68,0x00000000fff80000)
  to   space 19968K, 0% used [0x00000000fd900000,0x00000000fd900000,0x00000000fec80000)
 ParOldGen       total 384000K, used 109367K [0x0000000080000000, 0x0000000097700000, 0x00000000d5580000)
  object space 384000K, 28% used [0x0000000080000000,0x0000000086acdc60,0x0000000097700000)
 Metaspace       used 93146K, capacity 95102K, committed 96512K, reserved 1134592K
  class space    used 11151K, capacity 11479K, committed 11776K, reserved 1048576K
2024-08-28T12:04:37.011+0600: 676184.340: [GC (Allocation Failure) [PSYoungGen: 673531K->8425K(678912K)] 782898K->117943K(1062912K), 0.0087364 secs] [Times: user=0.01 sys=0.00, real=0.01 secs] 
Heap after GC invocations=614 (full 5):
 PSYoungGen      total 678912K, used 8425K [0x00000000d5580000, 0x00000000fff80000, 0x0000000100000000)
  eden space 658944K, 0% used [0x00000000d5580000,0x00000000d5580000,0x00000000fd900000)
  from space 19968K, 42% used [0x00000000fd900000,0x00000000fe13a4e8,0x00000000fec80000)
  to   space 19456K, 0% used [0x00000000fec80000,0x00000000fec80000,0x00000000fff80000)
 ParOldGen       total 384000K, used 109518K [0x0000000080000000, 0x0000000097700000, 0x00000000d5580000)
  object space 384000K, 28% used [0x0000000080000000,0x0000000086af3a80,0x0000000097700000)
 Metaspace       used 93146K, capacity 95102K, committed 96512K, reserved 1134592K
  class space    used 11151K, capacity 11479K, committed 11776K, reserved 1048576K
}
{Heap before GC invocations=615 (full 5):
 PSYoungGen      total 678912K, used 664999K [0x00000000d5580000, 0x00000000fff80000, 0x0000000100000000)
  eden space 658944K, 99% used [0x00000000d5580000,0x00000000fd6afa50,0x00000000fd900000)
  from space 19968K, 42% used [0x00000000fd900000,0x00000000fe13a4e8,0x00000000fec80000)
  to   space 19456K, 0% used [0x00000000fec80000,0x00000000fec80000,0x00000000fff80000)
 ParOldGen       total 384000K, used 109518K [0x0000000080000000, 0x0000000097700000, 0x00000000d5580000)
  object space 384000K, 28% used [0x0000000080000000,0x0000000086af3a80,0x0000000097700000)
 Metaspace       used 93146K, capacity 95102K, committed 96512K, reserved 1134592K
  class space    used 11151K, capacity 11479K, committed 11776K, reserved 1048576K
2024-08-28T12:04:42.408+0600: 676189.737: [GC (Allocation Failure) [PSYoungGen: 664999K->14589K(678400K)] 774518K->124148K(1062400K), 0.0138729 secs] [Times: user=0.03 sys=0.00, real=0.02 secs] 
Heap after GC invocations=615 (full 5):
 PSYoungGen      total 678400K, used 14589K [0x00000000d5580000, 0x0000000100000000, 0x0000000100000000)
  eden space 658944K, 0% used [0x00000000d5580000,0x00000000d5580000,0x00000000fd900000)
  from space 19456K, 74% used [0x00000000fec80000,0x00000000ffabf718,0x00000000fff80000)
  to   space 19968K, 0% used [0x00000000fd900000,0x00000000fd900000,0x00000000fec80000)
 ParOldGen       total 384000K, used 109558K [0x0000000080000000, 0x0000000097700000, 0x00000000d5580000)
  object space 384000K, 28% used [0x0000000080000000,0x0000000086afd9d0,0x0000000097700000)
 Metaspace       used 93146K, capacity 95102K, committed 96512K, reserved 1134592K
  class space    used 11151K, capacity 11479K, committed 11776K, reserved 1048576K
}
{Heap before GC invocations=616 (full 5):
 PSYoungGen      total 678400K, used 672140K [0x00000000d5580000, 0x0000000100000000, 0x0000000100000000)
  eden space 658944K, 99% used [0x00000000d5580000,0x00000000fd7a3be8,0x00000000fd900000)
  from space 19456K, 74% used [0x00000000fec80000,0x00000000ffabf718,0x00000000fff80000)
  to   space 19968K, 0% used [0x00000000fd900000,0x00000000fd900000,0x00000000fec80000)
 ParOldGen       total 384000K, used 109558K [0x0000000080000000, 0x0000000097700000, 0x00000000d5580000)
  object space 384000K, 28% used [0x0000000080000000,0x0000000086afd9d0,0x0000000097700000)
 Metaspace       used 93146K, capacity 95102K, committed 96512K, reserved 1134592K
  class space    used 11151K, capacity 11479K, committed 11776K, reserved 1048576K
2024-08-28T12:04:46.678+0600: 676194.007: [GC (Allocation Failure) [PSYoungGen: 672140K->10674K(678912K)] 781699K->120264K(1062912K), 0.0123386 secs] [Times: user=0.02 sys=0.00, real=0.02 secs] 
Heap after GC invocations=616 (full 5):
 PSYoungGen      total 678912K, used 10674K [0x00000000d5580000, 0x00000000fff80000, 0x0000000100000000)
  eden space 658944K, 0% used [0x00000000d5580000,0x00000000d5580000,0x00000000fd900000)
  from space 19968K, 53% used [0x00000000fd900000,0x00000000fe36c9f0,0x00000000fec80000)
  to   space 19456K, 0% used [0x00000000fec80000,0x00000000fec80000,0x00000000fff80000)
 ParOldGen       total 384000K, used 109590K [0x0000000080000000, 0x0000000097700000, 0x00000000d5580000)
  object space 384000K, 28% used [0x0000000080000000,0x0000000086b059d0,0x0000000097700000)
 Metaspace       used 93146K, capacity 95102K, committed 96512K, reserved 1134592K
  class space    used 11151K, capacity 11479K, committed 11776K, reserved 1048576K
}
{Heap before GC invocations=617 (full 5):
 PSYoungGen      total 678912K, used 669508K [0x00000000d5580000, 0x00000000fff80000, 0x0000000100000000)
  eden space 658944K, 99% used [0x00000000d5580000,0x00000000fd8e4910,0x00000000fd900000)
  from space 19968K, 53% used [0x00000000fd900000,0x00000000fe36c9f0,0x00000000fec80000)
  to   space 19456K, 0% used [0x00000000fec80000,0x00000000fec80000,0x00000000fff80000)
 ParOldGen       total 384000K, used 109590K [0x0000000080000000, 0x0000000097700000, 0x00000000d5580000)
  object space 384000K, 28% used [0x0000000080000000,0x0000000086b059d0,0x0000000097700000)
 Metaspace       used 93146K, capacity 95102K, committed 96512K, reserved 1134592K
  class space    used 11151K, capacity 11479K, committed 11776K, reserved 1048576K
2024-08-28T12:04:52.131+0600: 676199.460: [GC (Allocation Failure) [PSYoungGen: 669508K->11014K(677888K)] 779099K->120637K(1061888K), 0.0091591 secs] [Times: user=0.02 sys=0.00, real=0.01 secs] 
Heap after GC invocations=617 (full 5):
 PSYoungGen      total 677888K, used 11014K [0x00000000d5580000, 0x00000000ffe80000, 0x0000000100000000)
  eden space 659456K, 0% used [0x00000000d5580000,0x00000000d5580000,0x00000000fd980000)
  from space 18432K, 59% used [0x00000000fec80000,0x00000000ff741b30,0x00000000ffe80000)
  to   space 18944K, 0% used [0x00000000fd980000,0x00000000fd980000,0x00000000fec00000)
 ParOldGen       total 384000K, used 109622K [0x0000000080000000, 0x0000000097700000, 0x00000000d5580000)
  object space 384000K, 28% used [0x0000000080000000,0x0000000086b0d9d0,0x0000000097700000)
 Metaspace       used 93146K, capacity 95102K, committed 96512K, reserved 1134592K
  class space    used 11151K, capacity 11479K, committed 11776K, reserved 1048576K
}
{Heap before GC invocations=618 (full 5):
 PSYoungGen      total 677888K, used 668895K [0x00000000d5580000, 0x00000000ffe80000, 0x0000000100000000)
  eden space 659456K, 99% used [0x00000000d5580000,0x00000000fd7f6228,0x00000000fd980000)
  from space 18432K, 59% used [0x00000000fec80000,0x00000000ff741b30,0x00000000ffe80000)
  to   space 18944K, 0% used [0x00000000fd980000,0x00000000fd980000,0x00000000fec00000)
 ParOldGen       total 384000K, used 109622K [0x0000000080000000, 0x0000000097700000, 0x00000000d5580000)
  object space 384000K, 28% used [0x0000000080000000,0x0000000086b0d9d0,0x0000000097700000)
 Metaspace       used 93146K, capacity 95102K, committed 96512K, reserved 1134592K
  class space    used 11151K, capacity 11479K, committed 11776K, reserved 1048576K
2024-08-28T12:04:56.553+0600: 676203.882: [GC (Allocation Failure) [PSYoungGen: 668895K->15058K(678400K)] 778517K->124728K(1062400K), 0.0152030 secs] [Times: user=0.03 sys=0.00, real=0.01 secs] 
Heap after GC invocations=618 (full 5):
 PSYoungGen      total 678400K, used 15058K [0x00000000d5580000, 0x0000000100000000, 0x0000000100000000)
  eden space 659456K, 0% used [0x00000000d5580000,0x00000000d5580000,0x00000000fd980000)
  from space 18944K, 79% used [0x00000000fd980000,0x00000000fe8348c8,0x00000000fec00000)
  to   space 19456K, 0% used [0x00000000fed00000,0x00000000fed00000,0x0000000100000000)
 ParOldGen       total 384000K, used 109670K [0x0000000080000000, 0x0000000097700000, 0x00000000d5580000)
  object space 384000K, 28% used [0x0000000080000000,0x0000000086b19920,0x0000000097700000)
 Metaspace       used 93146K, capacity 95102K, committed 96512K, reserved 1134592K
  class space    used 11151K, capacity 11479K, committed 11776K, reserved 1048576K
}
{Heap before GC invocations=619 (full 5):
 PSYoungGen      total 678400K, used 674514K [0x00000000d5580000, 0x0000000100000000, 0x0000000100000000)
  eden space 659456K, 100% used [0x00000000d5580000,0x00000000fd980000,0x00000000fd980000)
  from space 18944K, 79% used [0x00000000fd980000,0x00000000fe8348c8,0x00000000fec00000)
  to   space 19456K, 0% used [0x00000000fed00000,0x00000000fed00000,0x0000000100000000)
 ParOldGen       total 384000K, used 109670K [0x0000000080000000, 0x0000000097700000, 0x00000000d5580000)
  object space 384000K, 28% used [0x0000000080000000,0x0000000086b19920,0x0000000097700000)
 Metaspace       used 93146K, capacity 95102K, committed 96512K, reserved 1134592K
  class space    used 11151K, capacity 11479K, committed 11776K, reserved 1048576K
2024-08-28T12:05:00.171+0600: 676207.500: [GC (Allocation Failure) [PSYoungGen: 674514K->9053K(679424K)] 784184K->118763K(1063424K), 0.0079065 secs] [Times: user=0.01 sys=0.00, real=0.01 secs] 
Heap after GC invocations=619 (full 5):
 PSYoungGen      total 679424K, used 9053K [0x00000000d5580000, 0x00000000fff80000, 0x0000000100000000)
  eden space 660480K, 0% used [0x00000000d5580000,0x00000000d5580000,0x00000000fda80000)
  from space 18944K, 47% used [0x00000000fed00000,0x00000000ff5d7698,0x00000000fff80000)
  to   space 18944K, 0% used [0x00000000fda80000,0x00000000fda80000,0x00000000fed00000)
 ParOldGen       total 384000K, used 109710K [0x0000000080000000, 0x0000000097700000, 0x00000000d5580000)
  object space 384000K, 28% used [0x0000000080000000,0x0000000086b23920,0x0000000097700000)
 Metaspace       used 93146K, capacity 95102K, committed 96512K, reserved 1134592K
  class space    used 11151K, capacity 11479K, committed 11776K, reserved 1048576K
}
{Heap before GC invocations=620 (full 5):
 PSYoungGen      total 679424K, used 669533K [0x00000000d5580000, 0x00000000fff80000, 0x0000000100000000)
  eden space 660480K, 100% used [0x00000000d5580000,0x00000000fda80000,0x00000000fda80000)
  from space 18944K, 47% used [0x00000000fed00000,0x00000000ff5d7698,0x00000000fff80000)
  to   space 18944K, 0% used [0x00000000fda80000,0x00000000fda80000,0x00000000fed00000)
 ParOldGen       total 384000K, used 109710K [0x0000000080000000, 0x0000000097700000, 0x00000000d5580000)
  object space 384000K, 28% used [0x0000000080000000,0x0000000086b23920,0x0000000097700000)
 Metaspace       used 93146K, capacity 95102K, committed 96512K, reserved 1134592K
  class space    used 11151K, capacity 11479K, committed 11776K, reserved 1048576K
2024-08-28T12:05:05.887+0600: 676213.216: [GC (Allocation Failure) [PSYoungGen: 669533K->11150K(679424K)] 779243K->120884K(1063424K), 0.0104033 secs] [Times: user=0.02 sys=0.00, real=0.01 secs] 
Heap after GC invocations=620 (full 5):
 PSYoungGen      total 679424K, used 11150K [0x00000000d5580000, 0x00000000fff00000, 0x0000000100000000)
  eden space 660480K, 0% used [0x00000000d5580000,0x00000000d5580000,0x00000000fda80000)
  from space 18944K, 58% used [0x00000000fda80000,0x00000000fe563810,0x00000000fed00000)
  to   space 18432K, 0% used [0x00000000fed00000,0x00000000fed00000,0x00000000fff00000)
 ParOldGen       total 384000K, used 109734K [0x0000000080000000, 0x0000000097700000, 0x00000000d5580000)
  object space 384000K, 28% used [0x0000000080000000,0x0000000086b29920,0x0000000097700000)
 Metaspace       used 93146K, capacity 95102K, committed 96512K, reserved 1134592K
  class space    used 11151K, capacity 11479K, committed 11776K, reserved 1048576K
}
{Heap before GC invocations=621 (full 5):
 PSYoungGen      total 679424K, used 671630K [0x00000000d5580000, 0x00000000fff00000, 0x0000000100000000)
  eden space 660480K, 100% used [0x00000000d5580000,0x00000000fda80000,0x00000000fda80000)
  from space 18944K, 58% used [0x00000000fda80000,0x00000000fe563810,0x00000000fed00000)
  to   space 18432K, 0% used [0x00000000fed00000,0x00000000fed00000,0x00000000fff00000)
 ParOldGen       total 384000K, used 109734K [0x0000000080000000, 0x0000000097700000, 0x00000000d5580000)
  object space 384000K, 28% used [0x0000000080000000,0x0000000086b29920,0x0000000097700000)
 Metaspace       used 93146K, capacity 95102K, committed 96512K, reserved 1134592K
  class space    used 11151K, capacity 11479K, committed 11776K, reserved 1048576K
2024-08-28T12:05:09.605+0600: 676216.934: [GC (Allocation Failure) [PSYoungGen: 671630K->8779K(679424K)] 781364K->118625K(1063424K), 0.0078571 secs] [Times: user=0.02 sys=0.00, real=0.01 secs] 
Heap after GC invocations=621 (full 5):
 PSYoungGen      total 679424K, used 8779K [0x00000000d5580000, 0x00000000fff80000, 0x0000000100000000)
  eden space 660992K, 0% used [0x00000000d5580000,0x00000000d5580000,0x00000000fdb00000)
  from space 18432K, 47% used [0x00000000fed00000,0x00000000ff592dc8,0x00000000fff00000)
  to   space 18432K, 0% used [0x00000000fdb00000,0x00000000fdb00000,0x00000000fed00000)
 ParOldGen       total 384000K, used 109846K [0x0000000080000000, 0x0000000097700000, 0x00000000d5580000)
  object space 384000K, 28% used [0x0000000080000000,0x0000000086b458a0,0x0000000097700000)
 Metaspace       used 93146K, capacity 95102K, committed 96512K, reserved 1134592K
  class space    used 11151K, capacity 11479K, committed 11776K, reserved 1048576K
}
{Heap before GC invocations=622 (full 5):
 PSYoungGen      total 679424K, used 667500K [0x00000000d5580000, 0x00000000fff80000, 0x0000000100000000)
  eden space 660992K, 99% used [0x00000000d5580000,0x00000000fd8c8350,0x00000000fdb00000)
  from space 18432K, 47% used [0x00000000fed00000,0x00000000ff592dc8,0x00000000fff00000)
  to   space 18432K, 0% used [0x00000000fdb00000,0x00000000fdb00000,0x00000000fed00000)
 ParOldGen       total 384000K, used 109846K [0x0000000080000000, 0x0000000097700000, 0x00000000d5580000)
  object space 384000K, 28% used [0x0000000080000000,0x0000000086b458a0,0x0000000097700000)
 Metaspace       used 93146K, capacity 95102K, committed 96512K, reserved 1134592K
  class space    used 11151K, capacity 11479K, committed 11776K, reserved 1048576K
2024-08-28T12:05:15.169+0600: 676222.498: [GC (Allocation Failure) [PSYoungGen: 667500K->14651K(679424K)] 777346K->124521K(1063424K), 0.0111208 secs] [Times: user=0.02 sys=0.01, real=0.01 secs] 
Heap after GC invocations=622 (full 5):
 PSYoungGen      total 679424K, used 14651K [0x00000000d5580000, 0x0000000100000000, 0x0000000100000000)
  eden space 660992K, 0% used [0x00000000d5580000,0x00000000d5580000,0x00000000fdb00000)
  from space 18432K, 79% used [0x00000000fdb00000,0x00000000fe94ee78,0x00000000fed00000)
  to   space 18944K, 0% used [0x00000000fed80000,0x00000000fed80000,0x0000000100000000)
 ParOldGen       total 384000K, used 109870K [0x0000000080000000, 0x0000000097700000, 0x00000000d5580000)
  object space 384000K, 28% used [0x0000000080000000,0x0000000086b4b8a0,0x0000000097700000)
 Metaspace       used 93146K, capacity 95102K, committed 96512K, reserved 1134592K
  class space    used 11151K, capacity 11479K, committed 11776K, reserved 1048576K
}
{Heap before GC invocations=623 (full 5):
 PSYoungGen      total 679424K, used 675643K [0x00000000d5580000, 0x0000000100000000, 0x0000000100000000)
  eden space 660992K, 100% used [0x00000000d5580000,0x00000000fdb00000,0x00000000fdb00000)
  from space 18432K, 79% used [0x00000000fdb00000,0x00000000fe94ee78,0x00000000fed00000)
  to   space 18944K, 0% used [0x00000000fed80000,0x00000000fed80000,0x0000000100000000)
 ParOldGen       total 384000K, used 109920K [0x0000000080000000, 0x0000000097700000, 0x00000000d5580000)
  object space 384000K, 28% used [0x0000000080000000,0x0000000086b582d8,0x0000000097700000)
 Metaspace       used 93146K, capacity 95102K, committed 96512K, reserved 1134592K
  class space    used 11151K, capacity 11479K, committed 11776K, reserved 1048576K
2024-08-28T12:05:19.001+0600: 676226.330: [GC (GCLocker Initiated GC) [PSYoungGen: 675643K->8651K(679936K)] 785564K->118739K(1063936K), 0.0080890 secs] [Times: user=0.02 sys=0.00, real=0.01 secs] 
Heap after GC invocations=623 (full 5):
 PSYoungGen      total 679936K, used 8651K [0x00000000d5580000, 0x00000000fff80000, 0x0000000100000000)
  eden space 661504K, 0% used [0x00000000d5580000,0x00000000d5580000,0x00000000fdb80000)
  from space 18432K, 46% used [0x00000000fed80000,0x00000000ff5f2db8,0x00000000fff80000)
  to   space 18432K, 0% used [0x00000000fdb80000,0x00000000fdb80000,0x00000000fed80000)
 ParOldGen       total 384000K, used 110088K [0x0000000080000000, 0x0000000097700000, 0x00000000d5580000)
  object space 384000K, 28% used [0x0000000080000000,0x0000000086b82048,0x0000000097700000)
 Metaspace       used 93146K, capacity 95102K, committed 96512K, reserved 1134592K
  class space    used 11151K, capacity 11479K, committed 11776K, reserved 1048576K
}
{Heap before GC invocations=624 (full 5):
 PSYoungGen      total 679936K, used 670155K [0x00000000d5580000, 0x00000000fff80000, 0x0000000100000000)
  eden space 661504K, 100% used [0x00000000d5580000,0x00000000fdb80000,0x00000000fdb80000)
  from space 18432K, 46% used [0x00000000fed80000,0x00000000ff5f2db8,0x00000000fff80000)
  to   space 18432K, 0% used [0x00000000fdb80000,0x00000000fdb80000,0x00000000fed80000)
 ParOldGen       total 384000K, used 195305K [0x0000000080000000, 0x0000000097700000, 0x00000000d5580000)
  object space 384000K, 50% used [0x0000000080000000,0x000000008beba708,0x0000000097700000)
 Metaspace       used 93146K, capacity 95102K, committed 96512K, reserved 1134592K
  class space    used 11151K, capacity 11479K, committed 11776K, reserved 1048576K
2024-08-28T12:05:25.148+0600: 676232.477: [GC (Allocation Failure) [PSYoungGen: 670155K->6953K(679936K)] 865461K->202347K(1063936K), 0.0125197 secs] [Times: user=0.02 sys=0.00, real=0.02 secs] 
Heap after GC invocations=624 (full 5):
 PSYoungGen      total 679936K, used 6953K [0x00000000d5580000, 0x0000000100000000, 0x0000000100000000)
  eden space 661504K, 0% used [0x00000000d5580000,0x00000000d5580000,0x00000000fdb80000)
  from space 18432K, 37% used [0x00000000fdb80000,0x00000000fe24a4f8,0x00000000fed80000)
  to   space 18944K, 0% used [0x00000000fed80000,0x00000000fed80000,0x0000000100000000)
 ParOldGen       total 384000K, used 195393K [0x0000000080000000, 0x0000000097700000, 0x00000000d5580000)
  object space 384000K, 50% used [0x0000000080000000,0x000000008bed0738,0x0000000097700000)
 Metaspace       used 93146K, capacity 95102K, committed 96512K, reserved 1134592K
  class space    used 11151K, capacity 11479K, committed 11776K, reserved 1048576K
}
{Heap before GC invocations=625 (full 5):
 PSYoungGen      total 679936K, used 668457K [0x00000000d5580000, 0x0000000100000000, 0x0000000100000000)
  eden space 661504K, 100% used [0x00000000d5580000,0x00000000fdb80000,0x00000000fdb80000)
  from space 18432K, 37% used [0x00000000fdb80000,0x00000000fe24a4f8,0x00000000fed80000)
  to   space 18944K, 0% used [0x00000000fed80000,0x00000000fed80000,0x0000000100000000)
 ParOldGen       total 384000K, used 195393K [0x0000000080000000, 0x0000000097700000, 0x00000000d5580000)
  object space 384000K, 50% used [0x0000000080000000,0x000000008bed0738,0x0000000097700000)
 Metaspace       used 93146K, capacity 95102K, committed 96512K, reserved 1134592K
  class space    used 11151K, capacity 11479K, committed 11776K, reserved 1048576K
2024-08-28T12:05:29.019+0600: 676236.348: [GC (Allocation Failure) [PSYoungGen: 668457K->9065K(679936K)] 863851K->204554K(1063936K), 0.0087993 secs] [Times: user=0.01 sys=0.00, real=0.00 secs] 
Heap after GC invocations=625 (full 5):
 PSYoungGen      total 679936K, used 9065K [0x00000000d5580000, 0x00000000fff80000, 0x0000000100000000)
  eden space 661504K, 0% used [0x00000000d5580000,0x00000000d5580000,0x00000000fdb80000)
  from space 18432K, 49% used [0x00000000fed80000,0x00000000ff65a4e8,0x00000000fff80000)
  to   space 18432K, 0% used [0x00000000fdb80000,0x00000000fdb80000,0x00000000fed80000)
 ParOldGen       total 384000K, used 195489K [0x0000000080000000, 0x0000000097700000, 0x00000000d5580000)
  object space 384000K, 50% used [0x0000000080000000,0x000000008bee8528,0x0000000097700000)
 Metaspace       used 93146K, capacity 95102K, committed 96512K, reserved 1134592K
  class space    used 11151K, capacity 11479K, committed 11776K, reserved 1048576K
}
{Heap before GC invocations=626 (full 5):
 PSYoungGen      total 679936K, used 669873K [0x00000000d5580000, 0x00000000fff80000, 0x0000000100000000)
  eden space 661504K, 99% used [0x00000000d5580000,0x00000000fdad22e8,0x00000000fdb80000)
  from space 18432K, 49% used [0x00000000fed80000,0x00000000ff65a4e8,0x00000000fff80000)
  to   space 18432K, 0% used [0x00000000fdb80000,0x00000000fdb80000,0x00000000fed80000)
 ParOldGen       total 384000K, used 195489K [0x0000000080000000, 0x0000000097700000, 0x00000000d5580000)
  object space 384000K, 50% used [0x0000000080000000,0x000000008bee8528,0x0000000097700000)
 Metaspace       used 93146K, capacity 95102K, committed 96512K, reserved 1134592K
  class space    used 11151K, capacity 11479K, committed 11776K, reserved 1048576K
2024-08-28T12:05:34.639+0600: 676241.968: [GC (Allocation Failure) [PSYoungGen: 669873K->14525K(679936K)] 865363K->210054K(1063936K), 0.0140152 secs] [Times: user=0.03 sys=0.00, real=0.01 secs] 
Heap after GC invocations=626 (full 5):
 PSYoungGen      total 679936K, used 14525K [0x00000000d5580000, 0x0000000100000000, 0x0000000100000000)
  eden space 661504K, 0% used [0x00000000d5580000,0x00000000d5580000,0x00000000fdb80000)
  from space 18432K, 78% used [0x00000000fdb80000,0x00000000fe9af718,0x00000000fed80000)
  to   space 18944K, 0% used [0x00000000fed80000,0x00000000fed80000,0x0000000100000000)
 ParOldGen       total 384000K, used 195529K [0x0000000080000000, 0x0000000097700000, 0x00000000d5580000)
  object space 384000K, 50% used [0x0000000080000000,0x000000008bef2478,0x0000000097700000)
 Metaspace       used 93146K, capacity 95102K, committed 96512K, reserved 1134592K
  class space    used 11151K, capacity 11479K, committed 11776K, reserved 1048576K
}
{Heap before GC invocations=627 (full 5):
 PSYoungGen      total 679936K, used 676029K [0x00000000d5580000, 0x0000000100000000, 0x0000000100000000)
  eden space 661504K, 100% used [0x00000000d5580000,0x00000000fdb80000,0x00000000fdb80000)
  from space 18432K, 78% used [0x00000000fdb80000,0x00000000fe9af718,0x00000000fed80000)
  to   space 18944K, 0% used [0x00000000fed80000,0x00000000fed80000,0x0000000100000000)
 ParOldGen       total 384000K, used 195529K [0x0000000080000000, 0x0000000097700000, 0x00000000d5580000)
  object space 384000K, 50% used [0x0000000080000000,0x000000008bef2478,0x0000000097700000)
 Metaspace       used 93146K, capacity 95102K, committed 96512K, reserved 1134592K
  class space    used 11151K, capacity 11479K, committed 11776K, reserved 1048576K
2024-08-28T12:05:38.749+0600: 676246.078: [GC (Allocation Failure) [PSYoungGen: 676029K->8457K(679936K)] 871558K->204010K(1063936K), 0.0079881 secs] [Times: user=0.01 sys=0.00, real=0.01 secs] 
Heap after GC invocations=627 (full 5):
 PSYoungGen      total 679936K, used 8457K [0x00000000d5580000, 0x00000000fff80000, 0x0000000100000000)
  eden space 661504K, 0% used [0x00000000d5580000,0x00000000d5580000,0x00000000fdb80000)
  from space 18432K, 45% used [0x00000000fed80000,0x00000000ff5c24e8,0x00000000fff80000)
  to   space 18432K, 0% used [0x00000000fdb80000,0x00000000fdb80000,0x00000000fed80000)
 ParOldGen       total 384000K, used 195553K [0x0000000080000000, 0x0000000097700000, 0x00000000d5580000)
  object space 384000K, 50% used [0x0000000080000000,0x000000008bef8478,0x0000000097700000)
 Metaspace       used 93146K, capacity 95102K, committed 96512K, reserved 1134592K
  class space    used 11151K, capacity 11479K, committed 11776K, reserved 1048576K
}
{Heap before GC invocations=628 (full 5):
 PSYoungGen      total 679936K, used 669632K [0x00000000d5580000, 0x00000000fff80000, 0x0000000100000000)
  eden space 661504K, 99% used [0x00000000d5580000,0x00000000fdb2dbe0,0x00000000fdb80000)
  from space 18432K, 45% used [0x00000000fed80000,0x00000000ff5c24e8,0x00000000fff80000)
  to   space 18432K, 0% used [0x00000000fdb80000,0x00000000fdb80000,0x00000000fed80000)
 ParOldGen       total 384000K, used 195553K [0x0000000080000000, 0x0000000097700000, 0x00000000d5580000)
  object space 384000K, 50% used [0x0000000080000000,0x000000008bef8478,0x0000000097700000)
 Metaspace       used 93149K, capacity 95102K, committed 96512K, reserved 1134592K
  class space    used 11151K, capacity 11479K, committed 11776K, reserved 1048576K
2024-08-28T12:05:44.113+0600: 676251.442: [GC (Allocation Failure) [PSYoungGen: 669632K->15110K(676864K)] 865185K->210695K(1060864K), 0.0147943 secs] [Times: user=0.03 sys=0.00, real=0.01 secs] 
Heap after GC invocations=628 (full 5):
 PSYoungGen      total 676864K, used 15110K [0x00000000d5580000, 0x0000000100000000, 0x0000000100000000)
  eden space 661504K, 0% used [0x00000000d5580000,0x00000000d5580000,0x00000000fdb80000)
  from space 15360K, 98% used [0x00000000fdb80000,0x00000000fea41a38,0x00000000fea80000)
  to   space 19456K, 0% used [0x00000000fed00000,0x00000000fed00000,0x0000000100000000)
 ParOldGen       total 384000K, used 195585K [0x0000000080000000, 0x0000000097700000, 0x00000000d5580000)
  object space 384000K, 50% used [0x0000000080000000,0x000000008bf00478,0x0000000097700000)
 Metaspace       used 93149K, capacity 95102K, committed 96512K, reserved 1134592K
  class space    used 11151K, capacity 11479K, committed 11776K, reserved 1048576K
}
{Heap before GC invocations=629 (full 5):
 PSYoungGen      total 676864K, used 674132K [0x00000000d5580000, 0x0000000100000000, 0x0000000100000000)
  eden space 661504K, 99% used [0x00000000d5580000,0x00000000fd9136f0,0x00000000fdb80000)
  from space 15360K, 98% used [0x00000000fdb80000,0x00000000fea41a38,0x00000000fea80000)
  to   space 19456K, 0% used [0x00000000fed00000,0x00000000fed00000,0x0000000100000000)
 ParOldGen       total 384000K, used 195585K [0x0000000080000000, 0x0000000097700000, 0x00000000d5580000)
  object space 384000K, 50% used [0x0000000080000000,0x000000008bf00478,0x0000000097700000)
 Metaspace       used 93149K, capacity 95102K, committed 96512K, reserved 1134592K
  class space    used 11151K, capacity 11479K, committed 11776K, reserved 1048576K
2024-08-28T12:05:48.272+0600: 676255.601: [GC (Allocation Failure) [PSYoungGen: 674132K->14672K(678400K)] 869717K->210297K(1062400K), 0.0144915 secs] [Times: user=0.03 sys=0.00, real=0.01 secs] 
Heap after GC invocations=629 (full 5):
 PSYoungGen      total 678400K, used 14672K [0x00000000d5580000, 0x0000000100000000, 0x0000000100000000)
  eden space 658944K, 0% used [0x00000000d5580000,0x00000000d5580000,0x00000000fd900000)
  from space 19456K, 75% used [0x00000000fed00000,0x00000000ffb54188,0x0000000100000000)
  to   space 19968K, 0% used [0x00000000fd900000,0x00000000fd900000,0x00000000fec80000)
 ParOldGen       total 384000K, used 195624K [0x0000000080000000, 0x0000000097700000, 0x00000000d5580000)
  object space 384000K, 50% used [0x0000000080000000,0x000000008bf0a3c8,0x0000000097700000)
 Metaspace       used 93149K, capacity 95102K, committed 96512K, reserved 1134592K
  class space    used 11151K, capacity 11479K, committed 11776K, reserved 1048576K
}
{Heap before GC invocations=630 (full 5):
 PSYoungGen      total 678400K, used 670663K [0x00000000d5580000, 0x0000000100000000, 0x0000000100000000)
  eden space 658944K, 99% used [0x00000000d5580000,0x00000000fd61dd90,0x00000000fd900000)
  from space 19456K, 75% used [0x00000000fed00000,0x00000000ffb54188,0x0000000100000000)
  to   space 19968K, 0% used [0x00000000fd900000,0x00000000fd900000,0x00000000fec80000)
 ParOldGen       total 384000K, used 195624K [0x0000000080000000, 0x0000000097700000, 0x00000000d5580000)
  object space 384000K, 50% used [0x0000000080000000,0x000000008bf0a3c8,0x0000000097700000)
 Metaspace       used 93150K, capacity 95102K, committed 96512K, reserved 1134592K
  class space    used 11151K, capacity 11479K, committed 11776K, reserved 1048576K
2024-08-28T12:05:53.422+0600: 676260.751: [GC (Allocation Failure) [PSYoungGen: 670663K->14557K(678912K)] 866288K->210214K(1062912K), 0.0132234 secs] [Times: user=0.02 sys=0.01, real=0.01 secs] 
Heap after GC invocations=630 (full 5):
 PSYoungGen      total 678912K, used 14557K [0x00000000d5580000, 0x0000000100000000, 0x0000000100000000)
  eden space 658944K, 0% used [0x00000000d5580000,0x00000000d5580000,0x00000000fd900000)
  from space 19968K, 72% used [0x00000000fd900000,0x00000000fe737718,0x00000000fec80000)
  to   space 19968K, 0% used [0x00000000fec80000,0x00000000fec80000,0x0000000100000000)
 ParOldGen       total 384000K, used 195656K [0x0000000080000000, 0x0000000097700000, 0x00000000d5580000)
  object space 384000K, 50% used [0x0000000080000000,0x000000008bf123c8,0x0000000097700000)
 Metaspace       used 93150K, capacity 95102K, committed 96512K, reserved 1134592K
  class space    used 11151K, capacity 11479K, committed 11776K, reserved 1048576K
}
{Heap before GC invocations=631 (full 5):
 PSYoungGen      total 678912K, used 673463K [0x00000000d5580000, 0x0000000100000000, 0x0000000100000000)
  eden space 658944K, 99% used [0x00000000d5580000,0x00000000fd8f6760,0x00000000fd900000)
  from space 19968K, 72% used [0x00000000fd900000,0x00000000fe737718,0x00000000fec80000)
  to   space 19968K, 0% used [0x00000000fec80000,0x00000000fec80000,0x0000000100000000)
 ParOldGen       total 384000K, used 195656K [0x0000000080000000, 0x0000000097700000, 0x00000000d5580000)
  object space 384000K, 50% used [0x0000000080000000,0x000000008bf123c8,0x0000000097700000)
 Metaspace       used 93150K, capacity 95102K, committed 96512K, reserved 1134592K
  class space    used 11151K, capacity 11479K, committed 11776K, reserved 1048576K
2024-08-28T12:05:57.690+0600: 676265.019: [GC (Allocation Failure) [PSYoungGen: 673463K->14427K(677888K)] 869120K->210108K(1061888K), 0.0128970 secs] [Times: user=0.02 sys=0.00, real=0.01 secs] 
Heap after GC invocations=631 (full 5):
 PSYoungGen      total 677888K, used 14427K [0x00000000d5580000, 0x0000000100000000, 0x0000000100000000)
  eden space 657920K, 0% used [0x00000000d5580000,0x00000000d5580000,0x00000000fd800000)
  from space 19968K, 72% used [0x00000000fec80000,0x00000000ffa96e58,0x0000000100000000)
  to   space 20480K, 0% used [0x00000000fd800000,0x00000000fd800000,0x00000000fec00000)
 ParOldGen       total 384000K, used 195680K [0x0000000080000000, 0x0000000097700000, 0x00000000d5580000)
  object space 384000K, 50% used [0x0000000080000000,0x000000008bf183c8,0x0000000097700000)
 Metaspace       used 93150K, capacity 95102K, committed 96512K, reserved 1134592K
  class space    used 11151K, capacity 11479K, committed 11776K, reserved 1048576K
}
{Heap before GC invocations=632 (full 5):
 PSYoungGen      total 677888K, used 672347K [0x00000000d5580000, 0x0000000100000000, 0x0000000100000000)
  eden space 657920K, 100% used [0x00000000d5580000,0x00000000fd800000,0x00000000fd800000)
  from space 19968K, 72% used [0x00000000fec80000,0x00000000ffa96e58,0x0000000100000000)
  to   space 20480K, 0% used [0x00000000fd800000,0x00000000fd800000,0x00000000fec00000)
 ParOldGen       total 384000K, used 195680K [0x0000000080000000, 0x0000000097700000, 0x00000000d5580000)
  object space 384000K, 50% used [0x0000000080000000,0x000000008bf183c8,0x0000000097700000)
 Metaspace       used 93150K, capacity 95102K, committed 96512K, reserved 1134592K
  class space    used 11151K, capacity 11479K, committed 11776K, reserved 1048576K
2024-08-28T12:06:01.420+0600: 676268.749: [GC (Allocation Failure) [PSYoungGen: 672347K->8843K(678400K)] 868028K->204644K(1062400K), 0.0081934 secs] [Times: user=0.02 sys=0.00, real=0.00 secs] 
Heap after GC invocations=632 (full 5):
 PSYoungGen      total 678400K, used 8843K [0x00000000d5580000, 0x00000000fff80000, 0x0000000100000000)
  eden space 657920K, 0% used [0x00000000d5580000,0x00000000d5580000,0x00000000fd800000)
  from space 20480K, 43% used [0x00000000fd800000,0x00000000fe0a2db8,0x00000000fec00000)
  to   space 19968K, 0% used [0x00000000fec00000,0x00000000fec00000,0x00000000fff80000)
 ParOldGen       total 384000K, used 195800K [0x0000000080000000, 0x0000000097700000, 0x00000000d5580000)
  object space 384000K, 50% used [0x0000000080000000,0x000000008bf36348,0x0000000097700000)
 Metaspace       used 93150K, capacity 95102K, committed 96512K, reserved 1134592K
  class space    used 11151K, capacity 11479K, committed 11776K, reserved 1048576K
}
{Heap before GC invocations=633 (full 5):
 PSYoungGen      total 678400K, used 665630K [0x00000000d5580000, 0x00000000fff80000, 0x0000000100000000)
  eden space 657920K, 99% used [0x00000000d5580000,0x00000000fd6e4c38,0x00000000fd800000)
  from space 20480K, 43% used [0x00000000fd800000,0x00000000fe0a2db8,0x00000000fec00000)
  to   space 19968K, 0% used [0x00000000fec00000,0x00000000fec00000,0x00000000fff80000)
 ParOldGen       total 384000K, used 195800K [0x0000000080000000, 0x0000000097700000, 0x00000000d5580000)
  object space 384000K, 50% used [0x0000000080000000,0x000000008bf36348,0x0000000097700000)
 Metaspace       used 93150K, capacity 95102K, committed 96512K, reserved 1134592K
  class space    used 11151K, capacity 11479K, committed 11776K, reserved 1048576K
2024-08-28T12:06:07.312+0600: 676274.641: [GC (Allocation Failure) [PSYoungGen: 665630K->14430K(677888K)] 861431K->210366K(1061888K), 0.0145569 secs] [Times: user=0.03 sys=0.00, real=0.01 secs] 
Heap after GC invocations=633 (full 5):
 PSYoungGen      total 677888K, used 14430K [0x00000000d5580000, 0x0000000100000000, 0x0000000100000000)
  eden space 657920K, 0% used [0x00000000d5580000,0x00000000d5580000,0x00000000fd800000)
  from space 19968K, 72% used [0x00000000fec00000,0x00000000ffa179a0,0x00000000fff80000)
  to   space 20480K, 0% used [0x00000000fd800000,0x00000000fd800000,0x00000000fec00000)
 ParOldGen       total 384000K, used 195935K [0x0000000080000000, 0x0000000097700000, 0x00000000d5580000)
  object space 384000K, 51% used [0x0000000080000000,0x000000008bf57fd8,0x0000000097700000)
 Metaspace       used 93150K, capacity 95102K, committed 96512K, reserved 1134592K
  class space    used 11151K, capacity 11479K, committed 11776K, reserved 1048576K
}
{Heap before GC invocations=634 (full 5):
 PSYoungGen      total 677888K, used 672350K [0x00000000d5580000, 0x0000000100000000, 0x0000000100000000)
  eden space 657920K, 100% used [0x00000000d5580000,0x00000000fd800000,0x00000000fd800000)
  from space 19968K, 72% used [0x00000000fec00000,0x00000000ffa179a0,0x00000000fff80000)
  to   space 20480K, 0% used [0x00000000fd800000,0x00000000fd800000,0x00000000fec00000)
 ParOldGen       total 384000K, used 195935K [0x0000000080000000, 0x0000000097700000, 0x00000000d5580000)
  object space 384000K, 51% used [0x0000000080000000,0x000000008bf57fd8,0x0000000097700000)
 Metaspace       used 93150K, capacity 95102K, committed 96512K, reserved 1134592K
  class space    used 11151K, capacity 11479K, committed 11776K, reserved 1048576K
2024-08-28T12:06:11.115+0600: 676278.444: [GC (Allocation Failure) [PSYoungGen: 672350K->8651K(678400K)] 868286K->204635K(1062400K), 0.0083150 secs] [Times: user=0.02 sys=0.01, real=0.01 secs] 
Heap after GC invocations=634 (full 5):
 PSYoungGen      total 678400K, used 8651K [0x00000000d5580000, 0x00000000fff80000, 0x0000000100000000)
  eden space 657920K, 0% used [0x00000000d5580000,0x00000000d5580000,0x00000000fd800000)
  from space 20480K, 42% used [0x00000000fd800000,0x00000000fe072da8,0x00000000fec00000)
  to   space 19968K, 0% used [0x00000000fec00000,0x00000000fec00000,0x00000000fff80000)
 ParOldGen       total 384000K, used 195983K [0x0000000080000000, 0x0000000097700000, 0x00000000d5580000)
  object space 384000K, 51% used [0x0000000080000000,0x000000008bf63f28,0x0000000097700000)
 Metaspace       used 93150K, capacity 95102K, committed 96512K, reserved 1134592K
  class space    used 11151K, capacity 11479K, committed 11776K, reserved 1048576K
}
{Heap before GC invocations=635 (full 5):
 PSYoungGen      total 678400K, used 663048K [0x00000000d5580000, 0x00000000fff80000, 0x0000000100000000)
  eden space 657920K, 99% used [0x00000000d5580000,0x00000000fd48f610,0x00000000fd800000)
  from space 20480K, 42% used [0x00000000fd800000,0x00000000fe072da8,0x00000000fec00000)
  to   space 19968K, 0% used [0x00000000fec00000,0x00000000fec00000,0x00000000fff80000)
 ParOldGen       total 384000K, used 195983K [0x0000000080000000, 0x0000000097700000, 0x00000000d5580000)
  object space 384000K, 51% used [0x0000000080000000,0x000000008bf63f28,0x0000000097700000)
 Metaspace       used 93150K, capacity 95102K, committed 96512K, reserved 1134592K
  class space    used 11151K, capacity 11479K, committed 11776K, reserved 1048576K
2024-08-28T12:06:17.161+0600: 676284.490: [GC (Allocation Failure) [PSYoungGen: 663048K->10610K(677376K)] 859032K->206618K(1061376K), 0.0153144 secs] [Times: user=0.03 sys=0.00, real=0.01 secs] 
Heap after GC invocations=635 (full 5):
 PSYoungGen      total 677376K, used 10610K [0x00000000d5580000, 0x00000000ffe80000, 0x0000000100000000)
  eden space 658432K, 0% used [0x00000000d5580000,0x00000000d5580000,0x00000000fd880000)
  from space 18944K, 56% used [0x00000000fec00000,0x00000000ff65c9a0,0x00000000ffe80000)
  to   space 19456K, 0% used [0x00000000fd880000,0x00000000fd880000,0x00000000feb80000)
 ParOldGen       total 384000K, used 196007K [0x0000000080000000, 0x0000000097700000, 0x00000000d5580000)
  object space 384000K, 51% used [0x0000000080000000,0x000000008bf69f28,0x0000000097700000)
 Metaspace       used 93150K, capacity 95102K, committed 96512K, reserved 1134592K
  class space    used 11151K, capacity 11479K, committed 11776K, reserved 1048576K
}
{Heap before GC invocations=636 (full 5):
 PSYoungGen      total 677376K, used 669042K [0x00000000d5580000, 0x00000000ffe80000, 0x0000000100000000)
  eden space 658432K, 100% used [0x00000000d5580000,0x00000000fd880000,0x00000000fd880000)
  from space 18944K, 56% used [0x00000000fec00000,0x00000000ff65c9a0,0x00000000ffe80000)
  to   space 19456K, 0% used [0x00000000fd880000,0x00000000fd880000,0x00000000feb80000)
 ParOldGen       total 384000K, used 196007K [0x0000000080000000, 0x0000000097700000, 0x00000000d5580000)
  object space 384000K, 51% used [0x0000000080000000,0x000000008bf69f28,0x0000000097700000)
 Metaspace       used 93150K, capacity 95102K, committed 96512K, reserved 1134592K
  class space    used 11151K, capacity 11479K, committed 11776K, reserved 1048576K
2024-08-28T12:06:21.210+0600: 676288.539: [GC (Allocation Failure) [PSYoungGen: 669042K->8905K(677888K)] 865050K->205001K(1061888K), 0.0091651 secs] [Times: user=0.02 sys=0.00, real=0.01 secs] 
Heap after GC invocations=636 (full 5):
 PSYoungGen      total 677888K, used 8905K [0x00000000d5580000, 0x00000000fff80000, 0x0000000100000000)
  eden space 658432K, 0% used [0x00000000d5580000,0x00000000d5580000,0x00000000fd880000)
  from space 19456K, 45% used [0x00000000fd880000,0x00000000fe1324e8,0x00000000feb80000)
  to   space 18944K, 0% used [0x00000000fed00000,0x00000000fed00000,0x00000000fff80000)
 ParOldGen       total 384000K, used 196095K [0x0000000080000000, 0x0000000097700000, 0x00000000d5580000)
  object space 384000K, 51% used [0x0000000080000000,0x000000008bf7ff58,0x0000000097700000)
 Metaspace       used 93150K, capacity 95102K, committed 96512K, reserved 1134592K
  class space    used 11151K, capacity 11479K, committed 11776K, reserved 1048576K
}
{Heap before GC invocations=637 (full 5):
 PSYoungGen      total 677888K, used 664237K [0x00000000d5580000, 0x00000000fff80000, 0x0000000100000000)
  eden space 658432K, 99% used [0x00000000d5580000,0x00000000fd5791c8,0x00000000fd880000)
  from space 19456K, 45% used [0x00000000fd880000,0x00000000fe1324e8,0x00000000feb80000)
  to   space 18944K, 0% used [0x00000000fed00000,0x00000000fed00000,0x00000000fff80000)
 ParOldGen       total 384000K, used 196095K [0x0000000080000000, 0x0000000097700000, 0x00000000d5580000)
  object space 384000K, 51% used [0x0000000080000000,0x000000008bf7ff58,0x0000000097700000)
 Metaspace       used 93150K, capacity 95102K, committed 96512K, reserved 1134592K
  class space    used 11151K, capacity 11479K, committed 11776K, reserved 1048576K
2024-08-28T12:06:26.698+0600: 676294.027: [GC (Allocation Failure) [PSYoungGen: 664237K->14429K(678912K)] 860333K->210565K(1062912K), 0.0132751 secs] [Times: user=0.02 sys=0.00, real=0.02 secs] 
Heap after GC invocations=637 (full 5):
 PSYoungGen      total 678912K, used 14429K [0x00000000d5580000, 0x0000000100000000, 0x0000000100000000)
  eden space 659968K, 0% used [0x00000000d5580000,0x00000000d5580000,0x00000000fda00000)
  from space 18944K, 76% used [0x00000000fed00000,0x00000000ffb17718,0x00000000fff80000)
  to   space 19456K, 0% used [0x00000000fda00000,0x00000000fda00000,0x00000000fed00000)
 ParOldGen       total 384000K, used 196135K [0x0000000080000000, 0x0000000097700000, 0x00000000d5580000)
  object space 384000K, 51% used [0x0000000080000000,0x000000008bf89ea8,0x0000000097700000)
 Metaspace       used 93150K, capacity 95102K, committed 96512K, reserved 1134592K
  class space    used 11151K, capacity 11479K, committed 11776K, reserved 1048576K
}
{Heap before GC invocations=638 (full 5):
 PSYoungGen      total 678912K, used 669562K [0x00000000d5580000, 0x0000000100000000, 0x0000000100000000)
  eden space 659968K, 99% used [0x00000000d5580000,0x00000000fd547120,0x00000000fda00000)
  from space 18944K, 76% used [0x00000000fed00000,0x00000000ffb17718,0x00000000fff80000)
  to   space 19456K, 0% used [0x00000000fda00000,0x00000000fda00000,0x00000000fed00000)
 ParOldGen       total 384000K, used 196135K [0x0000000080000000, 0x0000000097700000, 0x00000000d5580000)
  object space 384000K, 51% used [0x0000000080000000,0x000000008bf89ea8,0x0000000097700000)
 Metaspace       used 93150K, capacity 95102K, committed 96512K, reserved 1134592K
  class space    used 11151K, capacity 11479K, committed 11776K, reserved 1048576K
2024-08-28T12:06:30.815+0600: 676298.144: [GC (Allocation Failure) [PSYoungGen: 669562K->14299K(674304K)] 865697K->210467K(1058304K), 0.0165360 secs] [Times: user=0.04 sys=0.00, real=0.02 secs] 
Heap after GC invocations=638 (full 5):
 PSYoungGen      total 674304K, used 14299K [0x00000000d5580000, 0x0000000100000000, 0x0000000100000000)
  eden space 659968K, 0% used [0x00000000d5580000,0x00000000d5580000,0x00000000fda00000)
  from space 14336K, 99% used [0x00000000fda00000,0x00000000fe7f6ff8,0x00000000fe800000)
  to   space 19968K, 0% used [0x00000000fec80000,0x00000000fec80000,0x0000000100000000)
 ParOldGen       total 384000K, used 196167K [0x0000000080000000, 0x0000000097700000, 0x00000000d5580000)
  object space 384000K, 51% used [0x0000000080000000,0x000000008bf91ea8,0x0000000097700000)
 Metaspace       used 93150K, capacity 95102K, committed 96512K, reserved 1134592K
  class space    used 11151K, capacity 11479K, committed 11776K, reserved 1048576K
}
{Heap before GC invocations=639 (full 5):
 PSYoungGen      total 674304K, used 674144K [0x00000000d5580000, 0x0000000100000000, 0x0000000100000000)
  eden space 659968K, 99% used [0x00000000d5580000,0x00000000fd9e1068,0x00000000fda00000)
  from space 14336K, 99% used [0x00000000fda00000,0x00000000fe7f6ff8,0x00000000fe800000)
  to   space 19968K, 0% used [0x00000000fec80000,0x00000000fec80000,0x0000000100000000)
 ParOldGen       total 384000K, used 196167K [0x0000000080000000, 0x0000000097700000, 0x00000000d5580000)
  object space 384000K, 51% used [0x0000000080000000,0x000000008bf91ea8,0x0000000097700000)
 Metaspace       used 93150K, capacity 95102K, committed 96512K, reserved 1134592K
  class space    used 11151K, capacity 11479K, committed 11776K, reserved 1048576K
2024-08-28T12:06:35.903+0600: 676303.232: [GC (Allocation Failure) [PSYoungGen: 674144K->14267K(678912K)] 870311K->210483K(1062912K), 0.0113461 secs] [Times: user=0.02 sys=0.00, real=0.01 secs] 
Heap after GC invocations=639 (full 5):
 PSYoungGen      total 678912K, used 14267K [0x00000000d5580000, 0x0000000100000000, 0x0000000100000000)
  eden space 658944K, 0% used [0x00000000d5580000,0x00000000d5580000,0x00000000fd900000)
  from space 19968K, 71% used [0x00000000fec80000,0x00000000ffa6ee58,0x0000000100000000)
  to   space 19968K, 0% used [0x00000000fd900000,0x00000000fd900000,0x00000000fec80000)
 ParOldGen       total 384000K, used 196215K [0x0000000080000000, 0x0000000097700000, 0x00000000d5580000)
  object space 384000K, 51% used [0x0000000080000000,0x000000008bf9ddf8,0x0000000097700000)
 Metaspace       used 93150K, capacity 95102K, committed 96512K, reserved 1134592K
  class space    used 11151K, capacity 11479K, committed 11776K, reserved 1048576K
}
{Heap before GC invocations=640 (full 5):
 PSYoungGen      total 678912K, used 670754K [0x00000000d5580000, 0x0000000100000000, 0x0000000100000000)
  eden space 658944K, 99% used [0x00000000d5580000,0x00000000fd699b30,0x00000000fd900000)
  from space 19968K, 71% used [0x00000000fec80000,0x00000000ffa6ee58,0x0000000100000000)
  to   space 19968K, 0% used [0x00000000fd900000,0x00000000fd900000,0x00000000fec80000)
 ParOldGen       total 384000K, used 196215K [0x0000000080000000, 0x0000000097700000, 0x00000000d5580000)
  object space 384000K, 51% used [0x0000000080000000,0x000000008bf9ddf8,0x0000000097700000)
 Metaspace       used 93150K, capacity 95102K, committed 96512K, reserved 1134592K
  class space    used 11151K, capacity 11479K, committed 11776K, reserved 1048576K
2024-08-28T12:06:40.178+0600: 676307.507: [GC (Allocation Failure) [PSYoungGen: 670754K->10482K(669696K)] 866969K->206729K(1053696K), 0.0151151 secs] [Times: user=0.03 sys=0.00, real=0.02 secs] 
Heap after GC invocations=640 (full 5):
 PSYoungGen      total 669696K, used 10482K [0x00000000d5580000, 0x00000000fff00000, 0x0000000100000000)
  eden space 658944K, 0% used [0x00000000d5580000,0x00000000d5580000,0x00000000fd900000)
  from space 10752K, 97% used [0x00000000fd900000,0x00000000fe33c9a0,0x00000000fe380000)
  to   space 19456K, 0% used [0x00000000fec00000,0x00000000fec00000,0x00000000fff00000)
 ParOldGen       total 384000K, used 196247K [0x0000000080000000, 0x0000000097700000, 0x00000000d5580000)
  object space 384000K, 51% used [0x0000000080000000,0x000000008bfa5df8,0x0000000097700000)
 Metaspace       used 93150K, capacity 95102K, committed 96512K, reserved 1134592K
  class space    used 11151K, capacity 11479K, committed 11776K, reserved 1048576K
}
{Heap before GC invocations=641 (full 5):
 PSYoungGen      total 669696K, used 669426K [0x00000000d5580000, 0x00000000fff00000, 0x0000000100000000)
  eden space 658944K, 100% used [0x00000000d5580000,0x00000000fd900000,0x00000000fd900000)
  from space 10752K, 97% used [0x00000000fd900000,0x00000000fe33c9a0,0x00000000fe380000)
  to   space 19456K, 0% used [0x00000000fec00000,0x00000000fec00000,0x00000000fff00000)
 ParOldGen       total 384000K, used 196247K [0x0000000080000000, 0x0000000097700000, 0x00000000d5580000)
  object space 384000K, 51% used [0x0000000080000000,0x000000008bfa5df8,0x0000000097700000)
 Metaspace       used 93150K, capacity 95102K, committed 96512K, reserved 1134592K
  class space    used 11151K, capacity 11479K, committed 11776K, reserved 1048576K
2024-08-28T12:06:45.220+0600: 676312.549: [GC (Allocation Failure) [PSYoungGen: 669426K->1042K(677376K)] 865673K->197322K(1061376K), 0.0134296 secs] [Times: user=0.03 sys=0.00, real=0.01 secs] 
Heap after GC invocations=641 (full 5):
 PSYoungGen      total 677376K, used 1042K [0x00000000d5580000, 0x0000000100000000, 0x0000000100000000)
  eden space 657920K, 0% used [0x00000000d5580000,0x00000000d5580000,0x00000000fd800000)
  from space 19456K, 5% used [0x00000000fec00000,0x00000000fed04b10,0x00000000fff00000)
  to   space 20480K, 0% used [0x00000000fd800000,0x00000000fd800000,0x00000000fec00000)
 ParOldGen       total 384000K, used 196279K [0x0000000080000000, 0x0000000097700000, 0x00000000d5580000)
  object space 384000K, 51% used [0x0000000080000000,0x000000008bfaddf8,0x0000000097700000)
 Metaspace       used 93150K, capacity 95102K, committed 96512K, reserved 1134592K
  class space    used 11151K, capacity 11479K, committed 11776K, reserved 1048576K
}
{Heap before GC invocations=642 (full 5):
 PSYoungGen      total 677376K, used 658205K [0x00000000d5580000, 0x0000000100000000, 0x0000000100000000)
  eden space 657920K, 99% used [0x00000000d5580000,0x00000000fd742a50,0x00000000fd800000)
  from space 19456K, 5% used [0x00000000fec00000,0x00000000fed04b10,0x00000000fff00000)
  to   space 20480K, 0% used [0x00000000fd800000,0x00000000fd800000,0x00000000fec00000)
 ParOldGen       total 384000K, used 196279K [0x0000000080000000, 0x0000000097700000, 0x00000000d5580000)
  object space 384000K, 51% used [0x0000000080000000,0x000000008bfaddf8,0x0000000097700000)
 Metaspace       used 93151K, capacity 95102K, committed 96512K, reserved 1134592K
  class space    used 11151K, capacity 11479K, committed 11776K, reserved 1048576K
2024-08-28T12:06:49.446+0600: 676316.775: [GC (Allocation Failure) [PSYoungGen: 658205K->11035K(678400K)] 854484K->207362K(1062400K), 0.0142166 secs] [Times: user=0.03 sys=0.00, real=0.02 secs] 
Heap after GC invocations=642 (full 5):
 PSYoungGen      total 678400K, used 11035K [0x00000000d5580000, 0x00000000fff00000, 0x0000000100000000)
  eden space 657920K, 0% used [0x00000000d5580000,0x00000000d5580000,0x00000000fd800000)
  from space 20480K, 53% used [0x00000000fd800000,0x00000000fe2c6cc0,0x00000000fec00000)
  to   space 19456K, 0% used [0x00000000fec00000,0x00000000fec00000,0x00000000fff00000)
 ParOldGen       total 384000K, used 196327K [0x0000000080000000, 0x0000000097700000, 0x00000000d5580000)
  object space 384000K, 51% used [0x0000000080000000,0x000000008bfb9d48,0x0000000097700000)
 Metaspace       used 93151K, capacity 95102K, committed 96512K, reserved 1134592K
  class space    used 11151K, capacity 11479K, committed 11776K, reserved 1048576K
}
{Heap before GC invocations=643 (full 5):
 PSYoungGen      total 678400K, used 668955K [0x00000000d5580000, 0x00000000fff00000, 0x0000000100000000)
  eden space 657920K, 100% used [0x00000000d5580000,0x00000000fd800000,0x00000000fd800000)
  from space 20480K, 53% used [0x00000000fd800000,0x00000000fe2c6cc0,0x00000000fec00000)
  to   space 19456K, 0% used [0x00000000fec00000,0x00000000fec00000,0x00000000fff00000)
 ParOldGen       total 384000K, used 196327K [0x0000000080000000, 0x0000000097700000, 0x00000000d5580000)
  object space 384000K, 51% used [0x0000000080000000,0x000000008bfb9d48,0x0000000097700000)
 Metaspace       used 93151K, capacity 95102K, committed 96512K, reserved 1134592K
  class space    used 11151K, capacity 11479K, committed 11776K, reserved 1048576K
2024-08-28T12:06:53.088+0600: 676320.417: [GC (Allocation Failure) [PSYoungGen: 668955K->8651K(677376K)] 865282K->205010K(1061376K), 0.0084513 secs] [Times: user=0.01 sys=0.00, real=0.01 secs] 
Heap after GC invocations=643 (full 5):
 PSYoungGen      total 677376K, used 8651K [0x00000000d5580000, 0x00000000ffe00000, 0x0000000100000000)
  eden space 658944K, 0% used [0x00000000d5580000,0x00000000d5580000,0x00000000fd900000)
  from space 18432K, 46% used [0x00000000fec00000,0x00000000ff472da8,0x00000000ffe00000)
  to   space 18944K, 0% used [0x00000000fd900000,0x00000000fd900000,0x00000000feb80000)
 ParOldGen       total 384000K, used 196359K [0x0000000080000000, 0x0000000097700000, 0x00000000d5580000)
  object space 384000K, 51% used [0x0000000080000000,0x000000008bfc1d48,0x0000000097700000)
 Metaspace       used 93151K, capacity 95102K, committed 96512K, reserved 1134592K
  class space    used 11151K, capacity 11479K, committed 11776K, reserved 1048576K
}
{Heap before GC invocations=644 (full 5):
 PSYoungGen      total 677376K, used 666288K [0x00000000d5580000, 0x00000000ffe00000, 0x0000000100000000)
  eden space 658944K, 99% used [0x00000000d5580000,0x00000000fd7b9440,0x00000000fd900000)
  from space 18432K, 46% used [0x00000000fec00000,0x00000000ff472da8,0x00000000ffe00000)
  to   space 18944K, 0% used [0x00000000fd900000,0x00000000fd900000,0x00000000feb80000)
 ParOldGen       total 384000K, used 196359K [0x0000000080000000, 0x0000000097700000, 0x00000000d5580000)
  object space 384000K, 51% used [0x0000000080000000,0x000000008bfc1d48,0x0000000097700000)
 Metaspace       used 93157K, capacity 95102K, committed 96512K, reserved 1134592K
  class space    used 11151K, capacity 11479K, committed 11776K, reserved 1048576K
2024-08-28T12:06:58.690+0600: 676326.019: [GC (Allocation Failure) [PSYoungGen: 666288K->10758K(677888K)] 862647K->207142K(1061888K), 0.0138780 secs] [Times: user=0.02 sys=0.00, real=0.01 secs] 
Heap after GC invocations=644 (full 5):
 PSYoungGen      total 677888K, used 10758K [0x00000000d5580000, 0x00000000fff80000, 0x0000000100000000)
  eden space 658944K, 0% used [0x00000000d5580000,0x00000000d5580000,0x00000000fd900000)
  from space 18944K, 56% used [0x00000000fd900000,0x00000000fe381b30,0x00000000feb80000)
  to   space 18432K, 0% used [0x00000000fed80000,0x00000000fed80000,0x00000000fff80000)
 ParOldGen       total 384000K, used 196383K [0x0000000080000000, 0x0000000097700000, 0x00000000d5580000)
  object space 384000K, 51% used [0x0000000080000000,0x000000008bfc7d48,0x0000000097700000)
 Metaspace       used 93157K, capacity 95102K, committed 96512K, reserved 1134592K
  class space    used 11151K, capacity 11479K, committed 11776K, reserved 1048576K
}
{Heap before GC invocations=645 (full 5):
 PSYoungGen      total 677888K, used 669702K [0x00000000d5580000, 0x00000000fff80000, 0x0000000100000000)
  eden space 658944K, 100% used [0x00000000d5580000,0x00000000fd900000,0x00000000fd900000)
  from space 18944K, 56% used [0x00000000fd900000,0x00000000fe381b30,0x00000000feb80000)
  to   space 18432K, 0% used [0x00000000fed80000,0x00000000fed80000,0x00000000fff80000)
 ParOldGen       total 384000K, used 196383K [0x0000000080000000, 0x0000000097700000, 0x00000000d5580000)
  object space 384000K, 51% used [0x0000000080000000,0x000000008bfc7d48,0x0000000097700000)
 Metaspace       used 93157K, capacity 95102K, committed 96512K, reserved 1134592K
  class space    used 11151K, capacity 11479K, committed 11776K, reserved 1048576K
2024-08-28T12:07:02.701+0600: 676330.030: [GC (Allocation Failure) [PSYoungGen: 669702K->8459K(678912K)] 866086K->204898K(1062912K), 0.0085851 secs] [Times: user=0.01 sys=0.00, real=0.01 secs] 
Heap after GC invocations=645 (full 5):
 PSYoungGen      total 678912K, used 8459K [0x00000000d5580000, 0x00000000ffe80000, 0x0000000100000000)
  eden space 661504K, 0% used [0x00000000d5580000,0x00000000d5580000,0x00000000fdb80000)
  from space 17408K, 48% used [0x00000000fed80000,0x00000000ff5c2da8,0x00000000ffe80000)
  to   space 17920K, 0% used [0x00000000fdb80000,0x00000000fdb80000,0x00000000fed00000)
 ParOldGen       total 384000K, used 196439K [0x0000000080000000, 0x0000000097700000, 0x00000000d5580000)
  object space 384000K, 51% used [0x0000000080000000,0x000000008bfd5c98,0x0000000097700000)
 Metaspace       used 93157K, capacity 95102K, committed 96512K, reserved 1134592K
  class space    used 11151K, capacity 11479K, committed 11776K, reserved 1048576K
}
{Heap before GC invocations=646 (full 5):
 PSYoungGen      total 678912K, used 666489K [0x00000000d5580000, 0x00000000ffe80000, 0x0000000100000000)
  eden space 661504K, 99% used [0x00000000d5580000,0x00000000fd81b980,0x00000000fdb80000)
  from space 17408K, 48% used [0x00000000fed80000,0x00000000ff5c2da8,0x00000000ffe80000)
  to   space 17920K, 0% used [0x00000000fdb80000,0x00000000fdb80000,0x00000000fed00000)
 ParOldGen       total 384000K, used 196439K [0x0000000080000000, 0x0000000097700000, 0x00000000d5580000)
  object space 384000K, 51% used [0x0000000080000000,0x000000008bfd5c98,0x0000000097700000)
 Metaspace       used 93157K, capacity 95102K, committed 96512K, reserved 1134592K
  class space    used 11151K, capacity 11479K, committed 11776K, reserved 1048576K
2024-08-28T12:07:08.291+0600: 676335.620: [GC (Allocation Failure) [PSYoungGen: 666489K->14365K(679424K)] 862928K->210828K(1063424K), 0.0130437 secs] [Times: user=0.03 sys=0.00, real=0.01 secs] 
Heap after GC invocations=646 (full 5):
 PSYoungGen      total 679424K, used 14365K [0x00000000d5580000, 0x0000000100000000, 0x0000000100000000)
  eden space 661504K, 0% used [0x00000000d5580000,0x00000000d5580000,0x00000000fdb80000)
  from space 17920K, 80% used [0x00000000fdb80000,0x00000000fe987718,0x00000000fed00000)
  to   space 18944K, 0% used [0x00000000fed80000,0x00000000fed80000,0x0000000100000000)
 ParOldGen       total 384000K, used 196463K [0x0000000080000000, 0x0000000097700000, 0x00000000d5580000)
  object space 384000K, 51% used [0x0000000080000000,0x000000008bfdbc98,0x0000000097700000)
 Metaspace       used 93157K, capacity 95102K, committed 96512K, reserved 1134592K
  class space    used 11151K, capacity 11479K, committed 11776K, reserved 1048576K
}
{Heap before GC invocations=647 (full 5):
 PSYoungGen      total 679424K, used 675664K [0x00000000d5580000, 0x0000000100000000, 0x0000000100000000)
  eden space 661504K, 99% used [0x00000000d5580000,0x00000000fdb4c938,0x00000000fdb80000)
  from space 17920K, 80% used [0x00000000fdb80000,0x00000000fe987718,0x00000000fed00000)
  to   space 18944K, 0% used [0x00000000fed80000,0x00000000fed80000,0x0000000100000000)
 ParOldGen       total 384000K, used 196463K [0x0000000080000000, 0x0000000097700000, 0x00000000d5580000)
  object space 384000K, 51% used [0x0000000080000000,0x000000008bfdbc98,0x0000000097700000)
 Metaspace       used 93157K, capacity 95102K, committed 96512K, reserved 1134592K
  class space    used 11151K, capacity 11479K, committed 11776K, reserved 1048576K
2024-08-28T12:07:12.400+0600: 676339.729: [GC (Allocation Failure) [PSYoungGen: 675664K->6569K(679936K)] 872127K->203191K(1063936K), 0.0128364 secs] [Times: user=0.03 sys=0.00, real=0.01 secs] 
Heap after GC invocations=647 (full 5):
 PSYoungGen      total 679936K, used 6569K [0x00000000d5580000, 0x0000000100000000, 0x0000000100000000)
  eden space 660992K, 0% used [0x00000000d5580000,0x00000000d5580000,0x00000000fdb00000)
  from space 18944K, 34% used [0x00000000fed80000,0x00000000ff3ea4d8,0x0000000100000000)
  to   space 18944K, 0% used [0x00000000fdb00000,0x00000000fdb00000,0x00000000fed80000)
 ParOldGen       total 384000K, used 196622K [0x0000000080000000, 0x0000000097700000, 0x00000000d5580000)
  object space 384000K, 51% used [0x0000000080000000,0x000000008c003ab8,0x0000000097700000)
 Metaspace       used 93157K, capacity 95102K, committed 96512K, reserved 1134592K
  class space    used 11151K, capacity 11479K, committed 11776K, reserved 1048576K
}
{Heap before GC invocations=648 (full 5):
 PSYoungGen      total 679936K, used 666287K [0x00000000d5580000, 0x0000000100000000, 0x0000000100000000)
  eden space 660992K, 99% used [0x00000000d5580000,0x00000000fd9c1828,0x00000000fdb00000)
  from space 18944K, 34% used [0x00000000fed80000,0x00000000ff3ea4d8,0x0000000100000000)
  to   space 18944K, 0% used [0x00000000fdb00000,0x00000000fdb00000,0x00000000fed80000)
 ParOldGen       total 384000K, used 196622K [0x0000000080000000, 0x0000000097700000, 0x00000000d5580000)
  object space 384000K, 51% used [0x0000000080000000,0x000000008c003ab8,0x0000000097700000)
 Metaspace       used 93157K, capacity 95102K, committed 96512K, reserved 1134592K
  class space    used 11151K, capacity 11479K, committed 11776K, reserved 1048576K
2024-08-28T12:07:17.807+0600: 676345.136: [GC (Allocation Failure) [PSYoungGen: 666287K->10354K(671744K)] 862909K->207001K(1055744K), 0.0128321 secs] [Times: user=0.03 sys=0.00, real=0.02 secs] 
Heap after GC invocations=648 (full 5):
 PSYoungGen      total 671744K, used 10354K [0x00000000d5580000, 0x00000000ffe00000, 0x0000000100000000)
  eden space 660992K, 0% used [0x00000000d5580000,0x00000000d5580000,0x00000000fdb00000)
  from space 10752K, 96% used [0x00000000fdb00000,0x00000000fe51c990,0x00000000fe580000)
  to   space 17920K, 0% used [0x00000000fec80000,0x00000000fec80000,0x00000000ffe00000)
 ParOldGen       total 384000K, used 196646K [0x0000000080000000, 0x0000000097700000, 0x00000000d5580000)
  object space 384000K, 51% used [0x0000000080000000,0x000000008c009ab8,0x0000000097700000)
 Metaspace       used 93157K, capacity 95102K, committed 96512K, reserved 1134592K
  class space    used 11151K, capacity 11479K, committed 11776K, reserved 1048576K
}
{Heap before GC invocations=649 (full 5):
 PSYoungGen      total 671744K, used 668225K [0x00000000d5580000, 0x00000000ffe00000, 0x0000000100000000)
  eden space 660992K, 99% used [0x00000000d5580000,0x00000000fd7f3ab8,0x00000000fdb00000)
  from space 10752K, 96% used [0x00000000fdb00000,0x00000000fe51c990,0x00000000fe580000)
  to   space 17920K, 0% used [0x00000000fec80000,0x00000000fec80000,0x00000000ffe00000)
 ParOldGen       total 384000K, used 196646K [0x0000000080000000, 0x0000000097700000, 0x00000000d5580000)
  object space 384000K, 51% used [0x0000000080000000,0x000000008c009ab8,0x0000000097700000)
 Metaspace       used 93157K, capacity 95102K, committed 96512K, reserved 1134592K
  class space    used 11151K, capacity 11479K, committed 11776K, reserved 1048576K
2024-08-28T12:07:22.201+0600: 676349.530: [GC (Allocation Failure) [PSYoungGen: 668225K->10290K(679424K)] 864871K->207016K(1063424K), 0.0099335 secs] [Times: user=0.02 sys=0.00, real=0.01 secs] 
Heap after GC invocations=649 (full 5):
 PSYoungGen      total 679424K, used 10290K [0x00000000d5580000, 0x0000000100000000, 0x0000000100000000)
  eden space 661504K, 0% used [0x00000000d5580000,0x00000000d5580000,0x00000000fdb80000)
  from space 17920K, 57% used [0x00000000fec80000,0x00000000ff68c980,0x00000000ffe00000)
  to   space 17408K, 0% used [0x00000000fdb80000,0x00000000fdb80000,0x00000000fec80000)
 ParOldGen       total 384000K, used 196726K [0x0000000080000000, 0x0000000097700000, 0x00000000d5580000)
  object space 384000K, 51% used [0x0000000080000000,0x000000008c01d958,0x0000000097700000)
 Metaspace       used 93157K, capacity 95102K, committed 96512K, reserved 1134592K
  class space    used 11151K, capacity 11479K, committed 11776K, reserved 1048576K
}
{Heap before GC invocations=650 (full 5):
 PSYoungGen      total 679424K, used 671417K [0x00000000d5580000, 0x0000000100000000, 0x0000000100000000)
  eden space 661504K, 99% used [0x00000000d5580000,0x00000000fdb21e58,0x00000000fdb80000)
  from space 17920K, 57% used [0x00000000fec80000,0x00000000ff68c980,0x00000000ffe00000)
  to   space 17408K, 0% used [0x00000000fdb80000,0x00000000fdb80000,0x00000000fec80000)
 ParOldGen       total 384000K, used 196726K [0x0000000080000000, 0x0000000097700000, 0x00000000d5580000)
  object space 384000K, 51% used [0x0000000080000000,0x000000008c01d958,0x0000000097700000)
 Metaspace       used 93160K, capacity 95102K, committed 96512K, reserved 1134592K
  class space    used 11151K, capacity 11479K, committed 11776K, reserved 1048576K
2024-08-28T12:07:27.245+0600: 676354.574: [GC (Allocation Failure) [PSYoungGen: 671417K->6948K(678912K)] 868144K->203698K(1062912K), 0.0135720 secs] [Times: user=0.03 sys=0.00, real=0.01 secs] 
Heap after GC invocations=650 (full 5):
 PSYoungGen      total 678912K, used 6948K [0x00000000d5580000, 0x00000000ffe80000, 0x0000000100000000)
  eden space 661504K, 0% used [0x00000000d5580000,0x00000000d5580000,0x00000000fdb80000)
  from space 17408K, 39% used [0x00000000fdb80000,0x00000000fe2490e0,0x00000000fec80000)
  to   space 16896K, 0% used [0x00000000fee00000,0x00000000fee00000,0x00000000ffe80000)
 ParOldGen       total 384000K, used 196750K [0x0000000080000000, 0x0000000097700000, 0x00000000d5580000)
  object space 384000K, 51% used [0x0000000080000000,0x000000008c023958,0x0000000097700000)
 Metaspace       used 93160K, capacity 95102K, committed 96512K, reserved 1134592K
  class space    used 11151K, capacity 11479K, committed 11776K, reserved 1048576K
}
{Heap before GC invocations=651 (full 5):
 PSYoungGen      total 678912K, used 666476K [0x00000000d5580000, 0x00000000ffe80000, 0x0000000100000000)
  eden space 661504K, 99% used [0x00000000d5580000,0x00000000fd991f40,0x00000000fdb80000)
  from space 17408K, 39% used [0x00000000fdb80000,0x00000000fe2490e0,0x00000000fec80000)
  to   space 16896K, 0% used [0x00000000fee00000,0x00000000fee00000,0x00000000ffe80000)
 ParOldGen       total 384000K, used 196750K [0x0000000080000000, 0x0000000097700000, 0x00000000d5580000)
  object space 384000K, 51% used [0x0000000080000000,0x000000008c023958,0x0000000097700000)
 Metaspace       used 93160K, capacity 95102K, committed 96512K, reserved 1134592K
  class space    used 11151K, capacity 11479K, committed 11776K, reserved 1048576K
2024-08-28T12:07:31.535+0600: 676358.864: [GC (Allocation Failure) [PSYoungGen: 666476K->14075K(679424K)] 863226K->210857K(1063424K), 0.0124647 secs] [Times: user=0.02 sys=0.00, real=0.01 secs] 
Heap after GC invocations=651 (full 5):
 PSYoungGen      total 679424K, used 14075K [0x00000000d5580000, 0x0000000100000000, 0x0000000100000000)
  eden space 662528K, 0% used [0x00000000d5580000,0x00000000d5580000,0x00000000fdc80000)
  from space 16896K, 83% used [0x00000000fee00000,0x00000000ffbbee38,0x00000000ffe80000)
  to   space 17920K, 0% used [0x00000000fdc80000,0x00000000fdc80000,0x00000000fee00000)
 ParOldGen       total 384000K, used 196782K [0x0000000080000000, 0x0000000097700000, 0x00000000d5580000)
  object space 384000K, 51% used [0x0000000080000000,0x000000008c02b958,0x0000000097700000)
 Metaspace       used 93160K, capacity 95102K, committed 96512K, reserved 1134592K
  class space    used 11151K, capacity 11479K, committed 11776K, reserved 1048576K
}
{Heap before GC invocations=652 (full 5):
 PSYoungGen      total 679424K, used 676603K [0x00000000d5580000, 0x0000000100000000, 0x0000000100000000)
  eden space 662528K, 100% used [0x00000000d5580000,0x00000000fdc80000,0x00000000fdc80000)
  from space 16896K, 83% used [0x00000000fee00000,0x00000000ffbbee38,0x00000000ffe80000)
  to   space 17920K, 0% used [0x00000000fdc80000,0x00000000fdc80000,0x00000000fee00000)
 ParOldGen       total 384000K, used 196782K [0x0000000080000000, 0x0000000097700000, 0x00000000d5580000)
  object space 384000K, 51% used [0x0000000080000000,0x000000008c02b958,0x0000000097700000)
 Metaspace       used 93160K, capacity 95102K, committed 96512K, reserved 1134592K
  class space    used 11151K, capacity 11479K, committed 11776K, reserved 1048576K
2024-08-28T12:07:35.539+0600: 676362.868: [GC (Allocation Failure) [PSYoungGen: 676603K->8233K(680448K)] 873385K->205047K(1064448K), 0.0084615 secs] [Times: user=0.01 sys=0.00, real=0.01 secs] 
Heap after GC invocations=652 (full 5):
 PSYoungGen      total 680448K, used 8233K [0x00000000d5580000, 0x0000000100000000, 0x0000000100000000)
  eden space 662528K, 0% used [0x00000000d5580000,0x00000000d5580000,0x00000000fdc80000)
  from space 17920K, 45% used [0x00000000fdc80000,0x00000000fe48a4c8,0x00000000fee00000)
  to   space 17408K, 0% used [0x00000000fef00000,0x00000000fef00000,0x0000000100000000)
 ParOldGen       total 384000K, used 196814K [0x0000000080000000, 0x0000000097700000, 0x00000000d5580000)
  object space 384000K, 51% used [0x0000000080000000,0x000000008c033958,0x0000000097700000)
 Metaspace       used 93160K, capacity 95102K, committed 96512K, reserved 1134592K
  class space    used 11151K, capacity 11479K, committed 11776K, reserved 1048576K
}
{Heap before GC invocations=653 (full 5):
 PSYoungGen      total 680448K, used 669829K [0x00000000d5580000, 0x0000000100000000, 0x0000000100000000)
  eden space 662528K, 99% used [0x00000000d5580000,0x00000000fdb972b8,0x00000000fdc80000)
  from space 17920K, 45% used [0x00000000fdc80000,0x00000000fe48a4c8,0x00000000fee00000)
  to   space 17408K, 0% used [0x00000000fef00000,0x00000000fef00000,0x0000000100000000)
 ParOldGen       total 384000K, used 196814K [0x0000000080000000, 0x0000000097700000, 0x00000000d5580000)
  object space 384000K, 51% used [0x0000000080000000,0x000000008c033958,0x0000000097700000)
 Metaspace       used 93160K, capacity 95102K, committed 96512K, reserved 1134592K
  class space    used 11151K, capacity 11479K, committed 11776K, reserved 1048576K
2024-08-28T12:07:41.355+0600: 676368.684: [GC (Allocation Failure) [PSYoungGen: 669829K->14075K(679424K)] 866644K->210913K(1063424K), 0.0128713 secs] [Times: user=0.02 sys=0.00, real=0.01 secs] 
Heap after GC invocations=653 (full 5):
 PSYoungGen      total 679424K, used 14075K [0x00000000d5580000, 0x0000000100000000, 0x0000000100000000)
  eden space 662016K, 0% used [0x00000000d5580000,0x00000000d5580000,0x00000000fdc00000)
  from space 17408K, 80% used [0x00000000fef00000,0x00000000ffcbee38,0x0000000100000000)
  to   space 18432K, 0% used [0x00000000fdc00000,0x00000000fdc00000,0x00000000fee00000)
 ParOldGen       total 384000K, used 196838K [0x0000000080000000, 0x0000000097700000, 0x00000000d5580000)
  object space 384000K, 51% used [0x0000000080000000,0x000000008c039958,0x0000000097700000)
 Metaspace       used 93160K, capacity 95102K, committed 96512K, reserved 1134592K
  class space    used 11151K, capacity 11479K, committed 11776K, reserved 1048576K
}
{Heap before GC invocations=654 (full 5):
 PSYoungGen      total 679424K, used 676091K [0x00000000d5580000, 0x0000000100000000, 0x0000000100000000)
  eden space 662016K, 100% used [0x00000000d5580000,0x00000000fdc00000,0x00000000fdc00000)
  from space 17408K, 80% used [0x00000000fef00000,0x00000000ffcbee38,0x0000000100000000)
  to   space 18432K, 0% used [0x00000000fdc00000,0x00000000fdc00000,0x00000000fee00000)
 ParOldGen       total 384000K, used 196838K [0x0000000080000000, 0x0000000097700000, 0x00000000d5580000)
  object space 384000K, 51% used [0x0000000080000000,0x000000008c039958,0x0000000097700000)
 Metaspace       used 93160K, capacity 95102K, committed 96512K, reserved 1134592K
  class space    used 11151K, capacity 11479K, committed 11776K, reserved 1048576K
2024-08-28T12:07:45.126+0600: 676372.455: [GC (Allocation Failure) [PSYoungGen: 676091K->8585K(680448K)] 872929K->205463K(1064448K), 0.0093871 secs] [Times: user=0.02 sys=0.00, real=0.01 secs] 
Heap after GC invocations=654 (full 5):
 PSYoungGen      total 680448K, used 8585K [0x00000000d5580000, 0x0000000100000000, 0x0000000100000000)
  eden space 662016K, 0% used [0x00000000d5580000,0x00000000d5580000,0x00000000fdc00000)
  from space 18432K, 46% used [0x00000000fdc00000,0x00000000fe4624c8,0x00000000fee00000)
  to   space 17920K, 0% used [0x00000000fee80000,0x00000000fee80000,0x0000000100000000)
 ParOldGen       total 384000K, used 196878K [0x0000000080000000, 0x0000000097700000, 0x00000000d5580000)
  object space 384000K, 51% used [0x0000000080000000,0x000000008c043958,0x0000000097700000)
 Metaspace       used 93160K, capacity 95102K, committed 96512K, reserved 1134592K
  class space    used 11151K, capacity 11479K, committed 11776K, reserved 1048576K
}
{Heap before GC invocations=655 (full 5):
 PSYoungGen      total 680448K, used 670601K [0x00000000d5580000, 0x0000000100000000, 0x0000000100000000)
  eden space 662016K, 100% used [0x00000000d5580000,0x00000000fdc00000,0x00000000fdc00000)
  from space 18432K, 46% used [0x00000000fdc00000,0x00000000fe4624c8,0x00000000fee00000)
  to   space 17920K, 0% used [0x00000000fee80000,0x00000000fee80000,0x0000000100000000)
 ParOldGen       total 384000K, used 196878K [0x0000000080000000, 0x0000000097700000, 0x00000000d5580000)
  object space 384000K, 51% used [0x0000000080000000,0x000000008c043958,0x0000000097700000)
 Metaspace       used 93162K, capacity 95102K, committed 96512K, reserved 1134592K
  class space    used 11151K, capacity 11479K, committed 11776K, reserved 1048576K
2024-08-28T12:07:50.745+0600: 676378.074: [GC (Allocation Failure) [PSYoungGen: 670601K->10388K(678912K)] 867479K->207290K(1062912K), 0.0100574 secs] [Times: user=0.01 sys=0.00, real=0.01 secs] 
Heap after GC invocations=655 (full 5):
 PSYoungGen      total 678912K, used 10388K [0x00000000d5580000, 0x00000000ffe80000, 0x0000000100000000)
  eden space 662528K, 0% used [0x00000000d5580000,0x00000000d5580000,0x00000000fdc80000)
  from space 16384K, 63% used [0x00000000fee80000,0x00000000ff8a5240,0x00000000ffe80000)
  to   space 17408K, 0% used [0x00000000fdc80000,0x00000000fdc80000,0x00000000fed80000)
 ParOldGen       total 384000K, used 196902K [0x0000000080000000, 0x0000000097700000, 0x00000000d5580000)
  object space 384000K, 51% used [0x0000000080000000,0x000000008c049958,0x0000000097700000)
 Metaspace       used 93162K, capacity 95102K, committed 96512K, reserved 1134592K
  class space    used 11151K, capacity 11479K, committed 11776K, reserved 1048576K
}
{Heap before GC invocations=656 (full 5):
 PSYoungGen      total 678912K, used 672916K [0x00000000d5580000, 0x00000000ffe80000, 0x0000000100000000)
  eden space 662528K, 100% used [0x00000000d5580000,0x00000000fdc80000,0x00000000fdc80000)
  from space 16384K, 63% used [0x00000000fee80000,0x00000000ff8a5240,0x00000000ffe80000)
  to   space 17408K, 0% used [0x00000000fdc80000,0x00000000fdc80000,0x00000000fed80000)
 ParOldGen       total 384000K, used 196902K [0x0000000080000000, 0x0000000097700000, 0x00000000d5580000)
  object space 384000K, 51% used [0x0000000080000000,0x000000008c049958,0x0000000097700000)
 Metaspace       used 93162K, capacity 95102K, committed 96512K, reserved 1134592K
  class space    used 11151K, capacity 11479K, committed 11776K, reserved 1048576K
2024-08-28T12:07:54.744+0600: 676382.073: [GC (Allocation Failure) [PSYoungGen: 672916K->8916K(679936K)] 869818K->205866K(1063936K), 0.0084048 secs] [Times: user=0.02 sys=0.00, real=0.01 secs] 
Heap after GC invocations=656 (full 5):
 PSYoungGen      total 679936K, used 8916K [0x00000000d5580000, 0x0000000100000000, 0x0000000100000000)
  eden space 662528K, 0% used [0x00000000d5580000,0x00000000d5580000,0x00000000fdc80000)
  from space 17408K, 51% used [0x00000000fdc80000,0x00000000fe5350a8,0x00000000fed80000)
  to   space 16896K, 0% used [0x00000000fef80000,0x00000000fef80000,0x0000000100000000)
 ParOldGen       total 384000K, used 196950K [0x0000000080000000, 0x0000000097700000, 0x00000000d5580000)
  object space 384000K, 51% used [0x0000000080000000,0x000000008c055958,0x0000000097700000)
 Metaspace       used 93162K, capacity 95102K, committed 96512K, reserved 1134592K
  class space    used 11151K, capacity 11479K, committed 11776K, reserved 1048576K
}
{Heap before GC invocations=657 (full 5):
 PSYoungGen      total 679936K, used 668489K [0x00000000d5580000, 0x0000000100000000, 0x0000000100000000)
  eden space 662528K, 99% used [0x00000000d5580000,0x00000000fd99d3d8,0x00000000fdc80000)
  from space 17408K, 51% used [0x00000000fdc80000,0x00000000fe5350a8,0x00000000fed80000)
  to   space 16896K, 0% used [0x00000000fef80000,0x00000000fef80000,0x0000000100000000)
 ParOldGen       total 384000K, used 196950K [0x0000000080000000, 0x0000000097700000, 0x00000000d5580000)
  object space 384000K, 51% used [0x0000000080000000,0x000000008c055958,0x0000000097700000)
 Metaspace       used 93162K, capacity 95102K, committed 96512K, reserved 1134592K
  class space    used 11151K, capacity 11479K, committed 11776K, reserved 1048576K
2024-08-28T12:08:00.327+0600: 676387.656: [GC (Allocation Failure) [PSYoungGen: 668489K->10534K(679936K)] 865439K->207501K(1063936K), 0.0112386 secs] [Times: user=0.02 sys=0.01, real=0.01 secs] 
Heap after GC invocations=657 (full 5):
 PSYoungGen      total 679936K, used 10534K [0x00000000d5580000, 0x00000000ffe80000, 0x0000000100000000)
  eden space 664576K, 0% used [0x00000000d5580000,0x00000000d5580000,0x00000000fde80000)
  from space 15360K, 68% used [0x00000000fef80000,0x00000000ff9c9b10,0x00000000ffe80000)
  to   space 16384K, 0% used [0x00000000fde80000,0x00000000fde80000,0x00000000fee80000)
 ParOldGen       total 384000K, used 196966K [0x0000000080000000, 0x0000000097700000, 0x00000000d5580000)
  object space 384000K, 51% used [0x0000000080000000,0x000000008c059958,0x0000000097700000)
 Metaspace       used 93162K, capacity 95102K, committed 96512K, reserved 1134592K
  class space    used 11151K, capacity 11479K, committed 11776K, reserved 1048576K
}
{Heap before GC invocations=658 (full 5):
 PSYoungGen      total 679936K, used 670265K [0x00000000d5580000, 0x00000000ffe80000, 0x0000000100000000)
  eden space 664576K, 99% used [0x00000000d5580000,0x00000000fd9c4c28,0x00000000fde80000)
  from space 15360K, 68% used [0x00000000fef80000,0x00000000ff9c9b10,0x00000000ffe80000)
  to   space 16384K, 0% used [0x00000000fde80000,0x00000000fde80000,0x00000000fee80000)
 ParOldGen       total 384000K, used 196966K [0x0000000080000000, 0x0000000097700000, 0x00000000d5580000)
  object space 384000K, 51% used [0x0000000080000000,0x000000008c059958,0x0000000097700000)
 Metaspace       used 93162K, capacity 95102K, committed 96512K, reserved 1134592K
  class space    used 11151K, capacity 11479K, committed 11776K, reserved 1048576K
2024-08-28T12:08:04.684+0600: 676392.013: [GC (Allocation Failure) [PSYoungGen: 670265K->14174K(680960K)] 867232K->211164K(1064960K), 0.0139959 secs] [Times: user=0.03 sys=0.00, real=0.01 secs] 
Heap after GC invocations=658 (full 5):
 PSYoungGen      total 680960K, used 14174K [0x00000000d5580000, 0x0000000100000000, 0x0000000100000000)
  eden space 664576K, 0% used [0x00000000d5580000,0x00000000d5580000,0x00000000fde80000)
  from space 16384K, 86% used [0x00000000fde80000,0x00000000fec57898,0x00000000fee80000)
  to   space 16896K, 0% used [0x00000000fef80000,0x00000000fef80000,0x0000000100000000)
 ParOldGen       total 384000K, used 196990K [0x0000000080000000, 0x0000000097700000, 0x00000000d5580000)
  object space 384000K, 51% used [0x0000000080000000,0x000000008c05f958,0x0000000097700000)
 Metaspace       used 93162K, capacity 95102K, committed 96512K, reserved 1134592K
  class space    used 11151K, capacity 11479K, committed 11776K, reserved 1048576K
}
{Heap before GC invocations=659 (full 5):
 PSYoungGen      total 680960K, used 678026K [0x00000000d5580000, 0x0000000100000000, 0x0000000100000000)
  eden space 664576K, 99% used [0x00000000d5580000,0x00000000fddcaff0,0x00000000fde80000)
  from space 16384K, 86% used [0x00000000fde80000,0x00000000fec57898,0x00000000fee80000)
  to   space 16896K, 0% used [0x00000000fef80000,0x00000000fef80000,0x0000000100000000)
 ParOldGen       total 384000K, used 196990K [0x0000000080000000, 0x0000000097700000, 0x00000000d5580000)
  object space 384000K, 51% used [0x0000000080000000,0x000000008c05f958,0x0000000097700000)
 Metaspace       used 93162K, capacity 95102K, committed 96512K, reserved 1134592K
  class space    used 11151K, capacity 11479K, committed 11776K, reserved 1048576K
2024-08-28T12:08:10.223+0600: 676397.552: [GC (Allocation Failure) [PSYoungGen: 678026K->14205K(679936K)] 875016K->211228K(1063936K), 0.0105051 secs] [Times: user=0.02 sys=0.00, real=0.01 secs] 
Heap after GC invocations=659 (full 5):
 PSYoungGen      total 679936K, used 14205K [0x00000000d5580000, 0x0000000100000000, 0x0000000100000000)
  eden space 663040K, 0% used [0x00000000d5580000,0x00000000d5580000,0x00000000fdd00000)
  from space 16896K, 84% used [0x00000000fef80000,0x00000000ffd5f6f8,0x0000000100000000)
  to   space 17920K, 0% used [0x00000000fdd00000,0x00000000fdd00000,0x00000000fee80000)
 ParOldGen       total 384000K, used 197022K [0x0000000080000000, 0x0000000097700000, 0x00000000d5580000)
  object space 384000K, 51% used [0x0000000080000000,0x000000008c067958,0x0000000097700000)
 Metaspace       used 93162K, capacity 95102K, committed 96512K, reserved 1134592K
  class space    used 11151K, capacity 11479K, committed 11776K, reserved 1048576K
}
{Heap before GC invocations=660 (full 5):
 PSYoungGen      total 679936K, used 674316K [0x00000000d5580000, 0x0000000100000000, 0x0000000100000000)
  eden space 663040K, 99% used [0x00000000d5580000,0x00000000fda23960,0x00000000fdd00000)
  from space 16896K, 84% used [0x00000000fef80000,0x00000000ffd5f6f8,0x0000000100000000)
  to   space 17920K, 0% used [0x00000000fdd00000,0x00000000fdd00000,0x00000000fee80000)
 ParOldGen       total 384000K, used 197022K [0x0000000080000000, 0x0000000097700000, 0x00000000d5580000)
  object space 384000K, 51% used [0x0000000080000000,0x000000008c067958,0x0000000097700000)
 Metaspace       used 93162K, capacity 95102K, committed 96512K, reserved 1134592K
  class space    used 11151K, capacity 11479K, committed 11776K, reserved 1048576K
2024-08-28T12:08:14.463+0600: 676401.792: [GC (Allocation Failure) [PSYoungGen: 674316K->14043K(677376K)] 871338K->211097K(1061376K), 0.0140953 secs] [Times: user=0.03 sys=0.00, real=0.01 secs] 
Heap after GC invocations=660 (full 5):
 PSYoungGen      total 677376K, used 14043K [0x00000000d5580000, 0x0000000100000000, 0x0000000100000000)
  eden space 663040K, 0% used [0x00000000d5580000,0x00000000d5580000,0x00000000fdd00000)
  from space 14336K, 97% used [0x00000000fdd00000,0x00000000feab6e38,0x00000000feb00000)
  to   space 18432K, 0% used [0x00000000fee00000,0x00000000fee00000,0x0000000100000000)
 ParOldGen       total 384000K, used 197054K [0x0000000080000000, 0x0000000097700000, 0x00000000d5580000)
  object space 384000K, 51% used [0x0000000080000000,0x000000008c06f958,0x0000000097700000)
 Metaspace       used 93162K, capacity 95102K, committed 96512K, reserved 1134592K
  class space    used 11151K, capacity 11479K, committed 11776K, reserved 1048576K
}
{Heap before GC invocations=661 (full 5):
 PSYoungGen      total 677376K, used 676609K [0x00000000d5580000, 0x0000000100000000, 0x0000000100000000)
  eden space 663040K, 99% used [0x00000000d5580000,0x00000000fdc899c0,0x00000000fdd00000)
  from space 14336K, 97% used [0x00000000fdd00000,0x00000000feab6e38,0x00000000feb00000)
  to   space 18432K, 0% used [0x00000000fee00000,0x00000000fee00000,0x0000000100000000)
 ParOldGen       total 384000K, used 197054K [0x0000000080000000, 0x0000000097700000, 0x00000000d5580000)
  object space 384000K, 51% used [0x0000000080000000,0x000000008c06f958,0x0000000097700000)
 Metaspace       used 93162K, capacity 95102K, committed 96512K, reserved 1134592K
  class space    used 11151K, capacity 11479K, committed 11776K, reserved 1048576K
2024-08-28T12:08:19.463+0600: 676406.792: [GC (Allocation Failure) [PSYoungGen: 676609K->5767K(680448K)] 873664K->202853K(1064448K), 0.0090843 secs] [Times: user=0.01 sys=0.00, real=0.01 secs] 
Heap after GC invocations=661 (full 5):
 PSYoungGen      total 680448K, used 5767K [0x00000000d5580000, 0x0000000100000000, 0x0000000100000000)
  eden space 662016K, 0% used [0x00000000d5580000,0x00000000d5580000,0x00000000fdc00000)
  from space 18432K, 31% used [0x00000000fee00000,0x00000000ff3a1d48,0x0000000100000000)
  to   space 18432K, 0% used [0x00000000fdc00000,0x00000000fdc00000,0x00000000fee00000)
 ParOldGen       total 384000K, used 197086K [0x0000000080000000, 0x0000000097700000, 0x00000000d5580000)
  object space 384000K, 51% used [0x0000000080000000,0x000000008c077958,0x0000000097700000)
 Metaspace       used 93162K, capacity 95102K, committed 96512K, reserved 1134592K
  class space    used 11151K, capacity 11479K, committed 11776K, reserved 1048576K
}
{Heap before GC invocations=662 (full 5):
 PSYoungGen      total 680448K, used 667755K [0x00000000d5580000, 0x0000000100000000, 0x0000000100000000)
  eden space 662016K, 99% used [0x00000000d5580000,0x00000000fdbf9218,0x00000000fdc00000)
  from space 18432K, 31% used [0x00000000fee00000,0x00000000ff3a1d48,0x0000000100000000)
  to   space 18432K, 0% used [0x00000000fdc00000,0x00000000fdc00000,0x00000000fee00000)
 ParOldGen       total 384000K, used 197086K [0x0000000080000000, 0x0000000097700000, 0x00000000d5580000)
  object space 384000K, 51% used [0x0000000080000000,0x000000008c077958,0x0000000097700000)
 Metaspace       used 93162K, capacity 95102K, committed 96512K, reserved 1134592K
  class space    used 11151K, capacity 11479K, committed 11776K, reserved 1048576K
2024-08-28T12:08:23.636+0600: 676410.965: [GC (Allocation Failure) [PSYoungGen: 667755K->10290K(672768K)] 864842K->207400K(1056768K), 0.0118345 secs] [Times: user=0.02 sys=0.00, real=0.01 secs] 
Heap after GC invocations=662 (full 5):
 PSYoungGen      total 672768K, used 10290K [0x00000000d5580000, 0x00000000fff00000, 0x0000000100000000)
  eden space 662016K, 0% used [0x00000000d5580000,0x00000000d5580000,0x00000000fdc00000)
  from space 10752K, 95% used [0x00000000fdc00000,0x00000000fe60c980,0x00000000fe680000)
  to   space 17920K, 0% used [0x00000000fed80000,0x00000000fed80000,0x00000000fff00000)
 ParOldGen       total 384000K, used 197110K [0x0000000080000000, 0x0000000097700000, 0x00000000d5580000)
  object space 384000K, 51% used [0x0000000080000000,0x000000008c07d958,0x0000000097700000)
 Metaspace       used 93162K, capacity 95102K, committed 96512K, reserved 1134592K
  class space    used 11151K, capacity 11479K, committed 11776K, reserved 1048576K
}
{Heap before GC invocations=663 (full 5):
 PSYoungGen      total 672768K, used 672306K [0x00000000d5580000, 0x00000000fff00000, 0x0000000100000000)
  eden space 662016K, 100% used [0x00000000d5580000,0x00000000fdc00000,0x00000000fdc00000)
  from space 10752K, 95% used [0x00000000fdc00000,0x00000000fe60c980,0x00000000fe680000)
  to   space 17920K, 0% used [0x00000000fed80000,0x00000000fed80000,0x00000000fff00000)
 ParOldGen       total 384000K, used 197110K [0x0000000080000000, 0x0000000097700000, 0x00000000d5580000)
  object space 384000K, 51% used [0x0000000080000000,0x000000008c07d958,0x0000000097700000)
 Metaspace       used 93162K, capacity 95102K, committed 96512K, reserved 1134592K
  class space    used 11151K, capacity 11479K, committed 11776K, reserved 1048576K
2024-08-28T12:08:27.414+0600: 676414.743: [GC (Allocation Failure) [PSYoungGen: 672306K->8553K(680448K)] 869416K->205703K(1064448K), 0.0090800 secs] [Times: user=0.02 sys=0.00, real=0.01 secs] 
Heap after GC invocations=663 (full 5):
 PSYoungGen      total 680448K, used 8553K [0x00000000d5580000, 0x0000000100000000, 0x0000000100000000)
  eden space 662528K, 0% used [0x00000000d5580000,0x00000000d5580000,0x00000000fdc80000)
  from space 17920K, 47% used [0x00000000fed80000,0x00000000ff5da4c8,0x00000000fff00000)
  to   space 17408K, 0% used [0x00000000fdc80000,0x00000000fdc80000,0x00000000fed80000)
 ParOldGen       total 384000K, used 197150K [0x0000000080000000, 0x0000000097700000, 0x00000000d5580000)
  object space 384000K, 51% used [0x0000000080000000,0x000000008c087958,0x0000000097700000)
 Metaspace       used 93162K, capacity 95102K, committed 96512K, reserved 1134592K
  class space    used 11151K, capacity 11479K, committed 11776K, reserved 1048576K
}
{Heap before GC invocations=664 (full 5):
 PSYoungGen      total 680448K, used 669002K [0x00000000d5580000, 0x0000000100000000, 0x0000000100000000)
  eden space 662528K, 99% used [0x00000000d5580000,0x00000000fda785a0,0x00000000fdc80000)
  from space 17920K, 47% used [0x00000000fed80000,0x00000000ff5da4c8,0x00000000fff00000)
  to   space 17408K, 0% used [0x00000000fdc80000,0x00000000fdc80000,0x00000000fed80000)
 ParOldGen       total 384000K, used 197150K [0x0000000080000000, 0x0000000097700000, 0x00000000d5580000)
  object space 384000K, 51% used [0x0000000080000000,0x000000008c087958,0x0000000097700000)
 Metaspace       used 93162K, capacity 95102K, committed 96512K, reserved 1134592K
  class space    used 11151K, capacity 11479K, committed 11776K, reserved 1048576K
2024-08-28T12:08:33.132+0600: 676420.461: [GC (Allocation Failure) [PSYoungGen: 669002K->14269K(679936K)] 866152K->211444K(1063936K), 0.0131756 secs] [Times: user=0.03 sys=0.00, real=0.01 secs] 
Heap after GC invocations=664 (full 5):
 PSYoungGen      total 679936K, used 14269K [0x00000000d5580000, 0x0000000100000000, 0x0000000100000000)
  eden space 662528K, 0% used [0x00000000d5580000,0x00000000d5580000,0x00000000fdc80000)
  from space 17408K, 81% used [0x00000000fdc80000,0x00000000fea6f6f8,0x00000000fed80000)
  to   space 18432K, 0% used [0x00000000fee00000,0x00000000fee00000,0x0000000100000000)
 ParOldGen       total 384000K, used 197174K [0x0000000080000000, 0x0000000097700000, 0x00000000d5580000)
  object space 384000K, 51% used [0x0000000080000000,0x000000008c08d958,0x0000000097700000)
 Metaspace       used 93162K, capacity 95102K, committed 96512K, reserved 1134592K
  class space    used 11151K, capacity 11479K, committed 11776K, reserved 1048576K
}
{Heap before GC invocations=665 (full 5):
 PSYoungGen      total 679936K, used 676797K [0x00000000d5580000, 0x0000000100000000, 0x0000000100000000)
  eden space 662528K, 100% used [0x00000000d5580000,0x00000000fdc80000,0x00000000fdc80000)
  from space 17408K, 81% used [0x00000000fdc80000,0x00000000fea6f6f8,0x00000000fed80000)
  to   space 18432K, 0% used [0x00000000fee00000,0x00000000fee00000,0x0000000100000000)
 ParOldGen       total 384000K, used 197174K [0x0000000080000000, 0x0000000097700000, 0x00000000d5580000)
  object space 384000K, 51% used [0x0000000080000000,0x000000008c08d958,0x0000000097700000)
 Metaspace       used 93162K, capacity 95102K, committed 96512K, reserved 1134592K
  class space    used 11151K, capacity 11479K, committed 11776K, reserved 1048576K
2024-08-28T12:08:36.880+0600: 676424.209: [GC (Allocation Failure) [PSYoungGen: 676797K->8649K(680960K)] 873972K->205855K(1064960K), 0.0086331 secs] [Times: user=0.01 sys=0.00, real=0.01 secs] 
Heap after GC invocations=665 (full 5):
 PSYoungGen      total 680960K, used 8649K [0x00000000d5580000, 0x0000000100000000, 0x0000000100000000)
  eden space 662528K, 0% used [0x00000000d5580000,0x00000000d5580000,0x00000000fdc80000)
  from space 18432K, 46% used [0x00000000fee00000,0x00000000ff6724c8,0x0000000100000000)
  to   space 17920K, 0% used [0x00000000fdc80000,0x00000000fdc80000,0x00000000fee00000)
 ParOldGen       total 384000K, used 197206K [0x0000000080000000, 0x0000000097700000, 0x00000000d5580000)
  object space 384000K, 51% used [0x0000000080000000,0x000000008c095958,0x0000000097700000)
 Metaspace       used 93162K, capacity 95102K, committed 96512K, reserved 1134592K
  class space    used 11151K, capacity 11479K, committed 11776K, reserved 1048576K
}
{Heap before GC invocations=666 (full 5):
 PSYoungGen      total 680960K, used 667969K [0x00000000d5580000, 0x0000000100000000, 0x0000000100000000)
  eden space 662528K, 99% used [0x00000000d5580000,0x00000000fd95df38,0x00000000fdc80000)
  from space 18432K, 46% used [0x00000000fee00000,0x00000000ff6724c8,0x0000000100000000)
  to   space 17920K, 0% used [0x00000000fdc80000,0x00000000fdc80000,0x00000000fee00000)
 ParOldGen       total 384000K, used 197206K [0x0000000080000000, 0x0000000097700000, 0x00000000d5580000)
  object space 384000K, 51% used [0x0000000080000000,0x000000008c095958,0x0000000097700000)
 Metaspace       used 93162K, capacity 95102K, committed 96512K, reserved 1134592K
  class space    used 11151K, capacity 11479K, committed 11776K, reserved 1048576K
2024-08-28T12:08:42.469+0600: 676429.798: [GC (Allocation Failure) [PSYoungGen: 667969K->14107K(680448K)] 865175K->211337K(1064448K), 0.0155065 secs] [Times: user=0.03 sys=0.00, real=0.02 secs] 
Heap after GC invocations=666 (full 5):
 PSYoungGen      total 680448K, used 14107K [0x00000000d5580000, 0x0000000100000000, 0x0000000100000000)
  eden space 662528K, 0% used [0x00000000d5580000,0x00000000d5580000,0x00000000fdc80000)
  from space 17920K, 78% used [0x00000000fdc80000,0x00000000fea46e38,0x00000000fee00000)
  to   space 18432K, 0% used [0x00000000fee00000,0x00000000fee00000,0x0000000100000000)
 ParOldGen       total 384000K, used 197230K [0x0000000080000000, 0x0000000097700000, 0x00000000d5580000)
  object space 384000K, 51% used [0x0000000080000000,0x000000008c09b958,0x0000000097700000)
 Metaspace       used 93162K, capacity 95102K, committed 96512K, reserved 1134592K
  class space    used 11151K, capacity 11479K, committed 11776K, reserved 1048576K
}
{Heap before GC invocations=667 (full 5):
 PSYoungGen      total 680448K, used 676635K [0x00000000d5580000, 0x0000000100000000, 0x0000000100000000)
  eden space 662528K, 100% used [0x00000000d5580000,0x00000000fdc80000,0x00000000fdc80000)
  from space 17920K, 78% used [0x00000000fdc80000,0x00000000fea46e38,0x00000000fee00000)
  to   space 18432K, 0% used [0x00000000fee00000,0x00000000fee00000,0x0000000100000000)
 ParOldGen       total 384000K, used 197230K [0x0000000080000000, 0x0000000097700000, 0x00000000d5580000)
  object space 384000K, 51% used [0x0000000080000000,0x000000008c09b958,0x0000000097700000)
 Metaspace       used 93162K, capacity 95102K, committed 96512K, reserved 1134592K
  class space    used 11151K, capacity 11479K, committed 11776K, reserved 1048576K
2024-08-28T12:08:46.500+0600: 676433.829: [GC (Allocation Failure) [PSYoungGen: 676635K->8585K(680448K)] 873865K->205855K(1064448K), 0.0084039 secs] [Times: user=0.02 sys=0.00, real=0.00 secs] 
Heap after GC invocations=667 (full 5):
 PSYoungGen      total 680448K, used 8585K [0x00000000d5580000, 0x0000000100000000, 0x0000000100000000)
  eden space 662016K, 0% used [0x00000000d5580000,0x00000000d5580000,0x00000000fdc00000)
  from space 18432K, 46% used [0x00000000fee00000,0x00000000ff6624c8,0x0000000100000000)
  to   space 18432K, 0% used [0x00000000fdc00000,0x00000000fdc00000,0x00000000fee00000)
 ParOldGen       total 384000K, used 197270K [0x0000000080000000, 0x0000000097700000, 0x00000000d5580000)
  object space 384000K, 51% used [0x0000000080000000,0x000000008c0a5958,0x0000000097700000)
 Metaspace       used 93162K, capacity 95102K, committed 96512K, reserved 1134592K
  class space    used 11151K, capacity 11479K, committed 11776K, reserved 1048576K
}
{Heap before GC invocations=668 (full 5):
 PSYoungGen      total 680448K, used 668716K [0x00000000d5580000, 0x0000000100000000, 0x0000000100000000)
  eden space 662016K, 99% used [0x00000000d5580000,0x00000000fda28e60,0x00000000fdc00000)
  from space 18432K, 46% used [0x00000000fee00000,0x00000000ff6624c8,0x0000000100000000)
  to   space 18432K, 0% used [0x00000000fdc00000,0x00000000fdc00000,0x00000000fee00000)
 ParOldGen       total 384000K, used 197270K [0x0000000080000000, 0x0000000097700000, 0x00000000d5580000)
  object space 384000K, 51% used [0x0000000080000000,0x000000008c0a5958,0x0000000097700000)
 Metaspace       used 93162K, capacity 95102K, committed 96512K, reserved 1134592K
  class space    used 11151K, capacity 11479K, committed 11776K, reserved 1048576K
2024-08-28T12:08:51.914+0600: 676439.243: [GC (Allocation Failure) [PSYoungGen: 668716K->14139K(676352K)] 865987K->211433K(1060352K), 0.0125645 secs] [Times: user=0.03 sys=0.00, real=0.01 secs] 
Heap after GC invocations=668 (full 5):
 PSYoungGen      total 676352K, used 14139K [0x00000000d5580000, 0x0000000100000000, 0x0000000100000000)
  eden space 662016K, 0% used [0x00000000d5580000,0x00000000d5580000,0x00000000fdc00000)
  from space 14336K, 98% used [0x00000000fdc00000,0x00000000fe9cee38,0x00000000fea00000)
  to   space 18944K, 0% used [0x00000000fed80000,0x00000000fed80000,0x0000000100000000)
 ParOldGen       total 384000K, used 197294K [0x0000000080000000, 0x0000000097700000, 0x00000000d5580000)
  object space 384000K, 51% used [0x0000000080000000,0x000000008c0ab958,0x0000000097700000)
 Metaspace       used 93162K, capacity 95102K, committed 96512K, reserved 1134592K
  class space    used 11151K, capacity 11479K, committed 11776K, reserved 1048576K
}
{Heap before GC invocations=669 (full 5):
 PSYoungGen      total 676352K, used 671249K [0x00000000d5580000, 0x0000000100000000, 0x0000000100000000)
  eden space 662016K, 99% used [0x00000000d5580000,0x00000000fd7355f0,0x00000000fdc00000)
  from space 14336K, 98% used [0x00000000fdc00000,0x00000000fe9cee38,0x00000000fea00000)
  to   space 18944K, 0% used [0x00000000fed80000,0x00000000fed80000,0x0000000100000000)
 ParOldGen       total 384000K, used 197294K [0x0000000080000000, 0x0000000097700000, 0x00000000d5580000)
  object space 384000K, 51% used [0x0000000080000000,0x000000008c0ab958,0x0000000097700000)
 Metaspace       used 93162K, capacity 95102K, committed 96512K, reserved 1134592K
  class space    used 11151K, capacity 11479K, committed 11776K, reserved 1048576K
2024-08-28T12:08:56.144+0600: 676443.473: [GC (Allocation Failure) [PSYoungGen: 671249K->14107K(679936K)] 868543K->211434K(1063936K), 0.0138019 secs] [Times: user=0.03 sys=0.00, real=0.01 secs] 
Heap after GC invocations=669 (full 5):
 PSYoungGen      total 679936K, used 14107K [0x00000000d5580000, 0x0000000100000000, 0x0000000100000000)
  eden space 660992K, 0% used [0x00000000d5580000,0x00000000d5580000,0x00000000fdb00000)
  from space 18944K, 74% used [0x00000000fed80000,0x00000000ffb46fd8,0x0000000100000000)
  to   space 18944K, 0% used [0x00000000fdb00000,0x00000000fdb00000,0x00000000fed80000)
 ParOldGen       total 384000K, used 197326K [0x0000000080000000, 0x0000000097700000, 0x00000000d5580000)
  object space 384000K, 51% used [0x0000000080000000,0x000000008c0b3958,0x0000000097700000)
 Metaspace       used 93162K, capacity 95102K, committed 96512K, reserved 1134592K
  class space    used 11151K, capacity 11479K, committed 11776K, reserved 1048576K
}
{Heap before GC invocations=670 (full 5):
 PSYoungGen      total 679936K, used 671829K [0x00000000d5580000, 0x0000000100000000, 0x0000000100000000)
  eden space 660992K, 99% used [0x00000000d5580000,0x00000000fd7ce740,0x00000000fdb00000)
  from space 18944K, 74% used [0x00000000fed80000,0x00000000ffb46fd8,0x0000000100000000)
  to   space 18944K, 0% used [0x00000000fdb00000,0x00000000fdb00000,0x00000000fed80000)
 ParOldGen       total 384000K, used 197326K [0x0000000080000000, 0x0000000097700000, 0x00000000d5580000)
  object space 384000K, 51% used [0x0000000080000000,0x000000008c0b3958,0x0000000097700000)
 Metaspace       used 93162K, capacity 95102K, committed 96512K, reserved 1134592K
  class space    used 11151K, capacity 11479K, committed 11776K, reserved 1048576K
2024-08-28T12:09:01.636+0600: 676448.965: [GC (Allocation Failure) [PSYoungGen: 671829K->11069K(672256K)] 869156K->208427K(1056256K), 0.0135813 secs] [Times: user=0.03 sys=0.00, real=0.02 secs] 
Heap after GC invocations=670 (full 5):
 PSYoungGen      total 672256K, used 11069K [0x00000000d5580000, 0x00000000fff00000, 0x0000000100000000)
  eden space 660992K, 0% used [0x00000000d5580000,0x00000000d5580000,0x00000000fdb00000)
  from space 11264K, 98% used [0x00000000fdb00000,0x00000000fe5cf560,0x00000000fe600000)
  to   space 18432K, 0% used [0x00000000fed00000,0x00000000fed00000,0x00000000fff00000)
 ParOldGen       total 384000K, used 197358K [0x0000000080000000, 0x0000000097700000, 0x00000000d5580000)
  object space 384000K, 51% used [0x0000000080000000,0x000000008c0bb958,0x0000000097700000)
 Metaspace       used 93162K, capacity 95102K, committed 96512K, reserved 1134592K
  class space    used 11151K, capacity 11479K, committed 11776K, reserved 1048576K
}
{Heap before GC invocations=671 (full 5):
 PSYoungGen      total 672256K, used 669489K [0x00000000d5580000, 0x00000000fff00000, 0x0000000100000000)
  eden space 660992K, 99% used [0x00000000d5580000,0x00000000fd87d190,0x00000000fdb00000)
  from space 11264K, 98% used [0x00000000fdb00000,0x00000000fe5cf560,0x00000000fe600000)
  to   space 18432K, 0% used [0x00000000fed00000,0x00000000fed00000,0x00000000fff00000)
 ParOldGen       total 384000K, used 197358K [0x0000000080000000, 0x0000000097700000, 0x00000000d5580000)
  object space 384000K, 51% used [0x0000000080000000,0x000000008c0bb958,0x0000000097700000)
 Metaspace       used 93162K, capacity 95102K, committed 96512K, reserved 1134592K
  class space    used 11151K, capacity 11479K, committed 11776K, reserved 1048576K
2024-08-28T12:09:06.005+0600: 676453.334: [GC (Allocation Failure) [PSYoungGen: 669489K->14511K(678912K)] 866848K->211902K(1062912K), 0.0116591 secs] [Times: user=0.02 sys=0.00, real=0.01 secs] 
Heap after GC invocations=671 (full 5):
 PSYoungGen      total 678912K, used 14511K [0x00000000d5580000, 0x0000000100000000, 0x0000000100000000)
  eden space 660480K, 0% used [0x00000000d5580000,0x00000000d5580000,0x00000000fda80000)
  from space 18432K, 78% used [0x00000000fed00000,0x00000000ffb2bfd8,0x00000000fff00000)
  to   space 18944K, 0% used [0x00000000fda80000,0x00000000fda80000,0x00000000fed00000)
 ParOldGen       total 384000K, used 197390K [0x0000000080000000, 0x0000000097700000, 0x00000000d5580000)
  object space 384000K, 51% used [0x0000000080000000,0x000000008c0c3958,0x0000000097700000)
 Metaspace       used 93162K, capacity 95102K, committed 96512K, reserved 1134592K
  class space    used 11151K, capacity 11479K, committed 11776K, reserved 1048576K
}
{Heap before GC invocations=672 (full 5):
 PSYoungGen      total 678912K, used 674991K [0x00000000d5580000, 0x0000000100000000, 0x0000000100000000)
  eden space 660480K, 100% used [0x00000000d5580000,0x00000000fda80000,0x00000000fda80000)
  from space 18432K, 78% used [0x00000000fed00000,0x00000000ffb2bfd8,0x00000000fff00000)
  to   space 18944K, 0% used [0x00000000fda80000,0x00000000fda80000,0x00000000fed00000)
 ParOldGen       total 384000K, used 197390K [0x0000000080000000, 0x0000000097700000, 0x00000000d5580000)
  object space 384000K, 51% used [0x0000000080000000,0x000000008c0c3958,0x0000000097700000)
 Metaspace       used 93162K, capacity 95102K, committed 96512K, reserved 1134592K
  class space    used 11151K, capacity 11479K, committed 11776K, reserved 1048576K
2024-08-28T12:09:09.603+0600: 676456.932: [GC (Allocation Failure) [PSYoungGen: 674991K->1378K(662016K)] 872382K->198800K(1046016K), 0.0095682 secs] [Times: user=0.02 sys=0.00, real=0.01 secs] 
Heap after GC invocations=672 (full 5):
 PSYoungGen      total 662016K, used 1378K [0x00000000d5580000, 0x0000000100000000, 0x0000000100000000)
  eden space 660480K, 0% used [0x00000000d5580000,0x00000000d5580000,0x00000000fda80000)
  from space 1536K, 89% used [0x00000000fda80000,0x00000000fdbd88d0,0x00000000fdc00000)
  to   space 19968K, 0% used [0x00000000fec80000,0x00000000fec80000,0x0000000100000000)
 ParOldGen       total 384000K, used 197422K [0x0000000080000000, 0x0000000097700000, 0x00000000d5580000)
  object space 384000K, 51% used [0x0000000080000000,0x000000008c0cb958,0x0000000097700000)
 Metaspace       used 93162K, capacity 95102K, committed 96512K, reserved 1134592K
  class space    used 11151K, capacity 11479K, committed 11776K, reserved 1048576K
}
{Heap before GC invocations=673 (full 5):
 PSYoungGen      total 662016K, used 659148K [0x00000000d5580000, 0x0000000100000000, 0x0000000100000000)
  eden space 660480K, 99% used [0x00000000d5580000,0x00000000fd7da7d0,0x00000000fda80000)
  from space 1536K, 89% used [0x00000000fda80000,0x00000000fdbd88d0,0x00000000fdc00000)
  to   space 19968K, 0% used [0x00000000fec80000,0x00000000fec80000,0x0000000100000000)
 ParOldGen       total 384000K, used 197422K [0x0000000080000000, 0x0000000097700000, 0x00000000d5580000)
  object space 384000K, 51% used [0x0000000080000000,0x000000008c0cb958,0x0000000097700000)
 Metaspace       used 93162K, capacity 95102K, committed 96512K, reserved 1134592K
  class space    used 11151K, capacity 11479K, committed 11776K, reserved 1048576K
2024-08-28T12:09:15.721+0600: 676463.050: [GC (Allocation Failure) [PSYoungGen: 659148K->10482K(679936K)] 856570K->207920K(1063936K), 0.0126069 secs] [Times: user=0.03 sys=0.00, real=0.01 secs] 
Heap after GC invocations=673 (full 5):
 PSYoungGen      total 679936K, used 10482K [0x00000000d5580000, 0x0000000100000000, 0x0000000100000000)
  eden space 659968K, 0% used [0x00000000d5580000,0x00000000d5580000,0x00000000fda00000)
  from space 19968K, 52% used [0x00000000fec80000,0x00000000ff6bc990,0x0000000100000000)
  to   space 18944K, 0% used [0x00000000fda00000,0x00000000fda00000,0x00000000fec80000)
 ParOldGen       total 384000K, used 197438K [0x0000000080000000, 0x0000000097700000, 0x00000000d5580000)
  object space 384000K, 51% used [0x0000000080000000,0x000000008c0cf958,0x0000000097700000)
 Metaspace       used 93162K, capacity 95102K, committed 96512K, reserved 1134592K
  class space    used 11151K, capacity 11479K, committed 11776K, reserved 1048576K
}
{Heap before GC invocations=674 (full 5):
 PSYoungGen      total 679936K, used 670450K [0x00000000d5580000, 0x0000000100000000, 0x0000000100000000)
  eden space 659968K, 100% used [0x00000000d5580000,0x00000000fda00000,0x00000000fda00000)
  from space 19968K, 52% used [0x00000000fec80000,0x00000000ff6bc990,0x0000000100000000)
  to   space 18944K, 0% used [0x00000000fda00000,0x00000000fda00000,0x00000000fec80000)
 ParOldGen       total 384000K, used 197438K [0x0000000080000000, 0x0000000097700000, 0x00000000d5580000)
  object space 384000K, 51% used [0x0000000080000000,0x000000008c0cf958,0x0000000097700000)
 Metaspace       used 93162K, capacity 95102K, committed 96512K, reserved 1134592K
  class space    used 11151K, capacity 11479K, committed 11776K, reserved 1048576K
2024-08-28T12:09:19.659+0600: 676466.988: [GC (Allocation Failure) [PSYoungGen: 670450K->8811K(669184K)] 867888K->206289K(1053184K), 0.0086888 secs] [Times: user=0.02 sys=0.00, real=0.01 secs] 
Heap after GC invocations=674 (full 5):
 PSYoungGen      total 669184K, used 8811K [0x00000000d5580000, 0x00000000ffe00000, 0x0000000100000000)
  eden space 659968K, 0% used [0x00000000d5580000,0x00000000d5580000,0x00000000fda00000)
  from space 9216K, 95% used [0x00000000fda00000,0x00000000fe29ad98,0x00000000fe300000)
  to   space 18432K, 0% used [0x00000000fec00000,0x00000000fec00000,0x00000000ffe00000)
 ParOldGen       total 384000K, used 197478K [0x0000000080000000, 0x0000000097700000, 0x00000000d5580000)
  object space 384000K, 51% used [0x0000000080000000,0x000000008c0d9958,0x0000000097700000)
 Metaspace       used 93162K, capacity 95102K, committed 96512K, reserved 1134592K
  class space    used 11151K, capacity 11479K, committed 11776K, reserved 1048576K
}
{Heap before GC invocations=675 (full 5):
 PSYoungGen      total 669184K, used 665152K [0x00000000d5580000, 0x00000000ffe00000, 0x0000000100000000)
  eden space 659968K, 99% used [0x00000000d5580000,0x00000000fd675310,0x00000000fda00000)
  from space 9216K, 95% used [0x00000000fda00000,0x00000000fe29ad98,0x00000000fe300000)
  to   space 18432K, 0% used [0x00000000fec00000,0x00000000fec00000,0x00000000ffe00000)
 ParOldGen       total 384000K, used 197478K [0x0000000080000000, 0x0000000097700000, 0x00000000d5580000)
  object space 384000K, 51% used [0x0000000080000000,0x000000008c0d9958,0x0000000097700000)
 Metaspace       used 93162K, capacity 95102K, committed 96512K, reserved 1134592K
  class space    used 11151K, capacity 11479K, committed 11776K, reserved 1048576K
2024-08-28T12:09:25.412+0600: 676472.741: [GC (Allocation Failure) [PSYoungGen: 665152K->14365K(677376K)] 862630K->211868K(1061376K), 0.0129909 secs] [Times: user=0.03 sys=0.00, real=0.01 secs] 
Heap after GC invocations=675 (full 5):
 PSYoungGen      total 677376K, used 14365K [0x00000000d5580000, 0x0000000100000000, 0x0000000100000000)
  eden space 658944K, 0% used [0x00000000d5580000,0x00000000d5580000,0x00000000fd900000)
  from space 18432K, 77% used [0x00000000fec00000,0x00000000ffa07708,0x00000000ffe00000)
  to   space 19456K, 0% used [0x00000000fd900000,0x00000000fd900000,0x00000000fec00000)
 ParOldGen       total 384000K, used 197502K [0x0000000080000000, 0x0000000097700000, 0x00000000d5580000)
  object space 384000K, 51% used [0x0000000080000000,0x000000008c0df958,0x0000000097700000)
 Metaspace       used 93162K, capacity 95102K, committed 96512K, reserved 1134592K
  class space    used 11151K, capacity 11479K, committed 11776K, reserved 1048576K
}
{Heap before GC invocations=676 (full 5):
 PSYoungGen      total 677376K, used 673309K [0x00000000d5580000, 0x0000000100000000, 0x0000000100000000)
  eden space 658944K, 100% used [0x00000000d5580000,0x00000000fd900000,0x00000000fd900000)
  from space 18432K, 77% used [0x00000000fec00000,0x00000000ffa07708,0x00000000ffe00000)
  to   space 19456K, 0% used [0x00000000fd900000,0x00000000fd900000,0x00000000fec00000)
 ParOldGen       total 384000K, used 197502K [0x0000000080000000, 0x0000000097700000, 0x00000000d5580000)
  object space 384000K, 51% used [0x0000000080000000,0x000000008c0df958,0x0000000097700000)
 Metaspace       used 93162K, capacity 95102K, committed 96512K, reserved 1134592K
  class space    used 11151K, capacity 11479K, committed 11776K, reserved 1048576K
2024-08-28T12:09:29.334+0600: 676476.663: [GC (Allocation Failure) [PSYoungGen: 673309K->8841K(678400K)] 870812K->206383K(1062400K), 0.0092710 secs] [Times: user=0.01 sys=0.00, real=0.01 secs] 
Heap after GC invocations=676 (full 5):
 PSYoungGen      total 678400K, used 8841K [0x00000000d5580000, 0x0000000100000000, 0x0000000100000000)
  eden space 658944K, 0% used [0x00000000d5580000,0x00000000d5580000,0x00000000fd900000)
  from space 19456K, 45% used [0x00000000fd900000,0x00000000fe1a24d8,0x00000000fec00000)
  to   space 18944K, 0% used [0x00000000fed80000,0x00000000fed80000,0x0000000100000000)
 ParOldGen       total 384000K, used 197542K [0x0000000080000000, 0x0000000097700000, 0x00000000d5580000)
  object space 384000K, 51% used [0x0000000080000000,0x000000008c0e9958,0x0000000097700000)
 Metaspace       used 93162K, capacity 95102K, committed 96512K, reserved 1134592K
  class space    used 11151K, capacity 11479K, committed 11776K, reserved 1048576K
}
{Heap before GC invocations=677 (full 5):
 PSYoungGen      total 678400K, used 667785K [0x00000000d5580000, 0x0000000100000000, 0x0000000100000000)
  eden space 658944K, 100% used [0x00000000d5580000,0x00000000fd900000,0x00000000fd900000)
  from space 19456K, 45% used [0x00000000fd900000,0x00000000fe1a24d8,0x00000000fec00000)
  to   space 18944K, 0% used [0x00000000fed80000,0x00000000fed80000,0x0000000100000000)
 ParOldGen       total 384000K, used 197542K [0x0000000080000000, 0x0000000097700000, 0x00000000d5580000)
  object space 384000K, 51% used [0x0000000080000000,0x000000008c0e9958,0x0000000097700000)
 Metaspace       used 93162K, capacity 95102K, committed 96512K, reserved 1134592K
  class space    used 11151K, capacity 11479K, committed 11776K, reserved 1048576K
2024-08-28T12:09:34.964+0600: 676482.293: [GC (Allocation Failure) [PSYoungGen: 667785K->10580K(676864K)] 865327K->208138K(1060864K), 0.0153392 secs] [Times: user=0.03 sys=0.00, real=0.02 secs] 
Heap after GC invocations=677 (full 5):
 PSYoungGen      total 676864K, used 10580K [0x00000000d5580000, 0x00000000ffd80000, 0x0000000100000000)
  eden space 660480K, 0% used [0x00000000d5580000,0x00000000d5580000,0x00000000fda80000)
  from space 16384K, 64% used [0x00000000fed80000,0x00000000ff7d5250,0x00000000ffd80000)
  to   space 17920K, 0% used [0x00000000fda80000,0x00000000fda80000,0x00000000fec00000)
 ParOldGen       total 384000K, used 197558K [0x0000000080000000, 0x0000000097700000, 0x00000000d5580000)
  object space 384000K, 51% used [0x0000000080000000,0x000000008c0ed958,0x0000000097700000)
 Metaspace       used 93162K, capacity 95102K, committed 96512K, reserved 1134592K
  class space    used 11151K, capacity 11479K, committed 11776K, reserved 1048576K
}
{Heap before GC invocations=678 (full 5):
 PSYoungGen      total 676864K, used 670169K [0x00000000d5580000, 0x00000000ffd80000, 0x0000000100000000)
  eden space 660480K, 99% used [0x00000000d5580000,0x00000000fd9a1300,0x00000000fda80000)
  from space 16384K, 64% used [0x00000000fed80000,0x00000000ff7d5250,0x00000000ffd80000)
  to   space 17920K, 0% used [0x00000000fda80000,0x00000000fda80000,0x00000000fec00000)
 ParOldGen       total 384000K, used 197558K [0x0000000080000000, 0x0000000097700000, 0x00000000d5580000)
  object space 384000K, 51% used [0x0000000080000000,0x000000008c0ed958,0x0000000097700000)
 Metaspace       used 93162K, capacity 95102K, committed 96512K, reserved 1134592K
  class space    used 11151K, capacity 11479K, committed 11776K, reserved 1048576K
2024-08-28T12:09:39.136+0600: 676486.465: [GC (Allocation Failure) [PSYoungGen: 670169K->6795K(678400K)] 867727K->204393K(1062400K), 0.0120576 secs] [Times: user=0.03 sys=0.00, real=0.01 secs] 
Heap after GC invocations=678 (full 5):
 PSYoungGen      total 678400K, used 6795K [0x00000000d5580000, 0x0000000100000000, 0x0000000100000000)
  eden space 660480K, 0% used [0x00000000d5580000,0x00000000d5580000,0x00000000fda80000)
  from space 17920K, 37% used [0x00000000fda80000,0x00000000fe122d98,0x00000000fec00000)
  to   space 17920K, 0% used [0x00000000fee80000,0x00000000fee80000,0x0000000100000000)
 ParOldGen       total 384000K, used 197598K [0x0000000080000000, 0x0000000097700000, 0x00000000d5580000)
  object space 384000K, 51% used [0x0000000080000000,0x000000008c0f7958,0x0000000097700000)
 Metaspace       used 93162K, capacity 95102K, committed 96512K, reserved 1134592K
  class space    used 11151K, capacity 11479K, committed 11776K, reserved 1048576K
}
{Heap before GC invocations=679 (full 5):
 PSYoungGen      total 678400K, used 665922K [0x00000000d5580000, 0x0000000100000000, 0x0000000100000000)
  eden space 660480K, 99% used [0x00000000d5580000,0x00000000fd92da70,0x00000000fda80000)
  from space 17920K, 37% used [0x00000000fda80000,0x00000000fe122d98,0x00000000fec00000)
  to   space 17920K, 0% used [0x00000000fee80000,0x00000000fee80000,0x0000000100000000)
 ParOldGen       total 384000K, used 197598K [0x0000000080000000, 0x0000000097700000, 0x00000000d5580000)
  object space 384000K, 51% used [0x0000000080000000,0x000000008c0f7958,0x0000000097700000)
 Metaspace       used 93162K, capacity 95102K, committed 96512K, reserved 1134592K
  class space    used 11151K, capacity 11479K, committed 11776K, reserved 1048576K
2024-08-28T12:09:44.499+0600: 676491.828: [GC (Allocation Failure) [PSYoungGen: 665922K->10450K(679936K)] 863520K->208136K(1063936K), 0.0138487 secs] [Times: user=0.03 sys=0.00, real=0.01 secs] 
Heap after GC invocations=679 (full 5):
 PSYoungGen      total 679936K, used 10450K [0x00000000d5580000, 0x00000000fff00000, 0x0000000100000000)
  eden space 663040K, 0% used [0x00000000d5580000,0x00000000d5580000,0x00000000fdd00000)
  from space 16896K, 61% used [0x00000000fee80000,0x00000000ff8b4990,0x00000000fff00000)
  to   space 17408K, 0% used [0x00000000fdd00000,0x00000000fdd00000,0x00000000fee00000)
 ParOldGen       total 384000K, used 197686K [0x0000000080000000, 0x0000000097700000, 0x00000000d5580000)
  object space 384000K, 51% used [0x0000000080000000,0x000000008c10d988,0x0000000097700000)
 Metaspace       used 93162K, capacity 95102K, committed 96512K, reserved 1134592K
  class space    used 11151K, capacity 11479K, committed 11776K, reserved 1048576K
}
{Heap before GC invocations=680 (full 5):
 PSYoungGen      total 679936K, used 673059K [0x00000000d5580000, 0x00000000fff00000, 0x0000000100000000)
  eden space 663040K, 99% used [0x00000000d5580000,0x00000000fdc94608,0x00000000fdd00000)
  from space 16896K, 61% used [0x00000000fee80000,0x00000000ff8b4990,0x00000000fff00000)
  to   space 17408K, 0% used [0x00000000fdd00000,0x00000000fdd00000,0x00000000fee00000)
 ParOldGen       total 384000K, used 197686K [0x0000000080000000, 0x0000000097700000, 0x00000000d5580000)
  object space 384000K, 51% used [0x0000000080000000,0x000000008c10d988,0x0000000097700000)
 Metaspace       used 93162K, capacity 95102K, committed 96512K, reserved 1134592K
  class space    used 11151K, capacity 11479K, committed 11776K, reserved 1048576K
2024-08-28T12:09:48.811+0600: 676496.141: [GC (Allocation Failure) [PSYoungGen: 673059K->14447K(680448K)] 870746K->212165K(1064448K), 0.0137879 secs] [Times: user=0.03 sys=0.00, real=0.01 secs] 
Heap after GC invocations=680 (full 5):
 PSYoungGen      total 680448K, used 14447K [0x00000000d5580000, 0x0000000100000000, 0x0000000100000000)
  eden space 663040K, 0% used [0x00000000d5580000,0x00000000d5580000,0x00000000fdd00000)
  from space 17408K, 82% used [0x00000000fdd00000,0x00000000feb1bd98,0x00000000fee00000)
  to   space 17920K, 0% used [0x00000000fee80000,0x00000000fee80000,0x0000000100000000)
 ParOldGen       total 384000K, used 197718K [0x0000000080000000, 0x0000000097700000, 0x00000000d5580000)
  object space 384000K, 51% used [0x0000000080000000,0x000000008c115988,0x0000000097700000)
 Metaspace       used 93162K, capacity 95102K, committed 96512K, reserved 1134592K
  class space    used 11151K, capacity 11479K, committed 11776K, reserved 1048576K
}
{Heap before GC invocations=681 (full 5):
 PSYoungGen      total 680448K, used 676104K [0x00000000d5580000, 0x0000000100000000, 0x0000000100000000)
  eden space 663040K, 99% used [0x00000000d5580000,0x00000000fdba6398,0x00000000fdd00000)
  from space 17408K, 82% used [0x00000000fdd00000,0x00000000feb1bd98,0x00000000fee00000)
  to   space 17920K, 0% used [0x00000000fee80000,0x00000000fee80000,0x0000000100000000)
 ParOldGen       total 384000K, used 197718K [0x0000000080000000, 0x0000000097700000, 0x00000000d5580000)
  object space 384000K, 51% used [0x0000000080000000,0x000000008c115988,0x0000000097700000)
 Metaspace       used 93162K, capacity 95102K, committed 96512K, reserved 1134592K
  class space    used 11151K, capacity 11479K, committed 11776K, reserved 1048576K
2024-08-28T12:09:54.008+0600: 676501.337: [GC (Allocation Failure) [PSYoungGen: 676104K->7597K(680960K)] 873822K->205347K(1064960K), 0.0121884 secs] [Times: user=0.03 sys=0.00, real=0.02 secs] 
Heap after GC invocations=681 (full 5):
 PSYoungGen      total 680960K, used 7597K [0x00000000d5580000, 0x0000000100000000, 0x0000000100000000)
  eden space 663040K, 0% used [0x00000000d5580000,0x00000000d5580000,0x00000000fdd00000)
  from space 17920K, 42% used [0x00000000fee80000,0x00000000ff5eb410,0x0000000100000000)
  to   space 17920K, 0% used [0x00000000fdd00000,0x00000000fdd00000,0x00000000fee80000)
 ParOldGen       total 384000K, used 197750K [0x0000000080000000, 0x0000000097700000, 0x00000000d5580000)
  object space 384000K, 51% used [0x0000000080000000,0x000000008c11d988,0x0000000097700000)
 Metaspace       used 93162K, capacity 95102K, committed 96512K, reserved 1134592K
  class space    used 11151K, capacity 11479K, committed 11776K, reserved 1048576K
}
{Heap before GC invocations=682 (full 5):
 PSYoungGen      total 680960K, used 666937K [0x00000000d5580000, 0x0000000100000000, 0x0000000100000000)
  eden space 663040K, 99% used [0x00000000d5580000,0x00000000fd963088,0x00000000fdd00000)
  from space 17920K, 42% used [0x00000000fee80000,0x00000000ff5eb410,0x0000000100000000)
  to   space 17920K, 0% used [0x00000000fdd00000,0x00000000fdd00000,0x00000000fee80000)
 ParOldGen       total 384000K, used 197750K [0x0000000080000000, 0x0000000097700000, 0x00000000d5580000)
  object space 384000K, 51% used [0x0000000080000000,0x000000008c11d988,0x0000000097700000)
 Metaspace       used 93162K, capacity 95102K, committed 96512K, reserved 1134592K
  class space    used 11151K, capacity 11479K, committed 11776K, reserved 1048576K
2024-08-28T12:09:58.111+0600: 676505.440: [GC (Allocation Failure) [PSYoungGen: 666937K->14333K(677376K)] 864687K->212116K(1061376K), 0.0150380 secs] [Times: user=0.03 sys=0.00, real=0.01 secs] 
Heap after GC invocations=682 (full 5):
 PSYoungGen      total 677376K, used 14333K [0x00000000d5580000, 0x0000000100000000, 0x0000000100000000)
  eden space 663040K, 0% used [0x00000000d5580000,0x00000000d5580000,0x00000000fdd00000)
  from space 14336K, 99% used [0x00000000fdd00000,0x00000000feaff708,0x00000000feb00000)
  to   space 18432K, 0% used [0x00000000fee00000,0x00000000fee00000,0x0000000100000000)
 ParOldGen       total 384000K, used 197782K [0x0000000080000000, 0x0000000097700000, 0x00000000d5580000)
  object space 384000K, 51% used [0x0000000080000000,0x000000008c125988,0x0000000097700000)
 Metaspace       used 93162K, capacity 95102K, committed 96512K, reserved 1134592K
  class space    used 11151K, capacity 11479K, committed 11776K, reserved 1048576K
}
{Heap before GC invocations=683 (full 5):
 PSYoungGen      total 677376K, used 677373K [0x00000000d5580000, 0x0000000100000000, 0x0000000100000000)
  eden space 663040K, 100% used [0x00000000d5580000,0x00000000fdd00000,0x00000000fdd00000)
  from space 14336K, 99% used [0x00000000fdd00000,0x00000000feaff708,0x00000000feb00000)
  to   space 18432K, 0% used [0x00000000fee00000,0x00000000fee00000,0x0000000100000000)
 ParOldGen       total 384000K, used 197782K [0x0000000080000000, 0x0000000097700000, 0x00000000d5580000)
  object space 384000K, 51% used [0x0000000080000000,0x000000008c125988,0x0000000097700000)
 Metaspace       used 93162K, capacity 95102K, committed 96512K, reserved 1134592K
  class space    used 11151K, capacity 11479K, committed 11776K, reserved 1048576K
2024-08-28T12:10:01.883+0600: 676509.212: [GC (Allocation Failure) [PSYoungGen: 677373K->8331K(680448K)] 875156K->206145K(1064448K), 0.0079204 secs] [Times: user=0.02 sys=0.00, real=0.01 secs] 
Heap after GC invocations=683 (full 5):
 PSYoungGen      total 680448K, used 8331K [0x00000000d5580000, 0x0000000100000000, 0x0000000100000000)
  eden space 662016K, 0% used [0x00000000d5580000,0x00000000d5580000,0x00000000fdc00000)
  from space 18432K, 45% used [0x00000000fee00000,0x00000000ff622d98,0x0000000100000000)
  to   space 18432K, 0% used [0x00000000fdc00000,0x00000000fdc00000,0x00000000fee00000)
 ParOldGen       total 384000K, used 197814K [0x0000000080000000, 0x0000000097700000, 0x00000000d5580000)
  object space 384000K, 51% used [0x0000000080000000,0x000000008c12d988,0x0000000097700000)
 Metaspace       used 93162K, capacity 95102K, committed 96512K, reserved 1134592K
  class space    used 11151K, capacity 11479K, committed 11776K, reserved 1048576K
}
{Heap before GC invocations=684 (full 5):
 PSYoungGen      total 680448K, used 669659K [0x00000000d5580000, 0x0000000100000000, 0x0000000100000000)
  eden space 662016K, 99% used [0x00000000d5580000,0x00000000fdb53eb0,0x00000000fdc00000)
  from space 18432K, 45% used [0x00000000fee00000,0x00000000ff622d98,0x0000000100000000)
  to   space 18432K, 0% used [0x00000000fdc00000,0x00000000fdc00000,0x00000000fee00000)
 ParOldGen       total 384000K, used 197814K [0x0000000080000000, 0x0000000097700000, 0x00000000d5580000)
  object space 384000K, 51% used [0x0000000080000000,0x000000008c12d988,0x0000000097700000)
 Metaspace       used 93162K, capacity 95102K, committed 96512K, reserved 1134592K
  class space    used 11151K, capacity 11479K, committed 11776K, reserved 1048576K
2024-08-28T12:10:07.657+0600: 676514.986: [GC (Allocation Failure) [PSYoungGen: 669659K->14333K(676352K)] 867473K->212172K(1060352K), 0.0129716 secs] [Times: user=0.03 sys=0.00, real=0.02 secs] 
Heap after GC invocations=684 (full 5):
 PSYoungGen      total 676352K, used 14333K [0x00000000d5580000, 0x0000000100000000, 0x0000000100000000)
  eden space 662016K, 0% used [0x00000000d5580000,0x00000000d5580000,0x00000000fdc00000)
  from space 14336K, 99% used [0x00000000fdc00000,0x00000000fe9ff708,0x00000000fea00000)
  to   space 18944K, 0% used [0x00000000fed80000,0x00000000fed80000,0x0000000100000000)
 ParOldGen       total 384000K, used 197838K [0x0000000080000000, 0x0000000097700000, 0x00000000d5580000)
  object space 384000K, 51% used [0x0000000080000000,0x000000008c133988,0x0000000097700000)
 Metaspace       used 93162K, capacity 95102K, committed 96512K, reserved 1134592K
  class space    used 11151K, capacity 11479K, committed 11776K, reserved 1048576K
}
{Heap before GC invocations=685 (full 5):
 PSYoungGen      total 676352K, used 676349K [0x00000000d5580000, 0x0000000100000000, 0x0000000100000000)
  eden space 662016K, 100% used [0x00000000d5580000,0x00000000fdc00000,0x00000000fdc00000)
  from space 14336K, 99% used [0x00000000fdc00000,0x00000000fe9ff708,0x00000000fea00000)
  to   space 18944K, 0% used [0x00000000fed80000,0x00000000fed80000,0x0000000100000000)
 ParOldGen       total 384000K, used 197838K [0x0000000080000000, 0x0000000097700000, 0x00000000d5580000)
  object space 384000K, 51% used [0x0000000080000000,0x000000008c133988,0x0000000097700000)
 Metaspace       used 93162K, capacity 95102K, committed 96512K, reserved 1134592K
  class space    used 11151K, capacity 11479K, committed 11776K, reserved 1048576K
2024-08-28T12:10:11.537+0600: 676518.866: [GC (Allocation Failure) [PSYoungGen: 676349K->8425K(680448K)] 874188K->206303K(1064448K), 0.0091006 secs] [Times: user=0.01 sys=0.00, real=0.01 secs] 
Heap after GC invocations=685 (full 5):
 PSYoungGen      total 680448K, used 8425K [0x00000000d5580000, 0x0000000100000000, 0x0000000100000000)
  eden space 661504K, 0% used [0x00000000d5580000,0x00000000d5580000,0x00000000fdb80000)
  from space 18944K, 44% used [0x00000000fed80000,0x00000000ff5ba4d8,0x0000000100000000)
  to   space 18432K, 0% used [0x00000000fdb80000,0x00000000fdb80000,0x00000000fed80000)
 ParOldGen       total 384000K, used 197878K [0x0000000080000000, 0x0000000097700000, 0x00000000d5580000)
  object space 384000K, 51% used [0x0000000080000000,0x000000008c13d988,0x0000000097700000)
 Metaspace       used 93162K, capacity 95102K, committed 96512K, reserved 1134592K
  class space    used 11151K, capacity 11479K, committed 11776K, reserved 1048576K
}
{Heap before GC invocations=686 (full 5):
 PSYoungGen      total 680448K, used 669085K [0x00000000d5580000, 0x0000000100000000, 0x0000000100000000)
  eden space 661504K, 99% used [0x00000000d5580000,0x00000000fdaad2e0,0x00000000fdb80000)
  from space 18944K, 44% used [0x00000000fed80000,0x00000000ff5ba4d8,0x0000000100000000)
  to   space 18432K, 0% used [0x00000000fdb80000,0x00000000fdb80000,0x00000000fed80000)
 ParOldGen       total 384000K, used 197878K [0x0000000080000000, 0x0000000097700000, 0x00000000d5580000)
  object space 384000K, 51% used [0x0000000080000000,0x000000008c13d988,0x0000000097700000)
 Metaspace       used 93162K, capacity 95102K, committed 96512K, reserved 1134592K
  class space    used 11151K, capacity 11479K, committed 11776K, reserved 1048576K
2024-08-28T12:10:17.052+0600: 676524.381: [GC (Allocation Failure) [PSYoungGen: 669085K->10388K(672256K)] 866964K->208410K(1056256K), 0.0117699 secs] [Times: user=0.03 sys=0.00, real=0.01 secs] 
Heap after GC invocations=686 (full 5):
 PSYoungGen      total 672256K, used 10388K [0x00000000d5580000, 0x00000000ffe80000, 0x0000000100000000)
  eden space 661504K, 0% used [0x00000000d5580000,0x00000000d5580000,0x00000000fdb80000)
  from space 10752K, 96% used [0x00000000fdb80000,0x00000000fe5a5240,0x00000000fe600000)
  to   space 17920K, 0% used [0x00000000fed00000,0x00000000fed00000,0x00000000ffe80000)
 ParOldGen       total 384000K, used 198021K [0x0000000080000000, 0x0000000097700000, 0x00000000d5580000)
  object space 384000K, 51% used [0x0000000080000000,0x000000008c1617a8,0x0000000097700000)
 Metaspace       used 93162K, capacity 95102K, committed 96512K, reserved 1134592K
  class space    used 11151K, capacity 11479K, committed 11776K, reserved 1048576K
}
{Heap before GC invocations=687 (full 5):
 PSYoungGen      total 672256K, used 671892K [0x00000000d5580000, 0x00000000ffe80000, 0x0000000100000000)
  eden space 661504K, 100% used [0x00000000d5580000,0x00000000fdb80000,0x00000000fdb80000)
  from space 10752K, 96% used [0x00000000fdb80000,0x00000000fe5a5240,0x00000000fe600000)
  to   space 17920K, 0% used [0x00000000fed00000,0x00000000fed00000,0x00000000ffe80000)
 ParOldGen       total 384000K, used 198021K [0x0000000080000000, 0x0000000097700000, 0x00000000d5580000)
  object space 384000K, 51% used [0x0000000080000000,0x000000008c1617a8,0x0000000097700000)
 Metaspace       used 93162K, capacity 95102K, committed 96512K, reserved 1134592K
  class space    used 11151K, capacity 11479K, committed 11776K, reserved 1048576K
2024-08-28T12:10:21.074+0600: 676528.403: [GC (Allocation Failure) [PSYoungGen: 671892K->8329K(679936K)] 869914K->206383K(1063936K), 0.0091533 secs] [Times: user=0.01 sys=0.00, real=0.01 secs] 
Heap after GC invocations=687 (full 5):
 PSYoungGen      total 679936K, used 8329K [0x00000000d5580000, 0x0000000100000000, 0x0000000100000000)
  eden space 662016K, 0% used [0x00000000d5580000,0x00000000d5580000,0x00000000fdc00000)
  from space 17920K, 46% used [0x00000000fed00000,0x00000000ff5224c8,0x00000000ffe80000)
  to   space 17408K, 0% used [0x00000000fdc00000,0x00000000fdc00000,0x00000000fed00000)
 ParOldGen       total 384000K, used 198053K [0x0000000080000000, 0x0000000097700000, 0x00000000d5580000)
  object space 384000K, 51% used [0x0000000080000000,0x000000008c1697a8,0x0000000097700000)
 Metaspace       used 93162K, capacity 95102K, committed 96512K, reserved 1134592K
  class space    used 11151K, capacity 11479K, committed 11776K, reserved 1048576K
}
{Heap before GC invocations=688 (full 5):
 PSYoungGen      total 679936K, used 668436K [0x00000000d5580000, 0x0000000100000000, 0x0000000100000000)
  eden space 662016K, 99% used [0x00000000d5580000,0x00000000fda22e88,0x00000000fdc00000)
  from space 17920K, 46% used [0x00000000fed00000,0x00000000ff5224c8,0x00000000ffe80000)
  to   space 17408K, 0% used [0x00000000fdc00000,0x00000000fdc00000,0x00000000fed00000)
 ParOldGen       total 384000K, used 198053K [0x0000000080000000, 0x0000000097700000, 0x00000000d5580000)
  object space 384000K, 51% used [0x0000000080000000,0x000000008c1697a8,0x0000000097700000)
 Metaspace       used 93162K, capacity 95102K, committed 96512K, reserved 1134592K
  class space    used 11151K, capacity 11479K, committed 11776K, reserved 1048576K
2024-08-28T12:10:26.446+0600: 676533.775: [GC (Allocation Failure) [PSYoungGen: 668436K->10420K(679424K)] 866490K->208498K(1063424K), 0.0104470 secs] [Times: user=0.02 sys=0.00, real=0.01 secs] 
Heap after GC invocations=688 (full 5):
 PSYoungGen      total 679424K, used 10420K [0x00000000d5580000, 0x00000000ffe80000, 0x0000000100000000)
  eden space 662016K, 0% used [0x00000000d5580000,0x00000000d5580000,0x00000000fdc00000)
  from space 17408K, 59% used [0x00000000fdc00000,0x00000000fe62d240,0x00000000fed00000)
  to   space 16896K, 0% used [0x00000000fee00000,0x00000000fee00000,0x00000000ffe80000)
 ParOldGen       total 384000K, used 198077K [0x0000000080000000, 0x0000000097700000, 0x00000000d5580000)
  object space 384000K, 51% used [0x0000000080000000,0x000000008c16f7a8,0x0000000097700000)
 Metaspace       used 93162K, capacity 95102K, committed 96512K, reserved 1134592K
  class space    used 11151K, capacity 11479K, committed 11776K, reserved 1048576K
}
{Heap before GC invocations=689 (full 5):
 PSYoungGen      total 679424K, used 665529K [0x00000000d5580000, 0x00000000ffe80000, 0x0000000100000000)
  eden space 662016K, 98% used [0x00000000d5580000,0x00000000fd5413b0,0x00000000fdc00000)
  from space 17408K, 59% used [0x00000000fdc00000,0x00000000fe62d240,0x00000000fed00000)
  to   space 16896K, 0% used [0x00000000fee00000,0x00000000fee00000,0x00000000ffe80000)
 ParOldGen       total 384000K, used 198077K [0x0000000080000000, 0x0000000097700000, 0x00000000d5580000)
  object space 384000K, 51% used [0x0000000080000000,0x000000008c16f7a8,0x0000000097700000)
 Metaspace       used 93162K, capacity 95102K, committed 96512K, reserved 1134592K
  class space    used 11151K, capacity 11479K, committed 11776K, reserved 1048576K
2024-08-28T12:10:30.652+0600: 676537.981: [GC (Allocation Failure) [PSYoungGen: 665529K->14043K(679936K)] 863607K->212153K(1063936K), 0.0158425 secs] [Times: user=0.03 sys=0.00, real=0.01 secs] 
Heap after GC invocations=689 (full 5):
 PSYoungGen      total 679936K, used 14043K [0x00000000d5580000, 0x0000000100000000, 0x0000000100000000)
  eden space 663040K, 0% used [0x00000000d5580000,0x00000000d5580000,0x00000000fdd00000)
  from space 16896K, 83% used [0x00000000fee00000,0x00000000ffbb6fd8,0x00000000ffe80000)
  to   space 17408K, 0% used [0x00000000fdd00000,0x00000000fdd00000,0x00000000fee00000)
 ParOldGen       total 384000K, used 198109K [0x0000000080000000, 0x0000000097700000, 0x00000000d5580000)
  object space 384000K, 51% used [0x0000000080000000,0x000000008c1777a8,0x0000000097700000)
 Metaspace       used 93162K, capacity 95102K, committed 96512K, reserved 1134592K
  class space    used 11151K, capacity 11479K, committed 11776K, reserved 1048576K
}
{Heap before GC invocations=690 (full 5):
 PSYoungGen      total 679936K, used 675046K [0x00000000d5580000, 0x0000000100000000, 0x0000000100000000)
  eden space 663040K, 99% used [0x00000000d5580000,0x00000000fdb02880,0x00000000fdd00000)
  from space 16896K, 83% used [0x00000000fee00000,0x00000000ffbb6fd8,0x00000000ffe80000)
  to   space 17408K, 0% used [0x00000000fdd00000,0x00000000fdd00000,0x00000000fee00000)
 ParOldGen       total 384000K, used 198109K [0x0000000080000000, 0x0000000097700000, 0x00000000d5580000)
  object space 384000K, 51% used [0x0000000080000000,0x000000008c1777a8,0x0000000097700000)
 Metaspace       used 93162K, capacity 95102K, committed 96512K, reserved 1134592K
  class space    used 11151K, capacity 11479K, committed 11776K, reserved 1048576K
2024-08-28T12:10:35.984+0600: 676543.313: [GC (Allocation Failure) [PSYoungGen: 675046K->14075K(680448K)] 873156K->212217K(1064448K), 0.0156353 secs] [Times: user=0.03 sys=0.00, real=0.02 secs] 
Heap after GC invocations=690 (full 5):
 PSYoungGen      total 680448K, used 14075K [0x00000000d5580000, 0x0000000100000000, 0x0000000100000000)
  eden space 663040K, 0% used [0x00000000d5580000,0x00000000d5580000,0x00000000fdd00000)
  from space 17408K, 80% used [0x00000000fdd00000,0x00000000feabee38,0x00000000fee00000)
  to   space 18432K, 0% used [0x00000000fee00000,0x00000000fee00000,0x0000000100000000)
 ParOldGen       total 384000K, used 198141K [0x0000000080000000, 0x0000000097700000, 0x00000000d5580000)
  object space 384000K, 51% used [0x0000000080000000,0x000000008c17f7a8,0x0000000097700000)
 Metaspace       used 93162K, capacity 95102K, committed 96512K, reserved 1134592K
  class space    used 11151K, capacity 11479K, committed 11776K, reserved 1048576K
}
{Heap before GC invocations=691 (full 5):
 PSYoungGen      total 680448K, used 676072K [0x00000000d5580000, 0x0000000100000000, 0x0000000100000000)
  eden space 663040K, 99% used [0x00000000d5580000,0x00000000fdbfb298,0x00000000fdd00000)
  from space 17408K, 80% used [0x00000000fdd00000,0x00000000feabee38,0x00000000fee00000)
  to   space 18432K, 0% used [0x00000000fee00000,0x00000000fee00000,0x0000000100000000)
 ParOldGen       total 384000K, used 198141K [0x0000000080000000, 0x0000000097700000, 0x00000000d5580000)
  object space 384000K, 51% used [0x0000000080000000,0x000000008c17f7a8,0x0000000097700000)
 Metaspace       used 93162K, capacity 95102K, committed 96512K, reserved 1134592K
  class space    used 11151K, capacity 11479K, committed 11776K, reserved 1048576K
2024-08-28T12:10:40.218+0600: 676547.547: [GC (Allocation Failure) [PSYoungGen: 676072K->10290K(680448K)] 874214K->208464K(1064448K), 0.0157173 secs] [Times: user=0.03 sys=0.00, real=0.02 secs] 
Heap after GC invocations=691 (full 5):
 PSYoungGen      total 680448K, used 10290K [0x00000000d5580000, 0x00000000fff00000, 0x0000000100000000)
  eden space 663040K, 0% used [0x00000000d5580000,0x00000000d5580000,0x00000000fdd00000)
  from space 17408K, 59% used [0x00000000fee00000,0x00000000ff80c980,0x00000000fff00000)
  to   space 17408K, 0% used [0x00000000fdd00000,0x00000000fdd00000,0x00000000fee00000)
 ParOldGen       total 384000K, used 198173K [0x0000000080000000, 0x0000000097700000, 0x00000000d5580000)
  object space 384000K, 51% used [0x0000000080000000,0x000000008c1877a8,0x0000000097700000)
 Metaspace       used 93162K, capacity 95102K, committed 96512K, reserved 1134592K
  class space    used 11151K, capacity 11479K, committed 11776K, reserved 1048576K
}
{Heap before GC invocations=692 (full 5):
 PSYoungGen      total 680448K, used 673330K [0x00000000d5580000, 0x00000000fff00000, 0x0000000100000000)
  eden space 663040K, 100% used [0x00000000d5580000,0x00000000fdd00000,0x00000000fdd00000)
  from space 17408K, 59% used [0x00000000fee00000,0x00000000ff80c980,0x00000000fff00000)
  to   space 17408K, 0% used [0x00000000fdd00000,0x00000000fdd00000,0x00000000fee00000)
 ParOldGen       total 384000K, used 198173K [0x0000000080000000, 0x0000000097700000, 0x00000000d5580000)
  object space 384000K, 51% used [0x0000000080000000,0x000000008c1877a8,0x0000000097700000)
 Metaspace       used 93162K, capacity 95102K, committed 96512K, reserved 1134592K
  class space    used 11151K, capacity 11479K, committed 11776K, reserved 1048576K
2024-08-28T12:10:45.378+0600: 676552.707: [GC (Allocation Failure) [PSYoungGen: 673330K->736K(664064K)] 871504K->198941K(1048064K), 0.0126256 secs] [Times: user=0.02 sys=0.00, real=0.02 secs] 
Heap after GC invocations=692 (full 5):
 PSYoungGen      total 664064K, used 736K [0x00000000d5580000, 0x0000000100000000, 0x0000000100000000)
  eden space 663040K, 0% used [0x00000000d5580000,0x00000000d5580000,0x00000000fdd00000)
  from space 1024K, 71% used [0x00000000fdd00000,0x00000000fddb8010,0x00000000fde00000)
  to   space 18944K, 0% used [0x00000000fed80000,0x00000000fed80000,0x0000000100000000)
 ParOldGen       total 384000K, used 198205K [0x0000000080000000, 0x0000000097700000, 0x00000000d5580000)
  object space 384000K, 51% used [0x0000000080000000,0x000000008c18f7a8,0x0000000097700000)
 Metaspace       used 93162K, capacity 95102K, committed 96512K, reserved 1134592K
  class space    used 11151K, capacity 11479K, committed 11776K, reserved 1048576K
}
{Heap before GC invocations=693 (full 5):
 PSYoungGen      total 664064K, used 662728K [0x00000000d5580000, 0x0000000100000000, 0x0000000100000000)
  eden space 663040K, 99% used [0x00000000d5580000,0x00000000fdbfa100,0x00000000fdd00000)
  from space 1024K, 71% used [0x00000000fdd00000,0x00000000fddb8010,0x00000000fde00000)
  to   space 18944K, 0% used [0x00000000fed80000,0x00000000fed80000,0x0000000100000000)
 ParOldGen       total 384000K, used 198205K [0x0000000080000000, 0x0000000097700000, 0x00000000d5580000)
  object space 384000K, 51% used [0x0000000080000000,0x000000008c18f7a8,0x0000000097700000)
 Metaspace       used 93162K, capacity 95102K, committed 96512K, reserved 1134592K
  class space    used 11151K, capacity 11479K, committed 11776K, reserved 1048576K
2024-08-28T12:10:49.575+0600: 676556.904: [GC (Allocation Failure) [PSYoungGen: 662728K->14628K(678912K)] 860934K->212858K(1062912K), 0.0162927 secs] [Times: user=0.03 sys=0.00, real=0.02 secs] 
Heap after GC invocations=693 (full 5):
 PSYoungGen      total 678912K, used 14628K [0x00000000d5580000, 0x0000000100000000, 0x0000000100000000)
  eden space 659968K, 0% used [0x00000000d5580000,0x00000000d5580000,0x00000000fda00000)
  from space 18944K, 77% used [0x00000000fed80000,0x00000000ffbc9158,0x0000000100000000)
  to   space 19456K, 0% used [0x00000000fda00000,0x00000000fda00000,0x00000000fed00000)
 ParOldGen       total 384000K, used 198229K [0x0000000080000000, 0x0000000097700000, 0x00000000d5580000)
  object space 384000K, 51% used [0x0000000080000000,0x000000008c1957a8,0x0000000097700000)
 Metaspace       used 93162K, capacity 95102K, committed 96512K, reserved 1134592K
  class space    used 11151K, capacity 11479K, committed 11776K, reserved 1048576K
}
{Heap before GC invocations=694 (full 5):
 PSYoungGen      total 678912K, used 674596K [0x00000000d5580000, 0x0000000100000000, 0x0000000100000000)
  eden space 659968K, 100% used [0x00000000d5580000,0x00000000fda00000,0x00000000fda00000)
  from space 18944K, 77% used [0x00000000fed80000,0x00000000ffbc9158,0x0000000100000000)
  to   space 19456K, 0% used [0x00000000fda00000,0x00000000fda00000,0x00000000fed00000)
 ParOldGen       total 384000K, used 198229K [0x0000000080000000, 0x0000000097700000, 0x00000000d5580000)
  object space 384000K, 51% used [0x0000000080000000,0x000000008c1957a8,0x0000000097700000)
 Metaspace       used 93162K, capacity 95102K, committed 96512K, reserved 1134592K
  class space    used 11151K, capacity 11479K, committed 11776K, reserved 1048576K
2024-08-28T12:10:53.362+0600: 676560.691: [GC (Allocation Failure) [PSYoungGen: 674596K->8349K(679424K)] 872826K->206619K(1063424K), 0.0078586 secs] [Times: user=0.02 sys=0.00, real=0.01 secs] 
Heap after GC invocations=694 (full 5):
 PSYoungGen      total 679424K, used 8349K [0x00000000d5580000, 0x00000000fff80000, 0x0000000100000000)
  eden space 659968K, 0% used [0x00000000d5580000,0x00000000d5580000,0x00000000fda00000)
  from space 19456K, 42% used [0x00000000fda00000,0x00000000fe227658,0x00000000fed00000)
  to   space 18944K, 0% used [0x00000000fed00000,0x00000000fed00000,0x00000000fff80000)
 ParOldGen       total 384000K, used 198269K [0x0000000080000000, 0x0000000097700000, 0x00000000d5580000)
  object space 384000K, 51% used [0x0000000080000000,0x000000008c19f7a8,0x0000000097700000)
 Metaspace       used 93162K, capacity 95102K, committed 96512K, reserved 1134592K
  class space    used 11151K, capacity 11479K, committed 11776K, reserved 1048576K
}
{Heap before GC invocations=695 (full 5):
 PSYoungGen      total 679424K, used 666665K [0x00000000d5580000, 0x00000000fff80000, 0x0000000100000000)
  eden space 659968K, 99% used [0x00000000d5580000,0x00000000fd863088,0x00000000fda00000)
  from space 19456K, 42% used [0x00000000fda00000,0x00000000fe227658,0x00000000fed00000)
  to   space 18944K, 0% used [0x00000000fed00000,0x00000000fed00000,0x00000000fff80000)
 ParOldGen       total 384000K, used 198269K [0x0000000080000000, 0x0000000097700000, 0x00000000d5580000)
  object space 384000K, 51% used [0x0000000080000000,0x000000008c19f7a8,0x0000000097700000)
 Metaspace       used 93162K, capacity 95102K, committed 96512K, reserved 1134592K
  class space    used 11151K, capacity 11479K, committed 11776K, reserved 1048576K
2024-08-28T12:10:59.906+0600: 676567.235: [GC (Allocation Failure) [PSYoungGen: 666665K->10548K(678400K)] 864935K->208842K(1062400K), 0.0126036 secs] [Times: user=0.03 sys=0.00, real=0.02 secs] 
Heap after GC invocations=695 (full 5):
 PSYoungGen      total 678400K, used 10548K [0x00000000d5580000, 0x00000000ffe80000, 0x0000000100000000)
  eden space 660480K, 0% used [0x00000000d5580000,0x00000000d5580000,0x00000000fda80000)
  from space 17920K, 58% used [0x00000000fed00000,0x00000000ff74d250,0x00000000ffe80000)
  to   space 18432K, 0% used [0x00000000fda80000,0x00000000fda80000,0x00000000fec80000)
 ParOldGen       total 384000K, used 198293K [0x0000000080000000, 0x0000000097700000, 0x00000000d5580000)
  object space 384000K, 51% used [0x0000000080000000,0x000000008c1a57a8,0x0000000097700000)
 Metaspace       used 93162K, capacity 95102K, committed 96512K, reserved 1134592K
  class space    used 11151K, capacity 11479K, committed 11776K, reserved 1048576K
}
{Heap before GC invocations=696 (full 5):
 PSYoungGen      total 678400K, used 671028K [0x00000000d5580000, 0x00000000ffe80000, 0x0000000100000000)
  eden space 660480K, 100% used [0x00000000d5580000,0x00000000fda80000,0x00000000fda80000)
  from space 17920K, 58% used [0x00000000fed00000,0x00000000ff74d250,0x00000000ffe80000)
  to   space 18432K, 0% used [0x00000000fda80000,0x00000000fda80000,0x00000000fec80000)
 ParOldGen       total 384000K, used 198293K [0x0000000080000000, 0x0000000097700000, 0x00000000d5580000)
  object space 384000K, 51% used [0x0000000080000000,0x000000008c1a57a8,0x0000000097700000)
 Metaspace       used 93162K, capacity 95102K, committed 96512K, reserved 1134592K
  class space    used 11151K, capacity 11479K, committed 11776K, reserved 1048576K
2024-08-28T12:11:03.937+0600: 676571.266: [GC (Allocation Failure) [PSYoungGen: 671028K->8939K(678912K)] 869322K->207273K(1062912K), 0.0089804 secs] [Times: user=0.01 sys=0.00, real=0.01 secs] 
Heap after GC invocations=696 (full 5):
 PSYoungGen      total 678912K, used 8939K [0x00000000d5580000, 0x00000000fff80000, 0x0000000100000000)
  eden space 660480K, 0% used [0x00000000d5580000,0x00000000d5580000,0x00000000fda80000)
  from space 18432K, 48% used [0x00000000fda80000,0x00000000fe33ad98,0x00000000fec80000)
  to   space 17920K, 0% used [0x00000000fee00000,0x00000000fee00000,0x00000000fff80000)
 ParOldGen       total 384000K, used 198333K [0x0000000080000000, 0x0000000097700000, 0x00000000d5580000)
  object space 384000K, 51% used [0x0000000080000000,0x000000008c1af7a8,0x0000000097700000)
 Metaspace       used 93162K, capacity 95102K, committed 96512K, reserved 1134592K
  class space    used 11151K, capacity 11479K, committed 11776K, reserved 1048576K
}
{Heap before GC invocations=697 (full 5):
 PSYoungGen      total 678912K, used 665970K [0x00000000d5580000, 0x00000000fff80000, 0x0000000100000000)
  eden space 660480K, 99% used [0x00000000d5580000,0x00000000fd721d20,0x00000000fda80000)
  from space 18432K, 48% used [0x00000000fda80000,0x00000000fe33ad98,0x00000000fec80000)
  to   space 17920K, 0% used [0x00000000fee00000,0x00000000fee00000,0x00000000fff80000)
 ParOldGen       total 384000K, used 198333K [0x0000000080000000, 0x0000000097700000, 0x00000000d5580000)
  object space 384000K, 51% used [0x0000000080000000,0x000000008c1af7a8,0x0000000097700000)
 Metaspace       used 93162K, capacity 95102K, committed 96512K, reserved 1134592K
  class space    used 11151K, capacity 11479K, committed 11776K, reserved 1048576K
2024-08-28T12:11:09.548+0600: 676576.877: [GC (Allocation Failure) [PSYoungGen: 665970K->10516K(679424K)] 864304K->208874K(1063424K), 0.0129242 secs] [Times: user=0.02 sys=0.00, real=0.02 secs] 
Heap after GC invocations=697 (full 5):
 PSYoungGen      total 679424K, used 10516K [0x00000000d5580000, 0x00000000ffe80000, 0x0000000100000000)
  eden space 662528K, 0% used [0x00000000d5580000,0x00000000d5580000,0x00000000fdc80000)
  from space 16896K, 62% used [0x00000000fee00000,0x00000000ff845250,0x00000000ffe80000)
  to   space 17408K, 0% used [0x00000000fdc80000,0x00000000fdc80000,0x00000000fed80000)
 ParOldGen       total 384000K, used 198357K [0x0000000080000000, 0x0000000097700000, 0x00000000d5580000)
  object space 384000K, 51% used [0x0000000080000000,0x000000008c1b57a8,0x0000000097700000)
 Metaspace       used 93162K, capacity 95102K, committed 96512K, reserved 1134592K
  class space    used 11151K, capacity 11479K, committed 11776K, reserved 1048576K
}
{Heap before GC invocations=698 (full 5):
 PSYoungGen      total 679424K, used 673044K [0x00000000d5580000, 0x00000000ffe80000, 0x0000000100000000)
  eden space 662528K, 100% used [0x00000000d5580000,0x00000000fdc80000,0x00000000fdc80000)
  from space 16896K, 62% used [0x00000000fee00000,0x00000000ff845250,0x00000000ffe80000)
  to   space 17408K, 0% used [0x00000000fdc80000,0x00000000fdc80000,0x00000000fed80000)
 ParOldGen       total 384000K, used 198357K [0x0000000080000000, 0x0000000097700000, 0x00000000d5580000)
  object space 384000K, 51% used [0x0000000080000000,0x000000008c1b57a8,0x0000000097700000)
 Metaspace       used 93162K, capacity 95102K, committed 96512K, reserved 1134592K
  class space    used 11151K, capacity 11479K, committed 11776K, reserved 1048576K
2024-08-28T12:11:13.601+0600: 676580.930: [GC (Allocation Failure) [PSYoungGen: 673044K->8969K(679936K)] 871402K->207359K(1063936K), 0.0096583 secs] [Times: user=0.02 sys=0.00, real=0.01 secs] 
Heap after GC invocations=698 (full 5):
 PSYoungGen      total 679936K, used 8969K [0x00000000d5580000, 0x00000000fff80000, 0x0000000100000000)
  eden space 662528K, 0% used [0x00000000d5580000,0x00000000d5580000,0x00000000fdc80000)
  from space 17408K, 51% used [0x00000000fdc80000,0x00000000fe5424d8,0x00000000fed80000)
  to   space 16896K, 0% used [0x00000000fef00000,0x00000000fef00000,0x00000000fff80000)
 ParOldGen       total 384000K, used 198389K [0x0000000080000000, 0x0000000097700000, 0x00000000d5580000)
  object space 384000K, 51% used [0x0000000080000000,0x000000008c1bd7a8,0x0000000097700000)
 Metaspace       used 93162K, capacity 95102K, committed 96512K, reserved 1134592K
  class space    used 11151K, capacity 11479K, committed 11776K, reserved 1048576K
}
{Heap before GC invocations=699 (full 5):
 PSYoungGen      total 679936K, used 670310K [0x00000000d5580000, 0x00000000fff80000, 0x0000000100000000)
  eden space 662528K, 99% used [0x00000000d5580000,0x00000000fdb57390,0x00000000fdc80000)
  from space 17408K, 51% used [0x00000000fdc80000,0x00000000fe5424d8,0x00000000fed80000)
  to   space 16896K, 0% used [0x00000000fef00000,0x00000000fef00000,0x00000000fff80000)
 ParOldGen       total 384000K, used 198389K [0x0000000080000000, 0x0000000097700000, 0x00000000d5580000)
  object space 384000K, 51% used [0x0000000080000000,0x000000008c1bd7a8,0x0000000097700000)
 Metaspace       used 93162K, capacity 95102K, committed 96512K, reserved 1134592K
  class space    used 11151K, capacity 11479K, committed 11776K, reserved 1048576K
2024-08-28T12:11:18.752+0600: 676586.081: [GC (Allocation Failure) [PSYoungGen: 670310K->10676K(680448K)] 868700K->209090K(1064448K), 0.0099078 secs] [Times: user=0.02 sys=0.00, real=0.01 secs] 
Heap after GC invocations=699 (full 5):
 PSYoungGen      total 680448K, used 10676K [0x00000000d5580000, 0x00000000ffe80000, 0x0000000100000000)
  eden space 664576K, 0% used [0x00000000d5580000,0x00000000d5580000,0x00000000fde80000)
  from space 15872K, 67% used [0x00000000fef00000,0x00000000ff96d260,0x00000000ffe80000)
  to   space 16384K, 0% used [0x00000000fde80000,0x00000000fde80000,0x00000000fee80000)
 ParOldGen       total 384000K, used 198413K [0x0000000080000000, 0x0000000097700000, 0x00000000d5580000)
  object space 384000K, 51% used [0x0000000080000000,0x000000008c1c37a8,0x0000000097700000)
 Metaspace       used 93162K, capacity 95102K, committed 96512K, reserved 1134592K
  class space    used 11151K, capacity 11479K, committed 11776K, reserved 1048576K
}
{Heap before GC invocations=700 (full 5):
 PSYoungGen      total 680448K, used 673730K [0x00000000d5580000, 0x00000000ffe80000, 0x0000000100000000)
  eden space 664576K, 99% used [0x00000000d5580000,0x00000000fdd03690,0x00000000fde80000)
  from space 15872K, 67% used [0x00000000fef00000,0x00000000ff96d260,0x00000000ffe80000)
  to   space 16384K, 0% used [0x00000000fde80000,0x00000000fde80000,0x00000000fee80000)
 ParOldGen       total 384000K, used 198413K [0x0000000080000000, 0x0000000097700000, 0x00000000d5580000)
  object space 384000K, 51% used [0x0000000080000000,0x000000008c1c37a8,0x0000000097700000)
 Metaspace       used 93162K, capacity 95102K, committed 96512K, reserved 1134592K
  class space    used 11151K, capacity 11479K, committed 11776K, reserved 1048576K
2024-08-28T12:11:22.863+0600: 676590.192: [GC (Allocation Failure) [PSYoungGen: 673730K->10546K(680960K)] 872144K->208992K(1064960K), 0.0119377 secs] [Times: user=0.03 sys=0.00, real=0.01 secs] 
Heap after GC invocations=700 (full 5):
 PSYoungGen      total 680960K, used 10546K [0x00000000d5580000, 0x00000000fff80000, 0x0000000100000000)
  eden space 664576K, 0% used [0x00000000d5580000,0x00000000d5580000,0x00000000fde80000)
  from space 16384K, 64% used [0x00000000fde80000,0x00000000fe8cc9f0,0x00000000fee80000)
  to   space 15872K, 0% used [0x00000000ff000000,0x00000000ff000000,0x00000000fff80000)
 ParOldGen       total 384000K, used 198445K [0x0000000080000000, 0x0000000097700000, 0x00000000d5580000)
  object space 384000K, 51% used [0x0000000080000000,0x000000008c1cb7a8,0x0000000097700000)
 Metaspace       used 93162K, capacity 95102K, committed 96512K, reserved 1134592K
  class space    used 11151K, capacity 11479K, committed 11776K, reserved 1048576K
}
{Heap before GC invocations=701 (full 5):
 PSYoungGen      total 680960K, used 674041K [0x00000000d5580000, 0x00000000fff80000, 0x0000000100000000)
  eden space 664576K, 99% used [0x00000000d5580000,0x00000000fdd71b30,0x00000000fde80000)
  from space 16384K, 64% used [0x00000000fde80000,0x00000000fe8cc9f0,0x00000000fee80000)
  to   space 15872K, 0% used [0x00000000ff000000,0x00000000ff000000,0x00000000fff80000)
 ParOldGen       total 384000K, used 198445K [0x0000000080000000, 0x0000000097700000, 0x00000000d5580000)
  object space 384000K, 51% used [0x0000000080000000,0x000000008c1cb7a8,0x0000000097700000)
 Metaspace       used 93162K, capacity 95102K, committed 96512K, reserved 1134592K
  class space    used 11151K, capacity 11479K, committed 11776K, reserved 1048576K
2024-08-28T12:11:27.913+0600: 676595.242: [GC (Allocation Failure) [PSYoungGen: 674041K->10514K(681472K)] 872487K->208992K(1065472K), 0.0150288 secs] [Times: user=0.03 sys=0.00, real=0.01 secs] 
Heap after GC invocations=701 (full 5):
 PSYoungGen      total 681472K, used 10514K [0x00000000d5580000, 0x00000000ffe80000, 0x0000000100000000)
  eden space 666624K, 0% used [0x00000000d5580000,0x00000000d5580000,0x00000000fe080000)
  from space 14848K, 70% used [0x00000000ff000000,0x00000000ffa449a0,0x00000000ffe80000)
  to   space 15360K, 0% used [0x00000000fe080000,0x00000000fe080000,0x00000000fef80000)
 ParOldGen       total 384000K, used 198477K [0x0000000080000000, 0x0000000097700000, 0x00000000d5580000)
  object space 384000K, 51% used [0x0000000080000000,0x000000008c1d37a8,0x0000000097700000)
 Metaspace       used 93162K, capacity 95102K, committed 96512K, reserved 1134592K
  class space    used 11151K, capacity 11479K, committed 11776K, reserved 1048576K
}
{Heap before GC invocations=702 (full 5):
 PSYoungGen      total 681472K, used 674243K [0x00000000d5580000, 0x00000000ffe80000, 0x0000000100000000)
  eden space 666624K, 99% used [0x00000000d5580000,0x00000000fddac5a8,0x00000000fe080000)
  from space 14848K, 70% used [0x00000000ff000000,0x00000000ffa449a0,0x00000000ffe80000)
  to   space 15360K, 0% used [0x00000000fe080000,0x00000000fe080000,0x00000000fef80000)
 ParOldGen       total 384000K, used 198477K [0x0000000080000000, 0x0000000097700000, 0x00000000d5580000)
  object space 384000K, 51% used [0x0000000080000000,0x000000008c1d37a8,0x0000000097700000)
 Metaspace       used 93162K, capacity 95102K, committed 96512K, reserved 1134592K
  class space    used 11151K, capacity 11479K, committed 11776K, reserved 1048576K
2024-08-28T12:11:32.213+0600: 676599.542: [GC (Allocation Failure) [PSYoungGen: 674243K->14493K(681984K)] 872721K->213003K(1065984K), 0.0099776 secs] [Times: user=0.02 sys=0.00, real=0.01 secs] 
Heap after GC invocations=702 (full 5):
 PSYoungGen      total 681984K, used 14493K [0x00000000d5580000, 0x0000000100000000, 0x0000000100000000)
  eden space 666624K, 0% used [0x00000000d5580000,0x00000000d5580000,0x00000000fe080000)
  from space 15360K, 94% used [0x00000000fe080000,0x00000000feea7728,0x00000000fef80000)
  to   space 16384K, 0% used [0x00000000ff000000,0x00000000ff000000,0x0000000100000000)
 ParOldGen       total 384000K, used 198509K [0x0000000080000000, 0x0000000097700000, 0x00000000d5580000)
  object space 384000K, 51% used [0x0000000080000000,0x000000008c1db7a8,0x0000000097700000)
 Metaspace       used 93162K, capacity 95102K, committed 96512K, reserved 1134592K
  class space    used 11151K, capacity 11479K, committed 11776K, reserved 1048576K
}
{Heap before GC invocations=703 (full 5):
 PSYoungGen      total 681984K, used 681117K [0x00000000d5580000, 0x0000000100000000, 0x0000000100000000)
  eden space 666624K, 100% used [0x00000000d5580000,0x00000000fe080000,0x00000000fe080000)
  from space 15360K, 94% used [0x00000000fe080000,0x00000000feea7728,0x00000000fef80000)
  to   space 16384K, 0% used [0x00000000ff000000,0x00000000ff000000,0x0000000100000000)
 ParOldGen       total 384000K, used 198509K [0x0000000080000000, 0x0000000097700000, 0x00000000d5580000)
  object space 384000K, 51% used [0x0000000080000000,0x000000008c1db7a8,0x0000000097700000)
 Metaspace       used 93162K, capacity 95102K, committed 96512K, reserved 1134592K
  class space    used 11151K, capacity 11479K, committed 11776K, reserved 1048576K
2024-08-28T12:11:35.856+0600: 676603.185: [GC (Allocation Failure) [PSYoungGen: 681117K->1504K(680448K)] 879627K->200053K(1064448K), 0.0080579 secs] [Times: user=0.02 sys=0.00, real=0.01 secs] 
Heap after GC invocations=703 (full 5):
 PSYoungGen      total 680448K, used 1504K [0x00000000d5580000, 0x0000000100000000, 0x0000000100000000)
  eden space 664064K, 0% used [0x00000000d5580000,0x00000000d5580000,0x00000000fde00000)
  from space 16384K, 9% used [0x00000000ff000000,0x00000000ff178030,0x0000000100000000)
  to   space 17408K, 0% used [0x00000000fde00000,0x00000000fde00000,0x00000000fef00000)
 ParOldGen       total 384000K, used 198549K [0x0000000080000000, 0x0000000097700000, 0x00000000d5580000)
  object space 384000K, 51% used [0x0000000080000000,0x000000008c1e57a8,0x0000000097700000)
 Metaspace       used 93162K, capacity 95102K, committed 96512K, reserved 1134592K
  class space    used 11151K, capacity 11479K, committed 11776K, reserved 1048576K
}
{Heap before GC invocations=704 (full 5):
 PSYoungGen      total 680448K, used 661899K [0x00000000d5580000, 0x0000000100000000, 0x0000000100000000)
  eden space 664064K, 99% used [0x00000000d5580000,0x00000000fda6ada8,0x00000000fde00000)
  from space 16384K, 9% used [0x00000000ff000000,0x00000000ff178030,0x0000000100000000)
  to   space 17408K, 0% used [0x00000000fde00000,0x00000000fde00000,0x00000000fef00000)
 ParOldGen       total 384000K, used 198549K [0x0000000080000000, 0x0000000097700000, 0x00000000d5580000)
  object space 384000K, 51% used [0x0000000080000000,0x000000008c1e57a8,0x0000000097700000)
 Metaspace       used 93162K, capacity 95102K, committed 96512K, reserved 1134592K
  class space    used 11151K, capacity 11479K, committed 11776K, reserved 1048576K
2024-08-28T12:11:41.633+0600: 676608.962: [GC (Allocation Failure) [PSYoungGen: 661899K->14427K(678912K)] 860449K->213001K(1062912K), 0.0152381 secs] [Times: user=0.03 sys=0.00, real=0.01 secs] 
Heap after GC invocations=704 (full 5):
 PSYoungGen      total 678912K, used 14427K [0x00000000d5580000, 0x0000000100000000, 0x0000000100000000)
  eden space 664064K, 0% used [0x00000000d5580000,0x00000000d5580000,0x00000000fde00000)
  from space 14848K, 97% used [0x00000000fde00000,0x00000000fec16e68,0x00000000fec80000)
  to   space 18432K, 0% used [0x00000000fee00000,0x00000000fee00000,0x0000000100000000)
 ParOldGen       total 384000K, used 198573K [0x0000000080000000, 0x0000000097700000, 0x00000000d5580000)
  object space 384000K, 51% used [0x0000000080000000,0x000000008c1eb7a8,0x0000000097700000)
 Metaspace       used 93162K, capacity 95102K, committed 96512K, reserved 1134592K
  class space    used 11151K, capacity 11479K, committed 11776K, reserved 1048576K
}
{Heap before GC invocations=705 (full 5):
 PSYoungGen      total 678912K, used 678491K [0x00000000d5580000, 0x0000000100000000, 0x0000000100000000)
  eden space 664064K, 100% used [0x00000000d5580000,0x00000000fde00000,0x00000000fde00000)
  from space 14848K, 97% used [0x00000000fde00000,0x00000000fec16e68,0x00000000fec80000)
  to   space 18432K, 0% used [0x00000000fee00000,0x00000000fee00000,0x0000000100000000)
 ParOldGen       total 384000K, used 198573K [0x0000000080000000, 0x0000000097700000, 0x00000000d5580000)
  object space 384000K, 51% used [0x0000000080000000,0x000000008c1eb7a8,0x0000000097700000)
 Metaspace       used 93162K, capacity 95102K, committed 96512K, reserved 1134592K
  class space    used 11151K, capacity 11479K, committed 11776K, reserved 1048576K
2024-08-28T12:11:45.307+0600: 676612.636: [GC (Allocation Failure) [PSYoungGen: 678491K->8585K(680960K)] 877065K->207199K(1064960K), 0.0080691 secs] [Times: user=0.02 sys=0.00, real=0.01 secs] 
Heap after GC invocations=705 (full 5):
 PSYoungGen      total 680960K, used 8585K [0x00000000d5580000, 0x0000000100000000, 0x0000000100000000)
  eden space 662528K, 0% used [0x00000000d5580000,0x00000000d5580000,0x00000000fdc80000)
  from space 18432K, 46% used [0x00000000fee00000,0x00000000ff662508,0x0000000100000000)
  to   space 17920K, 0% used [0x00000000fdc80000,0x00000000fdc80000,0x00000000fee00000)
 ParOldGen       total 384000K, used 198613K [0x0000000080000000, 0x0000000097700000, 0x00000000d5580000)
  object space 384000K, 51% used [0x0000000080000000,0x000000008c1f57a8,0x0000000097700000)
 Metaspace       used 93162K, capacity 95102K, committed 96512K, reserved 1134592K
  class space    used 11151K, capacity 11479K, committed 11776K, reserved 1048576K
}
{Heap before GC invocations=706 (full 5):
 PSYoungGen      total 680960K, used 670513K [0x00000000d5580000, 0x0000000100000000, 0x0000000100000000)
  eden space 662528K, 99% used [0x00000000d5580000,0x00000000fdbea2e0,0x00000000fdc80000)
  from space 18432K, 46% used [0x00000000fee00000,0x00000000ff662508,0x0000000100000000)
  to   space 17920K, 0% used [0x00000000fdc80000,0x00000000fdc80000,0x00000000fee00000)
 ParOldGen       total 384000K, used 198613K [0x0000000080000000, 0x0000000097700000, 0x00000000d5580000)
  object space 384000K, 51% used [0x0000000080000000,0x000000008c1f57a8,0x0000000097700000)
 Metaspace       used 93162K, capacity 95102K, committed 96512K, reserved 1134592K
  class space    used 11151K, capacity 11479K, committed 11776K, reserved 1048576K
2024-08-28T12:11:51.122+0600: 676618.451: [GC (Allocation Failure) [PSYoungGen: 670513K->10770K(673792K)] 869127K->209408K(1057792K), 0.0095999 secs] [Times: user=0.02 sys=0.00, real=0.01 secs] 
Heap after GC invocations=706 (full 5):
 PSYoungGen      total 673792K, used 10770K [0x00000000d5580000, 0x00000000ffe80000, 0x0000000100000000)
  eden space 662528K, 0% used [0x00000000d5580000,0x00000000d5580000,0x00000000fdc80000)
  from space 11264K, 95% used [0x00000000fdc80000,0x00000000fe7049c0,0x00000000fe780000)
  to   space 17408K, 0% used [0x00000000fed80000,0x00000000fed80000,0x00000000ffe80000)
 ParOldGen       total 384000K, used 198637K [0x0000000080000000, 0x0000000097700000, 0x00000000d5580000)
  object space 384000K, 51% used [0x0000000080000000,0x000000008c1fb7a8,0x0000000097700000)
 Metaspace       used 93162K, capacity 95102K, committed 96512K, reserved 1134592K
  class space    used 11151K, capacity 11479K, committed 11776K, reserved 1048576K
}
{Heap before GC invocations=707 (full 5):
 PSYoungGen      total 673792K, used 673298K [0x00000000d5580000, 0x00000000ffe80000, 0x0000000100000000)
  eden space 662528K, 100% used [0x00000000d5580000,0x00000000fdc80000,0x00000000fdc80000)
  from space 11264K, 95% used [0x00000000fdc80000,0x00000000fe7049c0,0x00000000fe780000)
  to   space 17408K, 0% used [0x00000000fed80000,0x00000000fed80000,0x00000000ffe80000)
 ParOldGen       total 384000K, used 198637K [0x0000000080000000, 0x0000000097700000, 0x00000000d5580000)
  object space 384000K, 51% used [0x0000000080000000,0x000000008c1fb7a8,0x0000000097700000)
 Metaspace       used 93162K, capacity 95102K, committed 96512K, reserved 1134592K
  class space    used 11151K, capacity 11479K, committed 11776K, reserved 1048576K
2024-08-28T12:11:55.086+0600: 676622.415: [GC (Allocation Failure) [PSYoungGen: 673298K->8777K(680448K)] 871936K->207455K(1064448K), 0.0079672 secs] [Times: user=0.02 sys=0.00, real=0.01 secs] 
Heap after GC invocations=707 (full 5):
 PSYoungGen      total 680448K, used 8777K [0x00000000d5580000, 0x0000000100000000, 0x0000000100000000)
  eden space 663040K, 0% used [0x00000000d5580000,0x00000000d5580000,0x00000000fdd00000)
  from space 17408K, 50% used [0x00000000fed80000,0x00000000ff612508,0x00000000ffe80000)
  to   space 16896K, 0% used [0x00000000fdd00000,0x00000000fdd00000,0x00000000fed80000)
 ParOldGen       total 384000K, used 198677K [0x0000000080000000, 0x0000000097700000, 0x00000000d5580000)
  object space 384000K, 51% used [0x0000000080000000,0x000000008c2057a8,0x0000000097700000)
 Metaspace       used 93162K, capacity 95102K, committed 96512K, reserved 1134592K
  class space    used 11151K, capacity 11479K, committed 11776K, reserved 1048576K
}
{Heap before GC invocations=708 (full 5):
 PSYoungGen      total 680448K, used 669518K [0x00000000d5580000, 0x0000000100000000, 0x0000000100000000)
  eden space 663040K, 99% used [0x00000000d5580000,0x00000000fdac16b8,0x00000000fdd00000)
  from space 17408K, 50% used [0x00000000fed80000,0x00000000ff612508,0x00000000ffe80000)
  to   space 16896K, 0% used [0x00000000fdd00000,0x00000000fdd00000,0x00000000fed80000)
 ParOldGen       total 384000K, used 198677K [0x0000000080000000, 0x0000000097700000, 0x00000000d5580000)
  object space 384000K, 51% used [0x0000000080000000,0x000000008c2057a8,0x0000000097700000)
 Metaspace       used 93164K, capacity 95102K, committed 96512K, reserved 1134592K
  class space    used 11151K, capacity 11479K, committed 11776K, reserved 1048576K
2024-08-28T12:12:00.627+0600: 676627.956: [GC (Allocation Failure) [PSYoungGen: 669518K->15174K(679936K)] 868196K->213884K(1063936K), 0.0103622 secs] [Times: user=0.02 sys=0.00, real=0.01 secs] 
Heap after GC invocations=708 (full 5):
 PSYoungGen      total 679936K, used 15174K [0x00000000d5580000, 0x0000000100000000, 0x0000000100000000)
  eden space 663040K, 0% used [0x00000000d5580000,0x00000000d5580000,0x00000000fdd00000)
  from space 16896K, 89% used [0x00000000fdd00000,0x00000000febd1a58,0x00000000fed80000)
  to   space 18432K, 0% used [0x00000000fee00000,0x00000000fee00000,0x0000000100000000)
 ParOldGen       total 384000K, used 198709K [0x0000000080000000, 0x0000000097700000, 0x00000000d5580000)
  object space 384000K, 51% used [0x0000000080000000,0x000000008c20d7a8,0x0000000097700000)
 Metaspace       used 93164K, capacity 95102K, committed 96512K, reserved 1134592K
  class space    used 11151K, capacity 11479K, committed 11776K, reserved 1048576K
}
{Heap before GC invocations=709 (full 5):
 PSYoungGen      total 679936K, used 678214K [0x00000000d5580000, 0x0000000100000000, 0x0000000100000000)
  eden space 663040K, 100% used [0x00000000d5580000,0x00000000fdd00000,0x00000000fdd00000)
  from space 16896K, 89% used [0x00000000fdd00000,0x00000000febd1a58,0x00000000fed80000)
  to   space 18432K, 0% used [0x00000000fee00000,0x00000000fee00000,0x0000000100000000)
 ParOldGen       total 384000K, used 198709K [0x0000000080000000, 0x0000000097700000, 0x00000000d5580000)
  object space 384000K, 51% used [0x0000000080000000,0x000000008c20d7a8,0x0000000097700000)
 Metaspace       used 93164K, capacity 95102K, committed 96512K, reserved 1134592K
  class space    used 11151K, capacity 11479K, committed 11776K, reserved 1048576K
2024-08-28T12:12:04.742+0600: 676632.071: [GC (Allocation Failure) [PSYoungGen: 678214K->8844K(680960K)] 876924K->207586K(1064960K), 0.0089932 secs] [Times: user=0.01 sys=0.00, real=0.01 secs] 
Heap after GC invocations=709 (full 5):
 PSYoungGen      total 680960K, used 8844K [0x00000000d5580000, 0x0000000100000000, 0x0000000100000000)
  eden space 662528K, 0% used [0x00000000d5580000,0x00000000d5580000,0x00000000fdc80000)
  from space 18432K, 47% used [0x00000000fee00000,0x00000000ff6a3228,0x0000000100000000)
  to   space 17920K, 0% used [0x00000000fdc80000,0x00000000fdc80000,0x00000000fee00000)
 ParOldGen       total 384000K, used 198741K [0x0000000080000000, 0x0000000097700000, 0x00000000d5580000)
  object space 384000K, 51% used [0x0000000080000000,0x000000008c2157a8,0x0000000097700000)
 Metaspace       used 93164K, capacity 95102K, committed 96512K, reserved 1134592K
  class space    used 11151K, capacity 11479K, committed 11776K, reserved 1048576K
}
{Heap before GC invocations=710 (full 5):
 PSYoungGen      total 680960K, used 669520K [0x00000000d5580000, 0x0000000100000000, 0x0000000100000000)
  eden space 662528K, 99% used [0x00000000d5580000,0x00000000fdab1010,0x00000000fdc80000)
  from space 18432K, 47% used [0x00000000fee00000,0x00000000ff6a3228,0x0000000100000000)
  to   space 17920K, 0% used [0x00000000fdc80000,0x00000000fdc80000,0x00000000fee00000)
 ParOldGen       total 384000K, used 198741K [0x0000000080000000, 0x0000000097700000, 0x00000000d5580000)
  object space 384000K, 51% used [0x0000000080000000,0x000000008c2157a8,0x0000000097700000)
 Metaspace       used 93164K, capacity 95102K, committed 96512K, reserved 1134592K
  class space    used 11151K, capacity 11479K, committed 11776K, reserved 1048576K
2024-08-28T12:12:10.199+0600: 676637.529: [GC (Allocation Failure) [PSYoungGen: 669520K->10950K(673792K)] 868262K->209835K(1057792K), 0.0102983 secs] [Times: user=0.02 sys=0.00, real=0.01 secs] 
Heap after GC invocations=710 (full 5):
 PSYoungGen      total 673792K, used 10950K [0x00000000d5580000, 0x00000000ffe80000, 0x0000000100000000)
  eden space 662528K, 0% used [0x00000000d5580000,0x00000000d5580000,0x00000000fdc80000)
  from space 11264K, 97% used [0x00000000fdc80000,0x00000000fe731900,0x00000000fe780000)
  to   space 17408K, 0% used [0x00000000fed80000,0x00000000fed80000,0x00000000ffe80000)
 ParOldGen       total 384000K, used 198885K [0x0000000080000000, 0x0000000097700000, 0x00000000d5580000)
  object space 384000K, 51% used [0x0000000080000000,0x000000008c2395c8,0x0000000097700000)
 Metaspace       used 93164K, capacity 95102K, committed 96512K, reserved 1134592K
  class space    used 11151K, capacity 11479K, committed 11776K, reserved 1048576K
}
{Heap before GC invocations=711 (full 5):
 PSYoungGen      total 673792K, used 670527K [0x00000000d5580000, 0x00000000ffe80000, 0x0000000100000000)
  eden space 662528K, 99% used [0x00000000d5580000,0x00000000fd99e4d8,0x00000000fdc80000)
  from space 11264K, 97% used [0x00000000fdc80000,0x00000000fe731900,0x00000000fe780000)
  to   space 17408K, 0% used [0x00000000fed80000,0x00000000fed80000,0x00000000ffe80000)
 ParOldGen       total 384000K, used 198885K [0x0000000080000000, 0x0000000097700000, 0x00000000d5580000)
  object space 384000K, 51% used [0x0000000080000000,0x000000008c2395c8,0x0000000097700000)
 Metaspace       used 93164K, capacity 95102K, committed 96512K, reserved 1134592K
  class space    used 11151K, capacity 11479K, committed 11776K, reserved 1048576K
2024-08-28T12:12:14.419+0600: 676641.748: [GC (Allocation Failure) [PSYoungGen: 670527K->10804K(680448K)] 869412K->209714K(1064448K), 0.0138783 secs] [Times: user=0.03 sys=0.00, real=0.02 secs] 
Heap after GC invocations=711 (full 5):
 PSYoungGen      total 680448K, used 10804K [0x00000000d5580000, 0x0000000100000000, 0x0000000100000000)
  eden space 663040K, 0% used [0x00000000d5580000,0x00000000d5580000,0x00000000fdd00000)
  from space 17408K, 62% used [0x00000000fed80000,0x00000000ff80d2c0,0x00000000ffe80000)
  to   space 16896K, 0% used [0x00000000fdd00000,0x00000000fdd00000,0x00000000fed80000)
 ParOldGen       total 384000K, used 198909K [0x0000000080000000, 0x0000000097700000, 0x00000000d5580000)
  object space 384000K, 51% used [0x0000000080000000,0x000000008c23f5c8,0x0000000097700000)
 Metaspace       used 93164K, capacity 95102K, committed 96512K, reserved 1134592K
  class space    used 11151K, capacity 11479K, committed 11776K, reserved 1048576K
}
{Heap before GC invocations=712 (full 5):
 PSYoungGen      total 680448K, used 671962K [0x00000000d5580000, 0x0000000100000000, 0x0000000100000000)
  eden space 663040K, 99% used [0x00000000d5580000,0x00000000fdb29738,0x00000000fdd00000)
  from space 17408K, 62% used [0x00000000fed80000,0x00000000ff80d2c0,0x00000000ffe80000)
  to   space 16896K, 0% used [0x00000000fdd00000,0x00000000fdd00000,0x00000000fed80000)
 ParOldGen       total 384000K, used 198909K [0x0000000080000000, 0x0000000097700000, 0x00000000d5580000)
  object space 384000K, 51% used [0x0000000080000000,0x000000008c23f5c8,0x0000000097700000)
 Metaspace       used 93164K, capacity 95102K, committed 96512K, reserved 1134592K
  class space    used 11151K, capacity 11479K, committed 11776K, reserved 1048576K
2024-08-28T12:12:19.645+0600: 676646.974: [GC (Allocation Failure) [PSYoungGen: 671962K->10674K(679936K)] 870871K->209615K(1063936K), 0.0122194 secs] [Times: user=0.03 sys=0.00, real=0.01 secs] 
Heap after GC invocations=712 (full 5):
 PSYoungGen      total 679936K, used 10674K [0x00000000d5580000, 0x00000000ffe80000, 0x0000000100000000)
  eden space 663040K, 0% used [0x00000000d5580000,0x00000000d5580000,0x00000000fdd00000)
  from space 16896K, 63% used [0x00000000fdd00000,0x00000000fe76c9b0,0x00000000fed80000)
  to   space 16384K, 0% used [0x00000000fee80000,0x00000000fee80000,0x00000000ffe80000)
 ParOldGen       total 384000K, used 198941K [0x0000000080000000, 0x0000000097700000, 0x00000000d5580000)
  object space 384000K, 51% used [0x0000000080000000,0x000000008c2475c8,0x0000000097700000)
 Metaspace       used 93164K, capacity 95102K, committed 96512K, reserved 1134592K
  class space    used 11151K, capacity 11479K, committed 11776K, reserved 1048576K
}
{Heap before GC invocations=713 (full 5):
 PSYoungGen      total 679936K, used 670668K [0x00000000d5580000, 0x00000000ffe80000, 0x0000000100000000)
  eden space 663040K, 99% used [0x00000000d5580000,0x00000000fda06898,0x00000000fdd00000)
  from space 16896K, 63% used [0x00000000fdd00000,0x00000000fe76c9b0,0x00000000fed80000)
  to   space 16384K, 0% used [0x00000000fee80000,0x00000000fee80000,0x00000000ffe80000)
 ParOldGen       total 384000K, used 198941K [0x0000000080000000, 0x0000000097700000, 0x00000000d5580000)
  object space 384000K, 51% used [0x0000000080000000,0x000000008c2475c8,0x0000000097700000)
 Metaspace       used 93164K, capacity 95102K, committed 96512K, reserved 1134592K
  class space    used 11151K, capacity 11479K, committed 11776K, reserved 1048576K
2024-08-28T12:12:23.955+0600: 676651.284: [GC (Allocation Failure) [PSYoungGen: 670668K->10706K(681472K)] 869610K->209671K(1065472K), 0.0135411 secs] [Times: user=0.03 sys=0.00, real=0.02 secs] 
Heap after GC invocations=713 (full 5):
 PSYoungGen      total 681472K, used 10706K [0x00000000d5580000, 0x00000000ffe80000, 0x0000000100000000)
  eden space 665088K, 0% used [0x00000000d5580000,0x00000000d5580000,0x00000000fdf00000)
  from space 16384K, 65% used [0x00000000fee80000,0x00000000ff8f49b0,0x00000000ffe80000)
  to   space 15872K, 0% used [0x00000000fdf00000,0x00000000fdf00000,0x00000000fee80000)
 ParOldGen       total 384000K, used 198965K [0x0000000080000000, 0x0000000097700000, 0x00000000d5580000)
  object space 384000K, 51% used [0x0000000080000000,0x000000008c24d5c8,0x0000000097700000)
 Metaspace       used 93164K, capacity 95102K, committed 96512K, reserved 1134592K
  class space    used 11151K, capacity 11479K, committed 11776K, reserved 1048576K
}
{Heap before GC invocations=714 (full 5):
 PSYoungGen      total 681472K, used 675794K [0x00000000d5580000, 0x00000000ffe80000, 0x0000000100000000)
  eden space 665088K, 100% used [0x00000000d5580000,0x00000000fdf00000,0x00000000fdf00000)
  from space 16384K, 65% used [0x00000000fee80000,0x00000000ff8f49b0,0x00000000ffe80000)
  to   space 15872K, 0% used [0x00000000fdf00000,0x00000000fdf00000,0x00000000fee80000)
 ParOldGen       total 384000K, used 198965K [0x0000000080000000, 0x0000000097700000, 0x00000000d5580000)
  object space 384000K, 51% used [0x0000000080000000,0x000000008c24d5c8,0x0000000097700000)
 Metaspace       used 93164K, capacity 95102K, committed 96512K, reserved 1134592K
  class space    used 11151K, capacity 11479K, committed 11776K, reserved 1048576K
2024-08-28T12:12:27.526+0600: 676654.855: [GC (Allocation Failure) [PSYoungGen: 675794K->1666K(680960K)] 874759K->200783K(1064960K), 0.0101768 secs] [Times: user=0.02 sys=0.00, real=0.01 secs] 
Heap after GC invocations=714 (full 5):
 PSYoungGen      total 680960K, used 1666K [0x00000000d5580000, 0x0000000100000000, 0x0000000100000000)
  eden space 665088K, 0% used [0x00000000d5580000,0x00000000d5580000,0x00000000fdf00000)
  from space 15872K, 10% used [0x00000000fdf00000,0x00000000fe0a08e0,0x00000000fee80000)
  to   space 16896K, 0% used [0x00000000fef80000,0x00000000fef80000,0x0000000100000000)
 ParOldGen       total 384000K, used 199116K [0x0000000080000000, 0x0000000097700000, 0x00000000d5580000)
  object space 384000K, 51% used [0x0000000080000000,0x000000008c2733e8,0x0000000097700000)
 Metaspace       used 93164K, capacity 95102K, committed 96512K, reserved 1134592K
  class space    used 11151K, capacity 11479K, committed 11776K, reserved 1048576K
}
{Heap before GC invocations=715 (full 5):
 PSYoungGen      total 680960K, used 663788K [0x00000000d5580000, 0x0000000100000000, 0x0000000100000000)
  eden space 665088K, 99% used [0x00000000d5580000,0x00000000fdc1a828,0x00000000fdf00000)
  from space 15872K, 10% used [0x00000000fdf00000,0x00000000fe0a08e0,0x00000000fee80000)
  to   space 16896K, 0% used [0x00000000fef80000,0x00000000fef80000,0x0000000100000000)
 ParOldGen       total 384000K, used 199116K [0x0000000080000000, 0x0000000097700000, 0x00000000d5580000)
  object space 384000K, 51% used [0x0000000080000000,0x000000008c2733e8,0x0000000097700000)
 Metaspace       used 93164K, capacity 95102K, committed 96512K, reserved 1134592K
  class space    used 11151K, capacity 11479K, committed 11776K, reserved 1048576K
2024-08-28T12:12:33.473+0600: 676660.802: [GC (Allocation Failure) [PSYoungGen: 663788K->10578K(682496K)] 862905K->209719K(1066496K), 0.0140869 secs] [Times: user=0.03 sys=0.00, real=0.01 secs] 
Heap after GC invocations=715 (full 5):
 PSYoungGen      total 682496K, used 10578K [0x00000000d5580000, 0x0000000100000000, 0x0000000100000000)
  eden space 665600K, 0% used [0x00000000d5580000,0x00000000d5580000,0x00000000fdf80000)
  from space 16896K, 62% used [0x00000000fef80000,0x00000000ff9d49a0,0x0000000100000000)
  to   space 16384K, 0% used [0x00000000fdf80000,0x00000000fdf80000,0x00000000fef80000)
 ParOldGen       total 384000K, used 199140K [0x0000000080000000, 0x0000000097700000, 0x00000000d5580000)
  object space 384000K, 51% used [0x0000000080000000,0x000000008c2793e8,0x0000000097700000)
 Metaspace       used 93164K, capacity 95102K, committed 96512K, reserved 1134592K
  class space    used 11151K, capacity 11479K, committed 11776K, reserved 1048576K
}
{Heap before GC invocations=716 (full 5):
 PSYoungGen      total 682496K, used 676178K [0x00000000d5580000, 0x0000000100000000, 0x0000000100000000)
  eden space 665600K, 100% used [0x00000000d5580000,0x00000000fdf80000,0x00000000fdf80000)
  from space 16896K, 62% used [0x00000000fef80000,0x00000000ff9d49a0,0x0000000100000000)
  to   space 16384K, 0% used [0x00000000fdf80000,0x00000000fdf80000,0x00000000fef80000)
 ParOldGen       total 384000K, used 199140K [0x0000000080000000, 0x0000000097700000, 0x00000000d5580000)
  object space 384000K, 51% used [0x0000000080000000,0x000000008c2793e8,0x0000000097700000)
 Metaspace       used 93164K, capacity 95102K, committed 96512K, reserved 1134592K
  class space    used 11151K, capacity 11479K, committed 11776K, reserved 1048576K
2024-08-28T12:12:37.322+0600: 676664.651: [GC (Allocation Failure) [PSYoungGen: 676178K->8555K(674304K)] 875319K->207736K(1058304K), 0.0079668 secs] [Times: user=0.01 sys=0.00, real=0.01 secs] 
Heap after GC invocations=716 (full 5):
 PSYoungGen      total 674304K, used 8555K [0x00000000d5580000, 0x00000000ffe80000, 0x0000000100000000)
  eden space 665600K, 0% used [0x00000000d5580000,0x00000000d5580000,0x00000000fdf80000)
  from space 8704K, 98% used [0x00000000fdf80000,0x00000000fe7dada8,0x00000000fe800000)
  to   space 15872K, 0% used [0x00000000fef00000,0x00000000fef00000,0x00000000ffe80000)
 ParOldGen       total 384000K, used 199180K [0x0000000080000000, 0x0000000097700000, 0x00000000d5580000)
  object space 384000K, 51% used [0x0000000080000000,0x000000008c2833e8,0x0000000097700000)
 Metaspace       used 93164K, capacity 95102K, committed 96512K, reserved 1134592K
  class space    used 11151K, capacity 11479K, committed 11776K, reserved 1048576K
}
{Heap before GC invocations=717 (full 5):
 PSYoungGen      total 674304K, used 673432K [0x00000000d5580000, 0x00000000ffe80000, 0x0000000100000000)
  eden space 665600K, 99% used [0x00000000d5580000,0x00000000fdecb568,0x00000000fdf80000)
  from space 8704K, 98% used [0x00000000fdf80000,0x00000000fe7dada8,0x00000000fe800000)
  to   space 15872K, 0% used [0x00000000fef00000,0x00000000fef00000,0x00000000ffe80000)
 ParOldGen       total 384000K, used 199180K [0x0000000080000000, 0x0000000097700000, 0x00000000d5580000)
  object space 384000K, 51% used [0x0000000080000000,0x000000008c2833e8,0x0000000097700000)
 Metaspace       used 93164K, capacity 95102K, committed 96512K, reserved 1134592K
  class space    used 11151K, capacity 11479K, committed 11776K, reserved 1048576K
2024-08-28T12:12:43.051+0600: 676670.380: [GC (Allocation Failure) [PSYoungGen: 673432K->14267K(680448K)] 872613K->213528K(1064448K), 0.0120878 secs] [Times: user=0.03 sys=0.00, real=0.01 secs] 
Heap after GC invocations=717 (full 5):
 PSYoungGen      total 680448K, used 14267K [0x00000000d5580000, 0x0000000100000000, 0x0000000100000000)
  eden space 664576K, 0% used [0x00000000d5580000,0x00000000d5580000,0x00000000fde80000)
  from space 15872K, 89% used [0x00000000fef00000,0x00000000ffceee48,0x00000000ffe80000)
  to   space 16896K, 0% used [0x00000000fde80000,0x00000000fde80000,0x00000000fef00000)
 ParOldGen       total 384000K, used 199260K [0x0000000080000000, 0x0000000097700000, 0x00000000d5580000)
  object space 384000K, 51% used [0x0000000080000000,0x000000008c2971d8,0x0000000097700000)
 Metaspace       used 93164K, capacity 95102K, committed 96512K, reserved 1134592K
  class space    used 11151K, capacity 11479K, committed 11776K, reserved 1048576K
}
{Heap before GC invocations=718 (full 5):
 PSYoungGen      total 680448K, used 678843K [0x00000000d5580000, 0x0000000100000000, 0x0000000100000000)
  eden space 664576K, 100% used [0x00000000d5580000,0x00000000fde80000,0x00000000fde80000)
  from space 15872K, 89% used [0x00000000fef00000,0x00000000ffceee48,0x00000000ffe80000)
  to   space 16896K, 0% used [0x00000000fde80000,0x00000000fde80000,0x00000000fef00000)
 ParOldGen       total 384000K, used 199260K [0x0000000080000000, 0x0000000097700000, 0x00000000d5580000)
  object space 384000K, 51% used [0x0000000080000000,0x000000008c2971d8,0x0000000097700000)
 Metaspace       used 93164K, capacity 95102K, committed 96512K, reserved 1134592K
  class space    used 11151K, capacity 11479K, committed 11776K, reserved 1048576K
2024-08-28T12:12:46.947+0600: 676674.276: [GC (Allocation Failure) [PSYoungGen: 678843K->8809K(681472K)] 878104K->208173K(1065472K), 0.0097115 secs] [Times: user=0.01 sys=0.00, real=0.01 secs] 
Heap after GC invocations=718 (full 5):
 PSYoungGen      total 681472K, used 8809K [0x00000000d5580000, 0x0000000100000000, 0x0000000100000000)
  eden space 664576K, 0% used [0x00000000d5580000,0x00000000d5580000,0x00000000fde80000)
  from space 16896K, 52% used [0x00000000fde80000,0x00000000fe71a4d8,0x00000000fef00000)
  to   space 16896K, 0% used [0x00000000fef80000,0x00000000fef80000,0x0000000100000000)
 ParOldGen       total 384000K, used 199364K [0x0000000080000000, 0x0000000097700000, 0x00000000d5580000)
  object space 384000K, 51% used [0x0000000080000000,0x000000008c2b1208,0x0000000097700000)
 Metaspace       used 93164K, capacity 95102K, committed 96512K, reserved 1134592K
  class space    used 11151K, capacity 11479K, committed 11776K, reserved 1048576K
}
{Heap before GC invocations=719 (full 5):
 PSYoungGen      total 681472K, used 671857K [0x00000000d5580000, 0x0000000100000000, 0x0000000100000000)
  eden space 664576K, 99% used [0x00000000d5580000,0x00000000fdd022e8,0x00000000fde80000)
  from space 16896K, 52% used [0x00000000fde80000,0x00000000fe71a4d8,0x00000000fef00000)
  to   space 16896K, 0% used [0x00000000fef80000,0x00000000fef80000,0x0000000100000000)
 ParOldGen       total 384000K, used 199364K [0x0000000080000000, 0x0000000097700000, 0x00000000d5580000)
  object space 384000K, 51% used [0x0000000080000000,0x000000008c2b1208,0x0000000097700000)
 Metaspace       used 93164K, capacity 95102K, committed 96512K, reserved 1134592K
  class space    used 11151K, capacity 11479K, committed 11776K, reserved 1048576K
2024-08-28T12:12:52.988+0600: 676680.317: [GC (Allocation Failure) [PSYoungGen: 671857K->10514K(680960K)] 871222K->209902K(1064960K), 0.0134339 secs] [Times: user=0.02 sys=0.00, real=0.02 secs] 
Heap after GC invocations=719 (full 5):
 PSYoungGen      total 680960K, used 10514K [0x00000000d5580000, 0x00000000fff00000, 0x0000000100000000)
  eden space 665088K, 0% used [0x00000000d5580000,0x00000000d5580000,0x00000000fdf00000)
  from space 15872K, 66% used [0x00000000fef80000,0x00000000ff9c49a0,0x00000000fff00000)
  to   space 16384K, 0% used [0x00000000fdf00000,0x00000000fdf00000,0x00000000fef00000)
 ParOldGen       total 384000K, used 199388K [0x0000000080000000, 0x0000000097700000, 0x00000000d5580000)
  object space 384000K, 51% used [0x0000000080000000,0x000000008c2b7208,0x0000000097700000)
 Metaspace       used 93164K, capacity 95102K, committed 96512K, reserved 1134592K
  class space    used 11151K, capacity 11479K, committed 11776K, reserved 1048576K
}
{Heap before GC invocations=720 (full 5):
 PSYoungGen      total 680960K, used 675602K [0x00000000d5580000, 0x00000000fff00000, 0x0000000100000000)
  eden space 665088K, 100% used [0x00000000d5580000,0x00000000fdf00000,0x00000000fdf00000)
  from space 15872K, 66% used [0x00000000fef80000,0x00000000ff9c49a0,0x00000000fff00000)
  to   space 16384K, 0% used [0x00000000fdf00000,0x00000000fdf00000,0x00000000fef00000)
 ParOldGen       total 384000K, used 199388K [0x0000000080000000, 0x0000000097700000, 0x00000000d5580000)
  object space 384000K, 51% used [0x0000000080000000,0x000000008c2b7208,0x0000000097700000)
 Metaspace       used 93164K, capacity 95102K, committed 96512K, reserved 1134592K
  class space    used 11151K, capacity 11479K, committed 11776K, reserved 1048576K
2024-08-28T12:12:56.982+0600: 676684.311: [GC (Allocation Failure) [PSYoungGen: 675602K->8649K(681472K)] 874990K->208125K(1065472K), 0.0084371 secs] [Times: user=0.02 sys=0.00, real=0.01 secs] 
Heap after GC invocations=720 (full 5):
 PSYoungGen      total 681472K, used 8649K [0x00000000d5580000, 0x00000000fff80000, 0x0000000100000000)
  eden space 665088K, 0% used [0x00000000d5580000,0x00000000d5580000,0x00000000fdf00000)
  from space 16384K, 52% used [0x00000000fdf00000,0x00000000fe7724d8,0x00000000fef00000)
  to   space 15872K, 0% used [0x00000000ff000000,0x00000000ff000000,0x00000000fff80000)
 ParOldGen       total 384000K, used 199475K [0x0000000080000000, 0x0000000097700000, 0x00000000d5580000)
  object space 384000K, 51% used [0x0000000080000000,0x000000008c2ccff8,0x0000000097700000)
 Metaspace       used 93164K, capacity 95102K, committed 96512K, reserved 1134592K
  class space    used 11151K, capacity 11479K, committed 11776K, reserved 1048576K
}
{Heap before GC invocations=721 (full 5):
 PSYoungGen      total 681472K, used 670371K [0x00000000d5580000, 0x00000000fff80000, 0x0000000100000000)
  eden space 665088K, 99% used [0x00000000d5580000,0x00000000fdbb6880,0x00000000fdf00000)
  from space 16384K, 52% used [0x00000000fdf00000,0x00000000fe7724d8,0x00000000fef00000)
  to   space 15872K, 0% used [0x00000000ff000000,0x00000000ff000000,0x00000000fff80000)
 ParOldGen       total 384000K, used 199475K [0x0000000080000000, 0x0000000097700000, 0x00000000d5580000)
  object space 384000K, 51% used [0x0000000080000000,0x000000008c2ccff8,0x0000000097700000)
 Metaspace       used 93164K, capacity 95102K, committed 96512K, reserved 1134592K
  class space    used 11151K, capacity 11479K, committed 11776K, reserved 1048576K
2024-08-28T12:13:02.442+0600: 676689.771: [GC (Allocation Failure) [PSYoungGen: 670371K->14381K(680960K)] 869847K->213881K(1064960K), 0.0119615 secs] [Times: user=0.02 sys=0.00, real=0.01 secs] 
Heap after GC invocations=721 (full 5):
 PSYoungGen      total 680960K, used 14381K [0x00000000d5580000, 0x0000000100000000, 0x0000000100000000)
  eden space 665088K, 0% used [0x00000000d5580000,0x00000000d5580000,0x00000000fdf00000)
  from space 15872K, 90% used [0x00000000ff000000,0x00000000ffe0b4d8,0x00000000fff80000)
  to   space 16896K, 0% used [0x00000000fdf00000,0x00000000fdf00000,0x00000000fef80000)
 ParOldGen       total 384000K, used 199499K [0x0000000080000000, 0x0000000097700000, 0x00000000d5580000)
  object space 384000K, 51% used [0x0000000080000000,0x000000008c2d2ff8,0x0000000097700000)
 Metaspace       used 93164K, capacity 95102K, committed 96512K, reserved 1134592K
  class space    used 11151K, capacity 11479K, committed 11776K, reserved 1048576K
}
{Heap before GC invocations=722 (full 5):
 PSYoungGen      total 680960K, used 677168K [0x00000000d5580000, 0x0000000100000000, 0x0000000100000000)
  eden space 665088K, 99% used [0x00000000d5580000,0x00000000fdcc0ec8,0x00000000fdf00000)
  from space 15872K, 90% used [0x00000000ff000000,0x00000000ffe0b4d8,0x00000000fff80000)
  to   space 16896K, 0% used [0x00000000fdf00000,0x00000000fdf00000,0x00000000fef80000)
 ParOldGen       total 384000K, used 199499K [0x0000000080000000, 0x0000000097700000, 0x00000000d5580000)
  object space 384000K, 51% used [0x0000000080000000,0x000000008c2d2ff8,0x0000000097700000)
 Metaspace       used 93164K, capacity 95102K, committed 96512K, reserved 1134592K
  class space    used 11151K, capacity 11479K, committed 11776K, reserved 1048576K
2024-08-28T12:13:06.635+0600: 676693.964: [GC (Allocation Failure) [PSYoungGen: 677168K->14983K(680448K)] 876668K->218300K(1064448K), 0.0110914 secs] [Times: user=0.02 sys=0.00, real=0.01 secs] 
Heap after GC invocations=722 (full 5):
 PSYoungGen      total 680448K, used 14983K [0x00000000d5580000, 0x0000000100000000, 0x0000000100000000)
  eden space 665088K, 0% used [0x00000000d5580000,0x00000000d5580000,0x00000000fdf00000)
  from space 15360K, 97% used [0x00000000fdf00000,0x00000000feda1cb0,0x00000000fee00000)
  to   space 17920K, 0% used [0x00000000fee80000,0x00000000fee80000,0x0000000100000000)
 ParOldGen       total 384000K, used 203317K [0x0000000080000000, 0x0000000097700000, 0x00000000d5580000)
  object space 384000K, 52% used [0x0000000080000000,0x000000008c68d500,0x0000000097700000)
 Metaspace       used 93164K, capacity 95102K, committed 96512K, reserved 1134592K
  class space    used 11151K, capacity 11479K, committed 11776K, reserved 1048576K
}
{Heap before GC invocations=723 (full 5):
 PSYoungGen      total 680448K, used 679715K [0x00000000d5580000, 0x0000000100000000, 0x0000000100000000)
  eden space 665088K, 99% used [0x00000000d5580000,0x00000000fdea7288,0x00000000fdf00000)
  from space 15360K, 97% used [0x00000000fdf00000,0x00000000feda1cb0,0x00000000fee00000)
  to   space 17920K, 0% used [0x00000000fee80000,0x00000000fee80000,0x0000000100000000)
 ParOldGen       total 384000K, used 203317K [0x0000000080000000, 0x0000000097700000, 0x00000000d5580000)
  object space 384000K, 52% used [0x0000000080000000,0x000000008c68d500,0x0000000097700000)
 Metaspace       used 93164K, capacity 95102K, committed 96512K, reserved 1134592K
  class space    used 11151K, capacity 11479K, committed 11776K, reserved 1048576K
2024-08-28T12:13:11.956+0600: 676699.285: [GC (Allocation Failure) [PSYoungGen: 679715K->10790K(681472K)] 883033K->214140K(1065472K), 0.0129318 secs] [Times: user=0.02 sys=0.00, real=0.02 secs] 
Heap after GC invocations=723 (full 5):
 PSYoungGen      total 681472K, used 10790K [0x00000000d5580000, 0x0000000100000000, 0x0000000100000000)
  eden space 663552K, 0% used [0x00000000d5580000,0x00000000d5580000,0x00000000fdd80000)
  from space 17920K, 60% used [0x00000000fee80000,0x00000000ff909b20,0x0000000100000000)
  to   space 17408K, 0% used [0x00000000fdd80000,0x00000000fdd80000,0x00000000fee80000)
 ParOldGen       total 384000K, used 203349K [0x0000000080000000, 0x0000000097700000, 0x00000000d5580000)
  object space 384000K, 52% used [0x0000000080000000,0x000000008c695500,0x0000000097700000)
 Metaspace       used 93164K, capacity 95102K, committed 96512K, reserved 1134592K
  class space    used 11151K, capacity 11479K, committed 11776K, reserved 1048576K
}
{Heap before GC invocations=724 (full 5):
 PSYoungGen      total 681472K, used 673470K [0x00000000d5580000, 0x0000000100000000, 0x0000000100000000)
  eden space 663552K, 99% used [0x00000000d5580000,0x00000000fdca60a0,0x00000000fdd80000)
  from space 17920K, 60% used [0x00000000fee80000,0x00000000ff909b20,0x0000000100000000)
  to   space 17408K, 0% used [0x00000000fdd80000,0x00000000fdd80000,0x00000000fee80000)
 ParOldGen       total 384000K, used 203349K [0x0000000080000000, 0x0000000097700000, 0x00000000d5580000)
  object space 384000K, 52% used [0x0000000080000000,0x000000008c695500,0x0000000097700000)
 Metaspace       used 93164K, capacity 95102K, committed 96512K, reserved 1134592K
  class space    used 11151K, capacity 11479K, committed 11776K, reserved 1048576K
2024-08-28T12:13:16.341+0600: 676703.670: [GC (Allocation Failure) [PSYoungGen: 673470K->14365K(680960K)] 876820K->217818K(1064960K), 0.0138172 secs] [Times: user=0.03 sys=0.00, real=0.01 secs] 
Heap after GC invocations=724 (full 5):
 PSYoungGen      total 680960K, used 14365K [0x00000000d5580000, 0x0000000100000000, 0x0000000100000000)
  eden space 663552K, 0% used [0x00000000d5580000,0x00000000d5580000,0x00000000fdd80000)
  from space 17408K, 82% used [0x00000000fdd80000,0x00000000feb87708,0x00000000fee80000)
  to   space 17920K, 0% used [0x00000000fee80000,0x00000000fee80000,0x0000000100000000)
 ParOldGen       total 384000K, used 203453K [0x0000000080000000, 0x0000000097700000, 0x00000000d5580000)
  object space 384000K, 52% used [0x0000000080000000,0x000000008c6af480,0x0000000097700000)
 Metaspace       used 93164K, capacity 95102K, committed 96512K, reserved 1134592K
  class space    used 11151K, capacity 11479K, committed 11776K, reserved 1048576K
}
{Heap before GC invocations=725 (full 5):
 PSYoungGen      total 680960K, used 677815K [0x00000000d5580000, 0x0000000100000000, 0x0000000100000000)
  eden space 663552K, 99% used [0x00000000d5580000,0x00000000fdd66518,0x00000000fdd80000)
  from space 17408K, 82% used [0x00000000fdd80000,0x00000000feb87708,0x00000000fee80000)
  to   space 17920K, 0% used [0x00000000fee80000,0x00000000fee80000,0x0000000100000000)
 ParOldGen       total 384000K, used 203453K [0x0000000080000000, 0x0000000097700000, 0x00000000d5580000)
  object space 384000K, 52% used [0x0000000080000000,0x000000008c6af480,0x0000000097700000)
 Metaspace       used 93164K, capacity 95102K, committed 96512K, reserved 1134592K
  class space    used 11151K, capacity 11479K, committed 11776K, reserved 1048576K
2024-08-28T12:13:21.630+0600: 676708.959: [GC (Allocation Failure) [PSYoungGen: 677815K->5991K(679936K)] 881268K->209492K(1063936K), 0.0120526 secs] [Times: user=0.03 sys=0.00, real=0.01 secs] 
Heap after GC invocations=725 (full 5):
 PSYoungGen      total 679936K, used 5991K [0x00000000d5580000, 0x0000000100000000, 0x0000000100000000)
  eden space 662016K, 0% used [0x00000000d5580000,0x00000000d5580000,0x00000000fdc00000)
  from space 17920K, 33% used [0x00000000fee80000,0x00000000ff459d58,0x0000000100000000)
  to   space 18432K, 0% used [0x00000000fdc00000,0x00000000fdc00000,0x00000000fee00000)
 ParOldGen       total 384000K, used 203501K [0x0000000080000000, 0x0000000097700000, 0x00000000d5580000)
  object space 384000K, 52% used [0x0000000080000000,0x000000008c6bb480,0x0000000097700000)
 Metaspace       used 93164K, capacity 95102K, committed 96512K, reserved 1134592K
  class space    used 11151K, capacity 11479K, committed 11776K, reserved 1048576K
}
{Heap before GC invocations=726 (full 5):
 PSYoungGen      total 679936K, used 664854K [0x00000000d5580000, 0x0000000100000000, 0x0000000100000000)
  eden space 662016K, 99% used [0x00000000d5580000,0x00000000fd8ebdd8,0x00000000fdc00000)
  from space 17920K, 33% used [0x00000000fee80000,0x00000000ff459d58,0x0000000100000000)
  to   space 18432K, 0% used [0x00000000fdc00000,0x00000000fdc00000,0x00000000fee00000)
 ParOldGen       total 384000K, used 203501K [0x0000000080000000, 0x0000000097700000, 0x00000000d5580000)
  object space 384000K, 52% used [0x0000000080000000,0x000000008c6bb480,0x0000000097700000)
 Metaspace       used 93164K, capacity 95102K, committed 96512K, reserved 1134592K
  class space    used 11151K, capacity 11479K, committed 11776K, reserved 1048576K
2024-08-28T12:13:25.921+0600: 676713.250: [GC (Allocation Failure) [PSYoungGen: 664854K->14267K(676352K)] 868355K->217792K(1060352K), 0.0105133 secs] [Times: user=0.02 sys=0.00, real=0.01 secs] 
Heap after GC invocations=726 (full 5):
 PSYoungGen      total 676352K, used 14267K [0x00000000d5580000, 0x0000000100000000, 0x0000000100000000)
  eden space 662016K, 0% used [0x00000000d5580000,0x00000000d5580000,0x00000000fdc00000)
  from space 14336K, 99% used [0x00000000fdc00000,0x00000000fe9eee48,0x00000000fea00000)
  to   space 18944K, 0% used [0x00000000fed80000,0x00000000fed80000,0x0000000100000000)
 ParOldGen       total 384000K, used 203525K [0x0000000080000000, 0x0000000097700000, 0x00000000d5580000)
  object space 384000K, 53% used [0x0000000080000000,0x000000008c6c1480,0x0000000097700000)
 Metaspace       used 93164K, capacity 95102K, committed 96512K, reserved 1134592K
  class space    used 11151K, capacity 11479K, committed 11776K, reserved 1048576K
}
{Heap before GC invocations=727 (full 5):
 PSYoungGen      total 676352K, used 676283K [0x00000000d5580000, 0x0000000100000000, 0x0000000100000000)
  eden space 662016K, 100% used [0x00000000d5580000,0x00000000fdc00000,0x00000000fdc00000)
  from space 14336K, 99% used [0x00000000fdc00000,0x00000000fe9eee48,0x00000000fea00000)
  to   space 18944K, 0% used [0x00000000fed80000,0x00000000fed80000,0x0000000100000000)
 ParOldGen       total 384000K, used 203525K [0x0000000080000000, 0x0000000097700000, 0x00000000d5580000)
  object space 384000K, 53% used [0x0000000080000000,0x000000008c6c1480,0x0000000097700000)
 Metaspace       used 93164K, capacity 95102K, committed 96512K, reserved 1134592K
  class space    used 11151K, capacity 11479K, committed 11776K, reserved 1048576K
2024-08-28T12:13:29.678+0600: 676717.007: [GC (Allocation Failure) [PSYoungGen: 676283K->8523K(680448K)] 879808K->212080K(1064448K), 0.0102707 secs] [Times: user=0.02 sys=0.00, real=0.01 secs] 
Heap after GC invocations=727 (full 5):
 PSYoungGen      total 680448K, used 8523K [0x00000000d5580000, 0x0000000100000000, 0x0000000100000000)
  eden space 661504K, 0% used [0x00000000d5580000,0x00000000d5580000,0x00000000fdb80000)
  from space 18944K, 44% used [0x00000000fed80000,0x00000000ff5d2d98,0x0000000100000000)
  to   space 18432K, 0% used [0x00000000fdb80000,0x00000000fdb80000,0x00000000fed80000)
 ParOldGen       total 384000K, used 203557K [0x0000000080000000, 0x0000000097700000, 0x00000000d5580000)
  object space 384000K, 53% used [0x0000000080000000,0x000000008c6c9480,0x0000000097700000)
 Metaspace       used 93164K, capacity 95102K, committed 96512K, reserved 1134592K
  class space    used 11151K, capacity 11479K, committed 11776K, reserved 1048576K
}
{Heap before GC invocations=728 (full 5):
 PSYoungGen      total 680448K, used 667159K [0x00000000d5580000, 0x0000000100000000, 0x0000000100000000)
  eden space 661504K, 99% used [0x00000000d5580000,0x00000000fd8b31a0,0x00000000fdb80000)
  from space 18944K, 44% used [0x00000000fed80000,0x00000000ff5d2d98,0x0000000100000000)
  to   space 18432K, 0% used [0x00000000fdb80000,0x00000000fdb80000,0x00000000fed80000)
 ParOldGen       total 384000K, used 203557K [0x0000000080000000, 0x0000000097700000, 0x00000000d5580000)
  object space 384000K, 53% used [0x0000000080000000,0x000000008c6c9480,0x0000000097700000)
 Metaspace       used 93172K, capacity 95114K, committed 96512K, reserved 1134592K
  class space    used 11152K, capacity 11481K, committed 11776K, reserved 1048576K
2024-08-28T12:13:35.532+0600: 676722.861: [GC (Allocation Failure) [PSYoungGen: 667159K->14811K(676352K)] 870716K->218392K(1060352K), 0.0160933 secs] [Times: user=0.03 sys=0.00, real=0.01 secs] 
Heap after GC invocations=728 (full 5):
 PSYoungGen      total 676352K, used 14811K [0x00000000d5580000, 0x0000000100000000, 0x0000000100000000)
  eden space 661504K, 0% used [0x00000000d5580000,0x00000000d5580000,0x00000000fdb80000)
  from space 14848K, 99% used [0x00000000fdb80000,0x00000000fe9f6e48,0x00000000fea00000)
  to   space 19456K, 0% used [0x00000000fed00000,0x00000000fed00000,0x0000000100000000)
 ParOldGen       total 384000K, used 203581K [0x0000000080000000, 0x0000000097700000, 0x00000000d5580000)
  object space 384000K, 53% used [0x0000000080000000,0x000000008c6cf480,0x0000000097700000)
 Metaspace       used 93172K, capacity 95114K, committed 96512K, reserved 1134592K
  class space    used 11152K, capacity 11481K, committed 11776K, reserved 1048576K
}
{Heap before GC invocations=729 (full 5):
 PSYoungGen      total 676352K, used 676315K [0x00000000d5580000, 0x0000000100000000, 0x0000000100000000)
  eden space 661504K, 100% used [0x00000000d5580000,0x00000000fdb80000,0x00000000fdb80000)
  from space 14848K, 99% used [0x00000000fdb80000,0x00000000fe9f6e48,0x00000000fea00000)
  to   space 19456K, 0% used [0x00000000fed00000,0x00000000fed00000,0x0000000100000000)
 ParOldGen       total 384000K, used 203581K [0x0000000080000000, 0x0000000097700000, 0x00000000d5580000)
  object space 384000K, 53% used [0x0000000080000000,0x000000008c6cf480,0x0000000097700000)
 Metaspace       used 93172K, capacity 95114K, committed 96512K, reserved 1134592K
  class space    used 11152K, capacity 11481K, committed 11776K, reserved 1048576K
2024-08-28T12:13:39.405+0600: 676726.734: [GC (Allocation Failure) [PSYoungGen: 676315K->9115K(679936K)] 879896K->212737K(1063936K), 0.0148918 secs] [Times: user=0.02 sys=0.00, real=0.02 secs] 
Heap after GC invocations=729 (full 5):
 PSYoungGen      total 679936K, used 9115K [0x00000000d5580000, 0x0000000100000000, 0x0000000100000000)
  eden space 660480K, 0% used [0x00000000d5580000,0x00000000d5580000,0x00000000fda80000)
  from space 19456K, 46% used [0x00000000fed00000,0x00000000ff5e6fc8,0x0000000100000000)
  to   space 18944K, 0% used [0x00000000fda80000,0x00000000fda80000,0x00000000fed00000)
 ParOldGen       total 384000K, used 203621K [0x0000000080000000, 0x0000000097700000, 0x00000000d5580000)
  object space 384000K, 53% used [0x0000000080000000,0x000000008c6d9480,0x0000000097700000)
 Metaspace       used 93172K, capacity 95114K, committed 96512K, reserved 1134592K
  class space    used 11152K, capacity 11481K, committed 11776K, reserved 1048576K
}
{Heap before GC invocations=730 (full 5):
 PSYoungGen      total 679936K, used 668631K [0x00000000d5580000, 0x0000000100000000, 0x0000000100000000)
  eden space 660480K, 99% used [0x00000000d5580000,0x00000000fd98ed98,0x00000000fda80000)
  from space 19456K, 46% used [0x00000000fed00000,0x00000000ff5e6fc8,0x0000000100000000)
  to   space 18944K, 0% used [0x00000000fda80000,0x00000000fda80000,0x00000000fed00000)
 ParOldGen       total 384000K, used 203621K [0x0000000080000000, 0x0000000097700000, 0x00000000d5580000)
  object space 384000K, 53% used [0x0000000080000000,0x000000008c6d9480,0x0000000097700000)
 Metaspace       used 93172K, capacity 95114K, committed 96512K, reserved 1134592K
  class space    used 11152K, capacity 11481K, committed 11776K, reserved 1048576K
2024-08-28T12:13:44.961+0600: 676732.290: [GC (Allocation Failure) [PSYoungGen: 668631K->10962K(671744K)] 872252K->214607K(1055744K), 0.0093356 secs] [Times: user=0.02 sys=0.00, real=0.01 secs] 
Heap after GC invocations=730 (full 5):
 PSYoungGen      total 671744K, used 10962K [0x00000000d5580000, 0x00000000ffd80000, 0x0000000100000000)
  eden space 660480K, 0% used [0x00000000d5580000,0x00000000d5580000,0x00000000fda80000)
  from space 11264K, 97% used [0x00000000fda80000,0x00000000fe534990,0x00000000fe580000)
  to   space 17920K, 0% used [0x00000000fec00000,0x00000000fec00000,0x00000000ffd80000)
 ParOldGen       total 384000K, used 203645K [0x0000000080000000, 0x0000000097700000, 0x00000000d5580000)
  object space 384000K, 53% used [0x0000000080000000,0x000000008c6df480,0x0000000097700000)
 Metaspace       used 93172K, capacity 95114K, committed 96512K, reserved 1134592K
  class space    used 11152K, capacity 11481K, committed 11776K, reserved 1048576K
}
{Heap before GC invocations=731 (full 5):
 PSYoungGen      total 671744K, used 671442K [0x00000000d5580000, 0x00000000ffd80000, 0x0000000100000000)
  eden space 660480K, 100% used [0x00000000d5580000,0x00000000fda80000,0x00000000fda80000)
  from space 11264K, 97% used [0x00000000fda80000,0x00000000fe534990,0x00000000fe580000)
  to   space 17920K, 0% used [0x00000000fec00000,0x00000000fec00000,0x00000000ffd80000)
 ParOldGen       total 384000K, used 203645K [0x0000000080000000, 0x0000000097700000, 0x00000000d5580000)
  object space 384000K, 53% used [0x0000000080000000,0x000000008c6df480,0x0000000097700000)
 Metaspace       used 93172K, capacity 95114K, committed 96512K, reserved 1134592K
  class space    used 11152K, capacity 11481K, committed 11776K, reserved 1048576K
2024-08-28T12:13:49.129+0600: 676736.458: [GC (Allocation Failure) [PSYoungGen: 671442K->8905K(678400K)] 875087K->212582K(1062400K), 0.0083730 secs] [Times: user=0.01 sys=0.00, real=0.00 secs] 
Heap after GC invocations=731 (full 5):
 PSYoungGen      total 678400K, used 8905K [0x00000000d5580000, 0x0000000100000000, 0x0000000100000000)
  eden space 660480K, 0% used [0x00000000d5580000,0x00000000d5580000,0x00000000fda80000)
  from space 17920K, 49% used [0x00000000fec00000,0x00000000ff4b24d8,0x00000000ffd80000)
  to   space 17920K, 0% used [0x00000000fda80000,0x00000000fda80000,0x00000000fec00000)
 ParOldGen       total 384000K, used 203677K [0x0000000080000000, 0x0000000097700000, 0x00000000d5580000)
  object space 384000K, 53% used [0x0000000080000000,0x000000008c6e7480,0x0000000097700000)
 Metaspace       used 93172K, capacity 95114K, committed 96512K, reserved 1134592K
  class space    used 11152K, capacity 11481K, committed 11776K, reserved 1048576K
}
{Heap before GC invocations=732 (full 5):
 PSYoungGen      total 678400K, used 668052K [0x00000000d5580000, 0x0000000100000000, 0x0000000100000000)
  eden space 660480K, 99% used [0x00000000d5580000,0x00000000fd932d20,0x00000000fda80000)
  from space 17920K, 49% used [0x00000000fec00000,0x00000000ff4b24d8,0x00000000ffd80000)
  to   space 17920K, 0% used [0x00000000fda80000,0x00000000fda80000,0x00000000fec00000)
 ParOldGen       total 384000K, used 203677K [0x0000000080000000, 0x0000000097700000, 0x00000000d5580000)
  object space 384000K, 53% used [0x0000000080000000,0x000000008c6e7480,0x0000000097700000)
 Metaspace       used 93172K, capacity 95114K, committed 96512K, reserved 1134592K
  class space    used 11152K, capacity 11481K, committed 11776K, reserved 1048576K
2024-08-28T12:13:54.348+0600: 676741.677: [GC (Allocation Failure) [PSYoungGen: 668052K->14875K(678400K)] 871729K->218584K(1062400K), 0.0131579 secs] [Times: user=0.02 sys=0.00, real=0.02 secs] 
Heap after GC invocations=732 (full 5):
 PSYoungGen      total 678400K, used 14875K [0x00000000d5580000, 0x0000000100000000, 0x0000000100000000)
  eden space 660480K, 0% used [0x00000000d5580000,0x00000000d5580000,0x00000000fda80000)
  from space 17920K, 83% used [0x00000000fda80000,0x00000000fe906e48,0x00000000fec00000)
  to   space 18432K, 0% used [0x00000000fee00000,0x00000000fee00000,0x0000000100000000)
 ParOldGen       total 384000K, used 203709K [0x0000000080000000, 0x0000000097700000, 0x00000000d5580000)
  object space 384000K, 53% used [0x0000000080000000,0x000000008c6ef480,0x0000000097700000)
 Metaspace       used 93172K, capacity 95114K, committed 96512K, reserved 1134592K
  class space    used 11152K, capacity 11481K, committed 11776K, reserved 1048576K
}
{Heap before GC invocations=733 (full 5):
 PSYoungGen      total 678400K, used 673078K [0x00000000d5580000, 0x0000000100000000, 0x0000000100000000)
  eden space 660480K, 99% used [0x00000000d5580000,0x00000000fd846a68,0x00000000fda80000)
  from space 17920K, 83% used [0x00000000fda80000,0x00000000fe906e48,0x00000000fec00000)
  to   space 18432K, 0% used [0x00000000fee00000,0x00000000fee00000,0x0000000100000000)
 ParOldGen       total 384000K, used 203709K [0x0000000080000000, 0x0000000097700000, 0x00000000d5580000)
  object space 384000K, 53% used [0x0000000080000000,0x000000008c6ef480,0x0000000097700000)
 Metaspace       used 93172K, capacity 95114K, committed 96512K, reserved 1134592K
  class space    used 11152K, capacity 11481K, committed 11776K, reserved 1048576K
2024-08-28T12:13:58.667+0600: 676745.996: [GC (Allocation Failure) [PSYoungGen: 673078K->11462K(680448K)] 876787K->215203K(1064448K), 0.0153299 secs] [Times: user=0.03 sys=0.00, real=0.02 secs] 
Heap after GC invocations=733 (full 5):
 PSYoungGen      total 680448K, used 11462K [0x00000000d5580000, 0x00000000fff80000, 0x0000000100000000)
  eden space 662528K, 0% used [0x00000000d5580000,0x00000000d5580000,0x00000000fdc80000)
  from space 17920K, 63% used [0x00000000fee00000,0x00000000ff931b20,0x00000000fff80000)
  to   space 17920K, 0% used [0x00000000fdc80000,0x00000000fdc80000,0x00000000fee00000)
 ParOldGen       total 384000K, used 203741K [0x0000000080000000, 0x0000000097700000, 0x00000000d5580000)
  object space 384000K, 53% used [0x0000000080000000,0x000000008c6f7480,0x0000000097700000)
 Metaspace       used 93172K, capacity 95114K, committed 96512K, reserved 1134592K
  class space    used 11152K, capacity 11481K, committed 11776K, reserved 1048576K
}
{Heap before GC invocations=734 (full 5):
 PSYoungGen      total 680448K, used 672884K [0x00000000d5580000, 0x00000000fff80000, 0x0000000100000000)
  eden space 662528K, 99% used [0x00000000d5580000,0x00000000fdb6b808,0x00000000fdc80000)
  from space 17920K, 63% used [0x00000000fee00000,0x00000000ff931b20,0x00000000fff80000)
  to   space 17920K, 0% used [0x00000000fdc80000,0x00000000fdc80000,0x00000000fee00000)
 ParOldGen       total 384000K, used 203741K [0x0000000080000000, 0x0000000097700000, 0x00000000d5580000)
  object space 384000K, 53% used [0x0000000080000000,0x000000008c6f7480,0x0000000097700000)
 Metaspace       used 93172K, capacity 95114K, committed 96512K, reserved 1134592K
  class space    used 11152K, capacity 11481K, committed 11776K, reserved 1048576K
2024-08-28T12:14:04.035+0600: 676751.364: [GC (Allocation Failure) [PSYoungGen: 672884K->8186K(680448K)] 876625K->212015K(1064448K), 0.0143929 secs] [Times: user=0.03 sys=0.00, real=0.02 secs] 
Heap after GC invocations=734 (full 5):
 PSYoungGen      total 680448K, used 8186K [0x00000000d5580000, 0x0000000100000000, 0x0000000100000000)
  eden space 662528K, 0% used [0x00000000d5580000,0x00000000d5580000,0x00000000fdc80000)
  from space 17920K, 45% used [0x00000000fdc80000,0x00000000fe47eb30,0x00000000fee00000)
  to   space 17920K, 0% used [0x00000000fee80000,0x00000000fee80000,0x0000000100000000)
 ParOldGen       total 384000K, used 203828K [0x0000000080000000, 0x0000000097700000, 0x00000000d5580000)
  object space 384000K, 53% used [0x0000000080000000,0x000000008c70d270,0x0000000097700000)
 Metaspace       used 93172K, capacity 95114K, committed 96512K, reserved 1134592K
  class space    used 11152K, capacity 11481K, committed 11776K, reserved 1048576K
}
{Heap before GC invocations=735 (full 5):
 PSYoungGen      total 680448K, used 668059K [0x00000000d5580000, 0x0000000100000000, 0x0000000100000000)
  eden space 662528K, 99% used [0x00000000d5580000,0x00000000fd9e8390,0x00000000fdc80000)
  from space 17920K, 45% used [0x00000000fdc80000,0x00000000fe47eb30,0x00000000fee00000)
  to   space 17920K, 0% used [0x00000000fee80000,0x00000000fee80000,0x0000000100000000)
 ParOldGen       total 384000K, used 203828K [0x0000000080000000, 0x0000000097700000, 0x00000000d5580000)
  object space 384000K, 53% used [0x0000000080000000,0x000000008c70d270,0x0000000097700000)
 Metaspace       used 93172K, capacity 95114K, committed 96512K, reserved 1134592K
  class space    used 11152K, capacity 11481K, committed 11776K, reserved 1048576K
2024-08-28T12:14:08.410+0600: 676755.739: [GC (Allocation Failure) [PSYoungGen: 668059K->15038K(678912K)] 871888K->218914K(1062912K), 0.0153681 secs] [Times: user=0.03 sys=0.00, real=0.01 secs] 
Heap after GC invocations=735 (full 5):
 PSYoungGen      total 678912K, used 15038K [0x00000000d5580000, 0x0000000100000000, 0x0000000100000000)
  eden space 660992K, 0% used [0x00000000d5580000,0x00000000d5580000,0x00000000fdb00000)
  from space 17920K, 83% used [0x00000000fee80000,0x00000000ffd2f938,0x0000000100000000)
  to   space 18944K, 0% used [0x00000000fdb00000,0x00000000fdb00000,0x00000000fed80000)
 ParOldGen       total 384000K, used 203876K [0x0000000080000000, 0x0000000097700000, 0x00000000d5580000)
  object space 384000K, 53% used [0x0000000080000000,0x000000008c719270,0x0000000097700000)
 Metaspace       used 93172K, capacity 95114K, committed 96512K, reserved 1134592K
  class space    used 11152K, capacity 11481K, committed 11776K, reserved 1048576K
}
{Heap before GC invocations=736 (full 5):
 PSYoungGen      total 678912K, used 676030K [0x00000000d5580000, 0x0000000100000000, 0x0000000100000000)
  eden space 660992K, 100% used [0x00000000d5580000,0x00000000fdb00000,0x00000000fdb00000)
  from space 17920K, 83% used [0x00000000fee80000,0x00000000ffd2f938,0x0000000100000000)
  to   space 18944K, 0% used [0x00000000fdb00000,0x00000000fdb00000,0x00000000fed80000)
 ParOldGen       total 384000K, used 203876K [0x0000000080000000, 0x0000000097700000, 0x00000000d5580000)
  object space 384000K, 53% used [0x0000000080000000,0x000000008c719270,0x0000000097700000)
 Metaspace       used 93172K, capacity 95114K, committed 96512K, reserved 1134592K
  class space    used 11152K, capacity 11481K, committed 11776K, reserved 1048576K
2024-08-28T12:14:12.117+0600: 676759.446: [GC (Allocation Failure) [PSYoungGen: 676030K->9547K(679936K)] 879906K->213463K(1063936K), 0.0091725 secs] [Times: user=0.01 sys=0.00, real=0.01 secs] 
Heap after GC invocations=736 (full 5):
 PSYoungGen      total 679936K, used 9547K [0x00000000d5580000, 0x0000000100000000, 0x0000000100000000)
  eden space 660992K, 0% used [0x00000000d5580000,0x00000000d5580000,0x00000000fdb00000)
  from space 18944K, 50% used [0x00000000fdb00000,0x00000000fe452d88,0x00000000fed80000)
  to   space 18432K, 0% used [0x00000000fee00000,0x00000000fee00000,0x0000000100000000)
 ParOldGen       total 384000K, used 203916K [0x0000000080000000, 0x0000000097700000, 0x00000000d5580000)
  object space 384000K, 53% used [0x0000000080000000,0x000000008c723270,0x0000000097700000)
 Metaspace       used 93172K, capacity 95114K, committed 96512K, reserved 1134592K
  class space    used 11152K, capacity 11481K, committed 11776K, reserved 1048576K
}
{Heap before GC invocations=737 (full 5):
 PSYoungGen      total 679936K, used 669984K [0x00000000d5580000, 0x0000000100000000, 0x0000000100000000)
  eden space 660992K, 99% used [0x00000000d5580000,0x00000000fda75600,0x00000000fdb00000)
  from space 18944K, 50% used [0x00000000fdb00000,0x00000000fe452d88,0x00000000fed80000)
  to   space 18432K, 0% used [0x00000000fee00000,0x00000000fee00000,0x0000000100000000)
 ParOldGen       total 384000K, used 203916K [0x0000000080000000, 0x0000000097700000, 0x00000000d5580000)
  object space 384000K, 53% used [0x0000000080000000,0x000000008c723270,0x0000000097700000)
 Metaspace       used 93172K, capacity 95114K, committed 96512K, reserved 1134592K
  class space    used 11152K, capacity 11481K, committed 11776K, reserved 1048576K
2024-08-28T12:14:18.068+0600: 676765.397: [GC (Allocation Failure) [PSYoungGen: 669984K->11988K(678400K)] 873901K->215993K(1062400K), 0.0125436 secs] [Times: user=0.02 sys=0.00, real=0.02 secs] 
Heap after GC invocations=737 (full 5):
 PSYoungGen      total 678400K, used 11988K [0x00000000d5580000, 0x00000000ffe80000, 0x0000000100000000)
  eden space 661504K, 0% used [0x00000000d5580000,0x00000000d5580000,0x00000000fdb80000)
  from space 16896K, 70% used [0x00000000fee00000,0x00000000ff9b5240,0x00000000ffe80000)
  to   space 17920K, 0% used [0x00000000fdb80000,0x00000000fdb80000,0x00000000fed00000)
 ParOldGen       total 384000K, used 204004K [0x0000000080000000, 0x0000000097700000, 0x00000000d5580000)
  object space 384000K, 53% used [0x0000000080000000,0x000000008c7392a0,0x0000000097700000)
 Metaspace       used 93172K, capacity 95114K, committed 96512K, reserved 1134592K
  class space    used 11152K, capacity 11481K, committed 11776K, reserved 1048576K
}
{Heap before GC invocations=738 (full 5):
 PSYoungGen      total 678400K, used 673492K [0x00000000d5580000, 0x00000000ffe80000, 0x0000000100000000)
  eden space 661504K, 100% used [0x00000000d5580000,0x00000000fdb80000,0x00000000fdb80000)
  from space 16896K, 70% used [0x00000000fee00000,0x00000000ff9b5240,0x00000000ffe80000)
  to   space 17920K, 0% used [0x00000000fdb80000,0x00000000fdb80000,0x00000000fed00000)
 ParOldGen       total 384000K, used 204004K [0x0000000080000000, 0x0000000097700000, 0x00000000d5580000)
  object space 384000K, 53% used [0x0000000080000000,0x000000008c7392a0,0x0000000097700000)
 Metaspace       used 93172K, capacity 95114K, committed 96512K, reserved 1134592K
  class space    used 11152K, capacity 11481K, committed 11776K, reserved 1048576K
2024-08-28T12:14:21.982+0600: 676769.311: [GC (Allocation Failure) [PSYoungGen: 673492K->10059K(679424K)] 877497K->214096K(1063424K), 0.0100665 secs] [Times: user=0.02 sys=0.00, real=0.01 secs] 
Heap after GC invocations=738 (full 5):
 PSYoungGen      total 679424K, used 10059K [0x00000000d5580000, 0x0000000100000000, 0x0000000100000000)
  eden space 661504K, 0% used [0x00000000d5580000,0x00000000d5580000,0x00000000fdb80000)
  from space 17920K, 56% used [0x00000000fdb80000,0x00000000fe552d88,0x00000000fed00000)
  to   space 17408K, 0% used [0x00000000fef00000,0x00000000fef00000,0x0000000100000000)
 ParOldGen       total 384000K, used 204036K [0x0000000080000000, 0x0000000097700000, 0x00000000d5580000)
  object space 384000K, 53% used [0x0000000080000000,0x000000008c7412a0,0x0000000097700000)
 Metaspace       used 93172K, capacity 95114K, committed 96512K, reserved 1134592K
  class space    used 11152K, capacity 11481K, committed 11776K, reserved 1048576K
}
{Heap before GC invocations=739 (full 5):
 PSYoungGen      total 679424K, used 671545K [0x00000000d5580000, 0x0000000100000000, 0x0000000100000000)
  eden space 661504K, 99% used [0x00000000d5580000,0x00000000fdb7b6c0,0x00000000fdb80000)
  from space 17920K, 56% used [0x00000000fdb80000,0x00000000fe552d88,0x00000000fed00000)
  to   space 17408K, 0% used [0x00000000fef00000,0x00000000fef00000,0x0000000100000000)
 ParOldGen       total 384000K, used 204036K [0x0000000080000000, 0x0000000097700000, 0x00000000d5580000)
  object space 384000K, 53% used [0x0000000080000000,0x000000008c7412a0,0x0000000097700000)
 Metaspace       used 93172K, capacity 95114K, committed 96512K, reserved 1134592K
  class space    used 11152K, capacity 11481K, committed 11776K, reserved 1048576K
2024-08-28T12:14:27.637+0600: 676774.966: [GC (Allocation Failure) [PSYoungGen: 671545K->16285K(678400K)] 875581K->220346K(1062400K), 0.0131651 secs] [Times: user=0.03 sys=0.00, real=0.02 secs] 
Heap after GC invocations=739 (full 5):
 PSYoungGen      total 678400K, used 16285K [0x00000000d5580000, 0x0000000100000000, 0x0000000100000000)
  eden space 660992K, 0% used [0x00000000d5580000,0x00000000d5580000,0x00000000fdb00000)
  from space 17408K, 93% used [0x00000000fef00000,0x00000000ffee76f8,0x0000000100000000)
  to   space 18944K, 0% used [0x00000000fdb00000,0x00000000fdb00000,0x00000000fed80000)
 ParOldGen       total 384000K, used 204060K [0x0000000080000000, 0x0000000097700000, 0x00000000d5580000)
  object space 384000K, 53% used [0x0000000080000000,0x000000008c7472a0,0x0000000097700000)
 Metaspace       used 93172K, capacity 95114K, committed 96512K, reserved 1134592K
  class space    used 11152K, capacity 11481K, committed 11776K, reserved 1048576K
}
{Heap before GC invocations=740 (full 5):
 PSYoungGen      total 678400K, used 673419K [0x00000000d5580000, 0x0000000100000000, 0x0000000100000000)
  eden space 660992K, 99% used [0x00000000d5580000,0x00000000fd73b6e8,0x00000000fdb00000)
  from space 17408K, 93% used [0x00000000fef00000,0x00000000ffee76f8,0x0000000100000000)
  to   space 18944K, 0% used [0x00000000fdb00000,0x00000000fdb00000,0x00000000fed80000)
 ParOldGen       total 384000K, used 204060K [0x0000000080000000, 0x0000000097700000, 0x00000000d5580000)
  object space 384000K, 53% used [0x0000000080000000,0x000000008c7472a0,0x0000000097700000)
 Metaspace       used 93172K, capacity 95114K, committed 96512K, reserved 1134592K
  class space    used 11152K, capacity 11481K, committed 11776K, reserved 1048576K
2024-08-28T12:14:31.785+0600: 676779.114: [GC (Allocation Failure) [PSYoungGen: 673419K->16443K(677888K)] 877480K->220568K(1061888K), 0.0122457 secs] [Times: user=0.02 sys=0.00, real=0.01 secs] 
Heap after GC invocations=740 (full 5):
 PSYoungGen      total 677888K, used 16443K [0x00000000d5580000, 0x0000000100000000, 0x0000000100000000)
  eden space 660992K, 0% used [0x00000000d5580000,0x00000000d5580000,0x00000000fdb00000)
  from space 16896K, 97% used [0x00000000fdb00000,0x00000000feb0efd8,0x00000000feb80000)
  to   space 19968K, 0% used [0x00000000fec80000,0x00000000fec80000,0x0000000100000000)
 ParOldGen       total 384000K, used 204124K [0x0000000080000000, 0x0000000097700000, 0x00000000d5580000)
  object space 384000K, 53% used [0x0000000080000000,0x000000008c7571f0,0x0000000097700000)
 Metaspace       used 93172K, capacity 95114K, committed 96512K, reserved 1134592K
  class space    used 11152K, capacity 11481K, committed 11776K, reserved 1048576K
}
{Heap before GC invocations=741 (full 5):
 PSYoungGen      total 677888K, used 675654K [0x00000000d5580000, 0x0000000100000000, 0x0000000100000000)
  eden space 660992K, 99% used [0x00000000d5580000,0x00000000fd942a50,0x00000000fdb00000)
  from space 16896K, 97% used [0x00000000fdb00000,0x00000000feb0efd8,0x00000000feb80000)
  to   space 19968K, 0% used [0x00000000fec80000,0x00000000fec80000,0x0000000100000000)
 ParOldGen       total 384000K, used 204124K [0x0000000080000000, 0x0000000097700000, 0x00000000d5580000)
  object space 384000K, 53% used [0x0000000080000000,0x000000008c7571f0,0x0000000097700000)
 Metaspace       used 93173K, capacity 95114K, committed 96512K, reserved 1134592K
  class space    used 11152K, capacity 11481K, committed 11776K, reserved 1048576K
2024-08-28T12:14:37.217+0600: 676784.546: [GC (Allocation Failure) [PSYoungGen: 675654K->17019K(676864K)] 879779K->221168K(1060864K), 0.0173075 secs] [Times: user=0.04 sys=0.00, real=0.02 secs] 
Heap after GC invocations=741 (full 5):
 PSYoungGen      total 676864K, used 17019K [0x00000000d5580000, 0x0000000100000000, 0x0000000100000000)
  eden space 656896K, 0% used [0x00000000d5580000,0x00000000d5580000,0x00000000fd700000)
  from space 19968K, 85% used [0x00000000fec80000,0x00000000ffd1ee38,0x0000000100000000)
  to   space 20992K, 0% used [0x00000000fd700000,0x00000000fd700000,0x00000000feb80000)
 ParOldGen       total 384000K, used 204148K [0x0000000080000000, 0x0000000097700000, 0x00000000d5580000)
  object space 384000K, 53% used [0x0000000080000000,0x000000008c75d1f0,0x0000000097700000)
 Metaspace       used 93173K, capacity 95114K, committed 96512K, reserved 1134592K
  class space    used 11152K, capacity 11481K, committed 11776K, reserved 1048576K
}
{Heap before GC invocations=742 (full 5):
 PSYoungGen      total 676864K, used 670698K [0x00000000d5580000, 0x0000000100000000, 0x0000000100000000)
  eden space 656896K, 99% used [0x00000000d5580000,0x00000000fd3dbbb0,0x00000000fd700000)
  from space 19968K, 85% used [0x00000000fec80000,0x00000000ffd1ee38,0x0000000100000000)
  to   space 20992K, 0% used [0x00000000fd700000,0x00000000fd700000,0x00000000feb80000)
 ParOldGen       total 384000K, used 204148K [0x0000000080000000, 0x0000000097700000, 0x00000000d5580000)
  object space 384000K, 53% used [0x0000000080000000,0x000000008c75d1f0,0x0000000097700000)
 Metaspace       used 93173K, capacity 95114K, committed 96512K, reserved 1134592K
  class space    used 11152K, capacity 11481K, committed 11776K, reserved 1048576K
2024-08-28T12:14:41.480+0600: 676788.809: [GC (Allocation Failure) [PSYoungGen: 670698K->16667K(673792K)] 874846K->220872K(1057792K), 0.0173229 secs] [Times: user=0.04 sys=0.00, real=0.01 secs] 
Heap after GC invocations=742 (full 5):
 PSYoungGen      total 673792K, used 16667K [0x00000000d5580000, 0x0000000100000000, 0x0000000100000000)
  eden space 656896K, 0% used [0x00000000d5580000,0x00000000d5580000,0x00000000fd700000)
  from space 16896K, 98% used [0x00000000fd700000,0x00000000fe746e38,0x00000000fe780000)
  to   space 21504K, 0% used [0x00000000feb00000,0x00000000feb00000,0x0000000100000000)
 ParOldGen       total 384000K, used 204204K [0x0000000080000000, 0x0000000097700000, 0x00000000d5580000)
  object space 384000K, 53% used [0x0000000080000000,0x000000008c76b1f0,0x0000000097700000)
 Metaspace       used 93173K, capacity 95114K, committed 96512K, reserved 1134592K
  class space    used 11152K, capacity 11481K, committed 11776K, reserved 1048576K
}
{Heap before GC invocations=743 (full 5):
 PSYoungGen      total 673792K, used 673563K [0x00000000d5580000, 0x0000000100000000, 0x0000000100000000)
  eden space 656896K, 100% used [0x00000000d5580000,0x00000000fd700000,0x00000000fd700000)
  from space 16896K, 98% used [0x00000000fd700000,0x00000000fe746e38,0x00000000fe780000)
  to   space 21504K, 0% used [0x00000000feb00000,0x00000000feb00000,0x0000000100000000)
 ParOldGen       total 384000K, used 204204K [0x0000000080000000, 0x0000000097700000, 0x00000000d5580000)
  object space 384000K, 53% used [0x0000000080000000,0x000000008c76b1f0,0x0000000097700000)
 Metaspace       used 93189K, capacity 95114K, committed 96512K, reserved 1134592K
  class space    used 11152K, capacity 11481K, committed 11776K, reserved 1048576K
2024-08-28T12:14:45.136+0600: 676792.465: [GC (Allocation Failure) [PSYoungGen: 673563K->11318K(677888K)] 877768K->215857K(1061888K), 0.0099502 secs] [Times: user=0.02 sys=0.00, real=0.01 secs] 
Heap after GC invocations=743 (full 5):
 PSYoungGen      total 677888K, used 11318K [0x00000000d5580000, 0x0000000100000000, 0x0000000100000000)
  eden space 656384K, 0% used [0x00000000d5580000,0x00000000d5580000,0x00000000fd680000)
  from space 21504K, 52% used [0x00000000feb00000,0x00000000ff60db88,0x0000000100000000)
  to   space 20992K, 0% used [0x00000000fd680000,0x00000000fd680000,0x00000000feb00000)
 ParOldGen       total 384000K, used 204538K [0x0000000080000000, 0x0000000097700000, 0x00000000d5580000)
  object space 384000K, 53% used [0x0000000080000000,0x000000008c7beb10,0x0000000097700000)
 Metaspace       used 93189K, capacity 95114K, committed 96512K, reserved 1134592K
  class space    used 11152K, capacity 11481K, committed 11776K, reserved 1048576K
}
{Heap before GC invocations=744 (full 5):
 PSYoungGen      total 677888K, used 664286K [0x00000000d5580000, 0x0000000100000000, 0x0000000100000000)
  eden space 656384K, 99% used [0x00000000d5580000,0x00000000fd32a040,0x00000000fd680000)
  from space 21504K, 52% used [0x00000000feb00000,0x00000000ff60db88,0x0000000100000000)
  to   space 20992K, 0% used [0x00000000fd680000,0x00000000fd680000,0x00000000feb00000)
 ParOldGen       total 384000K, used 204538K [0x0000000080000000, 0x0000000097700000, 0x00000000d5580000)
  object space 384000K, 53% used [0x0000000080000000,0x000000008c7beb10,0x0000000097700000)
 Metaspace       used 93190K, capacity 95114K, committed 96512K, reserved 1134592K
  class space    used 11152K, capacity 11481K, committed 11776K, reserved 1048576K
2024-08-28T12:14:50.713+0600: 676798.042: [GC (Allocation Failure) [PSYoungGen: 664286K->17147K(673792K)] 868825K->221742K(1057792K), 0.0176961 secs] [Times: user=0.03 sys=0.00, real=0.02 secs] 
Heap after GC invocations=744 (full 5):
 PSYoungGen      total 673792K, used 17147K [0x00000000d5580000, 0x0000000100000000, 0x0000000100000000)
  eden space 656384K, 0% used [0x00000000d5580000,0x00000000d5580000,0x00000000fd680000)
  from space 17408K, 98% used [0x00000000fd680000,0x00000000fe73ee38,0x00000000fe780000)
  to   space 22016K, 0% used [0x00000000fea80000,0x00000000fea80000,0x0000000100000000)
 ParOldGen       total 384000K, used 204594K [0x0000000080000000, 0x0000000097700000, 0x00000000d5580000)
  object space 384000K, 53% used [0x0000000080000000,0x000000008c7cca60,0x0000000097700000)
 Metaspace       used 93190K, capacity 95114K, committed 96512K, reserved 1134592K
  class space    used 11152K, capacity 11481K, committed 11776K, reserved 1048576K
}
{Heap before GC invocations=745 (full 5):
 PSYoungGen      total 673792K, used 673531K [0x00000000d5580000, 0x0000000100000000, 0x0000000100000000)
  eden space 656384K, 100% used [0x00000000d5580000,0x00000000fd680000,0x00000000fd680000)
  from space 17408K, 98% used [0x00000000fd680000,0x00000000fe73ee38,0x00000000fe780000)
  to   space 22016K, 0% used [0x00000000fea80000,0x00000000fea80000,0x0000000100000000)
 ParOldGen       total 384000K, used 204594K [0x0000000080000000, 0x0000000097700000, 0x00000000d5580000)
  object space 384000K, 53% used [0x0000000080000000,0x000000008c7cca60,0x0000000097700000)
 Metaspace       used 93190K, capacity 95114K, committed 96512K, reserved 1134592K
  class space    used 11152K, capacity 11481K, committed 11776K, reserved 1048576K
2024-08-28T12:14:54.779+0600: 676802.108: [GC (Allocation Failure) [PSYoungGen: 673531K->11849K(677376K)] 878126K->216555K(1061376K), 0.0103969 secs] [Times: user=0.02 sys=0.00, real=0.01 secs] 
Heap after GC invocations=745 (full 5):
 PSYoungGen      total 677376K, used 11849K [0x00000000d5580000, 0x0000000100000000, 0x0000000100000000)
  eden space 655360K, 0% used [0x00000000d5580000,0x00000000d5580000,0x00000000fd580000)
  from space 22016K, 53% used [0x00000000fea80000,0x00000000ff6124c8,0x0000000100000000)
  to   space 21504K, 0% used [0x00000000fd580000,0x00000000fd580000,0x00000000fea80000)
 ParOldGen       total 384000K, used 204706K [0x0000000080000000, 0x0000000097700000, 0x00000000d5580000)
  object space 384000K, 53% used [0x0000000080000000,0x000000008c7e8850,0x0000000097700000)
 Metaspace       used 93190K, capacity 95114K, committed 96512K, reserved 1134592K
  class space    used 11152K, capacity 11481K, committed 11776K, reserved 1048576K
}
{Heap before GC invocations=746 (full 5):
 PSYoungGen      total 677376K, used 666976K [0x00000000d5580000, 0x0000000100000000, 0x0000000100000000)
  eden space 655360K, 99% used [0x00000000d5580000,0x00000000fd545cb0,0x00000000fd580000)
  from space 22016K, 53% used [0x00000000fea80000,0x00000000ff6124c8,0x0000000100000000)
  to   space 21504K, 0% used [0x00000000fd580000,0x00000000fd580000,0x00000000fea80000)
 ParOldGen       total 384000K, used 204706K [0x0000000080000000, 0x0000000097700000, 0x00000000d5580000)
  object space 384000K, 53% used [0x0000000080000000,0x000000008c7e8850,0x0000000097700000)
 Metaspace       used 93190K, capacity 95114K, committed 96512K, reserved 1134592K
  class space    used 11152K, capacity 11481K, committed 11776K, reserved 1048576K
2024-08-28T12:15:00.040+0600: 676807.369: [GC (Allocation Failure) [PSYoungGen: 666976K->18532K(674304K)] 871682K->223310K(1058304K), 0.0170498 secs] [Times: user=0.03 sys=0.00, real=0.01 secs] 
Heap after GC invocations=746 (full 5):
 PSYoungGen      total 674304K, used 18532K [0x00000000d5580000, 0x0000000100000000, 0x0000000100000000)
  eden space 655360K, 0% used [0x00000000d5580000,0x00000000d5580000,0x00000000fd580000)
  from space 18944K, 97% used [0x00000000fd580000,0x00000000fe799378,0x00000000fe800000)
  to   space 22528K, 0% used [0x00000000fea00000,0x00000000fea00000,0x0000000100000000)
 ParOldGen       total 384000K, used 204777K [0x0000000080000000, 0x0000000097700000, 0x00000000d5580000)
  object space 384000K, 53% used [0x0000000080000000,0x000000008c7fa6f0,0x0000000097700000)
 Metaspace       used 93190K, capacity 95114K, committed 96512K, reserved 1134592K
  class space    used 11152K, capacity 11481K, committed 11776K, reserved 1048576K
}
{Heap before GC invocations=747 (full 5):
 PSYoungGen      total 674304K, used 671837K [0x00000000d5580000, 0x0000000100000000, 0x0000000100000000)
  eden space 655360K, 99% used [0x00000000d5580000,0x00000000fd37e250,0x00000000fd580000)
  from space 18944K, 97% used [0x00000000fd580000,0x00000000fe799378,0x00000000fe800000)
  to   space 22528K, 0% used [0x00000000fea00000,0x00000000fea00000,0x0000000100000000)
 ParOldGen       total 384000K, used 204777K [0x0000000080000000, 0x0000000097700000, 0x00000000d5580000)
  object space 384000K, 53% used [0x0000000080000000,0x000000008c7fa6f0,0x0000000097700000)
 Metaspace       used 93190K, capacity 95114K, committed 96512K, reserved 1134592K
  class space    used 11152K, capacity 11481K, committed 11776K, reserved 1048576K
2024-08-28T12:15:04.215+0600: 676811.544: [GC (Allocation Failure) [PSYoungGen: 671837K->17903K(675328K)] 876615K->222777K(1059328K), 0.0119855 secs] [Times: user=0.02 sys=0.00, real=0.01 secs] 
Heap after GC invocations=747 (full 5):
 PSYoungGen      total 675328K, used 17903K [0x00000000d5580000, 0x0000000100000000, 0x0000000100000000)
  eden space 652800K, 0% used [0x00000000d5580000,0x00000000d5580000,0x00000000fd300000)
  from space 22528K, 79% used [0x00000000fea00000,0x00000000ffb7bfc8,0x0000000100000000)
  to   space 23040K, 0% used [0x00000000fd300000,0x00000000fd300000,0x00000000fe980000)
 ParOldGen       total 384000K, used 204873K [0x0000000080000000, 0x0000000097700000, 0x00000000d5580000)
  object space 384000K, 53% used [0x0000000080000000,0x000000008c8124e0,0x0000000097700000)
 Metaspace       used 93190K, capacity 95114K, committed 96512K, reserved 1134592K
  class space    used 11152K, capacity 11481K, committed 11776K, reserved 1048576K
}
{Heap before GC invocations=748 (full 5):
 PSYoungGen      total 675328K, used 670703K [0x00000000d5580000, 0x0000000100000000, 0x0000000100000000)
  eden space 652800K, 100% used [0x00000000d5580000,0x00000000fd300000,0x00000000fd300000)
  from space 22528K, 79% used [0x00000000fea00000,0x00000000ffb7bfc8,0x0000000100000000)
  to   space 23040K, 0% used [0x00000000fd300000,0x00000000fd300000,0x00000000fe980000)
 ParOldGen       total 384000K, used 204873K [0x0000000080000000, 0x0000000097700000, 0x00000000d5580000)
  object space 384000K, 53% used [0x0000000080000000,0x000000008c8124e0,0x0000000097700000)
 Metaspace       used 93190K, capacity 95114K, committed 96512K, reserved 1134592K
  class space    used 11152K, capacity 11481K, committed 11776K, reserved 1048576K
2024-08-28T12:15:07.866+0600: 676815.195: [GC (Allocation Failure) [PSYoungGen: 670703K->11771K(675840K)] 875577K->216740K(1059840K), 0.0096747 secs] [Times: user=0.02 sys=0.00, real=0.01 secs] 
Heap after GC invocations=748 (full 5):
 PSYoungGen      total 675840K, used 11771K [0x00000000d5580000, 0x00000000fff80000, 0x0000000100000000)
  eden space 652800K, 0% used [0x00000000d5580000,0x00000000d5580000,0x00000000fd300000)
  from space 23040K, 51% used [0x00000000fd300000,0x00000000fde7eda8,0x00000000fe980000)
  to   space 22528K, 0% used [0x00000000fe980000,0x00000000fe980000,0x00000000fff80000)
 ParOldGen       total 384000K, used 204968K [0x0000000080000000, 0x0000000097700000, 0x00000000d5580000)
  object space 384000K, 53% used [0x0000000080000000,0x000000008c82a2d0,0x0000000097700000)
 Metaspace       used 93190K, capacity 95114K, committed 96512K, reserved 1134592K
  class space    used 11152K, capacity 11481K, committed 11776K, reserved 1048576K
}
{Heap before GC invocations=749 (full 5):
 PSYoungGen      total 675840K, used 662830K [0x00000000d5580000, 0x00000000fff80000, 0x0000000100000000)
  eden space 652800K, 99% used [0x00000000d5580000,0x00000000fd14cd20,0x00000000fd300000)
  from space 23040K, 51% used [0x00000000fd300000,0x00000000fde7eda8,0x00000000fe980000)
  to   space 22528K, 0% used [0x00000000fe980000,0x00000000fe980000,0x00000000fff80000)
 ParOldGen       total 384000K, used 204968K [0x0000000080000000, 0x0000000097700000, 0x00000000d5580000)
  object space 384000K, 53% used [0x0000000080000000,0x000000008c82a2d0,0x0000000097700000)
 Metaspace       used 93190K, capacity 95114K, committed 96512K, reserved 1134592K
  class space    used 11152K, capacity 11481K, committed 11776K, reserved 1048576K
2024-08-28T12:15:13.560+0600: 676820.889: [GC (Allocation Failure) [PSYoungGen: 662830K->13940K(674816K)] 867799K->218973K(1058816K), 0.0131512 secs] [Times: user=0.02 sys=0.00, real=0.01 secs] 
Heap after GC invocations=749 (full 5):
 PSYoungGen      total 674816K, used 13940K [0x00000000d5580000, 0x00000000ffe80000, 0x0000000100000000)
  eden space 653312K, 0% used [0x00000000d5580000,0x00000000d5580000,0x00000000fd380000)
  from space 21504K, 64% used [0x00000000fe980000,0x00000000ff71d250,0x00000000ffe80000)
  to   space 22016K, 0% used [0x00000000fd380000,0x00000000fd380000,0x00000000fe900000)
 ParOldGen       total 384000K, used 205032K [0x0000000080000000, 0x0000000097700000, 0x00000000d5580000)
  object space 384000K, 53% used [0x0000000080000000,0x000000008c83a220,0x0000000097700000)
 Metaspace       used 93190K, capacity 95114K, committed 96512K, reserved 1134592K
  class space    used 11152K, capacity 11481K, committed 11776K, reserved 1048576K
}
{Heap before GC invocations=750 (full 5):
 PSYoungGen      total 674816K, used 667252K [0x00000000d5580000, 0x00000000ffe80000, 0x0000000100000000)
  eden space 653312K, 100% used [0x00000000d5580000,0x00000000fd380000,0x00000000fd380000)
  from space 21504K, 64% used [0x00000000fe980000,0x00000000ff71d250,0x00000000ffe80000)
  to   space 22016K, 0% used [0x00000000fd380000,0x00000000fd380000,0x00000000fe900000)
 ParOldGen       total 384000K, used 205032K [0x0000000080000000, 0x0000000097700000, 0x00000000d5580000)
  object space 384000K, 53% used [0x0000000080000000,0x000000008c83a220,0x0000000097700000)
 Metaspace       used 93190K, capacity 95114K, committed 96512K, reserved 1134592K
  class space    used 11152K, capacity 11481K, committed 11776K, reserved 1048576K
2024-08-28T12:15:17.353+0600: 676824.682: [GC (Allocation Failure) [PSYoungGen: 667252K->11851K(675328K)] 872285K->216931K(1059328K), 0.0095080 secs] [Times: user=0.02 sys=0.00, real=0.01 secs] 
Heap after GC invocations=750 (full 5):
 PSYoungGen      total 675328K, used 11851K [0x00000000d5580000, 0x00000000fff80000, 0x0000000100000000)
  eden space 653312K, 0% used [0x00000000d5580000,0x00000000d5580000,0x00000000fd380000)
  from space 22016K, 53% used [0x00000000fd380000,0x00000000fdf12d98,0x00000000fe900000)
  to   space 21504K, 0% used [0x00000000fea80000,0x00000000fea80000,0x00000000fff80000)
 ParOldGen       total 384000K, used 205080K [0x0000000080000000, 0x0000000097700000, 0x00000000d5580000)
  object space 384000K, 53% used [0x0000000080000000,0x000000008c846220,0x0000000097700000)
 Metaspace       used 93190K, capacity 95114K, committed 96512K, reserved 1134592K
  class space    used 11152K, capacity 11481K, committed 11776K, reserved 1048576K
}
{Heap before GC invocations=751 (full 5):
 PSYoungGen      total 675328K, used 664791K [0x00000000d5580000, 0x00000000fff80000, 0x0000000100000000)
  eden space 653312K, 99% used [0x00000000d5580000,0x00000000fd3231e8,0x00000000fd380000)
  from space 22016K, 53% used [0x00000000fd380000,0x00000000fdf12d98,0x00000000fe900000)
  to   space 21504K, 0% used [0x00000000fea80000,0x00000000fea80000,0x00000000fff80000)
 ParOldGen       total 384000K, used 205080K [0x0000000080000000, 0x0000000097700000, 0x00000000d5580000)
  object space 384000K, 53% used [0x0000000080000000,0x000000008c846220,0x0000000097700000)
 Metaspace       used 93190K, capacity 95114K, committed 96512K, reserved 1134592K
  class space    used 11152K, capacity 11481K, committed 11776K, reserved 1048576K
2024-08-28T12:15:23.299+0600: 676830.628: [GC (Allocation Failure) [PSYoungGen: 664791K->13874K(675840K)] 869872K->218986K(1059840K), 0.0164556 secs] [Times: user=0.03 sys=0.00, real=0.01 secs] 
Heap after GC invocations=751 (full 5):
 PSYoungGen      total 675840K, used 13874K [0x00000000d5580000, 0x00000000ffe80000, 0x0000000100000000)
  eden space 655360K, 0% used [0x00000000d5580000,0x00000000d5580000,0x00000000fd580000)
  from space 20480K, 67% used [0x00000000fea80000,0x00000000ff80c990,0x00000000ffe80000)
  to   space 20992K, 0% used [0x00000000fd580000,0x00000000fd580000,0x00000000fea00000)
 ParOldGen       total 384000K, used 205112K [0x0000000080000000, 0x0000000097700000, 0x00000000d5580000)
  object space 384000K, 53% used [0x0000000080000000,0x000000008c84e220,0x0000000097700000)
 Metaspace       used 93190K, capacity 95114K, committed 96512K, reserved 1134592K
  class space    used 11152K, capacity 11481K, committed 11776K, reserved 1048576K
}
{Heap before GC invocations=752 (full 5):
 PSYoungGen      total 675840K, used 666693K [0x00000000d5580000, 0x00000000ffe80000, 0x0000000100000000)
  eden space 655360K, 99% used [0x00000000d5580000,0x00000000fd304d20,0x00000000fd580000)
  from space 20480K, 67% used [0x00000000fea80000,0x00000000ff80c990,0x00000000ffe80000)
  to   space 20992K, 0% used [0x00000000fd580000,0x00000000fd580000,0x00000000fea00000)
 ParOldGen       total 384000K, used 205112K [0x0000000080000000, 0x0000000097700000, 0x00000000d5580000)
  object space 384000K, 53% used [0x0000000080000000,0x000000008c84e220,0x0000000097700000)
 Metaspace       used 93190K, capacity 95114K, committed 96512K, reserved 1134592K
  class space    used 11152K, capacity 11481K, committed 11776K, reserved 1048576K
2024-08-28T12:15:27.495+0600: 676834.824: [GC (Allocation Failure) [PSYoungGen: 666693K->20965K(676352K)] 871806K->226740K(1060352K), 0.0138763 secs] [Times: user=0.03 sys=0.00, real=0.02 secs] 
Heap after GC invocations=752 (full 5):
 PSYoungGen      total 676352K, used 20965K [0x00000000d5580000, 0x0000000100000000, 0x0000000100000000)
  eden space 655360K, 0% used [0x00000000d5580000,0x00000000d5580000,0x00000000fd580000)
  from space 20992K, 99% used [0x00000000fd580000,0x00000000fe9f95d8,0x00000000fea00000)
  to   space 22528K, 0% used [0x00000000fea00000,0x00000000fea00000,0x0000000100000000)
 ParOldGen       total 384000K, used 205774K [0x0000000080000000, 0x0000000097700000, 0x00000000d5580000)
  object space 384000K, 53% used [0x0000000080000000,0x000000008c8f3b40,0x0000000097700000)
 Metaspace       used 93190K, capacity 95114K, committed 96512K, reserved 1134592K
  class space    used 11152K, capacity 11481K, committed 11776K, reserved 1048576K
}
{Heap before GC invocations=753 (full 5):
 PSYoungGen      total 676352K, used 674183K [0x00000000d5580000, 0x0000000100000000, 0x0000000100000000)
  eden space 655360K, 99% used [0x00000000d5580000,0x00000000fd368970,0x00000000fd580000)
  from space 20992K, 99% used [0x00000000fd580000,0x00000000fe9f95d8,0x00000000fea00000)
  to   space 22528K, 0% used [0x00000000fea00000,0x00000000fea00000,0x0000000100000000)
 ParOldGen       total 384000K, used 205774K [0x0000000080000000, 0x0000000097700000, 0x00000000d5580000)
  object space 384000K, 53% used [0x0000000080000000,0x000000008c8f3b40,0x0000000097700000)
 Metaspace       used 93190K, capacity 95114K, committed 96512K, reserved 1134592K
  class space    used 11152K, capacity 11481K, committed 11776K, reserved 1048576K
2024-08-28T12:15:32.767+0600: 676840.096: [GC (Allocation Failure) [PSYoungGen: 674183K->13076K(676352K)] 879958K->219514K(1060352K), 0.0159342 secs] [Times: user=0.03 sys=0.00, real=0.02 secs] 
Heap after GC invocations=753 (full 5):
 PSYoungGen      total 676352K, used 13076K [0x00000000d5580000, 0x0000000100000000, 0x0000000100000000)
  eden space 653824K, 0% used [0x00000000d5580000,0x00000000d5580000,0x00000000fd400000)
  from space 22528K, 58% used [0x00000000fea00000,0x00000000ff6c5250,0x0000000100000000)
  to   space 22528K, 0% used [0x00000000fd400000,0x00000000fd400000,0x00000000fea00000)
 ParOldGen       total 384000K, used 206437K [0x0000000080000000, 0x0000000097700000, 0x00000000d5580000)
  object space 384000K, 53% used [0x0000000080000000,0x000000008c999670,0x0000000097700000)
 Metaspace       used 93190K, capacity 95114K, committed 96512K, reserved 1134592K
  class space    used 11152K, capacity 11481K, committed 11776K, reserved 1048576K
}
{Heap before GC invocations=754 (full 5):
 PSYoungGen      total 676352K, used 666446K [0x00000000d5580000, 0x0000000100000000, 0x0000000100000000)
  eden space 653824K, 99% used [0x00000000d5580000,0x00000000fd38e840,0x00000000fd400000)
  from space 22528K, 58% used [0x00000000fea00000,0x00000000ff6c5250,0x0000000100000000)
  to   space 22528K, 0% used [0x00000000fd400000,0x00000000fd400000,0x00000000fea00000)
 ParOldGen       total 384000K, used 206437K [0x0000000080000000, 0x0000000097700000, 0x00000000d5580000)
  object space 384000K, 53% used [0x0000000080000000,0x000000008c999670,0x0000000097700000)
 Metaspace       used 93190K, capacity 95114K, committed 96512K, reserved 1134592K
  class space    used 11152K, capacity 11481K, committed 11776K, reserved 1048576K
2024-08-28T12:15:37.179+0600: 676844.508: [GC (Allocation Failure) [PSYoungGen: 666446K->12978K(667136K)] 872884K->219416K(1051136K), 0.0119475 secs] [Times: user=0.02 sys=0.00, real=0.01 secs] 
Heap after GC invocations=754 (full 5):
 PSYoungGen      total 667136K, used 12978K [0x00000000d5580000, 0x00000000fff00000, 0x0000000100000000)
  eden space 653824K, 0% used [0x00000000d5580000,0x00000000d5580000,0x00000000fd400000)
  from space 13312K, 97% used [0x00000000fd400000,0x00000000fe0ac990,0x00000000fe100000)
  to   space 22016K, 0% used [0x00000000fe980000,0x00000000fe980000,0x00000000fff00000)
 ParOldGen       total 384000K, used 206437K [0x0000000080000000, 0x0000000097700000, 0x00000000d5580000)
  object space 384000K, 53% used [0x0000000080000000,0x000000008c999670,0x0000000097700000)
 Metaspace       used 93190K, capacity 95114K, committed 96512K, reserved 1134592K
  class space    used 11152K, capacity 11481K, committed 11776K, reserved 1048576K
}
{Heap before GC invocations=755 (full 5):
 PSYoungGen      total 667136K, used 666802K [0x00000000d5580000, 0x00000000fff00000, 0x0000000100000000)
  eden space 653824K, 100% used [0x00000000d5580000,0x00000000fd400000,0x00000000fd400000)
  from space 13312K, 97% used [0x00000000fd400000,0x00000000fe0ac990,0x00000000fe100000)
  to   space 22016K, 0% used [0x00000000fe980000,0x00000000fe980000,0x00000000fff00000)
 ParOldGen       total 384000K, used 206437K [0x0000000080000000, 0x0000000097700000, 0x00000000d5580000)
  object space 384000K, 53% used [0x0000000080000000,0x000000008c999670,0x0000000097700000)
 Metaspace       used 93190K, capacity 95114K, committed 96512K, reserved 1134592K
  class space    used 11152K, capacity 11481K, committed 11776K, reserved 1048576K
2024-08-28T12:15:41.003+0600: 676848.332: [GC (Allocation Failure) [PSYoungGen: 666802K->3874K(674816K)] 873240K->210591K(1058816K), 0.0114377 secs] [Times: user=0.03 sys=0.00, real=0.01 secs] 
Heap after GC invocations=755 (full 5):
 PSYoungGen      total 674816K, used 3874K [0x00000000d5580000, 0x0000000100000000, 0x0000000100000000)
  eden space 652800K, 0% used [0x00000000d5580000,0x00000000d5580000,0x00000000fd300000)
  from space 22016K, 17% used [0x00000000fe980000,0x00000000fed488d0,0x00000000fff00000)
  to   space 23040K, 0% used [0x00000000fd300000,0x00000000fd300000,0x00000000fe980000)
 ParOldGen       total 384000K, used 206717K [0x0000000080000000, 0x0000000097700000, 0x00000000d5580000)
  object space 384000K, 53% used [0x0000000080000000,0x000000008c9df5c0,0x0000000097700000)
 Metaspace       used 93190K, capacity 95114K, committed 96512K, reserved 1134592K
  class space    used 11152K, capacity 11481K, committed 11776K, reserved 1048576K
}
{Heap before GC invocations=756 (full 5):
 PSYoungGen      total 674816K, used 655285K [0x00000000d5580000, 0x0000000100000000, 0x0000000100000000)
  eden space 652800K, 99% used [0x00000000d5580000,0x00000000fd1a4dc0,0x00000000fd300000)
  from space 22016K, 17% used [0x00000000fe980000,0x00000000fed488d0,0x00000000fff00000)
  to   space 23040K, 0% used [0x00000000fd300000,0x00000000fd300000,0x00000000fe980000)
 ParOldGen       total 384000K, used 206717K [0x0000000080000000, 0x0000000097700000, 0x00000000d5580000)
  object space 384000K, 53% used [0x0000000080000000,0x000000008c9df5c0,0x0000000097700000)
 Metaspace       used 93190K, capacity 95114K, committed 96512K, reserved 1134592K
  class space    used 11152K, capacity 11481K, committed 11776K, reserved 1048576K
2024-08-28T12:15:46.802+0600: 676854.131: [GC (Allocation Failure) [PSYoungGen: 655285K->16219K(675840K)] 862003K->223376K(1059840K), 0.0181195 secs] [Times: user=0.04 sys=0.00, real=0.02 secs] 
Heap after GC invocations=756 (full 5):
 PSYoungGen      total 675840K, used 16219K [0x00000000d5580000, 0x0000000100000000, 0x0000000100000000)
  eden space 652800K, 0% used [0x00000000d5580000,0x00000000d5580000,0x00000000fd300000)
  from space 23040K, 70% used [0x00000000fd300000,0x00000000fe2d6e48,0x00000000fe980000)
  to   space 23040K, 0% used [0x00000000fe980000,0x00000000fe980000,0x0000000100000000)
 ParOldGen       total 384000K, used 207157K [0x0000000080000000, 0x0000000097700000, 0x00000000d5580000)
  object space 384000K, 53% used [0x0000000080000000,0x000000008ca4d460,0x0000000097700000)
 Metaspace       used 93190K, capacity 95114K, committed 96512K, reserved 1134592K
  class space    used 11152K, capacity 11481K, committed 11776K, reserved 1048576K
}
{Heap before GC invocations=757 (full 5):
 PSYoungGen      total 675840K, used 669019K [0x00000000d5580000, 0x0000000100000000, 0x0000000100000000)
  eden space 652800K, 100% used [0x00000000d5580000,0x00000000fd300000,0x00000000fd300000)
  from space 23040K, 70% used [0x00000000fd300000,0x00000000fe2d6e48,0x00000000fe980000)
  to   space 23040K, 0% used [0x00000000fe980000,0x00000000fe980000,0x0000000100000000)
 ParOldGen       total 384000K, used 207157K [0x0000000080000000, 0x0000000097700000, 0x00000000d5580000)
  object space 384000K, 53% used [0x0000000080000000,0x000000008ca4d460,0x0000000097700000)
 Metaspace       used 93190K, capacity 95114K, committed 96512K, reserved 1134592K
  class space    used 11152K, capacity 11481K, committed 11776K, reserved 1048576K
2024-08-28T12:15:50.705+0600: 676858.034: [GC (Allocation Failure) [PSYoungGen: 669019K->3200K(673792K)] 876176K->210460K(1057792K), 0.0101964 secs] [Times: user=0.02 sys=0.00, real=0.01 secs] 
Heap after GC invocations=757 (full 5):
 PSYoungGen      total 673792K, used 3200K [0x00000000d5580000, 0x0000000100000000, 0x0000000100000000)
  eden space 650752K, 0% used [0x00000000d5580000,0x00000000d5580000,0x00000000fd100000)
  from space 23040K, 13% used [0x00000000fe980000,0x00000000feca0010,0x0000000100000000)
  to   space 24064K, 0% used [0x00000000fd100000,0x00000000fd100000,0x00000000fe880000)
 ParOldGen       total 384000K, used 207260K [0x0000000080000000, 0x0000000097700000, 0x00000000d5580000)
  object space 384000K, 53% used [0x0000000080000000,0x000000008ca673b0,0x0000000097700000)
 Metaspace       used 93190K, capacity 95114K, committed 96512K, reserved 1134592K
  class space    used 11152K, capacity 11481K, committed 11776K, reserved 1048576K
}
{Heap before GC invocations=758 (full 5):
 PSYoungGen      total 673792K, used 651993K [0x00000000d5580000, 0x0000000100000000, 0x0000000100000000)
  eden space 650752K, 99% used [0x00000000d5580000,0x00000000fcf164f8,0x00000000fd100000)
  from space 23040K, 13% used [0x00000000fe980000,0x00000000feca0010,0x0000000100000000)
  to   space 24064K, 0% used [0x00000000fd100000,0x00000000fd100000,0x00000000fe880000)
 ParOldGen       total 384000K, used 207260K [0x0000000080000000, 0x0000000097700000, 0x00000000d5580000)
  object space 384000K, 53% used [0x0000000080000000,0x000000008ca673b0,0x0000000097700000)
 Metaspace       used 93190K, capacity 95114K, committed 96512K, reserved 1134592K
  class space    used 11152K, capacity 11481K, committed 11776K, reserved 1048576K
2024-08-28T12:15:56.007+0600: 676863.336: [GC (Allocation Failure) [PSYoungGen: 651993K->16059K(674816K)] 859254K->223608K(1058816K), 0.0137887 secs] [Times: user=0.03 sys=0.00, real=0.02 secs] 
Heap after GC invocations=758 (full 5):
 PSYoungGen      total 674816K, used 16059K [0x00000000d5580000, 0x0000000100000000, 0x0000000100000000)
  eden space 650752K, 0% used [0x00000000d5580000,0x00000000d5580000,0x00000000fd100000)
  from space 24064K, 66% used [0x00000000fd100000,0x00000000fe0aee48,0x00000000fe880000)
  to   space 24064K, 0% used [0x00000000fe880000,0x00000000fe880000,0x0000000100000000)
 ParOldGen       total 384000K, used 207548K [0x0000000080000000, 0x0000000097700000, 0x00000000d5580000)
  object space 384000K, 54% used [0x0000000080000000,0x000000008caaf300,0x0000000097700000)
 Metaspace       used 93190K, capacity 95114K, committed 96512K, reserved 1134592K
  class space    used 11152K, capacity 11481K, committed 11776K, reserved 1048576K
}
{Heap before GC invocations=759 (full 5):
 PSYoungGen      total 674816K, used 665531K [0x00000000d5580000, 0x0000000100000000, 0x0000000100000000)
  eden space 650752K, 99% used [0x00000000d5580000,0x00000000fcfc00e0,0x00000000fd100000)
  from space 24064K, 66% used [0x00000000fd100000,0x00000000fe0aee48,0x00000000fe880000)
  to   space 24064K, 0% used [0x00000000fe880000,0x00000000fe880000,0x0000000100000000)
 ParOldGen       total 384000K, used 207548K [0x0000000080000000, 0x0000000097700000, 0x00000000d5580000)
  object space 384000K, 54% used [0x0000000080000000,0x000000008caaf300,0x0000000097700000)
 Metaspace       used 93190K, capacity 95114K, committed 96512K, reserved 1134592K
  class space    used 11152K, capacity 11481K, committed 11776K, reserved 1048576K
2024-08-28T12:16:00.083+0600: 676867.412: [GC (Allocation Failure) [PSYoungGen: 665531K->21922K(669696K)] 873080K->229791K(1053696K), 0.0135171 secs] [Times: user=0.02 sys=0.00, real=0.01 secs] 
Heap after GC invocations=759 (full 5):
 PSYoungGen      total 669696K, used 21922K [0x00000000d5580000, 0x0000000100000000, 0x0000000100000000)
  eden space 645632K, 0% used [0x00000000d5580000,0x00000000d5580000,0x00000000fcc00000)
  from space 24064K, 91% used [0x00000000fe880000,0x00000000ffde8bf8,0x0000000100000000)
  to   space 26624K, 0% used [0x00000000fcc00000,0x00000000fcc00000,0x00000000fe600000)
 ParOldGen       total 384000K, used 207868K [0x0000000080000000, 0x0000000097700000, 0x00000000d5580000)
  object space 384000K, 54% used [0x0000000080000000,0x000000008caff300,0x0000000097700000)
 Metaspace       used 93190K, capacity 95114K, committed 96512K, reserved 1134592K
  class space    used 11152K, capacity 11481K, committed 11776K, reserved 1048576K
}
{Heap before GC invocations=760 (full 5):
 PSYoungGen      total 669696K, used 665970K [0x00000000d5580000, 0x0000000100000000, 0x0000000100000000)
  eden space 645632K, 99% used [0x00000000d5580000,0x00000000fca73c08,0x00000000fcc00000)
  from space 24064K, 91% used [0x00000000fe880000,0x00000000ffde8bf8,0x0000000100000000)
  to   space 26624K, 0% used [0x00000000fcc00000,0x00000000fcc00000,0x00000000fe600000)
 ParOldGen       total 384000K, used 207868K [0x0000000080000000, 0x0000000097700000, 0x00000000d5580000)
  object space 384000K, 54% used [0x0000000080000000,0x000000008caff300,0x0000000097700000)
 Metaspace       used 93191K, capacity 95114K, committed 96512K, reserved 1134592K
  class space    used 11152K, capacity 11481K, committed 11776K, reserved 1048576K
2024-08-28T12:16:05.379+0600: 676872.708: [GC (Allocation Failure) [PSYoungGen: 665970K->12006K(672256K)] 873838K->220123K(1056256K), 0.0114533 secs] [Times: user=0.03 sys=0.00, real=0.02 secs] 
Heap after GC invocations=760 (full 5):
 PSYoungGen      total 672256K, used 12006K [0x00000000d5580000, 0x0000000100000000, 0x0000000100000000)
  eden space 645632K, 0% used [0x00000000d5580000,0x00000000d5580000,0x00000000fcc00000)
  from space 26624K, 45% used [0x00000000fcc00000,0x00000000fd7b9b20,0x00000000fe600000)
  to   space 25600K, 0% used [0x00000000fe700000,0x00000000fe700000,0x0000000100000000)
 ParOldGen       total 384000K, used 208116K [0x0000000080000000, 0x0000000097700000, 0x00000000d5580000)
  object space 384000K, 54% used [0x0000000080000000,0x000000008cb3d250,0x0000000097700000)
 Metaspace       used 93191K, capacity 95114K, committed 96512K, reserved 1134592K
  class space    used 11152K, capacity 11481K, committed 11776K, reserved 1048576K
}
{Heap before GC invocations=761 (full 5):
 PSYoungGen      total 672256K, used 657005K [0x00000000d5580000, 0x0000000100000000, 0x0000000100000000)
  eden space 645632K, 99% used [0x00000000d5580000,0x00000000fcb61b78,0x00000000fcc00000)
  from space 26624K, 45% used [0x00000000fcc00000,0x00000000fd7b9b20,0x00000000fe600000)
  to   space 25600K, 0% used [0x00000000fe700000,0x00000000fe700000,0x0000000100000000)
 ParOldGen       total 384000K, used 208116K [0x0000000080000000, 0x0000000097700000, 0x00000000d5580000)
  object space 384000K, 54% used [0x0000000080000000,0x000000008cb3d250,0x0000000097700000)
 Metaspace       used 93191K, capacity 95114K, committed 96512K, reserved 1134592K
  class space    used 11152K, capacity 11481K, committed 11776K, reserved 1048576K
2024-08-28T12:16:09.840+0600: 676877.169: [GC (Allocation Failure) [PSYoungGen: 657005K->11381K(669184K)] 865122K->220017K(1053184K), 0.0177175 secs] [Times: user=0.04 sys=0.00, real=0.01 secs] 
Heap after GC invocations=761 (full 5):
 PSYoungGen      total 669184K, used 11381K [0x00000000d5580000, 0x00000000ffd00000, 0x0000000100000000)
  eden space 646656K, 0% used [0x00000000d5580000,0x00000000d5580000,0x00000000fcd00000)
  from space 22528K, 50% used [0x00000000fe700000,0x00000000ff21d490,0x00000000ffd00000)
  to   space 24576K, 0% used [0x00000000fcd00000,0x00000000fcd00000,0x00000000fe500000)
 ParOldGen       total 384000K, used 208636K [0x0000000080000000, 0x0000000097700000, 0x00000000d5580000)
  object space 384000K, 54% used [0x0000000080000000,0x000000008cbbf250,0x0000000097700000)
 Metaspace       used 93191K, capacity 95114K, committed 96512K, reserved 1134592K
  class space    used 11152K, capacity 11481K, committed 11776K, reserved 1048576K
}
{Heap before GC invocations=762 (full 5):
 PSYoungGen      total 669184K, used 658037K [0x00000000d5580000, 0x00000000ffd00000, 0x0000000100000000)
  eden space 646656K, 100% used [0x00000000d5580000,0x00000000fcd00000,0x00000000fcd00000)
  from space 22528K, 50% used [0x00000000fe700000,0x00000000ff21d490,0x00000000ffd00000)
  to   space 24576K, 0% used [0x00000000fcd00000,0x00000000fcd00000,0x00000000fe500000)
 ParOldGen       total 384000K, used 208636K [0x0000000080000000, 0x0000000097700000, 0x00000000d5580000)
  object space 384000K, 54% used [0x0000000080000000,0x000000008cbbf250,0x0000000097700000)
 Metaspace       used 93191K, capacity 95114K, committed 96512K, reserved 1134592K
  class space    used 11152K, capacity 11481K, committed 11776K, reserved 1048576K
2024-08-28T12:16:13.595+0600: 676880.924: [GC (Allocation Failure) [PSYoungGen: 658037K->9771K(671232K)] 866673K->218607K(1055232K), 0.0091175 secs] [Times: user=0.02 sys=0.00, real=0.01 secs] 
Heap after GC invocations=762 (full 5):
 PSYoungGen      total 671232K, used 9771K [0x00000000d5580000, 0x0000000100000000, 0x0000000100000000)
  eden space 646656K, 0% used [0x00000000d5580000,0x00000000d5580000,0x00000000fcd00000)
  from space 24576K, 39% used [0x00000000fcd00000,0x00000000fd68ada8,0x00000000fe500000)
  to   space 24064K, 0% used [0x00000000fe880000,0x00000000fe880000,0x0000000100000000)
 ParOldGen       total 384000K, used 208836K [0x0000000080000000, 0x0000000097700000, 0x00000000d5580000)
  object space 384000K, 54% used [0x0000000080000000,0x000000008cbf1250,0x0000000097700000)
 Metaspace       used 93191K, capacity 95114K, committed 96512K, reserved 1134592K
  class space    used 11152K, capacity 11481K, committed 11776K, reserved 1048576K
}
{Heap before GC invocations=763 (full 5):
 PSYoungGen      total 671232K, used 656157K [0x00000000d5580000, 0x0000000100000000, 0x0000000100000000)
  eden space 646656K, 99% used [0x00000000d5580000,0x00000000fccbc8e0,0x00000000fcd00000)
  from space 24576K, 39% used [0x00000000fcd00000,0x00000000fd68ada8,0x00000000fe500000)
  to   space 24064K, 0% used [0x00000000fe880000,0x00000000fe880000,0x0000000100000000)
 ParOldGen       total 384000K, used 208836K [0x0000000080000000, 0x0000000097700000, 0x00000000d5580000)
  object space 384000K, 54% used [0x0000000080000000,0x000000008cbf1250,0x0000000097700000)
 Metaspace       used 93191K, capacity 95114K, committed 96512K, reserved 1134592K
  class space    used 11152K, capacity 11481K, committed 11776K, reserved 1048576K
2024-08-28T12:16:19.364+0600: 676886.693: [GC (Allocation Failure) [PSYoungGen: 656157K->11122K(672768K)] 864994K->220174K(1056768K), 0.0135173 secs] [Times: user=0.03 sys=0.00, real=0.01 secs] 
Heap after GC invocations=763 (full 5):
 PSYoungGen      total 672768K, used 11122K [0x00000000d5580000, 0x00000000ffe80000, 0x0000000100000000)
  eden space 650240K, 0% used [0x00000000d5580000,0x00000000d5580000,0x00000000fd080000)
  from space 22528K, 49% used [0x00000000fe880000,0x00000000ff35c990,0x00000000ffe80000)
  to   space 23552K, 0% used [0x00000000fd080000,0x00000000fd080000,0x00000000fe780000)
 ParOldGen       total 384000K, used 209052K [0x0000000080000000, 0x0000000097700000, 0x00000000d5580000)
  object space 384000K, 54% used [0x0000000080000000,0x000000008cc27070,0x0000000097700000)
 Metaspace       used 93191K, capacity 95114K, committed 96512K, reserved 1134592K
  class space    used 11152K, capacity 11481K, committed 11776K, reserved 1048576K
}
{Heap before GC invocations=764 (full 5):
 PSYoungGen      total 672768K, used 661362K [0x00000000d5580000, 0x00000000ffe80000, 0x0000000100000000)
  eden space 650240K, 100% used [0x00000000d5580000,0x00000000fd080000,0x00000000fd080000)
  from space 22528K, 49% used [0x00000000fe880000,0x00000000ff35c990,0x00000000ffe80000)
  to   space 23552K, 0% used [0x00000000fd080000,0x00000000fd080000,0x00000000fe780000)
 ParOldGen       total 384000K, used 209052K [0x0000000080000000, 0x0000000097700000, 0x00000000d5580000)
  object space 384000K, 54% used [0x0000000080000000,0x000000008cc27070,0x0000000097700000)
 Metaspace       used 93191K, capacity 95114K, committed 96512K, reserved 1134592K
  class space    used 11152K, capacity 11481K, committed 11776K, reserved 1048576K
2024-08-28T12:16:23.298+0600: 676890.627: [GC (Allocation Failure) [PSYoungGen: 661362K->9547K(673792K)] 870414K->218671K(1057792K), 0.0092352 secs] [Times: user=0.02 sys=0.00, real=0.01 secs] 
Heap after GC invocations=764 (full 5):
 PSYoungGen      total 673792K, used 9547K [0x00000000d5580000, 0x0000000100000000, 0x0000000100000000)
  eden space 650240K, 0% used [0x00000000d5580000,0x00000000d5580000,0x00000000fd080000)
  from space 23552K, 40% used [0x00000000fd080000,0x00000000fd9d2d98,0x00000000fe780000)
  to   space 23040K, 0% used [0x00000000fe980000,0x00000000fe980000,0x0000000100000000)
 ParOldGen       total 384000K, used 209124K [0x0000000080000000, 0x0000000097700000, 0x00000000d5580000)
  object space 384000K, 54% used [0x0000000080000000,0x000000008cc39070,0x0000000097700000)
 Metaspace       used 93191K, capacity 95114K, committed 96512K, reserved 1134592K
  class space    used 11152K, capacity 11481K, committed 11776K, reserved 1048576K
}
{Heap before GC invocations=765 (full 5):
 PSYoungGen      total 673792K, used 658037K [0x00000000d5580000, 0x0000000100000000, 0x0000000100000000)
  eden space 650240K, 99% used [0x00000000d5580000,0x00000000fceca670,0x00000000fd080000)
  from space 23552K, 40% used [0x00000000fd080000,0x00000000fd9d2d98,0x00000000fe780000)
  to   space 23040K, 0% used [0x00000000fe980000,0x00000000fe980000,0x0000000100000000)
 ParOldGen       total 384000K, used 209124K [0x0000000080000000, 0x0000000097700000, 0x00000000d5580000)
  object space 384000K, 54% used [0x0000000080000000,0x000000008cc39070,0x0000000097700000)
 Metaspace       used 93191K, capacity 95114K, committed 96512K, reserved 1134592K
  class space    used 11152K, capacity 11481K, committed 11776K, reserved 1048576K
2024-08-28T12:16:28.679+0600: 676896.008: [GC (Allocation Failure) [PSYoungGen: 658037K->11269K(672768K)] 867161K->220465K(1056768K), 0.0162191 secs] [Times: user=0.03 sys=0.00, real=0.01 secs] 
Heap after GC invocations=765 (full 5):
 PSYoungGen      total 672768K, used 11269K [0x00000000d5580000, 0x00000000ffd80000, 0x0000000100000000)
  eden space 652288K, 0% used [0x00000000d5580000,0x00000000d5580000,0x00000000fd280000)
  from space 20480K, 55% used [0x00000000fe980000,0x00000000ff481490,0x00000000ffd80000)
  to   space 22016K, 0% used [0x00000000fd280000,0x00000000fd280000,0x00000000fe800000)
 ParOldGen       total 384000K, used 209196K [0x0000000080000000, 0x0000000097700000, 0x00000000d5580000)
  object space 384000K, 54% used [0x0000000080000000,0x000000008cc4b070,0x0000000097700000)
 Metaspace       used 93191K, capacity 95114K, committed 96512K, reserved 1134592K
  class space    used 11152K, capacity 11481K, committed 11776K, reserved 1048576K
}
{Heap before GC invocations=766 (full 5):
 PSYoungGen      total 672768K, used 660676K [0x00000000d5580000, 0x00000000ffd80000, 0x0000000100000000)
  eden space 652288K, 99% used [0x00000000d5580000,0x00000000fcfafde8,0x00000000fd280000)
  from space 20480K, 55% used [0x00000000fe980000,0x00000000ff481490,0x00000000ffd80000)
  to   space 22016K, 0% used [0x00000000fd280000,0x00000000fd280000,0x00000000fe800000)
 ParOldGen       total 384000K, used 209196K [0x0000000080000000, 0x0000000097700000, 0x00000000d5580000)
  object space 384000K, 54% used [0x0000000080000000,0x000000008cc4b070,0x0000000097700000)
 Metaspace       used 93191K, capacity 95114K, committed 96512K, reserved 1134592K
  class space    used 11152K, capacity 11481K, committed 11776K, reserved 1048576K
2024-08-28T12:16:32.958+0600: 676900.288: [GC (Allocation Failure) [PSYoungGen: 660676K->11186K(674304K)] 869872K->220438K(1058304K), 0.0149041 secs] [Times: user=0.03 sys=0.00, real=0.02 secs] 
Heap after GC invocations=766 (full 5):
 PSYoungGen      total 674304K, used 11186K [0x00000000d5580000, 0x0000000100000000, 0x0000000100000000)
  eden space 652288K, 0% used [0x00000000d5580000,0x00000000d5580000,0x00000000fd280000)
  from space 22016K, 50% used [0x00000000fd280000,0x00000000fdd6c9a0,0x00000000fe800000)
  to   space 21504K, 0% used [0x00000000feb00000,0x00000000feb00000,0x0000000100000000)
 ParOldGen       total 384000K, used 209252K [0x0000000080000000, 0x0000000097700000, 0x00000000d5580000)
  object space 384000K, 54% used [0x0000000080000000,0x000000008cc59070,0x0000000097700000)
 Metaspace       used 93191K, capacity 95114K, committed 96512K, reserved 1134592K
  class space    used 11152K, capacity 11481K, committed 11776K, reserved 1048576K
}
{Heap before GC invocations=767 (full 5):
 PSYoungGen      total 674304K, used 659998K [0x00000000d5580000, 0x0000000100000000, 0x0000000100000000)
  eden space 652288K, 99% used [0x00000000d5580000,0x00000000fcf1aff8,0x00000000fd280000)
  from space 22016K, 50% used [0x00000000fd280000,0x00000000fdd6c9a0,0x00000000fe800000)
  to   space 21504K, 0% used [0x00000000feb00000,0x00000000feb00000,0x0000000100000000)
 ParOldGen       total 384000K, used 209252K [0x0000000080000000, 0x0000000097700000, 0x00000000d5580000)
  object space 384000K, 54% used [0x0000000080000000,0x000000008cc59070,0x0000000097700000)
 Metaspace       used 93191K, capacity 95114K, committed 96512K, reserved 1134592K
  class space    used 11152K, capacity 11481K, committed 11776K, reserved 1048576K
2024-08-28T12:16:38.116+0600: 676905.445: [GC (Allocation Failure) [PSYoungGen: 659998K->7607K(675328K)] 869250K->217011K(1059328K), 0.0131166 secs] [Times: user=0.02 sys=0.00, real=0.02 secs] 
Heap after GC invocations=767 (full 5):
 PSYoungGen      total 675328K, used 7607K [0x00000000d5580000, 0x00000000ffe80000, 0x0000000100000000)
  eden space 655360K, 0% used [0x00000000d5580000,0x00000000d5580000,0x00000000fd580000)
  from space 19968K, 38% used [0x00000000feb00000,0x00000000ff26df78,0x00000000ffe80000)
  to   space 20992K, 0% used [0x00000000fd580000,0x00000000fd580000,0x00000000fea00000)
 ParOldGen       total 384000K, used 209404K [0x0000000080000000, 0x0000000097700000, 0x00000000d5580000)
  object space 384000K, 54% used [0x0000000080000000,0x000000008cc7f070,0x0000000097700000)
 Metaspace       used 93191K, capacity 95114K, committed 96512K, reserved 1134592K
  class space    used 11152K, capacity 11481K, committed 11776K, reserved 1048576K
}
{Heap before GC invocations=768 (full 5):
 PSYoungGen      total 675328K, used 661128K [0x00000000d5580000, 0x00000000ffe80000, 0x0000000100000000)
  eden space 655360K, 99% used [0x00000000d5580000,0x00000000fd3b4090,0x00000000fd580000)
  from space 19968K, 38% used [0x00000000feb00000,0x00000000ff26df78,0x00000000ffe80000)
  to   space 20992K, 0% used [0x00000000fd580000,0x00000000fd580000,0x00000000fea00000)
 ParOldGen       total 384000K, used 209404K [0x0000000080000000, 0x0000000097700000, 0x00000000d5580000)
  object space 384000K, 54% used [0x0000000080000000,0x000000008cc7f070,0x0000000097700000)
 Metaspace       used 93191K, capacity 95114K, committed 96512K, reserved 1134592K
  class space    used 11152K, capacity 11481K, committed 11776K, reserved 1048576K
2024-08-28T12:16:42.383+0600: 676909.712: [GC (Allocation Failure) [PSYoungGen: 661128K->11154K(676352K)] 870532K->220654K(1060352K), 0.0124564 secs] [Times: user=0.03 sys=0.00, real=0.01 secs] 
Heap after GC invocations=768 (full 5):
 PSYoungGen      total 676352K, used 11154K [0x00000000d5580000, 0x0000000100000000, 0x0000000100000000)
  eden space 655360K, 0% used [0x00000000d5580000,0x00000000d5580000,0x00000000fd580000)
  from space 20992K, 53% used [0x00000000fd580000,0x00000000fe0649b0,0x00000000fea00000)
  to   space 20480K, 0% used [0x00000000fec00000,0x00000000fec00000,0x0000000100000000)
 ParOldGen       total 384000K, used 209500K [0x0000000080000000, 0x0000000097700000, 0x00000000d5580000)
  object space 384000K, 54% used [0x0000000080000000,0x000000008cc97070,0x0000000097700000)
 Metaspace       used 93191K, capacity 95114K, committed 96512K, reserved 1134592K
  class space    used 11152K, capacity 11481K, committed 11776K, reserved 1048576K
}
{Heap before GC invocations=769 (full 5):
 PSYoungGen      total 676352K, used 666514K [0x00000000d5580000, 0x0000000100000000, 0x0000000100000000)
  eden space 655360K, 100% used [0x00000000d5580000,0x00000000fd580000,0x00000000fd580000)
  from space 20992K, 53% used [0x00000000fd580000,0x00000000fe0649b0,0x00000000fea00000)
  to   space 20480K, 0% used [0x00000000fec00000,0x00000000fec00000,0x0000000100000000)
 ParOldGen       total 384000K, used 209500K [0x0000000080000000, 0x0000000097700000, 0x00000000d5580000)
  object space 384000K, 54% used [0x0000000080000000,0x000000008cc97070,0x0000000097700000)
 Metaspace       used 93191K, capacity 95114K, committed 96512K, reserved 1134592K
  class space    used 11152K, capacity 11481K, committed 11776K, reserved 1048576K
2024-08-28T12:16:46.075+0600: 676913.404: [GC (Allocation Failure) [PSYoungGen: 666514K->9001K(676352K)] 876014K->218557K(1060352K), 0.0087121 secs] [Times: user=0.02 sys=0.00, real=0.01 secs] 
Heap after GC invocations=769 (full 5):
 PSYoungGen      total 676352K, used 9001K [0x00000000d5580000, 0x00000000ffe80000, 0x0000000100000000)
  eden space 657408K, 0% used [0x00000000d5580000,0x00000000d5580000,0x00000000fd780000)
  from space 18944K, 47% used [0x00000000fec00000,0x00000000ff4ca4f8,0x00000000ffe80000)
  to   space 19968K, 0% used [0x00000000fd780000,0x00000000fd780000,0x00000000feb00000)
 ParOldGen       total 384000K, used 209556K [0x0000000080000000, 0x0000000097700000, 0x00000000d5580000)
  object space 384000K, 54% used [0x0000000080000000,0x000000008cca5070,0x0000000097700000)
 Metaspace       used 93191K, capacity 95114K, committed 96512K, reserved 1134592K
  class space    used 11152K, capacity 11481K, committed 11776K, reserved 1048576K
}
{Heap before GC invocations=770 (full 5):
 PSYoungGen      total 676352K, used 665051K [0x00000000d5580000, 0x00000000ffe80000, 0x0000000100000000)
  eden space 657408K, 99% used [0x00000000d5580000,0x00000000fd62c980,0x00000000fd780000)
  from space 18944K, 47% used [0x00000000fec00000,0x00000000ff4ca4f8,0x00000000ffe80000)
  to   space 19968K, 0% used [0x00000000fd780000,0x00000000fd780000,0x00000000feb00000)
 ParOldGen       total 384000K, used 209556K [0x0000000080000000, 0x0000000097700000, 0x00000000d5580000)
  object space 384000K, 54% used [0x0000000080000000,0x000000008cca5070,0x0000000097700000)
 Metaspace       used 93191K, capacity 95114K, committed 96512K, reserved 1134592K
  class space    used 11152K, capacity 11481K, committed 11776K, reserved 1048576K
2024-08-28T12:16:51.844+0600: 676919.173: [GC (Allocation Failure) [PSYoungGen: 665051K->11122K(677376K)] 874607K->220766K(1061376K), 0.0120216 secs] [Times: user=0.02 sys=0.00, real=0.01 secs] 
Heap after GC invocations=770 (full 5):
 PSYoungGen      total 677376K, used 11122K [0x00000000d5580000, 0x0000000100000000, 0x0000000100000000)
  eden space 657408K, 0% used [0x00000000d5580000,0x00000000d5580000,0x00000000fd780000)
  from space 19968K, 55% used [0x00000000fd780000,0x00000000fe25c9b0,0x00000000feb00000)
  to   space 19456K, 0% used [0x00000000fed00000,0x00000000fed00000,0x0000000100000000)
 ParOldGen       total 384000K, used 209644K [0x0000000080000000, 0x0000000097700000, 0x00000000d5580000)
  object space 384000K, 54% used [0x0000000080000000,0x000000008ccbb070,0x0000000097700000)
 Metaspace       used 93191K, capacity 95114K, committed 96512K, reserved 1134592K
  class space    used 11152K, capacity 11481K, committed 11776K, reserved 1048576K
}
{Heap before GC invocations=771 (full 5):
 PSYoungGen      total 677376K, used 668530K [0x00000000d5580000, 0x0000000100000000, 0x0000000100000000)
  eden space 657408K, 100% used [0x00000000d5580000,0x00000000fd780000,0x00000000fd780000)
  from space 19968K, 55% used [0x00000000fd780000,0x00000000fe25c9b0,0x00000000feb00000)
  to   space 19456K, 0% used [0x00000000fed00000,0x00000000fed00000,0x0000000100000000)
 ParOldGen       total 384000K, used 209644K [0x0000000080000000, 0x0000000097700000, 0x00000000d5580000)
  object space 384000K, 54% used [0x0000000080000000,0x000000008ccbb070,0x0000000097700000)
 Metaspace       used 93208K, capacity 95114K, committed 96512K, reserved 1134592K
  class space    used 11153K, capacity 11481K, committed 11776K, reserved 1048576K
2024-08-28T12:24:26.991+0600: 677374.320: [GC (Allocation Failure) [PSYoungGen: 668530K->14204K(678400K)] 878174K->223904K(1062400K), 0.0217913 secs] [Times: user=0.04 sys=0.00, real=0.02 secs] 
Heap after GC invocations=771 (full 5):
 PSYoungGen      total 678400K, used 14204K [0x00000000d5580000, 0x00000000fff80000, 0x0000000100000000)
  eden space 659456K, 0% used [0x00000000d5580000,0x00000000d5580000,0x00000000fd980000)
  from space 18944K, 74% used [0x00000000fed00000,0x00000000ffadf348,0x00000000fff80000)
  to   space 19456K, 0% used [0x00000000fd980000,0x00000000fd980000,0x00000000fec80000)
 ParOldGen       total 384000K, used 209700K [0x0000000080000000, 0x0000000097700000, 0x00000000d5580000)
  object space 384000K, 54% used [0x0000000080000000,0x000000008ccc9070,0x0000000097700000)
 Metaspace       used 93208K, capacity 95114K, committed 96512K, reserved 1134592K
  class space    used 11153K, capacity 11481K, committed 11776K, reserved 1048576K
}
{Heap before GC invocations=772 (full 5):
 PSYoungGen      total 678400K, used 673660K [0x00000000d5580000, 0x00000000fff80000, 0x0000000100000000)
  eden space 659456K, 100% used [0x00000000d5580000,0x00000000fd980000,0x00000000fd980000)
  from space 18944K, 74% used [0x00000000fed00000,0x00000000ffadf348,0x00000000fff80000)
  to   space 19456K, 0% used [0x00000000fd980000,0x00000000fd980000,0x00000000fec80000)
 ParOldGen       total 384000K, used 209700K [0x0000000080000000, 0x0000000097700000, 0x00000000d5580000)
  object space 384000K, 54% used [0x0000000080000000,0x000000008ccc9070,0x0000000097700000)
 Metaspace       used 93233K, capacity 95242K, committed 96768K, reserved 1134592K
  class space    used 11154K, capacity 11481K, committed 11776K, reserved 1048576K
2024-08-28T13:11:40.814+0600: 680208.143: [GC (Allocation Failure) [PSYoungGen: 673660K->19425K(678912K)] 883360K->284255K(1062912K), 0.0443069 secs] [Times: user=0.06 sys=0.00, real=0.04 secs] 
Heap after GC invocations=772 (full 5):
 PSYoungGen      total 678912K, used 19425K [0x00000000d5580000, 0x0000000100000000, 0x0000000100000000)
  eden space 659456K, 0% used [0x00000000d5580000,0x00000000d5580000,0x00000000fd980000)
  from space 19456K, 99% used [0x00000000fd980000,0x00000000fec784e8,0x00000000fec80000)
  to   space 19968K, 0% used [0x00000000fec80000,0x00000000fec80000,0x0000000100000000)
 ParOldGen       total 384000K, used 264830K [0x0000000080000000, 0x0000000097700000, 0x00000000d5580000)
  object space 384000K, 68% used [0x0000000080000000,0x000000009029f880,0x0000000097700000)
 Metaspace       used 93233K, capacity 95242K, committed 96768K, reserved 1134592K
  class space    used 11154K, capacity 11481K, committed 11776K, reserved 1048576K
}
{Heap before GC invocations=773 (full 5):
 PSYoungGen      total 678912K, used 678881K [0x00000000d5580000, 0x0000000100000000, 0x0000000100000000)
  eden space 659456K, 100% used [0x00000000d5580000,0x00000000fd980000,0x00000000fd980000)
  from space 19456K, 99% used [0x00000000fd980000,0x00000000fec784e8,0x00000000fec80000)
  to   space 19968K, 0% used [0x00000000fec80000,0x00000000fec80000,0x0000000100000000)
 ParOldGen       total 384000K, used 264830K [0x0000000080000000, 0x0000000097700000, 0x00000000d5580000)
  object space 384000K, 68% used [0x0000000080000000,0x000000009029f880,0x0000000097700000)
 Metaspace       used 93674K, capacity 95926K, committed 96768K, reserved 1134592K
  class space    used 11217K, capacity 11595K, committed 11776K, reserved 1048576K
2023-08-28T13:17:20.320+0600: 680547.650: [GC (Allocation Failure) [PSYoungGen: 678881K->19943K(595968K)] 943711K->341565K(979968K), 0.0600041 secs] [Times: user=0.08 sys=0.00, real=0.06 secs] 
Heap after GC invocations=773 (full 5):
 PSYoungGen      total 595968K, used 19943K [0x00000000d5580000, 0x0000000100000000, 0x0000000100000000)
  eden space 576000K, 0% used [0x00000000d5580000,0x00000000d5580000,0x00000000f8800000)
  from space 19968K, 99% used [0x00000000fec80000,0x00000000ffff9fe0,0x0000000100000000)
  to   space 61440K, 0% used [0x00000000f8800000,0x00000000f8800000,0x00000000fc400000)
 ParOldGen       total 384000K, used 321621K [0x0000000080000000, 0x0000000097700000, 0x00000000d5580000)
  object space 384000K, 83% used [0x0000000080000000,0x0000000093a157e8,0x0000000097700000)
 Metaspace       used 93674K, capacity 95926K, committed 96768K, reserved 1134592K
  class space    used 11217K, capacity 11595K, committed 11776K, reserved 1048576K
}
{Heap before GC invocations=774 (full 5):
 PSYoungGen      total 595968K, used 595938K [0x00000000d5580000, 0x0000000100000000, 0x0000000100000000)
  eden space 576000K, 99% used [0x00000000d5580000,0x00000000f87feb48,0x00000000f8800000)
  from space 19968K, 99% used [0x00000000fec80000,0x00000000ffff9fe0,0x0000000100000000)
  to   space 61440K, 0% used [0x00000000f8800000,0x00000000f8800000,0x00000000fc400000)
 ParOldGen       total 384000K, used 321621K [0x0000000080000000, 0x0000000097700000, 0x00000000d5580000)
  object space 384000K, 83% used [0x0000000080000000,0x0000000093a157e8,0x0000000097700000)
 Metaspace       used 93713K, capacity 95932K, committed 96768K, reserved 1134592K
  class space    used 11218K, capacity 11596K, committed 11776K, reserved 1048576K
2024-08-28T16:34:35.033+0600: 692382.363: [GC (Allocation Failure) [PSYoungGen: 595938K->33639K(637440K)] 917560K->355301K(1021440K), 0.0418209 secs] [Times: user=0.07 sys=0.00, real=0.04 secs] 
Heap after GC invocations=774 (full 5):
 PSYoungGen      total 637440K, used 33639K [0x00000000d5580000, 0x0000000100000000, 0x0000000100000000)
  eden space 576000K, 0% used [0x00000000d5580000,0x00000000d5580000,0x00000000f8800000)
  from space 61440K, 54% used [0x00000000f8800000,0x00000000fa8d9da0,0x00000000fc400000)
  to   space 61440K, 0% used [0x00000000fc400000,0x00000000fc400000,0x0000000100000000)
 ParOldGen       total 384000K, used 321661K [0x0000000080000000, 0x0000000097700000, 0x00000000d5580000)
  object space 384000K, 83% used [0x0000000080000000,0x0000000093a1f7e8,0x0000000097700000)
 Metaspace       used 93713K, capacity 95932K, committed 96768K, reserved 1134592K
  class space    used 11218K, capacity 11596K, committed 11776K, reserved 1048576K
}
{Heap before GC invocations=775 (full 5):
 PSYoungGen      total 637440K, used 609639K [0x00000000d5580000, 0x0000000100000000, 0x0000000100000000)
  eden space 576000K, 100% used [0x00000000d5580000,0x00000000f8800000,0x00000000f8800000)
  from space 61440K, 54% used [0x00000000f8800000,0x00000000fa8d9da0,0x00000000fc400000)
  to   space 61440K, 0% used [0x00000000fc400000,0x00000000fc400000,0x0000000100000000)
 ParOldGen       total 384000K, used 321661K [0x0000000080000000, 0x0000000097700000, 0x00000000d5580000)
  object space 384000K, 83% used [0x0000000080000000,0x0000000093a1f7e8,0x0000000097700000)
 Metaspace       used 93756K, capacity 96052K, committed 96768K, reserved 1134592K
  class space    used 11222K, capacity 11632K, committed 11776K, reserved 1048576K
2023-08-28T21:41:41.380+0600: 709613.379: [GC (Allocation Failure) [PSYoungGen: 609639K->25326K(630272K)] 931301K->346988K(1014272K), 0.0462270 secs] [Times: user=0.07 sys=0.00, real=0.04 secs] 
