Java HotSpot(TM) 64-Bit Server VM (25.161-b12) for linux-amd64 JRE (1.8.0_161-b12), built on Dec 19 2017 16:12:43 by "java_re" with gcc 4.3.0 20080428 (Red Hat 4.3.0-8)
Memory: 4k page, physical 49294204k(2343172k free), swap 73400316k(66815876k free)
CommandLine flags: -XX:+HeapDumpOnOutOfMemoryError -XX:HeapDumpPath=/home/knotify/gclogs/KPP-knotify-java_pid.hprof -XX:InitialHeapSize=268435456 -XX:MaxHeapSize=2147483648 -XX:NewRatio=2 -XX:ParallelGCThreads=2 -XX:+PrintGC -XX:+PrintGCDateStamps -XX:+PrintGCDetails -XX:+PrintGCTimeStamps -XX:+PrintHeapAtGC -XX:SurvivorRatio=8 -XX:+UseCompressedClassPointers -XX:+UseCompressedOops -XX:-UseConcMarkSweepGC -XX:+UseParallelGC 
{Heap before GC invocations=1 (full 0):
 PSYoungGen      total 78336K, used 69632K [0x00000000d5580000, 0x00000000daa80000, 0x0000000100000000)
  eden space 69632K, 100% used [0x00000000d5580000,0x00000000d9980000,0x00000000d9980000)
  from space 8704K, 0% used [0x00000000da200000,0x00000000da200000,0x00000000daa80000)
  to   space 8704K, 0% used [0x00000000d9980000,0x00000000d9980000,0x00000000da200000)
 ParOldGen       total 175104K, used 0K [0x0000000080000000, 0x000000008ab00000, 0x00000000d5580000)
  object space 175104K, 0% used [0x0000000080000000,0x0000000080000000,0x000000008ab00000)
 Metaspace       used 6911K, capacity 7100K, committed 7296K, reserved 1056768K
  class space    used 794K, capacity 856K, committed 896K, reserved 1048576K
2023-08-28T22:47:14.505+0600: 1.000: [GC (Allocation Failure) [PSYoungGen: 69632K->3123K(78336K)] 69632K->3123K(253440K), 0.0060611 secs] [Times: user=0.01 sys=0.00, real=0.01 secs] 
Heap after GC invocations=1 (full 0):
 PSYoungGen      total 78336K, used 3123K [0x00000000d5580000, 0x00000000daa80000, 0x0000000100000000)
  eden space 69632K, 0% used [0x00000000d5580000,0x00000000d5580000,0x00000000d9980000)
  from space 8704K, 35% used [0x00000000d9980000,0x00000000d9c8cca0,0x00000000da200000)
  to   space 8704K, 0% used [0x00000000da200000,0x00000000da200000,0x00000000daa80000)
 ParOldGen       total 175104K, used 0K [0x0000000080000000, 0x000000008ab00000, 0x00000000d5580000)
  object space 175104K, 0% used [0x0000000080000000,0x0000000080000000,0x000000008ab00000)
 Metaspace       used 6911K, capacity 7100K, committed 7296K, reserved 1056768K
  class space    used 794K, capacity 856K, committed 896K, reserved 1048576K
}
{Heap before GC invocations=2 (full 0):
 PSYoungGen      total 78336K, used 72755K [0x00000000d5580000, 0x00000000daa80000, 0x0000000100000000)
  eden space 69632K, 100% used [0x00000000d5580000,0x00000000d9980000,0x00000000d9980000)
  from space 8704K, 35% used [0x00000000d9980000,0x00000000d9c8cca0,0x00000000da200000)
  to   space 8704K, 0% used [0x00000000da200000,0x00000000da200000,0x00000000daa80000)
 ParOldGen       total 175104K, used 0K [0x0000000080000000, 0x000000008ab00000, 0x00000000d5580000)
  object space 175104K, 0% used [0x0000000080000000,0x0000000080000000,0x000000008ab00000)
 Metaspace       used 7865K, capacity 8060K, committed 8192K, reserved 1056768K
  class space    used 924K, capacity 984K, committed 1024K, reserved 1048576K
2023-08-28T22:47:14.682+0600: 1.176: [GC (Allocation Failure) [PSYoungGen: 72755K->8036K(78336K)] 72755K->8036K(253440K), 0.0121540 secs] [Times: user=0.02 sys=0.01, real=0.01 secs] 
Heap after GC invocations=2 (full 0):
 PSYoungGen      total 78336K, used 8036K [0x00000000d5580000, 0x00000000dee80000, 0x0000000100000000)
  eden space 69632K, 0% used [0x00000000d5580000,0x00000000d5580000,0x00000000d9980000)
  from space 8704K, 92% used [0x00000000da200000,0x00000000da9d9260,0x00000000daa80000)
  to   space 8704K, 0% used [0x00000000d9980000,0x00000000d9980000,0x00000000da200000)
 ParOldGen       total 175104K, used 0K [0x0000000080000000, 0x000000008ab00000, 0x00000000d5580000)
  object space 175104K, 0% used [0x0000000080000000,0x0000000080000000,0x000000008ab00000)
 Metaspace       used 7865K, capacity 8060K, committed 8192K, reserved 1056768K
  class space    used 924K, capacity 984K, committed 1024K, reserved 1048576K
}
{Heap before GC invocations=3 (full 0):
 PSYoungGen      total 78336K, used 77668K [0x00000000d5580000, 0x00000000dee80000, 0x0000000100000000)
  eden space 69632K, 100% used [0x00000000d5580000,0x00000000d9980000,0x00000000d9980000)
  from space 8704K, 92% used [0x00000000da200000,0x00000000da9d9260,0x00000000daa80000)
  to   space 8704K, 0% used [0x00000000d9980000,0x00000000d9980000,0x00000000da200000)
 ParOldGen       total 175104K, used 0K [0x0000000080000000, 0x000000008ab00000, 0x00000000d5580000)
  object space 175104K, 0% used [0x0000000080000000,0x0000000080000000,0x000000008ab00000)
 Metaspace       used 7889K, capacity 8060K, committed 8192K, reserved 1056768K
  class space    used 927K, capacity 984K, committed 1024K, reserved 1048576K
2023-08-28T22:47:14.781+0600: 1.275: [GC (Allocation Failure) [PSYoungGen: 77668K->7860K(78336K)] 77668K->7860K(253440K), 0.0076734 secs] [Times: user=0.02 sys=0.00, real=0.01 secs] 
Heap after GC invocations=3 (full 0):
 PSYoungGen      total 78336K, used 7860K [0x00000000d5580000, 0x00000000dee80000, 0x0000000100000000)
  eden space 69632K, 0% used [0x00000000d5580000,0x00000000d5580000,0x00000000d9980000)
  from space 8704K, 90% used [0x00000000d9980000,0x00000000da12d270,0x00000000da200000)
  to   space 8704K, 0% used [0x00000000de600000,0x00000000de600000,0x00000000dee80000)
 ParOldGen       total 175104K, used 0K [0x0000000080000000, 0x000000008ab00000, 0x00000000d5580000)
  object space 175104K, 0% used [0x0000000080000000,0x0000000080000000,0x000000008ab00000)
 Metaspace       used 7889K, capacity 8060K, committed 8192K, reserved 1056768K
  class space    used 927K, capacity 984K, committed 1024K, reserved 1048576K
}
{Heap before GC invocations=4 (full 0):
 PSYoungGen      total 78336K, used 77492K [0x00000000d5580000, 0x00000000dee80000, 0x0000000100000000)
  eden space 69632K, 100% used [0x00000000d5580000,0x00000000d9980000,0x00000000d9980000)
  from space 8704K, 90% used [0x00000000d9980000,0x00000000da12d270,0x00000000da200000)
  to   space 8704K, 0% used [0x00000000de600000,0x00000000de600000,0x00000000dee80000)
 ParOldGen       total 175104K, used 0K [0x0000000080000000, 0x000000008ab00000, 0x00000000d5580000)
  object space 175104K, 0% used [0x0000000080000000,0x0000000080000000,0x000000008ab00000)
 Metaspace       used 7891K, capacity 8060K, committed 8192K, reserved 1056768K
  class space    used 927K, capacity 984K, committed 1024K, reserved 1048576K
2023-08-28T22:47:14.830+0600: 1.325: [GC (Allocation Failure) [PSYoungGen: 77492K->7796K(147968K)] 77492K->7796K(323072K), 0.0085181 secs] [Times: user=0.01 sys=0.01, real=0.01 secs] 
Heap after GC invocations=4 (full 0):
 PSYoungGen      total 147968K, used 7796K [0x00000000d5580000, 0x00000000dee80000, 0x0000000100000000)
  eden space 139264K, 0% used [0x00000000d5580000,0x00000000d5580000,0x00000000ddd80000)
  from space 8704K, 89% used [0x00000000de600000,0x00000000ded9d270,0x00000000dee80000)
  to   space 8704K, 0% used [0x00000000ddd80000,0x00000000ddd80000,0x00000000de600000)
 ParOldGen       total 175104K, used 0K [0x0000000080000000, 0x000000008ab00000, 0x00000000d5580000)
  object space 175104K, 0% used [0x0000000080000000,0x0000000080000000,0x000000008ab00000)
 Metaspace       used 7891K, capacity 8060K, committed 8192K, reserved 1056768K
  class space    used 927K, capacity 984K, committed 1024K, reserved 1048576K
}
{Heap before GC invocations=5 (full 0):
 PSYoungGen      total 147968K, used 147060K [0x00000000d5580000, 0x00000000dee80000, 0x0000000100000000)
  eden space 139264K, 100% used [0x00000000d5580000,0x00000000ddd80000,0x00000000ddd80000)
  from space 8704K, 89% used [0x00000000de600000,0x00000000ded9d270,0x00000000dee80000)
  to   space 8704K, 0% used [0x00000000ddd80000,0x00000000ddd80000,0x00000000de600000)
 ParOldGen       total 175104K, used 0K [0x0000000080000000, 0x000000008ab00000, 0x00000000d5580000)
  object space 175104K, 0% used [0x0000000080000000,0x0000000080000000,0x000000008ab00000)
 Metaspace       used 12364K, capacity 12558K, committed 12800K, reserved 1060864K
  class space    used 1455K, capacity 1499K, committed 1536K, reserved 1048576K
2023-08-28T22:47:15.384+0600: 1.879: [GC (Allocation Failure) [PSYoungGen: 147060K->6932K(147968K)] 147060K->7004K(323072K), 0.0148732 secs] [Times: user=0.01 sys=0.02, real=0.02 secs] 
Heap after GC invocations=5 (full 0):
 PSYoungGen      total 147968K, used 6932K [0x00000000d5580000, 0x00000000e7980000, 0x0000000100000000)
  eden space 139264K, 0% used [0x00000000d5580000,0x00000000d5580000,0x00000000ddd80000)
  from space 8704K, 79% used [0x00000000ddd80000,0x00000000de445338,0x00000000de600000)
  to   space 10240K, 0% used [0x00000000e6f80000,0x00000000e6f80000,0x00000000e7980000)
 ParOldGen       total 175104K, used 72K [0x0000000080000000, 0x000000008ab00000, 0x00000000d5580000)
  object space 175104K, 0% used [0x0000000080000000,0x0000000080012010,0x000000008ab00000)
 Metaspace       used 12364K, capacity 12558K, committed 12800K, reserved 1060864K
  class space    used 1455K, capacity 1499K, committed 1536K, reserved 1048576K
}
{Heap before GC invocations=6 (full 0):
 PSYoungGen      total 147968K, used 146196K [0x00000000d5580000, 0x00000000e7980000, 0x0000000100000000)
  eden space 139264K, 100% used [0x00000000d5580000,0x00000000ddd80000,0x00000000ddd80000)
  from space 8704K, 79% used [0x00000000ddd80000,0x00000000de445338,0x00000000de600000)
  to   space 10240K, 0% used [0x00000000e6f80000,0x00000000e6f80000,0x00000000e7980000)
 ParOldGen       total 175104K, used 72K [0x0000000080000000, 0x000000008ab00000, 0x00000000d5580000)
  object space 175104K, 0% used [0x0000000080000000,0x0000000080012010,0x000000008ab00000)
 Metaspace       used 13017K, capacity 13230K, committed 13440K, reserved 1060864K
  class space    used 1539K, capacity 1595K, committed 1664K, reserved 1048576K
2023-08-28T22:47:15.665+0600: 2.160: [GC (Allocation Failure) [PSYoungGen: 146196K->9112K(288256K)] 146268K->9192K(463360K), 0.0122894 secs] [Times: user=0.03 sys=0.00, real=0.01 secs] 
Heap after GC invocations=6 (full 0):
 PSYoungGen      total 288256K, used 9112K [0x00000000d5580000, 0x00000000e7a80000, 0x0000000100000000)
  eden space 278016K, 0% used [0x00000000d5580000,0x00000000d5580000,0x00000000e6500000)
  from space 10240K, 88% used [0x00000000e6f80000,0x00000000e78662c8,0x00000000e7980000)
  to   space 10752K, 0% used [0x00000000e6500000,0x00000000e6500000,0x00000000e6f80000)
 ParOldGen       total 175104K, used 80K [0x0000000080000000, 0x000000008ab00000, 0x00000000d5580000)
  object space 175104K, 0% used [0x0000000080000000,0x0000000080014010,0x000000008ab00000)
 Metaspace       used 13017K, capacity 13230K, committed 13440K, reserved 1060864K
  class space    used 1539K, capacity 1595K, committed 1664K, reserved 1048576K
}
{Heap before GC invocations=7 (full 0):
 PSYoungGen      total 288256K, used 287128K [0x00000000d5580000, 0x00000000e7a80000, 0x0000000100000000)
  eden space 278016K, 100% used [0x00000000d5580000,0x00000000e6500000,0x00000000e6500000)
  from space 10240K, 88% used [0x00000000e6f80000,0x00000000e78662c8,0x00000000e7980000)
  to   space 10752K, 0% used [0x00000000e6500000,0x00000000e6500000,0x00000000e6f80000)
 ParOldGen       total 175104K, used 80K [0x0000000080000000, 0x000000008ab00000, 0x00000000d5580000)
  object space 175104K, 0% used [0x0000000080000000,0x0000000080014010,0x000000008ab00000)
 Metaspace       used 19490K, capacity 19896K, committed 20224K, reserved 1067008K
  class space    used 2389K, capacity 2483K, committed 2560K, reserved 1048576K
2023-08-28T22:47:16.279+0600: 2.774: [GC (Allocation Failure) [PSYoungGen: 287128K->10720K(288768K)] 287208K->14266K(463872K), 0.0204689 secs] [Times: user=0.06 sys=0.01, real=0.02 secs] 
Heap after GC invocations=7 (full 0):
 PSYoungGen      total 288768K, used 10720K [0x00000000d5580000, 0x00000000f8f80000, 0x0000000100000000)
  eden space 278016K, 0% used [0x00000000d5580000,0x00000000d5580000,0x00000000e6500000)
  from space 10752K, 99% used [0x00000000e6500000,0x00000000e6f783c8,0x00000000e6f80000)
  to   space 13824K, 0% used [0x00000000f8200000,0x00000000f8200000,0x00000000f8f80000)
 ParOldGen       total 175104K, used 3545K [0x0000000080000000, 0x000000008ab00000, 0x00000000d5580000)
  object space 175104K, 2% used [0x0000000080000000,0x00000000803767e8,0x000000008ab00000)
 Metaspace       used 19490K, capacity 19896K, committed 20224K, reserved 1067008K
  class space    used 2389K, capacity 2483K, committed 2560K, reserved 1048576K
}
{Heap before GC invocations=8 (full 0):
 PSYoungGen      total 288768K, used 288736K [0x00000000d5580000, 0x00000000f8f80000, 0x0000000100000000)
  eden space 278016K, 100% used [0x00000000d5580000,0x00000000e6500000,0x00000000e6500000)
  from space 10752K, 99% used [0x00000000e6500000,0x00000000e6f783c8,0x00000000e6f80000)
  to   space 13824K, 0% used [0x00000000f8200000,0x00000000f8200000,0x00000000f8f80000)
 ParOldGen       total 175104K, used 3545K [0x0000000080000000, 0x000000008ab00000, 0x00000000d5580000)
  object space 175104K, 2% used [0x0000000080000000,0x00000000803767e8,0x000000008ab00000)
 Metaspace       used 19956K, capacity 20362K, committed 20480K, reserved 1067008K
  class space    used 2452K, capacity 2550K, committed 2560K, reserved 1048576K
2023-08-28T22:47:16.854+0600: 3.348: [GC (Allocation Failure) [PSYoungGen: 288736K->13800K(567296K)] 292282K->18489K(742400K), 0.0269884 secs] [Times: user=0.11 sys=0.02, real=0.03 secs] 
Heap after GC invocations=8 (full 0):
 PSYoungGen      total 567296K, used 13800K [0x00000000d5580000, 0x00000000f9480000, 0x0000000100000000)
  eden space 553472K, 0% used [0x00000000d5580000,0x00000000d5580000,0x00000000f7200000)
  from space 13824K, 99% used [0x00000000f8200000,0x00000000f8f7a0e8,0x00000000f8f80000)
  to   space 16384K, 0% used [0x00000000f7200000,0x00000000f7200000,0x00000000f8200000)
 ParOldGen       total 175104K, used 4689K [0x0000000080000000, 0x000000008ab00000, 0x00000000d5580000)
  object space 175104K, 2% used [0x0000000080000000,0x00000000804945e8,0x000000008ab00000)
 Metaspace       used 19956K, capacity 20362K, committed 20480K, reserved 1067008K
  class space    used 2452K, capacity 2550K, committed 2560K, reserved 1048576K
}
{Heap before GC invocations=9 (full 0):
 PSYoungGen      total 567296K, used 127348K [0x00000000d5580000, 0x00000000f9480000, 0x0000000100000000)
  eden space 553472K, 20% used [0x00000000d5580000,0x00000000dc463168,0x00000000f7200000)
  from space 13824K, 99% used [0x00000000f8200000,0x00000000f8f7a0e8,0x00000000f8f80000)
  to   space 16384K, 0% used [0x00000000f7200000,0x00000000f7200000,0x00000000f8200000)
 ParOldGen       total 175104K, used 4689K [0x0000000080000000, 0x000000008ab00000, 0x00000000d5580000)
  object space 175104K, 2% used [0x0000000080000000,0x00000000804945e8,0x000000008ab00000)
 Metaspace       used 20862K, capacity 21200K, committed 21296K, reserved 1069056K
  class space    used 2583K, capacity 2679K, committed 2688K, reserved 1048576K
2023-08-28T22:47:17.078+0600: 3.572: [GC (Metadata GC Threshold) [PSYoungGen: 127348K->11483K(569856K)] 132038K->17164K(744960K), 0.0224420 secs] [Times: user=0.08 sys=0.01, real=0.03 secs] 
Heap after GC invocations=9 (full 0):
 PSYoungGen      total 569856K, used 11483K [0x00000000d5580000, 0x0000000100000000, 0x0000000100000000)
  eden space 553472K, 0% used [0x00000000d5580000,0x00000000d5580000,0x00000000f7200000)
  from space 16384K, 70% used [0x00000000f7200000,0x00000000f7d36d20,0x00000000f8200000)
  to   space 16384K, 0% used [0x00000000ff000000,0x00000000ff000000,0x0000000100000000)
 ParOldGen       total 175104K, used 5681K [0x0000000080000000, 0x000000008ab00000, 0x00000000d5580000)
  object space 175104K, 3% used [0x0000000080000000,0x000000008058c608,0x000000008ab00000)
 Metaspace       used 20862K, capacity 21200K, committed 21296K, reserved 1069056K
  class space    used 2583K, capacity 2679K, committed 2688K, reserved 1048576K
}
{Heap before GC invocations=10 (full 1):
 PSYoungGen      total 569856K, used 11483K [0x00000000d5580000, 0x0000000100000000, 0x0000000100000000)
  eden space 553472K, 0% used [0x00000000d5580000,0x00000000d5580000,0x00000000f7200000)
  from space 16384K, 70% used [0x00000000f7200000,0x00000000f7d36d20,0x00000000f8200000)
  to   space 16384K, 0% used [0x00000000ff000000,0x00000000ff000000,0x0000000100000000)
 ParOldGen       total 175104K, used 5681K [0x0000000080000000, 0x000000008ab00000, 0x00000000d5580000)
  object space 175104K, 3% used [0x0000000080000000,0x000000008058c608,0x000000008ab00000)
 Metaspace       used 20862K, capacity 21200K, committed 21296K, reserved 1069056K
  class space    used 2583K, capacity 2679K, committed 2688K, reserved 1048576K
2023-08-28T22:47:17.100+0600: 3.595: [Full GC (Metadata GC Threshold) [PSYoungGen: 11483K->0K(569856K)] [ParOldGen: 5681K->14756K(175104K)] 17164K->14756K(744960K), [Metaspace: 20862K->20862K(1069056K)], 0.0626569 secs] [Times: user=0.17 sys=0.00, real=0.06 secs] 
Heap after GC invocations=10 (full 1):
 PSYoungGen      total 569856K, used 0K [0x00000000d5580000, 0x0000000100000000, 0x0000000100000000)
  eden space 553472K, 0% used [0x00000000d5580000,0x00000000d5580000,0x00000000f7200000)
  from space 16384K, 0% used [0x00000000f7200000,0x00000000f7200000,0x00000000f8200000)
  to   space 16384K, 0% used [0x00000000ff000000,0x00000000ff000000,0x0000000100000000)
 ParOldGen       total 175104K, used 14756K [0x0000000080000000, 0x000000008ab00000, 0x00000000d5580000)
  object space 175104K, 8% used [0x0000000080000000,0x0000000080e69370,0x000000008ab00000)
 Metaspace       used 20862K, capacity 21200K, committed 21296K, reserved 1069056K
  class space    used 2583K, capacity 2679K, committed 2688K, reserved 1048576K
}
{Heap before GC invocations=11 (full 1):
 PSYoungGen      total 569856K, used 553472K [0x00000000d5580000, 0x0000000100000000, 0x0000000100000000)
  eden space 553472K, 100% used [0x00000000d5580000,0x00000000f7200000,0x00000000f7200000)
  from space 16384K, 0% used [0x00000000f7200000,0x00000000f7200000,0x00000000f8200000)
  to   space 16384K, 0% used [0x00000000ff000000,0x00000000ff000000,0x0000000100000000)
 ParOldGen       total 175104K, used 14756K [0x0000000080000000, 0x000000008ab00000, 0x00000000d5580000)
  object space 175104K, 8% used [0x0000000080000000,0x0000000080e69370,0x000000008ab00000)
 Metaspace       used 24505K, capacity 24954K, committed 25216K, reserved 1071104K
  class space    used 3086K, capacity 3198K, committed 3200K, reserved 1048576K
2023-08-28T22:47:18.446+0600: 4.940: [GC (Allocation Failure) [PSYoungGen: 553472K->12112K(681472K)] 568228K->26877K(856576K), 0.0260329 secs] [Times: user=0.06 sys=0.01, real=0.03 secs] 
Heap after GC invocations=11 (full 1):
 PSYoungGen      total 681472K, used 12112K [0x00000000d5580000, 0x0000000100000000, 0x0000000100000000)
  eden space 665088K, 0% used [0x00000000d5580000,0x00000000d5580000,0x00000000fdf00000)
  from space 16384K, 73% used [0x00000000ff000000,0x00000000ffbd43c8,0x0000000100000000)
  to   space 16896K, 0% used [0x00000000fdf00000,0x00000000fdf00000,0x00000000fef80000)
 ParOldGen       total 175104K, used 14764K [0x0000000080000000, 0x000000008ab00000, 0x00000000d5580000)
  object space 175104K, 8% used [0x0000000080000000,0x0000000080e6b370,0x000000008ab00000)
 Metaspace       used 24505K, capacity 24954K, committed 25216K, reserved 1071104K
  class space    used 3086K, capacity 3198K, committed 3200K, reserved 1048576K
}
{Heap before GC invocations=12 (full 1):
 PSYoungGen      total 681472K, used 677200K [0x00000000d5580000, 0x0000000100000000, 0x0000000100000000)
  eden space 665088K, 100% used [0x00000000d5580000,0x00000000fdf00000,0x00000000fdf00000)
  from space 16384K, 73% used [0x00000000ff000000,0x00000000ffbd43c8,0x0000000100000000)
  to   space 16896K, 0% used [0x00000000fdf00000,0x00000000fdf00000,0x00000000fef80000)
 ParOldGen       total 175104K, used 14764K [0x0000000080000000, 0x000000008ab00000, 0x00000000d5580000)
  object space 175104K, 8% used [0x0000000080000000,0x0000000080e6b370,0x000000008ab00000)
 Metaspace       used 32395K, capacity 32880K, committed 33280K, reserved 1079296K
  class space    used 4135K, capacity 4245K, committed 4352K, reserved 1048576K
2023-08-28T22:47:20.461+0600: 6.956: [GC (Allocation Failure) [PSYoungGen: 677200K->15706K(680960K)] 691965K->33263K(856064K), 0.0276277 secs] [Times: user=0.06 sys=0.01, real=0.03 secs] 
Heap after GC invocations=12 (full 1):
 PSYoungGen      total 680960K, used 15706K [0x00000000d5580000, 0x0000000100000000, 0x0000000100000000)
  eden space 665088K, 0% used [0x00000000d5580000,0x00000000d5580000,0x00000000fdf00000)
  from space 15872K, 98% used [0x00000000fdf00000,0x00000000fee56840,0x00000000fee80000)
  to   space 17920K, 0% used [0x00000000fee80000,0x00000000fee80000,0x0000000100000000)
 ParOldGen       total 175104K, used 17557K [0x0000000080000000, 0x000000008ab00000, 0x00000000d5580000)
  object space 175104K, 10% used [0x0000000080000000,0x0000000081125420,0x000000008ab00000)
 Metaspace       used 32395K, capacity 32880K, committed 33280K, reserved 1079296K
  class space    used 4135K, capacity 4245K, committed 4352K, reserved 1048576K
}
{Heap before GC invocations=13 (full 1):
 PSYoungGen      total 680960K, used 197152K [0x00000000d5580000, 0x0000000100000000, 0x0000000100000000)
  eden space 665088K, 27% used [0x00000000d5580000,0x00000000e06b1af0,0x00000000fdf00000)
  from space 15872K, 98% used [0x00000000fdf00000,0x00000000fee56840,0x00000000fee80000)
  to   space 17920K, 0% used [0x00000000fee80000,0x00000000fee80000,0x0000000100000000)
 ParOldGen       total 175104K, used 17557K [0x0000000080000000, 0x000000008ab00000, 0x00000000d5580000)
  object space 175104K, 10% used [0x0000000080000000,0x0000000081125420,0x000000008ab00000)
 Metaspace       used 34772K, capacity 35316K, committed 35496K, reserved 1081344K
  class space    used 4451K, capacity 4577K, committed 4608K, reserved 1048576K
2023-08-28T22:47:20.901+0600: 7.396: [GC (Metadata GC Threshold) [PSYoungGen: 197152K->6887K(679936K)] 214709K->29668K(855040K), 0.0184774 secs] [Times: user=0.05 sys=0.00, real=0.02 secs] 
Heap after GC invocations=13 (full 1):
 PSYoungGen      total 679936K, used 6887K [0x00000000d5580000, 0x0000000100000000, 0x0000000100000000)
  eden space 662016K, 0% used [0x00000000d5580000,0x00000000d5580000,0x00000000fdc00000)
  from space 17920K, 38% used [0x00000000fee80000,0x00000000ff539ed8,0x0000000100000000)
  to   space 18432K, 0% used [0x00000000fdc00000,0x00000000fdc00000,0x00000000fee00000)
 ParOldGen       total 175104K, used 22781K [0x0000000080000000, 0x000000008ab00000, 0x00000000d5580000)
  object space 175104K, 13% used [0x0000000080000000,0x000000008163f470,0x000000008ab00000)
 Metaspace       used 34772K, capacity 35316K, committed 35496K, reserved 1081344K
  class space    used 4451K, capacity 4577K, committed 4608K, reserved 1048576K
}
{Heap before GC invocations=14 (full 2):
 PSYoungGen      total 679936K, used 6887K [0x00000000d5580000, 0x0000000100000000, 0x0000000100000000)
  eden space 662016K, 0% used [0x00000000d5580000,0x00000000d5580000,0x00000000fdc00000)
  from space 17920K, 38% used [0x00000000fee80000,0x00000000ff539ed8,0x0000000100000000)
  to   space 18432K, 0% used [0x00000000fdc00000,0x00000000fdc00000,0x00000000fee00000)
 ParOldGen       total 175104K, used 22781K [0x0000000080000000, 0x000000008ab00000, 0x00000000d5580000)
  object space 175104K, 13% used [0x0000000080000000,0x000000008163f470,0x000000008ab00000)
 Metaspace       used 34772K, capacity 35316K, committed 35496K, reserved 1081344K
  class space    used 4451K, capacity 4577K, committed 4608K, reserved 1048576K
2023-08-28T22:47:20.920+0600: 7.414: [Full GC (Metadata GC Threshold) [PSYoungGen: 6887K->0K(679936K)] [ParOldGen: 22781K->27464K(175104K)] 29668K->27464K(855040K), [Metaspace: 34772K->34772K(1081344K)], 0.1589904 secs] [Times: user=0.30 sys=0.00, real=0.16 secs] 
Heap after GC invocations=14 (full 2):
 PSYoungGen      total 679936K, used 0K [0x00000000d5580000, 0x0000000100000000, 0x0000000100000000)
  eden space 662016K, 0% used [0x00000000d5580000,0x00000000d5580000,0x00000000fdc00000)
  from space 17920K, 0% used [0x00000000fee80000,0x00000000fee80000,0x0000000100000000)
  to   space 18432K, 0% used [0x00000000fdc00000,0x00000000fdc00000,0x00000000fee00000)
 ParOldGen       total 175104K, used 27464K [0x0000000080000000, 0x000000008ab00000, 0x00000000d5580000)
  object space 175104K, 15% used [0x0000000080000000,0x0000000081ad20b0,0x000000008ab00000)
 Metaspace       used 34772K, capacity 35316K, committed 35496K, reserved 1081344K
  class space    used 4451K, capacity 4577K, committed 4608K, reserved 1048576K
}
{Heap before GC invocations=15 (full 2):
 PSYoungGen      total 679936K, used 662016K [0x00000000d5580000, 0x0000000100000000, 0x0000000100000000)
  eden space 662016K, 100% used [0x00000000d5580000,0x00000000fdc00000,0x00000000fdc00000)
  from space 17920K, 0% used [0x00000000fee80000,0x00000000fee80000,0x0000000100000000)
  to   space 18432K, 0% used [0x00000000fdc00000,0x00000000fdc00000,0x00000000fee00000)
 ParOldGen       total 175104K, used 27464K [0x0000000080000000, 0x000000008ab00000, 0x00000000d5580000)
  object space 175104K, 15% used [0x0000000080000000,0x0000000081ad20b0,0x000000008ab00000)
 Metaspace       used 40145K, capacity 40874K, committed 41216K, reserved 1085440K
  class space    used 5120K, capacity 5307K, committed 5376K, reserved 1048576K
2023-08-28T22:47:22.481+0600: 8.976: [GC (Allocation Failure) [PSYoungGen: 662016K->17401K(679424K)] 689480K->44873K(854528K), 0.0151811 secs] [Times: user=0.06 sys=0.00, real=0.01 secs] 
Heap after GC invocations=15 (full 2):
 PSYoungGen      total 679424K, used 17401K [0x00000000d5580000, 0x0000000100000000, 0x0000000100000000)
  eden space 662016K, 0% used [0x00000000d5580000,0x00000000d5580000,0x00000000fdc00000)
  from space 17408K, 99% used [0x00000000fdc00000,0x00000000fecfe598,0x00000000fed00000)
  to   space 19456K, 0% used [0x00000000fed00000,0x00000000fed00000,0x0000000100000000)
 ParOldGen       total 175104K, used 27472K [0x0000000080000000, 0x000000008ab00000, 0x00000000d5580000)
  object space 175104K, 15% used [0x0000000080000000,0x0000000081ad40b0,0x000000008ab00000)
 Metaspace       used 40145K, capacity 40874K, committed 41216K, reserved 1085440K
  class space    used 5120K, capacity 5307K, committed 5376K, reserved 1048576K
}
{Heap before GC invocations=16 (full 2):
 PSYoungGen      total 679424K, used 679417K [0x00000000d5580000, 0x0000000100000000, 0x0000000100000000)
  eden space 662016K, 100% used [0x00000000d5580000,0x00000000fdc00000,0x00000000fdc00000)
  from space 17408K, 99% used [0x00000000fdc00000,0x00000000fecfe598,0x00000000fed00000)
  to   space 19456K, 0% used [0x00000000fed00000,0x00000000fed00000,0x0000000100000000)
 ParOldGen       total 175104K, used 27472K [0x0000000080000000, 0x000000008ab00000, 0x00000000d5580000)
  object space 175104K, 15% used [0x0000000080000000,0x0000000081ad40b0,0x000000008ab00000)
 Metaspace       used 50018K, capacity 50924K, committed 51200K, reserved 1093632K
  class space    used 6410K, capacity 6612K, committed 6656K, reserved 1048576K
2023-08-28T22:47:24.513+0600: 11.007: [GC (Allocation Failure) [PSYoungGen: 679417K->19450K(667136K)] 706889K->55062K(842240K), 0.0351413 secs] [Times: user=0.16 sys=0.01, real=0.03 secs] 
Heap after GC invocations=16 (full 2):
 PSYoungGen      total 667136K, used 19450K [0x00000000d5580000, 0x0000000100000000, 0x0000000100000000)
  eden space 647680K, 0% used [0x00000000d5580000,0x00000000d5580000,0x00000000fce00000)
  from space 19456K, 99% used [0x00000000fed00000,0x00000000ffffea28,0x0000000100000000)
  to   space 25600K, 0% used [0x00000000fce00000,0x00000000fce00000,0x00000000fe700000)
 ParOldGen       total 175104K, used 35612K [0x0000000080000000, 0x000000008ab00000, 0x00000000d5580000)
  object space 175104K, 20% used [0x0000000080000000,0x00000000822c70f0,0x000000008ab00000)
 Metaspace       used 50018K, capacity 50924K, committed 51200K, reserved 1093632K
  class space    used 6410K, capacity 6612K, committed 6656K, reserved 1048576K
}
{Heap before GC invocations=17 (full 2):
 PSYoungGen      total 667136K, used 583105K [0x00000000d5580000, 0x0000000100000000, 0x0000000100000000)
  eden space 647680K, 87% used [0x00000000d5580000,0x00000000f7bf1d98,0x00000000fce00000)
  from space 19456K, 99% used [0x00000000fed00000,0x00000000ffffea28,0x0000000100000000)
  to   space 25600K, 0% used [0x00000000fce00000,0x00000000fce00000,0x00000000fe700000)
 ParOldGen       total 175104K, used 35612K [0x0000000080000000, 0x000000008ab00000, 0x00000000d5580000)
  object space 175104K, 20% used [0x0000000080000000,0x00000000822c70f0,0x000000008ab00000)
 Metaspace       used 58007K, capacity 58970K, committed 59136K, reserved 1099776K
  class space    used 7644K, capacity 7889K, committed 7936K, reserved 1048576K
2023-08-28T22:47:25.734+0600: 12.228: [GC (Metadata GC Threshold) [PSYoungGen: 583105K->14343K(673280K)] 618718K->55756K(848384K), 0.0275987 secs] [Times: user=0.13 sys=0.01, real=0.03 secs] 
Heap after GC invocations=17 (full 2):
 PSYoungGen      total 673280K, used 14343K [0x00000000d5580000, 0x0000000100000000, 0x0000000100000000)
  eden space 647680K, 0% used [0x00000000d5580000,0x00000000d5580000,0x00000000fce00000)
  from space 25600K, 56% used [0x00000000fce00000,0x00000000fdc01ff0,0x00000000fe700000)
  to   space 25088K, 0% used [0x00000000fe780000,0x00000000fe780000,0x0000000100000000)
 ParOldGen       total 175104K, used 41412K [0x0000000080000000, 0x000000008ab00000, 0x00000000d5580000)
  object space 175104K, 23% used [0x0000000080000000,0x0000000082871388,0x000000008ab00000)
 Metaspace       used 58007K, capacity 58970K, committed 59136K, reserved 1099776K
  class space    used 7644K, capacity 7889K, committed 7936K, reserved 1048576K
}
{Heap before GC invocations=18 (full 3):
 PSYoungGen      total 673280K, used 14343K [0x00000000d5580000, 0x0000000100000000, 0x0000000100000000)
  eden space 647680K, 0% used [0x00000000d5580000,0x00000000d5580000,0x00000000fce00000)
  from space 25600K, 56% used [0x00000000fce00000,0x00000000fdc01ff0,0x00000000fe700000)
  to   space 25088K, 0% used [0x00000000fe780000,0x00000000fe780000,0x0000000100000000)
 ParOldGen       total 175104K, used 41412K [0x0000000080000000, 0x000000008ab00000, 0x00000000d5580000)
  object space 175104K, 23% used [0x0000000080000000,0x0000000082871388,0x000000008ab00000)
 Metaspace       used 58007K, capacity 58970K, committed 59136K, reserved 1099776K
  class space    used 7644K, capacity 7889K, committed 7936K, reserved 1048576K
2023-08-28T22:47:25.761+0600: 12.256: [Full GC (Metadata GC Threshold) [PSYoungGen: 14343K->0K(673280K)] [ParOldGen: 41412K->46652K(214528K)] 55756K->46652K(887808K), [Metaspace: 58007K->58007K(1099776K)], 0.2258705 secs] [Times: user=1.03 sys=0.03, real=0.22 secs] 
Heap after GC invocations=18 (full 3):
 PSYoungGen      total 673280K, used 0K [0x00000000d5580000, 0x0000000100000000, 0x0000000100000000)
  eden space 647680K, 0% used [0x00000000d5580000,0x00000000d5580000,0x00000000fce00000)
  from space 25600K, 0% used [0x00000000fce00000,0x00000000fce00000,0x00000000fe700000)
  to   space 25088K, 0% used [0x00000000fe780000,0x00000000fe780000,0x0000000100000000)
 ParOldGen       total 214528K, used 46652K [0x0000000080000000, 0x000000008d180000, 0x00000000d5580000)
  object space 214528K, 21% used [0x0000000080000000,0x0000000082d8f248,0x000000008d180000)
 Metaspace       used 58007K, capacity 58970K, committed 59136K, reserved 1099776K
  class space    used 7644K, capacity 7889K, committed 7936K, reserved 1048576K
}
{Heap before GC invocations=19 (full 3):
 PSYoungGen      total 673280K, used 647680K [0x00000000d5580000, 0x0000000100000000, 0x0000000100000000)
  eden space 647680K, 100% used [0x00000000d5580000,0x00000000fce00000,0x00000000fce00000)
  from space 25600K, 0% used [0x00000000fce00000,0x00000000fce00000,0x00000000fe700000)
  to   space 25088K, 0% used [0x00000000fe780000,0x00000000fe780000,0x0000000100000000)
 ParOldGen       total 214528K, used 46652K [0x0000000080000000, 0x000000008d180000, 0x00000000d5580000)
  object space 214528K, 21% used [0x0000000080000000,0x0000000082d8f248,0x000000008d180000)
 Metaspace       used 65524K, capacity 66568K, committed 66688K, reserved 1107968K
  class space    used 8573K, capacity 8814K, committed 8832K, reserved 1048576K
2023-08-28T22:47:28.746+0600: 15.240: [GC (Allocation Failure) [PSYoungGen: 647680K->16839K(672768K)] 694332K->63500K(887296K), 0.0215547 secs] [Times: user=0.06 sys=0.00, real=0.02 secs] 
Heap after GC invocations=19 (full 3):
 PSYoungGen      total 672768K, used 16839K [0x00000000d5580000, 0x0000000100000000, 0x0000000100000000)
  eden space 647680K, 0% used [0x00000000d5580000,0x00000000d5580000,0x00000000fce00000)
  from space 25088K, 67% used [0x00000000fe780000,0x00000000ff7f1de0,0x0000000100000000)
  to   space 25600K, 0% used [0x00000000fce00000,0x00000000fce00000,0x00000000fe700000)
 ParOldGen       total 214528K, used 46660K [0x0000000080000000, 0x000000008d180000, 0x00000000d5580000)
  object space 214528K, 21% used [0x0000000080000000,0x0000000082d91248,0x000000008d180000)
 Metaspace       used 65524K, capacity 66568K, committed 66688K, reserved 1107968K
  class space    used 8573K, capacity 8814K, committed 8832K, reserved 1048576K
}
{Heap before GC invocations=20 (full 3):
 PSYoungGen      total 672768K, used 664519K [0x00000000d5580000, 0x0000000100000000, 0x0000000100000000)
  eden space 647680K, 100% used [0x00000000d5580000,0x00000000fce00000,0x00000000fce00000)
  from space 25088K, 67% used [0x00000000fe780000,0x00000000ff7f1de0,0x0000000100000000)
  to   space 25600K, 0% used [0x00000000fce00000,0x00000000fce00000,0x00000000fe700000)
 ParOldGen       total 214528K, used 46660K [0x0000000080000000, 0x000000008d180000, 0x00000000d5580000)
  object space 214528K, 21% used [0x0000000080000000,0x0000000082d91248,0x000000008d180000)
 Metaspace       used 68490K, capacity 69678K, committed 69888K, reserved 1110016K
  class space    used 8939K, capacity 9199K, committed 9216K, reserved 1048576K
2023-08-28T22:47:30.268+0600: 16.763: [GC (Allocation Failure) [PSYoungGen: 664519K->25576K(673280K)] 711180K->74961K(887808K), 0.0308030 secs] [Times: user=0.11 sys=0.01, real=0.03 secs] 
Heap after GC invocations=20 (full 3):
 PSYoungGen      total 673280K, used 25576K [0x00000000d5580000, 0x0000000100000000, 0x0000000100000000)
  eden space 647680K, 0% used [0x00000000d5580000,0x00000000d5580000,0x00000000fce00000)
  from space 25600K, 99% used [0x00000000fce00000,0x00000000fe6fa140,0x00000000fe700000)
  to   space 25600K, 0% used [0x00000000fe700000,0x00000000fe700000,0x0000000100000000)
 ParOldGen       total 214528K, used 49384K [0x0000000080000000, 0x000000008d180000, 0x00000000d5580000)
  object space 214528K, 23% used [0x0000000080000000,0x000000008303a3a8,0x000000008d180000)
 Metaspace       used 68490K, capacity 69678K, committed 69888K, reserved 1110016K
  class space    used 8939K, capacity 9199K, committed 9216K, reserved 1048576K
}
{Heap before GC invocations=21 (full 3):
 PSYoungGen      total 673280K, used 673256K [0x00000000d5580000, 0x0000000100000000, 0x0000000100000000)
  eden space 647680K, 100% used [0x00000000d5580000,0x00000000fce00000,0x00000000fce00000)
  from space 25600K, 99% used [0x00000000fce00000,0x00000000fe6fa140,0x00000000fe700000)
  to   space 25600K, 0% used [0x00000000fe700000,0x00000000fe700000,0x0000000100000000)
 ParOldGen       total 214528K, used 49384K [0x0000000080000000, 0x000000008d180000, 0x00000000d5580000)
  object space 214528K, 23% used [0x0000000080000000,0x000000008303a3a8,0x000000008d180000)
 Metaspace       used 71269K, capacity 72478K, committed 72576K, reserved 1112064K
  class space    used 9273K, capacity 9537K, committed 9600K, reserved 1048576K
2023-08-28T22:47:31.703+0600: 18.198: [GC (Allocation Failure) [PSYoungGen: 673256K->19464K(664064K)] 722641K->81635K(878592K), 0.0429183 secs] [Times: user=0.11 sys=0.01, real=0.04 secs] 
Heap after GC invocations=21 (full 3):
 PSYoungGen      total 664064K, used 19464K [0x00000000d5580000, 0x0000000100000000, 0x0000000100000000)
  eden space 638464K, 0% used [0x00000000d5580000,0x00000000d5580000,0x00000000fc500000)
  from space 25600K, 76% used [0x00000000fe700000,0x00000000ffa020d0,0x0000000100000000)
  to   space 30208K, 0% used [0x00000000fc500000,0x00000000fc500000,0x00000000fe280000)
 ParOldGen       total 214528K, used 62171K [0x0000000080000000, 0x000000008d180000, 0x00000000d5580000)
  object space 214528K, 28% used [0x0000000080000000,0x0000000083cb6df8,0x000000008d180000)
 Metaspace       used 71269K, capacity 72478K, committed 72576K, reserved 1112064K
  class space    used 9273K, capacity 9537K, committed 9600K, reserved 1048576K
}
{Heap before GC invocations=22 (full 3):
 PSYoungGen      total 664064K, used 657928K [0x00000000d5580000, 0x0000000100000000, 0x0000000100000000)
  eden space 638464K, 100% used [0x00000000d5580000,0x00000000fc500000,0x00000000fc500000)
  from space 25600K, 76% used [0x00000000fe700000,0x00000000ffa020d0,0x0000000100000000)
  to   space 30208K, 0% used [0x00000000fc500000,0x00000000fc500000,0x00000000fe280000)
 ParOldGen       total 214528K, used 62171K [0x0000000080000000, 0x000000008d180000, 0x00000000d5580000)
  object space 214528K, 28% used [0x0000000080000000,0x0000000083cb6df8,0x000000008d180000)
 Metaspace       used 72082K, capacity 73300K, committed 73472K, reserved 1114112K
  class space    used 9399K, capacity 9678K, committed 9728K, reserved 1048576K
2023-08-28T22:47:32.656+0600: 19.150: [GC (Allocation Failure) [PSYoungGen: 657928K->18099K(668672K)] 720099K->80279K(883200K), 0.0229768 secs] [Times: user=0.10 sys=0.00, real=0.03 secs] 
Heap after GC invocations=22 (full 3):
 PSYoungGen      total 668672K, used 18099K [0x00000000d5580000, 0x0000000100000000, 0x0000000100000000)
  eden space 638464K, 0% used [0x00000000d5580000,0x00000000d5580000,0x00000000fc500000)
  from space 30208K, 59% used [0x00000000fc500000,0x00000000fd6ace40,0x00000000fe280000)
  to   space 29696K, 0% used [0x00000000fe300000,0x00000000fe300000,0x0000000100000000)
 ParOldGen       total 214528K, used 62179K [0x0000000080000000, 0x000000008d180000, 0x00000000d5580000)
  object space 214528K, 28% used [0x0000000080000000,0x0000000083cb8df8,0x000000008d180000)
 Metaspace       used 72082K, capacity 73300K, committed 73472K, reserved 1114112K
  class space    used 9399K, capacity 9678K, committed 9728K, reserved 1048576K
}
{Heap before GC invocations=23 (full 3):
 PSYoungGen      total 668672K, used 656563K [0x00000000d5580000, 0x0000000100000000, 0x0000000100000000)
  eden space 638464K, 100% used [0x00000000d5580000,0x00000000fc500000,0x00000000fc500000)
  from space 30208K, 59% used [0x00000000fc500000,0x00000000fd6ace40,0x00000000fe280000)
  to   space 29696K, 0% used [0x00000000fe300000,0x00000000fe300000,0x0000000100000000)
 ParOldGen       total 214528K, used 62179K [0x0000000080000000, 0x000000008d180000, 0x00000000d5580000)
  object space 214528K, 28% used [0x0000000080000000,0x0000000083cb8df8,0x000000008d180000)
 Metaspace       used 73675K, capacity 75004K, committed 75264K, reserved 1114112K
  class space    used 9635K, capacity 9886K, committed 9984K, reserved 1048576K
2023-08-28T22:47:33.765+0600: 20.259: [GC (Allocation Failure) [PSYoungGen: 656563K->22723K(666112K)] 718743K->84910K(880640K), 0.0344363 secs] [Times: user=0.11 sys=0.00, real=0.04 secs] 
Heap after GC invocations=23 (full 3):
 PSYoungGen      total 666112K, used 22723K [0x00000000d5580000, 0x0000000100000000, 0x0000000100000000)
  eden space 636416K, 0% used [0x00000000d5580000,0x00000000d5580000,0x00000000fc300000)
  from space 29696K, 76% used [0x00000000fe300000,0x00000000ff930d58,0x0000000100000000)
  to   space 31232K, 0% used [0x00000000fc300000,0x00000000fc300000,0x00000000fe180000)
 ParOldGen       total 214528K, used 62187K [0x0000000080000000, 0x000000008d180000, 0x00000000d5580000)
  object space 214528K, 28% used [0x0000000080000000,0x0000000083cbadf8,0x000000008d180000)
 Metaspace       used 73675K, capacity 75004K, committed 75264K, reserved 1114112K
  class space    used 9635K, capacity 9886K, committed 9984K, reserved 1048576K
}
{Heap before GC invocations=24 (full 3):
 PSYoungGen      total 666112K, used 659139K [0x00000000d5580000, 0x0000000100000000, 0x0000000100000000)
  eden space 636416K, 100% used [0x00000000d5580000,0x00000000fc300000,0x00000000fc300000)
  from space 29696K, 76% used [0x00000000fe300000,0x00000000ff930d58,0x0000000100000000)
  to   space 31232K, 0% used [0x00000000fc300000,0x00000000fc300000,0x00000000fe180000)
 ParOldGen       total 214528K, used 62187K [0x0000000080000000, 0x000000008d180000, 0x00000000d5580000)
  object space 214528K, 28% used [0x0000000080000000,0x0000000083cbadf8,0x000000008d180000)
 Metaspace       used 75191K, capacity 76656K, committed 76672K, reserved 1116160K
  class space    used 9820K, capacity 10108K, committed 10112K, reserved 1048576K
2023-08-28T22:47:34.920+0600: 21.414: [GC (Allocation Failure) [PSYoungGen: 659139K->23257K(659968K)] 721326K->85453K(874496K), 0.0313919 secs] [Times: user=0.13 sys=0.00, real=0.03 secs] 
Heap after GC invocations=24 (full 3):
 PSYoungGen      total 659968K, used 23257K [0x00000000d5580000, 0x0000000100000000, 0x0000000100000000)
  eden space 636416K, 0% used [0x00000000d5580000,0x00000000d5580000,0x00000000fc300000)
  from space 23552K, 98% used [0x00000000fc300000,0x00000000fd9b67b8,0x00000000fda00000)
  to   space 32256K, 0% used [0x00000000fe080000,0x00000000fe080000,0x0000000100000000)
 ParOldGen       total 214528K, used 62195K [0x0000000080000000, 0x000000008d180000, 0x00000000d5580000)
  object space 214528K, 28% used [0x0000000080000000,0x0000000083cbcdf8,0x000000008d180000)
 Metaspace       used 75191K, capacity 76656K, committed 76672K, reserved 1116160K
  class space    used 9820K, capacity 10108K, committed 10112K, reserved 1048576K
}
{Heap before GC invocations=25 (full 3):
 PSYoungGen      total 659968K, used 659673K [0x00000000d5580000, 0x0000000100000000, 0x0000000100000000)
  eden space 636416K, 100% used [0x00000000d5580000,0x00000000fc300000,0x00000000fc300000)
  from space 23552K, 98% used [0x00000000fc300000,0x00000000fd9b67b8,0x00000000fda00000)
  to   space 32256K, 0% used [0x00000000fe080000,0x00000000fe080000,0x0000000100000000)
 ParOldGen       total 214528K, used 62195K [0x0000000080000000, 0x000000008d180000, 0x00000000d5580000)
  object space 214528K, 28% used [0x0000000080000000,0x0000000083cbcdf8,0x000000008d180000)
 Metaspace       used 83924K, capacity 85578K, committed 85760K, reserved 1124352K
  class space    used 10839K, capacity 11175K, committed 11264K, reserved 1048576K
2023-08-28T23:13:06.377+0600: 1552.871: [GC (Allocation Failure) [PSYoungGen: 659673K->26173K(662528K)] 721869K->88376K(877056K), 0.0473473 secs] [Times: user=0.08 sys=0.00, real=0.05 secs] 
Heap after GC invocations=25 (full 3):
 PSYoungGen      total 662528K, used 26173K [0x00000000d5580000, 0x0000000100000000, 0x0000000100000000)
  eden space 630272K, 0% used [0x00000000d5580000,0x00000000d5580000,0x00000000fbd00000)
  from space 32256K, 81% used [0x00000000fe080000,0x00000000ffa0f5f0,0x0000000100000000)
  to   space 34304K, 0% used [0x00000000fbd00000,0x00000000fbd00000,0x00000000fde80000)
 ParOldGen       total 214528K, used 62203K [0x0000000080000000, 0x000000008d180000, 0x00000000d5580000)
  object space 214528K, 28% used [0x0000000080000000,0x0000000083cbedf8,0x000000008d180000)
 Metaspace       used 83924K, capacity 85578K, committed 85760K, reserved 1124352K
  class space    used 10839K, capacity 11175K, committed 11264K, reserved 1048576K
}
{Heap before GC invocations=26 (full 3):
 PSYoungGen      total 662528K, used 656445K [0x00000000d5580000, 0x0000000100000000, 0x0000000100000000)
  eden space 630272K, 100% used [0x00000000d5580000,0x00000000fbd00000,0x00000000fbd00000)
  from space 32256K, 81% used [0x00000000fe080000,0x00000000ffa0f5f0,0x0000000100000000)
  to   space 34304K, 0% used [0x00000000fbd00000,0x00000000fbd00000,0x00000000fde80000)
 ParOldGen       total 214528K, used 62203K [0x0000000080000000, 0x000000008d180000, 0x00000000d5580000)
  object space 214528K, 28% used [0x0000000080000000,0x0000000083cbedf8,0x000000008d180000)
 Metaspace       used 85923K, capacity 87950K, committed 88192K, reserved 1126400K
  class space    used 10932K, capacity 11301K, committed 11392K, reserved 1048576K
2023-08-29T05:12:42.010+0600: 23128.505: [GC (Allocation Failure) [PSYoungGen: 656445K->31757K(662528K)] 718648K->93969K(877056K), 0.0552629 secs] [Times: user=0.10 sys=0.00, real=0.05 secs] 
Heap after GC invocations=26 (full 3):
 PSYoungGen      total 662528K, used 31757K [0x00000000d5580000, 0x0000000100000000, 0x0000000100000000)
  eden space 630272K, 0% used [0x00000000d5580000,0x00000000d5580000,0x00000000fbd00000)
  from space 32256K, 98% used [0x00000000fbd00000,0x00000000fdc03780,0x00000000fdc80000)
  to   space 36352K, 0% used [0x00000000fdc80000,0x00000000fdc80000,0x0000000100000000)
 ParOldGen       total 214528K, used 62211K [0x0000000080000000, 0x000000008d180000, 0x00000000d5580000)
  object space 214528K, 28% used [0x0000000080000000,0x0000000083cc0df8,0x000000008d180000)
 Metaspace       used 85923K, capacity 87950K, committed 88192K, reserved 1126400K
  class space    used 10932K, capacity 11301K, committed 11392K, reserved 1048576K
}
{Heap before GC invocations=27 (full 3):
 PSYoungGen      total 662528K, used 662029K [0x00000000d5580000, 0x0000000100000000, 0x0000000100000000)
  eden space 630272K, 100% used [0x00000000d5580000,0x00000000fbd00000,0x00000000fbd00000)
  from space 32256K, 98% used [0x00000000fbd00000,0x00000000fdc03780,0x00000000fdc80000)
  to   space 36352K, 0% used [0x00000000fdc80000,0x00000000fdc80000,0x0000000100000000)
 ParOldGen       total 214528K, used 62211K [0x0000000080000000, 0x000000008d180000, 0x00000000d5580000)
  object space 214528K, 28% used [0x0000000080000000,0x0000000083cc0df8,0x000000008d180000)
 Metaspace       used 88088K, capacity 90264K, committed 90368K, reserved 1128448K
  class space    used 11089K, capacity 11462K, committed 11520K, reserved 1048576K
2023-08-29T10:56:36.058+0600: 43762.553: [GC (Allocation Failure) [PSYoungGen: 662029K->29414K(655360K)] 724241K->91634K(869888K), 0.0585911 secs] [Times: user=0.11 sys=0.00, real=0.06 secs] 
Heap after GC invocations=27 (full 3):
 PSYoungGen      total 655360K, used 29414K [0x00000000d5580000, 0x0000000100000000, 0x0000000100000000)
  eden space 619008K, 0% used [0x00000000d5580000,0x00000000d5580000,0x00000000fb200000)
  from space 36352K, 80% used [0x00000000fdc80000,0x00000000ff939be8,0x0000000100000000)
  to   space 39936K, 0% used [0x00000000fb200000,0x00000000fb200000,0x00000000fd900000)
 ParOldGen       total 214528K, used 62219K [0x0000000080000000, 0x000000008d180000, 0x00000000d5580000)
  object space 214528K, 29% used [0x0000000080000000,0x0000000083cc2df8,0x000000008d180000)
 Metaspace       used 88088K, capacity 90264K, committed 90368K, reserved 1128448K
  class space    used 11089K, capacity 11462K, committed 11520K, reserved 1048576K
}
{Heap before GC invocations=28 (full 3):
 PSYoungGen      total 655360K, used 648422K [0x00000000d5580000, 0x0000000100000000, 0x0000000100000000)
  eden space 619008K, 100% used [0x00000000d5580000,0x00000000fb200000,0x00000000fb200000)
  from space 36352K, 80% used [0x00000000fdc80000,0x00000000ff939be8,0x0000000100000000)
  to   space 39936K, 0% used [0x00000000fb200000,0x00000000fb200000,0x00000000fd900000)
 ParOldGen       total 214528K, used 62219K [0x0000000080000000, 0x000000008d180000, 0x00000000d5580000)
  object space 214528K, 29% used [0x0000000080000000,0x0000000083cc2df8,0x000000008d180000)
 Metaspace       used 90385K, capacity 92690K, committed 92800K, reserved 1130496K
  class space    used 11139K, capacity 11551K, committed 11648K, reserved 1048576K
2023-08-29T13:27:49.952+0600: 52836.446: [GC (Allocation Failure) [PSYoungGen: 648422K->39919K(634368K)] 710642K->106383K(848896K), 0.0710542 secs] [Times: user=0.11 sys=0.00, real=0.07 secs] 
Heap after GC invocations=28 (full 3):
 PSYoungGen      total 634368K, used 39919K [0x00000000d5580000, 0x00000000ff500000, 0x0000000100000000)
  eden space 594432K, 0% used [0x00000000d5580000,0x00000000d5580000,0x00000000f9a00000)
  from space 39936K, 99% used [0x00000000fb200000,0x00000000fd8fbf60,0x00000000fd900000)
  to   space 28672K, 0% used [0x00000000fd900000,0x00000000fd900000,0x00000000ff500000)
 ParOldGen       total 214528K, used 66463K [0x0000000080000000, 0x000000008d180000, 0x00000000d5580000)
  object space 214528K, 30% used [0x0000000080000000,0x00000000840e7e28,0x000000008d180000)
 Metaspace       used 90385K, capacity 92690K, committed 92800K, reserved 1130496K
  class space    used 11139K, capacity 11551K, committed 11648K, reserved 1048576K
}
{Heap before GC invocations=29 (full 3):
 PSYoungGen      total 634368K, used 634351K [0x00000000d5580000, 0x00000000ff500000, 0x0000000100000000)
  eden space 594432K, 100% used [0x00000000d5580000,0x00000000f9a00000,0x00000000f9a00000)
  from space 39936K, 99% used [0x00000000fb200000,0x00000000fd8fbf60,0x00000000fd900000)
  to   space 28672K, 0% used [0x00000000fd900000,0x00000000fd900000,0x00000000ff500000)
 ParOldGen       total 214528K, used 66463K [0x0000000080000000, 0x000000008d180000, 0x00000000d5580000)
  object space 214528K, 30% used [0x0000000080000000,0x00000000840e7e28,0x000000008d180000)
 Metaspace       used 91529K, capacity 93878K, committed 94080K, reserved 1132544K
  class space    used 11150K, capacity 11557K, committed 11648K, reserved 1048576K
2023-08-29T16:57:58.138+0600: 65444.632: [GC (Allocation Failure) [PSYoungGen: 634351K->28668K(600064K)] 700815K->113120K(814592K), 0.0804314 secs] [Times: user=0.12 sys=0.00, real=0.09 secs] 
Heap after GC invocations=29 (full 3):
 PSYoungGen      total 600064K, used 28668K [0x00000000d5580000, 0x00000000ff500000, 0x0000000100000000)
  eden space 571392K, 0% used [0x00000000d5580000,0x00000000d5580000,0x00000000f8380000)
  from space 28672K, 99% used [0x00000000fd900000,0x00000000ff4ff078,0x00000000ff500000)
  to   space 53248K, 0% used [0x00000000f8d00000,0x00000000f8d00000,0x00000000fc100000)
 ParOldGen       total 214528K, used 84452K [0x0000000080000000, 0x000000008d180000, 0x00000000d5580000)
  object space 214528K, 39% used [0x0000000080000000,0x00000000852791e8,0x000000008d180000)
 Metaspace       used 91529K, capacity 93878K, committed 94080K, reserved 1132544K
  class space    used 11150K, capacity 11557K, committed 11648K, reserved 1048576K
}
{Heap before GC invocations=30 (full 3):
 PSYoungGen      total 600064K, used 600060K [0x00000000d5580000, 0x00000000ff500000, 0x0000000100000000)
  eden space 571392K, 100% used [0x00000000d5580000,0x00000000f8380000,0x00000000f8380000)
  from space 28672K, 99% used [0x00000000fd900000,0x00000000ff4ff078,0x00000000ff500000)
  to   space 53248K, 0% used [0x00000000f8d00000,0x00000000f8d00000,0x00000000fc100000)
 ParOldGen       total 214528K, used 84452K [0x0000000080000000, 0x000000008d180000, 0x00000000d5580000)
  object space 214528K, 39% used [0x0000000080000000,0x00000000852791e8,0x000000008d180000)
 Metaspace       used 92060K, capacity 94394K, committed 94592K, reserved 1132544K
  class space    used 11177K, capacity 11595K, committed 11648K, reserved 1048576K
2023-08-29T21:58:23.095+0600: 83469.589: [GC (Allocation Failure) [PSYoungGen: 600060K->29116K(578560K)] 684512K->119392K(793088K), 0.0703774 secs] [Times: user=0.10 sys=0.00, real=0.07 secs] 
Heap after GC invocations=30 (full 3):
 PSYoungGen      total 578560K, used 29116K [0x00000000d5580000, 0x00000000fd980000, 0x0000000100000000)
  eden space 549376K, 0% used [0x00000000d5580000,0x00000000d5580000,0x00000000f6e00000)
  from space 29184K, 99% used [0x00000000f8d00000,0x00000000fa96f150,0x00000000fa980000)
  to   space 49152K, 0% used [0x00000000fa980000,0x00000000fa980000,0x00000000fd980000)
 ParOldGen       total 214528K, used 90276K [0x0000000080000000, 0x000000008d180000, 0x00000000d5580000)
  object space 214528K, 42% used [0x0000000080000000,0x0000000085829138,0x000000008d180000)
 Metaspace       used 92060K, capacity 94394K, committed 94592K, reserved 1132544K
  class space    used 11177K, capacity 11595K, committed 11648K, reserved 1048576K
}
{Heap before GC invocations=31 (full 3):
 PSYoungGen      total 578560K, used 578492K [0x00000000d5580000, 0x00000000fd980000, 0x0000000100000000)
  eden space 549376K, 100% used [0x00000000d5580000,0x00000000f6e00000,0x00000000f6e00000)
  from space 29184K, 99% used [0x00000000f8d00000,0x00000000fa96f150,0x00000000fa980000)
  to   space 49152K, 0% used [0x00000000fa980000,0x00000000fa980000,0x00000000fd980000)
 ParOldGen       total 214528K, used 90276K [0x0000000080000000, 0x000000008d180000, 0x00000000d5580000)
  object space 214528K, 42% used [0x0000000080000000,0x0000000085829138,0x000000008d180000)
 Metaspace       used 92064K, capacity 94394K, committed 94592K, reserved 1132544K
  class space    used 11177K, capacity 11595K, committed 11648K, reserved 1048576K
2023-08-30T05:06:09.505+0600: 109135.999: [GC (Allocation Failure) [PSYoungGen: 578492K->14316K(548864K)] 668768K->104593K(763392K), 0.0455188 secs] [Times: user=0.07 sys=0.00, real=0.05 secs] 
Heap after GC invocations=31 (full 3):
 PSYoungGen      total 548864K, used 14316K [0x00000000d5580000, 0x00000000fbd80000, 0x0000000100000000)
  eden space 528384K, 0% used [0x00000000d5580000,0x00000000d5580000,0x00000000f5980000)
  from space 20480K, 69% used [0x00000000fa980000,0x00000000fb77b378,0x00000000fbd80000)
  to   space 51200K, 0% used [0x00000000f5980000,0x00000000f5980000,0x00000000f8b80000)
 ParOldGen       total 214528K, used 90276K [0x0000000080000000, 0x000000008d180000, 0x00000000d5580000)
  object space 214528K, 42% used [0x0000000080000000,0x0000000085829138,0x000000008d180000)
 Metaspace       used 92064K, capacity 94394K, committed 94592K, reserved 1132544K
  class space    used 11177K, capacity 11595K, committed 11648K, reserved 1048576K
}
{Heap before GC invocations=32 (full 3):
 PSYoungGen      total 548864K, used 542700K [0x00000000d5580000, 0x00000000fbd80000, 0x0000000100000000)
  eden space 528384K, 100% used [0x00000000d5580000,0x00000000f5980000,0x00000000f5980000)
  from space 20480K, 69% used [0x00000000fa980000,0x00000000fb77b378,0x00000000fbd80000)
  to   space 51200K, 0% used [0x00000000f5980000,0x00000000f5980000,0x00000000f8b80000)
 ParOldGen       total 214528K, used 90276K [0x0000000080000000, 0x000000008d180000, 0x00000000d5580000)
  object space 214528K, 42% used [0x0000000080000000,0x0000000085829138,0x000000008d180000)
 Metaspace       used 92132K, capacity 94494K, committed 94592K, reserved 1132544K
  class space    used 11180K, capacity 11601K, committed 11648K, reserved 1048576K
2023-08-30T11:06:13.463+0600: 130739.957: [GC (Allocation Failure) [PSYoungGen: 542700K->20555K(529408K)] 632977K->110839K(743936K), 0.0436200 secs] [Times: user=0.07 sys=0.00, real=0.04 secs] 
Heap after GC invocations=32 (full 3):
 PSYoungGen      total 529408K, used 20555K [0x00000000d5580000, 0x00000000faa00000, 0x0000000100000000)
  eden space 508416K, 0% used [0x00000000d5580000,0x00000000d5580000,0x00000000f4600000)
  from space 20992K, 97% used [0x00000000f5980000,0x00000000f6d92dd8,0x00000000f6e00000)
  to   space 49152K, 0% used [0x00000000f7a00000,0x00000000f7a00000,0x00000000faa00000)
 ParOldGen       total 214528K, used 90284K [0x0000000080000000, 0x000000008d180000, 0x00000000d5580000)
  object space 214528K, 42% used [0x0000000080000000,0x000000008582b138,0x000000008d180000)
 Metaspace       used 92132K, capacity 94494K, committed 94592K, reserved 1132544K
  class space    used 11180K, capacity 11601K, committed 11648K, reserved 1048576K
}
{Heap before GC invocations=33 (full 3):
 PSYoungGen      total 529408K, used 528967K [0x00000000d5580000, 0x00000000faa00000, 0x0000000100000000)
  eden space 508416K, 99% used [0x00000000d5580000,0x00000000f45fefa8,0x00000000f4600000)
  from space 20992K, 97% used [0x00000000f5980000,0x00000000f6d92dd8,0x00000000f6e00000)
  to   space 49152K, 0% used [0x00000000f7a00000,0x00000000f7a00000,0x00000000faa00000)
 ParOldGen       total 214528K, used 90284K [0x0000000080000000, 0x000000008d180000, 0x00000000d5580000)
  object space 214528K, 42% used [0x0000000080000000,0x000000008582b138,0x000000008d180000)
 Metaspace       used 92614K, capacity 95058K, committed 95104K, reserved 1132544K
  class space    used 11197K, capacity 11631K, committed 11648K, reserved 1048576K
2023-08-30T13:49:57.035+0600: 140563.530: [GC (Allocation Failure) [PSYoungGen: 528967K->33124K(522752K)] 619251K->123417K(737280K), 0.0535112 secs] [Times: user=0.08 sys=0.00, real=0.06 secs] 
Heap after GC invocations=33 (full 3):
 PSYoungGen      total 522752K, used 33124K [0x00000000d5580000, 0x00000000f9a80000, 0x0000000100000000)
  eden space 489472K, 0% used [0x00000000d5580000,0x00000000d5580000,0x00000000f3380000)
  from space 33280K, 99% used [0x00000000f7a00000,0x00000000f9a59340,0x00000000f9a80000)
  to   space 50176K, 0% used [0x00000000f3880000,0x00000000f3880000,0x00000000f6980000)
 ParOldGen       total 214528K, used 90292K [0x0000000080000000, 0x000000008d180000, 0x00000000d5580000)
  object space 214528K, 42% used [0x0000000080000000,0x000000008582d138,0x000000008d180000)
 Metaspace       used 92614K, capacity 95058K, committed 95104K, reserved 1132544K
  class space    used 11197K, capacity 11631K, committed 11648K, reserved 1048576K
}
{Heap before GC invocations=34 (full 3):
 PSYoungGen      total 522752K, used 522596K [0x00000000d5580000, 0x00000000f9a80000, 0x0000000100000000)
  eden space 489472K, 100% used [0x00000000d5580000,0x00000000f3380000,0x00000000f3380000)
  from space 33280K, 99% used [0x00000000f7a00000,0x00000000f9a59340,0x00000000f9a80000)
  to   space 50176K, 0% used [0x00000000f3880000,0x00000000f3880000,0x00000000f6980000)
 ParOldGen       total 214528K, used 90292K [0x0000000080000000, 0x000000008d180000, 0x00000000d5580000)
  object space 214528K, 42% used [0x0000000080000000,0x000000008582d138,0x000000008d180000)
 Metaspace       used 92835K, capacity 95198K, committed 95360K, reserved 1132544K
  class space    used 11206K, capacity 11633K, committed 11648K, reserved 1048576K
2023-08-30T16:59:27.069+0600: 151933.564: [GC (Allocation Failure) [PSYoungGen: 522596K->29652K(500736K)] 612889K->119952K(715264K), 0.0535946 secs] [Times: user=0.08 sys=0.00, real=0.05 secs] 
Heap after GC invocations=34 (full 3):
 PSYoungGen      total 500736K, used 29652K [0x00000000d5580000, 0x00000000f8280000, 0x0000000100000000)
  eden space 471040K, 0% used [0x00000000d5580000,0x00000000d5580000,0x00000000f2180000)
  from space 29696K, 99% used [0x00000000f3880000,0x00000000f5575150,0x00000000f5580000)
  to   space 46080K, 0% used [0x00000000f5580000,0x00000000f5580000,0x00000000f8280000)
 ParOldGen       total 214528K, used 90300K [0x0000000080000000, 0x000000008d180000, 0x00000000d5580000)
  object space 214528K, 42% used [0x0000000080000000,0x000000008582f138,0x000000008d180000)
 Metaspace       used 92835K, capacity 95198K, committed 95360K, reserved 1132544K
  class space    used 11206K, capacity 11633K, committed 11648K, reserved 1048576K
}
{Heap before GC invocations=35 (full 3):
 PSYoungGen      total 500736K, used 500692K [0x00000000d5580000, 0x00000000f8280000, 0x0000000100000000)
  eden space 471040K, 100% used [0x00000000d5580000,0x00000000f2180000,0x00000000f2180000)
  from space 29696K, 99% used [0x00000000f3880000,0x00000000f5575150,0x00000000f5580000)
  to   space 46080K, 0% used [0x00000000f5580000,0x00000000f5580000,0x00000000f8280000)
 ParOldGen       total 214528K, used 90300K [0x0000000080000000, 0x000000008d180000, 0x00000000d5580000)
  object space 214528K, 42% used [0x0000000080000000,0x000000008582f138,0x000000008d180000)
 Metaspace       used 93077K, capacity 95552K, committed 95744K, reserved 1132544K
  class space    used 11227K, capacity 11676K, committed 11776K, reserved 1048576K
2023-08-30T20:25:16.937+0600: 164283.431: [GC (Allocation Failure) [PSYoungGen: 500692K->29509K(483328K)] 590992K->119818K(697856K), 0.0515366 secs] [Times: user=0.09 sys=0.00, real=0.05 secs] 
Heap after GC invocations=35 (full 3):
 PSYoungGen      total 483328K, used 29509K [0x00000000d5580000, 0x00000000f7280000, 0x0000000100000000)
  eden space 453632K, 0% used [0x00000000d5580000,0x00000000d5580000,0x00000000f1080000)
  from space 29696K, 99% used [0x00000000f5580000,0x00000000f7251770,0x00000000f7280000)
  to   space 48640K, 0% used [0x00000000f1380000,0x00000000f1380000,0x00000000f4300000)
 ParOldGen       total 214528K, used 90308K [0x0000000080000000, 0x000000008d180000, 0x00000000d5580000)
  object space 214528K, 42% used [0x0000000080000000,0x0000000085831138,0x000000008d180000)
 Metaspace       used 93077K, capacity 95552K, committed 95744K, reserved 1132544K
  class space    used 11227K, capacity 11676K, committed 11776K, reserved 1048576K
}
{Heap before GC invocations=36 (full 3):
 PSYoungGen      total 483328K, used 483141K [0x00000000d5580000, 0x00000000f7280000, 0x0000000100000000)
  eden space 453632K, 100% used [0x00000000d5580000,0x00000000f1080000,0x00000000f1080000)
  from space 29696K, 99% used [0x00000000f5580000,0x00000000f7251770,0x00000000f7280000)
  to   space 48640K, 0% used [0x00000000f1380000,0x00000000f1380000,0x00000000f4300000)
 ParOldGen       total 214528K, used 90308K [0x0000000080000000, 0x000000008d180000, 0x00000000d5580000)
  object space 214528K, 42% used [0x0000000080000000,0x0000000085831138,0x000000008d180000)
 Metaspace       used 93167K, capacity 95622K, committed 95744K, reserved 1132544K
  class space    used 11227K, capacity 11677K, committed 11776K, reserved 1048576K
2023-08-31T01:17:53.840+0600: 181840.334: [GC (Allocation Failure) [PSYoungGen: 483141K->23779K(461312K)] 573450K->114095K(675840K), 0.0515403 secs] [Times: user=0.08 sys=0.00, real=0.05 secs] 
Heap after GC invocations=36 (full 3):
 PSYoungGen      total 461312K, used 23779K [0x00000000d5580000, 0x00000000f5b80000, 0x0000000100000000)
  eden space 437248K, 0% used [0x00000000d5580000,0x00000000d5580000,0x00000000f0080000)
  from space 24064K, 98% used [0x00000000f1380000,0x00000000f2ab8d48,0x00000000f2b00000)
  to   space 46592K, 0% used [0x00000000f2e00000,0x00000000f2e00000,0x00000000f5b80000)
 ParOldGen       total 214528K, used 90316K [0x0000000080000000, 0x000000008d180000, 0x00000000d5580000)
  object space 214528K, 42% used [0x0000000080000000,0x0000000085833138,0x000000008d180000)
 Metaspace       used 93167K, capacity 95622K, committed 95744K, reserved 1132544K
  class space    used 11227K, capacity 11677K, committed 11776K, reserved 1048576K
}
{Heap before GC invocations=37 (full 3):
 PSYoungGen      total 461312K, used 461027K [0x00000000d5580000, 0x00000000f5b80000, 0x0000000100000000)
  eden space 437248K, 100% used [0x00000000d5580000,0x00000000f0080000,0x00000000f0080000)
  from space 24064K, 98% used [0x00000000f1380000,0x00000000f2ab8d48,0x00000000f2b00000)
  to   space 46592K, 0% used [0x00000000f2e00000,0x00000000f2e00000,0x00000000f5b80000)
 ParOldGen       total 214528K, used 90316K [0x0000000080000000, 0x000000008d180000, 0x00000000d5580000)
  object space 214528K, 42% used [0x0000000080000000,0x0000000085833138,0x000000008d180000)
 Metaspace       used 93168K, capacity 95622K, committed 95744K, reserved 1132544K
  class space    used 11227K, capacity 11677K, committed 11776K, reserved 1048576K
2023-08-31T06:59:51.493+0600: 202357.987: [GC (Allocation Failure) [PSYoungGen: 461027K->16977K(451072K)] 551343K->107301K(665600K), 0.0495909 secs] [Times: user=0.08 sys=0.00, real=0.05 secs] 
Heap after GC invocations=37 (full 3):
 PSYoungGen      total 451072K, used 16977K [0x00000000d5580000, 0x00000000f4b00000, 0x0000000100000000)
  eden space 421376K, 0% used [0x00000000d5580000,0x00000000d5580000,0x00000000ef100000)
  from space 29696K, 57% used [0x00000000f2e00000,0x00000000f3e94550,0x00000000f4b00000)
  to   space 46080K, 0% used [0x00000000ef100000,0x00000000ef100000,0x00000000f1e00000)
 ParOldGen       total 214528K, used 90324K [0x0000000080000000, 0x000000008d180000, 0x00000000d5580000)
  object space 214528K, 42% used [0x0000000080000000,0x0000000085835138,0x000000008d180000)
 Metaspace       used 93168K, capacity 95622K, committed 95744K, reserved 1132544K
  class space    used 11227K, capacity 11677K, committed 11776K, reserved 1048576K
}
{Heap before GC invocations=38 (full 3):
 PSYoungGen      total 451072K, used 438353K [0x00000000d5580000, 0x00000000f4b00000, 0x0000000100000000)
  eden space 421376K, 100% used [0x00000000d5580000,0x00000000ef100000,0x00000000ef100000)
  from space 29696K, 57% used [0x00000000f2e00000,0x00000000f3e94550,0x00000000f4b00000)
  to   space 46080K, 0% used [0x00000000ef100000,0x00000000ef100000,0x00000000f1e00000)
 ParOldGen       total 214528K, used 90324K [0x0000000080000000, 0x000000008d180000, 0x00000000d5580000)
  object space 214528K, 42% used [0x0000000080000000,0x0000000085835138,0x000000008d180000)
 Metaspace       used 93316K, capacity 95762K, committed 96000K, reserved 1134592K
  class space    used 11244K, capacity 11679K, committed 11776K, reserved 1048576K
2023-08-31T11:53:08.748+0600: 219955.242: [GC (Allocation Failure) [PSYoungGen: 438353K->19434K(425984K)] 528677K->109766K(640512K), 0.0392314 secs] [Times: user=0.07 sys=0.00, real=0.04 secs] 
Heap after GC invocations=38 (full 3):
 PSYoungGen      total 425984K, used 19434K [0x00000000d5580000, 0x00000000f3a80000, 0x0000000100000000)
  eden space 406528K, 0% used [0x00000000d5580000,0x00000000d5580000,0x00000000ee280000)
  from space 19456K, 99% used [0x00000000ef100000,0x00000000f03fa810,0x00000000f0400000)
  to   space 45056K, 0% used [0x00000000f0e80000,0x00000000f0e80000,0x00000000f3a80000)
 ParOldGen       total 214528K, used 90332K [0x0000000080000000, 0x000000008d180000, 0x00000000d5580000)
  object space 214528K, 42% used [0x0000000080000000,0x0000000085837138,0x000000008d180000)
 Metaspace       used 93316K, capacity 95762K, committed 96000K, reserved 1134592K
  class space    used 11244K, capacity 11679K, committed 11776K, reserved 1048576K
}
{Heap before GC invocations=39 (full 3):
 PSYoungGen      total 425984K, used 425962K [0x00000000d5580000, 0x00000000f3a80000, 0x0000000100000000)
  eden space 406528K, 100% used [0x00000000d5580000,0x00000000ee280000,0x00000000ee280000)
  from space 19456K, 99% used [0x00000000ef100000,0x00000000f03fa810,0x00000000f0400000)
  to   space 45056K, 0% used [0x00000000f0e80000,0x00000000f0e80000,0x00000000f3a80000)
 ParOldGen       total 214528K, used 90332K [0x0000000080000000, 0x000000008d180000, 0x00000000d5580000)
  object space 214528K, 42% used [0x0000000080000000,0x0000000085837138,0x000000008d180000)
 Metaspace       used 93412K, capacity 95862K, committed 96000K, reserved 1134592K
  class space    used 11248K, capacity 11685K, committed 11776K, reserved 1048576K
2023-08-31T14:29:32.869+0600: 229339.363: [GC (Allocation Failure) [PSYoungGen: 425962K->27835K(420864K)] 516294K->118175K(635392K), 0.0531856 secs] [Times: user=0.09 sys=0.00, real=0.05 secs] 
Heap after GC invocations=39 (full 3):
 PSYoungGen      total 420864K, used 27835K [0x00000000d5580000, 0x00000000f2a80000, 0x0000000100000000)
  eden space 392192K, 0% used [0x00000000d5580000,0x00000000d5580000,0x00000000ed480000)
  from space 28672K, 97% used [0x00000000f0e80000,0x00000000f29aedc8,0x00000000f2a80000)
  to   space 44032K, 0% used [0x00000000ed480000,0x00000000ed480000,0x00000000eff80000)
 ParOldGen       total 214528K, used 90340K [0x0000000080000000, 0x000000008d180000, 0x00000000d5580000)
  object space 214528K, 42% used [0x0000000080000000,0x0000000085839138,0x000000008d180000)
 Metaspace       used 93412K, capacity 95862K, committed 96000K, reserved 1134592K
  class space    used 11248K, capacity 11685K, committed 11776K, reserved 1048576K
}
{Heap before GC invocations=40 (full 3):
 PSYoungGen      total 420864K, used 420021K [0x00000000d5580000, 0x00000000f2a80000, 0x0000000100000000)
  eden space 392192K, 99% used [0x00000000d5580000,0x00000000ed47e698,0x00000000ed480000)
  from space 28672K, 97% used [0x00000000f0e80000,0x00000000f29aedc8,0x00000000f2a80000)
  to   space 44032K, 0% used [0x00000000ed480000,0x00000000ed480000,0x00000000eff80000)
 ParOldGen       total 214528K, used 90340K [0x0000000080000000, 0x000000008d180000, 0x00000000d5580000)
  object space 214528K, 42% used [0x0000000080000000,0x0000000085839138,0x000000008d180000)
 Metaspace       used 93515K, capacity 96038K, committed 96256K, reserved 1134592K
  class space    used 11253K, capacity 11693K, committed 11776K, reserved 1048576K
2023-08-31T17:09:57.425+0600: 238963.919: [GC (Allocation Failure) [PSYoungGen: 420021K->24978K(403456K)] 510361K->120968K(617984K), 0.0450635 secs] [Times: user=0.07 sys=0.00, real=0.05 secs] 
Heap after GC invocations=40 (full 3):
 PSYoungGen      total 403456K, used 24978K [0x00000000d5580000, 0x00000000f1a00000, 0x0000000100000000)
  eden space 378368K, 0% used [0x00000000d5580000,0x00000000d5580000,0x00000000ec700000)
  from space 25088K, 99% used [0x00000000ed480000,0x00000000eece4830,0x00000000eed00000)
  to   space 42496K, 0% used [0x00000000ef080000,0x00000000ef080000,0x00000000f1a00000)
 ParOldGen       total 214528K, used 95990K [0x0000000080000000, 0x000000008d180000, 0x00000000d5580000)
  object space 214528K, 44% used [0x0000000080000000,0x0000000085dbdb68,0x000000008d180000)
 Metaspace       used 93515K, capacity 96038K, committed 96256K, reserved 1134592K
  class space    used 11253K, capacity 11693K, committed 11776K, reserved 1048576K
}
{Heap before GC invocations=41 (full 3):
 PSYoungGen      total 403456K, used 403346K [0x00000000d5580000, 0x00000000f1a00000, 0x0000000100000000)
  eden space 378368K, 100% used [0x00000000d5580000,0x00000000ec700000,0x00000000ec700000)
  from space 25088K, 99% used [0x00000000ed480000,0x00000000eece4830,0x00000000eed00000)
  to   space 42496K, 0% used [0x00000000ef080000,0x00000000ef080000,0x00000000f1a00000)
 ParOldGen       total 214528K, used 95990K [0x0000000080000000, 0x000000008d180000, 0x00000000d5580000)
  object space 214528K, 44% used [0x0000000080000000,0x0000000085dbdb68,0x000000008d180000)
 Metaspace       used 93571K, capacity 96062K, committed 96256K, reserved 1134592K
  class space    used 11255K, capacity 11697K, committed 11776K, reserved 1048576K
2023-08-31T19:54:48.364+0600: 248854.858: [GC (Allocation Failure) [PSYoungGen: 403346K->22256K(392192K)] 499336K->118967K(606720K), 0.0352071 secs] [Times: user=0.06 sys=0.00, real=0.04 secs] 
Heap after GC invocations=41 (full 3):
 PSYoungGen      total 392192K, used 22256K [0x00000000d5580000, 0x00000000f0a80000, 0x0000000100000000)
  eden space 365568K, 0% used [0x00000000d5580000,0x00000000d5580000,0x00000000eba80000)
  from space 26624K, 83% used [0x00000000ef080000,0x00000000f063c080,0x00000000f0a80000)
  to   space 40960K, 0% used [0x00000000eba80000,0x00000000eba80000,0x00000000ee280000)
 ParOldGen       total 214528K, used 96710K [0x0000000080000000, 0x000000008d180000, 0x00000000d5580000)
  object space 214528K, 45% used [0x0000000080000000,0x0000000085e71b98,0x000000008d180000)
 Metaspace       used 93571K, capacity 96062K, committed 96256K, reserved 1134592K
  class space    used 11255K, capacity 11697K, committed 11776K, reserved 1048576K
}
{Heap before GC invocations=42 (full 3):
 PSYoungGen      total 392192K, used 387824K [0x00000000d5580000, 0x00000000f0a80000, 0x0000000100000000)
  eden space 365568K, 100% used [0x00000000d5580000,0x00000000eba80000,0x00000000eba80000)
  from space 26624K, 83% used [0x00000000ef080000,0x00000000f063c080,0x00000000f0a80000)
  to   space 40960K, 0% used [0x00000000eba80000,0x00000000eba80000,0x00000000ee280000)
 ParOldGen       total 214528K, used 96710K [0x0000000080000000, 0x000000008d180000, 0x00000000d5580000)
  object space 214528K, 45% used [0x0000000080000000,0x0000000085e71b98,0x000000008d180000)
 Metaspace       used 93600K, capacity 96068K, committed 96256K, reserved 1134592K
  class space    used 11256K, capacity 11698K, committed 11776K, reserved 1048576K
2023-09-01T00:03:03.640+0600: 263750.135: [GC (Allocation Failure) [PSYoungGen: 387824K->12271K(365568K)] 484535K->109986K(580096K), 0.0388602 secs] [Times: user=0.06 sys=0.00, real=0.04 secs] 
Heap after GC invocations=42 (full 3):
 PSYoungGen      total 365568K, used 12271K [0x00000000d5580000, 0x00000000eff80000, 0x0000000100000000)
  eden space 353280K, 0% used [0x00000000d5580000,0x00000000d5580000,0x00000000eae80000)
  from space 12288K, 99% used [0x00000000eba80000,0x00000000ec67bc50,0x00000000ec680000)
  to   space 41472K, 0% used [0x00000000ed700000,0x00000000ed700000,0x00000000eff80000)
 ParOldGen       total 214528K, used 97715K [0x0000000080000000, 0x000000008d180000, 0x00000000d5580000)
  object space 214528K, 45% used [0x0000000080000000,0x0000000085f6cc00,0x000000008d180000)
 Metaspace       used 93600K, capacity 96068K, committed 96256K, reserved 1134592K
  class space    used 11256K, capacity 11698K, committed 11776K, reserved 1048576K
}
{Heap before GC invocations=43 (full 3):
 PSYoungGen      total 365568K, used 365551K [0x00000000d5580000, 0x00000000eff80000, 0x0000000100000000)
  eden space 353280K, 100% used [0x00000000d5580000,0x00000000eae80000,0x00000000eae80000)
  from space 12288K, 99% used [0x00000000eba80000,0x00000000ec67bc50,0x00000000ec680000)
  to   space 41472K, 0% used [0x00000000ed700000,0x00000000ed700000,0x00000000eff80000)
 ParOldGen       total 214528K, used 97715K [0x0000000080000000, 0x000000008d180000, 0x00000000d5580000)
  object space 214528K, 45% used [0x0000000080000000,0x0000000085f6cc00,0x000000008d180000)
 Metaspace       used 93609K, capacity 96068K, committed 96256K, reserved 1134592K
  class space    used 11257K, capacity 11698K, committed 11776K, reserved 1048576K
2023-09-01T04:19:41.458+0600: 279147.952: [GC (Allocation Failure) [PSYoungGen: 365551K->9945K(372224K)] 463266K->108412K(586752K), 0.0250969 secs] [Times: user=0.04 sys=0.00, real=0.03 secs] 
Heap after GC invocations=43 (full 3):
 PSYoungGen      total 372224K, used 9945K [0x00000000d5580000, 0x00000000ef500000, 0x0000000100000000)
  eden space 341504K, 0% used [0x00000000d5580000,0x00000000d5580000,0x00000000ea300000)
  from space 30720K, 32% used [0x00000000ed700000,0x00000000ee0b64a0,0x00000000ef500000)
  to   space 41984K, 0% used [0x00000000ea300000,0x00000000ea300000,0x00000000ecc00000)
 ParOldGen       total 214528K, used 98467K [0x0000000080000000, 0x000000008d180000, 0x00000000d5580000)
  object space 214528K, 45% used [0x0000000080000000,0x0000000086028cd0,0x000000008d180000)
 Metaspace       used 93609K, capacity 96068K, committed 96256K, reserved 1134592K
  class space    used 11257K, capacity 11698K, committed 11776K, reserved 1048576K
}
{Heap before GC invocations=44 (full 3):
 PSYoungGen      total 372224K, used 351449K [0x00000000d5580000, 0x00000000ef500000, 0x0000000100000000)
  eden space 341504K, 100% used [0x00000000d5580000,0x00000000ea300000,0x00000000ea300000)
  from space 30720K, 32% used [0x00000000ed700000,0x00000000ee0b64a0,0x00000000ef500000)
  to   space 41984K, 0% used [0x00000000ea300000,0x00000000ea300000,0x00000000ecc00000)
 ParOldGen       total 214528K, used 98467K [0x0000000080000000, 0x000000008d180000, 0x00000000d5580000)
  object space 214528K, 45% used [0x0000000080000000,0x0000000086028cd0,0x000000008d180000)
 Metaspace       used 93609K, capacity 96068K, committed 96256K, reserved 1134592K
  class space    used 11257K, capacity 11698K, committed 11776K, reserved 1048576K
2023-09-01T08:58:32.297+0600: 295878.792: [GC (Allocation Failure) [PSYoungGen: 351449K->5472K(335872K)] 449916K->104656K(550400K), 0.0302410 secs] [Times: user=0.05 sys=0.00, real=0.03 secs] 
Heap after GC invocations=44 (full 3):
 PSYoungGen      total 335872K, used 5472K [0x00000000d5580000, 0x00000000eeb00000, 0x0000000100000000)
  eden space 330240K, 0% used [0x00000000d5580000,0x00000000d5580000,0x00000000e9800000)
  from space 5632K, 97% used [0x00000000ea300000,0x00000000ea858000,0x00000000ea880000)
  to   space 42496K, 0% used [0x00000000ec180000,0x00000000ec180000,0x00000000eeb00000)
 ParOldGen       total 214528K, used 99184K [0x0000000080000000, 0x000000008d180000, 0x00000000d5580000)
  object space 214528K, 46% used [0x0000000080000000,0x00000000860dc030,0x000000008d180000)
 Metaspace       used 93609K, capacity 96068K, committed 96256K, reserved 1134592K
  class space    used 11257K, capacity 11698K, committed 11776K, reserved 1048576K
}
{Heap before GC invocations=45 (full 3):
 PSYoungGen      total 335872K, used 335712K [0x00000000d5580000, 0x00000000eeb00000, 0x0000000100000000)
  eden space 330240K, 100% used [0x00000000d5580000,0x00000000e9800000,0x00000000e9800000)
  from space 5632K, 97% used [0x00000000ea300000,0x00000000ea858000,0x00000000ea880000)
  to   space 42496K, 0% used [0x00000000ec180000,0x00000000ec180000,0x00000000eeb00000)
 ParOldGen       total 214528K, used 99184K [0x0000000080000000, 0x000000008d180000, 0x00000000d5580000)
  object space 214528K, 46% used [0x0000000080000000,0x00000000860dc030,0x000000008d180000)
 Metaspace       used 93644K, capacity 96110K, committed 96256K, reserved 1134592K
  class space    used 11261K, capacity 11705K, committed 11776K, reserved 1048576K
2023-09-01T13:12:11.595+0600: 311098.090: [GC (Allocation Failure) [PSYoungGen: 335712K->6306K(352256K)] 434896K->106046K(566784K), 0.0248937 secs] [Times: user=0.05 sys=0.00, real=0.03 secs] 
Heap after GC invocations=45 (full 3):
 PSYoungGen      total 352256K, used 6306K [0x00000000d5580000, 0x00000000ee180000, 0x0000000100000000)
  eden space 319488K, 0% used [0x00000000d5580000,0x00000000d5580000,0x00000000e8d80000)
  from space 32768K, 19% used [0x00000000ec180000,0x00000000ec7a8920,0x00000000ee180000)
  to   space 43008K, 0% used [0x00000000e8d80000,0x00000000e8d80000,0x00000000eb780000)
 ParOldGen       total 214528K, used 99740K [0x0000000080000000, 0x000000008d180000, 0x00000000d5580000)
  object space 214528K, 46% used [0x0000000080000000,0x00000000861670a0,0x000000008d180000)
 Metaspace       used 93644K, capacity 96110K, committed 96256K, reserved 1134592K
  class space    used 11261K, capacity 11705K, committed 11776K, reserved 1048576K
}
{Heap before GC invocations=46 (full 3):
 PSYoungGen      total 352256K, used 325794K [0x00000000d5580000, 0x00000000ee180000, 0x0000000100000000)
  eden space 319488K, 100% used [0x00000000d5580000,0x00000000e8d80000,0x00000000e8d80000)
  from space 32768K, 19% used [0x00000000ec180000,0x00000000ec7a8920,0x00000000ee180000)
  to   space 43008K, 0% used [0x00000000e8d80000,0x00000000e8d80000,0x00000000eb780000)
 ParOldGen       total 214528K, used 99740K [0x0000000080000000, 0x000000008d180000, 0x00000000d5580000)
  object space 214528K, 46% used [0x0000000080000000,0x00000000861670a0,0x000000008d180000)
 Metaspace       used 93663K, capacity 96180K, committed 96256K, reserved 1134592K
  class space    used 11262K, capacity 11706K, committed 11776K, reserved 1048576K
2023-09-01T17:08:30.649+0600: 325277.143: [GC (Allocation Failure) [PSYoungGen: 325794K->7442K(316928K)] 425534K->107199K(531456K), 0.0294659 secs] [Times: user=0.05 sys=0.00, real=0.03 secs] 
Heap after GC invocations=46 (full 3):
 PSYoungGen      total 316928K, used 7442K [0x00000000d5580000, 0x00000000ed680000, 0x0000000100000000)
  eden space 309248K, 0% used [0x00000000d5580000,0x00000000d5580000,0x00000000e8380000)
  from space 7680K, 96% used [0x00000000e8d80000,0x00000000e94c4bc0,0x00000000e9500000)
  to   space 42496K, 0% used [0x00000000ead00000,0x00000000ead00000,0x00000000ed680000)
 ParOldGen       total 214528K, used 99756K [0x0000000080000000, 0x000000008d180000, 0x00000000d5580000)
  object space 214528K, 46% used [0x0000000080000000,0x000000008616b0a0,0x000000008d180000)
 Metaspace       used 93663K, capacity 96180K, committed 96256K, reserved 1134592K
  class space    used 11262K, capacity 11706K, committed 11776K, reserved 1048576K
}
{Heap before GC invocations=47 (full 3):
 PSYoungGen      total 316928K, used 316690K [0x00000000d5580000, 0x00000000ed680000, 0x0000000100000000)
  eden space 309248K, 100% used [0x00000000d5580000,0x00000000e8380000,0x00000000e8380000)
  from space 7680K, 96% used [0x00000000e8d80000,0x00000000e94c4bc0,0x00000000e9500000)
  to   space 42496K, 0% used [0x00000000ead00000,0x00000000ead00000,0x00000000ed680000)
 ParOldGen       total 214528K, used 99756K [0x0000000080000000, 0x000000008d180000, 0x00000000d5580000)
  object space 214528K, 46% used [0x0000000080000000,0x000000008616b0a0,0x000000008d180000)
 Metaspace       used 93714K, capacity 96316K, committed 96512K, reserved 1134592K
  class space    used 11268K, capacity 11718K, committed 11776K, reserved 1048576K
2023-09-01T21:03:50.969+0600: 339397.463: [GC (Allocation Failure) [PSYoungGen: 316690K->6417K(331264K)] 416447K->106197K(545792K), 0.0232137 secs] [Times: user=0.04 sys=0.00, real=0.02 secs] 
Heap after GC invocations=47 (full 3):
 PSYoungGen      total 331264K, used 6417K [0x00000000d5580000, 0x00000000ecc00000, 0x0000000100000000)
  eden space 299520K, 0% used [0x00000000d5580000,0x00000000d5580000,0x00000000e7a00000)
  from space 31744K, 20% used [0x00000000ead00000,0x00000000eb3446b0,0x00000000ecc00000)
  to   space 41984K, 0% used [0x00000000e7a00000,0x00000000e7a00000,0x00000000ea300000)
 ParOldGen       total 214528K, used 99780K [0x0000000080000000, 0x000000008d180000, 0x00000000d5580000)
  object space 214528K, 46% used [0x0000000080000000,0x00000000861710a0,0x000000008d180000)
 Metaspace       used 93714K, capacity 96316K, committed 96512K, reserved 1134592K
  class space    used 11268K, capacity 11718K, committed 11776K, reserved 1048576K
}
{Heap before GC invocations=48 (full 3):
 PSYoungGen      total 331264K, used 305937K [0x00000000d5580000, 0x00000000ecc00000, 0x0000000100000000)
  eden space 299520K, 100% used [0x00000000d5580000,0x00000000e7a00000,0x00000000e7a00000)
  from space 31744K, 20% used [0x00000000ead00000,0x00000000eb3446b0,0x00000000ecc00000)
  to   space 41984K, 0% used [0x00000000e7a00000,0x00000000e7a00000,0x00000000ea300000)
 ParOldGen       total 214528K, used 99780K [0x0000000080000000, 0x000000008d180000, 0x00000000d5580000)
  object space 214528K, 46% used [0x0000000080000000,0x00000000861710a0,0x000000008d180000)
 Metaspace       used 93778K, capacity 96400K, committed 96512K, reserved 1134592K
  class space    used 11276K, capacity 11732K, committed 11776K, reserved 1048576K
2023-09-01T23:51:42.831+0600: 349469.325: [GC (Allocation Failure) [PSYoungGen: 305937K->11922K(302080K)] 405717K->111790K(516608K), 0.0286158 secs] [Times: user=0.04 sys=0.00, real=0.03 secs] 
Heap after GC invocations=48 (full 3):
 PSYoungGen      total 302080K, used 11922K [0x00000000d5580000, 0x00000000ebe80000, 0x0000000100000000)
  eden space 289792K, 0% used [0x00000000d5580000,0x00000000d5580000,0x00000000e7080000)
  from space 12288K, 97% used [0x00000000e7a00000,0x00000000e85a4b18,0x00000000e8600000)
  to   space 39936K, 0% used [0x00000000e9780000,0x00000000e9780000,0x00000000ebe80000)
 ParOldGen       total 214528K, used 99868K [0x0000000080000000, 0x000000008d180000, 0x00000000d5580000)
  object space 214528K, 46% used [0x0000000080000000,0x00000000861870a0,0x000000008d180000)
 Metaspace       used 93778K, capacity 96400K, committed 96512K, reserved 1134592K
  class space    used 11276K, capacity 11732K, committed 11776K, reserved 1048576K
}
{Heap before GC invocations=49 (full 3):
 PSYoungGen      total 302080K, used 301714K [0x00000000d5580000, 0x00000000ebe80000, 0x0000000100000000)
  eden space 289792K, 100% used [0x00000000d5580000,0x00000000e7080000,0x00000000e7080000)
  from space 12288K, 97% used [0x00000000e7a00000,0x00000000e85a4b18,0x00000000e8600000)
  to   space 39936K, 0% used [0x00000000e9780000,0x00000000e9780000,0x00000000ebe80000)
 ParOldGen       total 214528K, used 99868K [0x0000000080000000, 0x000000008d180000, 0x00000000d5580000)
  object space 214528K, 46% used [0x0000000080000000,0x00000000861870a0,0x000000008d180000)
 Metaspace       used 93787K, capacity 96400K, committed 96512K, reserved 1134592K
  class space    used 11277K, capacity 11732K, committed 11776K, reserved 1048576K
2023-09-02T03:22:20.962+0600: 362107.457: [GC (Allocation Failure) [PSYoungGen: 301714K->7816K(309248K)] 401582K->107788K(523776K), 0.0298236 secs] [Times: user=0.04 sys=0.00, real=0.03 secs] 
Heap after GC invocations=49 (full 3):
 PSYoungGen      total 309248K, used 7816K [0x00000000d5580000, 0x00000000eb380000, 0x0000000100000000)
  eden space 280576K, 0% used [0x00000000d5580000,0x00000000d5580000,0x00000000e6780000)
  from space 28672K, 27% used [0x00000000e9780000,0x00000000e9f22248,0x00000000eb380000)
  to   space 38912K, 0% used [0x00000000e6780000,0x00000000e6780000,0x00000000e8d80000)
 ParOldGen       total 214528K, used 99972K [0x0000000080000000, 0x000000008d180000, 0x00000000d5580000)
  object space 214528K, 46% used [0x0000000080000000,0x00000000861a10a0,0x000000008d180000)
 Metaspace       used 93787K, capacity 96400K, committed 96512K, reserved 1134592K
  class space    used 11277K, capacity 11732K, committed 11776K, reserved 1048576K
}
{Heap before GC invocations=50 (full 3):
 PSYoungGen      total 309248K, used 288392K [0x00000000d5580000, 0x00000000eb380000, 0x0000000100000000)
  eden space 280576K, 100% used [0x00000000d5580000,0x00000000e6780000,0x00000000e6780000)
  from space 28672K, 27% used [0x00000000e9780000,0x00000000e9f22248,0x00000000eb380000)
  to   space 38912K, 0% used [0x00000000e6780000,0x00000000e6780000,0x00000000e8d80000)
 ParOldGen       total 214528K, used 99972K [0x0000000080000000, 0x000000008d180000, 0x00000000d5580000)
  object space 214528K, 46% used [0x0000000080000000,0x00000000861a10a0,0x000000008d180000)
 Metaspace       used 93789K, capacity 96400K, committed 96512K, reserved 1134592K
  class space    used 11277K, capacity 11732K, committed 11776K, reserved 1048576K
2023-09-02T07:03:46.223+0600: 375392.718: [GC (Allocation Failure) [PSYoungGen: 288392K->4275K(276480K)] 388364K->104783K(491008K), 0.0259185 secs] [Times: user=0.04 sys=0.00, real=0.03 secs] 
Heap after GC invocations=50 (full 3):
 PSYoungGen      total 276480K, used 4275K [0x00000000d5580000, 0x00000000eaa00000, 0x0000000100000000)
  eden space 271872K, 0% used [0x00000000d5580000,0x00000000d5580000,0x00000000e5f00000)
  from space 4608K, 92% used [0x00000000e6780000,0x00000000e6bacd68,0x00000000e6c00000)
  to   space 38400K, 0% used [0x00000000e8480000,0x00000000e8480000,0x00000000eaa00000)
 ParOldGen       total 214528K, used 100508K [0x0000000080000000, 0x000000008d180000, 0x00000000d5580000)
  object space 214528K, 46% used [0x0000000080000000,0x00000000862270a0,0x000000008d180000)
 Metaspace       used 93789K, capacity 96400K, committed 96512K, reserved 1134592K
  class space    used 11277K, capacity 11732K, committed 11776K, reserved 1048576K
}
{Heap before GC invocations=51 (full 3):
 PSYoungGen      total 276480K, used 276147K [0x00000000d5580000, 0x00000000eaa00000, 0x0000000100000000)
  eden space 271872K, 100% used [0x00000000d5580000,0x00000000e5f00000,0x00000000e5f00000)
  from space 4608K, 92% used [0x00000000e6780000,0x00000000e6bacd68,0x00000000e6c00000)
  to   space 38400K, 0% used [0x00000000e8480000,0x00000000e8480000,0x00000000eaa00000)
 ParOldGen       total 214528K, used 100508K [0x0000000080000000, 0x000000008d180000, 0x00000000d5580000)
  object space 214528K, 46% used [0x0000000080000000,0x00000000862270a0,0x000000008d180000)
 Metaspace       used 93789K, capacity 96400K, committed 96512K, reserved 1134592K
  class space    used 11277K, capacity 11732K, committed 11776K, reserved 1048576K
2023-09-02T10:50:46.038+0600: 389012.533: [GC (Allocation Failure) [PSYoungGen: 276147K->4147K(292864K)] 376655K->104695K(507392K), 0.0243897 secs] [Times: user=0.04 sys=0.00, real=0.02 secs] 
Heap after GC invocations=51 (full 3):
 PSYoungGen      total 292864K, used 4147K [0x00000000d5580000, 0x00000000ea100000, 0x0000000100000000)
  eden space 263680K, 0% used [0x00000000d5580000,0x00000000d5580000,0x00000000e5700000)
  from space 29184K, 14% used [0x00000000e8480000,0x00000000e888cd68,0x00000000ea100000)
  to   space 37888K, 0% used [0x00000000e5700000,0x00000000e5700000,0x00000000e7c00000)
 ParOldGen       total 214528K, used 100548K [0x0000000080000000, 0x000000008d180000, 0x00000000d5580000)
  object space 214528K, 46% used [0x0000000080000000,0x00000000862310c0,0x000000008d180000)
 Metaspace       used 93789K, capacity 96400K, committed 96512K, reserved 1134592K
  class space    used 11277K, capacity 11732K, committed 11776K, reserved 1048576K
}
{Heap before GC invocations=52 (full 3):
 PSYoungGen      total 292864K, used 267827K [0x00000000d5580000, 0x00000000ea100000, 0x0000000100000000)
  eden space 263680K, 100% used [0x00000000d5580000,0x00000000e5700000,0x00000000e5700000)
  from space 29184K, 14% used [0x00000000e8480000,0x00000000e888cd68,0x00000000ea100000)
  to   space 37888K, 0% used [0x00000000e5700000,0x00000000e5700000,0x00000000e7c00000)
 ParOldGen       total 214528K, used 100548K [0x0000000080000000, 0x000000008d180000, 0x00000000d5580000)
  object space 214528K, 46% used [0x0000000080000000,0x00000000862310c0,0x000000008d180000)
 Metaspace       used 93970K, capacity 96596K, committed 96768K, reserved 1134592K
  class space    used 11305K, capacity 11770K, committed 11776K, reserved 1048576K
2023-09-02T13:54:59.784+0600: 400066.279: [GC (Allocation Failure) [PSYoungGen: 267827K->6519K(262144K)] 368375K->107083K(476672K), 0.0338750 secs] [Times: user=0.05 sys=0.00, real=0.03 secs] 
Heap after GC invocations=52 (full 3):
 PSYoungGen      total 262144K, used 6519K [0x00000000d5580000, 0x00000000e9600000, 0x0000000100000000)
  eden space 255488K, 0% used [0x00000000d5580000,0x00000000d5580000,0x00000000e4f00000)
  from space 6656K, 97% used [0x00000000e5700000,0x00000000e5d5dd48,0x00000000e5d80000)
  to   space 36352K, 0% used [0x00000000e7280000,0x00000000e7280000,0x00000000e9600000)
 ParOldGen       total 214528K, used 100564K [0x0000000080000000, 0x000000008d180000, 0x00000000d5580000)
  object space 214528K, 46% used [0x0000000080000000,0x00000000862350c0,0x000000008d180000)
 Metaspace       used 93970K, capacity 96596K, committed 96768K, reserved 1134592K
  class space    used 11305K, capacity 11770K, committed 11776K, reserved 1048576K
}
{Heap before GC invocations=53 (full 3):
 PSYoungGen      total 262144K, used 262007K [0x00000000d5580000, 0x00000000e9600000, 0x0000000100000000)
  eden space 255488K, 100% used [0x00000000d5580000,0x00000000e4f00000,0x00000000e4f00000)
  from space 6656K, 97% used [0x00000000e5700000,0x00000000e5d5dd48,0x00000000e5d80000)
  to   space 36352K, 0% used [0x00000000e7280000,0x00000000e7280000,0x00000000e9600000)
 ParOldGen       total 214528K, used 100564K [0x0000000080000000, 0x000000008d180000, 0x00000000d5580000)
  object space 214528K, 46% used [0x0000000080000000,0x00000000862350c0,0x000000008d180000)
 Metaspace       used 94081K, capacity 96786K, committed 97152K, reserved 1134592K
  class space    used 11317K, capacity 11791K, committed 11904K, reserved 1048576K
2023-09-02T15:03:05.039+0600: 404151.533: [GC (Allocation Failure) [PSYoungGen: 262007K->16155K(274432K)] 362571K->116819K(488960K), 0.0261768 secs] [Times: user=0.04 sys=0.00, real=0.02 secs] 
Heap after GC invocations=53 (full 3):
 PSYoungGen      total 274432K, used 16155K [0x00000000d5580000, 0x00000000e8c80000, 0x0000000100000000)
  eden space 247808K, 0% used [0x00000000d5580000,0x00000000d5580000,0x00000000e4780000)
  from space 26624K, 60% used [0x00000000e7280000,0x00000000e8246ea0,0x00000000e8c80000)
  to   space 35328K, 0% used [0x00000000e4780000,0x00000000e4780000,0x00000000e6a00000)
 ParOldGen       total 214528K, used 100664K [0x0000000080000000, 0x000000008d180000, 0x00000000d5580000)
  object space 214528K, 46% used [0x0000000080000000,0x000000008624e0d0,0x000000008d180000)
 Metaspace       used 94081K, capacity 96786K, committed 97152K, reserved 1134592K
  class space    used 11317K, capacity 11791K, committed 11904K, reserved 1048576K
}
{Heap before GC invocations=54 (full 3):
 PSYoungGen      total 274432K, used 263963K [0x00000000d5580000, 0x00000000e8c80000, 0x0000000100000000)
  eden space 247808K, 100% used [0x00000000d5580000,0x00000000e4780000,0x00000000e4780000)
  from space 26624K, 60% used [0x00000000e7280000,0x00000000e8246ea0,0x00000000e8c80000)
  to   space 35328K, 0% used [0x00000000e4780000,0x00000000e4780000,0x00000000e6a00000)
 ParOldGen       total 214528K, used 100664K [0x0000000080000000, 0x000000008d180000, 0x00000000d5580000)
  object space 214528K, 46% used [0x0000000080000000,0x000000008624e0d0,0x000000008d180000)
 Metaspace       used 94138K, capacity 96894K, committed 97152K, reserved 1134592K
  class space    used 11328K, capacity 11809K, committed 11904K, reserved 1048576K
2023-09-02T16:36:38.940+0600: 409765.435: [GC (Allocation Failure) [PSYoungGen: 263963K->14135K(254976K)] 364627K->114847K(469504K), 0.0272112 secs] [Times: user=0.05 sys=0.00, real=0.02 secs] 
Heap after GC invocations=54 (full 3):
 PSYoungGen      total 254976K, used 14135K [0x00000000d5580000, 0x00000000e8280000, 0x0000000100000000)
  eden space 240640K, 0% used [0x00000000d5580000,0x00000000d5580000,0x00000000e4080000)
  from space 14336K, 98% used [0x00000000e4780000,0x00000000e554de60,0x00000000e5580000)
  to   space 33792K, 0% used [0x00000000e6180000,0x00000000e6180000,0x00000000e8280000)
 ParOldGen       total 214528K, used 100712K [0x0000000080000000, 0x000000008d180000, 0x00000000d5580000)
  object space 214528K, 46% used [0x0000000080000000,0x000000008625a0f0,0x000000008d180000)
 Metaspace       used 94138K, capacity 96894K, committed 97152K, reserved 1134592K
  class space    used 11328K, capacity 11809K, committed 11904K, reserved 1048576K
}
{Heap before GC invocations=55 (full 3):
 PSYoungGen      total 254976K, used 254775K [0x00000000d5580000, 0x00000000e8280000, 0x0000000100000000)
  eden space 240640K, 100% used [0x00000000d5580000,0x00000000e4080000,0x00000000e4080000)
  from space 14336K, 98% used [0x00000000e4780000,0x00000000e554de60,0x00000000e5580000)
  to   space 33792K, 0% used [0x00000000e6180000,0x00000000e6180000,0x00000000e8280000)
 ParOldGen       total 214528K, used 100712K [0x0000000080000000, 0x000000008d180000, 0x00000000d5580000)
  object space 214528K, 46% used [0x0000000080000000,0x000000008625a0f0,0x000000008d180000)
 Metaspace       used 94151K, capacity 96894K, committed 97152K, reserved 1134592K
  class space    used 11328K, capacity 11809K, committed 11904K, reserved 1048576K
2023-09-02T19:17:24.132+0600: 419410.627: [GC (Allocation Failure) [PSYoungGen: 254775K->9859K(257024K)] 355487K->110604K(471552K), 0.0297099 secs] [Times: user=0.04 sys=0.00, real=0.03 secs] 
Heap after GC invocations=55 (full 3):
 PSYoungGen      total 257024K, used 9859K [0x00000000d5580000, 0x00000000e7880000, 0x0000000100000000)
  eden space 233472K, 0% used [0x00000000d5580000,0x00000000d5580000,0x00000000e3980000)
  from space 23552K, 41% used [0x00000000e6180000,0x00000000e6b20f18,0x00000000e7880000)
  to   space 32256K, 0% used [0x00000000e3980000,0x00000000e3980000,0x00000000e5900000)
 ParOldGen       total 214528K, used 100744K [0x0000000080000000, 0x000000008d180000, 0x00000000d5580000)
  object space 214528K, 46% used [0x0000000080000000,0x00000000862620f0,0x000000008d180000)
 Metaspace       used 94151K, capacity 96894K, committed 97152K, reserved 1134592K
  class space    used 11328K, capacity 11809K, committed 11904K, reserved 1048576K
}
{Heap before GC invocations=56 (full 3):
 PSYoungGen      total 257024K, used 243331K [0x00000000d5580000, 0x00000000e7880000, 0x0000000100000000)
  eden space 233472K, 100% used [0x00000000d5580000,0x00000000e3980000,0x00000000e3980000)
  from space 23552K, 41% used [0x00000000e6180000,0x00000000e6b20f18,0x00000000e7880000)
  to   space 32256K, 0% used [0x00000000e3980000,0x00000000e3980000,0x00000000e5900000)
 ParOldGen       total 214528K, used 100744K [0x0000000080000000, 0x000000008d180000, 0x00000000d5580000)
  object space 214528K, 46% used [0x0000000080000000,0x00000000862620f0,0x000000008d180000)
 Metaspace       used 94201K, capacity 96988K, committed 97152K, reserved 1134592K
  class space    used 11330K, capacity 11814K, committed 11904K, reserved 1048576K
2023-09-02T21:55:13.772+0600: 428880.266: [GC (Allocation Failure) [PSYoungGen: 243331K->7424K(234496K)] 344076K->108200K(449024K), 0.0276188 secs] [Times: user=0.05 sys=0.00, real=0.03 secs] 
Heap after GC invocations=56 (full 3):
 PSYoungGen      total 234496K, used 7424K [0x00000000d5580000, 0x00000000e7000000, 0x0000000100000000)
  eden space 226816K, 0% used [0x00000000d5580000,0x00000000d5580000,0x00000000e3300000)
  from space 7680K, 96% used [0x00000000e3980000,0x00000000e40c00e8,0x00000000e4100000)
  to   space 31232K, 0% used [0x00000000e5180000,0x00000000e5180000,0x00000000e7000000)
 ParOldGen       total 214528K, used 100776K [0x0000000080000000, 0x000000008d180000, 0x00000000d5580000)
  object space 214528K, 46% used [0x0000000080000000,0x000000008626a0f0,0x000000008d180000)
 Metaspace       used 94201K, capacity 96988K, committed 97152K, reserved 1134592K
  class space    used 11330K, capacity 11814K, committed 11904K, reserved 1048576K
}
{Heap before GC invocations=57 (full 3):
 PSYoungGen      total 234496K, used 234240K [0x00000000d5580000, 0x00000000e7000000, 0x0000000100000000)
  eden space 226816K, 100% used [0x00000000d5580000,0x00000000e3300000,0x00000000e3300000)
  from space 7680K, 96% used [0x00000000e3980000,0x00000000e40c00e8,0x00000000e4100000)
  to   space 31232K, 0% used [0x00000000e5180000,0x00000000e5180000,0x00000000e7000000)
 ParOldGen       total 214528K, used 100776K [0x0000000080000000, 0x000000008d180000, 0x00000000d5580000)
  object space 214528K, 46% used [0x0000000080000000,0x000000008626a0f0,0x000000008d180000)
 Metaspace       used 94204K, capacity 96988K, committed 97152K, reserved 1134592K
  class space    used 11330K, capacity 11814K, committed 11904K, reserved 1048576K
2023-09-03T00:44:32.026+0600: 439038.520: [GC (Allocation Failure) [PSYoungGen: 234240K->7333K(243712K)] 335016K->108162K(458240K), 0.0236366 secs] [Times: user=0.04 sys=0.00, real=0.03 secs] 
Heap after GC invocations=57 (full 3):
 PSYoungGen      total 243712K, used 7333K [0x00000000d5580000, 0x00000000e6800000, 0x0000000100000000)
  eden space 220672K, 0% used [0x00000000d5580000,0x00000000d5580000,0x00000000e2d00000)
  from space 23040K, 31% used [0x00000000e5180000,0x00000000e58a9700,0x00000000e6800000)
  to   space 30208K, 0% used [0x00000000e2d00000,0x00000000e2d00000,0x00000000e4a80000)
 ParOldGen       total 214528K, used 100828K [0x0000000080000000, 0x000000008d180000, 0x00000000d5580000)
  object space 214528K, 47% used [0x0000000080000000,0x0000000086277120,0x000000008d180000)
 Metaspace       used 94204K, capacity 96988K, committed 97152K, reserved 1134592K
  class space    used 11330K, capacity 11814K, committed 11904K, reserved 1048576K
}
{Heap before GC invocations=58 (full 3):
 PSYoungGen      total 243712K, used 228005K [0x00000000d5580000, 0x00000000e6800000, 0x0000000100000000)
  eden space 220672K, 100% used [0x00000000d5580000,0x00000000e2d00000,0x00000000e2d00000)
  from space 23040K, 31% used [0x00000000e5180000,0x00000000e58a9700,0x00000000e6800000)
  to   space 30208K, 0% used [0x00000000e2d00000,0x00000000e2d00000,0x00000000e4a80000)
 ParOldGen       total 214528K, used 100828K [0x0000000080000000, 0x000000008d180000, 0x00000000d5580000)
  object space 214528K, 47% used [0x0000000080000000,0x0000000086277120,0x000000008d180000)
 Metaspace       used 94204K, capacity 96988K, committed 97152K, reserved 1134592K
  class space    used 11330K, capacity 11814K, committed 11904K, reserved 1048576K
2023-09-03T03:42:57.556+0600: 449744.051: [GC (Allocation Failure) [PSYoungGen: 228005K->4128K(219136K)] 328834K->104980K(433664K), 0.0241607 secs] [Times: user=0.04 sys=0.00, real=0.03 secs] 
Heap after GC invocations=58 (full 3):
 PSYoungGen      total 219136K, used 4128K [0x00000000d5580000, 0x00000000e6100000, 0x0000000100000000)
  eden space 214528K, 0% used [0x00000000d5580000,0x00000000d5580000,0x00000000e2700000)
  from space 4608K, 89% used [0x00000000e2d00000,0x00000000e3108000,0x00000000e3180000)
  to   space 29696K, 0% used [0x00000000e4400000,0x00000000e4400000,0x00000000e6100000)
 ParOldGen       total 214528K, used 100852K [0x0000000080000000, 0x000000008d180000, 0x00000000d5580000)
  object space 214528K, 47% used [0x0000000080000000,0x000000008627d120,0x000000008d180000)
 Metaspace       used 94204K, capacity 96988K, committed 97152K, reserved 1134592K
  class space    used 11330K, capacity 11814K, committed 11904K, reserved 1048576K
}
{Heap before GC invocations=59 (full 3):
 PSYoungGen      total 219136K, used 218656K [0x00000000d5580000, 0x00000000e6100000, 0x0000000100000000)
  eden space 214528K, 100% used [0x00000000d5580000,0x00000000e2700000,0x00000000e2700000)
  from space 4608K, 89% used [0x00000000e2d00000,0x00000000e3108000,0x00000000e3180000)
  to   space 29696K, 0% used [0x00000000e4400000,0x00000000e4400000,0x00000000e6100000)
 ParOldGen       total 214528K, used 100852K [0x0000000080000000, 0x000000008d180000, 0x00000000d5580000)
  object space 214528K, 47% used [0x0000000080000000,0x000000008627d120,0x000000008d180000)
 Metaspace       used 94209K, capacity 96988K, committed 97152K, reserved 1134592K
  class space    used 11330K, capacity 11814K, committed 11904K, reserved 1048576K
2023-09-03T06:38:32.796+0600: 460279.290: [GC (Allocation Failure) [PSYoungGen: 218656K->4080K(230912K)] 319508K->104932K(445440K), 0.0245929 secs] [Times: user=0.04 sys=0.00, real=0.03 secs] 
Heap after GC invocations=59 (full 3):
 PSYoungGen      total 230912K, used 4080K [0x00000000d5580000, 0x00000000e5980000, 0x0000000100000000)
  eden space 208896K, 0% used [0x00000000d5580000,0x00000000d5580000,0x00000000e2180000)
  from space 22016K, 18% used [0x00000000e4400000,0x00000000e47fc020,0x00000000e5980000)
  to   space 28672K, 0% used [0x00000000e2180000,0x00000000e2180000,0x00000000e3d80000)
 ParOldGen       total 214528K, used 100852K [0x0000000080000000, 0x000000008d180000, 0x00000000d5580000)
  object space 214528K, 47% used [0x0000000080000000,0x000000008627d120,0x000000008d180000)
 Metaspace       used 94209K, capacity 96988K, committed 97152K, reserved 1134592K
  class space    used 11330K, capacity 11814K, committed 11904K, reserved 1048576K
}
{Heap before GC invocations=60 (full 3):
 PSYoungGen      total 230912K, used 212976K [0x00000000d5580000, 0x00000000e5980000, 0x0000000100000000)
  eden space 208896K, 100% used [0x00000000d5580000,0x00000000e2180000,0x00000000e2180000)
  from space 22016K, 18% used [0x00000000e4400000,0x00000000e47fc020,0x00000000e5980000)
  to   space 28672K, 0% used [0x00000000e2180000,0x00000000e2180000,0x00000000e3d80000)
 ParOldGen       total 214528K, used 100852K [0x0000000080000000, 0x000000008d180000, 0x00000000d5580000)
  object space 214528K, 47% used [0x0000000080000000,0x000000008627d120,0x000000008d180000)
 Metaspace       used 94223K, capacity 97006K, committed 97152K, reserved 1134592K
  class space    used 11332K, capacity 11817K, committed 11904K, reserved 1048576K
2023-09-03T09:23:45.594+0600: 470192.089: [GC (Allocation Failure) [PSYoungGen: 212976K->4801K(208384K)] 313828K->105682K(422912K), 0.0182860 secs] [Times: user=0.04 sys=0.00, real=0.02 secs] 
Heap after GC invocations=60 (full 3):
 PSYoungGen      total 208384K, used 4801K [0x00000000d5580000, 0x00000000e5300000, 0x0000000100000000)
  eden space 203264K, 0% used [0x00000000d5580000,0x00000000d5580000,0x00000000e1c00000)
  from space 5120K, 93% used [0x00000000e2180000,0x00000000e26306e0,0x00000000e2680000)
  to   space 28160K, 0% used [0x00000000e3780000,0x00000000e3780000,0x00000000e5300000)
 ParOldGen       total 214528K, used 100880K [0x0000000080000000, 0x000000008d180000, 0x00000000d5580000)
  object space 214528K, 47% used [0x0000000080000000,0x0000000086284130,0x000000008d180000)
 Metaspace       used 94223K, capacity 97006K, committed 97152K, reserved 1134592K
  class space    used 11332K, capacity 11817K, committed 11904K, reserved 1048576K
}
{Heap before GC invocations=61 (full 3):
 PSYoungGen      total 208384K, used 208065K [0x00000000d5580000, 0x00000000e5300000, 0x0000000100000000)
  eden space 203264K, 100% used [0x00000000d5580000,0x00000000e1c00000,0x00000000e1c00000)
  from space 5120K, 93% used [0x00000000e2180000,0x00000000e26306e0,0x00000000e2680000)
  to   space 28160K, 0% used [0x00000000e3780000,0x00000000e3780000,0x00000000e5300000)
 ParOldGen       total 214528K, used 100880K [0x0000000080000000, 0x000000008d180000, 0x00000000d5580000)
  object space 214528K, 47% used [0x0000000080000000,0x0000000086284130,0x000000008d180000)
 Metaspace       used 94291K, capacity 97112K, committed 97408K, reserved 1134592K
  class space    used 11336K, capacity 11824K, committed 11904K, reserved 1048576K
2023-09-03T11:32:27.960+0600: 477914.455: [GC (Allocation Failure) [PSYoungGen: 208065K->7618K(217088K)] 308946K->108522K(431616K), 0.0192778 secs] [Times: user=0.03 sys=0.00, real=0.02 secs] 
Heap after GC invocations=61 (full 3):
 PSYoungGen      total 217088K, used 7618K [0x00000000d5580000, 0x00000000e4a80000, 0x0000000100000000)
  eden space 197632K, 0% used [0x00000000d5580000,0x00000000d5580000,0x00000000e1680000)
  from space 19456K, 39% used [0x00000000e3780000,0x00000000e3ef09d0,0x00000000e4a80000)
  to   space 26624K, 0% used [0x00000000e1680000,0x00000000e1680000,0x00000000e3080000)
 ParOldGen       total 214528K, used 100904K [0x0000000080000000, 0x000000008d180000, 0x00000000d5580000)
  object space 214528K, 47% used [0x0000000080000000,0x000000008628a130,0x000000008d180000)
 Metaspace       used 94291K, capacity 97112K, committed 97408K, reserved 1134592K
  class space    used 11336K, capacity 11824K, committed 11904K, reserved 1048576K
}
{Heap before GC invocations=62 (full 3):
 PSYoungGen      total 217088K, used 205250K [0x00000000d5580000, 0x00000000e4a80000, 0x0000000100000000)
  eden space 197632K, 100% used [0x00000000d5580000,0x00000000e1680000,0x00000000e1680000)
  from space 19456K, 39% used [0x00000000e3780000,0x00000000e3ef09d0,0x00000000e4a80000)
  to   space 26624K, 0% used [0x00000000e1680000,0x00000000e1680000,0x00000000e3080000)
 ParOldGen       total 214528K, used 100904K [0x0000000080000000, 0x000000008d180000, 0x00000000d5580000)
  object space 214528K, 47% used [0x0000000080000000,0x000000008628a130,0x000000008d180000)
 Metaspace       used 94375K, capacity 97196K, committed 97408K, reserved 1134592K
  class space    used 11345K, capacity 11838K, committed 11904K, reserved 1048576K
2023-09-03T12:56:45.881+0600: 482972.376: [GC (Allocation Failure) [PSYoungGen: 205250K->11537K(204288K)] 306154K->112481K(418816K), 0.0229981 secs] [Times: user=0.04 sys=0.00, real=0.02 secs] 
Heap after GC invocations=62 (full 3):
 PSYoungGen      total 204288K, used 11537K [0x00000000d5580000, 0x00000000e4380000, 0x0000000100000000)
  eden space 192512K, 0% used [0x00000000d5580000,0x00000000d5580000,0x00000000e1180000)
  from space 11776K, 97% used [0x00000000e1680000,0x00000000e21c4510,0x00000000e2200000)
  to   space 25600K, 0% used [0x00000000e2a80000,0x00000000e2a80000,0x00000000e4380000)
 ParOldGen       total 214528K, used 100944K [0x0000000080000000, 0x000000008d180000, 0x00000000d5580000)
  object space 214528K, 47% used [0x0000000080000000,0x0000000086294150,0x000000008d180000)
 Metaspace       used 94375K, capacity 97196K, committed 97408K, reserved 1134592K
  class space    used 11345K, capacity 11838K, committed 11904K, reserved 1048576K
}
{Heap before GC invocations=63 (full 3):
 PSYoungGen      total 204288K, used 204045K [0x00000000d5580000, 0x00000000e4380000, 0x0000000100000000)
  eden space 192512K, 99% used [0x00000000d5580000,0x00000000e117f278,0x00000000e1180000)
  from space 11776K, 97% used [0x00000000e1680000,0x00000000e21c4510,0x00000000e2200000)
  to   space 25600K, 0% used [0x00000000e2a80000,0x00000000e2a80000,0x00000000e4380000)
 ParOldGen       total 214528K, used 100944K [0x0000000080000000, 0x000000008d180000, 0x00000000d5580000)
  object space 214528K, 47% used [0x0000000080000000,0x0000000086294150,0x000000008d180000)
 Metaspace       used 94516K, capacity 97336K, committed 97408K, reserved 1134592K
  class space    used 11346K, capacity 11840K, committed 11904K, reserved 1048576K
2023-09-03T13:21:01.544+0600: 484428.039: [GC (Allocation Failure) [PSYoungGen: 204045K->12111K(206848K)] 304990K->113104K(421376K), 0.0241313 secs] [Times: user=0.03 sys=0.00, real=0.03 secs] 
Heap after GC invocations=63 (full 3):
 PSYoungGen      total 206848K, used 12111K [0x00000000d5580000, 0x00000000e3d80000, 0x0000000100000000)
  eden space 187392K, 0% used [0x00000000d5580000,0x00000000d5580000,0x00000000e0c80000)
  from space 19456K, 62% used [0x00000000e2a80000,0x00000000e3653f60,0x00000000e3d80000)
  to   space 25088K, 0% used [0x00000000e0c80000,0x00000000e0c80000,0x00000000e2500000)
 ParOldGen       total 214528K, used 100992K [0x0000000080000000, 0x000000008d180000, 0x00000000d5580000)
  object space 214528K, 47% used [0x0000000080000000,0x00000000862a0150,0x000000008d180000)
 Metaspace       used 94516K, capacity 97336K, committed 97408K, reserved 1134592K
  class space    used 11346K, capacity 11840K, committed 11904K, reserved 1048576K
}
{Heap before GC invocations=64 (full 3):
 PSYoungGen      total 206848K, used 199503K [0x00000000d5580000, 0x00000000e3d80000, 0x0000000100000000)
  eden space 187392K, 100% used [0x00000000d5580000,0x00000000e0c80000,0x00000000e0c80000)
  from space 19456K, 62% used [0x00000000e2a80000,0x00000000e3653f60,0x00000000e3d80000)
  to   space 25088K, 0% used [0x00000000e0c80000,0x00000000e0c80000,0x00000000e2500000)
 ParOldGen       total 214528K, used 100992K [0x0000000080000000, 0x000000008d180000, 0x00000000d5580000)
  object space 214528K, 47% used [0x0000000080000000,0x00000000862a0150,0x000000008d180000)
 Metaspace       used 94564K, capacity 97470K, committed 97664K, reserved 1134592K
  class space    used 11347K, capacity 11841K, committed 11904K, reserved 1048576K
2023-09-03T13:50:00.564+0600: 486167.059: [GC (Allocation Failure) [PSYoungGen: 199503K->12191K(195072K)] 300496K->113217K(409600K), 0.0283171 secs] [Times: user=0.05 sys=0.00, real=0.03 secs] 
Heap after GC invocations=64 (full 3):
 PSYoungGen      total 195072K, used 12191K [0x00000000d5580000, 0x00000000e3700000, 0x0000000100000000)
  eden space 182784K, 0% used [0x00000000d5580000,0x00000000d5580000,0x00000000e0800000)
  from space 12288K, 99% used [0x00000000e0c80000,0x00000000e1867dc0,0x00000000e1880000)
  to   space 24064K, 0% used [0x00000000e1f80000,0x00000000e1f80000,0x00000000e3700000)
 ParOldGen       total 214528K, used 101026K [0x0000000080000000, 0x000000008d180000, 0x00000000d5580000)
  object space 214528K, 47% used [0x0000000080000000,0x00000000862a8960,0x000000008d180000)
 Metaspace       used 94564K, capacity 97470K, committed 97664K, reserved 1134592K
  class space    used 11347K, capacity 11841K, committed 11904K, reserved 1048576K
}
{Heap before GC invocations=65 (full 3):
 PSYoungGen      total 195072K, used 194975K [0x00000000d5580000, 0x00000000e3700000, 0x0000000100000000)
  eden space 182784K, 100% used [0x00000000d5580000,0x00000000e0800000,0x00000000e0800000)
  from space 12288K, 99% used [0x00000000e0c80000,0x00000000e1867dc0,0x00000000e1880000)
  to   space 24064K, 0% used [0x00000000e1f80000,0x00000000e1f80000,0x00000000e3700000)
 ParOldGen       total 214528K, used 101026K [0x0000000080000000, 0x000000008d180000, 0x00000000d5580000)
  object space 214528K, 47% used [0x0000000080000000,0x00000000862a8960,0x000000008d180000)
 Metaspace       used 94628K, capacity 97536K, committed 97664K, reserved 1134592K
  class space    used 11353K, capacity 11852K, committed 11904K, reserved 1048576K
2023-09-03T14:14:58.965+0600: 487665.459: [GC (Allocation Failure) [PSYoungGen: 194975K->9831K(195584K)] 296001K->110858K(410112K), 0.0168288 secs] [Times: user=0.02 sys=0.00, real=0.02 secs] 
Heap after GC invocations=65 (full 3):
 PSYoungGen      total 195584K, used 9831K [0x00000000d5580000, 0x00000000e3080000, 0x0000000100000000)
  eden space 178176K, 0% used [0x00000000d5580000,0x00000000d5580000,0x00000000e0380000)
  from space 17408K, 56% used [0x00000000e1f80000,0x00000000e2919f50,0x00000000e3080000)
  to   space 23040K, 0% used [0x00000000e0380000,0x00000000e0380000,0x00000000e1a00000)
 ParOldGen       total 214528K, used 101026K [0x0000000080000000, 0x000000008d180000, 0x00000000d5580000)
  object space 214528K, 47% used [0x0000000080000000,0x00000000862a8960,0x000000008d180000)
 Metaspace       used 94628K, capacity 97536K, committed 97664K, reserved 1134592K
  class space    used 11353K, capacity 11852K, committed 11904K, reserved 1048576K
}
{Heap before GC invocations=66 (full 3):
 PSYoungGen      total 195584K, used 188007K [0x00000000d5580000, 0x00000000e3080000, 0x0000000100000000)
  eden space 178176K, 100% used [0x00000000d5580000,0x00000000e0380000,0x00000000e0380000)
  from space 17408K, 56% used [0x00000000e1f80000,0x00000000e2919f50,0x00000000e3080000)
  to   space 23040K, 0% used [0x00000000e0380000,0x00000000e0380000,0x00000000e1a00000)
 ParOldGen       total 214528K, used 101026K [0x0000000080000000, 0x000000008d180000, 0x00000000d5580000)
  object space 214528K, 47% used [0x0000000080000000,0x00000000862a8960,0x000000008d180000)
 Metaspace       used 94694K, capacity 97660K, committed 97920K, reserved 1134592K
  class space    used 11359K, capacity 11862K, committed 11904K, reserved 1048576K
2023-09-03T14:46:10.237+0600: 489536.731: [GC (Allocation Failure) [PSYoungGen: 188007K->12646K(186368K)] 289034K->113681K(400896K), 0.0189055 secs] [Times: user=0.03 sys=0.00, real=0.02 secs] 
Heap after GC invocations=66 (full 3):
 PSYoungGen      total 186368K, used 12646K [0x00000000d5580000, 0x00000000e2b00000, 0x0000000100000000)
  eden space 173568K, 0% used [0x00000000d5580000,0x00000000d5580000,0x00000000dff00000)
  from space 12800K, 98% used [0x00000000e0380000,0x00000000e0fd9b20,0x00000000e1000000)
  to   space 22528K, 0% used [0x00000000e1500000,0x00000000e1500000,0x00000000e2b00000)
 ParOldGen       total 214528K, used 101034K [0x0000000080000000, 0x000000008d180000, 0x00000000d5580000)
  object space 214528K, 47% used [0x0000000080000000,0x00000000862aa960,0x000000008d180000)
 Metaspace       used 94694K, capacity 97660K, committed 97920K, reserved 1134592K
  class space    used 11359K, capacity 11862K, committed 11904K, reserved 1048576K
}
{Heap before GC invocations=67 (full 3):
 PSYoungGen      total 186368K, used 186214K [0x00000000d5580000, 0x00000000e2b00000, 0x0000000100000000)
  eden space 173568K, 99% used [0x00000000d5580000,0x00000000dfefffb0,0x00000000dff00000)
  from space 12800K, 98% used [0x00000000e0380000,0x00000000e0fd9b20,0x00000000e1000000)
  to   space 22528K, 0% used [0x00000000e1500000,0x00000000e1500000,0x00000000e2b00000)
 ParOldGen       total 214528K, used 101034K [0x0000000080000000, 0x000000008d180000, 0x00000000d5580000)
  object space 214528K, 47% used [0x0000000080000000,0x00000000862aa960,0x000000008d180000)
 Metaspace       used 94733K, capacity 97660K, committed 97920K, reserved 1134592K
  class space    used 11359K, capacity 11862K, committed 11904K, reserved 1048576K
2023-09-03T15:59:53.680+0600: 493960.174: [GC (Allocation Failure) [PSYoungGen: 186214K->14373K(188928K)] 287249K->115564K(403456K), 0.0187334 secs] [Times: user=0.03 sys=0.00, real=0.02 secs] 
Heap after GC invocations=67 (full 3):
 PSYoungGen      total 188928K, used 14373K [0x00000000d5580000, 0x00000000e2800000, 0x0000000100000000)
  eden space 169472K, 0% used [0x00000000d5580000,0x00000000d5580000,0x00000000dfb00000)
  from space 19456K, 73% used [0x00000000e1500000,0x00000000e2309750,0x00000000e2800000)
  to   space 23040K, 0% used [0x00000000dfb00000,0x00000000dfb00000,0x00000000e1180000)
 ParOldGen       total 214528K, used 101190K [0x0000000080000000, 0x000000008d180000, 0x00000000d5580000)
  object space 214528K, 47% used [0x0000000080000000,0x00000000862d1970,0x000000008d180000)
 Metaspace       used 94733K, capacity 97660K, committed 97920K, reserved 1134592K
  class space    used 11359K, capacity 11862K, committed 11904K, reserved 1048576K
}
{Heap before GC invocations=68 (full 3):
 PSYoungGen      total 188928K, used 183845K [0x00000000d5580000, 0x00000000e2800000, 0x0000000100000000)
  eden space 169472K, 100% used [0x00000000d5580000,0x00000000dfb00000,0x00000000dfb00000)
  from space 19456K, 73% used [0x00000000e1500000,0x00000000e2309750,0x00000000e2800000)
  to   space 23040K, 0% used [0x00000000dfb00000,0x00000000dfb00000,0x00000000e1180000)
 ParOldGen       total 214528K, used 101190K [0x0000000080000000, 0x000000008d180000, 0x00000000d5580000)
  object space 214528K, 47% used [0x0000000080000000,0x00000000862d1970,0x000000008d180000)
 Metaspace       used 94742K, capacity 97660K, committed 97920K, reserved 1134592K
  class space    used 11360K, capacity 11862K, committed 11904K, reserved 1048576K
2023-09-03T16:31:35.098+0600: 495861.592: [GC (Allocation Failure) [PSYoungGen: 183845K->9526K(175104K)] 285036K->110996K(389632K), 0.0204240 secs] [Times: user=0.04 sys=0.00, real=0.02 secs] 
Heap after GC invocations=68 (full 3):
 PSYoungGen      total 175104K, used 9526K [0x00000000d5580000, 0x00000000e2200000, 0x0000000100000000)
  eden space 165376K, 0% used [0x00000000d5580000,0x00000000d5580000,0x00000000df700000)
  from space 9728K, 97% used [0x00000000dfb00000,0x00000000e044d890,0x00000000e0480000)
  to   space 22016K, 0% used [0x00000000e0c80000,0x00000000e0c80000,0x00000000e2200000)
 ParOldGen       total 214528K, used 101470K [0x0000000080000000, 0x000000008d180000, 0x00000000d5580000)
  object space 214528K, 47% used [0x0000000080000000,0x0000000086317a00,0x000000008d180000)
 Metaspace       used 94742K, capacity 97660K, committed 97920K, reserved 1134592K
  class space    used 11360K, capacity 11862K, committed 11904K, reserved 1048576K
}
{Heap before GC invocations=69 (full 3):
 PSYoungGen      total 175104K, used 174902K [0x00000000d5580000, 0x00000000e2200000, 0x0000000100000000)
  eden space 165376K, 100% used [0x00000000d5580000,0x00000000df700000,0x00000000df700000)
  from space 9728K, 97% used [0x00000000dfb00000,0x00000000e044d890,0x00000000e0480000)
  to   space 22016K, 0% used [0x00000000e0c80000,0x00000000e0c80000,0x00000000e2200000)
 ParOldGen       total 214528K, used 101470K [0x0000000080000000, 0x000000008d180000, 0x00000000d5580000)
  object space 214528K, 47% used [0x0000000080000000,0x0000000086317a00,0x000000008d180000)
 Metaspace       used 94782K, capacity 97730K, committed 97920K, reserved 1134592K
  class space    used 11360K, capacity 11863K, committed 11904K, reserved 1048576K
2023-09-03T17:05:22.655+0600: 497889.150: [GC (Allocation Failure) [PSYoungGen: 174902K->11049K(177152K)] 276372K->112568K(391680K), 0.0215246 secs] [Times: user=0.03 sys=0.00, real=0.02 secs] 
Heap after GC invocations=69 (full 3):
 PSYoungGen      total 177152K, used 11049K [0x00000000d5580000, 0x00000000e1c00000, 0x0000000100000000)
  eden space 161280K, 0% used [0x00000000d5580000,0x00000000d5580000,0x00000000df300000)
  from space 15872K, 69% used [0x00000000e0c80000,0x00000000e174a620,0x00000000e1c00000)
  to   space 20992K, 0% used [0x00000000df300000,0x00000000df300000,0x00000000e0780000)
 ParOldGen       total 214528K, used 101518K [0x0000000080000000, 0x000000008d180000, 0x00000000d5580000)
  object space 214528K, 47% used [0x0000000080000000,0x0000000086323a00,0x000000008d180000)
 Metaspace       used 94782K, capacity 97730K, committed 97920K, reserved 1134592K
  class space    used 11360K, capacity 11863K, committed 11904K, reserved 1048576K
}
{Heap before GC invocations=70 (full 3):
 PSYoungGen      total 177152K, used 172329K [0x00000000d5580000, 0x00000000e1c00000, 0x0000000100000000)
  eden space 161280K, 100% used [0x00000000d5580000,0x00000000df300000,0x00000000df300000)
  from space 15872K, 69% used [0x00000000e0c80000,0x00000000e174a620,0x00000000e1c00000)
  to   space 20992K, 0% used [0x00000000df300000,0x00000000df300000,0x00000000e0780000)
 ParOldGen       total 214528K, used 101518K [0x0000000080000000, 0x000000008d180000, 0x00000000d5580000)
  object space 214528K, 47% used [0x0000000080000000,0x0000000086323a00,0x000000008d180000)
 Metaspace       used 94812K, capacity 97730K, committed 97920K, reserved 1134592K
  class space    used 11360K, capacity 11863K, committed 11904K, reserved 1048576K
2023-09-03T17:20:38.437+0600: 498804.931: [GC (Allocation Failure) [PSYoungGen: 172329K->10906K(168960K)] 273848K->112456K(383488K), 0.0242729 secs] [Times: user=0.04 sys=0.00, real=0.03 secs] 
Heap after GC invocations=70 (full 3):
 PSYoungGen      total 168960K, used 10906K [0x00000000d5580000, 0x00000000e1680000, 0x0000000100000000)
  eden space 157696K, 0% used [0x00000000d5580000,0x00000000d5580000,0x00000000def80000)
  from space 11264K, 96% used [0x00000000df300000,0x00000000dfda6980,0x00000000dfe00000)
  to   space 19968K, 0% used [0x00000000e0300000,0x00000000e0300000,0x00000000e1680000)
 ParOldGen       total 214528K, used 101550K [0x0000000080000000, 0x000000008d180000, 0x00000000d5580000)
  object space 214528K, 47% used [0x0000000080000000,0x000000008632ba00,0x000000008d180000)
 Metaspace       used 94812K, capacity 97730K, committed 97920K, reserved 1134592K
  class space    used 11360K, capacity 11863K, committed 11904K, reserved 1048576K
}
{Heap before GC invocations=71 (full 3):
 PSYoungGen      total 168960K, used 168602K [0x00000000d5580000, 0x00000000e1680000, 0x0000000100000000)
  eden space 157696K, 100% used [0x00000000d5580000,0x00000000def80000,0x00000000def80000)
  from space 11264K, 96% used [0x00000000df300000,0x00000000dfda6980,0x00000000dfe00000)
  to   space 19968K, 0% used [0x00000000e0300000,0x00000000e0300000,0x00000000e1680000)
 ParOldGen       total 214528K, used 101550K [0x0000000080000000, 0x000000008d180000, 0x00000000d5580000)
  object space 214528K, 47% used [0x0000000080000000,0x000000008632ba00,0x000000008d180000)
 Metaspace       used 94816K, capacity 97730K, committed 97920K, reserved 1134592K
  class space    used 11360K, capacity 11863K, committed 11904K, reserved 1048576K
2023-09-03T18:24:34.521+0600: 502641.015: [GC (Allocation Failure) [PSYoungGen: 168602K->10030K(169472K)] 270152K->111625K(384000K), 0.0260160 secs] [Times: user=0.04 sys=0.00, real=0.02 secs] 
Heap after GC invocations=71 (full 3):
 PSYoungGen      total 169472K, used 10030K [0x00000000d5580000, 0x00000000e1200000, 0x0000000100000000)
  eden space 154112K, 0% used [0x00000000d5580000,0x00000000d5580000,0x00000000dec00000)
  from space 15360K, 65% used [0x00000000e0300000,0x00000000e0ccbb10,0x00000000e1200000)
  to   space 19456K, 0% used [0x00000000dec00000,0x00000000dec00000,0x00000000dff00000)
 ParOldGen       total 214528K, used 101594K [0x0000000080000000, 0x000000008d180000, 0x00000000d5580000)
  object space 214528K, 47% used [0x0000000080000000,0x0000000086336a10,0x000000008d180000)
 Metaspace       used 94816K, capacity 97730K, committed 97920K, reserved 1134592K
  class space    used 11360K, capacity 11863K, committed 11904K, reserved 1048576K
}
{Heap before GC invocations=72 (full 3):
 PSYoungGen      total 169472K, used 164142K [0x00000000d5580000, 0x00000000e1200000, 0x0000000100000000)
  eden space 154112K, 100% used [0x00000000d5580000,0x00000000dec00000,0x00000000dec00000)
  from space 15360K, 65% used [0x00000000e0300000,0x00000000e0ccbb10,0x00000000e1200000)
  to   space 19456K, 0% used [0x00000000dec00000,0x00000000dec00000,0x00000000dff00000)
 ParOldGen       total 214528K, used 101594K [0x0000000080000000, 0x000000008d180000, 0x00000000d5580000)
  object space 214528K, 47% used [0x0000000080000000,0x0000000086336a10,0x000000008d180000)
 Metaspace       used 94824K, capacity 97730K, committed 97920K, reserved 1134592K
  class space    used 11360K, capacity 11863K, committed 11904K, reserved 1048576K
2023-09-03T18:52:35.530+0600: 504322.024: [GC (Allocation Failure) [PSYoungGen: 164142K->11228K(161792K)] 265737K->112838K(376320K), 0.0279875 secs] [Times: user=0.05 sys=0.00, real=0.02 secs] 
Heap after GC invocations=72 (full 3):
 PSYoungGen      total 161792K, used 11228K [0x00000000d5580000, 0x00000000e0c80000, 0x0000000100000000)
  eden space 150528K, 0% used [0x00000000d5580000,0x00000000d5580000,0x00000000de880000)
  from space 11264K, 99% used [0x00000000dec00000,0x00000000df6f7070,0x00000000df700000)
  to   space 18432K, 0% used [0x00000000dfa80000,0x00000000dfa80000,0x00000000e0c80000)
 ParOldGen       total 214528K, used 101610K [0x0000000080000000, 0x000000008d180000, 0x00000000d5580000)
  object space 214528K, 47% used [0x0000000080000000,0x000000008633aa10,0x000000008d180000)
 Metaspace       used 94824K, capacity 97730K, committed 97920K, reserved 1134592K
  class space    used 11360K, capacity 11863K, committed 11904K, reserved 1048576K
}
{Heap before GC invocations=73 (full 3):
 PSYoungGen      total 161792K, used 161749K [0x00000000d5580000, 0x00000000e0c80000, 0x0000000100000000)
  eden space 150528K, 99% used [0x00000000d5580000,0x00000000de87e510,0x00000000de880000)
  from space 11264K, 99% used [0x00000000dec00000,0x00000000df6f7070,0x00000000df700000)
  to   space 18432K, 0% used [0x00000000dfa80000,0x00000000dfa80000,0x00000000e0c80000)
 ParOldGen       total 214528K, used 101610K [0x0000000080000000, 0x000000008d180000, 0x00000000d5580000)
  object space 214528K, 47% used [0x0000000080000000,0x000000008633aa10,0x000000008d180000)
 Metaspace       used 94838K, capacity 97736K, committed 97920K, reserved 1134592K
  class space    used 11361K, capacity 11864K, committed 11904K, reserved 1048576K
2023-09-03T20:31:03.182+0600: 510229.677: [GC (Allocation Failure) [PSYoungGen: 161749K->8996K(161792K)] 263359K->110615K(376320K), 0.0240758 secs] [Times: user=0.04 sys=0.00, real=0.02 secs] 
Heap after GC invocations=73 (full 3):
 PSYoungGen      total 161792K, used 8996K [0x00000000d5580000, 0x00000000e0900000, 0x0000000100000000)
  eden space 146944K, 0% used [0x00000000d5580000,0x00000000d5580000,0x00000000de500000)
  from space 14848K, 60% used [0x00000000dfa80000,0x00000000e03493f0,0x00000000e0900000)
  to   space 18432K, 0% used [0x00000000de500000,0x00000000de500000,0x00000000df700000)
 ParOldGen       total 214528K, used 101618K [0x0000000080000000, 0x000000008d180000, 0x00000000d5580000)
  object space 214528K, 47% used [0x0000000080000000,0x000000008633ca10,0x000000008d180000)
 Metaspace       used 94838K, capacity 97736K, committed 97920K, reserved 1134592K
  class space    used 11361K, capacity 11864K, committed 11904K, reserved 1048576K
}
{Heap before GC invocations=74 (full 3):
 PSYoungGen      total 161792K, used 155940K [0x00000000d5580000, 0x00000000e0900000, 0x0000000100000000)
  eden space 146944K, 100% used [0x00000000d5580000,0x00000000de500000,0x00000000de500000)
  from space 14848K, 60% used [0x00000000dfa80000,0x00000000e03493f0,0x00000000e0900000)
  to   space 18432K, 0% used [0x00000000de500000,0x00000000de500000,0x00000000df700000)
 ParOldGen       total 214528K, used 101618K [0x0000000080000000, 0x000000008d180000, 0x00000000d5580000)
  object space 214528K, 47% used [0x0000000080000000,0x000000008633ca10,0x000000008d180000)
 Metaspace       used 94839K, capacity 97736K, committed 97920K, reserved 1134592K
  class space    used 11361K, capacity 11864K, committed 11904K, reserved 1048576K
2023-09-03T22:26:41.843+0600: 517168.337: [GC (Allocation Failure) [PSYoungGen: 155940K->4593K(148480K)] 257559K->106227K(363008K), 0.0204009 secs] [Times: user=0.03 sys=0.00, real=0.02 secs] 
Heap after GC invocations=74 (full 3):
 PSYoungGen      total 148480K, used 4593K [0x00000000d5580000, 0x00000000e0600000, 0x0000000100000000)
  eden space 143872K, 0% used [0x00000000d5580000,0x00000000d5580000,0x00000000de200000)
  from space 4608K, 99% used [0x00000000de500000,0x00000000de97c4a0,0x00000000de980000)
  to   space 18432K, 0% used [0x00000000df400000,0x00000000df400000,0x00000000e0600000)
 ParOldGen       total 214528K, used 101634K [0x0000000080000000, 0x000000008d180000, 0x00000000d5580000)
  object space 214528K, 47% used [0x0000000080000000,0x0000000086340a10,0x000000008d180000)
 Metaspace       used 94839K, capacity 97736K, committed 97920K, reserved 1134592K
  class space    used 11361K, capacity 11864K, committed 11904K, reserved 1048576K
}
{Heap before GC invocations=75 (full 3):
 PSYoungGen      total 148480K, used 148465K [0x00000000d5580000, 0x00000000e0600000, 0x0000000100000000)
  eden space 143872K, 100% used [0x00000000d5580000,0x00000000de200000,0x00000000de200000)
  from space 4608K, 99% used [0x00000000de500000,0x00000000de97c4a0,0x00000000de980000)
  to   space 18432K, 0% used [0x00000000df400000,0x00000000df400000,0x00000000e0600000)
 ParOldGen       total 214528K, used 101634K [0x0000000080000000, 0x000000008d180000, 0x00000000d5580000)
  object space 214528K, 47% used [0x0000000080000000,0x0000000086340a10,0x000000008d180000)
 Metaspace       used 94860K, capacity 97806K, committed 97920K, reserved 1134592K
  class space    used 11361K, capacity 11865K, committed 11904K, reserved 1048576K
2023-09-03T23:22:29.353+0600: 520515.848: [GC (Allocation Failure) [PSYoungGen: 148465K->8366K(155136K)] 250099K->110016K(369664K), 0.0188810 secs] [Times: user=0.03 sys=0.00, real=0.02 secs] 
Heap after GC invocations=75 (full 3):
 PSYoungGen      total 155136K, used 8366K [0x00000000d5580000, 0x00000000e0200000, 0x0000000100000000)
  eden space 140800K, 0% used [0x00000000d5580000,0x00000000d5580000,0x00000000ddf00000)
  from space 14336K, 58% used [0x00000000df400000,0x00000000dfc2b900,0x00000000e0200000)
  to   space 17920K, 0% used [0x00000000ddf00000,0x00000000ddf00000,0x00000000df080000)
 ParOldGen       total 214528K, used 101650K [0x0000000080000000, 0x000000008d180000, 0x00000000d5580000)
  object space 214528K, 47% used [0x0000000080000000,0x0000000086344a10,0x000000008d180000)
 Metaspace       used 94860K, capacity 97806K, committed 97920K, reserved 1134592K
  class space    used 11361K, capacity 11865K, committed 11904K, reserved 1048576K
}
{Heap before GC invocations=76 (full 3):
 PSYoungGen      total 155136K, used 149166K [0x00000000d5580000, 0x00000000e0200000, 0x0000000100000000)
  eden space 140800K, 100% used [0x00000000d5580000,0x00000000ddf00000,0x00000000ddf00000)
  from space 14336K, 58% used [0x00000000df400000,0x00000000dfc2b900,0x00000000e0200000)
  to   space 17920K, 0% used [0x00000000ddf00000,0x00000000ddf00000,0x00000000df080000)
 ParOldGen       total 214528K, used 101650K [0x0000000080000000, 0x000000008d180000, 0x00000000d5580000)
  object space 214528K, 47% used [0x0000000080000000,0x0000000086344a10,0x000000008d180000)
 Metaspace       used 94887K, capacity 97806K, committed 97920K, reserved 1134592K
  class space    used 11361K, capacity 11865K, committed 11904K, reserved 1048576K
2023-09-04T00:03:25.742+0600: 522972.237: [GC (Allocation Failure) [PSYoungGen: 149166K->9168K(146944K)] 250816K->111038K(361472K), 0.0179113 secs] [Times: user=0.02 sys=0.00, real=0.02 secs] 
Heap after GC invocations=76 (full 3):
 PSYoungGen      total 146944K, used 9168K [0x00000000d5580000, 0x00000000dfe00000, 0x0000000100000000)
  eden space 137728K, 0% used [0x00000000d5580000,0x00000000d5580000,0x00000000ddc00000)
  from space 9216K, 99% used [0x00000000ddf00000,0x00000000de7f4340,0x00000000de800000)
  to   space 17408K, 0% used [0x00000000ded00000,0x00000000ded00000,0x00000000dfe00000)
 ParOldGen       total 214528K, used 101869K [0x0000000080000000, 0x000000008d180000, 0x00000000d5580000)
  object space 214528K, 47% used [0x0000000080000000,0x000000008637b628,0x000000008d180000)
 Metaspace       used 94887K, capacity 97806K, committed 97920K, reserved 1134592K
  class space    used 11361K, capacity 11865K, committed 11904K, reserved 1048576K
}
{Heap before GC invocations=77 (full 3):
 PSYoungGen      total 146944K, used 146896K [0x00000000d5580000, 0x00000000dfe00000, 0x0000000100000000)
  eden space 137728K, 100% used [0x00000000d5580000,0x00000000ddc00000,0x00000000ddc00000)
  from space 9216K, 99% used [0x00000000ddf00000,0x00000000de7f4340,0x00000000de800000)
  to   space 17408K, 0% used [0x00000000ded00000,0x00000000ded00000,0x00000000dfe00000)
 ParOldGen       total 214528K, used 101869K [0x0000000080000000, 0x000000008d180000, 0x00000000d5580000)
  object space 214528K, 47% used [0x0000000080000000,0x000000008637b628,0x000000008d180000)
 Metaspace       used 94889K, capacity 97806K, committed 97920K, reserved 1134592K
  class space    used 11361K, capacity 11865K, committed 11904K, reserved 1048576K
2023-09-04T00:58:38.495+0600: 526284.989: [GC (Allocation Failure) [PSYoungGen: 146896K->7777K(147968K)] 248766K->109734K(362496K), 0.0203466 secs] [Times: user=0.03 sys=0.00, real=0.02 secs] 
Heap after GC invocations=77 (full 3):
 PSYoungGen      total 147968K, used 7777K [0x00000000d5580000, 0x00000000dfa00000, 0x0000000100000000)
  eden space 134656K, 0% used [0x00000000d5580000,0x00000000d5580000,0x00000000dd900000)
  from space 13312K, 58% used [0x00000000ded00000,0x00000000df4984b0,0x00000000dfa00000)
  to   space 16896K, 0% used [0x00000000dd900000,0x00000000dd900000,0x00000000de980000)
 ParOldGen       total 214528K, used 101956K [0x0000000080000000, 0x000000008d180000, 0x00000000d5580000)
  object space 214528K, 47% used [0x0000000080000000,0x0000000086391368,0x000000008d180000)
 Metaspace       used 94889K, capacity 97806K, committed 97920K, reserved 1134592K
  class space    used 11361K, capacity 11865K, committed 11904K, reserved 1048576K
}
{Heap before GC invocations=78 (full 3):
 PSYoungGen      total 147968K, used 142427K [0x00000000d5580000, 0x00000000dfa00000, 0x0000000100000000)
  eden space 134656K, 99% used [0x00000000d5580000,0x00000000dd8fe870,0x00000000dd900000)
  from space 13312K, 58% used [0x00000000ded00000,0x00000000df4984b0,0x00000000dfa00000)
  to   space 16896K, 0% used [0x00000000dd900000,0x00000000dd900000,0x00000000de980000)
 ParOldGen       total 214528K, used 101956K [0x0000000080000000, 0x000000008d180000, 0x00000000d5580000)
  object space 214528K, 47% used [0x0000000080000000,0x0000000086391368,0x000000008d180000)
 Metaspace       used 94889K, capacity 97806K, committed 97920K, reserved 1134592K
  class space    used 11361K, capacity 11865K, committed 11904K, reserved 1048576K
2023-09-04T01:36:44.359+0600: 528570.853: [GC (Allocation Failure) [PSYoungGen: 142427K->8497K(140288K)] 244384K->110486K(354816K), 0.0186847 secs] [Times: user=0.03 sys=0.00, real=0.01 secs] 
Heap after GC invocations=78 (full 3):
 PSYoungGen      total 140288K, used 8497K [0x00000000d5580000, 0x00000000df600000, 0x0000000100000000)
  eden space 131584K, 0% used [0x00000000d5580000,0x00000000d5580000,0x00000000dd600000)
  from space 8704K, 97% used [0x00000000dd900000,0x00000000de14c610,0x00000000de180000)
  to   space 16384K, 0% used [0x00000000de600000,0x00000000de600000,0x00000000df600000)
 ParOldGen       total 214528K, used 101988K [0x0000000080000000, 0x000000008d180000, 0x00000000d5580000)
  object space 214528K, 47% used [0x0000000080000000,0x00000000863992b8,0x000000008d180000)
 Metaspace       used 94889K, capacity 97806K, committed 97920K, reserved 1134592K
  class space    used 11361K, capacity 11865K, committed 11904K, reserved 1048576K
}
{Heap before GC invocations=79 (full 3):
 PSYoungGen      total 140288K, used 140081K [0x00000000d5580000, 0x00000000df600000, 0x0000000100000000)
  eden space 131584K, 100% used [0x00000000d5580000,0x00000000dd600000,0x00000000dd600000)
  from space 8704K, 97% used [0x00000000dd900000,0x00000000de14c610,0x00000000de180000)
  to   space 16384K, 0% used [0x00000000de600000,0x00000000de600000,0x00000000df600000)
 ParOldGen       total 214528K, used 101988K [0x0000000080000000, 0x000000008d180000, 0x00000000d5580000)
  object space 214528K, 47% used [0x0000000080000000,0x00000000863992b8,0x000000008d180000)
 Metaspace       used 94898K, capacity 97806K, committed 97920K, reserved 1134592K
  class space    used 11361K, capacity 11865K, committed 11904K, reserved 1048576K
2023-09-04T02:25:30.781+0600: 531497.276: [GC (Allocation Failure) [PSYoungGen: 140081K->8285K(141824K)] 242070K->110314K(356352K), 0.0189352 secs] [Times: user=0.03 sys=0.00, real=0.02 secs] 
Heap after GC invocations=79 (full 3):
 PSYoungGen      total 141824K, used 8285K [0x00000000d5580000, 0x00000000df280000, 0x0000000100000000)
  eden space 129024K, 0% used [0x00000000d5580000,0x00000000d5580000,0x00000000dd380000)
  from space 12800K, 64% used [0x00000000de600000,0x00000000dee176e0,0x00000000df280000)
  to   space 15872K, 0% used [0x00000000dd380000,0x00000000dd380000,0x00000000de300000)
 ParOldGen       total 214528K, used 102028K [0x0000000080000000, 0x000000008d180000, 0x00000000d5580000)
  object space 214528K, 47% used [0x0000000080000000,0x00000000863a3208,0x000000008d180000)
 Metaspace       used 94898K, capacity 97806K, committed 97920K, reserved 1134592K
  class space    used 11361K, capacity 11865K, committed 11904K, reserved 1048576K
}
{Heap before GC invocations=80 (full 3):
 PSYoungGen      total 141824K, used 137309K [0x00000000d5580000, 0x00000000df280000, 0x0000000100000000)
  eden space 129024K, 100% used [0x00000000d5580000,0x00000000dd380000,0x00000000dd380000)
  from space 12800K, 64% used [0x00000000de600000,0x00000000dee176e0,0x00000000df280000)
  to   space 15872K, 0% used [0x00000000dd380000,0x00000000dd380000,0x00000000de300000)
 ParOldGen       total 214528K, used 102028K [0x0000000080000000, 0x000000008d180000, 0x00000000d5580000)
  object space 214528K, 47% used [0x0000000080000000,0x00000000863a3208,0x000000008d180000)
 Metaspace       used 94900K, capacity 97806K, committed 97920K, reserved 1134592K
  class space    used 11361K, capacity 11865K, committed 11904K, reserved 1048576K
2023-09-04T04:15:38.085+0600: 538104.579: [GC (Allocation Failure) [PSYoungGen: 137309K->3232K(130048K)] 239338K->105284K(344576K), 0.0198071 secs] [Times: user=0.03 sys=0.00, real=0.02 secs] 
Heap after GC invocations=80 (full 3):
 PSYoungGen      total 130048K, used 3232K [0x00000000d5580000, 0x00000000df100000, 0x0000000100000000)
  eden space 126464K, 0% used [0x00000000d5580000,0x00000000d5580000,0x00000000dd100000)
  from space 3584K, 90% used [0x00000000dd380000,0x00000000dd6a8000,0x00000000dd700000)
  to   space 16384K, 0% used [0x00000000de100000,0x00000000de100000,0x00000000df100000)
 ParOldGen       total 214528K, used 102052K [0x0000000080000000, 0x000000008d180000, 0x00000000d5580000)
  object space 214528K, 47% used [0x0000000080000000,0x00000000863a9208,0x000000008d180000)
 Metaspace       used 94900K, capacity 97806K, committed 97920K, reserved 1134592K
  class space    used 11361K, capacity 11865K, committed 11904K, reserved 1048576K
}
{Heap before GC invocations=81 (full 3):
 PSYoungGen      total 130048K, used 129696K [0x00000000d5580000, 0x00000000df100000, 0x0000000100000000)
  eden space 126464K, 100% used [0x00000000d5580000,0x00000000dd100000,0x00000000dd100000)
  from space 3584K, 90% used [0x00000000dd380000,0x00000000dd6a8000,0x00000000dd700000)
  to   space 16384K, 0% used [0x00000000de100000,0x00000000de100000,0x00000000df100000)
 ParOldGen       total 214528K, used 102052K [0x0000000080000000, 0x000000008d180000, 0x00000000d5580000)
  object space 214528K, 47% used [0x0000000080000000,0x00000000863a9208,0x000000008d180000)
 Metaspace       used 94900K, capacity 97806K, committed 97920K, reserved 1134592K
  class space    used 11361K, capacity 11865K, committed 11904K, reserved 1048576K
2023-09-04T05:54:16.798+0600: 544023.292: [GC (Allocation Failure) [PSYoungGen: 129696K->3200K(137728K)] 231748K->105324K(352256K), 0.0160226 secs] [Times: user=0.03 sys=0.00, real=0.02 secs] 
Heap after GC invocations=81 (full 3):
 PSYoungGen      total 137728K, used 3200K [0x00000000d5580000, 0x00000000dee80000, 0x0000000100000000)
  eden space 123904K, 0% used [0x00000000d5580000,0x00000000d5580000,0x00000000dce80000)
  from space 13824K, 23% used [0x00000000de100000,0x00000000de420000,0x00000000dee80000)
  to   space 16384K, 0% used [0x00000000dce80000,0x00000000dce80000,0x00000000dde80000)
 ParOldGen       total 214528K, used 102124K [0x0000000080000000, 0x000000008d180000, 0x00000000d5580000)
  object space 214528K, 47% used [0x0000000080000000,0x00000000863bb0a8,0x000000008d180000)
 Metaspace       used 94900K, capacity 97806K, committed 97920K, reserved 1134592K
  class space    used 11361K, capacity 11865K, committed 11904K, reserved 1048576K
}
{Heap before GC invocations=82 (full 3):
 PSYoungGen      total 137728K, used 127104K [0x00000000d5580000, 0x00000000dee80000, 0x0000000100000000)
  eden space 123904K, 100% used [0x00000000d5580000,0x00000000dce80000,0x00000000dce80000)
  from space 13824K, 23% used [0x00000000de100000,0x00000000de420000,0x00000000dee80000)
  to   space 16384K, 0% used [0x00000000dce80000,0x00000000dce80000,0x00000000dde80000)
 ParOldGen       total 214528K, used 102124K [0x0000000080000000, 0x000000008d180000, 0x00000000d5580000)
  object space 214528K, 47% used [0x0000000080000000,0x00000000863bb0a8,0x000000008d180000)
 Metaspace       used 94900K, capacity 97806K, committed 97920K, reserved 1134592K
  class space    used 11361K, capacity 11865K, committed 11904K, reserved 1048576K
2023-09-04T07:37:38.173+0600: 550224.668: [GC (Allocation Failure) [PSYoungGen: 127104K->3104K(124928K)] 229228K->105268K(339456K), 0.0192375 secs] [Times: user=0.03 sys=0.00, real=0.02 secs] 
Heap after GC invocations=82 (full 3):
 PSYoungGen      total 124928K, used 3104K [0x00000000d5580000, 0x00000000dec00000, 0x0000000100000000)
  eden space 121344K, 0% used [0x00000000d5580000,0x00000000d5580000,0x00000000dcc00000)
  from space 3584K, 86% used [0x00000000dce80000,0x00000000dd188000,0x00000000dd200000)
  to   space 16384K, 0% used [0x00000000ddc00000,0x00000000ddc00000,0x00000000dec00000)
 ParOldGen       total 214528K, used 102164K [0x0000000080000000, 0x000000008d180000, 0x00000000d5580000)
  object space 214528K, 47% used [0x0000000080000000,0x00000000863c50a8,0x000000008d180000)
 Metaspace       used 94900K, capacity 97806K, committed 97920K, reserved 1134592K
  class space    used 11361K, capacity 11865K, committed 11904K, reserved 1048576K
}
{Heap before GC invocations=83 (full 3):
 PSYoungGen      total 124928K, used 124448K [0x00000000d5580000, 0x00000000dec00000, 0x0000000100000000)
  eden space 121344K, 100% used [0x00000000d5580000,0x00000000dcc00000,0x00000000dcc00000)
  from space 3584K, 86% used [0x00000000dce80000,0x00000000dd188000,0x00000000dd200000)
  to   space 16384K, 0% used [0x00000000ddc00000,0x00000000ddc00000,0x00000000dec00000)
 ParOldGen       total 214528K, used 102164K [0x0000000080000000, 0x000000008d180000, 0x00000000d5580000)
  object space 214528K, 47% used [0x0000000080000000,0x00000000863c50a8,0x000000008d180000)
 Metaspace       used 94900K, capacity 97806K, committed 97920K, reserved 1134592K
  class space    used 11361K, capacity 11865K, committed 11904K, reserved 1048576K
2023-09-04T09:17:42.884+0600: 556229.378: [GC (Allocation Failure) [PSYoungGen: 124448K->3104K(132608K)] 226612K->105284K(347136K), 0.0147660 secs] [Times: user=0.02 sys=0.00, real=0.02 secs] 
Heap after GC invocations=83 (full 3):
 PSYoungGen      total 132608K, used 3104K [0x00000000d5580000, 0x00000000de980000, 0x0000000100000000)
  eden space 118784K, 0% used [0x00000000d5580000,0x00000000d5580000,0x00000000dc980000)
  from space 13824K, 22% used [0x00000000ddc00000,0x00000000ddf08000,0x00000000de980000)
  to   space 16384K, 0% used [0x00000000dc980000,0x00000000dc980000,0x00000000dd980000)
 ParOldGen       total 214528K, used 102180K [0x0000000080000000, 0x000000008d180000, 0x00000000d5580000)
  object space 214528K, 47% used [0x0000000080000000,0x00000000863c90a8,0x000000008d180000)
 Metaspace       used 94900K, capacity 97806K, committed 97920K, reserved 1134592K
  class space    used 11361K, capacity 11865K, committed 11904K, reserved 1048576K
}
{Heap before GC invocations=84 (full 3):
 PSYoungGen      total 132608K, used 121888K [0x00000000d5580000, 0x00000000de980000, 0x0000000100000000)
  eden space 118784K, 100% used [0x00000000d5580000,0x00000000dc980000,0x00000000dc980000)
  from space 13824K, 22% used [0x00000000ddc00000,0x00000000ddf08000,0x00000000de980000)
  to   space 16384K, 0% used [0x00000000dc980000,0x00000000dc980000,0x00000000dd980000)
 ParOldGen       total 214528K, used 102180K [0x0000000080000000, 0x000000008d180000, 0x00000000d5580000)
  object space 214528K, 47% used [0x0000000080000000,0x00000000863c90a8,0x000000008d180000)
 Metaspace       used 94939K, capacity 97866K, committed 97920K, reserved 1134592K
  class space    used 11367K, capacity 11875K, committed 11904K, reserved 1048576K
2023-09-04T10:28:23.378+0600: 560469.872: [GC (Allocation Failure) [PSYoungGen: 121888K->5685K(122880K)] 224068K->107897K(337408K), 0.0228580 secs] [Times: user=0.04 sys=0.00, real=0.03 secs] 
Heap after GC invocations=84 (full 3):
 PSYoungGen      total 122880K, used 5685K [0x00000000d5580000, 0x00000000de680000, 0x0000000100000000)
  eden space 116736K, 0% used [0x00000000d5580000,0x00000000d5580000,0x00000000dc780000)
  from space 6144K, 92% used [0x00000000dc980000,0x00000000dcf0d470,0x00000000dcf80000)
  to   space 15872K, 0% used [0x00000000dd700000,0x00000000dd700000,0x00000000de680000)
 ParOldGen       total 214528K, used 102212K [0x0000000080000000, 0x000000008d180000, 0x00000000d5580000)
  object space 214528K, 47% used [0x0000000080000000,0x00000000863d10a8,0x000000008d180000)
 Metaspace       used 94939K, capacity 97866K, committed 97920K, reserved 1134592K
  class space    used 11367K, capacity 11875K, committed 11904K, reserved 1048576K
}
{Heap before GC invocations=85 (full 3):
 PSYoungGen      total 122880K, used 122421K [0x00000000d5580000, 0x00000000de680000, 0x0000000100000000)
  eden space 116736K, 100% used [0x00000000d5580000,0x00000000dc780000,0x00000000dc780000)
  from space 6144K, 92% used [0x00000000dc980000,0x00000000dcf0d470,0x00000000dcf80000)
  to   space 15872K, 0% used [0x00000000dd700000,0x00000000dd700000,0x00000000de680000)
 ParOldGen       total 214528K, used 102212K [0x0000000080000000, 0x000000008d180000, 0x00000000d5580000)
  object space 214528K, 47% used [0x0000000080000000,0x00000000863d10a8,0x000000008d180000)
 Metaspace       used 94988K, capacity 97930K, committed 98176K, reserved 1136640K
  class space    used 11367K, capacity 11875K, committed 11904K, reserved 1048576K
2023-09-04T10:36:05.454+0600: 560931.948: [GC (Allocation Failure) [PSYoungGen: 122421K->8646K(127488K)] 224633K->110874K(342016K), 0.0254154 secs] [Times: user=0.04 sys=0.00, real=0.03 secs] 
Heap after GC invocations=85 (full 3):
 PSYoungGen      total 127488K, used 8646K [0x00000000d5580000, 0x00000000de380000, 0x0000000100000000)
  eden space 114688K, 0% used [0x00000000d5580000,0x00000000d5580000,0x00000000dc580000)
  from space 12800K, 67% used [0x00000000dd700000,0x00000000ddf719c0,0x00000000de380000)
  to   space 15360K, 0% used [0x00000000dc580000,0x00000000dc580000,0x00000000dd480000)
 ParOldGen       total 214528K, used 102228K [0x0000000080000000, 0x000000008d180000, 0x00000000d5580000)
  object space 214528K, 47% used [0x0000000080000000,0x00000000863d50a8,0x000000008d180000)
 Metaspace       used 94988K, capacity 97930K, committed 98176K, reserved 1136640K
  class space    used 11367K, capacity 11875K, committed 11904K, reserved 1048576K
}
{Heap before GC invocations=86 (full 3):
 PSYoungGen      total 127488K, used 123334K [0x00000000d5580000, 0x00000000de380000, 0x0000000100000000)
  eden space 114688K, 100% used [0x00000000d5580000,0x00000000dc580000,0x00000000dc580000)
  from space 12800K, 67% used [0x00000000dd700000,0x00000000ddf719c0,0x00000000de380000)
  to   space 15360K, 0% used [0x00000000dc580000,0x00000000dc580000,0x00000000dd480000)
 ParOldGen       total 214528K, used 102228K [0x0000000080000000, 0x000000008d180000, 0x00000000d5580000)
  object space 214528K, 47% used [0x0000000080000000,0x00000000863d50a8,0x000000008d180000)
 Metaspace       used 95015K, capacity 97978K, committed 98176K, reserved 1136640K
  class space    used 11372K, capacity 11883K, committed 11904K, reserved 1048576K
2023-09-04T10:53:13.252+0600: 561959.746: [GC (Allocation Failure) [PSYoungGen: 123334K->9279K(122368K)] 225562K->111545K(336896K), 0.0188990 secs] [Times: user=0.03 sys=0.00, real=0.02 secs] 
Heap after GC invocations=86 (full 3):
 PSYoungGen      total 122368K, used 9279K [0x00000000d5580000, 0x00000000de180000, 0x0000000100000000)
  eden space 112640K, 0% used [0x00000000d5580000,0x00000000d5580000,0x00000000dc380000)
  from space 9728K, 95% used [0x00000000dc580000,0x00000000dce8fe10,0x00000000dcf00000)
  to   space 15360K, 0% used [0x00000000dd280000,0x00000000dd280000,0x00000000de180000)
 ParOldGen       total 214528K, used 102266K [0x0000000080000000, 0x000000008d180000, 0x00000000d5580000)
  object space 214528K, 47% used [0x0000000080000000,0x00000000863de8f8,0x000000008d180000)
 Metaspace       used 95015K, capacity 97978K, committed 98176K, reserved 1136640K
  class space    used 11372K, capacity 11883K, committed 11904K, reserved 1048576K
}
{Heap before GC invocations=87 (full 3):
 PSYoungGen      total 122368K, used 121919K [0x00000000d5580000, 0x00000000de180000, 0x0000000100000000)
  eden space 112640K, 100% used [0x00000000d5580000,0x00000000dc380000,0x00000000dc380000)
  from space 9728K, 95% used [0x00000000dc580000,0x00000000dce8fe10,0x00000000dcf00000)
  to   space 15360K, 0% used [0x00000000dd280000,0x00000000dd280000,0x00000000de180000)
 ParOldGen       total 214528K, used 102266K [0x0000000080000000, 0x000000008d180000, 0x00000000d5580000)
  object space 214528K, 47% used [0x0000000080000000,0x00000000863de8f8,0x000000008d180000)
 Metaspace       used 95038K, capacity 97984K, committed 98176K, reserved 1136640K
  class space    used 11372K, capacity 11884K, committed 11904K, reserved 1048576K
2023-09-04T12:03:31.351+0600: 566177.846: [GC (Allocation Failure) [PSYoungGen: 121919K->8535K(123904K)] 224185K->110825K(338432K), 0.0233632 secs] [Times: user=0.04 sys=0.00, real=0.02 secs] 
Heap after GC invocations=87 (full 3):
 PSYoungGen      total 123904K, used 8535K [0x00000000d5580000, 0x00000000ddf80000, 0x0000000100000000)
  eden space 110592K, 0% used [0x00000000d5580000,0x00000000d5580000,0x00000000dc180000)
  from space 13312K, 64% used [0x00000000dd280000,0x00000000ddad5cf0,0x00000000ddf80000)
  to   space 15360K, 0% used [0x00000000dc180000,0x00000000dc180000,0x00000000dd080000)
 ParOldGen       total 214528K, used 102290K [0x0000000080000000, 0x000000008d180000, 0x00000000d5580000)
  object space 214528K, 47% used [0x0000000080000000,0x00000000863e48f8,0x000000008d180000)
 Metaspace       used 95038K, capacity 97984K, committed 98176K, reserved 1136640K
  class space    used 11372K, capacity 11884K, committed 11904K, reserved 1048576K
}
{Heap before GC invocations=88 (full 3):
 PSYoungGen      total 123904K, used 119127K [0x00000000d5580000, 0x00000000ddf80000, 0x0000000100000000)
  eden space 110592K, 100% used [0x00000000d5580000,0x00000000dc180000,0x00000000dc180000)
  from space 13312K, 64% used [0x00000000dd280000,0x00000000ddad5cf0,0x00000000ddf80000)
  to   space 15360K, 0% used [0x00000000dc180000,0x00000000dc180000,0x00000000dd080000)
 ParOldGen       total 214528K, used 102290K [0x0000000080000000, 0x000000008d180000, 0x00000000d5580000)
  object space 214528K, 47% used [0x0000000080000000,0x00000000863e48f8,0x000000008d180000)
 Metaspace       used 95144K, capacity 98118K, committed 98176K, reserved 1136640K
  class space    used 11384K, capacity 11885K, committed 11904K, reserved 1048576K
2023-09-04T12:50:26.614+0600: 568993.109: [GC (Allocation Failure) [PSYoungGen: 119127K->6774K(115712K)] 221417K->109080K(330240K), 0.0233662 secs] [Times: user=0.04 sys=0.00, real=0.02 secs] 
Heap after GC invocations=88 (full 3):
 PSYoungGen      total 115712K, used 6774K [0x00000000d5580000, 0x00000000ddb80000, 0x0000000100000000)
  eden space 108544K, 0% used [0x00000000d5580000,0x00000000d5580000,0x00000000dbf80000)
  from space 7168K, 94% used [0x00000000dc180000,0x00000000dc81da70,0x00000000dc880000)
  to   space 14336K, 0% used [0x00000000dcd80000,0x00000000dcd80000,0x00000000ddb80000)
 ParOldGen       total 214528K, used 102306K [0x0000000080000000, 0x000000008d180000, 0x00000000d5580000)
  object space 214528K, 47% used [0x0000000080000000,0x00000000863e88f8,0x000000008d180000)
 Metaspace       used 95144K, capacity 98118K, committed 98176K, reserved 1136640K
  class space    used 11384K, capacity 11885K, committed 11904K, reserved 1048576K
}
{Heap before GC invocations=89 (full 3):
 PSYoungGen      total 115712K, used 115318K [0x00000000d5580000, 0x00000000ddb80000, 0x0000000100000000)
  eden space 108544K, 100% used [0x00000000d5580000,0x00000000dbf80000,0x00000000dbf80000)
  from space 7168K, 94% used [0x00000000dc180000,0x00000000dc81da70,0x00000000dc880000)
  to   space 14336K, 0% used [0x00000000dcd80000,0x00000000dcd80000,0x00000000ddb80000)
 ParOldGen       total 214528K, used 102306K [0x0000000080000000, 0x000000008d180000, 0x00000000d5580000)
  object space 214528K, 47% used [0x0000000080000000,0x00000000863e88f8,0x000000008d180000)
 Metaspace       used 95145K, capacity 98118K, committed 98176K, reserved 1136640K
  class space    used 11384K, capacity 11885K, committed 11904K, reserved 1048576K
2023-09-04T13:26:12.191+0600: 571138.686: [GC (Allocation Failure) [PSYoungGen: 115318K->8308K(118784K)] 217624K->110630K(333312K), 0.0227676 secs] [Times: user=0.04 sys=0.00, real=0.02 secs] 
Heap after GC invocations=89 (full 3):
 PSYoungGen      total 118784K, used 8308K [0x00000000d5580000, 0x00000000dd980000, 0x0000000100000000)
  eden space 106496K, 0% used [0x00000000d5580000,0x00000000d5580000,0x00000000dbd80000)
  from space 12288K, 67% used [0x00000000dcd80000,0x00000000dd59d260,0x00000000dd980000)
  to   space 14336K, 0% used [0x00000000dbd80000,0x00000000dbd80000,0x00000000dcb80000)
 ParOldGen       total 214528K, used 102322K [0x0000000080000000, 0x000000008d180000, 0x00000000d5580000)
  object space 214528K, 47% used [0x0000000080000000,0x00000000863ec8f8,0x000000008d180000)
 Metaspace       used 95145K, capacity 98118K, committed 98176K, reserved 1136640K
  class space    used 11384K, capacity 11885K, committed 11904K, reserved 1048576K
}
{Heap before GC invocations=90 (full 3):
 PSYoungGen      total 118784K, used 114804K [0x00000000d5580000, 0x00000000dd980000, 0x0000000100000000)
  eden space 106496K, 100% used [0x00000000d5580000,0x00000000dbd80000,0x00000000dbd80000)
  from space 12288K, 67% used [0x00000000dcd80000,0x00000000dd59d260,0x00000000dd980000)
  to   space 14336K, 0% used [0x00000000dbd80000,0x00000000dbd80000,0x00000000dcb80000)
 ParOldGen       total 214528K, used 102322K [0x0000000080000000, 0x000000008d180000, 0x00000000d5580000)
  object space 214528K, 47% used [0x0000000080000000,0x00000000863ec8f8,0x000000008d180000)
 Metaspace       used 95150K, capacity 98124K, committed 98176K, reserved 1136640K
  class space    used 11385K, capacity 11886K, committed 11904K, reserved 1048576K
2023-09-04T13:46:57.446+0600: 572383.941: [GC (Allocation Failure) [PSYoungGen: 114804K->8775K(113664K)] 217126K->111114K(328192K), 0.0176819 secs] [Times: user=0.03 sys=0.00, real=0.02 secs] 
Heap after GC invocations=90 (full 3):
 PSYoungGen      total 113664K, used 8775K [0x00000000d5580000, 0x00000000dd680000, 0x0000000100000000)
  eden space 104448K, 0% used [0x00000000d5580000,0x00000000d5580000,0x00000000dbb80000)
  from space 9216K, 95% used [0x00000000dbd80000,0x00000000dc611f60,0x00000000dc680000)
  to   space 13824K, 0% used [0x00000000dc900000,0x00000000dc900000,0x00000000dd680000)
 ParOldGen       total 214528K, used 102338K [0x0000000080000000, 0x000000008d180000, 0x00000000d5580000)
  object space 214528K, 47% used [0x0000000080000000,0x00000000863f08f8,0x000000008d180000)
 Metaspace       used 95150K, capacity 98124K, committed 98176K, reserved 1136640K
  class space    used 11385K, capacity 11886K, committed 11904K, reserved 1048576K
}
{Heap before GC invocations=91 (full 3):
 PSYoungGen      total 113664K, used 113223K [0x00000000d5580000, 0x00000000dd680000, 0x0000000100000000)
  eden space 104448K, 100% used [0x00000000d5580000,0x00000000dbb80000,0x00000000dbb80000)
  from space 9216K, 95% used [0x00000000dbd80000,0x00000000dc611f60,0x00000000dc680000)
  to   space 13824K, 0% used [0x00000000dc900000,0x00000000dc900000,0x00000000dd680000)
 ParOldGen       total 214528K, used 102338K [0x0000000080000000, 0x000000008d180000, 0x00000000d5580000)
  object space 214528K, 47% used [0x0000000080000000,0x00000000863f08f8,0x000000008d180000)
 Metaspace       used 95154K, capacity 98130K, committed 98176K, reserved 1136640K
  class space    used 11385K, capacity 11887K, committed 11904K, reserved 1048576K
2023-09-04T13:59:36.180+0600: 573142.674: [GC (Allocation Failure) [PSYoungGen: 113223K->8601K(114176K)] 215562K->110964K(328704K), 0.0187675 secs] [Times: user=0.03 sys=0.00, real=0.02 secs] 
Heap after GC invocations=91 (full 3):
 PSYoungGen      total 114176K, used 8601K [0x00000000d5580000, 0x00000000dd480000, 0x0000000100000000)
  eden space 102400K, 0% used [0x00000000d5580000,0x00000000d5580000,0x00000000db980000)
  from space 11776K, 73% used [0x00000000dc900000,0x00000000dd166760,0x00000000dd480000)
  to   space 13824K, 0% used [0x00000000db980000,0x00000000db980000,0x00000000dc700000)
 ParOldGen       total 214528K, used 102362K [0x0000000080000000, 0x000000008d180000, 0x00000000d5580000)
  object space 214528K, 47% used [0x0000000080000000,0x00000000863f68b8,0x000000008d180000)
 Metaspace       used 95154K, capacity 98130K, committed 98176K, reserved 1136640K
  class space    used 11385K, capacity 11887K, committed 11904K, reserved 1048576K
}
{Heap before GC invocations=92 (full 3):
 PSYoungGen      total 114176K, used 111001K [0x00000000d5580000, 0x00000000dd480000, 0x0000000100000000)
  eden space 102400K, 100% used [0x00000000d5580000,0x00000000db980000,0x00000000db980000)
  from space 11776K, 73% used [0x00000000dc900000,0x00000000dd166760,0x00000000dd480000)
  to   space 13824K, 0% used [0x00000000db980000,0x00000000db980000,0x00000000dc700000)
 ParOldGen       total 214528K, used 102362K [0x0000000080000000, 0x000000008d180000, 0x00000000d5580000)
  object space 214528K, 47% used [0x0000000080000000,0x00000000863f68b8,0x000000008d180000)
 Metaspace       used 95167K, capacity 98130K, committed 98176K, reserved 1136640K
  class space    used 11385K, capacity 11887K, committed 11904K, reserved 1048576K
2023-09-04T14:12:12.167+0600: 573898.661: [GC (Allocation Failure) [PSYoungGen: 111001K->8199K(109568K)] 213364K->110577K(324096K), 0.0191950 secs] [Times: user=0.03 sys=0.00, real=0.02 secs] 
Heap after GC invocations=92 (full 3):
 PSYoungGen      total 109568K, used 8199K [0x00000000d5580000, 0x00000000dd200000, 0x0000000100000000)
  eden space 100864K, 0% used [0x00000000d5580000,0x00000000d5580000,0x00000000db800000)
  from space 8704K, 94% used [0x00000000db980000,0x00000000dc181c00,0x00000000dc200000)
  to   space 13312K, 0% used [0x00000000dc500000,0x00000000dc500000,0x00000000dd200000)
 ParOldGen       total 214528K, used 102378K [0x0000000080000000, 0x000000008d180000, 0x00000000d5580000)
  object space 214528K, 47% used [0x0000000080000000,0x00000000863fa8b8,0x000000008d180000)
 Metaspace       used 95167K, capacity 98130K, committed 98176K, reserved 1136640K
  class space    used 11385K, capacity 11887K, committed 11904K, reserved 1048576K
}
{Heap before GC invocations=93 (full 3):
 PSYoungGen      total 109568K, used 109063K [0x00000000d5580000, 0x00000000dd200000, 0x0000000100000000)
  eden space 100864K, 100% used [0x00000000d5580000,0x00000000db800000,0x00000000db800000)
  from space 8704K, 94% used [0x00000000db980000,0x00000000dc181c00,0x00000000dc200000)
  to   space 13312K, 0% used [0x00000000dc500000,0x00000000dc500000,0x00000000dd200000)
 ParOldGen       total 214528K, used 102378K [0x0000000080000000, 0x000000008d180000, 0x00000000d5580000)
  object space 214528K, 47% used [0x0000000080000000,0x00000000863fa8b8,0x000000008d180000)
 Metaspace       used 95167K, capacity 98130K, committed 98176K, reserved 1136640K
  class space    used 11385K, capacity 11887K, committed 11904K, reserved 1048576K
2023-09-04T14:34:13.117+0600: 575219.612: [GC (Allocation Failure) [PSYoungGen: 109063K->9013K(111104K)] 211441K->111407K(325632K), 0.0147851 secs] [Times: user=0.02 sys=0.00, real=0.02 secs] 
Heap after GC invocations=93 (full 3):
 PSYoungGen      total 111104K, used 9013K [0x00000000d5580000, 0x00000000dd080000, 0x0000000100000000)
  eden space 99328K, 0% used [0x00000000d5580000,0x00000000d5580000,0x00000000db680000)
  from space 11776K, 76% used [0x00000000dc500000,0x00000000dcdcd6d0,0x00000000dd080000)
  to   space 13312K, 0% used [0x00000000db680000,0x00000000db680000,0x00000000dc380000)
 ParOldGen       total 214528K, used 102394K [0x0000000080000000, 0x000000008d180000, 0x00000000d5580000)
  object space 214528K, 47% used [0x0000000080000000,0x00000000863fe8b8,0x000000008d180000)
 Metaspace       used 95167K, capacity 98130K, committed 98176K, reserved 1136640K
  class space    used 11385K, capacity 11887K, committed 11904K, reserved 1048576K
}
{Heap before GC invocations=94 (full 3):
 PSYoungGen      total 111104K, used 108341K [0x00000000d5580000, 0x00000000dd080000, 0x0000000100000000)
  eden space 99328K, 100% used [0x00000000d5580000,0x00000000db680000,0x00000000db680000)
  from space 11776K, 76% used [0x00000000dc500000,0x00000000dcdcd6d0,0x00000000dd080000)
  to   space 13312K, 0% used [0x00000000db680000,0x00000000db680000,0x00000000dc380000)
 ParOldGen       total 214528K, used 102394K [0x0000000080000000, 0x000000008d180000, 0x00000000d5580000)
  object space 214528K, 47% used [0x0000000080000000,0x00000000863fe8b8,0x000000008d180000)
 Metaspace       used 95168K, capacity 98130K, committed 98176K, reserved 1136640K
  class space    used 11385K, capacity 11887K, committed 11904K, reserved 1048576K
2023-09-04T15:18:40.333+0600: 577886.827: [GC (Allocation Failure) [PSYoungGen: 108341K->7584K(105472K)] 210735K->109994K(320000K), 0.0182971 secs] [Times: user=0.03 sys=0.00, real=0.02 secs] 
Heap after GC invocations=94 (full 3):
 PSYoungGen      total 105472K, used 7584K [0x00000000d5580000, 0x00000000dce00000, 0x0000000100000000)
  eden space 97792K, 0% used [0x00000000d5580000,0x00000000d5580000,0x00000000db500000)
  from space 7680K, 98% used [0x00000000db680000,0x00000000dbde8260,0x00000000dbe00000)
  to   space 12800K, 0% used [0x00000000dc180000,0x00000000dc180000,0x00000000dce00000)
 ParOldGen       total 214528K, used 102410K [0x0000000080000000, 0x000000008d180000, 0x00000000d5580000)
  object space 214528K, 47% used [0x0000000080000000,0x00000000864028b8,0x000000008d180000)
 Metaspace       used 95168K, capacity 98130K, committed 98176K, reserved 1136640K
  class space    used 11385K, capacity 11887K, committed 11904K, reserved 1048576K
}
{Heap before GC invocations=95 (full 3):
 PSYoungGen      total 105472K, used 105376K [0x00000000d5580000, 0x00000000dce00000, 0x0000000100000000)
  eden space 97792K, 99% used [0x00000000d5580000,0x00000000db4ffff0,0x00000000db500000)
  from space 7680K, 98% used [0x00000000db680000,0x00000000dbde8260,0x00000000dbe00000)
  to   space 12800K, 0% used [0x00000000dc180000,0x00000000dc180000,0x00000000dce00000)
 ParOldGen       total 214528K, used 102410K [0x0000000080000000, 0x000000008d180000, 0x00000000d5580000)
  object space 214528K, 47% used [0x0000000080000000,0x00000000864028b8,0x000000008d180000)
 Metaspace       used 95172K, capacity 98130K, committed 98176K, reserved 1136640K
  class space    used 11386K, capacity 11887K, committed 11904K, reserved 1048576K
2023-09-04T15:44:08.505+0600: 579415.000: [GC (Allocation Failure) [PSYoungGen: 105376K->7794K(106496K)] 207786K->110204K(321024K), 0.0210226 secs] [Times: user=0.03 sys=0.00, real=0.02 secs] 
Heap after GC invocations=95 (full 3):
 PSYoungGen      total 106496K, used 7794K [0x00000000d5580000, 0x00000000dcb80000, 0x0000000100000000)
  eden space 96256K, 0% used [0x00000000d5580000,0x00000000d5580000,0x00000000db380000)
  from space 10240K, 76% used [0x00000000dc180000,0x00000000dc91c870,0x00000000dcb80000)
  to   space 12288K, 0% used [0x00000000db380000,0x00000000db380000,0x00000000dbf80000)
 ParOldGen       total 214528K, used 102410K [0x0000000080000000, 0x000000008d180000, 0x00000000d5580000)
  object space 214528K, 47% used [0x0000000080000000,0x00000000864028b8,0x000000008d180000)
 Metaspace       used 95172K, capacity 98130K, committed 98176K, reserved 1136640K
  class space    used 11386K, capacity 11887K, committed 11904K, reserved 1048576K
}
{Heap before GC invocations=96 (full 3):
 PSYoungGen      total 106496K, used 104050K [0x00000000d5580000, 0x00000000dcb80000, 0x0000000100000000)
  eden space 96256K, 100% used [0x00000000d5580000,0x00000000db380000,0x00000000db380000)
  from space 10240K, 76% used [0x00000000dc180000,0x00000000dc91c870,0x00000000dcb80000)
  to   space 12288K, 0% used [0x00000000db380000,0x00000000db380000,0x00000000dbf80000)
 ParOldGen       total 214528K, used 102410K [0x0000000080000000, 0x000000008d180000, 0x00000000d5580000)
  object space 214528K, 47% used [0x0000000080000000,0x00000000864028b8,0x000000008d180000)
 Metaspace       used 95207K, capacity 98190K, committed 98432K, reserved 1136640K
  class space    used 11392K, capacity 11897K, committed 11904K, reserved 1048576K
2023-09-04T16:16:52.682+0600: 581379.177: [GC (Allocation Failure) [PSYoungGen: 104050K->10680K(105472K)] 206460K->113098K(320000K), 0.0243716 secs] [Times: user=0.04 sys=0.00, real=0.02 secs] 
Heap after GC invocations=96 (full 3):
 PSYoungGen      total 105472K, used 10680K [0x00000000d5580000, 0x00000000dcb00000, 0x0000000100000000)
  eden space 94720K, 0% used [0x00000000d5580000,0x00000000d5580000,0x00000000db200000)
  from space 10752K, 99% used [0x00000000db380000,0x00000000dbdee260,0x00000000dbe00000)
  to   space 12800K, 0% used [0x00000000dbe80000,0x00000000dbe80000,0x00000000dcb00000)
 ParOldGen       total 214528K, used 102418K [0x0000000080000000, 0x000000008d180000, 0x00000000d5580000)
  object space 214528K, 47% used [0x0000000080000000,0x00000000864048b8,0x000000008d180000)
 Metaspace       used 95207K, capacity 98190K, committed 98432K, reserved 1136640K
  class space    used 11392K, capacity 11897K, committed 11904K, reserved 1048576K
}
{Heap before GC invocations=97 (full 3):
 PSYoungGen      total 105472K, used 105400K [0x00000000d5580000, 0x00000000dcb00000, 0x0000000100000000)
  eden space 94720K, 100% used [0x00000000d5580000,0x00000000db200000,0x00000000db200000)
  from space 10752K, 99% used [0x00000000db380000,0x00000000dbdee260,0x00000000dbe00000)
  to   space 12800K, 0% used [0x00000000dbe80000,0x00000000dbe80000,0x00000000dcb00000)
 ParOldGen       total 214528K, used 102418K [0x0000000080000000, 0x000000008d180000, 0x00000000d5580000)
  object space 214528K, 47% used [0x0000000080000000,0x00000000864048b8,0x000000008d180000)
 Metaspace       used 95218K, capacity 98200K, committed 98432K, reserved 1136640K
  class space    used 11393K, capacity 11898K, committed 11904K, reserved 1048576K
2023-09-04T16:41:08.555+0600: 582835.050: [GC (Allocation Failure) [PSYoungGen: 105400K->11565K(105984K)] 207818K->113984K(320512K), 0.0254672 secs] [Times: user=0.04 sys=0.00, real=0.03 secs] 
Heap after GC invocations=97 (full 3):
 PSYoungGen      total 105984K, used 11565K [0x00000000d5580000, 0x00000000dcb80000, 0x0000000100000000)
  eden space 93184K, 0% used [0x00000000d5580000,0x00000000d5580000,0x00000000db080000)
  from space 12800K, 90% used [0x00000000dbe80000,0x00000000dc9cb7c0,0x00000000dcb00000)
  to   space 13824K, 0% used [0x00000000db080000,0x00000000db080000,0x00000000dbe00000)
 ParOldGen       total 214528K, used 102418K [0x0000000080000000, 0x000000008d180000, 0x00000000d5580000)
  object space 214528K, 47% used [0x0000000080000000,0x00000000864048b8,0x000000008d180000)
 Metaspace       used 95218K, capacity 98200K, committed 98432K, reserved 1136640K
  class space    used 11393K, capacity 11898K, committed 11904K, reserved 1048576K
}
{Heap before GC invocations=98 (full 3):
 PSYoungGen      total 105984K, used 104749K [0x00000000d5580000, 0x00000000dcb80000, 0x0000000100000000)
  eden space 93184K, 100% used [0x00000000d5580000,0x00000000db080000,0x00000000db080000)
  from space 12800K, 90% used [0x00000000dbe80000,0x00000000dc9cb7c0,0x00000000dcb00000)
  to   space 13824K, 0% used [0x00000000db080000,0x00000000db080000,0x00000000dbe00000)
 ParOldGen       total 214528K, used 102418K [0x0000000080000000, 0x000000008d180000, 0x00000000d5580000)
  object space 214528K, 47% used [0x0000000080000000,0x00000000864048b8,0x000000008d180000)
 Metaspace       used 95226K, capacity 98206K, committed 98432K, reserved 1136640K
  class space    used 11393K, capacity 11899K, committed 11904K, reserved 1048576K
2023-09-04T17:10:41.054+0600: 584607.549: [GC (Allocation Failure) [PSYoungGen: 104749K->11290K(103424K)] 207168K->113708K(317952K), 0.0191397 secs] [Times: user=0.03 sys=0.00, real=0.02 secs] 
Heap after GC invocations=98 (full 3):
 PSYoungGen      total 103424K, used 11290K [0x00000000d5580000, 0x00000000dcb00000, 0x0000000100000000)
  eden space 91648K, 0% used [0x00000000d5580000,0x00000000d5580000,0x00000000daf00000)
  from space 11776K, 95% used [0x00000000db080000,0x00000000dbb86830,0x00000000dbc00000)
  to   space 14336K, 0% used [0x00000000dbd00000,0x00000000dbd00000,0x00000000dcb00000)
 ParOldGen       total 214528K, used 102418K [0x0000000080000000, 0x000000008d180000, 0x00000000d5580000)
  object space 214528K, 47% used [0x0000000080000000,0x00000000864048b8,0x000000008d180000)
 Metaspace       used 95226K, capacity 98206K, committed 98432K, reserved 1136640K
  class space    used 11393K, capacity 11899K, committed 11904K, reserved 1048576K
}
{Heap before GC invocations=99 (full 3):
 PSYoungGen      total 103424K, used 102938K [0x00000000d5580000, 0x00000000dcb00000, 0x0000000100000000)
  eden space 91648K, 100% used [0x00000000d5580000,0x00000000daf00000,0x00000000daf00000)
  from space 11776K, 95% used [0x00000000db080000,0x00000000dbb86830,0x00000000dbc00000)
  to   space 14336K, 0% used [0x00000000dbd00000,0x00000000dbd00000,0x00000000dcb00000)
 ParOldGen       total 214528K, used 102418K [0x0000000080000000, 0x000000008d180000, 0x00000000d5580000)
  object space 214528K, 47% used [0x0000000080000000,0x00000000864048b8,0x000000008d180000)
 Metaspace       used 95254K, capacity 98284K, committed 98560K, reserved 1136640K
  class space    used 11400K, capacity 11912K, committed 12032K, reserved 1048576K
2023-09-04T17:37:47.208+0600: 586233.703: [GC (Allocation Failure) [PSYoungGen: 102938K->11943K(103936K)] 205356K->114543K(318464K), 0.0233968 secs] [Times: user=0.04 sys=0.00, real=0.02 secs] 
Heap after GC invocations=99 (full 3):
 PSYoungGen      total 103936K, used 11943K [0x00000000d5580000, 0x00000000dca80000, 0x0000000100000000)
  eden space 90112K, 0% used [0x00000000d5580000,0x00000000d5580000,0x00000000dad80000)
  from space 13824K, 86% used [0x00000000dbd00000,0x00000000dc8a9d00,0x00000000dca80000)
  to   space 14848K, 0% used [0x00000000dad80000,0x00000000dad80000,0x00000000dbc00000)
 ParOldGen       total 214528K, used 102599K [0x0000000080000000, 0x000000008d180000, 0x00000000d5580000)
  object space 214528K, 47% used [0x0000000080000000,0x0000000086431fc8,0x000000008d180000)
 Metaspace       used 95254K, capacity 98284K, committed 98560K, reserved 1136640K
  class space    used 11400K, capacity 11912K, committed 12032K, reserved 1048576K
}
{Heap before GC invocations=100 (full 3):
 PSYoungGen      total 103936K, used 102055K [0x00000000d5580000, 0x00000000dca80000, 0x0000000100000000)
  eden space 90112K, 100% used [0x00000000d5580000,0x00000000dad80000,0x00000000dad80000)
  from space 13824K, 86% used [0x00000000dbd00000,0x00000000dc8a9d00,0x00000000dca80000)
  to   space 14848K, 0% used [0x00000000dad80000,0x00000000dad80000,0x00000000dbc00000)
 ParOldGen       total 214528K, used 102599K [0x0000000080000000, 0x000000008d180000, 0x00000000d5580000)
  object space 214528K, 47% used [0x0000000080000000,0x0000000086431fc8,0x000000008d180000)
 Metaspace       used 95254K, capacity 98284K, committed 98560K, reserved 1136640K
  class space    used 11400K, capacity 11912K, committed 12032K, reserved 1048576K
2023-09-04T18:02:01.737+0600: 587688.232: [GC (Allocation Failure) [PSYoungGen: 102055K->10329K(99328K)] 204655K->113196K(313856K), 0.0156349 secs] [Times: user=0.02 sys=0.00, real=0.02 secs] 
Heap after GC invocations=100 (full 3):
 PSYoungGen      total 99328K, used 10329K [0x00000000d5580000, 0x00000000dc900000, 0x0000000100000000)
  eden space 88576K, 0% used [0x00000000d5580000,0x00000000d5580000,0x00000000dac00000)
  from space 10752K, 96% used [0x00000000dad80000,0x00000000db796610,0x00000000db800000)
  to   space 14848K, 0% used [0x00000000dba80000,0x00000000dba80000,0x00000000dc900000)
 ParOldGen       total 214528K, used 102867K [0x0000000080000000, 0x000000008d180000, 0x00000000d5580000)
  object space 214528K, 47% used [0x0000000080000000,0x0000000086474d38,0x000000008d180000)
 Metaspace       used 95254K, capacity 98284K, committed 98560K, reserved 1136640K
  class space    used 11400K, capacity 11912K, committed 12032K, reserved 1048576K
}
{Heap before GC invocations=101 (full 3):
 PSYoungGen      total 99328K, used 98905K [0x00000000d5580000, 0x00000000dc900000, 0x0000000100000000)
  eden space 88576K, 100% used [0x00000000d5580000,0x00000000dac00000,0x00000000dac00000)
  from space 10752K, 96% used [0x00000000dad80000,0x00000000db796610,0x00000000db800000)
  to   space 14848K, 0% used [0x00000000dba80000,0x00000000dba80000,0x00000000dc900000)
 ParOldGen       total 214528K, used 102867K [0x0000000080000000, 0x000000008d180000, 0x00000000d5580000)
  object space 214528K, 47% used [0x0000000080000000,0x0000000086474d38,0x000000008d180000)
 Metaspace       used 95254K, capacity 98284K, committed 98560K, reserved 1136640K
  class space    used 11400K, capacity 11912K, committed 12032K, reserved 1048576K
2023-09-04T18:30:12.462+0600: 589378.957: [GC (Allocation Failure) [PSYoungGen: 98905K->10005K(99328K)] 201772K->112928K(313856K), 0.0256603 secs] [Times: user=0.04 sys=0.00, real=0.03 secs] 
Heap after GC invocations=101 (full 3):
 PSYoungGen      total 99328K, used 10005K [0x00000000d5580000, 0x00000000dc680000, 0x0000000100000000)
  eden space 87040K, 0% used [0x00000000d5580000,0x00000000d5580000,0x00000000daa80000)
  from space 12288K, 81% used [0x00000000dba80000,0x00000000dc445710,0x00000000dc680000)
  to   space 14336K, 0% used [0x00000000daa80000,0x00000000daa80000,0x00000000db880000)
 ParOldGen       total 214528K, used 102922K [0x0000000080000000, 0x000000008d180000, 0x00000000d5580000)
  object space 214528K, 47% used [0x0000000080000000,0x0000000086482a78,0x000000008d180000)
 Metaspace       used 95254K, capacity 98284K, committed 98560K, reserved 1136640K
  class space    used 11400K, capacity 11912K, committed 12032K, reserved 1048576K
}
{Heap before GC invocations=102 (full 3):
 PSYoungGen      total 99328K, used 97045K [0x00000000d5580000, 0x00000000dc680000, 0x0000000100000000)
  eden space 87040K, 100% used [0x00000000d5580000,0x00000000daa80000,0x00000000daa80000)
  from space 12288K, 81% used [0x00000000dba80000,0x00000000dc445710,0x00000000dc680000)
  to   space 14336K, 0% used [0x00000000daa80000,0x00000000daa80000,0x00000000db880000)
 ParOldGen       total 214528K, used 102922K [0x0000000080000000, 0x000000008d180000, 0x00000000d5580000)
  object space 214528K, 47% used [0x0000000080000000,0x0000000086482a78,0x000000008d180000)
 Metaspace       used 95272K, capacity 98348K, committed 98560K, reserved 1136640K
  class space    used 11402K, capacity 11912K, committed 12032K, reserved 1048576K
2023-09-04T18:55:32.834+0600: 590899.329: [GC (Allocation Failure) [PSYoungGen: 97045K->10661K(96768K)] 199968K->113623K(311296K), 0.0249418 secs] [Times: user=0.04 sys=0.00, real=0.03 secs] 
Heap after GC invocations=102 (full 3):
 PSYoungGen      total 96768K, used 10661K [0x00000000d5580000, 0x00000000dc680000, 0x0000000100000000)
  eden space 86016K, 0% used [0x00000000d5580000,0x00000000d5580000,0x00000000da980000)
  from space 10752K, 99% used [0x00000000daa80000,0x00000000db4e9430,0x00000000db500000)
  to   space 14848K, 0% used [0x00000000db800000,0x00000000db800000,0x00000000dc680000)
 ParOldGen       total 214528K, used 102962K [0x0000000080000000, 0x000000008d180000, 0x00000000d5580000)
  object space 214528K, 47% used [0x0000000080000000,0x000000008648c868,0x000000008d180000)
 Metaspace       used 95272K, capacity 98348K, committed 98560K, reserved 1136640K
  class space    used 11402K, capacity 11912K, committed 12032K, reserved 1048576K
}
{Heap before GC invocations=103 (full 3):
 PSYoungGen      total 96768K, used 96677K [0x00000000d5580000, 0x00000000dc680000, 0x0000000100000000)
  eden space 86016K, 100% used [0x00000000d5580000,0x00000000da980000,0x00000000da980000)
  from space 10752K, 99% used [0x00000000daa80000,0x00000000db4e9430,0x00000000db500000)
  to   space 14848K, 0% used [0x00000000db800000,0x00000000db800000,0x00000000dc680000)
 ParOldGen       total 214528K, used 102962K [0x0000000080000000, 0x000000008d180000, 0x00000000d5580000)
  object space 214528K, 47% used [0x0000000080000000,0x000000008648c868,0x000000008d180000)
 Metaspace       used 95279K, capacity 98348K, committed 98560K, reserved 1136640K
  class space    used 11402K, capacity 11912K, committed 12032K, reserved 1048576K
2023-09-04T19:10:58.827+0600: 591825.322: [GC (Allocation Failure) [PSYoungGen: 96677K->11324K(98816K)] 199639K->114525K(313344K), 0.0265817 secs] [Times: user=0.04 sys=0.00, real=0.03 secs] 
Heap after GC invocations=103 (full 3):
 PSYoungGen      total 98816K, used 11324K [0x00000000d5580000, 0x00000000dc580000, 0x0000000100000000)
  eden space 84992K, 0% used [0x00000000d5580000,0x00000000d5580000,0x00000000da880000)
  from space 13824K, 81% used [0x00000000db800000,0x00000000dc30f0b0,0x00000000dc580000)
  to   space 14848K, 0% used [0x00000000da880000,0x00000000da880000,0x00000000db700000)
 ParOldGen       total 214528K, used 103201K [0x0000000080000000, 0x000000008d180000, 0x00000000d5580000)
  object space 214528K, 48% used [0x0000000080000000,0x00000000864c84c8,0x000000008d180000)
 Metaspace       used 95279K, capacity 98348K, committed 98560K, reserved 1136640K
  class space    used 11402K, capacity 11912K, committed 12032K, reserved 1048576K
}
{Heap before GC invocations=104 (full 3):
 PSYoungGen      total 98816K, used 96316K [0x00000000d5580000, 0x00000000dc580000, 0x0000000100000000)
  eden space 84992K, 100% used [0x00000000d5580000,0x00000000da880000,0x00000000da880000)
  from space 13824K, 81% used [0x00000000db800000,0x00000000dc30f0b0,0x00000000dc580000)
  to   space 14848K, 0% used [0x00000000da880000,0x00000000da880000,0x00000000db700000)
 ParOldGen       total 214528K, used 103201K [0x0000000080000000, 0x000000008d180000, 0x00000000d5580000)
  object space 214528K, 48% used [0x0000000080000000,0x00000000864c84c8,0x000000008d180000)
 Metaspace       used 95279K, capacity 98348K, committed 98560K, reserved 1136640K
  class space    used 11402K, capacity 11912K, committed 12032K, reserved 1048576K
2023-09-04T19:26:04.012+0600: 592730.506: [GC (Allocation Failure) [PSYoungGen: 96316K->8983K(93184K)] 199517K->112514K(307712K), 0.0160652 secs] [Times: user=0.03 sys=0.00, real=0.01 secs] 
Heap after GC invocations=104 (full 3):
 PSYoungGen      total 93184K, used 8983K [0x00000000d5580000, 0x00000000dc380000, 0x0000000100000000)
  eden space 83968K, 0% used [0x00000000d5580000,0x00000000d5580000,0x00000000da780000)
  from space 9216K, 97% used [0x00000000da880000,0x00000000db145dd0,0x00000000db180000)
  to   space 14336K, 0% used [0x00000000db580000,0x00000000db580000,0x00000000dc380000)
 ParOldGen       total 214528K, used 103531K [0x0000000080000000, 0x000000008d180000, 0x00000000d5580000)
  object space 214528K, 48% used [0x0000000080000000,0x000000008651ad68,0x000000008d180000)
 Metaspace       used 95279K, capacity 98348K, committed 98560K, reserved 1136640K
  class space    used 11402K, capacity 11912K, committed 12032K, reserved 1048576K
}
{Heap before GC invocations=105 (full 3):
 PSYoungGen      total 93184K, used 92951K [0x00000000d5580000, 0x00000000dc380000, 0x0000000100000000)
  eden space 83968K, 100% used [0x00000000d5580000,0x00000000da780000,0x00000000da780000)
  from space 9216K, 97% used [0x00000000da880000,0x00000000db145dd0,0x00000000db180000)
  to   space 14336K, 0% used [0x00000000db580000,0x00000000db580000,0x00000000dc380000)
 ParOldGen       total 214528K, used 103531K [0x0000000080000000, 0x000000008d180000, 0x00000000d5580000)
  object space 214528K, 48% used [0x0000000080000000,0x000000008651ad68,0x000000008d180000)
 Metaspace       used 95288K, capacity 98348K, committed 98560K, reserved 1136640K
  class space    used 11403K, capacity 11912K, committed 12032K, reserved 1048576K
2023-09-04T19:46:30.620+0600: 593957.114: [GC (Allocation Failure) [PSYoungGen: 92951K->8454K(96256K)] 196482K->112151K(310784K), 0.0172575 secs] [Times: user=0.03 sys=0.00, real=0.01 secs] 
Heap after GC invocations=105 (full 3):
 PSYoungGen      total 96256K, used 8454K [0x00000000d5580000, 0x00000000dc280000, 0x0000000100000000)
  eden space 82944K, 0% used [0x00000000d5580000,0x00000000d5580000,0x00000000da680000)
  from space 13312K, 63% used [0x00000000db580000,0x00000000dbdc1ac0,0x00000000dc280000)
  to   space 14336K, 0% used [0x00000000da680000,0x00000000da680000,0x00000000db480000)
 ParOldGen       total 214528K, used 103696K [0x0000000080000000, 0x000000008d180000, 0x00000000d5580000)
  object space 214528K, 48% used [0x0000000080000000,0x0000000086544268,0x000000008d180000)
 Metaspace       used 95288K, capacity 98348K, committed 98560K, reserved 1136640K
  class space    used 11403K, capacity 11912K, committed 12032K, reserved 1048576K
}
{Heap before GC invocations=106 (full 3):
 PSYoungGen      total 96256K, used 91398K [0x00000000d5580000, 0x00000000dc280000, 0x0000000100000000)
  eden space 82944K, 100% used [0x00000000d5580000,0x00000000da680000,0x00000000da680000)
  from space 13312K, 63% used [0x00000000db580000,0x00000000dbdc1ac0,0x00000000dc280000)
  to   space 14336K, 0% used [0x00000000da680000,0x00000000da680000,0x00000000db480000)
 ParOldGen       total 214528K, used 103696K [0x0000000080000000, 0x000000008d180000, 0x00000000d5580000)
  object space 214528K, 48% used [0x0000000080000000,0x0000000086544268,0x000000008d180000)
 Metaspace       used 95290K, capacity 98348K, committed 98560K, reserved 1136640K
  class space    used 11403K, capacity 11912K, committed 12032K, reserved 1048576K
2023-09-04T20:14:29.961+0600: 595636.455: [GC (Allocation Failure) [PSYoungGen: 91398K->9086K(91136K)] 195095K->112822K(305664K), 0.0212607 secs] [Times: user=0.04 sys=0.00, real=0.02 secs] 
Heap after GC invocations=106 (full 3):
 PSYoungGen      total 91136K, used 9086K [0x00000000d5580000, 0x00000000dc080000, 0x0000000100000000)
  eden space 81920K, 0% used [0x00000000d5580000,0x00000000d5580000,0x00000000da580000)
  from space 9216K, 98% used [0x00000000da680000,0x00000000daf5fa30,0x00000000daf80000)
  to   space 13824K, 0% used [0x00000000db300000,0x00000000db300000,0x00000000dc080000)
 ParOldGen       total 214528K, used 103736K [0x0000000080000000, 0x000000008d180000, 0x00000000d5580000)
  object space 214528K, 48% used [0x0000000080000000,0x000000008654e058,0x000000008d180000)
 Metaspace       used 95290K, capacity 98348K, committed 98560K, reserved 1136640K
  class space    used 11403K, capacity 11912K, committed 12032K, reserved 1048576K
}
{Heap before GC invocations=107 (full 3):
 PSYoungGen      total 91136K, used 91006K [0x00000000d5580000, 0x00000000dc080000, 0x0000000100000000)
  eden space 81920K, 100% used [0x00000000d5580000,0x00000000da580000,0x00000000da580000)
  from space 9216K, 98% used [0x00000000da680000,0x00000000daf5fa30,0x00000000daf80000)
  to   space 13824K, 0% used [0x00000000db300000,0x00000000db300000,0x00000000dc080000)
 ParOldGen       total 214528K, used 103736K [0x0000000080000000, 0x000000008d180000, 0x00000000d5580000)
  object space 214528K, 48% used [0x0000000080000000,0x000000008654e058,0x000000008d180000)
 Metaspace       used 95291K, capacity 98348K, committed 98560K, reserved 1136640K
  class space    used 11403K, capacity 11912K, committed 12032K, reserved 1048576K
2023-09-04T20:25:44.363+0600: 596310.857: [GC (Allocation Failure) [PSYoungGen: 91006K->10975K(93696K)] 194742K->114750K(308224K), 0.0180069 secs] [Times: user=0.03 sys=0.00, real=0.02 secs] 
Heap after GC invocations=107 (full 3):
 PSYoungGen      total 93696K, used 10975K [0x00000000d5580000, 0x00000000dbf80000, 0x0000000100000000)
  eden space 80896K, 0% used [0x00000000d5580000,0x00000000d5580000,0x00000000da480000)
  from space 12800K, 85% used [0x00000000db300000,0x00000000dbdb7c70,0x00000000dbf80000)
  to   space 13824K, 0% used [0x00000000da480000,0x00000000da480000,0x00000000db200000)
 ParOldGen       total 214528K, used 103775K [0x0000000080000000, 0x000000008d180000, 0x00000000d5580000)
  object space 214528K, 48% used [0x0000000080000000,0x0000000086557e48,0x000000008d180000)
 Metaspace       used 95291K, capacity 98348K, committed 98560K, reserved 1136640K
  class space    used 11403K, capacity 11912K, committed 12032K, reserved 1048576K
}
{Heap before GC invocations=108 (full 3):
 PSYoungGen      total 93696K, used 91869K [0x00000000d5580000, 0x00000000dbf80000, 0x0000000100000000)
  eden space 80896K, 99% used [0x00000000d5580000,0x00000000da47f8d0,0x00000000da480000)
  from space 12800K, 85% used [0x00000000db300000,0x00000000dbdb7c70,0x00000000dbf80000)
  to   space 13824K, 0% used [0x00000000da480000,0x00000000da480000,0x00000000db200000)
 ParOldGen       total 214528K, used 103775K [0x0000000080000000, 0x000000008d180000, 0x00000000d5580000)
  object space 214528K, 48% used [0x0000000080000000,0x0000000086557e48,0x000000008d180000)
 Metaspace       used 95293K, capacity 98348K, committed 98560K, reserved 1136640K
  class space    used 11403K, capacity 11912K, committed 12032K, reserved 1048576K
2023-09-04T20:39:29.927+0600: 597136.421: [GC (Allocation Failure) [PSYoungGen: 91869K->9375K(89600K)] 195644K->113182K(304128K), 0.0179874 secs] [Times: user=0.03 sys=0.00, real=0.02 secs] 
Heap after GC invocations=108 (full 3):
 PSYoungGen      total 89600K, used 9375K [0x00000000d5580000, 0x00000000dbd80000, 0x0000000100000000)
  eden space 79872K, 0% used [0x00000000d5580000,0x00000000d5580000,0x00000000da380000)
  from space 9728K, 96% used [0x00000000da480000,0x00000000dada7c40,0x00000000dae00000)
  to   space 13312K, 0% used [0x00000000db080000,0x00000000db080000,0x00000000dbd80000)
 ParOldGen       total 214528K, used 103807K [0x0000000080000000, 0x000000008d180000, 0x00000000d5580000)
  object space 214528K, 48% used [0x0000000080000000,0x000000008655fce8,0x000000008d180000)
 Metaspace       used 95293K, capacity 98348K, committed 98560K, reserved 1136640K
  class space    used 11403K, capacity 11912K, committed 12032K, reserved 1048576K
}
{Heap before GC invocations=109 (full 3):
 PSYoungGen      total 89600K, used 89247K [0x00000000d5580000, 0x00000000dbd80000, 0x0000000100000000)
  eden space 79872K, 100% used [0x00000000d5580000,0x00000000da380000,0x00000000da380000)
  from space 9728K, 96% used [0x00000000da480000,0x00000000dada7c40,0x00000000dae00000)
  to   space 13312K, 0% used [0x00000000db080000,0x00000000db080000,0x00000000dbd80000)
 ParOldGen       total 214528K, used 103807K [0x0000000080000000, 0x000000008d180000, 0x00000000d5580000)
  object space 214528K, 48% used [0x0000000080000000,0x000000008655fce8,0x000000008d180000)
 Metaspace       used 95293K, capacity 98348K, committed 98560K, reserved 1136640K
  class space    used 11403K, capacity 11912K, committed 12032K, reserved 1048576K
2023-09-04T21:37:28.417+0600: 600614.911: [GC (Allocation Failure) [PSYoungGen: 89247K->6609K(92160K)] 193054K->110432K(306688K), 0.0216124 secs] [Times: user=0.03 sys=0.00, real=0.03 secs] 
Heap after GC invocations=109 (full 3):
 PSYoungGen      total 92160K, used 6609K [0x00000000d5580000, 0x00000000dbd80000, 0x0000000100000000)
  eden space 78848K, 0% used [0x00000000d5580000,0x00000000d5580000,0x00000000da280000)
  from space 13312K, 49% used [0x00000000db080000,0x00000000db6f44c0,0x00000000dbd80000)
  to   space 13824K, 0% used [0x00000000da280000,0x00000000da280000,0x00000000db000000)
 ParOldGen       total 214528K, used 103823K [0x0000000080000000, 0x000000008d180000, 0x00000000d5580000)
  object space 214528K, 48% used [0x0000000080000000,0x0000000086563ce8,0x000000008d180000)
 Metaspace       used 95293K, capacity 98348K, committed 98560K, reserved 1136640K
  class space    used 11403K, capacity 11912K, committed 12032K, reserved 1048576K
}
{Heap before GC invocations=110 (full 3):
 PSYoungGen      total 92160K, used 85457K [0x00000000d5580000, 0x00000000dbd80000, 0x0000000100000000)
  eden space 78848K, 100% used [0x00000000d5580000,0x00000000da280000,0x00000000da280000)
  from space 13312K, 49% used [0x00000000db080000,0x00000000db6f44c0,0x00000000dbd80000)
  to   space 13824K, 0% used [0x00000000da280000,0x00000000da280000,0x00000000db000000)
 ParOldGen       total 214528K, used 103823K [0x0000000080000000, 0x000000008d180000, 0x00000000d5580000)
  object space 214528K, 48% used [0x0000000080000000,0x0000000086563ce8,0x000000008d180000)
 Metaspace       used 95293K, capacity 98348K, committed 98560K, reserved 1136640K
  class space    used 11403K, capacity 11912K, committed 12032K, reserved 1048576K
2023-09-04T22:39:51.909+0600: 604358.404: [GC (Allocation Failure) [PSYoungGen: 85457K->3584K(81408K)] 189280K->107431K(295936K), 0.0172269 secs] [Times: user=0.03 sys=0.00, real=0.01 secs] 
Heap after GC invocations=110 (full 3):
 PSYoungGen      total 81408K, used 3584K [0x00000000d5580000, 0x00000000dbd80000, 0x0000000100000000)
  eden space 77824K, 0% used [0x00000000d5580000,0x00000000d5580000,0x00000000da180000)
  from space 3584K, 100% used [0x00000000da280000,0x00000000da600000,0x00000000da600000)
  to   space 14336K, 0% used [0x00000000daf80000,0x00000000daf80000,0x00000000dbd80000)
 ParOldGen       total 214528K, used 103847K [0x0000000080000000, 0x000000008d180000, 0x00000000d5580000)
  object space 214528K, 48% used [0x0000000080000000,0x0000000086569c38,0x000000008d180000)
 Metaspace       used 95293K, capacity 98348K, committed 98560K, reserved 1136640K
  class space    used 11403K, capacity 11912K, committed 12032K, reserved 1048576K
}
{Heap before GC invocations=111 (full 3):
 PSYoungGen      total 81408K, used 81408K [0x00000000d5580000, 0x00000000dbd80000, 0x0000000100000000)
  eden space 77824K, 100% used [0x00000000d5580000,0x00000000da180000,0x00000000da180000)
  from space 3584K, 100% used [0x00000000da280000,0x00000000da600000,0x00000000da600000)
  to   space 14336K, 0% used [0x00000000daf80000,0x00000000daf80000,0x00000000dbd80000)
 ParOldGen       total 214528K, used 103847K [0x0000000080000000, 0x000000008d180000, 0x00000000d5580000)
  object space 214528K, 48% used [0x0000000080000000,0x0000000086569c38,0x000000008d180000)
 Metaspace       used 95293K, capacity 98348K, committed 98560K, reserved 1136640K
  class space    used 11403K, capacity 11912K, committed 12032K, reserved 1048576K
2023-09-04T23:42:04.566+0600: 608091.060: [GC (Allocation Failure) [PSYoungGen: 81408K->3488K(90112K)] 185255K->107430K(304640K), 0.0161029 secs] [Times: user=0.03 sys=0.00, real=0.02 secs] 
Heap after GC invocations=111 (full 3):
 PSYoungGen      total 90112K, used 3488K [0x00000000d5580000, 0x00000000dbc80000, 0x0000000100000000)
  eden space 76800K, 0% used [0x00000000d5580000,0x00000000d5580000,0x00000000da080000)
  from space 13312K, 26% used [0x00000000daf80000,0x00000000db2e8000,0x00000000dbc80000)
  to   space 14336K, 0% used [0x00000000da080000,0x00000000da080000,0x00000000dae80000)
 ParOldGen       total 214528K, used 103942K [0x0000000080000000, 0x000000008d180000, 0x00000000d5580000)
  object space 214528K, 48% used [0x0000000080000000,0x0000000086581bb8,0x000000008d180000)
 Metaspace       used 95293K, capacity 98348K, committed 98560K, reserved 1136640K
  class space    used 11403K, capacity 11912K, committed 12032K, reserved 1048576K
}
{Heap before GC invocations=112 (full 3):
 PSYoungGen      total 90112K, used 80288K [0x00000000d5580000, 0x00000000dbc80000, 0x0000000100000000)
  eden space 76800K, 100% used [0x00000000d5580000,0x00000000da080000,0x00000000da080000)
  from space 13312K, 26% used [0x00000000daf80000,0x00000000db2e8000,0x00000000dbc80000)
  to   space 14336K, 0% used [0x00000000da080000,0x00000000da080000,0x00000000dae80000)
 ParOldGen       total 214528K, used 103942K [0x0000000080000000, 0x000000008d180000, 0x00000000d5580000)
  object space 214528K, 48% used [0x0000000080000000,0x0000000086581bb8,0x000000008d180000)
 Metaspace       used 95298K, capacity 98354K, committed 98560K, reserved 1136640K
  class space    used 11404K, capacity 11913K, committed 12032K, reserved 1048576K
2023-09-05T00:07:57.306+0600: 609643.800: [GC (Allocation Failure) [PSYoungGen: 80288K->6455K(82432K)] 184230K->110526K(296960K), 0.0199786 secs] [Times: user=0.03 sys=0.00, real=0.02 secs] 
Heap after GC invocations=112 (full 3):
 PSYoungGen      total 82432K, used 6455K [0x00000000d5580000, 0x00000000dbb80000, 0x0000000100000000)
  eden space 75776K, 0% used [0x00000000d5580000,0x00000000d5580000,0x00000000d9f80000)
  from space 6656K, 96% used [0x00000000da080000,0x00000000da6cdf60,0x00000000da700000)
  to   space 14336K, 0% used [0x00000000dad80000,0x00000000dad80000,0x00000000dbb80000)
 ParOldGen       total 214528K, used 104070K [0x0000000080000000, 0x000000008d180000, 0x00000000d5580000)
  object space 214528K, 48% used [0x0000000080000000,0x00000000865a1a88,0x000000008d180000)
 Metaspace       used 95298K, capacity 98354K, committed 98560K, reserved 1136640K
  class space    used 11404K, capacity 11913K, committed 12032K, reserved 1048576K
}
{Heap before GC invocations=113 (full 3):
 PSYoungGen      total 82432K, used 82231K [0x00000000d5580000, 0x00000000dbb80000, 0x0000000100000000)
  eden space 75776K, 100% used [0x00000000d5580000,0x00000000d9f80000,0x00000000d9f80000)
  from space 6656K, 96% used [0x00000000da080000,0x00000000da6cdf60,0x00000000da700000)
  to   space 14336K, 0% used [0x00000000dad80000,0x00000000dad80000,0x00000000dbb80000)
 ParOldGen       total 214528K, used 104070K [0x0000000080000000, 0x000000008d180000, 0x00000000d5580000)
  object space 214528K, 48% used [0x0000000080000000,0x00000000865a1a88,0x000000008d180000)
 Metaspace       used 95303K, capacity 98360K, committed 98560K, reserved 1136640K
  class space    used 11404K, capacity 11914K, committed 12032K, reserved 1048576K
2023-09-05T00:58:38.967+0600: 612685.462: [GC (Allocation Failure) [PSYoungGen: 82231K->6372K(87040K)] 186302K->110522K(301568K), 0.0195893 secs] [Times: user=0.03 sys=0.00, real=0.02 secs] 
Heap after GC invocations=113 (full 3):
 PSYoungGen      total 87040K, used 6372K [0x00000000d5580000, 0x00000000db980000, 0x0000000100000000)
  eden space 74752K, 0% used [0x00000000d5580000,0x00000000d5580000,0x00000000d9e80000)
  from space 12288K, 51% used [0x00000000dad80000,0x00000000db3b9280,0x00000000db980000)
  to   space 13824K, 0% used [0x00000000d9e80000,0x00000000d9e80000,0x00000000dac00000)
 ParOldGen       total 214528K, used 104149K [0x0000000080000000, 0x000000008d180000, 0x00000000d5580000)
  object space 214528K, 48% used [0x0000000080000000,0x00000000865b57c8,0x000000008d180000)
 Metaspace       used 95303K, capacity 98360K, committed 98560K, reserved 1136640K
  class space    used 11404K, capacity 11914K, committed 12032K, reserved 1048576K
}
{Heap before GC invocations=114 (full 3):
 PSYoungGen      total 87040K, used 81124K [0x00000000d5580000, 0x00000000db980000, 0x0000000100000000)
  eden space 74752K, 100% used [0x00000000d5580000,0x00000000d9e80000,0x00000000d9e80000)
  from space 12288K, 51% used [0x00000000dad80000,0x00000000db3b9280,0x00000000db980000)
  to   space 13824K, 0% used [0x00000000d9e80000,0x00000000d9e80000,0x00000000dac00000)
 ParOldGen       total 214528K, used 104149K [0x0000000080000000, 0x000000008d180000, 0x00000000d5580000)
  object space 214528K, 48% used [0x0000000080000000,0x00000000865b57c8,0x000000008d180000)
 Metaspace       used 95303K, capacity 98360K, committed 98560K, reserved 1136640K
  class space    used 11404K, capacity 11914K, committed 12032K, reserved 1048576K
2023-09-05T02:00:36.985+0600: 616403.479: [GC (Allocation Failure) [PSYoungGen: 81124K->3424K(77312K)] 185274K->107660K(291840K), 0.0137063 secs] [Times: user=0.03 sys=0.00, real=0.02 secs] 
Heap after GC invocations=114 (full 3):
 PSYoungGen      total 77312K, used 3424K [0x00000000d5580000, 0x00000000db980000, 0x0000000100000000)
  eden space 73728K, 0% used [0x00000000d5580000,0x00000000d5580000,0x00000000d9d80000)
  from space 3584K, 95% used [0x00000000d9e80000,0x00000000da1d8000,0x00000000da200000)
  to   space 14336K, 0% used [0x00000000dab80000,0x00000000dab80000,0x00000000db980000)
 ParOldGen       total 214528K, used 104236K [0x0000000080000000, 0x000000008d180000, 0x00000000d5580000)
  object space 214528K, 48% used [0x0000000080000000,0x00000000865cb3a8,0x000000008d180000)
 Metaspace       used 95303K, capacity 98360K, committed 98560K, reserved 1136640K
  class space    used 11404K, capacity 11914K, committed 12032K, reserved 1048576K
}
{Heap before GC invocations=115 (full 3):
 PSYoungGen      total 77312K, used 77152K [0x00000000d5580000, 0x00000000db980000, 0x0000000100000000)
  eden space 73728K, 100% used [0x00000000d5580000,0x00000000d9d80000,0x00000000d9d80000)
  from space 3584K, 95% used [0x00000000d9e80000,0x00000000da1d8000,0x00000000da200000)
  to   space 14336K, 0% used [0x00000000dab80000,0x00000000dab80000,0x00000000db980000)
 ParOldGen       total 214528K, used 104236K [0x0000000080000000, 0x000000008d180000, 0x00000000d5580000)
  object space 214528K, 48% used [0x0000000080000000,0x00000000865cb3a8,0x000000008d180000)
 Metaspace       used 95303K, capacity 98360K, committed 98560K, reserved 1136640K
  class space    used 11404K, capacity 11914K, committed 12032K, reserved 1048576K
2023-09-05T02:48:01.971+0600: 619248.466: [GC (Allocation Failure) [PSYoungGen: 77152K->4434K(84992K)] 181388K->108743K(299520K), 0.0144297 secs] [Times: user=0.03 sys=0.00, real=0.01 secs] 
Heap after GC invocations=115 (full 3):
 PSYoungGen      total 84992K, used 4434K [0x00000000d5580000, 0x00000000db780000, 0x0000000100000000)
  eden space 72704K, 0% used [0x00000000d5580000,0x00000000d5580000,0x00000000d9c80000)
  from space 12288K, 36% used [0x00000000dab80000,0x00000000dafd4950,0x00000000db780000)
  to   space 13824K, 0% used [0x00000000d9c80000,0x00000000d9c80000,0x00000000daa00000)
 ParOldGen       total 214528K, used 104308K [0x0000000080000000, 0x000000008d180000, 0x00000000d5580000)
  object space 214528K, 48% used [0x0000000080000000,0x00000000865dd2f8,0x000000008d180000)
 Metaspace       used 95303K, capacity 98360K, committed 98560K, reserved 1136640K
  class space    used 11404K, capacity 11914K, committed 12032K, reserved 1048576K
}
{Heap before GC invocations=116 (full 3):
 PSYoungGen      total 84992K, used 77138K [0x00000000d5580000, 0x00000000db780000, 0x0000000100000000)
  eden space 72704K, 100% used [0x00000000d5580000,0x00000000d9c80000,0x00000000d9c80000)
  from space 12288K, 36% used [0x00000000dab80000,0x00000000dafd4950,0x00000000db780000)
  to   space 13824K, 0% used [0x00000000d9c80000,0x00000000d9c80000,0x00000000daa00000)
 ParOldGen       total 214528K, used 104308K [0x0000000080000000, 0x000000008d180000, 0x00000000d5580000)
  object space 214528K, 48% used [0x0000000080000000,0x00000000865dd2f8,0x000000008d180000)
 Metaspace       used 95307K, capacity 98366K, committed 98560K, reserved 1136640K
  class space    used 11405K, capacity 11915K, committed 12032K, reserved 1048576K
2023-09-05T03:35:42.912+0600: 622109.406: [GC (Allocation Failure) [PSYoungGen: 77138K->5298K(77312K)] 181447K->109676K(291840K), 0.0202855 secs] [Times: user=0.03 sys=0.00, real=0.02 secs] 
Heap after GC invocations=116 (full 3):
 PSYoungGen      total 77312K, used 5298K [0x00000000d5580000, 0x00000000db680000, 0x0000000100000000)
  eden space 71680K, 0% used [0x00000000d5580000,0x00000000d5580000,0x00000000d9b80000)
  from space 5632K, 94% used [0x00000000d9c80000,0x00000000da1acbd0,0x00000000da200000)
  to   space 13824K, 0% used [0x00000000da900000,0x00000000da900000,0x00000000db680000)
 ParOldGen       total 214528K, used 104377K [0x0000000080000000, 0x000000008d180000, 0x00000000d5580000)
  object space 214528K, 48% used [0x0000000080000000,0x00000000865ee5a8,0x000000008d180000)
 Metaspace       used 95307K, capacity 98366K, committed 98560K, reserved 1136640K
  class space    used 11405K, capacity 11915K, committed 12032K, reserved 1048576K
}
{Heap before GC invocations=117 (full 3):
 PSYoungGen      total 77312K, used 76978K [0x00000000d5580000, 0x00000000db680000, 0x0000000100000000)
  eden space 71680K, 100% used [0x00000000d5580000,0x00000000d9b80000,0x00000000d9b80000)
  from space 5632K, 94% used [0x00000000d9c80000,0x00000000da1acbd0,0x00000000da200000)
  to   space 13824K, 0% used [0x00000000da900000,0x00000000da900000,0x00000000db680000)
 ParOldGen       total 214528K, used 104377K [0x0000000080000000, 0x000000008d180000, 0x00000000d5580000)
  object space 214528K, 48% used [0x0000000080000000,0x00000000865ee5a8,0x000000008d180000)
 Metaspace       used 95307K, capacity 98366K, committed 98560K, reserved 1136640K
  class space    used 11405K, capacity 11915K, committed 12032K, reserved 1048576K
2023-09-05T04:34:14.320+0600: 625620.815: [GC (Allocation Failure) [PSYoungGen: 76978K->3232K(83456K)] 181356K->107625K(297984K), 0.0190520 secs] [Times: user=0.03 sys=0.00, real=0.02 secs] 
Heap after GC invocations=117 (full 3):
 PSYoungGen      total 83456K, used 3232K [0x00000000d5580000, 0x00000000db580000, 0x0000000100000000)
  eden space 70656K, 0% used [0x00000000d5580000,0x00000000d5580000,0x00000000d9a80000)
  from space 12800K, 25% used [0x00000000da900000,0x00000000dac28000,0x00000000db580000)
  to   space 13824K, 0% used [0x00000000d9a80000,0x00000000d9a80000,0x00000000da800000)
 ParOldGen       total 214528K, used 104393K [0x0000000080000000, 0x000000008d180000, 0x00000000d5580000)
  object space 214528K, 48% used [0x0000000080000000,0x00000000865f25a8,0x000000008d180000)
 Metaspace       used 95307K, capacity 98366K, committed 98560K, reserved 1136640K
  class space    used 11405K, capacity 11915K, committed 12032K, reserved 1048576K
}
{Heap before GC invocations=118 (full 3):
 PSYoungGen      total 83456K, used 73888K [0x00000000d5580000, 0x00000000db580000, 0x0000000100000000)
  eden space 70656K, 100% used [0x00000000d5580000,0x00000000d9a80000,0x00000000d9a80000)
  from space 12800K, 25% used [0x00000000da900000,0x00000000dac28000,0x00000000db580000)
  to   space 13824K, 0% used [0x00000000d9a80000,0x00000000d9a80000,0x00000000da800000)
 ParOldGen       total 214528K, used 104393K [0x0000000080000000, 0x000000008d180000, 0x00000000d5580000)
  object space 214528K, 48% used [0x0000000080000000,0x00000000865f25a8,0x000000008d180000)
 Metaspace       used 95307K, capacity 98366K, committed 98560K, reserved 1136640K
  class space    used 11405K, capacity 11915K, committed 12032K, reserved 1048576K
2023-09-05T05:32:45.748+0600: 629132.243: [GC (Allocation Failure) [PSYoungGen: 73888K->3168K(73216K)] 178281K->107624K(287744K), 0.0165103 secs] [Times: user=0.03 sys=0.00, real=0.01 secs] 
Heap after GC invocations=118 (full 3):
 PSYoungGen      total 73216K, used 3168K [0x00000000d5580000, 0x00000000db380000, 0x0000000100000000)
  eden space 69632K, 0% used [0x00000000d5580000,0x00000000d5580000,0x00000000d9980000)
  from space 3584K, 88% used [0x00000000d9a80000,0x00000000d9d98000,0x00000000d9e00000)
  to   space 13312K, 0% used [0x00000000da680000,0x00000000da680000,0x00000000db380000)
 ParOldGen       total 214528K, used 104456K [0x0000000080000000, 0x000000008d180000, 0x00000000d5580000)
  object space 214528K, 48% used [0x0000000080000000,0x00000000866023c8,0x000000008d180000)
 Metaspace       used 95307K, capacity 98366K, committed 98560K, reserved 1136640K
  class space    used 11405K, capacity 11915K, committed 12032K, reserved 1048576K
}
{Heap before GC invocations=119 (full 3):
 PSYoungGen      total 73216K, used 72800K [0x00000000d5580000, 0x00000000db380000, 0x0000000100000000)
  eden space 69632K, 100% used [0x00000000d5580000,0x00000000d9980000,0x00000000d9980000)
  from space 3584K, 88% used [0x00000000d9a80000,0x00000000d9d98000,0x00000000d9e00000)
  to   space 13312K, 0% used [0x00000000da680000,0x00000000da680000,0x00000000db380000)
 ParOldGen       total 214528K, used 104456K [0x0000000080000000, 0x000000008d180000, 0x00000000d5580000)
  object space 214528K, 48% used [0x0000000080000000,0x00000000866023c8,0x000000008d180000)
 Metaspace       used 95307K, capacity 98366K, committed 98560K, reserved 1136640K
  class space    used 11405K, capacity 11915K, committed 12032K, reserved 1048576K
2023-09-05T06:30:12.173+0600: 632578.667: [GC (Allocation Failure) [PSYoungGen: 72800K->3104K(80896K)] 177256K->107608K(295424K), 0.0126318 secs] [Times: user=0.03 sys=0.00, real=0.01 secs] 
Heap after GC invocations=119 (full 3):
 PSYoungGen      total 80896K, used 3104K [0x00000000d5580000, 0x00000000db280000, 0x0000000100000000)
  eden space 68608K, 0% used [0x00000000d5580000,0x00000000d5580000,0x00000000d9880000)
  from space 12288K, 25% used [0x00000000da680000,0x00000000da988000,0x00000000db280000)
  to   space 13312K, 0% used [0x00000000d9880000,0x00000000d9880000,0x00000000da580000)
 ParOldGen       total 214528K, used 104504K [0x0000000080000000, 0x000000008d180000, 0x00000000d5580000)
  object space 214528K, 48% used [0x0000000080000000,0x000000008660e108,0x000000008d180000)
 Metaspace       used 95307K, capacity 98366K, committed 98560K, reserved 1136640K
  class space    used 11405K, capacity 11915K, committed 12032K, reserved 1048576K
}
{Heap before GC invocations=120 (full 3):
 PSYoungGen      total 80896K, used 71712K [0x00000000d5580000, 0x00000000db280000, 0x0000000100000000)
  eden space 68608K, 100% used [0x00000000d5580000,0x00000000d9880000,0x00000000d9880000)
  from space 12288K, 25% used [0x00000000da680000,0x00000000da988000,0x00000000db280000)
  to   space 13312K, 0% used [0x00000000d9880000,0x00000000d9880000,0x00000000da580000)
 ParOldGen       total 214528K, used 104504K [0x0000000080000000, 0x000000008d180000, 0x00000000d5580000)
  object space 214528K, 48% used [0x0000000080000000,0x000000008660e108,0x000000008d180000)
 Metaspace       used 95307K, capacity 98366K, committed 98560K, reserved 1136640K
  class space    used 11405K, capacity 11915K, committed 12032K, reserved 1048576K
2023-09-05T07:27:38.630+0600: 636025.124: [GC (Allocation Failure) [PSYoungGen: 71712K->3104K(71168K)] 176216K->107640K(285696K), 0.0196708 secs] [Times: user=0.04 sys=0.00, real=0.02 secs] 
Heap after GC invocations=120 (full 3):
 PSYoungGen      total 71168K, used 3104K [0x00000000d5580000, 0x00000000db180000, 0x0000000100000000)
  eden space 67584K, 0% used [0x00000000d5580000,0x00000000d5580000,0x00000000d9780000)
  from space 3584K, 86% used [0x00000000d9880000,0x00000000d9b88000,0x00000000d9c00000)
  to   space 13312K, 0% used [0x00000000da480000,0x00000000da480000,0x00000000db180000)
 ParOldGen       total 214528K, used 104536K [0x0000000080000000, 0x000000008d180000, 0x00000000d5580000)
  object space 214528K, 48% used [0x0000000080000000,0x0000000086616058,0x000000008d180000)
 Metaspace       used 95307K, capacity 98366K, committed 98560K, reserved 1136640K
  class space    used 11405K, capacity 11915K, committed 12032K, reserved 1048576K
}
{Heap before GC invocations=121 (full 3):
 PSYoungGen      total 71168K, used 70688K [0x00000000d5580000, 0x00000000db180000, 0x0000000100000000)
  eden space 67584K, 100% used [0x00000000d5580000,0x00000000d9780000,0x00000000d9780000)
  from space 3584K, 86% used [0x00000000d9880000,0x00000000d9b88000,0x00000000d9c00000)
  to   space 13312K, 0% used [0x00000000da480000,0x00000000da480000,0x00000000db180000)
 ParOldGen       total 214528K, used 104536K [0x0000000080000000, 0x000000008d180000, 0x00000000d5580000)
  object space 214528K, 48% used [0x0000000080000000,0x0000000086616058,0x000000008d180000)
 Metaspace       used 95307K, capacity 98366K, committed 98560K, reserved 1136640K
  class space    used 11405K, capacity 11915K, committed 12032K, reserved 1048576K
2023-09-05T08:18:35.012+0600: 639081.506: [GC (Allocation Failure) [PSYoungGen: 70688K->3232K(78848K)] 175224K->107799K(293376K), 0.0143337 secs] [Times: user=0.03 sys=0.00, real=0.01 secs] 
Heap after GC invocations=121 (full 3):
 PSYoungGen      total 78848K, used 3232K [0x00000000d5580000, 0x00000000db000000, 0x0000000100000000)
  eden space 67072K, 0% used [0x00000000d5580000,0x00000000d5580000,0x00000000d9700000)
  from space 11776K, 27% used [0x00000000da480000,0x00000000da7a8010,0x00000000db000000)
  to   space 12800K, 0% used [0x00000000d9700000,0x00000000d9700000,0x00000000da380000)
 ParOldGen       total 214528K, used 104567K [0x0000000080000000, 0x000000008d180000, 0x00000000d5580000)
  object space 214528K, 48% used [0x0000000080000000,0x000000008661dfa8,0x000000008d180000)
 Metaspace       used 95307K, capacity 98366K, committed 98560K, reserved 1136640K
  class space    used 11405K, capacity 11915K, committed 12032K, reserved 1048576K
}
{Heap before GC invocations=122 (full 3):
 PSYoungGen      total 78848K, used 70302K [0x00000000d5580000, 0x00000000db000000, 0x0000000100000000)
  eden space 67072K, 99% used [0x00000000d5580000,0x00000000d96ffae0,0x00000000d9700000)
  from space 11776K, 27% used [0x00000000da480000,0x00000000da7a8010,0x00000000db000000)
  to   space 12800K, 0% used [0x00000000d9700000,0x00000000d9700000,0x00000000da380000)
 ParOldGen       total 214528K, used 104567K [0x0000000080000000, 0x000000008d180000, 0x00000000d5580000)
  object space 214528K, 48% used [0x0000000080000000,0x000000008661dfa8,0x000000008d180000)
 Metaspace       used 95308K, capacity 98366K, committed 98560K, reserved 1136640K
  class space    used 11405K, capacity 11915K, committed 12032K, reserved 1048576K
2023-09-05T09:08:15.277+0600: 642061.771: [GC (Allocation Failure) [PSYoungGen: 70302K->3360K(70144K)] 174870K->107951K(284672K), 0.0119734 secs] [Times: user=0.02 sys=0.01, real=0.02 secs] 
Heap after GC invocations=122 (full 3):
 PSYoungGen      total 70144K, used 3360K [0x00000000d5580000, 0x00000000dae80000, 0x0000000100000000)
  eden space 66560K, 0% used [0x00000000d5580000,0x00000000d5580000,0x00000000d9680000)
  from space 3584K, 93% used [0x00000000d9700000,0x00000000d9a48020,0x00000000d9a80000)
  to   space 12288K, 0% used [0x00000000da280000,0x00000000da280000,0x00000000dae80000)
 ParOldGen       total 214528K, used 104591K [0x0000000080000000, 0x000000008d180000, 0x00000000d5580000)
  object space 214528K, 48% used [0x0000000080000000,0x0000000086623fa8,0x000000008d180000)
 Metaspace       used 95308K, capacity 98366K, committed 98560K, reserved 1136640K
  class space    used 11405K, capacity 11915K, committed 12032K, reserved 1048576K
}
{Heap before GC invocations=123 (full 3):
 PSYoungGen      total 70144K, used 69920K [0x00000000d5580000, 0x00000000dae80000, 0x0000000100000000)
  eden space 66560K, 100% used [0x00000000d5580000,0x00000000d9680000,0x00000000d9680000)
  from space 3584K, 93% used [0x00000000d9700000,0x00000000d9a48020,0x00000000d9a80000)
  to   space 12288K, 0% used [0x00000000da280000,0x00000000da280000,0x00000000dae80000)
 ParOldGen       total 214528K, used 104591K [0x0000000080000000, 0x000000008d180000, 0x00000000d5580000)
  object space 214528K, 48% used [0x0000000080000000,0x0000000086623fa8,0x000000008d180000)
 Metaspace       used 95314K, capacity 98366K, committed 98560K, reserved 1136640K
  class space    used 11405K, capacity 11915K, committed 12032K, reserved 1048576K
2023-09-05T09:53:17.949+0600: 644764.444: [GC (Allocation Failure) [PSYoungGen: 69920K->4240K(76800K)] 174511K->108955K(291328K), 0.0122943 secs] [Times: user=0.02 sys=0.00, real=0.01 secs] 
Heap after GC invocations=123 (full 3):
 PSYoungGen      total 76800K, used 4240K [0x00000000d5580000, 0x00000000dad00000, 0x0000000100000000)
  eden space 66048K, 0% used [0x00000000d5580000,0x00000000d5580000,0x00000000d9600000)
  from space 10752K, 39% used [0x00000000da280000,0x00000000da6a4290,0x00000000dad00000)
  to   space 11776K, 0% used [0x00000000d9600000,0x00000000d9600000,0x00000000da180000)
 ParOldGen       total 214528K, used 104715K [0x0000000080000000, 0x000000008d180000, 0x00000000d5580000)
  object space 214528K, 48% used [0x0000000080000000,0x0000000086642cf8,0x000000008d180000)
 Metaspace       used 95314K, capacity 98366K, committed 98560K, reserved 1136640K
  class space    used 11405K, capacity 11915K, committed 12032K, reserved 1048576K
}
{Heap before GC invocations=124 (full 3):
 PSYoungGen      total 76800K, used 70288K [0x00000000d5580000, 0x00000000dad00000, 0x0000000100000000)
  eden space 66048K, 100% used [0x00000000d5580000,0x00000000d9600000,0x00000000d9600000)
  from space 10752K, 39% used [0x00000000da280000,0x00000000da6a4290,0x00000000dad00000)
  to   space 11776K, 0% used [0x00000000d9600000,0x00000000d9600000,0x00000000da180000)
 ParOldGen       total 214528K, used 104715K [0x0000000080000000, 0x000000008d180000, 0x00000000d5580000)
  object space 214528K, 48% used [0x0000000080000000,0x0000000086642cf8,0x000000008d180000)
 Metaspace       used 95342K, capacity 98420K, committed 98560K, reserved 1136640K
  class space    used 11411K, capacity 11924K, committed 12032K, reserved 1048576K
2023-09-05T10:21:17.459+0600: 646443.953: [GC (Allocation Failure) [PSYoungGen: 70288K->5892K(71680K)] 175003K->110623K(286208K), 0.0170318 secs] [Times: user=0.03 sys=0.00, real=0.01 secs] 
Heap after GC invocations=124 (full 3):
 PSYoungGen      total 71680K, used 5892K [0x00000000d5580000, 0x00000000dab80000, 0x0000000100000000)
  eden space 65536K, 0% used [0x00000000d5580000,0x00000000d5580000,0x00000000d9580000)
  from space 6144K, 95% used [0x00000000d9600000,0x00000000d9bc1050,0x00000000d9c00000)
  to   space 11264K, 0% used [0x00000000da080000,0x00000000da080000,0x00000000dab80000)
 ParOldGen       total 214528K, used 104731K [0x0000000080000000, 0x000000008d180000, 0x00000000d5580000)
  object space 214528K, 48% used [0x0000000080000000,0x0000000086646cf8,0x000000008d180000)
 Metaspace       used 95342K, capacity 98420K, committed 98560K, reserved 1136640K
  class space    used 11411K, capacity 11924K, committed 12032K, reserved 1048576K
}
{Heap before GC invocations=125 (full 3):
 PSYoungGen      total 71680K, used 71428K [0x00000000d5580000, 0x00000000dab80000, 0x0000000100000000)
  eden space 65536K, 100% used [0x00000000d5580000,0x00000000d9580000,0x00000000d9580000)
  from space 6144K, 95% used [0x00000000d9600000,0x00000000d9bc1050,0x00000000d9c00000)
  to   space 11264K, 0% used [0x00000000da080000,0x00000000da080000,0x00000000dab80000)
 ParOldGen       total 214528K, used 104731K [0x0000000080000000, 0x000000008d180000, 0x00000000d5580000)
  object space 214528K, 48% used [0x0000000080000000,0x0000000086646cf8,0x000000008d180000)
 Metaspace       used 95351K, capacity 98432K, committed 98560K, reserved 1136640K
  class space    used 11412K, capacity 11926K, committed 12032K, reserved 1048576K
2023-09-05T10:36:26.761+0600: 647353.255: [GC (Allocation Failure) [PSYoungGen: 71428K->8024K(76288K)] 176159K->112755K(290816K), 0.0188891 secs] [Times: user=0.03 sys=0.00, real=0.02 secs] 
Heap after GC invocations=125 (full 3):
 PSYoungGen      total 76288K, used 8024K [0x00000000d5580000, 0x00000000dac00000, 0x0000000100000000)
  eden space 65024K, 0% used [0x00000000d5580000,0x00000000d5580000,0x00000000d9500000)
  from space 11264K, 71% used [0x00000000da080000,0x00000000da856040,0x00000000dab80000)
  to   space 11776K, 0% used [0x00000000d9500000,0x00000000d9500000,0x00000000da080000)
 ParOldGen       total 214528K, used 104731K [0x0000000080000000, 0x000000008d180000, 0x00000000d5580000)
  object space 214528K, 48% used [0x0000000080000000,0x0000000086646cf8,0x000000008d180000)
 Metaspace       used 95351K, capacity 98432K, committed 98560K, reserved 1136640K
  class space    used 11412K, capacity 11926K, committed 12032K, reserved 1048576K
}
{Heap before GC invocations=126 (full 3):
 PSYoungGen      total 76288K, used 73048K [0x00000000d5580000, 0x00000000dac00000, 0x0000000100000000)
  eden space 65024K, 100% used [0x00000000d5580000,0x00000000d9500000,0x00000000d9500000)
  from space 11264K, 71% used [0x00000000da080000,0x00000000da856040,0x00000000dab80000)
  to   space 11776K, 0% used [0x00000000d9500000,0x00000000d9500000,0x00000000da080000)
 ParOldGen       total 214528K, used 104731K [0x0000000080000000, 0x000000008d180000, 0x00000000d5580000)
  object space 214528K, 48% used [0x0000000080000000,0x0000000086646cf8,0x000000008d180000)
 Metaspace       used 95357K, capacity 98432K, committed 98560K, reserved 1136640K
  class space    used 11412K, capacity 11926K, committed 12032K, reserved 1048576K
2023-09-05T11:01:28.328+0600: 648854.823: [GC (Allocation Failure) [PSYoungGen: 73048K->7897K(76288K)] 177779K->112628K(290816K), 0.0213958 secs] [Times: user=0.03 sys=0.00, real=0.02 secs] 
Heap after GC invocations=126 (full 3):
 PSYoungGen      total 76288K, used 7897K [0x00000000d5580000, 0x00000000dac80000, 0x0000000100000000)
  eden space 64512K, 0% used [0x00000000d5580000,0x00000000d5580000,0x00000000d9480000)
  from space 11776K, 67% used [0x00000000d9500000,0x00000000d9cb6680,0x00000000da080000)
  to   space 12288K, 0% used [0x00000000da080000,0x00000000da080000,0x00000000dac80000)
 ParOldGen       total 214528K, used 104731K [0x0000000080000000, 0x000000008d180000, 0x00000000d5580000)
  object space 214528K, 48% used [0x0000000080000000,0x0000000086646cf8,0x000000008d180000)
 Metaspace       used 95357K, capacity 98432K, committed 98560K, reserved 1136640K
  class space    used 11412K, capacity 11926K, committed 12032K, reserved 1048576K
}
{Heap before GC invocations=127 (full 3):
 PSYoungGen      total 76288K, used 72409K [0x00000000d5580000, 0x00000000dac80000, 0x0000000100000000)
  eden space 64512K, 100% used [0x00000000d5580000,0x00000000d9480000,0x00000000d9480000)
  from space 11776K, 67% used [0x00000000d9500000,0x00000000d9cb6680,0x00000000da080000)
  to   space 12288K, 0% used [0x00000000da080000,0x00000000da080000,0x00000000dac80000)
 ParOldGen       total 214528K, used 104731K [0x0000000080000000, 0x000000008d180000, 0x00000000d5580000)
  object space 214528K, 48% used [0x0000000080000000,0x0000000086646cf8,0x000000008d180000)
 Metaspace       used 95364K, capacity 98432K, committed 98560K, reserved 1136640K
  class space    used 11412K, capacity 11926K, committed 12032K, reserved 1048576K
2023-09-05T11:34:09.403+0600: 650815.897: [GC (Allocation Failure) [PSYoungGen: 72409K->6982K(75776K)] 177140K->111769K(290304K), 0.0227557 secs] [Times: user=0.04 sys=0.00, real=0.02 secs] 
Heap after GC invocations=127 (full 3):
 PSYoungGen      total 75776K, used 6982K [0x00000000d5580000, 0x00000000dac00000, 0x0000000100000000)
  eden space 64000K, 0% used [0x00000000d5580000,0x00000000d5580000,0x00000000d9400000)
  from space 11776K, 59% used [0x00000000da080000,0x00000000da751910,0x00000000dac00000)
  to   space 12288K, 0% used [0x00000000d9400000,0x00000000d9400000,0x00000000da000000)
 ParOldGen       total 214528K, used 104787K [0x0000000080000000, 0x000000008d180000, 0x00000000d5580000)
  object space 214528K, 48% used [0x0000000080000000,0x0000000086654cf8,0x000000008d180000)
 Metaspace       used 95364K, capacity 98432K, committed 98560K, reserved 1136640K
  class space    used 11412K, capacity 11926K, committed 12032K, reserved 1048576K
}
{Heap before GC invocations=128 (full 3):
 PSYoungGen      total 75776K, used 70982K [0x00000000d5580000, 0x00000000dac00000, 0x0000000100000000)
  eden space 64000K, 100% used [0x00000000d5580000,0x00000000d9400000,0x00000000d9400000)
  from space 11776K, 59% used [0x00000000da080000,0x00000000da751910,0x00000000dac00000)
  to   space 12288K, 0% used [0x00000000d9400000,0x00000000d9400000,0x00000000da000000)
 ParOldGen       total 214528K, used 104787K [0x0000000080000000, 0x000000008d180000, 0x00000000d5580000)
  object space 214528K, 48% used [0x0000000080000000,0x0000000086654cf8,0x000000008d180000)
 Metaspace       used 95364K, capacity 98432K, committed 98560K, reserved 1136640K
  class space    used 11412K, capacity 11926K, committed 12032K, reserved 1048576K
2023-09-05T12:01:56.880+0600: 652483.374: [GC (Allocation Failure) [PSYoungGen: 70982K->6759K(71168K)] 175769K->111571K(285696K), 0.0226954 secs] [Times: user=0.04 sys=0.00, real=0.02 secs] 
Heap after GC invocations=128 (full 3):
 PSYoungGen      total 71168K, used 6759K [0x00000000d5580000, 0x00000000daa80000, 0x0000000100000000)
  eden space 64000K, 0% used [0x00000000d5580000,0x00000000d5580000,0x00000000d9400000)
  from space 7168K, 94% used [0x00000000d9400000,0x00000000d9a99f90,0x00000000d9b00000)
  to   space 11776K, 0% used [0x00000000d9f00000,0x00000000d9f00000,0x00000000daa80000)
 ParOldGen       total 214528K, used 104811K [0x0000000080000000, 0x000000008d180000, 0x00000000d5580000)
  object space 214528K, 48% used [0x0000000080000000,0x000000008665acf8,0x000000008d180000)
 Metaspace       used 95364K, capacity 98432K, committed 98560K, reserved 1136640K
  class space    used 11412K, capacity 11926K, committed 12032K, reserved 1048576K
}
{Heap before GC invocations=129 (full 3):
 PSYoungGen      total 71168K, used 50189K [0x00000000d5580000, 0x00000000daa80000, 0x0000000100000000)
  eden space 64000K, 67% used [0x00000000d5580000,0x00000000d7fe97e8,0x00000000d9400000)
  from space 7168K, 94% used [0x00000000d9400000,0x00000000d9a99f90,0x00000000d9b00000)
  to   space 11776K, 0% used [0x00000000d9f00000,0x00000000d9f00000,0x00000000daa80000)
 ParOldGen       total 214528K, used 104811K [0x0000000080000000, 0x000000008d180000, 0x00000000d5580000)
  object space 214528K, 48% used [0x0000000080000000,0x000000008665acf8,0x000000008d180000)
 Metaspace       used 95375K, capacity 98458K, committed 98560K, reserved 1136640K
  class space    used 11415K, capacity 11931K, committed 12032K, reserved 1048576K
2023-09-05T12:21:56.918+0600: 653683.412: [GC (Metadata GC Threshold) [PSYoungGen: 50189K->5861K(75776K)] 155001K->110680K(290304K), 0.0122049 secs] [Times: user=0.02 sys=0.00, real=0.02 secs] 
Heap after GC invocations=129 (full 3):
 PSYoungGen      total 75776K, used 5861K [0x00000000d5580000, 0x00000000daa80000, 0x0000000100000000)
  eden space 64000K, 0% used [0x00000000d5580000,0x00000000d5580000,0x00000000d9400000)
  from space 11776K, 49% used [0x00000000d9f00000,0x00000000da4b9670,0x00000000daa80000)
  to   space 11264K, 0% used [0x00000000d9400000,0x00000000d9400000,0x00000000d9f00000)
 ParOldGen       total 214528K, used 104819K [0x0000000080000000, 0x000000008d180000, 0x00000000d5580000)
  object space 214528K, 48% used [0x0000000080000000,0x000000008665ccf8,0x000000008d180000)
 Metaspace       used 95375K, capacity 98458K, committed 98560K, reserved 1136640K
  class space    used 11415K, capacity 11931K, committed 12032K, reserved 1048576K
}
{Heap before GC invocations=130 (full 4):
 PSYoungGen      total 75776K, used 5861K [0x00000000d5580000, 0x00000000daa80000, 0x0000000100000000)
  eden space 64000K, 0% used [0x00000000d5580000,0x00000000d5580000,0x00000000d9400000)
  from space 11776K, 49% used [0x00000000d9f00000,0x00000000da4b9670,0x00000000daa80000)
  to   space 11264K, 0% used [0x00000000d9400000,0x00000000d9400000,0x00000000d9f00000)
 ParOldGen       total 214528K, used 104819K [0x0000000080000000, 0x000000008d180000, 0x00000000d5580000)
  object space 214528K, 48% used [0x0000000080000000,0x000000008665ccf8,0x000000008d180000)
 Metaspace       used 95375K, capacity 98458K, committed 98560K, reserved 1136640K
  class space    used 11415K, capacity 11931K, committed 12032K, reserved 1048576K
2023-09-05T12:21:56.930+0600: 653683.425: [Full GC (Metadata GC Threshold) [PSYoungGen: 5861K->0K(75776K)] [ParOldGen: 104819K->58148K(314880K)] 110680K->58148K(390656K), [Metaspace: 95375K->94165K(1136640K)], 0.5596738 secs] [Times: user=0.72 sys=0.00, real=0.56 secs] 
Heap after GC invocations=130 (full 4):
 PSYoungGen      total 75776K, used 0K [0x00000000d5580000, 0x00000000daa80000, 0x0000000100000000)
  eden space 64000K, 0% used [0x00000000d5580000,0x00000000d5580000,0x00000000d9400000)
  from space 11776K, 0% used [0x00000000d9f00000,0x00000000d9f00000,0x00000000daa80000)
  to   space 11264K, 0% used [0x00000000d9400000,0x00000000d9400000,0x00000000d9f00000)
 ParOldGen       total 314880K, used 58148K [0x0000000080000000, 0x0000000093380000, 0x00000000d5580000)
  object space 314880K, 18% used [0x0000000080000000,0x00000000838c93d0,0x0000000093380000)
 Metaspace       used 94165K, capacity 96152K, committed 98560K, reserved 1136640K
  class space    used 11199K, capacity 11542K, committed 12032K, reserved 1048576K
}
{Heap before GC invocations=131 (full 4):
 PSYoungGen      total 75776K, used 63976K [0x00000000d5580000, 0x00000000daa80000, 0x0000000100000000)
  eden space 64000K, 99% used [0x00000000d5580000,0x00000000d93fa1a0,0x00000000d9400000)
  from space 11776K, 0% used [0x00000000d9f00000,0x00000000d9f00000,0x00000000daa80000)
  to   space 11264K, 0% used [0x00000000d9400000,0x00000000d9400000,0x00000000d9f00000)
 ParOldGen       total 314880K, used 58148K [0x0000000080000000, 0x0000000093380000, 0x00000000d5580000)
  object space 314880K, 18% used [0x0000000080000000,0x00000000838c93d0,0x0000000093380000)
 Metaspace       used 94175K, capacity 96186K, committed 98560K, reserved 1136640K
  class space    used 11202K, capacity 11547K, committed 12032K, reserved 1048576K
2023-09-05T13:00:06.698+0600: 655973.193: [GC (Allocation Failure) [PSYoungGen: 63976K->3633K(75264K)] 122125K->61790K(390144K), 0.0153818 secs] [Times: user=0.03 sys=0.00, real=0.01 secs] 
Heap after GC invocations=131 (full 4):
 PSYoungGen      total 75264K, used 3633K [0x00000000d5580000, 0x00000000daa80000, 0x0000000100000000)
  eden space 64000K, 0% used [0x00000000d5580000,0x00000000d5580000,0x00000000d9400000)
  from space 11264K, 32% used [0x00000000d9400000,0x00000000d978c4a0,0x00000000d9f00000)
  to   space 11264K, 0% used [0x00000000d9f80000,0x00000000d9f80000,0x00000000daa80000)
 ParOldGen       total 314880K, used 58156K [0x0000000080000000, 0x0000000093380000, 0x00000000d5580000)
  object space 314880K, 18% used [0x0000000080000000,0x00000000838cb3d0,0x0000000093380000)
 Metaspace       used 94175K, capacity 96186K, committed 98560K, reserved 1136640K
  class space    used 11202K, capacity 11547K, committed 12032K, reserved 1048576K
}
{Heap before GC invocations=132 (full 4):
 PSYoungGen      total 75264K, used 67633K [0x00000000d5580000, 0x00000000daa80000, 0x0000000100000000)
  eden space 64000K, 100% used [0x00000000d5580000,0x00000000d9400000,0x00000000d9400000)
  from space 11264K, 32% used [0x00000000d9400000,0x00000000d978c4a0,0x00000000d9f00000)
  to   space 11264K, 0% used [0x00000000d9f80000,0x00000000d9f80000,0x00000000daa80000)
 ParOldGen       total 314880K, used 58156K [0x0000000080000000, 0x0000000093380000, 0x00000000d5580000)
  object space 314880K, 18% used [0x0000000080000000,0x00000000838cb3d0,0x0000000093380000)
 Metaspace       used 94177K, capacity 96186K, committed 98560K, reserved 1136640K
  class space    used 11203K, capacity 11547K, committed 12032K, reserved 1048576K
2023-09-05T13:32:14.576+0600: 657901.071: [GC (Allocation Failure) [PSYoungGen: 67633K->4887K(76288K)] 125790K->63044K(391168K), 0.0147673 secs] [Times: user=0.03 sys=0.00, real=0.02 secs] 
Heap after GC invocations=132 (full 4):
 PSYoungGen      total 76288K, used 4887K [0x00000000d5580000, 0x00000000daa80000, 0x0000000100000000)
  eden space 65024K, 0% used [0x00000000d5580000,0x00000000d5580000,0x00000000d9500000)
  from space 11264K, 43% used [0x00000000d9f80000,0x00000000da445f30,0x00000000daa80000)
  to   space 10752K, 0% used [0x00000000d9500000,0x00000000d9500000,0x00000000d9f80000)
 ParOldGen       total 314880K, used 58156K [0x0000000080000000, 0x0000000093380000, 0x00000000d5580000)
  object space 314880K, 18% used [0x0000000080000000,0x00000000838cb3d0,0x0000000093380000)
 Metaspace       used 94177K, capacity 96186K, committed 98560K, reserved 1136640K
  class space    used 11203K, capacity 11547K, committed 12032K, reserved 1048576K
}
{Heap before GC invocations=133 (full 4):
 PSYoungGen      total 76288K, used 69911K [0x00000000d5580000, 0x00000000daa80000, 0x0000000100000000)
  eden space 65024K, 100% used [0x00000000d5580000,0x00000000d9500000,0x00000000d9500000)
  from space 11264K, 43% used [0x00000000d9f80000,0x00000000da445f30,0x00000000daa80000)
  to   space 10752K, 0% used [0x00000000d9500000,0x00000000d9500000,0x00000000d9f80000)
 ParOldGen       total 314880K, used 58156K [0x0000000080000000, 0x0000000093380000, 0x00000000d5580000)
  object space 314880K, 18% used [0x0000000080000000,0x00000000838cb3d0,0x0000000093380000)
 Metaspace       used 94177K, capacity 96186K, committed 98560K, reserved 1136640K
  class space    used 11203K, capacity 11547K, committed 12032K, reserved 1048576K
2023-09-05T14:24:30.910+0600: 661037.404: [GC (Allocation Failure) [PSYoungGen: 69911K->4368K(75776K)] 128068K->62525K(390656K), 0.0145472 secs] [Times: user=0.03 sys=0.00, real=0.01 secs] 
Heap after GC invocations=133 (full 4):
 PSYoungGen      total 75776K, used 4368K [0x00000000d5580000, 0x00000000daa80000, 0x0000000100000000)
  eden space 65024K, 0% used [0x00000000d5580000,0x00000000d5580000,0x00000000d9500000)
  from space 10752K, 40% used [0x00000000d9500000,0x00000000d9944290,0x00000000d9f80000)
  to   space 10240K, 0% used [0x00000000da080000,0x00000000da080000,0x00000000daa80000)
 ParOldGen       total 314880K, used 58156K [0x0000000080000000, 0x0000000093380000, 0x00000000d5580000)
  object space 314880K, 18% used [0x0000000080000000,0x00000000838cb3d0,0x0000000093380000)
 Metaspace       used 94177K, capacity 96186K, committed 98560K, reserved 1136640K
  class space    used 11203K, capacity 11547K, committed 12032K, reserved 1048576K
}
{Heap before GC invocations=134 (full 4):
 PSYoungGen      total 75776K, used 69392K [0x00000000d5580000, 0x00000000daa80000, 0x0000000100000000)
  eden space 65024K, 100% used [0x00000000d5580000,0x00000000d9500000,0x00000000d9500000)
  from space 10752K, 40% used [0x00000000d9500000,0x00000000d9944290,0x00000000d9f80000)
  to   space 10240K, 0% used [0x00000000da080000,0x00000000da080000,0x00000000daa80000)
 ParOldGen       total 314880K, used 58156K [0x0000000080000000, 0x0000000093380000, 0x00000000d5580000)
  object space 314880K, 18% used [0x0000000080000000,0x00000000838cb3d0,0x0000000093380000)
 Metaspace       used 94209K, capacity 96270K, committed 98560K, reserved 1136640K
  class space    used 11211K, capacity 11561K, committed 12032K, reserved 1048576K
2023-09-05T14:50:20.819+0600: 662587.313: [GC (Allocation Failure) [PSYoungGen: 69392K->6485K(76800K)] 127549K->64642K(391680K), 0.0154040 secs] [Times: user=0.03 sys=0.00, real=0.01 secs] 
Heap after GC invocations=134 (full 4):
 PSYoungGen      total 76800K, used 6485K [0x00000000d5580000, 0x00000000daa80000, 0x0000000100000000)
  eden space 66560K, 0% used [0x00000000d5580000,0x00000000d5580000,0x00000000d9680000)
  from space 10240K, 63% used [0x00000000da080000,0x00000000da6d56d0,0x00000000daa80000)
  to   space 10240K, 0% used [0x00000000d9680000,0x00000000d9680000,0x00000000da080000)
 ParOldGen       total 314880K, used 58156K [0x0000000080000000, 0x0000000093380000, 0x00000000d5580000)
  object space 314880K, 18% used [0x0000000080000000,0x00000000838cb3d0,0x0000000093380000)
 Metaspace       used 94209K, capacity 96270K, committed 98560K, reserved 1136640K
  class space    used 11211K, capacity 11561K, committed 12032K, reserved 1048576K
}
{Heap before GC invocations=135 (full 4):
 PSYoungGen      total 76800K, used 73045K [0x00000000d5580000, 0x00000000daa80000, 0x0000000100000000)
  eden space 66560K, 100% used [0x00000000d5580000,0x00000000d9680000,0x00000000d9680000)
  from space 10240K, 63% used [0x00000000da080000,0x00000000da6d56d0,0x00000000daa80000)
  to   space 10240K, 0% used [0x00000000d9680000,0x00000000d9680000,0x00000000da080000)
 ParOldGen       total 314880K, used 58156K [0x0000000080000000, 0x0000000093380000, 0x00000000d5580000)
  object space 314880K, 18% used [0x0000000080000000,0x00000000838cb3d0,0x0000000093380000)
 Metaspace       used 94210K, capacity 96270K, committed 98560K, reserved 1136640K
  class space    used 11211K, capacity 11561K, committed 12032K, reserved 1048576K
2023-09-05T15:17:43.416+0600: 664229.911: [GC (Allocation Failure) [PSYoungGen: 73045K->8068K(76800K)] 131202K->66225K(391680K), 0.0172144 secs] [Times: user=0.02 sys=0.00, real=0.02 secs] 
Heap after GC invocations=135 (full 4):
 PSYoungGen      total 76800K, used 8068K [0x00000000d5580000, 0x00000000dac00000, 0x0000000100000000)
  eden space 66560K, 0% used [0x00000000d5580000,0x00000000d5580000,0x00000000d9680000)
  from space 10240K, 78% used [0x00000000d9680000,0x00000000d9e61090,0x00000000da080000)
  to   space 10752K, 0% used [0x00000000da180000,0x00000000da180000,0x00000000dac00000)
 ParOldGen       total 314880K, used 58156K [0x0000000080000000, 0x0000000093380000, 0x00000000d5580000)
  object space 314880K, 18% used [0x0000000080000000,0x00000000838cb3d0,0x0000000093380000)
 Metaspace       used 94210K, capacity 96270K, committed 98560K, reserved 1136640K
  class space    used 11211K, capacity 11561K, committed 12032K, reserved 1048576K
}
{Heap before GC invocations=136 (full 4):
 PSYoungGen      total 76800K, used 74628K [0x00000000d5580000, 0x00000000dac00000, 0x0000000100000000)
  eden space 66560K, 100% used [0x00000000d5580000,0x00000000d9680000,0x00000000d9680000)
  from space 10240K, 78% used [0x00000000d9680000,0x00000000d9e61090,0x00000000da080000)
  to   space 10752K, 0% used [0x00000000da180000,0x00000000da180000,0x00000000dac00000)
 ParOldGen       total 314880K, used 58156K [0x0000000080000000, 0x0000000093380000, 0x00000000d5580000)
  object space 314880K, 18% used [0x0000000080000000,0x00000000838cb3d0,0x0000000093380000)
 Metaspace       used 94210K, capacity 96270K, committed 98560K, reserved 1136640K
  class space    used 11211K, capacity 11561K, committed 12032K, reserved 1048576K
2023-09-05T15:47:12.908+0600: 665999.402: [GC (Allocation Failure) [PSYoungGen: 74628K->7636K(77312K)] 132785K->65793K(392192K), 0.0222478 secs] [Times: user=0.03 sys=0.00, real=0.03 secs] 
Heap after GC invocations=136 (full 4):
 PSYoungGen      total 77312K, used 7636K [0x00000000d5580000, 0x00000000dad00000, 0x0000000100000000)
  eden space 66560K, 0% used [0x00000000d5580000,0x00000000d5580000,0x00000000d9680000)
  from space 10752K, 71% used [0x00000000da180000,0x00000000da8f52a0,0x00000000dac00000)
  to   space 11264K, 0% used [0x00000000d9680000,0x00000000d9680000,0x00000000da180000)
 ParOldGen       total 314880K, used 58156K [0x0000000080000000, 0x0000000093380000, 0x00000000d5580000)
  object space 314880K, 18% used [0x0000000080000000,0x00000000838cb3d0,0x0000000093380000)
 Metaspace       used 94210K, capacity 96270K, committed 98560K, reserved 1136640K
  class space    used 11211K, capacity 11561K, committed 12032K, reserved 1048576K
}
{Heap before GC invocations=137 (full 4):
 PSYoungGen      total 77312K, used 74196K [0x00000000d5580000, 0x00000000dad00000, 0x0000000100000000)
  eden space 66560K, 100% used [0x00000000d5580000,0x00000000d9680000,0x00000000d9680000)
  from space 10752K, 71% used [0x00000000da180000,0x00000000da8f52a0,0x00000000dac00000)
  to   space 11264K, 0% used [0x00000000d9680000,0x00000000d9680000,0x00000000da180000)
 ParOldGen       total 314880K, used 58156K [0x0000000080000000, 0x0000000093380000, 0x00000000d5580000)
  object space 314880K, 18% used [0x0000000080000000,0x00000000838cb3d0,0x0000000093380000)
 Metaspace       used 94215K, capacity 96334K, committed 98816K, reserved 1136640K
  class space    used 11211K, capacity 11561K, committed 12032K, reserved 1048576K
2023-09-05T16:17:34.136+0600: 667820.630: [GC (Allocation Failure) [PSYoungGen: 74196K->7718K(77824K)] 132353K->65883K(392704K), 0.0158065 secs] [Times: user=0.03 sys=0.00, real=0.02 secs] 
Heap after GC invocations=137 (full 4):
 PSYoungGen      total 77824K, used 7718K [0x00000000d5580000, 0x00000000dad00000, 0x0000000100000000)
  eden space 66560K, 0% used [0x00000000d5580000,0x00000000d5580000,0x00000000d9680000)
  from space 11264K, 68% used [0x00000000d9680000,0x00000000d9e09ba0,0x00000000da180000)
  to   space 11264K, 0% used [0x00000000da200000,0x00000000da200000,0x00000000dad00000)
 ParOldGen       total 314880K, used 58164K [0x0000000080000000, 0x0000000093380000, 0x00000000d5580000)
  object space 314880K, 18% used [0x0000000080000000,0x00000000838cd3d0,0x0000000093380000)
 Metaspace       used 94215K, capacity 96334K, committed 98816K, reserved 1136640K
  class space    used 11211K, capacity 11561K, committed 12032K, reserved 1048576K
}
{Heap before GC invocations=138 (full 4):
 PSYoungGen      total 77824K, used 74277K [0x00000000d5580000, 0x00000000dad00000, 0x0000000100000000)
  eden space 66560K, 99% used [0x00000000d5580000,0x00000000d967fad8,0x00000000d9680000)
  from space 11264K, 68% used [0x00000000d9680000,0x00000000d9e09ba0,0x00000000da180000)
  to   space 11264K, 0% used [0x00000000da200000,0x00000000da200000,0x00000000dad00000)
 ParOldGen       total 314880K, used 58164K [0x0000000080000000, 0x0000000093380000, 0x00000000d5580000)
  object space 314880K, 18% used [0x0000000080000000,0x00000000838cd3d0,0x0000000093380000)
 Metaspace       used 94215K, capacity 96334K, committed 98816K, reserved 1136640K
  class space    used 11211K, capacity 11561K, committed 12032K, reserved 1048576K
2023-09-05T16:49:55.384+0600: 669761.878: [GC (Allocation Failure) [PSYoungGen: 74277K->7718K(78336K)] 132442K->65883K(393216K), 0.0124472 secs] [Times: user=0.02 sys=0.00, real=0.01 secs] 
Heap after GC invocations=138 (full 4):
 PSYoungGen      total 78336K, used 7718K [0x00000000d5580000, 0x00000000dad00000, 0x0000000100000000)
  eden space 67072K, 0% used [0x00000000d5580000,0x00000000d5580000,0x00000000d9700000)
  from space 11264K, 68% used [0x00000000da200000,0x00000000da989b60,0x00000000dad00000)
  to   space 11264K, 0% used [0x00000000d9700000,0x00000000d9700000,0x00000000da200000)
 ParOldGen       total 314880K, used 58164K [0x0000000080000000, 0x0000000093380000, 0x00000000d5580000)
  object space 314880K, 18% used [0x0000000080000000,0x00000000838cd3d0,0x0000000093380000)
 Metaspace       used 94215K, capacity 96334K, committed 98816K, reserved 1136640K
  class space    used 11211K, capacity 11561K, committed 12032K, reserved 1048576K
}
{Heap before GC invocations=139 (full 4):
 PSYoungGen      total 78336K, used 74790K [0x00000000d5580000, 0x00000000dad00000, 0x0000000100000000)
  eden space 67072K, 100% used [0x00000000d5580000,0x00000000d9700000,0x00000000d9700000)
  from space 11264K, 68% used [0x00000000da200000,0x00000000da989b60,0x00000000dad00000)
  to   space 11264K, 0% used [0x00000000d9700000,0x00000000d9700000,0x00000000da200000)
 ParOldGen       total 314880K, used 58164K [0x0000000080000000, 0x0000000093380000, 0x00000000d5580000)
  object space 314880K, 18% used [0x0000000080000000,0x00000000838cd3d0,0x0000000093380000)
 Metaspace       used 94216K, capacity 96334K, committed 98816K, reserved 1136640K
  class space    used 11211K, capacity 11561K, committed 12032K, reserved 1048576K
2023-09-05T17:09:20.991+0600: 670927.485: [GC (Allocation Failure) [PSYoungGen: 74790K->9645K(78336K)] 132955K->67810K(393216K), 0.0203544 secs] [Times: user=0.04 sys=0.00, real=0.02 secs] 
Heap after GC invocations=139 (full 4):
 PSYoungGen      total 78336K, used 9645K [0x00000000d5580000, 0x00000000daf80000, 0x0000000100000000)
  eden space 67072K, 0% used [0x00000000d5580000,0x00000000d5580000,0x00000000d9700000)
  from space 11264K, 85% used [0x00000000d9700000,0x00000000da06b690,0x00000000da200000)
  to   space 12288K, 0% used [0x00000000da380000,0x00000000da380000,0x00000000daf80000)
 ParOldGen       total 314880K, used 58164K [0x0000000080000000, 0x0000000093380000, 0x00000000d5580000)
  object space 314880K, 18% used [0x0000000080000000,0x00000000838cd3d0,0x0000000093380000)
 Metaspace       used 94216K, capacity 96334K, committed 98816K, reserved 1136640K
  class space    used 11211K, capacity 11561K, committed 12032K, reserved 1048576K
}
{Heap before GC invocations=140 (full 4):
 PSYoungGen      total 78336K, used 76717K [0x00000000d5580000, 0x00000000daf80000, 0x0000000100000000)
  eden space 67072K, 100% used [0x00000000d5580000,0x00000000d9700000,0x00000000d9700000)
  from space 11264K, 85% used [0x00000000d9700000,0x00000000da06b690,0x00000000da200000)
  to   space 12288K, 0% used [0x00000000da380000,0x00000000da380000,0x00000000daf80000)
 ParOldGen       total 314880K, used 58164K [0x0000000080000000, 0x0000000093380000, 0x00000000d5580000)
  object space 314880K, 18% used [0x0000000080000000,0x00000000838cd3d0,0x0000000093380000)
 Metaspace       used 94217K, capacity 96334K, committed 98816K, reserved 1136640K
  class space    used 11211K, capacity 11561K, committed 12032K, reserved 1048576K
2023-09-05T17:31:55.864+0600: 672282.358: [GC (Allocation Failure) [PSYoungGen: 76717K->8009K(78848K)] 134882K->66174K(393728K), 0.0228101 secs] [Times: user=0.03 sys=0.00, real=0.02 secs] 
Heap after GC invocations=140 (full 4):
 PSYoungGen      total 78848K, used 8009K [0x00000000d5580000, 0x00000000dae80000, 0x0000000100000000)
  eden space 67584K, 0% used [0x00000000d5580000,0x00000000d5580000,0x00000000d9780000)
  from space 11264K, 71% used [0x00000000da380000,0x00000000dab52660,0x00000000dae80000)
  to   space 11776K, 0% used [0x00000000d9780000,0x00000000d9780000,0x00000000da300000)
 ParOldGen       total 314880K, used 58164K [0x0000000080000000, 0x0000000093380000, 0x00000000d5580000)
  object space 314880K, 18% used [0x0000000080000000,0x00000000838cd3d0,0x0000000093380000)
 Metaspace       used 94217K, capacity 96334K, committed 98816K, reserved 1136640K
  class space    used 11211K, capacity 11561K, committed 12032K, reserved 1048576K
}
{Heap before GC invocations=141 (full 4):
 PSYoungGen      total 78848K, used 75593K [0x00000000d5580000, 0x00000000dae80000, 0x0000000100000000)
  eden space 67584K, 100% used [0x00000000d5580000,0x00000000d9780000,0x00000000d9780000)
  from space 11264K, 71% used [0x00000000da380000,0x00000000dab52660,0x00000000dae80000)
  to   space 11776K, 0% used [0x00000000d9780000,0x00000000d9780000,0x00000000da300000)
 ParOldGen       total 314880K, used 58164K [0x0000000080000000, 0x0000000093380000, 0x00000000d5580000)
  object space 314880K, 18% used [0x0000000080000000,0x00000000838cd3d0,0x0000000093380000)
 Metaspace       used 94219K, capacity 96334K, committed 98816K, reserved 1136640K
  class space    used 11211K, capacity 11561K, committed 12032K, reserved 1048576K
2023-09-05T17:55:24.222+0600: 673690.716: [GC (Allocation Failure) [PSYoungGen: 75593K->7654K(79360K)] 133758K->65819K(394240K), 0.0177560 secs] [Times: user=0.03 sys=0.00, real=0.02 secs] 
Heap after GC invocations=141 (full 4):
 PSYoungGen      total 79360K, used 7654K [0x00000000d5580000, 0x00000000daf00000, 0x0000000100000000)
  eden space 67584K, 0% used [0x00000000d5580000,0x00000000d5580000,0x00000000d9780000)
  from space 11776K, 64% used [0x00000000d9780000,0x00000000d9ef9900,0x00000000da300000)
  to   space 11776K, 0% used [0x00000000da380000,0x00000000da380000,0x00000000daf00000)
 ParOldGen       total 314880K, used 58164K [0x0000000080000000, 0x0000000093380000, 0x00000000d5580000)
  object space 314880K, 18% used [0x0000000080000000,0x00000000838cd3d0,0x0000000093380000)
 Metaspace       used 94219K, capacity 96334K, committed 98816K, reserved 1136640K
  class space    used 11211K, capacity 11561K, committed 12032K, reserved 1048576K
}
{Heap before GC invocations=142 (full 4):
 PSYoungGen      total 79360K, used 75238K [0x00000000d5580000, 0x00000000daf00000, 0x0000000100000000)
  eden space 67584K, 100% used [0x00000000d5580000,0x00000000d9780000,0x00000000d9780000)
  from space 11776K, 64% used [0x00000000d9780000,0x00000000d9ef9900,0x00000000da300000)
  to   space 11776K, 0% used [0x00000000da380000,0x00000000da380000,0x00000000daf00000)
 ParOldGen       total 314880K, used 58164K [0x0000000080000000, 0x0000000093380000, 0x00000000d5580000)
  object space 314880K, 18% used [0x0000000080000000,0x00000000838cd3d0,0x0000000093380000)
 Metaspace       used 94227K, capacity 96334K, committed 98816K, reserved 1136640K
  class space    used 11211K, capacity 11561K, committed 12032K, reserved 1048576K
2023-09-05T18:26:29.483+0600: 675555.977: [GC (Allocation Failure) [PSYoungGen: 75238K->8344K(79872K)] 133403K->66509K(394752K), 0.0167445 secs] [Times: user=0.03 sys=0.00, real=0.02 secs] 
Heap after GC invocations=142 (full 4):
 PSYoungGen      total 79872K, used 8344K [0x00000000d5580000, 0x00000000daf00000, 0x0000000100000000)
  eden space 68096K, 0% used [0x00000000d5580000,0x00000000d5580000,0x00000000d9800000)
  from space 11776K, 70% used [0x00000000da380000,0x00000000daba6210,0x00000000daf00000)
  to   space 11776K, 0% used [0x00000000d9800000,0x00000000d9800000,0x00000000da380000)
 ParOldGen       total 314880K, used 58164K [0x0000000080000000, 0x0000000093380000, 0x00000000d5580000)
  object space 314880K, 18% used [0x0000000080000000,0x00000000838cd3d0,0x0000000093380000)
 Metaspace       used 94227K, capacity 96334K, committed 98816K, reserved 1136640K
  class space    used 11211K, capacity 11561K, committed 12032K, reserved 1048576K
}
{Heap before GC invocations=143 (full 4):
 PSYoungGen      total 79872K, used 76440K [0x00000000d5580000, 0x00000000daf00000, 0x0000000100000000)
  eden space 68096K, 100% used [0x00000000d5580000,0x00000000d9800000,0x00000000d9800000)
  from space 11776K, 70% used [0x00000000da380000,0x00000000daba6210,0x00000000daf00000)
  to   space 11776K, 0% used [0x00000000d9800000,0x00000000d9800000,0x00000000da380000)
 ParOldGen       total 314880K, used 58164K [0x0000000080000000, 0x0000000093380000, 0x00000000d5580000)
  object space 314880K, 18% used [0x0000000080000000,0x00000000838cd3d0,0x0000000093380000)
 Metaspace       used 94227K, capacity 96334K, committed 98816K, reserved 1136640K
  class space    used 11211K, capacity 11561K, committed 12032K, reserved 1048576K
2023-09-05T18:54:02.464+0600: 677208.958: [GC (Allocation Failure) [PSYoungGen: 76440K->7217K(79872K)] 134605K->65382K(394752K), 0.0161927 secs] [Times: user=0.03 sys=0.00, real=0.02 secs] 
Heap after GC invocations=143 (full 4):
 PSYoungGen      total 79872K, used 7217K [0x00000000d5580000, 0x00000000dae80000, 0x0000000100000000)
  eden space 68096K, 0% used [0x00000000d5580000,0x00000000d5580000,0x00000000d9800000)
  from space 11776K, 61% used [0x00000000d9800000,0x00000000d9f0c760,0x00000000da380000)
  to   space 11264K, 0% used [0x00000000da380000,0x00000000da380000,0x00000000dae80000)
 ParOldGen       total 314880K, used 58164K [0x0000000080000000, 0x0000000093380000, 0x00000000d5580000)
  object space 314880K, 18% used [0x0000000080000000,0x00000000838cd3d0,0x0000000093380000)
 Metaspace       used 94227K, capacity 96334K, committed 98816K, reserved 1136640K
  class space    used 11211K, capacity 11561K, committed 12032K, reserved 1048576K
}
{Heap before GC invocations=144 (full 4):
 PSYoungGen      total 79872K, used 75313K [0x00000000d5580000, 0x00000000dae80000, 0x0000000100000000)
  eden space 68096K, 100% used [0x00000000d5580000,0x00000000d9800000,0x00000000d9800000)
  from space 11776K, 61% used [0x00000000d9800000,0x00000000d9f0c760,0x00000000da380000)
  to   space 11264K, 0% used [0x00000000da380000,0x00000000da380000,0x00000000dae80000)
 ParOldGen       total 314880K, used 58164K [0x0000000080000000, 0x0000000093380000, 0x00000000d5580000)
  object space 314880K, 18% used [0x0000000080000000,0x00000000838cd3d0,0x0000000093380000)
 Metaspace       used 94229K, capacity 96334K, committed 98816K, reserved 1136640K
  class space    used 11211K, capacity 11561K, committed 12032K, reserved 1048576K
2023-09-05T19:28:42.109+0600: 679288.604: [GC (Allocation Failure) [PSYoungGen: 75313K->7136K(79872K)] 133478K->65301K(394752K), 0.0168469 secs] [Times: user=0.03 sys=0.00, real=0.01 secs] 
Heap after GC invocations=144 (full 4):
 PSYoungGen      total 79872K, used 7136K [0x00000000d5580000, 0x00000000dae80000, 0x0000000100000000)
  eden space 68608K, 0% used [0x00000000d5580000,0x00000000d5580000,0x00000000d9880000)
  from space 11264K, 63% used [0x00000000da380000,0x00000000daa78340,0x00000000dae80000)
  to   space 11264K, 0% used [0x00000000d9880000,0x00000000d9880000,0x00000000da380000)
 ParOldGen       total 314880K, used 58164K [0x0000000080000000, 0x0000000093380000, 0x00000000d5580000)
  object space 314880K, 18% used [0x0000000080000000,0x00000000838cd3d0,0x0000000093380000)
 Metaspace       used 94229K, capacity 96334K, committed 98816K, reserved 1136640K
  class space    used 11211K, capacity 11561K, committed 12032K, reserved 1048576K
}
{Heap before GC invocations=145 (full 4):
 PSYoungGen      total 79872K, used 75744K [0x00000000d5580000, 0x00000000dae80000, 0x0000000100000000)
  eden space 68608K, 100% used [0x00000000d5580000,0x00000000d9880000,0x00000000d9880000)
  from space 11264K, 63% used [0x00000000da380000,0x00000000daa78340,0x00000000dae80000)
  to   space 11264K, 0% used [0x00000000d9880000,0x00000000d9880000,0x00000000da380000)
 ParOldGen       total 314880K, used 58164K [0x0000000080000000, 0x0000000093380000, 0x00000000d5580000)
  object space 314880K, 18% used [0x0000000080000000,0x00000000838cd3d0,0x0000000093380000)
 Metaspace       used 94231K, capacity 96334K, committed 98816K, reserved 1136640K
  class space    used 11211K, capacity 11561K, committed 12032K, reserved 1048576K
2023-09-05T20:08:30.002+0600: 681676.496: [GC (Allocation Failure) [PSYoungGen: 75744K->6211K(79872K)] 133909K->64376K(394752K), 0.0215888 secs] [Times: user=0.04 sys=0.00, real=0.02 secs] 
Heap after GC invocations=145 (full 4):
 PSYoungGen      total 79872K, used 6211K [0x00000000d5580000, 0x00000000dae00000, 0x0000000100000000)
  eden space 68608K, 0% used [0x00000000d5580000,0x00000000d5580000,0x00000000d9880000)
  from space 11264K, 55% used [0x00000000d9880000,0x00000000d9e90df0,0x00000000da380000)
  to   space 10752K, 0% used [0x00000000da380000,0x00000000da380000,0x00000000dae00000)
 ParOldGen       total 314880K, used 58164K [0x0000000080000000, 0x0000000093380000, 0x00000000d5580000)
  object space 314880K, 18% used [0x0000000080000000,0x00000000838cd3d0,0x0000000093380000)
 Metaspace       used 94231K, capacity 96334K, committed 98816K, reserved 1136640K
  class space    used 11211K, capacity 11561K, committed 12032K, reserved 1048576K
}
{Heap before GC invocations=146 (full 4):
 PSYoungGen      total 79872K, used 74808K [0x00000000d5580000, 0x00000000dae00000, 0x0000000100000000)
  eden space 68608K, 99% used [0x00000000d5580000,0x00000000d987d590,0x00000000d9880000)
  from space 11264K, 55% used [0x00000000d9880000,0x00000000d9e90df0,0x00000000da380000)
  to   space 10752K, 0% used [0x00000000da380000,0x00000000da380000,0x00000000dae00000)
 ParOldGen       total 314880K, used 58164K [0x0000000080000000, 0x0000000093380000, 0x00000000d5580000)
  object space 314880K, 18% used [0x0000000080000000,0x00000000838cd3d0,0x0000000093380000)
 Metaspace       used 94249K, capacity 96398K, committed 98816K, reserved 1136640K
  class space    used 11211K, capacity 11561K, committed 12032K, reserved 1048576K
2023-09-05T20:44:07.973+0600: 683814.467: [GC (Allocation Failure) [PSYoungGen: 74808K->5315K(79872K)] 132973K->63692K(394752K), 0.0171442 secs] [Times: user=0.03 sys=0.00, real=0.02 secs] 
Heap after GC invocations=146 (full 4):
 PSYoungGen      total 79872K, used 5315K [0x00000000d5580000, 0x00000000dae00000, 0x0000000100000000)
  eden space 69120K, 0% used [0x00000000d5580000,0x00000000d5580000,0x00000000d9900000)
  from space 10752K, 49% used [0x00000000da380000,0x00000000da8b0d60,0x00000000dae00000)
  to   space 10752K, 0% used [0x00000000d9900000,0x00000000d9900000,0x00000000da380000)
 ParOldGen       total 314880K, used 58376K [0x0000000080000000, 0x0000000093380000, 0x00000000d5580000)
  object space 314880K, 18% used [0x0000000080000000,0x0000000083902388,0x0000000093380000)
 Metaspace       used 94249K, capacity 96398K, committed 98816K, reserved 1136640K
  class space    used 11211K, capacity 11561K, committed 12032K, reserved 1048576K
}
{Heap before GC invocations=147 (full 4):
 PSYoungGen      total 79872K, used 74430K [0x00000000d5580000, 0x00000000dae00000, 0x0000000100000000)
  eden space 69120K, 99% used [0x00000000d5580000,0x00000000d98fed40,0x00000000d9900000)
  from space 10752K, 49% used [0x00000000da380000,0x00000000da8b0d60,0x00000000dae00000)
  to   space 10752K, 0% used [0x00000000d9900000,0x00000000d9900000,0x00000000da380000)
 ParOldGen       total 314880K, used 58376K [0x0000000080000000, 0x0000000093380000, 0x00000000d5580000)
  object space 314880K, 18% used [0x0000000080000000,0x0000000083902388,0x0000000093380000)
 Metaspace       used 94249K, capacity 96398K, committed 98816K, reserved 1136640K
  class space    used 11211K, capacity 11561K, committed 12032K, reserved 1048576K
2023-09-05T21:19:48.102+0600: 685954.596: [GC (Allocation Failure) [PSYoungGen: 74430K->5172K(79872K)] 132807K->63645K(394752K), 0.0110469 secs] [Times: user=0.02 sys=0.00, real=0.01 secs] 
Heap after GC invocations=147 (full 4):
 PSYoungGen      total 79872K, used 5172K [0x00000000d5580000, 0x00000000dae80000, 0x0000000100000000)
  eden space 69120K, 0% used [0x00000000d5580000,0x00000000d5580000,0x00000000d9900000)
  from space 10752K, 48% used [0x00000000d9900000,0x00000000d9e0d3e0,0x00000000da380000)
  to   space 10752K, 0% used [0x00000000da400000,0x00000000da400000,0x00000000dae80000)
 ParOldGen       total 314880K, used 58472K [0x0000000080000000, 0x0000000093380000, 0x00000000d5580000)
  object space 314880K, 18% used [0x0000000080000000,0x000000008391a388,0x0000000093380000)
 Metaspace       used 94249K, capacity 96398K, committed 98816K, reserved 1136640K
  class space    used 11211K, capacity 11561K, committed 12032K, reserved 1048576K
}
{Heap before GC invocations=148 (full 4):
 PSYoungGen      total 79872K, used 74281K [0x00000000d5580000, 0x00000000dae80000, 0x0000000100000000)
  eden space 69120K, 99% used [0x00000000d5580000,0x00000000d98fd228,0x00000000d9900000)
  from space 10752K, 48% used [0x00000000d9900000,0x00000000d9e0d3e0,0x00000000da380000)
  to   space 10752K, 0% used [0x00000000da400000,0x00000000da400000,0x00000000dae80000)
 ParOldGen       total 314880K, used 58472K [0x0000000080000000, 0x0000000093380000, 0x00000000d5580000)
  object space 314880K, 18% used [0x0000000080000000,0x000000008391a388,0x0000000093380000)
 Metaspace       used 94251K, capacity 96430K, committed 98816K, reserved 1136640K
  class space    used 11212K, capacity 11593K, committed 12032K, reserved 1048576K
2023-09-05T21:29:36.808+0600: 686543.303: [GC (Allocation Failure) [PSYoungGen: 74281K->6456K(79360K)] 132754K->64969K(394240K), 0.0169761 secs] [Times: user=0.05 sys=0.00, real=0.01 secs] 
Heap after GC invocations=148 (full 4):
 PSYoungGen      total 79360K, used 6456K [0x00000000d5580000, 0x00000000dad80000, 0x0000000100000000)
  eden space 69632K, 0% used [0x00000000d5580000,0x00000000d5580000,0x00000000d9980000)
  from space 9728K, 66% used [0x00000000da400000,0x00000000daa4e2b8,0x00000000dad80000)
  to   space 10240K, 0% used [0x00000000d9980000,0x00000000d9980000,0x00000000da380000)
 ParOldGen       total 314880K, used 58512K [0x0000000080000000, 0x0000000093380000, 0x00000000d5580000)
  object space 314880K, 18% used [0x0000000080000000,0x00000000839242d8,0x0000000093380000)
 Metaspace       used 94251K, capacity 96430K, committed 98816K, reserved 1136640K
  class space    used 11212K, capacity 11593K, committed 12032K, reserved 1048576K
}
{Heap before GC invocations=149 (full 4):
 PSYoungGen      total 79360K, used 76088K [0x00000000d5580000, 0x00000000dad80000, 0x0000000100000000)
  eden space 69632K, 100% used [0x00000000d5580000,0x00000000d9980000,0x00000000d9980000)
  from space 9728K, 66% used [0x00000000da400000,0x00000000daa4e2b8,0x00000000dad80000)
  to   space 10240K, 0% used [0x00000000d9980000,0x00000000d9980000,0x00000000da380000)
 ParOldGen       total 314880K, used 58512K [0x0000000080000000, 0x0000000093380000, 0x00000000d5580000)
  object space 314880K, 18% used [0x0000000080000000,0x00000000839242d8,0x0000000093380000)
 Metaspace       used 94255K, capacity 96430K, committed 98816K, reserved 1136640K
  class space    used 11213K, capacity 11593K, committed 12032K, reserved 1048576K
2023-09-05T22:16:59.811+0600: 689386.306: [GC (Allocation Failure) [PSYoungGen: 76088K->5309K(79872K)] 134601K->63941K(394752K), 0.0140167 secs] [Times: user=0.02 sys=0.00, real=0.01 secs] 
Heap after GC invocations=149 (full 4):
 PSYoungGen      total 79872K, used 5309K [0x00000000d5580000, 0x00000000dae00000, 0x0000000100000000)
  eden space 69632K, 0% used [0x00000000d5580000,0x00000000d5580000,0x00000000d9980000)
  from space 10240K, 51% used [0x00000000d9980000,0x00000000d9eaf4e8,0x00000000da380000)
  to   space 10240K, 0% used [0x00000000da400000,0x00000000da400000,0x00000000dae00000)
 ParOldGen       total 314880K, used 58632K [0x0000000080000000, 0x0000000093380000, 0x00000000d5580000)
  object space 314880K, 18% used [0x0000000080000000,0x00000000839422d8,0x0000000093380000)
 Metaspace       used 94255K, capacity 96430K, committed 98816K, reserved 1136640K
  class space    used 11213K, capacity 11593K, committed 12032K, reserved 1048576K
}
{Heap before GC invocations=150 (full 4):
 PSYoungGen      total 79872K, used 74941K [0x00000000d5580000, 0x00000000dae00000, 0x0000000100000000)
  eden space 69632K, 100% used [0x00000000d5580000,0x00000000d9980000,0x00000000d9980000)
  from space 10240K, 51% used [0x00000000d9980000,0x00000000d9eaf4e8,0x00000000da380000)
  to   space 10240K, 0% used [0x00000000da400000,0x00000000da400000,0x00000000dae00000)
 ParOldGen       total 314880K, used 58632K [0x0000000080000000, 0x0000000093380000, 0x00000000d5580000)
  object space 314880K, 18% used [0x0000000080000000,0x00000000839422d8,0x0000000093380000)
 Metaspace       used 94255K, capacity 96430K, committed 98816K, reserved 1136640K
  class space    used 11213K, capacity 11593K, committed 12032K, reserved 1048576K
2023-09-05T23:13:20.821+0600: 692767.315: [GC (Allocation Failure) [PSYoungGen: 74941K->3168K(80384K)] 133573K->61920K(395264K), 0.0167464 secs] [Times: user=0.03 sys=0.00, real=0.01 secs] 
Heap after GC invocations=150 (full 4):
 PSYoungGen      total 80384K, used 3168K [0x00000000d5580000, 0x00000000dae00000, 0x0000000100000000)
  eden space 70144K, 0% used [0x00000000d5580000,0x00000000d5580000,0x00000000d9a00000)
  from space 10240K, 30% used [0x00000000da400000,0x00000000da718000,0x00000000dae00000)
  to   space 10240K, 0% used [0x00000000d9a00000,0x00000000d9a00000,0x00000000da400000)
 ParOldGen       total 314880K, used 58752K [0x0000000080000000, 0x0000000093380000, 0x00000000d5580000)
  object space 314880K, 18% used [0x0000000080000000,0x00000000839602d8,0x0000000093380000)
 Metaspace       used 94255K, capacity 96430K, committed 98816K, reserved 1136640K
  class space    used 11213K, capacity 11593K, committed 12032K, reserved 1048576K
}
{Heap before GC invocations=151 (full 4):
 PSYoungGen      total 80384K, used 73310K [0x00000000d5580000, 0x00000000dae00000, 0x0000000100000000)
  eden space 70144K, 99% used [0x00000000d5580000,0x00000000d99ff960,0x00000000d9a00000)
  from space 10240K, 30% used [0x00000000da400000,0x00000000da718000,0x00000000dae00000)
  to   space 10240K, 0% used [0x00000000d9a00000,0x00000000d9a00000,0x00000000da400000)
 ParOldGen       total 314880K, used 58752K [0x0000000080000000, 0x0000000093380000, 0x00000000d5580000)
  object space 314880K, 18% used [0x0000000080000000,0x00000000839602d8,0x0000000093380000)
 Metaspace       used 94255K, capacity 96430K, committed 98816K, reserved 1136640K
  class space    used 11213K, capacity 11593K, committed 12032K, reserved 1048576K
2023-09-05T23:43:40.671+0600: 694587.166: [GC (Allocation Failure) [PSYoungGen: 73310K->5818K(80384K)] 132063K->64643K(395264K), 0.0137725 secs] [Times: user=0.03 sys=0.00, real=0.01 secs] 
Heap after GC invocations=151 (full 4):
 PSYoungGen      total 80384K, used 5818K [0x00000000d5580000, 0x00000000dae80000, 0x0000000100000000)
  eden space 70144K, 0% used [0x00000000d5580000,0x00000000d5580000,0x00000000d9a00000)
  from space 10240K, 56% used [0x00000000d9a00000,0x00000000d9fae9e0,0x00000000da400000)
  to   space 10240K, 0% used [0x00000000da480000,0x00000000da480000,0x00000000dae80000)
 ParOldGen       total 314880K, used 58824K [0x0000000080000000, 0x0000000093380000, 0x00000000d5580000)
  object space 314880K, 18% used [0x0000000080000000,0x0000000083972228,0x0000000093380000)
 Metaspace       used 94255K, capacity 96430K, committed 98816K, reserved 1136640K
  class space    used 11213K, capacity 11593K, committed 12032K, reserved 1048576K
}
{Heap before GC invocations=152 (full 4):
 PSYoungGen      total 80384K, used 75962K [0x00000000d5580000, 0x00000000dae80000, 0x0000000100000000)
  eden space 70144K, 100% used [0x00000000d5580000,0x00000000d9a00000,0x00000000d9a00000)
  from space 10240K, 56% used [0x00000000d9a00000,0x00000000d9fae9e0,0x00000000da400000)
  to   space 10240K, 0% used [0x00000000da480000,0x00000000da480000,0x00000000dae80000)
 ParOldGen       total 314880K, used 58824K [0x0000000080000000, 0x0000000093380000, 0x00000000d5580000)
  object space 314880K, 18% used [0x0000000080000000,0x0000000083972228,0x0000000093380000)
 Metaspace       used 94258K, capacity 96436K, committed 98816K, reserved 1136640K
  class space    used 11213K, capacity 11594K, committed 12032K, reserved 1048576K
2023-09-06T00:07:31.188+0600: 696017.683: [GC (Allocation Failure) [PSYoungGen: 75962K->7846K(80896K)] 134787K->66702K(395776K), 0.0160671 secs] [Times: user=0.02 sys=0.00, real=0.01 secs] 
Heap after GC invocations=152 (full 4):
 PSYoungGen      total 80896K, used 7846K [0x00000000d5580000, 0x00000000dae80000, 0x0000000100000000)
  eden space 70656K, 0% used [0x00000000d5580000,0x00000000d5580000,0x00000000d9a80000)
  from space 10240K, 76% used [0x00000000da480000,0x00000000dac29950,0x00000000dae80000)
  to   space 10240K, 0% used [0x00000000d9a80000,0x00000000d9a80000,0x00000000da480000)
 ParOldGen       total 314880K, used 58856K [0x0000000080000000, 0x0000000093380000, 0x00000000d5580000)
  object space 314880K, 18% used [0x0000000080000000,0x000000008397a228,0x0000000093380000)
 Metaspace       used 94258K, capacity 96436K, committed 98816K, reserved 1136640K
  class space    used 11213K, capacity 11594K, committed 12032K, reserved 1048576K
}
{Heap before GC invocations=153 (full 4):
 PSYoungGen      total 80896K, used 78502K [0x00000000d5580000, 0x00000000dae80000, 0x0000000100000000)
  eden space 70656K, 100% used [0x00000000d5580000,0x00000000d9a80000,0x00000000d9a80000)
  from space 10240K, 76% used [0x00000000da480000,0x00000000dac29950,0x00000000dae80000)
  to   space 10240K, 0% used [0x00000000d9a80000,0x00000000d9a80000,0x00000000da480000)
 ParOldGen       total 314880K, used 58856K [0x0000000080000000, 0x0000000093380000, 0x00000000d5580000)
  object space 314880K, 18% used [0x0000000080000000,0x000000008397a228,0x0000000093380000)
 Metaspace       used 94258K, capacity 96436K, committed 98816K, reserved 1136640K
  class space    used 11213K, capacity 11594K, committed 12032K, reserved 1048576K
2023-09-06T00:50:56.374+0600: 698622.868: [GC (Allocation Failure) [PSYoungGen: 78502K->5553K(80896K)] 137358K->64434K(395776K), 0.0138910 secs] [Times: user=0.02 sys=0.00, real=0.01 secs] 
Heap after GC invocations=153 (full 4):
 PSYoungGen      total 80896K, used 5553K [0x00000000d5580000, 0x00000000daf00000, 0x0000000100000000)
  eden space 70656K, 0% used [0x00000000d5580000,0x00000000d5580000,0x00000000d9a80000)
  from space 10240K, 54% used [0x00000000d9a80000,0x00000000d9fec6d0,0x00000000da480000)
  to   space 10240K, 0% used [0x00000000da500000,0x00000000da500000,0x00000000daf00000)
 ParOldGen       total 314880K, used 58880K [0x0000000080000000, 0x0000000093380000, 0x00000000d5580000)
  object space 314880K, 18% used [0x0000000080000000,0x0000000083980228,0x0000000093380000)
 Metaspace       used 94258K, capacity 96436K, committed 98816K, reserved 1136640K
  class space    used 11213K, capacity 11594K, committed 12032K, reserved 1048576K
}
{Heap before GC invocations=154 (full 4):
 PSYoungGen      total 80896K, used 76202K [0x00000000d5580000, 0x00000000daf00000, 0x0000000100000000)
  eden space 70656K, 99% used [0x00000000d5580000,0x00000000d9a7e520,0x00000000d9a80000)
  from space 10240K, 54% used [0x00000000d9a80000,0x00000000d9fec6d0,0x00000000da480000)
  to   space 10240K, 0% used [0x00000000da500000,0x00000000da500000,0x00000000daf00000)
 ParOldGen       total 314880K, used 58880K [0x0000000080000000, 0x0000000093380000, 0x00000000d5580000)
  object space 314880K, 18% used [0x0000000080000000,0x0000000083980228,0x0000000093380000)
 Metaspace       used 94273K, capacity 96466K, committed 98816K, reserved 1136640K
  class space    used 11216K, capacity 11599K, committed 12032K, reserved 1048576K
2023-09-06T01:33:28.784+0600: 701175.279: [GC (Allocation Failure) [PSYoungGen: 76202K->4849K(81408K)] 135083K->63754K(396288K), 0.0134559 secs] [Times: user=0.02 sys=0.00, real=0.01 secs] 
Heap after GC invocations=154 (full 4):
 PSYoungGen      total 81408K, used 4849K [0x00000000d5580000, 0x00000000daf00000, 0x0000000100000000)
  eden space 71168K, 0% used [0x00000000d5580000,0x00000000d5580000,0x00000000d9b00000)
  from space 10240K, 47% used [0x00000000da500000,0x00000000da9bc700,0x00000000daf00000)
  to   space 10240K, 0% used [0x00000000d9b00000,0x00000000d9b00000,0x00000000da500000)
 ParOldGen       total 314880K, used 58904K [0x0000000080000000, 0x0000000093380000, 0x00000000d5580000)
  object space 314880K, 18% used [0x0000000080000000,0x0000000083986228,0x0000000093380000)
 Metaspace       used 94273K, capacity 96466K, committed 98816K, reserved 1136640K
  class space    used 11216K, capacity 11599K, committed 12032K, reserved 1048576K
}
{Heap before GC invocations=155 (full 4):
 PSYoungGen      total 81408K, used 76017K [0x00000000d5580000, 0x00000000daf00000, 0x0000000100000000)
  eden space 71168K, 100% used [0x00000000d5580000,0x00000000d9b00000,0x00000000d9b00000)
  from space 10240K, 47% used [0x00000000da500000,0x00000000da9bc700,0x00000000daf00000)
  to   space 10240K, 0% used [0x00000000d9b00000,0x00000000d9b00000,0x00000000da500000)
 ParOldGen       total 314880K, used 58904K [0x0000000080000000, 0x0000000093380000, 0x00000000d5580000)
  object space 314880K, 18% used [0x0000000080000000,0x0000000083986228,0x0000000093380000)
 Metaspace       used 94273K, capacity 96466K, committed 98816K, reserved 1136640K
  class space    used 11216K, capacity 11599K, committed 12032K, reserved 1048576K
2023-09-06T02:10:54.066+0600: 703420.560: [GC (Allocation Failure) [PSYoungGen: 76017K->5443K(81408K)] 134922K->64371K(396288K), 0.0194446 secs] [Times: user=0.03 sys=0.00, real=0.02 secs] 
Heap after GC invocations=155 (full 4):
 PSYoungGen      total 81408K, used 5443K [0x00000000d5580000, 0x00000000dae80000, 0x0000000100000000)
  eden space 71168K, 0% used [0x00000000d5580000,0x00000000d5580000,0x00000000d9b00000)
  from space 10240K, 53% used [0x00000000d9b00000,0x00000000da050da0,0x00000000da500000)
  to   space 9728K, 0% used [0x00000000da500000,0x00000000da500000,0x00000000dae80000)
 ParOldGen       total 314880K, used 58928K [0x0000000080000000, 0x0000000093380000, 0x00000000d5580000)
  object space 314880K, 18% used [0x0000000080000000,0x000000008398c228,0x0000000093380000)
 Metaspace       used 94273K, capacity 96466K, committed 98816K, reserved 1136640K
  class space    used 11216K, capacity 11599K, committed 12032K, reserved 1048576K
}
{Heap before GC invocations=156 (full 4):
 PSYoungGen      total 81408K, used 76610K [0x00000000d5580000, 0x00000000dae80000, 0x0000000100000000)
  eden space 71168K, 99% used [0x00000000d5580000,0x00000000d9affb60,0x00000000d9b00000)
  from space 10240K, 53% used [0x00000000d9b00000,0x00000000da050da0,0x00000000da500000)
  to   space 9728K, 0% used [0x00000000da500000,0x00000000da500000,0x00000000dae80000)
 ParOldGen       total 314880K, used 58928K [0x0000000080000000, 0x0000000093380000, 0x00000000d5580000)
  object space 314880K, 18% used [0x0000000080000000,0x000000008398c228,0x0000000093380000)
 Metaspace       used 94308K, capacity 96544K, committed 98816K, reserved 1136640K
  class space    used 11223K, capacity 11612K, committed 12032K, reserved 1048576K
2023-09-06T02:43:12.784+0600: 705359.278: [GC (Allocation Failure) [PSYoungGen: 76610K->6453K(81408K)] 135538K->65421K(396288K), 0.0197273 secs] [Times: user=0.04 sys=0.00, real=0.02 secs] 
Heap after GC invocations=156 (full 4):
 PSYoungGen      total 81408K, used 6453K [0x00000000d5580000, 0x00000000dae80000, 0x0000000100000000)
  eden space 71680K, 0% used [0x00000000d5580000,0x00000000d5580000,0x00000000d9b80000)
  from space 9728K, 66% used [0x00000000da500000,0x00000000dab4d4b0,0x00000000dae80000)
  to   space 9728K, 0% used [0x00000000d9b80000,0x00000000d9b80000,0x00000000da500000)
 ParOldGen       total 314880K, used 58968K [0x0000000080000000, 0x0000000093380000, 0x00000000d5580000)
  object space 314880K, 18% used [0x0000000080000000,0x0000000083996228,0x0000000093380000)
 Metaspace       used 94308K, capacity 96544K, committed 98816K, reserved 1136640K
  class space    used 11223K, capacity 11612K, committed 12032K, reserved 1048576K
}
{Heap before GC invocations=157 (full 4):
 PSYoungGen      total 81408K, used 78133K [0x00000000d5580000, 0x00000000dae80000, 0x0000000100000000)
  eden space 71680K, 100% used [0x00000000d5580000,0x00000000d9b80000,0x00000000d9b80000)
  from space 9728K, 66% used [0x00000000da500000,0x00000000dab4d4b0,0x00000000dae80000)
  to   space 9728K, 0% used [0x00000000d9b80000,0x00000000d9b80000,0x00000000da500000)
 ParOldGen       total 314880K, used 58968K [0x0000000080000000, 0x0000000093380000, 0x00000000d5580000)
  object space 314880K, 18% used [0x0000000080000000,0x0000000083996228,0x0000000093380000)
 Metaspace       used 94308K, capacity 96544K, committed 98816K, reserved 1136640K
  class space    used 11223K, capacity 11612K, committed 12032K, reserved 1048576K
2023-09-06T03:35:13.493+0600: 708479.988: [GC (Allocation Failure) [PSYoungGen: 78133K->5009K(81408K)] 137101K->64001K(396288K), 0.0159863 secs] [Times: user=0.03 sys=0.00, real=0.02 secs] 
Heap after GC invocations=157 (full 4):
 PSYoungGen      total 81408K, used 5009K [0x00000000d5580000, 0x00000000dae00000, 0x0000000100000000)
  eden space 71680K, 0% used [0x00000000d5580000,0x00000000d5580000,0x00000000d9b80000)
  from space 9728K, 51% used [0x00000000d9b80000,0x00000000da0644a0,0x00000000da500000)
  to   space 9216K, 0% used [0x00000000da500000,0x00000000da500000,0x00000000dae00000)
 ParOldGen       total 314880K, used 58992K [0x0000000080000000, 0x0000000093380000, 0x00000000d5580000)
  object space 314880K, 18% used [0x0000000080000000,0x000000008399c228,0x0000000093380000)
 Metaspace       used 94308K, capacity 96544K, committed 98816K, reserved 1136640K
  class space    used 11223K, capacity 11612K, committed 12032K, reserved 1048576K
}
{Heap before GC invocations=158 (full 4):
 PSYoungGen      total 81408K, used 76689K [0x00000000d5580000, 0x00000000dae00000, 0x0000000100000000)
  eden space 71680K, 100% used [0x00000000d5580000,0x00000000d9b80000,0x00000000d9b80000)
  from space 9728K, 51% used [0x00000000d9b80000,0x00000000da0644a0,0x00000000da500000)
  to   space 9216K, 0% used [0x00000000da500000,0x00000000da500000,0x00000000dae00000)
 ParOldGen       total 314880K, used 58992K [0x0000000080000000, 0x0000000093380000, 0x00000000d5580000)
  object space 314880K, 18% used [0x0000000080000000,0x000000008399c228,0x0000000093380000)
 Metaspace       used 94308K, capacity 96544K, committed 98816K, reserved 1136640K
  class space    used 11223K, capacity 11612K, committed 12032K, reserved 1048576K
2023-09-06T04:33:32.451+0600: 711978.945: [GC (Allocation Failure) [PSYoungGen: 76689K->3200K(80896K)] 135681K->62248K(395776K), 0.0151628 secs] [Times: user=0.03 sys=0.00, real=0.01 secs] 
Heap after GC invocations=158 (full 4):
 PSYoungGen      total 80896K, used 3200K [0x00000000d5580000, 0x00000000daf00000, 0x0000000100000000)
  eden space 71680K, 0% used [0x00000000d5580000,0x00000000d5580000,0x00000000d9b80000)
  from space 9216K, 34% used [0x00000000da500000,0x00000000da820000,0x00000000dae00000)
  to   space 9728K, 0% used [0x00000000d9b80000,0x00000000d9b80000,0x00000000da500000)
 ParOldGen       total 314880K, used 59048K [0x0000000080000000, 0x0000000093380000, 0x00000000d5580000)
  object space 314880K, 18% used [0x0000000080000000,0x00000000839aa0f8,0x0000000093380000)
 Metaspace       used 94308K, capacity 96544K, committed 98816K, reserved 1136640K
  class space    used 11223K, capacity 11612K, committed 12032K, reserved 1048576K
}
{Heap before GC invocations=159 (full 4):
 PSYoungGen      total 80896K, used 74880K [0x00000000d5580000, 0x00000000daf00000, 0x0000000100000000)
  eden space 71680K, 100% used [0x00000000d5580000,0x00000000d9b80000,0x00000000d9b80000)
  from space 9216K, 34% used [0x00000000da500000,0x00000000da820000,0x00000000dae00000)
  to   space 9728K, 0% used [0x00000000d9b80000,0x00000000d9b80000,0x00000000da500000)
 ParOldGen       total 314880K, used 59048K [0x0000000080000000, 0x0000000093380000, 0x00000000d5580000)
  object space 314880K, 18% used [0x0000000080000000,0x00000000839aa0f8,0x0000000093380000)
 Metaspace       used 94308K, capacity 96544K, committed 98816K, reserved 1136640K
  class space    used 11223K, capacity 11612K, committed 12032K, reserved 1048576K
2023-09-06T05:31:29.084+0600: 715455.579: [GC (Allocation Failure) [PSYoungGen: 74880K->3168K(81408K)] 133928K->62232K(396288K), 0.0165018 secs] [Times: user=0.03 sys=0.00, real=0.02 secs] 
Heap after GC invocations=159 (full 4):
 PSYoungGen      total 81408K, used 3168K [0x00000000d5580000, 0x00000000daf00000, 0x0000000100000000)
  eden space 71680K, 0% used [0x00000000d5580000,0x00000000d5580000,0x00000000d9b80000)
  from space 9728K, 32% used [0x00000000d9b80000,0x00000000d9e98000,0x00000000da500000)
  to   space 9728K, 0% used [0x00000000da580000,0x00000000da580000,0x00000000daf00000)
 ParOldGen       total 314880K, used 59064K [0x0000000080000000, 0x0000000093380000, 0x00000000d5580000)
  object space 314880K, 18% used [0x0000000080000000,0x00000000839ae0f8,0x0000000093380000)
 Metaspace       used 94308K, capacity 96544K, committed 98816K, reserved 1136640K
  class space    used 11223K, capacity 11612K, committed 12032K, reserved 1048576K
}
{Heap before GC invocations=160 (full 4):
 PSYoungGen      total 81408K, used 74848K [0x00000000d5580000, 0x00000000daf00000, 0x0000000100000000)
  eden space 71680K, 100% used [0x00000000d5580000,0x00000000d9b80000,0x00000000d9b80000)
  from space 9728K, 32% used [0x00000000d9b80000,0x00000000d9e98000,0x00000000da500000)
  to   space 9728K, 0% used [0x00000000da580000,0x00000000da580000,0x00000000daf00000)
 ParOldGen       total 314880K, used 59064K [0x0000000080000000, 0x0000000093380000, 0x00000000d5580000)
  object space 314880K, 18% used [0x0000000080000000,0x00000000839ae0f8,0x0000000093380000)
 Metaspace       used 94308K, capacity 96544K, committed 98816K, reserved 1136640K
  class space    used 11223K, capacity 11612K, committed 12032K, reserved 1048576K
2023-09-06T06:27:50.488+0600: 718836.983: [GC (Allocation Failure) [PSYoungGen: 74848K->3232K(81920K)] 133912K->62328K(396800K), 0.0157375 secs] [Times: user=0.02 sys=0.00, real=0.01 secs] 
Heap after GC invocations=160 (full 4):
 PSYoungGen      total 81920K, used 3232K [0x00000000d5580000, 0x00000000daf00000, 0x0000000100000000)
  eden space 72192K, 0% used [0x00000000d5580000,0x00000000d5580000,0x00000000d9c00000)
  from space 9728K, 33% used [0x00000000da580000,0x00000000da8a8000,0x00000000daf00000)
  to   space 9728K, 0% used [0x00000000d9c00000,0x00000000d9c00000,0x00000000da580000)
 ParOldGen       total 314880K, used 59096K [0x0000000080000000, 0x0000000093380000, 0x00000000d5580000)
  object space 314880K, 18% used [0x0000000080000000,0x00000000839b6048,0x0000000093380000)
 Metaspace       used 94308K, capacity 96544K, committed 98816K, reserved 1136640K
  class space    used 11223K, capacity 11612K, committed 12032K, reserved 1048576K
}
{Heap before GC invocations=161 (full 4):
 PSYoungGen      total 81920K, used 75424K [0x00000000d5580000, 0x00000000daf00000, 0x0000000100000000)
  eden space 72192K, 100% used [0x00000000d5580000,0x00000000d9c00000,0x00000000d9c00000)
  from space 9728K, 33% used [0x00000000da580000,0x00000000da8a8000,0x00000000daf00000)
  to   space 9728K, 0% used [0x00000000d9c00000,0x00000000d9c00000,0x00000000da580000)
 ParOldGen       total 314880K, used 59096K [0x0000000080000000, 0x0000000093380000, 0x00000000d5580000)
  object space 314880K, 18% used [0x0000000080000000,0x00000000839b6048,0x0000000093380000)
 Metaspace       used 94309K, capacity 96544K, committed 98816K, reserved 1136640K
  class space    used 11223K, capacity 11612K, committed 12032K, reserved 1048576K
2023-09-06T07:26:21.708+0600: 722348.202: [GC (Allocation Failure) [PSYoungGen: 75424K->3200K(81920K)] 134520K->62312K(396800K), 0.0169027 secs] [Times: user=0.03 sys=0.00, real=0.02 secs] 
Heap after GC invocations=161 (full 4):
 PSYoungGen      total 81920K, used 3200K [0x00000000d5580000, 0x00000000daf80000, 0x0000000100000000)
  eden space 72192K, 0% used [0x00000000d5580000,0x00000000d5580000,0x00000000d9c00000)
  from space 9728K, 32% used [0x00000000d9c00000,0x00000000d9f20000,0x00000000da580000)
  to   space 9728K, 0% used [0x00000000da600000,0x00000000da600000,0x00000000daf80000)
 ParOldGen       total 314880K, used 59112K [0x0000000080000000, 0x0000000093380000, 0x00000000d5580000)
  object space 314880K, 18% used [0x0000000080000000,0x00000000839ba048,0x0000000093380000)
 Metaspace       used 94309K, capacity 96544K, committed 98816K, reserved 1136640K
  class space    used 11223K, capacity 11612K, committed 12032K, reserved 1048576K
}
{Heap before GC invocations=162 (full 4):
 PSYoungGen      total 81920K, used 75392K [0x00000000d5580000, 0x00000000daf80000, 0x0000000100000000)
  eden space 72192K, 100% used [0x00000000d5580000,0x00000000d9c00000,0x00000000d9c00000)
  from space 9728K, 32% used [0x00000000d9c00000,0x00000000d9f20000,0x00000000da580000)
  to   space 9728K, 0% used [0x00000000da600000,0x00000000da600000,0x00000000daf80000)
 ParOldGen       total 314880K, used 59112K [0x0000000080000000, 0x0000000093380000, 0x00000000d5580000)
  object space 314880K, 18% used [0x0000000080000000,0x00000000839ba048,0x0000000093380000)
 Metaspace       used 94309K, capacity 96544K, committed 98816K, reserved 1136640K
  class space    used 11223K, capacity 11612K, committed 12032K, reserved 1048576K
2023-09-06T08:24:41.239+0600: 725847.734: [GC (Allocation Failure) [PSYoungGen: 75392K->3168K(81408K)] 134504K->62303K(396288K), 0.0150832 secs] [Times: user=0.03 sys=0.00, real=0.01 secs] 
Heap after GC invocations=162 (full 4):
 PSYoungGen      total 81408K, used 3168K [0x00000000d5580000, 0x00000000dae80000, 0x0000000100000000)
  eden space 72704K, 0% used [0x00000000d5580000,0x00000000d5580000,0x00000000d9c80000)
  from space 8704K, 36% used [0x00000000da600000,0x00000000da918000,0x00000000dae80000)
  to   space 9216K, 0% used [0x00000000d9c80000,0x00000000d9c80000,0x00000000da580000)
 ParOldGen       total 314880K, used 59135K [0x0000000080000000, 0x0000000093380000, 0x00000000d5580000)
  object space 314880K, 18% used [0x0000000080000000,0x00000000839bff98,0x0000000093380000)
 Metaspace       used 94309K, capacity 96544K, committed 98816K, reserved 1136640K
  class space    used 11223K, capacity 11612K, committed 12032K, reserved 1048576K
}
{Heap before GC invocations=163 (full 4):
 PSYoungGen      total 81408K, used 75872K [0x00000000d5580000, 0x00000000dae80000, 0x0000000100000000)
  eden space 72704K, 100% used [0x00000000d5580000,0x00000000d9c80000,0x00000000d9c80000)
  from space 8704K, 36% used [0x00000000da600000,0x00000000da918000,0x00000000dae80000)
  to   space 9216K, 0% used [0x00000000d9c80000,0x00000000d9c80000,0x00000000da580000)
 ParOldGen       total 314880K, used 59135K [0x0000000080000000, 0x0000000093380000, 0x00000000d5580000)
  object space 314880K, 18% used [0x0000000080000000,0x00000000839bff98,0x0000000093380000)
 Metaspace       used 94309K, capacity 96544K, committed 98816K, reserved 1136640K
  class space    used 11223K, capacity 11612K, committed 12032K, reserved 1048576K
2023-09-06T09:24:06.011+0600: 729412.505: [GC (Allocation Failure) [PSYoungGen: 75872K->3168K(81920K)] 135007K->62319K(396800K), 0.0168858 secs] [Times: user=0.03 sys=0.00, real=0.01 secs] 
Heap after GC invocations=163 (full 4):
 PSYoungGen      total 81920K, used 3168K [0x00000000d5580000, 0x00000000daf00000, 0x0000000100000000)
  eden space 72704K, 0% used [0x00000000d5580000,0x00000000d5580000,0x00000000d9c80000)
  from space 9216K, 34% used [0x00000000d9c80000,0x00000000d9f98000,0x00000000da580000)
  to   space 9216K, 0% used [0x00000000da600000,0x00000000da600000,0x00000000daf00000)
 ParOldGen       total 314880K, used 59151K [0x0000000080000000, 0x0000000093380000, 0x00000000d5580000)
  object space 314880K, 18% used [0x0000000080000000,0x00000000839c3f98,0x0000000093380000)
 Metaspace       used 94309K, capacity 96544K, committed 98816K, reserved 1136640K
  class space    used 11223K, capacity 11612K, committed 12032K, reserved 1048576K
}
{Heap before GC invocations=164 (full 4):
 PSYoungGen      total 81920K, used 75872K [0x00000000d5580000, 0x00000000daf00000, 0x0000000100000000)
  eden space 72704K, 100% used [0x00000000d5580000,0x00000000d9c80000,0x00000000d9c80000)
  from space 9216K, 34% used [0x00000000d9c80000,0x00000000d9f98000,0x00000000da580000)
  to   space 9216K, 0% used [0x00000000da600000,0x00000000da600000,0x00000000daf00000)
 ParOldGen       total 314880K, used 59151K [0x0000000080000000, 0x0000000093380000, 0x00000000d5580000)
  object space 314880K, 18% used [0x0000000080000000,0x00000000839c3f98,0x0000000093380000)
 Metaspace       used 94309K, capacity 96544K, committed 98816K, reserved 1136640K
  class space    used 11223K, capacity 11612K, committed 12032K, reserved 1048576K
2023-09-06T10:23:54.654+0600: 733001.149: [GC (Allocation Failure) [PSYoungGen: 75872K->3136K(82432K)] 135023K->62303K(397312K), 0.0128780 secs] [Times: user=0.02 sys=0.01, real=0.01 secs] 
Heap after GC invocations=164 (full 4):
 PSYoungGen      total 82432K, used 3136K [0x00000000d5580000, 0x00000000daf00000, 0x0000000100000000)
  eden space 73216K, 0% used [0x00000000d5580000,0x00000000d5580000,0x00000000d9d00000)
  from space 9216K, 34% used [0x00000000da600000,0x00000000da910000,0x00000000daf00000)
  to   space 9216K, 0% used [0x00000000d9d00000,0x00000000d9d00000,0x00000000da600000)
 ParOldGen       total 314880K, used 59167K [0x0000000080000000, 0x0000000093380000, 0x00000000d5580000)
  object space 314880K, 18% used [0x0000000080000000,0x00000000839c7f98,0x0000000093380000)
 Metaspace       used 94309K, capacity 96544K, committed 98816K, reserved 1136640K
  class space    used 11223K, capacity 11612K, committed 12032K, reserved 1048576K
}
{Heap before GC invocations=165 (full 4):
 PSYoungGen      total 82432K, used 76352K [0x00000000d5580000, 0x00000000daf00000, 0x0000000100000000)
  eden space 73216K, 100% used [0x00000000d5580000,0x00000000d9d00000,0x00000000d9d00000)
  from space 9216K, 34% used [0x00000000da600000,0x00000000da910000,0x00000000daf00000)
  to   space 9216K, 0% used [0x00000000d9d00000,0x00000000d9d00000,0x00000000da600000)
 ParOldGen       total 314880K, used 59167K [0x0000000080000000, 0x0000000093380000, 0x00000000d5580000)
  object space 314880K, 18% used [0x0000000080000000,0x00000000839c7f98,0x0000000093380000)
 Metaspace       used 94309K, capacity 96544K, committed 98816K, reserved 1136640K
  class space    used 11223K, capacity 11612K, committed 12032K, reserved 1048576K
2023-09-06T11:23:55.269+0600: 736601.764: [GC (Allocation Failure) [PSYoungGen: 76352K->3136K(82432K)] 135519K->62303K(397312K), 0.0163551 secs] [Times: user=0.03 sys=0.00, real=0.01 secs] 
Heap after GC invocations=165 (full 4):
 PSYoungGen      total 82432K, used 3136K [0x00000000d5580000, 0x00000000dae80000, 0x0000000100000000)
  eden space 73216K, 0% used [0x00000000d5580000,0x00000000d5580000,0x00000000d9d00000)
  from space 9216K, 34% used [0x00000000d9d00000,0x00000000da010000,0x00000000da600000)
  to   space 8704K, 0% used [0x00000000da600000,0x00000000da600000,0x00000000dae80000)
 ParOldGen       total 314880K, used 59167K [0x0000000080000000, 0x0000000093380000, 0x00000000d5580000)
  object space 314880K, 18% used [0x0000000080000000,0x00000000839c7f98,0x0000000093380000)
 Metaspace       used 94309K, capacity 96544K, committed 98816K, reserved 1136640K
  class space    used 11223K, capacity 11612K, committed 12032K, reserved 1048576K
}
{Heap before GC invocations=166 (full 4):
 PSYoungGen      total 82432K, used 76351K [0x00000000d5580000, 0x00000000dae80000, 0x0000000100000000)
  eden space 73216K, 99% used [0x00000000d5580000,0x00000000d9cffcd0,0x00000000d9d00000)
  from space 9216K, 34% used [0x00000000d9d00000,0x00000000da010000,0x00000000da600000)
  to   space 8704K, 0% used [0x00000000da600000,0x00000000da600000,0x00000000dae80000)
 ParOldGen       total 314880K, used 59167K [0x0000000080000000, 0x0000000093380000, 0x00000000d5580000)
  object space 314880K, 18% used [0x0000000080000000,0x00000000839c7f98,0x0000000093380000)
 Metaspace       used 94309K, capacity 96544K, committed 98816K, reserved 1136640K
  class space    used 11223K, capacity 11612K, committed 12032K, reserved 1048576K
2023-09-06T12:03:38.869+0600: 738985.363: [GC (Allocation Failure) [PSYoungGen: 76351K->5634K(82432K)] 135519K->64818K(397312K), 0.0130663 secs] [Times: user=0.02 sys=0.00, real=0.01 secs] 
Heap after GC invocations=166 (full 4):
 PSYoungGen      total 82432K, used 5634K [0x00000000d5580000, 0x00000000dae80000, 0x0000000100000000)
  eden space 73728K, 0% used [0x00000000d5580000,0x00000000d5580000,0x00000000d9d80000)
  from space 8704K, 64% used [0x00000000da600000,0x00000000dab80b80,0x00000000dae80000)
  to   space 8704K, 0% used [0x00000000d9d80000,0x00000000d9d80000,0x00000000da600000)
 ParOldGen       total 314880K, used 59183K [0x0000000080000000, 0x0000000093380000, 0x00000000d5580000)
  object space 314880K, 18% used [0x0000000080000000,0x00000000839cbf98,0x0000000093380000)
 Metaspace       used 94309K, capacity 96544K, committed 98816K, reserved 1136640K
  class space    used 11223K, capacity 11612K, committed 12032K, reserved 1048576K
}
{Heap before GC invocations=167 (full 4):
 PSYoungGen      total 82432K, used 79362K [0x00000000d5580000, 0x00000000dae80000, 0x0000000100000000)
  eden space 73728K, 99% used [0x00000000d5580000,0x00000000d9d7fff8,0x00000000d9d80000)
  from space 8704K, 64% used [0x00000000da600000,0x00000000dab80b80,0x00000000dae80000)
  to   space 8704K, 0% used [0x00000000d9d80000,0x00000000d9d80000,0x00000000da600000)
 ParOldGen       total 314880K, used 59183K [0x0000000080000000, 0x0000000093380000, 0x00000000d5580000)
  object space 314880K, 18% used [0x0000000080000000,0x00000000839cbf98,0x0000000093380000)
 Metaspace       used 94309K, capacity 96544K, committed 98816K, reserved 1136640K
  class space    used 11223K, capacity 11612K, committed 12032K, reserved 1048576K
2023-09-06T12:52:25.081+0600: 741911.576: [GC (Allocation Failure) [PSYoungGen: 79362K->4017K(82432K)] 138546K->63249K(397312K), 0.0140258 secs] [Times: user=0.03 sys=0.00, real=0.01 secs] 
Heap after GC invocations=167 (full 4):
 PSYoungGen      total 82432K, used 4017K [0x00000000d5580000, 0x00000000daf00000, 0x0000000100000000)
  eden space 73728K, 0% used [0x00000000d5580000,0x00000000d5580000,0x00000000d9d80000)
  from space 8704K, 46% used [0x00000000d9d80000,0x00000000da16c6e0,0x00000000da600000)
  to   space 8704K, 0% used [0x00000000da680000,0x00000000da680000,0x00000000daf00000)
 ParOldGen       total 314880K, used 59231K [0x0000000080000000, 0x0000000093380000, 0x00000000d5580000)
  object space 314880K, 18% used [0x0000000080000000,0x00000000839d7ee8,0x0000000093380000)
 Metaspace       used 94309K, capacity 96544K, committed 98816K, reserved 1136640K
  class space    used 11223K, capacity 11612K, committed 12032K, reserved 1048576K
}
{Heap before GC invocations=168 (full 4):
 PSYoungGen      total 82432K, used 77735K [0x00000000d5580000, 0x00000000daf00000, 0x0000000100000000)
  eden space 73728K, 99% used [0x00000000d5580000,0x00000000d9d7d8c0,0x00000000d9d80000)
  from space 8704K, 46% used [0x00000000d9d80000,0x00000000da16c6e0,0x00000000da600000)
  to   space 8704K, 0% used [0x00000000da680000,0x00000000da680000,0x00000000daf00000)
 ParOldGen       total 314880K, used 59231K [0x0000000080000000, 0x0000000093380000, 0x00000000d5580000)
  object space 314880K, 18% used [0x0000000080000000,0x00000000839d7ee8,0x0000000093380000)
 Metaspace       used 94322K, capacity 96574K, committed 98816K, reserved 1136640K
  class space    used 11226K, capacity 11617K, committed 12032K, reserved 1048576K
2023-09-06T13:45:22.565+0600: 745089.060: [GC (Allocation Failure) [PSYoungGen: 77735K->4210K(81920K)] 136967K->63489K(396800K), 0.0149034 secs] [Times: user=0.04 sys=0.00, real=0.02 secs] 
Heap after GC invocations=168 (full 4):
 PSYoungGen      total 81920K, used 4210K [0x00000000d5580000, 0x00000000dae00000, 0x0000000100000000)
  eden space 74240K, 0% used [0x00000000d5580000,0x00000000d5580000,0x00000000d9e00000)
  from space 7680K, 54% used [0x00000000da680000,0x00000000daa9c940,0x00000000dae00000)
  to   space 8192K, 0% used [0x00000000d9e00000,0x00000000d9e00000,0x00000000da600000)
 ParOldGen       total 314880K, used 59279K [0x0000000080000000, 0x0000000093380000, 0x00000000d5580000)
  object space 314880K, 18% used [0x0000000080000000,0x00000000839e3d88,0x0000000093380000)
 Metaspace       used 94322K, capacity 96574K, committed 98816K, reserved 1136640K
  class space    used 11226K, capacity 11617K, committed 12032K, reserved 1048576K
}
{Heap before GC invocations=169 (full 4):
 PSYoungGen      total 81920K, used 78450K [0x00000000d5580000, 0x00000000dae00000, 0x0000000100000000)
  eden space 74240K, 100% used [0x00000000d5580000,0x00000000d9e00000,0x00000000d9e00000)
  from space 7680K, 54% used [0x00000000da680000,0x00000000daa9c940,0x00000000dae00000)
  to   space 8192K, 0% used [0x00000000d9e00000,0x00000000d9e00000,0x00000000da600000)
 ParOldGen       total 314880K, used 59279K [0x0000000080000000, 0x0000000093380000, 0x00000000d5580000)
  object space 314880K, 18% used [0x0000000080000000,0x00000000839e3d88,0x0000000093380000)
 Metaspace       used 94344K, capacity 96628K, committed 98816K, reserved 1136640K
  class space    used 11231K, capacity 11626K, committed 12032K, reserved 1048576K
2023-09-06T14:18:06.143+0600: 747052.638: [GC (Allocation Failure) [PSYoungGen: 78450K->6361K(82432K)] 137729K->65703K(397312K), 0.0200844 secs] [Times: user=0.03 sys=0.00, real=0.02 secs] 
Heap after GC invocations=169 (full 4):
 PSYoungGen      total 82432K, used 6361K [0x00000000d5580000, 0x00000000daf80000, 0x0000000100000000)
  eden space 74240K, 0% used [0x00000000d5580000,0x00000000d5580000,0x00000000d9e00000)
  from space 8192K, 77% used [0x00000000d9e00000,0x00000000da436430,0x00000000da600000)
  to   space 8704K, 0% used [0x00000000da700000,0x00000000da700000,0x00000000daf80000)
 ParOldGen       total 314880K, used 59342K [0x0000000080000000, 0x0000000093380000, 0x00000000d5580000)
  object space 314880K, 18% used [0x0000000080000000,0x00000000839f3ac8,0x0000000093380000)
 Metaspace       used 94344K, capacity 96628K, committed 98816K, reserved 1136640K
  class space    used 11231K, capacity 11626K, committed 12032K, reserved 1048576K
}
{Heap before GC invocations=170 (full 4):
 PSYoungGen      total 82432K, used 80600K [0x00000000d5580000, 0x00000000daf80000, 0x0000000100000000)
  eden space 74240K, 99% used [0x00000000d5580000,0x00000000d9dffee8,0x00000000d9e00000)
  from space 8192K, 77% used [0x00000000d9e00000,0x00000000da436430,0x00000000da600000)
  to   space 8704K, 0% used [0x00000000da700000,0x00000000da700000,0x00000000daf80000)
 ParOldGen       total 314880K, used 59346K [0x0000000080000000, 0x0000000093380000, 0x00000000d5580000)
  object space 314880K, 18% used [0x0000000080000000,0x00000000839f4840,0x0000000093380000)
 Metaspace       used 94344K, capacity 96628K, committed 98816K, reserved 1136640K
  class space    used 11231K, capacity 11626K, committed 12032K, reserved 1048576K
2023-09-06T15:00:37.168+0600: 749603.662: [GC (GCLocker Initiated GC) [PSYoungGen: 80600K->6918K(82944K)] 139946K->66296K(397824K), 0.0136718 secs] [Times: user=0.03 sys=0.00, real=0.02 secs] 
Heap after GC invocations=170 (full 4):
 PSYoungGen      total 82944K, used 6918K [0x00000000d5580000, 0x00000000db080000, 0x0000000100000000)
  eden space 74240K, 0% used [0x00000000d5580000,0x00000000d5580000,0x00000000d9e00000)
  from space 8704K, 79% used [0x00000000da700000,0x00000000dadc18d0,0x00000000daf80000)
  to   space 9216K, 0% used [0x00000000d9e00000,0x00000000d9e00000,0x00000000da700000)
 ParOldGen       total 314880K, used 59378K [0x0000000080000000, 0x0000000093380000, 0x00000000d5580000)
  object space 314880K, 18% used [0x0000000080000000,0x00000000839fc840,0x0000000093380000)
 Metaspace       used 94344K, capacity 96628K, committed 98816K, reserved 1136640K
  class space    used 11231K, capacity 11626K, committed 12032K, reserved 1048576K
}
{Heap before GC invocations=171 (full 4):
 PSYoungGen      total 82944K, used 81158K [0x00000000d5580000, 0x00000000db080000, 0x0000000100000000)
  eden space 74240K, 100% used [0x00000000d5580000,0x00000000d9e00000,0x00000000d9e00000)
  from space 8704K, 79% used [0x00000000da700000,0x00000000dadc18d0,0x00000000daf80000)
  to   space 9216K, 0% used [0x00000000d9e00000,0x00000000d9e00000,0x00000000da700000)
 ParOldGen       total 314880K, used 59382K [0x0000000080000000, 0x0000000093380000, 0x00000000d5580000)
  object space 314880K, 18% used [0x0000000080000000,0x00000000839fdb00,0x0000000093380000)
 Metaspace       used 94344K, capacity 96628K, committed 98816K, reserved 1136640K
  class space    used 11231K, capacity 11626K, committed 12032K, reserved 1048576K
2023-09-06T15:36:24.952+0600: 751751.446: [GC (Allocation Failure) [PSYoungGen: 81158K->6678K(83456K)] 140540K->66108K(398336K), 0.0109632 secs] [Times: user=0.02 sys=0.00, real=0.01 secs] 
Heap after GC invocations=171 (full 4):
 PSYoungGen      total 83456K, used 6678K [0x00000000d5580000, 0x00000000db080000, 0x0000000100000000)
  eden space 74240K, 0% used [0x00000000d5580000,0x00000000d5580000,0x00000000d9e00000)
  from space 9216K, 72% used [0x00000000d9e00000,0x00000000da485940,0x00000000da700000)
  to   space 9216K, 0% used [0x00000000da780000,0x00000000da780000,0x00000000db080000)
 ParOldGen       total 314880K, used 59430K [0x0000000080000000, 0x0000000093380000, 0x00000000d5580000)
  object space 314880K, 18% used [0x0000000080000000,0x0000000083a09a60,0x0000000093380000)
 Metaspace       used 94344K, capacity 96628K, committed 98816K, reserved 1136640K
  class space    used 11231K, capacity 11626K, committed 12032K, reserved 1048576K
}
{Heap before GC invocations=172 (full 4):
 PSYoungGen      total 83456K, used 80918K [0x00000000d5580000, 0x00000000db080000, 0x0000000100000000)
  eden space 74240K, 100% used [0x00000000d5580000,0x00000000d9e00000,0x00000000d9e00000)
  from space 9216K, 72% used [0x00000000d9e00000,0x00000000da485940,0x00000000da700000)
  to   space 9216K, 0% used [0x00000000da780000,0x00000000da780000,0x00000000db080000)
 ParOldGen       total 314880K, used 59430K [0x0000000080000000, 0x0000000093380000, 0x00000000d5580000)
  object space 314880K, 18% used [0x0000000080000000,0x0000000083a09a60,0x0000000093380000)
 Metaspace       used 94382K, capacity 96706K, committed 98816K, reserved 1136640K
  class space    used 11238K, capacity 11639K, committed 12032K, reserved 1048576K
2023-09-06T16:06:26.351+0600: 753552.845: [GC (Allocation Failure) [PSYoungGen: 80918K->7655K(83456K)] 140348K->67102K(398336K), 0.0193477 secs] [Times: user=0.03 sys=0.00, real=0.02 secs] 
Heap after GC invocations=172 (full 4):
 PSYoungGen      total 83456K, used 7655K [0x00000000d5580000, 0x00000000db180000, 0x0000000100000000)
  eden space 74240K, 0% used [0x00000000d5580000,0x00000000d5580000,0x00000000d9e00000)
  from space 9216K, 83% used [0x00000000da780000,0x00000000daef9e00,0x00000000db080000)
  to   space 9728K, 0% used [0x00000000d9e00000,0x00000000d9e00000,0x00000000da780000)
 ParOldGen       total 314880K, used 59446K [0x0000000080000000, 0x0000000093380000, 0x00000000d5580000)
  object space 314880K, 18% used [0x0000000080000000,0x0000000083a0da60,0x0000000093380000)
 Metaspace       used 94382K, capacity 96706K, committed 98816K, reserved 1136640K
  class space    used 11238K, capacity 11639K, committed 12032K, reserved 1048576K
}
{Heap before GC invocations=173 (full 4):
 PSYoungGen      total 83456K, used 81895K [0x00000000d5580000, 0x00000000db180000, 0x0000000100000000)
  eden space 74240K, 100% used [0x00000000d5580000,0x00000000d9e00000,0x00000000d9e00000)
  from space 9216K, 83% used [0x00000000da780000,0x00000000daef9e00,0x00000000db080000)
  to   space 9728K, 0% used [0x00000000d9e00000,0x00000000d9e00000,0x00000000da780000)
 ParOldGen       total 314880K, used 59446K [0x0000000080000000, 0x0000000093380000, 0x00000000d5580000)
  object space 314880K, 18% used [0x0000000080000000,0x0000000083a0da60,0x0000000093380000)
 Metaspace       used 94382K, capacity 96706K, committed 98816K, reserved 1136640K
  class space    used 11238K, capacity 11639K, committed 12032K, reserved 1048576K
2023-09-06T16:41:12.770+0600: 755639.265: [GC (Allocation Failure) [PSYoungGen: 81895K->7492K(83968K)] 141342K->66939K(398848K), 0.0103121 secs] [Times: user=0.02 sys=0.00, real=0.01 secs] 
Heap after GC invocations=173 (full 4):
 PSYoungGen      total 83968K, used 7492K [0x00000000d5580000, 0x00000000db280000, 0x0000000100000000)
  eden space 74240K, 0% used [0x00000000d5580000,0x00000000d5580000,0x00000000d9e00000)
  from space 9728K, 77% used [0x00000000d9e00000,0x00000000da5512b0,0x00000000da780000)
  to   space 10240K, 0% used [0x00000000da880000,0x00000000da880000,0x00000000db280000)
 ParOldGen       total 314880K, used 59446K [0x0000000080000000, 0x0000000093380000, 0x00000000d5580000)
  object space 314880K, 18% used [0x0000000080000000,0x0000000083a0da60,0x0000000093380000)
 Metaspace       used 94382K, capacity 96706K, committed 98816K, reserved 1136640K
  class space    used 11238K, capacity 11639K, committed 12032K, reserved 1048576K
}
{Heap before GC invocations=174 (full 4):
 PSYoungGen      total 83968K, used 81732K [0x00000000d5580000, 0x00000000db280000, 0x0000000100000000)
  eden space 74240K, 100% used [0x00000000d5580000,0x00000000d9e00000,0x00000000d9e00000)
  from space 9728K, 77% used [0x00000000d9e00000,0x00000000da5512b0,0x00000000da780000)
  to   space 10240K, 0% used [0x00000000da880000,0x00000000da880000,0x00000000db280000)
 ParOldGen       total 314880K, used 59446K [0x0000000080000000, 0x0000000093380000, 0x00000000d5580000)
  object space 314880K, 18% used [0x0000000080000000,0x0000000083a0da60,0x0000000093380000)
 Metaspace       used 94383K, capacity 96706K, committed 98816K, reserved 1136640K
  class space    used 11238K, capacity 11639K, committed 12032K, reserved 1048576K
2023-09-06T17:33:13.982+0600: 758760.477: [GC (Allocation Failure) [PSYoungGen: 81732K->5171K(83968K)] 141179K->64618K(398848K), 0.0166831 secs] [Times: user=0.03 sys=0.00, real=0.02 secs] 
Heap after GC invocations=174 (full 4):
 PSYoungGen      total 83968K, used 5171K [0x00000000d5580000, 0x00000000db180000, 0x0000000100000000)
  eden space 74752K, 0% used [0x00000000d5580000,0x00000000d5580000,0x00000000d9e80000)
  from space 9216K, 56% used [0x00000000da880000,0x00000000dad8cda0,0x00000000db180000)
  to   space 9728K, 0% used [0x00000000d9e80000,0x00000000d9e80000,0x00000000da800000)
 ParOldGen       total 314880K, used 59446K [0x0000000080000000, 0x0000000093380000, 0x00000000d5580000)
  object space 314880K, 18% used [0x0000000080000000,0x0000000083a0da60,0x0000000093380000)
 Metaspace       used 94383K, capacity 96706K, committed 98816K, reserved 1136640K
  class space    used 11238K, capacity 11639K, committed 12032K, reserved 1048576K
}
{Heap before GC invocations=175 (full 4):
 PSYoungGen      total 83968K, used 79923K [0x00000000d5580000, 0x00000000db180000, 0x0000000100000000)
  eden space 74752K, 100% used [0x00000000d5580000,0x00000000d9e80000,0x00000000d9e80000)
  from space 9216K, 56% used [0x00000000da880000,0x00000000dad8cda0,0x00000000db180000)
  to   space 9728K, 0% used [0x00000000d9e80000,0x00000000d9e80000,0x00000000da800000)
 ParOldGen       total 314880K, used 59446K [0x0000000080000000, 0x0000000093380000, 0x00000000d5580000)
  object space 314880K, 18% used [0x0000000080000000,0x0000000083a0da60,0x0000000093380000)
 Metaspace       used 94383K, capacity 96706K, committed 98816K, reserved 1136640K
  class space    used 11238K, capacity 11639K, committed 12032K, reserved 1048576K
2023-09-06T18:25:45.173+0600: 761911.667: [GC (Allocation Failure) [PSYoungGen: 79923K->4081K(84480K)] 139370K->63543K(399360K), 0.0175083 secs] [Times: user=0.03 sys=0.00, real=0.02 secs] 
Heap after GC invocations=175 (full 4):
 PSYoungGen      total 84480K, used 4081K [0x00000000d5580000, 0x00000000db200000, 0x0000000100000000)
  eden space 74752K, 0% used [0x00000000d5580000,0x00000000d5580000,0x00000000d9e80000)
  from space 9728K, 41% used [0x00000000d9e80000,0x00000000da27c4a0,0x00000000da800000)
  to   space 9728K, 0% used [0x00000000da880000,0x00000000da880000,0x00000000db200000)
 ParOldGen       total 314880K, used 59462K [0x0000000080000000, 0x0000000093380000, 0x00000000d5580000)
  object space 314880K, 18% used [0x0000000080000000,0x0000000083a11a60,0x0000000093380000)
 Metaspace       used 94383K, capacity 96706K, committed 98816K, reserved 1136640K
  class space    used 11238K, capacity 11639K, committed 12032K, reserved 1048576K
}
{Heap before GC invocations=176 (full 4):
 PSYoungGen      total 84480K, used 78833K [0x00000000d5580000, 0x00000000db200000, 0x0000000100000000)
  eden space 74752K, 100% used [0x00000000d5580000,0x00000000d9e80000,0x00000000d9e80000)
  from space 9728K, 41% used [0x00000000d9e80000,0x00000000da27c4a0,0x00000000da800000)
  to   space 9728K, 0% used [0x00000000da880000,0x00000000da880000,0x00000000db200000)
 ParOldGen       total 314880K, used 59462K [0x0000000080000000, 0x0000000093380000, 0x00000000d5580000)
  object space 314880K, 18% used [0x0000000080000000,0x0000000083a11a60,0x0000000093380000)
 Metaspace       used 94383K, capacity 96706K, committed 98816K, reserved 1136640K
  class space    used 11238K, capacity 11639K, committed 12032K, reserved 1048576K
2023-09-06T19:08:13.445+0600: 764459.939: [GC (Allocation Failure) [PSYoungGen: 78833K->4736K(83968K)] 138295K->64199K(398848K), 0.0134655 secs] [Times: user=0.02 sys=0.00, real=0.02 secs] 
Heap after GC invocations=176 (full 4):
 PSYoungGen      total 83968K, used 4736K [0x00000000d5580000, 0x00000000db100000, 0x0000000100000000)
  eden space 75264K, 0% used [0x00000000d5580000,0x00000000d5580000,0x00000000d9f00000)
  from space 8704K, 54% used [0x00000000da880000,0x00000000dad202b0,0x00000000db100000)
  to   space 9216K, 0% used [0x00000000d9f00000,0x00000000d9f00000,0x00000000da800000)
 ParOldGen       total 314880K, used 59462K [0x0000000080000000, 0x0000000093380000, 0x00000000d5580000)
  object space 314880K, 18% used [0x0000000080000000,0x0000000083a11a60,0x0000000093380000)
 Metaspace       used 94383K, capacity 96706K, committed 98816K, reserved 1136640K
  class space    used 11238K, capacity 11639K, committed 12032K, reserved 1048576K
}
{Heap before GC invocations=177 (full 4):
 PSYoungGen      total 83968K, used 80000K [0x00000000d5580000, 0x00000000db100000, 0x0000000100000000)
  eden space 75264K, 99% used [0x00000000d5580000,0x00000000d9effec0,0x00000000d9f00000)
  from space 8704K, 54% used [0x00000000da880000,0x00000000dad202b0,0x00000000db100000)
  to   space 9216K, 0% used [0x00000000d9f00000,0x00000000d9f00000,0x00000000da800000)
 ParOldGen       total 314880K, used 59462K [0x0000000080000000, 0x0000000093380000, 0x00000000d5580000)
  object space 314880K, 18% used [0x0000000080000000,0x0000000083a11a60,0x0000000093380000)
 Metaspace       used 94386K, capacity 96706K, committed 98816K, reserved 1136640K
  class space    used 11238K, capacity 11639K, committed 12032K, reserved 1048576K
2023-09-06T20:04:38.937+0600: 767845.432: [GC (Allocation Failure) [PSYoungGen: 80000K->3360K(84480K)] 139462K->62822K(399360K), 0.0153598 secs] [Times: user=0.03 sys=0.00, real=0.02 secs] 
Heap after GC invocations=177 (full 4):
 PSYoungGen      total 84480K, used 3360K [0x00000000d5580000, 0x00000000db180000, 0x0000000100000000)
  eden space 75264K, 0% used [0x00000000d5580000,0x00000000d5580000,0x00000000d9f00000)
  from space 9216K, 36% used [0x00000000d9f00000,0x00000000da248000,0x00000000da800000)
  to   space 9216K, 0% used [0x00000000da880000,0x00000000da880000,0x00000000db180000)
 ParOldGen       total 314880K, used 59462K [0x0000000080000000, 0x0000000093380000, 0x00000000d5580000)
  object space 314880K, 18% used [0x0000000080000000,0x0000000083a11a60,0x0000000093380000)
 Metaspace       used 94386K, capacity 96706K, committed 98816K, reserved 1136640K
  class space    used 11238K, capacity 11639K, committed 12032K, reserved 1048576K
}
{Heap before GC invocations=178 (full 4):
 PSYoungGen      total 84480K, used 78623K [0x00000000d5580000, 0x00000000db180000, 0x0000000100000000)
  eden space 75264K, 99% used [0x00000000d5580000,0x00000000d9effff8,0x00000000d9f00000)
  from space 9216K, 36% used [0x00000000d9f00000,0x00000000da248000,0x00000000da800000)
  to   space 9216K, 0% used [0x00000000da880000,0x00000000da880000,0x00000000db180000)
 ParOldGen       total 314880K, used 59462K [0x0000000080000000, 0x0000000093380000, 0x00000000d5580000)
  object space 314880K, 18% used [0x0000000080000000,0x0000000083a11a60,0x0000000093380000)
 Metaspace       used 94389K, capacity 96706K, committed 98816K, reserved 1136640K
  class space    used 11238K, capacity 11639K, committed 12032K, reserved 1048576K
2023-09-06T20:56:40.385+0600: 770966.880: [GC (Allocation Failure) [PSYoungGen: 78623K->4051K(84992K)] 138086K->63514K(399872K), 0.0161049 secs] [Times: user=0.02 sys=0.00, real=0.02 secs] 
Heap after GC invocations=178 (full 4):
 PSYoungGen      total 84992K, used 4051K [0x00000000d5580000, 0x00000000db180000, 0x0000000100000000)
  eden space 75776K, 0% used [0x00000000d5580000,0x00000000d5580000,0x00000000d9f80000)
  from space 9216K, 43% used [0x00000000da880000,0x00000000dac74f50,0x00000000db180000)
  to   space 9216K, 0% used [0x00000000d9f80000,0x00000000d9f80000,0x00000000da880000)
 ParOldGen       total 314880K, used 59462K [0x0000000080000000, 0x0000000093380000, 0x00000000d5580000)
  object space 314880K, 18% used [0x0000000080000000,0x0000000083a11a60,0x0000000093380000)
 Metaspace       used 94389K, capacity 96706K, committed 98816K, reserved 1136640K
  class space    used 11238K, capacity 11639K, committed 12032K, reserved 1048576K
}
{Heap before GC invocations=179 (full 4):
 PSYoungGen      total 84992K, used 79827K [0x00000000d5580000, 0x00000000db180000, 0x0000000100000000)
  eden space 75776K, 100% used [0x00000000d5580000,0x00000000d9f80000,0x00000000d9f80000)
  from space 9216K, 43% used [0x00000000da880000,0x00000000dac74f50,0x00000000db180000)
  to   space 9216K, 0% used [0x00000000d9f80000,0x00000000d9f80000,0x00000000da880000)
 ParOldGen       total 314880K, used 59462K [0x0000000080000000, 0x0000000093380000, 0x00000000d5580000)
  object space 314880K, 18% used [0x0000000080000000,0x0000000083a11a60,0x0000000093380000)
 Metaspace       used 94389K, capacity 96706K, committed 98816K, reserved 1136640K
  class space    used 11238K, capacity 11639K, committed 12032K, reserved 1048576K
2023-09-06T21:48:29.318+0600: 774075.813: [GC (Allocation Failure) [PSYoungGen: 79827K->4296K(84992K)] 139290K->63758K(399872K), 0.0166112 secs] [Times: user=0.03 sys=0.00, real=0.02 secs] 
Heap after GC invocations=179 (full 4):
 PSYoungGen      total 84992K, used 4296K [0x00000000d5580000, 0x00000000db100000, 0x0000000100000000)
  eden space 75776K, 0% used [0x00000000d5580000,0x00000000d5580000,0x00000000d9f80000)
  from space 9216K, 46% used [0x00000000d9f80000,0x00000000da3b2130,0x00000000da880000)
  to   space 8704K, 0% used [0x00000000da880000,0x00000000da880000,0x00000000db100000)
 ParOldGen       total 314880K, used 59462K [0x0000000080000000, 0x0000000093380000, 0x00000000d5580000)
  object space 314880K, 18% used [0x0000000080000000,0x0000000083a11a60,0x0000000093380000)
 Metaspace       used 94389K, capacity 96706K, committed 98816K, reserved 1136640K
  class space    used 11238K, capacity 11639K, committed 12032K, reserved 1048576K
}
{Heap before GC invocations=180 (full 4):
 PSYoungGen      total 84992K, used 80072K [0x00000000d5580000, 0x00000000db100000, 0x0000000100000000)
  eden space 75776K, 100% used [0x00000000d5580000,0x00000000d9f80000,0x00000000d9f80000)
  from space 9216K, 46% used [0x00000000d9f80000,0x00000000da3b2130,0x00000000da880000)
  to   space 8704K, 0% used [0x00000000da880000,0x00000000da880000,0x00000000db100000)
 ParOldGen       total 314880K, used 59462K [0x0000000080000000, 0x0000000093380000, 0x00000000d5580000)
  object space 314880K, 18% used [0x0000000080000000,0x0000000083a11a60,0x0000000093380000)
 Metaspace       used 94389K, capacity 96706K, committed 98816K, reserved 1136640K
  class space    used 11238K, capacity 11639K, committed 12032K, reserved 1048576K
2023-09-06T22:38:46.213+0600: 777092.708: [GC (Allocation Failure) [PSYoungGen: 80072K->3921K(84992K)] 139534K->63384K(399872K), 0.0179201 secs] [Times: user=0.03 sys=0.00, real=0.02 secs] 
Heap after GC invocations=180 (full 4):
 PSYoungGen      total 84992K, used 3921K [0x00000000d5580000, 0x00000000db100000, 0x0000000100000000)
  eden space 76288K, 0% used [0x00000000d5580000,0x00000000d5580000,0x00000000da000000)
  from space 8704K, 45% used [0x00000000da880000,0x00000000dac546d0,0x00000000db100000)
  to   space 8704K, 0% used [0x00000000da000000,0x00000000da000000,0x00000000da880000)
 ParOldGen       total 314880K, used 59462K [0x0000000080000000, 0x0000000093380000, 0x00000000d5580000)
  object space 314880K, 18% used [0x0000000080000000,0x0000000083a11a60,0x0000000093380000)
 Metaspace       used 94389K, capacity 96706K, committed 98816K, reserved 1136640K
  class space    used 11238K, capacity 11639K, committed 12032K, reserved 1048576K
}
{Heap before GC invocations=181 (full 4):
 PSYoungGen      total 84992K, used 80209K [0x00000000d5580000, 0x00000000db100000, 0x0000000100000000)
  eden space 76288K, 100% used [0x00000000d5580000,0x00000000da000000,0x00000000da000000)
  from space 8704K, 45% used [0x00000000da880000,0x00000000dac546d0,0x00000000db100000)
  to   space 8704K, 0% used [0x00000000da000000,0x00000000da000000,0x00000000da880000)
 ParOldGen       total 314880K, used 59462K [0x0000000080000000, 0x0000000093380000, 0x00000000d5580000)
  object space 314880K, 18% used [0x0000000080000000,0x0000000083a11a60,0x0000000093380000)
 Metaspace       used 94389K, capacity 96706K, committed 98816K, reserved 1136640K
  class space    used 11238K, capacity 11639K, committed 12032K, reserved 1048576K
2023-09-06T23:39:50.122+0600: 780756.617: [GC (Allocation Failure) [PSYoungGen: 80209K->3328K(84992K)] 139672K->62806K(399872K), 0.0163110 secs] [Times: user=0.02 sys=0.00, real=0.02 secs] 
Heap after GC invocations=181 (full 4):
 PSYoungGen      total 84992K, used 3328K [0x00000000d5580000, 0x00000000db180000, 0x0000000100000000)
  eden space 76288K, 0% used [0x00000000d5580000,0x00000000d5580000,0x00000000da000000)
  from space 8704K, 38% used [0x00000000da000000,0x00000000da340000,0x00000000da880000)
  to   space 8704K, 0% used [0x00000000da900000,0x00000000da900000,0x00000000db180000)
 ParOldGen       total 314880K, used 59478K [0x0000000080000000, 0x0000000093380000, 0x00000000d5580000)
  object space 314880K, 18% used [0x0000000080000000,0x0000000083a15a60,0x0000000093380000)
 Metaspace       used 94389K, capacity 96706K, committed 98816K, reserved 1136640K
  class space    used 11238K, capacity 11639K, committed 12032K, reserved 1048576K
}
{Heap before GC invocations=182 (full 4):
 PSYoungGen      total 84992K, used 79616K [0x00000000d5580000, 0x00000000db180000, 0x0000000100000000)
  eden space 76288K, 100% used [0x00000000d5580000,0x00000000da000000,0x00000000da000000)
  from space 8704K, 38% used [0x00000000da000000,0x00000000da340000,0x00000000da880000)
  to   space 8704K, 0% used [0x00000000da900000,0x00000000da900000,0x00000000db180000)
 ParOldGen       total 314880K, used 59478K [0x0000000080000000, 0x0000000093380000, 0x00000000d5580000)
  object space 314880K, 18% used [0x0000000080000000,0x0000000083a15a60,0x0000000093380000)
 Metaspace       used 94389K, capacity 96706K, committed 98816K, reserved 1136640K
  class space    used 11238K, capacity 11639K, committed 12032K, reserved 1048576K
2023-09-07T00:31:39.060+0600: 783865.555: [GC (Allocation Failure) [PSYoungGen: 79616K->5090K(84480K)] 139094K->64584K(399360K), 0.0191284 secs] [Times: user=0.04 sys=0.00, real=0.02 secs] 
Heap after GC invocations=182 (full 4):
 PSYoungGen      total 84480K, used 5090K [0x00000000d5580000, 0x00000000db080000, 0x0000000100000000)
  eden space 76800K, 0% used [0x00000000d5580000,0x00000000d5580000,0x00000000da080000)
  from space 7680K, 66% used [0x00000000da900000,0x00000000dadf8940,0x00000000db080000)
  to   space 8192K, 0% used [0x00000000da080000,0x00000000da080000,0x00000000da880000)
 ParOldGen       total 314880K, used 59494K [0x0000000080000000, 0x0000000093380000, 0x00000000d5580000)
  object space 314880K, 18% used [0x0000000080000000,0x0000000083a19a60,0x0000000093380000)
 Metaspace       used 94389K, capacity 96706K, committed 98816K, reserved 1136640K
  class space    used 11238K, capacity 11639K, committed 12032K, reserved 1048576K
}
{Heap before GC invocations=183 (full 4):
 PSYoungGen      total 84480K, used 81890K [0x00000000d5580000, 0x00000000db080000, 0x0000000100000000)
  eden space 76800K, 100% used [0x00000000d5580000,0x00000000da080000,0x00000000da080000)
  from space 7680K, 66% used [0x00000000da900000,0x00000000dadf8940,0x00000000db080000)
  to   space 8192K, 0% used [0x00000000da080000,0x00000000da080000,0x00000000da880000)
 ParOldGen       total 314880K, used 59494K [0x0000000080000000, 0x0000000093380000, 0x00000000d5580000)
  object space 314880K, 18% used [0x0000000080000000,0x0000000083a19a60,0x0000000093380000)
 Metaspace       used 94391K, capacity 96706K, committed 98816K, reserved 1136640K
  class space    used 11238K, capacity 11639K, committed 12032K, reserved 1048576K
2023-09-07T01:08:06.730+0600: 786053.224: [GC (Allocation Failure) [PSYoungGen: 81890K->6246K(84992K)] 141384K->65764K(399872K), 0.0205219 secs] [Times: user=0.03 sys=0.00, real=0.02 secs] 
Heap after GC invocations=183 (full 4):
 PSYoungGen      total 84992K, used 6246K [0x00000000d5580000, 0x00000000db200000, 0x0000000100000000)
  eden space 76800K, 0% used [0x00000000d5580000,0x00000000d5580000,0x00000000da080000)
  from space 8192K, 76% used [0x00000000da080000,0x00000000da699920,0x00000000da880000)
  to   space 8704K, 0% used [0x00000000da980000,0x00000000da980000,0x00000000db200000)
 ParOldGen       total 314880K, used 59518K [0x0000000080000000, 0x0000000093380000, 0x00000000d5580000)
  object space 314880K, 18% used [0x0000000080000000,0x0000000083a1fa60,0x0000000093380000)
 Metaspace       used 94391K, capacity 96706K, committed 98816K, reserved 1136640K
  class space    used 11238K, capacity 11639K, committed 12032K, reserved 1048576K
}
{Heap before GC invocations=184 (full 4):
 PSYoungGen      total 84992K, used 83046K [0x00000000d5580000, 0x00000000db200000, 0x0000000100000000)
  eden space 76800K, 100% used [0x00000000d5580000,0x00000000da080000,0x00000000da080000)
  from space 8192K, 76% used [0x00000000da080000,0x00000000da699920,0x00000000da880000)
  to   space 8704K, 0% used [0x00000000da980000,0x00000000da980000,0x00000000db200000)
 ParOldGen       total 314880K, used 59518K [0x0000000080000000, 0x0000000093380000, 0x00000000d5580000)
  object space 314880K, 18% used [0x0000000080000000,0x0000000083a1fa60,0x0000000093380000)
 Metaspace       used 94391K, capacity 96706K, committed 98816K, reserved 1136640K
  class space    used 11238K, capacity 11639K, committed 12032K, reserved 1048576K
2023-09-07T02:09:53.253+0600: 789759.748: [GC (Allocation Failure) [PSYoungGen: 83046K->3440K(86016K)] 142564K->63030K(400896K), 0.0166000 secs] [Times: user=0.03 sys=0.00, real=0.02 secs] 
Heap after GC invocations=184 (full 4):
 PSYoungGen      total 86016K, used 3440K [0x00000000d5580000, 0x00000000db200000, 0x0000000100000000)
  eden space 77312K, 0% used [0x00000000d5580000,0x00000000d5580000,0x00000000da100000)
  from space 8704K, 39% used [0x00000000da980000,0x00000000dacdc230,0x00000000db200000)
  to   space 8704K, 0% used [0x00000000da100000,0x00000000da100000,0x00000000da980000)
 ParOldGen       total 314880K, used 59590K [0x0000000080000000, 0x0000000093380000, 0x00000000d5580000)
  object space 314880K, 18% used [0x0000000080000000,0x0000000083a319b0,0x0000000093380000)
 Metaspace       used 94391K, capacity 96706K, committed 98816K, reserved 1136640K
  class space    used 11238K, capacity 11639K, committed 12032K, reserved 1048576K
}
{Heap before GC invocations=185 (full 4):
 PSYoungGen      total 86016K, used 80752K [0x00000000d5580000, 0x00000000db200000, 0x0000000100000000)
  eden space 77312K, 100% used [0x00000000d5580000,0x00000000da100000,0x00000000da100000)
  from space 8704K, 39% used [0x00000000da980000,0x00000000dacdc230,0x00000000db200000)
  to   space 8704K, 0% used [0x00000000da100000,0x00000000da100000,0x00000000da980000)
 ParOldGen       total 314880K, used 59590K [0x0000000080000000, 0x0000000093380000, 0x00000000d5580000)
  object space 314880K, 18% used [0x0000000080000000,0x0000000083a319b0,0x0000000093380000)
 Metaspace       used 94391K, capacity 96706K, committed 98816K, reserved 1136640K
  class space    used 11238K, capacity 11639K, committed 12032K, reserved 1048576K
2023-09-07T03:05:31.786+0600: 793098.280: [GC (Allocation Failure) [PSYoungGen: 80752K->4384K(86016K)] 140342K->64022K(400896K), 0.0106897 secs] [Times: user=0.02 sys=0.00, real=0.01 secs] 
Heap after GC invocations=185 (full 4):
 PSYoungGen      total 86016K, used 4384K [0x00000000d5580000, 0x00000000db180000, 0x0000000100000000)
  eden space 77312K, 0% used [0x00000000d5580000,0x00000000d5580000,0x00000000da100000)
  from space 8704K, 50% used [0x00000000da100000,0x00000000da548050,0x00000000da980000)
  to   space 8192K, 0% used [0x00000000da980000,0x00000000da980000,0x00000000db180000)
 ParOldGen       total 314880K, used 59638K [0x0000000080000000, 0x0000000093380000, 0x00000000d5580000)
  object space 314880K, 18% used [0x0000000080000000,0x0000000083a3d850,0x0000000093380000)
 Metaspace       used 94391K, capacity 96706K, committed 98816K, reserved 1136640K
  class space    used 11238K, capacity 11639K, committed 12032K, reserved 1048576K
}
{Heap before GC invocations=186 (full 4):
 PSYoungGen      total 86016K, used 81696K [0x00000000d5580000, 0x00000000db180000, 0x0000000100000000)
  eden space 77312K, 100% used [0x00000000d5580000,0x00000000da100000,0x00000000da100000)
  from space 8704K, 50% used [0x00000000da100000,0x00000000da548050,0x00000000da980000)
  to   space 8192K, 0% used [0x00000000da980000,0x00000000da980000,0x00000000db180000)
 ParOldGen       total 314880K, used 59638K [0x0000000080000000, 0x0000000093380000, 0x00000000d5580000)
  object space 314880K, 18% used [0x0000000080000000,0x0000000083a3d850,0x0000000093380000)
 Metaspace       used 94391K, capacity 96706K, committed 98816K, reserved 1136640K
  class space    used 11238K, capacity 11639K, committed 12032K, reserved 1048576K
2023-09-07T04:08:22.869+0600: 796869.363: [GC (Allocation Failure) [PSYoungGen: 81696K->3264K(86016K)] 141334K->62926K(400896K), 0.0167456 secs] [Times: user=0.03 sys=0.00, real=0.01 secs] 
Heap after GC invocations=186 (full 4):
 PSYoungGen      total 86016K, used 3264K [0x00000000d5580000, 0x00000000db180000, 0x0000000100000000)
  eden space 77824K, 0% used [0x00000000d5580000,0x00000000d5580000,0x00000000da180000)
  from space 8192K, 39% used [0x00000000da980000,0x00000000dacb0000,0x00000000db180000)
  to   space 8192K, 0% used [0x00000000da180000,0x00000000da180000,0x00000000da980000)
 ParOldGen       total 314880K, used 59662K [0x0000000080000000, 0x0000000093380000, 0x00000000d5580000)
  object space 314880K, 18% used [0x0000000080000000,0x0000000083a43850,0x0000000093380000)
 Metaspace       used 94391K, capacity 96706K, committed 98816K, reserved 1136640K
  class space    used 11238K, capacity 11639K, committed 12032K, reserved 1048576K
}
{Heap before GC invocations=187 (full 4):
 PSYoungGen      total 86016K, used 81088K [0x00000000d5580000, 0x00000000db180000, 0x0000000100000000)
  eden space 77824K, 100% used [0x00000000d5580000,0x00000000da180000,0x00000000da180000)
  from space 8192K, 39% used [0x00000000da980000,0x00000000dacb0000,0x00000000db180000)
  to   space 8192K, 0% used [0x00000000da180000,0x00000000da180000,0x00000000da980000)
 ParOldGen       total 314880K, used 59662K [0x0000000080000000, 0x0000000093380000, 0x00000000d5580000)
  object space 314880K, 18% used [0x0000000080000000,0x0000000083a43850,0x0000000093380000)
 Metaspace       used 94394K, capacity 96706K, committed 98816K, reserved 1136640K
  class space    used 11238K, capacity 11639K, committed 12032K, reserved 1048576K
2023-09-07T05:15:59.587+0600: 800926.082: [GC (Allocation Failure) [PSYoungGen: 81088K->3200K(86016K)] 140750K->62925K(400896K), 0.0167033 secs] [Times: user=0.03 sys=0.00, real=0.02 secs] 
Heap after GC invocations=187 (full 4):
 PSYoungGen      total 86016K, used 3200K [0x00000000d5580000, 0x00000000db200000, 0x0000000100000000)
  eden space 77824K, 0% used [0x00000000d5580000,0x00000000d5580000,0x00000000da180000)
  from space 8192K, 39% used [0x00000000da180000,0x00000000da4a0000,0x00000000da980000)
  to   space 8192K, 0% used [0x00000000daa00000,0x00000000daa00000,0x00000000db200000)
 ParOldGen       total 314880K, used 59725K [0x0000000080000000, 0x0000000093380000, 0x00000000d5580000)
  object space 314880K, 18% used [0x0000000080000000,0x0000000083a536f0,0x0000000093380000)
 Metaspace       used 94394K, capacity 96706K, committed 98816K, reserved 1136640K
  class space    used 11238K, capacity 11639K, committed 12032K, reserved 1048576K
}
{Heap before GC invocations=188 (full 4):
 PSYoungGen      total 86016K, used 81024K [0x00000000d5580000, 0x00000000db200000, 0x0000000100000000)
  eden space 77824K, 100% used [0x00000000d5580000,0x00000000da180000,0x00000000da180000)
  from space 8192K, 39% used [0x00000000da180000,0x00000000da4a0000,0x00000000da980000)
  to   space 8192K, 0% used [0x00000000daa00000,0x00000000daa00000,0x00000000db200000)
 ParOldGen       total 314880K, used 59725K [0x0000000080000000, 0x0000000093380000, 0x00000000d5580000)
  object space 314880K, 18% used [0x0000000080000000,0x0000000083a536f0,0x0000000093380000)
 Metaspace       used 94394K, capacity 96706K, committed 98816K, reserved 1136640K
  class space    used 11238K, capacity 11639K, committed 12032K, reserved 1048576K
2023-09-07T06:20:30.117+0600: 804796.612: [GC (Allocation Failure) [PSYoungGen: 81024K->3072K(85504K)] 140749K->62885K(400384K), 0.0164988 secs] [Times: user=0.02 sys=0.00, real=0.02 secs] 
Heap after GC invocations=188 (full 4):
 PSYoungGen      total 85504K, used 3072K [0x00000000d5580000, 0x00000000db100000, 0x0000000100000000)
  eden space 78336K, 0% used [0x00000000d5580000,0x00000000d5580000,0x00000000da200000)
  from space 7168K, 42% used [0x00000000daa00000,0x00000000dad00000,0x00000000db100000)
  to   space 7680K, 0% used [0x00000000da200000,0x00000000da200000,0x00000000da980000)
 ParOldGen       total 314880K, used 59813K [0x0000000080000000, 0x0000000093380000, 0x00000000d5580000)
  object space 314880K, 18% used [0x0000000080000000,0x0000000083a69720,0x0000000093380000)
 Metaspace       used 94394K, capacity 96706K, committed 98816K, reserved 1136640K
  class space    used 11238K, capacity 11639K, committed 12032K, reserved 1048576K
}
{Heap before GC invocations=189 (full 4):
 PSYoungGen      total 85504K, used 81408K [0x00000000d5580000, 0x00000000db100000, 0x0000000100000000)
  eden space 78336K, 100% used [0x00000000d5580000,0x00000000da200000,0x00000000da200000)
  from space 7168K, 42% used [0x00000000daa00000,0x00000000dad00000,0x00000000db100000)
  to   space 7680K, 0% used [0x00000000da200000,0x00000000da200000,0x00000000da980000)
 ParOldGen       total 314880K, used 59813K [0x0000000080000000, 0x0000000093380000, 0x00000000d5580000)
  object space 314880K, 18% used [0x0000000080000000,0x0000000083a69720,0x0000000093380000)
 Metaspace       used 94406K, capacity 96736K, committed 98816K, reserved 1136640K
  class space    used 11241K, capacity 11644K, committed 12032K, reserved 1048576K
2023-09-07T07:20:30.944+0600: 808397.438: [GC (Allocation Failure) [PSYoungGen: 81408K->3665K(86016K)] 141221K->63588K(400896K), 0.0169808 secs] [Times: user=0.03 sys=0.00, real=0.02 secs] 
Heap after GC invocations=189 (full 4):
 PSYoungGen      total 86016K, used 3665K [0x00000000d5580000, 0x00000000db180000, 0x0000000100000000)
  eden space 78336K, 0% used [0x00000000d5580000,0x00000000d5580000,0x00000000da200000)
  from space 7680K, 47% used [0x00000000da200000,0x00000000da5946c0,0x00000000da980000)
  to   space 7680K, 0% used [0x00000000daa00000,0x00000000daa00000,0x00000000db180000)
 ParOldGen       total 314880K, used 59922K [0x0000000080000000, 0x0000000093380000, 0x00000000d5580000)
  object space 314880K, 19% used [0x0000000080000000,0x0000000083a84968,0x0000000093380000)
 Metaspace       used 94406K, capacity 96736K, committed 98816K, reserved 1136640K
  class space    used 11241K, capacity 11644K, committed 12032K, reserved 1048576K
}
{Heap before GC invocations=190 (full 4):
 PSYoungGen      total 86016K, used 82001K [0x00000000d5580000, 0x00000000db180000, 0x0000000100000000)
  eden space 78336K, 100% used [0x00000000d5580000,0x00000000da200000,0x00000000da200000)
  from space 7680K, 47% used [0x00000000da200000,0x00000000da5946c0,0x00000000da980000)
  to   space 7680K, 0% used [0x00000000daa00000,0x00000000daa00000,0x00000000db180000)
 ParOldGen       total 314880K, used 59922K [0x0000000080000000, 0x0000000093380000, 0x00000000d5580000)
  object space 314880K, 19% used [0x0000000080000000,0x0000000083a84968,0x0000000093380000)
 Metaspace       used 94428K, capacity 96784K, committed 98816K, reserved 1136640K
  class space    used 11245K, capacity 11652K, committed 12032K, reserved 1048576K
2023-09-07T08:13:10.603+0600: 811557.098: [GC (Allocation Failure) [PSYoungGen: 82001K->3954K(85504K)] 141924K->63952K(400384K), 0.0150310 secs] [Times: user=0.03 sys=0.00, real=0.02 secs] 
Heap after GC invocations=190 (full 4):
 PSYoungGen      total 85504K, used 3954K [0x00000000d5580000, 0x00000000db080000, 0x0000000100000000)
  eden space 78848K, 0% used [0x00000000d5580000,0x00000000d5580000,0x00000000da280000)
  from space 6656K, 59% used [0x00000000daa00000,0x00000000daddc900,0x00000000db080000)
  to   space 7168K, 0% used [0x00000000da280000,0x00000000da280000,0x00000000da980000)
 ParOldGen       total 314880K, used 59998K [0x0000000080000000, 0x0000000093380000, 0x00000000d5580000)
  object space 314880K, 19% used [0x0000000080000000,0x0000000083a97a30,0x0000000093380000)
 Metaspace       used 94428K, capacity 96784K, committed 98816K, reserved 1136640K
  class space    used 11245K, capacity 11652K, committed 12032K, reserved 1048576K
}
{Heap before GC invocations=191 (full 4):
 PSYoungGen      total 85504K, used 82802K [0x00000000d5580000, 0x00000000db080000, 0x0000000100000000)
  eden space 78848K, 100% used [0x00000000d5580000,0x00000000da280000,0x00000000da280000)
  from space 6656K, 59% used [0x00000000daa00000,0x00000000daddc900,0x00000000db080000)
  to   space 7168K, 0% used [0x00000000da280000,0x00000000da280000,0x00000000da980000)
 ParOldGen       total 314880K, used 59998K [0x0000000080000000, 0x0000000093380000, 0x00000000d5580000)
  object space 314880K, 19% used [0x0000000080000000,0x0000000083a97a30,0x0000000093380000)
 Metaspace       used 94428K, capacity 96784K, committed 98816K, reserved 1136640K
  class space    used 11245K, capacity 11652K, committed 12032K, reserved 1048576K
2023-09-07T09:19:27.673+0600: 815534.167: [GC (Allocation Failure) [PSYoungGen: 82802K->2912K(86016K)] 142800K->63035K(400896K), 0.0154393 secs] [Times: user=0.03 sys=0.00, real=0.02 secs] 
Heap after GC invocations=191 (full 4):
 PSYoungGen      total 86016K, used 2912K [0x00000000d5580000, 0x00000000db100000, 0x0000000100000000)
  eden space 78848K, 0% used [0x00000000d5580000,0x00000000d5580000,0x00000000da280000)
  from space 7168K, 40% used [0x00000000da280000,0x00000000da558000,0x00000000da980000)
  to   space 7168K, 0% used [0x00000000daa00000,0x00000000daa00000,0x00000000db100000)
 ParOldGen       total 314880K, used 60123K [0x0000000080000000, 0x0000000093380000, 0x00000000d5580000)
  object space 314880K, 19% used [0x0000000080000000,0x0000000083ab6c90,0x0000000093380000)
 Metaspace       used 94428K, capacity 96784K, committed 98816K, reserved 1136640K
  class space    used 11245K, capacity 11652K, committed 12032K, reserved 1048576K
}
{Heap before GC invocations=192 (full 4):
 PSYoungGen      total 86016K, used 81760K [0x00000000d5580000, 0x00000000db100000, 0x0000000100000000)
  eden space 78848K, 100% used [0x00000000d5580000,0x00000000da280000,0x00000000da280000)
  from space 7168K, 40% used [0x00000000da280000,0x00000000da558000,0x00000000da980000)
  to   space 7168K, 0% used [0x00000000daa00000,0x00000000daa00000,0x00000000db100000)
 ParOldGen       total 314880K, used 60123K [0x0000000080000000, 0x0000000093380000, 0x00000000d5580000)
  object space 314880K, 19% used [0x0000000080000000,0x0000000083ab6c90,0x0000000093380000)
 Metaspace       used 94428K, capacity 96784K, committed 98816K, reserved 1136640K
  class space    used 11245K, capacity 11652K, committed 12032K, reserved 1048576K
2023-09-07T10:02:59.895+0600: 818146.389: [GC (Allocation Failure) [PSYoungGen: 81760K->4409K(86528K)] 141883K->64580K(401408K), 0.0140762 secs] [Times: user=0.03 sys=0.00, real=0.02 secs] 
Heap after GC invocations=192 (full 4):
 PSYoungGen      total 86528K, used 4409K [0x00000000d5580000, 0x00000000db100000, 0x0000000100000000)
  eden space 79360K, 0% used [0x00000000d5580000,0x00000000d5580000,0x00000000da300000)
  from space 7168K, 61% used [0x00000000daa00000,0x00000000dae4e590,0x00000000db100000)
  to   space 7168K, 0% used [0x00000000da300000,0x00000000da300000,0x00000000daa00000)
 ParOldGen       total 314880K, used 60171K [0x0000000080000000, 0x0000000093380000, 0x00000000d5580000)
  object space 314880K, 19% used [0x0000000080000000,0x0000000083ac2c90,0x0000000093380000)
 Metaspace       used 94428K, capacity 96784K, committed 98816K, reserved 1136640K
  class space    used 11245K, capacity 11652K, committed 12032K, reserved 1048576K
}
{Heap before GC invocations=193 (full 4):
 PSYoungGen      total 86528K, used 83769K [0x00000000d5580000, 0x00000000db100000, 0x0000000100000000)
  eden space 79360K, 100% used [0x00000000d5580000,0x00000000da300000,0x00000000da300000)
  from space 7168K, 61% used [0x00000000daa00000,0x00000000dae4e590,0x00000000db100000)
  to   space 7168K, 0% used [0x00000000da300000,0x00000000da300000,0x00000000daa00000)
 ParOldGen       total 314880K, used 60171K [0x0000000080000000, 0x0000000093380000, 0x00000000d5580000)
  object space 314880K, 19% used [0x0000000080000000,0x0000000083ac2c90,0x0000000093380000)
 Metaspace       used 94437K, capacity 96796K, committed 98816K, reserved 1136640K
  class space    used 11246K, capacity 11654K, committed 12032K, reserved 1048576K
2023-09-07T10:24:00.475+0600: 819406.969: [GC (Allocation Failure) [PSYoungGen: 83769K->7144K(86528K)] 143940K->68024K(401408K), 0.0216301 secs] [Times: user=0.03 sys=0.00, real=0.02 secs] 
Heap after GC invocations=193 (full 4):
 PSYoungGen      total 86528K, used 7144K [0x00000000d5580000, 0x00000000db380000, 0x0000000100000000)
  eden space 79360K, 0% used [0x00000000d5580000,0x00000000d5580000,0x00000000da300000)
  from space 7168K, 99% used [0x00000000da300000,0x00000000da9fa1b0,0x00000000daa00000)
  to   space 8192K, 0% used [0x00000000dab80000,0x00000000dab80000,0x00000000db380000)
 ParOldGen       total 314880K, used 60880K [0x0000000080000000, 0x0000000093380000, 0x00000000d5580000)
  object space 314880K, 19% used [0x0000000080000000,0x0000000083b74040,0x0000000093380000)
 Metaspace       used 94437K, capacity 96796K, committed 98816K, reserved 1136640K
  class space    used 11246K, capacity 11654K, committed 12032K, reserved 1048576K
}
{Heap before GC invocations=194 (full 4):
 PSYoungGen      total 86528K, used 86504K [0x00000000d5580000, 0x00000000db380000, 0x0000000100000000)
  eden space 79360K, 100% used [0x00000000d5580000,0x00000000da300000,0x00000000da300000)
  from space 7168K, 99% used [0x00000000da300000,0x00000000da9fa1b0,0x00000000daa00000)
  to   space 8192K, 0% used [0x00000000dab80000,0x00000000dab80000,0x00000000db380000)
 ParOldGen       total 314880K, used 60880K [0x0000000080000000, 0x0000000093380000, 0x00000000d5580000)
  object space 314880K, 19% used [0x0000000080000000,0x0000000083b74040,0x0000000093380000)
 Metaspace       used 94437K, capacity 96796K, committed 98816K, reserved 1136640K
  class space    used 11246K, capacity 11654K, committed 12032K, reserved 1048576K
2023-09-07T10:40:33.844+0600: 820400.338: [GC (Allocation Failure) [PSYoungGen: 86504K->8171K(86528K)] 147384K->70416K(401408K), 0.0191947 secs] [Times: user=0.02 sys=0.00, real=0.02 secs] 
Heap after GC invocations=194 (full 4):
 PSYoungGen      total 86528K, used 8171K [0x00000000d5580000, 0x00000000db680000, 0x0000000100000000)
  eden space 78336K, 0% used [0x00000000d5580000,0x00000000d5580000,0x00000000da200000)
  from space 8192K, 99% used [0x00000000dab80000,0x00000000db37aef0,0x00000000db380000)
  to   space 9728K, 0% used [0x00000000da200000,0x00000000da200000,0x00000000dab80000)
 ParOldGen       total 314880K, used 62244K [0x0000000080000000, 0x0000000093380000, 0x00000000d5580000)
  object space 314880K, 19% used [0x0000000080000000,0x0000000083cc93b0,0x0000000093380000)
 Metaspace       used 94437K, capacity 96796K, committed 98816K, reserved 1136640K
  class space    used 11246K, capacity 11654K, committed 12032K, reserved 1048576K
}
{Heap before GC invocations=195 (full 4):
 PSYoungGen      total 86528K, used 86507K [0x00000000d5580000, 0x00000000db680000, 0x0000000100000000)
  eden space 78336K, 100% used [0x00000000d5580000,0x00000000da200000,0x00000000da200000)
  from space 8192K, 99% used [0x00000000dab80000,0x00000000db37aef0,0x00000000db380000)
  to   space 9728K, 0% used [0x00000000da200000,0x00000000da200000,0x00000000dab80000)
 ParOldGen       total 314880K, used 62244K [0x0000000080000000, 0x0000000093380000, 0x00000000d5580000)
  object space 314880K, 19% used [0x0000000080000000,0x0000000083cc93b0,0x0000000093380000)
 Metaspace       used 94466K, capacity 96874K, committed 98816K, reserved 1136640K
  class space    used 11254K, capacity 11667K, committed 12032K, reserved 1048576K
2023-09-07T11:05:09.347+0600: 821875.841: [GC (Allocation Failure) [PSYoungGen: 86507K->9241K(88064K)] 148752K->71510K(402944K), 0.0137033 secs] [Times: user=0.02 sys=0.00, real=0.02 secs] 
Heap after GC invocations=195 (full 4):
 PSYoungGen      total 88064K, used 9241K [0x00000000d5580000, 0x00000000db780000, 0x0000000100000000)
  eden space 78336K, 0% used [0x00000000d5580000,0x00000000d5580000,0x00000000da200000)
  from space 9728K, 94% used [0x00000000da200000,0x00000000dab06460,0x00000000dab80000)
  to   space 10752K, 0% used [0x00000000dad00000,0x00000000dad00000,0x00000000db780000)
 ParOldGen       total 314880K, used 62268K [0x0000000080000000, 0x0000000093380000, 0x00000000d5580000)
  object space 314880K, 19% used [0x0000000080000000,0x0000000083ccf3b0,0x0000000093380000)
 Metaspace       used 94466K, capacity 96874K, committed 98816K, reserved 1136640K
  class space    used 11254K, capacity 11667K, committed 12032K, reserved 1048576K
}
{Heap before GC invocations=196 (full 4):
 PSYoungGen      total 88064K, used 87577K [0x00000000d5580000, 0x00000000db780000, 0x0000000100000000)
  eden space 78336K, 100% used [0x00000000d5580000,0x00000000da200000,0x00000000da200000)
  from space 9728K, 94% used [0x00000000da200000,0x00000000dab06460,0x00000000dab80000)
  to   space 10752K, 0% used [0x00000000dad00000,0x00000000dad00000,0x00000000db780000)
 ParOldGen       total 314880K, used 62268K [0x0000000080000000, 0x0000000093380000, 0x00000000d5580000)
  object space 314880K, 19% used [0x0000000080000000,0x0000000083ccf3b0,0x0000000093380000)
 Metaspace       used 94466K, capacity 96874K, committed 98816K, reserved 1136640K
  class space    used 11254K, capacity 11667K, committed 12032K, reserved 1048576K
2023-09-07T11:19:23.424+0600: 822729.918: [GC (Allocation Failure) [PSYoungGen: 87577K->10353K(88064K)] 149846K->72622K(402944K), 0.0283807 secs] [Times: user=0.04 sys=0.00, real=0.03 secs] 
Heap after GC invocations=196 (full 4):
 PSYoungGen      total 88064K, used 10353K [0x00000000d5580000, 0x00000000dba80000, 0x0000000100000000)
  eden space 77312K, 0% used [0x00000000d5580000,0x00000000d5580000,0x00000000da100000)
  from space 10752K, 96% used [0x00000000dad00000,0x00000000db71c6c0,0x00000000db780000)
  to   space 12288K, 0% used [0x00000000da100000,0x00000000da100000,0x00000000dad00000)
 ParOldGen       total 314880K, used 62268K [0x0000000080000000, 0x0000000093380000, 0x00000000d5580000)
  object space 314880K, 19% used [0x0000000080000000,0x0000000083ccf3b0,0x0000000093380000)
 Metaspace       used 94466K, capacity 96874K, committed 98816K, reserved 1136640K
  class space    used 11254K, capacity 11667K, committed 12032K, reserved 1048576K
}
{Heap before GC invocations=197 (full 4):
 PSYoungGen      total 88064K, used 87665K [0x00000000d5580000, 0x00000000dba80000, 0x0000000100000000)
  eden space 77312K, 100% used [0x00000000d5580000,0x00000000da100000,0x00000000da100000)
  from space 10752K, 96% used [0x00000000dad00000,0x00000000db71c6c0,0x00000000db780000)
  to   space 12288K, 0% used [0x00000000da100000,0x00000000da100000,0x00000000dad00000)
 ParOldGen       total 314880K, used 62268K [0x0000000080000000, 0x0000000093380000, 0x00000000d5580000)
  object space 314880K, 19% used [0x0000000080000000,0x0000000083ccf3b0,0x0000000093380000)
 Metaspace       used 94467K, capacity 96874K, committed 98816K, reserved 1136640K
  class space    used 11254K, capacity 11667K, committed 12032K, reserved 1048576K
2023-09-07T11:35:17.680+0600: 823684.174: [GC (Allocation Failure) [PSYoungGen: 87665K->11351K(89600K)] 149934K->73620K(404480K), 0.0168527 secs] [Times: user=0.03 sys=0.00, real=0.01 secs] 
Heap after GC invocations=197 (full 4):
 PSYoungGen      total 89600K, used 11351K [0x00000000d5580000, 0x00000000dbc80000, 0x0000000100000000)
  eden space 77312K, 0% used [0x00000000d5580000,0x00000000d5580000,0x00000000da100000)
  from space 12288K, 92% used [0x00000000da100000,0x00000000dac15e20,0x00000000dad00000)
  to   space 13824K, 0% used [0x00000000daf00000,0x00000000daf00000,0x00000000dbc80000)
 ParOldGen       total 314880K, used 62268K [0x0000000080000000, 0x0000000093380000, 0x00000000d5580000)
  object space 314880K, 19% used [0x0000000080000000,0x0000000083ccf3b0,0x0000000093380000)
 Metaspace       used 94467K, capacity 96874K, committed 98816K, reserved 1136640K
  class space    used 11254K, capacity 11667K, committed 12032K, reserved 1048576K
}
{Heap before GC invocations=198 (full 4):
 PSYoungGen      total 89600K, used 88663K [0x00000000d5580000, 0x00000000dbc80000, 0x0000000100000000)
  eden space 77312K, 100% used [0x00000000d5580000,0x00000000da100000,0x00000000da100000)
  from space 12288K, 92% used [0x00000000da100000,0x00000000dac15e20,0x00000000dad00000)
  to   space 13824K, 0% used [0x00000000daf00000,0x00000000daf00000,0x00000000dbc80000)
 ParOldGen       total 314880K, used 62268K [0x0000000080000000, 0x0000000093380000, 0x00000000d5580000)
  object space 314880K, 19% used [0x0000000080000000,0x0000000083ccf3b0,0x0000000093380000)
 Metaspace       used 94479K, capacity 96898K, committed 98816K, reserved 1136640K
  class space    used 11256K, capacity 11671K, committed 12032K, reserved 1048576K
2023-09-07T11:56:51.901+0600: 824978.395: [GC (Allocation Failure) [PSYoungGen: 88663K->10041K(91136K)] 150932K->72342K(406016K), 0.0240544 secs] [Times: user=0.04 sys=0.00, real=0.02 secs] 
Heap after GC invocations=198 (full 4):
 PSYoungGen      total 91136K, used 10041K [0x00000000d5580000, 0x00000000dbd80000, 0x0000000100000000)
  eden space 77312K, 0% used [0x00000000d5580000,0x00000000d5580000,0x00000000da100000)
  from space 13824K, 72% used [0x00000000daf00000,0x00000000db8ce6e0,0x00000000dbc80000)
  to   space 14336K, 0% used [0x00000000da100000,0x00000000da100000,0x00000000daf00000)
 ParOldGen       total 314880K, used 62300K [0x0000000080000000, 0x0000000093380000, 0x00000000d5580000)
  object space 314880K, 19% used [0x0000000080000000,0x0000000083cd7250,0x0000000093380000)
 Metaspace       used 94479K, capacity 96898K, committed 98816K, reserved 1136640K
  class space    used 11256K, capacity 11671K, committed 12032K, reserved 1048576K
}
{Heap before GC invocations=199 (full 4):
 PSYoungGen      total 91136K, used 87348K [0x00000000d5580000, 0x00000000dbd80000, 0x0000000100000000)
  eden space 77312K, 99% used [0x00000000d5580000,0x00000000da0feba8,0x00000000da100000)
  from space 13824K, 72% used [0x00000000daf00000,0x00000000db8ce6e0,0x00000000dbc80000)
  to   space 14336K, 0% used [0x00000000da100000,0x00000000da100000,0x00000000daf00000)
 ParOldGen       total 314880K, used 62300K [0x0000000080000000, 0x0000000093380000, 0x00000000d5580000)
  object space 314880K, 19% used [0x0000000080000000,0x0000000083cd7250,0x0000000093380000)
 Metaspace       used 94493K, capacity 96898K, committed 98816K, reserved 1136640K
  class space    used 11257K, capacity 11671K, committed 12032K, reserved 1048576K
2023-09-07T12:17:02.097+0600: 826188.592: [GC (Allocation Failure) [PSYoungGen: 87348K->9243K(91648K)] 149649K->71559K(406528K), 0.0207262 secs] [Times: user=0.04 sys=0.00, real=0.02 secs] 
Heap after GC invocations=199 (full 4):
 PSYoungGen      total 91648K, used 9243K [0x00000000d5580000, 0x00000000dbd80000, 0x0000000100000000)
  eden space 77312K, 0% used [0x00000000d5580000,0x00000000d5580000,0x00000000da100000)
  from space 14336K, 64% used [0x00000000da100000,0x00000000daa06c70,0x00000000daf00000)
  to   space 14336K, 0% used [0x00000000daf80000,0x00000000daf80000,0x00000000dbd80000)
 ParOldGen       total 314880K, used 62316K [0x0000000080000000, 0x0000000093380000, 0x00000000d5580000)
  object space 314880K, 19% used [0x0000000080000000,0x0000000083cdb250,0x0000000093380000)
 Metaspace       used 94493K, capacity 96898K, committed 98816K, reserved 1136640K
  class space    used 11257K, capacity 11671K, committed 12032K, reserved 1048576K
}
{Heap before GC invocations=200 (full 4):
 PSYoungGen      total 91648K, used 86555K [0x00000000d5580000, 0x00000000dbd80000, 0x0000000100000000)
  eden space 77312K, 100% used [0x00000000d5580000,0x00000000da100000,0x00000000da100000)
  from space 14336K, 64% used [0x00000000da100000,0x00000000daa06c70,0x00000000daf00000)
  to   space 14336K, 0% used [0x00000000daf80000,0x00000000daf80000,0x00000000dbd80000)
 ParOldGen       total 314880K, used 62316K [0x0000000080000000, 0x0000000093380000, 0x00000000d5580000)
  object space 314880K, 19% used [0x0000000080000000,0x0000000083cdb250,0x0000000093380000)
 Metaspace       used 94506K, capacity 96904K, committed 98816K, reserved 1136640K
  class space    used 11257K, capacity 11672K, committed 12032K, reserved 1048576K
2023-09-07T12:30:05.689+0600: 826972.183: [GC (Allocation Failure) [PSYoungGen: 86555K->10352K(91648K)] 148871K->72684K(406528K), 0.0257700 secs] [Times: user=0.04 sys=0.00, real=0.02 secs] 
Heap after GC invocations=200 (full 4):
 PSYoungGen      total 91648K, used 10352K [0x00000000d5580000, 0x00000000dbe80000, 0x0000000100000000)
  eden space 77312K, 0% used [0x00000000d5580000,0x00000000d5580000,0x00000000da100000)
  from space 14336K, 72% used [0x00000000daf80000,0x00000000db99c0b0,0x00000000dbd80000)
  to   space 14848K, 0% used [0x00000000da100000,0x00000000da100000,0x00000000daf80000)
 ParOldGen       total 314880K, used 62332K [0x0000000080000000, 0x0000000093380000, 0x00000000d5580000)
  object space 314880K, 19% used [0x0000000080000000,0x0000000083cdf250,0x0000000093380000)
 Metaspace       used 94506K, capacity 96904K, committed 98816K, reserved 1136640K
  class space    used 11257K, capacity 11672K, committed 12032K, reserved 1048576K
}
{Heap before GC invocations=201 (full 4):
 PSYoungGen      total 91648K, used 87664K [0x00000000d5580000, 0x00000000dbe80000, 0x0000000100000000)
  eden space 77312K, 100% used [0x00000000d5580000,0x00000000da100000,0x00000000da100000)
  from space 14336K, 72% used [0x00000000daf80000,0x00000000db99c0b0,0x00000000dbd80000)
  to   space 14848K, 0% used [0x00000000da100000,0x00000000da100000,0x00000000daf80000)
 ParOldGen       total 314880K, used 62332K [0x0000000080000000, 0x0000000093380000, 0x00000000d5580000)
  object space 314880K, 19% used [0x0000000080000000,0x0000000083cdf250,0x0000000093380000)
 Metaspace       used 94526K, capacity 96968K, committed 98816K, reserved 1136640K
  class space    used 11257K, capacity 11672K, committed 12032K, reserved 1048576K
2023-09-07T12:39:25.672+0600: 827532.167: [GC (Allocation Failure) [PSYoungGen: 87664K->12389K(92160K)] 149996K->74729K(407040K), 0.0234243 secs] [Times: user=0.04 sys=0.00, real=0.02 secs] 
Heap after GC invocations=201 (full 4):
 PSYoungGen      total 92160K, used 12389K [0x00000000d5580000, 0x00000000dc080000, 0x0000000100000000)
  eden space 77312K, 0% used [0x00000000d5580000,0x00000000d5580000,0x00000000da100000)
  from space 14848K, 83% used [0x00000000da100000,0x00000000dad19480,0x00000000daf80000)
  to   space 15872K, 0% used [0x00000000db100000,0x00000000db100000,0x00000000dc080000)
 ParOldGen       total 314880K, used 62340K [0x0000000080000000, 0x0000000093380000, 0x00000000d5580000)
  object space 314880K, 19% used [0x0000000080000000,0x0000000083ce1250,0x0000000093380000)
 Metaspace       used 94526K, capacity 96968K, committed 98816K, reserved 1136640K
  class space    used 11257K, capacity 11672K, committed 12032K, reserved 1048576K
}
{Heap before GC invocations=202 (full 4):
 PSYoungGen      total 92160K, used 89701K [0x00000000d5580000, 0x00000000dc080000, 0x0000000100000000)
  eden space 77312K, 100% used [0x00000000d5580000,0x00000000da100000,0x00000000da100000)
  from space 14848K, 83% used [0x00000000da100000,0x00000000dad19480,0x00000000daf80000)
  to   space 15872K, 0% used [0x00000000db100000,0x00000000db100000,0x00000000dc080000)
 ParOldGen       total 314880K, used 62340K [0x0000000080000000, 0x0000000093380000, 0x00000000d5580000)
  object space 314880K, 19% used [0x0000000080000000,0x0000000083ce1250,0x0000000093380000)
 Metaspace       used 94536K, capacity 96968K, committed 98816K, reserved 1136640K
  class space    used 11257K, capacity 11672K, committed 12032K, reserved 1048576K
2023-09-07T12:50:33.435+0600: 828199.929: [GC (Allocation Failure) [PSYoungGen: 89701K->9981K(93696K)] 152041K->72330K(408576K), 0.0193974 secs] [Times: user=0.03 sys=0.00, real=0.02 secs] 
Heap after GC invocations=202 (full 4):
 PSYoungGen      total 93696K, used 9981K [0x00000000d5580000, 0x00000000dc080000, 0x0000000100000000)
  eden space 77824K, 0% used [0x00000000d5580000,0x00000000d5580000,0x00000000da180000)
  from space 15872K, 62% used [0x00000000db100000,0x00000000dbabf790,0x00000000dc080000)
  to   space 15872K, 0% used [0x00000000da180000,0x00000000da180000,0x00000000db100000)
 ParOldGen       total 314880K, used 62348K [0x0000000080000000, 0x0000000093380000, 0x00000000d5580000)
  object space 314880K, 19% used [0x0000000080000000,0x0000000083ce3250,0x0000000093380000)
 Metaspace       used 94536K, capacity 96968K, committed 98816K, reserved 1136640K
  class space    used 11257K, capacity 11672K, committed 12032K, reserved 1048576K
}
{Heap before GC invocations=203 (full 4):
 PSYoungGen      total 93696K, used 87800K [0x00000000d5580000, 0x00000000dc080000, 0x0000000100000000)
  eden space 77824K, 99% used [0x00000000d5580000,0x00000000da17e8a8,0x00000000da180000)
  from space 15872K, 62% used [0x00000000db100000,0x00000000dbabf790,0x00000000dc080000)
  to   space 15872K, 0% used [0x00000000da180000,0x00000000da180000,0x00000000db100000)
 ParOldGen       total 314880K, used 62348K [0x0000000080000000, 0x0000000093380000, 0x00000000d5580000)
  object space 314880K, 19% used [0x0000000080000000,0x0000000083ce3250,0x0000000093380000)
 Metaspace       used 94536K, capacity 96968K, committed 98816K, reserved 1136640K
  class space    used 11257K, capacity 11672K, committed 12032K, reserved 1048576K
2023-09-07T12:59:32.725+0600: 828739.219: [GC (Allocation Failure) [PSYoungGen: 87800K->11482K(93696K)] 150148K->73830K(408576K), 0.0235278 secs] [Times: user=0.04 sys=0.00, real=0.03 secs] 
Heap after GC invocations=203 (full 4):
 PSYoungGen      total 93696K, used 11482K [0x00000000d5580000, 0x00000000dc200000, 0x0000000100000000)
  eden space 77824K, 0% used [0x00000000d5580000,0x00000000d5580000,0x00000000da180000)
  from space 15872K, 72% used [0x00000000da180000,0x00000000dacb6900,0x00000000db100000)
  to   space 16384K, 0% used [0x00000000db200000,0x00000000db200000,0x00000000dc200000)
 ParOldGen       total 314880K, used 62348K [0x0000000080000000, 0x0000000093380000, 0x00000000d5580000)
  object space 314880K, 19% used [0x0000000080000000,0x0000000083ce3250,0x0000000093380000)
 Metaspace       used 94536K, capacity 96968K, committed 98816K, reserved 1136640K
  class space    used 11257K, capacity 11672K, committed 12032K, reserved 1048576K
}
{Heap before GC invocations=204 (full 4):
 PSYoungGen      total 93696K, used 89305K [0x00000000d5580000, 0x00000000dc200000, 0x0000000100000000)
  eden space 77824K, 99% used [0x00000000d5580000,0x00000000da17fe30,0x00000000da180000)
  from space 15872K, 72% used [0x00000000da180000,0x00000000dacb6900,0x00000000db100000)
  to   space 16384K, 0% used [0x00000000db200000,0x00000000db200000,0x00000000dc200000)
 ParOldGen       total 314880K, used 62348K [0x0000000080000000, 0x0000000093380000, 0x00000000d5580000)
  object space 314880K, 19% used [0x0000000080000000,0x0000000083ce3250,0x0000000093380000)
 Metaspace       used 94538K, capacity 96968K, committed 98816K, reserved 1136640K
  class space    used 11257K, capacity 11672K, committed 12032K, reserved 1048576K
2023-09-07T13:13:24.928+0600: 829571.422: [GC (Allocation Failure) [PSYoungGen: 89305K->12057K(94208K)] 151654K->74430K(409088K), 0.0191590 secs] [Times: user=0.04 sys=0.00, real=0.02 secs] 
Heap after GC invocations=204 (full 4):
 PSYoungGen      total 94208K, used 12057K [0x00000000d5580000, 0x00000000dc300000, 0x0000000100000000)
  eden space 77824K, 0% used [0x00000000d5580000,0x00000000d5580000,0x00000000da180000)
  from space 16384K, 73% used [0x00000000db200000,0x00000000dbdc6760,0x00000000dc200000)
  to   space 16896K, 0% used [0x00000000da180000,0x00000000da180000,0x00000000db200000)
 ParOldGen       total 314880K, used 62372K [0x0000000080000000, 0x0000000093380000, 0x00000000d5580000)
  object space 314880K, 19% used [0x0000000080000000,0x0000000083ce9250,0x0000000093380000)
 Metaspace       used 94538K, capacity 96968K, committed 98816K, reserved 1136640K
  class space    used 11257K, capacity 11672K, committed 12032K, reserved 1048576K
}
{Heap before GC invocations=205 (full 4):
 PSYoungGen      total 94208K, used 89881K [0x00000000d5580000, 0x00000000dc300000, 0x0000000100000000)
  eden space 77824K, 100% used [0x00000000d5580000,0x00000000da180000,0x00000000da180000)
  from space 16384K, 73% used [0x00000000db200000,0x00000000dbdc6760,0x00000000dc200000)
  to   space 16896K, 0% used [0x00000000da180000,0x00000000da180000,0x00000000db200000)
 ParOldGen       total 314880K, used 62372K [0x0000000080000000, 0x0000000093380000, 0x00000000d5580000)
  object space 314880K, 19% used [0x0000000080000000,0x0000000083ce9250,0x0000000093380000)
 Metaspace       used 94560K, capacity 96968K, committed 98816K, reserved 1136640K
  class space    used 11261K, capacity 11672K, committed 12032K, reserved 1048576K
2023-09-07T13:38:45.674+0600: 831092.168: [GC (Allocation Failure) [PSYoungGen: 89881K->10578K(94720K)] 152254K->72990K(409600K), 0.0244858 secs] [Times: user=0.04 sys=0.00, real=0.03 secs] 
Heap after GC invocations=205 (full 4):
 PSYoungGen      total 94720K, used 10578K [0x00000000d5580000, 0x00000000dc300000, 0x0000000100000000)
  eden space 77824K, 0% used [0x00000000d5580000,0x00000000d5580000,0x00000000da180000)
  from space 16896K, 62% used [0x00000000da180000,0x00000000dabd48a0,0x00000000db200000)
  to   space 16896K, 0% used [0x00000000db280000,0x00000000db280000,0x00000000dc300000)
 ParOldGen       total 314880K, used 62412K [0x0000000080000000, 0x0000000093380000, 0x00000000d5580000)
  object space 314880K, 19% used [0x0000000080000000,0x0000000083cf3250,0x0000000093380000)
 Metaspace       used 94560K, capacity 96968K, committed 98816K, reserved 1136640K
  class space    used 11261K, capacity 11672K, committed 12032K, reserved 1048576K
}
{Heap before GC invocations=206 (full 4):
 PSYoungGen      total 94720K, used 88402K [0x00000000d5580000, 0x00000000dc300000, 0x0000000100000000)
  eden space 77824K, 100% used [0x00000000d5580000,0x00000000da180000,0x00000000da180000)
  from space 16896K, 62% used [0x00000000da180000,0x00000000dabd48a0,0x00000000db200000)
  to   space 16896K, 0% used [0x00000000db280000,0x00000000db280000,0x00000000dc300000)
 ParOldGen       total 314880K, used 62412K [0x0000000080000000, 0x0000000093380000, 0x00000000d5580000)
  object space 314880K, 19% used [0x0000000080000000,0x0000000083cf3250,0x0000000093380000)
 Metaspace       used 94608K, capacity 97068K, committed 98816K, reserved 1136640K
  class space    used 11268K, capacity 11678K, committed 12032K, reserved 1048576K
2023-09-07T13:46:38.599+0600: 831565.094: [GC (Allocation Failure) [PSYoungGen: 88402K->9798K(94208K)] 150814K->72219K(409088K), 0.0187623 secs] [Times: user=0.03 sys=0.00, real=0.01 secs] 
Heap after GC invocations=206 (full 4):
 PSYoungGen      total 94208K, used 9798K [0x00000000d5580000, 0x00000000dc200000, 0x0000000100000000)
  eden space 78336K, 0% used [0x00000000d5580000,0x00000000d5580000,0x00000000da200000)
  from space 15872K, 61% used [0x00000000db280000,0x00000000dbc119e0,0x00000000dc200000)
  to   space 16384K, 0% used [0x00000000da200000,0x00000000da200000,0x00000000db200000)
 ParOldGen       total 314880K, used 62420K [0x0000000080000000, 0x0000000093380000, 0x00000000d5580000)
  object space 314880K, 19% used [0x0000000080000000,0x0000000083cf5250,0x0000000093380000)
 Metaspace       used 94608K, capacity 97068K, committed 98816K, reserved 1136640K
  class space    used 11268K, capacity 11678K, committed 12032K, reserved 1048576K
}
{Heap before GC invocations=207 (full 4):
 PSYoungGen      total 94208K, used 88134K [0x00000000d5580000, 0x00000000dc200000, 0x0000000100000000)
  eden space 78336K, 100% used [0x00000000d5580000,0x00000000da200000,0x00000000da200000)
  from space 15872K, 61% used [0x00000000db280000,0x00000000dbc119e0,0x00000000dc200000)
  to   space 16384K, 0% used [0x00000000da200000,0x00000000da200000,0x00000000db200000)
 ParOldGen       total 314880K, used 62420K [0x0000000080000000, 0x0000000093380000, 0x00000000d5580000)
  object space 314880K, 19% used [0x0000000080000000,0x0000000083cf5250,0x0000000093380000)
 Metaspace       used 94628K, capacity 97074K, committed 98816K, reserved 1136640K
  class space    used 11269K, capacity 11679K, committed 12032K, reserved 1048576K
2023-09-07T13:56:08.603+0600: 832135.098: [GC (Allocation Failure) [PSYoungGen: 88134K->10882K(94720K)] 150555K->73552K(409600K), 0.0238992 secs] [Times: user=0.03 sys=0.00, real=0.02 secs] 
Heap after GC invocations=207 (full 4):
 PSYoungGen      total 94720K, used 10882K [0x00000000d5580000, 0x00000000dc280000, 0x0000000100000000)
  eden space 78336K, 0% used [0x00000000d5580000,0x00000000d5580000,0x00000000da200000)
  from space 16384K, 66% used [0x00000000da200000,0x00000000daca0b00,0x00000000db200000)
  to   space 16384K, 0% used [0x00000000db280000,0x00000000db280000,0x00000000dc280000)
 ParOldGen       total 314880K, used 62670K [0x0000000080000000, 0x0000000093380000, 0x00000000d5580000)
  object space 314880K, 19% used [0x0000000080000000,0x0000000083d338f8,0x0000000093380000)
 Metaspace       used 94628K, capacity 97074K, committed 98816K, reserved 1136640K
  class space    used 11269K, capacity 11679K, committed 12032K, reserved 1048576K
}
{Heap before GC invocations=208 (full 4):
 PSYoungGen      total 94720K, used 89214K [0x00000000d5580000, 0x00000000dc280000, 0x0000000100000000)
  eden space 78336K, 99% used [0x00000000d5580000,0x00000000da1feeb0,0x00000000da200000)
  from space 16384K, 66% used [0x00000000da200000,0x00000000daca0b00,0x00000000db200000)
  to   space 16384K, 0% used [0x00000000db280000,0x00000000db280000,0x00000000dc280000)
 ParOldGen       total 314880K, used 62670K [0x0000000080000000, 0x0000000093380000, 0x00000000d5580000)
  object space 314880K, 19% used [0x0000000080000000,0x0000000083d338f8,0x0000000093380000)
 Metaspace       used 94702K, capacity 97266K, committed 98816K, reserved 1136640K
  class space    used 11287K, capacity 11711K, committed 12032K, reserved 1048576K
2023-09-07T14:09:22.015+0600: 832928.510: [GC (Allocation Failure) [PSYoungGen: 89214K->10098K(94208K)] 151884K->73478K(409088K), 0.0167715 secs] [Times: user=0.03 sys=0.00, real=0.02 secs] 
Heap after GC invocations=208 (full 4):
 PSYoungGen      total 94208K, used 10098K [0x00000000d5580000, 0x00000000dc180000, 0x0000000100000000)
  eden space 78848K, 0% used [0x00000000d5580000,0x00000000d5580000,0x00000000da280000)
  from space 15360K, 65% used [0x00000000db280000,0x00000000dbc5c9f0,0x00000000dc180000)
  to   space 15872K, 0% used [0x00000000da280000,0x00000000da280000,0x00000000db200000)
 ParOldGen       total 314880K, used 63380K [0x0000000080000000, 0x0000000093380000, 0x00000000d5580000)
  object space 314880K, 20% used [0x0000000080000000,0x0000000083de5148,0x0000000093380000)
 Metaspace       used 94702K, capacity 97266K, committed 98816K, reserved 1136640K
  class space    used 11287K, capacity 11711K, committed 12032K, reserved 1048576K
}
{Heap before GC invocations=209 (full 4):
 PSYoungGen      total 94208K, used 88946K [0x00000000d5580000, 0x00000000dc180000, 0x0000000100000000)
  eden space 78848K, 100% used [0x00000000d5580000,0x00000000da280000,0x00000000da280000)
  from space 15360K, 65% used [0x00000000db280000,0x00000000dbc5c9f0,0x00000000dc180000)
  to   space 15872K, 0% used [0x00000000da280000,0x00000000da280000,0x00000000db200000)
 ParOldGen       total 314880K, used 63380K [0x0000000080000000, 0x0000000093380000, 0x00000000d5580000)
  object space 314880K, 20% used [0x0000000080000000,0x0000000083de5148,0x0000000093380000)
 Metaspace       used 94707K, capacity 97266K, committed 98816K, reserved 1136640K
  class space    used 11287K, capacity 11711K, committed 12032K, reserved 1048576K
2023-09-07T14:21:52.288+0600: 833678.783: [GC (Allocation Failure) [PSYoungGen: 88946K->11137K(94720K)] 152326K->74693K(409600K), 0.0185037 secs] [Times: user=0.03 sys=0.00, real=0.01 secs] 
Heap after GC invocations=209 (full 4):
 PSYoungGen      total 94720K, used 11137K [0x00000000d5580000, 0x00000000dc200000, 0x0000000100000000)
  eden space 78848K, 0% used [0x00000000d5580000,0x00000000d5580000,0x00000000da280000)
  from space 15872K, 70% used [0x00000000da280000,0x00000000dad60590,0x00000000db200000)
  to   space 15872K, 0% used [0x00000000db280000,0x00000000db280000,0x00000000dc200000)
 ParOldGen       total 314880K, used 63555K [0x0000000080000000, 0x0000000093380000, 0x00000000d5580000)
  object space 314880K, 20% used [0x0000000080000000,0x0000000083e10f78,0x0000000093380000)
 Metaspace       used 94707K, capacity 97266K, committed 98816K, reserved 1136640K
  class space    used 11287K, capacity 11711K, committed 12032K, reserved 1048576K
}
{Heap before GC invocations=210 (full 4):
 PSYoungGen      total 94720K, used 89985K [0x00000000d5580000, 0x00000000dc200000, 0x0000000100000000)
  eden space 78848K, 100% used [0x00000000d5580000,0x00000000da280000,0x00000000da280000)
  from space 15872K, 70% used [0x00000000da280000,0x00000000dad60590,0x00000000db200000)
  to   space 15872K, 0% used [0x00000000db280000,0x00000000db280000,0x00000000dc200000)
 ParOldGen       total 314880K, used 63555K [0x0000000080000000, 0x0000000093380000, 0x00000000d5580000)
  object space 314880K, 20% used [0x0000000080000000,0x0000000083e10f78,0x0000000093380000)
 Metaspace       used 94714K, capacity 97272K, committed 98816K, reserved 1136640K
  class space    used 11288K, capacity 11712K, committed 12032K, reserved 1048576K
2023-09-07T14:50:49.201+0600: 835415.696: [GC (Allocation Failure) [PSYoungGen: 89985K->9017K(94208K)] 153541K->72621K(409088K), 0.0187412 secs] [Times: user=0.03 sys=0.00, real=0.02 secs] 
Heap after GC invocations=210 (full 4):
 PSYoungGen      total 94208K, used 9017K [0x00000000d5580000, 0x00000000dc100000, 0x0000000100000000)
  eden space 79360K, 0% used [0x00000000d5580000,0x00000000d5580000,0x00000000da300000)
  from space 14848K, 60% used [0x00000000db280000,0x00000000dbb4e780,0x00000000dc100000)
  to   space 15360K, 0% used [0x00000000da300000,0x00000000da300000,0x00000000db200000)
 ParOldGen       total 314880K, used 63603K [0x0000000080000000, 0x0000000093380000, 0x00000000d5580000)
  object space 314880K, 20% used [0x0000000080000000,0x0000000083e1cf78,0x0000000093380000)
 Metaspace       used 94714K, capacity 97272K, committed 98816K, reserved 1136640K
  class space    used 11288K, capacity 11712K, committed 12032K, reserved 1048576K
}
{Heap before GC invocations=211 (full 4):
 PSYoungGen      total 94208K, used 88377K [0x00000000d5580000, 0x00000000dc100000, 0x0000000100000000)
  eden space 79360K, 100% used [0x00000000d5580000,0x00000000da300000,0x00000000da300000)
  from space 14848K, 60% used [0x00000000db280000,0x00000000dbb4e780,0x00000000dc100000)
  to   space 15360K, 0% used [0x00000000da300000,0x00000000da300000,0x00000000db200000)
 ParOldGen       total 314880K, used 63603K [0x0000000080000000, 0x0000000093380000, 0x00000000d5580000)
  object space 314880K, 20% used [0x0000000080000000,0x0000000083e1cf78,0x0000000093380000)
 Metaspace       used 94724K, capacity 97272K, committed 98816K, reserved 1136640K
  class space    used 11288K, capacity 11712K, committed 12032K, reserved 1048576K
2023-09-07T15:02:50.687+0600: 836137.181: [GC (Allocation Failure) [PSYoungGen: 88377K->11583K(94720K)] 151981K->75250K(409600K), 0.0241203 secs] [Times: user=0.03 sys=0.00, real=0.03 secs] 
Heap after GC invocations=211 (full 4):
 PSYoungGen      total 94720K, used 11583K [0x00000000d5580000, 0x00000000dc280000, 0x0000000100000000)
  eden space 79360K, 0% used [0x00000000d5580000,0x00000000d5580000,0x00000000da300000)
  from space 15360K, 75% used [0x00000000da300000,0x00000000dae4fe40,0x00000000db200000)
  to   space 15872K, 0% used [0x00000000db300000,0x00000000db300000,0x00000000dc280000)
 ParOldGen       total 314880K, used 63667K [0x0000000080000000, 0x0000000093380000, 0x00000000d5580000)
  object space 314880K, 20% used [0x0000000080000000,0x0000000083e2cc00,0x0000000093380000)
 Metaspace       used 94724K, capacity 97272K, committed 98816K, reserved 1136640K
  class space    used 11288K, capacity 11712K, committed 12032K, reserved 1048576K
}
{Heap before GC invocations=212 (full 4):
 PSYoungGen      total 94720K, used 90943K [0x00000000d5580000, 0x00000000dc280000, 0x0000000100000000)
  eden space 79360K, 99% used [0x00000000d5580000,0x00000000da2fffe8,0x00000000da300000)
  from space 15360K, 75% used [0x00000000da300000,0x00000000dae4fe40,0x00000000db200000)
  to   space 15872K, 0% used [0x00000000db300000,0x00000000db300000,0x00000000dc280000)
 ParOldGen       total 314880K, used 63667K [0x0000000080000000, 0x0000000093380000, 0x00000000d5580000)
  object space 314880K, 20% used [0x0000000080000000,0x0000000083e2cc00,0x0000000093380000)
 Metaspace       used 94724K, capacity 97272K, committed 98816K, reserved 1136640K
  class space    used 11288K, capacity 11712K, committed 12032K, reserved 1048576K
2023-09-07T15:33:57.480+0600: 838003.974: [GC (Allocation Failure) [PSYoungGen: 90943K->8796K(94720K)] 154610K->72487K(409600K), 0.0167521 secs] [Times: user=0.03 sys=0.00, real=0.01 secs] 
Heap after GC invocations=212 (full 4):
 PSYoungGen      total 94720K, used 8796K [0x00000000d5580000, 0x00000000dc180000, 0x0000000100000000)
  eden space 79872K, 0% used [0x00000000d5580000,0x00000000d5580000,0x00000000da380000)
  from space 14848K, 59% used [0x00000000db300000,0x00000000dbb973b0,0x00000000dc180000)
  to   space 15360K, 0% used [0x00000000da380000,0x00000000da380000,0x00000000db280000)
 ParOldGen       total 314880K, used 63691K [0x0000000080000000, 0x0000000093380000, 0x00000000d5580000)
  object space 314880K, 20% used [0x0000000080000000,0x0000000083e32c00,0x0000000093380000)
 Metaspace       used 94724K, capacity 97272K, committed 98816K, reserved 1136640K
  class space    used 11288K, capacity 11712K, committed 12032K, reserved 1048576K
}
{Heap before GC invocations=213 (full 4):
 PSYoungGen      total 94720K, used 88668K [0x00000000d5580000, 0x00000000dc180000, 0x0000000100000000)
  eden space 79872K, 100% used [0x00000000d5580000,0x00000000da380000,0x00000000da380000)
  from space 14848K, 59% used [0x00000000db300000,0x00000000dbb973b0,0x00000000dc180000)
  to   space 15360K, 0% used [0x00000000da380000,0x00000000da380000,0x00000000db280000)
 ParOldGen       total 314880K, used 63691K [0x0000000080000000, 0x0000000093380000, 0x00000000d5580000)
  object space 314880K, 20% used [0x0000000080000000,0x0000000083e32c00,0x0000000093380000)
 Metaspace       used 94732K, capacity 97296K, committed 98816K, reserved 1136640K
  class space    used 11290K, capacity 11716K, committed 12032K, reserved 1048576K
2023-09-07T16:06:43.355+0600: 839969.849: [GC (Allocation Failure) [PSYoungGen: 88668K->7818K(95232K)] 152359K->71582K(410112K), 0.0139816 secs] [Times: user=0.03 sys=0.00, real=0.02 secs] 
Heap after GC invocations=213 (full 4):
 PSYoungGen      total 95232K, used 7818K [0x00000000d5580000, 0x00000000dc100000, 0x0000000100000000)
  eden space 79872K, 0% used [0x00000000d5580000,0x00000000d5580000,0x00000000da380000)
  from space 15360K, 50% used [0x00000000da380000,0x00000000dab22be0,0x00000000db280000)
  to   space 14848K, 0% used [0x00000000db280000,0x00000000db280000,0x00000000dc100000)
 ParOldGen       total 314880K, used 63763K [0x0000000080000000, 0x0000000093380000, 0x00000000d5580000)
  object space 314880K, 20% used [0x0000000080000000,0x0000000083e44ef0,0x0000000093380000)
 Metaspace       used 94732K, capacity 97296K, committed 98816K, reserved 1136640K
  class space    used 11290K, capacity 11716K, committed 12032K, reserved 1048576K
}
{Heap before GC invocations=214 (full 4):
 PSYoungGen      total 95232K, used 87690K [0x00000000d5580000, 0x00000000dc100000, 0x0000000100000000)
  eden space 79872K, 100% used [0x00000000d5580000,0x00000000da380000,0x00000000da380000)
  from space 15360K, 50% used [0x00000000da380000,0x00000000dab22be0,0x00000000db280000)
  to   space 14848K, 0% used [0x00000000db280000,0x00000000db280000,0x00000000dc100000)
 ParOldGen       total 314880K, used 63763K [0x0000000080000000, 0x0000000093380000, 0x00000000d5580000)
  object space 314880K, 20% used [0x0000000080000000,0x0000000083e44ef0,0x0000000093380000)
 Metaspace       used 94732K, capacity 97296K, committed 98816K, reserved 1136640K
  class space    used 11290K, capacity 11716K, committed 12032K, reserved 1048576K
2023-09-07T16:48:25.756+0600: 842472.251: [GC (Allocation Failure) [PSYoungGen: 87690K->7718K(95232K)] 151454K->71513K(410112K), 0.0228737 secs] [Times: user=0.04 sys=0.00, real=0.03 secs] 
Heap after GC invocations=214 (full 4):
 PSYoungGen      total 95232K, used 7718K [0x00000000d5580000, 0x00000000dc100000, 0x0000000100000000)
  eden space 80384K, 0% used [0x00000000d5580000,0x00000000d5580000,0x00000000da400000)
  from space 14848K, 51% used [0x00000000db280000,0x00000000dba098c0,0x00000000dc100000)
  to   space 14848K, 0% used [0x00000000da400000,0x00000000da400000,0x00000000db280000)
 ParOldGen       total 314880K, used 63795K [0x0000000080000000, 0x0000000093380000, 0x00000000d5580000)
  object space 314880K, 20% used [0x0000000080000000,0x0000000083e4cef0,0x0000000093380000)
 Metaspace       used 94732K, capacity 97296K, committed 98816K, reserved 1136640K
  class space    used 11290K, capacity 11716K, committed 12032K, reserved 1048576K
}
{Heap before GC invocations=215 (full 4):
 PSYoungGen      total 95232K, used 88102K [0x00000000d5580000, 0x00000000dc100000, 0x0000000100000000)
  eden space 80384K, 100% used [0x00000000d5580000,0x00000000da400000,0x00000000da400000)
  from space 14848K, 51% used [0x00000000db280000,0x00000000dba098c0,0x00000000dc100000)
  to   space 14848K, 0% used [0x00000000da400000,0x00000000da400000,0x00000000db280000)
 ParOldGen       total 314880K, used 63795K [0x0000000080000000, 0x0000000093380000, 0x00000000d5580000)
  object space 314880K, 20% used [0x0000000080000000,0x0000000083e4cef0,0x0000000093380000)
 Metaspace       used 94733K, capacity 97296K, committed 98816K, reserved 1136640K
  class space    used 11290K, capacity 11716K, committed 12032K, reserved 1048576K
2023-09-07T17:08:51.917+0600: 843698.412: [GC (Allocation Failure) [PSYoungGen: 88102K->10177K(95232K)] 151897K->73997K(410112K), 0.0131806 secs] [Times: user=0.02 sys=0.00, real=0.02 secs] 
Heap after GC invocations=215 (full 4):
 PSYoungGen      total 95232K, used 10177K [0x00000000d5580000, 0x00000000dc180000, 0x0000000100000000)
  eden space 80384K, 0% used [0x00000000d5580000,0x00000000d5580000,0x00000000da400000)
  from space 14848K, 68% used [0x00000000da400000,0x00000000dadf05a0,0x00000000db280000)
  to   space 14848K, 0% used [0x00000000db300000,0x00000000db300000,0x00000000dc180000)
 ParOldGen       total 314880K, used 63819K [0x0000000080000000, 0x0000000093380000, 0x00000000d5580000)
  object space 314880K, 20% used [0x0000000080000000,0x0000000083e52ef0,0x0000000093380000)
 Metaspace       used 94733K, capacity 97296K, committed 98816K, reserved 1136640K
  class space    used 11290K, capacity 11716K, committed 12032K, reserved 1048576K
}
{Heap before GC invocations=216 (full 4):
 PSYoungGen      total 95232K, used 90561K [0x00000000d5580000, 0x00000000dc180000, 0x0000000100000000)
  eden space 80384K, 100% used [0x00000000d5580000,0x00000000da400000,0x00000000da400000)
  from space 14848K, 68% used [0x00000000da400000,0x00000000dadf05a0,0x00000000db280000)
  to   space 14848K, 0% used [0x00000000db300000,0x00000000db300000,0x00000000dc180000)
 ParOldGen       total 314880K, used 63819K [0x0000000080000000, 0x0000000093380000, 0x00000000d5580000)
  object space 314880K, 20% used [0x0000000080000000,0x0000000083e52ef0,0x0000000093380000)
 Metaspace       used 94742K, capacity 97302K, committed 98816K, reserved 1136640K
  class space    used 11291K, capacity 11717K, committed 12032K, reserved 1048576K
2023-09-07T17:47:54.182+0600: 846040.677: [GC (Allocation Failure) [PSYoungGen: 90561K->6918K(94720K)] 154381K->70777K(409600K), 0.0202817 secs] [Times: user=0.04 sys=0.00, real=0.02 secs] 
Heap after GC invocations=216 (full 4):
 PSYoungGen      total 94720K, used 6918K [0x00000000d5580000, 0x00000000dc080000, 0x0000000100000000)
  eden space 80896K, 0% used [0x00000000d5580000,0x00000000d5580000,0x00000000da480000)
  from space 13824K, 50% used [0x00000000db300000,0x00000000db9c18a0,0x00000000dc080000)
  to   space 14336K, 0% used [0x00000000da480000,0x00000000da480000,0x00000000db280000)
 ParOldGen       total 314880K, used 63859K [0x0000000080000000, 0x0000000093380000, 0x00000000d5580000)
  object space 314880K, 20% used [0x0000000080000000,0x0000000083e5cef0,0x0000000093380000)
 Metaspace       used 94742K, capacity 97302K, committed 98816K, reserved 1136640K
  class space    used 11291K, capacity 11717K, committed 12032K, reserved 1048576K
}
{Heap before GC invocations=217 (full 4):
 PSYoungGen      total 94720K, used 87814K [0x00000000d5580000, 0x00000000dc080000, 0x0000000100000000)
  eden space 80896K, 100% used [0x00000000d5580000,0x00000000da480000,0x00000000da480000)
  from space 13824K, 50% used [0x00000000db300000,0x00000000db9c18a0,0x00000000dc080000)
  to   space 14336K, 0% used [0x00000000da480000,0x00000000da480000,0x00000000db280000)
 ParOldGen       total 314880K, used 63859K [0x0000000080000000, 0x0000000093380000, 0x00000000d5580000)
  object space 314880K, 20% used [0x0000000080000000,0x0000000083e5cef0,0x0000000093380000)
 Metaspace       used 94742K, capacity 97302K, committed 98816K, reserved 1136640K
  class space    used 11291K, capacity 11717K, committed 12032K, reserved 1048576K
2023-09-07T18:37:26.545+0600: 849013.040: [GC (Allocation Failure) [PSYoungGen: 87814K->5831K(95232K)] 151673K->69738K(410112K), 0.0207270 secs] [Times: user=0.04 sys=0.00, real=0.02 secs] 
Heap after GC invocations=217 (full 4):
 PSYoungGen      total 95232K, used 5831K [0x00000000d5580000, 0x00000000dc100000, 0x0000000100000000)
  eden space 80896K, 0% used [0x00000000d5580000,0x00000000d5580000,0x00000000da480000)
  from space 14336K, 40% used [0x00000000da480000,0x00000000daa31ce0,0x00000000db280000)
  to   space 14336K, 0% used [0x00000000db300000,0x00000000db300000,0x00000000dc100000)
 ParOldGen       total 314880K, used 63907K [0x0000000080000000, 0x0000000093380000, 0x00000000d5580000)
  object space 314880K, 20% used [0x0000000080000000,0x0000000083e68c30,0x0000000093380000)
 Metaspace       used 94742K, capacity 97302K, committed 98816K, reserved 1136640K
  class space    used 11291K, capacity 11717K, committed 12032K, reserved 1048576K
}
{Heap before GC invocations=218 (full 4):
 PSYoungGen      total 95232K, used 86727K [0x00000000d5580000, 0x00000000dc100000, 0x0000000100000000)
  eden space 80896K, 100% used [0x00000000d5580000,0x00000000da480000,0x00000000da480000)
  from space 14336K, 40% used [0x00000000da480000,0x00000000daa31ce0,0x00000000db280000)
  to   space 14336K, 0% used [0x00000000db300000,0x00000000db300000,0x00000000dc100000)
 ParOldGen       total 314880K, used 63907K [0x0000000080000000, 0x0000000093380000, 0x00000000d5580000)
  object space 314880K, 20% used [0x0000000080000000,0x0000000083e68c30,0x0000000093380000)
 Metaspace       used 94754K, capacity 97332K, committed 98816K, reserved 1136640K
  class space    used 11294K, capacity 11722K, committed 12032K, reserved 1048576K
2023-09-07T19:25:42.942+0600: 851909.437: [GC (Allocation Failure) [PSYoungGen: 86727K->5799K(95744K)] 150634K->69780K(410624K), 0.0162406 secs] [Times: user=0.03 sys=0.00, real=0.02 secs] 
Heap after GC invocations=218 (full 4):
 PSYoungGen      total 95744K, used 5799K [0x00000000d5580000, 0x00000000dc100000, 0x0000000100000000)
  eden space 81408K, 0% used [0x00000000d5580000,0x00000000d5580000,0x00000000da500000)
  from space 14336K, 40% used [0x00000000db300000,0x00000000db8a9ef0,0x00000000dc100000)
  to   space 14336K, 0% used [0x00000000da500000,0x00000000da500000,0x00000000db300000)
 ParOldGen       total 314880K, used 63980K [0x0000000080000000, 0x0000000093380000, 0x00000000d5580000)
  object space 314880K, 20% used [0x0000000080000000,0x0000000083e7b1a8,0x0000000093380000)
 Metaspace       used 94754K, capacity 97332K, committed 98816K, reserved 1136640K
  class space    used 11294K, capacity 11722K, committed 12032K, reserved 1048576K
}
{Heap before GC invocations=219 (full 4):
 PSYoungGen      total 95744K, used 87207K [0x00000000d5580000, 0x00000000dc100000, 0x0000000100000000)
  eden space 81408K, 100% used [0x00000000d5580000,0x00000000da500000,0x00000000da500000)
  from space 14336K, 40% used [0x00000000db300000,0x00000000db8a9ef0,0x00000000dc100000)
  to   space 14336K, 0% used [0x00000000da500000,0x00000000da500000,0x00000000db300000)
 ParOldGen       total 314880K, used 63980K [0x0000000080000000, 0x0000000093380000, 0x00000000d5580000)
  object space 314880K, 20% used [0x0000000080000000,0x0000000083e7b1a8,0x0000000093380000)
 Metaspace       used 94754K, capacity 97332K, committed 98816K, reserved 1136640K
  class space    used 11294K, capacity 11722K, committed 12032K, reserved 1048576K
2023-09-07T20:27:24.413+0600: 855610.908: [GC (Allocation Failure) [PSYoungGen: 87207K->4674K(95744K)] 151188K->68718K(410624K), 0.0181148 secs] [Times: user=0.03 sys=0.00, real=0.02 secs] 
Heap after GC invocations=219 (full 4):
 PSYoungGen      total 95744K, used 4674K [0x00000000d5580000, 0x00000000dc180000, 0x0000000100000000)
  eden space 81408K, 0% used [0x00000000d5580000,0x00000000d5580000,0x00000000da500000)
  from space 14336K, 32% used [0x00000000da500000,0x00000000da990b10,0x00000000db300000)
  to   space 14336K, 0% used [0x00000000db380000,0x00000000db380000,0x00000000dc180000)
 ParOldGen       total 314880K, used 64043K [0x0000000080000000, 0x0000000093380000, 0x00000000d5580000)
  object space 314880K, 20% used [0x0000000080000000,0x0000000083e8aeb8,0x0000000093380000)
 Metaspace       used 94754K, capacity 97332K, committed 98816K, reserved 1136640K
  class space    used 11294K, capacity 11722K, committed 12032K, reserved 1048576K
}
{Heap before GC invocations=220 (full 4):
 PSYoungGen      total 95744K, used 86082K [0x00000000d5580000, 0x00000000dc180000, 0x0000000100000000)
  eden space 81408K, 100% used [0x00000000d5580000,0x00000000da500000,0x00000000da500000)
  from space 14336K, 32% used [0x00000000da500000,0x00000000da990b10,0x00000000db300000)
  to   space 14336K, 0% used [0x00000000db380000,0x00000000db380000,0x00000000dc180000)
 ParOldGen       total 314880K, used 64043K [0x0000000080000000, 0x0000000093380000, 0x00000000d5580000)
  object space 314880K, 20% used [0x0000000080000000,0x0000000083e8aeb8,0x0000000093380000)
 Metaspace       used 94755K, capacity 97332K, committed 98816K, reserved 1136640K
  class space    used 11294K, capacity 11722K, committed 12032K, reserved 1048576K
2023-09-07T21:22:29.433+0600: 858915.928: [GC (Allocation Failure) [PSYoungGen: 86082K->4528K(96256K)] 150126K->68717K(411136K), 0.0135349 secs] [Times: user=0.02 sys=0.00, real=0.01 secs] 
Heap after GC invocations=220 (full 4):
 PSYoungGen      total 96256K, used 4528K [0x00000000d5580000, 0x00000000dc180000, 0x0000000100000000)
  eden space 81920K, 0% used [0x00000000d5580000,0x00000000d5580000,0x00000000da580000)
  from space 14336K, 31% used [0x00000000db380000,0x00000000db7ec230,0x00000000dc180000)
  to   space 14336K, 0% used [0x00000000da580000,0x00000000da580000,0x00000000db380000)
 ParOldGen       total 314880K, used 64189K [0x0000000080000000, 0x0000000093380000, 0x00000000d5580000)
  object space 314880K, 20% used [0x0000000080000000,0x0000000083eaf518,0x0000000093380000)
 Metaspace       used 94755K, capacity 97332K, committed 98816K, reserved 1136640K
  class space    used 11294K, capacity 11722K, committed 12032K, reserved 1048576K
}
{Heap before GC invocations=221 (full 4):
 PSYoungGen      total 96256K, used 86448K [0x00000000d5580000, 0x00000000dc180000, 0x0000000100000000)
  eden space 81920K, 100% used [0x00000000d5580000,0x00000000da580000,0x00000000da580000)
  from space 14336K, 31% used [0x00000000db380000,0x00000000db7ec230,0x00000000dc180000)
  to   space 14336K, 0% used [0x00000000da580000,0x00000000da580000,0x00000000db380000)
 ParOldGen       total 314880K, used 64189K [0x0000000080000000, 0x0000000093380000, 0x00000000d5580000)
  object space 314880K, 20% used [0x0000000080000000,0x0000000083eaf518,0x0000000093380000)
 Metaspace       used 94755K, capacity 97332K, committed 98816K, reserved 1136640K
  class space    used 11294K, capacity 11722K, committed 12032K, reserved 1048576K
2023-09-07T22:20:24.856+0600: 862391.350: [GC (Allocation Failure) [PSYoungGen: 86448K->4673K(96256K)] 150637K->68944K(411136K), 0.0160035 secs] [Times: user=0.03 sys=0.00, real=0.02 secs] 
Heap after GC invocations=221 (full 4):
 PSYoungGen      total 96256K, used 4673K [0x00000000d5580000, 0x00000000dc200000, 0x0000000100000000)
  eden space 81920K, 0% used [0x00000000d5580000,0x00000000d5580000,0x00000000da580000)
  from space 14336K, 32% used [0x00000000da580000,0x00000000daa10490,0x00000000db380000)
  to   space 14336K, 0% used [0x00000000db400000,0x00000000db400000,0x00000000dc200000)
 ParOldGen       total 314880K, used 64270K [0x0000000080000000, 0x0000000093380000, 0x00000000d5580000)
  object space 314880K, 20% used [0x0000000080000000,0x0000000083ec3bc8,0x0000000093380000)
 Metaspace       used 94755K, capacity 97332K, committed 98816K, reserved 1136640K
  class space    used 11294K, capacity 11722K, committed 12032K, reserved 1048576K
}
{Heap before GC invocations=222 (full 4):
 PSYoungGen      total 96256K, used 86593K [0x00000000d5580000, 0x00000000dc200000, 0x0000000100000000)
  eden space 81920K, 100% used [0x00000000d5580000,0x00000000da580000,0x00000000da580000)
  from space 14336K, 32% used [0x00000000da580000,0x00000000daa10490,0x00000000db380000)
  to   space 14336K, 0% used [0x00000000db400000,0x00000000db400000,0x00000000dc200000)
 ParOldGen       total 314880K, used 64270K [0x0000000080000000, 0x0000000093380000, 0x00000000d5580000)
  object space 314880K, 20% used [0x0000000080000000,0x0000000083ec3bc8,0x0000000093380000)
 Metaspace       used 94755K, capacity 97332K, committed 98816K, reserved 1136640K
  class space    used 11294K, capacity 11722K, committed 12032K, reserved 1048576K
2023-09-07T23:28:19.658+0600: 866466.152: [GC (Allocation Failure) [PSYoungGen: 86593K->3680K(96768K)] 150864K->67998K(411648K), 0.0145477 secs] [Times: user=0.02 sys=0.00, real=0.02 secs] 
Heap after GC invocations=222 (full 4):
 PSYoungGen      total 96768K, used 3680K [0x00000000d5580000, 0x00000000dc200000, 0x0000000100000000)
  eden space 82432K, 0% used [0x00000000d5580000,0x00000000d5580000,0x00000000da600000)
  from space 14336K, 25% used [0x00000000db400000,0x00000000db798000,0x00000000dc200000)
  to   space 14336K, 0% used [0x00000000da600000,0x00000000da600000,0x00000000db400000)
 ParOldGen       total 314880K, used 64318K [0x0000000080000000, 0x0000000093380000, 0x00000000d5580000)
  object space 314880K, 20% used [0x0000000080000000,0x0000000083ecf908,0x0000000093380000)
 Metaspace       used 94755K, capacity 97332K, committed 98816K, reserved 1136640K
  class space    used 11294K, capacity 11722K, committed 12032K, reserved 1048576K
}
{Heap before GC invocations=223 (full 4):
 PSYoungGen      total 96768K, used 86112K [0x00000000d5580000, 0x00000000dc200000, 0x0000000100000000)
  eden space 82432K, 100% used [0x00000000d5580000,0x00000000da600000,0x00000000da600000)
  from space 14336K, 25% used [0x00000000db400000,0x00000000db798000,0x00000000dc200000)
  to   space 14336K, 0% used [0x00000000da600000,0x00000000da600000,0x00000000db400000)
 ParOldGen       total 314880K, used 64318K [0x0000000080000000, 0x0000000093380000, 0x00000000d5580000)
  object space 314880K, 20% used [0x0000000080000000,0x0000000083ecf908,0x0000000093380000)
 Metaspace       used 94755K, capacity 97332K, committed 98816K, reserved 1136640K
  class space    used 11294K, capacity 11722K, committed 12032K, reserved 1048576K
2023-09-08T00:38:53.712+0600: 870700.207: [GC (Allocation Failure) [PSYoungGen: 86112K->3648K(96768K)] 150430K->68029K(411648K), 0.0161846 secs] [Times: user=0.03 sys=0.00, real=0.02 secs] 
Heap after GC invocations=223 (full 4):
 PSYoungGen      total 96768K, used 3648K [0x00000000d5580000, 0x00000000dc280000, 0x0000000100000000)
  eden space 82432K, 0% used [0x00000000d5580000,0x00000000d5580000,0x00000000da600000)
  from space 14336K, 25% used [0x00000000da600000,0x00000000da990000,0x00000000db400000)
  to   space 14336K, 0% used [0x00000000db480000,0x00000000db480000,0x00000000dc280000)
 ParOldGen       total 314880K, used 64381K [0x0000000080000000, 0x0000000093380000, 0x00000000d5580000)
  object space 314880K, 20% used [0x0000000080000000,0x0000000083edf7a8,0x0000000093380000)
 Metaspace       used 94755K, capacity 97332K, committed 98816K, reserved 1136640K
  class space    used 11294K, capacity 11722K, committed 12032K, reserved 1048576K
}
{Heap before GC invocations=224 (full 4):
 PSYoungGen      total 96768K, used 86080K [0x00000000d5580000, 0x00000000dc280000, 0x0000000100000000)
  eden space 82432K, 100% used [0x00000000d5580000,0x00000000da600000,0x00000000da600000)
  from space 14336K, 25% used [0x00000000da600000,0x00000000da990000,0x00000000db400000)
  to   space 14336K, 0% used [0x00000000db480000,0x00000000db480000,0x00000000dc280000)
 ParOldGen       total 314880K, used 64381K [0x0000000080000000, 0x0000000093380000, 0x00000000d5580000)
  object space 314880K, 20% used [0x0000000080000000,0x0000000083edf7a8,0x0000000093380000)
 Metaspace       used 94756K, capacity 97332K, committed 98816K, reserved 1136640K
  class space    used 11294K, capacity 11722K, committed 12032K, reserved 1048576K
2023-09-08T01:41:19.222+0600: 874445.716: [GC (Allocation Failure) [PSYoungGen: 86080K->4033K(96256K)] 150461K->68507K(411136K), 0.0145843 secs] [Times: user=0.03 sys=0.00, real=0.01 secs] 
Heap after GC invocations=224 (full 4):
 PSYoungGen      total 96256K, used 4033K [0x00000000d5580000, 0x00000000dc180000, 0x0000000100000000)
  eden space 82944K, 0% used [0x00000000d5580000,0x00000000d5580000,0x00000000da680000)
  from space 13312K, 30% used [0x00000000db480000,0x00000000db8706c0,0x00000000dc180000)
  to   space 13824K, 0% used [0x00000000da680000,0x00000000da680000,0x00000000db400000)
 ParOldGen       total 314880K, used 64473K [0x0000000080000000, 0x0000000093380000, 0x00000000d5580000)
  object space 314880K, 20% used [0x0000000080000000,0x0000000083ef6540,0x0000000093380000)
 Metaspace       used 94756K, capacity 97332K, committed 98816K, reserved 1136640K
  class space    used 11294K, capacity 11722K, committed 12032K, reserved 1048576K
}
{Heap before GC invocations=225 (full 4):
 PSYoungGen      total 96256K, used 86977K [0x00000000d5580000, 0x00000000dc180000, 0x0000000100000000)
  eden space 82944K, 100% used [0x00000000d5580000,0x00000000da680000,0x00000000da680000)
  from space 13312K, 30% used [0x00000000db480000,0x00000000db8706c0,0x00000000dc180000)
  to   space 13824K, 0% used [0x00000000da680000,0x00000000da680000,0x00000000db400000)
 ParOldGen       total 314880K, used 64473K [0x0000000080000000, 0x0000000093380000, 0x00000000d5580000)
  object space 314880K, 20% used [0x0000000080000000,0x0000000083ef6540,0x0000000093380000)
 Metaspace       used 94770K, capacity 97426K, committed 99072K, reserved 1136640K
  class space    used 11297K, capacity 11727K, committed 12032K, reserved 1048576K
2023-09-08T02:21:33.811+0600: 876860.306: [GC (Allocation Failure) [PSYoungGen: 86977K->6880K(96768K)] 151451K->71400K(411648K), 0.0220864 secs] [Times: user=0.04 sys=0.00, real=0.02 secs] 
Heap after GC invocations=225 (full 4):
 PSYoungGen      total 96768K, used 6880K [0x00000000d5580000, 0x00000000dc100000, 0x0000000100000000)
  eden space 82944K, 0% used [0x00000000d5580000,0x00000000d5580000,0x00000000da680000)
  from space 13824K, 49% used [0x00000000da680000,0x00000000dad382e0,0x00000000db400000)
  to   space 13312K, 0% used [0x00000000db400000,0x00000000db400000,0x00000000dc100000)
 ParOldGen       total 314880K, used 64519K [0x0000000080000000, 0x0000000093380000, 0x00000000d5580000)
  object space 314880K, 20% used [0x0000000080000000,0x0000000083f01e90,0x0000000093380000)
 Metaspace       used 94770K, capacity 97426K, committed 99072K, reserved 1136640K
  class space    used 11297K, capacity 11727K, committed 12032K, reserved 1048576K
}
{Heap before GC invocations=226 (full 4):
 PSYoungGen      total 96768K, used 89824K [0x00000000d5580000, 0x00000000dc100000, 0x0000000100000000)
  eden space 82944K, 100% used [0x00000000d5580000,0x00000000da680000,0x00000000da680000)
  from space 13824K, 49% used [0x00000000da680000,0x00000000dad382e0,0x00000000db400000)
  to   space 13312K, 0% used [0x00000000db400000,0x00000000db400000,0x00000000dc100000)
 ParOldGen       total 314880K, used 64519K [0x0000000080000000, 0x0000000093380000, 0x00000000d5580000)
  object space 314880K, 20% used [0x0000000080000000,0x0000000083f01e90,0x0000000093380000)
 Metaspace       used 94780K, capacity 97426K, committed 99072K, reserved 1136640K
  class space    used 11297K, capacity 11727K, committed 12032K, reserved 1048576K
2023-09-08T02:35:27.121+0600: 877693.615: [GC (Allocation Failure) [PSYoungGen: 89824K->12170K(95232K)] 154344K->76776K(410112K), 0.0261931 secs] [Times: user=0.04 sys=0.00, real=0.02 secs] 
Heap after GC invocations=226 (full 4):
 PSYoungGen      total 95232K, used 12170K [0x00000000d5580000, 0x00000000dc400000, 0x0000000100000000)
  eden space 81920K, 0% used [0x00000000d5580000,0x00000000d5580000,0x00000000da580000)
  from space 13312K, 91% used [0x00000000db400000,0x00000000dbfe2890,0x00000000dc100000)
  to   space 14848K, 0% used [0x00000000da580000,0x00000000da580000,0x00000000db400000)
 ParOldGen       total 314880K, used 64606K [0x0000000080000000, 0x0000000093380000, 0x00000000d5580000)
  object space 314880K, 20% used [0x0000000080000000,0x0000000083f17860,0x0000000093380000)
 Metaspace       used 94780K, capacity 97426K, committed 99072K, reserved 1136640K
  class space    used 11297K, capacity 11727K, committed 12032K, reserved 1048576K
}
{Heap before GC invocations=227 (full 4):
 PSYoungGen      total 95232K, used 94090K [0x00000000d5580000, 0x00000000dc400000, 0x0000000100000000)
  eden space 81920K, 100% used [0x00000000d5580000,0x00000000da580000,0x00000000da580000)
  from space 13312K, 91% used [0x00000000db400000,0x00000000dbfe2890,0x00000000dc100000)
  to   space 14848K, 0% used [0x00000000da580000,0x00000000da580000,0x00000000db400000)
 ParOldGen       total 314880K, used 64606K [0x0000000080000000, 0x0000000093380000, 0x00000000d5580000)
  object space 314880K, 20% used [0x0000000080000000,0x0000000083f17860,0x0000000093380000)
 Metaspace       used 94789K, capacity 97456K, committed 99072K, reserved 1136640K
  class space    used 11300K, capacity 11732K, committed 12032K, reserved 1048576K
2023-09-08T03:37:44.360+0600: 881430.855: [GC (Allocation Failure) [PSYoungGen: 94090K->4465K(96768K)] 158696K->69126K(411648K), 0.0175549 secs] [Times: user=0.03 sys=0.00, real=0.01 secs] 
Heap after GC invocations=227 (full 4):
 PSYoungGen      total 96768K, used 4465K [0x00000000d5580000, 0x00000000dc200000, 0x0000000100000000)
  eden space 81920K, 0% used [0x00000000d5580000,0x00000000d5580000,0x00000000da580000)
  from space 14848K, 30% used [0x00000000da580000,0x00000000da9dc4a0,0x00000000db400000)
  to   space 14336K, 0% used [0x00000000db400000,0x00000000db400000,0x00000000dc200000)
 ParOldGen       total 314880K, used 64661K [0x0000000080000000, 0x0000000093380000, 0x00000000d5580000)
  object space 314880K, 20% used [0x0000000080000000,0x0000000083f25650,0x0000000093380000)
 Metaspace       used 94789K, capacity 97456K, committed 99072K, reserved 1136640K
  class space    used 11300K, capacity 11732K, committed 12032K, reserved 1048576K
}
{Heap before GC invocations=228 (full 4):
 PSYoungGen      total 96768K, used 86385K [0x00000000d5580000, 0x00000000dc200000, 0x0000000100000000)
  eden space 81920K, 100% used [0x00000000d5580000,0x00000000da580000,0x00000000da580000)
  from space 14848K, 30% used [0x00000000da580000,0x00000000da9dc4a0,0x00000000db400000)
  to   space 14336K, 0% used [0x00000000db400000,0x00000000db400000,0x00000000dc200000)
 ParOldGen       total 314880K, used 64661K [0x0000000080000000, 0x0000000093380000, 0x00000000d5580000)
  object space 314880K, 20% used [0x0000000080000000,0x0000000083f25650,0x0000000093380000)
 Metaspace       used 94789K, capacity 97456K, committed 99072K, reserved 1136640K
  class space    used 11300K, capacity 11732K, committed 12032K, reserved 1048576K
2023-09-08T04:41:40.868+0600: 885267.362: [GC (Allocation Failure) [PSYoungGen: 86385K->3328K(96768K)] 151046K->68078K(411648K), 0.0178294 secs] [Times: user=0.03 sys=0.00, real=0.02 secs] 
Heap after GC invocations=228 (full 4):
 PSYoungGen      total 96768K, used 3328K [0x00000000d5580000, 0x00000000dc200000, 0x0000000100000000)
  eden space 82432K, 0% used [0x00000000d5580000,0x00000000d5580000,0x00000000da600000)
  from space 14336K, 23% used [0x00000000db400000,0x00000000db740000,0x00000000dc200000)
  to   space 14336K, 0% used [0x00000000da600000,0x00000000da600000,0x00000000db400000)
 ParOldGen       total 314880K, used 64750K [0x0000000080000000, 0x0000000093380000, 0x00000000d5580000)
  object space 314880K, 20% used [0x0000000080000000,0x0000000083f3b8b0,0x0000000093380000)
 Metaspace       used 94789K, capacity 97456K, committed 99072K, reserved 1136640K
  class space    used 11300K, capacity 11732K, committed 12032K, reserved 1048576K
}
{Heap before GC invocations=229 (full 4):
 PSYoungGen      total 96768K, used 85760K [0x00000000d5580000, 0x00000000dc200000, 0x0000000100000000)
  eden space 82432K, 100% used [0x00000000d5580000,0x00000000da600000,0x00000000da600000)
  from space 14336K, 23% used [0x00000000db400000,0x00000000db740000,0x00000000dc200000)
  to   space 14336K, 0% used [0x00000000da600000,0x00000000da600000,0x00000000db400000)
 ParOldGen       total 314880K, used 64750K [0x0000000080000000, 0x0000000093380000, 0x00000000d5580000)
  object space 314880K, 20% used [0x0000000080000000,0x0000000083f3b8b0,0x0000000093380000)
 Metaspace       used 94789K, capacity 97456K, committed 99072K, reserved 1136640K
  class space    used 11300K, capacity 11732K, committed 12032K, reserved 1048576K
2023-09-08T05:47:46.620+0600: 889233.115: [GC (Allocation Failure) [PSYoungGen: 85760K->3296K(96768K)] 150510K->68093K(411648K), 0.0161619 secs] [Times: user=0.03 sys=0.00, real=0.01 secs] 
Heap after GC invocations=229 (full 4):
 PSYoungGen      total 96768K, used 3296K [0x00000000d5580000, 0x00000000dc280000, 0x0000000100000000)
  eden space 82432K, 0% used [0x00000000d5580000,0x00000000d5580000,0x00000000da600000)
  from space 14336K, 22% used [0x00000000da600000,0x00000000da938000,0x00000000db400000)
  to   space 14336K, 0% used [0x00000000db480000,0x00000000db480000,0x00000000dc280000)
 ParOldGen       total 314880K, used 64797K [0x0000000080000000, 0x0000000093380000, 0x00000000d5580000)
  object space 314880K, 20% used [0x0000000080000000,0x0000000083f47750,0x0000000093380000)
 Metaspace       used 94789K, capacity 97456K, committed 99072K, reserved 1136640K
  class space    used 11300K, capacity 11732K, committed 12032K, reserved 1048576K
}
{Heap before GC invocations=230 (full 4):
 PSYoungGen      total 96768K, used 85728K [0x00000000d5580000, 0x00000000dc280000, 0x0000000100000000)
  eden space 82432K, 100% used [0x00000000d5580000,0x00000000da600000,0x00000000da600000)
  from space 14336K, 22% used [0x00000000da600000,0x00000000da938000,0x00000000db400000)
  to   space 14336K, 0% used [0x00000000db480000,0x00000000db480000,0x00000000dc280000)
 ParOldGen       total 314880K, used 64797K [0x0000000080000000, 0x0000000093380000, 0x00000000d5580000)
  object space 314880K, 20% used [0x0000000080000000,0x0000000083f47750,0x0000000093380000)
 Metaspace       used 94789K, capacity 97456K, committed 99072K, reserved 1136640K
  class space    used 11300K, capacity 11732K, committed 12032K, reserved 1048576K
2023-09-08T06:58:07.529+0600: 893454.023: [GC (Allocation Failure) [PSYoungGen: 85728K->3232K(96256K)] 150525K->68077K(411136K), 0.0137114 secs] [Times: user=0.02 sys=0.00, real=0.01 secs] 
Heap after GC invocations=230 (full 4):
 PSYoungGen      total 96256K, used 3232K [0x00000000d5580000, 0x00000000dc180000, 0x0000000100000000)
  eden space 82944K, 0% used [0x00000000d5580000,0x00000000d5580000,0x00000000da680000)
  from space 13312K, 24% used [0x00000000db480000,0x00000000db7a8000,0x00000000dc180000)
  to   space 13824K, 0% used [0x00000000da680000,0x00000000da680000,0x00000000db400000)
 ParOldGen       total 314880K, used 64845K [0x0000000080000000, 0x0000000093380000, 0x00000000d5580000)
  object space 314880K, 20% used [0x0000000080000000,0x0000000083f536a0,0x0000000093380000)
 Metaspace       used 94789K, capacity 97456K, committed 99072K, reserved 1136640K
  class space    used 11300K, capacity 11732K, committed 12032K, reserved 1048576K
}
{Heap before GC invocations=231 (full 4):
 PSYoungGen      total 96256K, used 86176K [0x00000000d5580000, 0x00000000dc180000, 0x0000000100000000)
  eden space 82944K, 100% used [0x00000000d5580000,0x00000000da680000,0x00000000da680000)
  from space 13312K, 24% used [0x00000000db480000,0x00000000db7a8000,0x00000000dc180000)
  to   space 13824K, 0% used [0x00000000da680000,0x00000000da680000,0x00000000db400000)
 ParOldGen       total 314880K, used 64845K [0x0000000080000000, 0x0000000093380000, 0x00000000d5580000)
  object space 314880K, 20% used [0x0000000080000000,0x0000000083f536a0,0x0000000093380000)
 Metaspace       used 94789K, capacity 97456K, committed 99072K, reserved 1136640K
  class space    used 11300K, capacity 11732K, committed 12032K, reserved 1048576K
2023-09-08T08:06:03.146+0600: 897529.641: [GC (Allocation Failure) [PSYoungGen: 86176K->3104K(96768K)] 151021K->68069K(411648K), 0.0153441 secs] [Times: user=0.03 sys=0.00, real=0.02 secs] 
Heap after GC invocations=231 (full 4):
 PSYoungGen      total 96768K, used 3104K [0x00000000d5580000, 0x00000000dc100000, 0x0000000100000000)
  eden space 82944K, 0% used [0x00000000d5580000,0x00000000d5580000,0x00000000da680000)
  from space 13824K, 22% used [0x00000000da680000,0x00000000da988000,0x00000000db400000)
  to   space 13312K, 0% used [0x00000000db400000,0x00000000db400000,0x00000000dc100000)
 ParOldGen       total 314880K, used 64965K [0x0000000080000000, 0x0000000093380000, 0x00000000d5580000)
  object space 314880K, 20% used [0x0000000080000000,0x0000000083f71610,0x0000000093380000)
 Metaspace       used 94789K, capacity 97456K, committed 99072K, reserved 1136640K
  class space    used 11300K, capacity 11732K, committed 12032K, reserved 1048576K
}
{Heap before GC invocations=232 (full 4):
 PSYoungGen      total 96768K, used 86048K [0x00000000d5580000, 0x00000000dc100000, 0x0000000100000000)
  eden space 82944K, 100% used [0x00000000d5580000,0x00000000da680000,0x00000000da680000)
  from space 13824K, 22% used [0x00000000da680000,0x00000000da988000,0x00000000db400000)
  to   space 13312K, 0% used [0x00000000db400000,0x00000000db400000,0x00000000dc100000)
 ParOldGen       total 314880K, used 64965K [0x0000000080000000, 0x0000000093380000, 0x00000000d5580000)
  object space 314880K, 20% used [0x0000000080000000,0x0000000083f71610,0x0000000093380000)
 Metaspace       used 94789K, capacity 97456K, committed 99072K, reserved 1136640K
  class space    used 11300K, capacity 11732K, committed 12032K, reserved 1048576K
2023-09-08T09:11:04.562+0600: 901431.057: [GC (Allocation Failure) [PSYoungGen: 86048K->2944K(96768K)] 151013K->68084K(411648K), 0.0142749 secs] [Times: user=0.03 sys=0.00, real=0.01 secs] 
Heap after GC invocations=232 (full 4):
 PSYoungGen      total 96768K, used 2944K [0x00000000d5580000, 0x00000000dc100000, 0x0000000100000000)
  eden space 83456K, 0% used [0x00000000d5580000,0x00000000d5580000,0x00000000da700000)
  from space 13312K, 22% used [0x00000000db400000,0x00000000db6e0000,0x00000000dc100000)
  to   space 13312K, 0% used [0x00000000da700000,0x00000000da700000,0x00000000db400000)
 ParOldGen       total 314880K, used 65140K [0x0000000080000000, 0x0000000093380000, 0x00000000d5580000)
  object space 314880K, 20% used [0x0000000080000000,0x0000000083f9d090,0x0000000093380000)
 Metaspace       used 94789K, capacity 97456K, committed 99072K, reserved 1136640K
  class space    used 11300K, capacity 11732K, committed 12032K, reserved 1048576K
}
{Heap before GC invocations=233 (full 4):
 PSYoungGen      total 96768K, used 86400K [0x00000000d5580000, 0x00000000dc100000, 0x0000000100000000)
  eden space 83456K, 100% used [0x00000000d5580000,0x00000000da700000,0x00000000da700000)
  from space 13312K, 22% used [0x00000000db400000,0x00000000db6e0000,0x00000000dc100000)
  to   space 13312K, 0% used [0x00000000da700000,0x00000000da700000,0x00000000db400000)
 ParOldGen       total 314880K, used 65140K [0x0000000080000000, 0x0000000093380000, 0x00000000d5580000)
  object space 314880K, 20% used [0x0000000080000000,0x0000000083f9d090,0x0000000093380000)
 Metaspace       used 94789K, capacity 97456K, committed 99072K, reserved 1136640K
  class space    used 11300K, capacity 11732K, committed 12032K, reserved 1048576K
2023-09-08T10:18:42.088+0600: 905488.583: [GC (Allocation Failure) [PSYoungGen: 86400K->2784K(96768K)] 151540K->68106K(411648K), 0.0139331 secs] [Times: user=0.03 sys=0.00, real=0.01 secs] 
Heap after GC invocations=233 (full 4):
 PSYoungGen      total 96768K, used 2784K [0x00000000d5580000, 0x00000000dc080000, 0x0000000100000000)
  eden space 83456K, 0% used [0x00000000d5580000,0x00000000d5580000,0x00000000da700000)
  from space 13312K, 20% used [0x00000000da700000,0x00000000da9b8000,0x00000000db400000)
  to   space 12800K, 0% used [0x00000000db400000,0x00000000db400000,0x00000000dc080000)
 ParOldGen       total 314880K, used 65322K [0x0000000080000000, 0x0000000093380000, 0x00000000d5580000)
  object space 314880K, 20% used [0x0000000080000000,0x0000000083fcaa60,0x0000000093380000)
 Metaspace       used 94789K, capacity 97456K, committed 99072K, reserved 1136640K
  class space    used 11300K, capacity 11732K, committed 12032K, reserved 1048576K
}
{Heap before GC invocations=234 (full 4):
 PSYoungGen      total 96768K, used 86240K [0x00000000d5580000, 0x00000000dc080000, 0x0000000100000000)
  eden space 83456K, 100% used [0x00000000d5580000,0x00000000da700000,0x00000000da700000)
  from space 13312K, 20% used [0x00000000da700000,0x00000000da9b8000,0x00000000db400000)
  to   space 12800K, 0% used [0x00000000db400000,0x00000000db400000,0x00000000dc080000)
 ParOldGen       total 314880K, used 65322K [0x0000000080000000, 0x0000000093380000, 0x00000000d5580000)
  object space 314880K, 20% used [0x0000000080000000,0x0000000083fcaa60,0x0000000093380000)
 Metaspace       used 94791K, capacity 97456K, committed 99072K, reserved 1136640K
  class space    used 11300K, capacity 11732K, committed 12032K, reserved 1048576K
2023-09-08T11:31:07.911+0600: 909834.405: [GC (Allocation Failure) [PSYoungGen: 86240K->2720K(95744K)] 151562K->68090K(410624K), 0.0178309 secs] [Times: user=0.03 sys=0.00, real=0.02 secs] 
Heap after GC invocations=234 (full 4):
 PSYoungGen      total 95744K, used 2720K [0x00000000d5580000, 0x00000000dbf80000, 0x0000000100000000)
  eden space 83968K, 0% used [0x00000000d5580000,0x00000000d5580000,0x00000000da780000)
  from space 11776K, 23% used [0x00000000db400000,0x00000000db6a8000,0x00000000dbf80000)
  to   space 12288K, 0% used [0x00000000da780000,0x00000000da780000,0x00000000db380000)
 ParOldGen       total 314880K, used 65370K [0x0000000080000000, 0x0000000093380000, 0x00000000d5580000)
  object space 314880K, 20% used [0x0000000080000000,0x0000000083fd69b0,0x0000000093380000)
 Metaspace       used 94791K, capacity 97456K, committed 99072K, reserved 1136640K
  class space    used 11300K, capacity 11732K, committed 12032K, reserved 1048576K
}
{Heap before GC invocations=235 (full 4):
 PSYoungGen      total 95744K, used 86688K [0x00000000d5580000, 0x00000000dbf80000, 0x0000000100000000)
  eden space 83968K, 100% used [0x00000000d5580000,0x00000000da780000,0x00000000da780000)
  from space 11776K, 23% used [0x00000000db400000,0x00000000db6a8000,0x00000000dbf80000)
  to   space 12288K, 0% used [0x00000000da780000,0x00000000da780000,0x00000000db380000)
 ParOldGen       total 314880K, used 65370K [0x0000000080000000, 0x0000000093380000, 0x00000000d5580000)
  object space 314880K, 20% used [0x0000000080000000,0x0000000083fd69b0,0x0000000093380000)
 Metaspace       used 94791K, capacity 97456K, committed 99072K, reserved 1136640K
  class space    used 11300K, capacity 11732K, committed 12032K, reserved 1048576K
2023-09-08T12:32:45.775+0600: 913532.270: [GC (Allocation Failure) [PSYoungGen: 86688K->3136K(96256K)] 152058K->68538K(411136K), 0.0125537 secs] [Times: user=0.03 sys=0.00, real=0.01 secs] 
Heap after GC invocations=235 (full 4):
 PSYoungGen      total 96256K, used 3136K [0x00000000d5580000, 0x00000000dc000000, 0x0000000100000000)
  eden space 83968K, 0% used [0x00000000d5580000,0x00000000d5580000,0x00000000da780000)
  from space 12288K, 25% used [0x00000000da780000,0x00000000daa90010,0x00000000db380000)
  to   space 12288K, 0% used [0x00000000db400000,0x00000000db400000,0x00000000dc000000)
 ParOldGen       total 314880K, used 65402K [0x0000000080000000, 0x0000000093380000, 0x00000000d5580000)
  object space 314880K, 20% used [0x0000000080000000,0x0000000083fde9b0,0x0000000093380000)
 Metaspace       used 94791K, capacity 97456K, committed 99072K, reserved 1136640K
  class space    used 11300K, capacity 11732K, committed 12032K, reserved 1048576K
}
{Heap before GC invocations=236 (full 4):
 PSYoungGen      total 96256K, used 87104K [0x00000000d5580000, 0x00000000dc000000, 0x0000000100000000)
  eden space 83968K, 100% used [0x00000000d5580000,0x00000000da780000,0x00000000da780000)
  from space 12288K, 25% used [0x00000000da780000,0x00000000daa90010,0x00000000db380000)
  to   space 12288K, 0% used [0x00000000db400000,0x00000000db400000,0x00000000dc000000)
 ParOldGen       total 314880K, used 65402K [0x0000000080000000, 0x0000000093380000, 0x00000000d5580000)
  object space 314880K, 20% used [0x0000000080000000,0x0000000083fde9b0,0x0000000093380000)
 Metaspace       used 94791K, capacity 97456K, committed 99072K, reserved 1136640K
  class space    used 11300K, capacity 11732K, committed 12032K, reserved 1048576K
2023-09-08T13:38:23.661+0600: 917470.155: [GC (Allocation Failure) [PSYoungGen: 87104K->2656K(95744K)] 152506K->68135K(410624K), 0.0138137 secs] [Times: user=0.02 sys=0.00, real=0.01 secs] 
Heap after GC invocations=236 (full 4):
 PSYoungGen      total 95744K, used 2656K [0x00000000d5580000, 0x00000000dbf00000, 0x0000000100000000)
  eden space 84480K, 0% used [0x00000000d5580000,0x00000000d5580000,0x00000000da800000)
  from space 11264K, 23% used [0x00000000db400000,0x00000000db698000,0x00000000dbf00000)
  to   space 11776K, 0% used [0x00000000da800000,0x00000000da800000,0x00000000db380000)
 ParOldGen       total 314880K, used 65479K [0x0000000080000000, 0x0000000093380000, 0x00000000d5580000)
  object space 314880K, 20% used [0x0000000080000000,0x0000000083ff1d60,0x0000000093380000)
 Metaspace       used 94791K, capacity 97456K, committed 99072K, reserved 1136640K
  class space    used 11300K, capacity 11732K, committed 12032K, reserved 1048576K
}
{Heap before GC invocations=237 (full 4):
 PSYoungGen      total 95744K, used 87136K [0x00000000d5580000, 0x00000000dbf00000, 0x0000000100000000)
  eden space 84480K, 100% used [0x00000000d5580000,0x00000000da800000,0x00000000da800000)
  from space 11264K, 23% used [0x00000000db400000,0x00000000db698000,0x00000000dbf00000)
  to   space 11776K, 0% used [0x00000000da800000,0x00000000da800000,0x00000000db380000)
 ParOldGen       total 314880K, used 65479K [0x0000000080000000, 0x0000000093380000, 0x00000000d5580000)
  object space 314880K, 20% used [0x0000000080000000,0x0000000083ff1d60,0x0000000093380000)
 Metaspace       used 94791K, capacity 97456K, committed 99072K, reserved 1136640K
  class space    used 11300K, capacity 11732K, committed 12032K, reserved 1048576K
2023-09-08T14:48:43.090+0600: 921689.585: [GC (Allocation Failure) [PSYoungGen: 87136K->2688K(96256K)] 152615K->68167K(411136K), 0.0138858 secs] [Times: user=0.03 sys=0.00, real=0.01 secs] 
Heap after GC invocations=237 (full 4):
 PSYoungGen      total 96256K, used 2688K [0x00000000d5580000, 0x00000000dbe80000, 0x0000000100000000)
  eden space 84480K, 0% used [0x00000000d5580000,0x00000000d5580000,0x00000000da800000)
  from space 11776K, 22% used [0x00000000da800000,0x00000000daaa0000,0x00000000db380000)
  to   space 11264K, 0% used [0x00000000db380000,0x00000000db380000,0x00000000dbe80000)
 ParOldGen       total 314880K, used 65479K [0x0000000080000000, 0x0000000093380000, 0x00000000d5580000)
  object space 314880K, 20% used [0x0000000080000000,0x0000000083ff1d60,0x0000000093380000)
 Metaspace       used 94791K, capacity 97456K, committed 99072K, reserved 1136640K
  class space    used 11300K, capacity 11732K, committed 12032K, reserved 1048576K
}
{Heap before GC invocations=238 (full 4):
 PSYoungGen      total 96256K, used 87168K [0x00000000d5580000, 0x00000000dbe80000, 0x0000000100000000)
  eden space 84480K, 100% used [0x00000000d5580000,0x00000000da800000,0x00000000da800000)
  from space 11776K, 22% used [0x00000000da800000,0x00000000daaa0000,0x00000000db380000)
  to   space 11264K, 0% used [0x00000000db380000,0x00000000db380000,0x00000000dbe80000)
 ParOldGen       total 314880K, used 65479K [0x0000000080000000, 0x0000000093380000, 0x00000000d5580000)
  object space 314880K, 20% used [0x0000000080000000,0x0000000083ff1d60,0x0000000093380000)
 Metaspace       used 94791K, capacity 97456K, committed 99072K, reserved 1136640K
  class space    used 11300K, capacity 11732K, committed 12032K, reserved 1048576K
2023-09-08T15:59:36.059+0600: 925942.553: [GC (Allocation Failure) [PSYoungGen: 87168K->2656K(95232K)] 152647K->68135K(410112K), 0.0170341 secs] [Times: user=0.03 sys=0.00, real=0.01 secs] 
Heap after GC invocations=238 (full 4):
 PSYoungGen      total 95232K, used 2656K [0x00000000d5580000, 0x00000000dbd80000, 0x0000000100000000)
  eden space 84992K, 0% used [0x00000000d5580000,0x00000000d5580000,0x00000000da880000)
  from space 10240K, 25% used [0x00000000db380000,0x00000000db618000,0x00000000dbd80000)
  to   space 10752K, 0% used [0x00000000da880000,0x00000000da880000,0x00000000db300000)
 ParOldGen       total 314880K, used 65479K [0x0000000080000000, 0x0000000093380000, 0x00000000d5580000)
  object space 314880K, 20% used [0x0000000080000000,0x0000000083ff1d60,0x0000000093380000)
 Metaspace       used 94791K, capacity 97456K, committed 99072K, reserved 1136640K
  class space    used 11300K, capacity 11732K, committed 12032K, reserved 1048576K
}
{Heap before GC invocations=239 (full 4):
 PSYoungGen      total 95232K, used 87648K [0x00000000d5580000, 0x00000000dbd80000, 0x0000000100000000)
  eden space 84992K, 100% used [0x00000000d5580000,0x00000000da880000,0x00000000da880000)
  from space 10240K, 25% used [0x00000000db380000,0x00000000db618000,0x00000000dbd80000)
  to   space 10752K, 0% used [0x00000000da880000,0x00000000da880000,0x00000000db300000)
 ParOldGen       total 314880K, used 65479K [0x0000000080000000, 0x0000000093380000, 0x00000000d5580000)
  object space 314880K, 20% used [0x0000000080000000,0x0000000083ff1d60,0x0000000093380000)
 Metaspace       used 94791K, capacity 97456K, committed 99072K, reserved 1136640K
  class space    used 11300K, capacity 11732K, committed 12032K, reserved 1048576K
2023-09-08T17:06:00.721+0600: 929927.215: [GC (Allocation Failure) [PSYoungGen: 87648K->2624K(95744K)] 153127K->68143K(410624K), 0.0159421 secs] [Times: user=0.03 sys=0.00, real=0.01 secs] 
Heap after GC invocations=239 (full 4):
 PSYoungGen      total 95744K, used 2624K [0x00000000d5580000, 0x00000000dbe00000, 0x0000000100000000)
  eden space 84992K, 0% used [0x00000000d5580000,0x00000000d5580000,0x00000000da880000)
  from space 10752K, 24% used [0x00000000da880000,0x00000000dab10000,0x00000000db300000)
  to   space 10752K, 0% used [0x00000000db380000,0x00000000db380000,0x00000000dbe00000)
 ParOldGen       total 314880K, used 65519K [0x0000000080000000, 0x0000000093380000, 0x00000000d5580000)
  object space 314880K, 20% used [0x0000000080000000,0x0000000083ffbd60,0x0000000093380000)
 Metaspace       used 94791K, capacity 97456K, committed 99072K, reserved 1136640K
  class space    used 11300K, capacity 11732K, committed 12032K, reserved 1048576K
}
{Heap before GC invocations=240 (full 4):
 PSYoungGen      total 95744K, used 87616K [0x00000000d5580000, 0x00000000dbe00000, 0x0000000100000000)
  eden space 84992K, 100% used [0x00000000d5580000,0x00000000da880000,0x00000000da880000)
  from space 10752K, 24% used [0x00000000da880000,0x00000000dab10000,0x00000000db300000)
  to   space 10752K, 0% used [0x00000000db380000,0x00000000db380000,0x00000000dbe00000)
 ParOldGen       total 314880K, used 65519K [0x0000000080000000, 0x0000000093380000, 0x00000000d5580000)
  object space 314880K, 20% used [0x0000000080000000,0x0000000083ffbd60,0x0000000093380000)
 Metaspace       used 94791K, capacity 97456K, committed 99072K, reserved 1136640K
  class space    used 11300K, capacity 11732K, committed 12032K, reserved 1048576K
2023-09-08T18:07:51.695+0600: 933638.190: [GC (Allocation Failure) [PSYoungGen: 87616K->3634K(94208K)] 153135K->69273K(409088K), 0.0134772 secs] [Times: user=0.02 sys=0.00, real=0.02 secs] 
Heap after GC invocations=240 (full 4):
 PSYoungGen      total 94208K, used 3634K [0x00000000d5580000, 0x00000000dbc00000, 0x0000000100000000)
  eden space 85504K, 0% used [0x00000000d5580000,0x00000000d5580000,0x00000000da900000)
  from space 8704K, 41% used [0x00000000db380000,0x00000000db70c940,0x00000000dbc00000)
  to   space 9728K, 0% used [0x00000000da900000,0x00000000da900000,0x00000000db280000)
 ParOldGen       total 314880K, used 65639K [0x0000000080000000, 0x0000000093380000, 0x00000000d5580000)
  object space 314880K, 20% used [0x0000000080000000,0x0000000084019cb0,0x0000000093380000)
 Metaspace       used 94791K, capacity 97456K, committed 99072K, reserved 1136640K
  class space    used 11300K, capacity 11732K, committed 12032K, reserved 1048576K
}
{Heap before GC invocations=241 (full 4):
 PSYoungGen      total 94208K, used 89138K [0x00000000d5580000, 0x00000000dbc00000, 0x0000000100000000)
  eden space 85504K, 100% used [0x00000000d5580000,0x00000000da900000,0x00000000da900000)
  from space 8704K, 41% used [0x00000000db380000,0x00000000db70c940,0x00000000dbc00000)
  to   space 9728K, 0% used [0x00000000da900000,0x00000000da900000,0x00000000db280000)
 ParOldGen       total 314880K, used 65639K [0x0000000080000000, 0x0000000093380000, 0x00000000d5580000)
  object space 314880K, 20% used [0x0000000080000000,0x0000000084019cb0,0x0000000093380000)
 Metaspace       used 94793K, capacity 97456K, committed 99072K, reserved 1136640K
  class space    used 11300K, capacity 11732K, committed 12032K, reserved 1048576K
2023-09-08T19:21:13.212+0600: 938039.706: [GC (Allocation Failure) [PSYoungGen: 89138K->2464K(95232K)] 154777K->68255K(410112K), 0.0112503 secs] [Times: user=0.02 sys=0.00, real=0.01 secs] 
Heap after GC invocations=241 (full 4):
 PSYoungGen      total 95232K, used 2464K [0x00000000d5580000, 0x00000000dbc80000, 0x0000000100000000)
  eden space 85504K, 0% used [0x00000000d5580000,0x00000000d5580000,0x00000000da900000)
  from space 9728K, 25% used [0x00000000da900000,0x00000000dab68000,0x00000000db280000)
  to   space 9728K, 0% used [0x00000000db300000,0x00000000db300000,0x00000000dbc80000)
 ParOldGen       total 314880K, used 65791K [0x0000000080000000, 0x0000000093380000, 0x00000000d5580000)
  object space 314880K, 20% used [0x0000000080000000,0x000000008403fc30,0x0000000093380000)
 Metaspace       used 94793K, capacity 97456K, committed 99072K, reserved 1136640K
  class space    used 11300K, capacity 11732K, committed 12032K, reserved 1048576K
}
{Heap before GC invocations=242 (full 4):
 PSYoungGen      total 95232K, used 87963K [0x00000000d5580000, 0x00000000dbc80000, 0x0000000100000000)
  eden space 85504K, 99% used [0x00000000d5580000,0x00000000da8fee68,0x00000000da900000)
  from space 9728K, 25% used [0x00000000da900000,0x00000000dab68000,0x00000000db280000)
  to   space 9728K, 0% used [0x00000000db300000,0x00000000db300000,0x00000000dbc80000)
 ParOldGen       total 314880K, used 65791K [0x0000000080000000, 0x0000000093380000, 0x00000000d5580000)
  object space 314880K, 20% used [0x0000000080000000,0x000000008403fc30,0x0000000093380000)
 Metaspace       used 94802K, capacity 97486K, committed 99072K, reserved 1136640K
  class space    used 11302K, capacity 11737K, committed 12032K, reserved 1048576K
2023-09-08T20:25:58.386+0600: 941924.880: [GC (Allocation Failure) [PSYoungGen: 87963K->3217K(94720K)] 153754K->69064K(409600K), 0.0179152 secs] [Times: user=0.03 sys=0.00, real=0.02 secs] 
Heap after GC invocations=242 (full 4):
 PSYoungGen      total 94720K, used 3217K [0x00000000d5580000, 0x00000000dbb80000, 0x0000000100000000)
  eden space 86016K, 0% used [0x00000000d5580000,0x00000000d5580000,0x00000000da980000)
  from space 8704K, 36% used [0x00000000db300000,0x00000000db6246d0,0x00000000dbb80000)
  to   space 9216K, 0% used [0x00000000da980000,0x00000000da980000,0x00000000db280000)
 ParOldGen       total 314880K, used 65847K [0x0000000080000000, 0x0000000093380000, 0x00000000d5580000)
  object space 314880K, 20% used [0x0000000080000000,0x000000008404dc30,0x0000000093380000)
 Metaspace       used 94802K, capacity 97486K, committed 99072K, reserved 1136640K
  class space    used 11302K, capacity 11737K, committed 12032K, reserved 1048576K
}
{Heap before GC invocations=243 (full 4):
 PSYoungGen      total 94720K, used 89233K [0x00000000d5580000, 0x00000000dbb80000, 0x0000000100000000)
  eden space 86016K, 100% used [0x00000000d5580000,0x00000000da980000,0x00000000da980000)
  from space 8704K, 36% used [0x00000000db300000,0x00000000db6246d0,0x00000000dbb80000)
  to   space 9216K, 0% used [0x00000000da980000,0x00000000da980000,0x00000000db280000)
 ParOldGen       total 314880K, used 65847K [0x0000000080000000, 0x0000000093380000, 0x00000000d5580000)
  object space 314880K, 20% used [0x0000000080000000,0x000000008404dc30,0x0000000093380000)
 Metaspace       used 94802K, capacity 97486K, committed 99072K, reserved 1136640K
  class space    used 11302K, capacity 11737K, committed 12032K, reserved 1048576K
2023-09-08T21:24:04.261+0600: 945410.756: [GC (Allocation Failure) [PSYoungGen: 89233K->3266K(95232K)] 155080K->69113K(410112K), 0.0139660 secs] [Times: user=0.03 sys=0.00, real=0.01 secs] 
Heap after GC invocations=243 (full 4):
 PSYoungGen      total 95232K, used 3266K [0x00000000d5580000, 0x00000000dbb00000, 0x0000000100000000)
  eden space 86016K, 0% used [0x00000000d5580000,0x00000000d5580000,0x00000000da980000)
  from space 9216K, 35% used [0x00000000da980000,0x00000000dacb08c0,0x00000000db280000)
  to   space 8704K, 0% used [0x00000000db280000,0x00000000db280000,0x00000000dbb00000)
 ParOldGen       total 314880K, used 65847K [0x0000000080000000, 0x0000000093380000, 0x00000000d5580000)
  object space 314880K, 20% used [0x0000000080000000,0x000000008404dc30,0x0000000093380000)
 Metaspace       used 94802K, capacity 97486K, committed 99072K, reserved 1136640K
  class space    used 11302K, capacity 11737K, committed 12032K, reserved 1048576K
}
{Heap before GC invocations=244 (full 4):
 PSYoungGen      total 95232K, used 89282K [0x00000000d5580000, 0x00000000dbb00000, 0x0000000100000000)
  eden space 86016K, 100% used [0x00000000d5580000,0x00000000da980000,0x00000000da980000)
  from space 9216K, 35% used [0x00000000da980000,0x00000000dacb08c0,0x00000000db280000)
  to   space 8704K, 0% used [0x00000000db280000,0x00000000db280000,0x00000000dbb00000)
 ParOldGen       total 314880K, used 65847K [0x0000000080000000, 0x0000000093380000, 0x00000000d5580000)
  object space 314880K, 20% used [0x0000000080000000,0x000000008404dc30,0x0000000093380000)
 Metaspace       used 94802K, capacity 97486K, committed 99072K, reserved 1136640K
  class space    used 11302K, capacity 11737K, committed 12032K, reserved 1048576K
2023-09-08T22:30:26.768+0600: 949393.263: [GC (Allocation Failure) [PSYoungGen: 89282K->2624K(94208K)] 155129K->68471K(409088K), 0.0173135 secs] [Times: user=0.02 sys=0.00, real=0.02 secs] 
Heap after GC invocations=244 (full 4):
 PSYoungGen      total 94208K, used 2624K [0x00000000d5580000, 0x00000000dba00000, 0x0000000100000000)
  eden space 86528K, 0% used [0x00000000d5580000,0x00000000d5580000,0x00000000daa00000)
  from space 7680K, 34% used [0x00000000db280000,0x00000000db510010,0x00000000dba00000)
  to   space 8192K, 0% used [0x00000000daa00000,0x00000000daa00000,0x00000000db200000)
 ParOldGen       total 314880K, used 65847K [0x0000000080000000, 0x0000000093380000, 0x00000000d5580000)
  object space 314880K, 20% used [0x0000000080000000,0x000000008404dc30,0x0000000093380000)
 Metaspace       used 94802K, capacity 97486K, committed 99072K, reserved 1136640K
  class space    used 11302K, capacity 11737K, committed 12032K, reserved 1048576K
}
{Heap before GC invocations=245 (full 4):
 PSYoungGen      total 94208K, used 89152K [0x00000000d5580000, 0x00000000dba00000, 0x0000000100000000)
  eden space 86528K, 100% used [0x00000000d5580000,0x00000000daa00000,0x00000000daa00000)
  from space 7680K, 34% used [0x00000000db280000,0x00000000db510010,0x00000000dba00000)
  to   space 8192K, 0% used [0x00000000daa00000,0x00000000daa00000,0x00000000db200000)
 ParOldGen       total 314880K, used 65847K [0x0000000080000000, 0x0000000093380000, 0x00000000d5580000)
  object space 314880K, 20% used [0x0000000080000000,0x000000008404dc30,0x0000000093380000)
 Metaspace       used 94802K, capacity 97486K, committed 99072K, reserved 1136640K
  class space    used 11302K, capacity 11737K, committed 12032K, reserved 1048576K
2023-09-08T23:41:33.379+0600: 953659.874: [GC (Allocation Failure) [PSYoungGen: 89152K->2528K(94720K)] 154999K->68375K(409600K), 0.0151615 secs] [Times: user=0.03 sys=0.00, real=0.01 secs] 
Heap after GC invocations=245 (full 4):
 PSYoungGen      total 94720K, used 2528K [0x00000000d5580000, 0x00000000dba80000, 0x0000000100000000)
  eden space 86528K, 0% used [0x00000000d5580000,0x00000000d5580000,0x00000000daa00000)
  from space 8192K, 30% used [0x00000000daa00000,0x00000000dac78000,0x00000000db200000)
  to   space 8192K, 0% used [0x00000000db280000,0x00000000db280000,0x00000000dba80000)
 ParOldGen       total 314880K, used 65847K [0x0000000080000000, 0x0000000093380000, 0x00000000d5580000)
  object space 314880K, 20% used [0x0000000080000000,0x000000008404dc30,0x0000000093380000)
 Metaspace       used 94802K, capacity 97486K, committed 99072K, reserved 1136640K
  class space    used 11302K, capacity 11737K, committed 12032K, reserved 1048576K
}
{Heap before GC invocations=246 (full 4):
 PSYoungGen      total 94720K, used 89056K [0x00000000d5580000, 0x00000000dba80000, 0x0000000100000000)
  eden space 86528K, 100% used [0x00000000d5580000,0x00000000daa00000,0x00000000daa00000)
  from space 8192K, 30% used [0x00000000daa00000,0x00000000dac78000,0x00000000db200000)
  to   space 8192K, 0% used [0x00000000db280000,0x00000000db280000,0x00000000dba80000)
 ParOldGen       total 314880K, used 65847K [0x0000000080000000, 0x0000000093380000, 0x00000000d5580000)
  object space 314880K, 20% used [0x0000000080000000,0x000000008404dc30,0x0000000093380000)
 Metaspace       used 94803K, capacity 97486K, committed 99072K, reserved 1136640K
  class space    used 11302K, capacity 11737K, committed 12032K, reserved 1048576K
2023-09-09T00:53:57.695+0600: 958004.190: [GC (Allocation Failure) [PSYoungGen: 89056K->2528K(94208K)] 154903K->68375K(409088K), 0.0169595 secs] [Times: user=0.03 sys=0.00, real=0.02 secs] 
Heap after GC invocations=246 (full 4):
 PSYoungGen      total 94208K, used 2528K [0x00000000d5580000, 0x00000000db980000, 0x0000000100000000)
  eden space 87040K, 0% used [0x00000000d5580000,0x00000000d5580000,0x00000000daa80000)
  from space 7168K, 35% used [0x00000000db280000,0x00000000db4f8000,0x00000000db980000)
  to   space 7680K, 0% used [0x00000000daa80000,0x00000000daa80000,0x00000000db200000)
 ParOldGen       total 314880K, used 65847K [0x0000000080000000, 0x0000000093380000, 0x00000000d5580000)
  object space 314880K, 20% used [0x0000000080000000,0x000000008404dc30,0x0000000093380000)
 Metaspace       used 94803K, capacity 97486K, committed 99072K, reserved 1136640K
  class space    used 11302K, capacity 11737K, committed 12032K, reserved 1048576K
}
{Heap before GC invocations=247 (full 4):
 PSYoungGen      total 94208K, used 89561K [0x00000000d5580000, 0x00000000db980000, 0x0000000100000000)
  eden space 87040K, 99% used [0x00000000d5580000,0x00000000daa7e5b8,0x00000000daa80000)
  from space 7168K, 35% used [0x00000000db280000,0x00000000db4f8000,0x00000000db980000)
  to   space 7680K, 0% used [0x00000000daa80000,0x00000000daa80000,0x00000000db200000)
 ParOldGen       total 314880K, used 65847K [0x0000000080000000, 0x0000000093380000, 0x00000000d5580000)
  object space 314880K, 20% used [0x0000000080000000,0x000000008404dc30,0x0000000093380000)
 Metaspace       used 94808K, capacity 97486K, committed 99072K, reserved 1136640K
  class space    used 11302K, capacity 11737K, committed 12032K, reserved 1048576K
2023-09-09T01:54:25.186+0600: 961631.680: [GC (Allocation Failure) [PSYoungGen: 89561K->4035K(94720K)] 155408K->69890K(409600K), 0.0181709 secs] [Times: user=0.03 sys=0.00, real=0.02 secs] 
Heap after GC invocations=247 (full 4):
 PSYoungGen      total 94720K, used 4035K [0x00000000d5580000, 0x00000000dba00000, 0x0000000100000000)
  eden space 87040K, 0% used [0x00000000d5580000,0x00000000d5580000,0x00000000daa80000)
  from space 7680K, 52% used [0x00000000daa80000,0x00000000dae70db0,0x00000000db200000)
  to   space 7680K, 0% used [0x00000000db280000,0x00000000db280000,0x00000000dba00000)
 ParOldGen       total 314880K, used 65855K [0x0000000080000000, 0x0000000093380000, 0x00000000d5580000)
  object space 314880K, 20% used [0x0000000080000000,0x000000008404fc30,0x0000000093380000)
 Metaspace       used 94808K, capacity 97486K, committed 99072K, reserved 1136640K
  class space    used 11302K, capacity 11737K, committed 12032K, reserved 1048576K
}
{Heap before GC invocations=248 (full 4):
 PSYoungGen      total 94720K, used 91075K [0x00000000d5580000, 0x00000000dba00000, 0x0000000100000000)
  eden space 87040K, 100% used [0x00000000d5580000,0x00000000daa80000,0x00000000daa80000)
  from space 7680K, 52% used [0x00000000daa80000,0x00000000dae70db0,0x00000000db200000)
  to   space 7680K, 0% used [0x00000000db280000,0x00000000db280000,0x00000000dba00000)
 ParOldGen       total 314880K, used 65855K [0x0000000080000000, 0x0000000093380000, 0x00000000d5580000)
  object space 314880K, 20% used [0x0000000080000000,0x000000008404fc30,0x0000000093380000)
 Metaspace       used 94808K, capacity 97486K, committed 99072K, reserved 1136640K
  class space    used 11302K, capacity 11737K, committed 12032K, reserved 1048576K
2023-09-09T03:03:33.602+0600: 965780.097: [GC (Allocation Failure) [PSYoungGen: 91075K->2656K(94208K)] 156930K->68511K(409088K), 0.0135235 secs] [Times: user=0.02 sys=0.00, real=0.01 secs] 
Heap after GC invocations=248 (full 4):
 PSYoungGen      total 94208K, used 2656K [0x00000000d5580000, 0x00000000db900000, 0x0000000100000000)
  eden space 87552K, 0% used [0x00000000d5580000,0x00000000d5580000,0x00000000dab00000)
  from space 6656K, 39% used [0x00000000db280000,0x00000000db518000,0x00000000db900000)
  to   space 7168K, 0% used [0x00000000dab00000,0x00000000dab00000,0x00000000db200000)
 ParOldGen       total 314880K, used 65855K [0x0000000080000000, 0x0000000093380000, 0x00000000d5580000)
  object space 314880K, 20% used [0x0000000080000000,0x000000008404fc30,0x0000000093380000)
 Metaspace       used 94808K, capacity 97486K, committed 99072K, reserved 1136640K
  class space    used 11302K, capacity 11737K, committed 12032K, reserved 1048576K
}
{Heap before GC invocations=249 (full 4):
 PSYoungGen      total 94208K, used 90208K [0x00000000d5580000, 0x00000000db900000, 0x0000000100000000)
  eden space 87552K, 100% used [0x00000000d5580000,0x00000000dab00000,0x00000000dab00000)
  from space 6656K, 39% used [0x00000000db280000,0x00000000db518000,0x00000000db900000)
  to   space 7168K, 0% used [0x00000000dab00000,0x00000000dab00000,0x00000000db200000)
 ParOldGen       total 314880K, used 65855K [0x0000000080000000, 0x0000000093380000, 0x00000000d5580000)
  object space 314880K, 20% used [0x0000000080000000,0x000000008404fc30,0x0000000093380000)
 Metaspace       used 94808K, capacity 97486K, committed 99072K, reserved 1136640K
  class space    used 11302K, capacity 11737K, committed 12032K, reserved 1048576K
2023-09-09T04:19:10.355+0600: 970316.849: [GC (Allocation Failure) [PSYoungGen: 90208K->2624K(94720K)] 156063K->68479K(409600K), 0.0158952 secs] [Times: user=0.02 sys=0.00, real=0.02 secs] 
Heap after GC invocations=249 (full 4):
 PSYoungGen      total 94720K, used 2624K [0x00000000d5580000, 0x00000000db980000, 0x0000000100000000)
  eden space 87552K, 0% used [0x00000000d5580000,0x00000000d5580000,0x00000000dab00000)
  from space 7168K, 36% used [0x00000000dab00000,0x00000000dad90000,0x00000000db200000)
  to   space 7168K, 0% used [0x00000000db280000,0x00000000db280000,0x00000000db980000)
 ParOldGen       total 314880K, used 65855K [0x0000000080000000, 0x0000000093380000, 0x00000000d5580000)
  object space 314880K, 20% used [0x0000000080000000,0x000000008404fc30,0x0000000093380000)
 Metaspace       used 94808K, capacity 97486K, committed 99072K, reserved 1136640K
  class space    used 11302K, capacity 11737K, committed 12032K, reserved 1048576K
}
{Heap before GC invocations=250 (full 4):
 PSYoungGen      total 94720K, used 90176K [0x00000000d5580000, 0x00000000db980000, 0x0000000100000000)
  eden space 87552K, 100% used [0x00000000d5580000,0x00000000dab00000,0x00000000dab00000)
  from space 7168K, 36% used [0x00000000dab00000,0x00000000dad90000,0x00000000db200000)
  to   space 7168K, 0% used [0x00000000db280000,0x00000000db280000,0x00000000db980000)
 ParOldGen       total 314880K, used 65855K [0x0000000080000000, 0x0000000093380000, 0x00000000d5580000)
  object space 314880K, 20% used [0x0000000080000000,0x000000008404fc30,0x0000000093380000)
 Metaspace       used 94809K, capacity 97486K, committed 99072K, reserved 1136640K
  class space    used 11302K, capacity 11737K, committed 12032K, reserved 1048576K
2023-09-09T05:26:07.308+0600: 974333.802: [GC (Allocation Failure) [PSYoungGen: 90176K->2592K(95232K)] 156031K->68487K(410112K), 0.0157679 secs] [Times: user=0.02 sys=0.00, real=0.02 secs] 
Heap after GC invocations=250 (full 4):
 PSYoungGen      total 95232K, used 2592K [0x00000000d5580000, 0x00000000db980000, 0x0000000100000000)
  eden space 88064K, 0% used [0x00000000d5580000,0x00000000d5580000,0x00000000dab80000)
  from space 7168K, 36% used [0x00000000db280000,0x00000000db508000,0x00000000db980000)
  to   space 7168K, 0% used [0x00000000dab80000,0x00000000dab80000,0x00000000db280000)
 ParOldGen       total 314880K, used 65895K [0x0000000080000000, 0x0000000093380000, 0x00000000d5580000)
  object space 314880K, 20% used [0x0000000080000000,0x0000000084059c30,0x0000000093380000)
 Metaspace       used 94809K, capacity 97486K, committed 99072K, reserved 1136640K
  class space    used 11302K, capacity 11737K, committed 12032K, reserved 1048576K
}
{Heap before GC invocations=251 (full 4):
 PSYoungGen      total 95232K, used 90656K [0x00000000d5580000, 0x00000000db980000, 0x0000000100000000)
  eden space 88064K, 100% used [0x00000000d5580000,0x00000000dab80000,0x00000000dab80000)
  from space 7168K, 36% used [0x00000000db280000,0x00000000db508000,0x00000000db980000)
  to   space 7168K, 0% used [0x00000000dab80000,0x00000000dab80000,0x00000000db280000)
 ParOldGen       total 314880K, used 65895K [0x0000000080000000, 0x0000000093380000, 0x00000000d5580000)
  object space 314880K, 20% used [0x0000000080000000,0x0000000084059c30,0x0000000093380000)
 Metaspace       used 94809K, capacity 97486K, committed 99072K, reserved 1136640K
  class space    used 11302K, capacity 11737K, committed 12032K, reserved 1048576K
2023-09-09T06:41:44.454+0600: 978870.949: [GC (Allocation Failure) [PSYoungGen: 90656K->2624K(95232K)] 156551K->68519K(410112K), 0.0160611 secs] [Times: user=0.03 sys=0.00, real=0.02 secs] 
Heap after GC invocations=251 (full 4):
 PSYoungGen      total 95232K, used 2624K [0x00000000d5580000, 0x00000000db900000, 0x0000000100000000)
  eden space 88064K, 0% used [0x00000000d5580000,0x00000000d5580000,0x00000000dab80000)
  from space 7168K, 36% used [0x00000000dab80000,0x00000000dae10000,0x00000000db280000)
  to   space 6656K, 0% used [0x00000000db280000,0x00000000db280000,0x00000000db900000)
 ParOldGen       total 314880K, used 65895K [0x0000000080000000, 0x0000000093380000, 0x00000000d5580000)
  object space 314880K, 20% used [0x0000000080000000,0x0000000084059c30,0x0000000093380000)
 Metaspace       used 94809K, capacity 97486K, committed 99072K, reserved 1136640K
  class space    used 11302K, capacity 11737K, committed 12032K, reserved 1048576K
}
{Heap before GC invocations=252 (full 4):
 PSYoungGen      total 95232K, used 90688K [0x00000000d5580000, 0x00000000db900000, 0x0000000100000000)
  eden space 88064K, 100% used [0x00000000d5580000,0x00000000dab80000,0x00000000dab80000)
  from space 7168K, 36% used [0x00000000dab80000,0x00000000dae10000,0x00000000db280000)
  to   space 6656K, 0% used [0x00000000db280000,0x00000000db280000,0x00000000db900000)
 ParOldGen       total 314880K, used 65895K [0x0000000080000000, 0x0000000093380000, 0x00000000d5580000)
  object space 314880K, 20% used [0x0000000080000000,0x0000000084059c30,0x0000000093380000)
 Metaspace       used 94809K, capacity 97486K, committed 99072K, reserved 1136640K
  class space    used 11302K, capacity 11737K, committed 12032K, reserved 1048576K
2023-09-09T07:51:56.395+0600: 983082.890: [GC (Allocation Failure) [PSYoungGen: 90688K->2624K(95232K)] 156583K->68519K(410112K), 0.0143619 secs] [Times: user=0.03 sys=0.00, real=0.02 secs] 
Heap after GC invocations=252 (full 4):
 PSYoungGen      total 95232K, used 2624K [0x00000000d5580000, 0x00000000db900000, 0x0000000100000000)
  eden space 88576K, 0% used [0x00000000d5580000,0x00000000d5580000,0x00000000dac00000)
  from space 6656K, 39% used [0x00000000db280000,0x00000000db510000,0x00000000db900000)
  to   space 6656K, 0% used [0x00000000dac00000,0x00000000dac00000,0x00000000db280000)
 ParOldGen       total 314880K, used 65895K [0x0000000080000000, 0x0000000093380000, 0x00000000d5580000)
  object space 314880K, 20% used [0x0000000080000000,0x0000000084059c30,0x0000000093380000)
 Metaspace       used 94809K, capacity 97486K, committed 99072K, reserved 1136640K
  class space    used 11302K, capacity 11737K, committed 12032K, reserved 1048576K
}
{Heap before GC invocations=253 (full 4):
 PSYoungGen      total 95232K, used 91200K [0x00000000d5580000, 0x00000000db900000, 0x0000000100000000)
  eden space 88576K, 100% used [0x00000000d5580000,0x00000000dac00000,0x00000000dac00000)
  from space 6656K, 39% used [0x00000000db280000,0x00000000db510000,0x00000000db900000)
  to   space 6656K, 0% used [0x00000000dac00000,0x00000000dac00000,0x00000000db280000)
 ParOldGen       total 314880K, used 65895K [0x0000000080000000, 0x0000000093380000, 0x00000000d5580000)
  object space 314880K, 20% used [0x0000000080000000,0x0000000084059c30,0x0000000093380000)
 Metaspace       used 94809K, capacity 97486K, committed 99072K, reserved 1136640K
  class space    used 11302K, capacity 11737K, committed 12032K, reserved 1048576K
2023-09-09T09:05:03.769+0600: 987470.263: [GC (Allocation Failure) [PSYoungGen: 91200K->2624K(95232K)] 157095K->68519K(410112K), 0.0171088 secs] [Times: user=0.03 sys=0.00, real=0.01 secs] 
Heap after GC invocations=253 (full 4):
 PSYoungGen      total 95232K, used 2624K [0x00000000d5580000, 0x00000000db880000, 0x0000000100000000)
  eden space 88576K, 0% used [0x00000000d5580000,0x00000000d5580000,0x00000000dac00000)
  from space 6656K, 39% used [0x00000000dac00000,0x00000000dae90000,0x00000000db280000)
  to   space 6144K, 0% used [0x00000000db280000,0x00000000db280000,0x00000000db880000)
 ParOldGen       total 314880K, used 65895K [0x0000000080000000, 0x0000000093380000, 0x00000000d5580000)
  object space 314880K, 20% used [0x0000000080000000,0x0000000084059c30,0x0000000093380000)
 Metaspace       used 94809K, capacity 97486K, committed 99072K, reserved 1136640K
  class space    used 11302K, capacity 11737K, committed 12032K, reserved 1048576K
}
{Heap before GC invocations=254 (full 4):
 PSYoungGen      total 95232K, used 91200K [0x00000000d5580000, 0x00000000db880000, 0x0000000100000000)
  eden space 88576K, 100% used [0x00000000d5580000,0x00000000dac00000,0x00000000dac00000)
  from space 6656K, 39% used [0x00000000dac00000,0x00000000dae90000,0x00000000db280000)
  to   space 6144K, 0% used [0x00000000db280000,0x00000000db280000,0x00000000db880000)
 ParOldGen       total 314880K, used 65895K [0x0000000080000000, 0x0000000093380000, 0x00000000d5580000)
  object space 314880K, 20% used [0x0000000080000000,0x0000000084059c30,0x0000000093380000)
 Metaspace       used 94809K, capacity 97486K, committed 99072K, reserved 1136640K
  class space    used 11302K, capacity 11737K, committed 12032K, reserved 1048576K
2023-09-09T10:17:35.354+0600: 991821.849: [GC (Allocation Failure) [PSYoungGen: 91200K->2624K(95232K)] 157095K->68519K(410112K), 0.0148536 secs] [Times: user=0.02 sys=0.00, real=0.02 secs] 
Heap after GC invocations=254 (full 4):
 PSYoungGen      total 95232K, used 2624K [0x00000000d5580000, 0x00000000db880000, 0x0000000100000000)
  eden space 89088K, 0% used [0x00000000d5580000,0x00000000d5580000,0x00000000dac80000)
  from space 6144K, 42% used [0x00000000db280000,0x00000000db510000,0x00000000db880000)
  to   space 6144K, 0% used [0x00000000dac80000,0x00000000dac80000,0x00000000db280000)
 ParOldGen       total 314880K, used 65895K [0x0000000080000000, 0x0000000093380000, 0x00000000d5580000)
  object space 314880K, 20% used [0x0000000080000000,0x0000000084059c30,0x0000000093380000)
 Metaspace       used 94809K, capacity 97486K, committed 99072K, reserved 1136640K
  class space    used 11302K, capacity 11737K, committed 12032K, reserved 1048576K
}
{Heap before GC invocations=255 (full 4):
 PSYoungGen      total 95232K, used 91712K [0x00000000d5580000, 0x00000000db880000, 0x0000000100000000)
  eden space 89088K, 100% used [0x00000000d5580000,0x00000000dac80000,0x00000000dac80000)
  from space 6144K, 42% used [0x00000000db280000,0x00000000db510000,0x00000000db880000)
  to   space 6144K, 0% used [0x00000000dac80000,0x00000000dac80000,0x00000000db280000)
 ParOldGen       total 314880K, used 65895K [0x0000000080000000, 0x0000000093380000, 0x00000000d5580000)
  object space 314880K, 20% used [0x0000000080000000,0x0000000084059c30,0x0000000093380000)
 Metaspace       used 94810K, capacity 97486K, committed 99072K, reserved 1136640K
  class space    used 11302K, capacity 11737K, committed 12032K, reserved 1048576K
2023-09-09T11:23:06.848+0600: 995753.342: [GC (Allocation Failure) [PSYoungGen: 91712K->3201K(95232K)] 157607K->69184K(410112K), 0.0144835 secs] [Times: user=0.03 sys=0.00, real=0.02 secs] 
Heap after GC invocations=255 (full 4):
 PSYoungGen      total 95232K, used 3201K [0x00000000d5580000, 0x00000000db800000, 0x0000000100000000)
  eden space 89088K, 0% used [0x00000000d5580000,0x00000000d5580000,0x00000000dac80000)
  from space 6144K, 52% used [0x00000000dac80000,0x00000000dafa06c0,0x00000000db280000)
  to   space 5632K, 0% used [0x00000000db280000,0x00000000db280000,0x00000000db800000)
 ParOldGen       total 314880K, used 65983K [0x0000000080000000, 0x0000000093380000, 0x00000000d5580000)
  object space 314880K, 20% used [0x0000000080000000,0x000000008406fc30,0x0000000093380000)
 Metaspace       used 94810K, capacity 97486K, committed 99072K, reserved 1136640K
  class space    used 11302K, capacity 11737K, committed 12032K, reserved 1048576K
}
{Heap before GC invocations=256 (full 4):
 PSYoungGen      total 95232K, used 92289K [0x00000000d5580000, 0x00000000db800000, 0x0000000100000000)
  eden space 89088K, 100% used [0x00000000d5580000,0x00000000dac80000,0x00000000dac80000)
  from space 6144K, 52% used [0x00000000dac80000,0x00000000dafa06c0,0x00000000db280000)
  to   space 5632K, 0% used [0x00000000db280000,0x00000000db280000,0x00000000db800000)
 ParOldGen       total 314880K, used 65983K [0x0000000080000000, 0x0000000093380000, 0x00000000d5580000)
  object space 314880K, 20% used [0x0000000080000000,0x000000008406fc30,0x0000000093380000)
 Metaspace       used 94810K, capacity 97486K, committed 99072K, reserved 1136640K
  class space    used 11302K, capacity 11737K, committed 12032K, reserved 1048576K
2023-09-09T12:35:55.699+0600: 1000122.194: [GC (Allocation Failure) [PSYoungGen: 92289K->2833K(95232K)] 158272K->68816K(410112K), 0.0146843 secs] [Times: user=0.03 sys=0.00, real=0.01 secs] 
Heap after GC invocations=256 (full 4):
 PSYoungGen      total 95232K, used 2833K [0x00000000d5580000, 0x00000000db800000, 0x0000000100000000)
  eden space 89600K, 0% used [0x00000000d5580000,0x00000000d5580000,0x00000000dad00000)
  from space 5632K, 50% used [0x00000000db280000,0x00000000db544690,0x00000000db800000)
  to   space 5632K, 0% used [0x00000000dad00000,0x00000000dad00000,0x00000000db280000)
 ParOldGen       total 314880K, used 65983K [0x0000000080000000, 0x0000000093380000, 0x00000000d5580000)
  object space 314880K, 20% used [0x0000000080000000,0x000000008406fc30,0x0000000093380000)
 Metaspace       used 94810K, capacity 97486K, committed 99072K, reserved 1136640K
  class space    used 11302K, capacity 11737K, committed 12032K, reserved 1048576K
}
{Heap before GC invocations=257 (full 4):
 PSYoungGen      total 95232K, used 92433K [0x00000000d5580000, 0x00000000db800000, 0x0000000100000000)
  eden space 89600K, 100% used [0x00000000d5580000,0x00000000dad00000,0x00000000dad00000)
  from space 5632K, 50% used [0x00000000db280000,0x00000000db544690,0x00000000db800000)
  to   space 5632K, 0% used [0x00000000dad00000,0x00000000dad00000,0x00000000db280000)
 ParOldGen       total 314880K, used 65983K [0x0000000080000000, 0x0000000093380000, 0x00000000d5580000)
  object space 314880K, 20% used [0x0000000080000000,0x000000008406fc30,0x0000000093380000)
 Metaspace       used 94810K, capacity 97486K, committed 99072K, reserved 1136640K
  class space    used 11302K, capacity 11737K, committed 12032K, reserved 1048576K
2023-09-09T13:46:59.998+0600: 1004386.492: [GC (Allocation Failure) [PSYoungGen: 92433K->2528K(95232K)] 158416K->68590K(410112K), 0.0135169 secs] [Times: user=0.02 sys=0.00, real=0.02 secs] 
Heap after GC invocations=257 (full 4):
 PSYoungGen      total 95232K, used 2528K [0x00000000d5580000, 0x00000000db880000, 0x0000000100000000)
  eden space 89600K, 0% used [0x00000000d5580000,0x00000000d5580000,0x00000000dad00000)
  from space 5632K, 44% used [0x00000000dad00000,0x00000000daf78000,0x00000000db280000)
  to   space 5632K, 0% used [0x00000000db300000,0x00000000db300000,0x00000000db880000)
 ParOldGen       total 314880K, used 66062K [0x0000000080000000, 0x0000000093380000, 0x00000000d5580000)
  object space 314880K, 20% used [0x0000000080000000,0x0000000084083b80,0x0000000093380000)
 Metaspace       used 94810K, capacity 97486K, committed 99072K, reserved 1136640K
  class space    used 11302K, capacity 11737K, committed 12032K, reserved 1048576K
}
{Heap before GC invocations=258 (full 4):
 PSYoungGen      total 95232K, used 92128K [0x00000000d5580000, 0x00000000db880000, 0x0000000100000000)
  eden space 89600K, 100% used [0x00000000d5580000,0x00000000dad00000,0x00000000dad00000)
  from space 5632K, 44% used [0x00000000dad00000,0x00000000daf78000,0x00000000db280000)
  to   space 5632K, 0% used [0x00000000db300000,0x00000000db300000,0x00000000db880000)
 ParOldGen       total 314880K, used 66062K [0x0000000080000000, 0x0000000093380000, 0x00000000d5580000)
  object space 314880K, 20% used [0x0000000080000000,0x0000000084083b80,0x0000000093380000)
 Metaspace       used 94810K, capacity 97486K, committed 99072K, reserved 1136640K
  class space    used 11302K, capacity 11737K, committed 12032K, reserved 1048576K
2023-09-09T15:00:58.191+0600: 1008824.686: [GC (Allocation Failure) [PSYoungGen: 92128K->2496K(94720K)] 158190K->68598K(409600K), 0.0153081 secs] [Times: user=0.02 sys=0.00, real=0.01 secs] 
Heap after GC invocations=258 (full 4):
 PSYoungGen      total 94720K, used 2496K [0x00000000d5580000, 0x00000000db780000, 0x0000000100000000)
  eden space 90112K, 0% used [0x00000000d5580000,0x00000000d5580000,0x00000000dad80000)
  from space 4608K, 54% used [0x00000000db300000,0x00000000db570000,0x00000000db780000)
  to   space 5120K, 0% used [0x00000000dad80000,0x00000000dad80000,0x00000000db280000)
 ParOldGen       total 314880K, used 66102K [0x0000000080000000, 0x0000000093380000, 0x00000000d5580000)
  object space 314880K, 20% used [0x0000000080000000,0x000000008408db80,0x0000000093380000)
 Metaspace       used 94810K, capacity 97486K, committed 99072K, reserved 1136640K
  class space    used 11302K, capacity 11737K, committed 12032K, reserved 1048576K
}
{Heap before GC invocations=259 (full 4):
 PSYoungGen      total 94720K, used 92608K [0x00000000d5580000, 0x00000000db780000, 0x0000000100000000)
  eden space 90112K, 100% used [0x00000000d5580000,0x00000000dad80000,0x00000000dad80000)
  from space 4608K, 54% used [0x00000000db300000,0x00000000db570000,0x00000000db780000)
  to   space 5120K, 0% used [0x00000000dad80000,0x00000000dad80000,0x00000000db280000)
 ParOldGen       total 314880K, used 66102K [0x0000000080000000, 0x0000000093380000, 0x00000000d5580000)
  object space 314880K, 20% used [0x0000000080000000,0x000000008408db80,0x0000000093380000)
 Metaspace       used 94810K, capacity 97486K, committed 99072K, reserved 1136640K
  class space    used 11302K, capacity 11737K, committed 12032K, reserved 1048576K
2023-09-09T16:13:52.379+0600: 1013198.873: [GC (Allocation Failure) [PSYoungGen: 92608K->2464K(95232K)] 158710K->68590K(410112K), 0.0159057 secs] [Times: user=0.03 sys=0.00, real=0.01 secs] 
Heap after GC invocations=259 (full 4):
 PSYoungGen      total 95232K, used 2464K [0x00000000d5580000, 0x00000000db800000, 0x0000000100000000)
  eden space 90112K, 0% used [0x00000000d5580000,0x00000000d5580000,0x00000000dad80000)
  from space 5120K, 48% used [0x00000000dad80000,0x00000000dafe8000,0x00000000db280000)
  to   space 5120K, 0% used [0x00000000db300000,0x00000000db300000,0x00000000db800000)
 ParOldGen       total 314880K, used 66126K [0x0000000080000000, 0x0000000093380000, 0x00000000d5580000)
  object space 314880K, 21% used [0x0000000080000000,0x0000000084093b80,0x0000000093380000)
 Metaspace       used 94810K, capacity 97486K, committed 99072K, reserved 1136640K
  class space    used 11302K, capacity 11737K, committed 12032K, reserved 1048576K
}
{Heap before GC invocations=260 (full 4):
 PSYoungGen      total 95232K, used 92576K [0x00000000d5580000, 0x00000000db800000, 0x0000000100000000)
  eden space 90112K, 100% used [0x00000000d5580000,0x00000000dad80000,0x00000000dad80000)
  from space 5120K, 48% used [0x00000000dad80000,0x00000000dafe8000,0x00000000db280000)
  to   space 5120K, 0% used [0x00000000db300000,0x00000000db300000,0x00000000db800000)
 ParOldGen       total 314880K, used 66126K [0x0000000080000000, 0x0000000093380000, 0x00000000d5580000)
  object space 314880K, 21% used [0x0000000080000000,0x0000000084093b80,0x0000000093380000)
 Metaspace       used 94810K, capacity 97486K, committed 99072K, reserved 1136640K
  class space    used 11302K, capacity 11737K, committed 12032K, reserved 1048576K
2023-09-09T17:26:23.985+0600: 1017550.480: [GC (Allocation Failure) [PSYoungGen: 92576K->2496K(95744K)] 158702K->68622K(410624K), 0.0117677 secs] [Times: user=0.03 sys=0.00, real=0.01 secs] 
Heap after GC invocations=260 (full 4):
 PSYoungGen      total 95744K, used 2496K [0x00000000d5580000, 0x00000000db800000, 0x0000000100000000)
  eden space 90624K, 0% used [0x00000000d5580000,0x00000000d5580000,0x00000000dae00000)
  from space 5120K, 48% used [0x00000000db300000,0x00000000db570000,0x00000000db800000)
  to   space 5120K, 0% used [0x00000000dae00000,0x00000000dae00000,0x00000000db300000)
 ParOldGen       total 314880K, used 66126K [0x0000000080000000, 0x0000000093380000, 0x00000000d5580000)
  object space 314880K, 21% used [0x0000000080000000,0x0000000084093b80,0x0000000093380000)
 Metaspace       used 94810K, capacity 97486K, committed 99072K, reserved 1136640K
  class space    used 11302K, capacity 11737K, committed 12032K, reserved 1048576K
}
{Heap before GC invocations=261 (full 4):
 PSYoungGen      total 95744K, used 93113K [0x00000000d5580000, 0x00000000db800000, 0x0000000100000000)
  eden space 90624K, 99% used [0x00000000d5580000,0x00000000dadfe7c8,0x00000000dae00000)
  from space 5120K, 48% used [0x00000000db300000,0x00000000db570000,0x00000000db800000)
  to   space 5120K, 0% used [0x00000000dae00000,0x00000000dae00000,0x00000000db300000)
 ParOldGen       total 314880K, used 66126K [0x0000000080000000, 0x0000000093380000, 0x00000000d5580000)
  object space 314880K, 21% used [0x0000000080000000,0x0000000084093b80,0x0000000093380000)
 Metaspace       used 94810K, capacity 97486K, committed 99072K, reserved 1136640K
  class space    used 11302K, capacity 11737K, committed 12032K, reserved 1048576K
2023-09-09T18:41:36.364+0600: 1022062.858: [GC (Allocation Failure) [PSYoungGen: 93113K->2464K(95744K)] 159240K->68590K(410624K), 0.0161825 secs] [Times: user=0.03 sys=0.00, real=0.02 secs] 
Heap after GC invocations=261 (full 4):
 PSYoungGen      total 95744K, used 2464K [0x00000000d5580000, 0x00000000db880000, 0x0000000100000000)
  eden space 90624K, 0% used [0x00000000d5580000,0x00000000d5580000,0x00000000dae00000)
  from space 5120K, 48% used [0x00000000dae00000,0x00000000db068000,0x00000000db300000)
  to   space 5120K, 0% used [0x00000000db380000,0x00000000db380000,0x00000000db880000)
 ParOldGen       total 314880K, used 66126K [0x0000000080000000, 0x0000000093380000, 0x00000000d5580000)
  object space 314880K, 21% used [0x0000000080000000,0x0000000084093b80,0x0000000093380000)
 Metaspace       used 94810K, capacity 97486K, committed 99072K, reserved 1136640K
  class space    used 11302K, capacity 11737K, committed 12032K, reserved 1048576K
}
{Heap before GC invocations=262 (full 4):
 PSYoungGen      total 95744K, used 93088K [0x00000000d5580000, 0x00000000db880000, 0x0000000100000000)
  eden space 90624K, 100% used [0x00000000d5580000,0x00000000dae00000,0x00000000dae00000)
  from space 5120K, 48% used [0x00000000dae00000,0x00000000db068000,0x00000000db300000)
  to   space 5120K, 0% used [0x00000000db380000,0x00000000db380000,0x00000000db880000)
 ParOldGen       total 314880K, used 66126K [0x0000000080000000, 0x0000000093380000, 0x00000000d5580000)
  object space 314880K, 21% used [0x0000000080000000,0x0000000084093b80,0x0000000093380000)
 Metaspace       used 94810K, capacity 97486K, committed 99072K, reserved 1136640K
  class space    used 11302K, capacity 11737K, committed 12032K, reserved 1048576K
2023-09-09T19:47:32.344+0600: 1026018.838: [GC (Allocation Failure) [PSYoungGen: 93088K->2944K(95232K)] 159214K->69171K(410112K), 0.0172148 secs] [Times: user=0.03 sys=0.00, real=0.02 secs] 
Heap after GC invocations=262 (full 4):
 PSYoungGen      total 95232K, used 2944K [0x00000000d5580000, 0x00000000db780000, 0x0000000100000000)
  eden space 91136K, 0% used [0x00000000d5580000,0x00000000d5580000,0x00000000dae80000)
  from space 4096K, 71% used [0x00000000db380000,0x00000000db660030,0x00000000db780000)
  to   space 4608K, 0% used [0x00000000dae80000,0x00000000dae80000,0x00000000db300000)
 ParOldGen       total 314880K, used 66227K [0x0000000080000000, 0x0000000093380000, 0x00000000d5580000)
  object space 314880K, 21% used [0x0000000080000000,0x00000000840acf18,0x0000000093380000)
 Metaspace       used 94810K, capacity 97486K, committed 99072K, reserved 1136640K
  class space    used 11302K, capacity 11737K, committed 12032K, reserved 1048576K
}
{Heap before GC invocations=263 (full 4):
 PSYoungGen      total 95232K, used 94080K [0x00000000d5580000, 0x00000000db780000, 0x0000000100000000)
  eden space 91136K, 100% used [0x00000000d5580000,0x00000000dae80000,0x00000000dae80000)
  from space 4096K, 71% used [0x00000000db380000,0x00000000db660030,0x00000000db780000)
  to   space 4608K, 0% used [0x00000000dae80000,0x00000000dae80000,0x00000000db300000)
 ParOldGen       total 314880K, used 66227K [0x0000000080000000, 0x0000000093380000, 0x00000000d5580000)
  object space 314880K, 21% used [0x0000000080000000,0x00000000840acf18,0x0000000093380000)
 Metaspace       used 94827K, capacity 97486K, committed 99072K, reserved 1136640K
  class space    used 11302K, capacity 11737K, committed 12032K, reserved 1048576K
2023-09-09T20:37:10.016+0600: 1028996.510: [GC (Allocation Failure) [PSYoungGen: 94080K->4581K(95744K)] 160307K->71572K(410624K), 0.0118433 secs] [Times: user=0.02 sys=0.00, real=0.01 secs] 
Heap after GC invocations=263 (full 4):
 PSYoungGen      total 95744K, used 4581K [0x00000000d5580000, 0x00000000dba00000, 0x0000000100000000)
  eden space 91136K, 0% used [0x00000000d5580000,0x00000000d5580000,0x00000000dae80000)
  from space 4608K, 99% used [0x00000000dae80000,0x00000000db2f9440,0x00000000db300000)
  to   space 5632K, 0% used [0x00000000db480000,0x00000000db480000,0x00000000dba00000)
 ParOldGen       total 314880K, used 66991K [0x0000000080000000, 0x0000000093380000, 0x00000000d5580000)
  object space 314880K, 21% used [0x0000000080000000,0x000000008416bd18,0x0000000093380000)
 Metaspace       used 94827K, capacity 97486K, committed 99072K, reserved 1136640K
  class space    used 11302K, capacity 11737K, committed 12032K, reserved 1048576K
}
{Heap before GC invocations=264 (full 4):
 PSYoungGen      total 95744K, used 95717K [0x00000000d5580000, 0x00000000dba00000, 0x0000000100000000)
  eden space 91136K, 100% used [0x00000000d5580000,0x00000000dae80000,0x00000000dae80000)
  from space 4608K, 99% used [0x00000000dae80000,0x00000000db2f9440,0x00000000db300000)
  to   space 5632K, 0% used [0x00000000db480000,0x00000000db480000,0x00000000dba00000)
 ParOldGen       total 314880K, used 66991K [0x0000000080000000, 0x0000000093380000, 0x00000000d5580000)
  object space 314880K, 21% used [0x0000000080000000,0x000000008416bd18,0x0000000093380000)
 Metaspace       used 94828K, capacity 97486K, committed 99072K, reserved 1136640K
  class space    used 11302K, capacity 11737K, committed 12032K, reserved 1048576K
2023-09-09T21:40:30.978+0600: 1032797.473: [GC (Allocation Failure) [PSYoungGen: 95717K->4161K(97280K)] 162708K->71169K(412160K), 0.0149855 secs] [Times: user=0.02 sys=0.00, real=0.02 secs] 
Heap after GC invocations=264 (full 4):
 PSYoungGen      total 97280K, used 4161K [0x00000000d5580000, 0x00000000dba00000, 0x0000000100000000)
  eden space 91648K, 0% used [0x00000000d5580000,0x00000000d5580000,0x00000000daf00000)
  from space 5632K, 73% used [0x00000000db480000,0x00000000db890740,0x00000000dba00000)
  to   space 5632K, 0% used [0x00000000daf00000,0x00000000daf00000,0x00000000db480000)
 ParOldGen       total 314880K, used 67007K [0x0000000080000000, 0x0000000093380000, 0x00000000d5580000)
  object space 314880K, 21% used [0x0000000080000000,0x000000008416fd18,0x0000000093380000)
 Metaspace       used 94828K, capacity 97486K, committed 99072K, reserved 1136640K
  class space    used 11302K, capacity 11737K, committed 12032K, reserved 1048576K
}
{Heap before GC invocations=265 (full 4):
 PSYoungGen      total 97280K, used 95809K [0x00000000d5580000, 0x00000000dba00000, 0x0000000100000000)
  eden space 91648K, 100% used [0x00000000d5580000,0x00000000daf00000,0x00000000daf00000)
  from space 5632K, 73% used [0x00000000db480000,0x00000000db890740,0x00000000dba00000)
  to   space 5632K, 0% used [0x00000000daf00000,0x00000000daf00000,0x00000000db480000)
 ParOldGen       total 314880K, used 67007K [0x0000000080000000, 0x0000000093380000, 0x00000000d5580000)
  object space 314880K, 21% used [0x0000000080000000,0x000000008416fd18,0x0000000093380000)
 Metaspace       used 94828K, capacity 97486K, committed 99072K, reserved 1136640K
  class space    used 11302K, capacity 11737K, committed 12032K, reserved 1048576K
2023-09-09T22:51:07.257+0600: 1037033.752: [GC (Allocation Failure) [PSYoungGen: 95809K->4097K(97280K)] 162817K->71105K(412160K), 0.0183025 secs] [Times: user=0.03 sys=0.00, real=0.02 secs] 
Heap after GC invocations=265 (full 4):
 PSYoungGen      total 97280K, used 4097K [0x00000000d5580000, 0x00000000dba80000, 0x0000000100000000)
  eden space 91648K, 0% used [0x00000000d5580000,0x00000000d5580000,0x00000000daf00000)
  from space 5632K, 72% used [0x00000000daf00000,0x00000000db300720,0x00000000db480000)
  to   space 5632K, 0% used [0x00000000db500000,0x00000000db500000,0x00000000dba80000)
 ParOldGen       total 314880K, used 67007K [0x0000000080000000, 0x0000000093380000, 0x00000000d5580000)
  object space 314880K, 21% used [0x0000000080000000,0x000000008416fd18,0x0000000093380000)
 Metaspace       used 94828K, capacity 97486K, committed 99072K, reserved 1136640K
  class space    used 11302K, capacity 11737K, committed 12032K, reserved 1048576K
}
{Heap before GC invocations=266 (full 4):
 PSYoungGen      total 97280K, used 95745K [0x00000000d5580000, 0x00000000dba80000, 0x0000000100000000)
  eden space 91648K, 100% used [0x00000000d5580000,0x00000000daf00000,0x00000000daf00000)
  from space 5632K, 72% used [0x00000000daf00000,0x00000000db300720,0x00000000db480000)
  to   space 5632K, 0% used [0x00000000db500000,0x00000000db500000,0x00000000dba80000)
 ParOldGen       total 314880K, used 67007K [0x0000000080000000, 0x0000000093380000, 0x00000000d5580000)
  object space 314880K, 21% used [0x0000000080000000,0x000000008416fd18,0x0000000093380000)
 Metaspace       used 94828K, capacity 97486K, committed 99072K, reserved 1136640K
  class space    used 11302K, capacity 11737K, committed 12032K, reserved 1048576K
2023-09-10T00:08:21.432+0600: 1041667.926: [GC (Allocation Failure) [PSYoungGen: 95745K->3633K(97792K)] 162753K->70640K(412672K), 0.0151544 secs] [Times: user=0.03 sys=0.00, real=0.01 secs] 
Heap after GC invocations=266 (full 4):
 PSYoungGen      total 97792K, used 3633K [0x00000000d5580000, 0x00000000dba80000, 0x0000000100000000)
  eden space 92160K, 0% used [0x00000000d5580000,0x00000000d5580000,0x00000000daf80000)
  from space 5632K, 64% used [0x00000000db500000,0x00000000db88c4d0,0x00000000dba80000)
  to   space 5632K, 0% used [0x00000000daf80000,0x00000000daf80000,0x00000000db500000)
 ParOldGen       total 314880K, used 67007K [0x0000000080000000, 0x0000000093380000, 0x00000000d5580000)
  object space 314880K, 21% used [0x0000000080000000,0x000000008416fd18,0x0000000093380000)
 Metaspace       used 94828K, capacity 97486K, committed 99072K, reserved 1136640K
  class space    used 11302K, capacity 11737K, committed 12032K, reserved 1048576K
}
{Heap before GC invocations=267 (full 4):
 PSYoungGen      total 97792K, used 95793K [0x00000000d5580000, 0x00000000dba80000, 0x0000000100000000)
  eden space 92160K, 100% used [0x00000000d5580000,0x00000000daf80000,0x00000000daf80000)
  from space 5632K, 64% used [0x00000000db500000,0x00000000db88c4d0,0x00000000dba80000)
  to   space 5632K, 0% used [0x00000000daf80000,0x00000000daf80000,0x00000000db500000)
 ParOldGen       total 314880K, used 67007K [0x0000000080000000, 0x0000000093380000, 0x00000000d5580000)
  object space 314880K, 21% used [0x0000000080000000,0x000000008416fd18,0x0000000093380000)
 Metaspace       used 94828K, capacity 97486K, committed 99072K, reserved 1136640K
  class space    used 11302K, capacity 11737K, committed 12032K, reserved 1048576K
2023-09-10T01:23:16.977+0600: 1046163.472: [GC (Allocation Failure) [PSYoungGen: 95793K->3633K(97792K)] 162800K->70640K(412672K), 0.0160525 secs] [Times: user=0.03 sys=0.00, real=0.02 secs] 
Heap after GC invocations=267 (full 4):
 PSYoungGen      total 97792K, used 3633K [0x00000000d5580000, 0x00000000dbb00000, 0x0000000100000000)
  eden space 92160K, 0% used [0x00000000d5580000,0x00000000d5580000,0x00000000daf80000)
  from space 5632K, 64% used [0x00000000daf80000,0x00000000db30c4d0,0x00000000db500000)
  to   space 5632K, 0% used [0x00000000db580000,0x00000000db580000,0x00000000dbb00000)
 ParOldGen       total 314880K, used 67007K [0x0000000080000000, 0x0000000093380000, 0x00000000d5580000)
  object space 314880K, 21% used [0x0000000080000000,0x000000008416fd18,0x0000000093380000)
 Metaspace       used 94828K, capacity 97486K, committed 99072K, reserved 1136640K
  class space    used 11302K, capacity 11737K, committed 12032K, reserved 1048576K
}
{Heap before GC invocations=268 (full 4):
 PSYoungGen      total 97792K, used 95793K [0x00000000d5580000, 0x00000000dbb00000, 0x0000000100000000)
  eden space 92160K, 100% used [0x00000000d5580000,0x00000000daf80000,0x00000000daf80000)
  from space 5632K, 64% used [0x00000000daf80000,0x00000000db30c4d0,0x00000000db500000)
  to   space 5632K, 0% used [0x00000000db580000,0x00000000db580000,0x00000000dbb00000)
 ParOldGen       total 314880K, used 67007K [0x0000000080000000, 0x0000000093380000, 0x00000000d5580000)
  object space 314880K, 21% used [0x0000000080000000,0x000000008416fd18,0x0000000093380000)
 Metaspace       used 94828K, capacity 97486K, committed 99072K, reserved 1136640K
  class space    used 11302K, capacity 11737K, committed 12032K, reserved 1048576K
2023-09-10T02:37:43.831+0600: 1050630.326: [GC (Allocation Failure) [PSYoungGen: 95793K->3601K(98304K)] 162800K->70608K(413184K), 0.0137666 secs] [Times: user=0.02 sys=0.00, real=0.01 secs] 
Heap after GC invocations=268 (full 4):
 PSYoungGen      total 98304K, used 3601K [0x00000000d5580000, 0x00000000dbb00000, 0x0000000100000000)
  eden space 92672K, 0% used [0x00000000d5580000,0x00000000d5580000,0x00000000db000000)
  from space 5632K, 63% used [0x00000000db580000,0x00000000db9044d0,0x00000000dbb00000)
  to   space 5632K, 0% used [0x00000000db000000,0x00000000db000000,0x00000000db580000)
 ParOldGen       total 314880K, used 67007K [0x0000000080000000, 0x0000000093380000, 0x00000000d5580000)
  object space 314880K, 21% used [0x0000000080000000,0x000000008416fd18,0x0000000093380000)
 Metaspace       used 94828K, capacity 97486K, committed 99072K, reserved 1136640K
  class space    used 11302K, capacity 11737K, committed 12032K, reserved 1048576K
}
{Heap before GC invocations=269 (full 4):
 PSYoungGen      total 98304K, used 96273K [0x00000000d5580000, 0x00000000dbb00000, 0x0000000100000000)
  eden space 92672K, 100% used [0x00000000d5580000,0x00000000db000000,0x00000000db000000)
  from space 5632K, 63% used [0x00000000db580000,0x00000000db9044d0,0x00000000dbb00000)
  to   space 5632K, 0% used [0x00000000db000000,0x00000000db000000,0x00000000db580000)
 ParOldGen       total 314880K, used 67007K [0x0000000080000000, 0x0000000093380000, 0x00000000d5580000)
  object space 314880K, 21% used [0x0000000080000000,0x000000008416fd18,0x0000000093380000)
 Metaspace       used 94828K, capacity 97486K, committed 99072K, reserved 1136640K
  class space    used 11302K, capacity 11737K, committed 12032K, reserved 1048576K
2023-09-10T03:56:00.919+0600: 1055327.413: [GC (Allocation Failure) [PSYoungGen: 96273K->3616K(98304K)] 163280K->70623K(413184K), 0.0145082 secs] [Times: user=0.02 sys=0.00, real=0.01 secs] 
Heap after GC invocations=269 (full 4):
 PSYoungGen      total 98304K, used 3616K [0x00000000d5580000, 0x00000000dbb80000, 0x0000000100000000)
  eden space 92672K, 0% used [0x00000000d5580000,0x00000000d5580000,0x00000000db000000)
  from space 5632K, 64% used [0x00000000db000000,0x00000000db3882a0,0x00000000db580000)
  to   space 5632K, 0% used [0x00000000db600000,0x00000000db600000,0x00000000dbb80000)
 ParOldGen       total 314880K, used 67007K [0x0000000080000000, 0x0000000093380000, 0x00000000d5580000)
  object space 314880K, 21% used [0x0000000080000000,0x000000008416fd18,0x0000000093380000)
 Metaspace       used 94828K, capacity 97486K, committed 99072K, reserved 1136640K
  class space    used 11302K, capacity 11737K, committed 12032K, reserved 1048576K
}
{Heap before GC invocations=270 (full 4):
 PSYoungGen      total 98304K, used 96288K [0x00000000d5580000, 0x00000000dbb80000, 0x0000000100000000)
  eden space 92672K, 100% used [0x00000000d5580000,0x00000000db000000,0x00000000db000000)
  from space 5632K, 64% used [0x00000000db000000,0x00000000db3882a0,0x00000000db580000)
  to   space 5632K, 0% used [0x00000000db600000,0x00000000db600000,0x00000000dbb80000)
 ParOldGen       total 314880K, used 67007K [0x0000000080000000, 0x0000000093380000, 0x00000000d5580000)
  object space 314880K, 21% used [0x0000000080000000,0x000000008416fd18,0x0000000093380000)
 Metaspace       used 94833K, capacity 97486K, committed 99072K, reserved 1136640K
  class space    used 11302K, capacity 11737K, committed 12032K, reserved 1048576K
2023-09-10T05:08:21.477+0600: 1059667.971: [GC (Allocation Failure) [PSYoungGen: 96288K->3616K(97792K)] 163295K->70679K(412672K), 0.0177489 secs] [Times: user=0.04 sys=0.00, real=0.02 secs] 
Heap after GC invocations=270 (full 4):
 PSYoungGen      total 97792K, used 3616K [0x00000000d5580000, 0x00000000dba80000, 0x0000000100000000)
  eden space 93184K, 0% used [0x00000000d5580000,0x00000000d5580000,0x00000000db080000)
  from space 4608K, 78% used [0x00000000db600000,0x00000000db9882a0,0x00000000dba80000)
  to   space 5120K, 0% used [0x00000000db080000,0x00000000db080000,0x00000000db580000)
 ParOldGen       total 314880K, used 67063K [0x0000000080000000, 0x0000000093380000, 0x00000000d5580000)
  object space 314880K, 21% used [0x0000000080000000,0x000000008417dd18,0x0000000093380000)
 Metaspace       used 94833K, capacity 97486K, committed 99072K, reserved 1136640K
  class space    used 11302K, capacity 11737K, committed 12032K, reserved 1048576K
}
{Heap before GC invocations=271 (full 4):
 PSYoungGen      total 97792K, used 96800K [0x00000000d5580000, 0x00000000dba80000, 0x0000000100000000)
  eden space 93184K, 100% used [0x00000000d5580000,0x00000000db080000,0x00000000db080000)
  from space 4608K, 78% used [0x00000000db600000,0x00000000db9882a0,0x00000000dba80000)
  to   space 5120K, 0% used [0x00000000db080000,0x00000000db080000,0x00000000db580000)
 ParOldGen       total 314880K, used 67063K [0x0000000080000000, 0x0000000093380000, 0x00000000d5580000)
  object space 314880K, 21% used [0x0000000080000000,0x000000008417dd18,0x0000000093380000)
 Metaspace       used 94834K, capacity 97486K, committed 99072K, reserved 1136640K
  class space    used 11302K, capacity 11737K, committed 12032K, reserved 1048576K
2023-09-10T06:28:00.516+0600: 1064447.011: [GC (Allocation Failure) [PSYoungGen: 96800K->3584K(98304K)] 163863K->70671K(413184K), 0.0119780 secs] [Times: user=0.02 sys=0.00, real=0.02 secs] 
Heap after GC invocations=271 (full 4):
 PSYoungGen      total 98304K, used 3584K [0x00000000d5580000, 0x00000000dbb00000, 0x0000000100000000)
  eden space 93184K, 0% used [0x00000000d5580000,0x00000000d5580000,0x00000000db080000)
  from space 5120K, 70% used [0x00000000db080000,0x00000000db4002b0,0x00000000db580000)
  to   space 5120K, 0% used [0x00000000db600000,0x00000000db600000,0x00000000dbb00000)
 ParOldGen       total 314880K, used 67087K [0x0000000080000000, 0x0000000093380000, 0x00000000d5580000)
  object space 314880K, 21% used [0x0000000080000000,0x0000000084183d18,0x0000000093380000)
 Metaspace       used 94834K, capacity 97486K, committed 99072K, reserved 1136640K
  class space    used 11302K, capacity 11737K, committed 12032K, reserved 1048576K
}
{Heap before GC invocations=272 (full 4):
 PSYoungGen      total 98304K, used 96768K [0x00000000d5580000, 0x00000000dbb00000, 0x0000000100000000)
  eden space 93184K, 100% used [0x00000000d5580000,0x00000000db080000,0x00000000db080000)
  from space 5120K, 70% used [0x00000000db080000,0x00000000db4002b0,0x00000000db580000)
  to   space 5120K, 0% used [0x00000000db600000,0x00000000db600000,0x00000000dbb00000)
 ParOldGen       total 314880K, used 67087K [0x0000000080000000, 0x0000000093380000, 0x00000000d5580000)
  object space 314880K, 21% used [0x0000000080000000,0x0000000084183d18,0x0000000093380000)
 Metaspace       used 94839K, capacity 97486K, committed 99072K, reserved 1136640K
  class space    used 11302K, capacity 11737K, committed 12032K, reserved 1048576K
2023-09-10T07:40:05.694+0600: 1068772.188: [GC (Allocation Failure) [PSYoungGen: 96768K->3584K(98816K)] 163855K->70679K(413696K), 0.0157866 secs] [Times: user=0.03 sys=0.00, real=0.02 secs] 
Heap after GC invocations=272 (full 4):
 PSYoungGen      total 98816K, used 3584K [0x00000000d5580000, 0x00000000dbb00000, 0x0000000100000000)
  eden space 93696K, 0% used [0x00000000d5580000,0x00000000d5580000,0x00000000db100000)
  from space 5120K, 70% used [0x00000000db600000,0x00000000db9802a0,0x00000000dbb00000)
  to   space 5120K, 0% used [0x00000000db100000,0x00000000db100000,0x00000000db600000)
 ParOldGen       total 314880K, used 67095K [0x0000000080000000, 0x0000000093380000, 0x00000000d5580000)
  object space 314880K, 21% used [0x0000000080000000,0x0000000084185d18,0x0000000093380000)
 Metaspace       used 94839K, capacity 97486K, committed 99072K, reserved 1136640K
  class space    used 11302K, capacity 11737K, committed 12032K, reserved 1048576K
}
{Heap before GC invocations=273 (full 4):
 PSYoungGen      total 98816K, used 97280K [0x00000000d5580000, 0x00000000dbb00000, 0x0000000100000000)
  eden space 93696K, 100% used [0x00000000d5580000,0x00000000db100000,0x00000000db100000)
  from space 5120K, 70% used [0x00000000db600000,0x00000000db9802a0,0x00000000dbb00000)
  to   space 5120K, 0% used [0x00000000db100000,0x00000000db100000,0x00000000db600000)
 ParOldGen       total 314880K, used 67095K [0x0000000080000000, 0x0000000093380000, 0x00000000d5580000)
  object space 314880K, 21% used [0x0000000080000000,0x0000000084185d18,0x0000000093380000)
 Metaspace       used 94840K, capacity 97486K, committed 99072K, reserved 1136640K
  class space    used 11302K, capacity 11737K, committed 12032K, reserved 1048576K
2023-09-10T08:59:59.736+0600: 1073566.231: [GC (Allocation Failure) [PSYoungGen: 97280K->3552K(98816K)] 164375K->70647K(413696K), 0.0171992 secs] [Times: user=0.03 sys=0.00, real=0.02 secs] 
Heap after GC invocations=273 (full 4):
 PSYoungGen      total 98816K, used 3552K [0x00000000d5580000, 0x00000000dbb80000, 0x0000000100000000)
  eden space 93696K, 0% used [0x00000000d5580000,0x00000000d5580000,0x00000000db100000)
  from space 5120K, 69% used [0x00000000db100000,0x00000000db4782a0,0x00000000db600000)
  to   space 5120K, 0% used [0x00000000db680000,0x00000000db680000,0x00000000dbb80000)
 ParOldGen       total 314880K, used 67095K [0x0000000080000000, 0x0000000093380000, 0x00000000d5580000)
  object space 314880K, 21% used [0x0000000080000000,0x0000000084185d18,0x0000000093380000)
 Metaspace       used 94840K, capacity 97486K, committed 99072K, reserved 1136640K
  class space    used 11302K, capacity 11737K, committed 12032K, reserved 1048576K
}
{Heap before GC invocations=274 (full 4):
 PSYoungGen      total 98816K, used 97248K [0x00000000d5580000, 0x00000000dbb80000, 0x0000000100000000)
  eden space 93696K, 100% used [0x00000000d5580000,0x00000000db100000,0x00000000db100000)
  from space 5120K, 69% used [0x00000000db100000,0x00000000db4782a0,0x00000000db600000)
  to   space 5120K, 0% used [0x00000000db680000,0x00000000db680000,0x00000000dbb80000)
 ParOldGen       total 314880K, used 67095K [0x0000000080000000, 0x0000000093380000, 0x00000000d5580000)
  object space 314880K, 21% used [0x0000000080000000,0x0000000084185d18,0x0000000093380000)
 Metaspace       used 94840K, capacity 97486K, committed 99072K, reserved 1136640K
  class space    used 11302K, capacity 11737K, committed 12032K, reserved 1048576K
2023-09-10T10:13:39.820+0600: 1077986.314: [GC (Allocation Failure) [PSYoungGen: 97248K->3584K(99328K)] 164343K->70679K(414208K), 0.0138146 secs] [Times: user=0.02 sys=0.00, real=0.01 secs] 
Heap after GC invocations=274 (full 4):
 PSYoungGen      total 99328K, used 3584K [0x00000000d5580000, 0x00000000dbb80000, 0x0000000100000000)
  eden space 94208K, 0% used [0x00000000d5580000,0x00000000d5580000,0x00000000db180000)
  from space 5120K, 70% used [0x00000000db680000,0x00000000dba002a0,0x00000000dbb80000)
  to   space 5120K, 0% used [0x00000000db180000,0x00000000db180000,0x00000000db680000)
 ParOldGen       total 314880K, used 67095K [0x0000000080000000, 0x0000000093380000, 0x00000000d5580000)
  object space 314880K, 21% used [0x0000000080000000,0x0000000084185d18,0x0000000093380000)
 Metaspace       used 94840K, capacity 97486K, committed 99072K, reserved 1136640K
  class space    used 11302K, capacity 11737K, committed 12032K, reserved 1048576K
}
{Heap before GC invocations=275 (full 4):
 PSYoungGen      total 99328K, used 97791K [0x00000000d5580000, 0x00000000dbb80000, 0x0000000100000000)
  eden space 94208K, 99% used [0x00000000d5580000,0x00000000db17fd10,0x00000000db180000)
  from space 5120K, 70% used [0x00000000db680000,0x00000000dba002a0,0x00000000dbb80000)
  to   space 5120K, 0% used [0x00000000db180000,0x00000000db180000,0x00000000db680000)
 ParOldGen       total 314880K, used 67095K [0x0000000080000000, 0x0000000093380000, 0x00000000d5580000)
  object space 314880K, 21% used [0x0000000080000000,0x0000000084185d18,0x0000000093380000)
 Metaspace       used 94840K, capacity 97486K, committed 99072K, reserved 1136640K
  class space    used 11302K, capacity 11737K, committed 12032K, reserved 1048576K
2023-09-10T11:11:45.500+0600: 1081471.995: [GC (Allocation Failure) [PSYoungGen: 97791K->5106K(99328K)] 164887K->72368K(414208K), 0.0150843 secs] [Times: user=0.02 sys=0.00, real=0.01 secs] 
Heap after GC invocations=275 (full 4):
 PSYoungGen      total 99328K, used 5106K [0x00000000d5580000, 0x00000000dbd00000, 0x0000000100000000)
  eden space 94208K, 0% used [0x00000000d5580000,0x00000000d5580000,0x00000000db180000)
  from space 5120K, 99% used [0x00000000db180000,0x00000000db67c9b0,0x00000000db680000)
  to   space 5632K, 0% used [0x00000000db780000,0x00000000db780000,0x00000000dbd00000)
 ParOldGen       total 314880K, used 67261K [0x0000000080000000, 0x0000000093380000, 0x00000000d5580000)
  object space 314880K, 21% used [0x0000000080000000,0x00000000841af788,0x0000000093380000)
 Metaspace       used 94840K, capacity 97486K, committed 99072K, reserved 1136640K
  class space    used 11302K, capacity 11737K, committed 12032K, reserved 1048576K
}
{Heap before GC invocations=276 (full 4):
 PSYoungGen      total 99328K, used 99314K [0x00000000d5580000, 0x00000000dbd00000, 0x0000000100000000)
  eden space 94208K, 100% used [0x00000000d5580000,0x00000000db180000,0x00000000db180000)
  from space 5120K, 99% used [0x00000000db180000,0x00000000db67c9b0,0x00000000db680000)
  to   space 5632K, 0% used [0x00000000db780000,0x00000000db780000,0x00000000dbd00000)
 ParOldGen       total 314880K, used 67261K [0x0000000080000000, 0x0000000093380000, 0x00000000d5580000)
  object space 314880K, 21% used [0x0000000080000000,0x00000000841af788,0x0000000093380000)
 Metaspace       used 94840K, capacity 97486K, committed 99072K, reserved 1136640K
  class space    used 11302K, capacity 11737K, committed 12032K, reserved 1048576K
2023-09-10T12:12:14.134+0600: 1085100.629: [GC (Allocation Failure) [PSYoungGen: 99314K->5395K(99840K)] 166576K->72768K(414720K), 0.0213543 secs] [Times: user=0.04 sys=0.00, real=0.02 secs] 
Heap after GC invocations=276 (full 4):
 PSYoungGen      total 99840K, used 5395K [0x00000000d5580000, 0x00000000dbe00000, 0x0000000100000000)
  eden space 94208K, 0% used [0x00000000d5580000,0x00000000d5580000,0x00000000db180000)
  from space 5632K, 95% used [0x00000000db780000,0x00000000dbcc4e30,0x00000000dbd00000)
  to   space 6144K, 0% used [0x00000000db180000,0x00000000db180000,0x00000000db780000)
 ParOldGen       total 314880K, used 67373K [0x0000000080000000, 0x0000000093380000, 0x00000000d5580000)
  object space 314880K, 21% used [0x0000000080000000,0x00000000841cb578,0x0000000093380000)
 Metaspace       used 94840K, capacity 97486K, committed 99072K, reserved 1136640K
  class space    used 11302K, capacity 11737K, committed 12032K, reserved 1048576K
}
{Heap before GC invocations=277 (full 4):
 PSYoungGen      total 99840K, used 99603K [0x00000000d5580000, 0x00000000dbe00000, 0x0000000100000000)
  eden space 94208K, 100% used [0x00000000d5580000,0x00000000db180000,0x00000000db180000)
  from space 5632K, 95% used [0x00000000db780000,0x00000000dbcc4e30,0x00000000dbd00000)
  to   space 6144K, 0% used [0x00000000db180000,0x00000000db180000,0x00000000db780000)
 ParOldGen       total 314880K, used 67373K [0x0000000080000000, 0x0000000093380000, 0x00000000d5580000)
  object space 314880K, 21% used [0x0000000080000000,0x00000000841cb578,0x0000000093380000)
 Metaspace       used 94851K, capacity 97516K, committed 99072K, reserved 1136640K
  class space    used 11305K, capacity 11742K, committed 12032K, reserved 1048576K
2023-09-10T13:03:34.199+0600: 1088180.694: [GC (Allocation Failure) [PSYoungGen: 99603K->6134K(100352K)] 166976K->73515K(415232K), 0.0157825 secs] [Times: user=0.03 sys=0.00, real=0.01 secs] 
Heap after GC invocations=277 (full 4):
 PSYoungGen      total 100352K, used 6134K [0x00000000d5580000, 0x00000000dbf00000, 0x0000000100000000)
  eden space 94208K, 0% used [0x00000000d5580000,0x00000000d5580000,0x00000000db180000)
  from space 6144K, 99% used [0x00000000db180000,0x00000000db77d860,0x00000000db780000)
  to   space 6656K, 0% used [0x00000000db880000,0x00000000db880000,0x00000000dbf00000)
 ParOldGen       total 314880K, used 67381K [0x0000000080000000, 0x0000000093380000, 0x00000000d5580000)
  object space 314880K, 21% used [0x0000000080000000,0x00000000841cd578,0x0000000093380000)
 Metaspace       used 94851K, capacity 97516K, committed 99072K, reserved 1136640K
  class space    used 11305K, capacity 11742K, committed 12032K, reserved 1048576K
}
{Heap before GC invocations=278 (full 4):
 PSYoungGen      total 100352K, used 100342K [0x00000000d5580000, 0x00000000dbf00000, 0x0000000100000000)
  eden space 94208K, 100% used [0x00000000d5580000,0x00000000db180000,0x00000000db180000)
  from space 6144K, 99% used [0x00000000db180000,0x00000000db77d860,0x00000000db780000)
  to   space 6656K, 0% used [0x00000000db880000,0x00000000db880000,0x00000000dbf00000)
 ParOldGen       total 314880K, used 67381K [0x0000000080000000, 0x0000000093380000, 0x00000000d5580000)
  object space 314880K, 21% used [0x0000000080000000,0x00000000841cd578,0x0000000093380000)
 Metaspace       used 94851K, capacity 97516K, committed 99072K, reserved 1136640K
  class space    used 11305K, capacity 11742K, committed 12032K, reserved 1048576K
2023-09-10T14:06:14.880+0600: 1091941.375: [GC (Allocation Failure) [PSYoungGen: 100342K->4433K(101376K)] 167723K->72895K(416256K), 0.0171418 secs] [Times: user=0.03 sys=0.00, real=0.01 secs] 
Heap after GC invocations=278 (full 4):
 PSYoungGen      total 101376K, used 4433K [0x00000000d5580000, 0x00000000dbf00000, 0x0000000100000000)
  eden space 94720K, 0% used [0x00000000d5580000,0x00000000d5580000,0x00000000db200000)
  from space 6656K, 66% used [0x00000000db880000,0x00000000dbcd44d0,0x00000000dbf00000)
  to   space 6656K, 0% used [0x00000000db200000,0x00000000db200000,0x00000000db880000)
 ParOldGen       total 314880K, used 68461K [0x0000000080000000, 0x0000000093380000, 0x00000000d5580000)
  object space 314880K, 21% used [0x0000000080000000,0x00000000842db780,0x0000000093380000)
 Metaspace       used 94851K, capacity 97516K, committed 99072K, reserved 1136640K
  class space    used 11305K, capacity 11742K, committed 12032K, reserved 1048576K
}
{Heap before GC invocations=279 (full 4):
 PSYoungGen      total 101376K, used 99153K [0x00000000d5580000, 0x00000000dbf00000, 0x0000000100000000)
  eden space 94720K, 100% used [0x00000000d5580000,0x00000000db200000,0x00000000db200000)
  from space 6656K, 66% used [0x00000000db880000,0x00000000dbcd44d0,0x00000000dbf00000)
  to   space 6656K, 0% used [0x00000000db200000,0x00000000db200000,0x00000000db880000)
 ParOldGen       total 314880K, used 68461K [0x0000000080000000, 0x0000000093380000, 0x00000000d5580000)
  object space 314880K, 21% used [0x0000000080000000,0x00000000842db780,0x0000000093380000)
 Metaspace       used 94856K, capacity 97516K, committed 99072K, reserved 1136640K
  class space    used 11305K, capacity 11742K, committed 12032K, reserved 1048576K
2023-09-10T14:46:21.527+0600: 1094348.021: [GC (Allocation Failure) [PSYoungGen: 99153K->5763K(101376K)] 167615K->74225K(416256K), 0.0131814 secs] [Times: user=0.03 sys=0.00, real=0.02 secs] 
Heap after GC invocations=279 (full 4):
 PSYoungGen      total 101376K, used 5763K [0x00000000d5580000, 0x00000000dc080000, 0x0000000100000000)
  eden space 94720K, 0% used [0x00000000d5580000,0x00000000d5580000,0x00000000db200000)
  from space 6656K, 86% used [0x00000000db200000,0x00000000db7a0de0,0x00000000db880000)
  to   space 7168K, 0% used [0x00000000db980000,0x00000000db980000,0x00000000dc080000)
 ParOldGen       total 314880K, used 68461K [0x0000000080000000, 0x0000000093380000, 0x00000000d5580000)
  object space 314880K, 21% used [0x0000000080000000,0x00000000842db780,0x0000000093380000)
 Metaspace       used 94856K, capacity 97516K, committed 99072K, reserved 1136640K
  class space    used 11305K, capacity 11742K, committed 12032K, reserved 1048576K
}
{Heap before GC invocations=280 (full 4):
 PSYoungGen      total 101376K, used 100483K [0x00000000d5580000, 0x00000000dc080000, 0x0000000100000000)
  eden space 94720K, 100% used [0x00000000d5580000,0x00000000db200000,0x00000000db200000)
  from space 6656K, 86% used [0x00000000db200000,0x00000000db7a0de0,0x00000000db880000)
  to   space 7168K, 0% used [0x00000000db980000,0x00000000db980000,0x00000000dc080000)
 ParOldGen       total 314880K, used 68461K [0x0000000080000000, 0x0000000093380000, 0x00000000d5580000)
  object space 314880K, 21% used [0x0000000080000000,0x00000000842db780,0x0000000093380000)
 Metaspace       used 94867K, capacity 97546K, committed 99072K, reserved 1136640K
  class space    used 11308K, capacity 11747K, committed 12032K, reserved 1048576K
2023-09-10T15:46:46.736+0600: 1097973.230: [GC (Allocation Failure) [PSYoungGen: 100483K->4946K(102400K)] 168945K->73431K(417280K), 0.0115744 secs] [Times: user=0.01 sys=0.00, real=0.01 secs] 
Heap after GC invocations=280 (full 4):
 PSYoungGen      total 102400K, used 4946K [0x00000000d5580000, 0x00000000dc080000, 0x0000000100000000)
  eden space 95232K, 0% used [0x00000000d5580000,0x00000000d5580000,0x00000000db280000)
  from space 7168K, 69% used [0x00000000db980000,0x00000000dbe54870,0x00000000dc080000)
  to   space 7168K, 0% used [0x00000000db280000,0x00000000db280000,0x00000000db980000)
 ParOldGen       total 314880K, used 68485K [0x0000000080000000, 0x0000000093380000, 0x00000000d5580000)
  object space 314880K, 21% used [0x0000000080000000,0x00000000842e1780,0x0000000093380000)
 Metaspace       used 94867K, capacity 97546K, committed 99072K, reserved 1136640K
  class space    used 11308K, capacity 11747K, committed 12032K, reserved 1048576K
}
{Heap before GC invocations=281 (full 4):
 PSYoungGen      total 102400K, used 100178K [0x00000000d5580000, 0x00000000dc080000, 0x0000000100000000)
  eden space 95232K, 100% used [0x00000000d5580000,0x00000000db280000,0x00000000db280000)
  from space 7168K, 69% used [0x00000000db980000,0x00000000dbe54870,0x00000000dc080000)
  to   space 7168K, 0% used [0x00000000db280000,0x00000000db280000,0x00000000db980000)
 ParOldGen       total 314880K, used 68485K [0x0000000080000000, 0x0000000093380000, 0x00000000d5580000)
  object space 314880K, 21% used [0x0000000080000000,0x00000000842e1780,0x0000000093380000)
 Metaspace       used 94867K, capacity 97546K, committed 99072K, reserved 1136640K
  class space    used 11308K, capacity 11747K, committed 12032K, reserved 1048576K
2023-09-10T16:53:51.191+0600: 1101997.685: [GC (Allocation Failure) [PSYoungGen: 100178K->4641K(102400K)] 168663K->73127K(417280K), 0.0134128 secs] [Times: user=0.02 sys=0.00, real=0.01 secs] 
Heap after GC invocations=281 (full 4):
 PSYoungGen      total 102400K, used 4641K [0x00000000d5580000, 0x00000000dc000000, 0x0000000100000000)
  eden space 95232K, 0% used [0x00000000d5580000,0x00000000d5580000,0x00000000db280000)
  from space 7168K, 64% used [0x00000000db280000,0x00000000db7086f0,0x00000000db980000)
  to   space 6656K, 0% used [0x00000000db980000,0x00000000db980000,0x00000000dc000000)
 ParOldGen       total 314880K, used 68485K [0x0000000080000000, 0x0000000093380000, 0x00000000d5580000)
  object space 314880K, 21% used [0x0000000080000000,0x00000000842e1780,0x0000000093380000)
 Metaspace       used 94867K, capacity 97546K, committed 99072K, reserved 1136640K
  class space    used 11308K, capacity 11747K, committed 12032K, reserved 1048576K
}
{Heap before GC invocations=282 (full 4):
 PSYoungGen      total 102400K, used 99873K [0x00000000d5580000, 0x00000000dc000000, 0x0000000100000000)
  eden space 95232K, 100% used [0x00000000d5580000,0x00000000db280000,0x00000000db280000)
  from space 7168K, 64% used [0x00000000db280000,0x00000000db7086f0,0x00000000db980000)
  to   space 6656K, 0% used [0x00000000db980000,0x00000000db980000,0x00000000dc000000)
 ParOldGen       total 314880K, used 68485K [0x0000000080000000, 0x0000000093380000, 0x00000000d5580000)
  object space 314880K, 21% used [0x0000000080000000,0x00000000842e1780,0x0000000093380000)
 Metaspace       used 94887K, capacity 97582K, committed 99072K, reserved 1136640K
  class space    used 11311K, capacity 11753K, committed 12032K, reserved 1048576K
2023-09-10T17:30:32.072+0600: 1104198.566: [GC (Allocation Failure) [PSYoungGen: 99873K->6638K(100864K)] 168359K->76802K(415744K), 0.0242772 secs] [Times: user=0.04 sys=0.01, real=0.02 secs] 
Heap after GC invocations=282 (full 4):
 PSYoungGen      total 100864K, used 6638K [0x00000000d5580000, 0x00000000dc300000, 0x0000000100000000)
  eden space 94208K, 0% used [0x00000000d5580000,0x00000000d5580000,0x00000000db180000)
  from space 6656K, 99% used [0x00000000db980000,0x00000000dbffbbc0,0x00000000dc000000)
  to   space 8192K, 0% used [0x00000000db180000,0x00000000db180000,0x00000000db980000)
 ParOldGen       total 314880K, used 70163K [0x0000000080000000, 0x0000000093380000, 0x00000000d5580000)
  object space 314880K, 22% used [0x0000000080000000,0x0000000084484ef0,0x0000000093380000)
 Metaspace       used 94887K, capacity 97582K, committed 99072K, reserved 1136640K
  class space    used 11311K, capacity 11753K, committed 12032K, reserved 1048576K
}
{Heap before GC invocations=283 (full 4):
 PSYoungGen      total 100864K, used 100846K [0x00000000d5580000, 0x00000000dc300000, 0x0000000100000000)
  eden space 94208K, 100% used [0x00000000d5580000,0x00000000db180000,0x00000000db180000)
  from space 6656K, 99% used [0x00000000db980000,0x00000000dbffbbc0,0x00000000dc000000)
  to   space 8192K, 0% used [0x00000000db180000,0x00000000db180000,0x00000000db980000)
 ParOldGen       total 314880K, used 70163K [0x0000000080000000, 0x0000000093380000, 0x00000000d5580000)
  object space 314880K, 22% used [0x0000000080000000,0x0000000084484ef0,0x0000000093380000)
 Metaspace       used 94891K, capacity 97582K, committed 99072K, reserved 1136640K
  class space    used 11311K, capacity 11753K, committed 12032K, reserved 1048576K
2023-09-10T18:39:50.459+0600: 1108356.953: [GC (Allocation Failure) [PSYoungGen: 100846K->4864K(102400K)] 171010K->75028K(417280K), 0.0142765 secs] [Times: user=0.03 sys=0.01, real=0.01 secs] 
Heap after GC invocations=283 (full 4):
 PSYoungGen      total 102400K, used 4864K [0x00000000d5580000, 0x00000000dc100000, 0x0000000100000000)
  eden space 94208K, 0% used [0x00000000d5580000,0x00000000d5580000,0x00000000db180000)
  from space 8192K, 59% used [0x00000000db180000,0x00000000db640260,0x00000000db980000)
  to   space 7680K, 0% used [0x00000000db980000,0x00000000db980000,0x00000000dc100000)
 ParOldGen       total 314880K, used 70163K [0x0000000080000000, 0x0000000093380000, 0x00000000d5580000)
  object space 314880K, 22% used [0x0000000080000000,0x0000000084484ef0,0x0000000093380000)
 Metaspace       used 94891K, capacity 97582K, committed 99072K, reserved 1136640K
  class space    used 11311K, capacity 11753K, committed 12032K, reserved 1048576K
}
{Heap before GC invocations=284 (full 4):
 PSYoungGen      total 102400K, used 99072K [0x00000000d5580000, 0x00000000dc100000, 0x0000000100000000)
  eden space 94208K, 100% used [0x00000000d5580000,0x00000000db180000,0x00000000db180000)
  from space 8192K, 59% used [0x00000000db180000,0x00000000db640260,0x00000000db980000)
  to   space 7680K, 0% used [0x00000000db980000,0x00000000db980000,0x00000000dc100000)
 ParOldGen       total 314880K, used 70163K [0x0000000080000000, 0x0000000093380000, 0x00000000d5580000)
  object space 314880K, 22% used [0x0000000080000000,0x0000000084484ef0,0x0000000093380000)
 Metaspace       used 94892K, capacity 97582K, committed 99072K, reserved 1136640K
  class space    used 11311K, capacity 11753K, committed 12032K, reserved 1048576K
2023-09-10T19:22:21.176+0600: 1110907.671: [GC (Allocation Failure) [PSYoungGen: 99072K->5648K(102400K)] 169236K->75820K(417280K), 0.0129341 secs] [Times: user=0.03 sys=0.00, real=0.02 secs] 
Heap after GC invocations=284 (full 4):
 PSYoungGen      total 102400K, used 5648K [0x00000000d5580000, 0x00000000dc100000, 0x0000000100000000)
  eden space 94720K, 0% used [0x00000000d5580000,0x00000000d5580000,0x00000000db200000)
  from space 7680K, 73% used [0x00000000db980000,0x00000000dbf04280,0x00000000dc100000)
  to   space 7680K, 0% used [0x00000000db200000,0x00000000db200000,0x00000000db980000)
 ParOldGen       total 314880K, used 70171K [0x0000000080000000, 0x0000000093380000, 0x00000000d5580000)
  object space 314880K, 22% used [0x0000000080000000,0x0000000084486ef0,0x0000000093380000)
 Metaspace       used 94892K, capacity 97582K, committed 99072K, reserved 1136640K
  class space    used 11311K, capacity 11753K, committed 12032K, reserved 1048576K
}
{Heap before GC invocations=285 (full 4):
 PSYoungGen      total 102400K, used 100363K [0x00000000d5580000, 0x00000000dc100000, 0x0000000100000000)
  eden space 94720K, 99% used [0x00000000d5580000,0x00000000db1fed38,0x00000000db200000)
  from space 7680K, 73% used [0x00000000db980000,0x00000000dbf04280,0x00000000dc100000)
  to   space 7680K, 0% used [0x00000000db200000,0x00000000db200000,0x00000000db980000)
 ParOldGen       total 314880K, used 70171K [0x0000000080000000, 0x0000000093380000, 0x00000000d5580000)
  object space 314880K, 22% used [0x0000000080000000,0x0000000084486ef0,0x0000000093380000)
 Metaspace       used 94892K, capacity 97582K, committed 99072K, reserved 1136640K
  class space    used 11311K, capacity 11753K, committed 12032K, reserved 1048576K
2023-09-10T19:22:58.191+0600: 1110944.686: [GC (Allocation Failure) [PSYoungGen: 100363K->7672K(102400K)] 170535K->78492K(417280K), 0.0154726 secs] [Times: user=0.03 sys=0.00, real=0.01 secs] 
Heap after GC invocations=285 (full 4):
 PSYoungGen      total 102400K, used 7672K [0x00000000d5580000, 0x00000000dc380000, 0x0000000100000000)
  eden space 94720K, 0% used [0x00000000d5580000,0x00000000d5580000,0x00000000db200000)
  from space 7680K, 99% used [0x00000000db200000,0x00000000db97e3d0,0x00000000db980000)
  to   space 8704K, 0% used [0x00000000dbb00000,0x00000000dbb00000,0x00000000dc380000)
 ParOldGen       total 314880K, used 70819K [0x0000000080000000, 0x0000000093380000, 0x00000000d5580000)
  object space 314880K, 22% used [0x0000000080000000,0x0000000084528cd0,0x0000000093380000)
 Metaspace       used 94892K, capacity 97582K, committed 99072K, reserved 1136640K
  class space    used 11311K, capacity 11753K, committed 12032K, reserved 1048576K
}
{Heap before GC invocations=286 (full 4):
 PSYoungGen      total 102400K, used 102392K [0x00000000d5580000, 0x00000000dc380000, 0x0000000100000000)
  eden space 94720K, 100% used [0x00000000d5580000,0x00000000db200000,0x00000000db200000)
  from space 7680K, 99% used [0x00000000db200000,0x00000000db97e3d0,0x00000000db980000)
  to   space 8704K, 0% used [0x00000000dbb00000,0x00000000dbb00000,0x00000000dc380000)
 ParOldGen       total 314880K, used 70819K [0x0000000080000000, 0x0000000093380000, 0x00000000d5580000)
  object space 314880K, 22% used [0x0000000080000000,0x0000000084528cd0,0x0000000093380000)
 Metaspace       used 94892K, capacity 97582K, committed 99072K, reserved 1136640K
  class space    used 11311K, capacity 11753K, committed 12032K, reserved 1048576K
2023-09-10T20:04:46.533+0600: 1113453.027: [GC (Allocation Failure) [PSYoungGen: 102392K->7595K(103424K)] 173212K->78422K(418304K), 0.0132527 secs] [Times: user=0.02 sys=0.01, real=0.01 secs] 
Heap after GC invocations=286 (full 4):
 PSYoungGen      total 103424K, used 7595K [0x00000000d5580000, 0x00000000dc480000, 0x0000000100000000)
  eden space 94720K, 0% used [0x00000000d5580000,0x00000000d5580000,0x00000000db200000)
  from space 8704K, 87% used [0x00000000dbb00000,0x00000000dc26ac20,0x00000000dc380000)
  to   space 9216K, 0% used [0x00000000db200000,0x00000000db200000,0x00000000dbb00000)
 ParOldGen       total 314880K, used 70827K [0x0000000080000000, 0x0000000093380000, 0x00000000d5580000)
  object space 314880K, 22% used [0x0000000080000000,0x000000008452acd0,0x0000000093380000)
 Metaspace       used 94892K, capacity 97582K, committed 99072K, reserved 1136640K
  class space    used 11311K, capacity 11753K, committed 12032K, reserved 1048576K
}
{Heap before GC invocations=287 (full 4):
 PSYoungGen      total 103424K, used 102315K [0x00000000d5580000, 0x00000000dc480000, 0x0000000100000000)
  eden space 94720K, 100% used [0x00000000d5580000,0x00000000db200000,0x00000000db200000)
  from space 8704K, 87% used [0x00000000dbb00000,0x00000000dc26ac20,0x00000000dc380000)
  to   space 9216K, 0% used [0x00000000db200000,0x00000000db200000,0x00000000dbb00000)
 ParOldGen       total 314880K, used 70827K [0x0000000080000000, 0x0000000093380000, 0x00000000d5580000)
  object space 314880K, 22% used [0x0000000080000000,0x000000008452acd0,0x0000000093380000)
 Metaspace       used 94892K, capacity 97582K, committed 99072K, reserved 1136640K
  class space    used 11311K, capacity 11753K, committed 12032K, reserved 1048576K
2023-09-10T21:05:39.379+0600: 1117105.873: [GC (Allocation Failure) [PSYoungGen: 102315K->5669K(103936K)] 173142K->76496K(418816K), 0.0201171 secs] [Times: user=0.03 sys=0.00, real=0.02 secs] 
Heap after GC invocations=287 (full 4):
 PSYoungGen      total 103936K, used 5669K [0x00000000d5580000, 0x00000000dc480000, 0x0000000100000000)
  eden space 94720K, 0% used [0x00000000d5580000,0x00000000d5580000,0x00000000db200000)
  from space 9216K, 61% used [0x00000000db200000,0x00000000db789710,0x00000000dbb00000)
  to   space 9216K, 0% used [0x00000000dbb80000,0x00000000dbb80000,0x00000000dc480000)
 ParOldGen       total 314880K, used 70827K [0x0000000080000000, 0x0000000093380000, 0x00000000d5580000)
  object space 314880K, 22% used [0x0000000080000000,0x000000008452acd0,0x0000000093380000)
 Metaspace       used 94892K, capacity 97582K, committed 99072K, reserved 1136640K
  class space    used 11311K, capacity 11753K, committed 12032K, reserved 1048576K
}
{Heap before GC invocations=288 (full 4):
 PSYoungGen      total 103936K, used 100389K [0x00000000d5580000, 0x00000000dc480000, 0x0000000100000000)
  eden space 94720K, 100% used [0x00000000d5580000,0x00000000db200000,0x00000000db200000)
  from space 9216K, 61% used [0x00000000db200000,0x00000000db789710,0x00000000dbb00000)
  to   space 9216K, 0% used [0x00000000dbb80000,0x00000000dbb80000,0x00000000dc480000)
 ParOldGen       total 314880K, used 70827K [0x0000000080000000, 0x0000000093380000, 0x00000000d5580000)
  object space 314880K, 22% used [0x0000000080000000,0x000000008452acd0,0x0000000093380000)
 Metaspace       used 94892K, capacity 97582K, committed 99072K, reserved 1136640K
  class space    used 11311K, capacity 11753K, committed 12032K, reserved 1048576K
2023-09-10T22:22:53.891+0600: 1121740.386: [GC (Allocation Failure) [PSYoungGen: 100389K->4641K(103424K)] 171216K->75468K(418304K), 0.0173006 secs] [Times: user=0.03 sys=0.00, real=0.02 secs] 
Heap after GC invocations=288 (full 4):
 PSYoungGen      total 103424K, used 4641K [0x00000000d5580000, 0x00000000dc380000, 0x0000000100000000)
  eden space 95232K, 0% used [0x00000000d5580000,0x00000000d5580000,0x00000000db280000)
  from space 8192K, 56% used [0x00000000dbb80000,0x00000000dc008570,0x00000000dc380000)
  to   space 8704K, 0% used [0x00000000db280000,0x00000000db280000,0x00000000dbb00000)
 ParOldGen       total 314880K, used 70827K [0x0000000080000000, 0x0000000093380000, 0x00000000d5580000)
  object space 314880K, 22% used [0x0000000080000000,0x000000008452acd0,0x0000000093380000)
 Metaspace       used 94892K, capacity 97582K, committed 99072K, reserved 1136640K
  class space    used 11311K, capacity 11753K, committed 12032K, reserved 1048576K
}
{Heap before GC invocations=289 (full 4):
 PSYoungGen      total 103424K, used 99873K [0x00000000d5580000, 0x00000000dc380000, 0x0000000100000000)
  eden space 95232K, 100% used [0x00000000d5580000,0x00000000db280000,0x00000000db280000)
  from space 8192K, 56% used [0x00000000dbb80000,0x00000000dc008570,0x00000000dc380000)
  to   space 8704K, 0% used [0x00000000db280000,0x00000000db280000,0x00000000dbb00000)
 ParOldGen       total 314880K, used 70827K [0x0000000080000000, 0x0000000093380000, 0x00000000d5580000)
  object space 314880K, 22% used [0x0000000080000000,0x000000008452acd0,0x0000000093380000)
 Metaspace       used 94895K, capacity 97646K, committed 99072K, reserved 1136640K
  class space    used 11311K, capacity 11753K, committed 12032K, reserved 1048576K
2023-09-10T23:29:46.707+0600: 1125753.202: [GC (Allocation Failure) [PSYoungGen: 99873K->5835K(103936K)] 170700K->76662K(418816K), 0.0206377 secs] [Times: user=0.03 sys=0.00, real=0.02 secs] 
Heap after GC invocations=289 (full 4):
 PSYoungGen      total 103936K, used 5835K [0x00000000d5580000, 0x00000000dc400000, 0x0000000100000000)
  eden space 95232K, 0% used [0x00000000d5580000,0x00000000d5580000,0x00000000db280000)
  from space 8704K, 67% used [0x00000000db280000,0x00000000db832c90,0x00000000dbb00000)
  to   space 8704K, 0% used [0x00000000dbb80000,0x00000000dbb80000,0x00000000dc400000)
 ParOldGen       total 314880K, used 70827K [0x0000000080000000, 0x0000000093380000, 0x00000000d5580000)
  object space 314880K, 22% used [0x0000000080000000,0x000000008452acd0,0x0000000093380000)
 Metaspace       used 94895K, capacity 97646K, committed 99072K, reserved 1136640K
  class space    used 11311K, capacity 11753K, committed 12032K, reserved 1048576K
}
{Heap before GC invocations=290 (full 4):
 PSYoungGen      total 103936K, used 101067K [0x00000000d5580000, 0x00000000dc400000, 0x0000000100000000)
  eden space 95232K, 100% used [0x00000000d5580000,0x00000000db280000,0x00000000db280000)
  from space 8704K, 67% used [0x00000000db280000,0x00000000db832c90,0x00000000dbb00000)
  to   space 8704K, 0% used [0x00000000dbb80000,0x00000000dbb80000,0x00000000dc400000)
 ParOldGen       total 314880K, used 70827K [0x0000000080000000, 0x0000000093380000, 0x00000000d5580000)
  object space 314880K, 22% used [0x0000000080000000,0x000000008452acd0,0x0000000093380000)
 Metaspace       used 94895K, capacity 97646K, committed 99072K, reserved 1136640K
  class space    used 11311K, capacity 11753K, committed 12032K, reserved 1048576K
2023-09-11T00:39:11.332+0600: 1129917.826: [GC (Allocation Failure) [PSYoungGen: 101067K->5234K(104448K)] 171894K->76197K(419328K), 0.0145101 secs] [Times: user=0.03 sys=0.00, real=0.01 secs] 
Heap after GC invocations=290 (full 4):
 PSYoungGen      total 104448K, used 5234K [0x00000000d5580000, 0x00000000dc400000, 0x0000000100000000)
  eden space 95744K, 0% used [0x00000000d5580000,0x00000000d5580000,0x00000000db300000)
  from space 8704K, 60% used [0x00000000dbb80000,0x00000000dc09c8b0,0x00000000dc400000)
  to   space 8704K, 0% used [0x00000000db300000,0x00000000db300000,0x00000000dbb80000)
 ParOldGen       total 314880K, used 70962K [0x0000000080000000, 0x0000000093380000, 0x00000000d5580000)
  object space 314880K, 22% used [0x0000000080000000,0x000000008454cba0,0x0000000093380000)
 Metaspace       used 94895K, capacity 97646K, committed 99072K, reserved 1136640K
  class space    used 11311K, capacity 11753K, committed 12032K, reserved 1048576K
}
{Heap before GC invocations=291 (full 4):
 PSYoungGen      total 104448K, used 100978K [0x00000000d5580000, 0x00000000dc400000, 0x0000000100000000)
  eden space 95744K, 100% used [0x00000000d5580000,0x00000000db300000,0x00000000db300000)
  from space 8704K, 60% used [0x00000000dbb80000,0x00000000dc09c8b0,0x00000000dc400000)
  to   space 8704K, 0% used [0x00000000db300000,0x00000000db300000,0x00000000dbb80000)
 ParOldGen       total 314880K, used 70962K [0x0000000080000000, 0x0000000093380000, 0x00000000d5580000)
  object space 314880K, 22% used [0x0000000080000000,0x000000008454cba0,0x0000000093380000)
 Metaspace       used 94904K, capacity 97676K, committed 99072K, reserved 1136640K
  class space    used 11314K, capacity 11758K, committed 12032K, reserved 1048576K
2023-09-11T01:17:00.146+0600: 1132186.641: [GC (Allocation Failure) [PSYoungGen: 100978K->8702K(104448K)] 171941K->80345K(419328K), 0.0184020 secs] [Times: user=0.03 sys=0.00, real=0.02 secs] 
Heap after GC invocations=291 (full 4):
 PSYoungGen      total 104448K, used 8702K [0x00000000d5580000, 0x00000000dc680000, 0x0000000100000000)
  eden space 95744K, 0% used [0x00000000d5580000,0x00000000d5580000,0x00000000db300000)
  from space 8704K, 99% used [0x00000000db300000,0x00000000dbb7f9e0,0x00000000dbb80000)
  to   space 9728K, 0% used [0x00000000dbd00000,0x00000000dbd00000,0x00000000dc680000)
 ParOldGen       total 314880K, used 71643K [0x0000000080000000, 0x0000000093380000, 0x00000000d5580000)
  object space 314880K, 22% used [0x0000000080000000,0x00000000845f6d38,0x0000000093380000)
 Metaspace       used 94904K, capacity 97676K, committed 99072K, reserved 1136640K
  class space    used 11314K, capacity 11758K, committed 12032K, reserved 1048576K
}
{Heap before GC invocations=292 (full 4):
 PSYoungGen      total 104448K, used 104446K [0x00000000d5580000, 0x00000000dc680000, 0x0000000100000000)
  eden space 95744K, 100% used [0x00000000d5580000,0x00000000db300000,0x00000000db300000)
  from space 8704K, 99% used [0x00000000db300000,0x00000000dbb7f9e0,0x00000000dbb80000)
  to   space 9728K, 0% used [0x00000000dbd00000,0x00000000dbd00000,0x00000000dc680000)
 ParOldGen       total 314880K, used 71643K [0x0000000080000000, 0x0000000093380000, 0x00000000d5580000)
  object space 314880K, 22% used [0x0000000080000000,0x00000000845f6d38,0x0000000093380000)
 Metaspace       used 94904K, capacity 97676K, committed 99072K, reserved 1136640K
  class space    used 11314K, capacity 11758K, committed 12032K, reserved 1048576K
2023-09-11T02:28:30.933+0600: 1136477.427: [GC (Allocation Failure) [PSYoungGen: 104446K->5091K(104960K)] 176089K->76909K(419840K), 0.0168023 secs] [Times: user=0.02 sys=0.00, real=0.02 secs] 
Heap after GC invocations=292 (full 4):
 PSYoungGen      total 104960K, used 5091K [0x00000000d5580000, 0x00000000dc580000, 0x0000000100000000)
  eden space 96256K, 0% used [0x00000000d5580000,0x00000000d5580000,0x00000000db380000)
  from space 8704K, 58% used [0x00000000dbd00000,0x00000000dc1f8e50,0x00000000dc580000)
  to   space 9216K, 0% used [0x00000000db380000,0x00000000db380000,0x00000000dbc80000)
 ParOldGen       total 314880K, used 71817K [0x0000000080000000, 0x0000000093380000, 0x00000000d5580000)
  object space 314880K, 22% used [0x0000000080000000,0x00000000846226d8,0x0000000093380000)
 Metaspace       used 94904K, capacity 97676K, committed 99072K, reserved 1136640K
  class space    used 11314K, capacity 11758K, committed 12032K, reserved 1048576K
}
{Heap before GC invocations=293 (full 4):
 PSYoungGen      total 104960K, used 101347K [0x00000000d5580000, 0x00000000dc580000, 0x0000000100000000)
  eden space 96256K, 100% used [0x00000000d5580000,0x00000000db380000,0x00000000db380000)
  from space 8704K, 58% used [0x00000000dbd00000,0x00000000dc1f8e50,0x00000000dc580000)
  to   space 9216K, 0% used [0x00000000db380000,0x00000000db380000,0x00000000dbc80000)
 ParOldGen       total 314880K, used 71817K [0x0000000080000000, 0x0000000093380000, 0x00000000d5580000)
  object space 314880K, 22% used [0x0000000080000000,0x00000000846226d8,0x0000000093380000)
 Metaspace       used 94904K, capacity 97676K, committed 99072K, reserved 1136640K
  class space    used 11314K, capacity 11758K, committed 12032K, reserved 1048576K
2023-09-11T03:48:03.910+0600: 1141250.405: [GC (Allocation Failure) [PSYoungGen: 101347K->4577K(105472K)] 173165K->76395K(420352K), 0.0189495 secs] [Times: user=0.04 sys=0.00, real=0.02 secs] 
Heap after GC invocations=293 (full 4):
 PSYoungGen      total 105472K, used 4577K [0x00000000d5580000, 0x00000000dc600000, 0x0000000100000000)
  eden space 96256K, 0% used [0x00000000d5580000,0x00000000d5580000,0x00000000db380000)
  from space 9216K, 49% used [0x00000000db380000,0x00000000db7f8630,0x00000000dbc80000)
  to   space 9216K, 0% used [0x00000000dbd00000,0x00000000dbd00000,0x00000000dc600000)
 ParOldGen       total 314880K, used 71817K [0x0000000080000000, 0x0000000093380000, 0x00000000d5580000)
  object space 314880K, 22% used [0x0000000080000000,0x00000000846226d8,0x0000000093380000)
 Metaspace       used 94904K, capacity 97676K, committed 99072K, reserved 1136640K
  class space    used 11314K, capacity 11758K, committed 12032K, reserved 1048576K
}
{Heap before GC invocations=294 (full 4):
 PSYoungGen      total 105472K, used 100833K [0x00000000d5580000, 0x00000000dc600000, 0x0000000100000000)
  eden space 96256K, 100% used [0x00000000d5580000,0x00000000db380000,0x00000000db380000)
  from space 9216K, 49% used [0x00000000db380000,0x00000000db7f8630,0x00000000dbc80000)
  to   space 9216K, 0% used [0x00000000dbd00000,0x00000000dbd00000,0x00000000dc600000)
 ParOldGen       total 314880K, used 71817K [0x0000000080000000, 0x0000000093380000, 0x00000000d5580000)
  object space 314880K, 22% used [0x0000000080000000,0x00000000846226d8,0x0000000093380000)
 Metaspace       used 94904K, capacity 97676K, committed 99072K, reserved 1136640K
  class space    used 11314K, capacity 11758K, committed 12032K, reserved 1048576K
2023-09-11T05:09:34.215+0600: 1146140.709: [GC (Allocation Failure) [PSYoungGen: 100833K->4369K(105984K)] 172651K->76361K(420864K), 0.0199037 secs] [Times: user=0.03 sys=0.00, real=0.02 secs] 
Heap after GC invocations=294 (full 4):
 PSYoungGen      total 105984K, used 4369K [0x00000000d5580000, 0x00000000dc600000, 0x0000000100000000)
  eden space 96768K, 0% used [0x00000000d5580000,0x00000000d5580000,0x00000000db400000)
  from space 9216K, 47% used [0x00000000dbd00000,0x00000000dc144400,0x00000000dc600000)
  to   space 9216K, 0% used [0x00000000db400000,0x00000000db400000,0x00000000dbd00000)
 ParOldGen       total 314880K, used 71992K [0x0000000080000000, 0x0000000093380000, 0x00000000d5580000)
  object space 314880K, 22% used [0x0000000080000000,0x000000008464e368,0x0000000093380000)
 Metaspace       used 94904K, capacity 97676K, committed 99072K, reserved 1136640K
  class space    used 11314K, capacity 11758K, committed 12032K, reserved 1048576K
}
{Heap before GC invocations=295 (full 4):
 PSYoungGen      total 105984K, used 101137K [0x00000000d5580000, 0x00000000dc600000, 0x0000000100000000)
  eden space 96768K, 100% used [0x00000000d5580000,0x00000000db400000,0x00000000db400000)
  from space 9216K, 47% used [0x00000000dbd00000,0x00000000dc144400,0x00000000dc600000)
  to   space 9216K, 0% used [0x00000000db400000,0x00000000db400000,0x00000000dbd00000)
 ParOldGen       total 314880K, used 71992K [0x0000000080000000, 0x0000000093380000, 0x00000000d5580000)
  object space 314880K, 22% used [0x0000000080000000,0x000000008464e368,0x0000000093380000)
 Metaspace       used 94904K, capacity 97676K, committed 99072K, reserved 1136640K
  class space    used 11314K, capacity 11758K, committed 12032K, reserved 1048576K
2023-09-11T06:24:35.577+0600: 1150642.072: [GC (Allocation Failure) [PSYoungGen: 101137K->4385K(105984K)] 173129K->76445K(420864K), 0.0183636 secs] [Times: user=0.03 sys=0.00, real=0.02 secs] 
Heap after GC invocations=295 (full 4):
 PSYoungGen      total 105984K, used 4385K [0x00000000d5580000, 0x00000000dc680000, 0x0000000100000000)
  eden space 96768K, 0% used [0x00000000d5580000,0x00000000d5580000,0x00000000db400000)
  from space 9216K, 47% used [0x00000000db400000,0x00000000db848630,0x00000000dbd00000)
  to   space 9216K, 0% used [0x00000000dbd80000,0x00000000dbd80000,0x00000000dc680000)
 ParOldGen       total 314880K, used 72060K [0x0000000080000000, 0x0000000093380000, 0x00000000d5580000)
  object space 314880K, 22% used [0x0000000080000000,0x000000008465f000,0x0000000093380000)
 Metaspace       used 94904K, capacity 97676K, committed 99072K, reserved 1136640K
  class space    used 11314K, capacity 11758K, committed 12032K, reserved 1048576K
}
{Heap before GC invocations=296 (full 4):
 PSYoungGen      total 105984K, used 101153K [0x00000000d5580000, 0x00000000dc680000, 0x0000000100000000)
  eden space 96768K, 100% used [0x00000000d5580000,0x00000000db400000,0x00000000db400000)
  from space 9216K, 47% used [0x00000000db400000,0x00000000db848630,0x00000000dbd00000)
  to   space 9216K, 0% used [0x00000000dbd80000,0x00000000dbd80000,0x00000000dc680000)
 ParOldGen       total 314880K, used 72060K [0x0000000080000000, 0x0000000093380000, 0x00000000d5580000)
  object space 314880K, 22% used [0x0000000080000000,0x000000008465f000,0x0000000093380000)
 Metaspace       used 94904K, capacity 97676K, committed 99072K, reserved 1136640K
  class space    used 11314K, capacity 11758K, committed 12032K, reserved 1048576K
2023-09-11T07:44:25.714+0600: 1155432.208: [GC (Allocation Failure) [PSYoungGen: 101153K->4258K(105472K)] 173213K->76421K(420352K), 0.0173815 secs] [Times: user=0.03 sys=0.00, real=0.02 secs] 
Heap after GC invocations=296 (full 4):
 PSYoungGen      total 105472K, used 4258K [0x00000000d5580000, 0x00000000dc580000, 0x0000000100000000)
  eden space 97280K, 0% used [0x00000000d5580000,0x00000000d5580000,0x00000000db480000)
  from space 8192K, 51% used [0x00000000dbd80000,0x00000000dc1a8870,0x00000000dc580000)
  to   space 8704K, 0% used [0x00000000db480000,0x00000000db480000,0x00000000dbd00000)
 ParOldGen       total 314880K, used 72163K [0x0000000080000000, 0x0000000093380000, 0x00000000d5580000)
  object space 314880K, 22% used [0x0000000080000000,0x0000000084678e30,0x0000000093380000)
 Metaspace       used 94904K, capacity 97676K, committed 99072K, reserved 1136640K
  class space    used 11314K, capacity 11758K, committed 12032K, reserved 1048576K
}
{Heap before GC invocations=297 (full 4):
 PSYoungGen      total 105472K, used 101530K [0x00000000d5580000, 0x00000000dc580000, 0x0000000100000000)
  eden space 97280K, 99% used [0x00000000d5580000,0x00000000db47e108,0x00000000db480000)
  from space 8192K, 51% used [0x00000000dbd80000,0x00000000dc1a8870,0x00000000dc580000)
  to   space 8704K, 0% used [0x00000000db480000,0x00000000db480000,0x00000000dbd00000)
 ParOldGen       total 314880K, used 72163K [0x0000000080000000, 0x0000000093380000, 0x00000000d5580000)
  object space 314880K, 22% used [0x0000000080000000,0x0000000084678e30,0x0000000093380000)
 Metaspace       used 94904K, capacity 97676K, committed 99072K, reserved 1136640K
  class space    used 11314K, capacity 11758K, committed 12032K, reserved 1048576K
2023-09-11T09:07:28.908+0600: 1160415.403: [GC (Allocation Failure) [PSYoungGen: 101530K->4001K(105984K)] 173693K->76372K(420864K), 0.0150687 secs] [Times: user=0.02 sys=0.00, real=0.01 secs] 
Heap after GC invocations=297 (full 4):
 PSYoungGen      total 105984K, used 4001K [0x00000000d5580000, 0x00000000dc600000, 0x0000000100000000)
  eden space 97280K, 0% used [0x00000000d5580000,0x00000000d5580000,0x00000000db480000)
  from space 8704K, 45% used [0x00000000db480000,0x00000000db868570,0x00000000dbd00000)
  to   space 8704K, 0% used [0x00000000dbd80000,0x00000000dbd80000,0x00000000dc600000)
 ParOldGen       total 314880K, used 72370K [0x0000000080000000, 0x0000000093380000, 0x00000000d5580000)
  object space 314880K, 22% used [0x0000000080000000,0x00000000846acb58,0x0000000093380000)
 Metaspace       used 94904K, capacity 97676K, committed 99072K, reserved 1136640K
  class space    used 11314K, capacity 11758K, committed 12032K, reserved 1048576K
}
{Heap before GC invocations=298 (full 4):
 PSYoungGen      total 105984K, used 101281K [0x00000000d5580000, 0x00000000dc600000, 0x0000000100000000)
  eden space 97280K, 100% used [0x00000000d5580000,0x00000000db480000,0x00000000db480000)
  from space 8704K, 45% used [0x00000000db480000,0x00000000db868570,0x00000000dbd00000)
  to   space 8704K, 0% used [0x00000000dbd80000,0x00000000dbd80000,0x00000000dc600000)
 ParOldGen       total 314880K, used 72370K [0x0000000080000000, 0x0000000093380000, 0x00000000d5580000)
  object space 314880K, 22% used [0x0000000080000000,0x00000000846acb58,0x0000000093380000)
 Metaspace       used 94904K, capacity 97676K, committed 99072K, reserved 1136640K
  class space    used 11314K, capacity 11758K, committed 12032K, reserved 1048576K
2023-09-11T10:11:43.138+0600: 1164269.633: [GC (Allocation Failure) [PSYoungGen: 101281K->4641K(106496K)] 173652K->77075K(421376K), 0.0176421 secs] [Times: user=0.03 sys=0.00, real=0.02 secs] 
Heap after GC invocations=298 (full 4):
 PSYoungGen      total 106496K, used 4641K [0x00000000d5580000, 0x00000000dc600000, 0x0000000100000000)
  eden space 97792K, 0% used [0x00000000d5580000,0x00000000d5580000,0x00000000db500000)
  from space 8704K, 53% used [0x00000000dbd80000,0x00000000dc208590,0x00000000dc600000)
  to   space 8704K, 0% used [0x00000000db500000,0x00000000db500000,0x00000000dbd80000)
 ParOldGen       total 314880K, used 72434K [0x0000000080000000, 0x0000000093380000, 0x00000000d5580000)
  object space 314880K, 23% used [0x0000000080000000,0x00000000846bc898,0x0000000093380000)
 Metaspace       used 94904K, capacity 97676K, committed 99072K, reserved 1136640K
  class space    used 11314K, capacity 11758K, committed 12032K, reserved 1048576K
}
{Heap before GC invocations=299 (full 4):
 PSYoungGen      total 106496K, used 102433K [0x00000000d5580000, 0x00000000dc600000, 0x0000000100000000)
  eden space 97792K, 100% used [0x00000000d5580000,0x00000000db500000,0x00000000db500000)
  from space 8704K, 53% used [0x00000000dbd80000,0x00000000dc208590,0x00000000dc600000)
  to   space 8704K, 0% used [0x00000000db500000,0x00000000db500000,0x00000000dbd80000)
 ParOldGen       total 314880K, used 72434K [0x0000000080000000, 0x0000000093380000, 0x00000000d5580000)
  object space 314880K, 23% used [0x0000000080000000,0x00000000846bc898,0x0000000093380000)
 Metaspace       used 94906K, capacity 97676K, committed 99072K, reserved 1136640K
  class space    used 11314K, capacity 11758K, committed 12032K, reserved 1048576K
2023-09-11T11:14:02.702+0600: 1168009.196: [GC (Allocation Failure) [PSYoungGen: 102433K->5843K(106496K)] 174867K->78731K(421376K), 0.0216045 secs] [Times: user=0.02 sys=0.00, real=0.02 secs] 
Heap after GC invocations=299 (full 4):
 PSYoungGen      total 106496K, used 5843K [0x00000000d5580000, 0x00000000dc680000, 0x0000000100000000)
  eden space 97792K, 0% used [0x00000000d5580000,0x00000000d5580000,0x00000000db500000)
  from space 8704K, 67% used [0x00000000db500000,0x00000000dbab4df0,0x00000000dbd80000)
  to   space 8704K, 0% used [0x00000000dbe00000,0x00000000dbe00000,0x00000000dc680000)
 ParOldGen       total 314880K, used 72888K [0x0000000080000000, 0x0000000093380000, 0x00000000d5580000)
  object space 314880K, 23% used [0x0000000080000000,0x000000008472e0b8,0x0000000093380000)
 Metaspace       used 94906K, capacity 97676K, committed 99072K, reserved 1136640K
  class space    used 11314K, capacity 11758K, committed 12032K, reserved 1048576K
}
{Heap before GC invocations=300 (full 4):
 PSYoungGen      total 106496K, used 103635K [0x00000000d5580000, 0x00000000dc680000, 0x0000000100000000)
  eden space 97792K, 100% used [0x00000000d5580000,0x00000000db500000,0x00000000db500000)
  from space 8704K, 67% used [0x00000000db500000,0x00000000dbab4df0,0x00000000dbd80000)
  to   space 8704K, 0% used [0x00000000dbe00000,0x00000000dbe00000,0x00000000dc680000)
 ParOldGen       total 314880K, used 72888K [0x0000000080000000, 0x0000000093380000, 0x00000000d5580000)
  object space 314880K, 23% used [0x0000000080000000,0x000000008472e0b8,0x0000000093380000)
 Metaspace       used 94908K, capacity 97676K, committed 99072K, reserved 1136640K
  class space    used 11315K, capacity 11758K, committed 12032K, reserved 1048576K
2023-09-11T12:28:15.874+0600: 1172462.368: [GC (Allocation Failure) [PSYoungGen: 103635K->4323K(105984K)] 176523K->77315K(420864K), 0.0165624 secs] [Times: user=0.03 sys=0.00, real=0.02 secs] 
Heap after GC invocations=300 (full 4):
 PSYoungGen      total 105984K, used 4323K [0x00000000d5580000, 0x00000000dc580000, 0x0000000100000000)
  eden space 98304K, 0% used [0x00000000d5580000,0x00000000d5580000,0x00000000db580000)
  from space 7680K, 56% used [0x00000000dbe00000,0x00000000dc238e30,0x00000000dc580000)
  to   space 8192K, 0% used [0x00000000db580000,0x00000000db580000,0x00000000dbd80000)
 ParOldGen       total 314880K, used 72991K [0x0000000080000000, 0x0000000093380000, 0x00000000d5580000)
  object space 314880K, 23% used [0x0000000080000000,0x0000000084747f20,0x0000000093380000)
 Metaspace       used 94908K, capacity 97676K, committed 99072K, reserved 1136640K
  class space    used 11315K, capacity 11758K, committed 12032K, reserved 1048576K
}
{Heap before GC invocations=301 (full 4):
 PSYoungGen      total 105984K, used 102627K [0x00000000d5580000, 0x00000000dc580000, 0x0000000100000000)
  eden space 98304K, 100% used [0x00000000d5580000,0x00000000db580000,0x00000000db580000)
  from space 7680K, 56% used [0x00000000dbe00000,0x00000000dc238e30,0x00000000dc580000)
  to   space 8192K, 0% used [0x00000000db580000,0x00000000db580000,0x00000000dbd80000)
 ParOldGen       total 314880K, used 72991K [0x0000000080000000, 0x0000000093380000, 0x00000000d5580000)
  object space 314880K, 23% used [0x0000000080000000,0x0000000084747f20,0x0000000093380000)
 Metaspace       used 94908K, capacity 97676K, committed 99072K, reserved 1136640K
  class space    used 11315K, capacity 11758K, committed 12032K, reserved 1048576K
2023-09-11T13:39:22.263+0600: 1176728.758: [GC (Allocation Failure) [PSYoungGen: 102627K->4579K(106496K)] 175619K->77595K(421376K), 0.0140189 secs] [Times: user=0.02 sys=0.00, real=0.01 secs] 
Heap after GC invocations=301 (full 4):
 PSYoungGen      total 106496K, used 4579K [0x00000000d5580000, 0x00000000dc600000, 0x0000000100000000)
  eden space 98304K, 0% used [0x00000000d5580000,0x00000000d5580000,0x00000000db580000)
  from space 8192K, 55% used [0x00000000db580000,0x00000000db9f8f20,0x00000000dbd80000)
  to   space 8192K, 0% used [0x00000000dbe00000,0x00000000dbe00000,0x00000000dc600000)
 ParOldGen       total 314880K, used 73015K [0x0000000080000000, 0x0000000093380000, 0x00000000d5580000)
  object space 314880K, 23% used [0x0000000080000000,0x000000008474df20,0x0000000093380000)
 Metaspace       used 94908K, capacity 97676K, committed 99072K, reserved 1136640K
  class space    used 11315K, capacity 11758K, committed 12032K, reserved 1048576K
}
{Heap before GC invocations=302 (full 4):
 PSYoungGen      total 106496K, used 102883K [0x00000000d5580000, 0x00000000dc600000, 0x0000000100000000)
  eden space 98304K, 100% used [0x00000000d5580000,0x00000000db580000,0x00000000db580000)
  from space 8192K, 55% used [0x00000000db580000,0x00000000db9f8f20,0x00000000dbd80000)
  to   space 8192K, 0% used [0x00000000dbe00000,0x00000000dbe00000,0x00000000dc600000)
 ParOldGen       total 314880K, used 73015K [0x0000000080000000, 0x0000000093380000, 0x00000000d5580000)
  object space 314880K, 23% used [0x0000000080000000,0x000000008474df20,0x0000000093380000)
 Metaspace       used 94909K, capacity 97676K, committed 99072K, reserved 1136640K
  class space    used 11315K, capacity 11758K, committed 12032K, reserved 1048576K
2023-09-11T14:34:43.234+0600: 1180049.729: [GC (Allocation Failure) [PSYoungGen: 102883K->4960K(105984K)] 175899K->78009K(420864K), 0.0168595 secs] [Times: user=0.02 sys=0.00, real=0.02 secs] 
Heap after GC invocations=302 (full 4):
 PSYoungGen      total 105984K, used 4960K [0x00000000d5580000, 0x00000000dc500000, 0x0000000100000000)
  eden space 98816K, 0% used [0x00000000d5580000,0x00000000d5580000,0x00000000db600000)
  from space 7168K, 69% used [0x00000000dbe00000,0x00000000dc2d82c0,0x00000000dc500000)
  to   space 7680K, 0% used [0x00000000db600000,0x00000000db600000,0x00000000dbd80000)
 ParOldGen       total 314880K, used 73048K [0x0000000080000000, 0x0000000093380000, 0x00000000d5580000)
  object space 314880K, 23% used [0x0000000080000000,0x00000000847562e0,0x0000000093380000)
 Metaspace       used 94909K, capacity 97676K, committed 99072K, reserved 1136640K
  class space    used 11315K, capacity 11758K, committed 12032K, reserved 1048576K
}
{Heap before GC invocations=303 (full 4):
 PSYoungGen      total 105984K, used 103776K [0x00000000d5580000, 0x00000000dc500000, 0x0000000100000000)
  eden space 98816K, 100% used [0x00000000d5580000,0x00000000db600000,0x00000000db600000)
  from space 7168K, 69% used [0x00000000dbe00000,0x00000000dc2d82c0,0x00000000dc500000)
  to   space 7680K, 0% used [0x00000000db600000,0x00000000db600000,0x00000000dbd80000)
 ParOldGen       total 314880K, used 73048K [0x0000000080000000, 0x0000000093380000, 0x00000000d5580000)
  object space 314880K, 23% used [0x0000000080000000,0x00000000847562e0,0x0000000093380000)
 Metaspace       used 94910K, capacity 97676K, committed 99072K, reserved 1136640K
  class space    used 11315K, capacity 11758K, committed 12032K, reserved 1048576K
2023-09-11T15:36:24.290+0600: 1183750.785: [GC (Allocation Failure) [PSYoungGen: 103776K->4706K(106496K)] 176825K->77755K(421376K), 0.0158732 secs] [Times: user=0.03 sys=0.00, real=0.01 secs] 
Heap after GC invocations=303 (full 4):
 PSYoungGen      total 106496K, used 4706K [0x00000000d5580000, 0x00000000dc580000, 0x0000000100000000)
  eden space 98816K, 0% used [0x00000000d5580000,0x00000000d5580000,0x00000000db600000)
  from space 7680K, 61% used [0x00000000db600000,0x00000000dba98b70,0x00000000dbd80000)
  to   space 7680K, 0% used [0x00000000dbe00000,0x00000000dbe00000,0x00000000dc580000)
 ParOldGen       total 314880K, used 73048K [0x0000000080000000, 0x0000000093380000, 0x00000000d5580000)
  object space 314880K, 23% used [0x0000000080000000,0x00000000847562e0,0x0000000093380000)
 Metaspace       used 94910K, capacity 97676K, committed 99072K, reserved 1136640K
  class space    used 11315K, capacity 11758K, committed 12032K, reserved 1048576K
}
{Heap before GC invocations=304 (full 4):
 PSYoungGen      total 106496K, used 103522K [0x00000000d5580000, 0x00000000dc580000, 0x0000000100000000)
  eden space 98816K, 100% used [0x00000000d5580000,0x00000000db600000,0x00000000db600000)
  from space 7680K, 61% used [0x00000000db600000,0x00000000dba98b70,0x00000000dbd80000)
  to   space 7680K, 0% used [0x00000000dbe00000,0x00000000dbe00000,0x00000000dc580000)
 ParOldGen       total 314880K, used 73048K [0x0000000080000000, 0x0000000093380000, 0x00000000d5580000)
  object space 314880K, 23% used [0x0000000080000000,0x00000000847562e0,0x0000000093380000)
 Metaspace       used 94911K, capacity 97676K, committed 99072K, reserved 1136640K
  class space    used 11316K, capacity 11758K, committed 12032K, reserved 1048576K
2023-09-11T16:26:22.913+0600: 1186749.407: [GC (Allocation Failure) [PSYoungGen: 103522K->6839K(106496K)] 176571K->79911K(421376K), 0.0192539 secs] [Times: user=0.03 sys=0.00, real=0.02 secs] 
Heap after GC invocations=304 (full 4):
 PSYoungGen      total 106496K, used 6839K [0x00000000d5580000, 0x00000000dc680000, 0x0000000100000000)
  eden space 98816K, 0% used [0x00000000d5580000,0x00000000d5580000,0x00000000db600000)
  from space 7680K, 89% used [0x00000000dbe00000,0x00000000dc4adc08,0x00000000dc580000)
  to   space 8192K, 0% used [0x00000000db600000,0x00000000db600000,0x00000000dbe00000)
 ParOldGen       total 314880K, used 73072K [0x0000000080000000, 0x0000000093380000, 0x00000000d5580000)
  object space 314880K, 23% used [0x0000000080000000,0x000000008475c2e0,0x0000000093380000)
 Metaspace       used 94911K, capacity 97676K, committed 99072K, reserved 1136640K
  class space    used 11316K, capacity 11758K, committed 12032K, reserved 1048576K
}
{Heap before GC invocations=305 (full 4):
 PSYoungGen      total 106496K, used 105655K [0x00000000d5580000, 0x00000000dc680000, 0x0000000100000000)
  eden space 98816K, 100% used [0x00000000d5580000,0x00000000db600000,0x00000000db600000)
  from space 7680K, 89% used [0x00000000dbe00000,0x00000000dc4adc08,0x00000000dc580000)
  to   space 8192K, 0% used [0x00000000db600000,0x00000000db600000,0x00000000dbe00000)
 ParOldGen       total 314880K, used 73072K [0x0000000080000000, 0x0000000093380000, 0x00000000d5580000)
  object space 314880K, 23% used [0x0000000080000000,0x000000008475c2e0,0x0000000093380000)
 Metaspace       used 94913K, capacity 97676K, committed 99072K, reserved 1136640K
  class space    used 11316K, capacity 11758K, committed 12032K, reserved 1048576K
2023-09-11T17:07:52.357+0600: 1189238.851: [GC (Allocation Failure) [PSYoungGen: 105655K->6694K(107008K)] 178727K->79839K(421888K), 0.0229862 secs] [Times: user=0.03 sys=0.00, real=0.03 secs] 
Heap after GC invocations=305 (full 4):
 PSYoungGen      total 107008K, used 6694K [0x00000000d5580000, 0x00000000dc680000, 0x0000000100000000)
  eden space 98816K, 0% used [0x00000000d5580000,0x00000000d5580000,0x00000000db600000)
  from space 8192K, 81% used [0x00000000db600000,0x00000000dbc89990,0x00000000dbe00000)
  to   space 8192K, 0% used [0x00000000dbe80000,0x00000000dbe80000,0x00000000dc680000)
 ParOldGen       total 314880K, used 73144K [0x0000000080000000, 0x0000000093380000, 0x00000000d5580000)
  object space 314880K, 23% used [0x0000000080000000,0x000000008476e320,0x0000000093380000)
 Metaspace       used 94913K, capacity 97676K, committed 99072K, reserved 1136640K
  class space    used 11316K, capacity 11758K, committed 12032K, reserved 1048576K
}
{Heap before GC invocations=306 (full 4):
 PSYoungGen      total 107008K, used 105510K [0x00000000d5580000, 0x00000000dc680000, 0x0000000100000000)
  eden space 98816K, 100% used [0x00000000d5580000,0x00000000db600000,0x00000000db600000)
  from space 8192K, 81% used [0x00000000db600000,0x00000000dbc89990,0x00000000dbe00000)
  to   space 8192K, 0% used [0x00000000dbe80000,0x00000000dbe80000,0x00000000dc680000)
 ParOldGen       total 314880K, used 73144K [0x0000000080000000, 0x0000000093380000, 0x00000000d5580000)
  object space 314880K, 23% used [0x0000000080000000,0x000000008476e320,0x0000000093380000)
 Metaspace       used 94964K, capacity 97676K, committed 99072K, reserved 1136640K
  class space    used 11322K, capacity 11758K, committed 12032K, reserved 1048576K
2023-09-11T17:40:42.239+0600: 1191208.734: [GC (Allocation Failure) [PSYoungGen: 105510K->4914K(107520K)] 178655K->78139K(422400K), 0.0105074 secs] [Times: user=0.02 sys=0.00, real=0.01 secs] 
Heap after GC invocations=306 (full 4):
 PSYoungGen      total 107520K, used 4914K [0x00000000d5580000, 0x00000000dc680000, 0x0000000100000000)
  eden space 99328K, 0% used [0x00000000d5580000,0x00000000d5580000,0x00000000db680000)
  from space 8192K, 59% used [0x00000000dbe80000,0x00000000dc34ca98,0x00000000dc680000)
  to   space 8192K, 0% used [0x00000000db680000,0x00000000db680000,0x00000000dbe80000)
 ParOldGen       total 314880K, used 73224K [0x0000000080000000, 0x0000000093380000, 0x00000000d5580000)
  object space 314880K, 23% used [0x0000000080000000,0x0000000084782350,0x0000000093380000)
 Metaspace       used 94964K, capacity 97676K, committed 99072K, reserved 1136640K
  class space    used 11322K, capacity 11758K, committed 12032K, reserved 1048576K
}
Heap
 PSYoungGen      total 107520K, used 11550K [0x00000000d5580000, 0x00000000dc680000, 0x0000000100000000)
  eden space 99328K, 6% used [0x00000000d5580000,0x00000000d5bfb018,0x00000000db680000)
  from space 8192K, 59% used [0x00000000dbe80000,0x00000000dc34ca98,0x00000000dc680000)
  to   space 8192K, 0% used [0x00000000db680000,0x00000000db680000,0x00000000dbe80000)
 ParOldGen       total 314880K, used 73224K [0x0000000080000000, 0x0000000093380000, 0x00000000d5580000)
  object space 314880K, 23% used [0x0000000080000000,0x0000000084782350,0x0000000093380000)
 Metaspace       used 94982K, capacity 97684K, committed 99072K, reserved 1136640K
  class space    used 11324K, capacity 11760K, committed 12032K, reserved 1048576K
