Java HotSpot(TM) 64-Bit Server VM (25.161-b12) for linux-amd64 JRE (1.8.0_161-b12), built on Dec 19 2017 16:12:43 by "java_re" with gcc 4.3.0 20080428 (Red Hat 4.3.0-8)
Memory: 4k page, physical 49294204k(3251140k free), swap 73400316k(70660184k free)
CommandLine flags: -XX:+HeapDumpOnOutOfMemoryError -XX:HeapDumpPath=/home/knotify/gclogs/KPP-knotify-java_pid.hprof -XX:InitialHeapSize=268435456 -XX:MaxHeapSize=2147483648 -XX:NewRatio=2 -XX:ParallelGCThreads=2 -XX:+PrintGC -XX:+PrintGCDateStamps -XX:+PrintGCDetails -XX:+PrintGCTimeStamps -XX:+PrintHeapAtGC -XX:SurvivorRatio=8 -XX:+UseCompressedClassPointers -XX:+UseCompressedOops -XX:-UseConcMarkSweepGC -XX:+UseParallelGC 
{Heap before GC invocations=1 (full 0):
 PSYoungGen      total 78336K, used 69632K [0x00000000d5580000, 0x00000000daa80000, 0x0000000100000000)
  eden space 69632K, 100% used [0x00000000d5580000,0x00000000d9980000,0x00000000d9980000)
  from space 8704K, 0% used [0x00000000da200000,0x00000000da200000,0x00000000daa80000)
  to   space 8704K, 0% used [0x00000000d9980000,0x00000000d9980000,0x00000000da200000)
 ParOldGen       total 175104K, used 0K [0x0000000080000000, 0x000000008ab00000, 0x00000000d5580000)
  object space 175104K, 0% used [0x0000000080000000,0x0000000080000000,0x000000008ab00000)
 Metaspace       used 6908K, capacity 7100K, committed 7296K, reserved 1056768K
  class space    used 794K, capacity 856K, committed 896K, reserved 1048576K
2023-03-24T01:12:08.420+0600: 0.502: [GC (Allocation Failure) [PSYoungGen: 69632K->3091K(78336K)] 69632K->3099K(253440K), 0.0043939 secs] [Times: user=0.01 sys=0.00, real=0.00 secs] 
Heap after GC invocations=1 (full 0):
 PSYoungGen      total 78336K, used 3091K [0x00000000d5580000, 0x00000000daa80000, 0x0000000100000000)
  eden space 69632K, 0% used [0x00000000d5580000,0x00000000d5580000,0x00000000d9980000)
  from space 8704K, 35% used [0x00000000d9980000,0x00000000d9c84cf8,0x00000000da200000)
  to   space 8704K, 0% used [0x00000000da200000,0x00000000da200000,0x00000000daa80000)
 ParOldGen       total 175104K, used 8K [0x0000000080000000, 0x000000008ab00000, 0x00000000d5580000)
  object space 175104K, 0% used [0x0000000080000000,0x0000000080002000,0x000000008ab00000)
 Metaspace       used 6908K, capacity 7100K, committed 7296K, reserved 1056768K
  class space    used 794K, capacity 856K, committed 896K, reserved 1048576K
}
{Heap before GC invocations=2 (full 0):
 PSYoungGen      total 78336K, used 72723K [0x00000000d5580000, 0x00000000daa80000, 0x0000000100000000)
  eden space 69632K, 100% used [0x00000000d5580000,0x00000000d9980000,0x00000000d9980000)
  from space 8704K, 35% used [0x00000000d9980000,0x00000000d9c84cf8,0x00000000da200000)
  to   space 8704K, 0% used [0x00000000da200000,0x00000000da200000,0x00000000daa80000)
 ParOldGen       total 175104K, used 8K [0x0000000080000000, 0x000000008ab00000, 0x00000000d5580000)
  object space 175104K, 0% used [0x0000000080000000,0x0000000080002000,0x000000008ab00000)
 Metaspace       used 7863K, capacity 8060K, committed 8192K, reserved 1056768K
  class space    used 924K, capacity 984K, committed 1024K, reserved 1048576K
2023-03-24T01:12:08.587+0600: 0.669: [GC (Allocation Failure) [PSYoungGen: 72723K->7512K(78336K)] 72731K->7520K(253440K), 0.0103856 secs] [Times: user=0.02 sys=0.01, real=0.01 secs] 
Heap after GC invocations=2 (full 0):
 PSYoungGen      total 78336K, used 7512K [0x00000000d5580000, 0x00000000dee80000, 0x0000000100000000)
  eden space 69632K, 0% used [0x00000000d5580000,0x00000000d5580000,0x00000000d9980000)
  from space 8704K, 86% used [0x00000000da200000,0x00000000da956170,0x00000000daa80000)
  to   space 8704K, 0% used [0x00000000d9980000,0x00000000d9980000,0x00000000da200000)
 ParOldGen       total 175104K, used 8K [0x0000000080000000, 0x000000008ab00000, 0x00000000d5580000)
  object space 175104K, 0% used [0x0000000080000000,0x0000000080002000,0x000000008ab00000)
 Metaspace       used 7863K, capacity 8060K, committed 8192K, reserved 1056768K
  class space    used 924K, capacity 984K, committed 1024K, reserved 1048576K
}
{Heap before GC invocations=3 (full 0):
 PSYoungGen      total 78336K, used 77144K [0x00000000d5580000, 0x00000000dee80000, 0x0000000100000000)
  eden space 69632K, 100% used [0x00000000d5580000,0x00000000d9980000,0x00000000d9980000)
  from space 8704K, 86% used [0x00000000da200000,0x00000000da956170,0x00000000daa80000)
  to   space 8704K, 0% used [0x00000000d9980000,0x00000000d9980000,0x00000000da200000)
 ParOldGen       total 175104K, used 8K [0x0000000080000000, 0x000000008ab00000, 0x00000000d5580000)
  object space 175104K, 0% used [0x0000000080000000,0x0000000080002000,0x000000008ab00000)
 Metaspace       used 7886K, capacity 8060K, committed 8192K, reserved 1056768K
  class space    used 927K, capacity 984K, committed 1024K, reserved 1048576K
2023-03-24T01:12:08.687+0600: 0.769: [GC (Allocation Failure) [PSYoungGen: 77144K->7384K(78336K)] 77152K->7392K(253440K), 0.0085627 secs] [Times: user=0.01 sys=0.00, real=0.01 secs] 
Heap after GC invocations=3 (full 0):
 PSYoungGen      total 78336K, used 7384K [0x00000000d5580000, 0x00000000dee80000, 0x0000000100000000)
  eden space 69632K, 0% used [0x00000000d5580000,0x00000000d5580000,0x00000000d9980000)
  from space 8704K, 84% used [0x00000000d9980000,0x00000000da0b6170,0x00000000da200000)
  to   space 8704K, 0% used [0x00000000de600000,0x00000000de600000,0x00000000dee80000)
 ParOldGen       total 175104K, used 8K [0x0000000080000000, 0x000000008ab00000, 0x00000000d5580000)
  object space 175104K, 0% used [0x0000000080000000,0x0000000080002000,0x000000008ab00000)
 Metaspace       used 7886K, capacity 8060K, committed 8192K, reserved 1056768K
  class space    used 927K, capacity 984K, committed 1024K, reserved 1048576K
}
{Heap before GC invocations=4 (full 0):
 PSYoungGen      total 78336K, used 77016K [0x00000000d5580000, 0x00000000dee80000, 0x0000000100000000)
  eden space 69632K, 100% used [0x00000000d5580000,0x00000000d9980000,0x00000000d9980000)
  from space 8704K, 84% used [0x00000000d9980000,0x00000000da0b6170,0x00000000da200000)
  to   space 8704K, 0% used [0x00000000de600000,0x00000000de600000,0x00000000dee80000)
 ParOldGen       total 175104K, used 8K [0x0000000080000000, 0x000000008ab00000, 0x00000000d5580000)
  object space 175104K, 0% used [0x0000000080000000,0x0000000080002000,0x000000008ab00000)
 Metaspace       used 8299K, capacity 8476K, committed 8704K, reserved 1056768K
  class space    used 980K, capacity 1016K, committed 1024K, reserved 1048576K
2023-03-24T01:12:08.778+0600: 0.861: [GC (Allocation Failure) [PSYoungGen: 77016K->3097K(147968K)] 77024K->3113K(323072K), 0.0055561 secs] [Times: user=0.01 sys=0.00, real=0.01 secs] 
Heap after GC invocations=4 (full 0):
 PSYoungGen      total 147968K, used 3097K [0x00000000d5580000, 0x00000000dee80000, 0x0000000100000000)
  eden space 139264K, 0% used [0x00000000d5580000,0x00000000d5580000,0x00000000ddd80000)
  from space 8704K, 35% used [0x00000000de600000,0x00000000de906660,0x00000000dee80000)
  to   space 8704K, 0% used [0x00000000ddd80000,0x00000000ddd80000,0x00000000de600000)
 ParOldGen       total 175104K, used 16K [0x0000000080000000, 0x000000008ab00000, 0x00000000d5580000)
  object space 175104K, 0% used [0x0000000080000000,0x0000000080004000,0x000000008ab00000)
 Metaspace       used 8299K, capacity 8476K, committed 8704K, reserved 1056768K
  class space    used 980K, capacity 1016K, committed 1024K, reserved 1048576K
}
{Heap before GC invocations=5 (full 0):
 PSYoungGen      total 147968K, used 142361K [0x00000000d5580000, 0x00000000dee80000, 0x0000000100000000)
  eden space 139264K, 100% used [0x00000000d5580000,0x00000000ddd80000,0x00000000ddd80000)
  from space 8704K, 35% used [0x00000000de600000,0x00000000de906660,0x00000000dee80000)
  to   space 8704K, 0% used [0x00000000ddd80000,0x00000000ddd80000,0x00000000de600000)
 ParOldGen       total 175104K, used 16K [0x0000000080000000, 0x000000008ab00000, 0x00000000d5580000)
  object space 175104K, 0% used [0x0000000080000000,0x0000000080004000,0x000000008ab00000)
 Metaspace       used 13011K, capacity 13230K, committed 13440K, reserved 1060864K
  class space    used 1539K, capacity 1595K, committed 1664K, reserved 1048576K
2023-03-24T01:12:09.315+0600: 1.398: [GC (Allocation Failure) [PSYoungGen: 142361K->8522K(147968K)] 142377K->8610K(323072K), 0.0130387 secs] [Times: user=0.02 sys=0.01, real=0.01 secs] 
Heap after GC invocations=5 (full 0):
 PSYoungGen      total 147968K, used 8522K [0x00000000d5580000, 0x00000000e7b80000, 0x0000000100000000)
  eden space 139264K, 0% used [0x00000000d5580000,0x00000000d5580000,0x00000000ddd80000)
  from space 8704K, 97% used [0x00000000ddd80000,0x00000000de5d2b48,0x00000000de600000)
  to   space 11264K, 0% used [0x00000000e7080000,0x00000000e7080000,0x00000000e7b80000)
 ParOldGen       total 175104K, used 88K [0x0000000080000000, 0x000000008ab00000, 0x00000000d5580000)
  object space 175104K, 0% used [0x0000000080000000,0x0000000080016010,0x000000008ab00000)
 Metaspace       used 13011K, capacity 13230K, committed 13440K, reserved 1060864K
  class space    used 1539K, capacity 1595K, committed 1664K, reserved 1048576K
}
{Heap before GC invocations=6 (full 0):
 PSYoungGen      total 147968K, used 147786K [0x00000000d5580000, 0x00000000e7b80000, 0x0000000100000000)
  eden space 139264K, 100% used [0x00000000d5580000,0x00000000ddd80000,0x00000000ddd80000)
  from space 8704K, 97% used [0x00000000ddd80000,0x00000000de5d2b48,0x00000000de600000)
  to   space 11264K, 0% used [0x00000000e7080000,0x00000000e7080000,0x00000000e7b80000)
 ParOldGen       total 175104K, used 88K [0x0000000080000000, 0x000000008ab00000, 0x00000000d5580000)
  object space 175104K, 0% used [0x0000000080000000,0x0000000080016010,0x000000008ab00000)
 Metaspace       used 13017K, capacity 13230K, committed 13440K, reserved 1060864K
  class space    used 1539K, capacity 1595K, committed 1664K, reserved 1048576K
2023-03-24T01:12:09.480+0600: 1.563: [GC (Allocation Failure) [PSYoungGen: 147786K->8280K(289280K)] 147874K->8376K(464384K), 0.0136005 secs] [Times: user=0.02 sys=0.01, real=0.01 secs] 
Heap after GC invocations=6 (full 0):
 PSYoungGen      total 289280K, used 8280K [0x00000000d5580000, 0x00000000e7c80000, 0x0000000100000000)
  eden space 278016K, 0% used [0x00000000d5580000,0x00000000d5580000,0x00000000e6500000)
  from space 11264K, 73% used [0x00000000e7080000,0x00000000e78961b8,0x00000000e7b80000)
  to   space 11776K, 0% used [0x00000000e6500000,0x00000000e6500000,0x00000000e7080000)
 ParOldGen       total 175104K, used 96K [0x0000000080000000, 0x000000008ab00000, 0x00000000d5580000)
  object space 175104K, 0% used [0x0000000080000000,0x0000000080018010,0x000000008ab00000)
 Metaspace       used 13017K, capacity 13230K, committed 13440K, reserved 1060864K
  class space    used 1539K, capacity 1595K, committed 1664K, reserved 1048576K
}
{Heap before GC invocations=7 (full 0):
 PSYoungGen      total 289280K, used 286296K [0x00000000d5580000, 0x00000000e7c80000, 0x0000000100000000)
  eden space 278016K, 100% used [0x00000000d5580000,0x00000000e6500000,0x00000000e6500000)
  from space 11264K, 73% used [0x00000000e7080000,0x00000000e78961b8,0x00000000e7b80000)
  to   space 11776K, 0% used [0x00000000e6500000,0x00000000e6500000,0x00000000e7080000)
 ParOldGen       total 175104K, used 96K [0x0000000080000000, 0x000000008ab00000, 0x00000000d5580000)
  object space 175104K, 0% used [0x0000000080000000,0x0000000080018010,0x000000008ab00000)
 Metaspace       used 19651K, capacity 20030K, committed 20224K, reserved 1067008K
  class space    used 2401K, capacity 2484K, committed 2560K, reserved 1048576K
2023-03-24T01:12:10.205+0600: 2.287: [GC (Allocation Failure) [PSYoungGen: 286296K->11747K(289792K)] 286392K->16001K(464896K), 0.0332027 secs] [Times: user=0.05 sys=0.01, real=0.03 secs] 
Heap after GC invocations=7 (full 0):
 PSYoungGen      total 289792K, used 11747K [0x00000000d5580000, 0x00000000f9380000, 0x0000000100000000)
  eden space 278016K, 0% used [0x00000000d5580000,0x00000000d5580000,0x00000000e6500000)
  from space 11776K, 99% used [0x00000000e6500000,0x00000000e7078e90,0x00000000e7080000)
  to   space 15872K, 0% used [0x00000000f8400000,0x00000000f8400000,0x00000000f9380000)
 ParOldGen       total 175104K, used 4254K [0x0000000080000000, 0x000000008ab00000, 0x00000000d5580000)
  object space 175104K, 2% used [0x0000000080000000,0x0000000080427928,0x000000008ab00000)
 Metaspace       used 19651K, capacity 20030K, committed 20224K, reserved 1067008K
  class space    used 2401K, capacity 2484K, committed 2560K, reserved 1048576K
}
{Heap before GC invocations=8 (full 0):
 PSYoungGen      total 289792K, used 289763K [0x00000000d5580000, 0x00000000f9380000, 0x0000000100000000)
  eden space 278016K, 100% used [0x00000000d5580000,0x00000000e6500000,0x00000000e6500000)
  from space 11776K, 99% used [0x00000000e6500000,0x00000000e7078e90,0x00000000e7080000)
  to   space 15872K, 0% used [0x00000000f8400000,0x00000000f8400000,0x00000000f9380000)
 ParOldGen       total 175104K, used 4254K [0x0000000080000000, 0x000000008ab00000, 0x00000000d5580000)
  object space 175104K, 2% used [0x0000000080000000,0x0000000080427928,0x000000008ab00000)
 Metaspace       used 19944K, capacity 20298K, committed 20480K, reserved 1067008K
  class space    used 2448K, capacity 2550K, committed 2560K, reserved 1048576K
2023-03-24T01:12:10.737+0600: 2.820: [GC (Allocation Failure) [PSYoungGen: 289763K->13818K(570368K)] 294017K->18232K(745472K), 0.0224870 secs] [Times: user=0.06 sys=0.01, real=0.03 secs] 
Heap after GC invocations=8 (full 0):
 PSYoungGen      total 570368K, used 13818K [0x00000000d5580000, 0x00000000f9680000, 0x0000000100000000)
  eden space 554496K, 0% used [0x00000000d5580000,0x00000000d5580000,0x00000000f7300000)
  from space 15872K, 87% used [0x00000000f8400000,0x00000000f917e928,0x00000000f9380000)
  to   space 17408K, 0% used [0x00000000f7300000,0x00000000f7300000,0x00000000f8400000)
 ParOldGen       total 175104K, used 4414K [0x0000000080000000, 0x000000008ab00000, 0x00000000d5580000)
  object space 175104K, 2% used [0x0000000080000000,0x000000008044f948,0x000000008ab00000)
 Metaspace       used 19944K, capacity 20298K, committed 20480K, reserved 1067008K
  class space    used 2448K, capacity 2550K, committed 2560K, reserved 1048576K
}
{Heap before GC invocations=9 (full 0):
 PSYoungGen      total 570368K, used 86453K [0x00000000d5580000, 0x00000000f9680000, 0x0000000100000000)
  eden space 554496K, 13% used [0x00000000d5580000,0x00000000d9c6ec90,0x00000000f7300000)
  from space 15872K, 87% used [0x00000000f8400000,0x00000000f917e928,0x00000000f9380000)
  to   space 17408K, 0% used [0x00000000f7300000,0x00000000f7300000,0x00000000f8400000)
 ParOldGen       total 175104K, used 4414K [0x0000000080000000, 0x000000008ab00000, 0x00000000d5580000)
  object space 175104K, 2% used [0x0000000080000000,0x000000008044f948,0x000000008ab00000)
 Metaspace       used 20828K, capacity 21200K, committed 21296K, reserved 1069056K
  class space    used 2577K, capacity 2679K, committed 2688K, reserved 1048576K
2023-03-24T01:12:10.897+0600: 2.980: [GC (Metadata GC Threshold) [PSYoungGen: 86453K->11469K(571904K)] 90867K->16747K(747008K), 0.0235386 secs] [Times: user=0.07 sys=0.01, real=0.03 secs] 
Heap after GC invocations=9 (full 0):
 PSYoungGen      total 571904K, used 11469K [0x00000000d5580000, 0x0000000100000000, 0x0000000100000000)
  eden space 554496K, 0% used [0x00000000d5580000,0x00000000d5580000,0x00000000f7300000)
  from space 17408K, 65% used [0x00000000f7300000,0x00000000f7e33610,0x00000000f8400000)
  to   space 17920K, 0% used [0x00000000fee80000,0x00000000fee80000,0x0000000100000000)
 ParOldGen       total 175104K, used 5278K [0x0000000080000000, 0x000000008ab00000, 0x00000000d5580000)
  object space 175104K, 3% used [0x0000000080000000,0x0000000080527958,0x000000008ab00000)
 Metaspace       used 20828K, capacity 21200K, committed 21296K, reserved 1069056K
  class space    used 2577K, capacity 2679K, committed 2688K, reserved 1048576K
}
{Heap before GC invocations=10 (full 1):
 PSYoungGen      total 571904K, used 11469K [0x00000000d5580000, 0x0000000100000000, 0x0000000100000000)
  eden space 554496K, 0% used [0x00000000d5580000,0x00000000d5580000,0x00000000f7300000)
  from space 17408K, 65% used [0x00000000f7300000,0x00000000f7e33610,0x00000000f8400000)
  to   space 17920K, 0% used [0x00000000fee80000,0x00000000fee80000,0x0000000100000000)
 ParOldGen       total 175104K, used 5278K [0x0000000080000000, 0x000000008ab00000, 0x00000000d5580000)
  object space 175104K, 3% used [0x0000000080000000,0x0000000080527958,0x000000008ab00000)
 Metaspace       used 20828K, capacity 21200K, committed 21296K, reserved 1069056K
  class space    used 2577K, capacity 2679K, committed 2688K, reserved 1048576K
2023-03-24T01:12:10.921+0600: 3.003: [Full GC (Metadata GC Threshold) [PSYoungGen: 11469K->0K(571904K)] [ParOldGen: 5278K->14738K(175104K)] 16747K->14738K(747008K), [Metaspace: 20828K->20828K(1069056K)], 0.0665910 secs] [Times: user=0.17 sys=0.00, real=0.06 secs] 
Heap after GC invocations=10 (full 1):
 PSYoungGen      total 571904K, used 0K [0x00000000d5580000, 0x0000000100000000, 0x0000000100000000)
  eden space 554496K, 0% used [0x00000000d5580000,0x00000000d5580000,0x00000000f7300000)
  from space 17408K, 0% used [0x00000000f7300000,0x00000000f7300000,0x00000000f8400000)
  to   space 17920K, 0% used [0x00000000fee80000,0x00000000fee80000,0x0000000100000000)
 ParOldGen       total 175104K, used 14738K [0x0000000080000000, 0x000000008ab00000, 0x00000000d5580000)
  object space 175104K, 8% used [0x0000000080000000,0x0000000080e64880,0x000000008ab00000)
 Metaspace       used 20828K, capacity 21200K, committed 21296K, reserved 1069056K
  class space    used 2577K, capacity 2679K, committed 2688K, reserved 1048576K
}
{Heap before GC invocations=11 (full 1):
 PSYoungGen      total 571904K, used 554496K [0x00000000d5580000, 0x0000000100000000, 0x0000000100000000)
  eden space 554496K, 100% used [0x00000000d5580000,0x00000000f7300000,0x00000000f7300000)
  from space 17408K, 0% used [0x00000000f7300000,0x00000000f7300000,0x00000000f8400000)
  to   space 17920K, 0% used [0x00000000fee80000,0x00000000fee80000,0x0000000100000000)
 ParOldGen       total 175104K, used 14738K [0x0000000080000000, 0x000000008ab00000, 0x00000000d5580000)
  object space 175104K, 8% used [0x0000000080000000,0x0000000080e64880,0x000000008ab00000)
 Metaspace       used 24531K, capacity 24954K, committed 25216K, reserved 1071104K
  class space    used 3089K, capacity 3198K, committed 3200K, reserved 1048576K
2023-03-24T01:12:12.300+0600: 4.383: [GC (Allocation Failure) [PSYoungGen: 554496K->12150K(679936K)] 569234K->26896K(855040K), 0.0217019 secs] [Times: user=0.07 sys=0.01, real=0.02 secs] 
Heap after GC invocations=11 (full 1):
 PSYoungGen      total 679936K, used 12150K [0x00000000d5580000, 0x0000000100000000, 0x0000000100000000)
  eden space 662016K, 0% used [0x00000000d5580000,0x00000000d5580000,0x00000000fdc00000)
  from space 17920K, 67% used [0x00000000fee80000,0x00000000ffa5d928,0x0000000100000000)
  to   space 18432K, 0% used [0x00000000fdc00000,0x00000000fdc00000,0x00000000fee00000)
 ParOldGen       total 175104K, used 14746K [0x0000000080000000, 0x000000008ab00000, 0x00000000d5580000)
  object space 175104K, 8% used [0x0000000080000000,0x0000000080e66880,0x000000008ab00000)
 Metaspace       used 24531K, capacity 24954K, committed 25216K, reserved 1071104K
  class space    used 3089K, capacity 3198K, committed 3200K, reserved 1048576K
}
{Heap before GC invocations=12 (full 1):
 PSYoungGen      total 679936K, used 674166K [0x00000000d5580000, 0x0000000100000000, 0x0000000100000000)
  eden space 662016K, 100% used [0x00000000d5580000,0x00000000fdc00000,0x00000000fdc00000)
  from space 17920K, 67% used [0x00000000fee80000,0x00000000ffa5d928,0x0000000100000000)
  to   space 18432K, 0% used [0x00000000fdc00000,0x00000000fdc00000,0x00000000fee00000)
 ParOldGen       total 175104K, used 14746K [0x0000000080000000, 0x000000008ab00000, 0x00000000d5580000)
  object space 175104K, 8% used [0x0000000080000000,0x0000000080e66880,0x000000008ab00000)
 Metaspace       used 32388K, capacity 32880K, committed 33280K, reserved 1079296K
  class space    used 4134K, capacity 4245K, committed 4352K, reserved 1048576K
2023-03-24T01:12:14.269+0600: 6.351: [GC (Allocation Failure) [PSYoungGen: 674166K->15706K(677888K)] 688912K->33261K(852992K), 0.0365616 secs] [Times: user=0.04 sys=0.01, real=0.04 secs] 
Heap after GC invocations=12 (full 1):
 PSYoungGen      total 677888K, used 15706K [0x00000000d5580000, 0x0000000100000000, 0x0000000100000000)
  eden space 662016K, 0% used [0x00000000d5580000,0x00000000d5580000,0x00000000fdc00000)
  from space 15872K, 98% used [0x00000000fdc00000,0x00000000feb56b80,0x00000000feb80000)
  to   space 19968K, 0% used [0x00000000fec80000,0x00000000fec80000,0x0000000100000000)
 ParOldGen       total 175104K, used 17554K [0x0000000080000000, 0x000000008ab00000, 0x00000000d5580000)
  object space 175104K, 10% used [0x0000000080000000,0x0000000081124930,0x000000008ab00000)
 Metaspace       used 32388K, capacity 32880K, committed 33280K, reserved 1079296K
  class space    used 4134K, capacity 4245K, committed 4352K, reserved 1048576K
}
{Heap before GC invocations=13 (full 1):
 PSYoungGen      total 677888K, used 194248K [0x00000000d5580000, 0x0000000100000000, 0x0000000100000000)
  eden space 662016K, 26% used [0x00000000d5580000,0x00000000e03db608,0x00000000fdc00000)
  from space 15872K, 98% used [0x00000000fdc00000,0x00000000feb56b80,0x00000000feb80000)
  to   space 19968K, 0% used [0x00000000fec80000,0x00000000fec80000,0x0000000100000000)
 ParOldGen       total 175104K, used 17554K [0x0000000080000000, 0x000000008ab00000, 0x00000000d5580000)
  object space 175104K, 10% used [0x0000000080000000,0x0000000081124930,0x000000008ab00000)
 Metaspace       used 34769K, capacity 35316K, committed 35496K, reserved 1081344K
  class space    used 4449K, capacity 4577K, committed 4608K, reserved 1048576K
2023-03-24T01:12:14.730+0600: 6.813: [GC (Metadata GC Threshold) [PSYoungGen: 194248K->6919K(679424K)] 211802K->29682K(854528K), 0.0173131 secs] [Times: user=0.07 sys=0.01, real=0.01 secs] 
Heap after GC invocations=13 (full 1):
 PSYoungGen      total 679424K, used 6919K [0x00000000d5580000, 0x0000000100000000, 0x0000000100000000)
  eden space 659456K, 0% used [0x00000000d5580000,0x00000000d5580000,0x00000000fd980000)
  from space 19968K, 34% used [0x00000000fec80000,0x00000000ff341ed0,0x0000000100000000)
  to   space 19456K, 0% used [0x00000000fd980000,0x00000000fd980000,0x00000000fec80000)
 ParOldGen       total 175104K, used 22762K [0x0000000080000000, 0x000000008ab00000, 0x00000000d5580000)
  object space 175104K, 12% used [0x0000000080000000,0x000000008163a980,0x000000008ab00000)
 Metaspace       used 34769K, capacity 35316K, committed 35496K, reserved 1081344K
  class space    used 4449K, capacity 4577K, committed 4608K, reserved 1048576K
}
{Heap before GC invocations=14 (full 2):
 PSYoungGen      total 679424K, used 6919K [0x00000000d5580000, 0x0000000100000000, 0x0000000100000000)
  eden space 659456K, 0% used [0x00000000d5580000,0x00000000d5580000,0x00000000fd980000)
  from space 19968K, 34% used [0x00000000fec80000,0x00000000ff341ed0,0x0000000100000000)
  to   space 19456K, 0% used [0x00000000fd980000,0x00000000fd980000,0x00000000fec80000)
 ParOldGen       total 175104K, used 22762K [0x0000000080000000, 0x000000008ab00000, 0x00000000d5580000)
  object space 175104K, 12% used [0x0000000080000000,0x000000008163a980,0x000000008ab00000)
 Metaspace       used 34769K, capacity 35316K, committed 35496K, reserved 1081344K
  class space    used 4449K, capacity 4577K, committed 4608K, reserved 1048576K
2023-03-24T01:12:14.747+0600: 6.830: [Full GC (Metadata GC Threshold) [PSYoungGen: 6919K->0K(679424K)] [ParOldGen: 22762K->27469K(175104K)] 29682K->27469K(854528K), [Metaspace: 34769K->34769K(1081344K)], 0.1578697 secs] [Times: user=0.42 sys=0.01, real=0.16 secs] 
Heap after GC invocations=14 (full 2):
 PSYoungGen      total 679424K, used 0K [0x00000000d5580000, 0x0000000100000000, 0x0000000100000000)
  eden space 659456K, 0% used [0x00000000d5580000,0x00000000d5580000,0x00000000fd980000)
  from space 19968K, 0% used [0x00000000fec80000,0x00000000fec80000,0x0000000100000000)
  to   space 19456K, 0% used [0x00000000fd980000,0x00000000fd980000,0x00000000fec80000)
 ParOldGen       total 175104K, used 27469K [0x0000000080000000, 0x000000008ab00000, 0x00000000d5580000)
  object space 175104K, 15% used [0x0000000080000000,0x0000000081ad35a0,0x000000008ab00000)
 Metaspace       used 34769K, capacity 35316K, committed 35496K, reserved 1081344K
  class space    used 4449K, capacity 4577K, committed 4608K, reserved 1048576K
}
{Heap before GC invocations=15 (full 2):
 PSYoungGen      total 679424K, used 659456K [0x00000000d5580000, 0x0000000100000000, 0x0000000100000000)
  eden space 659456K, 100% used [0x00000000d5580000,0x00000000fd980000,0x00000000fd980000)
  from space 19968K, 0% used [0x00000000fec80000,0x00000000fec80000,0x0000000100000000)
  to   space 19456K, 0% used [0x00000000fd980000,0x00000000fd980000,0x00000000fec80000)
 ParOldGen       total 175104K, used 27469K [0x0000000080000000, 0x000000008ab00000, 0x00000000d5580000)
  object space 175104K, 15% used [0x0000000080000000,0x0000000081ad35a0,0x000000008ab00000)
 Metaspace       used 40101K, capacity 40738K, committed 40960K, reserved 1085440K
  class space    used 5115K, capacity 5305K, committed 5376K, reserved 1048576K
2023-03-24T01:12:16.270+0600: 8.353: [GC (Allocation Failure) [PSYoungGen: 659456K->17345K(676864K)] 686925K->44822K(851968K), 0.0194066 secs] [Times: user=0.07 sys=0.00, real=0.02 secs] 
Heap after GC invocations=15 (full 2):
 PSYoungGen      total 676864K, used 17345K [0x00000000d5580000, 0x0000000100000000, 0x0000000100000000)
  eden space 659456K, 0% used [0x00000000d5580000,0x00000000d5580000,0x00000000fd980000)
  from space 17408K, 99% used [0x00000000fd980000,0x00000000fea70648,0x00000000fea80000)
  to   space 20992K, 0% used [0x00000000feb80000,0x00000000feb80000,0x0000000100000000)
 ParOldGen       total 175104K, used 27477K [0x0000000080000000, 0x000000008ab00000, 0x00000000d5580000)
  object space 175104K, 15% used [0x0000000080000000,0x0000000081ad55a0,0x000000008ab00000)
 Metaspace       used 40101K, capacity 40738K, committed 40960K, reserved 1085440K
  class space    used 5115K, capacity 5305K, committed 5376K, reserved 1048576K
}
{Heap before GC invocations=16 (full 2):
 PSYoungGen      total 676864K, used 676801K [0x00000000d5580000, 0x0000000100000000, 0x0000000100000000)
  eden space 659456K, 100% used [0x00000000d5580000,0x00000000fd980000,0x00000000fd980000)
  from space 17408K, 99% used [0x00000000fd980000,0x00000000fea70648,0x00000000fea80000)
  to   space 20992K, 0% used [0x00000000feb80000,0x00000000feb80000,0x0000000100000000)
 ParOldGen       total 175104K, used 27477K [0x0000000080000000, 0x000000008ab00000, 0x00000000d5580000)
  object space 175104K, 15% used [0x0000000080000000,0x0000000081ad55a0,0x000000008ab00000)
 Metaspace       used 50003K, capacity 50912K, committed 51200K, reserved 1093632K
  class space    used 6406K, capacity 6612K, committed 6656K, reserved 1048576K
2023-03-24T01:12:18.269+0600: 10.352: [GC (Allocation Failure) [PSYoungGen: 676801K->20970K(666624K)] 704278K->54802K(841728K), 0.0309040 secs] [Times: user=0.11 sys=0.00, real=0.03 secs] 
Heap after GC invocations=16 (full 2):
 PSYoungGen      total 666624K, used 20970K [0x00000000d5580000, 0x0000000100000000, 0x0000000100000000)
  eden space 645632K, 0% used [0x00000000d5580000,0x00000000d5580000,0x00000000fcc00000)
  from space 20992K, 99% used [0x00000000feb80000,0x00000000ffffa8f8,0x0000000100000000)
  to   space 26624K, 0% used [0x00000000fcc00000,0x00000000fcc00000,0x00000000fe600000)
 ParOldGen       total 175104K, used 33832K [0x0000000080000000, 0x000000008ab00000, 0x00000000d5580000)
  object space 175104K, 19% used [0x0000000080000000,0x000000008210a288,0x000000008ab00000)
 Metaspace       used 50003K, capacity 50912K, committed 51200K, reserved 1093632K
  class space    used 6406K, capacity 6612K, committed 6656K, reserved 1048576K
}
{Heap before GC invocations=17 (full 2):
 PSYoungGen      total 666624K, used 579217K [0x00000000d5580000, 0x0000000100000000, 0x0000000100000000)
  eden space 645632K, 86% used [0x00000000d5580000,0x00000000f76a9e30,0x00000000fcc00000)
  from space 20992K, 99% used [0x00000000feb80000,0x00000000ffffa8f8,0x0000000100000000)
  to   space 26624K, 0% used [0x00000000fcc00000,0x00000000fcc00000,0x00000000fe600000)
 ParOldGen       total 175104K, used 33832K [0x0000000080000000, 0x000000008ab00000, 0x00000000d5580000)
  object space 175104K, 19% used [0x0000000080000000,0x000000008210a288,0x000000008ab00000)
 Metaspace       used 57888K, capacity 58834K, committed 59136K, reserved 1099776K
  class space    used 7616K, capacity 7825K, committed 7936K, reserved 1048576K
2023-03-24T01:12:19.488+0600: 11.571: [GC (Metadata GC Threshold) [PSYoungGen: 579217K->14243K(672256K)] 613050K->53912K(847360K), 0.0257811 secs] [Times: user=0.07 sys=0.00, real=0.03 secs] 
Heap after GC invocations=17 (full 2):
 PSYoungGen      total 672256K, used 14243K [0x00000000d5580000, 0x0000000100000000, 0x0000000100000000)
  eden space 645632K, 0% used [0x00000000d5580000,0x00000000d5580000,0x00000000fcc00000)
  from space 26624K, 53% used [0x00000000fcc00000,0x00000000fd9e8ca0,0x00000000fe600000)
  to   space 26112K, 0% used [0x00000000fe680000,0x00000000fe680000,0x0000000100000000)
 ParOldGen       total 175104K, used 39669K [0x0000000080000000, 0x000000008ab00000, 0x00000000d5580000)
  object space 175104K, 22% used [0x0000000080000000,0x00000000826bd510,0x000000008ab00000)
 Metaspace       used 57888K, capacity 58834K, committed 59136K, reserved 1099776K
  class space    used 7616K, capacity 7825K, committed 7936K, reserved 1048576K
}
{Heap before GC invocations=18 (full 3):
 PSYoungGen      total 672256K, used 14243K [0x00000000d5580000, 0x0000000100000000, 0x0000000100000000)
  eden space 645632K, 0% used [0x00000000d5580000,0x00000000d5580000,0x00000000fcc00000)
  from space 26624K, 53% used [0x00000000fcc00000,0x00000000fd9e8ca0,0x00000000fe600000)
  to   space 26112K, 0% used [0x00000000fe680000,0x00000000fe680000,0x0000000100000000)
 ParOldGen       total 175104K, used 39669K [0x0000000080000000, 0x000000008ab00000, 0x00000000d5580000)
  object space 175104K, 22% used [0x0000000080000000,0x00000000826bd510,0x000000008ab00000)
 Metaspace       used 57888K, capacity 58834K, committed 59136K, reserved 1099776K
  class space    used 7616K, capacity 7825K, committed 7936K, reserved 1048576K
2023-03-24T01:12:19.514+0600: 11.597: [Full GC (Metadata GC Threshold) [PSYoungGen: 14243K->0K(672256K)] [ParOldGen: 39669K->46582K(215040K)] 53912K->46582K(887296K), [Metaspace: 57888K->57888K(1099776K)], 0.2267756 secs] [Times: user=0.39 sys=0.00, real=0.23 secs] 
Heap after GC invocations=18 (full 3):
 PSYoungGen      total 672256K, used 0K [0x00000000d5580000, 0x0000000100000000, 0x0000000100000000)
  eden space 645632K, 0% used [0x00000000d5580000,0x00000000d5580000,0x00000000fcc00000)
  from space 26624K, 0% used [0x00000000fcc00000,0x00000000fcc00000,0x00000000fe600000)
  to   space 26112K, 0% used [0x00000000fe680000,0x00000000fe680000,0x0000000100000000)
 ParOldGen       total 215040K, used 46582K [0x0000000080000000, 0x000000008d200000, 0x00000000d5580000)
  object space 215040K, 21% used [0x0000000080000000,0x0000000082d7d9c0,0x000000008d200000)
 Metaspace       used 57888K, capacity 58834K, committed 59136K, reserved 1099776K
  class space    used 7616K, capacity 7825K, committed 7936K, reserved 1048576K
}
{Heap before GC invocations=19 (full 3):
 PSYoungGen      total 672256K, used 645632K [0x00000000d5580000, 0x0000000100000000, 0x0000000100000000)
  eden space 645632K, 100% used [0x00000000d5580000,0x00000000fcc00000,0x00000000fcc00000)
  from space 26624K, 0% used [0x00000000fcc00000,0x00000000fcc00000,0x00000000fe600000)
  to   space 26112K, 0% used [0x00000000fe680000,0x00000000fe680000,0x0000000100000000)
 ParOldGen       total 215040K, used 46582K [0x0000000080000000, 0x000000008d200000, 0x00000000d5580000)
  object space 215040K, 21% used [0x0000000080000000,0x0000000082d7d9c0,0x000000008d200000)
 Metaspace       used 65477K, capacity 66528K, committed 66944K, reserved 1107968K
  class space    used 8571K, capacity 8782K, committed 8832K, reserved 1048576K
2023-03-24T01:12:22.363+0600: 14.446: [GC (Allocation Failure) [PSYoungGen: 645632K->16776K(671744K)] 692214K->63366K(886784K), 0.0246379 secs] [Times: user=0.11 sys=0.01, real=0.02 secs] 
Heap after GC invocations=19 (full 3):
 PSYoungGen      total 671744K, used 16776K [0x00000000d5580000, 0x00000000fff80000, 0x0000000100000000)
  eden space 646144K, 0% used [0x00000000d5580000,0x00000000d5580000,0x00000000fcc80000)
  from space 25600K, 65% used [0x00000000fe680000,0x00000000ff6e20e0,0x00000000fff80000)
  to   space 26112K, 0% used [0x00000000fcc80000,0x00000000fcc80000,0x00000000fe600000)
 ParOldGen       total 215040K, used 46590K [0x0000000080000000, 0x000000008d200000, 0x00000000d5580000)
  object space 215040K, 21% used [0x0000000080000000,0x0000000082d7f9c0,0x000000008d200000)
 Metaspace       used 65477K, capacity 66528K, committed 66944K, reserved 1107968K
  class space    used 8571K, capacity 8782K, committed 8832K, reserved 1048576K
}
{Heap before GC invocations=20 (full 3):
 PSYoungGen      total 671744K, used 662920K [0x00000000d5580000, 0x00000000fff80000, 0x0000000100000000)
  eden space 646144K, 100% used [0x00000000d5580000,0x00000000fcc80000,0x00000000fcc80000)
  from space 25600K, 65% used [0x00000000fe680000,0x00000000ff6e20e0,0x00000000fff80000)
  to   space 26112K, 0% used [0x00000000fcc80000,0x00000000fcc80000,0x00000000fe600000)
 ParOldGen       total 215040K, used 46590K [0x0000000080000000, 0x000000008d200000, 0x00000000d5580000)
  object space 215040K, 21% used [0x0000000080000000,0x0000000082d7f9c0,0x000000008d200000)
 Metaspace       used 68412K, capacity 69606K, committed 69888K, reserved 1110016K
  class space    used 8936K, capacity 9199K, committed 9216K, reserved 1048576K
2023-03-24T01:12:23.874+0600: 15.957: [GC (Allocation Failure) [PSYoungGen: 662920K->26092K(672256K)] 709510K->74240K(887296K), 0.0341167 secs] [Times: user=0.16 sys=0.00, real=0.03 secs] 
Heap after GC invocations=20 (full 3):
 PSYoungGen      total 672256K, used 26092K [0x00000000d5580000, 0x0000000100000000, 0x0000000100000000)
  eden space 646144K, 0% used [0x00000000d5580000,0x00000000d5580000,0x00000000fcc80000)
  from space 26112K, 99% used [0x00000000fcc80000,0x00000000fe5fb268,0x00000000fe600000)
  to   space 26624K, 0% used [0x00000000fe600000,0x00000000fe600000,0x0000000100000000)
 ParOldGen       total 215040K, used 48147K [0x0000000080000000, 0x000000008d200000, 0x00000000d5580000)
  object space 215040K, 22% used [0x0000000080000000,0x0000000082f04e70,0x000000008d200000)
 Metaspace       used 68412K, capacity 69606K, committed 69888K, reserved 1110016K
  class space    used 8936K, capacity 9199K, committed 9216K, reserved 1048576K
}
{Heap before GC invocations=21 (full 3):
 PSYoungGen      total 672256K, used 672236K [0x00000000d5580000, 0x0000000100000000, 0x0000000100000000)
  eden space 646144K, 100% used [0x00000000d5580000,0x00000000fcc80000,0x00000000fcc80000)
  from space 26112K, 99% used [0x00000000fcc80000,0x00000000fe5fb268,0x00000000fe600000)
  to   space 26624K, 0% used [0x00000000fe600000,0x00000000fe600000,0x0000000100000000)
 ParOldGen       total 215040K, used 48147K [0x0000000080000000, 0x000000008d200000, 0x00000000d5580000)
  object space 215040K, 22% used [0x0000000080000000,0x0000000082f04e70,0x000000008d200000)
 Metaspace       used 71191K, capacity 72402K, committed 72576K, reserved 1112064K
  class space    used 9269K, capacity 9537K, committed 9600K, reserved 1048576K
2023-03-24T01:12:25.198+0600: 17.281: [GC (Allocation Failure) [PSYoungGen: 672236K->19515K(664064K)] 720384K->80481K(879104K), 0.0400931 secs] [Times: user=0.14 sys=0.01, real=0.04 secs] 
Heap after GC invocations=21 (full 3):
 PSYoungGen      total 664064K, used 19515K [0x00000000d5580000, 0x0000000100000000, 0x0000000100000000)
  eden space 637440K, 0% used [0x00000000d5580000,0x00000000d5580000,0x00000000fc400000)
  from space 26624K, 73% used [0x00000000fe600000,0x00000000ff90ee78,0x0000000100000000)
  to   space 30720K, 0% used [0x00000000fc400000,0x00000000fc400000,0x00000000fe200000)
 ParOldGen       total 215040K, used 60966K [0x0000000080000000, 0x000000008d200000, 0x00000000d5580000)
  object space 215040K, 28% used [0x0000000080000000,0x0000000083b898a0,0x000000008d200000)
 Metaspace       used 71191K, capacity 72402K, committed 72576K, reserved 1112064K
  class space    used 9269K, capacity 9537K, committed 9600K, reserved 1048576K
}
{Heap before GC invocations=22 (full 3):
 PSYoungGen      total 664064K, used 656955K [0x00000000d5580000, 0x0000000100000000, 0x0000000100000000)
  eden space 637440K, 100% used [0x00000000d5580000,0x00000000fc400000,0x00000000fc400000)
  from space 26624K, 73% used [0x00000000fe600000,0x00000000ff90ee78,0x0000000100000000)
  to   space 30720K, 0% used [0x00000000fc400000,0x00000000fc400000,0x00000000fe200000)
 ParOldGen       total 215040K, used 60966K [0x0000000080000000, 0x000000008d200000, 0x00000000d5580000)
  object space 215040K, 28% used [0x0000000080000000,0x0000000083b898a0,0x000000008d200000)
 Metaspace       used 72025K, capacity 73262K, committed 73472K, reserved 1114112K
  class space    used 9396K, capacity 9645K, committed 9728K, reserved 1048576K
2023-03-24T01:12:26.154+0600: 18.237: [GC (Allocation Failure) [PSYoungGen: 656955K->17862K(668160K)] 717921K->78836K(883200K), 0.0223026 secs] [Times: user=0.10 sys=0.00, real=0.02 secs] 
Heap after GC invocations=22 (full 3):
 PSYoungGen      total 668160K, used 17862K [0x00000000d5580000, 0x0000000100000000, 0x0000000100000000)
  eden space 637440K, 0% used [0x00000000d5580000,0x00000000d5580000,0x00000000fc400000)
  from space 30720K, 58% used [0x00000000fc400000,0x00000000fd571ad0,0x00000000fe200000)
  to   space 30208K, 0% used [0x00000000fe280000,0x00000000fe280000,0x0000000100000000)
 ParOldGen       total 215040K, used 60974K [0x0000000080000000, 0x000000008d200000, 0x00000000d5580000)
  object space 215040K, 28% used [0x0000000080000000,0x0000000083b8b8a0,0x000000008d200000)
 Metaspace       used 72025K, capacity 73262K, committed 73472K, reserved 1114112K
  class space    used 9396K, capacity 9645K, committed 9728K, reserved 1048576K
}
{Heap before GC invocations=23 (full 3):
 PSYoungGen      total 668160K, used 655302K [0x00000000d5580000, 0x0000000100000000, 0x0000000100000000)
  eden space 637440K, 100% used [0x00000000d5580000,0x00000000fc400000,0x00000000fc400000)
  from space 30720K, 58% used [0x00000000fc400000,0x00000000fd571ad0,0x00000000fe200000)
  to   space 30208K, 0% used [0x00000000fe280000,0x00000000fe280000,0x0000000100000000)
 ParOldGen       total 215040K, used 60974K [0x0000000080000000, 0x000000008d200000, 0x00000000d5580000)
  object space 215040K, 28% used [0x0000000080000000,0x0000000083b8b8a0,0x000000008d200000)
 Metaspace       used 73589K, capacity 74876K, committed 75008K, reserved 1114112K
  class space    used 9631K, capacity 9886K, committed 9984K, reserved 1048576K
2023-03-24T01:12:27.300+0600: 19.383: [GC (Allocation Failure) [PSYoungGen: 655302K->23245K(665600K)] 716276K->84227K(880640K), 0.0251577 secs] [Times: user=0.08 sys=0.00, real=0.02 secs] 
Heap after GC invocations=23 (full 3):
 PSYoungGen      total 665600K, used 23245K [0x00000000d5580000, 0x0000000100000000, 0x0000000100000000)
  eden space 635392K, 0% used [0x00000000d5580000,0x00000000d5580000,0x00000000fc200000)
  from space 30208K, 76% used [0x00000000fe280000,0x00000000ff933700,0x0000000100000000)
  to   space 31744K, 0% used [0x00000000fc200000,0x00000000fc200000,0x00000000fe100000)
 ParOldGen       total 215040K, used 60982K [0x0000000080000000, 0x000000008d200000, 0x00000000d5580000)
  object space 215040K, 28% used [0x0000000080000000,0x0000000083b8d8a0,0x000000008d200000)
 Metaspace       used 73589K, capacity 74876K, committed 75008K, reserved 1114112K
  class space    used 9631K, capacity 9886K, committed 9984K, reserved 1048576K
}
{Heap before GC invocations=24 (full 3):
 PSYoungGen      total 665600K, used 658637K [0x00000000d5580000, 0x0000000100000000, 0x0000000100000000)
  eden space 635392K, 100% used [0x00000000d5580000,0x00000000fc200000,0x00000000fc200000)
  from space 30208K, 76% used [0x00000000fe280000,0x00000000ff933700,0x0000000100000000)
  to   space 31744K, 0% used [0x00000000fc200000,0x00000000fc200000,0x00000000fe100000)
 ParOldGen       total 215040K, used 60982K [0x0000000080000000, 0x000000008d200000, 0x00000000d5580000)
  object space 215040K, 28% used [0x0000000080000000,0x0000000083b8d8a0,0x000000008d200000)
 Metaspace       used 74955K, capacity 76368K, committed 76416K, reserved 1116160K
  class space    used 9795K, capacity 10076K, committed 10112K, reserved 1048576K
2023-03-24T01:12:28.447+0600: 20.529: [GC (Allocation Failure) [PSYoungGen: 658637K->27963K(663552K)] 719619K->88946K(878592K), 0.0319482 secs] [Times: user=0.14 sys=0.00, real=0.03 secs] 
Heap after GC invocations=24 (full 3):
 PSYoungGen      total 663552K, used 27963K [0x00000000d5580000, 0x0000000100000000, 0x0000000100000000)
  eden space 635392K, 0% used [0x00000000d5580000,0x00000000d5580000,0x00000000fc200000)
  from space 28160K, 99% used [0x00000000fc200000,0x00000000fdd4efb8,0x00000000fdd80000)
  to   space 34816K, 0% used [0x00000000fde00000,0x00000000fde00000,0x0000000100000000)
 ParOldGen       total 215040K, used 60982K [0x0000000080000000, 0x000000008d200000, 0x00000000d5580000)
  object space 215040K, 28% used [0x0000000080000000,0x0000000083b8d8a0,0x000000008d200000)
 Metaspace       used 74955K, capacity 76368K, committed 76416K, reserved 1116160K
  class space    used 9795K, capacity 10076K, committed 10112K, reserved 1048576K
}
{Heap before GC invocations=25 (full 3):
 PSYoungGen      total 663552K, used 663355K [0x00000000d5580000, 0x0000000100000000, 0x0000000100000000)
  eden space 635392K, 100% used [0x00000000d5580000,0x00000000fc200000,0x00000000fc200000)
  from space 28160K, 99% used [0x00000000fc200000,0x00000000fdd4efb8,0x00000000fdd80000)
  to   space 34816K, 0% used [0x00000000fde00000,0x00000000fde00000,0x0000000100000000)
 ParOldGen       total 215040K, used 60982K [0x0000000080000000, 0x000000008d200000, 0x00000000d5580000)
  object space 215040K, 28% used [0x0000000080000000,0x0000000083b8d8a0,0x000000008d200000)
 Metaspace       used 81561K, capacity 83216K, committed 83456K, reserved 1122304K
  class space    used 10609K, capacity 10942K, committed 11008K, reserved 1048576K
2023-03-24T01:15:27.830+0600: 199.913: [GC (Allocation Failure) [PSYoungGen: 663355K->24789K(662016K)] 724338K->85779K(877056K), 0.0406425 secs] [Times: user=0.08 sys=0.00, real=0.04 secs] 
Heap after GC invocations=25 (full 3):
 PSYoungGen      total 662016K, used 24789K [0x00000000d5580000, 0x0000000100000000, 0x0000000100000000)
  eden space 627200K, 0% used [0x00000000d5580000,0x00000000d5580000,0x00000000fba00000)
  from space 34816K, 71% used [0x00000000fde00000,0x00000000ff635730,0x0000000100000000)
  to   space 35840K, 0% used [0x00000000fba00000,0x00000000fba00000,0x00000000fdd00000)
 ParOldGen       total 215040K, used 60990K [0x0000000080000000, 0x000000008d200000, 0x00000000d5580000)
  object space 215040K, 28% used [0x0000000080000000,0x0000000083b8f8a0,0x000000008d200000)
 Metaspace       used 81561K, capacity 83216K, committed 83456K, reserved 1122304K
  class space    used 10609K, capacity 10942K, committed 11008K, reserved 1048576K
}
{Heap before GC invocations=26 (full 3):
 PSYoungGen      total 662016K, used 651989K [0x00000000d5580000, 0x0000000100000000, 0x0000000100000000)
  eden space 627200K, 100% used [0x00000000d5580000,0x00000000fba00000,0x00000000fba00000)
  from space 34816K, 71% used [0x00000000fde00000,0x00000000ff635730,0x0000000100000000)
  to   space 35840K, 0% used [0x00000000fba00000,0x00000000fba00000,0x00000000fdd00000)
 ParOldGen       total 215040K, used 60990K [0x0000000080000000, 0x000000008d200000, 0x00000000d5580000)
  object space 215040K, 28% used [0x0000000080000000,0x0000000083b8f8a0,0x000000008d200000)
 Metaspace       used 84712K, capacity 86504K, committed 86784K, reserved 1124352K
  class space    used 10883K, capacity 11220K, committed 11264K, reserved 1048576K
2023-03-24T08:36:34.067+0600: 26666.150: [GC (Allocation Failure) [PSYoungGen: 651989K->26694K(654336K)] 712979K->87692K(869376K), 0.0537343 secs] [Times: user=0.09 sys=0.00, real=0.06 secs] 
Heap after GC invocations=26 (full 3):
 PSYoungGen      total 654336K, used 26694K [0x00000000d5580000, 0x0000000100000000, 0x0000000100000000)
  eden space 627200K, 0% used [0x00000000d5580000,0x00000000d5580000,0x00000000fba00000)
  from space 27136K, 98% used [0x00000000fba00000,0x00000000fd411ac8,0x00000000fd480000)
  to   space 37376K, 0% used [0x00000000fdb80000,0x00000000fdb80000,0x0000000100000000)
 ParOldGen       total 215040K, used 60998K [0x0000000080000000, 0x000000008d200000, 0x00000000d5580000)
  object space 215040K, 28% used [0x0000000080000000,0x0000000083b918a0,0x000000008d200000)
 Metaspace       used 84712K, capacity 86504K, committed 86784K, reserved 1124352K
  class space    used 10883K, capacity 11220K, committed 11264K, reserved 1048576K
}
{Heap before GC invocations=27 (full 3):
 PSYoungGen      total 654336K, used 653894K [0x00000000d5580000, 0x0000000100000000, 0x0000000100000000)
  eden space 627200K, 100% used [0x00000000d5580000,0x00000000fba00000,0x00000000fba00000)
  from space 27136K, 98% used [0x00000000fba00000,0x00000000fd411ac8,0x00000000fd480000)
  to   space 37376K, 0% used [0x00000000fdb80000,0x00000000fdb80000,0x0000000100000000)
 ParOldGen       total 215040K, used 60998K [0x0000000080000000, 0x000000008d200000, 0x00000000d5580000)
  object space 215040K, 28% used [0x0000000080000000,0x0000000083b918a0,0x000000008d200000)
 Metaspace       used 86997K, capacity 89106K, committed 89344K, reserved 1126400K
  class space    used 11056K, capacity 11461K, committed 11520K, reserved 1048576K
2023-03-24T15:02:36.267+0600: 49828.349: [GC (Allocation Failure) [PSYoungGen: 653894K->28874K(657408K)] 714892K->89880K(872448K), 0.0526472 secs] [Times: user=0.09 sys=0.00, real=0.06 secs] 
Heap after GC invocations=27 (full 3):
 PSYoungGen      total 657408K, used 28874K [0x00000000d5580000, 0x0000000100000000, 0x0000000100000000)
  eden space 620032K, 0% used [0x00000000d5580000,0x00000000d5580000,0x00000000fb300000)
  from space 37376K, 77% used [0x00000000fdb80000,0x00000000ff7b2990,0x0000000100000000)
  to   space 39424K, 0% used [0x00000000fb300000,0x00000000fb300000,0x00000000fd980000)
 ParOldGen       total 215040K, used 61006K [0x0000000080000000, 0x000000008d200000, 0x00000000d5580000)
  object space 215040K, 28% used [0x0000000080000000,0x0000000083b938a0,0x000000008d200000)
 Metaspace       used 86997K, capacity 89106K, committed 89344K, reserved 1126400K
  class space    used 11056K, capacity 11461K, committed 11520K, reserved 1048576K
}
{Heap before GC invocations=28 (full 3):
 PSYoungGen      total 657408K, used 648906K [0x00000000d5580000, 0x0000000100000000, 0x0000000100000000)
  eden space 620032K, 100% used [0x00000000d5580000,0x00000000fb300000,0x00000000fb300000)
  from space 37376K, 77% used [0x00000000fdb80000,0x00000000ff7b2990,0x0000000100000000)
  to   space 39424K, 0% used [0x00000000fb300000,0x00000000fb300000,0x00000000fd980000)
 ParOldGen       total 215040K, used 61006K [0x0000000080000000, 0x000000008d200000, 0x00000000d5580000)
  object space 215040K, 28% used [0x0000000080000000,0x0000000083b938a0,0x000000008d200000)
 Metaspace       used 88396K, capacity 90616K, committed 90752K, reserved 1128448K
  class space    used 11107K, capacity 11526K, committed 11648K, reserved 1048576K
2023-03-24T21:26:14.317+0600: 72846.400: [GC (Allocation Failure) [PSYoungGen: 648906K->33234K(628736K)] 709912K->94248K(843776K), 0.0613952 secs] [Times: user=0.10 sys=0.00, real=0.06 secs] 
Heap after GC invocations=28 (full 3):
 PSYoungGen      total 628736K, used 33234K [0x00000000d5580000, 0x00000000fee00000, 0x0000000100000000)
  eden space 595456K, 0% used [0x00000000d5580000,0x00000000d5580000,0x00000000f9b00000)
  from space 33280K, 99% used [0x00000000fb300000,0x00000000fd374998,0x00000000fd380000)
  to   space 27136K, 0% used [0x00000000fd380000,0x00000000fd380000,0x00000000fee00000)
 ParOldGen       total 215040K, used 61014K [0x0000000080000000, 0x000000008d200000, 0x00000000d5580000)
  object space 215040K, 28% used [0x0000000080000000,0x0000000083b958a0,0x000000008d200000)
 Metaspace       used 88396K, capacity 90616K, committed 90752K, reserved 1128448K
  class space    used 11107K, capacity 11526K, committed 11648K, reserved 1048576K
}
{Heap before GC invocations=29 (full 3):
 PSYoungGen      total 628736K, used 628690K [0x00000000d5580000, 0x00000000fee00000, 0x0000000100000000)
  eden space 595456K, 100% used [0x00000000d5580000,0x00000000f9b00000,0x00000000f9b00000)
  from space 33280K, 99% used [0x00000000fb300000,0x00000000fd374998,0x00000000fd380000)
  to   space 27136K, 0% used [0x00000000fd380000,0x00000000fd380000,0x00000000fee00000)
 ParOldGen       total 215040K, used 61014K [0x0000000080000000, 0x000000008d200000, 0x00000000d5580000)
  object space 215040K, 28% used [0x0000000080000000,0x0000000083b958a0,0x000000008d200000)
 Metaspace       used 89931K, capacity 92174K, committed 92544K, reserved 1130496K
  class space    used 11125K, capacity 11529K, committed 11648K, reserved 1048576K
2023-03-25T01:21:17.270+0600: 86949.353: [GC (Allocation Failure) [PSYoungGen: 628690K->27120K(599552K)] 689704K->101333K(814592K), 0.0635376 secs] [Times: user=0.11 sys=0.00, real=0.06 secs] 
Heap after GC invocations=29 (full 3):
 PSYoungGen      total 599552K, used 27120K [0x00000000d5580000, 0x00000000fee00000, 0x0000000100000000)
  eden space 572416K, 0% used [0x00000000d5580000,0x00000000d5580000,0x00000000f8480000)
  from space 27136K, 99% used [0x00000000fd380000,0x00000000fedfc1f0,0x00000000fee00000)
  to   space 47616K, 0% used [0x00000000f9100000,0x00000000f9100000,0x00000000fbf80000)
 ParOldGen       total 215040K, used 74213K [0x0000000080000000, 0x000000008d200000, 0x00000000d5580000)
  object space 215040K, 34% used [0x0000000080000000,0x00000000848795d0,0x000000008d200000)
 Metaspace       used 89931K, capacity 92174K, committed 92544K, reserved 1130496K
  class space    used 11125K, capacity 11529K, committed 11648K, reserved 1048576K
}
{Heap before GC invocations=30 (full 3):
 PSYoungGen      total 599552K, used 599536K [0x00000000d5580000, 0x00000000fee00000, 0x0000000100000000)
  eden space 572416K, 100% used [0x00000000d5580000,0x00000000f8480000,0x00000000f8480000)
  from space 27136K, 99% used [0x00000000fd380000,0x00000000fedfc1f0,0x00000000fee00000)
  to   space 47616K, 0% used [0x00000000f9100000,0x00000000f9100000,0x00000000fbf80000)
 ParOldGen       total 215040K, used 74213K [0x0000000080000000, 0x000000008d200000, 0x00000000d5580000)
  object space 215040K, 34% used [0x0000000080000000,0x00000000848795d0,0x000000008d200000)
 Metaspace       used 89938K, capacity 92174K, committed 92544K, reserved 1130496K
  class space    used 11125K, capacity 11529K, committed 11648K, reserved 1048576K
2023-03-25T09:24:46.956+0600: 115959.039: [GC (Allocation Failure) [PSYoungGen: 599536K->17440K(568320K)] 673749K->97609K(783360K), 0.0599998 secs] [Times: user=0.10 sys=0.00, real=0.06 secs] 
Heap after GC invocations=30 (full 3):
 PSYoungGen      total 568320K, used 17440K [0x00000000d5580000, 0x00000000fd400000, 0x0000000100000000)
  eden space 550400K, 0% used [0x00000000d5580000,0x00000000d5580000,0x00000000f6f00000)
  from space 17920K, 97% used [0x00000000f9100000,0x00000000fa208130,0x00000000fa280000)
  to   space 46080K, 0% used [0x00000000fa700000,0x00000000fa700000,0x00000000fd400000)
 ParOldGen       total 215040K, used 80169K [0x0000000080000000, 0x000000008d200000, 0x00000000d5580000)
  object space 215040K, 37% used [0x0000000080000000,0x0000000084e4a5c0,0x000000008d200000)
 Metaspace       used 89938K, capacity 92174K, committed 92544K, reserved 1130496K
  class space    used 11125K, capacity 11529K, committed 11648K, reserved 1048576K
}
{Heap before GC invocations=31 (full 3):
 PSYoungGen      total 568320K, used 567840K [0x00000000d5580000, 0x00000000fd400000, 0x0000000100000000)
  eden space 550400K, 100% used [0x00000000d5580000,0x00000000f6f00000,0x00000000f6f00000)
  from space 17920K, 97% used [0x00000000f9100000,0x00000000fa208130,0x00000000fa280000)
  to   space 46080K, 0% used [0x00000000fa700000,0x00000000fa700000,0x00000000fd400000)
 ParOldGen       total 215040K, used 80169K [0x0000000080000000, 0x000000008d200000, 0x00000000d5580000)
  object space 215040K, 37% used [0x0000000080000000,0x0000000084e4a5c0,0x000000008d200000)
 Metaspace       used 90299K, capacity 92592K, committed 92800K, reserved 1130496K
  class space    used 11141K, capacity 11556K, committed 11648K, reserved 1048576K
2023-03-25T16:42:53.312+0600: 142245.395: [GC (Allocation Failure) [PSYoungGen: 567840K->21878K(551424K)] 648009K->102055K(766464K), 0.0513058 secs] [Times: user=0.08 sys=0.00, real=0.05 secs] 
Heap after GC invocations=31 (full 3):
 PSYoungGen      total 551424K, used 21878K [0x00000000d5580000, 0x00000000fbc80000, 0x0000000100000000)
  eden space 529408K, 0% used [0x00000000d5580000,0x00000000d5580000,0x00000000f5a80000)
  from space 22016K, 99% used [0x00000000fa700000,0x00000000fbc5d910,0x00000000fbc80000)
  to   space 43520K, 0% used [0x00000000f6780000,0x00000000f6780000,0x00000000f9200000)
 ParOldGen       total 215040K, used 80177K [0x0000000080000000, 0x000000008d200000, 0x00000000d5580000)
  object space 215040K, 37% used [0x0000000080000000,0x0000000084e4c5c0,0x000000008d200000)
 Metaspace       used 90299K, capacity 92592K, committed 92800K, reserved 1130496K
  class space    used 11141K, capacity 11556K, committed 11648K, reserved 1048576K
}
{Heap before GC invocations=32 (full 3):
 PSYoungGen      total 551424K, used 551286K [0x00000000d5580000, 0x00000000fbc80000, 0x0000000100000000)
  eden space 529408K, 100% used [0x00000000d5580000,0x00000000f5a80000,0x00000000f5a80000)
  from space 22016K, 99% used [0x00000000fa700000,0x00000000fbc5d910,0x00000000fbc80000)
  to   space 43520K, 0% used [0x00000000f6780000,0x00000000f6780000,0x00000000f9200000)
 ParOldGen       total 215040K, used 80177K [0x0000000080000000, 0x000000008d200000, 0x00000000d5580000)
  object space 215040K, 37% used [0x0000000080000000,0x0000000084e4c5c0,0x000000008d200000)
 Metaspace       used 90475K, capacity 92738K, committed 93056K, reserved 1130496K
  class space    used 11151K, capacity 11559K, committed 11648K, reserved 1048576K
2023-03-26T00:05:52.632+0600: 168824.715: [GC (Allocation Failure) [PSYoungGen: 551286K->19213K(528896K)] 631463K->99390K(743936K), 0.0427205 secs] [Times: user=0.08 sys=0.00, real=0.04 secs] 
Heap after GC invocations=32 (full 3):
 PSYoungGen      total 528896K, used 19213K [0x00000000d5580000, 0x00000000fa780000, 0x0000000100000000)
  eden space 509440K, 0% used [0x00000000d5580000,0x00000000d5580000,0x00000000f4700000)
  from space 19456K, 98% used [0x00000000f6780000,0x00000000f7a435e8,0x00000000f7a80000)
  to   space 41984K, 0% used [0x00000000f7e80000,0x00000000f7e80000,0x00000000fa780000)
 ParOldGen       total 215040K, used 80177K [0x0000000080000000, 0x000000008d200000, 0x00000000d5580000)
  object space 215040K, 37% used [0x0000000080000000,0x0000000084e4c5c0,0x000000008d200000)
 Metaspace       used 90475K, capacity 92738K, committed 93056K, reserved 1130496K
  class space    used 11151K, capacity 11559K, committed 11648K, reserved 1048576K
}
{Heap before GC invocations=33 (full 3):
 PSYoungGen      total 528896K, used 528653K [0x00000000d5580000, 0x00000000fa780000, 0x0000000100000000)
  eden space 509440K, 100% used [0x00000000d5580000,0x00000000f4700000,0x00000000f4700000)
  from space 19456K, 98% used [0x00000000f6780000,0x00000000f7a435e8,0x00000000f7a80000)
  to   space 41984K, 0% used [0x00000000f7e80000,0x00000000f7e80000,0x00000000fa780000)
 ParOldGen       total 215040K, used 80177K [0x0000000080000000, 0x000000008d200000, 0x00000000d5580000)
  object space 215040K, 37% used [0x0000000080000000,0x0000000084e4c5c0,0x000000008d200000)
 Metaspace       used 90569K, capacity 92834K, committed 93056K, reserved 1130496K
  class space    used 11167K, capacity 11591K, committed 11648K, reserved 1048576K
2023-03-26T07:31:16.594+0600: 195548.677: [GC (Allocation Failure) [PSYoungGen: 528653K->17560K(508416K)] 608830K->97738K(723456K), 0.0421296 secs] [Times: user=0.08 sys=0.00, real=0.04 secs] 
Heap after GC invocations=33 (full 3):
 PSYoungGen      total 508416K, used 17560K [0x00000000d5580000, 0x00000000f9000000, 0x0000000100000000)
  eden space 490496K, 0% used [0x00000000d5580000,0x00000000d5580000,0x00000000f3480000)
  from space 17920K, 97% used [0x00000000f7e80000,0x00000000f8fa6340,0x00000000f9000000)
  to   space 40960K, 0% used [0x00000000f4000000,0x00000000f4000000,0x00000000f6800000)
 ParOldGen       total 215040K, used 80177K [0x0000000080000000, 0x000000008d200000, 0x00000000d5580000)
  object space 215040K, 37% used [0x0000000080000000,0x0000000084e4c5c0,0x000000008d200000)
 Metaspace       used 90569K, capacity 92834K, committed 93056K, reserved 1130496K
  class space    used 11167K, capacity 11591K, committed 11648K, reserved 1048576K
}
{Heap before GC invocations=34 (full 3):
 PSYoungGen      total 508416K, used 508056K [0x00000000d5580000, 0x00000000f9000000, 0x0000000100000000)
  eden space 490496K, 100% used [0x00000000d5580000,0x00000000f3480000,0x00000000f3480000)
  from space 17920K, 97% used [0x00000000f7e80000,0x00000000f8fa6340,0x00000000f9000000)
  to   space 40960K, 0% used [0x00000000f4000000,0x00000000f4000000,0x00000000f6800000)
 ParOldGen       total 215040K, used 80177K [0x0000000080000000, 0x000000008d200000, 0x00000000d5580000)
  object space 215040K, 37% used [0x0000000080000000,0x0000000084e4c5c0,0x000000008d200000)
 Metaspace       used 90703K, capacity 93046K, committed 93312K, reserved 1130496K
  class space    used 11175K, capacity 11605K, committed 11648K, reserved 1048576K
2023-03-26T14:25:25.598+0600: 220397.681: [GC (Allocation Failure) [PSYoungGen: 508056K->19502K(492032K)] 588234K->99679K(707072K), 0.0450252 secs] [Times: user=0.08 sys=0.00, real=0.05 secs] 
Heap after GC invocations=34 (full 3):
 PSYoungGen      total 492032K, used 19502K [0x00000000d5580000, 0x00000000f7f00000, 0x0000000100000000)
  eden space 472064K, 0% used [0x00000000d5580000,0x00000000d5580000,0x00000000f2280000)
  from space 19968K, 97% used [0x00000000f4000000,0x00000000f530b818,0x00000000f5380000)
  to   space 39424K, 0% used [0x00000000f5880000,0x00000000f5880000,0x00000000f7f00000)
 ParOldGen       total 215040K, used 80177K [0x0000000080000000, 0x000000008d200000, 0x00000000d5580000)
  object space 215040K, 37% used [0x0000000080000000,0x0000000084e4c5c0,0x000000008d200000)
 Metaspace       used 90703K, capacity 93046K, committed 93312K, reserved 1130496K
  class space    used 11175K, capacity 11605K, committed 11648K, reserved 1048576K
}
{Heap before GC invocations=35 (full 3):
 PSYoungGen      total 492032K, used 491566K [0x00000000d5580000, 0x00000000f7f00000, 0x0000000100000000)
  eden space 472064K, 100% used [0x00000000d5580000,0x00000000f2280000,0x00000000f2280000)
  from space 19968K, 97% used [0x00000000f4000000,0x00000000f530b818,0x00000000f5380000)
  to   space 39424K, 0% used [0x00000000f5880000,0x00000000f5880000,0x00000000f7f00000)
 ParOldGen       total 215040K, used 80177K [0x0000000080000000, 0x000000008d200000, 0x00000000d5580000)
  object space 215040K, 37% used [0x0000000080000000,0x0000000084e4c5c0,0x000000008d200000)
 Metaspace       used 90863K, capacity 93166K, committed 93312K, reserved 1130496K
  class space    used 11183K, capacity 11615K, committed 11648K, reserved 1048576K
2023-03-26T20:19:42.218+0600: 241654.301: [GC (Allocation Failure) [PSYoungGen: 491566K->25129K(480256K)] 571743K->105306K(695296K), 0.0468109 secs] [Times: user=0.08 sys=0.00, real=0.05 secs] 
Heap after GC invocations=35 (full 3):
 PSYoungGen      total 480256K, used 25129K [0x00000000d5580000, 0x00000000f7180000, 0x0000000100000000)
  eden space 454656K, 0% used [0x00000000d5580000,0x00000000d5580000,0x00000000f1180000)
  from space 25600K, 98% used [0x00000000f5880000,0x00000000f710a568,0x00000000f7180000)
  to   space 38912K, 0% used [0x00000000f2580000,0x00000000f2580000,0x00000000f4b80000)
 ParOldGen       total 215040K, used 80177K [0x0000000080000000, 0x000000008d200000, 0x00000000d5580000)
  object space 215040K, 37% used [0x0000000080000000,0x0000000084e4c5c0,0x000000008d200000)
 Metaspace       used 90863K, capacity 93166K, committed 93312K, reserved 1130496K
  class space    used 11183K, capacity 11615K, committed 11648K, reserved 1048576K
}
{Heap before GC invocations=36 (full 3):
 PSYoungGen      total 480256K, used 479785K [0x00000000d5580000, 0x00000000f7180000, 0x0000000100000000)
  eden space 454656K, 100% used [0x00000000d5580000,0x00000000f1180000,0x00000000f1180000)
  from space 25600K, 98% used [0x00000000f5880000,0x00000000f710a568,0x00000000f7180000)
  to   space 38912K, 0% used [0x00000000f2580000,0x00000000f2580000,0x00000000f4b80000)
 ParOldGen       total 215040K, used 80177K [0x0000000080000000, 0x000000008d200000, 0x00000000d5580000)
  object space 215040K, 37% used [0x0000000080000000,0x0000000084e4c5c0,0x000000008d200000)
 Metaspace       used 90978K, capacity 93354K, committed 93568K, reserved 1130496K
  class space    used 11189K, capacity 11625K, committed 11648K, reserved 1048576K
2023-03-27T02:25:11.012+0600: 263583.094: [GC (Allocation Failure) [PSYoungGen: 479785K->21121K(459776K)] 559962K->101307K(674816K), 0.0558743 secs] [Times: user=0.10 sys=0.00, real=0.05 secs] 
Heap after GC invocations=36 (full 3):
 PSYoungGen      total 459776K, used 21121K [0x00000000d5580000, 0x00000000f5900000, 0x0000000100000000)
  eden space 438272K, 0% used [0x00000000d5580000,0x00000000d5580000,0x00000000f0180000)
  from space 21504K, 98% used [0x00000000f2580000,0x00000000f3a207e8,0x00000000f3a80000)
  to   space 31232K, 0% used [0x00000000f3a80000,0x00000000f3a80000,0x00000000f5900000)
 ParOldGen       total 215040K, used 80185K [0x0000000080000000, 0x000000008d200000, 0x00000000d5580000)
  object space 215040K, 37% used [0x0000000080000000,0x0000000084e4e5c0,0x000000008d200000)
 Metaspace       used 90978K, capacity 93354K, committed 93568K, reserved 1130496K
  class space    used 11189K, capacity 11625K, committed 11648K, reserved 1048576K
}
{Heap before GC invocations=37 (full 3):
 PSYoungGen      total 459776K, used 459393K [0x00000000d5580000, 0x00000000f5900000, 0x0000000100000000)
  eden space 438272K, 100% used [0x00000000d5580000,0x00000000f0180000,0x00000000f0180000)
  from space 21504K, 98% used [0x00000000f2580000,0x00000000f3a207e8,0x00000000f3a80000)
  to   space 31232K, 0% used [0x00000000f3a80000,0x00000000f3a80000,0x00000000f5900000)
 ParOldGen       total 215040K, used 80185K [0x0000000080000000, 0x000000008d200000, 0x00000000d5580000)
  object space 215040K, 37% used [0x0000000080000000,0x0000000084e4e5c0,0x000000008d200000)
 Metaspace       used 91085K, capacity 93482K, committed 93568K, reserved 1130496K
  class space    used 11189K, capacity 11625K, committed 11648K, reserved 1048576K
2023-03-27T08:45:55.516+0600: 286427.598: [GC (Allocation Failure) [PSYoungGen: 459393K->18296K(440832K)] 539579K->98490K(655872K), 0.0400152 secs] [Times: user=0.07 sys=0.00, real=0.04 secs] 
Heap after GC invocations=37 (full 3):
 PSYoungGen      total 440832K, used 18296K [0x00000000d5580000, 0x00000000f4c80000, 0x0000000100000000)
  eden space 422400K, 0% used [0x00000000d5580000,0x00000000d5580000,0x00000000ef200000)
  from space 18432K, 99% used [0x00000000f3a80000,0x00000000f4c5e370,0x00000000f4c80000)
  to   space 36352K, 0% used [0x00000000f0580000,0x00000000f0580000,0x00000000f2900000)
 ParOldGen       total 215040K, used 80193K [0x0000000080000000, 0x000000008d200000, 0x00000000d5580000)
  object space 215040K, 37% used [0x0000000080000000,0x0000000084e505c0,0x000000008d200000)
 Metaspace       used 91085K, capacity 93482K, committed 93568K, reserved 1130496K
  class space    used 11189K, capacity 11625K, committed 11648K, reserved 1048576K
}
{Heap before GC invocations=38 (full 3):
 PSYoungGen      total 440832K, used 440696K [0x00000000d5580000, 0x00000000f4c80000, 0x0000000100000000)
  eden space 422400K, 100% used [0x00000000d5580000,0x00000000ef200000,0x00000000ef200000)
  from space 18432K, 99% used [0x00000000f3a80000,0x00000000f4c5e370,0x00000000f4c80000)
  to   space 36352K, 0% used [0x00000000f0580000,0x00000000f0580000,0x00000000f2900000)
 ParOldGen       total 215040K, used 80193K [0x0000000080000000, 0x000000008d200000, 0x00000000d5580000)
  object space 215040K, 37% used [0x0000000080000000,0x0000000084e505c0,0x000000008d200000)
 Metaspace       used 91764K, capacity 94222K, committed 94464K, reserved 1132544K
  class space    used 11211K, capacity 11663K, committed 11776K, reserved 1048576K
2023-03-27T12:48:06.479+0600: 300958.562: [GC (Allocation Failure) [PSYoungGen: 440696K->27919K(435712K)] 520890K->110753K(650752K), 0.0566363 secs] [Times: user=0.09 sys=0.00, real=0.05 secs] 
Heap after GC invocations=38 (full 3):
 PSYoungGen      total 435712K, used 27919K [0x00000000d5580000, 0x00000000f3b00000, 0x0000000100000000)
  eden space 407552K, 0% used [0x00000000d5580000,0x00000000d5580000,0x00000000ee380000)
  from space 28160K, 99% used [0x00000000f0580000,0x00000000f20c3ff0,0x00000000f2100000)
  to   space 26624K, 0% used [0x00000000f2100000,0x00000000f2100000,0x00000000f3b00000)
 ParOldGen       total 215040K, used 82833K [0x0000000080000000, 0x000000008d200000, 0x00000000d5580000)
  object space 215040K, 38% used [0x0000000080000000,0x00000000850e4490,0x000000008d200000)
 Metaspace       used 91764K, capacity 94222K, committed 94464K, reserved 1132544K
  class space    used 11211K, capacity 11663K, committed 11776K, reserved 1048576K
}
{Heap before GC invocations=39 (full 3):
 PSYoungGen      total 435712K, used 435471K [0x00000000d5580000, 0x00000000f3b00000, 0x0000000100000000)
  eden space 407552K, 100% used [0x00000000d5580000,0x00000000ee380000,0x00000000ee380000)
  from space 28160K, 99% used [0x00000000f0580000,0x00000000f20c3ff0,0x00000000f2100000)
  to   space 26624K, 0% used [0x00000000f2100000,0x00000000f2100000,0x00000000f3b00000)
 ParOldGen       total 215040K, used 82833K [0x0000000080000000, 0x000000008d200000, 0x00000000d5580000)
  object space 215040K, 38% used [0x0000000080000000,0x00000000850e4490,0x000000008d200000)
 Metaspace       used 92273K, capacity 94800K, committed 94976K, reserved 1132544K
  class space    used 11218K, capacity 11674K, committed 11776K, reserved 1048576K
2023-03-27T15:36:23.841+0600: 311055.924: [GC (Allocation Failure) [PSYoungGen: 435471K->26594K(419840K)] 518305K->113850K(634880K), 0.0614604 secs] [Times: user=0.10 sys=0.00, real=0.06 secs] 
Heap after GC invocations=39 (full 3):
 PSYoungGen      total 419840K, used 26594K [0x00000000d5580000, 0x00000000f3b00000, 0x0000000100000000)
  eden space 393216K, 0% used [0x00000000d5580000,0x00000000d5580000,0x00000000ed580000)
  from space 26624K, 99% used [0x00000000f2100000,0x00000000f3af8980,0x00000000f3b00000)
  to   space 39424K, 0% used [0x00000000eee00000,0x00000000eee00000,0x00000000f1480000)
 ParOldGen       total 215040K, used 87255K [0x0000000080000000, 0x000000008d200000, 0x00000000d5580000)
  object space 215040K, 40% used [0x0000000080000000,0x0000000085535ea8,0x000000008d200000)
 Metaspace       used 92273K, capacity 94800K, committed 94976K, reserved 1132544K
  class space    used 11218K, capacity 11674K, committed 11776K, reserved 1048576K
}
{Heap before GC invocations=40 (full 3):
 PSYoungGen      total 419840K, used 419807K [0x00000000d5580000, 0x00000000f3b00000, 0x0000000100000000)
  eden space 393216K, 99% used [0x00000000d5580000,0x00000000ed57f480,0x00000000ed580000)
  from space 26624K, 99% used [0x00000000f2100000,0x00000000f3af8980,0x00000000f3b00000)
  to   space 39424K, 0% used [0x00000000eee00000,0x00000000eee00000,0x00000000f1480000)
 ParOldGen       total 215040K, used 87255K [0x0000000080000000, 0x000000008d200000, 0x00000000d5580000)
  object space 215040K, 40% used [0x0000000080000000,0x0000000085535ea8,0x000000008d200000)
 Metaspace       used 92474K, capacity 95082K, committed 95232K, reserved 1132544K
  class space    used 11226K, capacity 11689K, committed 11776K, reserved 1048576K
2023-03-27T20:02:35.445+0600: 327027.528: [GC (Allocation Failure) [PSYoungGen: 419807K->16388K(396288K)] 507063K->108784K(611328K), 0.0443137 secs] [Times: user=0.07 sys=0.00, real=0.05 secs] 
Heap after GC invocations=40 (full 3):
 PSYoungGen      total 396288K, used 16388K [0x00000000d5580000, 0x00000000f2180000, 0x0000000100000000)
  eden space 379392K, 0% used [0x00000000d5580000,0x00000000d5580000,0x00000000ec800000)
  from space 16896K, 96% used [0x00000000eee00000,0x00000000efe011d0,0x00000000efe80000)
  to   space 35840K, 0% used [0x00000000efe80000,0x00000000efe80000,0x00000000f2180000)
 ParOldGen       total 215040K, used 92395K [0x0000000080000000, 0x000000008d200000, 0x00000000d5580000)
  object space 215040K, 42% used [0x0000000080000000,0x0000000085a3af78,0x000000008d200000)
 Metaspace       used 92474K, capacity 95082K, committed 95232K, reserved 1132544K
  class space    used 11226K, capacity 11689K, committed 11776K, reserved 1048576K
}
{Heap before GC invocations=41 (full 3):
 PSYoungGen      total 396288K, used 395780K [0x00000000d5580000, 0x00000000f2180000, 0x0000000100000000)
  eden space 379392K, 100% used [0x00000000d5580000,0x00000000ec800000,0x00000000ec800000)
  from space 16896K, 96% used [0x00000000eee00000,0x00000000efe011d0,0x00000000efe80000)
  to   space 35840K, 0% used [0x00000000efe80000,0x00000000efe80000,0x00000000f2180000)
 ParOldGen       total 215040K, used 92395K [0x0000000080000000, 0x000000008d200000, 0x00000000d5580000)
  object space 215040K, 42% used [0x0000000080000000,0x0000000085a3af78,0x000000008d200000)
 Metaspace       used 92541K, capacity 95170K, committed 95488K, reserved 1132544K
  class space    used 11229K, capacity 11693K, committed 11776K, reserved 1048576K
2023-03-28T01:03:35.968+0600: 345088.051: [GC (Allocation Failure) [PSYoungGen: 395780K->10310K(377344K)] 488176K->102714K(592384K), 0.0359447 secs] [Times: user=0.05 sys=0.00, real=0.04 secs] 
Heap after GC invocations=41 (full 3):
 PSYoungGen      total 377344K, used 10310K [0x00000000d5580000, 0x00000000f0900000, 0x0000000100000000)
  eden space 366592K, 0% used [0x00000000d5580000,0x00000000d5580000,0x00000000ebb80000)
  from space 10752K, 95% used [0x00000000efe80000,0x00000000f0891b20,0x00000000f0900000)
  to   space 38912K, 0% used [0x00000000ebd00000,0x00000000ebd00000,0x00000000ee300000)
 ParOldGen       total 215040K, used 92403K [0x0000000080000000, 0x000000008d200000, 0x00000000d5580000)
  object space 215040K, 42% used [0x0000000080000000,0x0000000085a3cf78,0x000000008d200000)
 Metaspace       used 92541K, capacity 95170K, committed 95488K, reserved 1132544K
  class space    used 11229K, capacity 11693K, committed 11776K, reserved 1048576K
}
{Heap before GC invocations=42 (full 3):
 PSYoungGen      total 377344K, used 376902K [0x00000000d5580000, 0x00000000f0900000, 0x0000000100000000)
  eden space 366592K, 100% used [0x00000000d5580000,0x00000000ebb80000,0x00000000ebb80000)
  from space 10752K, 95% used [0x00000000efe80000,0x00000000f0891b20,0x00000000f0900000)
  to   space 38912K, 0% used [0x00000000ebd00000,0x00000000ebd00000,0x00000000ee300000)
 ParOldGen       total 215040K, used 92403K [0x0000000080000000, 0x000000008d200000, 0x00000000d5580000)
  object space 215040K, 42% used [0x0000000080000000,0x0000000085a3cf78,0x000000008d200000)
 Metaspace       used 92588K, capacity 95182K, committed 95488K, reserved 1132544K
  class space    used 11230K, capacity 11695K, committed 11776K, reserved 1048576K
2023-03-28T06:18:39.680+0600: 363991.763: [GC (Allocation Failure) [PSYoungGen: 376902K->8995K(363520K)] 469306K->101871K(578560K), 0.0269365 secs] [Times: user=0.05 sys=0.00, real=0.02 secs] 
Heap after GC invocations=42 (full 3):
 PSYoungGen      total 363520K, used 8995K [0x00000000d5580000, 0x00000000eff00000, 0x0000000100000000)
  eden space 354304K, 0% used [0x00000000d5580000,0x00000000d5580000,0x00000000eaf80000)
  from space 9216K, 97% used [0x00000000ebd00000,0x00000000ec5c8df0,0x00000000ec600000)
  to   space 39424K, 0% used [0x00000000ed880000,0x00000000ed880000,0x00000000eff00000)
 ParOldGen       total 215040K, used 92875K [0x0000000080000000, 0x000000008d200000, 0x00000000d5580000)
  object space 215040K, 43% used [0x0000000080000000,0x0000000085ab2fa8,0x000000008d200000)
 Metaspace       used 92588K, capacity 95182K, committed 95488K, reserved 1132544K
  class space    used 11230K, capacity 11695K, committed 11776K, reserved 1048576K
}
{Heap before GC invocations=43 (full 3):
 PSYoungGen      total 363520K, used 363299K [0x00000000d5580000, 0x00000000eff00000, 0x0000000100000000)
  eden space 354304K, 100% used [0x00000000d5580000,0x00000000eaf80000,0x00000000eaf80000)
  from space 9216K, 97% used [0x00000000ebd00000,0x00000000ec5c8df0,0x00000000ec600000)
  to   space 39424K, 0% used [0x00000000ed880000,0x00000000ed880000,0x00000000eff00000)
 ParOldGen       total 215040K, used 92875K [0x0000000080000000, 0x000000008d200000, 0x00000000d5580000)
  object space 215040K, 43% used [0x0000000080000000,0x0000000085ab2fa8,0x000000008d200000)
 Metaspace       used 92650K, capacity 95274K, committed 95488K, reserved 1132544K
  class space    used 11232K, capacity 11699K, committed 11776K, reserved 1048576K
2023-03-28T10:38:05.825+0600: 379557.908: [GC (Allocation Failure) [PSYoungGen: 363299K->10937K(366592K)] 456175K->104621K(581632K), 0.0287013 secs] [Times: user=0.05 sys=0.00, real=0.03 secs] 
Heap after GC invocations=43 (full 3):
 PSYoungGen      total 366592K, used 10937K [0x00000000d5580000, 0x00000000ef000000, 0x0000000100000000)
  eden space 342528K, 0% used [0x00000000d5580000,0x00000000d5580000,0x00000000ea400000)
  from space 24064K, 45% used [0x00000000ed880000,0x00000000ee32e480,0x00000000ef000000)
  to   space 38912K, 0% used [0x00000000ea400000,0x00000000ea400000,0x00000000eca00000)
 ParOldGen       total 215040K, used 93684K [0x0000000080000000, 0x000000008d200000, 0x00000000d5580000)
  object space 215040K, 43% used [0x0000000080000000,0x0000000085b7d008,0x000000008d200000)
 Metaspace       used 92650K, capacity 95274K, committed 95488K, reserved 1132544K
  class space    used 11232K, capacity 11699K, committed 11776K, reserved 1048576K
}
{Heap before GC invocations=44 (full 3):
 PSYoungGen      total 366592K, used 353465K [0x00000000d5580000, 0x00000000ef000000, 0x0000000100000000)
  eden space 342528K, 100% used [0x00000000d5580000,0x00000000ea400000,0x00000000ea400000)
  from space 24064K, 45% used [0x00000000ed880000,0x00000000ee32e480,0x00000000ef000000)
  to   space 38912K, 0% used [0x00000000ea400000,0x00000000ea400000,0x00000000eca00000)
 ParOldGen       total 215040K, used 93684K [0x0000000080000000, 0x000000008d200000, 0x00000000d5580000)
  object space 215040K, 43% used [0x0000000080000000,0x0000000085b7d008,0x000000008d200000)
 Metaspace       used 92751K, capacity 95386K, committed 95488K, reserved 1132544K
  class space    used 11236K, capacity 11707K, committed 11776K, reserved 1048576K
2023-03-28T13:25:22.037+0600: 389594.120: [GC (Allocation Failure) [PSYoungGen: 353465K->16992K(348672K)] 447149K->111100K(563712K), 0.0363592 secs] [Times: user=0.06 sys=0.00, real=0.04 secs] 
Heap after GC invocations=44 (full 3):
 PSYoungGen      total 348672K, used 16992K [0x00000000d5580000, 0x00000000ee200000, 0x0000000100000000)
  eden space 331264K, 0% used [0x00000000d5580000,0x00000000d5580000,0x00000000e9900000)
  from space 17408K, 97% used [0x00000000ea400000,0x00000000eb4982c8,0x00000000eb500000)
  to   space 37376K, 0% used [0x00000000ebd80000,0x00000000ebd80000,0x00000000ee200000)
 ParOldGen       total 215040K, used 94108K [0x0000000080000000, 0x000000008d200000, 0x00000000d5580000)
  object space 215040K, 43% used [0x0000000080000000,0x0000000085be7008,0x000000008d200000)
 Metaspace       used 92751K, capacity 95386K, committed 95488K, reserved 1132544K
  class space    used 11236K, capacity 11707K, committed 11776K, reserved 1048576K
}
{Heap before GC invocations=45 (full 3):
 PSYoungGen      total 348672K, used 348256K [0x00000000d5580000, 0x00000000ee200000, 0x0000000100000000)
  eden space 331264K, 100% used [0x00000000d5580000,0x00000000e9900000,0x00000000e9900000)
  from space 17408K, 97% used [0x00000000ea400000,0x00000000eb4982c8,0x00000000eb500000)
  to   space 37376K, 0% used [0x00000000ebd80000,0x00000000ebd80000,0x00000000ee200000)
 ParOldGen       total 215040K, used 94108K [0x0000000080000000, 0x000000008d200000, 0x00000000d5580000)
  object space 215040K, 43% used [0x0000000080000000,0x0000000085be7008,0x000000008d200000)
 Metaspace       used 92850K, capacity 95574K, committed 95744K, reserved 1132544K
  class space    used 11244K, capacity 11717K, committed 11776K, reserved 1048576K
2023-03-28T16:15:29.849+0600: 399801.932: [GC (Allocation Failure) [PSYoungGen: 348256K->18405K(344064K)] 442364K->112529K(559104K), 0.0397828 secs] [Times: user=0.06 sys=0.00, real=0.04 secs] 
Heap after GC invocations=45 (full 3):
 PSYoungGen      total 344064K, used 18405K [0x00000000d5580000, 0x00000000ed480000, 0x0000000100000000)
  eden space 320512K, 0% used [0x00000000d5580000,0x00000000d5580000,0x00000000e8e80000)
  from space 23552K, 78% used [0x00000000ebd80000,0x00000000ecf79750,0x00000000ed480000)
  to   space 35840K, 0% used [0x00000000e8e80000,0x00000000e8e80000,0x00000000eb180000)
 ParOldGen       total 215040K, used 94124K [0x0000000080000000, 0x000000008d200000, 0x00000000d5580000)
  object space 215040K, 43% used [0x0000000080000000,0x0000000085beb008,0x000000008d200000)
 Metaspace       used 92850K, capacity 95574K, committed 95744K, reserved 1132544K
  class space    used 11244K, capacity 11717K, committed 11776K, reserved 1048576K
}
{Heap before GC invocations=46 (full 3):
 PSYoungGen      total 344064K, used 338917K [0x00000000d5580000, 0x00000000ed480000, 0x0000000100000000)
  eden space 320512K, 100% used [0x00000000d5580000,0x00000000e8e80000,0x00000000e8e80000)
  from space 23552K, 78% used [0x00000000ebd80000,0x00000000ecf79750,0x00000000ed480000)
  to   space 35840K, 0% used [0x00000000e8e80000,0x00000000e8e80000,0x00000000eb180000)
 ParOldGen       total 215040K, used 94124K [0x0000000080000000, 0x000000008d200000, 0x00000000d5580000)
  object space 215040K, 43% used [0x0000000080000000,0x0000000085beb008,0x000000008d200000)
 Metaspace       used 92913K, capacity 95574K, committed 95744K, reserved 1132544K
  class space    used 11244K, capacity 11717K, committed 11776K, reserved 1048576K
2023-03-28T20:16:35.356+0600: 414267.439: [GC (Allocation Failure) [PSYoungGen: 338917K->11082K(321536K)] 433041K->105278K(536576K), 0.0330456 secs] [Times: user=0.05 sys=0.00, real=0.04 secs] 
Heap after GC invocations=46 (full 3):
 PSYoungGen      total 321536K, used 11082K [0x00000000d5580000, 0x00000000ec980000, 0x0000000100000000)
  eden space 310272K, 0% used [0x00000000d5580000,0x00000000d5580000,0x00000000e8480000)
  from space 11264K, 98% used [0x00000000e8e80000,0x00000000e9952b60,0x00000000e9980000)
  to   space 35328K, 0% used [0x00000000ea700000,0x00000000ea700000,0x00000000ec980000)
 ParOldGen       total 215040K, used 94196K [0x0000000080000000, 0x000000008d200000, 0x00000000d5580000)
  object space 215040K, 43% used [0x0000000080000000,0x0000000085bfd008,0x000000008d200000)
 Metaspace       used 92913K, capacity 95574K, committed 95744K, reserved 1132544K
  class space    used 11244K, capacity 11717K, committed 11776K, reserved 1048576K
}
{Heap before GC invocations=47 (full 3):
 PSYoungGen      total 321536K, used 321354K [0x00000000d5580000, 0x00000000ec980000, 0x0000000100000000)
  eden space 310272K, 100% used [0x00000000d5580000,0x00000000e8480000,0x00000000e8480000)
  from space 11264K, 98% used [0x00000000e8e80000,0x00000000e9952b60,0x00000000e9980000)
  to   space 35328K, 0% used [0x00000000ea700000,0x00000000ea700000,0x00000000ec980000)
 ParOldGen       total 215040K, used 94196K [0x0000000080000000, 0x000000008d200000, 0x00000000d5580000)
  object space 215040K, 43% used [0x0000000080000000,0x0000000085bfd008,0x000000008d200000)
 Metaspace       used 92969K, capacity 95598K, committed 95744K, reserved 1132544K
  class space    used 11246K, capacity 11721K, committed 11776K, reserved 1048576K
2023-03-29T00:01:13.297+0600: 427745.380: [GC (Allocation Failure) [PSYoungGen: 321354K->11063K(325120K)] 415550K->105379K(540160K), 0.0345138 secs] [Times: user=0.05 sys=0.00, real=0.04 secs] 
Heap after GC invocations=47 (full 3):
 PSYoungGen      total 325120K, used 11063K [0x00000000d5580000, 0x00000000ebf00000, 0x0000000100000000)
  eden space 300544K, 0% used [0x00000000d5580000,0x00000000d5580000,0x00000000e7b00000)
  from space 24576K, 45% used [0x00000000ea700000,0x00000000eb1cdde0,0x00000000ebf00000)
  to   space 34816K, 0% used [0x00000000e7b00000,0x00000000e7b00000,0x00000000e9d00000)
 ParOldGen       total 215040K, used 94316K [0x0000000080000000, 0x000000008d200000, 0x00000000d5580000)
  object space 215040K, 43% used [0x0000000080000000,0x0000000085c1b048,0x000000008d200000)
 Metaspace       used 92969K, capacity 95598K, committed 95744K, reserved 1132544K
  class space    used 11246K, capacity 11721K, committed 11776K, reserved 1048576K
}
{Heap before GC invocations=48 (full 3):
 PSYoungGen      total 325120K, used 311607K [0x00000000d5580000, 0x00000000ebf00000, 0x0000000100000000)
  eden space 300544K, 100% used [0x00000000d5580000,0x00000000e7b00000,0x00000000e7b00000)
  from space 24576K, 45% used [0x00000000ea700000,0x00000000eb1cdde0,0x00000000ebf00000)
  to   space 34816K, 0% used [0x00000000e7b00000,0x00000000e7b00000,0x00000000e9d00000)
 ParOldGen       total 215040K, used 94316K [0x0000000080000000, 0x000000008d200000, 0x00000000d5580000)
  object space 215040K, 43% used [0x0000000080000000,0x0000000085c1b048,0x000000008d200000)
 Metaspace       used 93023K, capacity 95726K, committed 96000K, reserved 1134592K
  class space    used 11246K, capacity 11721K, committed 11776K, reserved 1048576K
2023-03-29T03:38:41.857+0600: 440793.940: [GC (Allocation Failure) [PSYoungGen: 311607K->12189K(303104K)] 405923K->106573K(518144K), 0.0267659 secs] [Times: user=0.04 sys=0.00, real=0.03 secs] 
Heap after GC invocations=48 (full 3):
 PSYoungGen      total 303104K, used 12189K [0x00000000d5580000, 0x00000000eb380000, 0x0000000100000000)
  eden space 290816K, 0% used [0x00000000d5580000,0x00000000d5580000,0x00000000e7180000)
  from space 12288K, 99% used [0x00000000e7b00000,0x00000000e86e74a0,0x00000000e8700000)
  to   space 33792K, 0% used [0x00000000e9280000,0x00000000e9280000,0x00000000eb380000)
 ParOldGen       total 215040K, used 94384K [0x0000000080000000, 0x000000008d200000, 0x00000000d5580000)
  object space 215040K, 43% used [0x0000000080000000,0x0000000085c2c058,0x000000008d200000)
 Metaspace       used 93023K, capacity 95726K, committed 96000K, reserved 1134592K
  class space    used 11246K, capacity 11721K, committed 11776K, reserved 1048576K
}
{Heap before GC invocations=49 (full 3):
 PSYoungGen      total 303104K, used 303005K [0x00000000d5580000, 0x00000000eb380000, 0x0000000100000000)
  eden space 290816K, 100% used [0x00000000d5580000,0x00000000e7180000,0x00000000e7180000)
  from space 12288K, 99% used [0x00000000e7b00000,0x00000000e86e74a0,0x00000000e8700000)
  to   space 33792K, 0% used [0x00000000e9280000,0x00000000e9280000,0x00000000eb380000)
 ParOldGen       total 215040K, used 94384K [0x0000000080000000, 0x000000008d200000, 0x00000000d5580000)
  object space 215040K, 43% used [0x0000000080000000,0x0000000085c2c058,0x000000008d200000)
 Metaspace       used 93029K, capacity 95726K, committed 96000K, reserved 1134592K
  class space    used 11246K, capacity 11721K, committed 11776K, reserved 1048576K
2023-03-29T07:42:45.413+0600: 455437.495: [GC (Allocation Failure) [PSYoungGen: 303005K->6756K(306176K)] 397389K->101204K(521216K), 0.0290386 secs] [Times: user=0.05 sys=0.00, real=0.03 secs] 
Heap after GC invocations=49 (full 3):
 PSYoungGen      total 306176K, used 6756K [0x00000000d5580000, 0x00000000eaa80000, 0x0000000100000000)
  eden space 281600K, 0% used [0x00000000d5580000,0x00000000d5580000,0x00000000e6880000)
  from space 24576K, 27% used [0x00000000e9280000,0x00000000e9919250,0x00000000eaa80000)
  to   space 33792K, 0% used [0x00000000e6880000,0x00000000e6880000,0x00000000e8980000)
 ParOldGen       total 215040K, used 94448K [0x0000000080000000, 0x000000008d200000, 0x00000000d5580000)
  object space 215040K, 43% used [0x0000000080000000,0x0000000085c3c078,0x000000008d200000)
 Metaspace       used 93029K, capacity 95726K, committed 96000K, reserved 1134592K
  class space    used 11246K, capacity 11721K, committed 11776K, reserved 1048576K
}
{Heap before GC invocations=50 (full 3):
 PSYoungGen      total 306176K, used 288356K [0x00000000d5580000, 0x00000000eaa80000, 0x0000000100000000)
  eden space 281600K, 100% used [0x00000000d5580000,0x00000000e6880000,0x00000000e6880000)
  from space 24576K, 27% used [0x00000000e9280000,0x00000000e9919250,0x00000000eaa80000)
  to   space 33792K, 0% used [0x00000000e6880000,0x00000000e6880000,0x00000000e8980000)
 ParOldGen       total 215040K, used 94448K [0x0000000080000000, 0x000000008d200000, 0x00000000d5580000)
  object space 215040K, 43% used [0x0000000080000000,0x0000000085c3c078,0x000000008d200000)
 Metaspace       used 93085K, capacity 95790K, committed 96000K, reserved 1134592K
  class space    used 11247K, capacity 11721K, committed 11776K, reserved 1048576K
2023-03-29T10:09:34.813+0600: 464246.896: [GC (Allocation Failure) [PSYoungGen: 288356K->17161K(290304K)] 382804K->111721K(505344K), 0.0324160 secs] [Times: user=0.04 sys=0.00, real=0.03 secs] 
Heap after GC invocations=50 (full 3):
 PSYoungGen      total 290304K, used 17161K [0x00000000d5580000, 0x00000000ea000000, 0x0000000100000000)
  eden space 272896K, 0% used [0x00000000d5580000,0x00000000d5580000,0x00000000e6000000)
  from space 17408K, 98% used [0x00000000e6880000,0x00000000e7942430,0x00000000e7980000)
  to   space 32768K, 0% used [0x00000000e8000000,0x00000000e8000000,0x00000000ea000000)
 ParOldGen       total 215040K, used 94560K [0x0000000080000000, 0x000000008d200000, 0x00000000d5580000)
  object space 215040K, 43% used [0x0000000080000000,0x0000000085c58078,0x000000008d200000)
 Metaspace       used 93085K, capacity 95790K, committed 96000K, reserved 1134592K
  class space    used 11247K, capacity 11721K, committed 11776K, reserved 1048576K
}
{Heap before GC invocations=51 (full 3):
 PSYoungGen      total 290304K, used 290056K [0x00000000d5580000, 0x00000000ea000000, 0x0000000100000000)
  eden space 272896K, 99% used [0x00000000d5580000,0x00000000e5fffd20,0x00000000e6000000)
  from space 17408K, 98% used [0x00000000e6880000,0x00000000e7942430,0x00000000e7980000)
  to   space 32768K, 0% used [0x00000000e8000000,0x00000000e8000000,0x00000000ea000000)
 ParOldGen       total 215040K, used 94560K [0x0000000080000000, 0x000000008d200000, 0x00000000d5580000)
  object space 215040K, 43% used [0x0000000080000000,0x0000000085c58078,0x000000008d200000)
 Metaspace       used 93180K, capacity 95854K, committed 96000K, reserved 1134592K
  class space    used 11247K, capacity 11721K, committed 11776K, reserved 1048576K
2023-03-29T11:24:11.224+0600: 468723.306: [GC (Allocation Failure) [PSYoungGen: 290056K->20727K(289280K)] 384616K->115368K(504320K), 0.0257928 secs] [Times: user=0.04 sys=0.00, real=0.03 secs] 
Heap after GC invocations=51 (full 3):
 PSYoungGen      total 289280K, used 20727K [0x00000000d5580000, 0x00000000e9800000, 0x0000000100000000)
  eden space 264704K, 0% used [0x00000000d5580000,0x00000000d5580000,0x00000000e5800000)
  from space 24576K, 84% used [0x00000000e8000000,0x00000000e943dff0,0x00000000e9800000)
  to   space 32768K, 0% used [0x00000000e5800000,0x00000000e5800000,0x00000000e7800000)
 ParOldGen       total 215040K, used 94640K [0x0000000080000000, 0x000000008d200000, 0x00000000d5580000)
  object space 215040K, 44% used [0x0000000080000000,0x0000000085c6c0d8,0x000000008d200000)
 Metaspace       used 93180K, capacity 95854K, committed 96000K, reserved 1134592K
  class space    used 11247K, capacity 11721K, committed 11776K, reserved 1048576K
}
{Heap before GC invocations=52 (full 3):
 PSYoungGen      total 289280K, used 285431K [0x00000000d5580000, 0x00000000e9800000, 0x0000000100000000)
  eden space 264704K, 100% used [0x00000000d5580000,0x00000000e5800000,0x00000000e5800000)
  from space 24576K, 84% used [0x00000000e8000000,0x00000000e943dff0,0x00000000e9800000)
  to   space 32768K, 0% used [0x00000000e5800000,0x00000000e5800000,0x00000000e7800000)
 ParOldGen       total 215040K, used 94640K [0x0000000080000000, 0x000000008d200000, 0x00000000d5580000)
  object space 215040K, 44% used [0x0000000080000000,0x0000000085c6c0d8,0x000000008d200000)
 Metaspace       used 93269K, capacity 96018K, committed 96256K, reserved 1134592K
  class space    used 11252K, capacity 11727K, committed 11776K, reserved 1048576K
2023-03-29T12:52:04.787+0600: 473996.870: [GC (Allocation Failure) [PSYoungGen: 285431K->18560K(275456K)] 380072K->113217K(490496K), 0.0275070 secs] [Times: user=0.05 sys=0.00, real=0.03 secs] 
Heap after GC invocations=52 (full 3):
 PSYoungGen      total 275456K, used 18560K [0x00000000d5580000, 0x00000000e8e00000, 0x0000000100000000)
  eden space 256512K, 0% used [0x00000000d5580000,0x00000000d5580000,0x00000000e5000000)
  from space 18944K, 97% used [0x00000000e5800000,0x00000000e6a20350,0x00000000e6a80000)
  to   space 31744K, 0% used [0x00000000e6f00000,0x00000000e6f00000,0x00000000e8e00000)
 ParOldGen       total 215040K, used 94656K [0x0000000080000000, 0x000000008d200000, 0x00000000d5580000)
  object space 215040K, 44% used [0x0000000080000000,0x0000000085c700d8,0x000000008d200000)
 Metaspace       used 93269K, capacity 96018K, committed 96256K, reserved 1134592K
  class space    used 11252K, capacity 11727K, committed 11776K, reserved 1048576K
}
{Heap before GC invocations=53 (full 3):
 PSYoungGen      total 275456K, used 275072K [0x00000000d5580000, 0x00000000e8e00000, 0x0000000100000000)
  eden space 256512K, 100% used [0x00000000d5580000,0x00000000e5000000,0x00000000e5000000)
  from space 18944K, 97% used [0x00000000e5800000,0x00000000e6a20350,0x00000000e6a80000)
  to   space 31744K, 0% used [0x00000000e6f00000,0x00000000e6f00000,0x00000000e8e00000)
 ParOldGen       total 215040K, used 94656K [0x0000000080000000, 0x000000008d200000, 0x00000000d5580000)
  object space 215040K, 44% used [0x0000000080000000,0x0000000085c700d8,0x000000008d200000)
 Metaspace       used 93305K, capacity 96018K, committed 96256K, reserved 1134592K
  class space    used 11253K, capacity 11727K, committed 11776K, reserved 1048576K
2023-03-29T14:56:54.927+0600: 481487.010: [GC (Allocation Failure) [PSYoungGen: 275072K->17251K(270848K)] 369729K->112051K(485888K), 0.0351795 secs] [Times: user=0.05 sys=0.00, real=0.04 secs] 
Heap after GC invocations=53 (full 3):
 PSYoungGen      total 270848K, used 17251K [0x00000000d5580000, 0x00000000e8480000, 0x0000000100000000)
  eden space 248832K, 0% used [0x00000000d5580000,0x00000000d5580000,0x00000000e4880000)
  from space 22016K, 78% used [0x00000000e6f00000,0x00000000e7fd8e70,0x00000000e8480000)
  to   space 30720K, 0% used [0x00000000e4880000,0x00000000e4880000,0x00000000e6680000)
 ParOldGen       total 215040K, used 94800K [0x0000000080000000, 0x000000008d200000, 0x00000000d5580000)
  object space 215040K, 44% used [0x0000000080000000,0x0000000085c940d8,0x000000008d200000)
 Metaspace       used 93305K, capacity 96018K, committed 96256K, reserved 1134592K
  class space    used 11253K, capacity 11727K, committed 11776K, reserved 1048576K
}
{Heap before GC invocations=54 (full 3):
 PSYoungGen      total 270848K, used 266083K [0x00000000d5580000, 0x00000000e8480000, 0x0000000100000000)
  eden space 248832K, 100% used [0x00000000d5580000,0x00000000e4880000,0x00000000e4880000)
  from space 22016K, 78% used [0x00000000e6f00000,0x00000000e7fd8e70,0x00000000e8480000)
  to   space 30720K, 0% used [0x00000000e4880000,0x00000000e4880000,0x00000000e6680000)
 ParOldGen       total 215040K, used 94800K [0x0000000080000000, 0x000000008d200000, 0x00000000d5580000)
  object space 215040K, 44% used [0x0000000080000000,0x0000000085c940d8,0x000000008d200000)
 Metaspace       used 93421K, capacity 96208K, committed 96256K, reserved 1134592K
  class space    used 11264K, capacity 11748K, committed 11776K, reserved 1048576K
2023-03-29T16:33:25.370+0600: 487277.453: [GC (Allocation Failure) [PSYoungGen: 266083K->16066K(258048K)] 360883K->111155K(473088K), 0.0276215 secs] [Times: user=0.05 sys=0.00, real=0.02 secs] 
Heap after GC invocations=54 (full 3):
 PSYoungGen      total 258048K, used 16066K [0x00000000d5580000, 0x00000000e7a80000, 0x0000000100000000)
  eden space 241664K, 0% used [0x00000000d5580000,0x00000000d5580000,0x00000000e4180000)
  from space 16384K, 98% used [0x00000000e4880000,0x00000000e5830bd0,0x00000000e5880000)
  to   space 29184K, 0% used [0x00000000e5e00000,0x00000000e5e00000,0x00000000e7a80000)
 ParOldGen       total 215040K, used 95088K [0x0000000080000000, 0x000000008d200000, 0x00000000d5580000)
  object space 215040K, 44% used [0x0000000080000000,0x0000000085cdc148,0x000000008d200000)
 Metaspace       used 93421K, capacity 96208K, committed 96256K, reserved 1134592K
  class space    used 11264K, capacity 11748K, committed 11776K, reserved 1048576K
}
{Heap before GC invocations=55 (full 3):
 PSYoungGen      total 258048K, used 257727K [0x00000000d5580000, 0x00000000e7a80000, 0x0000000100000000)
  eden space 241664K, 99% used [0x00000000d5580000,0x00000000e417f400,0x00000000e4180000)
  from space 16384K, 98% used [0x00000000e4880000,0x00000000e5830bd0,0x00000000e5880000)
  to   space 29184K, 0% used [0x00000000e5e00000,0x00000000e5e00000,0x00000000e7a80000)
 ParOldGen       total 215040K, used 95088K [0x0000000080000000, 0x000000008d200000, 0x00000000d5580000)
  object space 215040K, 44% used [0x0000000080000000,0x0000000085cdc148,0x000000008d200000)
 Metaspace       used 93424K, capacity 96208K, committed 96256K, reserved 1134592K
  class space    used 11264K, capacity 11748K, committed 11776K, reserved 1048576K
2023-03-29T19:42:57.712+0600: 498649.795: [GC (Allocation Failure) [PSYoungGen: 257727K->8840K(257536K)] 352816K->104120K(472576K), 0.0302559 secs] [Times: user=0.03 sys=0.00, real=0.03 secs] 
Heap after GC invocations=55 (full 3):
 PSYoungGen      total 257536K, used 8840K [0x00000000d5580000, 0x00000000e7480000, 0x0000000100000000)
  eden space 234496K, 0% used [0x00000000d5580000,0x00000000d5580000,0x00000000e3a80000)
  from space 23040K, 38% used [0x00000000e5e00000,0x00000000e66a2280,0x00000000e7480000)
  to   space 29696K, 0% used [0x00000000e3a80000,0x00000000e3a80000,0x00000000e5780000)
 ParOldGen       total 215040K, used 95280K [0x0000000080000000, 0x000000008d200000, 0x00000000d5580000)
  object space 215040K, 44% used [0x0000000080000000,0x0000000085d0c148,0x000000008d200000)
 Metaspace       used 93424K, capacity 96208K, committed 96256K, reserved 1134592K
  class space    used 11264K, capacity 11748K, committed 11776K, reserved 1048576K
}
{Heap before GC invocations=56 (full 3):
 PSYoungGen      total 257536K, used 243336K [0x00000000d5580000, 0x00000000e7480000, 0x0000000100000000)
  eden space 234496K, 100% used [0x00000000d5580000,0x00000000e3a80000,0x00000000e3a80000)
  from space 23040K, 38% used [0x00000000e5e00000,0x00000000e66a2280,0x00000000e7480000)
  to   space 29696K, 0% used [0x00000000e3a80000,0x00000000e3a80000,0x00000000e5780000)
 ParOldGen       total 215040K, used 95280K [0x0000000080000000, 0x000000008d200000, 0x00000000d5580000)
  object space 215040K, 44% used [0x0000000080000000,0x0000000085d0c148,0x000000008d200000)
 Metaspace       used 93468K, capacity 96232K, committed 96256K, reserved 1134592K
  class space    used 11267K, capacity 11752K, committed 11776K, reserved 1048576K
2023-03-29T22:57:55.747+0600: 510347.829: [GC (Allocation Failure) [PSYoungGen: 243336K->4852K(232960K)] 338616K->100181K(448000K), 0.0232468 secs] [Times: user=0.04 sys=0.00, real=0.03 secs] 
Heap after GC invocations=56 (full 3):
 PSYoungGen      total 232960K, used 4852K [0x00000000d5580000, 0x00000000e6f00000, 0x0000000100000000)
  eden space 227840K, 0% used [0x00000000d5580000,0x00000000d5580000,0x00000000e3400000)
  from space 5120K, 94% used [0x00000000e3a80000,0x00000000e3f3d3d0,0x00000000e3f80000)
  to   space 30208K, 0% used [0x00000000e5180000,0x00000000e5180000,0x00000000e6f00000)
 ParOldGen       total 215040K, used 95328K [0x0000000080000000, 0x000000008d200000, 0x00000000d5580000)
  object space 215040K, 44% used [0x0000000080000000,0x0000000085d18188,0x000000008d200000)
 Metaspace       used 93468K, capacity 96232K, committed 96256K, reserved 1134592K
  class space    used 11267K, capacity 11752K, committed 11776K, reserved 1048576K
}
{Heap before GC invocations=57 (full 3):
 PSYoungGen      total 232960K, used 232692K [0x00000000d5580000, 0x00000000e6f00000, 0x0000000100000000)
  eden space 227840K, 100% used [0x00000000d5580000,0x00000000e3400000,0x00000000e3400000)
  from space 5120K, 94% used [0x00000000e3a80000,0x00000000e3f3d3d0,0x00000000e3f80000)
  to   space 30208K, 0% used [0x00000000e5180000,0x00000000e5180000,0x00000000e6f00000)
 ParOldGen       total 215040K, used 95328K [0x0000000080000000, 0x000000008d200000, 0x00000000d5580000)
  object space 215040K, 44% used [0x0000000080000000,0x0000000085d18188,0x000000008d200000)
 Metaspace       used 93469K, capacity 96232K, committed 96256K, reserved 1134592K
  class space    used 11267K, capacity 11752K, committed 11776K, reserved 1048576K
2023-03-30T02:00:20.679+0600: 521292.762: [GC (Allocation Failure) [PSYoungGen: 232692K->6946K(243712K)] 328021K->102291K(458752K), 0.0261800 secs] [Times: user=0.04 sys=0.00, real=0.02 secs] 
Heap after GC invocations=57 (full 3):
 PSYoungGen      total 243712K, used 6946K [0x00000000d5580000, 0x00000000e6780000, 0x0000000100000000)
  eden space 221184K, 0% used [0x00000000d5580000,0x00000000d5580000,0x00000000e2d80000)
  from space 22528K, 30% used [0x00000000e5180000,0x00000000e5848bd0,0x00000000e6780000)
  to   space 29696K, 0% used [0x00000000e2d80000,0x00000000e2d80000,0x00000000e4a80000)
 ParOldGen       total 215040K, used 95344K [0x0000000080000000, 0x000000008d200000, 0x00000000d5580000)
  object space 215040K, 44% used [0x0000000080000000,0x0000000085d1c188,0x000000008d200000)
 Metaspace       used 93469K, capacity 96232K, committed 96256K, reserved 1134592K
  class space    used 11267K, capacity 11752K, committed 11776K, reserved 1048576K
}
{Heap before GC invocations=58 (full 3):
 PSYoungGen      total 243712K, used 228130K [0x00000000d5580000, 0x00000000e6780000, 0x0000000100000000)
  eden space 221184K, 100% used [0x00000000d5580000,0x00000000e2d80000,0x00000000e2d80000)
  from space 22528K, 30% used [0x00000000e5180000,0x00000000e5848bd0,0x00000000e6780000)
  to   space 29696K, 0% used [0x00000000e2d80000,0x00000000e2d80000,0x00000000e4a80000)
 ParOldGen       total 215040K, used 95344K [0x0000000080000000, 0x000000008d200000, 0x00000000d5580000)
  object space 215040K, 44% used [0x0000000080000000,0x0000000085d1c188,0x000000008d200000)
 Metaspace       used 93474K, capacity 96232K, committed 96256K, reserved 1134592K
  class space    used 11267K, capacity 11752K, committed 11776K, reserved 1048576K
2023-03-30T05:11:43.024+0600: 532775.107: [GC (Allocation Failure) [PSYoungGen: 228130K->5650K(221184K)] 323475K->101059K(436224K), 0.0240516 secs] [Times: user=0.04 sys=0.00, real=0.02 secs] 
Heap after GC invocations=58 (full 3):
 PSYoungGen      total 221184K, used 5650K [0x00000000d5580000, 0x00000000e6180000, 0x0000000100000000)
  eden space 215040K, 0% used [0x00000000d5580000,0x00000000d5580000,0x00000000e2780000)
  from space 6144K, 91% used [0x00000000e2d80000,0x00000000e3304b70,0x00000000e3380000)
  to   space 29696K, 0% used [0x00000000e4480000,0x00000000e4480000,0x00000000e6180000)
 ParOldGen       total 215040K, used 95408K [0x0000000080000000, 0x000000008d200000, 0x00000000d5580000)
  object space 215040K, 44% used [0x0000000080000000,0x0000000085d2c1b8,0x000000008d200000)
 Metaspace       used 93474K, capacity 96232K, committed 96256K, reserved 1134592K
  class space    used 11267K, capacity 11752K, committed 11776K, reserved 1048576K
}
{Heap before GC invocations=59 (full 3):
 PSYoungGen      total 221184K, used 220690K [0x00000000d5580000, 0x00000000e6180000, 0x0000000100000000)
  eden space 215040K, 100% used [0x00000000d5580000,0x00000000e2780000,0x00000000e2780000)
  from space 6144K, 91% used [0x00000000e2d80000,0x00000000e3304b70,0x00000000e3380000)
  to   space 29696K, 0% used [0x00000000e4480000,0x00000000e4480000,0x00000000e6180000)
 ParOldGen       total 215040K, used 95408K [0x0000000080000000, 0x000000008d200000, 0x00000000d5580000)
  object space 215040K, 44% used [0x0000000080000000,0x0000000085d2c1b8,0x000000008d200000)
 Metaspace       used 93479K, capacity 96232K, committed 96256K, reserved 1134592K
  class space    used 11267K, capacity 11752K, committed 11776K, reserved 1048576K
2023-03-30T08:22:11.733+0600: 544203.816: [GC (Allocation Failure) [PSYoungGen: 220690K->3712K(233472K)] 316099K->99176K(448512K), 0.0228825 secs] [Times: user=0.04 sys=0.00, real=0.02 secs] 
Heap after GC invocations=59 (full 3):
 PSYoungGen      total 233472K, used 3712K [0x00000000d5580000, 0x00000000e5c00000, 0x0000000100000000)
  eden space 209408K, 0% used [0x00000000d5580000,0x00000000d5580000,0x00000000e2200000)
  from space 24064K, 15% used [0x00000000e4480000,0x00000000e4820000,0x00000000e5c00000)
  to   space 29696K, 0% used [0x00000000e2200000,0x00000000e2200000,0x00000000e3f00000)
 ParOldGen       total 215040K, used 95464K [0x0000000080000000, 0x000000008d200000, 0x00000000d5580000)
  object space 215040K, 44% used [0x0000000080000000,0x0000000085d3a1b8,0x000000008d200000)
 Metaspace       used 93479K, capacity 96232K, committed 96256K, reserved 1134592K
  class space    used 11267K, capacity 11752K, committed 11776K, reserved 1048576K
}
{Heap before GC invocations=60 (full 3):
 PSYoungGen      total 233472K, used 213114K [0x00000000d5580000, 0x00000000e5c00000, 0x0000000100000000)
  eden space 209408K, 99% used [0x00000000d5580000,0x00000000e21febc8,0x00000000e2200000)
  from space 24064K, 15% used [0x00000000e4480000,0x00000000e4820000,0x00000000e5c00000)
  to   space 29696K, 0% used [0x00000000e2200000,0x00000000e2200000,0x00000000e3f00000)
 ParOldGen       total 215040K, used 95464K [0x0000000080000000, 0x000000008d200000, 0x00000000d5580000)
  object space 215040K, 44% used [0x0000000080000000,0x0000000085d3a1b8,0x000000008d200000)
 Metaspace       used 93501K, capacity 96244K, committed 96512K, reserved 1134592K
  class space    used 11268K, capacity 11754K, committed 11776K, reserved 1048576K
2023-03-30T10:50:42.808+0600: 553114.891: [GC (Allocation Failure) [PSYoungGen: 213114K->8164K(211968K)] 308579K->103660K(427008K), 0.0155461 secs] [Times: user=0.03 sys=0.00, real=0.02 secs] 
Heap after GC invocations=60 (full 3):
 PSYoungGen      total 211968K, used 8164K [0x00000000d5580000, 0x00000000e5480000, 0x0000000100000000)
  eden space 203776K, 0% used [0x00000000d5580000,0x00000000d5580000,0x00000000e1c80000)
  from space 8192K, 99% used [0x00000000e2200000,0x00000000e29f9090,0x00000000e2a00000)
  to   space 28672K, 0% used [0x00000000e3880000,0x00000000e3880000,0x00000000e5480000)
 ParOldGen       total 215040K, used 95496K [0x0000000080000000, 0x000000008d200000, 0x00000000d5580000)
  object space 215040K, 44% used [0x0000000080000000,0x0000000085d421b8,0x000000008d200000)
 Metaspace       used 93501K, capacity 96244K, committed 96512K, reserved 1134592K
  class space    used 11268K, capacity 11754K, committed 11776K, reserved 1048576K
}
{Heap before GC invocations=61 (full 3):
 PSYoungGen      total 211968K, used 211940K [0x00000000d5580000, 0x00000000e5480000, 0x0000000100000000)
  eden space 203776K, 100% used [0x00000000d5580000,0x00000000e1c80000,0x00000000e1c80000)
  from space 8192K, 99% used [0x00000000e2200000,0x00000000e29f9090,0x00000000e2a00000)
  to   space 28672K, 0% used [0x00000000e3880000,0x00000000e3880000,0x00000000e5480000)
 ParOldGen       total 215040K, used 95496K [0x0000000080000000, 0x000000008d200000, 0x00000000d5580000)
  object space 215040K, 44% used [0x0000000080000000,0x0000000085d421b8,0x000000008d200000)
 Metaspace       used 93555K, capacity 96404K, committed 96512K, reserved 1134592K
  class space    used 11277K, capacity 11770K, committed 11776K, reserved 1048576K
2023-03-30T11:58:52.512+0600: 557204.594: [GC (Allocation Failure) [PSYoungGen: 211940K->15255K(220160K)] 307436K->110775K(435200K), 0.0328993 secs] [Times: user=0.05 sys=0.00, real=0.03 secs] 
Heap after GC invocations=61 (full 3):
 PSYoungGen      total 220160K, used 15255K [0x00000000d5580000, 0x00000000e4e00000, 0x0000000100000000)
  eden space 198144K, 0% used [0x00000000d5580000,0x00000000d5580000,0x00000000e1700000)
  from space 22016K, 69% used [0x00000000e3880000,0x00000000e4765c80,0x00000000e4e00000)
  to   space 28160K, 0% used [0x00000000e1700000,0x00000000e1700000,0x00000000e3280000)
 ParOldGen       total 215040K, used 95520K [0x0000000080000000, 0x000000008d200000, 0x00000000d5580000)
  object space 215040K, 44% used [0x0000000080000000,0x0000000085d481b8,0x000000008d200000)
 Metaspace       used 93555K, capacity 96404K, committed 96512K, reserved 1134592K
  class space    used 11277K, capacity 11770K, committed 11776K, reserved 1048576K
}
{Heap before GC invocations=62 (full 3):
 PSYoungGen      total 220160K, used 213399K [0x00000000d5580000, 0x00000000e4e00000, 0x0000000100000000)
  eden space 198144K, 100% used [0x00000000d5580000,0x00000000e1700000,0x00000000e1700000)
  from space 22016K, 69% used [0x00000000e3880000,0x00000000e4765c80,0x00000000e4e00000)
  to   space 28160K, 0% used [0x00000000e1700000,0x00000000e1700000,0x00000000e3280000)
 ParOldGen       total 215040K, used 95520K [0x0000000080000000, 0x000000008d200000, 0x00000000d5580000)
  object space 215040K, 44% used [0x0000000080000000,0x0000000085d481b8,0x000000008d200000)
 Metaspace       used 93589K, capacity 96434K, committed 96512K, reserved 1134592K
  class space    used 11280K, capacity 11775K, committed 11776K, reserved 1048576K
2023-03-30T13:07:33.063+0600: 561325.146: [GC (Allocation Failure) [PSYoungGen: 213399K->14440K(207872K)] 308919K->109997K(422912K), 0.0304726 secs] [Times: user=0.05 sys=0.00, real=0.03 secs] 
Heap after GC invocations=62 (full 3):
 PSYoungGen      total 207872K, used 14440K [0x00000000d5580000, 0x00000000e4800000, 0x0000000100000000)
  eden space 193024K, 0% used [0x00000000d5580000,0x00000000d5580000,0x00000000e1200000)
  from space 14848K, 97% used [0x00000000e1700000,0x00000000e251a360,0x00000000e2580000)
  to   space 27648K, 0% used [0x00000000e2d00000,0x00000000e2d00000,0x00000000e4800000)
 ParOldGen       total 215040K, used 95556K [0x0000000080000000, 0x000000008d200000, 0x00000000d5580000)
  object space 215040K, 44% used [0x0000000080000000,0x0000000085d511c8,0x000000008d200000)
 Metaspace       used 93589K, capacity 96434K, committed 96512K, reserved 1134592K
  class space    used 11280K, capacity 11775K, committed 11776K, reserved 1048576K
}
{Heap before GC invocations=63 (full 3):
 PSYoungGen      total 207872K, used 207464K [0x00000000d5580000, 0x00000000e4800000, 0x0000000100000000)
  eden space 193024K, 100% used [0x00000000d5580000,0x00000000e1200000,0x00000000e1200000)
  from space 14848K, 97% used [0x00000000e1700000,0x00000000e251a360,0x00000000e2580000)
  to   space 27648K, 0% used [0x00000000e2d00000,0x00000000e2d00000,0x00000000e4800000)
 ParOldGen       total 215040K, used 95556K [0x0000000080000000, 0x000000008d200000, 0x00000000d5580000)
  object space 215040K, 44% used [0x0000000080000000,0x0000000085d511c8,0x000000008d200000)
 Metaspace       used 93595K, capacity 96434K, committed 96512K, reserved 1134592K
  class space    used 11280K, capacity 11775K, committed 11776K, reserved 1048576K
2023-03-30T15:11:36.963+0600: 568769.046: [GC (Allocation Failure) [PSYoungGen: 207464K->8888K(208384K)] 303021K->104469K(423424K), 0.0285644 secs] [Times: user=0.04 sys=0.00, real=0.03 secs] 
Heap after GC invocations=63 (full 3):
 PSYoungGen      total 208384K, used 8888K [0x00000000d5580000, 0x00000000e4100000, 0x0000000100000000)
  eden space 187904K, 0% used [0x00000000d5580000,0x00000000d5580000,0x00000000e0d00000)
  from space 20480K, 43% used [0x00000000e2d00000,0x00000000e35ae3e0,0x00000000e4100000)
  to   space 26624K, 0% used [0x00000000e0d00000,0x00000000e0d00000,0x00000000e2700000)
 ParOldGen       total 215040K, used 95580K [0x0000000080000000, 0x000000008d200000, 0x00000000d5580000)
  object space 215040K, 44% used [0x0000000080000000,0x0000000085d571c8,0x000000008d200000)
 Metaspace       used 93595K, capacity 96434K, committed 96512K, reserved 1134592K
  class space    used 11280K, capacity 11775K, committed 11776K, reserved 1048576K
}
{Heap before GC invocations=64 (full 3):
 PSYoungGen      total 208384K, used 196792K [0x00000000d5580000, 0x00000000e4100000, 0x0000000100000000)
  eden space 187904K, 100% used [0x00000000d5580000,0x00000000e0d00000,0x00000000e0d00000)
  from space 20480K, 43% used [0x00000000e2d00000,0x00000000e35ae3e0,0x00000000e4100000)
  to   space 26624K, 0% used [0x00000000e0d00000,0x00000000e0d00000,0x00000000e2700000)
 ParOldGen       total 215040K, used 95580K [0x0000000080000000, 0x000000008d200000, 0x00000000d5580000)
  object space 215040K, 44% used [0x0000000080000000,0x0000000085d571c8,0x000000008d200000)
 Metaspace       used 93596K, capacity 96434K, committed 96512K, reserved 1134592K
  class space    used 11280K, capacity 11775K, committed 11776K, reserved 1048576K
2023-03-30T17:40:52.083+0600: 577724.166: [GC (Allocation Failure) [PSYoungGen: 196792K->6821K(190464K)] 292373K->102418K(405504K), 0.0259639 secs] [Times: user=0.04 sys=0.00, real=0.02 secs] 
Heap after GC invocations=64 (full 3):
 PSYoungGen      total 190464K, used 6821K [0x00000000d5580000, 0x00000000e3b80000, 0x0000000100000000)
  eden space 183296K, 0% used [0x00000000d5580000,0x00000000d5580000,0x00000000e0880000)
  from space 7168K, 95% used [0x00000000e0d00000,0x00000000e13a96f0,0x00000000e1400000)
  to   space 26112K, 0% used [0x00000000e2200000,0x00000000e2200000,0x00000000e3b80000)
 ParOldGen       total 215040K, used 95596K [0x0000000080000000, 0x000000008d200000, 0x00000000d5580000)
  object space 215040K, 44% used [0x0000000080000000,0x0000000085d5b1c8,0x000000008d200000)
 Metaspace       used 93596K, capacity 96434K, committed 96512K, reserved 1134592K
  class space    used 11280K, capacity 11775K, committed 11776K, reserved 1048576K
}
{Heap before GC invocations=65 (full 3):
 PSYoungGen      total 190464K, used 190117K [0x00000000d5580000, 0x00000000e3b80000, 0x0000000100000000)
  eden space 183296K, 100% used [0x00000000d5580000,0x00000000e0880000,0x00000000e0880000)
  from space 7168K, 95% used [0x00000000e0d00000,0x00000000e13a96f0,0x00000000e1400000)
  to   space 26112K, 0% used [0x00000000e2200000,0x00000000e2200000,0x00000000e3b80000)
 ParOldGen       total 215040K, used 95596K [0x0000000080000000, 0x000000008d200000, 0x00000000d5580000)
  object space 215040K, 44% used [0x0000000080000000,0x0000000085d5b1c8,0x000000008d200000)
 Metaspace       used 93627K, capacity 96434K, committed 96512K, reserved 1134592K
  class space    used 11280K, capacity 11775K, committed 11776K, reserved 1048576K
2023-03-30T20:11:27.819+0600: 586759.902: [GC (Allocation Failure) [PSYoungGen: 190117K->5490K(199168K)] 285714K->101103K(414208K), 0.0248520 secs] [Times: user=0.04 sys=0.00, real=0.02 secs] 
Heap after GC invocations=65 (full 3):
 PSYoungGen      total 199168K, used 5490K [0x00000000d5580000, 0x00000000e3600000, 0x0000000100000000)
  eden space 178688K, 0% used [0x00000000d5580000,0x00000000d5580000,0x00000000e0400000)
  from space 20480K, 26% used [0x00000000e2200000,0x00000000e275cb80,0x00000000e3600000)
  to   space 25600K, 0% used [0x00000000e0400000,0x00000000e0400000,0x00000000e1d00000)
 ParOldGen       total 215040K, used 95612K [0x0000000080000000, 0x000000008d200000, 0x00000000d5580000)
  object space 215040K, 44% used [0x0000000080000000,0x0000000085d5f1c8,0x000000008d200000)
 Metaspace       used 93627K, capacity 96434K, committed 96512K, reserved 1134592K
  class space    used 11280K, capacity 11775K, committed 11776K, reserved 1048576K
}
{Heap before GC invocations=66 (full 3):
 PSYoungGen      total 199168K, used 184178K [0x00000000d5580000, 0x00000000e3600000, 0x0000000100000000)
  eden space 178688K, 100% used [0x00000000d5580000,0x00000000e0400000,0x00000000e0400000)
  from space 20480K, 26% used [0x00000000e2200000,0x00000000e275cb80,0x00000000e3600000)
  to   space 25600K, 0% used [0x00000000e0400000,0x00000000e0400000,0x00000000e1d00000)
 ParOldGen       total 215040K, used 95612K [0x0000000080000000, 0x000000008d200000, 0x00000000d5580000)
  object space 215040K, 44% used [0x0000000080000000,0x0000000085d5f1c8,0x000000008d200000)
 Metaspace       used 93650K, capacity 96586K, committed 96896K, reserved 1134592K
  class space    used 11282K, capacity 11779K, committed 11904K, reserved 1048576K
2023-03-30T22:35:18.957+0600: 595391.040: [GC (Allocation Failure) [PSYoungGen: 184178K->5521K(179712K)] 279791K->101158K(394752K), 0.0203443 secs] [Times: user=0.03 sys=0.00, real=0.02 secs] 
Heap after GC invocations=66 (full 3):
 PSYoungGen      total 179712K, used 5521K [0x00000000d5580000, 0x00000000e3080000, 0x0000000100000000)
  eden space 174080K, 0% used [0x00000000d5580000,0x00000000d5580000,0x00000000dff80000)
  from space 5632K, 98% used [0x00000000e0400000,0x00000000e09646f0,0x00000000e0980000)
  to   space 25088K, 0% used [0x00000000e1800000,0x00000000e1800000,0x00000000e3080000)
 ParOldGen       total 215040K, used 95636K [0x0000000080000000, 0x000000008d200000, 0x00000000d5580000)
  object space 215040K, 44% used [0x0000000080000000,0x0000000085d651c8,0x000000008d200000)
 Metaspace       used 93650K, capacity 96586K, committed 96896K, reserved 1134592K
  class space    used 11282K, capacity 11779K, committed 11904K, reserved 1048576K
}
{Heap before GC invocations=67 (full 3):
 PSYoungGen      total 179712K, used 179601K [0x00000000d5580000, 0x00000000e3080000, 0x0000000100000000)
  eden space 174080K, 100% used [0x00000000d5580000,0x00000000dff80000,0x00000000dff80000)
  from space 5632K, 98% used [0x00000000e0400000,0x00000000e09646f0,0x00000000e0980000)
  to   space 25088K, 0% used [0x00000000e1800000,0x00000000e1800000,0x00000000e3080000)
 ParOldGen       total 215040K, used 95636K [0x0000000080000000, 0x000000008d200000, 0x00000000d5580000)
  object space 215040K, 44% used [0x0000000080000000,0x0000000085d651c8,0x000000008d200000)
 Metaspace       used 93657K, capacity 96586K, committed 96896K, reserved 1134592K
  class space    used 11282K, capacity 11779K, committed 11904K, reserved 1048576K
2023-03-31T01:09:40.547+0600: 604652.629: [GC (Allocation Failure) [PSYoungGen: 179601K->3648K(189952K)] 275238K->99328K(404992K), 0.0129859 secs] [Times: user=0.03 sys=0.00, real=0.02 secs] 
Heap after GC invocations=67 (full 3):
 PSYoungGen      total 189952K, used 3648K [0x00000000d5580000, 0x00000000e2b80000, 0x0000000100000000)
  eden space 169984K, 0% used [0x00000000d5580000,0x00000000d5580000,0x00000000dfb80000)
  from space 19968K, 18% used [0x00000000e1800000,0x00000000e1b90000,0x00000000e2b80000)
  to   space 24576K, 0% used [0x00000000dfb80000,0x00000000dfb80000,0x00000000e1380000)
 ParOldGen       total 215040K, used 95680K [0x0000000080000000, 0x000000008d200000, 0x00000000d5580000)
  object space 215040K, 44% used [0x0000000080000000,0x0000000085d701f8,0x000000008d200000)
 Metaspace       used 93657K, capacity 96586K, committed 96896K, reserved 1134592K
  class space    used 11282K, capacity 11779K, committed 11904K, reserved 1048576K
}
{Heap before GC invocations=68 (full 3):
 PSYoungGen      total 189952K, used 173632K [0x00000000d5580000, 0x00000000e2b80000, 0x0000000100000000)
  eden space 169984K, 100% used [0x00000000d5580000,0x00000000dfb80000,0x00000000dfb80000)
  from space 19968K, 18% used [0x00000000e1800000,0x00000000e1b90000,0x00000000e2b80000)
  to   space 24576K, 0% used [0x00000000dfb80000,0x00000000dfb80000,0x00000000e1380000)
 ParOldGen       total 215040K, used 95680K [0x0000000080000000, 0x000000008d200000, 0x00000000d5580000)
  object space 215040K, 44% used [0x0000000080000000,0x0000000085d701f8,0x000000008d200000)
 Metaspace       used 93662K, capacity 96586K, committed 96896K, reserved 1134592K
  class space    used 11283K, capacity 11779K, committed 11904K, reserved 1048576K
2023-03-31T03:38:03.110+0600: 613555.193: [GC (Allocation Failure) [PSYoungGen: 173632K->4497K(170496K)] 269312K->100201K(385536K), 0.0217864 secs] [Times: user=0.04 sys=0.00, real=0.02 secs] 
Heap after GC invocations=68 (full 3):
 PSYoungGen      total 170496K, used 4497K [0x00000000d5580000, 0x00000000e2680000, 0x0000000100000000)
  eden space 165888K, 0% used [0x00000000d5580000,0x00000000d5580000,0x00000000df780000)
  from space 4608K, 97% used [0x00000000dfb80000,0x00000000dffe44b0,0x00000000e0000000)
  to   space 24064K, 0% used [0x00000000e0f00000,0x00000000e0f00000,0x00000000e2680000)
 ParOldGen       total 215040K, used 95704K [0x0000000080000000, 0x000000008d200000, 0x00000000d5580000)
  object space 215040K, 44% used [0x0000000080000000,0x0000000085d761f8,0x000000008d200000)
 Metaspace       used 93662K, capacity 96586K, committed 96896K, reserved 1134592K
  class space    used 11283K, capacity 11779K, committed 11904K, reserved 1048576K
}
{Heap before GC invocations=69 (full 3):
 PSYoungGen      total 170496K, used 170385K [0x00000000d5580000, 0x00000000e2680000, 0x0000000100000000)
  eden space 165888K, 100% used [0x00000000d5580000,0x00000000df780000,0x00000000df780000)
  from space 4608K, 97% used [0x00000000dfb80000,0x00000000dffe44b0,0x00000000e0000000)
  to   space 24064K, 0% used [0x00000000e0f00000,0x00000000e0f00000,0x00000000e2680000)
 ParOldGen       total 215040K, used 95704K [0x0000000080000000, 0x000000008d200000, 0x00000000d5580000)
  object space 215040K, 44% used [0x0000000080000000,0x0000000085d761f8,0x000000008d200000)
 Metaspace       used 93663K, capacity 96586K, committed 96896K, reserved 1134592K
  class space    used 11283K, capacity 11779K, committed 11904K, reserved 1048576K
2023-03-31T06:09:22.665+0600: 622634.748: [GC (Allocation Failure) [PSYoungGen: 170385K->3456K(180736K)] 266089K->99234K(395776K), 0.0220631 secs] [Times: user=0.04 sys=0.00, real=0.02 secs] 
Heap after GC invocations=69 (full 3):
 PSYoungGen      total 180736K, used 3456K [0x00000000d5580000, 0x00000000e2180000, 0x0000000100000000)
  eden space 161792K, 0% used [0x00000000d5580000,0x00000000d5580000,0x00000000df380000)
  from space 18944K, 18% used [0x00000000e0f00000,0x00000000e1260000,0x00000000e2180000)
  to   space 23552K, 0% used [0x00000000df380000,0x00000000df380000,0x00000000e0a80000)
 ParOldGen       total 215040K, used 95778K [0x0000000080000000, 0x000000008d200000, 0x00000000d5580000)
  object space 215040K, 44% used [0x0000000080000000,0x0000000085d88908,0x000000008d200000)
 Metaspace       used 93663K, capacity 96586K, committed 96896K, reserved 1134592K
  class space    used 11283K, capacity 11779K, committed 11904K, reserved 1048576K
}
{Heap before GC invocations=70 (full 3):
 PSYoungGen      total 180736K, used 165248K [0x00000000d5580000, 0x00000000e2180000, 0x0000000100000000)
  eden space 161792K, 100% used [0x00000000d5580000,0x00000000df380000,0x00000000df380000)
  from space 18944K, 18% used [0x00000000e0f00000,0x00000000e1260000,0x00000000e2180000)
  to   space 23552K, 0% used [0x00000000df380000,0x00000000df380000,0x00000000e0a80000)
 ParOldGen       total 215040K, used 95778K [0x0000000080000000, 0x000000008d200000, 0x00000000d5580000)
  object space 215040K, 44% used [0x0000000080000000,0x0000000085d88908,0x000000008d200000)
 Metaspace       used 93663K, capacity 96586K, committed 96896K, reserved 1134592K
  class space    used 11283K, capacity 11779K, committed 11904K, reserved 1048576K
2023-03-31T08:38:03.065+0600: 631555.148: [GC (Allocation Failure) [PSYoungGen: 165248K->3456K(161792K)] 261026K->99258K(376832K), 0.0219985 secs] [Times: user=0.04 sys=0.00, real=0.02 secs] 
Heap after GC invocations=70 (full 3):
 PSYoungGen      total 161792K, used 3456K [0x00000000d5580000, 0x00000000e1d00000, 0x0000000100000000)
  eden space 158208K, 0% used [0x00000000d5580000,0x00000000d5580000,0x00000000df000000)
  from space 3584K, 96% used [0x00000000df380000,0x00000000df6e0000,0x00000000df700000)
  to   space 23040K, 0% used [0x00000000e0680000,0x00000000e0680000,0x00000000e1d00000)
 ParOldGen       total 215040K, used 95802K [0x0000000080000000, 0x000000008d200000, 0x00000000d5580000)
  object space 215040K, 44% used [0x0000000080000000,0x0000000085d8e908,0x000000008d200000)
 Metaspace       used 93663K, capacity 96586K, committed 96896K, reserved 1134592K
  class space    used 11283K, capacity 11779K, committed 11904K, reserved 1048576K
}
{Heap before GC invocations=71 (full 3):
 PSYoungGen      total 161792K, used 161664K [0x00000000d5580000, 0x00000000e1d00000, 0x0000000100000000)
  eden space 158208K, 100% used [0x00000000d5580000,0x00000000df000000,0x00000000df000000)
  from space 3584K, 96% used [0x00000000df380000,0x00000000df6e0000,0x00000000df700000)
  to   space 23040K, 0% used [0x00000000e0680000,0x00000000e0680000,0x00000000e1d00000)
 ParOldGen       total 215040K, used 95802K [0x0000000080000000, 0x000000008d200000, 0x00000000d5580000)
  object space 215040K, 44% used [0x0000000080000000,0x0000000085d8e908,0x000000008d200000)
 Metaspace       used 93663K, capacity 96586K, committed 96896K, reserved 1134592K
  class space    used 11283K, capacity 11779K, committed 11904K, reserved 1048576K
2023-03-31T11:02:49.347+0600: 640241.430: [GC (Allocation Failure) [PSYoungGen: 161664K->3424K(173056K)] 257466K->99254K(388096K), 0.0212010 secs] [Times: user=0.03 sys=0.00, real=0.02 secs] 
Heap after GC invocations=71 (full 3):
 PSYoungGen      total 173056K, used 3424K [0x00000000d5580000, 0x00000000e1880000, 0x0000000100000000)
  eden space 154624K, 0% used [0x00000000d5580000,0x00000000d5580000,0x00000000dec80000)
  from space 18432K, 18% used [0x00000000e0680000,0x00000000e09d8000,0x00000000e1880000)
  to   space 22528K, 0% used [0x00000000dec80000,0x00000000dec80000,0x00000000e0280000)
 ParOldGen       total 215040K, used 95830K [0x0000000080000000, 0x000000008d200000, 0x00000000d5580000)
  object space 215040K, 44% used [0x0000000080000000,0x0000000085d95918,0x000000008d200000)
 Metaspace       used 93663K, capacity 96586K, committed 96896K, reserved 1134592K
  class space    used 11283K, capacity 11779K, committed 11904K, reserved 1048576K
}
{Heap before GC invocations=72 (full 3):
 PSYoungGen      total 173056K, used 158048K [0x00000000d5580000, 0x00000000e1880000, 0x0000000100000000)
  eden space 154624K, 100% used [0x00000000d5580000,0x00000000dec80000,0x00000000dec80000)
  from space 18432K, 18% used [0x00000000e0680000,0x00000000e09d8000,0x00000000e1880000)
  to   space 22528K, 0% used [0x00000000dec80000,0x00000000dec80000,0x00000000e0280000)
 ParOldGen       total 215040K, used 95830K [0x0000000080000000, 0x000000008d200000, 0x00000000d5580000)
  object space 215040K, 44% used [0x0000000080000000,0x0000000085d95918,0x000000008d200000)
 Metaspace       used 93673K, capacity 96610K, committed 96896K, reserved 1134592K
  class space    used 11285K, capacity 11783K, committed 11904K, reserved 1048576K
2023-03-31T13:16:43.028+0600: 648275.111: [GC (Allocation Failure) [PSYoungGen: 158048K->3952K(155136K)] 253878K->99798K(370176K), 0.0227669 secs] [Times: user=0.03 sys=0.00, real=0.03 secs] 
Heap after GC invocations=72 (full 3):
 PSYoungGen      total 155136K, used 3952K [0x00000000d5580000, 0x00000000e1300000, 0x0000000100000000)
  eden space 151040K, 0% used [0x00000000d5580000,0x00000000d5580000,0x00000000de900000)
  from space 4096K, 96% used [0x00000000dec80000,0x00000000df05c240,0x00000000df080000)
  to   space 21504K, 0% used [0x00000000dfe00000,0x00000000dfe00000,0x00000000e1300000)
 ParOldGen       total 215040K, used 95846K [0x0000000080000000, 0x000000008d200000, 0x00000000d5580000)
  object space 215040K, 44% used [0x0000000080000000,0x0000000085d99918,0x000000008d200000)
 Metaspace       used 93673K, capacity 96610K, committed 96896K, reserved 1134592K
  class space    used 11285K, capacity 11783K, committed 11904K, reserved 1048576K
}
{Heap before GC invocations=73 (full 3):
 PSYoungGen      total 155136K, used 154992K [0x00000000d5580000, 0x00000000e1300000, 0x0000000100000000)
  eden space 151040K, 100% used [0x00000000d5580000,0x00000000de900000,0x00000000de900000)
  from space 4096K, 96% used [0x00000000dec80000,0x00000000df05c240,0x00000000df080000)
  to   space 21504K, 0% used [0x00000000dfe00000,0x00000000dfe00000,0x00000000e1300000)
 ParOldGen       total 215040K, used 95846K [0x0000000080000000, 0x000000008d200000, 0x00000000d5580000)
  object space 215040K, 44% used [0x0000000080000000,0x0000000085d99918,0x000000008d200000)
 Metaspace       used 93673K, capacity 96610K, committed 96896K, reserved 1134592K
  class space    used 11285K, capacity 11783K, committed 11904K, reserved 1048576K
2023-03-31T15:00:16.796+0600: 654488.878: [GC (Allocation Failure) [PSYoungGen: 154992K->7157K(162304K)] 250838K->103020K(377344K), 0.0198418 secs] [Times: user=0.03 sys=0.00, real=0.02 secs] 
Heap after GC invocations=73 (full 3):
 PSYoungGen      total 162304K, used 7157K [0x00000000d5580000, 0x00000000e0c80000, 0x0000000100000000)
  eden space 147456K, 0% used [0x00000000d5580000,0x00000000d5580000,0x00000000de580000)
  from space 14848K, 48% used [0x00000000dfe00000,0x00000000e04fd730,0x00000000e0c80000)
  to   space 19968K, 0% used [0x00000000de580000,0x00000000de580000,0x00000000df900000)
 ParOldGen       total 215040K, used 95862K [0x0000000080000000, 0x000000008d200000, 0x00000000d5580000)
  object space 215040K, 44% used [0x0000000080000000,0x0000000085d9d918,0x000000008d200000)
 Metaspace       used 93673K, capacity 96610K, committed 96896K, reserved 1134592K
  class space    used 11285K, capacity 11783K, committed 11904K, reserved 1048576K
}
{Heap before GC invocations=74 (full 3):
 PSYoungGen      total 162304K, used 154613K [0x00000000d5580000, 0x00000000e0c80000, 0x0000000100000000)
  eden space 147456K, 100% used [0x00000000d5580000,0x00000000de580000,0x00000000de580000)
  from space 14848K, 48% used [0x00000000dfe00000,0x00000000e04fd730,0x00000000e0c80000)
  to   space 19968K, 0% used [0x00000000de580000,0x00000000de580000,0x00000000df900000)
 ParOldGen       total 215040K, used 95862K [0x0000000080000000, 0x000000008d200000, 0x00000000d5580000)
  object space 215040K, 44% used [0x0000000080000000,0x0000000085d9d918,0x000000008d200000)
 Metaspace       used 93675K, capacity 96610K, committed 96896K, reserved 1134592K
  class space    used 11286K, capacity 11783K, committed 11904K, reserved 1048576K
2023-03-31T16:33:24.292+0600: 660076.375: [GC (Allocation Failure) [PSYoungGen: 154613K->8424K(153088K)] 250476K->104294K(368128K), 0.0258385 secs] [Times: user=0.04 sys=0.00, real=0.02 secs] 
Heap after GC invocations=74 (full 3):
 PSYoungGen      total 153088K, used 8424K [0x00000000d5580000, 0x00000000e0880000, 0x0000000100000000)
  eden space 144384K, 0% used [0x00000000d5580000,0x00000000d5580000,0x00000000de280000)
  from space 8704K, 96% used [0x00000000de580000,0x00000000dedba1f0,0x00000000dee00000)
  to   space 19456K, 0% used [0x00000000df580000,0x00000000df580000,0x00000000e0880000)
 ParOldGen       total 215040K, used 95870K [0x0000000080000000, 0x000000008d200000, 0x00000000d5580000)
  object space 215040K, 44% used [0x0000000080000000,0x0000000085d9f918,0x000000008d200000)
 Metaspace       used 93675K, capacity 96610K, committed 96896K, reserved 1134592K
  class space    used 11286K, capacity 11783K, committed 11904K, reserved 1048576K
}
{Heap before GC invocations=75 (full 3):
 PSYoungGen      total 153088K, used 152808K [0x00000000d5580000, 0x00000000e0880000, 0x0000000100000000)
  eden space 144384K, 100% used [0x00000000d5580000,0x00000000de280000,0x00000000de280000)
  from space 8704K, 96% used [0x00000000de580000,0x00000000dedba1f0,0x00000000dee00000)
  to   space 19456K, 0% used [0x00000000df580000,0x00000000df580000,0x00000000e0880000)
 ParOldGen       total 215040K, used 95870K [0x0000000080000000, 0x000000008d200000, 0x00000000d5580000)
  object space 215040K, 44% used [0x0000000080000000,0x0000000085d9f918,0x000000008d200000)
 Metaspace       used 93675K, capacity 96610K, committed 96896K, reserved 1134592K
  class space    used 11286K, capacity 11783K, committed 11904K, reserved 1048576K
2023-03-31T18:48:31.736+0600: 668183.819: [GC (Allocation Failure) [PSYoungGen: 152808K->3424K(156672K)] 248678K->99318K(371712K), 0.0173194 secs] [Times: user=0.03 sys=0.00, real=0.02 secs] 
Heap after GC invocations=75 (full 3):
 PSYoungGen      total 156672K, used 3424K [0x00000000d5580000, 0x00000000e0480000, 0x0000000100000000)
  eden space 141312K, 0% used [0x00000000d5580000,0x00000000d5580000,0x00000000ddf80000)
  from space 15360K, 22% used [0x00000000df580000,0x00000000df8d8000,0x00000000e0480000)
  to   space 18944K, 0% used [0x00000000ddf80000,0x00000000ddf80000,0x00000000df200000)
 ParOldGen       total 215040K, used 95894K [0x0000000080000000, 0x000000008d200000, 0x00000000d5580000)
  object space 215040K, 44% used [0x0000000080000000,0x0000000085da5918,0x000000008d200000)
 Metaspace       used 93675K, capacity 96610K, committed 96896K, reserved 1134592K
  class space    used 11286K, capacity 11783K, committed 11904K, reserved 1048576K
}
{Heap before GC invocations=76 (full 3):
 PSYoungGen      total 156672K, used 144736K [0x00000000d5580000, 0x00000000e0480000, 0x0000000100000000)
  eden space 141312K, 100% used [0x00000000d5580000,0x00000000ddf80000,0x00000000ddf80000)
  from space 15360K, 22% used [0x00000000df580000,0x00000000df8d8000,0x00000000e0480000)
  to   space 18944K, 0% used [0x00000000ddf80000,0x00000000ddf80000,0x00000000df200000)
 ParOldGen       total 215040K, used 95894K [0x0000000080000000, 0x000000008d200000, 0x00000000d5580000)
  object space 215040K, 44% used [0x0000000080000000,0x0000000085da5918,0x000000008d200000)
 Metaspace       used 93703K, capacity 96634K, committed 96896K, reserved 1134592K
  class space    used 11288K, capacity 11787K, committed 11904K, reserved 1048576K
2023-03-31T20:44:23.490+0600: 675135.573: [GC (Allocation Failure) [PSYoungGen: 144736K->4080K(142336K)] 240630K->100030K(357376K), 0.0235785 secs] [Times: user=0.04 sys=0.00, real=0.02 secs] 
Heap after GC invocations=76 (full 3):
 PSYoungGen      total 142336K, used 4080K [0x00000000d5580000, 0x00000000dff80000, 0x0000000100000000)
  eden space 138240K, 0% used [0x00000000d5580000,0x00000000d5580000,0x00000000ddc80000)
  from space 4096K, 99% used [0x00000000ddf80000,0x00000000de37c230,0x00000000de380000)
  to   space 17920K, 0% used [0x00000000dee00000,0x00000000dee00000,0x00000000dff80000)
 ParOldGen       total 215040K, used 95950K [0x0000000080000000, 0x000000008d200000, 0x00000000d5580000)
  object space 215040K, 44% used [0x0000000080000000,0x0000000085db3918,0x000000008d200000)
 Metaspace       used 93703K, capacity 96634K, committed 96896K, reserved 1134592K
  class space    used 11288K, capacity 11787K, committed 11904K, reserved 1048576K
}
{Heap before GC invocations=77 (full 3):
 PSYoungGen      total 142336K, used 142320K [0x00000000d5580000, 0x00000000dff80000, 0x0000000100000000)
  eden space 138240K, 100% used [0x00000000d5580000,0x00000000ddc80000,0x00000000ddc80000)
  from space 4096K, 99% used [0x00000000ddf80000,0x00000000de37c230,0x00000000de380000)
  to   space 17920K, 0% used [0x00000000dee00000,0x00000000dee00000,0x00000000dff80000)
 ParOldGen       total 215040K, used 95950K [0x0000000080000000, 0x000000008d200000, 0x00000000d5580000)
  object space 215040K, 44% used [0x0000000080000000,0x0000000085db3918,0x000000008d200000)
 Metaspace       used 93705K, capacity 96634K, committed 96896K, reserved 1134592K
  class space    used 11288K, capacity 11787K, committed 11904K, reserved 1048576K
2023-03-31T22:49:51.505+0600: 682663.588: [GC (Allocation Failure) [PSYoungGen: 142320K->3264K(148992K)] 238270K->99254K(364032K), 0.0217760 secs] [Times: user=0.04 sys=0.00, real=0.02 secs] 
Heap after GC invocations=77 (full 3):
 PSYoungGen      total 148992K, used 3264K [0x00000000d5580000, 0x00000000dfb80000, 0x0000000100000000)
  eden space 135168K, 0% used [0x00000000d5580000,0x00000000d5580000,0x00000000dd980000)
  from space 13824K, 23% used [0x00000000dee00000,0x00000000df130000,0x00000000dfb80000)
  to   space 17408K, 0% used [0x00000000dd980000,0x00000000dd980000,0x00000000dea80000)
 ParOldGen       total 215040K, used 95990K [0x0000000080000000, 0x000000008d200000, 0x00000000d5580000)
  object space 215040K, 44% used [0x0000000080000000,0x0000000085dbd918,0x000000008d200000)
 Metaspace       used 93705K, capacity 96634K, committed 96896K, reserved 1134592K
  class space    used 11288K, capacity 11787K, committed 11904K, reserved 1048576K
}
{Heap before GC invocations=78 (full 3):
 PSYoungGen      total 148992K, used 138432K [0x00000000d5580000, 0x00000000dfb80000, 0x0000000100000000)
  eden space 135168K, 100% used [0x00000000d5580000,0x00000000dd980000,0x00000000dd980000)
  from space 13824K, 23% used [0x00000000dee00000,0x00000000df130000,0x00000000dfb80000)
  to   space 17408K, 0% used [0x00000000dd980000,0x00000000dd980000,0x00000000dea80000)
 ParOldGen       total 215040K, used 95990K [0x0000000080000000, 0x000000008d200000, 0x00000000d5580000)
  object space 215040K, 44% used [0x0000000080000000,0x0000000085dbd918,0x000000008d200000)
 Metaspace       used 93706K, capacity 96634K, committed 96896K, reserved 1134592K
  class space    used 11288K, capacity 11787K, committed 11904K, reserved 1048576K
2023-04-01T00:07:04.759+0600: 687296.842: [GC (Allocation Failure) [PSYoungGen: 138432K->9321K(141824K)] 234422K->105327K(356864K), 0.0269953 secs] [Times: user=0.04 sys=0.00, real=0.02 secs] 
Heap after GC invocations=78 (full 3):
 PSYoungGen      total 141824K, used 9321K [0x00000000d5580000, 0x00000000df880000, 0x0000000100000000)
  eden space 132096K, 0% used [0x00000000d5580000,0x00000000d5580000,0x00000000dd680000)
  from space 9728K, 95% used [0x00000000dd980000,0x00000000de29a460,0x00000000de300000)
  to   space 17408K, 0% used [0x00000000de780000,0x00000000de780000,0x00000000df880000)
 ParOldGen       total 215040K, used 96006K [0x0000000080000000, 0x000000008d200000, 0x00000000d5580000)
  object space 215040K, 44% used [0x0000000080000000,0x0000000085dc1918,0x000000008d200000)
 Metaspace       used 93706K, capacity 96634K, committed 96896K, reserved 1134592K
  class space    used 11288K, capacity 11787K, committed 11904K, reserved 1048576K
}
{Heap before GC invocations=79 (full 3):
 PSYoungGen      total 141824K, used 141417K [0x00000000d5580000, 0x00000000df880000, 0x0000000100000000)
  eden space 132096K, 100% used [0x00000000d5580000,0x00000000dd680000,0x00000000dd680000)
  from space 9728K, 95% used [0x00000000dd980000,0x00000000de29a460,0x00000000de300000)
  to   space 17408K, 0% used [0x00000000de780000,0x00000000de780000,0x00000000df880000)
 ParOldGen       total 215040K, used 96006K [0x0000000080000000, 0x000000008d200000, 0x00000000d5580000)
  object space 215040K, 44% used [0x0000000080000000,0x0000000085dc1918,0x000000008d200000)
 Metaspace       used 93707K, capacity 96634K, committed 96896K, reserved 1134592K
  class space    used 11288K, capacity 11787K, committed 11904K, reserved 1048576K
2023-04-01T02:07:15.730+0600: 694507.813: [GC (Allocation Failure) [PSYoungGen: 141417K->3488K(143360K)] 237423K->99510K(358400K), 0.0155569 secs] [Times: user=0.03 sys=0.00, real=0.01 secs] 
Heap after GC invocations=79 (full 3):
 PSYoungGen      total 143360K, used 3488K [0x00000000d5580000, 0x00000000df500000, 0x0000000100000000)
  eden space 129536K, 0% used [0x00000000d5580000,0x00000000d5580000,0x00000000dd400000)
  from space 13824K, 25% used [0x00000000de780000,0x00000000deae8010,0x00000000df500000)
  to   space 16896K, 0% used [0x00000000dd400000,0x00000000dd400000,0x00000000de480000)
 ParOldGen       total 215040K, used 96022K [0x0000000080000000, 0x000000008d200000, 0x00000000d5580000)
  object space 215040K, 44% used [0x0000000080000000,0x0000000085dc5918,0x000000008d200000)
 Metaspace       used 93707K, capacity 96634K, committed 96896K, reserved 1134592K
  class space    used 11288K, capacity 11787K, committed 11904K, reserved 1048576K
}
{Heap before GC invocations=80 (full 3):
 PSYoungGen      total 143360K, used 133024K [0x00000000d5580000, 0x00000000df500000, 0x0000000100000000)
  eden space 129536K, 100% used [0x00000000d5580000,0x00000000dd400000,0x00000000dd400000)
  from space 13824K, 25% used [0x00000000de780000,0x00000000deae8010,0x00000000df500000)
  to   space 16896K, 0% used [0x00000000dd400000,0x00000000dd400000,0x00000000de480000)
 ParOldGen       total 215040K, used 96022K [0x0000000080000000, 0x000000008d200000, 0x00000000d5580000)
  object space 215040K, 44% used [0x0000000080000000,0x0000000085dc5918,0x000000008d200000)
 Metaspace       used 93708K, capacity 96634K, committed 96896K, reserved 1134592K
  class space    used 11288K, capacity 11787K, committed 11904K, reserved 1048576K
2023-04-01T04:05:37.617+0600: 701609.700: [GC (Allocation Failure) [PSYoungGen: 133024K->3264K(130560K)] 229046K->99326K(345600K), 0.0197230 secs] [Times: user=0.03 sys=0.00, real=0.02 secs] 
Heap after GC invocations=80 (full 3):
 PSYoungGen      total 130560K, used 3264K [0x00000000d5580000, 0x00000000df180000, 0x0000000100000000)
  eden space 126976K, 0% used [0x00000000d5580000,0x00000000d5580000,0x00000000dd180000)
  from space 3584K, 91% used [0x00000000dd400000,0x00000000dd730000,0x00000000dd780000)
  to   space 16384K, 0% used [0x00000000de180000,0x00000000de180000,0x00000000df180000)
 ParOldGen       total 215040K, used 96062K [0x0000000080000000, 0x000000008d200000, 0x00000000d5580000)
  object space 215040K, 44% used [0x0000000080000000,0x0000000085dcf948,0x000000008d200000)
 Metaspace       used 93708K, capacity 96634K, committed 96896K, reserved 1134592K
  class space    used 11288K, capacity 11787K, committed 11904K, reserved 1048576K
}
{Heap before GC invocations=81 (full 3):
 PSYoungGen      total 130560K, used 130240K [0x00000000d5580000, 0x00000000df180000, 0x0000000100000000)
  eden space 126976K, 100% used [0x00000000d5580000,0x00000000dd180000,0x00000000dd180000)
  from space 3584K, 91% used [0x00000000dd400000,0x00000000dd730000,0x00000000dd780000)
  to   space 16384K, 0% used [0x00000000de180000,0x00000000de180000,0x00000000df180000)
 ParOldGen       total 215040K, used 96062K [0x0000000080000000, 0x000000008d200000, 0x00000000d5580000)
  object space 215040K, 44% used [0x0000000080000000,0x0000000085dcf948,0x000000008d200000)
 Metaspace       used 93708K, capacity 96634K, committed 96896K, reserved 1134592K
  class space    used 11288K, capacity 11787K, committed 11904K, reserved 1048576K
2023-04-01T06:00:51.243+0600: 708523.326: [GC (Allocation Failure) [PSYoungGen: 130240K->3232K(137216K)] 226302K->99318K(352256K), 0.0180692 secs] [Times: user=0.02 sys=0.00, real=0.02 secs] 
Heap after GC invocations=81 (full 3):
 PSYoungGen      total 137216K, used 3232K [0x00000000d5580000, 0x00000000dee00000, 0x0000000100000000)
  eden space 124416K, 0% used [0x00000000d5580000,0x00000000d5580000,0x00000000dcf00000)
  from space 12800K, 25% used [0x00000000de180000,0x00000000de4a8000,0x00000000dee00000)
  to   space 15872K, 0% used [0x00000000dcf00000,0x00000000dcf00000,0x00000000dde80000)
 ParOldGen       total 215040K, used 96086K [0x0000000080000000, 0x000000008d200000, 0x00000000d5580000)
  object space 215040K, 44% used [0x0000000080000000,0x0000000085dd5948,0x000000008d200000)
 Metaspace       used 93708K, capacity 96634K, committed 96896K, reserved 1134592K
  class space    used 11288K, capacity 11787K, committed 11904K, reserved 1048576K
}
{Heap before GC invocations=82 (full 3):
 PSYoungGen      total 137216K, used 127648K [0x00000000d5580000, 0x00000000dee00000, 0x0000000100000000)
  eden space 124416K, 100% used [0x00000000d5580000,0x00000000dcf00000,0x00000000dcf00000)
  from space 12800K, 25% used [0x00000000de180000,0x00000000de4a8000,0x00000000dee00000)
  to   space 15872K, 0% used [0x00000000dcf00000,0x00000000dcf00000,0x00000000dde80000)
 ParOldGen       total 215040K, used 96086K [0x0000000080000000, 0x000000008d200000, 0x00000000d5580000)
  object space 215040K, 44% used [0x0000000080000000,0x0000000085dd5948,0x000000008d200000)
 Metaspace       used 93708K, capacity 96634K, committed 96896K, reserved 1134592K
  class space    used 11288K, capacity 11787K, committed 11904K, reserved 1048576K
2023-04-01T07:50:31.930+0600: 715104.012: [GC (Allocation Failure) [PSYoungGen: 127648K->3200K(125440K)] 223734K->99294K(340480K), 0.0182982 secs] [Times: user=0.03 sys=0.00, real=0.01 secs] 
Heap after GC invocations=82 (full 3):
 PSYoungGen      total 125440K, used 3200K [0x00000000d5580000, 0x00000000dea80000, 0x0000000100000000)
  eden space 121856K, 0% used [0x00000000d5580000,0x00000000d5580000,0x00000000dcc80000)
  from space 3584K, 89% used [0x00000000dcf00000,0x00000000dd220000,0x00000000dd280000)
  to   space 15360K, 0% used [0x00000000ddb80000,0x00000000ddb80000,0x00000000dea80000)
 ParOldGen       total 215040K, used 96094K [0x0000000080000000, 0x000000008d200000, 0x00000000d5580000)
  object space 215040K, 44% used [0x0000000080000000,0x0000000085dd7948,0x000000008d200000)
 Metaspace       used 93708K, capacity 96634K, committed 96896K, reserved 1134592K
  class space    used 11288K, capacity 11787K, committed 11904K, reserved 1048576K
}
{Heap before GC invocations=83 (full 3):
 PSYoungGen      total 125440K, used 125056K [0x00000000d5580000, 0x00000000dea80000, 0x0000000100000000)
  eden space 121856K, 100% used [0x00000000d5580000,0x00000000dcc80000,0x00000000dcc80000)
  from space 3584K, 89% used [0x00000000dcf00000,0x00000000dd220000,0x00000000dd280000)
  to   space 15360K, 0% used [0x00000000ddb80000,0x00000000ddb80000,0x00000000dea80000)
 ParOldGen       total 215040K, used 96094K [0x0000000080000000, 0x000000008d200000, 0x00000000d5580000)
  object space 215040K, 44% used [0x0000000080000000,0x0000000085dd7948,0x000000008d200000)
 Metaspace       used 93708K, capacity 96634K, committed 96896K, reserved 1134592K
  class space    used 11288K, capacity 11787K, committed 11904K, reserved 1048576K
2023-04-01T09:43:41.604+0600: 721893.687: [GC (Allocation Failure) [PSYoungGen: 125056K->3200K(131072K)] 221150K->99310K(346112K), 0.0188103 secs] [Times: user=0.03 sys=0.00, real=0.02 secs] 
Heap after GC invocations=83 (full 3):
 PSYoungGen      total 131072K, used 3200K [0x00000000d5580000, 0x00000000de700000, 0x0000000100000000)
  eden space 119296K, 0% used [0x00000000d5580000,0x00000000d5580000,0x00000000dca00000)
  from space 11776K, 27% used [0x00000000ddb80000,0x00000000ddea0000,0x00000000de700000)
  to   space 14848K, 0% used [0x00000000dca00000,0x00000000dca00000,0x00000000dd880000)
 ParOldGen       total 215040K, used 96110K [0x0000000080000000, 0x000000008d200000, 0x00000000d5580000)
  object space 215040K, 44% used [0x0000000080000000,0x0000000085ddb948,0x000000008d200000)
 Metaspace       used 93708K, capacity 96634K, committed 96896K, reserved 1134592K
  class space    used 11288K, capacity 11787K, committed 11904K, reserved 1048576K
}
{Heap before GC invocations=84 (full 3):
 PSYoungGen      total 131072K, used 122496K [0x00000000d5580000, 0x00000000de700000, 0x0000000100000000)
  eden space 119296K, 100% used [0x00000000d5580000,0x00000000dca00000,0x00000000dca00000)
  from space 11776K, 27% used [0x00000000ddb80000,0x00000000ddea0000,0x00000000de700000)
  to   space 14848K, 0% used [0x00000000dca00000,0x00000000dca00000,0x00000000dd880000)
 ParOldGen       total 215040K, used 96110K [0x0000000080000000, 0x000000008d200000, 0x00000000d5580000)
  object space 215040K, 44% used [0x0000000080000000,0x0000000085ddb948,0x000000008d200000)
 Metaspace       used 93711K, capacity 96634K, committed 96896K, reserved 1134592K
  class space    used 11288K, capacity 11787K, committed 11904K, reserved 1048576K
2023-04-01T11:14:44.422+0600: 727356.505: [GC (Allocation Failure) [PSYoungGen: 122496K->5573K(122880K)] 218606K->101699K(337920K), 0.0154203 secs] [Times: user=0.03 sys=0.00, real=0.01 secs] 
Heap after GC invocations=84 (full 3):
 PSYoungGen      total 122880K, used 5573K [0x00000000d5580000, 0x00000000de300000, 0x0000000100000000)
  eden space 117248K, 0% used [0x00000000d5580000,0x00000000d5580000,0x00000000dc800000)
  from space 5632K, 98% used [0x00000000dca00000,0x00000000dcf71480,0x00000000dcf80000)
  to   space 13824K, 0% used [0x00000000dd580000,0x00000000dd580000,0x00000000de300000)
 ParOldGen       total 215040K, used 96126K [0x0000000080000000, 0x000000008d200000, 0x00000000d5580000)
  object space 215040K, 44% used [0x0000000080000000,0x0000000085ddf948,0x000000008d200000)
 Metaspace       used 93711K, capacity 96634K, committed 96896K, reserved 1134592K
  class space    used 11288K, capacity 11787K, committed 11904K, reserved 1048576K
}
{Heap before GC invocations=85 (full 3):
 PSYoungGen      total 122880K, used 122821K [0x00000000d5580000, 0x00000000de300000, 0x0000000100000000)
  eden space 117248K, 100% used [0x00000000d5580000,0x00000000dc800000,0x00000000dc800000)
  from space 5632K, 98% used [0x00000000dca00000,0x00000000dcf71480,0x00000000dcf80000)
  to   space 13824K, 0% used [0x00000000dd580000,0x00000000dd580000,0x00000000de300000)
 ParOldGen       total 215040K, used 96126K [0x0000000080000000, 0x000000008d200000, 0x00000000d5580000)
  object space 215040K, 44% used [0x0000000080000000,0x0000000085ddf948,0x000000008d200000)
 Metaspace       used 93722K, capacity 96658K, committed 96896K, reserved 1134592K
  class space    used 11290K, capacity 11791K, committed 11904K, reserved 1048576K
2023-04-01T12:43:26.199+0600: 732678.282: [GC (Allocation Failure) [PSYoungGen: 122821K->5459K(125952K)] 218947K->101593K(340992K), 0.0212390 secs] [Times: user=0.03 sys=0.00, real=0.02 secs] 
Heap after GC invocations=85 (full 3):
 PSYoungGen      total 125952K, used 5459K [0x00000000d5580000, 0x00000000de000000, 0x0000000100000000)
  eden space 115200K, 0% used [0x00000000d5580000,0x00000000d5580000,0x00000000dc600000)
  from space 10752K, 50% used [0x00000000dd580000,0x00000000ddad4da0,0x00000000de000000)
  to   space 13312K, 0% used [0x00000000dc600000,0x00000000dc600000,0x00000000dd300000)
 ParOldGen       total 215040K, used 96134K [0x0000000080000000, 0x000000008d200000, 0x00000000d5580000)
  object space 215040K, 44% used [0x0000000080000000,0x0000000085de1948,0x000000008d200000)
 Metaspace       used 93722K, capacity 96658K, committed 96896K, reserved 1134592K
  class space    used 11290K, capacity 11791K, committed 11904K, reserved 1048576K
}
{Heap before GC invocations=86 (full 3):
 PSYoungGen      total 125952K, used 120659K [0x00000000d5580000, 0x00000000de000000, 0x0000000100000000)
  eden space 115200K, 100% used [0x00000000d5580000,0x00000000dc600000,0x00000000dc600000)
  from space 10752K, 50% used [0x00000000dd580000,0x00000000ddad4da0,0x00000000de000000)
  to   space 13312K, 0% used [0x00000000dc600000,0x00000000dc600000,0x00000000dd300000)
 ParOldGen       total 215040K, used 96134K [0x0000000080000000, 0x000000008d200000, 0x00000000d5580000)
  object space 215040K, 44% used [0x0000000080000000,0x0000000085de1948,0x000000008d200000)
 Metaspace       used 93726K, capacity 96658K, committed 96896K, reserved 1134592K
  class space    used 11290K, capacity 11791K, committed 11904K, reserved 1048576K
2023-04-01T14:19:30.322+0600: 738442.404: [GC (Allocation Failure) [PSYoungGen: 120659K->4801K(118272K)] 216793K->100936K(333312K), 0.0203466 secs] [Times: user=0.03 sys=0.00, real=0.02 secs] 
Heap after GC invocations=86 (full 3):
 PSYoungGen      total 118272K, used 4801K [0x00000000d5580000, 0x00000000ddd00000, 0x0000000100000000)
  eden space 113152K, 0% used [0x00000000d5580000,0x00000000d5580000,0x00000000dc400000)
  from space 5120K, 93% used [0x00000000dc600000,0x00000000dcab0700,0x00000000dcb00000)
  to   space 12800K, 0% used [0x00000000dd080000,0x00000000dd080000,0x00000000ddd00000)
 ParOldGen       total 215040K, used 96134K [0x0000000080000000, 0x000000008d200000, 0x00000000d5580000)
  object space 215040K, 44% used [0x0000000080000000,0x0000000085de1948,0x000000008d200000)
 Metaspace       used 93726K, capacity 96658K, committed 96896K, reserved 1134592K
  class space    used 11290K, capacity 11791K, committed 11904K, reserved 1048576K
}
{Heap before GC invocations=87 (full 3):
 PSYoungGen      total 118272K, used 117953K [0x00000000d5580000, 0x00000000ddd00000, 0x0000000100000000)
  eden space 113152K, 100% used [0x00000000d5580000,0x00000000dc400000,0x00000000dc400000)
  from space 5120K, 93% used [0x00000000dc600000,0x00000000dcab0700,0x00000000dcb00000)
  to   space 12800K, 0% used [0x00000000dd080000,0x00000000dd080000,0x00000000ddd00000)
 ParOldGen       total 215040K, used 96134K [0x0000000080000000, 0x000000008d200000, 0x00000000d5580000)
  object space 215040K, 44% used [0x0000000080000000,0x0000000085de1948,0x000000008d200000)
 Metaspace       used 93726K, capacity 96658K, committed 96896K, reserved 1134592K
  class space    used 11290K, capacity 11791K, committed 11904K, reserved 1048576K
2023-04-01T16:04:48.262+0600: 744760.345: [GC (Allocation Failure) [PSYoungGen: 117953K->3136K(120832K)] 214088K->99310K(335872K), 0.0183154 secs] [Times: user=0.03 sys=0.00, real=0.02 secs] 
Heap after GC invocations=87 (full 3):
 PSYoungGen      total 120832K, used 3136K [0x00000000d5580000, 0x00000000dda00000, 0x0000000100000000)
  eden space 111104K, 0% used [0x00000000d5580000,0x00000000d5580000,0x00000000dc200000)
  from space 9728K, 32% used [0x00000000dd080000,0x00000000dd390000,0x00000000dda00000)
  to   space 12288K, 0% used [0x00000000dc200000,0x00000000dc200000,0x00000000dce00000)
 ParOldGen       total 215040K, used 96174K [0x0000000080000000, 0x000000008d200000, 0x00000000d5580000)
  object space 215040K, 44% used [0x0000000080000000,0x0000000085deb978,0x000000008d200000)
 Metaspace       used 93726K, capacity 96658K, committed 96896K, reserved 1134592K
  class space    used 11290K, capacity 11791K, committed 11904K, reserved 1048576K
}
{Heap before GC invocations=88 (full 3):
 PSYoungGen      total 120832K, used 114238K [0x00000000d5580000, 0x00000000dda00000, 0x0000000100000000)
  eden space 111104K, 99% used [0x00000000d5580000,0x00000000dc1ffbe8,0x00000000dc200000)
  from space 9728K, 32% used [0x00000000dd080000,0x00000000dd390000,0x00000000dda00000)
  to   space 12288K, 0% used [0x00000000dc200000,0x00000000dc200000,0x00000000dce00000)
 ParOldGen       total 215040K, used 96174K [0x0000000080000000, 0x000000008d200000, 0x00000000d5580000)
  object space 215040K, 44% used [0x0000000080000000,0x0000000085deb978,0x000000008d200000)
 Metaspace       used 93732K, capacity 96658K, committed 96896K, reserved 1134592K
  class space    used 11291K, capacity 11791K, committed 11904K, reserved 1048576K
2023-04-01T17:05:39.584+0600: 748411.667: [GC (Allocation Failure) [PSYoungGen: 114238K->7303K(116736K)] 210413K->103501K(331776K), 0.0152723 secs] [Times: user=0.03 sys=0.00, real=0.02 secs] 
Heap after GC invocations=88 (full 3):
 PSYoungGen      total 116736K, used 7303K [0x00000000d5580000, 0x00000000dd800000, 0x0000000100000000)
  eden space 109056K, 0% used [0x00000000d5580000,0x00000000d5580000,0x00000000dc000000)
  from space 7680K, 95% used [0x00000000dc200000,0x00000000dc921d70,0x00000000dc980000)
  to   space 12288K, 0% used [0x00000000dcc00000,0x00000000dcc00000,0x00000000dd800000)
 ParOldGen       total 215040K, used 96198K [0x0000000080000000, 0x000000008d200000, 0x00000000d5580000)
  object space 215040K, 44% used [0x0000000080000000,0x0000000085df1978,0x000000008d200000)
 Metaspace       used 93732K, capacity 96658K, committed 96896K, reserved 1134592K
  class space    used 11291K, capacity 11791K, committed 11904K, reserved 1048576K
}
{Heap before GC invocations=89 (full 3):
 PSYoungGen      total 116736K, used 116359K [0x00000000d5580000, 0x00000000dd800000, 0x0000000100000000)
  eden space 109056K, 100% used [0x00000000d5580000,0x00000000dc000000,0x00000000dc000000)
  from space 7680K, 95% used [0x00000000dc200000,0x00000000dc921d70,0x00000000dc980000)
  to   space 12288K, 0% used [0x00000000dcc00000,0x00000000dcc00000,0x00000000dd800000)
 ParOldGen       total 215040K, used 96198K [0x0000000080000000, 0x000000008d200000, 0x00000000d5580000)
  object space 215040K, 44% used [0x0000000080000000,0x0000000085df1978,0x000000008d200000)
 Metaspace       used 93734K, capacity 96658K, committed 96896K, reserved 1134592K
  class space    used 11291K, capacity 11791K, committed 11904K, reserved 1048576K
2023-04-01T17:39:42.145+0600: 750454.228: [GC (Allocation Failure) [PSYoungGen: 116359K->9929K(119296K)] 212557K->106159K(334336K), 0.0232590 secs] [Times: user=0.03 sys=0.00, real=0.02 secs] 
Heap after GC invocations=89 (full 3):
 PSYoungGen      total 119296K, used 9929K [0x00000000d5580000, 0x00000000dd800000, 0x0000000100000000)
  eden space 107008K, 0% used [0x00000000d5580000,0x00000000d5580000,0x00000000dbe00000)
  from space 12288K, 80% used [0x00000000dcc00000,0x00000000dd5b24b0,0x00000000dd800000)
  to   space 13312K, 0% used [0x00000000dbe00000,0x00000000dbe00000,0x00000000dcb00000)
 ParOldGen       total 215040K, used 96230K [0x0000000080000000, 0x000000008d200000, 0x00000000d5580000)
  object space 215040K, 44% used [0x0000000080000000,0x0000000085df9978,0x000000008d200000)
 Metaspace       used 93734K, capacity 96658K, committed 96896K, reserved 1134592K
  class space    used 11291K, capacity 11791K, committed 11904K, reserved 1048576K
}
{Heap before GC invocations=90 (full 3):
 PSYoungGen      total 119296K, used 116937K [0x00000000d5580000, 0x00000000dd800000, 0x0000000100000000)
  eden space 107008K, 100% used [0x00000000d5580000,0x00000000dbe00000,0x00000000dbe00000)
  from space 12288K, 80% used [0x00000000dcc00000,0x00000000dd5b24b0,0x00000000dd800000)
  to   space 13312K, 0% used [0x00000000dbe00000,0x00000000dbe00000,0x00000000dcb00000)
 ParOldGen       total 215040K, used 96230K [0x0000000080000000, 0x000000008d200000, 0x00000000d5580000)
  object space 215040K, 44% used [0x0000000080000000,0x0000000085df9978,0x000000008d200000)
 Metaspace       used 93752K, capacity 96718K, committed 96896K, reserved 1134592K
  class space    used 11296K, capacity 11801K, committed 11904K, reserved 1048576K
2023-04-01T18:31:14.644+0600: 753546.727: [GC (Allocation Failure) [PSYoungGen: 116937K->8904K(114176K)] 213167K->105134K(329216K), 0.0174602 secs] [Times: user=0.03 sys=0.00, real=0.02 secs] 
Heap after GC invocations=90 (full 3):
 PSYoungGen      total 114176K, used 8904K [0x00000000d5580000, 0x00000000dd700000, 0x0000000100000000)
  eden space 104960K, 0% used [0x00000000d5580000,0x00000000d5580000,0x00000000dbc00000)
  from space 9216K, 96% used [0x00000000dbe00000,0x00000000dc6b2250,0x00000000dc700000)
  to   space 13824K, 0% used [0x00000000dc980000,0x00000000dc980000,0x00000000dd700000)
 ParOldGen       total 215040K, used 96230K [0x0000000080000000, 0x000000008d200000, 0x00000000d5580000)
  object space 215040K, 44% used [0x0000000080000000,0x0000000085df9978,0x000000008d200000)
 Metaspace       used 93752K, capacity 96718K, committed 96896K, reserved 1134592K
  class space    used 11296K, capacity 11801K, committed 11904K, reserved 1048576K
}
{Heap before GC invocations=91 (full 3):
 PSYoungGen      total 114176K, used 113864K [0x00000000d5580000, 0x00000000dd700000, 0x0000000100000000)
  eden space 104960K, 100% used [0x00000000d5580000,0x00000000dbc00000,0x00000000dbc00000)
  from space 9216K, 96% used [0x00000000dbe00000,0x00000000dc6b2250,0x00000000dc700000)
  to   space 13824K, 0% used [0x00000000dc980000,0x00000000dc980000,0x00000000dd700000)
 ParOldGen       total 215040K, used 96230K [0x0000000080000000, 0x000000008d200000, 0x00000000d5580000)
  object space 215040K, 44% used [0x0000000080000000,0x0000000085df9978,0x000000008d200000)
 Metaspace       used 93753K, capacity 96718K, committed 96896K, reserved 1134592K
  class space    used 11296K, capacity 11801K, committed 11904K, reserved 1048576K
2023-04-01T19:58:43.604+0600: 758795.687: [GC (Allocation Failure) [PSYoungGen: 113864K->4322K(113664K)] 210094K->100572K(328704K), 0.0208928 secs] [Times: user=0.03 sys=0.00, real=0.02 secs] 
Heap after GC invocations=91 (full 3):
 PSYoungGen      total 113664K, used 4322K [0x00000000d5580000, 0x00000000dd400000, 0x0000000100000000)
  eden space 102912K, 0% used [0x00000000d5580000,0x00000000d5580000,0x00000000dba00000)
  from space 10752K, 40% used [0x00000000dc980000,0x00000000dcdb8930,0x00000000dd400000)
  to   space 13312K, 0% used [0x00000000dba00000,0x00000000dba00000,0x00000000dc700000)
 ParOldGen       total 215040K, used 96250K [0x0000000080000000, 0x000000008d200000, 0x00000000d5580000)
  object space 215040K, 44% used [0x0000000080000000,0x0000000085dfe988,0x000000008d200000)
 Metaspace       used 93753K, capacity 96718K, committed 96896K, reserved 1134592K
  class space    used 11296K, capacity 11801K, committed 11904K, reserved 1048576K
}
{Heap before GC invocations=92 (full 3):
 PSYoungGen      total 113664K, used 107234K [0x00000000d5580000, 0x00000000dd400000, 0x0000000100000000)
  eden space 102912K, 100% used [0x00000000d5580000,0x00000000dba00000,0x00000000dba00000)
  from space 10752K, 40% used [0x00000000dc980000,0x00000000dcdb8930,0x00000000dd400000)
  to   space 13312K, 0% used [0x00000000dba00000,0x00000000dba00000,0x00000000dc700000)
 ParOldGen       total 215040K, used 96250K [0x0000000080000000, 0x000000008d200000, 0x00000000d5580000)
  object space 215040K, 44% used [0x0000000080000000,0x0000000085dfe988,0x000000008d200000)
 Metaspace       used 93782K, capacity 96742K, committed 96896K, reserved 1134592K
  class space    used 11298K, capacity 11805K, committed 11904K, reserved 1048576K
2023-04-01T21:21:04.961+0600: 763737.043: [GC (Allocation Failure) [PSYoungGen: 107234K->3891K(105472K)] 203484K->100150K(320512K), 0.0199431 secs] [Times: user=0.03 sys=0.00, real=0.02 secs] 
Heap after GC invocations=92 (full 3):
 PSYoungGen      total 105472K, used 3891K [0x00000000d5580000, 0x00000000dd180000, 0x0000000100000000)
  eden space 101376K, 0% used [0x00000000d5580000,0x00000000d5580000,0x00000000db880000)
  from space 4096K, 95% used [0x00000000dba00000,0x00000000dbdccf50,0x00000000dbe00000)
  to   space 12800K, 0% used [0x00000000dc500000,0x00000000dc500000,0x00000000dd180000)
 ParOldGen       total 215040K, used 96258K [0x0000000080000000, 0x000000008d200000, 0x00000000d5580000)
  object space 215040K, 44% used [0x0000000080000000,0x0000000085e00988,0x000000008d200000)
 Metaspace       used 93782K, capacity 96742K, committed 96896K, reserved 1134592K
  class space    used 11298K, capacity 11805K, committed 11904K, reserved 1048576K
}
{Heap before GC invocations=93 (full 3):
 PSYoungGen      total 105472K, used 105267K [0x00000000d5580000, 0x00000000dd180000, 0x0000000100000000)
  eden space 101376K, 100% used [0x00000000d5580000,0x00000000db880000,0x00000000db880000)
  from space 4096K, 95% used [0x00000000dba00000,0x00000000dbdccf50,0x00000000dbe00000)
  to   space 12800K, 0% used [0x00000000dc500000,0x00000000dc500000,0x00000000dd180000)
 ParOldGen       total 215040K, used 96258K [0x0000000080000000, 0x000000008d200000, 0x00000000d5580000)
  object space 215040K, 44% used [0x0000000080000000,0x0000000085e00988,0x000000008d200000)
 Metaspace       used 93782K, capacity 96742K, committed 96896K, reserved 1134592K
  class space    used 11298K, capacity 11805K, committed 11904K, reserved 1048576K
2023-04-01T22:51:18.889+0600: 769150.972: [GC (Allocation Failure) [PSYoungGen: 105267K->3616K(111104K)] 201526K->99914K(326144K), 0.0177388 secs] [Times: user=0.03 sys=0.00, real=0.02 secs] 
Heap after GC invocations=93 (full 3):
 PSYoungGen      total 111104K, used 3616K [0x00000000d5580000, 0x00000000dd000000, 0x0000000100000000)
  eden space 99840K, 0% used [0x00000000d5580000,0x00000000d5580000,0x00000000db700000)
  from space 11264K, 32% used [0x00000000dc500000,0x00000000dc888020,0x00000000dd000000)
  to   space 12800K, 0% used [0x00000000db700000,0x00000000db700000,0x00000000dc380000)
 ParOldGen       total 215040K, used 96298K [0x0000000080000000, 0x000000008d200000, 0x00000000d5580000)
  object space 215040K, 44% used [0x0000000080000000,0x0000000085e0a988,0x000000008d200000)
 Metaspace       used 93782K, capacity 96742K, committed 96896K, reserved 1134592K
  class space    used 11298K, capacity 11805K, committed 11904K, reserved 1048576K
}
{Heap before GC invocations=94 (full 3):
 PSYoungGen      total 111104K, used 103456K [0x00000000d5580000, 0x00000000dd000000, 0x0000000100000000)
  eden space 99840K, 100% used [0x00000000d5580000,0x00000000db700000,0x00000000db700000)
  from space 11264K, 32% used [0x00000000dc500000,0x00000000dc888020,0x00000000dd000000)
  to   space 12800K, 0% used [0x00000000db700000,0x00000000db700000,0x00000000dc380000)
 ParOldGen       total 215040K, used 96298K [0x0000000080000000, 0x000000008d200000, 0x00000000d5580000)
  object space 215040K, 44% used [0x0000000080000000,0x0000000085e0a988,0x000000008d200000)
 Metaspace       used 93782K, capacity 96742K, committed 96896K, reserved 1134592K
  class space    used 11298K, capacity 11805K, committed 11904K, reserved 1048576K
2023-04-02T00:21:42.146+0600: 774574.228: [GC (Allocation Failure) [PSYoungGen: 103456K->3072K(101376K)] 199754K->99370K(316416K), 0.0143859 secs] [Times: user=0.03 sys=0.00, real=0.02 secs] 
Heap after GC invocations=94 (full 3):
 PSYoungGen      total 101376K, used 3072K [0x00000000d5580000, 0x00000000dcd80000, 0x0000000100000000)
  eden space 98304K, 0% used [0x00000000d5580000,0x00000000d5580000,0x00000000db580000)
  from space 3072K, 100% used [0x00000000db700000,0x00000000dba00000,0x00000000dba00000)
  to   space 12288K, 0% used [0x00000000dc180000,0x00000000dc180000,0x00000000dcd80000)
 ParOldGen       total 215040K, used 96298K [0x0000000080000000, 0x000000008d200000, 0x00000000d5580000)
  object space 215040K, 44% used [0x0000000080000000,0x0000000085e0a988,0x000000008d200000)
 Metaspace       used 93782K, capacity 96742K, committed 96896K, reserved 1134592K
  class space    used 11298K, capacity 11805K, committed 11904K, reserved 1048576K
}
{Heap before GC invocations=95 (full 3):
 PSYoungGen      total 101376K, used 101376K [0x00000000d5580000, 0x00000000dcd80000, 0x0000000100000000)
  eden space 98304K, 100% used [0x00000000d5580000,0x00000000db580000,0x00000000db580000)
  from space 3072K, 100% used [0x00000000db700000,0x00000000dba00000,0x00000000dba00000)
  to   space 12288K, 0% used [0x00000000dc180000,0x00000000dc180000,0x00000000dcd80000)
 ParOldGen       total 215040K, used 96298K [0x0000000080000000, 0x000000008d200000, 0x00000000d5580000)
  object space 215040K, 44% used [0x0000000080000000,0x0000000085e0a988,0x000000008d200000)
 Metaspace       used 93787K, capacity 96742K, committed 96896K, reserved 1134592K
  class space    used 11298K, capacity 11805K, committed 11904K, reserved 1048576K
2023-04-02T01:52:11.657+0600: 780003.740: [GC (Allocation Failure) [PSYoungGen: 101376K->3040K(107520K)] 197674K->99346K(322560K), 0.0185046 secs] [Times: user=0.03 sys=0.00, real=0.02 secs] 
Heap after GC invocations=95 (full 3):
 PSYoungGen      total 107520K, used 3040K [0x00000000d5580000, 0x00000000dcc00000, 0x0000000100000000)
  eden space 96768K, 0% used [0x00000000d5580000,0x00000000d5580000,0x00000000db400000)
  from space 10752K, 28% used [0x00000000dc180000,0x00000000dc478000,0x00000000dcc00000)
  to   space 12288K, 0% used [0x00000000db400000,0x00000000db400000,0x00000000dc000000)
 ParOldGen       total 215040K, used 96306K [0x0000000080000000, 0x000000008d200000, 0x00000000d5580000)
  object space 215040K, 44% used [0x0000000080000000,0x0000000085e0c988,0x000000008d200000)
 Metaspace       used 93787K, capacity 96742K, committed 96896K, reserved 1134592K
  class space    used 11298K, capacity 11805K, committed 11904K, reserved 1048576K
}
{Heap before GC invocations=96 (full 3):
 PSYoungGen      total 107520K, used 99808K [0x00000000d5580000, 0x00000000dcc00000, 0x0000000100000000)
  eden space 96768K, 100% used [0x00000000d5580000,0x00000000db400000,0x00000000db400000)
  from space 10752K, 28% used [0x00000000dc180000,0x00000000dc478000,0x00000000dcc00000)
  to   space 12288K, 0% used [0x00000000db400000,0x00000000db400000,0x00000000dc000000)
 ParOldGen       total 215040K, used 96306K [0x0000000080000000, 0x000000008d200000, 0x00000000d5580000)
  object space 215040K, 44% used [0x0000000080000000,0x0000000085e0c988,0x000000008d200000)
 Metaspace       used 93788K, capacity 96742K, committed 96896K, reserved 1134592K
  class space    used 11298K, capacity 11805K, committed 11904K, reserved 1048576K
2023-04-02T03:19:57.203+0600: 785269.286: [GC (Allocation Failure) [PSYoungGen: 99808K->3040K(98304K)] 196114K->99354K(313344K), 0.0177426 secs] [Times: user=0.03 sys=0.00, real=0.02 secs] 
Heap after GC invocations=96 (full 3):
 PSYoungGen      total 98304K, used 3040K [0x00000000d5580000, 0x00000000dc980000, 0x0000000100000000)
  eden space 95232K, 0% used [0x00000000d5580000,0x00000000d5580000,0x00000000db280000)
  from space 3072K, 98% used [0x00000000db400000,0x00000000db6f8000,0x00000000db700000)
  to   space 11776K, 0% used [0x00000000dbe00000,0x00000000dbe00000,0x00000000dc980000)
 ParOldGen       total 215040K, used 96314K [0x0000000080000000, 0x000000008d200000, 0x00000000d5580000)
  object space 215040K, 44% used [0x0000000080000000,0x0000000085e0e988,0x000000008d200000)
 Metaspace       used 93788K, capacity 96742K, committed 96896K, reserved 1134592K
  class space    used 11298K, capacity 11805K, committed 11904K, reserved 1048576K
}
{Heap before GC invocations=97 (full 3):
 PSYoungGen      total 98304K, used 98272K [0x00000000d5580000, 0x00000000dc980000, 0x0000000100000000)
  eden space 95232K, 100% used [0x00000000d5580000,0x00000000db280000,0x00000000db280000)
  from space 3072K, 98% used [0x00000000db400000,0x00000000db6f8000,0x00000000db700000)
  to   space 11776K, 0% used [0x00000000dbe00000,0x00000000dbe00000,0x00000000dc980000)
 ParOldGen       total 215040K, used 96314K [0x0000000080000000, 0x000000008d200000, 0x00000000d5580000)
  object space 215040K, 44% used [0x0000000080000000,0x0000000085e0e988,0x000000008d200000)
 Metaspace       used 93788K, capacity 96742K, committed 96896K, reserved 1134592K
  class space    used 11298K, capacity 11805K, committed 11904K, reserved 1048576K
2023-04-02T04:48:06.927+0600: 790559.009: [GC (Allocation Failure) [PSYoungGen: 98272K->3040K(102912K)] 194586K->99370K(317952K), 0.0166013 secs] [Times: user=0.03 sys=0.00, real=0.02 secs] 
Heap after GC invocations=97 (full 3):
 PSYoungGen      total 102912K, used 3040K [0x00000000d5580000, 0x00000000dc700000, 0x0000000100000000)
  eden space 93696K, 0% used [0x00000000d5580000,0x00000000d5580000,0x00000000db100000)
  from space 9216K, 32% used [0x00000000dbe00000,0x00000000dc0f8000,0x00000000dc700000)
  to   space 11264K, 0% used [0x00000000db100000,0x00000000db100000,0x00000000dbc00000)
 ParOldGen       total 215040K, used 96330K [0x0000000080000000, 0x000000008d200000, 0x00000000d5580000)
  object space 215040K, 44% used [0x0000000080000000,0x0000000085e12988,0x000000008d200000)
 Metaspace       used 93788K, capacity 96742K, committed 96896K, reserved 1134592K
  class space    used 11298K, capacity 11805K, committed 11904K, reserved 1048576K
}
{Heap before GC invocations=98 (full 3):
 PSYoungGen      total 102912K, used 96736K [0x00000000d5580000, 0x00000000dc700000, 0x0000000100000000)
  eden space 93696K, 100% used [0x00000000d5580000,0x00000000db100000,0x00000000db100000)
  from space 9216K, 32% used [0x00000000dbe00000,0x00000000dc0f8000,0x00000000dc700000)
  to   space 11264K, 0% used [0x00000000db100000,0x00000000db100000,0x00000000dbc00000)
 ParOldGen       total 215040K, used 96330K [0x0000000080000000, 0x000000008d200000, 0x00000000d5580000)
  object space 215040K, 44% used [0x0000000080000000,0x0000000085e12988,0x000000008d200000)
 Metaspace       used 93788K, capacity 96742K, committed 96896K, reserved 1134592K
  class space    used 11298K, capacity 11805K, committed 11904K, reserved 1048576K
2023-04-02T06:13:53.016+0600: 795705.099: [GC (Allocation Failure) [PSYoungGen: 96736K->3040K(95232K)] 193066K->99370K(310272K), 0.0145935 secs] [Times: user=0.02 sys=0.00, real=0.02 secs] 
Heap after GC invocations=98 (full 3):
 PSYoungGen      total 95232K, used 3040K [0x00000000d5580000, 0x00000000dc480000, 0x0000000100000000)
  eden space 92160K, 0% used [0x00000000d5580000,0x00000000d5580000,0x00000000daf80000)
  from space 3072K, 98% used [0x00000000db100000,0x00000000db3f8000,0x00000000db400000)
  to   space 10752K, 0% used [0x00000000dba00000,0x00000000dba00000,0x00000000dc480000)
 ParOldGen       total 215040K, used 96330K [0x0000000080000000, 0x000000008d200000, 0x00000000d5580000)
  object space 215040K, 44% used [0x0000000080000000,0x0000000085e12988,0x000000008d200000)
 Metaspace       used 93788K, capacity 96742K, committed 96896K, reserved 1134592K
  class space    used 11298K, capacity 11805K, committed 11904K, reserved 1048576K
}
{Heap before GC invocations=99 (full 3):
 PSYoungGen      total 95232K, used 95200K [0x00000000d5580000, 0x00000000dc480000, 0x0000000100000000)
  eden space 92160K, 100% used [0x00000000d5580000,0x00000000daf80000,0x00000000daf80000)
  from space 3072K, 98% used [0x00000000db100000,0x00000000db3f8000,0x00000000db400000)
  to   space 10752K, 0% used [0x00000000dba00000,0x00000000dba00000,0x00000000dc480000)
 ParOldGen       total 215040K, used 96330K [0x0000000080000000, 0x000000008d200000, 0x00000000d5580000)
  object space 215040K, 44% used [0x0000000080000000,0x0000000085e12988,0x000000008d200000)
 Metaspace       used 93789K, capacity 96742K, committed 96896K, reserved 1134592K
  class space    used 11298K, capacity 11805K, committed 11904K, reserved 1048576K
2023-04-02T07:34:41.966+0600: 800554.049: [GC (Allocation Failure) [PSYoungGen: 95200K->3008K(99840K)] 191530K->99370K(314880K), 0.0147695 secs] [Times: user=0.02 sys=0.00, real=0.02 secs] 
Heap after GC invocations=99 (full 3):
 PSYoungGen      total 99840K, used 3008K [0x00000000d5580000, 0x00000000dc300000, 0x0000000100000000)
  eden space 90624K, 0% used [0x00000000d5580000,0x00000000d5580000,0x00000000dae00000)
  from space 9216K, 32% used [0x00000000dba00000,0x00000000dbcf0000,0x00000000dc300000)
  to   space 10752K, 0% used [0x00000000dae00000,0x00000000dae00000,0x00000000db880000)
 ParOldGen       total 215040K, used 96362K [0x0000000080000000, 0x000000008d200000, 0x00000000d5580000)
  object space 215040K, 44% used [0x0000000080000000,0x0000000085e1a988,0x000000008d200000)
 Metaspace       used 93789K, capacity 96742K, committed 96896K, reserved 1134592K
  class space    used 11298K, capacity 11805K, committed 11904K, reserved 1048576K
}
{Heap before GC invocations=100 (full 3):
 PSYoungGen      total 99840K, used 93632K [0x00000000d5580000, 0x00000000dc300000, 0x0000000100000000)
  eden space 90624K, 100% used [0x00000000d5580000,0x00000000dae00000,0x00000000dae00000)
  from space 9216K, 32% used [0x00000000dba00000,0x00000000dbcf0000,0x00000000dc300000)
  to   space 10752K, 0% used [0x00000000dae00000,0x00000000dae00000,0x00000000db880000)
 ParOldGen       total 215040K, used 96362K [0x0000000080000000, 0x000000008d200000, 0x00000000d5580000)
  object space 215040K, 44% used [0x0000000080000000,0x0000000085e1a988,0x000000008d200000)
 Metaspace       used 93789K, capacity 96742K, committed 96896K, reserved 1134592K
  class space    used 11298K, capacity 11805K, committed 11904K, reserved 1048576K
2023-04-02T08:57:32.995+0600: 805525.078: [GC (Allocation Failure) [PSYoungGen: 93632K->2976K(92160K)] 189994K->99362K(307200K), 0.0150616 secs] [Times: user=0.03 sys=0.00, real=0.02 secs] 
Heap after GC invocations=100 (full 3):
 PSYoungGen      total 92160K, used 2976K [0x00000000d5580000, 0x00000000dc080000, 0x0000000100000000)
  eden space 89088K, 0% used [0x00000000d5580000,0x00000000d5580000,0x00000000dac80000)
  from space 3072K, 96% used [0x00000000dae00000,0x00000000db0e8000,0x00000000db100000)
  to   space 10240K, 0% used [0x00000000db680000,0x00000000db680000,0x00000000dc080000)
 ParOldGen       total 215040K, used 96386K [0x0000000080000000, 0x000000008d200000, 0x00000000d5580000)
  object space 215040K, 44% used [0x0000000080000000,0x0000000085e20988,0x000000008d200000)
 Metaspace       used 93789K, capacity 96742K, committed 96896K, reserved 1134592K
  class space    used 11298K, capacity 11805K, committed 11904K, reserved 1048576K
}
{Heap before GC invocations=101 (full 3):
 PSYoungGen      total 92160K, used 92064K [0x00000000d5580000, 0x00000000dc080000, 0x0000000100000000)
  eden space 89088K, 100% used [0x00000000d5580000,0x00000000dac80000,0x00000000dac80000)
  from space 3072K, 96% used [0x00000000dae00000,0x00000000db0e8000,0x00000000db100000)
  to   space 10240K, 0% used [0x00000000db680000,0x00000000db680000,0x00000000dc080000)
 ParOldGen       total 215040K, used 96386K [0x0000000080000000, 0x000000008d200000, 0x00000000d5580000)
  object space 215040K, 44% used [0x0000000080000000,0x0000000085e20988,0x000000008d200000)
 Metaspace       used 93791K, capacity 96742K, committed 96896K, reserved 1134592K
  class space    used 11298K, capacity 11805K, committed 11904K, reserved 1048576K
2023-04-02T10:20:01.054+0600: 810473.137: [GC (Allocation Failure) [PSYoungGen: 92064K->2944K(95232K)] 188450K->99346K(310272K), 0.0151992 secs] [Times: user=0.03 sys=0.00, real=0.02 secs] 
Heap after GC invocations=101 (full 3):
 PSYoungGen      total 95232K, used 2944K [0x00000000d5580000, 0x00000000dbe00000, 0x0000000100000000)
  eden space 87552K, 0% used [0x00000000d5580000,0x00000000d5580000,0x00000000dab00000)
  from space 7680K, 38% used [0x00000000db680000,0x00000000db960000,0x00000000dbe00000)
  to   space 9728K, 0% used [0x00000000dab00000,0x00000000dab00000,0x00000000db480000)
 ParOldGen       total 215040K, used 96402K [0x0000000080000000, 0x000000008d200000, 0x00000000d5580000)
  object space 215040K, 44% used [0x0000000080000000,0x0000000085e24988,0x000000008d200000)
 Metaspace       used 93791K, capacity 96742K, committed 96896K, reserved 1134592K
  class space    used 11298K, capacity 11805K, committed 11904K, reserved 1048576K
}
{Heap before GC invocations=102 (full 3):
 PSYoungGen      total 95232K, used 90496K [0x00000000d5580000, 0x00000000dbe00000, 0x0000000100000000)
  eden space 87552K, 100% used [0x00000000d5580000,0x00000000dab00000,0x00000000dab00000)
  from space 7680K, 38% used [0x00000000db680000,0x00000000db960000,0x00000000dbe00000)
  to   space 9728K, 0% used [0x00000000dab00000,0x00000000dab00000,0x00000000db480000)
 ParOldGen       total 215040K, used 96402K [0x0000000080000000, 0x000000008d200000, 0x00000000d5580000)
  object space 215040K, 44% used [0x0000000080000000,0x0000000085e24988,0x000000008d200000)
 Metaspace       used 93794K, capacity 96742K, committed 96896K, reserved 1134592K
  class space    used 11298K, capacity 11805K, committed 11904K, reserved 1048576K
2023-04-02T10:49:51.025+0600: 812263.108: [GC (Allocation Failure) [PSYoungGen: 90496K->8236K(94720K)] 186898K->104639K(309760K), 0.0215736 secs] [Times: user=0.03 sys=0.00, real=0.02 secs] 
Heap after GC invocations=102 (full 3):
 PSYoungGen      total 94720K, used 8236K [0x00000000d5580000, 0x00000000dbe80000, 0x0000000100000000)
  eden space 86016K, 0% used [0x00000000d5580000,0x00000000d5580000,0x00000000da980000)
  from space 8704K, 94% used [0x00000000dab00000,0x00000000db30b3e0,0x00000000db380000)
  to   space 10752K, 0% used [0x00000000db400000,0x00000000db400000,0x00000000dbe80000)
 ParOldGen       total 215040K, used 96402K [0x0000000080000000, 0x000000008d200000, 0x00000000d5580000)
  object space 215040K, 44% used [0x0000000080000000,0x0000000085e24988,0x000000008d200000)
 Metaspace       used 93794K, capacity 96742K, committed 96896K, reserved 1134592K
  class space    used 11298K, capacity 11805K, committed 11904K, reserved 1048576K
}
{Heap before GC invocations=103 (full 3):
 PSYoungGen      total 94720K, used 94252K [0x00000000d5580000, 0x00000000dbe80000, 0x0000000100000000)
  eden space 86016K, 100% used [0x00000000d5580000,0x00000000da980000,0x00000000da980000)
  from space 8704K, 94% used [0x00000000dab00000,0x00000000db30b3e0,0x00000000db380000)
  to   space 10752K, 0% used [0x00000000db400000,0x00000000db400000,0x00000000dbe80000)
 ParOldGen       total 215040K, used 96402K [0x0000000080000000, 0x000000008d200000, 0x00000000d5580000)
  object space 215040K, 44% used [0x0000000080000000,0x0000000085e24988,0x000000008d200000)
 Metaspace       used 93812K, capacity 96802K, committed 96896K, reserved 1134592K
  class space    used 11304K, capacity 11815K, committed 11904K, reserved 1048576K
2023-04-02T11:15:24.683+0600: 813796.765: [GC (Allocation Failure) [PSYoungGen: 94252K->10042K(95232K)] 190655K->106484K(310272K), 0.0228586 secs] [Times: user=0.04 sys=0.00, real=0.02 secs] 
Heap after GC invocations=103 (full 3):
 PSYoungGen      total 95232K, used 10042K [0x00000000d5580000, 0x00000000dc080000, 0x0000000100000000)
  eden space 84480K, 0% used [0x00000000d5580000,0x00000000d5580000,0x00000000da800000)
  from space 10752K, 93% used [0x00000000db400000,0x00000000dbdce820,0x00000000dbe80000)
  to   space 12288K, 0% used [0x00000000da800000,0x00000000da800000,0x00000000db400000)
 ParOldGen       total 215040K, used 96442K [0x0000000080000000, 0x000000008d200000, 0x00000000d5580000)
  object space 215040K, 44% used [0x0000000080000000,0x0000000085e2e988,0x000000008d200000)
 Metaspace       used 93812K, capacity 96802K, committed 96896K, reserved 1134592K
  class space    used 11304K, capacity 11815K, committed 11904K, reserved 1048576K
}
{Heap before GC invocations=104 (full 3):
 PSYoungGen      total 95232K, used 94522K [0x00000000d5580000, 0x00000000dc080000, 0x0000000100000000)
  eden space 84480K, 100% used [0x00000000d5580000,0x00000000da800000,0x00000000da800000)
  from space 10752K, 93% used [0x00000000db400000,0x00000000dbdce820,0x00000000dbe80000)
  to   space 12288K, 0% used [0x00000000da800000,0x00000000da800000,0x00000000db400000)
 ParOldGen       total 215040K, used 96442K [0x0000000080000000, 0x000000008d200000, 0x00000000d5580000)
  object space 215040K, 44% used [0x0000000080000000,0x0000000085e2e988,0x000000008d200000)
 Metaspace       used 93821K, capacity 96802K, committed 96896K, reserved 1134592K
  class space    used 11304K, capacity 11815K, committed 11904K, reserved 1048576K
2023-04-02T11:51:50.080+0600: 815982.163: [GC (Allocation Failure) [PSYoungGen: 94522K->9719K(95744K)] 190964K->106218K(310784K), 0.0177223 secs] [Times: user=0.03 sys=0.00, real=0.01 secs] 
Heap after GC invocations=104 (full 3):
 PSYoungGen      total 95744K, used 9719K [0x00000000d5580000, 0x00000000dc100000, 0x0000000100000000)
  eden space 83456K, 0% used [0x00000000d5580000,0x00000000d5580000,0x00000000da700000)
  from space 12288K, 79% used [0x00000000da800000,0x00000000db17df60,0x00000000db400000)
  to   space 13312K, 0% used [0x00000000db400000,0x00000000db400000,0x00000000dc100000)
 ParOldGen       total 215040K, used 96498K [0x0000000080000000, 0x000000008d200000, 0x00000000d5580000)
  object space 215040K, 44% used [0x0000000080000000,0x0000000085e3c988,0x000000008d200000)
 Metaspace       used 93821K, capacity 96802K, committed 96896K, reserved 1134592K
  class space    used 11304K, capacity 11815K, committed 11904K, reserved 1048576K
}
{Heap before GC invocations=105 (full 3):
 PSYoungGen      total 95744K, used 93167K [0x00000000d5580000, 0x00000000dc100000, 0x0000000100000000)
  eden space 83456K, 99% used [0x00000000d5580000,0x00000000da6fe070,0x00000000da700000)
  from space 12288K, 79% used [0x00000000da800000,0x00000000db17df60,0x00000000db400000)
  to   space 13312K, 0% used [0x00000000db400000,0x00000000db400000,0x00000000dc100000)
 ParOldGen       total 215040K, used 96498K [0x0000000080000000, 0x000000008d200000, 0x00000000d5580000)
  object space 215040K, 44% used [0x0000000080000000,0x0000000085e3c988,0x000000008d200000)
 Metaspace       used 93843K, capacity 96826K, committed 97152K, reserved 1134592K
  class space    used 11307K, capacity 11819K, committed 11904K, reserved 1048576K
2023-04-02T12:24:25.447+0600: 817937.530: [GC (Allocation Failure) [PSYoungGen: 93167K->7960K(94720K)] 189666K->104506K(309760K), 0.0136104 secs] [Times: user=0.02 sys=0.00, real=0.02 secs] 
Heap after GC invocations=105 (full 3):
 PSYoungGen      total 94720K, used 7960K [0x00000000d5580000, 0x00000000dc000000, 0x0000000100000000)
  eden space 82432K, 0% used [0x00000000d5580000,0x00000000d5580000,0x00000000da600000)
  from space 12288K, 64% used [0x00000000db400000,0x00000000dbbc6210,0x00000000dc000000)
  to   space 13312K, 0% used [0x00000000da600000,0x00000000da600000,0x00000000db300000)
 ParOldGen       total 215040K, used 96546K [0x0000000080000000, 0x000000008d200000, 0x00000000d5580000)
  object space 215040K, 44% used [0x0000000080000000,0x0000000085e48988,0x000000008d200000)
 Metaspace       used 93843K, capacity 96826K, committed 97152K, reserved 1134592K
  class space    used 11307K, capacity 11819K, committed 11904K, reserved 1048576K
}
{Heap before GC invocations=106 (full 3):
 PSYoungGen      total 94720K, used 90392K [0x00000000d5580000, 0x00000000dc000000, 0x0000000100000000)
  eden space 82432K, 100% used [0x00000000d5580000,0x00000000da600000,0x00000000da600000)
  from space 12288K, 64% used [0x00000000db400000,0x00000000dbbc6210,0x00000000dc000000)
  to   space 13312K, 0% used [0x00000000da600000,0x00000000da600000,0x00000000db300000)
 ParOldGen       total 215040K, used 96546K [0x0000000080000000, 0x000000008d200000, 0x00000000d5580000)
  object space 215040K, 44% used [0x0000000080000000,0x0000000085e48988,0x000000008d200000)
 Metaspace       used 93855K, capacity 96896K, committed 97152K, reserved 1134592K
  class space    used 11308K, capacity 11820K, committed 11904K, reserved 1048576K
2023-04-02T12:46:33.740+0600: 819265.823: [GC (Allocation Failure) [PSYoungGen: 90392K->9881K(94720K)] 186938K->106443K(309760K), 0.0131027 secs] [Times: user=0.03 sys=0.00, real=0.01 secs] 
Heap after GC invocations=106 (full 3):
 PSYoungGen      total 94720K, used 9881K [0x00000000d5580000, 0x00000000dc100000, 0x0000000100000000)
  eden space 81408K, 0% used [0x00000000d5580000,0x00000000d5580000,0x00000000da500000)
  from space 13312K, 74% used [0x00000000da600000,0x00000000dafa6480,0x00000000db300000)
  to   space 14336K, 0% used [0x00000000db300000,0x00000000db300000,0x00000000dc100000)
 ParOldGen       total 215040K, used 96562K [0x0000000080000000, 0x000000008d200000, 0x00000000d5580000)
  object space 215040K, 44% used [0x0000000080000000,0x0000000085e4c988,0x000000008d200000)
 Metaspace       used 93855K, capacity 96896K, committed 97152K, reserved 1134592K
  class space    used 11308K, capacity 11820K, committed 11904K, reserved 1048576K
}
{Heap before GC invocations=107 (full 3):
 PSYoungGen      total 94720K, used 91289K [0x00000000d5580000, 0x00000000dc100000, 0x0000000100000000)
  eden space 81408K, 99% used [0x00000000d5580000,0x00000000da4ffff8,0x00000000da500000)
  from space 13312K, 74% used [0x00000000da600000,0x00000000dafa6480,0x00000000db300000)
  to   space 14336K, 0% used [0x00000000db300000,0x00000000db300000,0x00000000dc100000)
 ParOldGen       total 215040K, used 96562K [0x0000000080000000, 0x000000008d200000, 0x00000000d5580000)
  object space 215040K, 44% used [0x0000000080000000,0x0000000085e4c988,0x000000008d200000)
 Metaspace       used 93954K, capacity 97032K, committed 97152K, reserved 1134592K
  class space    used 11325K, capacity 11832K, committed 11904K, reserved 1048576K
2023-04-02T13:12:29.972+0600: 820822.055: [GC (Allocation Failure) [PSYoungGen: 91289K->8981K(93696K)] 187851K->105560K(308736K), 0.0200968 secs] [Times: user=0.04 sys=0.00, real=0.02 secs] 
Heap after GC invocations=107 (full 3):
 PSYoungGen      total 93696K, used 8981K [0x00000000d5580000, 0x00000000dc000000, 0x0000000100000000)
  eden space 80384K, 0% used [0x00000000d5580000,0x00000000d5580000,0x00000000da400000)
  from space 13312K, 67% used [0x00000000db300000,0x00000000dbbc5720,0x00000000dc000000)
  to   space 14336K, 0% used [0x00000000da400000,0x00000000da400000,0x00000000db200000)
 ParOldGen       total 215040K, used 96578K [0x0000000080000000, 0x000000008d200000, 0x00000000d5580000)
  object space 215040K, 44% used [0x0000000080000000,0x0000000085e50988,0x000000008d200000)
 Metaspace       used 93954K, capacity 97032K, committed 97152K, reserved 1134592K
  class space    used 11325K, capacity 11832K, committed 11904K, reserved 1048576K
}
{Heap before GC invocations=108 (full 3):
 PSYoungGen      total 93696K, used 89365K [0x00000000d5580000, 0x00000000dc000000, 0x0000000100000000)
  eden space 80384K, 100% used [0x00000000d5580000,0x00000000da400000,0x00000000da400000)
  from space 13312K, 67% used [0x00000000db300000,0x00000000dbbc5720,0x00000000dc000000)
  to   space 14336K, 0% used [0x00000000da400000,0x00000000da400000,0x00000000db200000)
 ParOldGen       total 215040K, used 96578K [0x0000000080000000, 0x000000008d200000, 0x00000000d5580000)
  object space 215040K, 44% used [0x0000000080000000,0x0000000085e50988,0x000000008d200000)
 Metaspace       used 93956K, capacity 97032K, committed 97152K, reserved 1134592K
  class space    used 11325K, capacity 11832K, committed 11904K, reserved 1048576K
2023-04-02T14:02:21.502+0600: 823813.584: [GC (Allocation Failure) [PSYoungGen: 89365K->7826K(87552K)] 185944K->104413K(302592K), 0.0182268 secs] [Times: user=0.03 sys=0.00, real=0.02 secs] 
Heap after GC invocations=108 (full 3):
 PSYoungGen      total 87552K, used 7826K [0x00000000d5580000, 0x00000000dbf00000, 0x0000000100000000)
  eden space 79360K, 0% used [0x00000000d5580000,0x00000000d5580000,0x00000000da300000)
  from space 8192K, 95% used [0x00000000da400000,0x00000000daba4bf0,0x00000000dac00000)
  to   space 14336K, 0% used [0x00000000db100000,0x00000000db100000,0x00000000dbf00000)
 ParOldGen       total 215040K, used 96586K [0x0000000080000000, 0x000000008d200000, 0x00000000d5580000)
  object space 215040K, 44% used [0x0000000080000000,0x0000000085e52988,0x000000008d200000)
 Metaspace       used 93956K, capacity 97032K, committed 97152K, reserved 1134592K
  class space    used 11325K, capacity 11832K, committed 11904K, reserved 1048576K
}
{Heap before GC invocations=109 (full 3):
 PSYoungGen      total 87552K, used 87186K [0x00000000d5580000, 0x00000000dbf00000, 0x0000000100000000)
  eden space 79360K, 99% used [0x00000000d5580000,0x00000000da2ffd40,0x00000000da300000)
  from space 8192K, 95% used [0x00000000da400000,0x00000000daba4bf0,0x00000000dac00000)
  to   space 14336K, 0% used [0x00000000db100000,0x00000000db100000,0x00000000dbf00000)
 ParOldGen       total 215040K, used 96586K [0x0000000080000000, 0x000000008d200000, 0x00000000d5580000)
  object space 215040K, 44% used [0x0000000080000000,0x0000000085e52988,0x000000008d200000)
 Metaspace       used 93960K, capacity 97032K, committed 97152K, reserved 1134592K
  class space    used 11325K, capacity 11832K, committed 11904K, reserved 1048576K
2023-04-02T14:38:28.553+0600: 825980.636: [GC (Allocation Failure) [PSYoungGen: 87186K->8420K(91648K)] 183772K->105007K(306688K), 0.0140048 secs] [Times: user=0.04 sys=0.00, real=0.01 secs] 
Heap after GC invocations=109 (full 3):
 PSYoungGen      total 91648K, used 8420K [0x00000000d5580000, 0x00000000dbe00000, 0x0000000100000000)
  eden space 78336K, 0% used [0x00000000d5580000,0x00000000d5580000,0x00000000da200000)
  from space 13312K, 63% used [0x00000000db100000,0x00000000db9392f0,0x00000000dbe00000)
  to   space 14336K, 0% used [0x00000000da200000,0x00000000da200000,0x00000000db000000)
 ParOldGen       total 215040K, used 96586K [0x0000000080000000, 0x000000008d200000, 0x00000000d5580000)
  object space 215040K, 44% used [0x0000000080000000,0x0000000085e52988,0x000000008d200000)
 Metaspace       used 93960K, capacity 97032K, committed 97152K, reserved 1134592K
  class space    used 11325K, capacity 11832K, committed 11904K, reserved 1048576K
}
{Heap before GC invocations=110 (full 3):
 PSYoungGen      total 91648K, used 86756K [0x00000000d5580000, 0x00000000dbe00000, 0x0000000100000000)
  eden space 78336K, 100% used [0x00000000d5580000,0x00000000da200000,0x00000000da200000)
  from space 13312K, 63% used [0x00000000db100000,0x00000000db9392f0,0x00000000dbe00000)
  to   space 14336K, 0% used [0x00000000da200000,0x00000000da200000,0x00000000db000000)
 ParOldGen       total 215040K, used 96586K [0x0000000080000000, 0x000000008d200000, 0x00000000d5580000)
  object space 215040K, 44% used [0x0000000080000000,0x0000000085e52988,0x000000008d200000)
 Metaspace       used 93962K, capacity 97032K, committed 97152K, reserved 1134592K
  class space    used 11325K, capacity 11832K, committed 11904K, reserved 1048576K
2023-04-02T15:22:50.263+0600: 828642.346: [GC (Allocation Failure) [PSYoungGen: 86756K->6903K(84480K)] 183343K->103489K(299520K), 0.0222820 secs] [Times: user=0.03 sys=0.00, real=0.02 secs] 
Heap after GC invocations=110 (full 3):
 PSYoungGen      total 84480K, used 6903K [0x00000000d5580000, 0x00000000dbb00000, 0x0000000100000000)
  eden space 77312K, 0% used [0x00000000d5580000,0x00000000d5580000,0x00000000da100000)
  from space 7168K, 96% used [0x00000000da200000,0x00000000da8bdd90,0x00000000da900000)
  to   space 13312K, 0% used [0x00000000dae00000,0x00000000dae00000,0x00000000dbb00000)
 ParOldGen       total 215040K, used 96586K [0x0000000080000000, 0x000000008d200000, 0x00000000d5580000)
  object space 215040K, 44% used [0x0000000080000000,0x0000000085e52988,0x000000008d200000)
 Metaspace       used 93962K, capacity 97032K, committed 97152K, reserved 1134592K
  class space    used 11325K, capacity 11832K, committed 11904K, reserved 1048576K
}
{Heap before GC invocations=111 (full 3):
 PSYoungGen      total 84480K, used 84215K [0x00000000d5580000, 0x00000000dbb00000, 0x0000000100000000)
  eden space 77312K, 99% used [0x00000000d5580000,0x00000000da0fffc0,0x00000000da100000)
  from space 7168K, 96% used [0x00000000da200000,0x00000000da8bdd90,0x00000000da900000)
  to   space 13312K, 0% used [0x00000000dae00000,0x00000000dae00000,0x00000000dbb00000)
 ParOldGen       total 215040K, used 96586K [0x0000000080000000, 0x000000008d200000, 0x00000000d5580000)
  object space 215040K, 44% used [0x0000000080000000,0x0000000085e52988,0x000000008d200000)
 Metaspace       used 93965K, capacity 97032K, committed 97152K, reserved 1134592K
  class space    used 11325K, capacity 11832K, committed 11904K, reserved 1048576K
2023-04-02T16:09:48.882+0600: 831460.965: [GC (Allocation Failure) [PSYoungGen: 84215K->6455K(87552K)] 180801K->103041K(302592K), 0.0233749 secs] [Times: user=0.04 sys=0.00, real=0.02 secs] 
Heap after GC invocations=111 (full 3):
 PSYoungGen      total 87552K, used 6455K [0x00000000d5580000, 0x00000000db900000, 0x0000000100000000)
  eden space 76288K, 0% used [0x00000000d5580000,0x00000000d5580000,0x00000000da000000)
  from space 11264K, 57% used [0x00000000dae00000,0x00000000db44dd90,0x00000000db900000)
  to   space 12800K, 0% used [0x00000000da000000,0x00000000da000000,0x00000000dac80000)
 ParOldGen       total 215040K, used 96586K [0x0000000080000000, 0x000000008d200000, 0x00000000d5580000)
  object space 215040K, 44% used [0x0000000080000000,0x0000000085e52988,0x000000008d200000)
 Metaspace       used 93965K, capacity 97032K, committed 97152K, reserved 1134592K
  class space    used 11325K, capacity 11832K, committed 11904K, reserved 1048576K
}
{Heap before GC invocations=112 (full 3):
 PSYoungGen      total 87552K, used 82675K [0x00000000d5580000, 0x00000000db900000, 0x0000000100000000)
  eden space 76288K, 99% used [0x00000000d5580000,0x00000000d9fef198,0x00000000da000000)
  from space 11264K, 57% used [0x00000000dae00000,0x00000000db44dd90,0x00000000db900000)
  to   space 12800K, 0% used [0x00000000da000000,0x00000000da000000,0x00000000dac80000)
 ParOldGen       total 215040K, used 96586K [0x0000000080000000, 0x000000008d200000, 0x00000000d5580000)
  object space 215040K, 44% used [0x0000000080000000,0x0000000085e52988,0x000000008d200000)
 Metaspace       used 93965K, capacity 97032K, committed 97152K, reserved 1134592K
  class space    used 11325K, capacity 11832K, committed 11904K, reserved 1048576K
2023-04-02T17:00:01.079+0600: 834473.162: [GC (Allocation Failure) [PSYoungGen: 82675K->5216K(80896K)] 179262K->101802K(295936K), 0.0125023 secs] [Times: user=0.02 sys=0.00, real=0.01 secs] 
Heap after GC invocations=112 (full 3):
 PSYoungGen      total 80896K, used 5216K [0x00000000d5580000, 0x00000000db800000, 0x0000000100000000)
  eden space 75264K, 0% used [0x00000000d5580000,0x00000000d5580000,0x00000000d9f00000)
  from space 5632K, 92% used [0x00000000da000000,0x00000000da518130,0x00000000da580000)
  to   space 12800K, 0% used [0x00000000dab80000,0x00000000dab80000,0x00000000db800000)
 ParOldGen       total 215040K, used 96586K [0x0000000080000000, 0x000000008d200000, 0x00000000d5580000)
  object space 215040K, 44% used [0x0000000080000000,0x0000000085e52988,0x000000008d200000)
 Metaspace       used 93965K, capacity 97032K, committed 97152K, reserved 1134592K
  class space    used 11325K, capacity 11832K, committed 11904K, reserved 1048576K
}
{Heap before GC invocations=113 (full 3):
 PSYoungGen      total 80896K, used 80480K [0x00000000d5580000, 0x00000000db800000, 0x0000000100000000)
  eden space 75264K, 100% used [0x00000000d5580000,0x00000000d9f00000,0x00000000d9f00000)
  from space 5632K, 92% used [0x00000000da000000,0x00000000da518130,0x00000000da580000)
  to   space 12800K, 0% used [0x00000000dab80000,0x00000000dab80000,0x00000000db800000)
 ParOldGen       total 215040K, used 96586K [0x0000000080000000, 0x000000008d200000, 0x00000000d5580000)
  object space 215040K, 44% used [0x0000000080000000,0x0000000085e52988,0x000000008d200000)
 Metaspace       used 93965K, capacity 97032K, committed 97152K, reserved 1134592K
  class space    used 11325K, capacity 11832K, committed 11904K, reserved 1048576K
2023-04-02T17:53:38.443+0600: 837690.526: [GC (Allocation Failure) [PSYoungGen: 80480K->6435K(84992K)] 177066K->103029K(300032K), 0.0201542 secs] [Times: user=0.04 sys=0.00, real=0.02 secs] 
Heap after GC invocations=113 (full 3):
 PSYoungGen      total 84992K, used 6435K [0x00000000d5580000, 0x00000000db600000, 0x0000000100000000)
  eden space 74240K, 0% used [0x00000000d5580000,0x00000000d5580000,0x00000000d9e00000)
  from space 10752K, 59% used [0x00000000dab80000,0x00000000db1c8db0,0x00000000db600000)
  to   space 12288K, 0% used [0x00000000d9e00000,0x00000000d9e00000,0x00000000daa00000)
 ParOldGen       total 215040K, used 96594K [0x0000000080000000, 0x000000008d200000, 0x00000000d5580000)
  object space 215040K, 44% used [0x0000000080000000,0x0000000085e54988,0x000000008d200000)
 Metaspace       used 93965K, capacity 97032K, committed 97152K, reserved 1134592K
  class space    used 11325K, capacity 11832K, committed 11904K, reserved 1048576K
}
{Heap before GC invocations=114 (full 3):
 PSYoungGen      total 84992K, used 80675K [0x00000000d5580000, 0x00000000db600000, 0x0000000100000000)
  eden space 74240K, 100% used [0x00000000d5580000,0x00000000d9e00000,0x00000000d9e00000)
  from space 10752K, 59% used [0x00000000dab80000,0x00000000db1c8db0,0x00000000db600000)
  to   space 12288K, 0% used [0x00000000d9e00000,0x00000000d9e00000,0x00000000daa00000)
 ParOldGen       total 215040K, used 96594K [0x0000000080000000, 0x000000008d200000, 0x00000000d5580000)
  object space 215040K, 44% used [0x0000000080000000,0x0000000085e54988,0x000000008d200000)
 Metaspace       used 93965K, capacity 97032K, committed 97152K, reserved 1134592K
  class space    used 11325K, capacity 11832K, committed 11904K, reserved 1048576K
2023-04-02T19:06:04.703+0600: 842036.786: [GC (Allocation Failure) [PSYoungGen: 80675K->3424K(76800K)] 177269K->100018K(291840K), 0.0149054 secs] [Times: user=0.03 sys=0.00, real=0.01 secs] 
Heap after GC invocations=114 (full 3):
 PSYoungGen      total 76800K, used 3424K [0x00000000d5580000, 0x00000000db500000, 0x0000000100000000)
  eden space 73216K, 0% used [0x00000000d5580000,0x00000000d5580000,0x00000000d9d00000)
  from space 3584K, 95% used [0x00000000d9e00000,0x00000000da158000,0x00000000da180000)
  to   space 12288K, 0% used [0x00000000da900000,0x00000000da900000,0x00000000db500000)
 ParOldGen       total 215040K, used 96594K [0x0000000080000000, 0x000000008d200000, 0x00000000d5580000)
  object space 215040K, 44% used [0x0000000080000000,0x0000000085e54988,0x000000008d200000)
 Metaspace       used 93965K, capacity 97032K, committed 97152K, reserved 1134592K
  class space    used 11325K, capacity 11832K, committed 11904K, reserved 1048576K
}
{Heap before GC invocations=115 (full 3):
 PSYoungGen      total 76800K, used 76640K [0x00000000d5580000, 0x00000000db500000, 0x0000000100000000)
  eden space 73216K, 100% used [0x00000000d5580000,0x00000000d9d00000,0x00000000d9d00000)
  from space 3584K, 95% used [0x00000000d9e00000,0x00000000da158000,0x00000000da180000)
  to   space 12288K, 0% used [0x00000000da900000,0x00000000da900000,0x00000000db500000)
 ParOldGen       total 215040K, used 96594K [0x0000000080000000, 0x000000008d200000, 0x00000000d5580000)
  object space 215040K, 44% used [0x0000000080000000,0x0000000085e54988,0x000000008d200000)
 Metaspace       used 93965K, capacity 97032K, committed 97152K, reserved 1134592K
  class space    used 11325K, capacity 11832K, committed 11904K, reserved 1048576K
2023-04-02T20:11:08.551+0600: 845940.633: [GC (Allocation Failure) [PSYoungGen: 76640K->3488K(82432K)] 173234K->100082K(297472K), 0.0198405 secs] [Times: user=0.03 sys=0.00, real=0.02 secs] 
Heap after GC invocations=115 (full 3):
 PSYoungGen      total 82432K, used 3488K [0x00000000d5580000, 0x00000000db300000, 0x0000000100000000)
  eden space 72192K, 0% used [0x00000000d5580000,0x00000000d5580000,0x00000000d9c00000)
  from space 10240K, 34% used [0x00000000da900000,0x00000000dac68000,0x00000000db300000)
  to   space 11776K, 0% used [0x00000000d9c00000,0x00000000d9c00000,0x00000000da780000)
 ParOldGen       total 215040K, used 96594K [0x0000000080000000, 0x000000008d200000, 0x00000000d5580000)
  object space 215040K, 44% used [0x0000000080000000,0x0000000085e54988,0x000000008d200000)
 Metaspace       used 93965K, capacity 97032K, committed 97152K, reserved 1134592K
  class space    used 11325K, capacity 11832K, committed 11904K, reserved 1048576K
}
{Heap before GC invocations=116 (full 3):
 PSYoungGen      total 82432K, used 75680K [0x00000000d5580000, 0x00000000db300000, 0x0000000100000000)
  eden space 72192K, 100% used [0x00000000d5580000,0x00000000d9c00000,0x00000000d9c00000)
  from space 10240K, 34% used [0x00000000da900000,0x00000000dac68000,0x00000000db300000)
  to   space 11776K, 0% used [0x00000000d9c00000,0x00000000d9c00000,0x00000000da780000)
 ParOldGen       total 215040K, used 96594K [0x0000000080000000, 0x000000008d200000, 0x00000000d5580000)
  object space 215040K, 44% used [0x0000000080000000,0x0000000085e54988,0x000000008d200000)
 Metaspace       used 93981K, capacity 97056K, committed 97152K, reserved 1134592K
  class space    used 11327K, capacity 11836K, committed 11904K, reserved 1048576K
2023-04-02T20:54:26.545+0600: 848538.628: [GC (Allocation Failure) [PSYoungGen: 75680K->4931K(76288K)] 172274K->101542K(291328K), 0.0187100 secs] [Times: user=0.04 sys=0.00, real=0.02 secs] 
Heap after GC invocations=116 (full 3):
 PSYoungGen      total 76288K, used 4931K [0x00000000d5580000, 0x00000000db200000, 0x0000000100000000)
  eden space 71168K, 0% used [0x00000000d5580000,0x00000000d5580000,0x00000000d9b00000)
  from space 5120K, 96% used [0x00000000d9c00000,0x00000000da0d0ff8,0x00000000da100000)
  to   space 11776K, 0% used [0x00000000da680000,0x00000000da680000,0x00000000db200000)
 ParOldGen       total 215040K, used 96610K [0x0000000080000000, 0x000000008d200000, 0x00000000d5580000)
  object space 215040K, 44% used [0x0000000080000000,0x0000000085e58988,0x000000008d200000)
 Metaspace       used 93981K, capacity 97056K, committed 97152K, reserved 1134592K
  class space    used 11327K, capacity 11836K, committed 11904K, reserved 1048576K
}
{Heap before GC invocations=117 (full 3):
 PSYoungGen      total 76288K, used 76099K [0x00000000d5580000, 0x00000000db200000, 0x0000000100000000)
  eden space 71168K, 100% used [0x00000000d5580000,0x00000000d9b00000,0x00000000d9b00000)
  from space 5120K, 96% used [0x00000000d9c00000,0x00000000da0d0ff8,0x00000000da100000)
  to   space 11776K, 0% used [0x00000000da680000,0x00000000da680000,0x00000000db200000)
 ParOldGen       total 215040K, used 96610K [0x0000000080000000, 0x000000008d200000, 0x00000000d5580000)
  object space 215040K, 44% used [0x0000000080000000,0x0000000085e58988,0x000000008d200000)
 Metaspace       used 93981K, capacity 97056K, committed 97152K, reserved 1134592K
  class space    used 11327K, capacity 11836K, committed 11904K, reserved 1048576K
2023-04-02T21:55:39.283+0600: 852211.366: [GC (Allocation Failure) [PSYoungGen: 76099K->3872K(79872K)] 172710K->100530K(294912K), 0.0162269 secs] [Times: user=0.03 sys=0.00, real=0.02 secs] 
Heap after GC invocations=117 (full 3):
 PSYoungGen      total 79872K, used 3872K [0x00000000d5580000, 0x00000000db000000, 0x0000000100000000)
  eden space 70144K, 0% used [0x00000000d5580000,0x00000000d5580000,0x00000000d9a00000)
  from space 9728K, 39% used [0x00000000da680000,0x00000000daa48020,0x00000000db000000)
  to   space 11264K, 0% used [0x00000000d9a00000,0x00000000d9a00000,0x00000000da500000)
 ParOldGen       total 215040K, used 96658K [0x0000000080000000, 0x000000008d200000, 0x00000000d5580000)
  object space 215040K, 44% used [0x0000000080000000,0x0000000085e64988,0x000000008d200000)
 Metaspace       used 93981K, capacity 97056K, committed 97152K, reserved 1134592K
  class space    used 11327K, capacity 11836K, committed 11904K, reserved 1048576K
}
{Heap before GC invocations=118 (full 3):
 PSYoungGen      total 79872K, used 74016K [0x00000000d5580000, 0x00000000db000000, 0x0000000100000000)
  eden space 70144K, 100% used [0x00000000d5580000,0x00000000d9a00000,0x00000000d9a00000)
  from space 9728K, 39% used [0x00000000da680000,0x00000000daa48020,0x00000000db000000)
  to   space 11264K, 0% used [0x00000000d9a00000,0x00000000d9a00000,0x00000000da500000)
 ParOldGen       total 215040K, used 96658K [0x0000000080000000, 0x000000008d200000, 0x00000000d5580000)
  object space 215040K, 44% used [0x0000000080000000,0x0000000085e64988,0x000000008d200000)
 Metaspace       used 93981K, capacity 97056K, committed 97152K, reserved 1134592K
  class space    used 11327K, capacity 11836K, committed 11904K, reserved 1048576K
2023-04-02T22:53:44.522+0600: 855696.605: [GC (Allocation Failure) [PSYoungGen: 74016K->4129K(73728K)] 170674K->100844K(288768K), 0.0212297 secs] [Times: user=0.04 sys=0.00, real=0.02 secs] 
Heap after GC invocations=118 (full 3):
 PSYoungGen      total 73728K, used 4129K [0x00000000d5580000, 0x00000000daf00000, 0x0000000100000000)
  eden space 69120K, 0% used [0x00000000d5580000,0x00000000d5580000,0x00000000d9900000)
  from space 4608K, 89% used [0x00000000d9a00000,0x00000000d9e086c0,0x00000000d9e80000)
  to   space 11264K, 0% used [0x00000000da400000,0x00000000da400000,0x00000000daf00000)
 ParOldGen       total 215040K, used 96714K [0x0000000080000000, 0x000000008d200000, 0x00000000d5580000)
  object space 215040K, 44% used [0x0000000080000000,0x0000000085e72988,0x000000008d200000)
 Metaspace       used 93981K, capacity 97056K, committed 97152K, reserved 1134592K
  class space    used 11327K, capacity 11836K, committed 11904K, reserved 1048576K
}
{Heap before GC invocations=119 (full 3):
 PSYoungGen      total 73728K, used 73249K [0x00000000d5580000, 0x00000000daf00000, 0x0000000100000000)
  eden space 69120K, 100% used [0x00000000d5580000,0x00000000d9900000,0x00000000d9900000)
  from space 4608K, 89% used [0x00000000d9a00000,0x00000000d9e086c0,0x00000000d9e80000)
  to   space 11264K, 0% used [0x00000000da400000,0x00000000da400000,0x00000000daf00000)
 ParOldGen       total 215040K, used 96714K [0x0000000080000000, 0x000000008d200000, 0x00000000d5580000)
  object space 215040K, 44% used [0x0000000080000000,0x0000000085e72988,0x000000008d200000)
 Metaspace       used 93981K, capacity 97056K, committed 97152K, reserved 1134592K
  class space    used 11327K, capacity 11836K, committed 11904K, reserved 1048576K
2023-04-02T23:55:05.445+0600: 859377.528: [GC (Allocation Failure) [PSYoungGen: 73249K->3984K(77312K)] 169964K->100730K(292352K), 0.0206812 secs] [Times: user=0.04 sys=0.00, real=0.02 secs] 
Heap after GC invocations=119 (full 3):
 PSYoungGen      total 77312K, used 3984K [0x00000000d5580000, 0x00000000dad00000, 0x0000000100000000)
  eden space 68096K, 0% used [0x00000000d5580000,0x00000000d5580000,0x00000000d9800000)
  from space 9216K, 43% used [0x00000000da400000,0x00000000da7e4250,0x00000000dad00000)
  to   space 10752K, 0% used [0x00000000d9800000,0x00000000d9800000,0x00000000da280000)
 ParOldGen       total 215040K, used 96746K [0x0000000080000000, 0x000000008d200000, 0x00000000d5580000)
  object space 215040K, 44% used [0x0000000080000000,0x0000000085e7a988,0x000000008d200000)
 Metaspace       used 93981K, capacity 97056K, committed 97152K, reserved 1134592K
  class space    used 11327K, capacity 11836K, committed 11904K, reserved 1048576K
}
{Heap before GC invocations=120 (full 3):
 PSYoungGen      total 77312K, used 72080K [0x00000000d5580000, 0x00000000dad00000, 0x0000000100000000)
  eden space 68096K, 100% used [0x00000000d5580000,0x00000000d9800000,0x00000000d9800000)
  from space 9216K, 43% used [0x00000000da400000,0x00000000da7e4250,0x00000000dad00000)
  to   space 10752K, 0% used [0x00000000d9800000,0x00000000d9800000,0x00000000da280000)
 ParOldGen       total 215040K, used 96746K [0x0000000080000000, 0x000000008d200000, 0x00000000d5580000)
  object space 215040K, 44% used [0x0000000080000000,0x0000000085e7a988,0x000000008d200000)
 Metaspace       used 93981K, capacity 97056K, committed 97152K, reserved 1134592K
  class space    used 11327K, capacity 11836K, committed 11904K, reserved 1048576K
2023-04-03T00:59:53.100+0600: 863265.182: [GC (Allocation Failure) [PSYoungGen: 72080K->3456K(71168K)] 168826K->100242K(286208K), 0.0152357 secs] [Times: user=0.03 sys=0.00, real=0.01 secs] 
Heap after GC invocations=120 (full 3):
 PSYoungGen      total 71168K, used 3456K [0x00000000d5580000, 0x00000000dac80000, 0x0000000100000000)
  eden space 67584K, 0% used [0x00000000d5580000,0x00000000d5580000,0x00000000d9780000)
  from space 3584K, 96% used [0x00000000d9800000,0x00000000d9b60000,0x00000000d9b80000)
  to   space 10752K, 0% used [0x00000000da200000,0x00000000da200000,0x00000000dac80000)
 ParOldGen       total 215040K, used 96786K [0x0000000080000000, 0x000000008d200000, 0x00000000d5580000)
  object space 215040K, 45% used [0x0000000080000000,0x0000000085e84988,0x000000008d200000)
 Metaspace       used 93981K, capacity 97056K, committed 97152K, reserved 1134592K
  class space    used 11327K, capacity 11836K, committed 11904K, reserved 1048576K
}
{Heap before GC invocations=121 (full 3):
 PSYoungGen      total 71168K, used 71040K [0x00000000d5580000, 0x00000000dac80000, 0x0000000100000000)
  eden space 67584K, 100% used [0x00000000d5580000,0x00000000d9780000,0x00000000d9780000)
  from space 3584K, 96% used [0x00000000d9800000,0x00000000d9b60000,0x00000000d9b80000)
  to   space 10752K, 0% used [0x00000000da200000,0x00000000da200000,0x00000000dac80000)
 ParOldGen       total 215040K, used 96786K [0x0000000080000000, 0x000000008d200000, 0x00000000d5580000)
  object space 215040K, 45% used [0x0000000080000000,0x0000000085e84988,0x000000008d200000)
 Metaspace       used 93982K, capacity 97056K, committed 97152K, reserved 1134592K
  class space    used 11327K, capacity 11836K, committed 11904K, reserved 1048576K
2023-04-03T01:47:14.532+0600: 866106.615: [GC (Allocation Failure) [PSYoungGen: 71040K->4801K(76288K)] 167826K->101741K(291328K), 0.0202861 secs] [Times: user=0.03 sys=0.00, real=0.02 secs] 
Heap after GC invocations=121 (full 3):
 PSYoungGen      total 76288K, used 4801K [0x00000000d5580000, 0x00000000dab00000, 0x0000000100000000)
  eden space 67072K, 0% used [0x00000000d5580000,0x00000000d5580000,0x00000000d9700000)
  from space 9216K, 52% used [0x00000000da200000,0x00000000da6b04c0,0x00000000dab00000)
  to   space 10240K, 0% used [0x00000000d9700000,0x00000000d9700000,0x00000000da100000)
 ParOldGen       total 215040K, used 96940K [0x0000000080000000, 0x000000008d200000, 0x00000000d5580000)
  object space 215040K, 45% used [0x0000000080000000,0x0000000085eab098,0x000000008d200000)
 Metaspace       used 93982K, capacity 97056K, committed 97152K, reserved 1134592K
  class space    used 11327K, capacity 11836K, committed 11904K, reserved 1048576K
}
{Heap before GC invocations=122 (full 3):
 PSYoungGen      total 76288K, used 71873K [0x00000000d5580000, 0x00000000dab00000, 0x0000000100000000)
  eden space 67072K, 100% used [0x00000000d5580000,0x00000000d9700000,0x00000000d9700000)
  from space 9216K, 52% used [0x00000000da200000,0x00000000da6b04c0,0x00000000dab00000)
  to   space 10240K, 0% used [0x00000000d9700000,0x00000000d9700000,0x00000000da100000)
 ParOldGen       total 215040K, used 96940K [0x0000000080000000, 0x000000008d200000, 0x00000000d5580000)
  object space 215040K, 45% used [0x0000000080000000,0x0000000085eab098,0x000000008d200000)
 Metaspace       used 93982K, capacity 97056K, committed 97152K, reserved 1134592K
  class space    used 11327K, capacity 11836K, committed 11904K, reserved 1048576K
2023-04-03T02:47:33.234+0600: 869725.317: [GC (Allocation Failure) [PSYoungGen: 71873K->3168K(70656K)] 168813K->100292K(285696K), 0.0117754 secs] [Times: user=0.02 sys=0.00, real=0.01 secs] 
Heap after GC invocations=122 (full 3):
 PSYoungGen      total 70656K, used 3168K [0x00000000d5580000, 0x00000000daa80000, 0x0000000100000000)
  eden space 67072K, 0% used [0x00000000d5580000,0x00000000d5580000,0x00000000d9700000)
  from space 3584K, 88% used [0x00000000d9700000,0x00000000d9a18000,0x00000000d9a80000)
  to   space 10240K, 0% used [0x00000000da080000,0x00000000da080000,0x00000000daa80000)
 ParOldGen       total 215040K, used 97124K [0x0000000080000000, 0x000000008d200000, 0x00000000d5580000)
  object space 215040K, 45% used [0x0000000080000000,0x0000000085ed9098,0x000000008d200000)
 Metaspace       used 93982K, capacity 97056K, committed 97152K, reserved 1134592K
  class space    used 11327K, capacity 11836K, committed 11904K, reserved 1048576K
}
{Heap before GC invocations=123 (full 3):
 PSYoungGen      total 70656K, used 70240K [0x00000000d5580000, 0x00000000daa80000, 0x0000000100000000)
  eden space 67072K, 100% used [0x00000000d5580000,0x00000000d9700000,0x00000000d9700000)
  from space 3584K, 88% used [0x00000000d9700000,0x00000000d9a18000,0x00000000d9a80000)
  to   space 10240K, 0% used [0x00000000da080000,0x00000000da080000,0x00000000daa80000)
 ParOldGen       total 215040K, used 97124K [0x0000000080000000, 0x000000008d200000, 0x00000000d5580000)
  object space 215040K, 45% used [0x0000000080000000,0x0000000085ed9098,0x000000008d200000)
 Metaspace       used 93982K, capacity 97056K, committed 97152K, reserved 1134592K
  class space    used 11327K, capacity 11836K, committed 11904K, reserved 1048576K
2023-04-03T03:49:54.587+0600: 873466.670: [GC (Allocation Failure) [PSYoungGen: 70240K->3104K(77312K)] 167364K->100252K(292352K), 0.0156242 secs] [Times: user=0.03 sys=0.00, real=0.02 secs] 
Heap after GC invocations=123 (full 3):
 PSYoungGen      total 77312K, used 3104K [0x00000000d5580000, 0x00000000daa80000, 0x0000000100000000)
  eden space 67072K, 0% used [0x00000000d5580000,0x00000000d5580000,0x00000000d9700000)
  from space 10240K, 30% used [0x00000000da080000,0x00000000da388000,0x00000000daa80000)
  to   space 9728K, 0% used [0x00000000d9700000,0x00000000d9700000,0x00000000da080000)
 ParOldGen       total 215040K, used 97148K [0x0000000080000000, 0x000000008d200000, 0x00000000d5580000)
  object space 215040K, 45% used [0x0000000080000000,0x0000000085edf098,0x000000008d200000)
 Metaspace       used 93982K, capacity 97056K, committed 97152K, reserved 1134592K
  class space    used 11327K, capacity 11836K, committed 11904K, reserved 1048576K
}
{Heap before GC invocations=124 (full 3):
 PSYoungGen      total 77312K, used 70176K [0x00000000d5580000, 0x00000000daa80000, 0x0000000100000000)
  eden space 67072K, 100% used [0x00000000d5580000,0x00000000d9700000,0x00000000d9700000)
  from space 10240K, 30% used [0x00000000da080000,0x00000000da388000,0x00000000daa80000)
  to   space 9728K, 0% used [0x00000000d9700000,0x00000000d9700000,0x00000000da080000)
 ParOldGen       total 215040K, used 97148K [0x0000000080000000, 0x000000008d200000, 0x00000000d5580000)
  object space 215040K, 45% used [0x0000000080000000,0x0000000085edf098,0x000000008d200000)
 Metaspace       used 93982K, capacity 97056K, committed 97152K, reserved 1134592K
  class space    used 11327K, capacity 11836K, committed 11904K, reserved 1048576K
2023-04-03T04:53:49.892+0600: 877301.975: [GC (Allocation Failure) [PSYoungGen: 70176K->2880K(76800K)] 167324K->100223K(291840K), 0.0180838 secs] [Times: user=0.03 sys=0.00, real=0.02 secs] 
Heap after GC invocations=124 (full 3):
 PSYoungGen      total 76800K, used 2880K [0x00000000d5580000, 0x00000000daa80000, 0x0000000100000000)
  eden space 67072K, 0% used [0x00000000d5580000,0x00000000d5580000,0x00000000d9700000)
  from space 9728K, 29% used [0x00000000d9700000,0x00000000d99d0000,0x00000000da080000)
  to   space 9728K, 0% used [0x00000000da100000,0x00000000da100000,0x00000000daa80000)
 ParOldGen       total 215040K, used 97343K [0x0000000080000000, 0x000000008d200000, 0x00000000d5580000)
  object space 215040K, 45% used [0x0000000080000000,0x0000000085f0ff18,0x000000008d200000)
 Metaspace       used 93982K, capacity 97056K, committed 97152K, reserved 1134592K
  class space    used 11327K, capacity 11836K, committed 11904K, reserved 1048576K
}
{Heap before GC invocations=125 (full 3):
 PSYoungGen      total 76800K, used 69952K [0x00000000d5580000, 0x00000000daa80000, 0x0000000100000000)
  eden space 67072K, 100% used [0x00000000d5580000,0x00000000d9700000,0x00000000d9700000)
  from space 9728K, 29% used [0x00000000d9700000,0x00000000d99d0000,0x00000000da080000)
  to   space 9728K, 0% used [0x00000000da100000,0x00000000da100000,0x00000000daa80000)
 ParOldGen       total 215040K, used 97343K [0x0000000080000000, 0x000000008d200000, 0x00000000d5580000)
  object space 215040K, 45% used [0x0000000080000000,0x0000000085f0ff18,0x000000008d200000)
 Metaspace       used 93982K, capacity 97056K, committed 97152K, reserved 1134592K
  class space    used 11327K, capacity 11836K, committed 11904K, reserved 1048576K
2023-04-03T05:56:45.426+0600: 881077.509: [GC (Allocation Failure) [PSYoungGen: 69952K->2784K(77312K)] 167295K->100260K(292352K), 0.0147076 secs] [Times: user=0.02 sys=0.00, real=0.02 secs] 
Heap after GC invocations=125 (full 3):
 PSYoungGen      total 77312K, used 2784K [0x00000000d5580000, 0x00000000daa80000, 0x0000000100000000)
  eden space 67584K, 0% used [0x00000000d5580000,0x00000000d5580000,0x00000000d9780000)
  from space 9728K, 28% used [0x00000000da100000,0x00000000da3b8000,0x00000000daa80000)
  to   space 9728K, 0% used [0x00000000d9780000,0x00000000d9780000,0x00000000da100000)
 ParOldGen       total 215040K, used 97476K [0x0000000080000000, 0x000000008d200000, 0x00000000d5580000)
  object space 215040K, 45% used [0x0000000080000000,0x0000000085f312b8,0x000000008d200000)
 Metaspace       used 93982K, capacity 97056K, committed 97152K, reserved 1134592K
  class space    used 11327K, capacity 11836K, committed 11904K, reserved 1048576K
}
{Heap before GC invocations=126 (full 3):
 PSYoungGen      total 77312K, used 70368K [0x00000000d5580000, 0x00000000daa80000, 0x0000000100000000)
  eden space 67584K, 100% used [0x00000000d5580000,0x00000000d9780000,0x00000000d9780000)
  from space 9728K, 28% used [0x00000000da100000,0x00000000da3b8000,0x00000000daa80000)
  to   space 9728K, 0% used [0x00000000d9780000,0x00000000d9780000,0x00000000da100000)
 ParOldGen       total 215040K, used 97476K [0x0000000080000000, 0x000000008d200000, 0x00000000d5580000)
  object space 215040K, 45% used [0x0000000080000000,0x0000000085f312b8,0x000000008d200000)
 Metaspace       used 93982K, capacity 97056K, committed 97152K, reserved 1134592K
  class space    used 11327K, capacity 11836K, committed 11904K, reserved 1048576K
2023-04-03T06:58:50.533+0600: 884802.616: [GC (Allocation Failure) [PSYoungGen: 70368K->2656K(77312K)] 167844K->100293K(292352K), 0.0109754 secs] [Times: user=0.02 sys=0.00, real=0.01 secs] 
Heap after GC invocations=126 (full 3):
 PSYoungGen      total 77312K, used 2656K [0x00000000d5580000, 0x00000000daa80000, 0x0000000100000000)
  eden space 67584K, 0% used [0x00000000d5580000,0x00000000d5580000,0x00000000d9780000)
  from space 9728K, 27% used [0x00000000d9780000,0x00000000d9a18000,0x00000000da100000)
  to   space 9216K, 0% used [0x00000000da180000,0x00000000da180000,0x00000000daa80000)
 ParOldGen       total 215040K, used 97637K [0x0000000080000000, 0x000000008d200000, 0x00000000d5580000)
  object space 215040K, 45% used [0x0000000080000000,0x0000000085f597a0,0x000000008d200000)
 Metaspace       used 93982K, capacity 97056K, committed 97152K, reserved 1134592K
  class space    used 11327K, capacity 11836K, committed 11904K, reserved 1048576K
}
{Heap before GC invocations=127 (full 3):
 PSYoungGen      total 77312K, used 70240K [0x00000000d5580000, 0x00000000daa80000, 0x0000000100000000)
  eden space 67584K, 100% used [0x00000000d5580000,0x00000000d9780000,0x00000000d9780000)
  from space 9728K, 27% used [0x00000000d9780000,0x00000000d9a18000,0x00000000da100000)
  to   space 9216K, 0% used [0x00000000da180000,0x00000000da180000,0x00000000daa80000)
 ParOldGen       total 215040K, used 97637K [0x0000000080000000, 0x000000008d200000, 0x00000000d5580000)
  object space 215040K, 45% used [0x0000000080000000,0x0000000085f597a0,0x000000008d200000)
 Metaspace       used 93982K, capacity 97056K, committed 97152K, reserved 1134592K
  class space    used 11327K, capacity 11836K, committed 11904K, reserved 1048576K
2023-04-03T07:59:48.029+0600: 888460.111: [GC (Allocation Failure) [PSYoungGen: 70240K->2544K(77824K)] 167877K->100246K(292864K), 0.0141464 secs] [Times: user=0.02 sys=0.00, real=0.02 secs] 
Heap after GC invocations=127 (full 3):
 PSYoungGen      total 77824K, used 2544K [0x00000000d5580000, 0x00000000daa80000, 0x0000000100000000)
  eden space 68608K, 0% used [0x00000000d5580000,0x00000000d5580000,0x00000000d9880000)
  from space 9216K, 27% used [0x00000000da180000,0x00000000da3fc348,0x00000000daa80000)
  to   space 9216K, 0% used [0x00000000d9880000,0x00000000d9880000,0x00000000da180000)
 ParOldGen       total 215040K, used 97701K [0x0000000080000000, 0x000000008d200000, 0x00000000d5580000)
  object space 215040K, 45% used [0x0000000080000000,0x0000000085f697d0,0x000000008d200000)
 Metaspace       used 93982K, capacity 97056K, committed 97152K, reserved 1134592K
  class space    used 11327K, capacity 11836K, committed 11904K, reserved 1048576K
}
{Heap before GC invocations=128 (full 3):
 PSYoungGen      total 77824K, used 71152K [0x00000000d5580000, 0x00000000daa80000, 0x0000000100000000)
  eden space 68608K, 100% used [0x00000000d5580000,0x00000000d9880000,0x00000000d9880000)
  from space 9216K, 27% used [0x00000000da180000,0x00000000da3fc348,0x00000000daa80000)
  to   space 9216K, 0% used [0x00000000d9880000,0x00000000d9880000,0x00000000da180000)
 ParOldGen       total 215040K, used 97701K [0x0000000080000000, 0x000000008d200000, 0x00000000d5580000)
  object space 215040K, 45% used [0x0000000080000000,0x0000000085f697d0,0x000000008d200000)
 Metaspace       used 93982K, capacity 97056K, committed 97152K, reserved 1134592K
  class space    used 11327K, capacity 11836K, committed 11904K, reserved 1048576K
2023-04-03T09:02:18.738+0600: 892210.821: [GC (Allocation Failure) [PSYoungGen: 71152K->2560K(77824K)] 168854K->100277K(292864K), 0.0163497 secs] [Times: user=0.03 sys=0.00, real=0.02 secs] 
Heap after GC invocations=128 (full 3):
 PSYoungGen      total 77824K, used 2560K [0x00000000d5580000, 0x00000000daa80000, 0x0000000100000000)
  eden space 68608K, 0% used [0x00000000d5580000,0x00000000d5580000,0x00000000d9880000)
  from space 9216K, 27% used [0x00000000d9880000,0x00000000d9b00000,0x00000000da180000)
  to   space 8704K, 0% used [0x00000000da200000,0x00000000da200000,0x00000000daa80000)
 ParOldGen       total 215040K, used 97717K [0x0000000080000000, 0x000000008d200000, 0x00000000d5580000)
  object space 215040K, 45% used [0x0000000080000000,0x0000000085f6d7d0,0x000000008d200000)
 Metaspace       used 93982K, capacity 97056K, committed 97152K, reserved 1134592K
  class space    used 11327K, capacity 11836K, committed 11904K, reserved 1048576K
}
{Heap before GC invocations=129 (full 3):
 PSYoungGen      total 77824K, used 71168K [0x00000000d5580000, 0x00000000daa80000, 0x0000000100000000)
  eden space 68608K, 100% used [0x00000000d5580000,0x00000000d9880000,0x00000000d9880000)
  from space 9216K, 27% used [0x00000000d9880000,0x00000000d9b00000,0x00000000da180000)
  to   space 8704K, 0% used [0x00000000da200000,0x00000000da200000,0x00000000daa80000)
 ParOldGen       total 215040K, used 97717K [0x0000000080000000, 0x000000008d200000, 0x00000000d5580000)
  object space 215040K, 45% used [0x0000000080000000,0x0000000085f6d7d0,0x000000008d200000)
 Metaspace       used 93984K, capacity 97056K, committed 97152K, reserved 1134592K
  class space    used 11327K, capacity 11836K, committed 11904K, reserved 1048576K
2023-04-03T09:53:24.413+0600: 895276.496: [GC (Allocation Failure) [PSYoungGen: 71168K->3988K(78336K)] 168885K->101714K(293376K), 0.0153645 secs] [Times: user=0.03 sys=0.00, real=0.01 secs] 
Heap after GC invocations=129 (full 3):
 PSYoungGen      total 78336K, used 3988K [0x00000000d5580000, 0x00000000daa80000, 0x0000000100000000)
  eden space 69632K, 0% used [0x00000000d5580000,0x00000000d5580000,0x00000000d9980000)
  from space 8704K, 45% used [0x00000000da200000,0x00000000da5e50c8,0x00000000daa80000)
  to   space 8704K, 0% used [0x00000000d9980000,0x00000000d9980000,0x00000000da200000)
 ParOldGen       total 215040K, used 97725K [0x0000000080000000, 0x000000008d200000, 0x00000000d5580000)
  object space 215040K, 45% used [0x0000000080000000,0x0000000085f6f7d0,0x000000008d200000)
 Metaspace       used 93984K, capacity 97056K, committed 97152K, reserved 1134592K
  class space    used 11327K, capacity 11836K, committed 11904K, reserved 1048576K
}
{Heap before GC invocations=130 (full 3):
 PSYoungGen      total 78336K, used 73620K [0x00000000d5580000, 0x00000000daa80000, 0x0000000100000000)
  eden space 69632K, 100% used [0x00000000d5580000,0x00000000d9980000,0x00000000d9980000)
  from space 8704K, 45% used [0x00000000da200000,0x00000000da5e50c8,0x00000000daa80000)
  to   space 8704K, 0% used [0x00000000d9980000,0x00000000d9980000,0x00000000da200000)
 ParOldGen       total 215040K, used 97725K [0x0000000080000000, 0x000000008d200000, 0x00000000d5580000)
  object space 215040K, 45% used [0x0000000080000000,0x0000000085f6f7d0,0x000000008d200000)
 Metaspace       used 93985K, capacity 97056K, committed 97152K, reserved 1134592K
  class space    used 11327K, capacity 11836K, committed 11904K, reserved 1048576K
2023-04-03T10:34:11.590+0600: 897723.673: [GC (Allocation Failure) [PSYoungGen: 73620K->5577K(78336K)] 171346K->103303K(293376K), 0.0156762 secs] [Times: user=0.02 sys=0.00, real=0.01 secs] 
Heap after GC invocations=130 (full 3):
 PSYoungGen      total 78336K, used 5577K [0x00000000d5580000, 0x00000000daa80000, 0x0000000100000000)
  eden space 69632K, 0% used [0x00000000d5580000,0x00000000d5580000,0x00000000d9980000)
  from space 8704K, 64% used [0x00000000d9980000,0x00000000d9ef24f8,0x00000000da200000)
  to   space 8704K, 0% used [0x00000000da200000,0x00000000da200000,0x00000000daa80000)
 ParOldGen       total 215040K, used 97725K [0x0000000080000000, 0x000000008d200000, 0x00000000d5580000)
  object space 215040K, 45% used [0x0000000080000000,0x0000000085f6f7d0,0x000000008d200000)
 Metaspace       used 93985K, capacity 97056K, committed 97152K, reserved 1134592K
  class space    used 11327K, capacity 11836K, committed 11904K, reserved 1048576K
}
{Heap before GC invocations=131 (full 3):
 PSYoungGen      total 78336K, used 75209K [0x00000000d5580000, 0x00000000daa80000, 0x0000000100000000)
  eden space 69632K, 100% used [0x00000000d5580000,0x00000000d9980000,0x00000000d9980000)
  from space 8704K, 64% used [0x00000000d9980000,0x00000000d9ef24f8,0x00000000da200000)
  to   space 8704K, 0% used [0x00000000da200000,0x00000000da200000,0x00000000daa80000)
 ParOldGen       total 215040K, used 97725K [0x0000000080000000, 0x000000008d200000, 0x00000000d5580000)
  object space 215040K, 45% used [0x0000000080000000,0x0000000085f6f7d0,0x000000008d200000)
 Metaspace       used 93985K, capacity 97056K, committed 97152K, reserved 1134592K
  class space    used 11327K, capacity 11836K, committed 11904K, reserved 1048576K
2023-04-03T11:32:16.672+0600: 901208.755: [GC (Allocation Failure) [PSYoungGen: 75209K->3649K(78848K)] 172935K->101482K(293888K), 0.0157546 secs] [Times: user=0.03 sys=0.00, real=0.01 secs] 
Heap after GC invocations=131 (full 3):
 PSYoungGen      total 78848K, used 3649K [0x00000000d5580000, 0x00000000daa80000, 0x0000000100000000)
  eden space 70144K, 0% used [0x00000000d5580000,0x00000000d5580000,0x00000000d9a00000)
  from space 8704K, 41% used [0x00000000da200000,0x00000000da5904c0,0x00000000daa80000)
  to   space 8192K, 0% used [0x00000000d9a00000,0x00000000d9a00000,0x00000000da200000)
 ParOldGen       total 215040K, used 97832K [0x0000000080000000, 0x000000008d200000, 0x00000000d5580000)
  object space 215040K, 45% used [0x0000000080000000,0x0000000085f8a350,0x000000008d200000)
 Metaspace       used 93985K, capacity 97056K, committed 97152K, reserved 1134592K
  class space    used 11327K, capacity 11836K, committed 11904K, reserved 1048576K
}
{Heap before GC invocations=132 (full 3):
 PSYoungGen      total 78848K, used 73793K [0x00000000d5580000, 0x00000000daa80000, 0x0000000100000000)
  eden space 70144K, 100% used [0x00000000d5580000,0x00000000d9a00000,0x00000000d9a00000)
  from space 8704K, 41% used [0x00000000da200000,0x00000000da5904c0,0x00000000daa80000)
  to   space 8192K, 0% used [0x00000000d9a00000,0x00000000d9a00000,0x00000000da200000)
 ParOldGen       total 215040K, used 97832K [0x0000000080000000, 0x000000008d200000, 0x00000000d5580000)
  object space 215040K, 45% used [0x0000000080000000,0x0000000085f8a350,0x000000008d200000)
 Metaspace       used 94048K, capacity 97128K, committed 97408K, reserved 1134592K
  class space    used 11334K, capacity 11848K, committed 11904K, reserved 1048576K
2023-04-03T12:05:02.708+0600: 903174.791: [GC (Allocation Failure) [PSYoungGen: 73793K->6052K(78336K)] 171626K->103926K(293376K), 0.0227424 secs] [Times: user=0.03 sys=0.00, real=0.03 secs] 
Heap after GC invocations=132 (full 3):
 PSYoungGen      total 78336K, used 6052K [0x00000000d5580000, 0x00000000daa80000, 0x0000000100000000)
  eden space 70144K, 0% used [0x00000000d5580000,0x00000000d5580000,0x00000000d9a00000)
  from space 8192K, 73% used [0x00000000d9a00000,0x00000000d9fe9010,0x00000000da200000)
  to   space 8704K, 0% used [0x00000000da200000,0x00000000da200000,0x00000000daa80000)
 ParOldGen       total 215040K, used 97874K [0x0000000080000000, 0x000000008d200000, 0x00000000d5580000)
  object space 215040K, 45% used [0x0000000080000000,0x0000000085f94a80,0x000000008d200000)
 Metaspace       used 94048K, capacity 97128K, committed 97408K, reserved 1134592K
  class space    used 11334K, capacity 11848K, committed 11904K, reserved 1048576K
}
{Heap before GC invocations=133 (full 3):
 PSYoungGen      total 78336K, used 76196K [0x00000000d5580000, 0x00000000daa80000, 0x0000000100000000)
  eden space 70144K, 100% used [0x00000000d5580000,0x00000000d9a00000,0x00000000d9a00000)
  from space 8192K, 73% used [0x00000000d9a00000,0x00000000d9fe9010,0x00000000da200000)
  to   space 8704K, 0% used [0x00000000da200000,0x00000000da200000,0x00000000daa80000)
 ParOldGen       total 215040K, used 97874K [0x0000000080000000, 0x000000008d200000, 0x00000000d5580000)
  object space 215040K, 45% used [0x0000000080000000,0x0000000085f94a80,0x000000008d200000)
 Metaspace       used 94058K, capacity 97152K, committed 97408K, reserved 1134592K
  class space    used 11336K, capacity 11852K, committed 11904K, reserved 1048576K
2023-04-03T12:41:09.762+0600: 905341.844: [GC (Allocation Failure) [PSYoungGen: 76196K->7992K(77312K)] 174070K->105904K(292352K), 0.0159096 secs] [Times: user=0.03 sys=0.00, real=0.01 secs] 
Heap after GC invocations=133 (full 3):
 PSYoungGen      total 77312K, used 7992K [0x00000000d5580000, 0x00000000dac00000, 0x0000000100000000)
  eden space 68608K, 0% used [0x00000000d5580000,0x00000000d5580000,0x00000000d9880000)
  from space 8704K, 91% used [0x00000000da200000,0x00000000da9ce210,0x00000000daa80000)
  to   space 9728K, 0% used [0x00000000d9880000,0x00000000d9880000,0x00000000da200000)
 ParOldGen       total 215040K, used 97911K [0x0000000080000000, 0x000000008d200000, 0x00000000d5580000)
  object space 215040K, 45% used [0x0000000080000000,0x0000000085f9de28,0x000000008d200000)
 Metaspace       used 94058K, capacity 97152K, committed 97408K, reserved 1134592K
  class space    used 11336K, capacity 11852K, committed 11904K, reserved 1048576K
}
{Heap before GC invocations=134 (full 3):
 PSYoungGen      total 77312K, used 76600K [0x00000000d5580000, 0x00000000dac00000, 0x0000000100000000)
  eden space 68608K, 100% used [0x00000000d5580000,0x00000000d9880000,0x00000000d9880000)
  from space 8704K, 91% used [0x00000000da200000,0x00000000da9ce210,0x00000000daa80000)
  to   space 9728K, 0% used [0x00000000d9880000,0x00000000d9880000,0x00000000da200000)
 ParOldGen       total 215040K, used 97911K [0x0000000080000000, 0x000000008d200000, 0x00000000d5580000)
  object space 215040K, 45% used [0x0000000080000000,0x0000000085f9de28,0x000000008d200000)
 Metaspace       used 94060K, capacity 97152K, committed 97408K, reserved 1134592K
  class space    used 11336K, capacity 11852K, committed 11904K, reserved 1048576K
2023-04-03T13:26:20.953+0600: 908053.036: [GC (Allocation Failure) [PSYoungGen: 76600K->6436K(74752K)] 174512K->104364K(289792K), 0.0140707 secs] [Times: user=0.02 sys=0.00, real=0.01 secs] 
Heap after GC invocations=134 (full 3):
 PSYoungGen      total 74752K, used 6436K [0x00000000d5580000, 0x00000000dab00000, 0x0000000100000000)
  eden space 68096K, 0% used [0x00000000d5580000,0x00000000d5580000,0x00000000d9800000)
  from space 6656K, 96% used [0x00000000d9880000,0x00000000d9ec92a0,0x00000000d9f00000)
  to   space 9728K, 0% used [0x00000000da180000,0x00000000da180000,0x00000000dab00000)
 ParOldGen       total 215040K, used 97927K [0x0000000080000000, 0x000000008d200000, 0x00000000d5580000)
  object space 215040K, 45% used [0x0000000080000000,0x0000000085fa1e28,0x000000008d200000)
 Metaspace       used 94060K, capacity 97152K, committed 97408K, reserved 1134592K
  class space    used 11336K, capacity 11852K, committed 11904K, reserved 1048576K
}
{Heap before GC invocations=135 (full 3):
 PSYoungGen      total 74752K, used 74532K [0x00000000d5580000, 0x00000000dab00000, 0x0000000100000000)
  eden space 68096K, 100% used [0x00000000d5580000,0x00000000d9800000,0x00000000d9800000)
  from space 6656K, 96% used [0x00000000d9880000,0x00000000d9ec92a0,0x00000000d9f00000)
  to   space 9728K, 0% used [0x00000000da180000,0x00000000da180000,0x00000000dab00000)
 ParOldGen       total 215040K, used 97927K [0x0000000080000000, 0x000000008d200000, 0x00000000d5580000)
  object space 215040K, 45% used [0x0000000080000000,0x0000000085fa1e28,0x000000008d200000)
 Metaspace       used 94060K, capacity 97152K, committed 97408K, reserved 1134592K
  class space    used 11336K, capacity 11852K, committed 11904K, reserved 1048576K
2023-04-03T14:10:47.316+0600: 910719.399: [GC (Allocation Failure) [PSYoungGen: 74532K->5331K(76800K)] 172460K->103258K(291840K), 0.0183952 secs] [Times: user=0.03 sys=0.00, real=0.02 secs] 
Heap after GC invocations=135 (full 3):
 PSYoungGen      total 76800K, used 5331K [0x00000000d5580000, 0x00000000daa80000, 0x0000000100000000)
  eden space 67584K, 0% used [0x00000000d5580000,0x00000000d5580000,0x00000000d9780000)
  from space 9216K, 57% used [0x00000000da180000,0x00000000da6b4dc0,0x00000000daa80000)
  to   space 9728K, 0% used [0x00000000d9780000,0x00000000d9780000,0x00000000da100000)
 ParOldGen       total 215040K, used 97927K [0x0000000080000000, 0x000000008d200000, 0x00000000d5580000)
  object space 215040K, 45% used [0x0000000080000000,0x0000000085fa1e28,0x000000008d200000)
 Metaspace       used 94060K, capacity 97152K, committed 97408K, reserved 1134592K
  class space    used 11336K, capacity 11852K, committed 11904K, reserved 1048576K
}
{Heap before GC invocations=136 (full 3):
 PSYoungGen      total 76800K, used 72915K [0x00000000d5580000, 0x00000000daa80000, 0x0000000100000000)
  eden space 67584K, 100% used [0x00000000d5580000,0x00000000d9780000,0x00000000d9780000)
  from space 9216K, 57% used [0x00000000da180000,0x00000000da6b4dc0,0x00000000daa80000)
  to   space 9728K, 0% used [0x00000000d9780000,0x00000000d9780000,0x00000000da100000)
 ParOldGen       total 215040K, used 97927K [0x0000000080000000, 0x000000008d200000, 0x00000000d5580000)
  object space 215040K, 45% used [0x0000000080000000,0x0000000085fa1e28,0x000000008d200000)
 Metaspace       used 94063K, capacity 97152K, committed 97408K, reserved 1134592K
  class space    used 11337K, capacity 11852K, committed 11904K, reserved 1048576K
2023-04-03T14:38:56.765+0600: 912408.848: [GC (Allocation Failure) [PSYoungGen: 72915K->7222K(77312K)] 170842K->105173K(292352K), 0.0178839 secs] [Times: user=0.03 sys=0.00, real=0.02 secs] 
Heap after GC invocations=136 (full 3):
 PSYoungGen      total 77312K, used 7222K [0x00000000d5580000, 0x00000000daa80000, 0x0000000100000000)
  eden space 67584K, 0% used [0x00000000d5580000,0x00000000d5580000,0x00000000d9780000)
  from space 9728K, 74% used [0x00000000d9780000,0x00000000d9e8d930,0x00000000da100000)
  to   space 9728K, 0% used [0x00000000da100000,0x00000000da100000,0x00000000daa80000)
 ParOldGen       total 215040K, used 97951K [0x0000000080000000, 0x000000008d200000, 0x00000000d5580000)
  object space 215040K, 45% used [0x0000000080000000,0x0000000085fa7e28,0x000000008d200000)
 Metaspace       used 94063K, capacity 97152K, committed 97408K, reserved 1134592K
  class space    used 11337K, capacity 11852K, committed 11904K, reserved 1048576K
}
{Heap before GC invocations=137 (full 3):
 PSYoungGen      total 77312K, used 74806K [0x00000000d5580000, 0x00000000daa80000, 0x0000000100000000)
  eden space 67584K, 100% used [0x00000000d5580000,0x00000000d9780000,0x00000000d9780000)
  from space 9728K, 74% used [0x00000000d9780000,0x00000000d9e8d930,0x00000000da100000)
  to   space 9728K, 0% used [0x00000000da100000,0x00000000da100000,0x00000000daa80000)
 ParOldGen       total 215040K, used 97951K [0x0000000080000000, 0x000000008d200000, 0x00000000d5580000)
  object space 215040K, 45% used [0x0000000080000000,0x0000000085fa7e28,0x000000008d200000)
 Metaspace       used 94081K, capacity 97212K, committed 97408K, reserved 1134592K
  class space    used 11342K, capacity 11862K, committed 11904K, reserved 1048576K
2023-04-03T15:27:42.318+0600: 915334.401: [GC (Allocation Failure) [PSYoungGen: 74806K->6913K(76800K)] 172757K->104865K(291840K), 0.0216231 secs] [Times: user=0.03 sys=0.00, real=0.03 secs] 
Heap after GC invocations=137 (full 3):
 PSYoungGen      total 76800K, used 6913K [0x00000000d5580000, 0x00000000dab00000, 0x0000000100000000)
  eden space 67072K, 0% used [0x00000000d5580000,0x00000000d5580000,0x00000000d9700000)
  from space 9728K, 71% used [0x00000000da100000,0x00000000da7c0730,0x00000000daa80000)
  to   space 10240K, 0% used [0x00000000d9700000,0x00000000d9700000,0x00000000da100000)
 ParOldGen       total 215040K, used 97951K [0x0000000080000000, 0x000000008d200000, 0x00000000d5580000)
  object space 215040K, 45% used [0x0000000080000000,0x0000000085fa7e28,0x000000008d200000)
 Metaspace       used 94081K, capacity 97212K, committed 97408K, reserved 1134592K
  class space    used 11342K, capacity 11862K, committed 11904K, reserved 1048576K
}
{Heap before GC invocations=138 (full 3):
 PSYoungGen      total 76800K, used 73985K [0x00000000d5580000, 0x00000000dab00000, 0x0000000100000000)
  eden space 67072K, 100% used [0x00000000d5580000,0x00000000d9700000,0x00000000d9700000)
  from space 9728K, 71% used [0x00000000da100000,0x00000000da7c0730,0x00000000daa80000)
  to   space 10240K, 0% used [0x00000000d9700000,0x00000000d9700000,0x00000000da100000)
 ParOldGen       total 215040K, used 97951K [0x0000000080000000, 0x000000008d200000, 0x00000000d5580000)
  object space 215040K, 45% used [0x0000000080000000,0x0000000085fa7e28,0x000000008d200000)
 Metaspace       used 94084K, capacity 97212K, committed 97408K, reserved 1134592K
  class space    used 11342K, capacity 11862K, committed 11904K, reserved 1048576K
2023-04-03T16:22:50.952+0600: 918643.035: [GC (Allocation Failure) [PSYoungGen: 73985K->3872K(77312K)] 171937K->101823K(292352K), 0.0181301 secs] [Times: user=0.03 sys=0.00, real=0.02 secs] 
Heap after GC invocations=138 (full 3):
 PSYoungGen      total 77312K, used 3872K [0x00000000d5580000, 0x00000000daa80000, 0x0000000100000000)
  eden space 67072K, 0% used [0x00000000d5580000,0x00000000d5580000,0x00000000d9700000)
  from space 10240K, 37% used [0x00000000d9700000,0x00000000d9ac8020,0x00000000da100000)
  to   space 9728K, 0% used [0x00000000da100000,0x00000000da100000,0x00000000daa80000)
 ParOldGen       total 215040K, used 97951K [0x0000000080000000, 0x000000008d200000, 0x00000000d5580000)
  object space 215040K, 45% used [0x0000000080000000,0x0000000085fa7e28,0x000000008d200000)
 Metaspace       used 94084K, capacity 97212K, committed 97408K, reserved 1134592K
  class space    used 11342K, capacity 11862K, committed 11904K, reserved 1048576K
}
{Heap before GC invocations=139 (full 3):
 PSYoungGen      total 77312K, used 70944K [0x00000000d5580000, 0x00000000daa80000, 0x0000000100000000)
  eden space 67072K, 100% used [0x00000000d5580000,0x00000000d9700000,0x00000000d9700000)
  from space 10240K, 37% used [0x00000000d9700000,0x00000000d9ac8020,0x00000000da100000)
  to   space 9728K, 0% used [0x00000000da100000,0x00000000da100000,0x00000000daa80000)
 ParOldGen       total 215040K, used 97951K [0x0000000080000000, 0x000000008d200000, 0x00000000d5580000)
  object space 215040K, 45% used [0x0000000080000000,0x0000000085fa7e28,0x000000008d200000)
 Metaspace       used 94084K, capacity 97212K, committed 97408K, reserved 1134592K
  class space    used 11342K, capacity 11862K, committed 11904K, reserved 1048576K
2023-04-03T17:22:27.243+0600: 922219.326: [GC (Allocation Failure) [PSYoungGen: 70944K->3456K(77312K)] 168895K->101407K(292352K), 0.0154402 secs] [Times: user=0.03 sys=0.00, real=0.01 secs] 
Heap after GC invocations=139 (full 3):
 PSYoungGen      total 77312K, used 3456K [0x00000000d5580000, 0x00000000daa80000, 0x0000000100000000)
  eden space 67584K, 0% used [0x00000000d5580000,0x00000000d5580000,0x00000000d9780000)
  from space 9728K, 35% used [0x00000000da100000,0x00000000da460010,0x00000000daa80000)
  to   space 9728K, 0% used [0x00000000d9780000,0x00000000d9780000,0x00000000da100000)
 ParOldGen       total 215040K, used 97951K [0x0000000080000000, 0x000000008d200000, 0x00000000d5580000)
  object space 215040K, 45% used [0x0000000080000000,0x0000000085fa7e28,0x000000008d200000)
 Metaspace       used 94084K, capacity 97212K, committed 97408K, reserved 1134592K
  class space    used 11342K, capacity 11862K, committed 11904K, reserved 1048576K
}
{Heap before GC invocations=140 (full 3):
 PSYoungGen      total 77312K, used 71040K [0x00000000d5580000, 0x00000000daa80000, 0x0000000100000000)
  eden space 67584K, 100% used [0x00000000d5580000,0x00000000d9780000,0x00000000d9780000)
  from space 9728K, 35% used [0x00000000da100000,0x00000000da460010,0x00000000daa80000)
  to   space 9728K, 0% used [0x00000000d9780000,0x00000000d9780000,0x00000000da100000)
 ParOldGen       total 215040K, used 97951K [0x0000000080000000, 0x000000008d200000, 0x00000000d5580000)
  object space 215040K, 45% used [0x0000000080000000,0x0000000085fa7e28,0x000000008d200000)
 Metaspace       used 94094K, capacity 97218K, committed 97408K, reserved 1134592K
  class space    used 11343K, capacity 11863K, committed 11904K, reserved 1048576K
2023-04-03T18:20:00.728+0600: 925672.811: [GC (Allocation Failure) [PSYoungGen: 71040K->4178K(77312K)] 168991K->102129K(292352K), 0.0155005 secs] [Times: user=0.02 sys=0.00, real=0.02 secs] 
Heap after GC invocations=140 (full 3):
 PSYoungGen      total 77312K, used 4178K [0x00000000d5580000, 0x00000000daa80000, 0x0000000100000000)
  eden space 67584K, 0% used [0x00000000d5580000,0x00000000d5580000,0x00000000d9780000)
  from space 9728K, 42% used [0x00000000d9780000,0x00000000d9b94920,0x00000000da100000)
  to   space 9216K, 0% used [0x00000000da180000,0x00000000da180000,0x00000000daa80000)
 ParOldGen       total 215040K, used 97951K [0x0000000080000000, 0x000000008d200000, 0x00000000d5580000)
  object space 215040K, 45% used [0x0000000080000000,0x0000000085fa7e28,0x000000008d200000)
 Metaspace       used 94094K, capacity 97218K, committed 97408K, reserved 1134592K
  class space    used 11343K, capacity 11863K, committed 11904K, reserved 1048576K
}
{Heap before GC invocations=141 (full 3):
 PSYoungGen      total 77312K, used 71762K [0x00000000d5580000, 0x00000000daa80000, 0x0000000100000000)
  eden space 67584K, 100% used [0x00000000d5580000,0x00000000d9780000,0x00000000d9780000)
  from space 9728K, 42% used [0x00000000d9780000,0x00000000d9b94920,0x00000000da100000)
  to   space 9216K, 0% used [0x00000000da180000,0x00000000da180000,0x00000000daa80000)
 ParOldGen       total 215040K, used 97951K [0x0000000080000000, 0x000000008d200000, 0x00000000d5580000)
  object space 215040K, 45% used [0x0000000080000000,0x0000000085fa7e28,0x000000008d200000)
 Metaspace       used 94096K, capacity 97282K, committed 97408K, reserved 1134592K
  class space    used 11343K, capacity 11863K, committed 11904K, reserved 1048576K
2023-04-03T19:20:46.837+0600: 929318.920: [GC (Allocation Failure) [PSYoungGen: 71762K->3328K(77824K)] 169713K->101279K(292864K), 0.0141211 secs] [Times: user=0.03 sys=0.00, real=0.02 secs] 
Heap after GC invocations=141 (full 3):
 PSYoungGen      total 77824K, used 3328K [0x00000000d5580000, 0x00000000daa80000, 0x0000000100000000)
  eden space 68608K, 0% used [0x00000000d5580000,0x00000000d5580000,0x00000000d9880000)
  from space 9216K, 36% used [0x00000000da180000,0x00000000da4c0000,0x00000000daa80000)
  to   space 9216K, 0% used [0x00000000d9880000,0x00000000d9880000,0x00000000da180000)
 ParOldGen       total 215040K, used 97951K [0x0000000080000000, 0x000000008d200000, 0x00000000d5580000)
  object space 215040K, 45% used [0x0000000080000000,0x0000000085fa7e28,0x000000008d200000)
 Metaspace       used 94096K, capacity 97282K, committed 97408K, reserved 1134592K
  class space    used 11343K, capacity 11863K, committed 11904K, reserved 1048576K
}
{Heap before GC invocations=142 (full 3):
 PSYoungGen      total 77824K, used 71936K [0x00000000d5580000, 0x00000000daa80000, 0x0000000100000000)
  eden space 68608K, 100% used [0x00000000d5580000,0x00000000d9880000,0x00000000d9880000)
  from space 9216K, 36% used [0x00000000da180000,0x00000000da4c0000,0x00000000daa80000)
  to   space 9216K, 0% used [0x00000000d9880000,0x00000000d9880000,0x00000000da180000)
 ParOldGen       total 215040K, used 97951K [0x0000000080000000, 0x000000008d200000, 0x00000000d5580000)
  object space 215040K, 45% used [0x0000000080000000,0x0000000085fa7e28,0x000000008d200000)
 Metaspace       used 94098K, capacity 97282K, committed 97408K, reserved 1134592K
  class space    used 11343K, capacity 11863K, committed 11904K, reserved 1048576K
2023-04-03T20:18:33.190+0600: 932785.273: [GC (Allocation Failure) [PSYoungGen: 71936K->3841K(77824K)] 169887K->101793K(292864K), 0.0192232 secs] [Times: user=0.04 sys=0.00, real=0.02 secs] 
Heap after GC invocations=142 (full 3):
 PSYoungGen      total 77824K, used 3841K [0x00000000d5580000, 0x00000000daa80000, 0x0000000100000000)
  eden space 68608K, 0% used [0x00000000d5580000,0x00000000d5580000,0x00000000d9880000)
  from space 9216K, 41% used [0x00000000d9880000,0x00000000d9c406c0,0x00000000da180000)
  to   space 9216K, 0% used [0x00000000da180000,0x00000000da180000,0x00000000daa80000)
 ParOldGen       total 215040K, used 97951K [0x0000000080000000, 0x000000008d200000, 0x00000000d5580000)
  object space 215040K, 45% used [0x0000000080000000,0x0000000085fa7e28,0x000000008d200000)
 Metaspace       used 94098K, capacity 97282K, committed 97408K, reserved 1134592K
  class space    used 11343K, capacity 11863K, committed 11904K, reserved 1048576K
}
{Heap before GC invocations=143 (full 3):
 PSYoungGen      total 77824K, used 72449K [0x00000000d5580000, 0x00000000daa80000, 0x0000000100000000)
  eden space 68608K, 100% used [0x00000000d5580000,0x00000000d9880000,0x00000000d9880000)
  from space 9216K, 41% used [0x00000000d9880000,0x00000000d9c406c0,0x00000000da180000)
  to   space 9216K, 0% used [0x00000000da180000,0x00000000da180000,0x00000000daa80000)
 ParOldGen       total 215040K, used 97951K [0x0000000080000000, 0x000000008d200000, 0x00000000d5580000)
  object space 215040K, 45% used [0x0000000080000000,0x0000000085fa7e28,0x000000008d200000)
 Metaspace       used 94115K, capacity 97306K, committed 97408K, reserved 1134592K
  class space    used 11345K, capacity 11867K, committed 11904K, reserved 1048576K
2023-04-03T20:55:26.008+0600: 934998.090: [GC (Allocation Failure) [PSYoungGen: 72449K->5045K(78336K)] 170401K->103005K(293376K), 0.0176159 secs] [Times: user=0.03 sys=0.00, real=0.02 secs] 
Heap after GC invocations=143 (full 3):
 PSYoungGen      total 78336K, used 5045K [0x00000000d5580000, 0x00000000daa80000, 0x0000000100000000)
  eden space 69120K, 0% used [0x00000000d5580000,0x00000000d5580000,0x00000000d9900000)
  from space 9216K, 54% used [0x00000000da180000,0x00000000da66d690,0x00000000daa80000)
  to   space 8704K, 0% used [0x00000000d9900000,0x00000000d9900000,0x00000000da180000)
 ParOldGen       total 215040K, used 97959K [0x0000000080000000, 0x000000008d200000, 0x00000000d5580000)
  object space 215040K, 45% used [0x0000000080000000,0x0000000085fa9e28,0x000000008d200000)
 Metaspace       used 94115K, capacity 97306K, committed 97408K, reserved 1134592K
  class space    used 11345K, capacity 11867K, committed 11904K, reserved 1048576K
}
{Heap before GC invocations=144 (full 3):
 PSYoungGen      total 78336K, used 74165K [0x00000000d5580000, 0x00000000daa80000, 0x0000000100000000)
  eden space 69120K, 100% used [0x00000000d5580000,0x00000000d9900000,0x00000000d9900000)
  from space 9216K, 54% used [0x00000000da180000,0x00000000da66d690,0x00000000daa80000)
  to   space 8704K, 0% used [0x00000000d9900000,0x00000000d9900000,0x00000000da180000)
 ParOldGen       total 215040K, used 97959K [0x0000000080000000, 0x000000008d200000, 0x00000000d5580000)
  object space 215040K, 45% used [0x0000000080000000,0x0000000085fa9e28,0x000000008d200000)
 Metaspace       used 94116K, capacity 97306K, committed 97408K, reserved 1134592K
  class space    used 11345K, capacity 11867K, committed 11904K, reserved 1048576K
2023-04-03T21:57:02.850+0600: 938694.933: [GC (Allocation Failure) [PSYoungGen: 74165K->3362K(77824K)] 172125K->101370K(292864K), 0.0150205 secs] [Times: user=0.02 sys=0.00, real=0.01 secs] 
Heap after GC invocations=144 (full 3):
 PSYoungGen      total 77824K, used 3362K [0x00000000d5580000, 0x00000000daa80000, 0x0000000100000000)
  eden space 69120K, 0% used [0x00000000d5580000,0x00000000d5580000,0x00000000d9900000)
  from space 8704K, 38% used [0x00000000d9900000,0x00000000d9c48a58,0x00000000da180000)
  to   space 8704K, 0% used [0x00000000da200000,0x00000000da200000,0x00000000daa80000)
 ParOldGen       total 215040K, used 98007K [0x0000000080000000, 0x000000008d200000, 0x00000000d5580000)
  object space 215040K, 45% used [0x0000000080000000,0x0000000085fb5e28,0x000000008d200000)
 Metaspace       used 94116K, capacity 97306K, committed 97408K, reserved 1134592K
  class space    used 11345K, capacity 11867K, committed 11904K, reserved 1048576K
}
{Heap before GC invocations=145 (full 3):
 PSYoungGen      total 77824K, used 72482K [0x00000000d5580000, 0x00000000daa80000, 0x0000000100000000)
  eden space 69120K, 100% used [0x00000000d5580000,0x00000000d9900000,0x00000000d9900000)
  from space 8704K, 38% used [0x00000000d9900000,0x00000000d9c48a58,0x00000000da180000)
  to   space 8704K, 0% used [0x00000000da200000,0x00000000da200000,0x00000000daa80000)
 ParOldGen       total 215040K, used 98007K [0x0000000080000000, 0x000000008d200000, 0x00000000d5580000)
  object space 215040K, 45% used [0x0000000080000000,0x0000000085fb5e28,0x000000008d200000)
 Metaspace       used 94117K, capacity 97306K, committed 97408K, reserved 1134592K
  class space    used 11345K, capacity 11867K, committed 11904K, reserved 1048576K
2023-04-03T23:00:43.504+0600: 942515.587: [GC (Allocation Failure) [PSYoungGen: 72482K->3266K(78848K)] 170490K->101346K(293888K), 0.0167786 secs] [Times: user=0.03 sys=0.00, real=0.02 secs] 
Heap after GC invocations=145 (full 3):
 PSYoungGen      total 78848K, used 3266K [0x00000000d5580000, 0x00000000daa80000, 0x0000000100000000)
  eden space 70144K, 0% used [0x00000000d5580000,0x00000000d5580000,0x00000000d9a00000)
  from space 8704K, 37% used [0x00000000da200000,0x00000000da530a58,0x00000000daa80000)
  to   space 8192K, 0% used [0x00000000d9a00000,0x00000000d9a00000,0x00000000da200000)
 ParOldGen       total 215040K, used 98079K [0x0000000080000000, 0x000000008d200000, 0x00000000d5580000)
  object space 215040K, 45% used [0x0000000080000000,0x0000000085fc7e28,0x000000008d200000)
 Metaspace       used 94117K, capacity 97306K, committed 97408K, reserved 1134592K
  class space    used 11345K, capacity 11867K, committed 11904K, reserved 1048576K
}
{Heap before GC invocations=146 (full 3):
 PSYoungGen      total 78848K, used 73410K [0x00000000d5580000, 0x00000000daa80000, 0x0000000100000000)
  eden space 70144K, 100% used [0x00000000d5580000,0x00000000d9a00000,0x00000000d9a00000)
  from space 8704K, 37% used [0x00000000da200000,0x00000000da530a58,0x00000000daa80000)
  to   space 8192K, 0% used [0x00000000d9a00000,0x00000000d9a00000,0x00000000da200000)
 ParOldGen       total 215040K, used 98079K [0x0000000080000000, 0x000000008d200000, 0x00000000d5580000)
  object space 215040K, 45% used [0x0000000080000000,0x0000000085fc7e28,0x000000008d200000)
 Metaspace       used 94118K, capacity 97306K, committed 97408K, reserved 1134592K
  class space    used 11345K, capacity 11867K, committed 11904K, reserved 1048576K
2023-04-03T23:52:06.659+0600: 945598.742: [GC (Allocation Failure) [PSYoungGen: 73410K->5045K(78336K)] 171490K->103157K(293376K), 0.0183465 secs] [Times: user=0.03 sys=0.00, real=0.01 secs] 
Heap after GC invocations=146 (full 3):
 PSYoungGen      total 78336K, used 5045K [0x00000000d5580000, 0x00000000daa80000, 0x0000000100000000)
  eden space 70144K, 0% used [0x00000000d5580000,0x00000000d5580000,0x00000000d9a00000)
  from space 8192K, 61% used [0x00000000d9a00000,0x00000000d9eed5d8,0x00000000da200000)
  to   space 8192K, 0% used [0x00000000da280000,0x00000000da280000,0x00000000daa80000)
 ParOldGen       total 215040K, used 98111K [0x0000000080000000, 0x000000008d200000, 0x00000000d5580000)
  object space 215040K, 45% used [0x0000000080000000,0x0000000085fcfe28,0x000000008d200000)
 Metaspace       used 94118K, capacity 97306K, committed 97408K, reserved 1134592K
  class space    used 11345K, capacity 11867K, committed 11904K, reserved 1048576K
}
{Heap before GC invocations=147 (full 3):
 PSYoungGen      total 78336K, used 75189K [0x00000000d5580000, 0x00000000daa80000, 0x0000000100000000)
  eden space 70144K, 100% used [0x00000000d5580000,0x00000000d9a00000,0x00000000d9a00000)
  from space 8192K, 61% used [0x00000000d9a00000,0x00000000d9eed5d8,0x00000000da200000)
  to   space 8192K, 0% used [0x00000000da280000,0x00000000da280000,0x00000000daa80000)
 ParOldGen       total 215040K, used 98111K [0x0000000080000000, 0x000000008d200000, 0x00000000d5580000)
  object space 215040K, 45% used [0x0000000080000000,0x0000000085fcfe28,0x000000008d200000)
 Metaspace       used 94118K, capacity 97306K, committed 97408K, reserved 1134592K
  class space    used 11345K, capacity 11867K, committed 11904K, reserved 1048576K
2023-04-04T00:46:03.989+0600: 948836.072: [GC (Allocation Failure) [PSYoungGen: 75189K->4690K(78848K)] 173301K->102905K(293888K), 0.0200728 secs] [Times: user=0.04 sys=0.00, real=0.02 secs] 
Heap after GC invocations=147 (full 3):
 PSYoungGen      total 78848K, used 4690K [0x00000000d5580000, 0x00000000daa80000, 0x0000000100000000)
  eden space 70656K, 0% used [0x00000000d5580000,0x00000000d5580000,0x00000000d9a80000)
  from space 8192K, 57% used [0x00000000da280000,0x00000000da714950,0x00000000daa80000)
  to   space 8192K, 0% used [0x00000000d9a80000,0x00000000d9a80000,0x00000000da280000)
 ParOldGen       total 215040K, used 98215K [0x0000000080000000, 0x000000008d200000, 0x00000000d5580000)
  object space 215040K, 45% used [0x0000000080000000,0x0000000085fe9e28,0x000000008d200000)
 Metaspace       used 94118K, capacity 97306K, committed 97408K, reserved 1134592K
  class space    used 11345K, capacity 11867K, committed 11904K, reserved 1048576K
}
{Heap before GC invocations=148 (full 3):
 PSYoungGen      total 78848K, used 75346K [0x00000000d5580000, 0x00000000daa80000, 0x0000000100000000)
  eden space 70656K, 100% used [0x00000000d5580000,0x00000000d9a80000,0x00000000d9a80000)
  from space 8192K, 57% used [0x00000000da280000,0x00000000da714950,0x00000000daa80000)
  to   space 8192K, 0% used [0x00000000d9a80000,0x00000000d9a80000,0x00000000da280000)
 ParOldGen       total 215040K, used 98215K [0x0000000080000000, 0x000000008d200000, 0x00000000d5580000)
  object space 215040K, 45% used [0x0000000080000000,0x0000000085fe9e28,0x000000008d200000)
 Metaspace       used 94118K, capacity 97306K, committed 97408K, reserved 1134592K
  class space    used 11345K, capacity 11867K, committed 11904K, reserved 1048576K
2023-04-04T01:47:26.769+0600: 952518.851: [GC (Allocation Failure) [PSYoungGen: 75346K->3601K(78848K)] 173561K->101904K(293888K), 0.0164262 secs] [Times: user=0.03 sys=0.00, real=0.02 secs] 
Heap after GC invocations=148 (full 3):
 PSYoungGen      total 78848K, used 3601K [0x00000000d5580000, 0x00000000daa80000, 0x0000000100000000)
  eden space 70656K, 0% used [0x00000000d5580000,0x00000000d5580000,0x00000000d9a80000)
  from space 8192K, 43% used [0x00000000d9a80000,0x00000000d9e045c8,0x00000000da280000)
  to   space 7680K, 0% used [0x00000000da300000,0x00000000da300000,0x00000000daa80000)
 ParOldGen       total 215040K, used 98303K [0x0000000080000000, 0x000000008d200000, 0x00000000d5580000)
  object space 215040K, 45% used [0x0000000080000000,0x0000000085fffe28,0x000000008d200000)
 Metaspace       used 94118K, capacity 97306K, committed 97408K, reserved 1134592K
  class space    used 11345K, capacity 11867K, committed 11904K, reserved 1048576K
}
{Heap before GC invocations=149 (full 3):
 PSYoungGen      total 78848K, used 74257K [0x00000000d5580000, 0x00000000daa80000, 0x0000000100000000)
  eden space 70656K, 100% used [0x00000000d5580000,0x00000000d9a80000,0x00000000d9a80000)
  from space 8192K, 43% used [0x00000000d9a80000,0x00000000d9e045c8,0x00000000da280000)
  to   space 7680K, 0% used [0x00000000da300000,0x00000000da300000,0x00000000daa80000)
 ParOldGen       total 215040K, used 98303K [0x0000000080000000, 0x000000008d200000, 0x00000000d5580000)
  object space 215040K, 45% used [0x0000000080000000,0x0000000085fffe28,0x000000008d200000)
 Metaspace       used 94118K, capacity 97306K, committed 97408K, reserved 1134592K
  class space    used 11345K, capacity 11867K, committed 11904K, reserved 1048576K
2023-04-04T02:51:51.666+0600: 956383.749: [GC (Allocation Failure) [PSYoungGen: 74257K->3025K(79360K)] 172560K->101408K(294400K), 0.0180825 secs] [Times: user=0.04 sys=0.00, real=0.02 secs] 
Heap after GC invocations=149 (full 3):
 PSYoungGen      total 79360K, used 3025K [0x00000000d5580000, 0x00000000daa80000, 0x0000000100000000)
  eden space 71680K, 0% used [0x00000000d5580000,0x00000000d5580000,0x00000000d9b80000)
  from space 7680K, 39% used [0x00000000da300000,0x00000000da5f4598,0x00000000daa80000)
  to   space 7680K, 0% used [0x00000000d9b80000,0x00000000d9b80000,0x00000000da300000)
 ParOldGen       total 215040K, used 98383K [0x0000000080000000, 0x000000008d200000, 0x00000000d5580000)
  object space 215040K, 45% used [0x0000000080000000,0x0000000086013e28,0x000000008d200000)
 Metaspace       used 94118K, capacity 97306K, committed 97408K, reserved 1134592K
  class space    used 11345K, capacity 11867K, committed 11904K, reserved 1048576K
}
{Heap before GC invocations=150 (full 3):
 PSYoungGen      total 79360K, used 74705K [0x00000000d5580000, 0x00000000daa80000, 0x0000000100000000)
  eden space 71680K, 100% used [0x00000000d5580000,0x00000000d9b80000,0x00000000d9b80000)
  from space 7680K, 39% used [0x00000000da300000,0x00000000da5f4598,0x00000000daa80000)
  to   space 7680K, 0% used [0x00000000d9b80000,0x00000000d9b80000,0x00000000da300000)
 ParOldGen       total 215040K, used 98383K [0x0000000080000000, 0x000000008d200000, 0x00000000d5580000)
  object space 215040K, 45% used [0x0000000080000000,0x0000000086013e28,0x000000008d200000)
 Metaspace       used 94118K, capacity 97306K, committed 97408K, reserved 1134592K
  class space    used 11345K, capacity 11867K, committed 11904K, reserved 1048576K
2023-04-04T03:55:33.478+0600: 960205.561: [GC (Allocation Failure) [PSYoungGen: 74705K->2961K(79360K)] 173088K->101418K(294400K), 0.0156805 secs] [Times: user=0.03 sys=0.00, real=0.02 secs] 
Heap after GC invocations=150 (full 3):
 PSYoungGen      total 79360K, used 2961K [0x00000000d5580000, 0x00000000daa80000, 0x0000000100000000)
  eden space 71680K, 0% used [0x00000000d5580000,0x00000000d5580000,0x00000000d9b80000)
  from space 7680K, 38% used [0x00000000d9b80000,0x00000000d9e64598,0x00000000da300000)
  to   space 7680K, 0% used [0x00000000da300000,0x00000000da300000,0x00000000daa80000)
 ParOldGen       total 215040K, used 98457K [0x0000000080000000, 0x000000008d200000, 0x00000000d5580000)
  object space 215040K, 45% used [0x0000000080000000,0x0000000086026548,0x000000008d200000)
 Metaspace       used 94118K, capacity 97306K, committed 97408K, reserved 1134592K
  class space    used 11345K, capacity 11867K, committed 11904K, reserved 1048576K
}
{Heap before GC invocations=151 (full 3):
 PSYoungGen      total 79360K, used 74641K [0x00000000d5580000, 0x00000000daa80000, 0x0000000100000000)
  eden space 71680K, 100% used [0x00000000d5580000,0x00000000d9b80000,0x00000000d9b80000)
  from space 7680K, 38% used [0x00000000d9b80000,0x00000000d9e64598,0x00000000da300000)
  to   space 7680K, 0% used [0x00000000da300000,0x00000000da300000,0x00000000daa80000)
 ParOldGen       total 215040K, used 98457K [0x0000000080000000, 0x000000008d200000, 0x00000000d5580000)
  object space 215040K, 45% used [0x0000000080000000,0x0000000086026548,0x000000008d200000)
 Metaspace       used 94118K, capacity 97306K, committed 97408K, reserved 1134592K
  class space    used 11345K, capacity 11867K, committed 11904K, reserved 1048576K
2023-04-04T05:00:56.700+0600: 964128.783: [GC (Allocation Failure) [PSYoungGen: 74641K->2801K(79360K)] 173098K->101438K(294400K), 0.0170527 secs] [Times: user=0.03 sys=0.00, real=0.01 secs] 
Heap after GC invocations=151 (full 3):
 PSYoungGen      total 79360K, used 2801K [0x00000000d5580000, 0x00000000daa80000, 0x0000000100000000)
  eden space 71680K, 0% used [0x00000000d5580000,0x00000000d5580000,0x00000000d9b80000)
  from space 7680K, 36% used [0x00000000da300000,0x00000000da5bc598,0x00000000daa80000)
  to   space 7680K, 0% used [0x00000000d9b80000,0x00000000d9b80000,0x00000000da300000)
 ParOldGen       total 215040K, used 98636K [0x0000000080000000, 0x000000008d200000, 0x00000000d5580000)
  object space 215040K, 45% used [0x0000000080000000,0x0000000086053398,0x000000008d200000)
 Metaspace       used 94118K, capacity 97306K, committed 97408K, reserved 1134592K
  class space    used 11345K, capacity 11867K, committed 11904K, reserved 1048576K
}
{Heap before GC invocations=152 (full 3):
 PSYoungGen      total 79360K, used 74481K [0x00000000d5580000, 0x00000000daa80000, 0x0000000100000000)
  eden space 71680K, 100% used [0x00000000d5580000,0x00000000d9b80000,0x00000000d9b80000)
  from space 7680K, 36% used [0x00000000da300000,0x00000000da5bc598,0x00000000daa80000)
  to   space 7680K, 0% used [0x00000000d9b80000,0x00000000d9b80000,0x00000000da300000)
 ParOldGen       total 215040K, used 98636K [0x0000000080000000, 0x000000008d200000, 0x00000000d5580000)
  object space 215040K, 45% used [0x0000000080000000,0x0000000086053398,0x000000008d200000)
 Metaspace       used 94118K, capacity 97306K, committed 97408K, reserved 1134592K
  class space    used 11345K, capacity 11867K, committed 11904K, reserved 1048576K
2023-04-04T06:10:37.624+0600: 968309.707: [GC (Allocation Failure) [PSYoungGen: 74481K->2705K(79360K)] 173118K->101440K(294400K), 0.0164345 secs] [Times: user=0.03 sys=0.00, real=0.02 secs] 
Heap after GC invocations=152 (full 3):
 PSYoungGen      total 79360K, used 2705K [0x00000000d5580000, 0x00000000daa80000, 0x0000000100000000)
  eden space 71680K, 0% used [0x00000000d5580000,0x00000000d5580000,0x00000000d9b80000)
  from space 7680K, 35% used [0x00000000d9b80000,0x00000000d9e24598,0x00000000da300000)
  to   space 7680K, 0% used [0x00000000da300000,0x00000000da300000,0x00000000daa80000)
 ParOldGen       total 215040K, used 98734K [0x0000000080000000, 0x000000008d200000, 0x00000000d5580000)
  object space 215040K, 45% used [0x0000000080000000,0x000000008606bab8,0x000000008d200000)
 Metaspace       used 94118K, capacity 97306K, committed 97408K, reserved 1134592K
  class space    used 11345K, capacity 11867K, committed 11904K, reserved 1048576K
}
{Heap before GC invocations=153 (full 3):
 PSYoungGen      total 79360K, used 74385K [0x00000000d5580000, 0x00000000daa80000, 0x0000000100000000)
  eden space 71680K, 100% used [0x00000000d5580000,0x00000000d9b80000,0x00000000d9b80000)
  from space 7680K, 35% used [0x00000000d9b80000,0x00000000d9e24598,0x00000000da300000)
  to   space 7680K, 0% used [0x00000000da300000,0x00000000da300000,0x00000000daa80000)
 ParOldGen       total 215040K, used 98734K [0x0000000080000000, 0x000000008d200000, 0x00000000d5580000)
  object space 215040K, 45% used [0x0000000080000000,0x000000008606bab8,0x000000008d200000)
 Metaspace       used 94118K, capacity 97306K, committed 97408K, reserved 1134592K
  class space    used 11345K, capacity 11867K, committed 11904K, reserved 1048576K
2023-04-04T07:15:38.734+0600: 972210.816: [GC (Allocation Failure) [PSYoungGen: 74385K->2641K(79872K)] 173120K->101456K(294912K), 0.0154084 secs] [Times: user=0.03 sys=0.00, real=0.02 secs] 
Heap after GC invocations=153 (full 3):
 PSYoungGen      total 79872K, used 2641K [0x00000000d5580000, 0x00000000daa80000, 0x0000000100000000)
  eden space 72192K, 0% used [0x00000000d5580000,0x00000000d5580000,0x00000000d9c00000)
  from space 7680K, 34% used [0x00000000da300000,0x00000000da594598,0x00000000daa80000)
  to   space 7168K, 0% used [0x00000000d9c00000,0x00000000d9c00000,0x00000000da300000)
 ParOldGen       total 215040K, used 98814K [0x0000000080000000, 0x000000008d200000, 0x00000000d5580000)
  object space 215040K, 45% used [0x0000000080000000,0x000000008607fae8,0x000000008d200000)
 Metaspace       used 94118K, capacity 97306K, committed 97408K, reserved 1134592K
  class space    used 11345K, capacity 11867K, committed 11904K, reserved 1048576K
}
{Heap before GC invocations=154 (full 3):
 PSYoungGen      total 79872K, used 74832K [0x00000000d5580000, 0x00000000daa80000, 0x0000000100000000)
  eden space 72192K, 99% used [0x00000000d5580000,0x00000000d9bffc88,0x00000000d9c00000)
  from space 7680K, 34% used [0x00000000da300000,0x00000000da594598,0x00000000daa80000)
  to   space 7168K, 0% used [0x00000000d9c00000,0x00000000d9c00000,0x00000000da300000)
 ParOldGen       total 215040K, used 98814K [0x0000000080000000, 0x000000008d200000, 0x00000000d5580000)
  object space 215040K, 45% used [0x0000000080000000,0x000000008607fae8,0x000000008d200000)
 Metaspace       used 94118K, capacity 97306K, committed 97408K, reserved 1134592K
  class space    used 11345K, capacity 11867K, committed 11904K, reserved 1048576K
2023-04-04T08:19:35.445+0600: 976047.528: [GC (Allocation Failure) [PSYoungGen: 74832K->2641K(79360K)] 173647K->101472K(294400K), 0.0151657 secs] [Times: user=0.02 sys=0.00, real=0.02 secs] 
Heap after GC invocations=154 (full 3):
 PSYoungGen      total 79360K, used 2641K [0x00000000d5580000, 0x00000000daa80000, 0x0000000100000000)
  eden space 72192K, 0% used [0x00000000d5580000,0x00000000d5580000,0x00000000d9c00000)
  from space 7168K, 36% used [0x00000000d9c00000,0x00000000d9e94598,0x00000000da300000)
  to   space 7168K, 0% used [0x00000000da380000,0x00000000da380000,0x00000000daa80000)
 ParOldGen       total 215040K, used 98830K [0x0000000080000000, 0x000000008d200000, 0x00000000d5580000)
  object space 215040K, 45% used [0x0000000080000000,0x0000000086083ae8,0x000000008d200000)
 Metaspace       used 94118K, capacity 97306K, committed 97408K, reserved 1134592K
  class space    used 11345K, capacity 11867K, committed 11904K, reserved 1048576K
}
{Heap before GC invocations=155 (full 3):
 PSYoungGen      total 79360K, used 74833K [0x00000000d5580000, 0x00000000daa80000, 0x0000000100000000)
  eden space 72192K, 100% used [0x00000000d5580000,0x00000000d9c00000,0x00000000d9c00000)
  from space 7168K, 36% used [0x00000000d9c00000,0x00000000d9e94598,0x00000000da300000)
  to   space 7168K, 0% used [0x00000000da380000,0x00000000da380000,0x00000000daa80000)
 ParOldGen       total 215040K, used 98830K [0x0000000080000000, 0x000000008d200000, 0x00000000d5580000)
  object space 215040K, 45% used [0x0000000080000000,0x0000000086083ae8,0x000000008d200000)
 Metaspace       used 94120K, capacity 97306K, committed 97408K, reserved 1134592K
  class space    used 11345K, capacity 11867K, committed 11904K, reserved 1048576K
2023-04-04T09:24:06.599+0600: 979918.682: [GC (Allocation Failure) [PSYoungGen: 74833K->2626K(79872K)] 173664K->101499K(294912K), 0.0132068 secs] [Times: user=0.02 sys=0.00, real=0.01 secs] 
Heap after GC invocations=155 (full 3):
 PSYoungGen      total 79872K, used 2626K [0x00000000d5580000, 0x00000000daa80000, 0x0000000100000000)
  eden space 72704K, 0% used [0x00000000d5580000,0x00000000d5580000,0x00000000d9c80000)
  from space 7168K, 36% used [0x00000000da380000,0x00000000da610a58,0x00000000daa80000)
  to   space 7168K, 0% used [0x00000000d9c80000,0x00000000d9c80000,0x00000000da380000)
 ParOldGen       total 215040K, used 98872K [0x0000000080000000, 0x000000008d200000, 0x00000000d5580000)
  object space 215040K, 45% used [0x0000000080000000,0x000000008608e1f8,0x000000008d200000)
 Metaspace       used 94120K, capacity 97306K, committed 97408K, reserved 1134592K
  class space    used 11345K, capacity 11867K, committed 11904K, reserved 1048576K
}
{Heap before GC invocations=156 (full 3):
 PSYoungGen      total 79872K, used 75330K [0x00000000d5580000, 0x00000000daa80000, 0x0000000100000000)
  eden space 72704K, 100% used [0x00000000d5580000,0x00000000d9c80000,0x00000000d9c80000)
  from space 7168K, 36% used [0x00000000da380000,0x00000000da610a58,0x00000000daa80000)
  to   space 7168K, 0% used [0x00000000d9c80000,0x00000000d9c80000,0x00000000da380000)
 ParOldGen       total 215040K, used 98872K [0x0000000080000000, 0x000000008d200000, 0x00000000d5580000)
  object space 215040K, 45% used [0x0000000080000000,0x000000008608e1f8,0x000000008d200000)
 Metaspace       used 94120K, capacity 97306K, committed 97408K, reserved 1134592K
  class space    used 11345K, capacity 11867K, committed 11904K, reserved 1048576K
2023-04-04T10:19:47.381+0600: 983259.463: [GC (Allocation Failure) [PSYoungGen: 75330K->4468K(79872K)] 174203K->103340K(294912K), 0.0143227 secs] [Times: user=0.03 sys=0.00, real=0.01 secs] 
Heap after GC invocations=156 (full 3):
 PSYoungGen      total 79872K, used 4468K [0x00000000d5580000, 0x00000000daa80000, 0x0000000100000000)
  eden space 72704K, 0% used [0x00000000d5580000,0x00000000d5580000,0x00000000d9c80000)
  from space 7168K, 62% used [0x00000000d9c80000,0x00000000da0dd138,0x00000000da380000)
  to   space 7168K, 0% used [0x00000000da380000,0x00000000da380000,0x00000000daa80000)
 ParOldGen       total 215040K, used 98872K [0x0000000080000000, 0x000000008d200000, 0x00000000d5580000)
  object space 215040K, 45% used [0x0000000080000000,0x000000008608e1f8,0x000000008d200000)
 Metaspace       used 94120K, capacity 97306K, committed 97408K, reserved 1134592K
  class space    used 11345K, capacity 11867K, committed 11904K, reserved 1048576K
}
{Heap before GC invocations=157 (full 3):
 PSYoungGen      total 79872K, used 77172K [0x00000000d5580000, 0x00000000daa80000, 0x0000000100000000)
  eden space 72704K, 100% used [0x00000000d5580000,0x00000000d9c80000,0x00000000d9c80000)
  from space 7168K, 62% used [0x00000000d9c80000,0x00000000da0dd138,0x00000000da380000)
  to   space 7168K, 0% used [0x00000000da380000,0x00000000da380000,0x00000000daa80000)
 ParOldGen       total 215040K, used 98872K [0x0000000080000000, 0x000000008d200000, 0x00000000d5580000)
  object space 215040K, 45% used [0x0000000080000000,0x000000008608e1f8,0x000000008d200000)
 Metaspace       used 94120K, capacity 97306K, committed 97408K, reserved 1134592K
  class space    used 11345K, capacity 11867K, committed 11904K, reserved 1048576K
2023-04-04T10:57:24.857+0600: 985516.940: [GC (Allocation Failure) [PSYoungGen: 77172K->5867K(78848K)] 176044K->104779K(293888K), 0.0202079 secs] [Times: user=0.03 sys=0.00, real=0.02 secs] 
Heap after GC invocations=157 (full 3):
 PSYoungGen      total 78848K, used 5867K [0x00000000d5580000, 0x00000000daa80000, 0x0000000100000000)
  eden space 71680K, 0% used [0x00000000d5580000,0x00000000d5580000,0x00000000d9b80000)
  from space 7168K, 81% used [0x00000000da380000,0x00000000da93ad28,0x00000000daa80000)
  to   space 7680K, 0% used [0x00000000d9b80000,0x00000000d9b80000,0x00000000da300000)
 ParOldGen       total 215040K, used 98912K [0x0000000080000000, 0x000000008d200000, 0x00000000d5580000)
  object space 215040K, 45% used [0x0000000080000000,0x00000000860981f8,0x000000008d200000)
 Metaspace       used 94120K, capacity 97306K, committed 97408K, reserved 1134592K
  class space    used 11345K, capacity 11867K, committed 11904K, reserved 1048576K
}
{Heap before GC invocations=158 (full 3):
 PSYoungGen      total 78848K, used 77546K [0x00000000d5580000, 0x00000000daa80000, 0x0000000100000000)
  eden space 71680K, 99% used [0x00000000d5580000,0x00000000d9b7fe20,0x00000000d9b80000)
  from space 7168K, 81% used [0x00000000da380000,0x00000000da93ad28,0x00000000daa80000)
  to   space 7680K, 0% used [0x00000000d9b80000,0x00000000d9b80000,0x00000000da300000)
 ParOldGen       total 215040K, used 98912K [0x0000000080000000, 0x000000008d200000, 0x00000000d5580000)
  object space 215040K, 45% used [0x0000000080000000,0x00000000860981f8,0x000000008d200000)
 Metaspace       used 94124K, capacity 97306K, committed 97408K, reserved 1134592K
  class space    used 11346K, capacity 11867K, committed 11904K, reserved 1048576K
2023-04-04T11:23:45.247+0600: 987097.329: [GC (Allocation Failure) [PSYoungGen: 77546K->7634K(78336K)] 176459K->106679K(293376K), 0.0165370 secs] [Times: user=0.02 sys=0.00, real=0.02 secs] 
Heap after GC invocations=158 (full 3):
 PSYoungGen      total 78336K, used 7634K [0x00000000d5580000, 0x00000000dab80000, 0x0000000100000000)
  eden space 70656K, 0% used [0x00000000d5580000,0x00000000d5580000,0x00000000d9a80000)
  from space 7680K, 99% used [0x00000000d9b80000,0x00000000da2f49d0,0x00000000da300000)
  to   space 8704K, 0% used [0x00000000da300000,0x00000000da300000,0x00000000dab80000)
 ParOldGen       total 215040K, used 99045K [0x0000000080000000, 0x000000008d200000, 0x00000000d5580000)
  object space 215040K, 46% used [0x0000000080000000,0x00000000860b9400,0x000000008d200000)
 Metaspace       used 94124K, capacity 97306K, committed 97408K, reserved 1134592K
  class space    used 11346K, capacity 11867K, committed 11904K, reserved 1048576K
}
{Heap before GC invocations=159 (full 3):
 PSYoungGen      total 78336K, used 78290K [0x00000000d5580000, 0x00000000dab80000, 0x0000000100000000)
  eden space 70656K, 100% used [0x00000000d5580000,0x00000000d9a80000,0x00000000d9a80000)
  from space 7680K, 99% used [0x00000000d9b80000,0x00000000da2f49d0,0x00000000da300000)
  to   space 8704K, 0% used [0x00000000da300000,0x00000000da300000,0x00000000dab80000)
 ParOldGen       total 215040K, used 99045K [0x0000000080000000, 0x000000008d200000, 0x00000000d5580000)
  object space 215040K, 46% used [0x0000000080000000,0x00000000860b9400,0x000000008d200000)
 Metaspace       used 94142K, capacity 97366K, committed 97408K, reserved 1134592K
  class space    used 11351K, capacity 11877K, committed 11904K, reserved 1048576K
2023-04-04T11:45:25.588+0600: 988397.671: [GC (Allocation Failure) [PSYoungGen: 78290K->8695K(77824K)] 177335K->108608K(292864K), 0.0173980 secs] [Times: user=0.02 sys=0.01, real=0.02 secs] 
Heap after GC invocations=159 (full 3):
 PSYoungGen      total 77824K, used 8695K [0x00000000d5580000, 0x00000000dad80000, 0x0000000100000000)
  eden space 69120K, 0% used [0x00000000d5580000,0x00000000d5580000,0x00000000d9900000)
  from space 8704K, 99% used [0x00000000da300000,0x00000000dab7dfa0,0x00000000dab80000)
  to   space 10240K, 0% used [0x00000000d9900000,0x00000000d9900000,0x00000000da300000)
 ParOldGen       total 215040K, used 99912K [0x0000000080000000, 0x000000008d200000, 0x00000000d5580000)
  object space 215040K, 46% used [0x0000000080000000,0x00000000861920f0,0x000000008d200000)
 Metaspace       used 94142K, capacity 97366K, committed 97408K, reserved 1134592K
  class space    used 11351K, capacity 11877K, committed 11904K, reserved 1048576K
}
{Heap before GC invocations=160 (full 3):
 PSYoungGen      total 77824K, used 77815K [0x00000000d5580000, 0x00000000dad80000, 0x0000000100000000)
  eden space 69120K, 99% used [0x00000000d5580000,0x00000000d98fff50,0x00000000d9900000)
  from space 8704K, 99% used [0x00000000da300000,0x00000000dab7dfa0,0x00000000dab80000)
  to   space 10240K, 0% used [0x00000000d9900000,0x00000000d9900000,0x00000000da300000)
 ParOldGen       total 215040K, used 99912K [0x0000000080000000, 0x000000008d200000, 0x00000000d5580000)
  object space 215040K, 46% used [0x0000000080000000,0x00000000861920f0,0x000000008d200000)
 Metaspace       used 94142K, capacity 97366K, committed 97408K, reserved 1134592K
  class space    used 11351K, capacity 11877K, committed 11904K, reserved 1048576K
2023-04-04T12:13:57.255+0600: 990109.338: [GC (Allocation Failure) [PSYoungGen: 77815K->10168K(78336K)] 177727K->110104K(293376K), 0.0138760 secs] [Times: user=0.02 sys=0.00, real=0.02 secs] 
Heap after GC invocations=160 (full 3):
 PSYoungGen      total 78336K, used 10168K [0x00000000d5580000, 0x00000000daf00000, 0x0000000100000000)
  eden space 68096K, 0% used [0x00000000d5580000,0x00000000d5580000,0x00000000d9800000)
  from space 10240K, 99% used [0x00000000d9900000,0x00000000da2ee000,0x00000000da300000)
  to   space 11776K, 0% used [0x00000000da380000,0x00000000da380000,0x00000000daf00000)
 ParOldGen       total 215040K, used 99936K [0x0000000080000000, 0x000000008d200000, 0x00000000d5580000)
  object space 215040K, 46% used [0x0000000080000000,0x00000000861980f0,0x000000008d200000)
 Metaspace       used 94142K, capacity 97366K, committed 97408K, reserved 1134592K
  class space    used 11351K, capacity 11877K, committed 11904K, reserved 1048576K
}
{Heap before GC invocations=161 (full 3):
 PSYoungGen      total 78336K, used 78264K [0x00000000d5580000, 0x00000000daf00000, 0x0000000100000000)
  eden space 68096K, 100% used [0x00000000d5580000,0x00000000d9800000,0x00000000d9800000)
  from space 10240K, 99% used [0x00000000d9900000,0x00000000da2ee000,0x00000000da300000)
  to   space 11776K, 0% used [0x00000000da380000,0x00000000da380000,0x00000000daf00000)
 ParOldGen       total 215040K, used 99936K [0x0000000080000000, 0x000000008d200000, 0x00000000d5580000)
  object space 215040K, 46% used [0x0000000080000000,0x00000000861980f0,0x000000008d200000)
 Metaspace       used 94173K, capacity 97432K, committed 97664K, reserved 1134592K
  class space    used 11358K, capacity 11888K, committed 11904K, reserved 1048576K
2023-04-04T12:43:00.859+0600: 991852.942: [GC (Allocation Failure) [PSYoungGen: 78264K->9173K(79360K)] 178200K->109110K(294400K), 0.0179044 secs] [Times: user=0.03 sys=0.00, real=0.01 secs] 
Heap after GC invocations=161 (full 3):
 PSYoungGen      total 79360K, used 9173K [0x00000000d5580000, 0x00000000daf80000, 0x0000000100000000)
  eden space 67584K, 0% used [0x00000000d5580000,0x00000000d5580000,0x00000000d9780000)
  from space 11776K, 77% used [0x00000000da380000,0x00000000dac75710,0x00000000daf00000)
  to   space 12288K, 0% used [0x00000000d9780000,0x00000000d9780000,0x00000000da380000)
 ParOldGen       total 215040K, used 99936K [0x0000000080000000, 0x000000008d200000, 0x00000000d5580000)
  object space 215040K, 46% used [0x0000000080000000,0x00000000861980f0,0x000000008d200000)
 Metaspace       used 94173K, capacity 97432K, committed 97664K, reserved 1134592K
  class space    used 11358K, capacity 11888K, committed 11904K, reserved 1048576K
}
{Heap before GC invocations=162 (full 3):
 PSYoungGen      total 79360K, used 76757K [0x00000000d5580000, 0x00000000daf80000, 0x0000000100000000)
  eden space 67584K, 100% used [0x00000000d5580000,0x00000000d9780000,0x00000000d9780000)
  from space 11776K, 77% used [0x00000000da380000,0x00000000dac75710,0x00000000daf00000)
  to   space 12288K, 0% used [0x00000000d9780000,0x00000000d9780000,0x00000000da380000)
 ParOldGen       total 215040K, used 99936K [0x0000000080000000, 0x000000008d200000, 0x00000000d5580000)
  object space 215040K, 46% used [0x0000000080000000,0x00000000861980f0,0x000000008d200000)
 Metaspace       used 94176K, capacity 97432K, committed 97664K, reserved 1134592K
  class space    used 11358K, capacity 11888K, committed 11904K, reserved 1048576K
2023-04-04T13:09:06.486+0600: 993418.568: [GC (Allocation Failure) [PSYoungGen: 76757K->9517K(79360K)] 176694K->109469K(294400K), 0.0238513 secs] [Times: user=0.04 sys=0.00, real=0.03 secs] 
Heap after GC invocations=162 (full 3):
 PSYoungGen      total 79360K, used 9517K [0x00000000d5580000, 0x00000000db100000, 0x0000000100000000)
  eden space 67072K, 0% used [0x00000000d5580000,0x00000000d5580000,0x00000000d9700000)
  from space 12288K, 77% used [0x00000000d9780000,0x00000000da0cb5d0,0x00000000da380000)
  to   space 13312K, 0% used [0x00000000da400000,0x00000000da400000,0x00000000db100000)
 ParOldGen       total 215040K, used 99952K [0x0000000080000000, 0x000000008d200000, 0x00000000d5580000)
  object space 215040K, 46% used [0x0000000080000000,0x000000008619c0f0,0x000000008d200000)
 Metaspace       used 94176K, capacity 97432K, committed 97664K, reserved 1134592K
  class space    used 11358K, capacity 11888K, committed 11904K, reserved 1048576K
}
{Heap before GC invocations=163 (full 3):
 PSYoungGen      total 79360K, used 76589K [0x00000000d5580000, 0x00000000db100000, 0x0000000100000000)
  eden space 67072K, 100% used [0x00000000d5580000,0x00000000d9700000,0x00000000d9700000)
  from space 12288K, 77% used [0x00000000d9780000,0x00000000da0cb5d0,0x00000000da380000)
  to   space 13312K, 0% used [0x00000000da400000,0x00000000da400000,0x00000000db100000)
 ParOldGen       total 215040K, used 99952K [0x0000000080000000, 0x000000008d200000, 0x00000000d5580000)
  object space 215040K, 46% used [0x0000000080000000,0x000000008619c0f0,0x000000008d200000)
 Metaspace       used 94176K, capacity 97432K, committed 97664K, reserved 1134592K
  class space    used 11358K, capacity 11888K, committed 11904K, reserved 1048576K
2023-04-04T13:57:52.719+0600: 996344.802: [GC (Allocation Failure) [PSYoungGen: 76589K->6802K(78336K)] 176541K->106770K(293376K), 0.0161202 secs] [Times: user=0.03 sys=0.00, real=0.01 secs] 
Heap after GC invocations=163 (full 3):
 PSYoungGen      total 78336K, used 6802K [0x00000000d5580000, 0x00000000daf80000, 0x0000000100000000)
  eden space 66560K, 0% used [0x00000000d5580000,0x00000000d5580000,0x00000000d9680000)
  from space 11776K, 57% used [0x00000000da400000,0x00000000daaa4960,0x00000000daf80000)
  to   space 12800K, 0% used [0x00000000d9680000,0x00000000d9680000,0x00000000da300000)
 ParOldGen       total 215040K, used 99968K [0x0000000080000000, 0x000000008d200000, 0x00000000d5580000)
  object space 215040K, 46% used [0x0000000080000000,0x00000000861a00f0,0x000000008d200000)
 Metaspace       used 94176K, capacity 97432K, committed 97664K, reserved 1134592K
  class space    used 11358K, capacity 11888K, committed 11904K, reserved 1048576K
}
{Heap before GC invocations=164 (full 3):
 PSYoungGen      total 78336K, used 73362K [0x00000000d5580000, 0x00000000daf80000, 0x0000000100000000)
  eden space 66560K, 100% used [0x00000000d5580000,0x00000000d9680000,0x00000000d9680000)
  from space 11776K, 57% used [0x00000000da400000,0x00000000daaa4960,0x00000000daf80000)
  to   space 12800K, 0% used [0x00000000d9680000,0x00000000d9680000,0x00000000da300000)
 ParOldGen       total 215040K, used 99968K [0x0000000080000000, 0x000000008d200000, 0x00000000d5580000)
  object space 215040K, 46% used [0x0000000080000000,0x00000000861a00f0,0x000000008d200000)
 Metaspace       used 94176K, capacity 97432K, committed 97664K, reserved 1134592K
  class space    used 11358K, capacity 11888K, committed 11904K, reserved 1048576K
2023-04-04T14:58:34.082+0600: 999986.165: [GC (Allocation Failure) [PSYoungGen: 73362K->3827K(70144K)] 173330K->103795K(285184K), 0.0162937 secs] [Times: user=0.03 sys=0.00, real=0.01 secs] 
Heap after GC invocations=164 (full 3):
 PSYoungGen      total 70144K, used 3827K [0x00000000d5580000, 0x00000000daf00000, 0x0000000100000000)
  eden space 66048K, 0% used [0x00000000d5580000,0x00000000d5580000,0x00000000d9600000)
  from space 4096K, 93% used [0x00000000d9680000,0x00000000d9a3ce38,0x00000000d9a80000)
  to   space 12800K, 0% used [0x00000000da280000,0x00000000da280000,0x00000000daf00000)
 ParOldGen       total 215040K, used 99968K [0x0000000080000000, 0x000000008d200000, 0x00000000d5580000)
  object space 215040K, 46% used [0x0000000080000000,0x00000000861a00f0,0x000000008d200000)
 Metaspace       used 94176K, capacity 97432K, committed 97664K, reserved 1134592K
  class space    used 11358K, capacity 11888K, committed 11904K, reserved 1048576K
}
{Heap before GC invocations=165 (full 3):
 PSYoungGen      total 70144K, used 69875K [0x00000000d5580000, 0x00000000daf00000, 0x0000000100000000)
  eden space 66048K, 100% used [0x00000000d5580000,0x00000000d9600000,0x00000000d9600000)
  from space 4096K, 93% used [0x00000000d9680000,0x00000000d9a3ce38,0x00000000d9a80000)
  to   space 12800K, 0% used [0x00000000da280000,0x00000000da280000,0x00000000daf00000)
 ParOldGen       total 215040K, used 99968K [0x0000000080000000, 0x000000008d200000, 0x00000000d5580000)
  object space 215040K, 46% used [0x0000000080000000,0x00000000861a00f0,0x000000008d200000)
 Metaspace       used 94203K, capacity 97538K, committed 97664K, reserved 1134592K
  class space    used 11362K, capacity 11895K, committed 11904K, reserved 1048576K
2023-04-04T15:42:59.813+0600: 1002651.896: [GC (Allocation Failure) [PSYoungGen: 69875K->5681K(75776K)] 169843K->105650K(290816K), 0.0164599 secs] [Times: user=0.03 sys=0.00, real=0.02 secs] 
Heap after GC invocations=165 (full 3):
 PSYoungGen      total 75776K, used 5681K [0x00000000d5580000, 0x00000000dac80000, 0x0000000100000000)
  eden space 65536K, 0% used [0x00000000d5580000,0x00000000d5580000,0x00000000d9580000)
  from space 10240K, 55% used [0x00000000da280000,0x00000000da80c750,0x00000000dac80000)
  to   space 11776K, 0% used [0x00000000d9580000,0x00000000d9580000,0x00000000da100000)
 ParOldGen       total 215040K, used 99968K [0x0000000080000000, 0x000000008d200000, 0x00000000d5580000)
  object space 215040K, 46% used [0x0000000080000000,0x00000000861a00f0,0x000000008d200000)
 Metaspace       used 94203K, capacity 97538K, committed 97664K, reserved 1134592K
  class space    used 11362K, capacity 11895K, committed 11904K, reserved 1048576K
}
{Heap before GC invocations=166 (full 3):
 PSYoungGen      total 75776K, used 71217K [0x00000000d5580000, 0x00000000dac80000, 0x0000000100000000)
  eden space 65536K, 100% used [0x00000000d5580000,0x00000000d9580000,0x00000000d9580000)
  from space 10240K, 55% used [0x00000000da280000,0x00000000da80c750,0x00000000dac80000)
  to   space 11776K, 0% used [0x00000000d9580000,0x00000000d9580000,0x00000000da100000)
 ParOldGen       total 215040K, used 99968K [0x0000000080000000, 0x000000008d200000, 0x00000000d5580000)
  object space 215040K, 46% used [0x0000000080000000,0x00000000861a00f0,0x000000008d200000)
 Metaspace       used 94204K, capacity 97538K, committed 97664K, reserved 1134592K
  class space    used 11362K, capacity 11895K, committed 11904K, reserved 1048576K
2023-04-04T16:30:08.910+0600: 1005480.993: [GC (Allocation Failure) [PSYoungGen: 71217K->5719K(71168K)] 171186K->105687K(286208K), 0.0187276 secs] [Times: user=0.03 sys=0.00, real=0.02 secs] 
Heap after GC invocations=166 (full 3):
 PSYoungGen      total 71168K, used 5719K [0x00000000d5580000, 0x00000000dab00000, 0x0000000100000000)
  eden space 65024K, 0% used [0x00000000d5580000,0x00000000d5580000,0x00000000d9500000)
  from space 6144K, 93% used [0x00000000d9580000,0x00000000d9b15e38,0x00000000d9b80000)
  to   space 11264K, 0% used [0x00000000da000000,0x00000000da000000,0x00000000dab00000)
 ParOldGen       total 215040K, used 99968K [0x0000000080000000, 0x000000008d200000, 0x00000000d5580000)
  object space 215040K, 46% used [0x0000000080000000,0x00000000861a00f0,0x000000008d200000)
 Metaspace       used 94204K, capacity 97538K, committed 97664K, reserved 1134592K
  class space    used 11362K, capacity 11895K, committed 11904K, reserved 1048576K
}
{Heap before GC invocations=167 (full 3):
 PSYoungGen      total 71168K, used 70741K [0x00000000d5580000, 0x00000000dab00000, 0x0000000100000000)
  eden space 65024K, 99% used [0x00000000d5580000,0x00000000d94ff778,0x00000000d9500000)
  from space 6144K, 93% used [0x00000000d9580000,0x00000000d9b15e38,0x00000000d9b80000)
  to   space 11264K, 0% used [0x00000000da000000,0x00000000da000000,0x00000000dab00000)
 ParOldGen       total 215040K, used 99968K [0x0000000080000000, 0x000000008d200000, 0x00000000d5580000)
  object space 215040K, 46% used [0x0000000080000000,0x00000000861a00f0,0x000000008d200000)
 Metaspace       used 94208K, capacity 97538K, committed 97664K, reserved 1134592K
  class space    used 11362K, capacity 11895K, committed 11904K, reserved 1048576K
2023-04-04T17:14:00.076+0600: 1008112.159: [GC (Allocation Failure) [PSYoungGen: 70741K->5409K(76288K)] 170709K->105386K(291328K), 0.0215208 secs] [Times: user=0.04 sys=0.00, real=0.02 secs] 
Heap after GC invocations=167 (full 3):
 PSYoungGen      total 76288K, used 5409K [0x00000000d5580000, 0x00000000daa80000, 0x0000000100000000)
  eden space 65536K, 0% used [0x00000000d5580000,0x00000000d5580000,0x00000000d9580000)
  from space 10752K, 50% used [0x00000000da000000,0x00000000da548750,0x00000000daa80000)
  to   space 10752K, 0% used [0x00000000d9580000,0x00000000d9580000,0x00000000da000000)
 ParOldGen       total 215040K, used 99976K [0x0000000080000000, 0x000000008d200000, 0x00000000d5580000)
  object space 215040K, 46% used [0x0000000080000000,0x00000000861a20f0,0x000000008d200000)
 Metaspace       used 94208K, capacity 97538K, committed 97664K, reserved 1134592K
  class space    used 11362K, capacity 11895K, committed 11904K, reserved 1048576K
}
{Heap before GC invocations=168 (full 3):
 PSYoungGen      total 76288K, used 70945K [0x00000000d5580000, 0x00000000daa80000, 0x0000000100000000)
  eden space 65536K, 100% used [0x00000000d5580000,0x00000000d9580000,0x00000000d9580000)
  from space 10752K, 50% used [0x00000000da000000,0x00000000da548750,0x00000000daa80000)
  to   space 10752K, 0% used [0x00000000d9580000,0x00000000d9580000,0x00000000da000000)
 ParOldGen       total 215040K, used 99976K [0x0000000080000000, 0x000000008d200000, 0x00000000d5580000)
  object space 215040K, 46% used [0x0000000080000000,0x00000000861a20f0,0x000000008d200000)
 Metaspace       used 94210K, capacity 97538K, committed 97664K, reserved 1134592K
  class space    used 11362K, capacity 11895K, committed 11904K, reserved 1048576K
2023-04-04T17:54:20.350+0600: 1010532.433: [GC (Allocation Failure) [PSYoungGen: 70945K->6484K(76288K)] 170922K->106468K(291328K), 0.0184680 secs] [Times: user=0.03 sys=0.00, real=0.01 secs] 
Heap after GC invocations=168 (full 3):
 PSYoungGen      total 76288K, used 6484K [0x00000000d5580000, 0x00000000daa80000, 0x0000000100000000)
  eden space 65536K, 0% used [0x00000000d5580000,0x00000000d5580000,0x00000000d9580000)
  from space 10752K, 60% used [0x00000000d9580000,0x00000000d9bd5290,0x00000000da000000)
  to   space 10752K, 0% used [0x00000000da000000,0x00000000da000000,0x00000000daa80000)
 ParOldGen       total 215040K, used 99984K [0x0000000080000000, 0x000000008d200000, 0x00000000d5580000)
  object space 215040K, 46% used [0x0000000080000000,0x00000000861a40f0,0x000000008d200000)
 Metaspace       used 94210K, capacity 97538K, committed 97664K, reserved 1134592K
  class space    used 11362K, capacity 11895K, committed 11904K, reserved 1048576K
}
{Heap before GC invocations=169 (full 3):
 PSYoungGen      total 76288K, used 72020K [0x00000000d5580000, 0x00000000daa80000, 0x0000000100000000)
  eden space 65536K, 100% used [0x00000000d5580000,0x00000000d9580000,0x00000000d9580000)
  from space 10752K, 60% used [0x00000000d9580000,0x00000000d9bd5290,0x00000000da000000)
  to   space 10752K, 0% used [0x00000000da000000,0x00000000da000000,0x00000000daa80000)
 ParOldGen       total 215040K, used 99984K [0x0000000080000000, 0x000000008d200000, 0x00000000d5580000)
  object space 215040K, 46% used [0x0000000080000000,0x00000000861a40f0,0x000000008d200000)
 Metaspace       used 94219K, capacity 97550K, committed 97664K, reserved 1134592K
  class space    used 11363K, capacity 11897K, committed 11904K, reserved 1048576K
2023-04-04T18:39:11.084+0600: 1013223.166: [GC (Allocation Failure) [PSYoungGen: 72020K->5541K(76800K)] 172004K->105525K(291840K), 0.0133282 secs] [Times: user=0.02 sys=0.00, real=0.01 secs] 
Heap after GC invocations=169 (full 3):
 PSYoungGen      total 76800K, used 5541K [0x00000000d5580000, 0x00000000daa80000, 0x0000000100000000)
  eden space 66048K, 0% used [0x00000000d5580000,0x00000000d5580000,0x00000000d9600000)
  from space 10752K, 51% used [0x00000000da000000,0x00000000da569528,0x00000000daa80000)
  to   space 10240K, 0% used [0x00000000d9600000,0x00000000d9600000,0x00000000da000000)
 ParOldGen       total 215040K, used 99984K [0x0000000080000000, 0x000000008d200000, 0x00000000d5580000)
  object space 215040K, 46% used [0x0000000080000000,0x00000000861a40f0,0x000000008d200000)
 Metaspace       used 94219K, capacity 97550K, committed 97664K, reserved 1134592K
  class space    used 11363K, capacity 11897K, committed 11904K, reserved 1048576K
}
{Heap before GC invocations=170 (full 3):
 PSYoungGen      total 76800K, used 71589K [0x00000000d5580000, 0x00000000daa80000, 0x0000000100000000)
  eden space 66048K, 100% used [0x00000000d5580000,0x00000000d9600000,0x00000000d9600000)
  from space 10752K, 51% used [0x00000000da000000,0x00000000da569528,0x00000000daa80000)
  to   space 10240K, 0% used [0x00000000d9600000,0x00000000d9600000,0x00000000da000000)
 ParOldGen       total 215040K, used 99984K [0x0000000080000000, 0x000000008d200000, 0x00000000d5580000)
  object space 215040K, 46% used [0x0000000080000000,0x00000000861a40f0,0x000000008d200000)
 Metaspace       used 94219K, capacity 97550K, committed 97664K, reserved 1134592K
  class space    used 11363K, capacity 11897K, committed 11904K, reserved 1048576K
2023-04-04T19:39:51.958+0600: 1016864.041: [GC (Allocation Failure) [PSYoungGen: 71589K->3987K(76288K)] 171573K->103987K(291328K), 0.0196974 secs] [Times: user=0.04 sys=0.00, real=0.02 secs] 
Heap after GC invocations=170 (full 3):
 PSYoungGen      total 76288K, used 3987K [0x00000000d5580000, 0x00000000daa80000, 0x0000000100000000)
  eden space 66048K, 0% used [0x00000000d5580000,0x00000000d5580000,0x00000000d9600000)
  from space 10240K, 38% used [0x00000000d9600000,0x00000000d99e4e38,0x00000000da000000)
  to   space 10240K, 0% used [0x00000000da080000,0x00000000da080000,0x00000000daa80000)
 ParOldGen       total 215040K, used 100000K [0x0000000080000000, 0x000000008d200000, 0x00000000d5580000)
  object space 215040K, 46% used [0x0000000080000000,0x00000000861a80f0,0x000000008d200000)
 Metaspace       used 94219K, capacity 97550K, committed 97664K, reserved 1134592K
  class space    used 11363K, capacity 11897K, committed 11904K, reserved 1048576K
}
{Heap before GC invocations=171 (full 3):
 PSYoungGen      total 76288K, used 70035K [0x00000000d5580000, 0x00000000daa80000, 0x0000000100000000)
  eden space 66048K, 100% used [0x00000000d5580000,0x00000000d9600000,0x00000000d9600000)
  from space 10240K, 38% used [0x00000000d9600000,0x00000000d99e4e38,0x00000000da000000)
  to   space 10240K, 0% used [0x00000000da080000,0x00000000da080000,0x00000000daa80000)
 ParOldGen       total 215040K, used 100000K [0x0000000080000000, 0x000000008d200000, 0x00000000d5580000)
  object space 215040K, 46% used [0x0000000080000000,0x00000000861a80f0,0x000000008d200000)
 Metaspace       used 94261K, capacity 97574K, committed 97664K, reserved 1134592K
  class space    used 11372K, capacity 11901K, committed 11904K, reserved 1048576K
2023-04-04T20:30:29.396+0600: 1019901.479: [GC (Allocation Failure) [PSYoungGen: 70035K->5031K(77312K)] 170035K->105095K(292352K), 0.0171594 secs] [Times: user=0.03 sys=0.00, real=0.02 secs] 
Heap after GC invocations=171 (full 3):
 PSYoungGen      total 77312K, used 5031K [0x00000000d5580000, 0x00000000daa80000, 0x0000000100000000)
  eden space 67072K, 0% used [0x00000000d5580000,0x00000000d5580000,0x00000000d9700000)
  from space 10240K, 49% used [0x00000000da080000,0x00000000da569de8,0x00000000daa80000)
  to   space 9728K, 0% used [0x00000000d9700000,0x00000000d9700000,0x00000000da080000)
 ParOldGen       total 215040K, used 100064K [0x0000000080000000, 0x000000008d200000, 0x00000000d5580000)
  object space 215040K, 46% used [0x0000000080000000,0x00000000861b80f0,0x000000008d200000)
 Metaspace       used 94261K, capacity 97574K, committed 97664K, reserved 1134592K
  class space    used 11372K, capacity 11901K, committed 11904K, reserved 1048576K
}
{Heap before GC invocations=172 (full 3):
 PSYoungGen      total 77312K, used 72103K [0x00000000d5580000, 0x00000000daa80000, 0x0000000100000000)
  eden space 67072K, 100% used [0x00000000d5580000,0x00000000d9700000,0x00000000d9700000)
  from space 10240K, 49% used [0x00000000da080000,0x00000000da569de8,0x00000000daa80000)
  to   space 9728K, 0% used [0x00000000d9700000,0x00000000d9700000,0x00000000da080000)
 ParOldGen       total 215040K, used 100064K [0x0000000080000000, 0x000000008d200000, 0x00000000d5580000)
  object space 215040K, 46% used [0x0000000080000000,0x00000000861b80f0,0x000000008d200000)
 Metaspace       used 94277K, capacity 97574K, committed 97664K, reserved 1134592K
  class space    used 11372K, capacity 11901K, committed 11904K, reserved 1048576K
2023-04-04T21:20:34.185+0600: 1022906.267: [GC (Allocation Failure) [PSYoungGen: 72103K->4545K(76800K)] 172167K->104770K(291840K), 0.0168984 secs] [Times: user=0.03 sys=0.00, real=0.02 secs] 
Heap after GC invocations=172 (full 3):
 PSYoungGen      total 76800K, used 4545K [0x00000000d5580000, 0x00000000daa80000, 0x0000000100000000)
  eden space 67072K, 0% used [0x00000000d5580000,0x00000000d5580000,0x00000000d9700000)
  from space 9728K, 46% used [0x00000000d9700000,0x00000000d9b706e0,0x00000000da080000)
  to   space 9728K, 0% used [0x00000000da100000,0x00000000da100000,0x00000000daa80000)
 ParOldGen       total 215040K, used 100224K [0x0000000080000000, 0x000000008d200000, 0x00000000d5580000)
  object space 215040K, 46% used [0x0000000080000000,0x00000000861e0120,0x000000008d200000)
 Metaspace       used 94277K, capacity 97574K, committed 97664K, reserved 1134592K
  class space    used 11372K, capacity 11901K, committed 11904K, reserved 1048576K
}
{Heap before GC invocations=173 (full 3):
 PSYoungGen      total 76800K, used 71617K [0x00000000d5580000, 0x00000000daa80000, 0x0000000100000000)
  eden space 67072K, 100% used [0x00000000d5580000,0x00000000d9700000,0x00000000d9700000)
  from space 9728K, 46% used [0x00000000d9700000,0x00000000d9b706e0,0x00000000da080000)
  to   space 9728K, 0% used [0x00000000da100000,0x00000000da100000,0x00000000daa80000)
 ParOldGen       total 215040K, used 100224K [0x0000000080000000, 0x000000008d200000, 0x00000000d5580000)
  object space 215040K, 46% used [0x0000000080000000,0x00000000861e0120,0x000000008d200000)
 Metaspace       used 94277K, capacity 97574K, committed 97664K, reserved 1134592K
  class space    used 11372K, capacity 11901K, committed 11904K, reserved 1048576K
2023-04-04T22:24:20.677+0600: 1026732.760: [GC (Allocation Failure) [PSYoungGen: 71617K->3328K(77312K)] 171842K->103966K(292352K), 0.0170389 secs] [Times: user=0.03 sys=0.00, real=0.02 secs] 
Heap after GC invocations=173 (full 3):
 PSYoungGen      total 77312K, used 3328K [0x00000000d5580000, 0x00000000daa80000, 0x0000000100000000)
  eden space 67584K, 0% used [0x00000000d5580000,0x00000000d5580000,0x00000000d9780000)
  from space 9728K, 34% used [0x00000000da100000,0x00000000da440030,0x00000000daa80000)
  to   space 9728K, 0% used [0x00000000d9780000,0x00000000d9780000,0x00000000da100000)
 ParOldGen       total 215040K, used 100638K [0x0000000080000000, 0x000000008d200000, 0x00000000d5580000)
  object space 215040K, 46% used [0x0000000080000000,0x0000000086247a70,0x000000008d200000)
 Metaspace       used 94277K, capacity 97574K, committed 97664K, reserved 1134592K
  class space    used 11372K, capacity 11901K, committed 11904K, reserved 1048576K
}
{Heap before GC invocations=174 (full 3):
 PSYoungGen      total 77312K, used 70912K [0x00000000d5580000, 0x00000000daa80000, 0x0000000100000000)
  eden space 67584K, 100% used [0x00000000d5580000,0x00000000d9780000,0x00000000d9780000)
  from space 9728K, 34% used [0x00000000da100000,0x00000000da440030,0x00000000daa80000)
  to   space 9728K, 0% used [0x00000000d9780000,0x00000000d9780000,0x00000000da100000)
 ParOldGen       total 215040K, used 100638K [0x0000000080000000, 0x000000008d200000, 0x00000000d5580000)
  object space 215040K, 46% used [0x0000000080000000,0x0000000086247a70,0x000000008d200000)
 Metaspace       used 94277K, capacity 97574K, committed 97664K, reserved 1134592K
  class space    used 11372K, capacity 11901K, committed 11904K, reserved 1048576K
2023-04-04T23:26:53.677+0600: 1030485.760: [GC (Allocation Failure) [PSYoungGen: 70912K->3136K(77312K)] 171550K->103990K(292352K), 0.0162643 secs] [Times: user=0.03 sys=0.00, real=0.02 secs] 
Heap after GC invocations=174 (full 3):
 PSYoungGen      total 77312K, used 3136K [0x00000000d5580000, 0x00000000daa80000, 0x0000000100000000)
  eden space 67584K, 0% used [0x00000000d5580000,0x00000000d5580000,0x00000000d9780000)
  from space 9728K, 32% used [0x00000000d9780000,0x00000000d9a90000,0x00000000da100000)
  to   space 9728K, 0% used [0x00000000da100000,0x00000000da100000,0x00000000daa80000)
 ParOldGen       total 215040K, used 100854K [0x0000000080000000, 0x000000008d200000, 0x00000000d5580000)
  object space 215040K, 46% used [0x0000000080000000,0x000000008627daa0,0x000000008d200000)
 Metaspace       used 94277K, capacity 97574K, committed 97664K, reserved 1134592K
  class space    used 11372K, capacity 11901K, committed 11904K, reserved 1048576K
}
{Heap before GC invocations=175 (full 3):
 PSYoungGen      total 77312K, used 70720K [0x00000000d5580000, 0x00000000daa80000, 0x0000000100000000)
  eden space 67584K, 100% used [0x00000000d5580000,0x00000000d9780000,0x00000000d9780000)
  from space 9728K, 32% used [0x00000000d9780000,0x00000000d9a90000,0x00000000da100000)
  to   space 9728K, 0% used [0x00000000da100000,0x00000000da100000,0x00000000daa80000)
 ParOldGen       total 215040K, used 100854K [0x0000000080000000, 0x000000008d200000, 0x00000000d5580000)
  object space 215040K, 46% used [0x0000000080000000,0x000000008627daa0,0x000000008d200000)
 Metaspace       used 94278K, capacity 97574K, committed 97664K, reserved 1134592K
  class space    used 11372K, capacity 11901K, committed 11904K, reserved 1048576K
2023-04-05T00:19:48.698+0600: 1033660.781: [GC (Allocation Failure) [PSYoungGen: 70720K->4068K(77824K)] 171574K->104962K(292864K), 0.0131601 secs] [Times: user=0.03 sys=0.00, real=0.02 secs] 
Heap after GC invocations=175 (full 3):
 PSYoungGen      total 77824K, used 4068K [0x00000000d5580000, 0x00000000daa80000, 0x0000000100000000)
  eden space 68096K, 0% used [0x00000000d5580000,0x00000000d5580000,0x00000000d9800000)
  from space 9728K, 41% used [0x00000000da100000,0x00000000da4f9068,0x00000000daa80000)
  to   space 9216K, 0% used [0x00000000d9800000,0x00000000d9800000,0x00000000da100000)
 ParOldGen       total 215040K, used 100894K [0x0000000080000000, 0x000000008d200000, 0x00000000d5580000)
  object space 215040K, 46% used [0x0000000080000000,0x0000000086287aa0,0x000000008d200000)
 Metaspace       used 94278K, capacity 97574K, committed 97664K, reserved 1134592K
  class space    used 11372K, capacity 11901K, committed 11904K, reserved 1048576K
}
{Heap before GC invocations=176 (full 3):
 PSYoungGen      total 77824K, used 72164K [0x00000000d5580000, 0x00000000daa80000, 0x0000000100000000)
  eden space 68096K, 100% used [0x00000000d5580000,0x00000000d9800000,0x00000000d9800000)
  from space 9728K, 41% used [0x00000000da100000,0x00000000da4f9068,0x00000000daa80000)
  to   space 9216K, 0% used [0x00000000d9800000,0x00000000d9800000,0x00000000da100000)
 ParOldGen       total 215040K, used 100894K [0x0000000080000000, 0x000000008d200000, 0x00000000d5580000)
  object space 215040K, 46% used [0x0000000080000000,0x0000000086287aa0,0x000000008d200000)
 Metaspace       used 94278K, capacity 97574K, committed 97664K, reserved 1134592K
  class space    used 11372K, capacity 11901K, committed 11904K, reserved 1048576K
2023-04-05T01:15:21.379+0600: 1036993.462: [GC (Allocation Failure) [PSYoungGen: 72164K->3828K(77312K)] 173058K->104762K(292352K), 0.0156368 secs] [Times: user=0.02 sys=0.00, real=0.02 secs] 
Heap after GC invocations=176 (full 3):
 PSYoungGen      total 77312K, used 3828K [0x00000000d5580000, 0x00000000daa80000, 0x0000000100000000)
  eden space 68096K, 0% used [0x00000000d5580000,0x00000000d5580000,0x00000000d9800000)
  from space 9216K, 41% used [0x00000000d9800000,0x00000000d9bbd068,0x00000000da100000)
  to   space 9216K, 0% used [0x00000000da180000,0x00000000da180000,0x00000000daa80000)
 ParOldGen       total 215040K, used 100934K [0x0000000080000000, 0x000000008d200000, 0x00000000d5580000)
  object space 215040K, 46% used [0x0000000080000000,0x0000000086291aa0,0x000000008d200000)
 Metaspace       used 94278K, capacity 97574K, committed 97664K, reserved 1134592K
  class space    used 11372K, capacity 11901K, committed 11904K, reserved 1048576K
}
{Heap before GC invocations=177 (full 3):
 PSYoungGen      total 77312K, used 71924K [0x00000000d5580000, 0x00000000daa80000, 0x0000000100000000)
  eden space 68096K, 100% used [0x00000000d5580000,0x00000000d9800000,0x00000000d9800000)
  from space 9216K, 41% used [0x00000000d9800000,0x00000000d9bbd068,0x00000000da100000)
  to   space 9216K, 0% used [0x00000000da180000,0x00000000da180000,0x00000000daa80000)
 ParOldGen       total 215040K, used 100934K [0x0000000080000000, 0x000000008d200000, 0x00000000d5580000)
  object space 215040K, 46% used [0x0000000080000000,0x0000000086291aa0,0x000000008d200000)
 Metaspace       used 94278K, capacity 97574K, committed 97664K, reserved 1134592K
  class space    used 11372K, capacity 11901K, committed 11904K, reserved 1048576K
2023-04-05T02:19:01.725+0600: 1040813.807: [GC (Allocation Failure) [PSYoungGen: 71924K->3008K(77824K)] 172858K->104006K(292864K), 0.0163094 secs] [Times: user=0.02 sys=0.00, real=0.02 secs] 
Heap after GC invocations=177 (full 3):
 PSYoungGen      total 77824K, used 3008K [0x00000000d5580000, 0x00000000daa80000, 0x0000000100000000)
  eden space 68608K, 0% used [0x00000000d5580000,0x00000000d5580000,0x00000000d9880000)
  from space 9216K, 32% used [0x00000000da180000,0x00000000da470000,0x00000000daa80000)
  to   space 9216K, 0% used [0x00000000d9880000,0x00000000d9880000,0x00000000da180000)
 ParOldGen       total 215040K, used 100998K [0x0000000080000000, 0x000000008d200000, 0x00000000d5580000)
  object space 215040K, 46% used [0x0000000080000000,0x00000000862a1aa0,0x000000008d200000)
 Metaspace       used 94278K, capacity 97574K, committed 97664K, reserved 1134592K
  class space    used 11372K, capacity 11901K, committed 11904K, reserved 1048576K
}
{Heap before GC invocations=178 (full 3):
 PSYoungGen      total 77824K, used 71615K [0x00000000d5580000, 0x00000000daa80000, 0x0000000100000000)
  eden space 68608K, 99% used [0x00000000d5580000,0x00000000d987fff8,0x00000000d9880000)
  from space 9216K, 32% used [0x00000000da180000,0x00000000da470000,0x00000000daa80000)
  to   space 9216K, 0% used [0x00000000d9880000,0x00000000d9880000,0x00000000da180000)
 ParOldGen       total 215040K, used 100998K [0x0000000080000000, 0x000000008d200000, 0x00000000d5580000)
  object space 215040K, 46% used [0x0000000080000000,0x00000000862a1aa0,0x000000008d200000)
 Metaspace       used 94278K, capacity 97574K, committed 97664K, reserved 1134592K
  class space    used 11372K, capacity 11901K, committed 11904K, reserved 1048576K
2023-04-05T03:22:57.108+0600: 1044649.191: [GC (Allocation Failure) [PSYoungGen: 71615K->2944K(77824K)] 172614K->104018K(292864K), 0.0159966 secs] [Times: user=0.03 sys=0.00, real=0.02 secs] 
Heap after GC invocations=178 (full 3):
 PSYoungGen      total 77824K, used 2944K [0x00000000d5580000, 0x00000000daa80000, 0x0000000100000000)
  eden space 68608K, 0% used [0x00000000d5580000,0x00000000d5580000,0x00000000d9880000)
  from space 9216K, 31% used [0x00000000d9880000,0x00000000d9b60000,0x00000000da180000)
  to   space 8704K, 0% used [0x00000000da200000,0x00000000da200000,0x00000000daa80000)
 ParOldGen       total 215040K, used 101074K [0x0000000080000000, 0x000000008d200000, 0x00000000d5580000)
  object space 215040K, 47% used [0x0000000080000000,0x00000000862b4898,0x000000008d200000)
 Metaspace       used 94278K, capacity 97574K, committed 97664K, reserved 1134592K
  class space    used 11372K, capacity 11901K, committed 11904K, reserved 1048576K
}
{Heap before GC invocations=179 (full 3):
 PSYoungGen      total 77824K, used 71552K [0x00000000d5580000, 0x00000000daa80000, 0x0000000100000000)
  eden space 68608K, 100% used [0x00000000d5580000,0x00000000d9880000,0x00000000d9880000)
  from space 9216K, 31% used [0x00000000d9880000,0x00000000d9b60000,0x00000000da180000)
  to   space 8704K, 0% used [0x00000000da200000,0x00000000da200000,0x00000000daa80000)
 ParOldGen       total 215040K, used 101074K [0x0000000080000000, 0x000000008d200000, 0x00000000d5580000)
  object space 215040K, 47% used [0x0000000080000000,0x00000000862b4898,0x000000008d200000)
 Metaspace       used 94278K, capacity 97574K, committed 97664K, reserved 1134592K
  class space    used 11372K, capacity 11901K, committed 11904K, reserved 1048576K
2023-04-05T04:25:40.694+0600: 1048412.777: [GC (Allocation Failure) [PSYoungGen: 71552K->2944K(78336K)] 172626K->104042K(293376K), 0.0117620 secs] [Times: user=0.02 sys=0.00, real=0.01 secs] 
Heap after GC invocations=179 (full 3):
 PSYoungGen      total 78336K, used 2944K [0x00000000d5580000, 0x00000000daa80000, 0x0000000100000000)
  eden space 69632K, 0% used [0x00000000d5580000,0x00000000d5580000,0x00000000d9980000)
  from space 8704K, 33% used [0x00000000da200000,0x00000000da4e0000,0x00000000daa80000)
  to   space 8704K, 0% used [0x00000000d9980000,0x00000000d9980000,0x00000000da200000)
 ParOldGen       total 215040K, used 101098K [0x0000000080000000, 0x000000008d200000, 0x00000000d5580000)
  object space 215040K, 47% used [0x0000000080000000,0x00000000862ba898,0x000000008d200000)
 Metaspace       used 94278K, capacity 97574K, committed 97664K, reserved 1134592K
  class space    used 11372K, capacity 11901K, committed 11904K, reserved 1048576K
}
{Heap before GC invocations=180 (full 3):
 PSYoungGen      total 78336K, used 72576K [0x00000000d5580000, 0x00000000daa80000, 0x0000000100000000)
  eden space 69632K, 100% used [0x00000000d5580000,0x00000000d9980000,0x00000000d9980000)
  from space 8704K, 33% used [0x00000000da200000,0x00000000da4e0000,0x00000000daa80000)
  to   space 8704K, 0% used [0x00000000d9980000,0x00000000d9980000,0x00000000da200000)
 ParOldGen       total 215040K, used 101098K [0x0000000080000000, 0x000000008d200000, 0x00000000d5580000)
  object space 215040K, 47% used [0x0000000080000000,0x00000000862ba898,0x000000008d200000)
 Metaspace       used 94278K, capacity 97574K, committed 97664K, reserved 1134592K
  class space    used 11372K, capacity 11901K, committed 11904K, reserved 1048576K
2023-04-05T05:29:05.233+0600: 1052217.316: [GC (Allocation Failure) [PSYoungGen: 72576K->2848K(78336K)] 173674K->104074K(293376K), 0.0148549 secs] [Times: user=0.02 sys=0.00, real=0.01 secs] 
Heap after GC invocations=180 (full 3):
 PSYoungGen      total 78336K, used 2848K [0x00000000d5580000, 0x00000000daa80000, 0x0000000100000000)
  eden space 69632K, 0% used [0x00000000d5580000,0x00000000d5580000,0x00000000d9980000)
  from space 8704K, 32% used [0x00000000d9980000,0x00000000d9c48000,0x00000000da200000)
  to   space 8704K, 0% used [0x00000000da200000,0x00000000da200000,0x00000000daa80000)
 ParOldGen       total 215040K, used 101226K [0x0000000080000000, 0x000000008d200000, 0x00000000d5580000)
  object space 215040K, 47% used [0x0000000080000000,0x00000000862da8c8,0x000000008d200000)
 Metaspace       used 94278K, capacity 97574K, committed 97664K, reserved 1134592K
  class space    used 11372K, capacity 11901K, committed 11904K, reserved 1048576K
}
{Heap before GC invocations=181 (full 3):
 PSYoungGen      total 78336K, used 72480K [0x00000000d5580000, 0x00000000daa80000, 0x0000000100000000)
  eden space 69632K, 100% used [0x00000000d5580000,0x00000000d9980000,0x00000000d9980000)
  from space 8704K, 32% used [0x00000000d9980000,0x00000000d9c48000,0x00000000da200000)
  to   space 8704K, 0% used [0x00000000da200000,0x00000000da200000,0x00000000daa80000)
 ParOldGen       total 215040K, used 101226K [0x0000000080000000, 0x000000008d200000, 0x00000000d5580000)
  object space 215040K, 47% used [0x0000000080000000,0x00000000862da8c8,0x000000008d200000)
 Metaspace       used 94296K, capacity 97586K, committed 97664K, reserved 1134592K
  class space    used 11373K, capacity 11903K, committed 11904K, reserved 1048576K
2023-04-05T06:09:38.103+0600: 1054650.186: [GC (Allocation Failure) [PSYoungGen: 72480K->5427K(78336K)] 173706K->106738K(293376K), 0.0227627 secs] [Times: user=0.03 sys=0.00, real=0.02 secs] 
Heap after GC invocations=181 (full 3):
 PSYoungGen      total 78336K, used 5427K [0x00000000d5580000, 0x00000000daa80000, 0x0000000100000000)
  eden space 69632K, 0% used [0x00000000d5580000,0x00000000d5580000,0x00000000d9980000)
  from space 8704K, 62% used [0x00000000da200000,0x00000000da74cde0,0x00000000daa80000)
  to   space 8704K, 0% used [0x00000000d9980000,0x00000000d9980000,0x00000000da200000)
 ParOldGen       total 215040K, used 101311K [0x0000000080000000, 0x000000008d200000, 0x00000000d5580000)
  object space 215040K, 47% used [0x0000000080000000,0x00000000862efc68,0x000000008d200000)
 Metaspace       used 94296K, capacity 97586K, committed 97664K, reserved 1134592K
  class space    used 11373K, capacity 11903K, committed 11904K, reserved 1048576K
}
{Heap before GC invocations=182 (full 3):
 PSYoungGen      total 78336K, used 75059K [0x00000000d5580000, 0x00000000daa80000, 0x0000000100000000)
  eden space 69632K, 100% used [0x00000000d5580000,0x00000000d9980000,0x00000000d9980000)
  from space 8704K, 62% used [0x00000000da200000,0x00000000da74cde0,0x00000000daa80000)
  to   space 8704K, 0% used [0x00000000d9980000,0x00000000d9980000,0x00000000da200000)
 ParOldGen       total 215040K, used 101311K [0x0000000080000000, 0x000000008d200000, 0x00000000d5580000)
  object space 215040K, 47% used [0x0000000080000000,0x00000000862efc68,0x000000008d200000)
 Metaspace       used 94296K, capacity 97586K, committed 97664K, reserved 1134592K
  class space    used 11373K, capacity 11903K, committed 11904K, reserved 1048576K
2023-04-05T07:15:39.362+0600: 1058611.445: [GC (Allocation Failure) [PSYoungGen: 75059K->2816K(78336K)] 176370K->104239K(293376K), 0.0151664 secs] [Times: user=0.02 sys=0.00, real=0.01 secs] 
Heap after GC invocations=182 (full 3):
 PSYoungGen      total 78336K, used 2816K [0x00000000d5580000, 0x00000000daa80000, 0x0000000100000000)
  eden space 69632K, 0% used [0x00000000d5580000,0x00000000d5580000,0x00000000d9980000)
  from space 8704K, 32% used [0x00000000d9980000,0x00000000d9c40000,0x00000000da200000)
  to   space 8704K, 0% used [0x00000000da200000,0x00000000da200000,0x00000000daa80000)
 ParOldGen       total 215040K, used 101423K [0x0000000080000000, 0x000000008d200000, 0x00000000d5580000)
  object space 215040K, 47% used [0x0000000080000000,0x000000008630bc68,0x000000008d200000)
 Metaspace       used 94296K, capacity 97586K, committed 97664K, reserved 1134592K
  class space    used 11373K, capacity 11903K, committed 11904K, reserved 1048576K
}
{Heap before GC invocations=183 (full 3):
 PSYoungGen      total 78336K, used 72448K [0x00000000d5580000, 0x00000000daa80000, 0x0000000100000000)
  eden space 69632K, 100% used [0x00000000d5580000,0x00000000d9980000,0x00000000d9980000)
  from space 8704K, 32% used [0x00000000d9980000,0x00000000d9c40000,0x00000000da200000)
  to   space 8704K, 0% used [0x00000000da200000,0x00000000da200000,0x00000000daa80000)
 ParOldGen       total 215040K, used 101423K [0x0000000080000000, 0x000000008d200000, 0x00000000d5580000)
  object space 215040K, 47% used [0x0000000080000000,0x000000008630bc68,0x000000008d200000)
 Metaspace       used 94296K, capacity 97586K, committed 97664K, reserved 1134592K
  class space    used 11373K, capacity 11903K, committed 11904K, reserved 1048576K
2023-04-05T08:20:45.555+0600: 1062517.637: [GC (Allocation Failure) [PSYoungGen: 72448K->2720K(78848K)] 173871K->104284K(293888K), 0.0147944 secs] [Times: user=0.03 sys=0.00, real=0.02 secs] 
Heap after GC invocations=183 (full 3):
 PSYoungGen      total 78848K, used 2720K [0x00000000d5580000, 0x00000000daa80000, 0x0000000100000000)
  eden space 70144K, 0% used [0x00000000d5580000,0x00000000d5580000,0x00000000d9a00000)
  from space 8704K, 31% used [0x00000000da200000,0x00000000da4a8000,0x00000000daa80000)
  to   space 8192K, 0% used [0x00000000d9a00000,0x00000000d9a00000,0x00000000da200000)
 ParOldGen       total 215040K, used 101564K [0x0000000080000000, 0x000000008d200000, 0x00000000d5580000)
  object space 215040K, 47% used [0x0000000080000000,0x000000008632f018,0x000000008d200000)
 Metaspace       used 94296K, capacity 97586K, committed 97664K, reserved 1134592K
  class space    used 11373K, capacity 11903K, committed 11904K, reserved 1048576K
}
{Heap before GC invocations=184 (full 3):
 PSYoungGen      total 78848K, used 72864K [0x00000000d5580000, 0x00000000daa80000, 0x0000000100000000)
  eden space 70144K, 100% used [0x00000000d5580000,0x00000000d9a00000,0x00000000d9a00000)
  from space 8704K, 31% used [0x00000000da200000,0x00000000da4a8000,0x00000000daa80000)
  to   space 8192K, 0% used [0x00000000d9a00000,0x00000000d9a00000,0x00000000da200000)
 ParOldGen       total 215040K, used 101564K [0x0000000080000000, 0x000000008d200000, 0x00000000d5580000)
  object space 215040K, 47% used [0x0000000080000000,0x000000008632f018,0x000000008d200000)
 Metaspace       used 94296K, capacity 97586K, committed 97664K, reserved 1134592K
  class space    used 11373K, capacity 11903K, committed 11904K, reserved 1048576K
2023-04-05T09:20:39.528+0600: 1066111.610: [GC (Allocation Failure) [PSYoungGen: 72864K->3314K(78336K)] 174428K->105006K(293376K), 0.0191200 secs] [Times: user=0.03 sys=0.00, real=0.02 secs] 
Heap after GC invocations=184 (full 3):
 PSYoungGen      total 78336K, used 3314K [0x00000000d5580000, 0x00000000daa80000, 0x0000000100000000)
  eden space 70144K, 0% used [0x00000000d5580000,0x00000000d5580000,0x00000000d9a00000)
  from space 8192K, 40% used [0x00000000d9a00000,0x00000000d9d3c910,0x00000000da200000)
  to   space 8192K, 0% used [0x00000000da280000,0x00000000da280000,0x00000000daa80000)
 ParOldGen       total 215040K, used 101692K [0x0000000080000000, 0x000000008d200000, 0x00000000d5580000)
  object space 215040K, 47% used [0x0000000080000000,0x000000008634f018,0x000000008d200000)
 Metaspace       used 94296K, capacity 97586K, committed 97664K, reserved 1134592K
  class space    used 11373K, capacity 11903K, committed 11904K, reserved 1048576K
}
{Heap before GC invocations=185 (full 3):
 PSYoungGen      total 78336K, used 73458K [0x00000000d5580000, 0x00000000daa80000, 0x0000000100000000)
  eden space 70144K, 100% used [0x00000000d5580000,0x00000000d9a00000,0x00000000d9a00000)
  from space 8192K, 40% used [0x00000000d9a00000,0x00000000d9d3c910,0x00000000da200000)
  to   space 8192K, 0% used [0x00000000da280000,0x00000000da280000,0x00000000daa80000)
 ParOldGen       total 215040K, used 101692K [0x0000000080000000, 0x000000008d200000, 0x00000000d5580000)
  object space 215040K, 47% used [0x0000000080000000,0x000000008634f018,0x000000008d200000)
 Metaspace       used 94296K, capacity 97586K, committed 97664K, reserved 1134592K
  class space    used 11373K, capacity 11903K, committed 11904K, reserved 1048576K
2023-04-05T10:07:10.192+0600: 1068902.274: [GC (Allocation Failure) [PSYoungGen: 73458K->4547K(79360K)] 175150K->106239K(294400K), 0.0115983 secs] [Times: user=0.02 sys=0.00, real=0.01 secs] 
Heap after GC invocations=185 (full 3):
 PSYoungGen      total 79360K, used 4547K [0x00000000d5580000, 0x00000000daa80000, 0x0000000100000000)
  eden space 71168K, 0% used [0x00000000d5580000,0x00000000d5580000,0x00000000d9b00000)
  from space 8192K, 55% used [0x00000000da280000,0x00000000da6f0db0,0x00000000daa80000)
  to   space 7680K, 0% used [0x00000000d9b00000,0x00000000d9b00000,0x00000000da280000)
 ParOldGen       total 215040K, used 101692K [0x0000000080000000, 0x000000008d200000, 0x00000000d5580000)
  object space 215040K, 47% used [0x0000000080000000,0x000000008634f018,0x000000008d200000)
 Metaspace       used 94296K, capacity 97586K, committed 97664K, reserved 1134592K
  class space    used 11373K, capacity 11903K, committed 11904K, reserved 1048576K
}
{Heap before GC invocations=186 (full 3):
 PSYoungGen      total 79360K, used 75715K [0x00000000d5580000, 0x00000000daa80000, 0x0000000100000000)
  eden space 71168K, 100% used [0x00000000d5580000,0x00000000d9b00000,0x00000000d9b00000)
  from space 8192K, 55% used [0x00000000da280000,0x00000000da6f0db0,0x00000000daa80000)
  to   space 7680K, 0% used [0x00000000d9b00000,0x00000000d9b00000,0x00000000da280000)
 ParOldGen       total 215040K, used 101692K [0x0000000080000000, 0x000000008d200000, 0x00000000d5580000)
  object space 215040K, 47% used [0x0000000080000000,0x000000008634f018,0x000000008d200000)
 Metaspace       used 94298K, capacity 97586K, committed 97664K, reserved 1134592K
  class space    used 11373K, capacity 11903K, committed 11904K, reserved 1048576K
2023-04-05T10:43:29.894+0600: 1071081.977: [GC (Allocation Failure) [PSYoungGen: 75715K->7340K(77824K)] 177407K->109077K(292864K), 0.0195289 secs] [Times: user=0.04 sys=0.00, real=0.02 secs] 
Heap after GC invocations=186 (full 3):
 PSYoungGen      total 77824K, used 7340K [0x00000000d5580000, 0x00000000dab00000, 0x0000000100000000)
  eden space 70144K, 0% used [0x00000000d5580000,0x00000000d5580000,0x00000000d9a00000)
  from space 7680K, 95% used [0x00000000d9b00000,0x00000000da22b1a0,0x00000000da280000)
  to   space 8704K, 0% used [0x00000000da280000,0x00000000da280000,0x00000000dab00000)
 ParOldGen       total 215040K, used 101736K [0x0000000080000000, 0x000000008d200000, 0x00000000d5580000)
  object space 215040K, 47% used [0x0000000080000000,0x000000008635a3b8,0x000000008d200000)
 Metaspace       used 94298K, capacity 97586K, committed 97664K, reserved 1134592K
  class space    used 11373K, capacity 11903K, committed 11904K, reserved 1048576K
}
{Heap before GC invocations=187 (full 3):
 PSYoungGen      total 77824K, used 77484K [0x00000000d5580000, 0x00000000dab00000, 0x0000000100000000)
  eden space 70144K, 100% used [0x00000000d5580000,0x00000000d9a00000,0x00000000d9a00000)
  from space 7680K, 95% used [0x00000000d9b00000,0x00000000da22b1a0,0x00000000da280000)
  to   space 8704K, 0% used [0x00000000da280000,0x00000000da280000,0x00000000dab00000)
 ParOldGen       total 215040K, used 101736K [0x0000000080000000, 0x000000008d200000, 0x00000000d5580000)
  object space 215040K, 47% used [0x0000000080000000,0x000000008635a3b8,0x000000008d200000)
 Metaspace       used 94303K, capacity 97586K, committed 97664K, reserved 1134592K
  class space    used 11373K, capacity 11903K, committed 11904K, reserved 1048576K
2023-04-05T11:24:07.774+0600: 1073519.857: [GC (Allocation Failure) [PSYoungGen: 77484K->6671K(77824K)] 179221K->108440K(292864K), 0.0186734 secs] [Times: user=0.03 sys=0.00, real=0.02 secs] 
Heap after GC invocations=187 (full 3):
 PSYoungGen      total 77824K, used 6671K [0x00000000d5580000, 0x00000000dab00000, 0x0000000100000000)
  eden space 69120K, 0% used [0x00000000d5580000,0x00000000d5580000,0x00000000d9900000)
  from space 8704K, 76% used [0x00000000da280000,0x00000000da903eb0,0x00000000dab00000)
  to   space 9216K, 0% used [0x00000000d9900000,0x00000000d9900000,0x00000000da200000)
 ParOldGen       total 215040K, used 101768K [0x0000000080000000, 0x000000008d200000, 0x00000000d5580000)
  object space 215040K, 47% used [0x0000000080000000,0x00000000863623b8,0x000000008d200000)
 Metaspace       used 94303K, capacity 97586K, committed 97664K, reserved 1134592K
  class space    used 11373K, capacity 11903K, committed 11904K, reserved 1048576K
}
{Heap before GC invocations=188 (full 3):
 PSYoungGen      total 77824K, used 75789K [0x00000000d5580000, 0x00000000dab00000, 0x0000000100000000)
  eden space 69120K, 99% used [0x00000000d5580000,0x00000000d98ff648,0x00000000d9900000)
  from space 8704K, 76% used [0x00000000da280000,0x00000000da903eb0,0x00000000dab00000)
  to   space 9216K, 0% used [0x00000000d9900000,0x00000000d9900000,0x00000000da200000)
 ParOldGen       total 215040K, used 101768K [0x0000000080000000, 0x000000008d200000, 0x00000000d5580000)
  object space 215040K, 47% used [0x0000000080000000,0x00000000863623b8,0x000000008d200000)
 Metaspace       used 94303K, capacity 97586K, committed 97664K, reserved 1134592K
  class space    used 11373K, capacity 11903K, committed 11904K, reserved 1048576K
2023-04-05T12:00:27.963+0600: 1075700.046: [GC (Allocation Failure) [PSYoungGen: 75789K->6500K(74752K)] 177558K->108269K(289792K), 0.0176266 secs] [Times: user=0.03 sys=0.00, real=0.02 secs] 
Heap after GC invocations=188 (full 3):
 PSYoungGen      total 74752K, used 6500K [0x00000000d5580000, 0x00000000dab00000, 0x0000000100000000)
  eden space 68096K, 0% used [0x00000000d5580000,0x00000000d5580000,0x00000000d9800000)
  from space 6656K, 97% used [0x00000000d9900000,0x00000000d9f59060,0x00000000d9f80000)
  to   space 9728K, 0% used [0x00000000da180000,0x00000000da180000,0x00000000dab00000)
 ParOldGen       total 215040K, used 101768K [0x0000000080000000, 0x000000008d200000, 0x00000000d5580000)
  object space 215040K, 47% used [0x0000000080000000,0x00000000863623b8,0x000000008d200000)
 Metaspace       used 94303K, capacity 97586K, committed 97664K, reserved 1134592K
  class space    used 11373K, capacity 11903K, committed 11904K, reserved 1048576K
}
{Heap before GC invocations=189 (full 3):
 PSYoungGen      total 74752K, used 74596K [0x00000000d5580000, 0x00000000dab00000, 0x0000000100000000)
  eden space 68096K, 100% used [0x00000000d5580000,0x00000000d9800000,0x00000000d9800000)
  from space 6656K, 97% used [0x00000000d9900000,0x00000000d9f59060,0x00000000d9f80000)
  to   space 9728K, 0% used [0x00000000da180000,0x00000000da180000,0x00000000dab00000)
 ParOldGen       total 215040K, used 101768K [0x0000000080000000, 0x000000008d200000, 0x00000000d5580000)
  object space 215040K, 47% used [0x0000000080000000,0x00000000863623b8,0x000000008d200000)
 Metaspace       used 94316K, capacity 97610K, committed 97792K, reserved 1134592K
  class space    used 11375K, capacity 11907K, committed 12032K, reserved 1048576K
2023-04-05T12:32:46.264+0600: 1077638.346: [GC (Allocation Failure) [PSYoungGen: 74596K->6933K(76800K)] 176365K->108702K(291840K), 0.0125208 secs] [Times: user=0.02 sys=0.00, real=0.01 secs] 
Heap after GC invocations=189 (full 3):
 PSYoungGen      total 76800K, used 6933K [0x00000000d5580000, 0x00000000daa80000, 0x0000000100000000)
  eden space 67584K, 0% used [0x00000000d5580000,0x00000000d5580000,0x00000000d9780000)
  from space 9216K, 75% used [0x00000000da180000,0x00000000da8456f0,0x00000000daa80000)
  to   space 9728K, 0% used [0x00000000d9780000,0x00000000d9780000,0x00000000da100000)
 ParOldGen       total 215040K, used 101768K [0x0000000080000000, 0x000000008d200000, 0x00000000d5580000)
  object space 215040K, 47% used [0x0000000080000000,0x00000000863623b8,0x000000008d200000)
 Metaspace       used 94316K, capacity 97610K, committed 97792K, reserved 1134592K
  class space    used 11375K, capacity 11907K, committed 12032K, reserved 1048576K
}
{Heap before GC invocations=190 (full 3):
 PSYoungGen      total 76800K, used 74517K [0x00000000d5580000, 0x00000000daa80000, 0x0000000100000000)
  eden space 67584K, 100% used [0x00000000d5580000,0x00000000d9780000,0x00000000d9780000)
  from space 9216K, 75% used [0x00000000da180000,0x00000000da8456f0,0x00000000daa80000)
  to   space 9728K, 0% used [0x00000000d9780000,0x00000000d9780000,0x00000000da100000)
 ParOldGen       total 215040K, used 101768K [0x0000000080000000, 0x000000008d200000, 0x00000000d5580000)
  object space 215040K, 47% used [0x0000000080000000,0x00000000863623b8,0x000000008d200000)
 Metaspace       used 94351K, capacity 97712K, committed 98048K, reserved 1134592K
  class space    used 11385K, capacity 11924K, committed 12032K, reserved 1048576K
2023-04-05T13:21:03.363+0600: 1080535.446: [GC (Allocation Failure) [PSYoungGen: 74517K->6882K(76800K)] 176286K->108667K(291840K), 0.0213549 secs] [Times: user=0.04 sys=0.00, real=0.02 secs] 
Heap after GC invocations=190 (full 3):
 PSYoungGen      total 76800K, used 6882K [0x00000000d5580000, 0x00000000dab00000, 0x0000000100000000)
  eden space 67072K, 0% used [0x00000000d5580000,0x00000000d5580000,0x00000000d9700000)
  from space 9728K, 70% used [0x00000000d9780000,0x00000000d9e389a0,0x00000000da100000)
  to   space 10240K, 0% used [0x00000000da100000,0x00000000da100000,0x00000000dab00000)
 ParOldGen       total 215040K, used 101784K [0x0000000080000000, 0x000000008d200000, 0x00000000d5580000)
  object space 215040K, 47% used [0x0000000080000000,0x00000000863663b8,0x000000008d200000)
 Metaspace       used 94351K, capacity 97712K, committed 98048K, reserved 1134592K
  class space    used 11385K, capacity 11924K, committed 12032K, reserved 1048576K
}
{Heap before GC invocations=191 (full 3):
 PSYoungGen      total 76800K, used 73954K [0x00000000d5580000, 0x00000000dab00000, 0x0000000100000000)
  eden space 67072K, 100% used [0x00000000d5580000,0x00000000d9700000,0x00000000d9700000)
  from space 9728K, 70% used [0x00000000d9780000,0x00000000d9e389a0,0x00000000da100000)
  to   space 10240K, 0% used [0x00000000da100000,0x00000000da100000,0x00000000dab00000)
 ParOldGen       total 215040K, used 101784K [0x0000000080000000, 0x000000008d200000, 0x00000000d5580000)
  object space 215040K, 47% used [0x0000000080000000,0x00000000863663b8,0x000000008d200000)
 Metaspace       used 94352K, capacity 97712K, committed 98048K, reserved 1134592K
  class space    used 11385K, capacity 11924K, committed 12032K, reserved 1048576K
2023-04-05T13:57:15.773+0600: 1082707.856: [GC (Allocation Failure) [PSYoungGen: 73954K->5698K(77312K)] 175739K->107499K(292352K), 0.0174886 secs] [Times: user=0.03 sys=0.00, real=0.02 secs] 
Heap after GC invocations=191 (full 3):
 PSYoungGen      total 77312K, used 5698K [0x00000000d5580000, 0x00000000daa80000, 0x0000000100000000)
  eden space 67584K, 0% used [0x00000000d5580000,0x00000000d5580000,0x00000000d9780000)
  from space 9728K, 58% used [0x00000000da100000,0x00000000da690b90,0x00000000daa80000)
  to   space 9728K, 0% used [0x00000000d9780000,0x00000000d9780000,0x00000000da100000)
 ParOldGen       total 215040K, used 101800K [0x0000000080000000, 0x000000008d200000, 0x00000000d5580000)
  object space 215040K, 47% used [0x0000000080000000,0x000000008636a3b8,0x000000008d200000)
 Metaspace       used 94352K, capacity 97712K, committed 98048K, reserved 1134592K
  class space    used 11385K, capacity 11924K, committed 12032K, reserved 1048576K
}
{Heap before GC invocations=192 (full 3):
 PSYoungGen      total 77312K, used 73282K [0x00000000d5580000, 0x00000000daa80000, 0x0000000100000000)
  eden space 67584K, 100% used [0x00000000d5580000,0x00000000d9780000,0x00000000d9780000)
  from space 9728K, 58% used [0x00000000da100000,0x00000000da690b90,0x00000000daa80000)
  to   space 9728K, 0% used [0x00000000d9780000,0x00000000d9780000,0x00000000da100000)
 ParOldGen       total 215040K, used 101800K [0x0000000080000000, 0x000000008d200000, 0x00000000d5580000)
  object space 215040K, 47% used [0x0000000080000000,0x000000008636a3b8,0x000000008d200000)
 Metaspace       used 94354K, capacity 97712K, committed 98048K, reserved 1134592K
  class space    used 11385K, capacity 11924K, committed 12032K, reserved 1048576K
2023-04-05T14:44:56.470+0600: 1085568.553: [GC (Allocation Failure) [PSYoungGen: 73282K->5266K(77312K)] 175083K->107067K(292352K), 0.0153488 secs] [Times: user=0.02 sys=0.01, real=0.01 secs] 
Heap after GC invocations=192 (full 3):
 PSYoungGen      total 77312K, used 5266K [0x00000000d5580000, 0x00000000daa80000, 0x0000000100000000)
  eden space 67584K, 0% used [0x00000000d5580000,0x00000000d5580000,0x00000000d9780000)
  from space 9728K, 54% used [0x00000000d9780000,0x00000000d9ca4980,0x00000000da100000)
  to   space 9216K, 0% used [0x00000000da180000,0x00000000da180000,0x00000000daa80000)
 ParOldGen       total 215040K, used 101800K [0x0000000080000000, 0x000000008d200000, 0x00000000d5580000)
  object space 215040K, 47% used [0x0000000080000000,0x000000008636a3b8,0x000000008d200000)
 Metaspace       used 94354K, capacity 97712K, committed 98048K, reserved 1134592K
  class space    used 11385K, capacity 11924K, committed 12032K, reserved 1048576K
}
{Heap before GC invocations=193 (full 3):
 PSYoungGen      total 77312K, used 72850K [0x00000000d5580000, 0x00000000daa80000, 0x0000000100000000)
  eden space 67584K, 100% used [0x00000000d5580000,0x00000000d9780000,0x00000000d9780000)
  from space 9728K, 54% used [0x00000000d9780000,0x00000000d9ca4980,0x00000000da100000)
  to   space 9216K, 0% used [0x00000000da180000,0x00000000da180000,0x00000000daa80000)
 ParOldGen       total 215040K, used 101800K [0x0000000080000000, 0x000000008d200000, 0x00000000d5580000)
  object space 215040K, 47% used [0x0000000080000000,0x000000008636a3b8,0x000000008d200000)
 Metaspace       used 94355K, capacity 97712K, committed 98048K, reserved 1134592K
  class space    used 11385K, capacity 11924K, committed 12032K, reserved 1048576K
2023-04-05T15:37:39.683+0600: 1088731.766: [GC (Allocation Failure) [PSYoungGen: 72850K->4289K(77824K)] 174651K->106090K(292864K), 0.0158675 secs] [Times: user=0.03 sys=0.00, real=0.01 secs] 
Heap after GC invocations=193 (full 3):
 PSYoungGen      total 77824K, used 4289K [0x00000000d5580000, 0x00000000daa80000, 0x0000000100000000)
  eden space 68608K, 0% used [0x00000000d5580000,0x00000000d5580000,0x00000000d9880000)
  from space 9216K, 46% used [0x00000000da180000,0x00000000da5b04b0,0x00000000daa80000)
  to   space 9216K, 0% used [0x00000000d9880000,0x00000000d9880000,0x00000000da180000)
 ParOldGen       total 215040K, used 101800K [0x0000000080000000, 0x000000008d200000, 0x00000000d5580000)
  object space 215040K, 47% used [0x0000000080000000,0x000000008636a3b8,0x000000008d200000)
 Metaspace       used 94355K, capacity 97712K, committed 98048K, reserved 1134592K
  class space    used 11385K, capacity 11924K, committed 12032K, reserved 1048576K
}
{Heap before GC invocations=194 (full 3):
 PSYoungGen      total 77824K, used 72897K [0x00000000d5580000, 0x00000000daa80000, 0x0000000100000000)
  eden space 68608K, 100% used [0x00000000d5580000,0x00000000d9880000,0x00000000d9880000)
  from space 9216K, 46% used [0x00000000da180000,0x00000000da5b04b0,0x00000000daa80000)
  to   space 9216K, 0% used [0x00000000d9880000,0x00000000d9880000,0x00000000da180000)
 ParOldGen       total 215040K, used 101800K [0x0000000080000000, 0x000000008d200000, 0x00000000d5580000)
  object space 215040K, 47% used [0x0000000080000000,0x000000008636a3b8,0x000000008d200000)
 Metaspace       used 94355K, capacity 97712K, committed 98048K, reserved 1134592K
  class space    used 11385K, capacity 11924K, committed 12032K, reserved 1048576K
2023-04-05T16:19:27.301+0600: 1091239.384: [GC (Allocation Failure) [PSYoungGen: 72897K->5747K(77824K)] 174698K->107548K(292864K), 0.0212854 secs] [Times: user=0.04 sys=0.00, real=0.02 secs] 
Heap after GC invocations=194 (full 3):
 PSYoungGen      total 77824K, used 5747K [0x00000000d5580000, 0x00000000daa80000, 0x0000000100000000)
  eden space 68608K, 0% used [0x00000000d5580000,0x00000000d5580000,0x00000000d9880000)
  from space 9216K, 62% used [0x00000000d9880000,0x00000000d9e1cf60,0x00000000da180000)
  to   space 9216K, 0% used [0x00000000da180000,0x00000000da180000,0x00000000daa80000)
 ParOldGen       total 215040K, used 101800K [0x0000000080000000, 0x000000008d200000, 0x00000000d5580000)
  object space 215040K, 47% used [0x0000000080000000,0x000000008636a3b8,0x000000008d200000)
 Metaspace       used 94355K, capacity 97712K, committed 98048K, reserved 1134592K
  class space    used 11385K, capacity 11924K, committed 12032K, reserved 1048576K
}
{Heap before GC invocations=195 (full 3):
 PSYoungGen      total 77824K, used 74355K [0x00000000d5580000, 0x00000000daa80000, 0x0000000100000000)
  eden space 68608K, 99% used [0x00000000d5580000,0x00000000d987fdf8,0x00000000d9880000)
  from space 9216K, 62% used [0x00000000d9880000,0x00000000d9e1cf60,0x00000000da180000)
  to   space 9216K, 0% used [0x00000000da180000,0x00000000da180000,0x00000000daa80000)
 ParOldGen       total 215040K, used 101800K [0x0000000080000000, 0x000000008d200000, 0x00000000d5580000)
  object space 215040K, 47% used [0x0000000080000000,0x000000008636a3b8,0x000000008d200000)
 Metaspace       used 94358K, capacity 97712K, committed 98048K, reserved 1134592K
  class space    used 11385K, capacity 11924K, committed 12032K, reserved 1048576K
2023-04-05T17:04:38.454+0600: 1093950.537: [GC (Allocation Failure) [PSYoungGen: 74355K->5331K(78336K)] 176156K->107132K(293376K), 0.0186075 secs] [Times: user=0.03 sys=0.00, real=0.02 secs] 
Heap after GC invocations=195 (full 3):
 PSYoungGen      total 78336K, used 5331K [0x00000000d5580000, 0x00000000daa80000, 0x0000000100000000)
  eden space 69120K, 0% used [0x00000000d5580000,0x00000000d5580000,0x00000000d9900000)
  from space 9216K, 57% used [0x00000000da180000,0x00000000da6b4fd0,0x00000000daa80000)
  to   space 8704K, 0% used [0x00000000d9900000,0x00000000d9900000,0x00000000da180000)
 ParOldGen       total 215040K, used 101800K [0x0000000080000000, 0x000000008d200000, 0x00000000d5580000)
  object space 215040K, 47% used [0x0000000080000000,0x000000008636a3b8,0x000000008d200000)
 Metaspace       used 94358K, capacity 97712K, committed 98048K, reserved 1134592K
  class space    used 11385K, capacity 11924K, committed 12032K, reserved 1048576K
}
{Heap before GC invocations=196 (full 3):
 PSYoungGen      total 78336K, used 74451K [0x00000000d5580000, 0x00000000daa80000, 0x0000000100000000)
  eden space 69120K, 100% used [0x00000000d5580000,0x00000000d9900000,0x00000000d9900000)
  from space 9216K, 57% used [0x00000000da180000,0x00000000da6b4fd0,0x00000000daa80000)
  to   space 8704K, 0% used [0x00000000d9900000,0x00000000d9900000,0x00000000da180000)
 ParOldGen       total 215040K, used 101800K [0x0000000080000000, 0x000000008d200000, 0x00000000d5580000)
  object space 215040K, 47% used [0x0000000080000000,0x000000008636a3b8,0x000000008d200000)
 Metaspace       used 94360K, capacity 97712K, committed 98048K, reserved 1134592K
  class space    used 11385K, capacity 11924K, committed 12032K, reserved 1048576K
2023-04-05T17:04:46.632+0600: 1093958.715: [GC (Allocation Failure) [PSYoungGen: 74451K->8701K(76800K)] 176252K->110877K(291840K), 0.0185678 secs] [Times: user=0.03 sys=0.00, real=0.02 secs] 
Heap after GC invocations=196 (full 3):
 PSYoungGen      total 76800K, used 8701K [0x00000000d5580000, 0x00000000dab00000, 0x0000000100000000)
  eden space 68096K, 0% used [0x00000000d5580000,0x00000000d5580000,0x00000000d9800000)
  from space 8704K, 99% used [0x00000000d9900000,0x00000000da17f7c0,0x00000000da180000)
  to   space 9728K, 0% used [0x00000000da180000,0x00000000da180000,0x00000000dab00000)
 ParOldGen       total 215040K, used 102176K [0x0000000080000000, 0x000000008d200000, 0x00000000d5580000)
  object space 215040K, 47% used [0x0000000080000000,0x00000000863c8008,0x000000008d200000)
 Metaspace       used 94360K, capacity 97712K, committed 98048K, reserved 1134592K
  class space    used 11385K, capacity 11924K, committed 12032K, reserved 1048576K
}
{Heap before GC invocations=197 (full 3):
 PSYoungGen      total 76800K, used 76797K [0x00000000d5580000, 0x00000000dab00000, 0x0000000100000000)
  eden space 68096K, 100% used [0x00000000d5580000,0x00000000d9800000,0x00000000d9800000)
  from space 8704K, 99% used [0x00000000d9900000,0x00000000da17f7c0,0x00000000da180000)
  to   space 9728K, 0% used [0x00000000da180000,0x00000000da180000,0x00000000dab00000)
 ParOldGen       total 215040K, used 102176K [0x0000000080000000, 0x000000008d200000, 0x00000000d5580000)
  object space 215040K, 47% used [0x0000000080000000,0x00000000863c8008,0x000000008d200000)
 Metaspace       used 94361K, capacity 97712K, committed 98048K, reserved 1134592K
  class space    used 11385K, capacity 11924K, committed 12032K, reserved 1048576K
2023-04-05T17:45:57.294+0600: 1096429.377: [GC (Allocation Failure) [PSYoungGen: 76797K->9109K(76800K)] 178973K->111285K(291840K), 0.0170373 secs] [Times: user=0.03 sys=0.00, real=0.02 secs] 
Heap after GC invocations=197 (full 3):
 PSYoungGen      total 76800K, used 9109K [0x00000000d5580000, 0x00000000dac80000, 0x0000000100000000)
  eden space 67072K, 0% used [0x00000000d5580000,0x00000000d5580000,0x00000000d9700000)
  from space 9728K, 93% used [0x00000000da180000,0x00000000daa654c0,0x00000000dab00000)
  to   space 10752K, 0% used [0x00000000d9700000,0x00000000d9700000,0x00000000da180000)
 ParOldGen       total 215040K, used 102176K [0x0000000080000000, 0x000000008d200000, 0x00000000d5580000)
  object space 215040K, 47% used [0x0000000080000000,0x00000000863c8008,0x000000008d200000)
 Metaspace       used 94361K, capacity 97712K, committed 98048K, reserved 1134592K
  class space    used 11385K, capacity 11924K, committed 12032K, reserved 1048576K
}
{Heap before GC invocations=198 (full 3):
 PSYoungGen      total 76800K, used 76181K [0x00000000d5580000, 0x00000000dac80000, 0x0000000100000000)
  eden space 67072K, 100% used [0x00000000d5580000,0x00000000d9700000,0x00000000d9700000)
  from space 9728K, 93% used [0x00000000da180000,0x00000000daa654c0,0x00000000dab00000)
  to   space 10752K, 0% used [0x00000000d9700000,0x00000000d9700000,0x00000000da180000)
 ParOldGen       total 215040K, used 102176K [0x0000000080000000, 0x000000008d200000, 0x00000000d5580000)
  object space 215040K, 47% used [0x0000000080000000,0x00000000863c8008,0x000000008d200000)
 Metaspace       used 94361K, capacity 97712K, committed 98048K, reserved 1134592K
  class space    used 11385K, capacity 11924K, committed 12032K, reserved 1048576K
2023-04-05T18:44:36.552+0600: 1099948.635: [GC (Allocation Failure) [PSYoungGen: 76181K->4193K(71168K)] 178357K->106369K(286208K), 0.0154158 secs] [Times: user=0.02 sys=0.01, real=0.01 secs] 
Heap after GC invocations=198 (full 3):
 PSYoungGen      total 71168K, used 4193K [0x00000000d5580000, 0x00000000dab80000, 0x0000000100000000)
  eden space 66560K, 0% used [0x00000000d5580000,0x00000000d5580000,0x00000000d9680000)
  from space 4608K, 90% used [0x00000000d9700000,0x00000000d9b184e0,0x00000000d9b80000)
  to   space 10752K, 0% used [0x00000000da100000,0x00000000da100000,0x00000000dab80000)
 ParOldGen       total 215040K, used 102176K [0x0000000080000000, 0x000000008d200000, 0x00000000d5580000)
  object space 215040K, 47% used [0x0000000080000000,0x00000000863c8008,0x000000008d200000)
 Metaspace       used 94361K, capacity 97712K, committed 98048K, reserved 1134592K
  class space    used 11385K, capacity 11924K, committed 12032K, reserved 1048576K
}
{Heap before GC invocations=199 (full 3):
 PSYoungGen      total 71168K, used 70753K [0x00000000d5580000, 0x00000000dab80000, 0x0000000100000000)
  eden space 66560K, 100% used [0x00000000d5580000,0x00000000d9680000,0x00000000d9680000)
  from space 4608K, 90% used [0x00000000d9700000,0x00000000d9b184e0,0x00000000d9b80000)
  to   space 10752K, 0% used [0x00000000da100000,0x00000000da100000,0x00000000dab80000)
 ParOldGen       total 215040K, used 102176K [0x0000000080000000, 0x000000008d200000, 0x00000000d5580000)
  object space 215040K, 47% used [0x0000000080000000,0x00000000863c8008,0x000000008d200000)
 Metaspace       used 94364K, capacity 97712K, committed 98048K, reserved 1134592K
  class space    used 11385K, capacity 11924K, committed 12032K, reserved 1048576K
2023-04-05T19:34:28.088+0600: 1102940.171: [GC (Allocation Failure) [PSYoungGen: 70753K->4753K(76288K)] 172929K->106961K(291328K), 0.0197896 secs] [Times: user=0.03 sys=0.00, real=0.02 secs] 
Heap after GC invocations=199 (full 3):
 PSYoungGen      total 76288K, used 4753K [0x00000000d5580000, 0x00000000daa80000, 0x0000000100000000)
  eden space 66560K, 0% used [0x00000000d5580000,0x00000000d5580000,0x00000000d9680000)
  from space 9728K, 48% used [0x00000000da100000,0x00000000da5a4500,0x00000000daa80000)
  to   space 10240K, 0% used [0x00000000d9680000,0x00000000d9680000,0x00000000da080000)
 ParOldGen       total 215040K, used 102208K [0x0000000080000000, 0x000000008d200000, 0x00000000d5580000)
  object space 215040K, 47% used [0x0000000080000000,0x00000000863d0008,0x000000008d200000)
 Metaspace       used 94364K, capacity 97712K, committed 98048K, reserved 1134592K
  class space    used 11385K, capacity 11924K, committed 12032K, reserved 1048576K
}
{Heap before GC invocations=200 (full 3):
 PSYoungGen      total 76288K, used 71313K [0x00000000d5580000, 0x00000000daa80000, 0x0000000100000000)
  eden space 66560K, 100% used [0x00000000d5580000,0x00000000d9680000,0x00000000d9680000)
  from space 9728K, 48% used [0x00000000da100000,0x00000000da5a4500,0x00000000daa80000)
  to   space 10240K, 0% used [0x00000000d9680000,0x00000000d9680000,0x00000000da080000)
 ParOldGen       total 215040K, used 102208K [0x0000000080000000, 0x000000008d200000, 0x00000000d5580000)
  object space 215040K, 47% used [0x0000000080000000,0x00000000863d0008,0x000000008d200000)
 Metaspace       used 94380K, capacity 97736K, committed 98048K, reserved 1134592K
  class space    used 11387K, capacity 11928K, committed 12032K, reserved 1048576K
2023-04-05T20:30:23.332+0600: 1106295.414: [GC (Allocation Failure) [PSYoungGen: 71313K->4273K(76800K)] 173521K->106529K(291840K), 0.0185166 secs] [Times: user=0.02 sys=0.01, real=0.02 secs] 
Heap after GC invocations=200 (full 3):
 PSYoungGen      total 76800K, used 4273K [0x00000000d5580000, 0x00000000daa80000, 0x0000000100000000)
  eden space 66560K, 0% used [0x00000000d5580000,0x00000000d5580000,0x00000000d9680000)
  from space 10240K, 41% used [0x00000000d9680000,0x00000000d9aac700,0x00000000da080000)
  to   space 10240K, 0% used [0x00000000da080000,0x00000000da080000,0x00000000daa80000)
 ParOldGen       total 215040K, used 102256K [0x0000000080000000, 0x000000008d200000, 0x00000000d5580000)
  object space 215040K, 47% used [0x0000000080000000,0x00000000863dc008,0x000000008d200000)
 Metaspace       used 94380K, capacity 97736K, committed 98048K, reserved 1134592K
  class space    used 11387K, capacity 11928K, committed 12032K, reserved 1048576K
}
{Heap before GC invocations=201 (full 3):
 PSYoungGen      total 76800K, used 70833K [0x00000000d5580000, 0x00000000daa80000, 0x0000000100000000)
  eden space 66560K, 100% used [0x00000000d5580000,0x00000000d9680000,0x00000000d9680000)
  from space 10240K, 41% used [0x00000000d9680000,0x00000000d9aac700,0x00000000da080000)
  to   space 10240K, 0% used [0x00000000da080000,0x00000000da080000,0x00000000daa80000)
 ParOldGen       total 215040K, used 102256K [0x0000000080000000, 0x000000008d200000, 0x00000000d5580000)
  object space 215040K, 47% used [0x0000000080000000,0x00000000863dc008,0x000000008d200000)
 Metaspace       used 94390K, capacity 97800K, committed 98048K, reserved 1134592K
  class space    used 11387K, capacity 11928K, committed 12032K, reserved 1048576K
2023-04-05T21:21:56.188+0600: 1109388.271: [GC (Allocation Failure) [PSYoungGen: 70833K->4417K(77312K)] 173089K->106777K(292352K), 0.0202232 secs] [Times: user=0.04 sys=0.00, real=0.02 secs] 
Heap after GC invocations=201 (full 3):
 PSYoungGen      total 77312K, used 4417K [0x00000000d5580000, 0x00000000daa80000, 0x0000000100000000)
  eden space 67072K, 0% used [0x00000000d5580000,0x00000000d5580000,0x00000000d9700000)
  from space 10240K, 43% used [0x00000000da080000,0x00000000da4d04d0,0x00000000daa80000)
  to   space 9728K, 0% used [0x00000000d9700000,0x00000000d9700000,0x00000000da080000)
 ParOldGen       total 215040K, used 102360K [0x0000000080000000, 0x000000008d200000, 0x00000000d5580000)
  object space 215040K, 47% used [0x0000000080000000,0x00000000863f6008,0x000000008d200000)
 Metaspace       used 94390K, capacity 97800K, committed 98048K, reserved 1134592K
  class space    used 11387K, capacity 11928K, committed 12032K, reserved 1048576K
}
{Heap before GC invocations=202 (full 3):
 PSYoungGen      total 77312K, used 71489K [0x00000000d5580000, 0x00000000daa80000, 0x0000000100000000)
  eden space 67072K, 100% used [0x00000000d5580000,0x00000000d9700000,0x00000000d9700000)
  from space 10240K, 43% used [0x00000000da080000,0x00000000da4d04d0,0x00000000daa80000)
  to   space 9728K, 0% used [0x00000000d9700000,0x00000000d9700000,0x00000000da080000)
 ParOldGen       total 215040K, used 102360K [0x0000000080000000, 0x000000008d200000, 0x00000000d5580000)
  object space 215040K, 47% used [0x0000000080000000,0x00000000863f6008,0x000000008d200000)
 Metaspace       used 94390K, capacity 97800K, committed 98048K, reserved 1134592K
  class space    used 11387K, capacity 11928K, committed 12032K, reserved 1048576K
2023-04-05T22:22:59.884+0600: 1113051.967: [GC (Allocation Failure) [PSYoungGen: 71489K->3840K(76800K)] 173849K->106280K(291840K), 0.0169588 secs] [Times: user=0.02 sys=0.00, real=0.02 secs] 
Heap after GC invocations=202 (full 3):
 PSYoungGen      total 76800K, used 3840K [0x00000000d5580000, 0x00000000daa80000, 0x0000000100000000)
  eden space 67072K, 0% used [0x00000000d5580000,0x00000000d5580000,0x00000000d9700000)
  from space 9728K, 39% used [0x00000000d9700000,0x00000000d9ac0290,0x00000000da080000)
  to   space 9728K, 0% used [0x00000000da100000,0x00000000da100000,0x00000000daa80000)
 ParOldGen       total 215040K, used 102440K [0x0000000080000000, 0x000000008d200000, 0x00000000d5580000)
  object space 215040K, 47% used [0x0000000080000000,0x000000008640a008,0x000000008d200000)
 Metaspace       used 94390K, capacity 97800K, committed 98048K, reserved 1134592K
  class space    used 11387K, capacity 11928K, committed 12032K, reserved 1048576K
}
{Heap before GC invocations=203 (full 3):
 PSYoungGen      total 76800K, used 70912K [0x00000000d5580000, 0x00000000daa80000, 0x0000000100000000)
  eden space 67072K, 100% used [0x00000000d5580000,0x00000000d9700000,0x00000000d9700000)
  from space 9728K, 39% used [0x00000000d9700000,0x00000000d9ac0290,0x00000000da080000)
  to   space 9728K, 0% used [0x00000000da100000,0x00000000da100000,0x00000000daa80000)
 ParOldGen       total 215040K, used 102440K [0x0000000080000000, 0x000000008d200000, 0x00000000d5580000)
  object space 215040K, 47% used [0x0000000080000000,0x000000008640a008,0x000000008d200000)
 Metaspace       used 94390K, capacity 97800K, committed 98048K, reserved 1134592K
  class space    used 11387K, capacity 11928K, committed 12032K, reserved 1048576K
2023-04-05T23:24:04.974+0600: 1116717.057: [GC (Allocation Failure) [PSYoungGen: 70912K->3696K(77312K)] 173352K->106208K(292352K), 0.0157077 secs] [Times: user=0.03 sys=0.00, real=0.02 secs] 
Heap after GC invocations=203 (full 3):
 PSYoungGen      total 77312K, used 3696K [0x00000000d5580000, 0x00000000daa80000, 0x0000000100000000)
  eden space 67584K, 0% used [0x00000000d5580000,0x00000000d5580000,0x00000000d9780000)
  from space 9728K, 38% used [0x00000000da100000,0x00000000da49c2a0,0x00000000daa80000)
  to   space 9728K, 0% used [0x00000000d9780000,0x00000000d9780000,0x00000000da100000)
 ParOldGen       total 215040K, used 102512K [0x0000000080000000, 0x000000008d200000, 0x00000000d5580000)
  object space 215040K, 47% used [0x0000000080000000,0x000000008641c008,0x000000008d200000)
 Metaspace       used 94390K, capacity 97800K, committed 98048K, reserved 1134592K
  class space    used 11387K, capacity 11928K, committed 12032K, reserved 1048576K
}
{Heap before GC invocations=204 (full 3):
 PSYoungGen      total 77312K, used 71280K [0x00000000d5580000, 0x00000000daa80000, 0x0000000100000000)
  eden space 67584K, 100% used [0x00000000d5580000,0x00000000d9780000,0x00000000d9780000)
  from space 9728K, 38% used [0x00000000da100000,0x00000000da49c2a0,0x00000000daa80000)
  to   space 9728K, 0% used [0x00000000d9780000,0x00000000d9780000,0x00000000da100000)
 ParOldGen       total 215040K, used 102512K [0x0000000080000000, 0x000000008d200000, 0x00000000d5580000)
  object space 215040K, 47% used [0x0000000080000000,0x000000008641c008,0x000000008d200000)
 Metaspace       used 94390K, capacity 97800K, committed 98048K, reserved 1134592K
  class space    used 11387K, capacity 11928K, committed 12032K, reserved 1048576K
2023-04-06T00:26:26.116+0600: 1120458.199: [GC (Allocation Failure) [PSYoungGen: 71280K->3681K(77312K)] 173792K->106233K(292352K), 0.0191689 secs] [Times: user=0.03 sys=0.00, real=0.02 secs] 
Heap after GC invocations=204 (full 3):
 PSYoungGen      total 77312K, used 3681K [0x00000000d5580000, 0x00000000daa80000, 0x0000000100000000)
  eden space 67584K, 0% used [0x00000000d5580000,0x00000000d5580000,0x00000000d9780000)
  from space 9728K, 37% used [0x00000000d9780000,0x00000000d9b186f0,0x00000000da100000)
  to   space 9216K, 0% used [0x00000000da180000,0x00000000da180000,0x00000000daa80000)
 ParOldGen       total 215040K, used 102552K [0x0000000080000000, 0x000000008d200000, 0x00000000d5580000)
  object space 215040K, 47% used [0x0000000080000000,0x0000000086426008,0x000000008d200000)
 Metaspace       used 94390K, capacity 97800K, committed 98048K, reserved 1134592K
  class space    used 11387K, capacity 11928K, committed 12032K, reserved 1048576K
}
{Heap before GC invocations=205 (full 3):
 PSYoungGen      total 77312K, used 71265K [0x00000000d5580000, 0x00000000daa80000, 0x0000000100000000)
  eden space 67584K, 100% used [0x00000000d5580000,0x00000000d9780000,0x00000000d9780000)
  from space 9728K, 37% used [0x00000000d9780000,0x00000000d9b186f0,0x00000000da100000)
  to   space 9216K, 0% used [0x00000000da180000,0x00000000da180000,0x00000000daa80000)
 ParOldGen       total 215040K, used 102552K [0x0000000080000000, 0x000000008d200000, 0x00000000d5580000)
  object space 215040K, 47% used [0x0000000080000000,0x0000000086426008,0x000000008d200000)
 Metaspace       used 94390K, capacity 97800K, committed 98048K, reserved 1134592K
  class space    used 11387K, capacity 11928K, committed 12032K, reserved 1048576K
2023-04-06T01:29:01.818+0600: 1124213.901: [GC (Allocation Failure) [PSYoungGen: 71265K->3664K(77824K)] 173817K->106248K(292864K), 0.0147912 secs] [Times: user=0.02 sys=0.00, real=0.02 secs] 
Heap after GC invocations=205 (full 3):
 PSYoungGen      total 77824K, used 3664K [0x00000000d5580000, 0x00000000daa80000, 0x0000000100000000)
  eden space 68608K, 0% used [0x00000000d5580000,0x00000000d5580000,0x00000000d9880000)
  from space 9216K, 39% used [0x00000000da180000,0x00000000da5142a0,0x00000000daa80000)
  to   space 9216K, 0% used [0x00000000d9880000,0x00000000d9880000,0x00000000da180000)
 ParOldGen       total 215040K, used 102584K [0x0000000080000000, 0x000000008d200000, 0x00000000d5580000)
  object space 215040K, 47% used [0x0000000080000000,0x000000008642e008,0x000000008d200000)
 Metaspace       used 94390K, capacity 97800K, committed 98048K, reserved 1134592K
  class space    used 11387K, capacity 11928K, committed 12032K, reserved 1048576K
}
{Heap before GC invocations=206 (full 3):
 PSYoungGen      total 77824K, used 72272K [0x00000000d5580000, 0x00000000daa80000, 0x0000000100000000)
  eden space 68608K, 100% used [0x00000000d5580000,0x00000000d9880000,0x00000000d9880000)
  from space 9216K, 39% used [0x00000000da180000,0x00000000da5142a0,0x00000000daa80000)
  to   space 9216K, 0% used [0x00000000d9880000,0x00000000d9880000,0x00000000da180000)
 ParOldGen       total 215040K, used 102584K [0x0000000080000000, 0x000000008d200000, 0x00000000d5580000)
  object space 215040K, 47% used [0x0000000080000000,0x000000008642e008,0x000000008d200000)
 Metaspace       used 94390K, capacity 97800K, committed 98048K, reserved 1134592K
  class space    used 11387K, capacity 11928K, committed 12032K, reserved 1048576K
2023-04-06T02:34:23.773+0600: 1128135.856: [GC (Allocation Failure) [PSYoungGen: 72272K->3633K(77824K)] 174856K->106233K(292864K), 0.0200101 secs] [Times: user=0.03 sys=0.00, real=0.02 secs] 
Heap after GC invocations=206 (full 3):
 PSYoungGen      total 77824K, used 3633K [0x00000000d5580000, 0x00000000daa80000, 0x0000000100000000)
  eden space 68608K, 0% used [0x00000000d5580000,0x00000000d5580000,0x00000000d9880000)
  from space 9216K, 39% used [0x00000000d9880000,0x00000000d9c0c4c0,0x00000000da180000)
  to   space 9216K, 0% used [0x00000000da180000,0x00000000da180000,0x00000000daa80000)
 ParOldGen       total 215040K, used 102600K [0x0000000080000000, 0x000000008d200000, 0x00000000d5580000)
  object space 215040K, 47% used [0x0000000080000000,0x0000000086432008,0x000000008d200000)
 Metaspace       used 94390K, capacity 97800K, committed 98048K, reserved 1134592K
  class space    used 11387K, capacity 11928K, committed 12032K, reserved 1048576K
}
{Heap before GC invocations=207 (full 3):
 PSYoungGen      total 77824K, used 72241K [0x00000000d5580000, 0x00000000daa80000, 0x0000000100000000)
  eden space 68608K, 100% used [0x00000000d5580000,0x00000000d9880000,0x00000000d9880000)
  from space 9216K, 39% used [0x00000000d9880000,0x00000000d9c0c4c0,0x00000000da180000)
  to   space 9216K, 0% used [0x00000000da180000,0x00000000da180000,0x00000000daa80000)
 ParOldGen       total 215040K, used 102600K [0x0000000080000000, 0x000000008d200000, 0x00000000d5580000)
  object space 215040K, 47% used [0x0000000080000000,0x0000000086432008,0x000000008d200000)
 Metaspace       used 94390K, capacity 97800K, committed 98048K, reserved 1134592K
  class space    used 11387K, capacity 11928K, committed 12032K, reserved 1048576K
2023-04-06T03:38:09.700+0600: 1131961.783: [GC (Allocation Failure) [PSYoungGen: 72241K->3632K(78336K)] 174841K->106248K(293376K), 0.0149978 secs] [Times: user=0.03 sys=0.01, real=0.01 secs] 
Heap after GC invocations=207 (full 3):
 PSYoungGen      total 78336K, used 3632K [0x00000000d5580000, 0x00000000daa80000, 0x0000000100000000)
  eden space 69120K, 0% used [0x00000000d5580000,0x00000000d5580000,0x00000000d9900000)
  from space 9216K, 39% used [0x00000000da180000,0x00000000da50c060,0x00000000daa80000)
  to   space 8704K, 0% used [0x00000000d9900000,0x00000000d9900000,0x00000000da180000)
 ParOldGen       total 215040K, used 102616K [0x0000000080000000, 0x000000008d200000, 0x00000000d5580000)
  object space 215040K, 47% used [0x0000000080000000,0x0000000086436008,0x000000008d200000)
 Metaspace       used 94390K, capacity 97800K, committed 98048K, reserved 1134592K
  class space    used 11387K, capacity 11928K, committed 12032K, reserved 1048576K
}
{Heap before GC invocations=208 (full 3):
 PSYoungGen      total 78336K, used 72752K [0x00000000d5580000, 0x00000000daa80000, 0x0000000100000000)
  eden space 69120K, 100% used [0x00000000d5580000,0x00000000d9900000,0x00000000d9900000)
  from space 9216K, 39% used [0x00000000da180000,0x00000000da50c060,0x00000000daa80000)
  to   space 8704K, 0% used [0x00000000d9900000,0x00000000d9900000,0x00000000da180000)
 ParOldGen       total 215040K, used 102616K [0x0000000080000000, 0x000000008d200000, 0x00000000d5580000)
  object space 215040K, 47% used [0x0000000080000000,0x0000000086436008,0x000000008d200000)
 Metaspace       used 94392K, capacity 97800K, committed 98048K, reserved 1134592K
  class space    used 11387K, capacity 11928K, committed 12032K, reserved 1048576K
2023-04-06T04:40:06.617+0600: 1135678.700: [GC (Allocation Failure) [PSYoungGen: 72752K->3632K(77824K)] 175368K->106264K(292864K), 0.0190874 secs] [Times: user=0.03 sys=0.00, real=0.02 secs] 
Heap after GC invocations=208 (full 3):
 PSYoungGen      total 77824K, used 3632K [0x00000000d5580000, 0x00000000daa80000, 0x0000000100000000)
  eden space 69120K, 0% used [0x00000000d5580000,0x00000000d5580000,0x00000000d9900000)
  from space 8704K, 41% used [0x00000000d9900000,0x00000000d9c8c060,0x00000000da180000)
  to   space 8704K, 0% used [0x00000000da200000,0x00000000da200000,0x00000000daa80000)
 ParOldGen       total 215040K, used 102632K [0x0000000080000000, 0x000000008d200000, 0x00000000d5580000)
  object space 215040K, 47% used [0x0000000080000000,0x000000008643a008,0x000000008d200000)
 Metaspace       used 94392K, capacity 97800K, committed 98048K, reserved 1134592K
  class space    used 11387K, capacity 11928K, committed 12032K, reserved 1048576K
}
{Heap before GC invocations=209 (full 3):
 PSYoungGen      total 77824K, used 72752K [0x00000000d5580000, 0x00000000daa80000, 0x0000000100000000)
  eden space 69120K, 100% used [0x00000000d5580000,0x00000000d9900000,0x00000000d9900000)
  from space 8704K, 41% used [0x00000000d9900000,0x00000000d9c8c060,0x00000000da180000)
  to   space 8704K, 0% used [0x00000000da200000,0x00000000da200000,0x00000000daa80000)
 ParOldGen       total 215040K, used 102632K [0x0000000080000000, 0x000000008d200000, 0x00000000d5580000)
  object space 215040K, 47% used [0x0000000080000000,0x000000008643a008,0x000000008d200000)
 Metaspace       used 94393K, capacity 97800K, committed 98048K, reserved 1134592K
  class space    used 11387K, capacity 11928K, committed 12032K, reserved 1048576K
2023-04-06T05:42:49.299+0600: 1139441.382: [GC (Allocation Failure) [PSYoungGen: 72752K->3617K(78848K)] 175384K->106281K(293888K), 0.0174522 secs] [Times: user=0.03 sys=0.00, real=0.01 secs] 
Heap after GC invocations=209 (full 3):
 PSYoungGen      total 78848K, used 3617K [0x00000000d5580000, 0x00000000daa80000, 0x0000000100000000)
  eden space 70144K, 0% used [0x00000000d5580000,0x00000000d5580000,0x00000000d9a00000)
  from space 8704K, 41% used [0x00000000da200000,0x00000000da5884d0,0x00000000daa80000)
  to   space 8192K, 0% used [0x00000000d9a00000,0x00000000d9a00000,0x00000000da200000)
 ParOldGen       total 215040K, used 102664K [0x0000000080000000, 0x000000008d200000, 0x00000000d5580000)
  object space 215040K, 47% used [0x0000000080000000,0x0000000086442008,0x000000008d200000)
 Metaspace       used 94393K, capacity 97800K, committed 98048K, reserved 1134592K
  class space    used 11387K, capacity 11928K, committed 12032K, reserved 1048576K
}
{Heap before GC invocations=210 (full 3):
 PSYoungGen      total 78848K, used 73761K [0x00000000d5580000, 0x00000000daa80000, 0x0000000100000000)
  eden space 70144K, 100% used [0x00000000d5580000,0x00000000d9a00000,0x00000000d9a00000)
  from space 8704K, 41% used [0x00000000da200000,0x00000000da5884d0,0x00000000daa80000)
  to   space 8192K, 0% used [0x00000000d9a00000,0x00000000d9a00000,0x00000000da200000)
 ParOldGen       total 215040K, used 102664K [0x0000000080000000, 0x000000008d200000, 0x00000000d5580000)
  object space 215040K, 47% used [0x0000000080000000,0x0000000086442008,0x000000008d200000)
 Metaspace       used 94393K, capacity 97800K, committed 98048K, reserved 1134592K
  class space    used 11387K, capacity 11928K, committed 12032K, reserved 1048576K
2023-04-06T06:44:58.836+0600: 1143170.918: [GC (Allocation Failure) [PSYoungGen: 73761K->3153K(78336K)] 176425K->106257K(293376K), 0.0113263 secs] [Times: user=0.02 sys=0.00, real=0.01 secs] 
Heap after GC invocations=210 (full 3):
 PSYoungGen      total 78336K, used 3153K [0x00000000d5580000, 0x00000000daa80000, 0x0000000100000000)
  eden space 70144K, 0% used [0x00000000d5580000,0x00000000d5580000,0x00000000d9a00000)
  from space 8192K, 38% used [0x00000000d9a00000,0x00000000d9d144a0,0x00000000da200000)
  to   space 8192K, 0% used [0x00000000da280000,0x00000000da280000,0x00000000daa80000)
 ParOldGen       total 215040K, used 103104K [0x0000000080000000, 0x000000008d200000, 0x00000000d5580000)
  object space 215040K, 47% used [0x0000000080000000,0x00000000864b0148,0x000000008d200000)
 Metaspace       used 94393K, capacity 97800K, committed 98048K, reserved 1134592K
  class space    used 11387K, capacity 11928K, committed 12032K, reserved 1048576K
}
{Heap before GC invocations=211 (full 3):
 PSYoungGen      total 78336K, used 73297K [0x00000000d5580000, 0x00000000daa80000, 0x0000000100000000)
  eden space 70144K, 100% used [0x00000000d5580000,0x00000000d9a00000,0x00000000d9a00000)
  from space 8192K, 38% used [0x00000000d9a00000,0x00000000d9d144a0,0x00000000da200000)
  to   space 8192K, 0% used [0x00000000da280000,0x00000000da280000,0x00000000daa80000)
 ParOldGen       total 215040K, used 103104K [0x0000000080000000, 0x000000008d200000, 0x00000000d5580000)
  object space 215040K, 47% used [0x0000000080000000,0x00000000864b0148,0x000000008d200000)
 Metaspace       used 94393K, capacity 97800K, committed 98048K, reserved 1134592K
  class space    used 11387K, capacity 11928K, committed 12032K, reserved 1048576K
2023-04-06T07:49:27.178+0600: 1147039.261: [GC (Allocation Failure) [PSYoungGen: 73297K->2560K(78848K)] 176401K->106267K(293888K), 0.0152924 secs] [Times: user=0.03 sys=0.00, real=0.02 secs] 
Heap after GC invocations=211 (full 3):
 PSYoungGen      total 78848K, used 2560K [0x00000000d5580000, 0x00000000daa80000, 0x0000000100000000)
  eden space 70656K, 0% used [0x00000000d5580000,0x00000000d5580000,0x00000000d9a80000)
  from space 8192K, 31% used [0x00000000da280000,0x00000000da500000,0x00000000daa80000)
  to   space 8192K, 0% used [0x00000000d9a80000,0x00000000d9a80000,0x00000000da280000)
 ParOldGen       total 215040K, used 103707K [0x0000000080000000, 0x000000008d200000, 0x00000000d5580000)
  object space 215040K, 48% used [0x0000000080000000,0x0000000086546e28,0x000000008d200000)
 Metaspace       used 94393K, capacity 97800K, committed 98048K, reserved 1134592K
  class space    used 11387K, capacity 11928K, committed 12032K, reserved 1048576K
}
{Heap before GC invocations=212 (full 3):
 PSYoungGen      total 78848K, used 73216K [0x00000000d5580000, 0x00000000daa80000, 0x0000000100000000)
  eden space 70656K, 100% used [0x00000000d5580000,0x00000000d9a80000,0x00000000d9a80000)
  from space 8192K, 31% used [0x00000000da280000,0x00000000da500000,0x00000000daa80000)
  to   space 8192K, 0% used [0x00000000d9a80000,0x00000000d9a80000,0x00000000da280000)
 ParOldGen       total 215040K, used 103707K [0x0000000080000000, 0x000000008d200000, 0x00000000d5580000)
  object space 215040K, 48% used [0x0000000080000000,0x0000000086546e28,0x000000008d200000)
 Metaspace       used 94393K, capacity 97800K, committed 98048K, reserved 1134592K
  class space    used 11387K, capacity 11928K, committed 12032K, reserved 1048576K
2023-04-06T08:57:29.073+0600: 1151121.156: [GC (Allocation Failure) [PSYoungGen: 73216K->2432K(78848K)] 176923K->106319K(293888K), 0.0175853 secs] [Times: user=0.03 sys=0.00, real=0.02 secs] 
Heap after GC invocations=212 (full 3):
 PSYoungGen      total 78848K, used 2432K [0x00000000d5580000, 0x00000000daa80000, 0x0000000100000000)
  eden space 70656K, 0% used [0x00000000d5580000,0x00000000d5580000,0x00000000d9a80000)
  from space 8192K, 29% used [0x00000000d9a80000,0x00000000d9ce0000,0x00000000da280000)
  to   space 8192K, 0% used [0x00000000da280000,0x00000000da280000,0x00000000daa80000)
 ParOldGen       total 215040K, used 103887K [0x0000000080000000, 0x000000008d200000, 0x00000000d5580000)
  object space 215040K, 48% used [0x0000000080000000,0x0000000086573ca0,0x000000008d200000)
 Metaspace       used 94393K, capacity 97800K, committed 98048K, reserved 1134592K
  class space    used 11387K, capacity 11928K, committed 12032K, reserved 1048576K
}
{Heap before GC invocations=213 (full 3):
 PSYoungGen      total 78848K, used 73088K [0x00000000d5580000, 0x00000000daa80000, 0x0000000100000000)
  eden space 70656K, 100% used [0x00000000d5580000,0x00000000d9a80000,0x00000000d9a80000)
  from space 8192K, 29% used [0x00000000d9a80000,0x00000000d9ce0000,0x00000000da280000)
  to   space 8192K, 0% used [0x00000000da280000,0x00000000da280000,0x00000000daa80000)
 ParOldGen       total 215040K, used 103887K [0x0000000080000000, 0x000000008d200000, 0x00000000d5580000)
  object space 215040K, 48% used [0x0000000080000000,0x0000000086573ca0,0x000000008d200000)
 Metaspace       used 94393K, capacity 97864K, committed 98048K, reserved 1134592K
  class space    used 11387K, capacity 11928K, committed 12032K, reserved 1048576K
2023-04-06T09:54:41.817+0600: 1154553.900: [GC (Allocation Failure) [PSYoungGen: 73088K->3282K(79360K)] 176975K->107185K(294400K), 0.0154788 secs] [Times: user=0.03 sys=0.00, real=0.02 secs] 
Heap after GC invocations=213 (full 3):
 PSYoungGen      total 79360K, used 3282K [0x00000000d5580000, 0x00000000daa80000, 0x0000000100000000)
  eden space 71168K, 0% used [0x00000000d5580000,0x00000000d5580000,0x00000000d9b00000)
  from space 8192K, 40% used [0x00000000da280000,0x00000000da5b4920,0x00000000daa80000)
  to   space 7680K, 0% used [0x00000000d9b00000,0x00000000d9b00000,0x00000000da280000)
 ParOldGen       total 215040K, used 103903K [0x0000000080000000, 0x000000008d200000, 0x00000000d5580000)
  object space 215040K, 48% used [0x0000000080000000,0x0000000086577ca0,0x000000008d200000)
 Metaspace       used 94393K, capacity 97864K, committed 98048K, reserved 1134592K
  class space    used 11387K, capacity 11928K, committed 12032K, reserved 1048576K
}
{Heap before GC invocations=214 (full 3):
 PSYoungGen      total 79360K, used 74450K [0x00000000d5580000, 0x00000000daa80000, 0x0000000100000000)
  eden space 71168K, 100% used [0x00000000d5580000,0x00000000d9b00000,0x00000000d9b00000)
  from space 8192K, 40% used [0x00000000da280000,0x00000000da5b4920,0x00000000daa80000)
  to   space 7680K, 0% used [0x00000000d9b00000,0x00000000d9b00000,0x00000000da280000)
 ParOldGen       total 215040K, used 103903K [0x0000000080000000, 0x000000008d200000, 0x00000000d5580000)
  object space 215040K, 48% used [0x0000000080000000,0x0000000086577ca0,0x000000008d200000)
 Metaspace       used 94393K, capacity 97864K, committed 98048K, reserved 1134592K
  class space    used 11387K, capacity 11928K, committed 12032K, reserved 1048576K
2023-04-06T10:47:36.846+0600: 1157728.929: [GC (Allocation Failure) [PSYoungGen: 74450K->3762K(78848K)] 178353K->107748K(293888K), 0.0148294 secs] [Times: user=0.02 sys=0.00, real=0.02 secs] 
Heap after GC invocations=214 (full 3):
 PSYoungGen      total 78848K, used 3762K [0x00000000d5580000, 0x00000000daa80000, 0x0000000100000000)
  eden space 71168K, 0% used [0x00000000d5580000,0x00000000d5580000,0x00000000d9b00000)
  from space 7680K, 48% used [0x00000000d9b00000,0x00000000d9eacb70,0x00000000da280000)
  to   space 7168K, 0% used [0x00000000da380000,0x00000000da380000,0x00000000daa80000)
 ParOldGen       total 215040K, used 103985K [0x0000000080000000, 0x000000008d200000, 0x00000000d5580000)
  object space 215040K, 48% used [0x0000000080000000,0x000000008658c660,0x000000008d200000)
 Metaspace       used 94393K, capacity 97864K, committed 98048K, reserved 1134592K
  class space    used 11387K, capacity 11928K, committed 12032K, reserved 1048576K
}
{Heap before GC invocations=215 (full 3):
 PSYoungGen      total 78848K, used 74930K [0x00000000d5580000, 0x00000000daa80000, 0x0000000100000000)
  eden space 71168K, 100% used [0x00000000d5580000,0x00000000d9b00000,0x00000000d9b00000)
  from space 7680K, 48% used [0x00000000d9b00000,0x00000000d9eacb70,0x00000000da280000)
  to   space 7168K, 0% used [0x00000000da380000,0x00000000da380000,0x00000000daa80000)
 ParOldGen       total 215040K, used 103985K [0x0000000080000000, 0x000000008d200000, 0x00000000d5580000)
  object space 215040K, 48% used [0x0000000080000000,0x000000008658c660,0x000000008d200000)
 Metaspace       used 94397K, capacity 97864K, committed 98048K, reserved 1134592K
  class space    used 11387K, capacity 11928K, committed 12032K, reserved 1048576K
2023-04-06T11:33:08.689+0600: 1160460.771: [GC (Allocation Failure) [PSYoungGen: 74930K->5300K(78848K)] 178916K->109309K(293888K), 0.0146659 secs] [Times: user=0.02 sys=0.00, real=0.02 secs] 
Heap after GC invocations=215 (full 3):
 PSYoungGen      total 78848K, used 5300K [0x00000000d5580000, 0x00000000daa80000, 0x0000000100000000)
  eden space 71680K, 0% used [0x00000000d5580000,0x00000000d5580000,0x00000000d9b80000)
  from space 7168K, 73% used [0x00000000da380000,0x00000000da8ad010,0x00000000daa80000)
  to   space 7680K, 0% used [0x00000000d9b80000,0x00000000d9b80000,0x00000000da300000)
 ParOldGen       total 215040K, used 104009K [0x0000000080000000, 0x000000008d200000, 0x00000000d5580000)
  object space 215040K, 48% used [0x0000000080000000,0x0000000086592660,0x000000008d200000)
 Metaspace       used 94397K, capacity 97864K, committed 98048K, reserved 1134592K
  class space    used 11387K, capacity 11928K, committed 12032K, reserved 1048576K
}
{Heap before GC invocations=216 (full 3):
 PSYoungGen      total 78848K, used 76980K [0x00000000d5580000, 0x00000000daa80000, 0x0000000100000000)
  eden space 71680K, 100% used [0x00000000d5580000,0x00000000d9b80000,0x00000000d9b80000)
  from space 7168K, 73% used [0x00000000da380000,0x00000000da8ad010,0x00000000daa80000)
  to   space 7680K, 0% used [0x00000000d9b80000,0x00000000d9b80000,0x00000000da300000)
 ParOldGen       total 215040K, used 104009K [0x0000000080000000, 0x000000008d200000, 0x00000000d5580000)
  object space 215040K, 48% used [0x0000000080000000,0x0000000086592660,0x000000008d200000)
 Metaspace       used 94413K, capacity 97906K, committed 98048K, reserved 1134592K
  class space    used 11391K, capacity 11935K, committed 12032K, reserved 1048576K
2023-04-06T12:11:43.097+0600: 1162775.179: [GC (Allocation Failure) [PSYoungGen: 76980K->6068K(77824K)] 180989K->110102K(292864K), 0.0209672 secs] [Times: user=0.03 sys=0.00, real=0.02 secs] 
Heap after GC invocations=216 (full 3):
 PSYoungGen      total 77824K, used 6068K [0x00000000d5580000, 0x00000000daa80000, 0x0000000100000000)
  eden space 71680K, 0% used [0x00000000d5580000,0x00000000d5580000,0x00000000d9b80000)
  from space 6144K, 98% used [0x00000000d9b80000,0x00000000da16d280,0x00000000da180000)
  to   space 8192K, 0% used [0x00000000da280000,0x00000000da280000,0x00000000daa80000)
 ParOldGen       total 215040K, used 104033K [0x0000000080000000, 0x000000008d200000, 0x00000000d5580000)
  object space 215040K, 48% used [0x0000000080000000,0x0000000086598660,0x000000008d200000)
 Metaspace       used 94413K, capacity 97906K, committed 98048K, reserved 1134592K
  class space    used 11391K, capacity 11935K, committed 12032K, reserved 1048576K
}
{Heap before GC invocations=217 (full 3):
 PSYoungGen      total 77824K, used 77748K [0x00000000d5580000, 0x00000000daa80000, 0x0000000100000000)
  eden space 71680K, 100% used [0x00000000d5580000,0x00000000d9b80000,0x00000000d9b80000)
  from space 6144K, 98% used [0x00000000d9b80000,0x00000000da16d280,0x00000000da180000)
  to   space 8192K, 0% used [0x00000000da280000,0x00000000da280000,0x00000000daa80000)
 ParOldGen       total 215040K, used 104033K [0x0000000080000000, 0x000000008d200000, 0x00000000d5580000)
  object space 215040K, 48% used [0x0000000080000000,0x0000000086598660,0x000000008d200000)
 Metaspace       used 94425K, capacity 97930K, committed 98048K, reserved 1134592K
  class space    used 11394K, capacity 11939K, committed 12032K, reserved 1048576K
2023-04-06T12:50:44.177+0600: 1165116.260: [GC (Allocation Failure) [PSYoungGen: 77748K->6628K(78336K)] 181782K->110661K(293376K), 0.0177173 secs] [Times: user=0.03 sys=0.00, real=0.02 secs] 
Heap after GC invocations=217 (full 3):
 PSYoungGen      total 78336K, used 6628K [0x00000000d5580000, 0x00000000dab80000, 0x0000000100000000)
  eden space 70144K, 0% used [0x00000000d5580000,0x00000000d5580000,0x00000000d9a00000)
  from space 8192K, 80% used [0x00000000da280000,0x00000000da8f9050,0x00000000daa80000)
  to   space 8704K, 0% used [0x00000000d9a00000,0x00000000d9a00000,0x00000000da280000)
 ParOldGen       total 215040K, used 104033K [0x0000000080000000, 0x000000008d200000, 0x00000000d5580000)
  object space 215040K, 48% used [0x0000000080000000,0x0000000086598660,0x000000008d200000)
 Metaspace       used 94425K, capacity 97930K, committed 98048K, reserved 1134592K
  class space    used 11394K, capacity 11939K, committed 12032K, reserved 1048576K
}
{Heap before GC invocations=218 (full 3):
 PSYoungGen      total 78336K, used 76772K [0x00000000d5580000, 0x00000000dab80000, 0x0000000100000000)
  eden space 70144K, 100% used [0x00000000d5580000,0x00000000d9a00000,0x00000000d9a00000)
  from space 8192K, 80% used [0x00000000da280000,0x00000000da8f9050,0x00000000daa80000)
  to   space 8704K, 0% used [0x00000000d9a00000,0x00000000d9a00000,0x00000000da280000)
 ParOldGen       total 215040K, used 104033K [0x0000000080000000, 0x000000008d200000, 0x00000000d5580000)
  object space 215040K, 48% used [0x0000000080000000,0x0000000086598660,0x000000008d200000)
 Metaspace       used 94425K, capacity 97930K, committed 98048K, reserved 1134592K
  class space    used 11394K, capacity 11939K, committed 12032K, reserved 1048576K
2023-04-06T13:30:49.830+0600: 1167521.913: [GC (Allocation Failure) [PSYoungGen: 76772K->6678K(76288K)] 180805K->110711K(291328K), 0.0155347 secs] [Times: user=0.03 sys=0.00, real=0.01 secs] 
Heap after GC invocations=218 (full 3):
 PSYoungGen      total 76288K, used 6678K [0x00000000d5580000, 0x00000000dab00000, 0x0000000100000000)
  eden space 69120K, 0% used [0x00000000d5580000,0x00000000d5580000,0x00000000d9900000)
  from space 7168K, 93% used [0x00000000d9a00000,0x00000000da085930,0x00000000da100000)
  to   space 9216K, 0% used [0x00000000da200000,0x00000000da200000,0x00000000dab00000)
 ParOldGen       total 215040K, used 104033K [0x0000000080000000, 0x000000008d200000, 0x00000000d5580000)
  object space 215040K, 48% used [0x0000000080000000,0x0000000086598660,0x000000008d200000)
 Metaspace       used 94425K, capacity 97930K, committed 98048K, reserved 1134592K
  class space    used 11394K, capacity 11939K, committed 12032K, reserved 1048576K
}
{Heap before GC invocations=219 (full 3):
 PSYoungGen      total 76288K, used 75798K [0x00000000d5580000, 0x00000000dab00000, 0x0000000100000000)
  eden space 69120K, 100% used [0x00000000d5580000,0x00000000d9900000,0x00000000d9900000)
  from space 7168K, 93% used [0x00000000d9a00000,0x00000000da085930,0x00000000da100000)
  to   space 9216K, 0% used [0x00000000da200000,0x00000000da200000,0x00000000dab00000)
 ParOldGen       total 215040K, used 104033K [0x0000000080000000, 0x000000008d200000, 0x00000000d5580000)
  object space 215040K, 48% used [0x0000000080000000,0x0000000086598660,0x000000008d200000)
 Metaspace       used 94425K, capacity 97930K, committed 98048K, reserved 1134592K
  class space    used 11394K, capacity 11939K, committed 12032K, reserved 1048576K
2023-04-06T14:05:46.577+0600: 1169618.660: [GC (Allocation Failure) [PSYoungGen: 75798K->6869K(77312K)] 179831K->110902K(292352K), 0.0194113 secs] [Times: user=0.02 sys=0.00, real=0.02 secs] 
Heap after GC invocations=219 (full 3):
 PSYoungGen      total 77312K, used 6869K [0x00000000d5580000, 0x00000000daa80000, 0x0000000100000000)
  eden space 68608K, 0% used [0x00000000d5580000,0x00000000d5580000,0x00000000d9880000)
  from space 8704K, 78% used [0x00000000da200000,0x00000000da8b54f0,0x00000000daa80000)
  to   space 9216K, 0% used [0x00000000d9880000,0x00000000d9880000,0x00000000da180000)
 ParOldGen       total 215040K, used 104033K [0x0000000080000000, 0x000000008d200000, 0x00000000d5580000)
  object space 215040K, 48% used [0x0000000080000000,0x0000000086598660,0x000000008d200000)
 Metaspace       used 94425K, capacity 97930K, committed 98048K, reserved 1134592K
  class space    used 11394K, capacity 11939K, committed 12032K, reserved 1048576K
}
{Heap before GC invocations=220 (full 3):
 PSYoungGen      total 77312K, used 75477K [0x00000000d5580000, 0x00000000daa80000, 0x0000000100000000)
  eden space 68608K, 100% used [0x00000000d5580000,0x00000000d9880000,0x00000000d9880000)
  from space 8704K, 78% used [0x00000000da200000,0x00000000da8b54f0,0x00000000daa80000)
  to   space 9216K, 0% used [0x00000000d9880000,0x00000000d9880000,0x00000000da180000)
 ParOldGen       total 215040K, used 104033K [0x0000000080000000, 0x000000008d200000, 0x00000000d5580000)
  object space 215040K, 48% used [0x0000000080000000,0x0000000086598660,0x000000008d200000)
 Metaspace       used 94443K, capacity 97990K, committed 98304K, reserved 1136640K
  class space    used 11399K, capacity 11949K, committed 12032K, reserved 1048576K
2023-04-06T14:48:02.778+0600: 1172154.861: [GC (Allocation Failure) [PSYoungGen: 75477K->5541K(77824K)] 179510K->109574K(292864K), 0.0211015 secs] [Times: user=0.03 sys=0.00, real=0.03 secs] 
Heap after GC invocations=220 (full 3):
 PSYoungGen      total 77824K, used 5541K [0x00000000d5580000, 0x00000000daa80000, 0x0000000100000000)
  eden space 68608K, 0% used [0x00000000d5580000,0x00000000d5580000,0x00000000d9880000)
  from space 9216K, 60% used [0x00000000d9880000,0x00000000d9de9470,0x00000000da180000)
  to   space 9216K, 0% used [0x00000000da180000,0x00000000da180000,0x00000000daa80000)
 ParOldGen       total 215040K, used 104033K [0x0000000080000000, 0x000000008d200000, 0x00000000d5580000)
  object space 215040K, 48% used [0x0000000080000000,0x0000000086598660,0x000000008d200000)
 Metaspace       used 94443K, capacity 97990K, committed 98304K, reserved 1136640K
  class space    used 11399K, capacity 11949K, committed 12032K, reserved 1048576K
}
{Heap before GC invocations=221 (full 3):
 PSYoungGen      total 77824K, used 74149K [0x00000000d5580000, 0x00000000daa80000, 0x0000000100000000)
  eden space 68608K, 100% used [0x00000000d5580000,0x00000000d9880000,0x00000000d9880000)
  from space 9216K, 60% used [0x00000000d9880000,0x00000000d9de9470,0x00000000da180000)
  to   space 9216K, 0% used [0x00000000da180000,0x00000000da180000,0x00000000daa80000)
 ParOldGen       total 215040K, used 104033K [0x0000000080000000, 0x000000008d200000, 0x00000000d5580000)
  object space 215040K, 48% used [0x0000000080000000,0x0000000086598660,0x000000008d200000)
 Metaspace       used 94443K, capacity 97990K, committed 98304K, reserved 1136640K
  class space    used 11399K, capacity 11949K, committed 12032K, reserved 1048576K
2023-04-06T15:39:38.305+0600: 1175250.388: [GC (Allocation Failure) [PSYoungGen: 74149K->4722K(78336K)] 178182K->108755K(293376K), 0.0184547 secs] [Times: user=0.02 sys=0.01, real=0.02 secs] 
Heap after GC invocations=221 (full 3):
 PSYoungGen      total 78336K, used 4722K [0x00000000d5580000, 0x00000000daa80000, 0x0000000100000000)
  eden space 69120K, 0% used [0x00000000d5580000,0x00000000d5580000,0x00000000d9900000)
  from space 9216K, 51% used [0x00000000da180000,0x00000000da61c950,0x00000000daa80000)
  to   space 8704K, 0% used [0x00000000d9900000,0x00000000d9900000,0x00000000da180000)
 ParOldGen       total 215040K, used 104033K [0x0000000080000000, 0x000000008d200000, 0x00000000d5580000)
  object space 215040K, 48% used [0x0000000080000000,0x0000000086598660,0x000000008d200000)
 Metaspace       used 94443K, capacity 97990K, committed 98304K, reserved 1136640K
  class space    used 11399K, capacity 11949K, committed 12032K, reserved 1048576K
}
{Heap before GC invocations=222 (full 3):
 PSYoungGen      total 78336K, used 73842K [0x00000000d5580000, 0x00000000daa80000, 0x0000000100000000)
  eden space 69120K, 100% used [0x00000000d5580000,0x00000000d9900000,0x00000000d9900000)
  from space 9216K, 51% used [0x00000000da180000,0x00000000da61c950,0x00000000daa80000)
  to   space 8704K, 0% used [0x00000000d9900000,0x00000000d9900000,0x00000000da180000)
 ParOldGen       total 215040K, used 104033K [0x0000000080000000, 0x000000008d200000, 0x00000000d5580000)
  object space 215040K, 48% used [0x0000000080000000,0x0000000086598660,0x000000008d200000)
 Metaspace       used 94448K, capacity 98002K, committed 98304K, reserved 1136640K
  class space    used 11400K, capacity 11951K, committed 12032K, reserved 1048576K
2023-04-06T16:37:10.431+0600: 1178702.514: [GC (Allocation Failure) [PSYoungGen: 73842K->4049K(77824K)] 177875K->108083K(292864K), 0.0183855 secs] [Times: user=0.03 sys=0.00, real=0.02 secs] 
Heap after GC invocations=222 (full 3):
 PSYoungGen      total 77824K, used 4049K [0x00000000d5580000, 0x00000000daa80000, 0x0000000100000000)
  eden space 69120K, 0% used [0x00000000d5580000,0x00000000d5580000,0x00000000d9900000)
  from space 8704K, 46% used [0x00000000d9900000,0x00000000d9cf46c0,0x00000000da180000)
  to   space 8704K, 0% used [0x00000000da200000,0x00000000da200000,0x00000000daa80000)
 ParOldGen       total 215040K, used 104033K [0x0000000080000000, 0x000000008d200000, 0x00000000d5580000)
  object space 215040K, 48% used [0x0000000080000000,0x0000000086598660,0x000000008d200000)
 Metaspace       used 94448K, capacity 98002K, committed 98304K, reserved 1136640K
  class space    used 11400K, capacity 11951K, committed 12032K, reserved 1048576K
}
{Heap before GC invocations=223 (full 3):
 PSYoungGen      total 77824K, used 73169K [0x00000000d5580000, 0x00000000daa80000, 0x0000000100000000)
  eden space 69120K, 100% used [0x00000000d5580000,0x00000000d9900000,0x00000000d9900000)
  from space 8704K, 46% used [0x00000000d9900000,0x00000000d9cf46c0,0x00000000da180000)
  to   space 8704K, 0% used [0x00000000da200000,0x00000000da200000,0x00000000daa80000)
 ParOldGen       total 215040K, used 104033K [0x0000000080000000, 0x000000008d200000, 0x00000000d5580000)
  object space 215040K, 48% used [0x0000000080000000,0x0000000086598660,0x000000008d200000)
 Metaspace       used 94448K, capacity 98002K, committed 98304K, reserved 1136640K
  class space    used 11400K, capacity 11951K, committed 12032K, reserved 1048576K
2023-04-06T17:40:59.392+0600: 1182531.475: [GC (Allocation Failure) [PSYoungGen: 73169K->3296K(78336K)] 177203K->107329K(293376K), 0.0172000 secs] [Times: user=0.03 sys=0.00, real=0.02 secs] 
Heap after GC invocations=223 (full 3):
 PSYoungGen      total 78336K, used 3296K [0x00000000d5580000, 0x00000000daa80000, 0x0000000100000000)
  eden space 69632K, 0% used [0x00000000d5580000,0x00000000d5580000,0x00000000d9980000)
  from space 8704K, 37% used [0x00000000da200000,0x00000000da538000,0x00000000daa80000)
  to   space 8704K, 0% used [0x00000000d9980000,0x00000000d9980000,0x00000000da200000)
 ParOldGen       total 215040K, used 104033K [0x0000000080000000, 0x000000008d200000, 0x00000000d5580000)
  object space 215040K, 48% used [0x0000000080000000,0x0000000086598660,0x000000008d200000)
 Metaspace       used 94448K, capacity 98002K, committed 98304K, reserved 1136640K
  class space    used 11400K, capacity 11951K, committed 12032K, reserved 1048576K
}
{Heap before GC invocations=224 (full 3):
 PSYoungGen      total 78336K, used 72928K [0x00000000d5580000, 0x00000000daa80000, 0x0000000100000000)
  eden space 69632K, 100% used [0x00000000d5580000,0x00000000d9980000,0x00000000d9980000)
  from space 8704K, 37% used [0x00000000da200000,0x00000000da538000,0x00000000daa80000)
  to   space 8704K, 0% used [0x00000000d9980000,0x00000000d9980000,0x00000000da200000)
 ParOldGen       total 215040K, used 104033K [0x0000000080000000, 0x000000008d200000, 0x00000000d5580000)
  object space 215040K, 48% used [0x0000000080000000,0x0000000086598660,0x000000008d200000)
 Metaspace       used 94448K, capacity 98002K, committed 98304K, reserved 1136640K
  class space    used 11400K, capacity 11951K, committed 12032K, reserved 1048576K
2023-04-06T18:45:10.261+0600: 1186382.344: [GC (Allocation Failure) [PSYoungGen: 72928K->3296K(78336K)] 176961K->107329K(293376K), 0.0184618 secs] [Times: user=0.03 sys=0.00, real=0.02 secs] 
Heap after GC invocations=224 (full 3):
 PSYoungGen      total 78336K, used 3296K [0x00000000d5580000, 0x00000000daa80000, 0x0000000100000000)
  eden space 69632K, 0% used [0x00000000d5580000,0x00000000d5580000,0x00000000d9980000)
  from space 8704K, 37% used [0x00000000d9980000,0x00000000d9cb8000,0x00000000da200000)
  to   space 8192K, 0% used [0x00000000da280000,0x00000000da280000,0x00000000daa80000)
 ParOldGen       total 215040K, used 104033K [0x0000000080000000, 0x000000008d200000, 0x00000000d5580000)
  object space 215040K, 48% used [0x0000000080000000,0x0000000086598660,0x000000008d200000)
 Metaspace       used 94448K, capacity 98002K, committed 98304K, reserved 1136640K
  class space    used 11400K, capacity 11951K, committed 12032K, reserved 1048576K
}
{Heap before GC invocations=225 (full 3):
 PSYoungGen      total 78336K, used 72928K [0x00000000d5580000, 0x00000000daa80000, 0x0000000100000000)
  eden space 69632K, 100% used [0x00000000d5580000,0x00000000d9980000,0x00000000d9980000)
  from space 8704K, 37% used [0x00000000d9980000,0x00000000d9cb8000,0x00000000da200000)
  to   space 8192K, 0% used [0x00000000da280000,0x00000000da280000,0x00000000daa80000)
 ParOldGen       total 215040K, used 104033K [0x0000000080000000, 0x000000008d200000, 0x00000000d5580000)
  object space 215040K, 48% used [0x0000000080000000,0x0000000086598660,0x000000008d200000)
 Metaspace       used 94448K, capacity 98002K, committed 98304K, reserved 1136640K
  class space    used 11400K, capacity 11951K, committed 12032K, reserved 1048576K
2023-04-06T19:50:31.829+0600: 1190303.912: [GC (Allocation Failure) [PSYoungGen: 72928K->3296K(78848K)] 176961K->107329K(293888K), 0.0181353 secs] [Times: user=0.03 sys=0.00, real=0.01 secs] 
Heap after GC invocations=225 (full 3):
 PSYoungGen      total 78848K, used 3296K [0x00000000d5580000, 0x00000000daa80000, 0x0000000100000000)
  eden space 70656K, 0% used [0x00000000d5580000,0x00000000d5580000,0x00000000d9a80000)
  from space 8192K, 40% used [0x00000000da280000,0x00000000da5b8000,0x00000000daa80000)
  to   space 8192K, 0% used [0x00000000d9a80000,0x00000000d9a80000,0x00000000da280000)
 ParOldGen       total 215040K, used 104033K [0x0000000080000000, 0x000000008d200000, 0x00000000d5580000)
  object space 215040K, 48% used [0x0000000080000000,0x0000000086598660,0x000000008d200000)
 Metaspace       used 94448K, capacity 98002K, committed 98304K, reserved 1136640K
  class space    used 11400K, capacity 11951K, committed 12032K, reserved 1048576K
}
{Heap before GC invocations=226 (full 3):
 PSYoungGen      total 78848K, used 73952K [0x00000000d5580000, 0x00000000daa80000, 0x0000000100000000)
  eden space 70656K, 100% used [0x00000000d5580000,0x00000000d9a80000,0x00000000d9a80000)
  from space 8192K, 40% used [0x00000000da280000,0x00000000da5b8000,0x00000000daa80000)
  to   space 8192K, 0% used [0x00000000d9a80000,0x00000000d9a80000,0x00000000da280000)
 ParOldGen       total 215040K, used 104033K [0x0000000080000000, 0x000000008d200000, 0x00000000d5580000)
  object space 215040K, 48% used [0x0000000080000000,0x0000000086598660,0x000000008d200000)
 Metaspace       used 94467K, capacity 98026K, committed 98304K, reserved 1136640K
  class space    used 11402K, capacity 11955K, committed 12032K, reserved 1048576K
2023-04-06T20:39:50.577+0600: 1193262.660: [GC (Allocation Failure) [PSYoungGen: 73952K->4051K(78848K)] 177985K->108093K(293888K), 0.0139420 secs] [Times: user=0.03 sys=0.00, real=0.02 secs] 
Heap after GC invocations=226 (full 3):
 PSYoungGen      total 78848K, used 4051K [0x00000000d5580000, 0x00000000daa80000, 0x0000000100000000)
  eden space 70656K, 0% used [0x00000000d5580000,0x00000000d5580000,0x00000000d9a80000)
  from space 8192K, 49% used [0x00000000d9a80000,0x00000000d9e74f50,0x00000000da280000)
  to   space 8192K, 0% used [0x00000000da280000,0x00000000da280000,0x00000000daa80000)
 ParOldGen       total 215040K, used 104041K [0x0000000080000000, 0x000000008d200000, 0x00000000d5580000)
  object space 215040K, 48% used [0x0000000080000000,0x000000008659a660,0x000000008d200000)
 Metaspace       used 94467K, capacity 98026K, committed 98304K, reserved 1136640K
  class space    used 11402K, capacity 11955K, committed 12032K, reserved 1048576K
}
{Heap before GC invocations=227 (full 3):
 PSYoungGen      total 78848K, used 74707K [0x00000000d5580000, 0x00000000daa80000, 0x0000000100000000)
  eden space 70656K, 100% used [0x00000000d5580000,0x00000000d9a80000,0x00000000d9a80000)
  from space 8192K, 49% used [0x00000000d9a80000,0x00000000d9e74f50,0x00000000da280000)
  to   space 8192K, 0% used [0x00000000da280000,0x00000000da280000,0x00000000daa80000)
 ParOldGen       total 215040K, used 104041K [0x0000000080000000, 0x000000008d200000, 0x00000000d5580000)
  object space 215040K, 48% used [0x0000000080000000,0x000000008659a660,0x000000008d200000)
 Metaspace       used 94467K, capacity 98026K, committed 98304K, reserved 1136640K
  class space    used 11402K, capacity 11955K, committed 12032K, reserved 1048576K
2023-04-06T21:45:35.844+0600: 1197207.926: [GC (Allocation Failure) [PSYoungGen: 74707K->3296K(79360K)] 178749K->107337K(294400K), 0.0141837 secs] [Times: user=0.02 sys=0.00, real=0.01 secs] 
Heap after GC invocations=227 (full 3):
 PSYoungGen      total 79360K, used 3296K [0x00000000d5580000, 0x00000000daa80000, 0x0000000100000000)
  eden space 71168K, 0% used [0x00000000d5580000,0x00000000d5580000,0x00000000d9b00000)
  from space 8192K, 40% used [0x00000000da280000,0x00000000da5b8000,0x00000000daa80000)
  to   space 7680K, 0% used [0x00000000d9b00000,0x00000000d9b00000,0x00000000da280000)
 ParOldGen       total 215040K, used 104041K [0x0000000080000000, 0x000000008d200000, 0x00000000d5580000)
  object space 215040K, 48% used [0x0000000080000000,0x000000008659a660,0x000000008d200000)
 Metaspace       used 94467K, capacity 98026K, committed 98304K, reserved 1136640K
  class space    used 11402K, capacity 11955K, committed 12032K, reserved 1048576K
}
{Heap before GC invocations=228 (full 3):
 PSYoungGen      total 79360K, used 74464K [0x00000000d5580000, 0x00000000daa80000, 0x0000000100000000)
  eden space 71168K, 100% used [0x00000000d5580000,0x00000000d9b00000,0x00000000d9b00000)
  from space 8192K, 40% used [0x00000000da280000,0x00000000da5b8000,0x00000000daa80000)
  to   space 7680K, 0% used [0x00000000d9b00000,0x00000000d9b00000,0x00000000da280000)
 ParOldGen       total 215040K, used 104041K [0x0000000080000000, 0x000000008d200000, 0x00000000d5580000)
  object space 215040K, 48% used [0x0000000080000000,0x000000008659a660,0x000000008d200000)
 Metaspace       used 94468K, capacity 98026K, committed 98304K, reserved 1136640K
  class space    used 11402K, capacity 11955K, committed 12032K, reserved 1048576K
2023-04-06T22:52:59.367+0600: 1201251.450: [GC (Allocation Failure) [PSYoungGen: 74464K->3264K(78848K)] 178505K->107337K(293888K), 0.0119341 secs] [Times: user=0.02 sys=0.00, real=0.02 secs] 
Heap after GC invocations=228 (full 3):
 PSYoungGen      total 78848K, used 3264K [0x00000000d5580000, 0x00000000daa80000, 0x0000000100000000)
  eden space 71168K, 0% used [0x00000000d5580000,0x00000000d5580000,0x00000000d9b00000)
  from space 7680K, 42% used [0x00000000d9b00000,0x00000000d9e30000,0x00000000da280000)
  to   space 7680K, 0% used [0x00000000da300000,0x00000000da300000,0x00000000daa80000)
 ParOldGen       total 215040K, used 104073K [0x0000000080000000, 0x000000008d200000, 0x00000000d5580000)
  object space 215040K, 48% used [0x0000000080000000,0x00000000865a2660,0x000000008d200000)
 Metaspace       used 94468K, capacity 98026K, committed 98304K, reserved 1136640K
  class space    used 11402K, capacity 11955K, committed 12032K, reserved 1048576K
}
{Heap before GC invocations=229 (full 3):
 PSYoungGen      total 78848K, used 74432K [0x00000000d5580000, 0x00000000daa80000, 0x0000000100000000)
  eden space 71168K, 100% used [0x00000000d5580000,0x00000000d9b00000,0x00000000d9b00000)
  from space 7680K, 42% used [0x00000000d9b00000,0x00000000d9e30000,0x00000000da280000)
  to   space 7680K, 0% used [0x00000000da300000,0x00000000da300000,0x00000000daa80000)
 ParOldGen       total 215040K, used 104073K [0x0000000080000000, 0x000000008d200000, 0x00000000d5580000)
  object space 215040K, 48% used [0x0000000080000000,0x00000000865a2660,0x000000008d200000)
 Metaspace       used 94468K, capacity 98026K, committed 98304K, reserved 1136640K
  class space    used 11402K, capacity 11955K, committed 12032K, reserved 1048576K
2023-04-06T23:57:26.867+0600: 1205118.950: [GC (Allocation Failure) [PSYoungGen: 74432K->3232K(79360K)] 178505K->107353K(294400K), 0.0166223 secs] [Times: user=0.03 sys=0.00, real=0.02 secs] 
Heap after GC invocations=229 (full 3):
 PSYoungGen      total 79360K, used 3232K [0x00000000d5580000, 0x00000000daa80000, 0x0000000100000000)
  eden space 71680K, 0% used [0x00000000d5580000,0x00000000d5580000,0x00000000d9b80000)
  from space 7680K, 42% used [0x00000000da300000,0x00000000da628000,0x00000000daa80000)
  to   space 7680K, 0% used [0x00000000d9b80000,0x00000000d9b80000,0x00000000da300000)
 ParOldGen       total 215040K, used 104121K [0x0000000080000000, 0x000000008d200000, 0x00000000d5580000)
  object space 215040K, 48% used [0x0000000080000000,0x00000000865ae660,0x000000008d200000)
 Metaspace       used 94468K, capacity 98026K, committed 98304K, reserved 1136640K
  class space    used 11402K, capacity 11955K, committed 12032K, reserved 1048576K
}
{Heap before GC invocations=230 (full 3):
 PSYoungGen      total 79360K, used 74912K [0x00000000d5580000, 0x00000000daa80000, 0x0000000100000000)
  eden space 71680K, 100% used [0x00000000d5580000,0x00000000d9b80000,0x00000000d9b80000)
  from space 7680K, 42% used [0x00000000da300000,0x00000000da628000,0x00000000daa80000)
  to   space 7680K, 0% used [0x00000000d9b80000,0x00000000d9b80000,0x00000000da300000)
 ParOldGen       total 215040K, used 104121K [0x0000000080000000, 0x000000008d200000, 0x00000000d5580000)
  object space 215040K, 48% used [0x0000000080000000,0x00000000865ae660,0x000000008d200000)
 Metaspace       used 94468K, capacity 98026K, committed 98304K, reserved 1136640K
  class space    used 11402K, capacity 11955K, committed 12032K, reserved 1048576K
2023-04-07T01:00:48.111+0600: 1208920.194: [GC (Allocation Failure) [PSYoungGen: 74912K->3168K(79360K)] 179033K->107409K(294400K), 0.0177984 secs] [Times: user=0.03 sys=0.00, real=0.02 secs] 
Heap after GC invocations=230 (full 3):
 PSYoungGen      total 79360K, used 3168K [0x00000000d5580000, 0x00000000daa80000, 0x0000000100000000)
  eden space 71680K, 0% used [0x00000000d5580000,0x00000000d5580000,0x00000000d9b80000)
  from space 7680K, 41% used [0x00000000d9b80000,0x00000000d9e98000,0x00000000da300000)
  to   space 7168K, 0% used [0x00000000da380000,0x00000000da380000,0x00000000daa80000)
 ParOldGen       total 215040K, used 104241K [0x0000000080000000, 0x000000008d200000, 0x00000000d5580000)
  object space 215040K, 48% used [0x0000000080000000,0x00000000865cc690,0x000000008d200000)
 Metaspace       used 94468K, capacity 98026K, committed 98304K, reserved 1136640K
  class space    used 11402K, capacity 11955K, committed 12032K, reserved 1048576K
}
{Heap before GC invocations=231 (full 3):
 PSYoungGen      total 79360K, used 74841K [0x00000000d5580000, 0x00000000daa80000, 0x0000000100000000)
  eden space 71680K, 99% used [0x00000000d5580000,0x00000000d9b7e440,0x00000000d9b80000)
  from space 7680K, 41% used [0x00000000d9b80000,0x00000000d9e98000,0x00000000da300000)
  to   space 7168K, 0% used [0x00000000da380000,0x00000000da380000,0x00000000daa80000)
 ParOldGen       total 215040K, used 104241K [0x0000000080000000, 0x000000008d200000, 0x00000000d5580000)
  object space 215040K, 48% used [0x0000000080000000,0x00000000865cc690,0x000000008d200000)
 Metaspace       used 94468K, capacity 98026K, committed 98304K, reserved 1136640K
  class space    used 11402K, capacity 11955K, committed 12032K, reserved 1048576K
2023-04-07T02:06:40.242+0600: 1212872.325: [GC (Allocation Failure) [PSYoungGen: 74841K->3040K(79872K)] 179082K->107377K(294912K), 0.0156083 secs] [Times: user=0.02 sys=0.00, real=0.01 secs] 
Heap after GC invocations=231 (full 3):
 PSYoungGen      total 79872K, used 3040K [0x00000000d5580000, 0x00000000daa80000, 0x0000000100000000)
  eden space 72704K, 0% used [0x00000000d5580000,0x00000000d5580000,0x00000000d9c80000)
  from space 7168K, 42% used [0x00000000da380000,0x00000000da678000,0x00000000daa80000)
  to   space 7168K, 0% used [0x00000000d9c80000,0x00000000d9c80000,0x00000000da380000)
 ParOldGen       total 215040K, used 104337K [0x0000000080000000, 0x000000008d200000, 0x00000000d5580000)
  object space 215040K, 48% used [0x0000000080000000,0x00000000865e4690,0x000000008d200000)
 Metaspace       used 94468K, capacity 98026K, committed 98304K, reserved 1136640K
  class space    used 11402K, capacity 11955K, committed 12032K, reserved 1048576K
}
{Heap before GC invocations=232 (full 3):
 PSYoungGen      total 79872K, used 75744K [0x00000000d5580000, 0x00000000daa80000, 0x0000000100000000)
  eden space 72704K, 100% used [0x00000000d5580000,0x00000000d9c80000,0x00000000d9c80000)
  from space 7168K, 42% used [0x00000000da380000,0x00000000da678000,0x00000000daa80000)
  to   space 7168K, 0% used [0x00000000d9c80000,0x00000000d9c80000,0x00000000da380000)
 ParOldGen       total 215040K, used 104337K [0x0000000080000000, 0x000000008d200000, 0x00000000d5580000)
  object space 215040K, 48% used [0x0000000080000000,0x00000000865e4690,0x000000008d200000)
 Metaspace       used 94468K, capacity 98026K, committed 98304K, reserved 1136640K
  class space    used 11402K, capacity 11955K, committed 12032K, reserved 1048576K
2023-04-07T03:15:07.749+0600: 1216979.832: [GC (Allocation Failure) [PSYoungGen: 75744K->2848K(79872K)] 180081K->107374K(294912K), 0.0135924 secs] [Times: user=0.02 sys=0.01, real=0.01 secs] 
Heap after GC invocations=232 (full 3):
 PSYoungGen      total 79872K, used 2848K [0x00000000d5580000, 0x00000000daa80000, 0x0000000100000000)
  eden space 72704K, 0% used [0x00000000d5580000,0x00000000d5580000,0x00000000d9c80000)
  from space 7168K, 39% used [0x00000000d9c80000,0x00000000d9f48000,0x00000000da380000)
  to   space 7168K, 0% used [0x00000000da380000,0x00000000da380000,0x00000000daa80000)
 ParOldGen       total 215040K, used 104526K [0x0000000080000000, 0x000000008d200000, 0x00000000d5580000)
  object space 215040K, 48% used [0x0000000080000000,0x0000000086613a18,0x000000008d200000)
 Metaspace       used 94468K, capacity 98026K, committed 98304K, reserved 1136640K
  class space    used 11402K, capacity 11955K, committed 12032K, reserved 1048576K
}
{Heap before GC invocations=233 (full 3):
 PSYoungGen      total 79872K, used 75552K [0x00000000d5580000, 0x00000000daa80000, 0x0000000100000000)
  eden space 72704K, 100% used [0x00000000d5580000,0x00000000d9c80000,0x00000000d9c80000)
  from space 7168K, 39% used [0x00000000d9c80000,0x00000000d9f48000,0x00000000da380000)
  to   space 7168K, 0% used [0x00000000da380000,0x00000000da380000,0x00000000daa80000)
 ParOldGen       total 215040K, used 104526K [0x0000000080000000, 0x000000008d200000, 0x00000000d5580000)
  object space 215040K, 48% used [0x0000000080000000,0x0000000086613a18,0x000000008d200000)
 Metaspace       used 94468K, capacity 98026K, committed 98304K, reserved 1136640K
  class space    used 11402K, capacity 11955K, committed 12032K, reserved 1048576K
2023-04-07T04:21:48.622+0600: 1220980.704: [GC (Allocation Failure) [PSYoungGen: 75552K->2688K(79872K)] 180078K->107411K(294912K), 0.0136104 secs] [Times: user=0.02 sys=0.00, real=0.01 secs] 
Heap after GC invocations=233 (full 3):
 PSYoungGen      total 79872K, used 2688K [0x00000000d5580000, 0x00000000daa80000, 0x0000000100000000)
  eden space 72704K, 0% used [0x00000000d5580000,0x00000000d5580000,0x00000000d9c80000)
  from space 7168K, 37% used [0x00000000da380000,0x00000000da620000,0x00000000daa80000)
  to   space 7168K, 0% used [0x00000000d9c80000,0x00000000d9c80000,0x00000000da380000)
 ParOldGen       total 215040K, used 104723K [0x0000000080000000, 0x000000008d200000, 0x00000000d5580000)
  object space 215040K, 48% used [0x0000000080000000,0x0000000086644db8,0x000000008d200000)
 Metaspace       used 94468K, capacity 98026K, committed 98304K, reserved 1136640K
  class space    used 11402K, capacity 11955K, committed 12032K, reserved 1048576K
}
{Heap before GC invocations=234 (full 3):
 PSYoungGen      total 79872K, used 75392K [0x00000000d5580000, 0x00000000daa80000, 0x0000000100000000)
  eden space 72704K, 100% used [0x00000000d5580000,0x00000000d9c80000,0x00000000d9c80000)
  from space 7168K, 37% used [0x00000000da380000,0x00000000da620000,0x00000000daa80000)
  to   space 7168K, 0% used [0x00000000d9c80000,0x00000000d9c80000,0x00000000da380000)
 ParOldGen       total 215040K, used 104723K [0x0000000080000000, 0x000000008d200000, 0x00000000d5580000)
  object space 215040K, 48% used [0x0000000080000000,0x0000000086644db8,0x000000008d200000)
 Metaspace       used 94468K, capacity 98026K, committed 98304K, reserved 1136640K
  class space    used 11402K, capacity 11955K, committed 12032K, reserved 1048576K
2023-04-07T05:25:57.114+0600: 1224829.197: [GC (Allocation Failure) [PSYoungGen: 75392K->2528K(79872K)] 180115K->107418K(294912K), 0.0170214 secs] [Times: user=0.03 sys=0.00, real=0.02 secs] 
Heap after GC invocations=234 (full 3):
 PSYoungGen      total 79872K, used 2528K [0x00000000d5580000, 0x00000000daa80000, 0x0000000100000000)
  eden space 72704K, 0% used [0x00000000d5580000,0x00000000d5580000,0x00000000d9c80000)
  from space 7168K, 35% used [0x00000000d9c80000,0x00000000d9ef8000,0x00000000da380000)
  to   space 6656K, 0% used [0x00000000da400000,0x00000000da400000,0x00000000daa80000)
 ParOldGen       total 215040K, used 104890K [0x0000000080000000, 0x000000008d200000, 0x00000000d5580000)
  object space 215040K, 48% used [0x0000000080000000,0x000000008666e8b0,0x000000008d200000)
 Metaspace       used 94468K, capacity 98026K, committed 98304K, reserved 1136640K
  class space    used 11402K, capacity 11955K, committed 12032K, reserved 1048576K
}
{Heap before GC invocations=235 (full 3):
 PSYoungGen      total 79872K, used 75232K [0x00000000d5580000, 0x00000000daa80000, 0x0000000100000000)
  eden space 72704K, 100% used [0x00000000d5580000,0x00000000d9c80000,0x00000000d9c80000)
  from space 7168K, 35% used [0x00000000d9c80000,0x00000000d9ef8000,0x00000000da380000)
  to   space 6656K, 0% used [0x00000000da400000,0x00000000da400000,0x00000000daa80000)
 ParOldGen       total 215040K, used 104890K [0x0000000080000000, 0x000000008d200000, 0x00000000d5580000)
  object space 215040K, 48% used [0x0000000080000000,0x000000008666e8b0,0x000000008d200000)
 Metaspace       used 94468K, capacity 98026K, committed 98304K, reserved 1136640K
  class space    used 11402K, capacity 11955K, committed 12032K, reserved 1048576K
2023-04-07T06:31:48.241+0600: 1228780.324: [GC (Allocation Failure) [PSYoungGen: 75232K->2400K(80384K)] 180122K->107407K(295424K), 0.0172447 secs] [Times: user=0.03 sys=0.00, real=0.01 secs] 
Heap after GC invocations=235 (full 3):
 PSYoungGen      total 80384K, used 2400K [0x00000000d5580000, 0x00000000daa80000, 0x0000000100000000)
  eden space 73728K, 0% used [0x00000000d5580000,0x00000000d5580000,0x00000000d9d80000)
  from space 6656K, 36% used [0x00000000da400000,0x00000000da658000,0x00000000daa80000)
  to   space 6656K, 0% used [0x00000000d9d80000,0x00000000d9d80000,0x00000000da400000)
 ParOldGen       total 215040K, used 105007K [0x0000000080000000, 0x000000008d200000, 0x00000000d5580000)
  object space 215040K, 48% used [0x0000000080000000,0x000000008668bc38,0x000000008d200000)
 Metaspace       used 94468K, capacity 98026K, committed 98304K, reserved 1136640K
  class space    used 11402K, capacity 11955K, committed 12032K, reserved 1048576K
}
{Heap before GC invocations=236 (full 3):
 PSYoungGen      total 80384K, used 76128K [0x00000000d5580000, 0x00000000daa80000, 0x0000000100000000)
  eden space 73728K, 100% used [0x00000000d5580000,0x00000000d9d80000,0x00000000d9d80000)
  from space 6656K, 36% used [0x00000000da400000,0x00000000da658000,0x00000000daa80000)
  to   space 6656K, 0% used [0x00000000d9d80000,0x00000000d9d80000,0x00000000da400000)
 ParOldGen       total 215040K, used 105007K [0x0000000080000000, 0x000000008d200000, 0x00000000d5580000)
  object space 215040K, 48% used [0x0000000080000000,0x000000008668bc38,0x000000008d200000)
 Metaspace       used 94468K, capacity 98026K, committed 98304K, reserved 1136640K
  class space    used 11402K, capacity 11955K, committed 12032K, reserved 1048576K
2023-04-07T07:41:09.653+0600: 1232941.736: [GC (Allocation Failure) [PSYoungGen: 76128K->2368K(80384K)] 181135K->107439K(295424K), 0.0150212 secs] [Times: user=0.02 sys=0.00, real=0.01 secs] 
Heap after GC invocations=236 (full 3):
 PSYoungGen      total 80384K, used 2368K [0x00000000d5580000, 0x00000000daa80000, 0x0000000100000000)
  eden space 73728K, 0% used [0x00000000d5580000,0x00000000d5580000,0x00000000d9d80000)
  from space 6656K, 35% used [0x00000000d9d80000,0x00000000d9fd0000,0x00000000da400000)
  to   space 6656K, 0% used [0x00000000da400000,0x00000000da400000,0x00000000daa80000)
 ParOldGen       total 215040K, used 105071K [0x0000000080000000, 0x000000008d200000, 0x00000000d5580000)
  object space 215040K, 48% used [0x0000000080000000,0x000000008669bc38,0x000000008d200000)
 Metaspace       used 94468K, capacity 98026K, committed 98304K, reserved 1136640K
  class space    used 11402K, capacity 11955K, committed 12032K, reserved 1048576K
}
{Heap before GC invocations=237 (full 3):
 PSYoungGen      total 80384K, used 76096K [0x00000000d5580000, 0x00000000daa80000, 0x0000000100000000)
  eden space 73728K, 100% used [0x00000000d5580000,0x00000000d9d80000,0x00000000d9d80000)
  from space 6656K, 35% used [0x00000000d9d80000,0x00000000d9fd0000,0x00000000da400000)
  to   space 6656K, 0% used [0x00000000da400000,0x00000000da400000,0x00000000daa80000)
 ParOldGen       total 215040K, used 105071K [0x0000000080000000, 0x000000008d200000, 0x00000000d5580000)
  object space 215040K, 48% used [0x0000000080000000,0x000000008669bc38,0x000000008d200000)
 Metaspace       used 94468K, capacity 98026K, committed 98304K, reserved 1136640K
  class space    used 11402K, capacity 11955K, committed 12032K, reserved 1048576K
2023-04-07T08:48:33.008+0600: 1236985.091: [GC (Allocation Failure) [PSYoungGen: 76096K->2304K(80384K)] 181167K->107439K(295424K), 0.0110096 secs] [Times: user=0.02 sys=0.00, real=0.02 secs] 
Heap after GC invocations=237 (full 3):
 PSYoungGen      total 80384K, used 2304K [0x00000000d5580000, 0x00000000daa80000, 0x0000000100000000)
  eden space 73728K, 0% used [0x00000000d5580000,0x00000000d5580000,0x00000000d9d80000)
  from space 6656K, 34% used [0x00000000da400000,0x00000000da640000,0x00000000daa80000)
  to   space 6656K, 0% used [0x00000000d9d80000,0x00000000d9d80000,0x00000000da400000)
 ParOldGen       total 215040K, used 105135K [0x0000000080000000, 0x000000008d200000, 0x00000000d5580000)
  object space 215040K, 48% used [0x0000000080000000,0x00000000866abc68,0x000000008d200000)
 Metaspace       used 94468K, capacity 98026K, committed 98304K, reserved 1136640K
  class space    used 11402K, capacity 11955K, committed 12032K, reserved 1048576K
}
{Heap before GC invocations=238 (full 3):
 PSYoungGen      total 80384K, used 76032K [0x00000000d5580000, 0x00000000daa80000, 0x0000000100000000)
  eden space 73728K, 100% used [0x00000000d5580000,0x00000000d9d80000,0x00000000d9d80000)
  from space 6656K, 34% used [0x00000000da400000,0x00000000da640000,0x00000000daa80000)
  to   space 6656K, 0% used [0x00000000d9d80000,0x00000000d9d80000,0x00000000da400000)
 ParOldGen       total 215040K, used 105135K [0x0000000080000000, 0x000000008d200000, 0x00000000d5580000)
  object space 215040K, 48% used [0x0000000080000000,0x00000000866abc68,0x000000008d200000)
 Metaspace       used 94468K, capacity 98026K, committed 98304K, reserved 1136640K
  class space    used 11402K, capacity 11955K, committed 12032K, reserved 1048576K
2023-04-07T09:53:22.590+0600: 1240874.673: [GC (Allocation Failure) [PSYoungGen: 76032K->2336K(80384K)] 181167K->107471K(295424K), 0.0148502 secs] [Times: user=0.02 sys=0.01, real=0.01 secs] 
Heap after GC invocations=238 (full 3):
 PSYoungGen      total 80384K, used 2336K [0x00000000d5580000, 0x00000000daa80000, 0x0000000100000000)
  eden space 73728K, 0% used [0x00000000d5580000,0x00000000d5580000,0x00000000d9d80000)
  from space 6656K, 35% used [0x00000000d9d80000,0x00000000d9fc8000,0x00000000da400000)
  to   space 6144K, 0% used [0x00000000da480000,0x00000000da480000,0x00000000daa80000)
 ParOldGen       total 215040K, used 105135K [0x0000000080000000, 0x000000008d200000, 0x00000000d5580000)
  object space 215040K, 48% used [0x0000000080000000,0x00000000866abc68,0x000000008d200000)
 Metaspace       used 94468K, capacity 98026K, committed 98304K, reserved 1136640K
  class space    used 11402K, capacity 11955K, committed 12032K, reserved 1048576K
}
{Heap before GC invocations=239 (full 3):
 PSYoungGen      total 80384K, used 76064K [0x00000000d5580000, 0x00000000daa80000, 0x0000000100000000)
  eden space 73728K, 100% used [0x00000000d5580000,0x00000000d9d80000,0x00000000d9d80000)
  from space 6656K, 35% used [0x00000000d9d80000,0x00000000d9fc8000,0x00000000da400000)
  to   space 6144K, 0% used [0x00000000da480000,0x00000000da480000,0x00000000daa80000)
 ParOldGen       total 215040K, used 105135K [0x0000000080000000, 0x000000008d200000, 0x00000000d5580000)
  object space 215040K, 48% used [0x0000000080000000,0x00000000866abc68,0x000000008d200000)
 Metaspace       used 94468K, capacity 98026K, committed 98304K, reserved 1136640K
  class space    used 11402K, capacity 11955K, committed 12032K, reserved 1048576K
2023-04-07T11:01:23.421+0600: 1244955.504: [GC (Allocation Failure) [PSYoungGen: 76064K->2304K(80896K)] 181199K->107439K(295936K), 0.0129665 secs] [Times: user=0.03 sys=0.00, real=0.01 secs] 
Heap after GC invocations=239 (full 3):
 PSYoungGen      total 80896K, used 2304K [0x00000000d5580000, 0x00000000daa80000, 0x0000000100000000)
  eden space 74752K, 0% used [0x00000000d5580000,0x00000000d5580000,0x00000000d9e80000)
  from space 6144K, 37% used [0x00000000da480000,0x00000000da6c0000,0x00000000daa80000)
  to   space 6144K, 0% used [0x00000000d9e80000,0x00000000d9e80000,0x00000000da480000)
 ParOldGen       total 215040K, used 105135K [0x0000000080000000, 0x000000008d200000, 0x00000000d5580000)
  object space 215040K, 48% used [0x0000000080000000,0x00000000866abc68,0x000000008d200000)
 Metaspace       used 94468K, capacity 98026K, committed 98304K, reserved 1136640K
  class space    used 11402K, capacity 11955K, committed 12032K, reserved 1048576K
}
{Heap before GC invocations=240 (full 3):
 PSYoungGen      total 80896K, used 77056K [0x00000000d5580000, 0x00000000daa80000, 0x0000000100000000)
  eden space 74752K, 100% used [0x00000000d5580000,0x00000000d9e80000,0x00000000d9e80000)
  from space 6144K, 37% used [0x00000000da480000,0x00000000da6c0000,0x00000000daa80000)
  to   space 6144K, 0% used [0x00000000d9e80000,0x00000000d9e80000,0x00000000da480000)
 ParOldGen       total 215040K, used 105135K [0x0000000080000000, 0x000000008d200000, 0x00000000d5580000)
  object space 215040K, 48% used [0x0000000080000000,0x00000000866abc68,0x000000008d200000)
 Metaspace       used 94468K, capacity 98026K, committed 98304K, reserved 1136640K
  class space    used 11402K, capacity 11955K, committed 12032K, reserved 1048576K
2023-04-07T12:12:57.977+0600: 1249250.060: [GC (Allocation Failure) [PSYoungGen: 77056K->2304K(80896K)] 182191K->107439K(295936K), 0.0135862 secs] [Times: user=0.02 sys=0.00, real=0.02 secs] 
Heap after GC invocations=240 (full 3):
 PSYoungGen      total 80896K, used 2304K [0x00000000d5580000, 0x00000000daa80000, 0x0000000100000000)
  eden space 74752K, 0% used [0x00000000d5580000,0x00000000d5580000,0x00000000d9e80000)
  from space 6144K, 37% used [0x00000000d9e80000,0x00000000da0c0000,0x00000000da480000)
  to   space 6144K, 0% used [0x00000000da480000,0x00000000da480000,0x00000000daa80000)
 ParOldGen       total 215040K, used 105135K [0x0000000080000000, 0x000000008d200000, 0x00000000d5580000)
  object space 215040K, 48% used [0x0000000080000000,0x00000000866abc68,0x000000008d200000)
 Metaspace       used 94468K, capacity 98026K, committed 98304K, reserved 1136640K
  class space    used 11402K, capacity 11955K, committed 12032K, reserved 1048576K
}
{Heap before GC invocations=241 (full 3):
 PSYoungGen      total 80896K, used 77056K [0x00000000d5580000, 0x00000000daa80000, 0x0000000100000000)
  eden space 74752K, 100% used [0x00000000d5580000,0x00000000d9e80000,0x00000000d9e80000)
  from space 6144K, 37% used [0x00000000d9e80000,0x00000000da0c0000,0x00000000da480000)
  to   space 6144K, 0% used [0x00000000da480000,0x00000000da480000,0x00000000daa80000)
 ParOldGen       total 215040K, used 105135K [0x0000000080000000, 0x000000008d200000, 0x00000000d5580000)
  object space 215040K, 48% used [0x0000000080000000,0x00000000866abc68,0x000000008d200000)
 Metaspace       used 94481K, capacity 98050K, committed 98304K, reserved 1136640K
  class space    used 11405K, capacity 11959K, committed 12032K, reserved 1048576K
2023-04-07T13:16:36.760+0600: 1253068.843: [GC (Allocation Failure) [PSYoungGen: 77056K->2593K(81408K)] 182191K->107768K(296448K), 0.0163559 secs] [Times: user=0.03 sys=0.00, real=0.01 secs] 
Heap after GC invocations=241 (full 3):
 PSYoungGen      total 81408K, used 2593K [0x00000000d5580000, 0x00000000daa80000, 0x0000000100000000)
  eden space 75264K, 0% used [0x00000000d5580000,0x00000000d5580000,0x00000000d9f00000)
  from space 6144K, 42% used [0x00000000da480000,0x00000000da708460,0x00000000daa80000)
  to   space 5632K, 0% used [0x00000000d9f00000,0x00000000d9f00000,0x00000000da480000)
 ParOldGen       total 215040K, used 105175K [0x0000000080000000, 0x000000008d200000, 0x00000000d5580000)
  object space 215040K, 48% used [0x0000000080000000,0x00000000866b5c68,0x000000008d200000)
 Metaspace       used 94481K, capacity 98050K, committed 98304K, reserved 1136640K
  class space    used 11405K, capacity 11959K, committed 12032K, reserved 1048576K
}
{Heap before GC invocations=242 (full 3):
 PSYoungGen      total 81408K, used 77857K [0x00000000d5580000, 0x00000000daa80000, 0x0000000100000000)
  eden space 75264K, 100% used [0x00000000d5580000,0x00000000d9f00000,0x00000000d9f00000)
  from space 6144K, 42% used [0x00000000da480000,0x00000000da708460,0x00000000daa80000)
  to   space 5632K, 0% used [0x00000000d9f00000,0x00000000d9f00000,0x00000000da480000)
 ParOldGen       total 215040K, used 105175K [0x0000000080000000, 0x000000008d200000, 0x00000000d5580000)
  object space 215040K, 48% used [0x0000000080000000,0x00000000866b5c68,0x000000008d200000)
 Metaspace       used 94481K, capacity 98050K, committed 98304K, reserved 1136640K
  class space    used 11405K, capacity 11959K, committed 12032K, reserved 1048576K
2023-04-07T14:22:46.441+0600: 1257038.523: [GC (Allocation Failure) [PSYoungGen: 77857K->2336K(80896K)] 183032K->107511K(295936K), 0.0155567 secs] [Times: user=0.02 sys=0.00, real=0.01 secs] 
Heap after GC invocations=242 (full 3):
 PSYoungGen      total 80896K, used 2336K [0x00000000d5580000, 0x00000000daa80000, 0x0000000100000000)
  eden space 75264K, 0% used [0x00000000d5580000,0x00000000d5580000,0x00000000d9f00000)
  from space 5632K, 41% used [0x00000000d9f00000,0x00000000da148000,0x00000000da480000)
  to   space 5632K, 0% used [0x00000000da500000,0x00000000da500000,0x00000000daa80000)
 ParOldGen       total 215040K, used 105175K [0x0000000080000000, 0x000000008d200000, 0x00000000d5580000)
  object space 215040K, 48% used [0x0000000080000000,0x00000000866b5c68,0x000000008d200000)
 Metaspace       used 94481K, capacity 98050K, committed 98304K, reserved 1136640K
  class space    used 11405K, capacity 11959K, committed 12032K, reserved 1048576K
}
{Heap before GC invocations=243 (full 3):
 PSYoungGen      total 80896K, used 77600K [0x00000000d5580000, 0x00000000daa80000, 0x0000000100000000)
  eden space 75264K, 100% used [0x00000000d5580000,0x00000000d9f00000,0x00000000d9f00000)
  from space 5632K, 41% used [0x00000000d9f00000,0x00000000da148000,0x00000000da480000)
  to   space 5632K, 0% used [0x00000000da500000,0x00000000da500000,0x00000000daa80000)
 ParOldGen       total 215040K, used 105175K [0x0000000080000000, 0x000000008d200000, 0x00000000d5580000)
  object space 215040K, 48% used [0x0000000080000000,0x00000000866b5c68,0x000000008d200000)
 Metaspace       used 94481K, capacity 98050K, committed 98304K, reserved 1136640K
  class space    used 11405K, capacity 11959K, committed 12032K, reserved 1048576K
2023-04-07T15:33:27.834+0600: 1261279.916: [GC (Allocation Failure) [PSYoungGen: 77600K->2272K(81408K)] 182775K->107447K(296448K), 0.0137165 secs] [Times: user=0.02 sys=0.00, real=0.01 secs] 
Heap after GC invocations=243 (full 3):
 PSYoungGen      total 81408K, used 2272K [0x00000000d5580000, 0x00000000daa80000, 0x0000000100000000)
  eden space 75776K, 0% used [0x00000000d5580000,0x00000000d5580000,0x00000000d9f80000)
  from space 5632K, 40% used [0x00000000da500000,0x00000000da738000,0x00000000daa80000)
  to   space 5632K, 0% used [0x00000000d9f80000,0x00000000d9f80000,0x00000000da500000)
 ParOldGen       total 215040K, used 105175K [0x0000000080000000, 0x000000008d200000, 0x00000000d5580000)
  object space 215040K, 48% used [0x0000000080000000,0x00000000866b5c68,0x000000008d200000)
 Metaspace       used 94481K, capacity 98050K, committed 98304K, reserved 1136640K
  class space    used 11405K, capacity 11959K, committed 12032K, reserved 1048576K
}
{Heap before GC invocations=244 (full 3):
 PSYoungGen      total 81408K, used 78048K [0x00000000d5580000, 0x00000000daa80000, 0x0000000100000000)
  eden space 75776K, 100% used [0x00000000d5580000,0x00000000d9f80000,0x00000000d9f80000)
  from space 5632K, 40% used [0x00000000da500000,0x00000000da738000,0x00000000daa80000)
  to   space 5632K, 0% used [0x00000000d9f80000,0x00000000d9f80000,0x00000000da500000)
 ParOldGen       total 215040K, used 105175K [0x0000000080000000, 0x000000008d200000, 0x00000000d5580000)
  object space 215040K, 48% used [0x0000000080000000,0x00000000866b5c68,0x000000008d200000)
 Metaspace       used 94481K, capacity 98050K, committed 98304K, reserved 1136640K
  class space    used 11405K, capacity 11959K, committed 12032K, reserved 1048576K
2023-04-07T16:43:01.133+0600: 1265453.216: [GC (Allocation Failure) [PSYoungGen: 78048K->2272K(81408K)] 183223K->107447K(296448K), 0.0135708 secs] [Times: user=0.02 sys=0.00, real=0.01 secs] 
Heap after GC invocations=244 (full 3):
 PSYoungGen      total 81408K, used 2272K [0x00000000d5580000, 0x00000000daa80000, 0x0000000100000000)
  eden space 75776K, 0% used [0x00000000d5580000,0x00000000d5580000,0x00000000d9f80000)
  from space 5632K, 40% used [0x00000000d9f80000,0x00000000da1b8000,0x00000000da500000)
  to   space 5632K, 0% used [0x00000000da500000,0x00000000da500000,0x00000000daa80000)
 ParOldGen       total 215040K, used 105175K [0x0000000080000000, 0x000000008d200000, 0x00000000d5580000)
  object space 215040K, 48% used [0x0000000080000000,0x00000000866b5c68,0x000000008d200000)
 Metaspace       used 94481K, capacity 98050K, committed 98304K, reserved 1136640K
  class space    used 11405K, capacity 11959K, committed 12032K, reserved 1048576K
}
{Heap before GC invocations=245 (full 3):
 PSYoungGen      total 81408K, used 78048K [0x00000000d5580000, 0x00000000daa80000, 0x0000000100000000)
  eden space 75776K, 100% used [0x00000000d5580000,0x00000000d9f80000,0x00000000d9f80000)
  from space 5632K, 40% used [0x00000000d9f80000,0x00000000da1b8000,0x00000000da500000)
  to   space 5632K, 0% used [0x00000000da500000,0x00000000da500000,0x00000000daa80000)
 ParOldGen       total 215040K, used 105175K [0x0000000080000000, 0x000000008d200000, 0x00000000d5580000)
  object space 215040K, 48% used [0x0000000080000000,0x00000000866b5c68,0x000000008d200000)
 Metaspace       used 94481K, capacity 98050K, committed 98304K, reserved 1136640K
  class space    used 11405K, capacity 11959K, committed 12032K, reserved 1048576K
2023-04-07T17:49:42.047+0600: 1269454.130: [GC (Allocation Failure) [PSYoungGen: 78048K->2272K(81920K)] 183223K->107447K(296960K), 0.0134708 secs] [Times: user=0.02 sys=0.00, real=0.02 secs] 
Heap after GC invocations=245 (full 3):
 PSYoungGen      total 81920K, used 2272K [0x00000000d5580000, 0x00000000daa80000, 0x0000000100000000)
  eden space 76288K, 0% used [0x00000000d5580000,0x00000000d5580000,0x00000000da000000)
  from space 5632K, 40% used [0x00000000da500000,0x00000000da738000,0x00000000daa80000)
  to   space 5120K, 0% used [0x00000000da000000,0x00000000da000000,0x00000000da500000)
 ParOldGen       total 215040K, used 105175K [0x0000000080000000, 0x000000008d200000, 0x00000000d5580000)
  object space 215040K, 48% used [0x0000000080000000,0x00000000866b5c68,0x000000008d200000)
 Metaspace       used 94481K, capacity 98050K, committed 98304K, reserved 1136640K
  class space    used 11405K, capacity 11959K, committed 12032K, reserved 1048576K
}
{Heap before GC invocations=246 (full 3):
 PSYoungGen      total 81920K, used 78560K [0x00000000d5580000, 0x00000000daa80000, 0x0000000100000000)
  eden space 76288K, 100% used [0x00000000d5580000,0x00000000da000000,0x00000000da000000)
  from space 5632K, 40% used [0x00000000da500000,0x00000000da738000,0x00000000daa80000)
  to   space 5120K, 0% used [0x00000000da000000,0x00000000da000000,0x00000000da500000)
 ParOldGen       total 215040K, used 105175K [0x0000000080000000, 0x000000008d200000, 0x00000000d5580000)
  object space 215040K, 48% used [0x0000000080000000,0x00000000866b5c68,0x000000008d200000)
 Metaspace       used 94482K, capacity 98050K, committed 98304K, reserved 1136640K
  class space    used 11405K, capacity 11959K, committed 12032K, reserved 1048576K
2023-04-07T19:02:20.213+0600: 1273812.296: [GC (Allocation Failure) [PSYoungGen: 78560K->2336K(81408K)] 183735K->107511K(296448K), 0.0116262 secs] [Times: user=0.02 sys=0.00, real=0.01 secs] 
Heap after GC invocations=246 (full 3):
 PSYoungGen      total 81408K, used 2336K [0x00000000d5580000, 0x00000000daa80000, 0x0000000100000000)
  eden space 76288K, 0% used [0x00000000d5580000,0x00000000d5580000,0x00000000da000000)
  from space 5120K, 45% used [0x00000000da000000,0x00000000da248000,0x00000000da500000)
  to   space 5120K, 0% used [0x00000000da580000,0x00000000da580000,0x00000000daa80000)
 ParOldGen       total 215040K, used 105175K [0x0000000080000000, 0x000000008d200000, 0x00000000d5580000)
  object space 215040K, 48% used [0x0000000080000000,0x00000000866b5c68,0x000000008d200000)
 Metaspace       used 94482K, capacity 98050K, committed 98304K, reserved 1136640K
  class space    used 11405K, capacity 11959K, committed 12032K, reserved 1048576K
}
{Heap before GC invocations=247 (full 3):
 PSYoungGen      total 81408K, used 78624K [0x00000000d5580000, 0x00000000daa80000, 0x0000000100000000)
  eden space 76288K, 100% used [0x00000000d5580000,0x00000000da000000,0x00000000da000000)
  from space 5120K, 45% used [0x00000000da000000,0x00000000da248000,0x00000000da500000)
  to   space 5120K, 0% used [0x00000000da580000,0x00000000da580000,0x00000000daa80000)
 ParOldGen       total 215040K, used 105175K [0x0000000080000000, 0x000000008d200000, 0x00000000d5580000)
  object space 215040K, 48% used [0x0000000080000000,0x00000000866b5c68,0x000000008d200000)
 Metaspace       used 94482K, capacity 98050K, committed 98304K, reserved 1136640K
  class space    used 11405K, capacity 11959K, committed 12032K, reserved 1048576K
2023-04-07T20:12:12.740+0600: 1278004.822: [GC (Allocation Failure) [PSYoungGen: 78624K->2304K(81920K)] 183799K->107479K(296960K), 0.0141973 secs] [Times: user=0.02 sys=0.00, real=0.01 secs] 
Heap after GC invocations=247 (full 3):
 PSYoungGen      total 81920K, used 2304K [0x00000000d5580000, 0x00000000daa80000, 0x0000000100000000)
  eden space 76800K, 0% used [0x00000000d5580000,0x00000000d5580000,0x00000000da080000)
  from space 5120K, 45% used [0x00000000da580000,0x00000000da7c0000,0x00000000daa80000)
  to   space 5120K, 0% used [0x00000000da080000,0x00000000da080000,0x00000000da580000)
 ParOldGen       total 215040K, used 105175K [0x0000000080000000, 0x000000008d200000, 0x00000000d5580000)
  object space 215040K, 48% used [0x0000000080000000,0x00000000866b5c68,0x000000008d200000)
 Metaspace       used 94482K, capacity 98050K, committed 98304K, reserved 1136640K
  class space    used 11405K, capacity 11959K, committed 12032K, reserved 1048576K
}
{Heap before GC invocations=248 (full 3):
 PSYoungGen      total 81920K, used 79104K [0x00000000d5580000, 0x00000000daa80000, 0x0000000100000000)
  eden space 76800K, 100% used [0x00000000d5580000,0x00000000da080000,0x00000000da080000)
  from space 5120K, 45% used [0x00000000da580000,0x00000000da7c0000,0x00000000daa80000)
  to   space 5120K, 0% used [0x00000000da080000,0x00000000da080000,0x00000000da580000)
 ParOldGen       total 215040K, used 105175K [0x0000000080000000, 0x000000008d200000, 0x00000000d5580000)
  object space 215040K, 48% used [0x0000000080000000,0x00000000866b5c68,0x000000008d200000)
 Metaspace       used 94495K, capacity 98074K, committed 98304K, reserved 1136640K
  class space    used 11407K, capacity 11963K, committed 12032K, reserved 1048576K
2023-04-07T21:09:37.805+0600: 1281449.888: [GC (Allocation Failure) [PSYoungGen: 79104K->3089K(81920K)] 184279K->108272K(296960K), 0.0128348 secs] [Times: user=0.02 sys=0.00, real=0.01 secs] 
Heap after GC invocations=248 (full 3):
 PSYoungGen      total 81920K, used 3089K [0x00000000d5580000, 0x00000000daa80000, 0x0000000100000000)
  eden space 76800K, 0% used [0x00000000d5580000,0x00000000d5580000,0x00000000da080000)
  from space 5120K, 60% used [0x00000000da080000,0x00000000da384690,0x00000000da580000)
  to   space 5120K, 0% used [0x00000000da580000,0x00000000da580000,0x00000000daa80000)
 ParOldGen       total 215040K, used 105183K [0x0000000080000000, 0x000000008d200000, 0x00000000d5580000)
  object space 215040K, 48% used [0x0000000080000000,0x00000000866b7c68,0x000000008d200000)
 Metaspace       used 94495K, capacity 98074K, committed 98304K, reserved 1136640K
  class space    used 11407K, capacity 11963K, committed 12032K, reserved 1048576K
}
{Heap before GC invocations=249 (full 3):
 PSYoungGen      total 81920K, used 79889K [0x00000000d5580000, 0x00000000daa80000, 0x0000000100000000)
  eden space 76800K, 100% used [0x00000000d5580000,0x00000000da080000,0x00000000da080000)
  from space 5120K, 60% used [0x00000000da080000,0x00000000da384690,0x00000000da580000)
  to   space 5120K, 0% used [0x00000000da580000,0x00000000da580000,0x00000000daa80000)
 ParOldGen       total 215040K, used 105183K [0x0000000080000000, 0x000000008d200000, 0x00000000d5580000)
  object space 215040K, 48% used [0x0000000080000000,0x00000000866b7c68,0x000000008d200000)
 Metaspace       used 94495K, capacity 98074K, committed 98304K, reserved 1136640K
  class space    used 11407K, capacity 11963K, committed 12032K, reserved 1048576K
2023-04-07T22:16:50.275+0600: 1285482.358: [GC (Allocation Failure) [PSYoungGen: 79889K->2368K(82432K)] 185072K->107567K(297472K), 0.0160817 secs] [Times: user=0.03 sys=0.00, real=0.02 secs] 
Heap after GC invocations=249 (full 3):
 PSYoungGen      total 82432K, used 2368K [0x00000000d5580000, 0x00000000daa80000, 0x0000000100000000)
  eden space 77312K, 0% used [0x00000000d5580000,0x00000000d5580000,0x00000000da100000)
  from space 5120K, 46% used [0x00000000da580000,0x00000000da7d0000,0x00000000daa80000)
  to   space 4608K, 0% used [0x00000000da100000,0x00000000da100000,0x00000000da580000)
 ParOldGen       total 215040K, used 105199K [0x0000000080000000, 0x000000008d200000, 0x00000000d5580000)
  object space 215040K, 48% used [0x0000000080000000,0x00000000866bbc68,0x000000008d200000)
 Metaspace       used 94495K, capacity 98074K, committed 98304K, reserved 1136640K
  class space    used 11407K, capacity 11963K, committed 12032K, reserved 1048576K
}
{Heap before GC invocations=250 (full 3):
 PSYoungGen      total 82432K, used 79680K [0x00000000d5580000, 0x00000000daa80000, 0x0000000100000000)
  eden space 77312K, 100% used [0x00000000d5580000,0x00000000da100000,0x00000000da100000)
  from space 5120K, 46% used [0x00000000da580000,0x00000000da7d0000,0x00000000daa80000)
  to   space 4608K, 0% used [0x00000000da100000,0x00000000da100000,0x00000000da580000)
 ParOldGen       total 215040K, used 105199K [0x0000000080000000, 0x000000008d200000, 0x00000000d5580000)
  object space 215040K, 48% used [0x0000000080000000,0x00000000866bbc68,0x000000008d200000)
 Metaspace       used 94495K, capacity 98074K, committed 98304K, reserved 1136640K
  class space    used 11407K, capacity 11963K, committed 12032K, reserved 1048576K
2023-04-07T23:31:06.508+0600: 1289938.590: [GC (Allocation Failure) [PSYoungGen: 79680K->2336K(81920K)] 184879K->107535K(296960K), 0.0151814 secs] [Times: user=0.03 sys=0.00, real=0.02 secs] 
Heap after GC invocations=250 (full 3):
 PSYoungGen      total 81920K, used 2336K [0x00000000d5580000, 0x00000000daa80000, 0x0000000100000000)
  eden space 77312K, 0% used [0x00000000d5580000,0x00000000d5580000,0x00000000da100000)
  from space 4608K, 50% used [0x00000000da100000,0x00000000da348000,0x00000000da580000)
  to   space 4608K, 0% used [0x00000000da600000,0x00000000da600000,0x00000000daa80000)
 ParOldGen       total 215040K, used 105199K [0x0000000080000000, 0x000000008d200000, 0x00000000d5580000)
  object space 215040K, 48% used [0x0000000080000000,0x00000000866bbc68,0x000000008d200000)
 Metaspace       used 94495K, capacity 98074K, committed 98304K, reserved 1136640K
  class space    used 11407K, capacity 11963K, committed 12032K, reserved 1048576K
}
{Heap before GC invocations=251 (full 3):
 PSYoungGen      total 81920K, used 79648K [0x00000000d5580000, 0x00000000daa80000, 0x0000000100000000)
  eden space 77312K, 100% used [0x00000000d5580000,0x00000000da100000,0x00000000da100000)
  from space 4608K, 50% used [0x00000000da100000,0x00000000da348000,0x00000000da580000)
  to   space 4608K, 0% used [0x00000000da600000,0x00000000da600000,0x00000000daa80000)
 ParOldGen       total 215040K, used 105199K [0x0000000080000000, 0x000000008d200000, 0x00000000d5580000)
  object space 215040K, 48% used [0x0000000080000000,0x00000000866bbc68,0x000000008d200000)
 Metaspace       used 94495K, capacity 98074K, committed 98304K, reserved 1136640K
  class space    used 11407K, capacity 11963K, committed 12032K, reserved 1048576K
2023-04-08T00:40:17.268+0600: 1294089.351: [GC (Allocation Failure) [PSYoungGen: 79648K->2336K(82432K)] 184847K->107543K(297472K), 0.0134721 secs] [Times: user=0.03 sys=0.00, real=0.02 secs] 
Heap after GC invocations=251 (full 3):
 PSYoungGen      total 82432K, used 2336K [0x00000000d5580000, 0x00000000daa80000, 0x0000000100000000)
  eden space 77824K, 0% used [0x00000000d5580000,0x00000000d5580000,0x00000000da180000)
  from space 4608K, 50% used [0x00000000da600000,0x00000000da848000,0x00000000daa80000)
  to   space 4608K, 0% used [0x00000000da180000,0x00000000da180000,0x00000000da600000)
 ParOldGen       total 215040K, used 105207K [0x0000000080000000, 0x000000008d200000, 0x00000000d5580000)
  object space 215040K, 48% used [0x0000000080000000,0x00000000866bdc68,0x000000008d200000)
 Metaspace       used 94495K, capacity 98074K, committed 98304K, reserved 1136640K
  class space    used 11407K, capacity 11963K, committed 12032K, reserved 1048576K
}
{Heap before GC invocations=252 (full 3):
 PSYoungGen      total 82432K, used 80160K [0x00000000d5580000, 0x00000000daa80000, 0x0000000100000000)
  eden space 77824K, 100% used [0x00000000d5580000,0x00000000da180000,0x00000000da180000)
  from space 4608K, 50% used [0x00000000da600000,0x00000000da848000,0x00000000daa80000)
  to   space 4608K, 0% used [0x00000000da180000,0x00000000da180000,0x00000000da600000)
 ParOldGen       total 215040K, used 105207K [0x0000000080000000, 0x000000008d200000, 0x00000000d5580000)
  object space 215040K, 48% used [0x0000000080000000,0x00000000866bdc68,0x000000008d200000)
 Metaspace       used 94495K, capacity 98074K, committed 98304K, reserved 1136640K
  class space    used 11407K, capacity 11963K, committed 12032K, reserved 1048576K
2023-04-08T01:50:51.418+0600: 1298323.501: [GC (Allocation Failure) [PSYoungGen: 80160K->2336K(82432K)] 185367K->107543K(297472K), 0.0150868 secs] [Times: user=0.03 sys=0.00, real=0.02 secs] 
Heap after GC invocations=252 (full 3):
 PSYoungGen      total 82432K, used 2336K [0x00000000d5580000, 0x00000000daa80000, 0x0000000100000000)
  eden space 77824K, 0% used [0x00000000d5580000,0x00000000d5580000,0x00000000da180000)
  from space 4608K, 50% used [0x00000000da180000,0x00000000da3c8000,0x00000000da600000)
  to   space 4608K, 0% used [0x00000000da600000,0x00000000da600000,0x00000000daa80000)
 ParOldGen       total 215040K, used 105207K [0x0000000080000000, 0x000000008d200000, 0x00000000d5580000)
  object space 215040K, 48% used [0x0000000080000000,0x00000000866bdc68,0x000000008d200000)
 Metaspace       used 94495K, capacity 98074K, committed 98304K, reserved 1136640K
  class space    used 11407K, capacity 11963K, committed 12032K, reserved 1048576K
}
{Heap before GC invocations=253 (full 3):
 PSYoungGen      total 82432K, used 80160K [0x00000000d5580000, 0x00000000daa80000, 0x0000000100000000)
  eden space 77824K, 100% used [0x00000000d5580000,0x00000000da180000,0x00000000da180000)
  from space 4608K, 50% used [0x00000000da180000,0x00000000da3c8000,0x00000000da600000)
  to   space 4608K, 0% used [0x00000000da600000,0x00000000da600000,0x00000000daa80000)
 ParOldGen       total 215040K, used 105207K [0x0000000080000000, 0x000000008d200000, 0x00000000d5580000)
  object space 215040K, 48% used [0x0000000080000000,0x00000000866bdc68,0x000000008d200000)
 Metaspace       used 94495K, capacity 98074K, committed 98304K, reserved 1136640K
  class space    used 11407K, capacity 11963K, committed 12032K, reserved 1048576K
2023-04-08T03:04:08.730+0600: 1302720.813: [GC (Allocation Failure) [PSYoungGen: 80160K->2336K(82944K)] 185367K->107543K(297984K), 0.0134143 secs] [Times: user=0.03 sys=0.00, real=0.01 secs] 
Heap after GC invocations=253 (full 3):
 PSYoungGen      total 82944K, used 2336K [0x00000000d5580000, 0x00000000daa80000, 0x0000000100000000)
  eden space 78336K, 0% used [0x00000000d5580000,0x00000000d5580000,0x00000000da200000)
  from space 4608K, 50% used [0x00000000da600000,0x00000000da848000,0x00000000daa80000)
  to   space 4096K, 0% used [0x00000000da200000,0x00000000da200000,0x00000000da600000)
 ParOldGen       total 215040K, used 105207K [0x0000000080000000, 0x000000008d200000, 0x00000000d5580000)
  object space 215040K, 48% used [0x0000000080000000,0x00000000866bdc68,0x000000008d200000)
 Metaspace       used 94495K, capacity 98074K, committed 98304K, reserved 1136640K
  class space    used 11407K, capacity 11963K, committed 12032K, reserved 1048576K
}
{Heap before GC invocations=254 (full 3):
 PSYoungGen      total 82944K, used 80672K [0x00000000d5580000, 0x00000000daa80000, 0x0000000100000000)
  eden space 78336K, 100% used [0x00000000d5580000,0x00000000da200000,0x00000000da200000)
  from space 4608K, 50% used [0x00000000da600000,0x00000000da848000,0x00000000daa80000)
  to   space 4096K, 0% used [0x00000000da200000,0x00000000da200000,0x00000000da600000)
 ParOldGen       total 215040K, used 105207K [0x0000000080000000, 0x000000008d200000, 0x00000000d5580000)
  object space 215040K, 48% used [0x0000000080000000,0x00000000866bdc68,0x000000008d200000)
 Metaspace       used 94495K, capacity 98074K, committed 98304K, reserved 1136640K
  class space    used 11407K, capacity 11963K, committed 12032K, reserved 1048576K
2023-04-08T04:12:58.179+0600: 1306850.262: [GC (Allocation Failure) [PSYoungGen: 80672K->2336K(82432K)] 185879K->107543K(297472K), 0.0124361 secs] [Times: user=0.02 sys=0.00, real=0.02 secs] 
Heap after GC invocations=254 (full 3):
 PSYoungGen      total 82432K, used 2336K [0x00000000d5580000, 0x00000000daa80000, 0x0000000100000000)
  eden space 78336K, 0% used [0x00000000d5580000,0x00000000d5580000,0x00000000da200000)
  from space 4096K, 57% used [0x00000000da200000,0x00000000da448000,0x00000000da600000)
  to   space 4096K, 0% used [0x00000000da680000,0x00000000da680000,0x00000000daa80000)
 ParOldGen       total 215040K, used 105207K [0x0000000080000000, 0x000000008d200000, 0x00000000d5580000)
  object space 215040K, 48% used [0x0000000080000000,0x00000000866bdc68,0x000000008d200000)
 Metaspace       used 94495K, capacity 98074K, committed 98304K, reserved 1136640K
  class space    used 11407K, capacity 11963K, committed 12032K, reserved 1048576K
}
{Heap before GC invocations=255 (full 3):
 PSYoungGen      total 82432K, used 80672K [0x00000000d5580000, 0x00000000daa80000, 0x0000000100000000)
  eden space 78336K, 100% used [0x00000000d5580000,0x00000000da200000,0x00000000da200000)
  from space 4096K, 57% used [0x00000000da200000,0x00000000da448000,0x00000000da600000)
  to   space 4096K, 0% used [0x00000000da680000,0x00000000da680000,0x00000000daa80000)
 ParOldGen       total 215040K, used 105207K [0x0000000080000000, 0x000000008d200000, 0x00000000d5580000)
  object space 215040K, 48% used [0x0000000080000000,0x00000000866bdc68,0x000000008d200000)
 Metaspace       used 94495K, capacity 98074K, committed 98304K, reserved 1136640K
  class space    used 11407K, capacity 11963K, committed 12032K, reserved 1048576K
2023-04-08T05:27:47.086+0600: 1311339.169: [GC (Allocation Failure) [PSYoungGen: 80672K->2336K(82944K)] 185879K->107551K(297984K), 0.0116951 secs] [Times: user=0.02 sys=0.00, real=0.01 secs] 
Heap after GC invocations=255 (full 3):
 PSYoungGen      total 82944K, used 2336K [0x00000000d5580000, 0x00000000daa80000, 0x0000000100000000)
  eden space 78848K, 0% used [0x00000000d5580000,0x00000000d5580000,0x00000000da280000)
  from space 4096K, 57% used [0x00000000da680000,0x00000000da8c8000,0x00000000daa80000)
  to   space 4096K, 0% used [0x00000000da280000,0x00000000da280000,0x00000000da680000)
 ParOldGen       total 215040K, used 105215K [0x0000000080000000, 0x000000008d200000, 0x00000000d5580000)
  object space 215040K, 48% used [0x0000000080000000,0x00000000866bfc68,0x000000008d200000)
 Metaspace       used 94495K, capacity 98074K, committed 98304K, reserved 1136640K
  class space    used 11407K, capacity 11963K, committed 12032K, reserved 1048576K
}
{Heap before GC invocations=256 (full 3):
 PSYoungGen      total 82944K, used 81184K [0x00000000d5580000, 0x00000000daa80000, 0x0000000100000000)
  eden space 78848K, 100% used [0x00000000d5580000,0x00000000da280000,0x00000000da280000)
  from space 4096K, 57% used [0x00000000da680000,0x00000000da8c8000,0x00000000daa80000)
  to   space 4096K, 0% used [0x00000000da280000,0x00000000da280000,0x00000000da680000)
 ParOldGen       total 215040K, used 105215K [0x0000000080000000, 0x000000008d200000, 0x00000000d5580000)
  object space 215040K, 48% used [0x0000000080000000,0x00000000866bfc68,0x000000008d200000)
 Metaspace       used 94495K, capacity 98074K, committed 98304K, reserved 1136640K
  class space    used 11407K, capacity 11963K, committed 12032K, reserved 1048576K
2023-04-08T06:38:51.268+0600: 1315603.351: [GC (Allocation Failure) [PSYoungGen: 81184K->2336K(82944K)] 186399K->107575K(297984K), 0.0139692 secs] [Times: user=0.03 sys=0.00, real=0.02 secs] 
Heap after GC invocations=256 (full 3):
 PSYoungGen      total 82944K, used 2336K [0x00000000d5580000, 0x00000000daa80000, 0x0000000100000000)
  eden space 78848K, 0% used [0x00000000d5580000,0x00000000d5580000,0x00000000da280000)
  from space 4096K, 57% used [0x00000000da280000,0x00000000da4c8000,0x00000000da680000)
  to   space 4096K, 0% used [0x00000000da680000,0x00000000da680000,0x00000000daa80000)
 ParOldGen       total 215040K, used 105239K [0x0000000080000000, 0x000000008d200000, 0x00000000d5580000)
  object space 215040K, 48% used [0x0000000080000000,0x00000000866c5c68,0x000000008d200000)
 Metaspace       used 94495K, capacity 98074K, committed 98304K, reserved 1136640K
  class space    used 11407K, capacity 11963K, committed 12032K, reserved 1048576K
}
{Heap before GC invocations=257 (full 3):
 PSYoungGen      total 82944K, used 81184K [0x00000000d5580000, 0x00000000daa80000, 0x0000000100000000)
  eden space 78848K, 100% used [0x00000000d5580000,0x00000000da280000,0x00000000da280000)
  from space 4096K, 57% used [0x00000000da280000,0x00000000da4c8000,0x00000000da680000)
  to   space 4096K, 0% used [0x00000000da680000,0x00000000da680000,0x00000000daa80000)
 ParOldGen       total 215040K, used 105239K [0x0000000080000000, 0x000000008d200000, 0x00000000d5580000)
  object space 215040K, 48% used [0x0000000080000000,0x00000000866c5c68,0x000000008d200000)
 Metaspace       used 94495K, capacity 98074K, committed 98304K, reserved 1136640K
  class space    used 11407K, capacity 11963K, committed 12032K, reserved 1048576K
2023-04-08T07:51:34.872+0600: 1319966.955: [GC (Allocation Failure) [PSYoungGen: 81184K->2336K(82944K)] 186423K->107575K(297984K), 0.0162420 secs] [Times: user=0.03 sys=0.00, real=0.01 secs] 
Heap after GC invocations=257 (full 3):
 PSYoungGen      total 82944K, used 2336K [0x00000000d5580000, 0x00000000daa80000, 0x0000000100000000)
  eden space 78848K, 0% used [0x00000000d5580000,0x00000000d5580000,0x00000000da280000)
  from space 4096K, 57% used [0x00000000da680000,0x00000000da8c8000,0x00000000daa80000)
  to   space 4096K, 0% used [0x00000000da280000,0x00000000da280000,0x00000000da680000)
 ParOldGen       total 215040K, used 105239K [0x0000000080000000, 0x000000008d200000, 0x00000000d5580000)
  object space 215040K, 48% used [0x0000000080000000,0x00000000866c5c68,0x000000008d200000)
 Metaspace       used 94495K, capacity 98074K, committed 98304K, reserved 1136640K
  class space    used 11407K, capacity 11963K, committed 12032K, reserved 1048576K
}
{Heap before GC invocations=258 (full 3):
 PSYoungGen      total 82944K, used 81184K [0x00000000d5580000, 0x00000000daa80000, 0x0000000100000000)
  eden space 78848K, 100% used [0x00000000d5580000,0x00000000da280000,0x00000000da280000)
  from space 4096K, 57% used [0x00000000da680000,0x00000000da8c8000,0x00000000daa80000)
  to   space 4096K, 0% used [0x00000000da280000,0x00000000da280000,0x00000000da680000)
 ParOldGen       total 215040K, used 105239K [0x0000000080000000, 0x000000008d200000, 0x00000000d5580000)
  object space 215040K, 48% used [0x0000000080000000,0x00000000866c5c68,0x000000008d200000)
 Metaspace       used 94495K, capacity 98074K, committed 98304K, reserved 1136640K
  class space    used 11407K, capacity 11963K, committed 12032K, reserved 1048576K
2023-04-08T09:02:39.616+0600: 1324231.699: [GC (Allocation Failure) [PSYoungGen: 81184K->2336K(82944K)] 186423K->107575K(297984K), 0.0164471 secs] [Times: user=0.03 sys=0.00, real=0.02 secs] 
Heap after GC invocations=258 (full 3):
 PSYoungGen      total 82944K, used 2336K [0x00000000d5580000, 0x00000000daa80000, 0x0000000100000000)
  eden space 78848K, 0% used [0x00000000d5580000,0x00000000d5580000,0x00000000da280000)
  from space 4096K, 57% used [0x00000000da280000,0x00000000da4c8000,0x00000000da680000)
  to   space 3584K, 0% used [0x00000000da700000,0x00000000da700000,0x00000000daa80000)
 ParOldGen       total 215040K, used 105239K [0x0000000080000000, 0x000000008d200000, 0x00000000d5580000)
  object space 215040K, 48% used [0x0000000080000000,0x00000000866c5c68,0x000000008d200000)
 Metaspace       used 94495K, capacity 98074K, committed 98304K, reserved 1136640K
  class space    used 11407K, capacity 11963K, committed 12032K, reserved 1048576K
}
{Heap before GC invocations=259 (full 3):
 PSYoungGen      total 82944K, used 81183K [0x00000000d5580000, 0x00000000daa80000, 0x0000000100000000)
  eden space 78848K, 99% used [0x00000000d5580000,0x00000000da27ffd0,0x00000000da280000)
  from space 4096K, 57% used [0x00000000da280000,0x00000000da4c8000,0x00000000da680000)
  to   space 3584K, 0% used [0x00000000da700000,0x00000000da700000,0x00000000daa80000)
 ParOldGen       total 215040K, used 105239K [0x0000000080000000, 0x000000008d200000, 0x00000000d5580000)
  object space 215040K, 48% used [0x0000000080000000,0x00000000866c5c68,0x000000008d200000)
 Metaspace       used 94495K, capacity 98074K, committed 98304K, reserved 1136640K
  class space    used 11407K, capacity 11963K, committed 12032K, reserved 1048576K
2023-04-08T10:13:38.560+0600: 1328490.643: [GC (Allocation Failure) [PSYoungGen: 81183K->2336K(83456K)] 186423K->107583K(298496K), 0.0171205 secs] [Times: user=0.03 sys=0.00, real=0.01 secs] 
Heap after GC invocations=259 (full 3):
 PSYoungGen      total 83456K, used 2336K [0x00000000d5580000, 0x00000000daa80000, 0x0000000100000000)
  eden space 79872K, 0% used [0x00000000d5580000,0x00000000d5580000,0x00000000da380000)
  from space 3584K, 65% used [0x00000000da700000,0x00000000da948000,0x00000000daa80000)
  to   space 3584K, 0% used [0x00000000da380000,0x00000000da380000,0x00000000da700000)
 ParOldGen       total 215040K, used 105247K [0x0000000080000000, 0x000000008d200000, 0x00000000d5580000)
  object space 215040K, 48% used [0x0000000080000000,0x00000000866c7c68,0x000000008d200000)
 Metaspace       used 94495K, capacity 98074K, committed 98304K, reserved 1136640K
  class space    used 11407K, capacity 11963K, committed 12032K, reserved 1048576K
}
{Heap before GC invocations=260 (full 3):
 PSYoungGen      total 83456K, used 82208K [0x00000000d5580000, 0x00000000daa80000, 0x0000000100000000)
  eden space 79872K, 100% used [0x00000000d5580000,0x00000000da380000,0x00000000da380000)
  from space 3584K, 65% used [0x00000000da700000,0x00000000da948000,0x00000000daa80000)
  to   space 3584K, 0% used [0x00000000da380000,0x00000000da380000,0x00000000da700000)
 ParOldGen       total 215040K, used 105247K [0x0000000080000000, 0x000000008d200000, 0x00000000d5580000)
  object space 215040K, 48% used [0x0000000080000000,0x00000000866c7c68,0x000000008d200000)
 Metaspace       used 94495K, capacity 98074K, committed 98304K, reserved 1136640K
  class space    used 11407K, capacity 11963K, committed 12032K, reserved 1048576K
2023-04-08T11:27:46.674+0600: 1332938.757: [GC (Allocation Failure) [PSYoungGen: 82208K->2336K(83456K)] 187455K->107583K(298496K), 0.0157204 secs] [Times: user=0.03 sys=0.00, real=0.02 secs] 
Heap after GC invocations=260 (full 3):
 PSYoungGen      total 83456K, used 2336K [0x00000000d5580000, 0x00000000daa80000, 0x0000000100000000)
  eden space 79872K, 0% used [0x00000000d5580000,0x00000000d5580000,0x00000000da380000)
  from space 3584K, 65% used [0x00000000da380000,0x00000000da5c8000,0x00000000da700000)
  to   space 3584K, 0% used [0x00000000da700000,0x00000000da700000,0x00000000daa80000)
 ParOldGen       total 215040K, used 105247K [0x0000000080000000, 0x000000008d200000, 0x00000000d5580000)
  object space 215040K, 48% used [0x0000000080000000,0x00000000866c7c68,0x000000008d200000)
 Metaspace       used 94495K, capacity 98074K, committed 98304K, reserved 1136640K
  class space    used 11407K, capacity 11963K, committed 12032K, reserved 1048576K
}
{Heap before GC invocations=261 (full 3):
 PSYoungGen      total 83456K, used 82208K [0x00000000d5580000, 0x00000000daa80000, 0x0000000100000000)
  eden space 79872K, 100% used [0x00000000d5580000,0x00000000da380000,0x00000000da380000)
  from space 3584K, 65% used [0x00000000da380000,0x00000000da5c8000,0x00000000da700000)
  to   space 3584K, 0% used [0x00000000da700000,0x00000000da700000,0x00000000daa80000)
 ParOldGen       total 215040K, used 105247K [0x0000000080000000, 0x000000008d200000, 0x00000000d5580000)
  object space 215040K, 48% used [0x0000000080000000,0x00000000866c7c68,0x000000008d200000)
 Metaspace       used 94506K, capacity 98098K, committed 98304K, reserved 1136640K
  class space    used 11410K, capacity 11967K, committed 12032K, reserved 1048576K
2023-04-08T12:35:18.686+0600: 1336990.769: [GC (Allocation Failure) [PSYoungGen: 82208K->2336K(83456K)] 187455K->107591K(298496K), 0.0143291 secs] [Times: user=0.03 sys=0.00, real=0.02 secs] 
Heap after GC invocations=261 (full 3):
 PSYoungGen      total 83456K, used 2336K [0x00000000d5580000, 0x00000000daa80000, 0x0000000100000000)
  eden space 79872K, 0% used [0x00000000d5580000,0x00000000d5580000,0x00000000da380000)
  from space 3584K, 65% used [0x00000000da700000,0x00000000da948000,0x00000000daa80000)
  to   space 3584K, 0% used [0x00000000da380000,0x00000000da380000,0x00000000da700000)
 ParOldGen       total 215040K, used 105255K [0x0000000080000000, 0x000000008d200000, 0x00000000d5580000)
  object space 215040K, 48% used [0x0000000080000000,0x00000000866c9c68,0x000000008d200000)
 Metaspace       used 94506K, capacity 98098K, committed 98304K, reserved 1136640K
  class space    used 11410K, capacity 11967K, committed 12032K, reserved 1048576K
}
{Heap before GC invocations=262 (full 3):
 PSYoungGen      total 83456K, used 82208K [0x00000000d5580000, 0x00000000daa80000, 0x0000000100000000)
  eden space 79872K, 100% used [0x00000000d5580000,0x00000000da380000,0x00000000da380000)
  from space 3584K, 65% used [0x00000000da700000,0x00000000da948000,0x00000000daa80000)
  to   space 3584K, 0% used [0x00000000da380000,0x00000000da380000,0x00000000da700000)
 ParOldGen       total 215040K, used 105255K [0x0000000080000000, 0x000000008d200000, 0x00000000d5580000)
  object space 215040K, 48% used [0x0000000080000000,0x00000000866c9c68,0x000000008d200000)
 Metaspace       used 94506K, capacity 98098K, committed 98304K, reserved 1136640K
  class space    used 11410K, capacity 11967K, committed 12032K, reserved 1048576K
2023-04-08T13:49:10.705+0600: 1341422.787: [GC (Allocation Failure) [PSYoungGen: 82208K->2336K(83456K)] 187463K->107591K(298496K), 0.0144629 secs] [Times: user=0.03 sys=0.00, real=0.02 secs] 
Heap after GC invocations=262 (full 3):
 PSYoungGen      total 83456K, used 2336K [0x00000000d5580000, 0x00000000daa80000, 0x0000000100000000)
  eden space 79872K, 0% used [0x00000000d5580000,0x00000000d5580000,0x00000000da380000)
  from space 3584K, 65% used [0x00000000da380000,0x00000000da5c8000,0x00000000da700000)
  to   space 3584K, 0% used [0x00000000da700000,0x00000000da700000,0x00000000daa80000)
 ParOldGen       total 215040K, used 105255K [0x0000000080000000, 0x000000008d200000, 0x00000000d5580000)
  object space 215040K, 48% used [0x0000000080000000,0x00000000866c9c68,0x000000008d200000)
 Metaspace       used 94506K, capacity 98098K, committed 98304K, reserved 1136640K
  class space    used 11410K, capacity 11967K, committed 12032K, reserved 1048576K
}
{Heap before GC invocations=263 (full 3):
 PSYoungGen      total 83456K, used 82208K [0x00000000d5580000, 0x00000000daa80000, 0x0000000100000000)
  eden space 79872K, 100% used [0x00000000d5580000,0x00000000da380000,0x00000000da380000)
  from space 3584K, 65% used [0x00000000da380000,0x00000000da5c8000,0x00000000da700000)
  to   space 3584K, 0% used [0x00000000da700000,0x00000000da700000,0x00000000daa80000)
 ParOldGen       total 215040K, used 105255K [0x0000000080000000, 0x000000008d200000, 0x00000000d5580000)
  object space 215040K, 48% used [0x0000000080000000,0x00000000866c9c68,0x000000008d200000)
 Metaspace       used 94506K, capacity 98098K, committed 98304K, reserved 1136640K
  class space    used 11410K, capacity 11967K, committed 12032K, reserved 1048576K
2023-04-08T15:00:53.971+0600: 1345726.054: [GC (Allocation Failure) [PSYoungGen: 82208K->2304K(83456K)] 187463K->107611K(298496K), 0.0133236 secs] [Times: user=0.02 sys=0.00, real=0.01 secs] 
Heap after GC invocations=263 (full 3):
 PSYoungGen      total 83456K, used 2304K [0x00000000d5580000, 0x00000000daa80000, 0x0000000100000000)
  eden space 79872K, 0% used [0x00000000d5580000,0x00000000d5580000,0x00000000da380000)
  from space 3584K, 64% used [0x00000000da700000,0x00000000da940000,0x00000000daa80000)
  to   space 3584K, 0% used [0x00000000da380000,0x00000000da380000,0x00000000da700000)
 ParOldGen       total 215040K, used 105307K [0x0000000080000000, 0x000000008d200000, 0x00000000d5580000)
  object space 215040K, 48% used [0x0000000080000000,0x00000000866d6c78,0x000000008d200000)
 Metaspace       used 94506K, capacity 98098K, committed 98304K, reserved 1136640K
  class space    used 11410K, capacity 11967K, committed 12032K, reserved 1048576K
}
{Heap before GC invocations=264 (full 3):
 PSYoungGen      total 83456K, used 82176K [0x00000000d5580000, 0x00000000daa80000, 0x0000000100000000)
  eden space 79872K, 100% used [0x00000000d5580000,0x00000000da380000,0x00000000da380000)
  from space 3584K, 64% used [0x00000000da700000,0x00000000da940000,0x00000000daa80000)
  to   space 3584K, 0% used [0x00000000da380000,0x00000000da380000,0x00000000da700000)
 ParOldGen       total 215040K, used 105307K [0x0000000080000000, 0x000000008d200000, 0x00000000d5580000)
  object space 215040K, 48% used [0x0000000080000000,0x00000000866d6c78,0x000000008d200000)
 Metaspace       used 94506K, capacity 98098K, committed 98304K, reserved 1136640K
  class space    used 11410K, capacity 11967K, committed 12032K, reserved 1048576K
2023-04-08T16:14:41.085+0600: 1350153.168: [GC (Allocation Failure) [PSYoungGen: 82176K->2304K(83456K)] 187483K->107611K(298496K), 0.0164127 secs] [Times: user=0.02 sys=0.00, real=0.02 secs] 
Heap after GC invocations=264 (full 3):
 PSYoungGen      total 83456K, used 2304K [0x00000000d5580000, 0x00000000daa80000, 0x0000000100000000)
  eden space 79872K, 0% used [0x00000000d5580000,0x00000000d5580000,0x00000000da380000)
  from space 3584K, 64% used [0x00000000da380000,0x00000000da5c0000,0x00000000da700000)
  to   space 3584K, 0% used [0x00000000da700000,0x00000000da700000,0x00000000daa80000)
 ParOldGen       total 215040K, used 105307K [0x0000000080000000, 0x000000008d200000, 0x00000000d5580000)
  object space 215040K, 48% used [0x0000000080000000,0x00000000866d6c78,0x000000008d200000)
 Metaspace       used 94506K, capacity 98098K, committed 98304K, reserved 1136640K
  class space    used 11410K, capacity 11967K, committed 12032K, reserved 1048576K
}
{Heap before GC invocations=265 (full 3):
 PSYoungGen      total 83456K, used 82176K [0x00000000d5580000, 0x00000000daa80000, 0x0000000100000000)
  eden space 79872K, 100% used [0x00000000d5580000,0x00000000da380000,0x00000000da380000)
  from space 3584K, 64% used [0x00000000da380000,0x00000000da5c0000,0x00000000da700000)
  to   space 3584K, 0% used [0x00000000da700000,0x00000000da700000,0x00000000daa80000)
 ParOldGen       total 215040K, used 105307K [0x0000000080000000, 0x000000008d200000, 0x00000000d5580000)
  object space 215040K, 48% used [0x0000000080000000,0x00000000866d6c78,0x000000008d200000)
 Metaspace       used 94506K, capacity 98098K, committed 98304K, reserved 1136640K
  class space    used 11410K, capacity 11967K, committed 12032K, reserved 1048576K
2023-04-08T17:27:11.917+0600: 1354504.000: [GC (Allocation Failure) [PSYoungGen: 82176K->2304K(83968K)] 187483K->107611K(299008K), 0.0158442 secs] [Times: user=0.03 sys=0.00, real=0.02 secs] 
Heap after GC invocations=265 (full 3):
 PSYoungGen      total 83968K, used 2304K [0x00000000d5580000, 0x00000000daa80000, 0x0000000100000000)
  eden space 80384K, 0% used [0x00000000d5580000,0x00000000d5580000,0x00000000da400000)
  from space 3584K, 64% used [0x00000000da700000,0x00000000da940000,0x00000000daa80000)
  to   space 3072K, 0% used [0x00000000da400000,0x00000000da400000,0x00000000da700000)
 ParOldGen       total 215040K, used 105307K [0x0000000080000000, 0x000000008d200000, 0x00000000d5580000)
  object space 215040K, 48% used [0x0000000080000000,0x00000000866d6c78,0x000000008d200000)
 Metaspace       used 94506K, capacity 98098K, committed 98304K, reserved 1136640K
  class space    used 11410K, capacity 11967K, committed 12032K, reserved 1048576K
}
{Heap before GC invocations=266 (full 3):
 PSYoungGen      total 83968K, used 82688K [0x00000000d5580000, 0x00000000daa80000, 0x0000000100000000)
  eden space 80384K, 100% used [0x00000000d5580000,0x00000000da400000,0x00000000da400000)
  from space 3584K, 64% used [0x00000000da700000,0x00000000da940000,0x00000000daa80000)
  to   space 3072K, 0% used [0x00000000da400000,0x00000000da400000,0x00000000da700000)
 ParOldGen       total 215040K, used 105307K [0x0000000080000000, 0x000000008d200000, 0x00000000d5580000)
  object space 215040K, 48% used [0x0000000080000000,0x00000000866d6c78,0x000000008d200000)
 Metaspace       used 94506K, capacity 98098K, committed 98304K, reserved 1136640K
  class space    used 11410K, capacity 11967K, committed 12032K, reserved 1048576K
2023-04-08T18:41:10.172+0600: 1358942.255: [GC (Allocation Failure) [PSYoungGen: 82688K->2304K(83456K)] 187995K->107619K(298496K), 0.0156978 secs] [Times: user=0.03 sys=0.00, real=0.01 secs] 
Heap after GC invocations=266 (full 3):
 PSYoungGen      total 83456K, used 2304K [0x00000000d5580000, 0x00000000daa80000, 0x0000000100000000)
  eden space 80384K, 0% used [0x00000000d5580000,0x00000000d5580000,0x00000000da400000)
  from space 3072K, 75% used [0x00000000da400000,0x00000000da640000,0x00000000da700000)
  to   space 3072K, 0% used [0x00000000da780000,0x00000000da780000,0x00000000daa80000)
 ParOldGen       total 215040K, used 105315K [0x0000000080000000, 0x000000008d200000, 0x00000000d5580000)
  object space 215040K, 48% used [0x0000000080000000,0x00000000866d8c78,0x000000008d200000)
 Metaspace       used 94506K, capacity 98098K, committed 98304K, reserved 1136640K
  class space    used 11410K, capacity 11967K, committed 12032K, reserved 1048576K
}
{Heap before GC invocations=267 (full 3):
 PSYoungGen      total 83456K, used 82680K [0x00000000d5580000, 0x00000000daa80000, 0x0000000100000000)
  eden space 80384K, 99% used [0x00000000d5580000,0x00000000da3fe2f8,0x00000000da400000)
  from space 3072K, 75% used [0x00000000da400000,0x00000000da640000,0x00000000da700000)
  to   space 3072K, 0% used [0x00000000da780000,0x00000000da780000,0x00000000daa80000)
 ParOldGen       total 215040K, used 105315K [0x0000000080000000, 0x000000008d200000, 0x00000000d5580000)
  object space 215040K, 48% used [0x0000000080000000,0x00000000866d8c78,0x000000008d200000)
 Metaspace       used 94506K, capacity 98098K, committed 98304K, reserved 1136640K
  class space    used 11410K, capacity 11967K, committed 12032K, reserved 1048576K
2023-04-08T19:54:28.416+0600: 1363340.499: [GC (Allocation Failure) [PSYoungGen: 82680K->2272K(83968K)] 187995K->107587K(299008K), 0.0133597 secs] [Times: user=0.02 sys=0.00, real=0.02 secs] 
Heap after GC invocations=267 (full 3):
 PSYoungGen      total 83968K, used 2272K [0x00000000d5580000, 0x00000000daa80000, 0x0000000100000000)
  eden space 80896K, 0% used [0x00000000d5580000,0x00000000d5580000,0x00000000da480000)
  from space 3072K, 73% used [0x00000000da780000,0x00000000da9b8000,0x00000000daa80000)
  to   space 3072K, 0% used [0x00000000da480000,0x00000000da480000,0x00000000da780000)
 ParOldGen       total 215040K, used 105315K [0x0000000080000000, 0x000000008d200000, 0x00000000d5580000)
  object space 215040K, 48% used [0x0000000080000000,0x00000000866d8c78,0x000000008d200000)
 Metaspace       used 94506K, capacity 98098K, committed 98304K, reserved 1136640K
  class space    used 11410K, capacity 11967K, committed 12032K, reserved 1048576K
}
{Heap before GC invocations=268 (full 3):
 PSYoungGen      total 83968K, used 83168K [0x00000000d5580000, 0x00000000daa80000, 0x0000000100000000)
  eden space 80896K, 100% used [0x00000000d5580000,0x00000000da480000,0x00000000da480000)
  from space 3072K, 73% used [0x00000000da780000,0x00000000da9b8000,0x00000000daa80000)
  to   space 3072K, 0% used [0x00000000da480000,0x00000000da480000,0x00000000da780000)
 ParOldGen       total 215040K, used 105315K [0x0000000080000000, 0x000000008d200000, 0x00000000d5580000)
  object space 215040K, 48% used [0x0000000080000000,0x00000000866d8c78,0x000000008d200000)
 Metaspace       used 94545K, capacity 98122K, committed 98304K, reserved 1136640K
  class space    used 11412K, capacity 11971K, committed 12032K, reserved 1048576K
2023-04-08T20:56:05.492+0600: 1367037.575: [GC (Allocation Failure) [PSYoungGen: 83168K->3043K(83968K)] 188483K->108406K(299008K), 0.0142974 secs] [Times: user=0.02 sys=0.00, real=0.01 secs] 
Heap after GC invocations=268 (full 3):
 PSYoungGen      total 83968K, used 3043K [0x00000000d5580000, 0x00000000daa80000, 0x0000000100000000)
  eden space 80896K, 0% used [0x00000000d5580000,0x00000000d5580000,0x00000000da480000)
  from space 3072K, 99% used [0x00000000da480000,0x00000000da778d20,0x00000000da780000)
  to   space 3072K, 0% used [0x00000000da780000,0x00000000da780000,0x00000000daa80000)
 ParOldGen       total 215040K, used 105363K [0x0000000080000000, 0x000000008d200000, 0x00000000d5580000)
  object space 215040K, 48% used [0x0000000080000000,0x00000000866e4c78,0x000000008d200000)
 Metaspace       used 94545K, capacity 98122K, committed 98304K, reserved 1136640K
  class space    used 11412K, capacity 11971K, committed 12032K, reserved 1048576K
}
{Heap before GC invocations=269 (full 3):
 PSYoungGen      total 83968K, used 83939K [0x00000000d5580000, 0x00000000daa80000, 0x0000000100000000)
  eden space 80896K, 100% used [0x00000000d5580000,0x00000000da480000,0x00000000da480000)
  from space 3072K, 99% used [0x00000000da480000,0x00000000da778d20,0x00000000da780000)
  to   space 3072K, 0% used [0x00000000da780000,0x00000000da780000,0x00000000daa80000)
 ParOldGen       total 215040K, used 105363K [0x0000000080000000, 0x000000008d200000, 0x00000000d5580000)
  object space 215040K, 48% used [0x0000000080000000,0x00000000866e4c78,0x000000008d200000)
 Metaspace       used 94546K, capacity 98122K, committed 98304K, reserved 1136640K
  class space    used 11412K, capacity 11971K, committed 12032K, reserved 1048576K
2023-04-08T22:10:19.037+0600: 1371491.120: [GC (Allocation Failure) [PSYoungGen: 83939K->2368K(82944K)] 189302K->107731K(297984K), 0.0128199 secs] [Times: user=0.02 sys=0.00, real=0.02 secs] 
Heap after GC invocations=269 (full 3):
 PSYoungGen      total 82944K, used 2368K [0x00000000d5580000, 0x00000000daa80000, 0x0000000100000000)
  eden space 79872K, 0% used [0x00000000d5580000,0x00000000d5580000,0x00000000da380000)
  from space 3072K, 77% used [0x00000000da780000,0x00000000da9d0000,0x00000000daa80000)
  to   space 3584K, 0% used [0x00000000da380000,0x00000000da380000,0x00000000da700000)
 ParOldGen       total 215040K, used 105363K [0x0000000080000000, 0x000000008d200000, 0x00000000d5580000)
  object space 215040K, 48% used [0x0000000080000000,0x00000000866e4c78,0x000000008d200000)
 Metaspace       used 94546K, capacity 98122K, committed 98304K, reserved 1136640K
  class space    used 11412K, capacity 11971K, committed 12032K, reserved 1048576K
}
{Heap before GC invocations=270 (full 3):
 PSYoungGen      total 82944K, used 82240K [0x00000000d5580000, 0x00000000daa80000, 0x0000000100000000)
  eden space 79872K, 100% used [0x00000000d5580000,0x00000000da380000,0x00000000da380000)
  from space 3072K, 77% used [0x00000000da780000,0x00000000da9d0000,0x00000000daa80000)
  to   space 3584K, 0% used [0x00000000da380000,0x00000000da380000,0x00000000da700000)
 ParOldGen       total 215040K, used 105363K [0x0000000080000000, 0x000000008d200000, 0x00000000d5580000)
  object space 215040K, 48% used [0x0000000080000000,0x00000000866e4c78,0x000000008d200000)
 Metaspace       used 94551K, capacity 98122K, committed 98304K, reserved 1136640K
  class space    used 11412K, capacity 11971K, committed 12032K, reserved 1048576K
2023-04-08T23:22:35.688+0600: 1375827.771: [GC (Allocation Failure) [PSYoungGen: 82240K->2336K(83456K)] 187603K->107707K(298496K), 0.0149192 secs] [Times: user=0.03 sys=0.00, real=0.02 secs] 
Heap after GC invocations=270 (full 3):
 PSYoungGen      total 83456K, used 2336K [0x00000000d5580000, 0x00000000daa80000, 0x0000000100000000)
  eden space 79872K, 0% used [0x00000000d5580000,0x00000000d5580000,0x00000000da380000)
  from space 3584K, 65% used [0x00000000da380000,0x00000000da5c8000,0x00000000da700000)
  to   space 3072K, 0% used [0x00000000da780000,0x00000000da780000,0x00000000daa80000)
 ParOldGen       total 215040K, used 105371K [0x0000000080000000, 0x000000008d200000, 0x00000000d5580000)
  object space 215040K, 49% used [0x0000000080000000,0x00000000866e6c78,0x000000008d200000)
 Metaspace       used 94551K, capacity 98122K, committed 98304K, reserved 1136640K
  class space    used 11412K, capacity 11971K, committed 12032K, reserved 1048576K
}
{Heap before GC invocations=271 (full 3):
 PSYoungGen      total 83456K, used 82208K [0x00000000d5580000, 0x00000000daa80000, 0x0000000100000000)
  eden space 79872K, 100% used [0x00000000d5580000,0x00000000da380000,0x00000000da380000)
  from space 3584K, 65% used [0x00000000da380000,0x00000000da5c8000,0x00000000da700000)
  to   space 3072K, 0% used [0x00000000da780000,0x00000000da780000,0x00000000daa80000)
 ParOldGen       total 215040K, used 105371K [0x0000000080000000, 0x000000008d200000, 0x00000000d5580000)
  object space 215040K, 49% used [0x0000000080000000,0x00000000866e6c78,0x000000008d200000)
 Metaspace       used 94552K, capacity 98122K, committed 98304K, reserved 1136640K
  class space    used 11412K, capacity 11971K, committed 12032K, reserved 1048576K
2023-04-09T00:36:16.504+0600: 1380248.587: [GC (Allocation Failure) [PSYoungGen: 82208K->2336K(83968K)] 187579K->107707K(299008K), 0.0138812 secs] [Times: user=0.02 sys=0.00, real=0.01 secs] 
Heap after GC invocations=271 (full 3):
 PSYoungGen      total 83968K, used 2336K [0x00000000d5580000, 0x00000000daa80000, 0x0000000100000000)
  eden space 80896K, 0% used [0x00000000d5580000,0x00000000d5580000,0x00000000da480000)
  from space 3072K, 76% used [0x00000000da780000,0x00000000da9c8000,0x00000000daa80000)
  to   space 3072K, 0% used [0x00000000da480000,0x00000000da480000,0x00000000da780000)
 ParOldGen       total 215040K, used 105371K [0x0000000080000000, 0x000000008d200000, 0x00000000d5580000)
  object space 215040K, 49% used [0x0000000080000000,0x00000000866e6c78,0x000000008d200000)
 Metaspace       used 94552K, capacity 98122K, committed 98304K, reserved 1136640K
  class space    used 11412K, capacity 11971K, committed 12032K, reserved 1048576K
}
{Heap before GC invocations=272 (full 3):
 PSYoungGen      total 83968K, used 83232K [0x00000000d5580000, 0x00000000daa80000, 0x0000000100000000)
  eden space 80896K, 100% used [0x00000000d5580000,0x00000000da480000,0x00000000da480000)
  from space 3072K, 76% used [0x00000000da780000,0x00000000da9c8000,0x00000000daa80000)
  to   space 3072K, 0% used [0x00000000da480000,0x00000000da480000,0x00000000da780000)
 ParOldGen       total 215040K, used 105371K [0x0000000080000000, 0x000000008d200000, 0x00000000d5580000)
  object space 215040K, 49% used [0x0000000080000000,0x00000000866e6c78,0x000000008d200000)
 Metaspace       used 94554K, capacity 98122K, committed 98304K, reserved 1136640K
  class space    used 11412K, capacity 11971K, committed 12032K, reserved 1048576K
2023-04-09T01:49:50.936+0600: 1384663.019: [GC (Allocation Failure) [PSYoungGen: 83232K->2336K(83968K)] 188603K->107707K(299008K), 0.0130411 secs] [Times: user=0.02 sys=0.00, real=0.01 secs] 
Heap after GC invocations=272 (full 3):
 PSYoungGen      total 83968K, used 2336K [0x00000000d5580000, 0x00000000daa80000, 0x0000000100000000)
  eden space 80896K, 0% used [0x00000000d5580000,0x00000000d5580000,0x00000000da480000)
  from space 3072K, 76% used [0x00000000da480000,0x00000000da6c8000,0x00000000da780000)
  to   space 3072K, 0% used [0x00000000da780000,0x00000000da780000,0x00000000daa80000)
 ParOldGen       total 215040K, used 105371K [0x0000000080000000, 0x000000008d200000, 0x00000000d5580000)
  object space 215040K, 49% used [0x0000000080000000,0x00000000866e6c78,0x000000008d200000)
 Metaspace       used 94554K, capacity 98122K, committed 98304K, reserved 1136640K
  class space    used 11412K, capacity 11971K, committed 12032K, reserved 1048576K
}
{Heap before GC invocations=273 (full 3):
 PSYoungGen      total 83968K, used 83232K [0x00000000d5580000, 0x00000000daa80000, 0x0000000100000000)
  eden space 80896K, 100% used [0x00000000d5580000,0x00000000da480000,0x00000000da480000)
  from space 3072K, 76% used [0x00000000da480000,0x00000000da6c8000,0x00000000da780000)
  to   space 3072K, 0% used [0x00000000da780000,0x00000000da780000,0x00000000daa80000)
 ParOldGen       total 215040K, used 105371K [0x0000000080000000, 0x000000008d200000, 0x00000000d5580000)
  object space 215040K, 49% used [0x0000000080000000,0x00000000866e6c78,0x000000008d200000)
 Metaspace       used 94554K, capacity 98122K, committed 98304K, reserved 1136640K
  class space    used 11412K, capacity 11971K, committed 12032K, reserved 1048576K
2023-04-09T03:04:40.246+0600: 1389152.328: [GC (Allocation Failure) [PSYoungGen: 83232K->2336K(83968K)] 188603K->107707K(299008K), 0.0145244 secs] [Times: user=0.02 sys=0.00, real=0.02 secs] 
Heap after GC invocations=273 (full 3):
 PSYoungGen      total 83968K, used 2336K [0x00000000d5580000, 0x00000000daa80000, 0x0000000100000000)
  eden space 80896K, 0% used [0x00000000d5580000,0x00000000d5580000,0x00000000da480000)
  from space 3072K, 76% used [0x00000000da780000,0x00000000da9c8000,0x00000000daa80000)
  to   space 3072K, 0% used [0x00000000da480000,0x00000000da480000,0x00000000da780000)
 ParOldGen       total 215040K, used 105371K [0x0000000080000000, 0x000000008d200000, 0x00000000d5580000)
  object space 215040K, 49% used [0x0000000080000000,0x00000000866e6c78,0x000000008d200000)
 Metaspace       used 94554K, capacity 98122K, committed 98304K, reserved 1136640K
  class space    used 11412K, capacity 11971K, committed 12032K, reserved 1048576K
}
{Heap before GC invocations=274 (full 3):
 PSYoungGen      total 83968K, used 83232K [0x00000000d5580000, 0x00000000daa80000, 0x0000000100000000)
  eden space 80896K, 100% used [0x00000000d5580000,0x00000000da480000,0x00000000da480000)
  from space 3072K, 76% used [0x00000000da780000,0x00000000da9c8000,0x00000000daa80000)
  to   space 3072K, 0% used [0x00000000da480000,0x00000000da480000,0x00000000da780000)
 ParOldGen       total 215040K, used 105371K [0x0000000080000000, 0x000000008d200000, 0x00000000d5580000)
  object space 215040K, 49% used [0x0000000080000000,0x00000000866e6c78,0x000000008d200000)
 Metaspace       used 94554K, capacity 98122K, committed 98304K, reserved 1136640K
  class space    used 11412K, capacity 11971K, committed 12032K, reserved 1048576K
2023-04-09T04:18:01.428+0600: 1393553.511: [GC (Allocation Failure) [PSYoungGen: 83232K->2336K(83968K)] 188603K->107707K(299008K), 0.0129531 secs] [Times: user=0.03 sys=0.00, real=0.02 secs] 
Heap after GC invocations=274 (full 3):
 PSYoungGen      total 83968K, used 2336K [0x00000000d5580000, 0x00000000daa80000, 0x0000000100000000)
  eden space 80896K, 0% used [0x00000000d5580000,0x00000000d5580000,0x00000000da480000)
  from space 3072K, 76% used [0x00000000da480000,0x00000000da6c8000,0x00000000da780000)
  to   space 3072K, 0% used [0x00000000da780000,0x00000000da780000,0x00000000daa80000)
 ParOldGen       total 215040K, used 105371K [0x0000000080000000, 0x000000008d200000, 0x00000000d5580000)
  object space 215040K, 49% used [0x0000000080000000,0x00000000866e6c78,0x000000008d200000)
 Metaspace       used 94554K, capacity 98122K, committed 98304K, reserved 1136640K
  class space    used 11412K, capacity 11971K, committed 12032K, reserved 1048576K
}
{Heap before GC invocations=275 (full 3):
 PSYoungGen      total 83968K, used 83232K [0x00000000d5580000, 0x00000000daa80000, 0x0000000100000000)
  eden space 80896K, 100% used [0x00000000d5580000,0x00000000da480000,0x00000000da480000)
  from space 3072K, 76% used [0x00000000da480000,0x00000000da6c8000,0x00000000da780000)
  to   space 3072K, 0% used [0x00000000da780000,0x00000000da780000,0x00000000daa80000)
 ParOldGen       total 215040K, used 105371K [0x0000000080000000, 0x000000008d200000, 0x00000000d5580000)
  object space 215040K, 49% used [0x0000000080000000,0x00000000866e6c78,0x000000008d200000)
 Metaspace       used 94554K, capacity 98122K, committed 98304K, reserved 1136640K
  class space    used 11412K, capacity 11971K, committed 12032K, reserved 1048576K
2023-04-09T05:32:50.625+0600: 1398042.708: [GC (Allocation Failure) [PSYoungGen: 83232K->2336K(83968K)] 188603K->107707K(299008K), 0.0155399 secs] [Times: user=0.03 sys=0.00, real=0.02 secs] 
Heap after GC invocations=275 (full 3):
 PSYoungGen      total 83968K, used 2336K [0x00000000d5580000, 0x00000000daa80000, 0x0000000100000000)
  eden space 80896K, 0% used [0x00000000d5580000,0x00000000d5580000,0x00000000da480000)
  from space 3072K, 76% used [0x00000000da780000,0x00000000da9c8000,0x00000000daa80000)
  to   space 3072K, 0% used [0x00000000da480000,0x00000000da480000,0x00000000da780000)
 ParOldGen       total 215040K, used 105371K [0x0000000080000000, 0x000000008d200000, 0x00000000d5580000)
  object space 215040K, 49% used [0x0000000080000000,0x00000000866e6c78,0x000000008d200000)
 Metaspace       used 94554K, capacity 98122K, committed 98304K, reserved 1136640K
  class space    used 11412K, capacity 11971K, committed 12032K, reserved 1048576K
}
{Heap before GC invocations=276 (full 3):
 PSYoungGen      total 83968K, used 83232K [0x00000000d5580000, 0x00000000daa80000, 0x0000000100000000)
  eden space 80896K, 100% used [0x00000000d5580000,0x00000000da480000,0x00000000da480000)
  from space 3072K, 76% used [0x00000000da780000,0x00000000da9c8000,0x00000000daa80000)
  to   space 3072K, 0% used [0x00000000da480000,0x00000000da480000,0x00000000da780000)
 ParOldGen       total 215040K, used 105371K [0x0000000080000000, 0x000000008d200000, 0x00000000d5580000)
  object space 215040K, 49% used [0x0000000080000000,0x00000000866e6c78,0x000000008d200000)
 Metaspace       used 94554K, capacity 98122K, committed 98304K, reserved 1136640K
  class space    used 11412K, capacity 11971K, committed 12032K, reserved 1048576K
2023-04-09T06:45:33.230+0600: 1402405.313: [GC (Allocation Failure) [PSYoungGen: 83232K->2304K(83968K)] 188603K->107699K(299008K), 0.0147706 secs] [Times: user=0.03 sys=0.00, real=0.01 secs] 
Heap after GC invocations=276 (full 3):
 PSYoungGen      total 83968K, used 2304K [0x00000000d5580000, 0x00000000daa80000, 0x0000000100000000)
  eden space 80896K, 0% used [0x00000000d5580000,0x00000000d5580000,0x00000000da480000)
  from space 3072K, 75% used [0x00000000da480000,0x00000000da6c0000,0x00000000da780000)
  to   space 3072K, 0% used [0x00000000da780000,0x00000000da780000,0x00000000daa80000)
 ParOldGen       total 215040K, used 105395K [0x0000000080000000, 0x000000008d200000, 0x00000000d5580000)
  object space 215040K, 49% used [0x0000000080000000,0x00000000866ecc78,0x000000008d200000)
 Metaspace       used 94554K, capacity 98122K, committed 98304K, reserved 1136640K
  class space    used 11412K, capacity 11971K, committed 12032K, reserved 1048576K
}
{Heap before GC invocations=277 (full 3):
 PSYoungGen      total 83968K, used 83200K [0x00000000d5580000, 0x00000000daa80000, 0x0000000100000000)
  eden space 80896K, 100% used [0x00000000d5580000,0x00000000da480000,0x00000000da480000)
  from space 3072K, 75% used [0x00000000da480000,0x00000000da6c0000,0x00000000da780000)
  to   space 3072K, 0% used [0x00000000da780000,0x00000000da780000,0x00000000daa80000)
 ParOldGen       total 215040K, used 105395K [0x0000000080000000, 0x000000008d200000, 0x00000000d5580000)
  object space 215040K, 49% used [0x0000000080000000,0x00000000866ecc78,0x000000008d200000)
 Metaspace       used 94554K, capacity 98122K, committed 98304K, reserved 1136640K
  class space    used 11412K, capacity 11971K, committed 12032K, reserved 1048576K
2023-04-09T08:00:22.966+0600: 1406895.049: [GC (Allocation Failure) [PSYoungGen: 83200K->2336K(83968K)] 188595K->107731K(299008K), 0.0154576 secs] [Times: user=0.03 sys=0.00, real=0.02 secs] 
Heap after GC invocations=277 (full 3):
 PSYoungGen      total 83968K, used 2336K [0x00000000d5580000, 0x00000000daa80000, 0x0000000100000000)
  eden space 80896K, 0% used [0x00000000d5580000,0x00000000d5580000,0x00000000da480000)
  from space 3072K, 76% used [0x00000000da780000,0x00000000da9c8000,0x00000000daa80000)
  to   space 3072K, 0% used [0x00000000da480000,0x00000000da480000,0x00000000da780000)
 ParOldGen       total 215040K, used 105395K [0x0000000080000000, 0x000000008d200000, 0x00000000d5580000)
  object space 215040K, 49% used [0x0000000080000000,0x00000000866ecc78,0x000000008d200000)
 Metaspace       used 94554K, capacity 98122K, committed 98304K, reserved 1136640K
  class space    used 11412K, capacity 11971K, committed 12032K, reserved 1048576K
}
{Heap before GC invocations=278 (full 3):
 PSYoungGen      total 83968K, used 83232K [0x00000000d5580000, 0x00000000daa80000, 0x0000000100000000)
  eden space 80896K, 100% used [0x00000000d5580000,0x00000000da480000,0x00000000da480000)
  from space 3072K, 76% used [0x00000000da780000,0x00000000da9c8000,0x00000000daa80000)
  to   space 3072K, 0% used [0x00000000da480000,0x00000000da480000,0x00000000da780000)
 ParOldGen       total 215040K, used 105395K [0x0000000080000000, 0x000000008d200000, 0x00000000d5580000)
  object space 215040K, 49% used [0x0000000080000000,0x00000000866ecc78,0x000000008d200000)
 Metaspace       used 94554K, capacity 98122K, committed 98304K, reserved 1136640K
  class space    used 11412K, capacity 11971K, committed 12032K, reserved 1048576K
2023-04-09T09:13:34.413+0600: 1411286.495: [GC (Allocation Failure) [PSYoungGen: 83232K->2336K(83968K)] 188627K->107731K(299008K), 0.0157508 secs] [Times: user=0.02 sys=0.00, real=0.01 secs] 
Heap after GC invocations=278 (full 3):
 PSYoungGen      total 83968K, used 2336K [0x00000000d5580000, 0x00000000daa80000, 0x0000000100000000)
  eden space 80896K, 0% used [0x00000000d5580000,0x00000000d5580000,0x00000000da480000)
  from space 3072K, 76% used [0x00000000da480000,0x00000000da6c8000,0x00000000da780000)
  to   space 3072K, 0% used [0x00000000da780000,0x00000000da780000,0x00000000daa80000)
 ParOldGen       total 215040K, used 105395K [0x0000000080000000, 0x000000008d200000, 0x00000000d5580000)
  object space 215040K, 49% used [0x0000000080000000,0x00000000866ecc78,0x000000008d200000)
 Metaspace       used 94554K, capacity 98122K, committed 98304K, reserved 1136640K
  class space    used 11412K, capacity 11971K, committed 12032K, reserved 1048576K
}
{Heap before GC invocations=279 (full 3):
 PSYoungGen      total 83968K, used 83232K [0x00000000d5580000, 0x00000000daa80000, 0x0000000100000000)
  eden space 80896K, 100% used [0x00000000d5580000,0x00000000da480000,0x00000000da480000)
  from space 3072K, 76% used [0x00000000da480000,0x00000000da6c8000,0x00000000da780000)
  to   space 3072K, 0% used [0x00000000da780000,0x00000000da780000,0x00000000daa80000)
 ParOldGen       total 215040K, used 105395K [0x0000000080000000, 0x000000008d200000, 0x00000000d5580000)
  object space 215040K, 49% used [0x0000000080000000,0x00000000866ecc78,0x000000008d200000)
 Metaspace       used 94560K, capacity 98134K, committed 98304K, reserved 1136640K
  class space    used 11413K, capacity 11973K, committed 12032K, reserved 1048576K
2023-04-09T10:21:21.199+0600: 1415353.282: [GC (Allocation Failure) [PSYoungGen: 83232K->3056K(83968K)] 188627K->108531K(299008K), 0.0123802 secs] [Times: user=0.02 sys=0.00, real=0.02 secs] 
Heap after GC invocations=279 (full 3):
 PSYoungGen      total 83968K, used 3056K [0x00000000d5580000, 0x00000000daa80000, 0x0000000100000000)
  eden space 80896K, 0% used [0x00000000d5580000,0x00000000d5580000,0x00000000da480000)
  from space 3072K, 99% used [0x00000000da780000,0x00000000daa7c240,0x00000000daa80000)
  to   space 3072K, 0% used [0x00000000da480000,0x00000000da480000,0x00000000da780000)
 ParOldGen       total 215040K, used 105475K [0x0000000080000000, 0x000000008d200000, 0x00000000d5580000)
  object space 215040K, 49% used [0x0000000080000000,0x0000000086700c78,0x000000008d200000)
 Metaspace       used 94560K, capacity 98134K, committed 98304K, reserved 1136640K
  class space    used 11413K, capacity 11973K, committed 12032K, reserved 1048576K
}
{Heap before GC invocations=280 (full 3):
 PSYoungGen      total 83968K, used 83952K [0x00000000d5580000, 0x00000000daa80000, 0x0000000100000000)
  eden space 80896K, 100% used [0x00000000d5580000,0x00000000da480000,0x00000000da480000)
  from space 3072K, 99% used [0x00000000da780000,0x00000000daa7c240,0x00000000daa80000)
  to   space 3072K, 0% used [0x00000000da480000,0x00000000da480000,0x00000000da780000)
 ParOldGen       total 215040K, used 105475K [0x0000000080000000, 0x000000008d200000, 0x00000000d5580000)
  object space 215040K, 49% used [0x0000000080000000,0x0000000086700c78,0x000000008d200000)
 Metaspace       used 94722K, capacity 98300K, committed 98560K, reserved 1136640K
  class space    used 11438K, capacity 12006K, committed 12032K, reserved 1048576K
2023-04-09T11:26:04.695+0600: 1419236.778: [GC (Allocation Failure) [PSYoungGen: 83952K->2752K(83968K)] 189427K->108227K(299008K), 0.0133014 secs] [Times: user=0.02 sys=0.00, real=0.01 secs] 
Heap after GC invocations=280 (full 3):
 PSYoungGen      total 83968K, used 2752K [0x00000000d5580000, 0x00000000daa80000, 0x0000000100000000)
  eden space 80896K, 0% used [0x00000000d5580000,0x00000000d5580000,0x00000000da480000)
  from space 3072K, 89% used [0x00000000da480000,0x00000000da730000,0x00000000da780000)
  to   space 3072K, 0% used [0x00000000da780000,0x00000000da780000,0x00000000daa80000)
 ParOldGen       total 215040K, used 105475K [0x0000000080000000, 0x000000008d200000, 0x00000000d5580000)
  object space 215040K, 49% used [0x0000000080000000,0x0000000086700c78,0x000000008d200000)
 Metaspace       used 94722K, capacity 98300K, committed 98560K, reserved 1136640K
  class space    used 11438K, capacity 12006K, committed 12032K, reserved 1048576K
}
{Heap before GC invocations=281 (full 3):
 PSYoungGen      total 83968K, used 83648K [0x00000000d5580000, 0x00000000daa80000, 0x0000000100000000)
  eden space 80896K, 100% used [0x00000000d5580000,0x00000000da480000,0x00000000da480000)
  from space 3072K, 89% used [0x00000000da480000,0x00000000da730000,0x00000000da780000)
  to   space 3072K, 0% used [0x00000000da780000,0x00000000da780000,0x00000000daa80000)
 ParOldGen       total 215040K, used 105475K [0x0000000080000000, 0x000000008d200000, 0x00000000d5580000)
  object space 215040K, 49% used [0x0000000080000000,0x0000000086700c78,0x000000008d200000)
 Metaspace       used 94738K, capacity 98324K, committed 98560K, reserved 1136640K
  class space    used 11440K, capacity 12010K, committed 12032K, reserved 1048576K
2023-04-09T12:18:53.603+0600: 1422405.685: [GC (Allocation Failure) [PSYoungGen: 83648K->3056K(82944K)] 189123K->110125K(297984K), 0.0151611 secs] [Times: user=0.03 sys=0.00, real=0.01 secs] 
Heap after GC invocations=281 (full 3):
 PSYoungGen      total 82944K, used 3056K [0x00000000d5580000, 0x00000000dab80000, 0x0000000100000000)
  eden space 79872K, 0% used [0x00000000d5580000,0x00000000d5580000,0x00000000da380000)
  from space 3072K, 99% used [0x00000000da780000,0x00000000daa7c260,0x00000000daa80000)
  to   space 4096K, 0% used [0x00000000da380000,0x00000000da380000,0x00000000da780000)
 ParOldGen       total 215040K, used 107068K [0x0000000080000000, 0x000000008d200000, 0x00000000d5580000)
  object space 215040K, 49% used [0x0000000080000000,0x000000008688f380,0x000000008d200000)
 Metaspace       used 94738K, capacity 98324K, committed 98560K, reserved 1136640K
  class space    used 11440K, capacity 12010K, committed 12032K, reserved 1048576K
}
{Heap before GC invocations=282 (full 3):
 PSYoungGen      total 82944K, used 82921K [0x00000000d5580000, 0x00000000dab80000, 0x0000000100000000)
  eden space 79872K, 99% used [0x00000000d5580000,0x00000000da37e208,0x00000000da380000)
  from space 3072K, 99% used [0x00000000da780000,0x00000000daa7c260,0x00000000daa80000)
  to   space 4096K, 0% used [0x00000000da380000,0x00000000da380000,0x00000000da780000)
 ParOldGen       total 215040K, used 107068K [0x0000000080000000, 0x000000008d200000, 0x00000000d5580000)
  object space 215040K, 49% used [0x0000000080000000,0x000000008688f380,0x000000008d200000)
 Metaspace       used 94739K, capacity 98324K, committed 98560K, reserved 1136640K
  class space    used 11440K, capacity 12010K, committed 12032K, reserved 1048576K
2023-04-09T13:07:10.503+0600: 1425302.585: [GC (Allocation Failure) [PSYoungGen: 82921K->4064K(82944K)] 189989K->113383K(297984K), 0.0138472 secs] [Times: user=0.03 sys=0.00, real=0.01 secs] 
Heap after GC invocations=282 (full 3):
 PSYoungGen      total 82944K, used 4064K [0x00000000d5580000, 0x00000000dac80000, 0x0000000100000000)
  eden space 78848K, 0% used [0x00000000d5580000,0x00000000d5580000,0x00000000da280000)
  from space 4096K, 99% used [0x00000000da380000,0x00000000da778270,0x00000000da780000)
  to   space 5120K, 0% used [0x00000000da780000,0x00000000da780000,0x00000000dac80000)
 ParOldGen       total 215040K, used 109318K [0x0000000080000000, 0x000000008d200000, 0x00000000d5580000)
  object space 215040K, 50% used [0x0000000080000000,0x0000000086ac1b18,0x000000008d200000)
 Metaspace       used 94739K, capacity 98324K, committed 98560K, reserved 1136640K
  class space    used 11440K, capacity 12010K, committed 12032K, reserved 1048576K
}
{Heap before GC invocations=283 (full 3):
 PSYoungGen      total 82944K, used 82912K [0x00000000d5580000, 0x00000000dac80000, 0x0000000100000000)
  eden space 78848K, 100% used [0x00000000d5580000,0x00000000da280000,0x00000000da280000)
  from space 4096K, 99% used [0x00000000da380000,0x00000000da778270,0x00000000da780000)
  to   space 5120K, 0% used [0x00000000da780000,0x00000000da780000,0x00000000dac80000)
 ParOldGen       total 215040K, used 109318K [0x0000000080000000, 0x000000008d200000, 0x00000000d5580000)
  object space 215040K, 50% used [0x0000000080000000,0x0000000086ac1b18,0x000000008d200000)
 Metaspace       used 94740K, capacity 98324K, committed 98560K, reserved 1136640K
  class space    used 11440K, capacity 12010K, committed 12032K, reserved 1048576K
2023-04-09T13:48:02.544+0600: 1427754.626: [GC (Allocation Failure) [PSYoungGen: 82912K->5106K(82432K)] 192231K->116113K(297472K), 0.0181810 secs] [Times: user=0.03 sys=0.00, real=0.02 secs] 
Heap after GC invocations=283 (full 3):
 PSYoungGen      total 82432K, used 5106K [0x00000000d5580000, 0x00000000dae80000, 0x0000000100000000)
  eden space 77312K, 0% used [0x00000000d5580000,0x00000000d5580000,0x00000000da100000)
  from space 5120K, 99% used [0x00000000da780000,0x00000000dac7cb80,0x00000000dac80000)
  to   space 6656K, 0% used [0x00000000da100000,0x00000000da100000,0x00000000da780000)
 ParOldGen       total 215040K, used 111006K [0x0000000080000000, 0x000000008d200000, 0x00000000d5580000)
  object space 215040K, 51% used [0x0000000080000000,0x0000000086c67ba8,0x000000008d200000)
 Metaspace       used 94740K, capacity 98324K, committed 98560K, reserved 1136640K
  class space    used 11440K, capacity 12010K, committed 12032K, reserved 1048576K
}
{Heap before GC invocations=284 (full 3):
 PSYoungGen      total 82432K, used 82418K [0x00000000d5580000, 0x00000000dae80000, 0x0000000100000000)
  eden space 77312K, 100% used [0x00000000d5580000,0x00000000da100000,0x00000000da100000)
  from space 5120K, 99% used [0x00000000da780000,0x00000000dac7cb80,0x00000000dac80000)
  to   space 6656K, 0% used [0x00000000da100000,0x00000000da100000,0x00000000da780000)
 ParOldGen       total 215040K, used 111006K [0x0000000080000000, 0x000000008d200000, 0x00000000d5580000)
  object space 215040K, 51% used [0x0000000080000000,0x0000000086c67ba8,0x000000008d200000)
 Metaspace       used 94744K, capacity 98336K, committed 98560K, reserved 1136640K
  class space    used 11441K, capacity 12012K, committed 12032K, reserved 1048576K
2023-04-09T14:37:46.335+0600: 1430738.417: [GC (Allocation Failure) [PSYoungGen: 82418K->6630K(82944K)] 193425K->117637K(297984K), 0.0192176 secs] [Times: user=0.03 sys=0.00, real=0.02 secs] 
Heap after GC invocations=284 (full 3):
 PSYoungGen      total 82944K, used 6630K [0x00000000d5580000, 0x00000000dae00000, 0x0000000100000000)
  eden space 76288K, 0% used [0x00000000d5580000,0x00000000d5580000,0x00000000da000000)
  from space 6656K, 99% used [0x00000000da100000,0x00000000da779b50,0x00000000da780000)
  to   space 6656K, 0% used [0x00000000da780000,0x00000000da780000,0x00000000dae00000)
 ParOldGen       total 215040K, used 111006K [0x0000000080000000, 0x000000008d200000, 0x00000000d5580000)
  object space 215040K, 51% used [0x0000000080000000,0x0000000086c67ba8,0x000000008d200000)
 Metaspace       used 94744K, capacity 98336K, committed 98560K, reserved 1136640K
  class space    used 11441K, capacity 12012K, committed 12032K, reserved 1048576K
}
{Heap before GC invocations=285 (full 3):
 PSYoungGen      total 82944K, used 82918K [0x00000000d5580000, 0x00000000dae00000, 0x0000000100000000)
  eden space 76288K, 100% used [0x00000000d5580000,0x00000000da000000,0x00000000da000000)
  from space 6656K, 99% used [0x00000000da100000,0x00000000da779b50,0x00000000da780000)
  to   space 6656K, 0% used [0x00000000da780000,0x00000000da780000,0x00000000dae00000)
 ParOldGen       total 215040K, used 111006K [0x0000000080000000, 0x000000008d200000, 0x00000000d5580000)
  object space 215040K, 51% used [0x0000000080000000,0x0000000086c67ba8,0x000000008d200000)
 Metaspace       used 94762K, capacity 98396K, committed 98560K, reserved 1136640K
  class space    used 11447K, capacity 12022K, committed 12032K, reserved 1048576K
2023-04-09T15:06:14.831+0600: 1432446.914: [GC (Allocation Failure) [PSYoungGen: 82918K->6642K(81920K)] 193925K->119722K(296960K), 0.0195627 secs] [Times: user=0.03 sys=0.00, real=0.02 secs] 
Heap after GC invocations=285 (full 3):
 PSYoungGen      total 81920K, used 6642K [0x00000000d5580000, 0x00000000db000000, 0x0000000100000000)
  eden space 75264K, 0% used [0x00000000d5580000,0x00000000d5580000,0x00000000d9f00000)
  from space 6656K, 99% used [0x00000000da780000,0x00000000dadfcba0,0x00000000dae00000)
  to   space 8704K, 0% used [0x00000000d9f00000,0x00000000d9f00000,0x00000000da780000)
 ParOldGen       total 215040K, used 113079K [0x0000000080000000, 0x000000008d200000, 0x00000000d5580000)
  object space 215040K, 52% used [0x0000000080000000,0x0000000086e6dd08,0x000000008d200000)
 Metaspace       used 94762K, capacity 98396K, committed 98560K, reserved 1136640K
  class space    used 11447K, capacity 12022K, committed 12032K, reserved 1048576K
}
{Heap before GC invocations=286 (full 3):
 PSYoungGen      total 81920K, used 81906K [0x00000000d5580000, 0x00000000db000000, 0x0000000100000000)
  eden space 75264K, 100% used [0x00000000d5580000,0x00000000d9f00000,0x00000000d9f00000)
  from space 6656K, 99% used [0x00000000da780000,0x00000000dadfcba0,0x00000000dae00000)
  to   space 8704K, 0% used [0x00000000d9f00000,0x00000000d9f00000,0x00000000da780000)
 ParOldGen       total 215040K, used 113079K [0x0000000080000000, 0x000000008d200000, 0x00000000d5580000)
  object space 215040K, 52% used [0x0000000080000000,0x0000000086e6dd08,0x000000008d200000)
 Metaspace       used 94776K, capacity 98426K, committed 98560K, reserved 1136640K
  class space    used 11449K, capacity 12027K, committed 12032K, reserved 1048576K
2023-04-09T15:52:40.860+0600: 1435232.943: [GC (Allocation Failure) [PSYoungGen: 81906K->8583K(82944K)] 194986K->121663K(297984K), 0.0146293 secs] [Times: user=0.03 sys=0.00, real=0.01 secs] 
Heap after GC invocations=286 (full 3):
 PSYoungGen      total 82944K, used 8583K [0x00000000d5580000, 0x00000000db200000, 0x0000000100000000)
  eden space 74240K, 0% used [0x00000000d5580000,0x00000000d5580000,0x00000000d9e00000)
  from space 8704K, 98% used [0x00000000d9f00000,0x00000000da761fb0,0x00000000da780000)
  to   space 10240K, 0% used [0x00000000da800000,0x00000000da800000,0x00000000db200000)
 ParOldGen       total 215040K, used 113079K [0x0000000080000000, 0x000000008d200000, 0x00000000d5580000)
  object space 215040K, 52% used [0x0000000080000000,0x0000000086e6dd08,0x000000008d200000)
 Metaspace       used 94776K, capacity 98426K, committed 98560K, reserved 1136640K
  class space    used 11449K, capacity 12027K, committed 12032K, reserved 1048576K
}
{Heap before GC invocations=287 (full 3):
 PSYoungGen      total 82944K, used 82823K [0x00000000d5580000, 0x00000000db200000, 0x0000000100000000)
  eden space 74240K, 100% used [0x00000000d5580000,0x00000000d9e00000,0x00000000d9e00000)
  from space 8704K, 98% used [0x00000000d9f00000,0x00000000da761fb0,0x00000000da780000)
  to   space 10240K, 0% used [0x00000000da800000,0x00000000da800000,0x00000000db200000)
 ParOldGen       total 215040K, used 113079K [0x0000000080000000, 0x000000008d200000, 0x00000000d5580000)
  object space 215040K, 52% used [0x0000000080000000,0x0000000086e6dd08,0x000000008d200000)
 Metaspace       used 94776K, capacity 98426K, committed 98560K, reserved 1136640K
  class space    used 11449K, capacity 12027K, committed 12032K, reserved 1048576K
2023-04-09T16:41:15.454+0600: 1438147.537: [GC (Allocation Failure) [PSYoungGen: 82823K->6901K(82432K)] 195903K->119980K(297472K), 0.0230294 secs] [Times: user=0.03 sys=0.00, real=0.02 secs] 
Heap after GC invocations=287 (full 3):
 PSYoungGen      total 82432K, used 6901K [0x00000000d5580000, 0x00000000db100000, 0x0000000100000000)
  eden space 73216K, 0% used [0x00000000d5580000,0x00000000d5580000,0x00000000d9d00000)
  from space 9216K, 74% used [0x00000000da800000,0x00000000daebd510,0x00000000db100000)
  to   space 10240K, 0% used [0x00000000d9d00000,0x00000000d9d00000,0x00000000da700000)
 ParOldGen       total 215040K, used 113079K [0x0000000080000000, 0x000000008d200000, 0x00000000d5580000)
  object space 215040K, 52% used [0x0000000080000000,0x0000000086e6dd08,0x000000008d200000)
 Metaspace       used 94776K, capacity 98426K, committed 98560K, reserved 1136640K
  class space    used 11449K, capacity 12027K, committed 12032K, reserved 1048576K
}
{Heap before GC invocations=288 (full 3):
 PSYoungGen      total 82432K, used 80117K [0x00000000d5580000, 0x00000000db100000, 0x0000000100000000)
  eden space 73216K, 100% used [0x00000000d5580000,0x00000000d9d00000,0x00000000d9d00000)
  from space 9216K, 74% used [0x00000000da800000,0x00000000daebd510,0x00000000db100000)
  to   space 10240K, 0% used [0x00000000d9d00000,0x00000000d9d00000,0x00000000da700000)
 ParOldGen       total 215040K, used 113079K [0x0000000080000000, 0x000000008d200000, 0x00000000d5580000)
  object space 215040K, 52% used [0x0000000080000000,0x0000000086e6dd08,0x000000008d200000)
 Metaspace       used 94776K, capacity 98426K, committed 98560K, reserved 1136640K
  class space    used 11449K, capacity 12027K, committed 12032K, reserved 1048576K
2023-04-09T17:00:08.307+0600: 1439280.389: [GC (Allocation Failure) [PSYoungGen: 80117K->10231K(82432K)] 193196K->125422K(297472K), 0.0225547 secs] [Times: user=0.03 sys=0.00, real=0.03 secs] 
Heap after GC invocations=288 (full 3):
 PSYoungGen      total 82432K, used 10231K [0x00000000d5580000, 0x00000000db500000, 0x0000000100000000)
  eden space 72192K, 0% used [0x00000000d5580000,0x00000000d5580000,0x00000000d9c00000)
  from space 10240K, 99% used [0x00000000d9d00000,0x00000000da6fde30,0x00000000da700000)
  to   space 12800K, 0% used [0x00000000da880000,0x00000000da880000,0x00000000db500000)
 ParOldGen       total 215040K, used 115191K [0x0000000080000000, 0x000000008d200000, 0x00000000d5580000)
  object space 215040K, 53% used [0x0000000080000000,0x000000008707dd30,0x000000008d200000)
 Metaspace       used 94776K, capacity 98426K, committed 98560K, reserved 1136640K
  class space    used 11449K, capacity 12027K, committed 12032K, reserved 1048576K
}
{Heap before GC invocations=289 (full 3):
 PSYoungGen      total 82432K, used 82410K [0x00000000d5580000, 0x00000000db500000, 0x0000000100000000)
  eden space 72192K, 99% used [0x00000000d5580000,0x00000000d9bfcb00,0x00000000d9c00000)
  from space 10240K, 99% used [0x00000000d9d00000,0x00000000da6fde30,0x00000000da700000)
  to   space 12800K, 0% used [0x00000000da880000,0x00000000da880000,0x00000000db500000)
 ParOldGen       total 215040K, used 115191K [0x0000000080000000, 0x000000008d200000, 0x00000000d5580000)
  object space 215040K, 53% used [0x0000000080000000,0x000000008707dd30,0x000000008d200000)
 Metaspace       used 94776K, capacity 98426K, committed 98560K, reserved 1136640K
  class space    used 11449K, capacity 12027K, committed 12032K, reserved 1048576K
2023-04-09T18:01:17.380+0600: 1442949.463: [GC (Allocation Failure) [PSYoungGen: 82410K->5650K(80896K)] 197601K->120842K(295936K), 0.0162637 secs] [Times: user=0.03 sys=0.00, real=0.01 secs] 
Heap after GC invocations=289 (full 3):
 PSYoungGen      total 80896K, used 5650K [0x00000000d5580000, 0x00000000db200000, 0x0000000100000000)
  eden space 71168K, 0% used [0x00000000d5580000,0x00000000d5580000,0x00000000d9b00000)
  from space 9728K, 58% used [0x00000000da880000,0x00000000dae04ba0,0x00000000db200000)
  to   space 11776K, 0% used [0x00000000d9b00000,0x00000000d9b00000,0x00000000da680000)
 ParOldGen       total 215040K, used 115191K [0x0000000080000000, 0x000000008d200000, 0x00000000d5580000)
  object space 215040K, 53% used [0x0000000080000000,0x000000008707dd30,0x000000008d200000)
 Metaspace       used 94776K, capacity 98426K, committed 98560K, reserved 1136640K
  class space    used 11449K, capacity 12027K, committed 12032K, reserved 1048576K
}
{Heap before GC invocations=290 (full 3):
 PSYoungGen      total 80896K, used 76818K [0x00000000d5580000, 0x00000000db200000, 0x0000000100000000)
  eden space 71168K, 100% used [0x00000000d5580000,0x00000000d9b00000,0x00000000d9b00000)
  from space 9728K, 58% used [0x00000000da880000,0x00000000dae04ba0,0x00000000db200000)
  to   space 11776K, 0% used [0x00000000d9b00000,0x00000000d9b00000,0x00000000da680000)
 ParOldGen       total 215040K, used 115191K [0x0000000080000000, 0x000000008d200000, 0x00000000d5580000)
  object space 215040K, 53% used [0x0000000080000000,0x000000008707dd30,0x000000008d200000)
 Metaspace       used 94776K, capacity 98426K, committed 98560K, reserved 1136640K
  class space    used 11449K, capacity 12027K, committed 12032K, reserved 1048576K
2023-04-09T19:04:23.340+0600: 1446735.423: [GC (Allocation Failure) [PSYoungGen: 76818K->4613K(75264K)] 192010K->119804K(290304K), 0.0175445 secs] [Times: user=0.04 sys=0.00, real=0.01 secs] 
Heap after GC invocations=290 (full 3):
 PSYoungGen      total 75264K, used 4613K [0x00000000d5580000, 0x00000000db000000, 0x0000000100000000)
  eden space 70144K, 0% used [0x00000000d5580000,0x00000000d5580000,0x00000000d9a00000)
  from space 5120K, 90% used [0x00000000d9b00000,0x00000000d9f81460,0x00000000da000000)
  to   space 11264K, 0% used [0x00000000da500000,0x00000000da500000,0x00000000db000000)
 ParOldGen       total 215040K, used 115191K [0x0000000080000000, 0x000000008d200000, 0x00000000d5580000)
  object space 215040K, 53% used [0x0000000080000000,0x000000008707dd30,0x000000008d200000)
 Metaspace       used 94776K, capacity 98426K, committed 98560K, reserved 1136640K
  class space    used 11449K, capacity 12027K, committed 12032K, reserved 1048576K
}
{Heap before GC invocations=291 (full 3):
 PSYoungGen      total 75264K, used 74757K [0x00000000d5580000, 0x00000000db000000, 0x0000000100000000)
  eden space 70144K, 100% used [0x00000000d5580000,0x00000000d9a00000,0x00000000d9a00000)
  from space 5120K, 90% used [0x00000000d9b00000,0x00000000d9f81460,0x00000000da000000)
  to   space 11264K, 0% used [0x00000000da500000,0x00000000da500000,0x00000000db000000)
 ParOldGen       total 215040K, used 115191K [0x0000000080000000, 0x000000008d200000, 0x00000000d5580000)
  object space 215040K, 53% used [0x0000000080000000,0x000000008707dd30,0x000000008d200000)
 Metaspace       used 94776K, capacity 98426K, committed 98560K, reserved 1136640K
  class space    used 11449K, capacity 12027K, committed 12032K, reserved 1048576K
2023-04-09T19:57:58.826+0600: 1449950.909: [GC (Allocation Failure) [PSYoungGen: 74757K->5876K(79360K)] 189948K->121067K(294400K), 0.0215109 secs] [Times: user=0.04 sys=0.00, real=0.02 secs] 
Heap after GC invocations=291 (full 3):
 PSYoungGen      total 79360K, used 5876K [0x00000000d5580000, 0x00000000daf00000, 0x0000000100000000)
  eden space 69120K, 0% used [0x00000000d5580000,0x00000000d5580000,0x00000000d9900000)
  from space 10240K, 57% used [0x00000000da500000,0x00000000daabd020,0x00000000daf00000)
  to   space 11264K, 0% used [0x00000000d9900000,0x00000000d9900000,0x00000000da400000)
 ParOldGen       total 215040K, used 115191K [0x0000000080000000, 0x000000008d200000, 0x00000000d5580000)
  object space 215040K, 53% used [0x0000000080000000,0x000000008707dd30,0x000000008d200000)
 Metaspace       used 94776K, capacity 98426K, committed 98560K, reserved 1136640K
  class space    used 11449K, capacity 12027K, committed 12032K, reserved 1048576K
}
{Heap before GC invocations=292 (full 3):
 PSYoungGen      total 79360K, used 74996K [0x00000000d5580000, 0x00000000daf00000, 0x0000000100000000)
  eden space 69120K, 100% used [0x00000000d5580000,0x00000000d9900000,0x00000000d9900000)
  from space 10240K, 57% used [0x00000000da500000,0x00000000daabd020,0x00000000daf00000)
  to   space 11264K, 0% used [0x00000000d9900000,0x00000000d9900000,0x00000000da400000)
 ParOldGen       total 215040K, used 115191K [0x0000000080000000, 0x000000008d200000, 0x00000000d5580000)
  object space 215040K, 53% used [0x0000000080000000,0x000000008707dd30,0x000000008d200000)
 Metaspace       used 94820K, capacity 98490K, committed 98560K, reserved 1136640K
  class space    used 11449K, capacity 12027K, committed 12032K, reserved 1048576K
2023-04-09T20:39:56.145+0600: 1452468.228: [GC (Allocation Failure) [PSYoungGen: 74996K->6021K(74240K)] 190187K->121220K(289280K), 0.0171212 secs] [Times: user=0.03 sys=0.00, real=0.02 secs] 
Heap after GC invocations=292 (full 3):
 PSYoungGen      total 74240K, used 6021K [0x00000000d5580000, 0x00000000dad00000, 0x0000000100000000)
  eden space 68096K, 0% used [0x00000000d5580000,0x00000000d5580000,0x00000000d9800000)
  from space 6144K, 97% used [0x00000000d9900000,0x00000000d9ee1470,0x00000000d9f00000)
  to   space 10752K, 0% used [0x00000000da280000,0x00000000da280000,0x00000000dad00000)
 ParOldGen       total 215040K, used 115199K [0x0000000080000000, 0x000000008d200000, 0x00000000d5580000)
  object space 215040K, 53% used [0x0000000080000000,0x000000008707fd30,0x000000008d200000)
 Metaspace       used 94820K, capacity 98490K, committed 98560K, reserved 1136640K
  class space    used 11449K, capacity 12027K, committed 12032K, reserved 1048576K
}
{Heap before GC invocations=293 (full 3):
 PSYoungGen      total 74240K, used 74117K [0x00000000d5580000, 0x00000000dad00000, 0x0000000100000000)
  eden space 68096K, 100% used [0x00000000d5580000,0x00000000d9800000,0x00000000d9800000)
  from space 6144K, 97% used [0x00000000d9900000,0x00000000d9ee1470,0x00000000d9f00000)
  to   space 10752K, 0% used [0x00000000da280000,0x00000000da280000,0x00000000dad00000)
 ParOldGen       total 215040K, used 115199K [0x0000000080000000, 0x000000008d200000, 0x00000000d5580000)
  object space 215040K, 53% used [0x0000000080000000,0x000000008707fd30,0x000000008d200000)
 Metaspace       used 94820K, capacity 98490K, committed 98560K, reserved 1136640K
  class space    used 11449K, capacity 12027K, committed 12032K, reserved 1048576K
2023-04-09T21:34:07.382+0600: 1455719.464: [GC (Allocation Failure) [PSYoungGen: 74117K->5106K(76800K)] 189316K->120306K(291840K), 0.0166196 secs] [Times: user=0.03 sys=0.00, real=0.01 secs] 
Heap after GC invocations=293 (full 3):
 PSYoungGen      total 76800K, used 5106K [0x00000000d5580000, 0x00000000dab80000, 0x0000000100000000)
  eden space 67584K, 0% used [0x00000000d5580000,0x00000000d5580000,0x00000000d9780000)
  from space 9216K, 55% used [0x00000000da280000,0x00000000da77cb80,0x00000000dab80000)
  to   space 10240K, 0% used [0x00000000d9780000,0x00000000d9780000,0x00000000da180000)
 ParOldGen       total 215040K, used 115199K [0x0000000080000000, 0x000000008d200000, 0x00000000d5580000)
  object space 215040K, 53% used [0x0000000080000000,0x000000008707fd30,0x000000008d200000)
 Metaspace       used 94820K, capacity 98490K, committed 98560K, reserved 1136640K
  class space    used 11449K, capacity 12027K, committed 12032K, reserved 1048576K
}
{Heap before GC invocations=294 (full 3):
 PSYoungGen      total 76800K, used 72690K [0x00000000d5580000, 0x00000000dab80000, 0x0000000100000000)
  eden space 67584K, 100% used [0x00000000d5580000,0x00000000d9780000,0x00000000d9780000)
  from space 9216K, 55% used [0x00000000da280000,0x00000000da77cb80,0x00000000dab80000)
  to   space 10240K, 0% used [0x00000000d9780000,0x00000000d9780000,0x00000000da180000)
 ParOldGen       total 215040K, used 115199K [0x0000000080000000, 0x000000008d200000, 0x00000000d5580000)
  object space 215040K, 53% used [0x0000000080000000,0x000000008707fd30,0x000000008d200000)
 Metaspace       used 94822K, capacity 98490K, committed 98560K, reserved 1136640K
  class space    used 11449K, capacity 12027K, committed 12032K, reserved 1048576K
2023-04-09T22:33:06.069+0600: 1459258.152: [GC (Allocation Failure) [PSYoungGen: 72690K->4274K(71680K)] 187890K->119489K(286720K), 0.0201196 secs] [Times: user=0.04 sys=0.00, real=0.03 secs] 
Heap after GC invocations=294 (full 3):
 PSYoungGen      total 71680K, used 4274K [0x00000000d5580000, 0x00000000dab00000, 0x0000000100000000)
  eden space 67072K, 0% used [0x00000000d5580000,0x00000000d5580000,0x00000000d9700000)
  from space 4608K, 92% used [0x00000000d9780000,0x00000000d9bac930,0x00000000d9c00000)
  to   space 10240K, 0% used [0x00000000da100000,0x00000000da100000,0x00000000dab00000)
 ParOldGen       total 215040K, used 115215K [0x0000000080000000, 0x000000008d200000, 0x00000000d5580000)
  object space 215040K, 53% used [0x0000000080000000,0x0000000087083d30,0x000000008d200000)
 Metaspace       used 94822K, capacity 98490K, committed 98560K, reserved 1136640K
  class space    used 11449K, capacity 12027K, committed 12032K, reserved 1048576K
}
{Heap before GC invocations=295 (full 3):
 PSYoungGen      total 71680K, used 71346K [0x00000000d5580000, 0x00000000dab00000, 0x0000000100000000)
  eden space 67072K, 100% used [0x00000000d5580000,0x00000000d9700000,0x00000000d9700000)
  from space 4608K, 92% used [0x00000000d9780000,0x00000000d9bac930,0x00000000d9c00000)
  to   space 10240K, 0% used [0x00000000da100000,0x00000000da100000,0x00000000dab00000)
 ParOldGen       total 215040K, used 115215K [0x0000000080000000, 0x000000008d200000, 0x00000000d5580000)
  object space 215040K, 53% used [0x0000000080000000,0x0000000087083d30,0x000000008d200000)
 Metaspace       used 94823K, capacity 98490K, committed 98560K, reserved 1136640K
  class space    used 11449K, capacity 12027K, committed 12032K, reserved 1048576K
2023-04-09T23:31:29.293+0600: 1462761.376: [GC (Allocation Failure) [PSYoungGen: 71346K->4178K(77312K)] 186561K->119497K(292352K), 0.0154041 secs] [Times: user=0.02 sys=0.00, real=0.01 secs] 
Heap after GC invocations=295 (full 3):
 PSYoungGen      total 77312K, used 4178K [0x00000000d5580000, 0x00000000daa80000, 0x0000000100000000)
  eden space 67584K, 0% used [0x00000000d5580000,0x00000000d5580000,0x00000000d9780000)
  from space 9728K, 42% used [0x00000000da100000,0x00000000da514930,0x00000000daa80000)
  to   space 9728K, 0% used [0x00000000d9780000,0x00000000d9780000,0x00000000da100000)
 ParOldGen       total 215040K, used 115319K [0x0000000080000000, 0x000000008d200000, 0x00000000d5580000)
  object space 215040K, 53% used [0x0000000080000000,0x000000008709dd30,0x000000008d200000)
 Metaspace       used 94823K, capacity 98490K, committed 98560K, reserved 1136640K
  class space    used 11449K, capacity 12027K, committed 12032K, reserved 1048576K
}
{Heap before GC invocations=296 (full 3):
 PSYoungGen      total 77312K, used 71762K [0x00000000d5580000, 0x00000000daa80000, 0x0000000100000000)
  eden space 67584K, 100% used [0x00000000d5580000,0x00000000d9780000,0x00000000d9780000)
  from space 9728K, 42% used [0x00000000da100000,0x00000000da514930,0x00000000daa80000)
  to   space 9728K, 0% used [0x00000000d9780000,0x00000000d9780000,0x00000000da100000)
 ParOldGen       total 215040K, used 115319K [0x0000000080000000, 0x000000008d200000, 0x00000000d5580000)
  object space 215040K, 53% used [0x0000000080000000,0x000000008709dd30,0x000000008d200000)
 Metaspace       used 94823K, capacity 98490K, committed 98560K, reserved 1136640K
  class space    used 11449K, capacity 12027K, committed 12032K, reserved 1048576K
2023-04-10T00:31:05.834+0600: 1466337.917: [GC (Allocation Failure) [PSYoungGen: 71762K->4048K(77312K)] 187081K->119641K(292352K), 0.0189091 secs] [Times: user=0.04 sys=0.00, real=0.02 secs] 
Heap after GC invocations=296 (full 3):
 PSYoungGen      total 77312K, used 4048K [0x00000000d5580000, 0x00000000daa80000, 0x0000000100000000)
  eden space 67584K, 0% used [0x00000000d5580000,0x00000000d5580000,0x00000000d9780000)
  from space 9728K, 41% used [0x00000000d9780000,0x00000000d9b74290,0x00000000da100000)
  to   space 9728K, 0% used [0x00000000da100000,0x00000000da100000,0x00000000daa80000)
 ParOldGen       total 215040K, used 115593K [0x0000000080000000, 0x000000008d200000, 0x00000000d5580000)
  object space 215040K, 53% used [0x0000000080000000,0x00000000870e2400,0x000000008d200000)
 Metaspace       used 94823K, capacity 98490K, committed 98560K, reserved 1136640K
  class space    used 11449K, capacity 12027K, committed 12032K, reserved 1048576K
}
{Heap before GC invocations=297 (full 3):
 PSYoungGen      total 77312K, used 71632K [0x00000000d5580000, 0x00000000daa80000, 0x0000000100000000)
  eden space 67584K, 100% used [0x00000000d5580000,0x00000000d9780000,0x00000000d9780000)
  from space 9728K, 41% used [0x00000000d9780000,0x00000000d9b74290,0x00000000da100000)
  to   space 9728K, 0% used [0x00000000da100000,0x00000000da100000,0x00000000daa80000)
 ParOldGen       total 215040K, used 115593K [0x0000000080000000, 0x000000008d200000, 0x00000000d5580000)
  object space 215040K, 53% used [0x0000000080000000,0x00000000870e2400,0x000000008d200000)
 Metaspace       used 94823K, capacity 98490K, committed 98560K, reserved 1136640K
  class space    used 11449K, capacity 12027K, committed 12032K, reserved 1048576K
2023-04-10T01:33:16.735+0600: 1470068.818: [GC (Allocation Failure) [PSYoungGen: 71632K->3648K(77312K)] 187225K->119531K(292352K), 0.0177113 secs] [Times: user=0.03 sys=0.00, real=0.02 secs] 
Heap after GC invocations=297 (full 3):
 PSYoungGen      total 77312K, used 3648K [0x00000000d5580000, 0x00000000daa80000, 0x0000000100000000)
  eden space 67584K, 0% used [0x00000000d5580000,0x00000000d5580000,0x00000000d9780000)
  from space 9728K, 37% used [0x00000000da100000,0x00000000da490260,0x00000000daa80000)
  to   space 9728K, 0% used [0x00000000d9780000,0x00000000d9780000,0x00000000da100000)
 ParOldGen       total 215040K, used 115882K [0x0000000080000000, 0x000000008d200000, 0x00000000d5580000)
  object space 215040K, 53% used [0x0000000080000000,0x000000008712aa88,0x000000008d200000)
 Metaspace       used 94823K, capacity 98490K, committed 98560K, reserved 1136640K
  class space    used 11449K, capacity 12027K, committed 12032K, reserved 1048576K
}
{Heap before GC invocations=298 (full 3):
 PSYoungGen      total 77312K, used 71232K [0x00000000d5580000, 0x00000000daa80000, 0x0000000100000000)
  eden space 67584K, 100% used [0x00000000d5580000,0x00000000d9780000,0x00000000d9780000)
  from space 9728K, 37% used [0x00000000da100000,0x00000000da490260,0x00000000daa80000)
  to   space 9728K, 0% used [0x00000000d9780000,0x00000000d9780000,0x00000000da100000)
 ParOldGen       total 215040K, used 115882K [0x0000000080000000, 0x000000008d200000, 0x00000000d5580000)
  object space 215040K, 53% used [0x0000000080000000,0x000000008712aa88,0x000000008d200000)
 Metaspace       used 94823K, capacity 98490K, committed 98560K, reserved 1136640K
  class space    used 11449K, capacity 12027K, committed 12032K, reserved 1048576K
2023-04-10T02:35:23.483+0600: 1473795.566: [GC (Allocation Failure) [PSYoungGen: 71232K->3521K(77312K)] 187115K->119573K(292352K), 0.0165234 secs] [Times: user=0.03 sys=0.00, real=0.02 secs] 
Heap after GC invocations=298 (full 3):
 PSYoungGen      total 77312K, used 3521K [0x00000000d5580000, 0x00000000daa80000, 0x0000000100000000)
  eden space 67584K, 0% used [0x00000000d5580000,0x00000000d5580000,0x00000000d9780000)
  from space 9728K, 36% used [0x00000000d9780000,0x00000000d9af04a0,0x00000000da100000)
  to   space 9216K, 0% used [0x00000000da180000,0x00000000da180000,0x00000000daa80000)
 ParOldGen       total 215040K, used 116051K [0x0000000080000000, 0x000000008d200000, 0x00000000d5580000)
  object space 215040K, 53% used [0x0000000080000000,0x0000000087154f88,0x000000008d200000)
 Metaspace       used 94823K, capacity 98490K, committed 98560K, reserved 1136640K
  class space    used 11449K, capacity 12027K, committed 12032K, reserved 1048576K
}
{Heap before GC invocations=299 (full 3):
 PSYoungGen      total 77312K, used 71105K [0x00000000d5580000, 0x00000000daa80000, 0x0000000100000000)
  eden space 67584K, 100% used [0x00000000d5580000,0x00000000d9780000,0x00000000d9780000)
  from space 9728K, 36% used [0x00000000d9780000,0x00000000d9af04a0,0x00000000da100000)
  to   space 9216K, 0% used [0x00000000da180000,0x00000000da180000,0x00000000daa80000)
 ParOldGen       total 215040K, used 116051K [0x0000000080000000, 0x000000008d200000, 0x00000000d5580000)
  object space 215040K, 53% used [0x0000000080000000,0x0000000087154f88,0x000000008d200000)
 Metaspace       used 94823K, capacity 98490K, committed 98560K, reserved 1136640K
  class space    used 11449K, capacity 12027K, committed 12032K, reserved 1048576K
2023-04-10T03:36:36.150+0600: 1477468.233: [GC (Allocation Failure) [PSYoungGen: 71105K->3281K(77824K)] 187157K->119541K(292864K), 0.0151644 secs] [Times: user=0.03 sys=0.00, real=0.01 secs] 
Heap after GC invocations=299 (full 3):
 PSYoungGen      total 77824K, used 3281K [0x00000000d5580000, 0x00000000daa80000, 0x0000000100000000)
  eden space 68608K, 0% used [0x00000000d5580000,0x00000000d5580000,0x00000000d9880000)
  from space 9216K, 35% used [0x00000000da180000,0x00000000da4b4490,0x00000000daa80000)
  to   space 9216K, 0% used [0x00000000d9880000,0x00000000d9880000,0x00000000da180000)
 ParOldGen       total 215040K, used 116259K [0x0000000080000000, 0x000000008d200000, 0x00000000d5580000)
  object space 215040K, 54% used [0x0000000080000000,0x0000000087188fe8,0x000000008d200000)
 Metaspace       used 94823K, capacity 98490K, committed 98560K, reserved 1136640K
  class space    used 11449K, capacity 12027K, committed 12032K, reserved 1048576K
}
{Heap before GC invocations=300 (full 3):
 PSYoungGen      total 77824K, used 71889K [0x00000000d5580000, 0x00000000daa80000, 0x0000000100000000)
  eden space 68608K, 100% used [0x00000000d5580000,0x00000000d9880000,0x00000000d9880000)
  from space 9216K, 35% used [0x00000000da180000,0x00000000da4b4490,0x00000000daa80000)
  to   space 9216K, 0% used [0x00000000d9880000,0x00000000d9880000,0x00000000da180000)
 ParOldGen       total 215040K, used 116259K [0x0000000080000000, 0x000000008d200000, 0x00000000d5580000)
  object space 215040K, 54% used [0x0000000080000000,0x0000000087188fe8,0x000000008d200000)
 Metaspace       used 94823K, capacity 98490K, committed 98560K, reserved 1136640K
  class space    used 11449K, capacity 12027K, committed 12032K, reserved 1048576K
2023-04-10T04:38:06.939+0600: 1481159.022: [GC (Allocation Failure) [PSYoungGen: 71889K->2929K(77824K)] 188149K->119518K(292864K), 0.0136002 secs] [Times: user=0.01 sys=0.02, real=0.02 secs] 
Heap after GC invocations=300 (full 3):
 PSYoungGen      total 77824K, used 2929K [0x00000000d5580000, 0x00000000daa80000, 0x0000000100000000)
  eden space 68608K, 0% used [0x00000000d5580000,0x00000000d5580000,0x00000000d9880000)
  from space 9216K, 31% used [0x00000000d9880000,0x00000000d9b5c470,0x00000000da180000)
  to   space 9216K, 0% used [0x00000000da180000,0x00000000da180000,0x00000000daa80000)
 ParOldGen       total 215040K, used 116589K [0x0000000080000000, 0x000000008d200000, 0x00000000d5580000)
  object space 215040K, 54% used [0x0000000080000000,0x00000000871db688,0x000000008d200000)
 Metaspace       used 94823K, capacity 98490K, committed 98560K, reserved 1136640K
  class space    used 11449K, capacity 12027K, committed 12032K, reserved 1048576K
}
{Heap before GC invocations=301 (full 3):
 PSYoungGen      total 77824K, used 71537K [0x00000000d5580000, 0x00000000daa80000, 0x0000000100000000)
  eden space 68608K, 100% used [0x00000000d5580000,0x00000000d9880000,0x00000000d9880000)
  from space 9216K, 31% used [0x00000000d9880000,0x00000000d9b5c470,0x00000000da180000)
  to   space 9216K, 0% used [0x00000000da180000,0x00000000da180000,0x00000000daa80000)
 ParOldGen       total 215040K, used 116589K [0x0000000080000000, 0x000000008d200000, 0x00000000d5580000)
  object space 215040K, 54% used [0x0000000080000000,0x00000000871db688,0x000000008d200000)
 Metaspace       used 94823K, capacity 98490K, committed 98560K, reserved 1136640K
  class space    used 11449K, capacity 12027K, committed 12032K, reserved 1048576K
2023-04-10T05:43:29.746+0600: 1485081.828: [GC (Allocation Failure) [PSYoungGen: 71537K->2800K(78336K)] 188126K->119552K(293376K), 0.0141303 secs] [Times: user=0.01 sys=0.01, real=0.02 secs] 
Heap after GC invocations=301 (full 3):
 PSYoungGen      total 78336K, used 2800K [0x00000000d5580000, 0x00000000daa80000, 0x0000000100000000)
  eden space 69120K, 0% used [0x00000000d5580000,0x00000000d5580000,0x00000000d9900000)
  from space 9216K, 30% used [0x00000000da180000,0x00000000da43c250,0x00000000daa80000)
  to   space 8704K, 0% used [0x00000000d9900000,0x00000000d9900000,0x00000000da180000)
 ParOldGen       total 215040K, used 116751K [0x0000000080000000, 0x000000008d200000, 0x00000000d5580000)
  object space 215040K, 54% used [0x0000000080000000,0x0000000087203e38,0x000000008d200000)
 Metaspace       used 94823K, capacity 98490K, committed 98560K, reserved 1136640K
  class space    used 11449K, capacity 12027K, committed 12032K, reserved 1048576K
}
{Heap before GC invocations=302 (full 3):
 PSYoungGen      total 78336K, used 71920K [0x00000000d5580000, 0x00000000daa80000, 0x0000000100000000)
  eden space 69120K, 100% used [0x00000000d5580000,0x00000000d9900000,0x00000000d9900000)
  from space 9216K, 30% used [0x00000000da180000,0x00000000da43c250,0x00000000daa80000)
  to   space 8704K, 0% used [0x00000000d9900000,0x00000000d9900000,0x00000000da180000)
 ParOldGen       total 215040K, used 116751K [0x0000000080000000, 0x000000008d200000, 0x00000000d5580000)
  object space 215040K, 54% used [0x0000000080000000,0x0000000087203e38,0x000000008d200000)
 Metaspace       used 94823K, capacity 98490K, committed 98560K, reserved 1136640K
  class space    used 11449K, capacity 12027K, committed 12032K, reserved 1048576K
2023-04-10T06:48:06.781+0600: 1488958.864: [GC (Allocation Failure) [PSYoungGen: 71920K->2673K(77824K)] 188672K->119530K(292864K), 0.0165336 secs] [Times: user=0.03 sys=0.00, real=0.01 secs] 
Heap after GC invocations=302 (full 3):
 PSYoungGen      total 77824K, used 2673K [0x00000000d5580000, 0x00000000daa80000, 0x0000000100000000)
  eden space 69120K, 0% used [0x00000000d5580000,0x00000000d5580000,0x00000000d9900000)
  from space 8704K, 30% used [0x00000000d9900000,0x00000000d9b9c470,0x00000000da180000)
  to   space 8704K, 0% used [0x00000000da200000,0x00000000da200000,0x00000000daa80000)
 ParOldGen       total 215040K, used 116857K [0x0000000080000000, 0x000000008d200000, 0x00000000d5580000)
  object space 215040K, 54% used [0x0000000080000000,0x000000008721e568,0x000000008d200000)
 Metaspace       used 94823K, capacity 98490K, committed 98560K, reserved 1136640K
  class space    used 11449K, capacity 12027K, committed 12032K, reserved 1048576K
}
{Heap before GC invocations=303 (full 3):
 PSYoungGen      total 77824K, used 71793K [0x00000000d5580000, 0x00000000daa80000, 0x0000000100000000)
  eden space 69120K, 100% used [0x00000000d5580000,0x00000000d9900000,0x00000000d9900000)
  from space 8704K, 30% used [0x00000000d9900000,0x00000000d9b9c470,0x00000000da180000)
  to   space 8704K, 0% used [0x00000000da200000,0x00000000da200000,0x00000000daa80000)
 ParOldGen       total 215040K, used 116857K [0x0000000080000000, 0x000000008d200000, 0x00000000d5580000)
  object space 215040K, 54% used [0x0000000080000000,0x000000008721e568,0x000000008d200000)
 Metaspace       used 94823K, capacity 98490K, committed 98560K, reserved 1136640K
  class space    used 11449K, capacity 12027K, committed 12032K, reserved 1048576K
2023-04-10T07:50:11.718+0600: 1492683.801: [GC (Allocation Failure) [PSYoungGen: 71793K->2528K(78336K)] 188650K->119546K(293376K), 0.0165424 secs] [Times: user=0.03 sys=0.00, real=0.02 secs] 
Heap after GC invocations=303 (full 3):
 PSYoungGen      total 78336K, used 2528K [0x00000000d5580000, 0x00000000daa80000, 0x0000000100000000)
  eden space 69632K, 0% used [0x00000000d5580000,0x00000000d5580000,0x00000000d9980000)
  from space 8704K, 29% used [0x00000000da200000,0x00000000da478000,0x00000000daa80000)
  to   space 8704K, 0% used [0x00000000d9980000,0x00000000d9980000,0x00000000da200000)
 ParOldGen       total 215040K, used 117018K [0x0000000080000000, 0x000000008d200000, 0x00000000d5580000)
  object space 215040K, 54% used [0x0000000080000000,0x0000000087246a28,0x000000008d200000)
 Metaspace       used 94823K, capacity 98490K, committed 98560K, reserved 1136640K
  class space    used 11449K, capacity 12027K, committed 12032K, reserved 1048576K
}
{Heap before GC invocations=304 (full 3):
 PSYoungGen      total 78336K, used 72160K [0x00000000d5580000, 0x00000000daa80000, 0x0000000100000000)
  eden space 69632K, 100% used [0x00000000d5580000,0x00000000d9980000,0x00000000d9980000)
  from space 8704K, 29% used [0x00000000da200000,0x00000000da478000,0x00000000daa80000)
  to   space 8704K, 0% used [0x00000000d9980000,0x00000000d9980000,0x00000000da200000)
 ParOldGen       total 215040K, used 117018K [0x0000000080000000, 0x000000008d200000, 0x00000000d5580000)
  object space 215040K, 54% used [0x0000000080000000,0x0000000087246a28,0x000000008d200000)
 Metaspace       used 94825K, capacity 98490K, committed 98560K, reserved 1136640K
  class space    used 11449K, capacity 12027K, committed 12032K, reserved 1048576K
2023-04-10T08:53:57.252+0600: 1496509.335: [GC (Allocation Failure) [PSYoungGen: 72160K->2496K(78336K)] 189178K->119551K(293376K), 0.0116898 secs] [Times: user=0.02 sys=0.00, real=0.01 secs] 
Heap after GC invocations=304 (full 3):
 PSYoungGen      total 78336K, used 2496K [0x00000000d5580000, 0x00000000daa80000, 0x0000000100000000)
  eden space 69632K, 0% used [0x00000000d5580000,0x00000000d5580000,0x00000000d9980000)
  from space 8704K, 28% used [0x00000000d9980000,0x00000000d9bf0000,0x00000000da200000)
  to   space 8704K, 0% used [0x00000000da200000,0x00000000da200000,0x00000000daa80000)
 ParOldGen       total 215040K, used 117055K [0x0000000080000000, 0x000000008d200000, 0x00000000d5580000)
  object space 215040K, 54% used [0x0000000080000000,0x000000008724fdc8,0x000000008d200000)
 Metaspace       used 94825K, capacity 98490K, committed 98560K, reserved 1136640K
  class space    used 11449K, capacity 12027K, committed 12032K, reserved 1048576K
}
{Heap before GC invocations=305 (full 3):
 PSYoungGen      total 78336K, used 72128K [0x00000000d5580000, 0x00000000daa80000, 0x0000000100000000)
  eden space 69632K, 100% used [0x00000000d5580000,0x00000000d9980000,0x00000000d9980000)
  from space 8704K, 28% used [0x00000000d9980000,0x00000000d9bf0000,0x00000000da200000)
  to   space 8704K, 0% used [0x00000000da200000,0x00000000da200000,0x00000000daa80000)
 ParOldGen       total 215040K, used 117055K [0x0000000080000000, 0x000000008d200000, 0x00000000d5580000)
  object space 215040K, 54% used [0x0000000080000000,0x000000008724fdc8,0x000000008d200000)
 Metaspace       used 94825K, capacity 98490K, committed 98560K, reserved 1136640K
  class space    used 11449K, capacity 12027K, committed 12032K, reserved 1048576K
2023-04-10T09:51:25.763+0600: 1499957.846: [GC (Allocation Failure) [PSYoungGen: 72128K->3393K(78848K)] 189183K->120464K(293888K), 0.0183146 secs] [Times: user=0.03 sys=0.00, real=0.02 secs] 
Heap after GC invocations=305 (full 3):
 PSYoungGen      total 78848K, used 3393K [0x00000000d5580000, 0x00000000daa80000, 0x0000000100000000)
  eden space 70144K, 0% used [0x00000000d5580000,0x00000000d5580000,0x00000000d9a00000)
  from space 8704K, 38% used [0x00000000da200000,0x00000000da550490,0x00000000daa80000)
  to   space 8192K, 0% used [0x00000000d9a00000,0x00000000d9a00000,0x00000000da200000)
 ParOldGen       total 215040K, used 117071K [0x0000000080000000, 0x000000008d200000, 0x00000000d5580000)
  object space 215040K, 54% used [0x0000000080000000,0x0000000087253dc8,0x000000008d200000)
 Metaspace       used 94825K, capacity 98490K, committed 98560K, reserved 1136640K
  class space    used 11449K, capacity 12027K, committed 12032K, reserved 1048576K
}
{Heap before GC invocations=306 (full 3):
 PSYoungGen      total 78848K, used 73537K [0x00000000d5580000, 0x00000000daa80000, 0x0000000100000000)
  eden space 70144K, 100% used [0x00000000d5580000,0x00000000d9a00000,0x00000000d9a00000)
  from space 8704K, 38% used [0x00000000da200000,0x00000000da550490,0x00000000daa80000)
  to   space 8192K, 0% used [0x00000000d9a00000,0x00000000d9a00000,0x00000000da200000)
 ParOldGen       total 215040K, used 117071K [0x0000000080000000, 0x000000008d200000, 0x00000000d5580000)
  object space 215040K, 54% used [0x0000000080000000,0x0000000087253dc8,0x000000008d200000)
 Metaspace       used 94825K, capacity 98490K, committed 98560K, reserved 1136640K
  class space    used 11449K, capacity 12027K, committed 12032K, reserved 1048576K
2023-04-10T10:44:29.243+0600: 1503141.326: [GC (Allocation Failure) [PSYoungGen: 73537K->4274K(78336K)] 190608K->121406K(293376K), 0.0151020 secs] [Times: user=0.02 sys=0.01, real=0.01 secs] 
Heap after GC invocations=306 (full 3):
 PSYoungGen      total 78336K, used 4274K [0x00000000d5580000, 0x00000000daa80000, 0x0000000100000000)
  eden space 70144K, 0% used [0x00000000d5580000,0x00000000d5580000,0x00000000d9a00000)
  from space 8192K, 52% used [0x00000000d9a00000,0x00000000d9e2c960,0x00000000da200000)
  to   space 7680K, 0% used [0x00000000da300000,0x00000000da300000,0x00000000daa80000)
 ParOldGen       total 215040K, used 117132K [0x0000000080000000, 0x000000008d200000, 0x00000000d5580000)
  object space 215040K, 54% used [0x0000000080000000,0x0000000087263158,0x000000008d200000)
 Metaspace       used 94825K, capacity 98490K, committed 98560K, reserved 1136640K
  class space    used 11449K, capacity 12027K, committed 12032K, reserved 1048576K
}
{Heap before GC invocations=307 (full 3):
 PSYoungGen      total 78336K, used 74418K [0x00000000d5580000, 0x00000000daa80000, 0x0000000100000000)
  eden space 70144K, 100% used [0x00000000d5580000,0x00000000d9a00000,0x00000000d9a00000)
  from space 8192K, 52% used [0x00000000d9a00000,0x00000000d9e2c960,0x00000000da200000)
  to   space 7680K, 0% used [0x00000000da300000,0x00000000da300000,0x00000000daa80000)
 ParOldGen       total 215040K, used 117132K [0x0000000080000000, 0x000000008d200000, 0x00000000d5580000)
  object space 215040K, 54% used [0x0000000080000000,0x0000000087263158,0x000000008d200000)
 Metaspace       used 94831K, capacity 98502K, committed 98560K, reserved 1136640K
  class space    used 11450K, capacity 12029K, committed 12032K, reserved 1048576K
2023-04-10T11:42:57.887+0600: 1506649.970: [GC (Allocation Failure) [PSYoungGen: 74418K->3344K(79360K)] 191550K->120553K(294400K), 0.0147507 secs] [Times: user=0.02 sys=0.00, real=0.02 secs] 
Heap after GC invocations=307 (full 3):
 PSYoungGen      total 79360K, used 3344K [0x00000000d5580000, 0x00000000daa80000, 0x0000000100000000)
  eden space 71680K, 0% used [0x00000000d5580000,0x00000000d5580000,0x00000000d9b80000)
  from space 7680K, 43% used [0x00000000da300000,0x00000000da644240,0x00000000daa80000)
  to   space 7680K, 0% used [0x00000000d9b80000,0x00000000d9b80000,0x00000000da300000)
 ParOldGen       total 215040K, used 117209K [0x0000000080000000, 0x000000008d200000, 0x00000000d5580000)
  object space 215040K, 54% used [0x0000000080000000,0x00000000872764e0,0x000000008d200000)
 Metaspace       used 94831K, capacity 98502K, committed 98560K, reserved 1136640K
  class space    used 11450K, capacity 12029K, committed 12032K, reserved 1048576K
}
{Heap before GC invocations=308 (full 3):
 PSYoungGen      total 79360K, used 75024K [0x00000000d5580000, 0x00000000daa80000, 0x0000000100000000)
  eden space 71680K, 100% used [0x00000000d5580000,0x00000000d9b80000,0x00000000d9b80000)
  from space 7680K, 43% used [0x00000000da300000,0x00000000da644240,0x00000000daa80000)
  to   space 7680K, 0% used [0x00000000d9b80000,0x00000000d9b80000,0x00000000da300000)
 ParOldGen       total 215040K, used 117209K [0x0000000080000000, 0x000000008d200000, 0x00000000d5580000)
  object space 215040K, 54% used [0x0000000080000000,0x00000000872764e0,0x000000008d200000)
 Metaspace       used 94832K, capacity 98502K, committed 98560K, reserved 1136640K
  class space    used 11450K, capacity 12029K, committed 12032K, reserved 1048576K
2023-04-10T12:38:10.536+0600: 1509962.619: [GC (Allocation Failure) [PSYoungGen: 75024K->3265K(79360K)] 192233K->120530K(294400K), 0.0154963 secs] [Times: user=0.03 sys=0.00, real=0.02 secs] 
Heap after GC invocations=308 (full 3):
 PSYoungGen      total 79360K, used 3265K [0x00000000d5580000, 0x00000000daa80000, 0x0000000100000000)
  eden space 71680K, 0% used [0x00000000d5580000,0x00000000d5580000,0x00000000d9b80000)
  from space 7680K, 42% used [0x00000000d9b80000,0x00000000d9eb0480,0x00000000da300000)
  to   space 7168K, 0% used [0x00000000da380000,0x00000000da380000,0x00000000daa80000)
 ParOldGen       total 215040K, used 117265K [0x0000000080000000, 0x000000008d200000, 0x00000000d5580000)
  object space 215040K, 54% used [0x0000000080000000,0x00000000872844e0,0x000000008d200000)
 Metaspace       used 94832K, capacity 98502K, committed 98560K, reserved 1136640K
  class space    used 11450K, capacity 12029K, committed 12032K, reserved 1048576K
}
{Heap before GC invocations=309 (full 3):
 PSYoungGen      total 79360K, used 74937K [0x00000000d5580000, 0x00000000daa80000, 0x0000000100000000)
  eden space 71680K, 99% used [0x00000000d5580000,0x00000000d9b7e308,0x00000000d9b80000)
  from space 7680K, 42% used [0x00000000d9b80000,0x00000000d9eb0480,0x00000000da300000)
  to   space 7168K, 0% used [0x00000000da380000,0x00000000da380000,0x00000000daa80000)
 ParOldGen       total 215040K, used 117265K [0x0000000080000000, 0x000000008d200000, 0x00000000d5580000)
  object space 215040K, 54% used [0x0000000080000000,0x00000000872844e0,0x000000008d200000)
 Metaspace       used 94839K, capacity 98502K, committed 98560K, reserved 1136640K
  class space    used 11450K, capacity 12029K, committed 12032K, reserved 1048576K
2023-04-10T13:26:25.707+0600: 1512857.790: [GC (Allocation Failure) [PSYoungGen: 74937K->3937K(79872K)] 192203K->121234K(294912K), 0.0186619 secs] [Times: user=0.03 sys=0.00, real=0.02 secs] 
Heap after GC invocations=309 (full 3):
 PSYoungGen      total 79872K, used 3937K [0x00000000d5580000, 0x00000000daa80000, 0x0000000100000000)
  eden space 72704K, 0% used [0x00000000d5580000,0x00000000d5580000,0x00000000d9c80000)
  from space 7168K, 54% used [0x00000000da380000,0x00000000da7584b0,0x00000000daa80000)
  to   space 7168K, 0% used [0x00000000d9c80000,0x00000000d9c80000,0x00000000da380000)
 ParOldGen       total 215040K, used 117297K [0x0000000080000000, 0x000000008d200000, 0x00000000d5580000)
  object space 215040K, 54% used [0x0000000080000000,0x000000008728c4e0,0x000000008d200000)
 Metaspace       used 94839K, capacity 98502K, committed 98560K, reserved 1136640K
  class space    used 11450K, capacity 12029K, committed 12032K, reserved 1048576K
}
{Heap before GC invocations=310 (full 3):
 PSYoungGen      total 79872K, used 76633K [0x00000000d5580000, 0x00000000daa80000, 0x0000000100000000)
  eden space 72704K, 99% used [0x00000000d5580000,0x00000000d9c7e200,0x00000000d9c80000)
  from space 7168K, 54% used [0x00000000da380000,0x00000000da7584b0,0x00000000daa80000)
  to   space 7168K, 0% used [0x00000000d9c80000,0x00000000d9c80000,0x00000000da380000)
 ParOldGen       total 215040K, used 117297K [0x0000000080000000, 0x000000008d200000, 0x00000000d5580000)
  object space 215040K, 54% used [0x0000000080000000,0x000000008728c4e0,0x000000008d200000)
 Metaspace       used 94864K, capacity 98502K, committed 98560K, reserved 1136640K
  class space    used 11450K, capacity 12029K, committed 12032K, reserved 1048576K
2023-04-10T13:59:53.322+0600: 1514865.405: [GC (Allocation Failure) [PSYoungGen: 76633K->5879K(78848K)] 193930K->123200K(293888K), 0.0127500 secs] [Times: user=0.03 sys=0.00, real=0.01 secs] 
Heap after GC invocations=310 (full 3):
 PSYoungGen      total 78848K, used 5879K [0x00000000d5580000, 0x00000000daa80000, 0x0000000100000000)
  eden space 72704K, 0% used [0x00000000d5580000,0x00000000d5580000,0x00000000d9c80000)
  from space 6144K, 95% used [0x00000000d9c80000,0x00000000da23dc00,0x00000000da280000)
  to   space 7680K, 0% used [0x00000000da300000,0x00000000da300000,0x00000000daa80000)
 ParOldGen       total 215040K, used 117321K [0x0000000080000000, 0x000000008d200000, 0x00000000d5580000)
  object space 215040K, 54% used [0x0000000080000000,0x00000000872924e0,0x000000008d200000)
 Metaspace       used 94864K, capacity 98502K, committed 98560K, reserved 1136640K
  class space    used 11450K, capacity 12029K, committed 12032K, reserved 1048576K
}
{Heap before GC invocations=311 (full 3):
 PSYoungGen      total 78848K, used 78581K [0x00000000d5580000, 0x00000000daa80000, 0x0000000100000000)
  eden space 72704K, 99% used [0x00000000d5580000,0x00000000d9c7fbc0,0x00000000d9c80000)
  from space 6144K, 95% used [0x00000000d9c80000,0x00000000da23dc00,0x00000000da280000)
  to   space 7680K, 0% used [0x00000000da300000,0x00000000da300000,0x00000000daa80000)
 ParOldGen       total 215040K, used 117321K [0x0000000080000000, 0x000000008d200000, 0x00000000d5580000)
  object space 215040K, 54% used [0x0000000080000000,0x00000000872924e0,0x000000008d200000)
 Metaspace       used 94864K, capacity 98502K, committed 98560K, reserved 1136640K
  class space    used 11450K, capacity 12029K, committed 12032K, reserved 1048576K
2023-04-10T14:49:08.661+0600: 1517820.744: [GC (Allocation Failure) [PSYoungGen: 78581K->5764K(79360K)] 195903K->123101K(294400K), 0.0136442 secs] [Times: user=0.02 sys=0.00, real=0.01 secs] 
Heap after GC invocations=311 (full 3):
 PSYoungGen      total 79360K, used 5764K [0x00000000d5580000, 0x00000000daa80000, 0x0000000100000000)
  eden space 71680K, 0% used [0x00000000d5580000,0x00000000d5580000,0x00000000d9b80000)
  from space 7680K, 75% used [0x00000000da300000,0x00000000da8a1030,0x00000000daa80000)
  to   space 7680K, 0% used [0x00000000d9b80000,0x00000000d9b80000,0x00000000da300000)
 ParOldGen       total 215040K, used 117337K [0x0000000080000000, 0x000000008d200000, 0x00000000d5580000)
  object space 215040K, 54% used [0x0000000080000000,0x00000000872964e0,0x000000008d200000)
 Metaspace       used 94864K, capacity 98502K, committed 98560K, reserved 1136640K
  class space    used 11450K, capacity 12029K, committed 12032K, reserved 1048576K
}
{Heap before GC invocations=312 (full 3):
 PSYoungGen      total 79360K, used 77444K [0x00000000d5580000, 0x00000000daa80000, 0x0000000100000000)
  eden space 71680K, 100% used [0x00000000d5580000,0x00000000d9b80000,0x00000000d9b80000)
  from space 7680K, 75% used [0x00000000da300000,0x00000000da8a1030,0x00000000daa80000)
  to   space 7680K, 0% used [0x00000000d9b80000,0x00000000d9b80000,0x00000000da300000)
 ParOldGen       total 215040K, used 117337K [0x0000000080000000, 0x000000008d200000, 0x00000000d5580000)
  object space 215040K, 54% used [0x0000000080000000,0x00000000872964e0,0x000000008d200000)
 Metaspace       used 94864K, capacity 98502K, committed 98560K, reserved 1136640K
  class space    used 11450K, capacity 12029K, committed 12032K, reserved 1048576K
2023-04-10T15:31:39.883+0600: 1520371.966: [GC (Allocation Failure) [PSYoungGen: 77444K->6149K(78336K)] 194781K->123486K(293376K), 0.0130210 secs] [Times: user=0.03 sys=0.00, real=0.01 secs] 
Heap after GC invocations=312 (full 3):
 PSYoungGen      total 78336K, used 6149K [0x00000000d5580000, 0x00000000daa80000, 0x0000000100000000)
  eden space 71680K, 0% used [0x00000000d5580000,0x00000000d5580000,0x00000000d9b80000)
  from space 6656K, 92% used [0x00000000d9b80000,0x00000000da1814a8,0x00000000da200000)
  to   space 8192K, 0% used [0x00000000da280000,0x00000000da280000,0x00000000daa80000)
 ParOldGen       total 215040K, used 117337K [0x0000000080000000, 0x000000008d200000, 0x00000000d5580000)
  object space 215040K, 54% used [0x0000000080000000,0x00000000872964e0,0x000000008d200000)
 Metaspace       used 94864K, capacity 98502K, committed 98560K, reserved 1136640K
  class space    used 11450K, capacity 12029K, committed 12032K, reserved 1048576K
}
{Heap before GC invocations=313 (full 3):
 PSYoungGen      total 78336K, used 77827K [0x00000000d5580000, 0x00000000daa80000, 0x0000000100000000)
  eden space 71680K, 99% used [0x00000000d5580000,0x00000000d9b7fa00,0x00000000d9b80000)
  from space 6656K, 92% used [0x00000000d9b80000,0x00000000da1814a8,0x00000000da200000)
  to   space 8192K, 0% used [0x00000000da280000,0x00000000da280000,0x00000000daa80000)
 ParOldGen       total 215040K, used 117337K [0x0000000080000000, 0x000000008d200000, 0x00000000d5580000)
  object space 215040K, 54% used [0x0000000080000000,0x00000000872964e0,0x000000008d200000)
 Metaspace       used 94864K, capacity 98502K, committed 98560K, reserved 1136640K
  class space    used 11450K, capacity 12029K, committed 12032K, reserved 1048576K
2023-04-10T16:24:09.296+0600: 1523521.378: [GC (Allocation Failure) [PSYoungGen: 77827K->5025K(78848K)] 195164K->122362K(293888K), 0.0148891 secs] [Times: user=0.02 sys=0.00, real=0.02 secs] 
Heap after GC invocations=313 (full 3):
 PSYoungGen      total 78848K, used 5025K [0x00000000d5580000, 0x00000000daa80000, 0x0000000100000000)
  eden space 70656K, 0% used [0x00000000d5580000,0x00000000d5580000,0x00000000d9a80000)
  from space 8192K, 61% used [0x00000000da280000,0x00000000da7684e0,0x00000000daa80000)
  to   space 8192K, 0% used [0x00000000d9a80000,0x00000000d9a80000,0x00000000da280000)
 ParOldGen       total 215040K, used 117337K [0x0000000080000000, 0x000000008d200000, 0x00000000d5580000)
  object space 215040K, 54% used [0x0000000080000000,0x00000000872964e0,0x000000008d200000)
 Metaspace       used 94864K, capacity 98502K, committed 98560K, reserved 1136640K
  class space    used 11450K, capacity 12029K, committed 12032K, reserved 1048576K
}
{Heap before GC invocations=314 (full 3):
 PSYoungGen      total 78848K, used 75673K [0x00000000d5580000, 0x00000000daa80000, 0x0000000100000000)
  eden space 70656K, 99% used [0x00000000d5580000,0x00000000d9a7e118,0x00000000d9a80000)
  from space 8192K, 61% used [0x00000000da280000,0x00000000da7684e0,0x00000000daa80000)
  to   space 8192K, 0% used [0x00000000d9a80000,0x00000000d9a80000,0x00000000da280000)
 ParOldGen       total 215040K, used 117337K [0x0000000080000000, 0x000000008d200000, 0x00000000d5580000)
  object space 215040K, 54% used [0x0000000080000000,0x00000000872964e0,0x000000008d200000)
 Metaspace       used 94864K, capacity 98502K, committed 98560K, reserved 1136640K
  class space    used 11450K, capacity 12029K, committed 12032K, reserved 1048576K
2023-04-10T17:22:27.018+0600: 1527019.101: [GC (Allocation Failure) [PSYoungGen: 75673K->4178K(78848K)] 193010K->121516K(293888K), 0.0144690 secs] [Times: user=0.03 sys=0.00, real=0.02 secs] 
Heap after GC invocations=314 (full 3):
 PSYoungGen      total 78848K, used 4178K [0x00000000d5580000, 0x00000000daa80000, 0x0000000100000000)
  eden space 70656K, 0% used [0x00000000d5580000,0x00000000d5580000,0x00000000d9a80000)
  from space 8192K, 51% used [0x00000000d9a80000,0x00000000d9e94b48,0x00000000da280000)
  to   space 7680K, 0% used [0x00000000da300000,0x00000000da300000,0x00000000daa80000)
 ParOldGen       total 215040K, used 117337K [0x0000000080000000, 0x000000008d200000, 0x00000000d5580000)
  object space 215040K, 54% used [0x0000000080000000,0x00000000872964e0,0x000000008d200000)
 Metaspace       used 94864K, capacity 98502K, committed 98560K, reserved 1136640K
  class space    used 11450K, capacity 12029K, committed 12032K, reserved 1048576K
}
{Heap before GC invocations=315 (full 3):
 PSYoungGen      total 78848K, used 74834K [0x00000000d5580000, 0x00000000daa80000, 0x0000000100000000)
  eden space 70656K, 100% used [0x00000000d5580000,0x00000000d9a80000,0x00000000d9a80000)
  from space 8192K, 51% used [0x00000000d9a80000,0x00000000d9e94b48,0x00000000da280000)
  to   space 7680K, 0% used [0x00000000da300000,0x00000000da300000,0x00000000daa80000)
 ParOldGen       total 215040K, used 117337K [0x0000000080000000, 0x000000008d200000, 0x00000000d5580000)
  object space 215040K, 54% used [0x0000000080000000,0x00000000872964e0,0x000000008d200000)
 Metaspace       used 94864K, capacity 98502K, committed 98560K, reserved 1136640K
  class space    used 11450K, capacity 12029K, committed 12032K, reserved 1048576K
2023-04-10T18:26:16.833+0600: 1530848.916: [GC (Allocation Failure) [PSYoungGen: 74834K->3424K(79360K)] 192172K->120761K(294400K), 0.0149125 secs] [Times: user=0.01 sys=0.01, real=0.01 secs] 
Heap after GC invocations=315 (full 3):
 PSYoungGen      total 79360K, used 3424K [0x00000000d5580000, 0x00000000daa80000, 0x0000000100000000)
  eden space 71680K, 0% used [0x00000000d5580000,0x00000000d5580000,0x00000000d9b80000)
  from space 7680K, 44% used [0x00000000da300000,0x00000000da658000,0x00000000daa80000)
  to   space 7680K, 0% used [0x00000000d9b80000,0x00000000d9b80000,0x00000000da300000)
 ParOldGen       total 215040K, used 117337K [0x0000000080000000, 0x000000008d200000, 0x00000000d5580000)
  object space 215040K, 54% used [0x0000000080000000,0x00000000872964e0,0x000000008d200000)
 Metaspace       used 94864K, capacity 98502K, committed 98560K, reserved 1136640K
  class space    used 11450K, capacity 12029K, committed 12032K, reserved 1048576K
}
{Heap before GC invocations=316 (full 3):
 PSYoungGen      total 79360K, used 75104K [0x00000000d5580000, 0x00000000daa80000, 0x0000000100000000)
  eden space 71680K, 100% used [0x00000000d5580000,0x00000000d9b80000,0x00000000d9b80000)
  from space 7680K, 44% used [0x00000000da300000,0x00000000da658000,0x00000000daa80000)
  to   space 7680K, 0% used [0x00000000d9b80000,0x00000000d9b80000,0x00000000da300000)
 ParOldGen       total 215040K, used 117337K [0x0000000080000000, 0x000000008d200000, 0x00000000d5580000)
  object space 215040K, 54% used [0x0000000080000000,0x00000000872964e0,0x000000008d200000)
 Metaspace       used 94864K, capacity 98502K, committed 98560K, reserved 1136640K
  class space    used 11450K, capacity 12029K, committed 12032K, reserved 1048576K
2023-04-10T19:26:18.306+0600: 1534450.389: [GC (Allocation Failure) [PSYoungGen: 75104K->4017K(79360K)] 192441K->121354K(294400K), 0.0114047 secs] [Times: user=0.02 sys=0.00, real=0.01 secs] 
Heap after GC invocations=316 (full 3):
 PSYoungGen      total 79360K, used 4017K [0x00000000d5580000, 0x00000000daa80000, 0x0000000100000000)
  eden space 71680K, 0% used [0x00000000d5580000,0x00000000d5580000,0x00000000d9b80000)
  from space 7680K, 52% used [0x00000000d9b80000,0x00000000d9f6c6d0,0x00000000da300000)
  to   space 7168K, 0% used [0x00000000da380000,0x00000000da380000,0x00000000daa80000)
 ParOldGen       total 215040K, used 117337K [0x0000000080000000, 0x000000008d200000, 0x00000000d5580000)
  object space 215040K, 54% used [0x0000000080000000,0x00000000872964e0,0x000000008d200000)
 Metaspace       used 94864K, capacity 98502K, committed 98560K, reserved 1136640K
  class space    used 11450K, capacity 12029K, committed 12032K, reserved 1048576K
}
{Heap before GC invocations=317 (full 3):
 PSYoungGen      total 79360K, used 75697K [0x00000000d5580000, 0x00000000daa80000, 0x0000000100000000)
  eden space 71680K, 100% used [0x00000000d5580000,0x00000000d9b80000,0x00000000d9b80000)
  from space 7680K, 52% used [0x00000000d9b80000,0x00000000d9f6c6d0,0x00000000da300000)
  to   space 7168K, 0% used [0x00000000da380000,0x00000000da380000,0x00000000daa80000)
 ParOldGen       total 215040K, used 117337K [0x0000000080000000, 0x000000008d200000, 0x00000000d5580000)
  object space 215040K, 54% used [0x0000000080000000,0x00000000872964e0,0x000000008d200000)
 Metaspace       used 94864K, capacity 98502K, committed 98560K, reserved 1136640K
  class space    used 11450K, capacity 12029K, committed 12032K, reserved 1048576K
2023-04-10T20:13:40.871+0600: 1537292.954: [GC (Allocation Failure) [PSYoungGen: 75697K->6197K(78848K)] 193034K->123534K(293888K), 0.0179407 secs] [Times: user=0.03 sys=0.00, real=0.01 secs] 
Heap after GC invocations=317 (full 3):
 PSYoungGen      total 78848K, used 6197K [0x00000000d5580000, 0x00000000daa80000, 0x0000000100000000)
  eden space 71680K, 0% used [0x00000000d5580000,0x00000000d5580000,0x00000000d9b80000)
  from space 7168K, 86% used [0x00000000da380000,0x00000000da98d4a0,0x00000000daa80000)
  to   space 7680K, 0% used [0x00000000d9b80000,0x00000000d9b80000,0x00000000da300000)
 ParOldGen       total 215040K, used 117337K [0x0000000080000000, 0x000000008d200000, 0x00000000d5580000)
  object space 215040K, 54% used [0x0000000080000000,0x00000000872964e0,0x000000008d200000)
 Metaspace       used 94864K, capacity 98502K, committed 98560K, reserved 1136640K
  class space    used 11450K, capacity 12029K, committed 12032K, reserved 1048576K
}
{Heap before GC invocations=318 (full 3):
 PSYoungGen      total 78848K, used 77877K [0x00000000d5580000, 0x00000000daa80000, 0x0000000100000000)
  eden space 71680K, 100% used [0x00000000d5580000,0x00000000d9b80000,0x00000000d9b80000)
  from space 7168K, 86% used [0x00000000da380000,0x00000000da98d4a0,0x00000000daa80000)
  to   space 7680K, 0% used [0x00000000d9b80000,0x00000000d9b80000,0x00000000da300000)
 ParOldGen       total 215040K, used 117337K [0x0000000080000000, 0x000000008d200000, 0x00000000d5580000)
  object space 215040K, 54% used [0x0000000080000000,0x00000000872964e0,0x000000008d200000)
 Metaspace       used 94865K, capacity 98502K, committed 98560K, reserved 1136640K
  class space    used 11450K, capacity 12029K, committed 12032K, reserved 1048576K
2023-04-10T21:05:58.104+0600: 1540430.187: [GC (Allocation Failure) [PSYoungGen: 77877K->4080K(79360K)] 195214K->121417K(294400K), 0.0165257 secs] [Times: user=0.02 sys=0.00, real=0.02 secs] 
Heap after GC invocations=318 (full 3):
 PSYoungGen      total 79360K, used 4080K [0x00000000d5580000, 0x00000000daa80000, 0x0000000100000000)
  eden space 71680K, 0% used [0x00000000d5580000,0x00000000d5580000,0x00000000d9b80000)
  from space 7680K, 53% used [0x00000000d9b80000,0x00000000d9f7c230,0x00000000da300000)
  to   space 7680K, 0% used [0x00000000da300000,0x00000000da300000,0x00000000daa80000)
 ParOldGen       total 215040K, used 117337K [0x0000000080000000, 0x000000008d200000, 0x00000000d5580000)
  object space 215040K, 54% used [0x0000000080000000,0x00000000872964e0,0x000000008d200000)
 Metaspace       used 94865K, capacity 98502K, committed 98560K, reserved 1136640K
  class space    used 11450K, capacity 12029K, committed 12032K, reserved 1048576K
}
{Heap before GC invocations=319 (full 3):
 PSYoungGen      total 79360K, used 75760K [0x00000000d5580000, 0x00000000daa80000, 0x0000000100000000)
  eden space 71680K, 100% used [0x00000000d5580000,0x00000000d9b80000,0x00000000d9b80000)
  from space 7680K, 53% used [0x00000000d9b80000,0x00000000d9f7c230,0x00000000da300000)
  to   space 7680K, 0% used [0x00000000da300000,0x00000000da300000,0x00000000daa80000)
 ParOldGen       total 215040K, used 117337K [0x0000000080000000, 0x000000008d200000, 0x00000000d5580000)
  object space 215040K, 54% used [0x0000000080000000,0x00000000872964e0,0x000000008d200000)
 Metaspace       used 94865K, capacity 98502K, committed 98560K, reserved 1136640K
  class space    used 11450K, capacity 12029K, committed 12032K, reserved 1048576K
2023-04-10T22:11:29.895+0600: 1544361.978: [GC (Allocation Failure) [PSYoungGen: 75760K->3328K(79360K)] 193097K->120673K(294400K), 0.0149454 secs] [Times: user=0.03 sys=0.00, real=0.02 secs] 
Heap after GC invocations=319 (full 3):
 PSYoungGen      total 79360K, used 3328K [0x00000000d5580000, 0x00000000daa80000, 0x0000000100000000)
  eden space 71680K, 0% used [0x00000000d5580000,0x00000000d5580000,0x00000000d9b80000)
  from space 7680K, 43% used [0x00000000da300000,0x00000000da640000,0x00000000daa80000)
  to   space 7680K, 0% used [0x00000000d9b80000,0x00000000d9b80000,0x00000000da300000)
 ParOldGen       total 215040K, used 117345K [0x0000000080000000, 0x000000008d200000, 0x00000000d5580000)
  object space 215040K, 54% used [0x0000000080000000,0x00000000872984e0,0x000000008d200000)
 Metaspace       used 94865K, capacity 98502K, committed 98560K, reserved 1136640K
  class space    used 11450K, capacity 12029K, committed 12032K, reserved 1048576K
}
{Heap before GC invocations=320 (full 3):
 PSYoungGen      total 79360K, used 75008K [0x00000000d5580000, 0x00000000daa80000, 0x0000000100000000)
  eden space 71680K, 100% used [0x00000000d5580000,0x00000000d9b80000,0x00000000d9b80000)
  from space 7680K, 43% used [0x00000000da300000,0x00000000da640000,0x00000000daa80000)
  to   space 7680K, 0% used [0x00000000d9b80000,0x00000000d9b80000,0x00000000da300000)
 ParOldGen       total 215040K, used 117345K [0x0000000080000000, 0x000000008d200000, 0x00000000d5580000)
  object space 215040K, 54% used [0x0000000080000000,0x00000000872984e0,0x000000008d200000)
 Metaspace       used 94865K, capacity 98502K, committed 98560K, reserved 1136640K
  class space    used 11450K, capacity 12029K, committed 12032K, reserved 1048576K
2023-04-10T23:15:16.377+0600: 1548188.460: [GC (Allocation Failure) [PSYoungGen: 75008K->3296K(79360K)] 192353K->120689K(294400K), 0.0149249 secs] [Times: user=0.02 sys=0.00, real=0.02 secs] 
Heap after GC invocations=320 (full 3):
 PSYoungGen      total 79360K, used 3296K [0x00000000d5580000, 0x00000000daa80000, 0x0000000100000000)
  eden space 71680K, 0% used [0x00000000d5580000,0x00000000d5580000,0x00000000d9b80000)
  from space 7680K, 42% used [0x00000000d9b80000,0x00000000d9eb8000,0x00000000da300000)
  to   space 7168K, 0% used [0x00000000da380000,0x00000000da380000,0x00000000daa80000)
 ParOldGen       total 215040K, used 117393K [0x0000000080000000, 0x000000008d200000, 0x00000000d5580000)
  object space 215040K, 54% used [0x0000000080000000,0x00000000872a4510,0x000000008d200000)
 Metaspace       used 94865K, capacity 98502K, committed 98560K, reserved 1136640K
  class space    used 11450K, capacity 12029K, committed 12032K, reserved 1048576K
}
{Heap before GC invocations=321 (full 3):
 PSYoungGen      total 79360K, used 74976K [0x00000000d5580000, 0x00000000daa80000, 0x0000000100000000)
  eden space 71680K, 100% used [0x00000000d5580000,0x00000000d9b80000,0x00000000d9b80000)
  from space 7680K, 42% used [0x00000000d9b80000,0x00000000d9eb8000,0x00000000da300000)
  to   space 7168K, 0% used [0x00000000da380000,0x00000000da380000,0x00000000daa80000)
 ParOldGen       total 215040K, used 117393K [0x0000000080000000, 0x000000008d200000, 0x00000000d5580000)
  object space 215040K, 54% used [0x0000000080000000,0x00000000872a4510,0x000000008d200000)
 Metaspace       used 94865K, capacity 98502K, committed 98560K, reserved 1136640K
  class space    used 11450K, capacity 12029K, committed 12032K, reserved 1048576K
2023-04-11T00:11:15.656+0600: 1551547.739: [GC (Allocation Failure) [PSYoungGen: 74976K->4611K(79872K)] 192369K->122057K(294912K), 0.0184048 secs] [Times: user=0.03 sys=0.00, real=0.02 secs] 
Heap after GC invocations=321 (full 3):
 PSYoungGen      total 79872K, used 4611K [0x00000000d5580000, 0x00000000daa80000, 0x0000000100000000)
  eden space 72704K, 0% used [0x00000000d5580000,0x00000000d5580000,0x00000000d9c80000)
  from space 7168K, 64% used [0x00000000da380000,0x00000000da800fb0,0x00000000daa80000)
  to   space 7168K, 0% used [0x00000000d9c80000,0x00000000d9c80000,0x00000000da380000)
 ParOldGen       total 215040K, used 117445K [0x0000000080000000, 0x000000008d200000, 0x00000000d5580000)
  object space 215040K, 54% used [0x0000000080000000,0x00000000872b16a0,0x000000008d200000)
 Metaspace       used 94865K, capacity 98502K, committed 98560K, reserved 1136640K
  class space    used 11450K, capacity 12029K, committed 12032K, reserved 1048576K
}
{Heap before GC invocations=322 (full 3):
 PSYoungGen      total 79872K, used 77315K [0x00000000d5580000, 0x00000000daa80000, 0x0000000100000000)
  eden space 72704K, 100% used [0x00000000d5580000,0x00000000d9c80000,0x00000000d9c80000)
  from space 7168K, 64% used [0x00000000da380000,0x00000000da800fb0,0x00000000daa80000)
  to   space 7168K, 0% used [0x00000000d9c80000,0x00000000d9c80000,0x00000000da380000)
 ParOldGen       total 215040K, used 117445K [0x0000000080000000, 0x000000008d200000, 0x00000000d5580000)
  object space 215040K, 54% used [0x0000000080000000,0x00000000872b16a0,0x000000008d200000)
 Metaspace       used 94865K, capacity 98502K, committed 98560K, reserved 1136640K
  class space    used 11450K, capacity 12029K, committed 12032K, reserved 1048576K
2023-04-11T01:16:38.316+0600: 1555470.398: [GC (Allocation Failure) [PSYoungGen: 77315K->3264K(79872K)] 194761K->120733K(294912K), 0.0184423 secs] [Times: user=0.03 sys=0.00, real=0.02 secs] 
Heap after GC invocations=322 (full 3):
 PSYoungGen      total 79872K, used 3264K [0x00000000d5580000, 0x00000000daa80000, 0x0000000100000000)
  eden space 72704K, 0% used [0x00000000d5580000,0x00000000d5580000,0x00000000d9c80000)
  from space 7168K, 45% used [0x00000000d9c80000,0x00000000d9fb0000,0x00000000da380000)
  to   space 7168K, 0% used [0x00000000da380000,0x00000000da380000,0x00000000daa80000)
 ParOldGen       total 215040K, used 117469K [0x0000000080000000, 0x000000008d200000, 0x00000000d5580000)
  object space 215040K, 54% used [0x0000000080000000,0x00000000872b76a0,0x000000008d200000)
 Metaspace       used 94865K, capacity 98502K, committed 98560K, reserved 1136640K
  class space    used 11450K, capacity 12029K, committed 12032K, reserved 1048576K
}
{Heap before GC invocations=323 (full 3):
 PSYoungGen      total 79872K, used 75968K [0x00000000d5580000, 0x00000000daa80000, 0x0000000100000000)
  eden space 72704K, 100% used [0x00000000d5580000,0x00000000d9c80000,0x00000000d9c80000)
  from space 7168K, 45% used [0x00000000d9c80000,0x00000000d9fb0000,0x00000000da380000)
  to   space 7168K, 0% used [0x00000000da380000,0x00000000da380000,0x00000000daa80000)
 ParOldGen       total 215040K, used 117469K [0x0000000080000000, 0x000000008d200000, 0x00000000d5580000)
  object space 215040K, 54% used [0x0000000080000000,0x00000000872b76a0,0x000000008d200000)
 Metaspace       used 94865K, capacity 98502K, committed 98560K, reserved 1136640K
  class space    used 11450K, capacity 12029K, committed 12032K, reserved 1048576K
2023-04-11T02:21:44.530+0600: 1559376.613: [GC (Allocation Failure) [PSYoungGen: 75968K->3232K(79872K)] 193437K->120725K(294912K), 0.0142109 secs] [Times: user=0.02 sys=0.02, real=0.01 secs] 
Heap after GC invocations=323 (full 3):
 PSYoungGen      total 79872K, used 3232K [0x00000000d5580000, 0x00000000daa80000, 0x0000000100000000)
  eden space 72704K, 0% used [0x00000000d5580000,0x00000000d5580000,0x00000000d9c80000)
  from space 7168K, 45% used [0x00000000da380000,0x00000000da6a8000,0x00000000daa80000)
  to   space 7168K, 0% used [0x00000000d9c80000,0x00000000d9c80000,0x00000000da380000)
 ParOldGen       total 215040K, used 117493K [0x0000000080000000, 0x000000008d200000, 0x00000000d5580000)
  object space 215040K, 54% used [0x0000000080000000,0x00000000872bd6a0,0x000000008d200000)
 Metaspace       used 94865K, capacity 98502K, committed 98560K, reserved 1136640K
  class space    used 11450K, capacity 12029K, committed 12032K, reserved 1048576K
}
{Heap before GC invocations=324 (full 3):
 PSYoungGen      total 79872K, used 75936K [0x00000000d5580000, 0x00000000daa80000, 0x0000000100000000)
  eden space 72704K, 100% used [0x00000000d5580000,0x00000000d9c80000,0x00000000d9c80000)
  from space 7168K, 45% used [0x00000000da380000,0x00000000da6a8000,0x00000000daa80000)
  to   space 7168K, 0% used [0x00000000d9c80000,0x00000000d9c80000,0x00000000da380000)
 ParOldGen       total 215040K, used 117493K [0x0000000080000000, 0x000000008d200000, 0x00000000d5580000)
  object space 215040K, 54% used [0x0000000080000000,0x00000000872bd6a0,0x000000008d200000)
 Metaspace       used 94865K, capacity 98502K, committed 98560K, reserved 1136640K
  class space    used 11450K, capacity 12029K, committed 12032K, reserved 1048576K
2023-04-11T03:31:55.779+0600: 1563587.862: [GC (Allocation Failure) [PSYoungGen: 75936K->3168K(79872K)] 193429K->120724K(294912K), 0.0151342 secs] [Times: user=0.03 sys=0.00, real=0.02 secs] 
Heap after GC invocations=324 (full 3):
 PSYoungGen      total 79872K, used 3168K [0x00000000d5580000, 0x00000000daa80000, 0x0000000100000000)
  eden space 72704K, 0% used [0x00000000d5580000,0x00000000d5580000,0x00000000d9c80000)
  from space 7168K, 44% used [0x00000000d9c80000,0x00000000d9f98000,0x00000000da380000)
  to   space 6656K, 0% used [0x00000000da400000,0x00000000da400000,0x00000000daa80000)
 ParOldGen       total 215040K, used 117556K [0x0000000080000000, 0x000000008d200000, 0x00000000d5580000)
  object space 215040K, 54% used [0x0000000080000000,0x00000000872cd2c8,0x000000008d200000)
 Metaspace       used 94865K, capacity 98502K, committed 98560K, reserved 1136640K
  class space    used 11450K, capacity 12029K, committed 12032K, reserved 1048576K
}
{Heap before GC invocations=325 (full 3):
 PSYoungGen      total 79872K, used 75872K [0x00000000d5580000, 0x00000000daa80000, 0x0000000100000000)
  eden space 72704K, 100% used [0x00000000d5580000,0x00000000d9c80000,0x00000000d9c80000)
  from space 7168K, 44% used [0x00000000d9c80000,0x00000000d9f98000,0x00000000da380000)
  to   space 6656K, 0% used [0x00000000da400000,0x00000000da400000,0x00000000daa80000)
 ParOldGen       total 215040K, used 117556K [0x0000000080000000, 0x000000008d200000, 0x00000000d5580000)
  object space 215040K, 54% used [0x0000000080000000,0x00000000872cd2c8,0x000000008d200000)
 Metaspace       used 94865K, capacity 98502K, committed 98560K, reserved 1136640K
  class space    used 11450K, capacity 12029K, committed 12032K, reserved 1048576K
2023-04-11T04:37:46.602+0600: 1567538.685: [GC (Allocation Failure) [PSYoungGen: 75872K->3040K(80384K)] 193428K->120781K(295424K), 0.0179195 secs] [Times: user=0.03 sys=0.00, real=0.02 secs] 
Heap after GC invocations=325 (full 3):
 PSYoungGen      total 80384K, used 3040K [0x00000000d5580000, 0x00000000daa80000, 0x0000000100000000)
  eden space 73728K, 0% used [0x00000000d5580000,0x00000000d5580000,0x00000000d9d80000)
  from space 6656K, 45% used [0x00000000da400000,0x00000000da6f8000,0x00000000daa80000)
  to   space 6656K, 0% used [0x00000000d9d80000,0x00000000d9d80000,0x00000000da400000)
 ParOldGen       total 215040K, used 117741K [0x0000000080000000, 0x000000008d200000, 0x00000000d5580000)
  object space 215040K, 54% used [0x0000000080000000,0x00000000872fb5c8,0x000000008d200000)
 Metaspace       used 94865K, capacity 98502K, committed 98560K, reserved 1136640K
  class space    used 11450K, capacity 12029K, committed 12032K, reserved 1048576K
}
{Heap before GC invocations=326 (full 3):
 PSYoungGen      total 80384K, used 76768K [0x00000000d5580000, 0x00000000daa80000, 0x0000000100000000)
  eden space 73728K, 100% used [0x00000000d5580000,0x00000000d9d80000,0x00000000d9d80000)
  from space 6656K, 45% used [0x00000000da400000,0x00000000da6f8000,0x00000000daa80000)
  to   space 6656K, 0% used [0x00000000d9d80000,0x00000000d9d80000,0x00000000da400000)
 ParOldGen       total 215040K, used 117741K [0x0000000080000000, 0x000000008d200000, 0x00000000d5580000)
  object space 215040K, 54% used [0x0000000080000000,0x00000000872fb5c8,0x000000008d200000)
 Metaspace       used 94865K, capacity 98502K, committed 98560K, reserved 1136640K
  class space    used 11450K, capacity 12029K, committed 12032K, reserved 1048576K
2023-04-11T05:44:26.000+0600: 1571538.082: [GC (Allocation Failure) [PSYoungGen: 76768K->2848K(80384K)] 194509K->120796K(295424K), 0.0178210 secs] [Times: user=0.03 sys=0.00, real=0.01 secs] 
Heap after GC invocations=326 (full 3):
 PSYoungGen      total 80384K, used 2848K [0x00000000d5580000, 0x00000000daa80000, 0x0000000100000000)
  eden space 73728K, 0% used [0x00000000d5580000,0x00000000d5580000,0x00000000d9d80000)
  from space 6656K, 42% used [0x00000000d9d80000,0x00000000da048000,0x00000000da400000)
  to   space 6656K, 0% used [0x00000000da400000,0x00000000da400000,0x00000000daa80000)
 ParOldGen       total 215040K, used 117948K [0x0000000080000000, 0x000000008d200000, 0x00000000d5580000)
  object space 215040K, 54% used [0x0000000080000000,0x000000008732f0c0,0x000000008d200000)
 Metaspace       used 94865K, capacity 98502K, committed 98560K, reserved 1136640K
  class space    used 11450K, capacity 12029K, committed 12032K, reserved 1048576K
}
{Heap before GC invocations=327 (full 3):
 PSYoungGen      total 80384K, used 76576K [0x00000000d5580000, 0x00000000daa80000, 0x0000000100000000)
  eden space 73728K, 100% used [0x00000000d5580000,0x00000000d9d80000,0x00000000d9d80000)
  from space 6656K, 42% used [0x00000000d9d80000,0x00000000da048000,0x00000000da400000)
  to   space 6656K, 0% used [0x00000000da400000,0x00000000da400000,0x00000000daa80000)
 ParOldGen       total 215040K, used 117948K [0x0000000080000000, 0x000000008d200000, 0x00000000d5580000)
  object space 215040K, 54% used [0x0000000080000000,0x000000008732f0c0,0x000000008d200000)
 Metaspace       used 94865K, capacity 98502K, committed 98560K, reserved 1136640K
  class space    used 11450K, capacity 12029K, committed 12032K, reserved 1048576K
2023-04-11T06:51:07.433+0600: 1575539.516: [GC (Allocation Failure) [PSYoungGen: 76576K->2720K(80384K)] 194524K->120831K(295424K), 0.0135933 secs] [Times: user=0.02 sys=0.00, real=0.01 secs] 
Heap after GC invocations=327 (full 3):
 PSYoungGen      total 80384K, used 2720K [0x00000000d5580000, 0x00000000daa80000, 0x0000000100000000)
  eden space 73728K, 0% used [0x00000000d5580000,0x00000000d5580000,0x00000000d9d80000)
  from space 6656K, 40% used [0x00000000da400000,0x00000000da6a8000,0x00000000daa80000)
  to   space 6656K, 0% used [0x00000000d9d80000,0x00000000d9d80000,0x00000000da400000)
 ParOldGen       total 215040K, used 118111K [0x0000000080000000, 0x000000008d200000, 0x00000000d5580000)
  object space 215040K, 54% used [0x0000000080000000,0x0000000087357f40,0x000000008d200000)
 Metaspace       used 94865K, capacity 98502K, committed 98560K, reserved 1136640K
  class space    used 11450K, capacity 12029K, committed 12032K, reserved 1048576K
}
{Heap before GC invocations=328 (full 3):
 PSYoungGen      total 80384K, used 76448K [0x00000000d5580000, 0x00000000daa80000, 0x0000000100000000)
  eden space 73728K, 100% used [0x00000000d5580000,0x00000000d9d80000,0x00000000d9d80000)
  from space 6656K, 40% used [0x00000000da400000,0x00000000da6a8000,0x00000000daa80000)
  to   space 6656K, 0% used [0x00000000d9d80000,0x00000000d9d80000,0x00000000da400000)
 ParOldGen       total 215040K, used 118111K [0x0000000080000000, 0x000000008d200000, 0x00000000d5580000)
  object space 215040K, 54% used [0x0000000080000000,0x0000000087357f40,0x000000008d200000)
 Metaspace       used 94865K, capacity 98502K, committed 98560K, reserved 1136640K
  class space    used 11450K, capacity 12029K, committed 12032K, reserved 1048576K
2023-04-11T07:59:08.632+0600: 1579620.715: [GC (Allocation Failure) [PSYoungGen: 76448K->2816K(80384K)] 194559K->121025K(295424K), 0.0149585 secs] [Times: user=0.01 sys=0.01, real=0.01 secs] 
Heap after GC invocations=328 (full 3):
 PSYoungGen      total 80384K, used 2816K [0x00000000d5580000, 0x00000000daa80000, 0x0000000100000000)
  eden space 73728K, 0% used [0x00000000d5580000,0x00000000d5580000,0x00000000d9d80000)
  from space 6656K, 42% used [0x00000000d9d80000,0x00000000da040010,0x00000000da400000)
  to   space 6656K, 0% used [0x00000000da400000,0x00000000da400000,0x00000000daa80000)
 ParOldGen       total 215040K, used 118209K [0x0000000080000000, 0x000000008d200000, 0x00000000d5580000)
  object space 215040K, 54% used [0x0000000080000000,0x0000000087370678,0x000000008d200000)
 Metaspace       used 94865K, capacity 98502K, committed 98560K, reserved 1136640K
  class space    used 11450K, capacity 12029K, committed 12032K, reserved 1048576K
}
{Heap before GC invocations=329 (full 3):
 PSYoungGen      total 80384K, used 76544K [0x00000000d5580000, 0x00000000daa80000, 0x0000000100000000)
  eden space 73728K, 100% used [0x00000000d5580000,0x00000000d9d80000,0x00000000d9d80000)
  from space 6656K, 42% used [0x00000000d9d80000,0x00000000da040010,0x00000000da400000)
  to   space 6656K, 0% used [0x00000000da400000,0x00000000da400000,0x00000000daa80000)
 ParOldGen       total 215040K, used 118209K [0x0000000080000000, 0x000000008d200000, 0x00000000d5580000)
  object space 215040K, 54% used [0x0000000080000000,0x0000000087370678,0x000000008d200000)
 Metaspace       used 94865K, capacity 98502K, committed 98560K, reserved 1136640K
  class space    used 11450K, capacity 12029K, committed 12032K, reserved 1048576K
2023-04-11T09:05:24.331+0600: 1583596.413: [GC (Allocation Failure) [PSYoungGen: 76544K->2560K(80384K)] 194753K->120817K(295424K), 0.0139206 secs] [Times: user=0.02 sys=0.00, real=0.01 secs] 
Heap after GC invocations=329 (full 3):
 PSYoungGen      total 80384K, used 2560K [0x00000000d5580000, 0x00000000daa80000, 0x0000000100000000)
  eden space 73728K, 0% used [0x00000000d5580000,0x00000000d5580000,0x00000000d9d80000)
  from space 6656K, 38% used [0x00000000da400000,0x00000000da680000,0x00000000daa80000)
  to   space 6656K, 0% used [0x00000000d9d80000,0x00000000d9d80000,0x00000000da400000)
 ParOldGen       total 215040K, used 118257K [0x0000000080000000, 0x000000008d200000, 0x00000000d5580000)
  object space 215040K, 54% used [0x0000000080000000,0x000000008737c678,0x000000008d200000)
 Metaspace       used 94865K, capacity 98502K, committed 98560K, reserved 1136640K
  class space    used 11450K, capacity 12029K, committed 12032K, reserved 1048576K
}
{Heap before GC invocations=330 (full 3):
 PSYoungGen      total 80384K, used 76271K [0x00000000d5580000, 0x00000000daa80000, 0x0000000100000000)
  eden space 73728K, 99% used [0x00000000d5580000,0x00000000d9d7bf30,0x00000000d9d80000)
  from space 6656K, 38% used [0x00000000da400000,0x00000000da680000,0x00000000daa80000)
  to   space 6656K, 0% used [0x00000000d9d80000,0x00000000d9d80000,0x00000000da400000)
 ParOldGen       total 215040K, used 118257K [0x0000000080000000, 0x000000008d200000, 0x00000000d5580000)
  object space 215040K, 54% used [0x0000000080000000,0x000000008737c678,0x000000008d200000)
 Metaspace       used 94865K, capacity 98502K, committed 98560K, reserved 1136640K
  class space    used 11450K, capacity 12029K, committed 12032K, reserved 1048576K
2023-04-11T10:01:33.431+0600: 1586965.514: [GC (Allocation Failure) [PSYoungGen: 76271K->3973K(80384K)] 194529K->122230K(295424K), 0.0149067 secs] [Times: user=0.03 sys=0.00, real=0.01 secs] 
Heap after GC invocations=330 (full 3):
 PSYoungGen      total 80384K, used 3973K [0x00000000d5580000, 0x00000000daa80000, 0x0000000100000000)
  eden space 73728K, 0% used [0x00000000d5580000,0x00000000d5580000,0x00000000d9d80000)
  from space 6656K, 59% used [0x00000000d9d80000,0x00000000da161420,0x00000000da400000)
  to   space 6144K, 0% used [0x00000000da480000,0x00000000da480000,0x00000000daa80000)
 ParOldGen       total 215040K, used 118257K [0x0000000080000000, 0x000000008d200000, 0x00000000d5580000)
  object space 215040K, 54% used [0x0000000080000000,0x000000008737c678,0x000000008d200000)
 Metaspace       used 94865K, capacity 98502K, committed 98560K, reserved 1136640K
  class space    used 11450K, capacity 12029K, committed 12032K, reserved 1048576K
}
{Heap before GC invocations=331 (full 3):
 PSYoungGen      total 80384K, used 77694K [0x00000000d5580000, 0x00000000daa80000, 0x0000000100000000)
  eden space 73728K, 99% used [0x00000000d5580000,0x00000000d9d7e708,0x00000000d9d80000)
  from space 6656K, 59% used [0x00000000d9d80000,0x00000000da161420,0x00000000da400000)
  to   space 6144K, 0% used [0x00000000da480000,0x00000000da480000,0x00000000daa80000)
 ParOldGen       total 215040K, used 118257K [0x0000000080000000, 0x000000008d200000, 0x00000000d5580000)
  object space 215040K, 54% used [0x0000000080000000,0x000000008737c678,0x000000008d200000)
 Metaspace       used 94865K, capacity 98502K, committed 98560K, reserved 1136640K
  class space    used 11450K, capacity 12029K, committed 12032K, reserved 1048576K
2023-04-11T11:03:03.436+0600: 1590655.519: [GC (Allocation Failure) [PSYoungGen: 77694K->3602K(80896K)] 195952K->121892K(295936K), 0.0169415 secs] [Times: user=0.03 sys=0.00, real=0.02 secs] 
Heap after GC invocations=331 (full 3):
 PSYoungGen      total 80896K, used 3602K [0x00000000d5580000, 0x00000000daa80000, 0x0000000100000000)
  eden space 74752K, 0% used [0x00000000d5580000,0x00000000d5580000,0x00000000d9e80000)
  from space 6144K, 58% used [0x00000000da480000,0x00000000da804b60,0x00000000daa80000)
  to   space 6144K, 0% used [0x00000000d9e80000,0x00000000d9e80000,0x00000000da480000)
 ParOldGen       total 215040K, used 118289K [0x0000000080000000, 0x000000008d200000, 0x00000000d5580000)
  object space 215040K, 55% used [0x0000000080000000,0x0000000087384678,0x000000008d200000)
 Metaspace       used 94865K, capacity 98502K, committed 98560K, reserved 1136640K
  class space    used 11450K, capacity 12029K, committed 12032K, reserved 1048576K
}
{Heap before GC invocations=332 (full 3):
 PSYoungGen      total 80896K, used 78354K [0x00000000d5580000, 0x00000000daa80000, 0x0000000100000000)
  eden space 74752K, 100% used [0x00000000d5580000,0x00000000d9e80000,0x00000000d9e80000)
  from space 6144K, 58% used [0x00000000da480000,0x00000000da804b60,0x00000000daa80000)
  to   space 6144K, 0% used [0x00000000d9e80000,0x00000000d9e80000,0x00000000da480000)
 ParOldGen       total 215040K, used 118289K [0x0000000080000000, 0x000000008d200000, 0x00000000d5580000)
  object space 215040K, 55% used [0x0000000080000000,0x0000000087384678,0x000000008d200000)
 Metaspace       used 94865K, capacity 98502K, committed 98560K, reserved 1136640K
  class space    used 11450K, capacity 12029K, committed 12032K, reserved 1048576K
2023-04-11T11:56:34.300+0600: 1593866.383: [GC (Allocation Failure) [PSYoungGen: 78354K->4506K(80896K)] 196644K->122914K(295936K), 0.0213010 secs] [Times: user=0.03 sys=0.00, real=0.02 secs] 
Heap after GC invocations=332 (full 3):
 PSYoungGen      total 80896K, used 4506K [0x00000000d5580000, 0x00000000daa80000, 0x0000000100000000)
  eden space 74752K, 0% used [0x00000000d5580000,0x00000000d5580000,0x00000000d9e80000)
  from space 6144K, 73% used [0x00000000d9e80000,0x00000000da2e6830,0x00000000da480000)
  to   space 6144K, 0% used [0x00000000da480000,0x00000000da480000,0x00000000daa80000)
 ParOldGen       total 215040K, used 118408K [0x0000000080000000, 0x000000008d200000, 0x00000000d5580000)
  object space 215040K, 55% used [0x0000000080000000,0x00000000873a20a8,0x000000008d200000)
 Metaspace       used 94865K, capacity 98502K, committed 98560K, reserved 1136640K
  class space    used 11450K, capacity 12029K, committed 12032K, reserved 1048576K
}
{Heap before GC invocations=333 (full 3):
 PSYoungGen      total 80896K, used 79258K [0x00000000d5580000, 0x00000000daa80000, 0x0000000100000000)
  eden space 74752K, 100% used [0x00000000d5580000,0x00000000d9e80000,0x00000000d9e80000)
  from space 6144K, 73% used [0x00000000d9e80000,0x00000000da2e6830,0x00000000da480000)
  to   space 6144K, 0% used [0x00000000da480000,0x00000000da480000,0x00000000daa80000)
 ParOldGen       total 215040K, used 118408K [0x0000000080000000, 0x000000008d200000, 0x00000000d5580000)
  object space 215040K, 55% used [0x0000000080000000,0x00000000873a20a8,0x000000008d200000)
 Metaspace       used 94865K, capacity 98502K, committed 98560K, reserved 1136640K
  class space    used 11450K, capacity 12029K, committed 12032K, reserved 1048576K
2023-04-11T12:38:40.160+0600: 1596392.243: [GC (Allocation Failure) [PSYoungGen: 79258K->5700K(79872K)] 197666K->124148K(294912K), 0.0196004 secs] [Times: user=0.03 sys=0.00, real=0.02 secs] 
Heap after GC invocations=333 (full 3):
 PSYoungGen      total 79872K, used 5700K [0x00000000d5580000, 0x00000000daa80000, 0x0000000100000000)
  eden space 73728K, 0% used [0x00000000d5580000,0x00000000d5580000,0x00000000d9d80000)
  from space 6144K, 92% used [0x00000000da480000,0x00000000daa11030,0x00000000daa80000)
  to   space 6656K, 0% used [0x00000000d9d80000,0x00000000d9d80000,0x00000000da400000)
 ParOldGen       total 215040K, used 118448K [0x0000000080000000, 0x000000008d200000, 0x00000000d5580000)
  object space 215040K, 55% used [0x0000000080000000,0x00000000873ac0a8,0x000000008d200000)
 Metaspace       used 94865K, capacity 98502K, committed 98560K, reserved 1136640K
  class space    used 11450K, capacity 12029K, committed 12032K, reserved 1048576K
}
{Heap before GC invocations=334 (full 3):
 PSYoungGen      total 79872K, used 79424K [0x00000000d5580000, 0x00000000daa80000, 0x0000000100000000)
  eden space 73728K, 99% used [0x00000000d5580000,0x00000000d9d7f1d8,0x00000000d9d80000)
  from space 6144K, 92% used [0x00000000da480000,0x00000000daa11030,0x00000000daa80000)
  to   space 6656K, 0% used [0x00000000d9d80000,0x00000000d9d80000,0x00000000da400000)
 ParOldGen       total 215040K, used 118448K [0x0000000080000000, 0x000000008d200000, 0x00000000d5580000)
  object space 215040K, 55% used [0x0000000080000000,0x00000000873ac0a8,0x000000008d200000)
 Metaspace       used 94865K, capacity 98502K, committed 98560K, reserved 1136640K
  class space    used 11450K, capacity 12029K, committed 12032K, reserved 1048576K
2023-04-11T13:37:05.895+0600: 1599897.978: [GC (Allocation Failure) [PSYoungGen: 79424K->4002K(80384K)] 197872K->122450K(295424K), 0.0115534 secs] [Times: user=0.02 sys=0.00, real=0.01 secs] 
Heap after GC invocations=334 (full 3):
 PSYoungGen      total 80384K, used 4002K [0x00000000d5580000, 0x00000000daa80000, 0x0000000100000000)
  eden space 73728K, 0% used [0x00000000d5580000,0x00000000d5580000,0x00000000d9d80000)
  from space 6656K, 60% used [0x00000000d9d80000,0x00000000da168920,0x00000000da400000)
  to   space 6656K, 0% used [0x00000000da400000,0x00000000da400000,0x00000000daa80000)
 ParOldGen       total 215040K, used 118448K [0x0000000080000000, 0x000000008d200000, 0x00000000d5580000)
  object space 215040K, 55% used [0x0000000080000000,0x00000000873ac0a8,0x000000008d200000)
 Metaspace       used 94865K, capacity 98502K, committed 98560K, reserved 1136640K
  class space    used 11450K, capacity 12029K, committed 12032K, reserved 1048576K
}
{Heap before GC invocations=335 (full 3):
 PSYoungGen      total 80384K, used 77730K [0x00000000d5580000, 0x00000000daa80000, 0x0000000100000000)
  eden space 73728K, 100% used [0x00000000d5580000,0x00000000d9d80000,0x00000000d9d80000)
  from space 6656K, 60% used [0x00000000d9d80000,0x00000000da168920,0x00000000da400000)
  to   space 6656K, 0% used [0x00000000da400000,0x00000000da400000,0x00000000daa80000)
 ParOldGen       total 215040K, used 118448K [0x0000000080000000, 0x000000008d200000, 0x00000000d5580000)
  object space 215040K, 55% used [0x0000000080000000,0x00000000873ac0a8,0x000000008d200000)
 Metaspace       used 94865K, capacity 98502K, committed 98560K, reserved 1136640K
  class space    used 11450K, capacity 12029K, committed 12032K, reserved 1048576K
2023-04-11T14:35:27.432+0600: 1603399.514: [GC (Allocation Failure) [PSYoungGen: 77730K->4065K(80896K)] 196178K->122513K(295936K), 0.0200101 secs] [Times: user=0.03 sys=0.00, real=0.02 secs] 
Heap after GC invocations=335 (full 3):
 PSYoungGen      total 80896K, used 4065K [0x00000000d5580000, 0x00000000daa80000, 0x0000000100000000)
  eden space 74240K, 0% used [0x00000000d5580000,0x00000000d5580000,0x00000000d9e00000)
  from space 6656K, 61% used [0x00000000da400000,0x00000000da7f8700,0x00000000daa80000)
  to   space 6144K, 0% used [0x00000000d9e00000,0x00000000d9e00000,0x00000000da400000)
 ParOldGen       total 215040K, used 118448K [0x0000000080000000, 0x000000008d200000, 0x00000000d5580000)
  object space 215040K, 55% used [0x0000000080000000,0x00000000873ac0a8,0x000000008d200000)
 Metaspace       used 94865K, capacity 98502K, committed 98560K, reserved 1136640K
  class space    used 11450K, capacity 12029K, committed 12032K, reserved 1048576K
}
{Heap before GC invocations=336 (full 3):
 PSYoungGen      total 80896K, used 78305K [0x00000000d5580000, 0x00000000daa80000, 0x0000000100000000)
  eden space 74240K, 100% used [0x00000000d5580000,0x00000000d9e00000,0x00000000d9e00000)
  from space 6656K, 61% used [0x00000000da400000,0x00000000da7f8700,0x00000000daa80000)
  to   space 6144K, 0% used [0x00000000d9e00000,0x00000000d9e00000,0x00000000da400000)
 ParOldGen       total 215040K, used 118448K [0x0000000080000000, 0x000000008d200000, 0x00000000d5580000)
  object space 215040K, 55% used [0x0000000080000000,0x00000000873ac0a8,0x000000008d200000)
 Metaspace       used 94865K, capacity 98502K, committed 98560K, reserved 1136640K
  class space    used 11450K, capacity 12029K, committed 12032K, reserved 1048576K
2023-04-11T15:41:13.032+0600: 1607345.115: [GC (Allocation Failure) [PSYoungGen: 78305K->3040K(80384K)] 196753K->121549K(295424K), 0.0187742 secs] [Times: user=0.04 sys=0.00, real=0.02 secs] 
Heap after GC invocations=336 (full 3):
 PSYoungGen      total 80384K, used 3040K [0x00000000d5580000, 0x00000000daa80000, 0x0000000100000000)
  eden space 74240K, 0% used [0x00000000d5580000,0x00000000d5580000,0x00000000d9e00000)
  from space 6144K, 49% used [0x00000000d9e00000,0x00000000da0f8010,0x00000000da400000)
  to   space 6144K, 0% used [0x00000000da480000,0x00000000da480000,0x00000000daa80000)
 ParOldGen       total 215040K, used 118509K [0x0000000080000000, 0x000000008d200000, 0x00000000d5580000)
  object space 215040K, 55% used [0x0000000080000000,0x00000000873bb448,0x000000008d200000)
 Metaspace       used 94865K, capacity 98502K, committed 98560K, reserved 1136640K
  class space    used 11450K, capacity 12029K, committed 12032K, reserved 1048576K
}
{Heap before GC invocations=337 (full 3):
 PSYoungGen      total 80384K, used 77280K [0x00000000d5580000, 0x00000000daa80000, 0x0000000100000000)
  eden space 74240K, 100% used [0x00000000d5580000,0x00000000d9e00000,0x00000000d9e00000)
  from space 6144K, 49% used [0x00000000d9e00000,0x00000000da0f8010,0x00000000da400000)
  to   space 6144K, 0% used [0x00000000da480000,0x00000000da480000,0x00000000daa80000)
 ParOldGen       total 215040K, used 118509K [0x0000000080000000, 0x000000008d200000, 0x00000000d5580000)
  object space 215040K, 55% used [0x0000000080000000,0x00000000873bb448,0x000000008d200000)
 Metaspace       used 94865K, capacity 98502K, committed 98560K, reserved 1136640K
  class space    used 11450K, capacity 12029K, committed 12032K, reserved 1048576K
2023-04-11T16:42:28.579+0600: 1611020.662: [GC (Allocation Failure) [PSYoungGen: 77280K->3745K(80896K)] 195789K->122254K(295936K), 0.0163173 secs] [Times: user=0.03 sys=0.00, real=0.02 secs] 
Heap after GC invocations=337 (full 3):
 PSYoungGen      total 80896K, used 3745K [0x00000000d5580000, 0x00000000daa80000, 0x0000000100000000)
  eden space 74752K, 0% used [0x00000000d5580000,0x00000000d5580000,0x00000000d9e80000)
  from space 6144K, 60% used [0x00000000da480000,0x00000000da8284c0,0x00000000daa80000)
  to   space 6144K, 0% used [0x00000000d9e80000,0x00000000d9e80000,0x00000000da480000)
 ParOldGen       total 215040K, used 118509K [0x0000000080000000, 0x000000008d200000, 0x00000000d5580000)
  object space 215040K, 55% used [0x0000000080000000,0x00000000873bb448,0x000000008d200000)
 Metaspace       used 94865K, capacity 98502K, committed 98560K, reserved 1136640K
  class space    used 11450K, capacity 12029K, committed 12032K, reserved 1048576K
}
{Heap before GC invocations=338 (full 3):
 PSYoungGen      total 80896K, used 78497K [0x00000000d5580000, 0x00000000daa80000, 0x0000000100000000)
  eden space 74752K, 100% used [0x00000000d5580000,0x00000000d9e80000,0x00000000d9e80000)
  from space 6144K, 60% used [0x00000000da480000,0x00000000da8284c0,0x00000000daa80000)
  to   space 6144K, 0% used [0x00000000d9e80000,0x00000000d9e80000,0x00000000da480000)
 ParOldGen       total 215040K, used 118509K [0x0000000080000000, 0x000000008d200000, 0x00000000d5580000)
  object space 215040K, 55% used [0x0000000080000000,0x00000000873bb448,0x000000008d200000)
 Metaspace       used 94865K, capacity 98502K, committed 98560K, reserved 1136640K
  class space    used 11450K, capacity 12029K, committed 12032K, reserved 1048576K
2023-04-11T17:53:04.122+0600: 1615256.204: [GC (Allocation Failure) [PSYoungGen: 78497K->2912K(80896K)] 197006K->121421K(295936K), 0.0174948 secs] [Times: user=0.03 sys=0.00, real=0.02 secs] 
Heap after GC invocations=338 (full 3):
 PSYoungGen      total 80896K, used 2912K [0x00000000d5580000, 0x00000000daa80000, 0x0000000100000000)
  eden space 74752K, 0% used [0x00000000d5580000,0x00000000d5580000,0x00000000d9e80000)
  from space 6144K, 47% used [0x00000000d9e80000,0x00000000da158000,0x00000000da480000)
  to   space 6144K, 0% used [0x00000000da480000,0x00000000da480000,0x00000000daa80000)
 ParOldGen       total 215040K, used 118509K [0x0000000080000000, 0x000000008d200000, 0x00000000d5580000)
  object space 215040K, 55% used [0x0000000080000000,0x00000000873bb448,0x000000008d200000)
 Metaspace       used 94865K, capacity 98502K, committed 98560K, reserved 1136640K
  class space    used 11450K, capacity 12029K, committed 12032K, reserved 1048576K
}
{Heap before GC invocations=339 (full 3):
 PSYoungGen      total 80896K, used 77664K [0x00000000d5580000, 0x00000000daa80000, 0x0000000100000000)
  eden space 74752K, 100% used [0x00000000d5580000,0x00000000d9e80000,0x00000000d9e80000)
  from space 6144K, 47% used [0x00000000d9e80000,0x00000000da158000,0x00000000da480000)
  to   space 6144K, 0% used [0x00000000da480000,0x00000000da480000,0x00000000daa80000)
 ParOldGen       total 215040K, used 118509K [0x0000000080000000, 0x000000008d200000, 0x00000000d5580000)
  object space 215040K, 55% used [0x0000000080000000,0x00000000873bb448,0x000000008d200000)
 Metaspace       used 94865K, capacity 98502K, committed 98560K, reserved 1136640K
  class space    used 11450K, capacity 12029K, committed 12032K, reserved 1048576K
2023-04-11T18:55:05.169+0600: 1618977.252: [GC (Allocation Failure) [PSYoungGen: 77664K->3617K(81408K)] 196173K->122126K(296448K), 0.0144092 secs] [Times: user=0.02 sys=0.01, real=0.02 secs] 
Heap after GC invocations=339 (full 3):
 PSYoungGen      total 81408K, used 3617K [0x00000000d5580000, 0x00000000daa80000, 0x0000000100000000)
  eden space 75264K, 0% used [0x00000000d5580000,0x00000000d5580000,0x00000000d9f00000)
  from space 6144K, 58% used [0x00000000da480000,0x00000000da8084a0,0x00000000daa80000)
  to   space 5632K, 0% used [0x00000000d9f00000,0x00000000d9f00000,0x00000000da480000)
 ParOldGen       total 215040K, used 118509K [0x0000000080000000, 0x000000008d200000, 0x00000000d5580000)
  object space 215040K, 55% used [0x0000000080000000,0x00000000873bb448,0x000000008d200000)
 Metaspace       used 94865K, capacity 98502K, committed 98560K, reserved 1136640K
  class space    used 11450K, capacity 12029K, committed 12032K, reserved 1048576K
}
{Heap before GC invocations=340 (full 3):
 PSYoungGen      total 81408K, used 78881K [0x00000000d5580000, 0x00000000daa80000, 0x0000000100000000)
  eden space 75264K, 100% used [0x00000000d5580000,0x00000000d9f00000,0x00000000d9f00000)
  from space 6144K, 58% used [0x00000000da480000,0x00000000da8084a0,0x00000000daa80000)
  to   space 5632K, 0% used [0x00000000d9f00000,0x00000000d9f00000,0x00000000da480000)
 ParOldGen       total 215040K, used 118509K [0x0000000080000000, 0x000000008d200000, 0x00000000d5580000)
  object space 215040K, 55% used [0x0000000080000000,0x00000000873bb448,0x000000008d200000)
 Metaspace       used 94865K, capacity 98502K, committed 98560K, reserved 1136640K
  class space    used 11450K, capacity 12029K, committed 12032K, reserved 1048576K
2023-04-11T20:00:58.024+0600: 1622930.107: [GC (Allocation Failure) [PSYoungGen: 78881K->3136K(80896K)] 197390K->121645K(295936K), 0.0182999 secs] [Times: user=0.03 sys=0.00, real=0.02 secs] 
Heap after GC invocations=340 (full 3):
 PSYoungGen      total 80896K, used 3136K [0x00000000d5580000, 0x00000000daa80000, 0x0000000100000000)
  eden space 75264K, 0% used [0x00000000d5580000,0x00000000d5580000,0x00000000d9f00000)
  from space 5632K, 55% used [0x00000000d9f00000,0x00000000da210010,0x00000000da480000)
  to   space 5632K, 0% used [0x00000000da500000,0x00000000da500000,0x00000000daa80000)
 ParOldGen       total 215040K, used 118509K [0x0000000080000000, 0x000000008d200000, 0x00000000d5580000)
  object space 215040K, 55% used [0x0000000080000000,0x00000000873bb448,0x000000008d200000)
 Metaspace       used 94865K, capacity 98502K, committed 98560K, reserved 1136640K
  class space    used 11450K, capacity 12029K, committed 12032K, reserved 1048576K
}
{Heap before GC invocations=341 (full 3):
 PSYoungGen      total 80896K, used 78400K [0x00000000d5580000, 0x00000000daa80000, 0x0000000100000000)
  eden space 75264K, 100% used [0x00000000d5580000,0x00000000d9f00000,0x00000000d9f00000)
  from space 5632K, 55% used [0x00000000d9f00000,0x00000000da210010,0x00000000da480000)
  to   space 5632K, 0% used [0x00000000da500000,0x00000000da500000,0x00000000daa80000)
 ParOldGen       total 215040K, used 118509K [0x0000000080000000, 0x000000008d200000, 0x00000000d5580000)
  object space 215040K, 55% used [0x0000000080000000,0x00000000873bb448,0x000000008d200000)
 Metaspace       used 94868K, capacity 98502K, committed 98560K, reserved 1136640K
  class space    used 11450K, capacity 12029K, committed 12032K, reserved 1048576K
2023-04-11T20:57:49.960+0600: 1626342.043: [GC (Allocation Failure) [PSYoungGen: 78400K->3731K(81408K)] 196909K->122248K(296448K), 0.0171804 secs] [Times: user=0.03 sys=0.00, real=0.01 secs] 
Heap after GC invocations=341 (full 3):
 PSYoungGen      total 81408K, used 3731K [0x00000000d5580000, 0x00000000daa80000, 0x0000000100000000)
  eden space 75776K, 0% used [0x00000000d5580000,0x00000000d5580000,0x00000000d9f80000)
  from space 5632K, 66% used [0x00000000da500000,0x00000000da8a4f50,0x00000000daa80000)
  to   space 5632K, 0% used [0x00000000d9f80000,0x00000000d9f80000,0x00000000da500000)
 ParOldGen       total 215040K, used 118517K [0x0000000080000000, 0x000000008d200000, 0x00000000d5580000)
  object space 215040K, 55% used [0x0000000080000000,0x00000000873bd448,0x000000008d200000)
 Metaspace       used 94868K, capacity 98502K, committed 98560K, reserved 1136640K
  class space    used 11450K, capacity 12029K, committed 12032K, reserved 1048576K
}
{Heap before GC invocations=342 (full 3):
 PSYoungGen      total 81408K, used 79507K [0x00000000d5580000, 0x00000000daa80000, 0x0000000100000000)
  eden space 75776K, 100% used [0x00000000d5580000,0x00000000d9f80000,0x00000000d9f80000)
  from space 5632K, 66% used [0x00000000da500000,0x00000000da8a4f50,0x00000000daa80000)
  to   space 5632K, 0% used [0x00000000d9f80000,0x00000000d9f80000,0x00000000da500000)
 ParOldGen       total 215040K, used 118517K [0x0000000080000000, 0x000000008d200000, 0x00000000d5580000)
  object space 215040K, 55% used [0x0000000080000000,0x00000000873bd448,0x000000008d200000)
 Metaspace       used 94869K, capacity 98502K, committed 98560K, reserved 1136640K
  class space    used 11450K, capacity 12029K, committed 12032K, reserved 1048576K
2023-04-11T21:47:31.996+0600: 1629324.079: [GC (Allocation Failure) [PSYoungGen: 79507K->5395K(81408K)] 198024K->123912K(296448K), 0.0162523 secs] [Times: user=0.01 sys=0.02, real=0.02 secs] 
Heap after GC invocations=342 (full 3):
 PSYoungGen      total 81408K, used 5395K [0x00000000d5580000, 0x00000000daa80000, 0x0000000100000000)
  eden space 75776K, 0% used [0x00000000d5580000,0x00000000d5580000,0x00000000d9f80000)
  from space 5632K, 95% used [0x00000000d9f80000,0x00000000da4c4de0,0x00000000da500000)
  to   space 5632K, 0% used [0x00000000da500000,0x00000000da500000,0x00000000daa80000)
 ParOldGen       total 215040K, used 118517K [0x0000000080000000, 0x000000008d200000, 0x00000000d5580000)
  object space 215040K, 55% used [0x0000000080000000,0x00000000873bd448,0x000000008d200000)
 Metaspace       used 94869K, capacity 98502K, committed 98560K, reserved 1136640K
  class space    used 11450K, capacity 12029K, committed 12032K, reserved 1048576K
}
{Heap before GC invocations=343 (full 3):
 PSYoungGen      total 81408K, used 81171K [0x00000000d5580000, 0x00000000daa80000, 0x0000000100000000)
  eden space 75776K, 100% used [0x00000000d5580000,0x00000000d9f80000,0x00000000d9f80000)
  from space 5632K, 95% used [0x00000000d9f80000,0x00000000da4c4de0,0x00000000da500000)
  to   space 5632K, 0% used [0x00000000da500000,0x00000000da500000,0x00000000daa80000)
 ParOldGen       total 215040K, used 118517K [0x0000000080000000, 0x000000008d200000, 0x00000000d5580000)
  object space 215040K, 55% used [0x0000000080000000,0x00000000873bd448,0x000000008d200000)
 Metaspace       used 94869K, capacity 98502K, committed 98560K, reserved 1136640K
  class space    used 11450K, capacity 12029K, committed 12032K, reserved 1048576K
2023-04-11T22:55:22.736+0600: 1633394.819: [GC (Allocation Failure) [PSYoungGen: 81171K->3168K(80384K)] 199688K->121701K(295424K), 0.0141864 secs] [Times: user=0.02 sys=0.00, real=0.02 secs] 
Heap after GC invocations=343 (full 3):
 PSYoungGen      total 80384K, used 3168K [0x00000000d5580000, 0x00000000daa80000, 0x0000000100000000)
  eden space 74752K, 0% used [0x00000000d5580000,0x00000000d5580000,0x00000000d9e80000)
  from space 5632K, 56% used [0x00000000da500000,0x00000000da818000,0x00000000daa80000)
  to   space 6144K, 0% used [0x00000000d9e80000,0x00000000d9e80000,0x00000000da480000)
 ParOldGen       total 215040K, used 118533K [0x0000000080000000, 0x000000008d200000, 0x00000000d5580000)
  object space 215040K, 55% used [0x0000000080000000,0x00000000873c1448,0x000000008d200000)
 Metaspace       used 94869K, capacity 98502K, committed 98560K, reserved 1136640K
  class space    used 11450K, capacity 12029K, committed 12032K, reserved 1048576K
}
{Heap before GC invocations=344 (full 3):
 PSYoungGen      total 80384K, used 77919K [0x00000000d5580000, 0x00000000daa80000, 0x0000000100000000)
  eden space 74752K, 99% used [0x00000000d5580000,0x00000000d9e7ffd8,0x00000000d9e80000)
  from space 5632K, 56% used [0x00000000da500000,0x00000000da818000,0x00000000daa80000)
  to   space 6144K, 0% used [0x00000000d9e80000,0x00000000d9e80000,0x00000000da480000)
 ParOldGen       total 215040K, used 118533K [0x0000000080000000, 0x000000008d200000, 0x00000000d5580000)
  object space 215040K, 55% used [0x0000000080000000,0x00000000873c1448,0x000000008d200000)
 Metaspace       used 94870K, capacity 98502K, committed 98560K, reserved 1136640K
  class space    used 11450K, capacity 12029K, committed 12032K, reserved 1048576K
2023-04-11T23:51:12.733+0600: 1636744.816: [GC (Allocation Failure) [PSYoungGen: 77919K->4705K(80896K)] 196453K->123238K(295936K), 0.0111875 secs] [Times: user=0.02 sys=0.00, real=0.01 secs] 
Heap after GC invocations=344 (full 3):
 PSYoungGen      total 80896K, used 4705K [0x00000000d5580000, 0x00000000daa80000, 0x0000000100000000)
  eden space 74752K, 0% used [0x00000000d5580000,0x00000000d5580000,0x00000000d9e80000)
  from space 6144K, 76% used [0x00000000d9e80000,0x00000000da318720,0x00000000da480000)
  to   space 6144K, 0% used [0x00000000da480000,0x00000000da480000,0x00000000daa80000)
 ParOldGen       total 215040K, used 118533K [0x0000000080000000, 0x000000008d200000, 0x00000000d5580000)
  object space 215040K, 55% used [0x0000000080000000,0x00000000873c1448,0x000000008d200000)
 Metaspace       used 94870K, capacity 98502K, committed 98560K, reserved 1136640K
  class space    used 11450K, capacity 12029K, committed 12032K, reserved 1048576K
}
{Heap before GC invocations=345 (full 3):
 PSYoungGen      total 80896K, used 79457K [0x00000000d5580000, 0x00000000daa80000, 0x0000000100000000)
  eden space 74752K, 100% used [0x00000000d5580000,0x00000000d9e80000,0x00000000d9e80000)
  from space 6144K, 76% used [0x00000000d9e80000,0x00000000da318720,0x00000000da480000)
  to   space 6144K, 0% used [0x00000000da480000,0x00000000da480000,0x00000000daa80000)
 ParOldGen       total 215040K, used 118533K [0x0000000080000000, 0x000000008d200000, 0x00000000d5580000)
  object space 215040K, 55% used [0x0000000080000000,0x00000000873c1448,0x000000008d200000)
 Metaspace       used 94870K, capacity 98502K, committed 98560K, reserved 1136640K
  class space    used 11450K, capacity 12029K, committed 12032K, reserved 1048576K
2023-04-12T00:51:47.493+0600: 1640379.576: [GC (Allocation Failure) [PSYoungGen: 79457K->4160K(80896K)] 197990K->122749K(295936K), 0.0176572 secs] [Times: user=0.02 sys=0.00, real=0.02 secs] 
Heap after GC invocations=345 (full 3):
 PSYoungGen      total 80896K, used 4160K [0x00000000d5580000, 0x00000000daa80000, 0x0000000100000000)
  eden space 74752K, 0% used [0x00000000d5580000,0x00000000d5580000,0x00000000d9e80000)
  from space 6144K, 67% used [0x00000000da480000,0x00000000da890040,0x00000000daa80000)
  to   space 6144K, 0% used [0x00000000d9e80000,0x00000000d9e80000,0x00000000da480000)
 ParOldGen       total 215040K, used 118589K [0x0000000080000000, 0x000000008d200000, 0x00000000d5580000)
  object space 215040K, 55% used [0x0000000080000000,0x00000000873cf448,0x000000008d200000)
 Metaspace       used 94870K, capacity 98502K, committed 98560K, reserved 1136640K
  class space    used 11450K, capacity 12029K, committed 12032K, reserved 1048576K
}
{Heap before GC invocations=346 (full 3):
 PSYoungGen      total 80896K, used 78912K [0x00000000d5580000, 0x00000000daa80000, 0x0000000100000000)
  eden space 74752K, 100% used [0x00000000d5580000,0x00000000d9e80000,0x00000000d9e80000)
  from space 6144K, 67% used [0x00000000da480000,0x00000000da890040,0x00000000daa80000)
  to   space 6144K, 0% used [0x00000000d9e80000,0x00000000d9e80000,0x00000000da480000)
 ParOldGen       total 215040K, used 118589K [0x0000000080000000, 0x000000008d200000, 0x00000000d5580000)
  object space 215040K, 55% used [0x0000000080000000,0x00000000873cf448,0x000000008d200000)
 Metaspace       used 94870K, capacity 98502K, committed 98560K, reserved 1136640K
  class space    used 11450K, capacity 12029K, committed 12032K, reserved 1048576K
2023-04-12T01:58:59.429+0600: 1644411.512: [GC (Allocation Failure) [PSYoungGen: 78912K->3168K(80896K)] 197501K->121781K(295936K), 0.0169929 secs] [Times: user=0.03 sys=0.00, real=0.01 secs] 
Heap after GC invocations=346 (full 3):
 PSYoungGen      total 80896K, used 3168K [0x00000000d5580000, 0x00000000daa80000, 0x0000000100000000)
  eden space 74752K, 0% used [0x00000000d5580000,0x00000000d5580000,0x00000000d9e80000)
  from space 6144K, 51% used [0x00000000d9e80000,0x00000000da198000,0x00000000da480000)
  to   space 6144K, 0% used [0x00000000da480000,0x00000000da480000,0x00000000daa80000)
 ParOldGen       total 215040K, used 118613K [0x0000000080000000, 0x000000008d200000, 0x00000000d5580000)
  object space 215040K, 55% used [0x0000000080000000,0x00000000873d5448,0x000000008d200000)
 Metaspace       used 94870K, capacity 98502K, committed 98560K, reserved 1136640K
  class space    used 11450K, capacity 12029K, committed 12032K, reserved 1048576K
}
{Heap before GC invocations=347 (full 3):
 PSYoungGen      total 80896K, used 77920K [0x00000000d5580000, 0x00000000daa80000, 0x0000000100000000)
  eden space 74752K, 100% used [0x00000000d5580000,0x00000000d9e80000,0x00000000d9e80000)
  from space 6144K, 51% used [0x00000000d9e80000,0x00000000da198000,0x00000000da480000)
  to   space 6144K, 0% used [0x00000000da480000,0x00000000da480000,0x00000000daa80000)
 ParOldGen       total 215040K, used 118613K [0x0000000080000000, 0x000000008d200000, 0x00000000d5580000)
  object space 215040K, 55% used [0x0000000080000000,0x00000000873d5448,0x000000008d200000)
 Metaspace       used 94870K, capacity 98502K, committed 98560K, reserved 1136640K
  class space    used 11450K, capacity 12029K, committed 12032K, reserved 1048576K
2023-04-12T03:07:56.816+0600: 1648548.899: [GC (Allocation Failure) [PSYoungGen: 77920K->3136K(80896K)] 196533K->121826K(295936K), 0.0129655 secs] [Times: user=0.03 sys=0.00, real=0.01 secs] 
Heap after GC invocations=347 (full 3):
 PSYoungGen      total 80896K, used 3136K [0x00000000d5580000, 0x00000000daa80000, 0x0000000100000000)
  eden space 74752K, 0% used [0x00000000d5580000,0x00000000d5580000,0x00000000d9e80000)
  from space 6144K, 51% used [0x00000000da480000,0x00000000da790000,0x00000000daa80000)
  to   space 6144K, 0% used [0x00000000d9e80000,0x00000000d9e80000,0x00000000da480000)
 ParOldGen       total 215040K, used 118690K [0x0000000080000000, 0x000000008d200000, 0x00000000d5580000)
  object space 215040K, 55% used [0x0000000080000000,0x00000000873e8808,0x000000008d200000)
 Metaspace       used 94870K, capacity 98502K, committed 98560K, reserved 1136640K
  class space    used 11450K, capacity 12029K, committed 12032K, reserved 1048576K
}
{Heap before GC invocations=348 (full 3):
 PSYoungGen      total 80896K, used 77888K [0x00000000d5580000, 0x00000000daa80000, 0x0000000100000000)
  eden space 74752K, 100% used [0x00000000d5580000,0x00000000d9e80000,0x00000000d9e80000)
  from space 6144K, 51% used [0x00000000da480000,0x00000000da790000,0x00000000daa80000)
  to   space 6144K, 0% used [0x00000000d9e80000,0x00000000d9e80000,0x00000000da480000)
 ParOldGen       total 215040K, used 118690K [0x0000000080000000, 0x000000008d200000, 0x00000000d5580000)
  object space 215040K, 55% used [0x0000000080000000,0x00000000873e8808,0x000000008d200000)
 Metaspace       used 94870K, capacity 98502K, committed 98560K, reserved 1136640K
  class space    used 11450K, capacity 12029K, committed 12032K, reserved 1048576K
2023-04-12T04:16:12.579+0600: 1652644.662: [GC (Allocation Failure) [PSYoungGen: 77888K->2944K(80896K)] 196578K->121827K(295936K), 0.0134370 secs] [Times: user=0.02 sys=0.00, real=0.02 secs] 
Heap after GC invocations=348 (full 3):
 PSYoungGen      total 80896K, used 2944K [0x00000000d5580000, 0x00000000daa80000, 0x0000000100000000)
  eden space 74752K, 0% used [0x00000000d5580000,0x00000000d5580000,0x00000000d9e80000)
  from space 6144K, 47% used [0x00000000d9e80000,0x00000000da160000,0x00000000da480000)
  to   space 5632K, 0% used [0x00000000da500000,0x00000000da500000,0x00000000daa80000)
 ParOldGen       total 215040K, used 118883K [0x0000000080000000, 0x000000008d200000, 0x00000000d5580000)
  object space 215040K, 55% used [0x0000000080000000,0x0000000087418f58,0x000000008d200000)
 Metaspace       used 94870K, capacity 98502K, committed 98560K, reserved 1136640K
  class space    used 11450K, capacity 12029K, committed 12032K, reserved 1048576K
}
{Heap before GC invocations=349 (full 3):
 PSYoungGen      total 80896K, used 77696K [0x00000000d5580000, 0x00000000daa80000, 0x0000000100000000)
  eden space 74752K, 100% used [0x00000000d5580000,0x00000000d9e80000,0x00000000d9e80000)
  from space 6144K, 47% used [0x00000000d9e80000,0x00000000da160000,0x00000000da480000)
  to   space 5632K, 0% used [0x00000000da500000,0x00000000da500000,0x00000000daa80000)
 ParOldGen       total 215040K, used 118883K [0x0000000080000000, 0x000000008d200000, 0x00000000d5580000)
  object space 215040K, 55% used [0x0000000080000000,0x0000000087418f58,0x000000008d200000)
 Metaspace       used 94870K, capacity 98502K, committed 98560K, reserved 1136640K
  class space    used 11450K, capacity 12029K, committed 12032K, reserved 1048576K
2023-04-12T05:24:22.366+0600: 1656734.449: [GC (Allocation Failure) [PSYoungGen: 77696K->2848K(81408K)] 196579K->121827K(296448K), 0.0166549 secs] [Times: user=0.03 sys=0.00, real=0.02 secs] 
Heap after GC invocations=349 (full 3):
 PSYoungGen      total 81408K, used 2848K [0x00000000d5580000, 0x00000000daa80000, 0x0000000100000000)
  eden space 75776K, 0% used [0x00000000d5580000,0x00000000d5580000,0x00000000d9f80000)
  from space 5632K, 50% used [0x00000000da500000,0x00000000da7c8000,0x00000000daa80000)
  to   space 5632K, 0% used [0x00000000d9f80000,0x00000000d9f80000,0x00000000da500000)
 ParOldGen       total 215040K, used 118979K [0x0000000080000000, 0x000000008d200000, 0x00000000d5580000)
  object space 215040K, 55% used [0x0000000080000000,0x0000000087430f58,0x000000008d200000)
 Metaspace       used 94870K, capacity 98502K, committed 98560K, reserved 1136640K
  class space    used 11450K, capacity 12029K, committed 12032K, reserved 1048576K
}
{Heap before GC invocations=350 (full 3):
 PSYoungGen      total 81408K, used 78624K [0x00000000d5580000, 0x00000000daa80000, 0x0000000100000000)
  eden space 75776K, 100% used [0x00000000d5580000,0x00000000d9f80000,0x00000000d9f80000)
  from space 5632K, 50% used [0x00000000da500000,0x00000000da7c8000,0x00000000daa80000)
  to   space 5632K, 0% used [0x00000000d9f80000,0x00000000d9f80000,0x00000000da500000)
 ParOldGen       total 215040K, used 118979K [0x0000000080000000, 0x000000008d200000, 0x00000000d5580000)
  object space 215040K, 55% used [0x0000000080000000,0x0000000087430f58,0x000000008d200000)
 Metaspace       used 94870K, capacity 98502K, committed 98560K, reserved 1136640K
  class space    used 11450K, capacity 12029K, committed 12032K, reserved 1048576K
2023-04-12T06:32:32.709+0600: 1660824.791: [GC (Allocation Failure) [PSYoungGen: 78624K->2816K(81408K)] 197603K->121859K(296448K), 0.0160850 secs] [Times: user=0.02 sys=0.00, real=0.02 secs] 
Heap after GC invocations=350 (full 3):
 PSYoungGen      total 81408K, used 2816K [0x00000000d5580000, 0x00000000daa80000, 0x0000000100000000)
  eden space 75776K, 0% used [0x00000000d5580000,0x00000000d5580000,0x00000000d9f80000)
  from space 5632K, 50% used [0x00000000d9f80000,0x00000000da240000,0x00000000da500000)
  to   space 5632K, 0% used [0x00000000da500000,0x00000000da500000,0x00000000daa80000)
 ParOldGen       total 215040K, used 119043K [0x0000000080000000, 0x000000008d200000, 0x00000000d5580000)
  object space 215040K, 55% used [0x0000000080000000,0x0000000087440f58,0x000000008d200000)
 Metaspace       used 94870K, capacity 98502K, committed 98560K, reserved 1136640K
  class space    used 11450K, capacity 12029K, committed 12032K, reserved 1048576K
}
{Heap before GC invocations=351 (full 3):
 PSYoungGen      total 81408K, used 78592K [0x00000000d5580000, 0x00000000daa80000, 0x0000000100000000)
  eden space 75776K, 100% used [0x00000000d5580000,0x00000000d9f80000,0x00000000d9f80000)
  from space 5632K, 50% used [0x00000000d9f80000,0x00000000da240000,0x00000000da500000)
  to   space 5632K, 0% used [0x00000000da500000,0x00000000da500000,0x00000000daa80000)
 ParOldGen       total 215040K, used 119043K [0x0000000080000000, 0x000000008d200000, 0x00000000d5580000)
  object space 215040K, 55% used [0x0000000080000000,0x0000000087440f58,0x000000008d200000)
 Metaspace       used 94870K, capacity 98502K, committed 98560K, reserved 1136640K
  class space    used 11450K, capacity 12029K, committed 12032K, reserved 1048576K
2023-04-12T07:43:14.126+0600: 1665066.209: [GC (Allocation Failure) [PSYoungGen: 78592K->2784K(81408K)] 197635K->121843K(296448K), 0.0162844 secs] [Times: user=0.01 sys=0.02, real=0.02 secs] 
Heap after GC invocations=351 (full 3):
 PSYoungGen      total 81408K, used 2784K [0x00000000d5580000, 0x00000000daa80000, 0x0000000100000000)
  eden space 75776K, 0% used [0x00000000d5580000,0x00000000d5580000,0x00000000d9f80000)
  from space 5632K, 49% used [0x00000000da500000,0x00000000da7b8000,0x00000000daa80000)
  to   space 5632K, 0% used [0x00000000d9f80000,0x00000000d9f80000,0x00000000da500000)
 ParOldGen       total 215040K, used 119059K [0x0000000080000000, 0x000000008d200000, 0x00000000d5580000)
  object space 215040K, 55% used [0x0000000080000000,0x0000000087444f58,0x000000008d200000)
 Metaspace       used 94870K, capacity 98502K, committed 98560K, reserved 1136640K
  class space    used 11450K, capacity 12029K, committed 12032K, reserved 1048576K
}
{Heap before GC invocations=352 (full 3):
 PSYoungGen      total 81408K, used 78560K [0x00000000d5580000, 0x00000000daa80000, 0x0000000100000000)
  eden space 75776K, 100% used [0x00000000d5580000,0x00000000d9f80000,0x00000000d9f80000)
  from space 5632K, 49% used [0x00000000da500000,0x00000000da7b8000,0x00000000daa80000)
  to   space 5632K, 0% used [0x00000000d9f80000,0x00000000d9f80000,0x00000000da500000)
 ParOldGen       total 215040K, used 119059K [0x0000000080000000, 0x000000008d200000, 0x00000000d5580000)
  object space 215040K, 55% used [0x0000000080000000,0x0000000087444f58,0x000000008d200000)
 Metaspace       used 94870K, capacity 98502K, committed 98560K, reserved 1136640K
  class space    used 11450K, capacity 12029K, committed 12032K, reserved 1048576K
2023-04-12T08:53:09.351+0600: 1669261.434: [GC (Allocation Failure) [PSYoungGen: 78560K->2720K(81408K)] 197619K->121835K(296448K), 0.0145021 secs] [Times: user=0.02 sys=0.00, real=0.01 secs] 
Heap after GC invocations=352 (full 3):
 PSYoungGen      total 81408K, used 2720K [0x00000000d5580000, 0x00000000daa80000, 0x0000000100000000)
  eden space 75776K, 0% used [0x00000000d5580000,0x00000000d5580000,0x00000000d9f80000)
  from space 5632K, 48% used [0x00000000d9f80000,0x00000000da228000,0x00000000da500000)
  to   space 5632K, 0% used [0x00000000da500000,0x00000000da500000,0x00000000daa80000)
 ParOldGen       total 215040K, used 119115K [0x0000000080000000, 0x000000008d200000, 0x00000000d5580000)
  object space 215040K, 55% used [0x0000000080000000,0x0000000087452f58,0x000000008d200000)
 Metaspace       used 94870K, capacity 98502K, committed 98560K, reserved 1136640K
  class space    used 11450K, capacity 12029K, committed 12032K, reserved 1048576K
}
{Heap before GC invocations=353 (full 3):
 PSYoungGen      total 81408K, used 47353K [0x00000000d5580000, 0x00000000daa80000, 0x0000000100000000)
  eden space 75776K, 58% used [0x00000000d5580000,0x00000000d81167a0,0x00000000d9f80000)
  from space 5632K, 48% used [0x00000000d9f80000,0x00000000da228000,0x00000000da500000)
  to   space 5632K, 0% used [0x00000000da500000,0x00000000da500000,0x00000000daa80000)
 ParOldGen       total 215040K, used 119115K [0x0000000080000000, 0x000000008d200000, 0x00000000d5580000)
  object space 215040K, 55% used [0x0000000080000000,0x0000000087452f58,0x000000008d200000)
 Metaspace       used 94881K, capacity 98521K, committed 98560K, reserved 1136640K
  class space    used 11452K, capacity 12032K, committed 12032K, reserved 1048576K
2023-04-12T09:24:30.000+0600: 1671142.083: [GC (Metadata GC Threshold) [PSYoungGen: 47353K->3649K(81408K)] 166469K->122764K(296448K), 0.0176625 secs] [Times: user=0.03 sys=0.00, real=0.01 secs] 
Heap after GC invocations=353 (full 3):
 PSYoungGen      total 81408K, used 3649K [0x00000000d5580000, 0x00000000daa80000, 0x0000000100000000)
  eden space 75776K, 0% used [0x00000000d5580000,0x00000000d5580000,0x00000000d9f80000)
  from space 5632K, 64% used [0x00000000da500000,0x00000000da890480,0x00000000daa80000)
  to   space 5632K, 0% used [0x00000000d9f80000,0x00000000d9f80000,0x00000000da500000)
 ParOldGen       total 215040K, used 119115K [0x0000000080000000, 0x000000008d200000, 0x00000000d5580000)
  object space 215040K, 55% used [0x0000000080000000,0x0000000087452f58,0x000000008d200000)
 Metaspace       used 94881K, capacity 98521K, committed 98560K, reserved 1136640K
  class space    used 11452K, capacity 12032K, committed 12032K, reserved 1048576K
}
{Heap before GC invocations=354 (full 4):
 PSYoungGen      total 81408K, used 3649K [0x00000000d5580000, 0x00000000daa80000, 0x0000000100000000)
  eden space 75776K, 0% used [0x00000000d5580000,0x00000000d5580000,0x00000000d9f80000)
  from space 5632K, 64% used [0x00000000da500000,0x00000000da890480,0x00000000daa80000)
  to   space 5632K, 0% used [0x00000000d9f80000,0x00000000d9f80000,0x00000000da500000)
 ParOldGen       total 215040K, used 119115K [0x0000000080000000, 0x000000008d200000, 0x00000000d5580000)
  object space 215040K, 55% used [0x0000000080000000,0x0000000087452f58,0x000000008d200000)
 Metaspace       used 94881K, capacity 98521K, committed 98560K, reserved 1136640K
  class space    used 11452K, capacity 12032K, committed 12032K, reserved 1048576K
2023-04-12T09:24:30.018+0600: 1671142.101: [Full GC (Metadata GC Threshold) [PSYoungGen: 3649K->0K(81408K)] [ParOldGen: 119115K->57958K(316416K)] 122764K->57958K(397824K), [Metaspace: 94881K->93370K(1136640K)], 0.4250150 secs] [Times: user=0.66 sys=0.00, real=0.43 secs] 
Heap after GC invocations=354 (full 4):
 PSYoungGen      total 81408K, used 0K [0x00000000d5580000, 0x00000000daa80000, 0x0000000100000000)
  eden space 75776K, 0% used [0x00000000d5580000,0x00000000d5580000,0x00000000d9f80000)
  from space 5632K, 0% used [0x00000000da500000,0x00000000da500000,0x00000000daa80000)
  to   space 5632K, 0% used [0x00000000d9f80000,0x00000000d9f80000,0x00000000da500000)
 ParOldGen       total 316416K, used 57958K [0x0000000080000000, 0x0000000093500000, 0x00000000d5580000)
  object space 316416K, 18% used [0x0000000080000000,0x0000000083899928,0x0000000093500000)
 Metaspace       used 93370K, capacity 95291K, committed 98560K, reserved 1136640K
  class space    used 11151K, capacity 11489K, committed 12032K, reserved 1048576K
}
{Heap before GC invocations=355 (full 4):
 PSYoungGen      total 81408K, used 75772K [0x00000000d5580000, 0x00000000daa80000, 0x0000000100000000)
  eden space 75776K, 99% used [0x00000000d5580000,0x00000000d9f7f048,0x00000000d9f80000)
  from space 5632K, 0% used [0x00000000da500000,0x00000000da500000,0x00000000daa80000)
  to   space 5632K, 0% used [0x00000000d9f80000,0x00000000d9f80000,0x00000000da500000)
 ParOldGen       total 316416K, used 57958K [0x0000000080000000, 0x0000000093500000, 0x00000000d5580000)
  object space 316416K, 18% used [0x0000000080000000,0x0000000083899928,0x0000000093500000)
 Metaspace       used 93390K, capacity 95339K, committed 98688K, reserved 1136640K
  class space    used 11155K, capacity 11498K, committed 12160K, reserved 1048576K
2023-04-12T10:00:55.420+0600: 1673327.503: [GC (Allocation Failure) [PSYoungGen: 75772K->5333K(81408K)] 133730K->63291K(397824K), 0.0123863 secs] [Times: user=0.03 sys=0.00, real=0.01 secs] 
Heap after GC invocations=355 (full 4):
 PSYoungGen      total 81408K, used 5333K [0x00000000d5580000, 0x00000000dac00000, 0x0000000100000000)
  eden space 75776K, 0% used [0x00000000d5580000,0x00000000d5580000,0x00000000d9f80000)
  from space 5632K, 94% used [0x00000000d9f80000,0x00000000da4b5490,0x00000000da500000)
  to   space 6144K, 0% used [0x00000000da600000,0x00000000da600000,0x00000000dac00000)
 ParOldGen       total 316416K, used 57958K [0x0000000080000000, 0x0000000093500000, 0x00000000d5580000)
  object space 316416K, 18% used [0x0000000080000000,0x0000000083899928,0x0000000093500000)
 Metaspace       used 93390K, capacity 95339K, committed 98688K, reserved 1136640K
  class space    used 11155K, capacity 11498K, committed 12160K, reserved 1048576K
}
{Heap before GC invocations=356 (full 4):
 PSYoungGen      total 81408K, used 81109K [0x00000000d5580000, 0x00000000dac00000, 0x0000000100000000)
  eden space 75776K, 100% used [0x00000000d5580000,0x00000000d9f80000,0x00000000d9f80000)
  from space 5632K, 94% used [0x00000000d9f80000,0x00000000da4b5490,0x00000000da500000)
  to   space 6144K, 0% used [0x00000000da600000,0x00000000da600000,0x00000000dac00000)
 ParOldGen       total 316416K, used 57958K [0x0000000080000000, 0x0000000093500000, 0x00000000d5580000)
  object space 316416K, 18% used [0x0000000080000000,0x0000000083899928,0x0000000093500000)
 Metaspace       used 93408K, capacity 95369K, committed 98688K, reserved 1136640K
  class space    used 11158K, capacity 11503K, committed 12160K, reserved 1048576K
2023-04-12T10:30:34.373+0600: 1675106.455: [GC (Allocation Failure) [PSYoungGen: 81109K->6133K(81408K)] 139067K->65001K(397824K), 0.0197341 secs] [Times: user=0.03 sys=0.00, real=0.02 secs] 
Heap after GC invocations=356 (full 4):
 PSYoungGen      total 81408K, used 6133K [0x00000000d5580000, 0x00000000dae00000, 0x0000000100000000)
  eden space 75264K, 0% used [0x00000000d5580000,0x00000000d5580000,0x00000000d9f00000)
  from space 6144K, 99% used [0x00000000da600000,0x00000000dabfd500,0x00000000dac00000)
  to   space 7168K, 0% used [0x00000000d9f00000,0x00000000d9f00000,0x00000000da600000)
 ParOldGen       total 316416K, used 58867K [0x0000000080000000, 0x0000000093500000, 0x00000000d5580000)
  object space 316416K, 18% used [0x0000000080000000,0x000000008397cfb8,0x0000000093500000)
 Metaspace       used 93408K, capacity 95369K, committed 98688K, reserved 1136640K
  class space    used 11158K, capacity 11503K, committed 12160K, reserved 1048576K
}
{Heap before GC invocations=357 (full 4):
 PSYoungGen      total 81408K, used 81397K [0x00000000d5580000, 0x00000000dae00000, 0x0000000100000000)
  eden space 75264K, 100% used [0x00000000d5580000,0x00000000d9f00000,0x00000000d9f00000)
  from space 6144K, 99% used [0x00000000da600000,0x00000000dabfd500,0x00000000dac00000)
  to   space 7168K, 0% used [0x00000000d9f00000,0x00000000d9f00000,0x00000000da600000)
 ParOldGen       total 316416K, used 58867K [0x0000000080000000, 0x0000000093500000, 0x00000000d5580000)
  object space 316416K, 18% used [0x0000000080000000,0x000000008397cfb8,0x0000000093500000)
 Metaspace       used 93411K, capacity 95375K, committed 98688K, reserved 1136640K
  class space    used 11159K, capacity 11504K, committed 12160K, reserved 1048576K
2023-04-12T11:14:27.634+0600: 1677739.717: [GC (Allocation Failure) [PSYoungGen: 81397K->7157K(82432K)] 140265K->66440K(398848K), 0.0178944 secs] [Times: user=0.03 sys=0.00, real=0.02 secs] 
Heap after GC invocations=357 (full 4):
 PSYoungGen      total 82432K, used 7157K [0x00000000d5580000, 0x00000000daf80000, 0x0000000100000000)
  eden space 75264K, 0% used [0x00000000d5580000,0x00000000d5580000,0x00000000d9f00000)
  from space 7168K, 99% used [0x00000000d9f00000,0x00000000da5fd700,0x00000000da600000)
  to   space 8192K, 0% used [0x00000000da780000,0x00000000da780000,0x00000000daf80000)
 ParOldGen       total 316416K, used 59282K [0x0000000080000000, 0x0000000093500000, 0x00000000d5580000)
  object space 316416K, 18% used [0x0000000080000000,0x00000000839e4aa0,0x0000000093500000)
 Metaspace       used 93411K, capacity 95375K, committed 98688K, reserved 1136640K
  class space    used 11159K, capacity 11504K, committed 12160K, reserved 1048576K
}
{Heap before GC invocations=358 (full 4):
 PSYoungGen      total 82432K, used 82421K [0x00000000d5580000, 0x00000000daf80000, 0x0000000100000000)
  eden space 75264K, 100% used [0x00000000d5580000,0x00000000d9f00000,0x00000000d9f00000)
  from space 7168K, 99% used [0x00000000d9f00000,0x00000000da5fd700,0x00000000da600000)
  to   space 8192K, 0% used [0x00000000da780000,0x00000000da780000,0x00000000daf80000)
 ParOldGen       total 316416K, used 59282K [0x0000000080000000, 0x0000000093500000, 0x00000000d5580000)
  object space 316416K, 18% used [0x0000000080000000,0x00000000839e4aa0,0x0000000093500000)
 Metaspace       used 93418K, capacity 95439K, committed 98944K, reserved 1136640K
  class space    used 11159K, capacity 11504K, committed 12160K, reserved 1048576K
2023-04-12T11:50:48.130+0600: 1679920.213: [GC (Allocation Failure) [PSYoungGen: 82421K->6150K(83456K)] 141704K->65433K(399872K), 0.0240950 secs] [Times: user=0.04 sys=0.00, real=0.02 secs] 
Heap after GC invocations=358 (full 4):
 PSYoungGen      total 83456K, used 6150K [0x00000000d5580000, 0x00000000db080000, 0x0000000100000000)
  eden space 75264K, 0% used [0x00000000d5580000,0x00000000d5580000,0x00000000d9f00000)
  from space 8192K, 75% used [0x00000000da780000,0x00000000dad81988,0x00000000daf80000)
  to   space 8704K, 0% used [0x00000000d9f00000,0x00000000d9f00000,0x00000000da780000)
 ParOldGen       total 316416K, used 59282K [0x0000000080000000, 0x0000000093500000, 0x00000000d5580000)
  object space 316416K, 18% used [0x0000000080000000,0x00000000839e4aa0,0x0000000093500000)
 Metaspace       used 93418K, capacity 95439K, committed 98944K, reserved 1136640K
  class space    used 11159K, capacity 11504K, committed 12160K, reserved 1048576K
}
{Heap before GC invocations=359 (full 4):
 PSYoungGen      total 83456K, used 81413K [0x00000000d5580000, 0x00000000db080000, 0x0000000100000000)
  eden space 75264K, 99% used [0x00000000d5580000,0x00000000d9effbd0,0x00000000d9f00000)
  from space 8192K, 75% used [0x00000000da780000,0x00000000dad81988,0x00000000daf80000)
  to   space 8704K, 0% used [0x00000000d9f00000,0x00000000d9f00000,0x00000000da780000)
 ParOldGen       total 316416K, used 59282K [0x0000000080000000, 0x0000000093500000, 0x00000000d5580000)
  object space 316416K, 18% used [0x0000000080000000,0x00000000839e4aa0,0x0000000093500000)
 Metaspace       used 93442K, capacity 95445K, committed 98944K, reserved 1136640K
  class space    used 11159K, capacity 11505K, committed 12160K, reserved 1048576K
2023-04-12T12:29:17.843+0600: 1682229.926: [GC (Allocation Failure) [PSYoungGen: 81413K->6826K(83968K)] 140695K->66109K(400384K), 0.0169340 secs] [Times: user=0.02 sys=0.00, real=0.02 secs] 
Heap after GC invocations=359 (full 4):
 PSYoungGen      total 83968K, used 6826K [0x00000000d5580000, 0x00000000db180000, 0x0000000100000000)
  eden space 75264K, 0% used [0x00000000d5580000,0x00000000d5580000,0x00000000d9f00000)
  from space 8704K, 78% used [0x00000000d9f00000,0x00000000da5aab48,0x00000000da780000)
  to   space 9216K, 0% used [0x00000000da880000,0x00000000da880000,0x00000000db180000)
 ParOldGen       total 316416K, used 59282K [0x0000000080000000, 0x0000000093500000, 0x00000000d5580000)
  object space 316416K, 18% used [0x0000000080000000,0x00000000839e4aa0,0x0000000093500000)
 Metaspace       used 93442K, capacity 95445K, committed 98944K, reserved 1136640K
  class space    used 11159K, capacity 11505K, committed 12160K, reserved 1048576K
}
{Heap before GC invocations=360 (full 4):
 PSYoungGen      total 83968K, used 82090K [0x00000000d5580000, 0x00000000db180000, 0x0000000100000000)
  eden space 75264K, 100% used [0x00000000d5580000,0x00000000d9f00000,0x00000000d9f00000)
  from space 8704K, 78% used [0x00000000d9f00000,0x00000000da5aab48,0x00000000da780000)
  to   space 9216K, 0% used [0x00000000da880000,0x00000000da880000,0x00000000db180000)
 ParOldGen       total 316416K, used 59282K [0x0000000080000000, 0x0000000093500000, 0x00000000d5580000)
  object space 316416K, 18% used [0x0000000080000000,0x00000000839e4aa0,0x0000000093500000)
 Metaspace       used 93445K, capacity 95451K, committed 98944K, reserved 1136640K
  class space    used 11160K, capacity 11506K, committed 12160K, reserved 1048576K
2023-04-12T13:20:10.742+0600: 1685282.825: [GC (Allocation Failure) [PSYoungGen: 82090K->6806K(84992K)] 141373K->66089K(401408K), 0.0237565 secs] [Times: user=0.04 sys=0.00, real=0.02 secs] 
Heap after GC invocations=360 (full 4):
 PSYoungGen      total 84992K, used 6806K [0x00000000d5580000, 0x00000000db180000, 0x0000000100000000)
  eden space 75776K, 0% used [0x00000000d5580000,0x00000000d5580000,0x00000000d9f80000)
  from space 9216K, 73% used [0x00000000da880000,0x00000000daf25980,0x00000000db180000)
  to   space 9216K, 0% used [0x00000000d9f80000,0x00000000d9f80000,0x00000000da880000)
 ParOldGen       total 316416K, used 59282K [0x0000000080000000, 0x0000000093500000, 0x00000000d5580000)
  object space 316416K, 18% used [0x0000000080000000,0x00000000839e4aa0,0x0000000093500000)
 Metaspace       used 93445K, capacity 95451K, committed 98944K, reserved 1136640K
  class space    used 11160K, capacity 11506K, committed 12160K, reserved 1048576K
}
{Heap before GC invocations=361 (full 4):
 PSYoungGen      total 84992K, used 82578K [0x00000000d5580000, 0x00000000db180000, 0x0000000100000000)
  eden space 75776K, 99% used [0x00000000d5580000,0x00000000d9f7f208,0x00000000d9f80000)
  from space 9216K, 73% used [0x00000000da880000,0x00000000daf25980,0x00000000db180000)
  to   space 9216K, 0% used [0x00000000d9f80000,0x00000000d9f80000,0x00000000da880000)
 ParOldGen       total 316416K, used 59282K [0x0000000080000000, 0x0000000093500000, 0x00000000d5580000)
  object space 316416K, 18% used [0x0000000080000000,0x00000000839e4aa0,0x0000000093500000)
 Metaspace       used 93446K, capacity 95451K, committed 98944K, reserved 1136640K
  class space    used 11160K, capacity 11506K, committed 12160K, reserved 1048576K
2023-04-12T13:58:04.020+0600: 1687556.103: [GC (Allocation Failure) [PSYoungGen: 82578K->8379K(84992K)] 141861K->67662K(401408K), 0.0152229 secs] [Times: user=0.03 sys=0.00, real=0.01 secs] 
Heap after GC invocations=361 (full 4):
 PSYoungGen      total 84992K, used 8379K [0x00000000d5580000, 0x00000000db400000, 0x0000000100000000)
  eden space 75776K, 0% used [0x00000000d5580000,0x00000000d5580000,0x00000000d9f80000)
  from space 9216K, 90% used [0x00000000d9f80000,0x00000000da7aed70,0x00000000da880000)
  to   space 10240K, 0% used [0x00000000daa00000,0x00000000daa00000,0x00000000db400000)
 ParOldGen       total 316416K, used 59282K [0x0000000080000000, 0x0000000093500000, 0x00000000d5580000)
  object space 316416K, 18% used [0x0000000080000000,0x00000000839e4aa0,0x0000000093500000)
 Metaspace       used 93446K, capacity 95451K, committed 98944K, reserved 1136640K
  class space    used 11160K, capacity 11506K, committed 12160K, reserved 1048576K
}
{Heap before GC invocations=362 (full 4):
 PSYoungGen      total 84992K, used 84155K [0x00000000d5580000, 0x00000000db400000, 0x0000000100000000)
  eden space 75776K, 100% used [0x00000000d5580000,0x00000000d9f80000,0x00000000d9f80000)
  from space 9216K, 90% used [0x00000000d9f80000,0x00000000da7aed70,0x00000000da880000)
  to   space 10240K, 0% used [0x00000000daa00000,0x00000000daa00000,0x00000000db400000)
 ParOldGen       total 316416K, used 59282K [0x0000000080000000, 0x0000000093500000, 0x00000000d5580000)
  object space 316416K, 18% used [0x0000000080000000,0x00000000839e4aa0,0x0000000093500000)
 Metaspace       used 93448K, capacity 95451K, committed 98944K, reserved 1136640K
  class space    used 11160K, capacity 11506K, committed 12160K, reserved 1048576K
2023-04-12T14:34:46.777+0600: 1689758.860: [GC (Allocation Failure) [PSYoungGen: 84155K->7947K(86016K)] 143438K->67230K(402432K), 0.0228059 secs] [Times: user=0.03 sys=0.00, real=0.03 secs] 
Heap after GC invocations=362 (full 4):
 PSYoungGen      total 86016K, used 7947K [0x00000000d5580000, 0x00000000db500000, 0x0000000100000000)
  eden space 75776K, 0% used [0x00000000d5580000,0x00000000d5580000,0x00000000d9f80000)
  from space 10240K, 77% used [0x00000000daa00000,0x00000000db1c2f30,0x00000000db400000)
  to   space 10752K, 0% used [0x00000000d9f80000,0x00000000d9f80000,0x00000000daa00000)
 ParOldGen       total 316416K, used 59282K [0x0000000080000000, 0x0000000093500000, 0x00000000d5580000)
  object space 316416K, 18% used [0x0000000080000000,0x00000000839e4aa0,0x0000000093500000)
 Metaspace       used 93448K, capacity 95451K, committed 98944K, reserved 1136640K
  class space    used 11160K, capacity 11506K, committed 12160K, reserved 1048576K
}
{Heap before GC invocations=363 (full 4):
 PSYoungGen      total 86016K, used 83723K [0x00000000d5580000, 0x00000000db500000, 0x0000000100000000)
  eden space 75776K, 100% used [0x00000000d5580000,0x00000000d9f80000,0x00000000d9f80000)
  from space 10240K, 77% used [0x00000000daa00000,0x00000000db1c2f30,0x00000000db400000)
  to   space 10752K, 0% used [0x00000000d9f80000,0x00000000d9f80000,0x00000000daa00000)
 ParOldGen       total 316416K, used 59282K [0x0000000080000000, 0x0000000093500000, 0x00000000d5580000)
  object space 316416K, 18% used [0x0000000080000000,0x00000000839e4aa0,0x0000000093500000)
 Metaspace       used 93448K, capacity 95451K, committed 98944K, reserved 1136640K
  class space    used 11160K, capacity 11506K, committed 12160K, reserved 1048576K
2023-04-12T15:17:12.140+0600: 1692304.223: [GC (Allocation Failure) [PSYoungGen: 83723K->7607K(86528K)] 143006K->66890K(402944K), 0.0157747 secs] [Times: user=0.03 sys=0.00, real=0.01 secs] 
Heap after GC invocations=363 (full 4):
 PSYoungGen      total 86528K, used 7607K [0x00000000d5580000, 0x00000000db500000, 0x0000000100000000)
  eden space 75776K, 0% used [0x00000000d5580000,0x00000000d5580000,0x00000000d9f80000)
  from space 10752K, 70% used [0x00000000d9f80000,0x00000000da6edfc0,0x00000000daa00000)
  to   space 10752K, 0% used [0x00000000daa80000,0x00000000daa80000,0x00000000db500000)
 ParOldGen       total 316416K, used 59282K [0x0000000080000000, 0x0000000093500000, 0x00000000d5580000)
  object space 316416K, 18% used [0x0000000080000000,0x00000000839e4aa0,0x0000000093500000)
 Metaspace       used 93448K, capacity 95451K, committed 98944K, reserved 1136640K
  class space    used 11160K, capacity 11506K, committed 12160K, reserved 1048576K
}
{Heap before GC invocations=364 (full 4):
 PSYoungGen      total 86528K, used 83383K [0x00000000d5580000, 0x00000000db500000, 0x0000000100000000)
  eden space 75776K, 100% used [0x00000000d5580000,0x00000000d9f80000,0x00000000d9f80000)
  from space 10752K, 70% used [0x00000000d9f80000,0x00000000da6edfc0,0x00000000daa00000)
  to   space 10752K, 0% used [0x00000000daa80000,0x00000000daa80000,0x00000000db500000)
 ParOldGen       total 316416K, used 59282K [0x0000000080000000, 0x0000000093500000, 0x00000000d5580000)
  object space 316416K, 18% used [0x0000000080000000,0x00000000839e4aa0,0x0000000093500000)
 Metaspace       used 93453K, capacity 95451K, committed 98944K, reserved 1136640K
  class space    used 11161K, capacity 11506K, committed 12160K, reserved 1048576K
2023-04-12T15:34:45.115+0600: 1693357.198: [GC (Allocation Failure) [PSYoungGen: 83383K->8357K(86528K)] 142666K->67640K(402944K), 0.0175214 secs] [Times: user=0.03 sys=0.00, real=0.02 secs] 
Heap after GC invocations=364 (full 4):
 PSYoungGen      total 86528K, used 8357K [0x00000000d5580000, 0x00000000db600000, 0x0000000100000000)
  eden space 75776K, 0% used [0x00000000d5580000,0x00000000d5580000,0x00000000d9f80000)
  from space 10752K, 77% used [0x00000000daa80000,0x00000000db2a9588,0x00000000db500000)
  to   space 11264K, 0% used [0x00000000d9f80000,0x00000000d9f80000,0x00000000daa80000)
 ParOldGen       total 316416K, used 59282K [0x0000000080000000, 0x0000000093500000, 0x00000000d5580000)
  object space 316416K, 18% used [0x0000000080000000,0x00000000839e4aa0,0x0000000093500000)
 Metaspace       used 93453K, capacity 95451K, committed 98944K, reserved 1136640K
  class space    used 11161K, capacity 11506K, committed 12160K, reserved 1048576K
}
{Heap before GC invocations=365 (full 4):
 PSYoungGen      total 86528K, used 84130K [0x00000000d5580000, 0x00000000db600000, 0x0000000100000000)
  eden space 75776K, 99% used [0x00000000d5580000,0x00000000d9f7f4f8,0x00000000d9f80000)
  from space 10752K, 77% used [0x00000000daa80000,0x00000000db2a9588,0x00000000db500000)
  to   space 11264K, 0% used [0x00000000d9f80000,0x00000000d9f80000,0x00000000daa80000)
 ParOldGen       total 316416K, used 59282K [0x0000000080000000, 0x0000000093500000, 0x00000000d5580000)
  object space 316416K, 18% used [0x0000000080000000,0x00000000839e4aa0,0x0000000093500000)
 Metaspace       used 93453K, capacity 95451K, committed 98944K, reserved 1136640K
  class space    used 11161K, capacity 11506K, committed 12160K, reserved 1048576K
2023-04-12T15:59:15.379+0600: 1694827.462: [GC (Allocation Failure) [PSYoungGen: 84130K->10032K(87040K)] 143413K->69315K(403456K), 0.0124546 secs] [Times: user=0.02 sys=0.00, real=0.02 secs] 
Heap after GC invocations=365 (full 4):
 PSYoungGen      total 87040K, used 10032K [0x00000000d5580000, 0x00000000db800000, 0x0000000100000000)
  eden space 75776K, 0% used [0x00000000d5580000,0x00000000d5580000,0x00000000d9f80000)
  from space 11264K, 89% used [0x00000000d9f80000,0x00000000da94c1d8,0x00000000daa80000)
  to   space 12288K, 0% used [0x00000000dac00000,0x00000000dac00000,0x00000000db800000)
 ParOldGen       total 316416K, used 59282K [0x0000000080000000, 0x0000000093500000, 0x00000000d5580000)
  object space 316416K, 18% used [0x0000000080000000,0x00000000839e4aa0,0x0000000093500000)
 Metaspace       used 93453K, capacity 95451K, committed 98944K, reserved 1136640K
  class space    used 11161K, capacity 11506K, committed 12160K, reserved 1048576K
}
{Heap before GC invocations=366 (full 4):
 PSYoungGen      total 87040K, used 85808K [0x00000000d5580000, 0x00000000db800000, 0x0000000100000000)
  eden space 75776K, 100% used [0x00000000d5580000,0x00000000d9f80000,0x00000000d9f80000)
  from space 11264K, 89% used [0x00000000d9f80000,0x00000000da94c1d8,0x00000000daa80000)
  to   space 12288K, 0% used [0x00000000dac00000,0x00000000dac00000,0x00000000db800000)
 ParOldGen       total 316416K, used 59282K [0x0000000080000000, 0x0000000093500000, 0x00000000d5580000)
  object space 316416K, 18% used [0x0000000080000000,0x00000000839e4aa0,0x0000000093500000)
 Metaspace       used 93453K, capacity 95451K, committed 98944K, reserved 1136640K
  class space    used 11161K, capacity 11506K, committed 12160K, reserved 1048576K
2023-04-12T16:40:29.991+0600: 1697302.074: [GC (Allocation Failure) [PSYoungGen: 85808K->9701K(87552K)] 145091K->68984K(403968K), 0.0245040 secs] [Times: user=0.04 sys=0.00, real=0.02 secs] 
Heap after GC invocations=366 (full 4):
 PSYoungGen      total 87552K, used 9701K [0x00000000d5580000, 0x00000000dba00000, 0x0000000100000000)
  eden space 75264K, 0% used [0x00000000d5580000,0x00000000d5580000,0x00000000d9f00000)
  from space 12288K, 78% used [0x00000000dac00000,0x00000000db5797b0,0x00000000db800000)
  to   space 13312K, 0% used [0x00000000d9f00000,0x00000000d9f00000,0x00000000dac00000)
 ParOldGen       total 316416K, used 59282K [0x0000000080000000, 0x0000000093500000, 0x00000000d5580000)
  object space 316416K, 18% used [0x0000000080000000,0x00000000839e4aa0,0x0000000093500000)
 Metaspace       used 93453K, capacity 95451K, committed 98944K, reserved 1136640K
  class space    used 11161K, capacity 11506K, committed 12160K, reserved 1048576K
}
{Heap before GC invocations=367 (full 4):
 PSYoungGen      total 87552K, used 84965K [0x00000000d5580000, 0x00000000dba00000, 0x0000000100000000)
  eden space 75264K, 100% used [0x00000000d5580000,0x00000000d9f00000,0x00000000d9f00000)
  from space 12288K, 78% used [0x00000000dac00000,0x00000000db5797b0,0x00000000db800000)
  to   space 13312K, 0% used [0x00000000d9f00000,0x00000000d9f00000,0x00000000dac00000)
 ParOldGen       total 316416K, used 59282K [0x0000000080000000, 0x0000000093500000, 0x00000000d5580000)
  object space 316416K, 18% used [0x0000000080000000,0x00000000839e4aa0,0x0000000093500000)
 Metaspace       used 93457K, capacity 95451K, committed 98944K, reserved 1136640K
  class space    used 11161K, capacity 11506K, committed 12160K, reserved 1048576K
2023-04-12T17:27:38.027+0600: 1700130.110: [GC (Allocation Failure) [PSYoungGen: 84965K->7010K(88576K)] 144248K->66292K(404992K), 0.0164214 secs] [Times: user=0.03 sys=0.00, real=0.02 secs] 
Heap after GC invocations=367 (full 4):
 PSYoungGen      total 88576K, used 7010K [0x00000000d5580000, 0x00000000db880000, 0x0000000100000000)
  eden space 75264K, 0% used [0x00000000d5580000,0x00000000d5580000,0x00000000d9f00000)
  from space 13312K, 52% used [0x00000000d9f00000,0x00000000da5d8840,0x00000000dac00000)
  to   space 12800K, 0% used [0x00000000dac00000,0x00000000dac00000,0x00000000db880000)
 ParOldGen       total 316416K, used 59282K [0x0000000080000000, 0x0000000093500000, 0x00000000d5580000)
  object space 316416K, 18% used [0x0000000080000000,0x00000000839e4aa0,0x0000000093500000)
 Metaspace       used 93457K, capacity 95451K, committed 98944K, reserved 1136640K
  class space    used 11161K, capacity 11506K, committed 12160K, reserved 1048576K
}
{Heap before GC invocations=368 (full 4):
 PSYoungGen      total 88576K, used 82274K [0x00000000d5580000, 0x00000000db880000, 0x0000000100000000)
  eden space 75264K, 100% used [0x00000000d5580000,0x00000000d9f00000,0x00000000d9f00000)
  from space 13312K, 52% used [0x00000000d9f00000,0x00000000da5d8840,0x00000000dac00000)
  to   space 12800K, 0% used [0x00000000dac00000,0x00000000dac00000,0x00000000db880000)
 ParOldGen       total 316416K, used 59282K [0x0000000080000000, 0x0000000093500000, 0x00000000d5580000)
  object space 316416K, 18% used [0x0000000080000000,0x00000000839e4aa0,0x0000000093500000)
 Metaspace       used 93475K, capacity 95511K, committed 98944K, reserved 1136640K
  class space    used 11166K, capacity 11516K, committed 12160K, reserved 1048576K
2023-04-12T18:27:42.447+0600: 1703734.530: [GC (Allocation Failure) [PSYoungGen: 82274K->5569K(87552K)] 141556K->64852K(403968K), 0.0207896 secs] [Times: user=0.04 sys=0.00, real=0.02 secs] 
Heap after GC invocations=368 (full 4):
 PSYoungGen      total 87552K, used 5569K [0x00000000d5580000, 0x00000000db780000, 0x0000000100000000)
  eden space 75776K, 0% used [0x00000000d5580000,0x00000000d5580000,0x00000000d9f80000)
  from space 11776K, 47% used [0x00000000dac00000,0x00000000db1707b0,0x00000000db780000)
  to   space 12288K, 0% used [0x00000000d9f80000,0x00000000d9f80000,0x00000000dab80000)
 ParOldGen       total 316416K, used 59282K [0x0000000080000000, 0x0000000093500000, 0x00000000d5580000)
  object space 316416K, 18% used [0x0000000080000000,0x00000000839e4aa0,0x0000000093500000)
 Metaspace       used 93475K, capacity 95511K, committed 98944K, reserved 1136640K
  class space    used 11166K, capacity 11516K, committed 12160K, reserved 1048576K
}
{Heap before GC invocations=369 (full 4):
 PSYoungGen      total 87552K, used 81345K [0x00000000d5580000, 0x00000000db780000, 0x0000000100000000)
  eden space 75776K, 100% used [0x00000000d5580000,0x00000000d9f80000,0x00000000d9f80000)
  from space 11776K, 47% used [0x00000000dac00000,0x00000000db1707b0,0x00000000db780000)
  to   space 12288K, 0% used [0x00000000d9f80000,0x00000000d9f80000,0x00000000dab80000)
 ParOldGen       total 316416K, used 59282K [0x0000000080000000, 0x0000000093500000, 0x00000000d5580000)
  object space 316416K, 18% used [0x0000000080000000,0x00000000839e4aa0,0x0000000093500000)
 Metaspace       used 93477K, capacity 95511K, committed 98944K, reserved 1136640K
  class space    used 11166K, capacity 11516K, committed 12160K, reserved 1048576K
2023-04-12T19:30:44.092+0600: 1707516.175: [GC (Allocation Failure) [PSYoungGen: 81345K->5217K(88064K)] 140628K->64508K(404480K), 0.0192306 secs] [Times: user=0.04 sys=0.00, real=0.02 secs] 
Heap after GC invocations=369 (full 4):
 PSYoungGen      total 88064K, used 5217K [0x00000000d5580000, 0x00000000db700000, 0x0000000100000000)
  eden space 75776K, 0% used [0x00000000d5580000,0x00000000d5580000,0x00000000d9f80000)
  from space 12288K, 42% used [0x00000000d9f80000,0x00000000da4987a0,0x00000000dab80000)
  to   space 11776K, 0% used [0x00000000dab80000,0x00000000dab80000,0x00000000db700000)
 ParOldGen       total 316416K, used 59290K [0x0000000080000000, 0x0000000093500000, 0x00000000d5580000)
  object space 316416K, 18% used [0x0000000080000000,0x00000000839e6aa0,0x0000000093500000)
 Metaspace       used 93477K, capacity 95511K, committed 98944K, reserved 1136640K
  class space    used 11166K, capacity 11516K, committed 12160K, reserved 1048576K
}
{Heap before GC invocations=370 (full 4):
 PSYoungGen      total 88064K, used 80993K [0x00000000d5580000, 0x00000000db700000, 0x0000000100000000)
  eden space 75776K, 100% used [0x00000000d5580000,0x00000000d9f80000,0x00000000d9f80000)
  from space 12288K, 42% used [0x00000000d9f80000,0x00000000da4987a0,0x00000000dab80000)
  to   space 11776K, 0% used [0x00000000dab80000,0x00000000dab80000,0x00000000db700000)
 ParOldGen       total 316416K, used 59290K [0x0000000080000000, 0x0000000093500000, 0x00000000d5580000)
  object space 316416K, 18% used [0x0000000080000000,0x00000000839e6aa0,0x0000000093500000)
 Metaspace       used 93490K, capacity 95541K, committed 98944K, reserved 1136640K
  class space    used 11169K, capacity 11521K, committed 12160K, reserved 1048576K
2023-04-12T20:30:53.941+0600: 1711126.024: [GC (Allocation Failure) [PSYoungGen: 80993K->4432K(88064K)] 140284K->64288K(404480K), 0.0195800 secs] [Times: user=0.04 sys=0.00, real=0.02 secs] 
Heap after GC invocations=370 (full 4):
 PSYoungGen      total 88064K, used 4432K [0x00000000d5580000, 0x00000000db700000, 0x0000000100000000)
  eden space 76288K, 0% used [0x00000000d5580000,0x00000000d5580000,0x00000000da000000)
  from space 11776K, 37% used [0x00000000dab80000,0x00000000dafd4260,0x00000000db700000)
  to   space 11776K, 0% used [0x00000000da000000,0x00000000da000000,0x00000000dab80000)
 ParOldGen       total 316416K, used 59856K [0x0000000080000000, 0x0000000093500000, 0x00000000d5580000)
  object space 316416K, 18% used [0x0000000080000000,0x0000000083a740a8,0x0000000093500000)
 Metaspace       used 93490K, capacity 95541K, committed 98944K, reserved 1136640K
  class space    used 11169K, capacity 11521K, committed 12160K, reserved 1048576K
}
{Heap before GC invocations=371 (full 4):
 PSYoungGen      total 88064K, used 80720K [0x00000000d5580000, 0x00000000db700000, 0x0000000100000000)
  eden space 76288K, 100% used [0x00000000d5580000,0x00000000da000000,0x00000000da000000)
  from space 11776K, 37% used [0x00000000dab80000,0x00000000dafd4260,0x00000000db700000)
  to   space 11776K, 0% used [0x00000000da000000,0x00000000da000000,0x00000000dab80000)
 ParOldGen       total 316416K, used 59856K [0x0000000080000000, 0x0000000093500000, 0x00000000d5580000)
  object space 316416K, 18% used [0x0000000080000000,0x0000000083a740a8,0x0000000093500000)
 Metaspace       used 93497K, capacity 95541K, committed 98944K, reserved 1136640K
  class space    used 11169K, capacity 11521K, committed 12160K, reserved 1048576K
2023-04-12T21:36:28.143+0600: 1715060.226: [GC (Allocation Failure) [PSYoungGen: 80720K->3632K(88064K)] 140576K->63873K(404480K), 0.0158222 secs] [Times: user=0.03 sys=0.00, real=0.01 secs] 
Heap after GC invocations=371 (full 4):
 PSYoungGen      total 88064K, used 3632K [0x00000000d5580000, 0x00000000db780000, 0x0000000100000000)
  eden space 76288K, 0% used [0x00000000d5580000,0x00000000d5580000,0x00000000da000000)
  from space 11776K, 30% used [0x00000000da000000,0x00000000da38c230,0x00000000dab80000)
  to   space 11776K, 0% used [0x00000000dac00000,0x00000000dac00000,0x00000000db780000)
 ParOldGen       total 316416K, used 60241K [0x0000000080000000, 0x0000000093500000, 0x00000000d5580000)
  object space 316416K, 19% used [0x0000000080000000,0x0000000083ad45b0,0x0000000093500000)
 Metaspace       used 93497K, capacity 95541K, committed 98944K, reserved 1136640K
  class space    used 11169K, capacity 11521K, committed 12160K, reserved 1048576K
}
{Heap before GC invocations=372 (full 4):
 PSYoungGen      total 88064K, used 79920K [0x00000000d5580000, 0x00000000db780000, 0x0000000100000000)
  eden space 76288K, 100% used [0x00000000d5580000,0x00000000da000000,0x00000000da000000)
  from space 11776K, 30% used [0x00000000da000000,0x00000000da38c230,0x00000000dab80000)
  to   space 11776K, 0% used [0x00000000dac00000,0x00000000dac00000,0x00000000db780000)
 ParOldGen       total 316416K, used 60241K [0x0000000080000000, 0x0000000093500000, 0x00000000d5580000)
  object space 316416K, 19% used [0x0000000080000000,0x0000000083ad45b0,0x0000000093500000)
 Metaspace       used 93497K, capacity 95541K, committed 98944K, reserved 1136640K
  class space    used 11169K, capacity 11521K, committed 12160K, reserved 1048576K
2023-04-12T22:43:31.896+0600: 1719083.979: [GC (Allocation Failure) [PSYoungGen: 79920K->3552K(88576K)] 140161K->63880K(404992K), 0.0129830 secs] [Times: user=0.01 sys=0.01, real=0.01 secs] 
Heap after GC invocations=372 (full 4):
 PSYoungGen      total 88576K, used 3552K [0x00000000d5580000, 0x00000000db780000, 0x0000000100000000)
  eden space 76800K, 0% used [0x00000000d5580000,0x00000000d5580000,0x00000000da080000)
  from space 11776K, 30% used [0x00000000dac00000,0x00000000daf78010,0x00000000db780000)
  to   space 11776K, 0% used [0x00000000da080000,0x00000000da080000,0x00000000dac00000)
 ParOldGen       total 316416K, used 60328K [0x0000000080000000, 0x0000000093500000, 0x00000000d5580000)
  object space 316416K, 19% used [0x0000000080000000,0x0000000083aea1a0,0x0000000093500000)
 Metaspace       used 93497K, capacity 95541K, committed 98944K, reserved 1136640K
  class space    used 11169K, capacity 11521K, committed 12160K, reserved 1048576K
}
{Heap before GC invocations=373 (full 4):
 PSYoungGen      total 88576K, used 80348K [0x00000000d5580000, 0x00000000db780000, 0x0000000100000000)
  eden space 76800K, 99% used [0x00000000d5580000,0x00000000da07f198,0x00000000da080000)
  from space 11776K, 30% used [0x00000000dac00000,0x00000000daf78010,0x00000000db780000)
  to   space 11776K, 0% used [0x00000000da080000,0x00000000da080000,0x00000000dac00000)
 ParOldGen       total 316416K, used 60328K [0x0000000080000000, 0x0000000093500000, 0x00000000d5580000)
  object space 316416K, 19% used [0x0000000080000000,0x0000000083aea1a0,0x0000000093500000)
 Metaspace       used 93508K, capacity 95541K, committed 98944K, reserved 1136640K
  class space    used 11169K, capacity 11521K, committed 12160K, reserved 1048576K
2023-04-12T23:26:47.503+0600: 1721679.586: [GC (Allocation Failure) [PSYoungGen: 80348K->6645K(88576K)] 140676K->67085K(404992K), 0.0155395 secs] [Times: user=0.01 sys=0.02, real=0.01 secs] 
Heap after GC invocations=373 (full 4):
 PSYoungGen      total 88576K, used 6645K [0x00000000d5580000, 0x00000000db700000, 0x0000000100000000)
  eden space 76800K, 0% used [0x00000000d5580000,0x00000000d5580000,0x00000000da080000)
  from space 11776K, 56% used [0x00000000da080000,0x00000000da6fd720,0x00000000dac00000)
  to   space 11264K, 0% used [0x00000000dac00000,0x00000000dac00000,0x00000000db700000)
 ParOldGen       total 316416K, used 60440K [0x0000000080000000, 0x0000000093500000, 0x00000000d5580000)
  object space 316416K, 19% used [0x0000000080000000,0x0000000083b06070,0x0000000093500000)
 Metaspace       used 93508K, capacity 95541K, committed 98944K, reserved 1136640K
  class space    used 11169K, capacity 11521K, committed 12160K, reserved 1048576K
}
{Heap before GC invocations=374 (full 4):
 PSYoungGen      total 88576K, used 83445K [0x00000000d5580000, 0x00000000db700000, 0x0000000100000000)
  eden space 76800K, 100% used [0x00000000d5580000,0x00000000da080000,0x00000000da080000)
  from space 11776K, 56% used [0x00000000da080000,0x00000000da6fd720,0x00000000dac00000)
  to   space 11264K, 0% used [0x00000000dac00000,0x00000000dac00000,0x00000000db700000)
 ParOldGen       total 316416K, used 60440K [0x0000000080000000, 0x0000000093500000, 0x00000000d5580000)
  object space 316416K, 19% used [0x0000000080000000,0x0000000083b06070,0x0000000093500000)
 Metaspace       used 93508K, capacity 95541K, committed 98944K, reserved 1136640K
  class space    used 11169K, capacity 11521K, committed 12160K, reserved 1048576K
2023-04-13T00:03:40.542+0600: 1723892.625: [GC (Allocation Failure) [PSYoungGen: 83445K->7335K(88576K)] 143885K->67831K(404992K), 0.0225691 secs] [Times: user=0.04 sys=0.00, real=0.02 secs] 
Heap after GC invocations=374 (full 4):
 PSYoungGen      total 88576K, used 7335K [0x00000000d5580000, 0x00000000db700000, 0x0000000100000000)
  eden space 77312K, 0% used [0x00000000d5580000,0x00000000d5580000,0x00000000da100000)
  from space 11264K, 65% used [0x00000000dac00000,0x00000000db329df0,0x00000000db700000)
  to   space 11264K, 0% used [0x00000000da100000,0x00000000da100000,0x00000000dac00000)
 ParOldGen       total 316416K, used 60496K [0x0000000080000000, 0x0000000093500000, 0x00000000d5580000)
  object space 316416K, 19% used [0x0000000080000000,0x0000000083b14070,0x0000000093500000)
 Metaspace       used 93508K, capacity 95541K, committed 98944K, reserved 1136640K
  class space    used 11169K, capacity 11521K, committed 12160K, reserved 1048576K
}
{Heap before GC invocations=375 (full 4):
 PSYoungGen      total 88576K, used 84647K [0x00000000d5580000, 0x00000000db700000, 0x0000000100000000)
  eden space 77312K, 100% used [0x00000000d5580000,0x00000000da100000,0x00000000da100000)
  from space 11264K, 65% used [0x00000000dac00000,0x00000000db329df0,0x00000000db700000)
  to   space 11264K, 0% used [0x00000000da100000,0x00000000da100000,0x00000000dac00000)
 ParOldGen       total 316416K, used 60496K [0x0000000080000000, 0x0000000093500000, 0x00000000d5580000)
  object space 316416K, 19% used [0x0000000080000000,0x0000000083b14070,0x0000000093500000)
 Metaspace       used 93509K, capacity 95541K, committed 98944K, reserved 1136640K
  class space    used 11169K, capacity 11521K, committed 12160K, reserved 1048576K
2023-04-13T00:57:36.938+0600: 1727129.021: [GC (Allocation Failure) [PSYoungGen: 84647K->5506K(88576K)] 145143K->66042K(404992K), 0.0187856 secs] [Times: user=0.03 sys=0.00, real=0.02 secs] 
Heap after GC invocations=375 (full 4):
 PSYoungGen      total 88576K, used 5506K [0x00000000d5580000, 0x00000000db680000, 0x0000000100000000)
  eden space 77312K, 0% used [0x00000000d5580000,0x00000000d5580000,0x00000000da100000)
  from space 11264K, 48% used [0x00000000da100000,0x00000000da660970,0x00000000dac00000)
  to   space 10752K, 0% used [0x00000000dac00000,0x00000000dac00000,0x00000000db680000)
 ParOldGen       total 316416K, used 60535K [0x0000000080000000, 0x0000000093500000, 0x00000000d5580000)
  object space 316416K, 19% used [0x0000000080000000,0x0000000083b1dfc0,0x0000000093500000)
 Metaspace       used 93509K, capacity 95541K, committed 98944K, reserved 1136640K
  class space    used 11169K, capacity 11521K, committed 12160K, reserved 1048576K
}
{Heap before GC invocations=376 (full 4):
 PSYoungGen      total 88576K, used 82818K [0x00000000d5580000, 0x00000000db680000, 0x0000000100000000)
  eden space 77312K, 100% used [0x00000000d5580000,0x00000000da100000,0x00000000da100000)
  from space 11264K, 48% used [0x00000000da100000,0x00000000da660970,0x00000000dac00000)
  to   space 10752K, 0% used [0x00000000dac00000,0x00000000dac00000,0x00000000db680000)
 ParOldGen       total 316416K, used 60535K [0x0000000080000000, 0x0000000093500000, 0x00000000d5580000)
  object space 316416K, 19% used [0x0000000080000000,0x0000000083b1dfc0,0x0000000093500000)
 Metaspace       used 93509K, capacity 95541K, committed 98944K, reserved 1136640K
  class space    used 11169K, capacity 11521K, committed 12160K, reserved 1048576K
2023-04-13T01:59:41.741+0600: 1730853.824: [GC (Allocation Failure) [PSYoungGen: 82818K->4321K(88576K)] 143354K->64873K(404992K), 0.0164302 secs] [Times: user=0.03 sys=0.00, real=0.01 secs] 
Heap after GC invocations=376 (full 4):
 PSYoungGen      total 88576K, used 4321K [0x00000000d5580000, 0x00000000db680000, 0x0000000100000000)
  eden space 77824K, 0% used [0x00000000d5580000,0x00000000d5580000,0x00000000da180000)
  from space 10752K, 40% used [0x00000000dac00000,0x00000000db038720,0x00000000db680000)
  to   space 10752K, 0% used [0x00000000da180000,0x00000000da180000,0x00000000dac00000)
 ParOldGen       total 316416K, used 60551K [0x0000000080000000, 0x0000000093500000, 0x00000000d5580000)
  object space 316416K, 19% used [0x0000000080000000,0x0000000083b21fc0,0x0000000093500000)
 Metaspace       used 93509K, capacity 95541K, committed 98944K, reserved 1136640K
  class space    used 11169K, capacity 11521K, committed 12160K, reserved 1048576K
}
{Heap before GC invocations=377 (full 4):
 PSYoungGen      total 88576K, used 82145K [0x00000000d5580000, 0x00000000db680000, 0x0000000100000000)
  eden space 77824K, 100% used [0x00000000d5580000,0x00000000da180000,0x00000000da180000)
  from space 10752K, 40% used [0x00000000dac00000,0x00000000db038720,0x00000000db680000)
  to   space 10752K, 0% used [0x00000000da180000,0x00000000da180000,0x00000000dac00000)
 ParOldGen       total 316416K, used 60551K [0x0000000080000000, 0x0000000093500000, 0x00000000d5580000)
  object space 316416K, 19% used [0x0000000080000000,0x0000000083b21fc0,0x0000000093500000)
 Metaspace       used 93509K, capacity 95541K, committed 98944K, reserved 1136640K
  class space    used 11169K, capacity 11521K, committed 12160K, reserved 1048576K
2023-04-13T03:09:39.305+0600: 1735051.387: [GC (Allocation Failure) [PSYoungGen: 82145K->3040K(88576K)] 142697K->63655K(404992K), 0.0159043 secs] [Times: user=0.03 sys=0.00, real=0.02 secs] 
Heap after GC invocations=377 (full 4):
 PSYoungGen      total 88576K, used 3040K [0x00000000d5580000, 0x00000000db700000, 0x0000000100000000)
  eden space 77824K, 0% used [0x00000000d5580000,0x00000000d5580000,0x00000000da180000)
  from space 10752K, 28% used [0x00000000da180000,0x00000000da478000,0x00000000dac00000)
  to   space 10752K, 0% used [0x00000000dac80000,0x00000000dac80000,0x00000000db700000)
 ParOldGen       total 316416K, used 60615K [0x0000000080000000, 0x0000000093500000, 0x00000000d5580000)
  object space 316416K, 19% used [0x0000000080000000,0x0000000083b31ff0,0x0000000093500000)
 Metaspace       used 93509K, capacity 95541K, committed 98944K, reserved 1136640K
  class space    used 11169K, capacity 11521K, committed 12160K, reserved 1048576K
}
{Heap before GC invocations=378 (full 4):
 PSYoungGen      total 88576K, used 80864K [0x00000000d5580000, 0x00000000db700000, 0x0000000100000000)
  eden space 77824K, 100% used [0x00000000d5580000,0x00000000da180000,0x00000000da180000)
  from space 10752K, 28% used [0x00000000da180000,0x00000000da478000,0x00000000dac00000)
  to   space 10752K, 0% used [0x00000000dac80000,0x00000000dac80000,0x00000000db700000)
 ParOldGen       total 316416K, used 60615K [0x0000000080000000, 0x0000000093500000, 0x00000000d5580000)
  object space 316416K, 19% used [0x0000000080000000,0x0000000083b31ff0,0x0000000093500000)
 Metaspace       used 93509K, capacity 95541K, committed 98944K, reserved 1136640K
  class space    used 11169K, capacity 11521K, committed 12160K, reserved 1048576K
2023-04-13T04:16:20.196+0600: 1739052.279: [GC (Allocation Failure) [PSYoungGen: 80864K->3616K(89088K)] 141479K->64256K(405504K), 0.0143424 secs] [Times: user=0.03 sys=0.00, real=0.02 secs] 
Heap after GC invocations=378 (full 4):
 PSYoungGen      total 89088K, used 3616K [0x00000000d5580000, 0x00000000db700000, 0x0000000100000000)
  eden space 78336K, 0% used [0x00000000d5580000,0x00000000d5580000,0x00000000da200000)
  from space 10752K, 33% used [0x00000000dac80000,0x00000000db008020,0x00000000db700000)
  to   space 10752K, 0% used [0x00000000da200000,0x00000000da200000,0x00000000dac80000)
 ParOldGen       total 316416K, used 60639K [0x0000000080000000, 0x0000000093500000, 0x00000000d5580000)
  object space 316416K, 19% used [0x0000000080000000,0x0000000083b37ff0,0x0000000093500000)
 Metaspace       used 93509K, capacity 95541K, committed 98944K, reserved 1136640K
  class space    used 11169K, capacity 11521K, committed 12160K, reserved 1048576K
}
{Heap before GC invocations=379 (full 4):
 PSYoungGen      total 89088K, used 81952K [0x00000000d5580000, 0x00000000db700000, 0x0000000100000000)
  eden space 78336K, 100% used [0x00000000d5580000,0x00000000da200000,0x00000000da200000)
  from space 10752K, 33% used [0x00000000dac80000,0x00000000db008020,0x00000000db700000)
  to   space 10752K, 0% used [0x00000000da200000,0x00000000da200000,0x00000000dac80000)
 ParOldGen       total 316416K, used 60639K [0x0000000080000000, 0x0000000093500000, 0x00000000d5580000)
  object space 316416K, 19% used [0x0000000080000000,0x0000000083b37ff0,0x0000000093500000)
 Metaspace       used 93509K, capacity 95541K, committed 98944K, reserved 1136640K
  class space    used 11169K, capacity 11521K, committed 12160K, reserved 1048576K
2023-04-13T05:19:29.758+0600: 1742841.841: [GC (Allocation Failure) [PSYoungGen: 81952K->4642K(89088K)] 142592K->65306K(405504K), 0.0199053 secs] [Times: user=0.03 sys=0.00, real=0.02 secs] 
Heap after GC invocations=379 (full 4):
 PSYoungGen      total 89088K, used 4642K [0x00000000d5580000, 0x00000000db680000, 0x0000000100000000)
  eden space 78336K, 0% used [0x00000000d5580000,0x00000000d5580000,0x00000000da200000)
  from space 10752K, 43% used [0x00000000da200000,0x00000000da688ba0,0x00000000dac80000)
  to   space 10240K, 0% used [0x00000000dac80000,0x00000000dac80000,0x00000000db680000)
 ParOldGen       total 316416K, used 60663K [0x0000000080000000, 0x0000000093500000, 0x00000000d5580000)
  object space 316416K, 19% used [0x0000000080000000,0x0000000083b3dff0,0x0000000093500000)
 Metaspace       used 93509K, capacity 95541K, committed 98944K, reserved 1136640K
  class space    used 11169K, capacity 11521K, committed 12160K, reserved 1048576K
}
{Heap before GC invocations=380 (full 4):
 PSYoungGen      total 89088K, used 82978K [0x00000000d5580000, 0x00000000db680000, 0x0000000100000000)
  eden space 78336K, 100% used [0x00000000d5580000,0x00000000da200000,0x00000000da200000)
  from space 10752K, 43% used [0x00000000da200000,0x00000000da688ba0,0x00000000dac80000)
  to   space 10240K, 0% used [0x00000000dac80000,0x00000000dac80000,0x00000000db680000)
 ParOldGen       total 316416K, used 60663K [0x0000000080000000, 0x0000000093500000, 0x00000000d5580000)
  object space 316416K, 19% used [0x0000000080000000,0x0000000083b3dff0,0x0000000093500000)
 Metaspace       used 93509K, capacity 95541K, committed 98944K, reserved 1136640K
  class space    used 11169K, capacity 11521K, committed 12160K, reserved 1048576K
2023-04-13T06:29:50.322+0600: 1747062.405: [GC (Allocation Failure) [PSYoungGen: 82978K->3168K(89088K)] 143642K->63863K(405504K), 0.0164740 secs] [Times: user=0.01 sys=0.02, real=0.01 secs] 
Heap after GC invocations=380 (full 4):
 PSYoungGen      total 89088K, used 3168K [0x00000000d5580000, 0x00000000db680000, 0x0000000100000000)
  eden space 78848K, 0% used [0x00000000d5580000,0x00000000d5580000,0x00000000da280000)
  from space 10240K, 30% used [0x00000000dac80000,0x00000000daf98010,0x00000000db680000)
  to   space 10240K, 0% used [0x00000000da280000,0x00000000da280000,0x00000000dac80000)
 ParOldGen       total 316416K, used 60695K [0x0000000080000000, 0x0000000093500000, 0x00000000d5580000)
  object space 316416K, 19% used [0x0000000080000000,0x0000000083b45f40,0x0000000093500000)
 Metaspace       used 93509K, capacity 95541K, committed 98944K, reserved 1136640K
  class space    used 11169K, capacity 11521K, committed 12160K, reserved 1048576K
}
{Heap before GC invocations=381 (full 4):
 PSYoungGen      total 89088K, used 82016K [0x00000000d5580000, 0x00000000db680000, 0x0000000100000000)
  eden space 78848K, 100% used [0x00000000d5580000,0x00000000da280000,0x00000000da280000)
  from space 10240K, 30% used [0x00000000dac80000,0x00000000daf98010,0x00000000db680000)
  to   space 10240K, 0% used [0x00000000da280000,0x00000000da280000,0x00000000dac80000)
 ParOldGen       total 316416K, used 60695K [0x0000000080000000, 0x0000000093500000, 0x00000000d5580000)
  object space 316416K, 19% used [0x0000000080000000,0x0000000083b45f40,0x0000000093500000)
 Metaspace       used 93509K, capacity 95541K, committed 98944K, reserved 1136640K
  class space    used 11169K, capacity 11521K, committed 12160K, reserved 1048576K
2023-04-13T07:39:51.417+0600: 1751263.500: [GC (Allocation Failure) [PSYoungGen: 82016K->3008K(89088K)] 142711K->63727K(405504K), 0.0134549 secs] [Times: user=0.02 sys=0.00, real=0.02 secs] 
Heap after GC invocations=381 (full 4):
 PSYoungGen      total 89088K, used 3008K [0x00000000d5580000, 0x00000000db600000, 0x0000000100000000)
  eden space 78848K, 0% used [0x00000000d5580000,0x00000000d5580000,0x00000000da280000)
  from space 10240K, 29% used [0x00000000da280000,0x00000000da570000,0x00000000dac80000)
  to   space 9728K, 0% used [0x00000000dac80000,0x00000000dac80000,0x00000000db600000)
 ParOldGen       total 316416K, used 60719K [0x0000000080000000, 0x0000000093500000, 0x00000000d5580000)
  object space 316416K, 19% used [0x0000000080000000,0x0000000083b4bf40,0x0000000093500000)
 Metaspace       used 93509K, capacity 95541K, committed 98944K, reserved 1136640K
  class space    used 11169K, capacity 11521K, committed 12160K, reserved 1048576K
}
{Heap before GC invocations=382 (full 4):
 PSYoungGen      total 89088K, used 81856K [0x00000000d5580000, 0x00000000db600000, 0x0000000100000000)
  eden space 78848K, 100% used [0x00000000d5580000,0x00000000da280000,0x00000000da280000)
  from space 10240K, 29% used [0x00000000da280000,0x00000000da570000,0x00000000dac80000)
  to   space 9728K, 0% used [0x00000000dac80000,0x00000000dac80000,0x00000000db600000)
 ParOldGen       total 316416K, used 60719K [0x0000000080000000, 0x0000000093500000, 0x00000000d5580000)
  object space 316416K, 19% used [0x0000000080000000,0x0000000083b4bf40,0x0000000093500000)
 Metaspace       used 93509K, capacity 95541K, committed 98944K, reserved 1136640K
  class space    used 11169K, capacity 11521K, committed 12160K, reserved 1048576K
2023-04-13T08:54:09.966+0600: 1755722.049: [GC (Allocation Failure) [PSYoungGen: 81856K->2976K(89088K)] 142575K->63743K(405504K), 0.0138204 secs] [Times: user=0.02 sys=0.00, real=0.02 secs] 
Heap after GC invocations=382 (full 4):
 PSYoungGen      total 89088K, used 2976K [0x00000000d5580000, 0x00000000db600000, 0x0000000100000000)
  eden space 79360K, 0% used [0x00000000d5580000,0x00000000d5580000,0x00000000da300000)
  from space 9728K, 30% used [0x00000000dac80000,0x00000000daf68000,0x00000000db600000)
  to   space 9728K, 0% used [0x00000000da300000,0x00000000da300000,0x00000000dac80000)
 ParOldGen       total 316416K, used 60767K [0x0000000080000000, 0x0000000093500000, 0x00000000d5580000)
  object space 316416K, 19% used [0x0000000080000000,0x0000000083b57f40,0x0000000093500000)
 Metaspace       used 93509K, capacity 95541K, committed 98944K, reserved 1136640K
  class space    used 11169K, capacity 11521K, committed 12160K, reserved 1048576K
}
{Heap before GC invocations=383 (full 4):
 PSYoungGen      total 89088K, used 82336K [0x00000000d5580000, 0x00000000db600000, 0x0000000100000000)
  eden space 79360K, 100% used [0x00000000d5580000,0x00000000da300000,0x00000000da300000)
  from space 9728K, 30% used [0x00000000dac80000,0x00000000daf68000,0x00000000db600000)
  to   space 9728K, 0% used [0x00000000da300000,0x00000000da300000,0x00000000dac80000)
 ParOldGen       total 316416K, used 60767K [0x0000000080000000, 0x0000000093500000, 0x00000000d5580000)
  object space 316416K, 19% used [0x0000000080000000,0x0000000083b57f40,0x0000000093500000)
 Metaspace       used 93509K, capacity 95541K, committed 98944K, reserved 1136640K
  class space    used 11169K, capacity 11521K, committed 12160K, reserved 1048576K
2023-04-13T09:56:21.687+0600: 1759453.770: [GC (Allocation Failure) [PSYoungGen: 82336K->4483K(89088K)] 143103K->65283K(405504K), 0.0177803 secs] [Times: user=0.03 sys=0.00, real=0.02 secs] 
Heap after GC invocations=383 (full 4):
 PSYoungGen      total 89088K, used 4483K [0x00000000d5580000, 0x00000000db580000, 0x0000000100000000)
  eden space 79360K, 0% used [0x00000000d5580000,0x00000000d5580000,0x00000000da300000)
  from space 9728K, 46% used [0x00000000da300000,0x00000000da760da0,0x00000000dac80000)
  to   space 9216K, 0% used [0x00000000dac80000,0x00000000dac80000,0x00000000db580000)
 ParOldGen       total 316416K, used 60799K [0x0000000080000000, 0x0000000093500000, 0x00000000d5580000)
  object space 316416K, 19% used [0x0000000080000000,0x0000000083b5ff40,0x0000000093500000)
 Metaspace       used 93509K, capacity 95541K, committed 98944K, reserved 1136640K
  class space    used 11169K, capacity 11521K, committed 12160K, reserved 1048576K
}
{Heap before GC invocations=384 (full 4):
 PSYoungGen      total 89088K, used 83843K [0x00000000d5580000, 0x00000000db580000, 0x0000000100000000)
  eden space 79360K, 100% used [0x00000000d5580000,0x00000000da300000,0x00000000da300000)
  from space 9728K, 46% used [0x00000000da300000,0x00000000da760da0,0x00000000dac80000)
  to   space 9216K, 0% used [0x00000000dac80000,0x00000000dac80000,0x00000000db580000)
 ParOldGen       total 316416K, used 60799K [0x0000000080000000, 0x0000000093500000, 0x00000000d5580000)
  object space 316416K, 19% used [0x0000000080000000,0x0000000083b5ff40,0x0000000093500000)
 Metaspace       used 93509K, capacity 95541K, committed 98944K, reserved 1136640K
  class space    used 11169K, capacity 11521K, committed 12160K, reserved 1048576K
2023-04-13T10:46:19.757+0600: 1762451.840: [GC (Allocation Failure) [PSYoungGen: 83843K->6154K(89088K)] 144643K->66970K(405504K), 0.0154062 secs] [Times: user=0.01 sys=0.01, real=0.02 secs] 
Heap after GC invocations=384 (full 4):
 PSYoungGen      total 89088K, used 6154K [0x00000000d5580000, 0x00000000db580000, 0x0000000100000000)
  eden space 79872K, 0% used [0x00000000d5580000,0x00000000d5580000,0x00000000da380000)
  from space 9216K, 66% used [0x00000000dac80000,0x00000000db282a70,0x00000000db580000)
  to   space 9216K, 0% used [0x00000000da380000,0x00000000da380000,0x00000000dac80000)
 ParOldGen       total 316416K, used 60815K [0x0000000080000000, 0x0000000093500000, 0x00000000d5580000)
  object space 316416K, 19% used [0x0000000080000000,0x0000000083b63f40,0x0000000093500000)
 Metaspace       used 93509K, capacity 95541K, committed 98944K, reserved 1136640K
  class space    used 11169K, capacity 11521K, committed 12160K, reserved 1048576K
}
{Heap before GC invocations=385 (full 4):
 PSYoungGen      total 89088K, used 86026K [0x00000000d5580000, 0x00000000db580000, 0x0000000100000000)
  eden space 79872K, 100% used [0x00000000d5580000,0x00000000da380000,0x00000000da380000)
  from space 9216K, 66% used [0x00000000dac80000,0x00000000db282a70,0x00000000db580000)
  to   space 9216K, 0% used [0x00000000da380000,0x00000000da380000,0x00000000dac80000)
 ParOldGen       total 316416K, used 60815K [0x0000000080000000, 0x0000000093500000, 0x00000000d5580000)
  object space 316416K, 19% used [0x0000000080000000,0x0000000083b63f40,0x0000000093500000)
 Metaspace       used 93516K, capacity 95541K, committed 98944K, reserved 1136640K
  class space    used 11169K, capacity 11521K, committed 12160K, reserved 1048576K
2023-04-13T11:31:51.357+0600: 1765183.440: [GC (Allocation Failure) [PSYoungGen: 86026K->6421K(89088K)] 146842K->67253K(405504K), 0.0164486 secs] [Times: user=0.03 sys=0.00, real=0.02 secs] 
Heap after GC invocations=385 (full 4):
 PSYoungGen      total 89088K, used 6421K [0x00000000d5580000, 0x00000000db700000, 0x0000000100000000)
  eden space 79872K, 0% used [0x00000000d5580000,0x00000000d5580000,0x00000000da380000)
  from space 9216K, 69% used [0x00000000da380000,0x00000000da9c5720,0x00000000dac80000)
  to   space 9728K, 0% used [0x00000000dad80000,0x00000000dad80000,0x00000000db700000)
 ParOldGen       total 316416K, used 60831K [0x0000000080000000, 0x0000000093500000, 0x00000000d5580000)
  object space 316416K, 19% used [0x0000000080000000,0x0000000083b67f40,0x0000000093500000)
 Metaspace       used 93516K, capacity 95541K, committed 98944K, reserved 1136640K
  class space    used 11169K, capacity 11521K, committed 12160K, reserved 1048576K
}
{Heap before GC invocations=386 (full 4):
 PSYoungGen      total 89088K, used 86293K [0x00000000d5580000, 0x00000000db700000, 0x0000000100000000)
  eden space 79872K, 100% used [0x00000000d5580000,0x00000000da380000,0x00000000da380000)
  from space 9216K, 69% used [0x00000000da380000,0x00000000da9c5720,0x00000000dac80000)
  to   space 9728K, 0% used [0x00000000dad80000,0x00000000dad80000,0x00000000db700000)
 ParOldGen       total 316416K, used 60833K [0x0000000080000000, 0x0000000093500000, 0x00000000d5580000)
  object space 316416K, 19% used [0x0000000080000000,0x0000000083b68568,0x0000000093500000)
 Metaspace       used 93549K, capacity 95665K, committed 98944K, reserved 1136640K
  class space    used 11175K, capacity 11531K, committed 12160K, reserved 1048576K
2023-04-13T12:00:39.956+0600: 1766912.039: [GC (GCLocker Initiated GC) [PSYoungGen: 86293K->8053K(89600K)] 147127K->68902K(406016K), 0.0162450 secs] [Times: user=0.02 sys=0.00, real=0.02 secs] 
Heap after GC invocations=386 (full 4):
 PSYoungGen      total 89600K, used 8053K [0x00000000d5580000, 0x00000000db800000, 0x0000000100000000)
  eden space 79872K, 0% used [0x00000000d5580000,0x00000000d5580000,0x00000000da380000)
  from space 9728K, 82% used [0x00000000dad80000,0x00000000db55d550,0x00000000db700000)
  to   space 10240K, 0% used [0x00000000da380000,0x00000000da380000,0x00000000dad80000)
 ParOldGen       total 316416K, used 60849K [0x0000000080000000, 0x0000000093500000, 0x00000000d5580000)
  object space 316416K, 19% used [0x0000000080000000,0x0000000083b6c568,0x0000000093500000)
 Metaspace       used 93549K, capacity 95665K, committed 98944K, reserved 1136640K
  class space    used 11175K, capacity 11531K, committed 12160K, reserved 1048576K
}
{Heap before GC invocations=387 (full 4):
 PSYoungGen      total 89600K, used 87925K [0x00000000d5580000, 0x00000000db800000, 0x0000000100000000)
  eden space 79872K, 100% used [0x00000000d5580000,0x00000000da380000,0x00000000da380000)
  from space 9728K, 82% used [0x00000000dad80000,0x00000000db55d550,0x00000000db700000)
  to   space 10240K, 0% used [0x00000000da380000,0x00000000da380000,0x00000000dad80000)
 ParOldGen       total 316416K, used 60854K [0x0000000080000000, 0x0000000093500000, 0x00000000d5580000)
  object space 316416K, 19% used [0x0000000080000000,0x0000000083b6d918,0x0000000093500000)
 Metaspace       used 93563K, capacity 95695K, committed 98944K, reserved 1136640K
  class space    used 11178K, capacity 11536K, committed 12160K, reserved 1048576K
2023-04-13T12:53:10.112+0600: 1770062.194: [GC (Allocation Failure) [PSYoungGen: 87925K->6480K(90112K)] 148779K->67350K(406528K), 0.0211981 secs] [Times: user=0.04 sys=0.00, real=0.02 secs] 
Heap after GC invocations=387 (full 4):
 PSYoungGen      total 90112K, used 6480K [0x00000000d5580000, 0x00000000db800000, 0x0000000100000000)
  eden space 79872K, 0% used [0x00000000d5580000,0x00000000d5580000,0x00000000da380000)
  from space 10240K, 63% used [0x00000000da380000,0x00000000da9d4280,0x00000000dad80000)
  to   space 10240K, 0% used [0x00000000dae00000,0x00000000dae00000,0x00000000db800000)
 ParOldGen       total 316416K, used 60870K [0x0000000080000000, 0x0000000093500000, 0x00000000d5580000)
  object space 316416K, 19% used [0x0000000080000000,0x0000000083b71918,0x0000000093500000)
 Metaspace       used 93563K, capacity 95695K, committed 98944K, reserved 1136640K
  class space    used 11178K, capacity 11536K, committed 12160K, reserved 1048576K
}
{Heap before GC invocations=388 (full 4):
 PSYoungGen      total 90112K, used 86352K [0x00000000d5580000, 0x00000000db800000, 0x0000000100000000)
  eden space 79872K, 100% used [0x00000000d5580000,0x00000000da380000,0x00000000da380000)
  from space 10240K, 63% used [0x00000000da380000,0x00000000da9d4280,0x00000000dad80000)
  to   space 10240K, 0% used [0x00000000dae00000,0x00000000dae00000,0x00000000db800000)
 ParOldGen       total 316416K, used 60870K [0x0000000080000000, 0x0000000093500000, 0x00000000d5580000)
  object space 316416K, 19% used [0x0000000080000000,0x0000000083b71918,0x0000000093500000)
 Metaspace       used 93570K, capacity 95695K, committed 98944K, reserved 1136640K
  class space    used 11178K, capacity 11536K, committed 12160K, reserved 1048576K
2023-04-13T13:50:36.297+0600: 1773508.379: [GC (Allocation Failure) [PSYoungGen: 86352K->5237K(89600K)] 147222K->66139K(406016K), 0.0187733 secs] [Times: user=0.03 sys=0.00, real=0.02 secs] 
Heap after GC invocations=388 (full 4):
 PSYoungGen      total 89600K, used 5237K [0x00000000d5580000, 0x00000000db700000, 0x0000000100000000)
  eden space 80384K, 0% used [0x00000000d5580000,0x00000000d5580000,0x00000000da400000)
  from space 9216K, 56% used [0x00000000dae00000,0x00000000db31d480,0x00000000db700000)
  to   space 9728K, 0% used [0x00000000da400000,0x00000000da400000,0x00000000dad80000)
 ParOldGen       total 316416K, used 60902K [0x0000000080000000, 0x0000000093500000, 0x00000000d5580000)
  object space 316416K, 19% used [0x0000000080000000,0x0000000083b79918,0x0000000093500000)
 Metaspace       used 93570K, capacity 95695K, committed 98944K, reserved 1136640K
  class space    used 11178K, capacity 11536K, committed 12160K, reserved 1048576K
}
{Heap before GC invocations=389 (full 4):
 PSYoungGen      total 89600K, used 85621K [0x00000000d5580000, 0x00000000db700000, 0x0000000100000000)
  eden space 80384K, 100% used [0x00000000d5580000,0x00000000da400000,0x00000000da400000)
  from space 9216K, 56% used [0x00000000dae00000,0x00000000db31d480,0x00000000db700000)
  to   space 9728K, 0% used [0x00000000da400000,0x00000000da400000,0x00000000dad80000)
 ParOldGen       total 316416K, used 60902K [0x0000000080000000, 0x0000000093500000, 0x00000000d5580000)
  object space 316416K, 19% used [0x0000000080000000,0x0000000083b79918,0x0000000093500000)
 Metaspace       used 93573K, capacity 95695K, committed 98944K, reserved 1136640K
  class space    used 11178K, capacity 11536K, committed 12160K, reserved 1048576K
2023-04-13T14:46:37.747+0600: 1776869.829: [GC (Allocation Failure) [PSYoungGen: 85621K->5297K(90112K)] 146523K->66232K(406528K), 0.0216370 secs] [Times: user=0.04 sys=0.00, real=0.02 secs] 
Heap after GC invocations=389 (full 4):
 PSYoungGen      total 90112K, used 5297K [0x00000000d5580000, 0x00000000db680000, 0x0000000100000000)
  eden space 80384K, 0% used [0x00000000d5580000,0x00000000d5580000,0x00000000da400000)
  from space 9728K, 54% used [0x00000000da400000,0x00000000da92c750,0x00000000dad80000)
  to   space 9216K, 0% used [0x00000000dad80000,0x00000000dad80000,0x00000000db680000)
 ParOldGen       total 316416K, used 60934K [0x0000000080000000, 0x0000000093500000, 0x00000000d5580000)
  object space 316416K, 19% used [0x0000000080000000,0x0000000083b81918,0x0000000093500000)
 Metaspace       used 93573K, capacity 95695K, committed 98944K, reserved 1136640K
  class space    used 11178K, capacity 11536K, committed 12160K, reserved 1048576K
}
{Heap before GC invocations=390 (full 4):
 PSYoungGen      total 90112K, used 85677K [0x00000000d5580000, 0x00000000db680000, 0x0000000100000000)
  eden space 80384K, 99% used [0x00000000d5580000,0x00000000da3fed40,0x00000000da400000)
  from space 9728K, 54% used [0x00000000da400000,0x00000000da92c750,0x00000000dad80000)
  to   space 9216K, 0% used [0x00000000dad80000,0x00000000dad80000,0x00000000db680000)
 ParOldGen       total 316416K, used 60934K [0x0000000080000000, 0x0000000093500000, 0x00000000d5580000)
  object space 316416K, 19% used [0x0000000080000000,0x0000000083b81918,0x0000000093500000)
 Metaspace       used 93585K, capacity 95695K, committed 98944K, reserved 1136640K
  class space    used 11178K, capacity 11536K, committed 12160K, reserved 1048576K
2023-04-13T15:08:53.361+0600: 1778205.444: [GC (Allocation Failure) [PSYoungGen: 85677K->8554K(89088K)] 146611K->69512K(405504K), 0.0125917 secs] [Times: user=0.01 sys=0.01, real=0.01 secs] 
Heap after GC invocations=390 (full 4):
 PSYoungGen      total 89088K, used 8554K [0x00000000d5580000, 0x00000000db880000, 0x0000000100000000)
  eden space 79872K, 0% used [0x00000000d5580000,0x00000000d5580000,0x00000000da380000)
  from space 9216K, 92% used [0x00000000dad80000,0x00000000db5daab0,0x00000000db680000)
  to   space 10240K, 0% used [0x00000000da380000,0x00000000da380000,0x00000000dad80000)
 ParOldGen       total 316416K, used 60958K [0x0000000080000000, 0x0000000093500000, 0x00000000d5580000)
  object space 316416K, 19% used [0x0000000080000000,0x0000000083b87918,0x0000000093500000)
 Metaspace       used 93585K, capacity 95695K, committed 98944K, reserved 1136640K
  class space    used 11178K, capacity 11536K, committed 12160K, reserved 1048576K
}
{Heap before GC invocations=391 (full 4):
 PSYoungGen      total 89088K, used 88426K [0x00000000d5580000, 0x00000000db880000, 0x0000000100000000)
  eden space 79872K, 100% used [0x00000000d5580000,0x00000000da380000,0x00000000da380000)
  from space 9216K, 92% used [0x00000000dad80000,0x00000000db5daab0,0x00000000db680000)
  to   space 10240K, 0% used [0x00000000da380000,0x00000000da380000,0x00000000dad80000)
 ParOldGen       total 316416K, used 60958K [0x0000000080000000, 0x0000000093500000, 0x00000000d5580000)
  object space 316416K, 19% used [0x0000000080000000,0x0000000083b87918,0x0000000093500000)
 Metaspace       used 93585K, capacity 95695K, committed 98944K, reserved 1136640K
  class space    used 11178K, capacity 11536K, committed 12160K, reserved 1048576K
2023-04-13T15:37:23.844+0600: 1779915.927: [GC (Allocation Failure) [PSYoungGen: 88426K->9765K(90112K)] 149384K->70740K(406528K), 0.0164814 secs] [Times: user=0.03 sys=0.00, real=0.02 secs] 
Heap after GC invocations=391 (full 4):
 PSYoungGen      total 90112K, used 9765K [0x00000000d5580000, 0x00000000dba00000, 0x0000000100000000)
  eden space 79872K, 0% used [0x00000000d5580000,0x00000000d5580000,0x00000000da380000)
  from space 10240K, 95% used [0x00000000da380000,0x00000000dad097c0,0x00000000dad80000)
  to   space 11264K, 0% used [0x00000000daf00000,0x00000000daf00000,0x00000000dba00000)
 ParOldGen       total 316416K, used 60974K [0x0000000080000000, 0x0000000093500000, 0x00000000d5580000)
  object space 316416K, 19% used [0x0000000080000000,0x0000000083b8b918,0x0000000093500000)
 Metaspace       used 93585K, capacity 95695K, committed 98944K, reserved 1136640K
  class space    used 11178K, capacity 11536K, committed 12160K, reserved 1048576K
}
{Heap before GC invocations=392 (full 4):
 PSYoungGen      total 90112K, used 89637K [0x00000000d5580000, 0x00000000dba00000, 0x0000000100000000)
  eden space 79872K, 100% used [0x00000000d5580000,0x00000000da380000,0x00000000da380000)
  from space 10240K, 95% used [0x00000000da380000,0x00000000dad097c0,0x00000000dad80000)
  to   space 11264K, 0% used [0x00000000daf00000,0x00000000daf00000,0x00000000dba00000)
 ParOldGen       total 316416K, used 60974K [0x0000000080000000, 0x0000000093500000, 0x00000000d5580000)
  object space 316416K, 19% used [0x0000000080000000,0x0000000083b8b918,0x0000000093500000)
 Metaspace       used 93585K, capacity 95695K, committed 98944K, reserved 1136640K
  class space    used 11178K, capacity 11536K, committed 12160K, reserved 1048576K
2023-04-13T16:25:04.955+0600: 1782777.038: [GC (Allocation Failure) [PSYoungGen: 89637K->8195K(91136K)] 150612K->69169K(407552K), 0.0175301 secs] [Times: user=0.02 sys=0.00, real=0.02 secs] 
Heap after GC invocations=392 (full 4):
 PSYoungGen      total 91136K, used 8195K [0x00000000d5580000, 0x00000000dbb00000, 0x0000000100000000)
  eden space 79872K, 0% used [0x00000000d5580000,0x00000000d5580000,0x00000000da380000)
  from space 11264K, 72% used [0x00000000daf00000,0x00000000db700e20,0x00000000dba00000)
  to   space 11776K, 0% used [0x00000000da380000,0x00000000da380000,0x00000000daf00000)
 ParOldGen       total 316416K, used 60974K [0x0000000080000000, 0x0000000093500000, 0x00000000d5580000)
  object space 316416K, 19% used [0x0000000080000000,0x0000000083b8b918,0x0000000093500000)
 Metaspace       used 93585K, capacity 95695K, committed 98944K, reserved 1136640K
  class space    used 11178K, capacity 11536K, committed 12160K, reserved 1048576K
}
{Heap before GC invocations=393 (full 4):
 PSYoungGen      total 91136K, used 88057K [0x00000000d5580000, 0x00000000dbb00000, 0x0000000100000000)
  eden space 79872K, 99% used [0x00000000d5580000,0x00000000da37d608,0x00000000da380000)
  from space 11264K, 72% used [0x00000000daf00000,0x00000000db700e20,0x00000000dba00000)
  to   space 11776K, 0% used [0x00000000da380000,0x00000000da380000,0x00000000daf00000)
 ParOldGen       total 316416K, used 60974K [0x0000000080000000, 0x0000000093500000, 0x00000000d5580000)
  object space 316416K, 19% used [0x0000000080000000,0x0000000083b8b918,0x0000000093500000)
 Metaspace       used 93586K, capacity 95695K, committed 98944K, reserved 1136640K
  class space    used 11178K, capacity 11536K, committed 12160K, reserved 1048576K
2023-04-13T16:56:41.803+0600: 1784673.886: [GC (Allocation Failure) [PSYoungGen: 88057K->8444K(91648K)] 149031K->69435K(408064K), 0.0176901 secs] [Times: user=0.03 sys=0.00, real=0.02 secs] 
Heap after GC invocations=393 (full 4):
 PSYoungGen      total 91648K, used 8444K [0x00000000d5580000, 0x00000000dbb00000, 0x0000000100000000)
  eden space 79872K, 0% used [0x00000000d5580000,0x00000000d5580000,0x00000000da380000)
  from space 11776K, 71% used [0x00000000da380000,0x00000000dabbf3d0,0x00000000daf00000)
  to   space 11776K, 0% used [0x00000000daf80000,0x00000000daf80000,0x00000000dbb00000)
 ParOldGen       total 316416K, used 60990K [0x0000000080000000, 0x0000000093500000, 0x00000000d5580000)
  object space 316416K, 19% used [0x0000000080000000,0x0000000083b8f918,0x0000000093500000)
 Metaspace       used 93586K, capacity 95695K, committed 98944K, reserved 1136640K
  class space    used 11178K, capacity 11536K, committed 12160K, reserved 1048576K
}
{Heap before GC invocations=394 (full 4):
 PSYoungGen      total 91648K, used 88316K [0x00000000d5580000, 0x00000000dbb00000, 0x0000000100000000)
  eden space 79872K, 100% used [0x00000000d5580000,0x00000000da380000,0x00000000da380000)
  from space 11776K, 71% used [0x00000000da380000,0x00000000dabbf3d0,0x00000000daf00000)
  to   space 11776K, 0% used [0x00000000daf80000,0x00000000daf80000,0x00000000dbb00000)
 ParOldGen       total 316416K, used 60990K [0x0000000080000000, 0x0000000093500000, 0x00000000d5580000)
  object space 316416K, 19% used [0x0000000080000000,0x0000000083b8f918,0x0000000093500000)
 Metaspace       used 93586K, capacity 95695K, committed 98944K, reserved 1136640K
  class space    used 11178K, capacity 11536K, committed 12160K, reserved 1048576K
2023-04-13T17:43:12.314+0600: 1787464.397: [GC (Allocation Failure) [PSYoungGen: 88316K->9076K(91648K)] 149307K->70082K(408064K), 0.0143055 secs] [Times: user=0.02 sys=0.00, real=0.01 secs] 
Heap after GC invocations=394 (full 4):
 PSYoungGen      total 91648K, used 9076K [0x00000000d5580000, 0x00000000dbc00000, 0x0000000100000000)
  eden space 79872K, 0% used [0x00000000d5580000,0x00000000d5580000,0x00000000da380000)
  from space 11776K, 77% used [0x00000000daf80000,0x00000000db85d2c0,0x00000000dbb00000)
  to   space 12288K, 0% used [0x00000000da380000,0x00000000da380000,0x00000000daf80000)
 ParOldGen       total 316416K, used 61006K [0x0000000080000000, 0x0000000093500000, 0x00000000d5580000)
  object space 316416K, 19% used [0x0000000080000000,0x0000000083b93918,0x0000000093500000)
 Metaspace       used 93586K, capacity 95695K, committed 98944K, reserved 1136640K
  class space    used 11178K, capacity 11536K, committed 12160K, reserved 1048576K
}
{Heap before GC invocations=395 (full 4):
 PSYoungGen      total 91648K, used 88948K [0x00000000d5580000, 0x00000000dbc00000, 0x0000000100000000)
  eden space 79872K, 100% used [0x00000000d5580000,0x00000000da380000,0x00000000da380000)
  from space 11776K, 77% used [0x00000000daf80000,0x00000000db85d2c0,0x00000000dbb00000)
  to   space 12288K, 0% used [0x00000000da380000,0x00000000da380000,0x00000000daf80000)
 ParOldGen       total 316416K, used 61006K [0x0000000080000000, 0x0000000093500000, 0x00000000d5580000)
  object space 316416K, 19% used [0x0000000080000000,0x0000000083b93918,0x0000000093500000)
 Metaspace       used 93589K, capacity 95695K, committed 98944K, reserved 1136640K
  class space    used 11178K, capacity 11536K, committed 12160K, reserved 1048576K
2023-04-13T18:21:43.427+0600: 1789775.510: [GC (Allocation Failure) [PSYoungGen: 88948K->7462K(92160K)] 149954K->68484K(408576K), 0.0203402 secs] [Times: user=0.04 sys=0.00, real=0.02 secs] 
Heap after GC invocations=395 (full 4):
 PSYoungGen      total 92160K, used 7462K [0x00000000d5580000, 0x00000000dbc00000, 0x0000000100000000)
  eden space 79872K, 0% used [0x00000000d5580000,0x00000000d5580000,0x00000000da380000)
  from space 12288K, 60% used [0x00000000da380000,0x00000000daac9860,0x00000000daf80000)
  to   space 12288K, 0% used [0x00000000db000000,0x00000000db000000,0x00000000dbc00000)
 ParOldGen       total 316416K, used 61022K [0x0000000080000000, 0x0000000093500000, 0x00000000d5580000)
  object space 316416K, 19% used [0x0000000080000000,0x0000000083b97918,0x0000000093500000)
 Metaspace       used 93589K, capacity 95695K, committed 98944K, reserved 1136640K
  class space    used 11178K, capacity 11536K, committed 12160K, reserved 1048576K
}
{Heap before GC invocations=396 (full 4):
 PSYoungGen      total 92160K, used 87334K [0x00000000d5580000, 0x00000000dbc00000, 0x0000000100000000)
  eden space 79872K, 100% used [0x00000000d5580000,0x00000000da380000,0x00000000da380000)
  from space 12288K, 60% used [0x00000000da380000,0x00000000daac9860,0x00000000daf80000)
  to   space 12288K, 0% used [0x00000000db000000,0x00000000db000000,0x00000000dbc00000)
 ParOldGen       total 316416K, used 61022K [0x0000000080000000, 0x0000000093500000, 0x00000000d5580000)
  object space 316416K, 19% used [0x0000000080000000,0x0000000083b97918,0x0000000093500000)
 Metaspace       used 93589K, capacity 95695K, committed 98944K, reserved 1136640K
  class space    used 11178K, capacity 11536K, committed 12160K, reserved 1048576K
2023-04-13T19:33:14.826+0600: 1794066.909: [GC (Allocation Failure) [PSYoungGen: 87334K->3440K(92672K)] 148356K->64462K(409088K), 0.0112466 secs] [Times: user=0.02 sys=0.00, real=0.01 secs] 
Heap after GC invocations=396 (full 4):
 PSYoungGen      total 92672K, used 3440K [0x00000000d5580000, 0x00000000dbc00000, 0x0000000100000000)
  eden space 80384K, 0% used [0x00000000d5580000,0x00000000d5580000,0x00000000da400000)
  from space 12288K, 27% used [0x00000000db000000,0x00000000db35c130,0x00000000dbc00000)
  to   space 12288K, 0% used [0x00000000da400000,0x00000000da400000,0x00000000db000000)
 ParOldGen       total 316416K, used 61022K [0x0000000080000000, 0x0000000093500000, 0x00000000d5580000)
  object space 316416K, 19% used [0x0000000080000000,0x0000000083b97918,0x0000000093500000)
 Metaspace       used 93589K, capacity 95695K, committed 98944K, reserved 1136640K
  class space    used 11178K, capacity 11536K, committed 12160K, reserved 1048576K
}
{Heap before GC invocations=397 (full 4):
 PSYoungGen      total 92672K, used 83823K [0x00000000d5580000, 0x00000000dbc00000, 0x0000000100000000)
  eden space 80384K, 99% used [0x00000000d5580000,0x00000000da3ffea0,0x00000000da400000)
  from space 12288K, 27% used [0x00000000db000000,0x00000000db35c130,0x00000000dbc00000)
  to   space 12288K, 0% used [0x00000000da400000,0x00000000da400000,0x00000000db000000)
 ParOldGen       total 316416K, used 61022K [0x0000000080000000, 0x0000000093500000, 0x00000000d5580000)
  object space 316416K, 19% used [0x0000000080000000,0x0000000083b97918,0x0000000093500000)
 Metaspace       used 93610K, capacity 95725K, committed 98944K, reserved 1136640K
  class space    used 11180K, capacity 11541K, committed 12160K, reserved 1048576K
2023-04-13T20:31:08.381+0600: 1797540.464: [GC (Allocation Failure) [PSYoungGen: 83823K->4786K(92672K)] 144846K->65816K(409088K), 0.0115304 secs] [Times: user=0.02 sys=0.00, real=0.01 secs] 
Heap after GC invocations=397 (full 4):
 PSYoungGen      total 92672K, used 4786K [0x00000000d5580000, 0x00000000dbb80000, 0x0000000100000000)
  eden space 80384K, 0% used [0x00000000d5580000,0x00000000d5580000,0x00000000da400000)
  from space 12288K, 38% used [0x00000000da400000,0x00000000da8ac910,0x00000000db000000)
  to   space 11776K, 0% used [0x00000000db000000,0x00000000db000000,0x00000000dbb80000)
 ParOldGen       total 316416K, used 61030K [0x0000000080000000, 0x0000000093500000, 0x00000000d5580000)
  object space 316416K, 19% used [0x0000000080000000,0x0000000083b99918,0x0000000093500000)
 Metaspace       used 93610K, capacity 95725K, committed 98944K, reserved 1136640K
  class space    used 11180K, capacity 11541K, committed 12160K, reserved 1048576K
}
{Heap before GC invocations=398 (full 4):
 PSYoungGen      total 92672K, used 85170K [0x00000000d5580000, 0x00000000dbb80000, 0x0000000100000000)
  eden space 80384K, 100% used [0x00000000d5580000,0x00000000da400000,0x00000000da400000)
  from space 12288K, 38% used [0x00000000da400000,0x00000000da8ac910,0x00000000db000000)
  to   space 11776K, 0% used [0x00000000db000000,0x00000000db000000,0x00000000dbb80000)
 ParOldGen       total 316416K, used 61030K [0x0000000080000000, 0x0000000093500000, 0x00000000d5580000)
  object space 316416K, 19% used [0x0000000080000000,0x0000000083b99918,0x0000000093500000)
 Metaspace       used 93611K, capacity 95725K, committed 98944K, reserved 1136640K
  class space    used 11180K, capacity 11541K, committed 12160K, reserved 1048576K
2023-04-13T21:40:29.108+0600: 1801701.191: [GC (Allocation Failure) [PSYoungGen: 85170K->4146K(92672K)] 146200K->65200K(409088K), 0.0184081 secs] [Times: user=0.03 sys=0.00, real=0.02 secs] 
Heap after GC invocations=398 (full 4):
 PSYoungGen      total 92672K, used 4146K [0x00000000d5580000, 0x00000000dbb80000, 0x0000000100000000)
  eden space 80896K, 0% used [0x00000000d5580000,0x00000000d5580000,0x00000000da480000)
  from space 11776K, 35% used [0x00000000db000000,0x00000000db40c900,0x00000000dbb80000)
  to   space 11776K, 0% used [0x00000000da480000,0x00000000da480000,0x00000000db000000)
 ParOldGen       total 316416K, used 61054K [0x0000000080000000, 0x0000000093500000, 0x00000000d5580000)
  object space 316416K, 19% used [0x0000000080000000,0x0000000083b9f918,0x0000000093500000)
 Metaspace       used 93611K, capacity 95725K, committed 98944K, reserved 1136640K
  class space    used 11180K, capacity 11541K, committed 12160K, reserved 1048576K
}
{Heap before GC invocations=399 (full 4):
 PSYoungGen      total 92672K, used 85042K [0x00000000d5580000, 0x00000000dbb80000, 0x0000000100000000)
  eden space 80896K, 100% used [0x00000000d5580000,0x00000000da480000,0x00000000da480000)
  from space 11776K, 35% used [0x00000000db000000,0x00000000db40c900,0x00000000dbb80000)
  to   space 11776K, 0% used [0x00000000da480000,0x00000000da480000,0x00000000db000000)
 ParOldGen       total 316416K, used 61054K [0x0000000080000000, 0x0000000093500000, 0x00000000d5580000)
  object space 316416K, 19% used [0x0000000080000000,0x0000000083b9f918,0x0000000093500000)
 Metaspace       used 93612K, capacity 95789K, committed 98944K, reserved 1136640K
  class space    used 11180K, capacity 11541K, committed 12160K, reserved 1048576K
2023-04-13T22:47:31.629+0600: 1805723.712: [GC (Allocation Failure) [PSYoungGen: 85042K->4162K(92672K)] 146096K->65256K(409088K), 0.0190602 secs] [Times: user=0.03 sys=0.00, real=0.01 secs] 
Heap after GC invocations=399 (full 4):
 PSYoungGen      total 92672K, used 4162K [0x00000000d5580000, 0x00000000dbc00000, 0x0000000100000000)
  eden space 80896K, 0% used [0x00000000d5580000,0x00000000d5580000,0x00000000da480000)
  from space 11776K, 35% used [0x00000000da480000,0x00000000da890a50,0x00000000db000000)
  to   space 11776K, 0% used [0x00000000db080000,0x00000000db080000,0x00000000dbc00000)
 ParOldGen       total 316416K, used 61094K [0x0000000080000000, 0x0000000093500000, 0x00000000d5580000)
  object space 316416K, 19% used [0x0000000080000000,0x0000000083ba9918,0x0000000093500000)
 Metaspace       used 93612K, capacity 95789K, committed 98944K, reserved 1136640K
  class space    used 11180K, capacity 11541K, committed 12160K, reserved 1048576K
}
{Heap before GC invocations=400 (full 4):
 PSYoungGen      total 92672K, used 85058K [0x00000000d5580000, 0x00000000dbc00000, 0x0000000100000000)
  eden space 80896K, 100% used [0x00000000d5580000,0x00000000da480000,0x00000000da480000)
  from space 11776K, 35% used [0x00000000da480000,0x00000000da890a50,0x00000000db000000)
  to   space 11776K, 0% used [0x00000000db080000,0x00000000db080000,0x00000000dbc00000)
 ParOldGen       total 316416K, used 61094K [0x0000000080000000, 0x0000000093500000, 0x00000000d5580000)
  object space 316416K, 19% used [0x0000000080000000,0x0000000083ba9918,0x0000000093500000)
 Metaspace       used 93618K, capacity 95789K, committed 98944K, reserved 1136640K
  class space    used 11180K, capacity 11541K, committed 12160K, reserved 1048576K
2023-04-13T23:47:32.777+0600: 1809324.859: [GC (Allocation Failure) [PSYoungGen: 85058K->5235K(92160K)] 146152K->66361K(408576K), 0.0153328 secs] [Times: user=0.03 sys=0.00, real=0.02 secs] 
Heap after GC invocations=400 (full 4):
 PSYoungGen      total 92160K, used 5235K [0x00000000d5580000, 0x00000000dbb00000, 0x0000000100000000)
  eden space 81408K, 0% used [0x00000000d5580000,0x00000000d5580000,0x00000000da500000)
  from space 10752K, 48% used [0x00000000db080000,0x00000000db59cf10,0x00000000dbb00000)
  to   space 11264K, 0% used [0x00000000da500000,0x00000000da500000,0x00000000db000000)
 ParOldGen       total 316416K, used 61126K [0x0000000080000000, 0x0000000093500000, 0x00000000d5580000)
  object space 316416K, 19% used [0x0000000080000000,0x0000000083bb1868,0x0000000093500000)
 Metaspace       used 93618K, capacity 95789K, committed 98944K, reserved 1136640K
  class space    used 11180K, capacity 11541K, committed 12160K, reserved 1048576K
}
{Heap before GC invocations=401 (full 4):
 PSYoungGen      total 92160K, used 86643K [0x00000000d5580000, 0x00000000dbb00000, 0x0000000100000000)
  eden space 81408K, 100% used [0x00000000d5580000,0x00000000da500000,0x00000000da500000)
  from space 10752K, 48% used [0x00000000db080000,0x00000000db59cf10,0x00000000dbb00000)
  to   space 11264K, 0% used [0x00000000da500000,0x00000000da500000,0x00000000db000000)
 ParOldGen       total 316416K, used 61126K [0x0000000080000000, 0x0000000093500000, 0x00000000d5580000)
  object space 316416K, 19% used [0x0000000080000000,0x0000000083bb1868,0x0000000093500000)
 Metaspace       used 93619K, capacity 95789K, committed 98944K, reserved 1136640K
  class space    used 11180K, capacity 11541K, committed 12160K, reserved 1048576K
2023-04-14T00:49:11.932+0600: 1813024.015: [GC (Allocation Failure) [PSYoungGen: 86643K->5201K(92672K)] 147769K->66383K(409088K), 0.0155138 secs] [Times: user=0.02 sys=0.00, real=0.01 secs] 
Heap after GC invocations=401 (full 4):
 PSYoungGen      total 92672K, used 5201K [0x00000000d5580000, 0x00000000dba80000, 0x0000000100000000)
  eden space 81408K, 0% used [0x00000000d5580000,0x00000000d5580000,0x00000000da500000)
  from space 11264K, 46% used [0x00000000da500000,0x00000000daa14630,0x00000000db000000)
  to   space 10752K, 0% used [0x00000000db000000,0x00000000db000000,0x00000000dba80000)
 ParOldGen       total 316416K, used 61182K [0x0000000080000000, 0x0000000093500000, 0x00000000d5580000)
  object space 316416K, 19% used [0x0000000080000000,0x0000000083bbf868,0x0000000093500000)
 Metaspace       used 93619K, capacity 95789K, committed 98944K, reserved 1136640K
  class space    used 11180K, capacity 11541K, committed 12160K, reserved 1048576K
}
{Heap before GC invocations=402 (full 4):
 PSYoungGen      total 92672K, used 86609K [0x00000000d5580000, 0x00000000dba80000, 0x0000000100000000)
  eden space 81408K, 100% used [0x00000000d5580000,0x00000000da500000,0x00000000da500000)
  from space 11264K, 46% used [0x00000000da500000,0x00000000daa14630,0x00000000db000000)
  to   space 10752K, 0% used [0x00000000db000000,0x00000000db000000,0x00000000dba80000)
 ParOldGen       total 316416K, used 61182K [0x0000000080000000, 0x0000000093500000, 0x00000000d5580000)
  object space 316416K, 19% used [0x0000000080000000,0x0000000083bbf868,0x0000000093500000)
 Metaspace       used 93619K, capacity 95789K, committed 98944K, reserved 1136640K
  class space    used 11180K, capacity 11541K, committed 12160K, reserved 1048576K
2023-04-14T01:58:33.087+0600: 1817185.170: [GC (Allocation Failure) [PSYoungGen: 86609K->3664K(92672K)] 147791K->64870K(409088K), 0.0140182 secs] [Times: user=0.03 sys=0.00, real=0.02 secs] 
Heap after GC invocations=402 (full 4):
 PSYoungGen      total 92672K, used 3664K [0x00000000d5580000, 0x00000000dba80000, 0x0000000100000000)
  eden space 81920K, 0% used [0x00000000d5580000,0x00000000d5580000,0x00000000da580000)
  from space 10752K, 34% used [0x00000000db000000,0x00000000db394250,0x00000000dba80000)
  to   space 10752K, 0% used [0x00000000da580000,0x00000000da580000,0x00000000db000000)
 ParOldGen       total 316416K, used 61206K [0x0000000080000000, 0x0000000093500000, 0x00000000d5580000)
  object space 316416K, 19% used [0x0000000080000000,0x0000000083bc5868,0x0000000093500000)
 Metaspace       used 93619K, capacity 95789K, committed 98944K, reserved 1136640K
  class space    used 11180K, capacity 11541K, committed 12160K, reserved 1048576K
}
{Heap before GC invocations=403 (full 4):
 PSYoungGen      total 92672K, used 85584K [0x00000000d5580000, 0x00000000dba80000, 0x0000000100000000)
  eden space 81920K, 100% used [0x00000000d5580000,0x00000000da580000,0x00000000da580000)
  from space 10752K, 34% used [0x00000000db000000,0x00000000db394250,0x00000000dba80000)
  to   space 10752K, 0% used [0x00000000da580000,0x00000000da580000,0x00000000db000000)
 ParOldGen       total 316416K, used 61206K [0x0000000080000000, 0x0000000093500000, 0x00000000d5580000)
  object space 316416K, 19% used [0x0000000080000000,0x0000000083bc5868,0x0000000093500000)
 Metaspace       used 93619K, capacity 95789K, committed 98944K, reserved 1136640K
  class space    used 11180K, capacity 11541K, committed 12160K, reserved 1048576K
2023-04-14T03:15:31.281+0600: 1821803.363: [GC (Allocation Failure) [PSYoungGen: 85584K->3232K(92672K)] 146790K->64462K(409088K), 0.0139874 secs] [Times: user=0.02 sys=0.00, real=0.01 secs] 
Heap after GC invocations=403 (full 4):
 PSYoungGen      total 92672K, used 3232K [0x00000000d5580000, 0x00000000dbb00000, 0x0000000100000000)
  eden space 81920K, 0% used [0x00000000d5580000,0x00000000d5580000,0x00000000da580000)
  from space 10752K, 30% used [0x00000000da580000,0x00000000da8a8000,0x00000000db000000)
  to   space 10752K, 0% used [0x00000000db080000,0x00000000db080000,0x00000000dbb00000)
 ParOldGen       total 316416K, used 61230K [0x0000000080000000, 0x0000000093500000, 0x00000000d5580000)
  object space 316416K, 19% used [0x0000000080000000,0x0000000083bcb868,0x0000000093500000)
 Metaspace       used 93619K, capacity 95789K, committed 98944K, reserved 1136640K
  class space    used 11180K, capacity 11541K, committed 12160K, reserved 1048576K
}
{Heap before GC invocations=404 (full 4):
 PSYoungGen      total 92672K, used 85152K [0x00000000d5580000, 0x00000000dbb00000, 0x0000000100000000)
  eden space 81920K, 100% used [0x00000000d5580000,0x00000000da580000,0x00000000da580000)
  from space 10752K, 30% used [0x00000000da580000,0x00000000da8a8000,0x00000000db000000)
  to   space 10752K, 0% used [0x00000000db080000,0x00000000db080000,0x00000000dbb00000)
 ParOldGen       total 316416K, used 61230K [0x0000000080000000, 0x0000000093500000, 0x00000000d5580000)
  object space 316416K, 19% used [0x0000000080000000,0x0000000083bcb868,0x0000000093500000)
 Metaspace       used 93619K, capacity 95789K, committed 98944K, reserved 1136640K
  class space    used 11180K, capacity 11541K, committed 12160K, reserved 1048576K
2023-04-14T04:30:14.767+0600: 1826286.850: [GC (Allocation Failure) [PSYoungGen: 85152K->3168K(92160K)] 146382K->64470K(408576K), 0.0135685 secs] [Times: user=0.01 sys=0.01, real=0.02 secs] 
Heap after GC invocations=404 (full 4):
 PSYoungGen      total 92160K, used 3168K [0x00000000d5580000, 0x00000000dba00000, 0x0000000100000000)
  eden space 82432K, 0% used [0x00000000d5580000,0x00000000d5580000,0x00000000da600000)
  from space 9728K, 32% used [0x00000000db080000,0x00000000db398000,0x00000000dba00000)
  to   space 10240K, 0% used [0x00000000da600000,0x00000000da600000,0x00000000db000000)
 ParOldGen       total 316416K, used 61302K [0x0000000080000000, 0x0000000093500000, 0x00000000d5580000)
  object space 316416K, 19% used [0x0000000080000000,0x0000000083bdd8c8,0x0000000093500000)
 Metaspace       used 93619K, capacity 95789K, committed 98944K, reserved 1136640K
  class space    used 11180K, capacity 11541K, committed 12160K, reserved 1048576K
}
{Heap before GC invocations=405 (full 4):
 PSYoungGen      total 92160K, used 85600K [0x00000000d5580000, 0x00000000dba00000, 0x0000000100000000)
  eden space 82432K, 100% used [0x00000000d5580000,0x00000000da600000,0x00000000da600000)
  from space 9728K, 32% used [0x00000000db080000,0x00000000db398000,0x00000000dba00000)
  to   space 10240K, 0% used [0x00000000da600000,0x00000000da600000,0x00000000db000000)
 ParOldGen       total 316416K, used 61302K [0x0000000080000000, 0x0000000093500000, 0x00000000d5580000)
  object space 316416K, 19% used [0x0000000080000000,0x0000000083bdd8c8,0x0000000093500000)
 Metaspace       used 93619K, capacity 95789K, committed 98944K, reserved 1136640K
  class space    used 11180K, capacity 11541K, committed 12160K, reserved 1048576K
2023-04-14T05:42:45.611+0600: 1830637.694: [GC (Allocation Failure) [PSYoungGen: 85600K->3649K(92672K)] 146902K->64987K(409088K), 0.0166933 secs] [Times: user=0.02 sys=0.00, real=0.01 secs] 
Heap after GC invocations=405 (full 4):
 PSYoungGen      total 92672K, used 3649K [0x00000000d5580000, 0x00000000dba80000, 0x0000000100000000)
  eden space 82432K, 0% used [0x00000000d5580000,0x00000000d5580000,0x00000000da600000)
  from space 10240K, 35% used [0x00000000da600000,0x00000000da9905c0,0x00000000db000000)
  to   space 10240K, 0% used [0x00000000db080000,0x00000000db080000,0x00000000dba80000)
 ParOldGen       total 316416K, used 61338K [0x0000000080000000, 0x0000000093500000, 0x00000000d5580000)
  object space 316416K, 19% used [0x0000000080000000,0x0000000083be6970,0x0000000093500000)
 Metaspace       used 93619K, capacity 95789K, committed 98944K, reserved 1136640K
  class space    used 11180K, capacity 11541K, committed 12160K, reserved 1048576K
}
{Heap before GC invocations=406 (full 4):
 PSYoungGen      total 92672K, used 86081K [0x00000000d5580000, 0x00000000dba80000, 0x0000000100000000)
  eden space 82432K, 100% used [0x00000000d5580000,0x00000000da600000,0x00000000da600000)
  from space 10240K, 35% used [0x00000000da600000,0x00000000da9905c0,0x00000000db000000)
  to   space 10240K, 0% used [0x00000000db080000,0x00000000db080000,0x00000000dba80000)
 ParOldGen       total 316416K, used 61338K [0x0000000080000000, 0x0000000093500000, 0x00000000d5580000)
  object space 316416K, 19% used [0x0000000080000000,0x0000000083be6970,0x0000000093500000)
 Metaspace       used 93619K, capacity 95789K, committed 98944K, reserved 1136640K
  class space    used 11180K, capacity 11541K, committed 12160K, reserved 1048576K
2023-04-14T06:56:43.706+0600: 1835075.789: [GC (Allocation Failure) [PSYoungGen: 86081K->3056K(92160K)] 147419K->64484K(408576K), 0.0161267 secs] [Times: user=0.03 sys=0.00, real=0.02 secs] 
Heap after GC invocations=406 (full 4):
 PSYoungGen      total 92160K, used 3056K [0x00000000d5580000, 0x00000000db980000, 0x0000000100000000)
  eden space 82944K, 0% used [0x00000000d5580000,0x00000000d5580000,0x00000000da680000)
  from space 9216K, 33% used [0x00000000db080000,0x00000000db37c130,0x00000000db980000)
  to   space 9728K, 0% used [0x00000000da680000,0x00000000da680000,0x00000000db000000)
 ParOldGen       total 316416K, used 61428K [0x0000000080000000, 0x0000000093500000, 0x00000000d5580000)
  object space 316416K, 19% used [0x0000000080000000,0x0000000083bfd218,0x0000000093500000)
 Metaspace       used 93619K, capacity 95789K, committed 98944K, reserved 1136640K
  class space    used 11180K, capacity 11541K, committed 12160K, reserved 1048576K
}
{Heap before GC invocations=407 (full 4):
 PSYoungGen      total 92160K, used 85999K [0x00000000d5580000, 0x00000000db980000, 0x0000000100000000)
  eden space 82944K, 99% used [0x00000000d5580000,0x00000000da67fb40,0x00000000da680000)
  from space 9216K, 33% used [0x00000000db080000,0x00000000db37c130,0x00000000db980000)
  to   space 9728K, 0% used [0x00000000da680000,0x00000000da680000,0x00000000db000000)
 ParOldGen       total 316416K, used 61428K [0x0000000080000000, 0x0000000093500000, 0x00000000d5580000)
  object space 316416K, 19% used [0x0000000080000000,0x0000000083bfd218,0x0000000093500000)
 Metaspace       used 93619K, capacity 95789K, committed 98944K, reserved 1136640K
  class space    used 11180K, capacity 11541K, committed 12160K, reserved 1048576K
2023-04-14T08:14:01.491+0600: 1839713.574: [GC (Allocation Failure) [PSYoungGen: 85999K->2960K(92672K)] 147427K->64412K(409088K), 0.0123042 secs] [Times: user=0.01 sys=0.02, real=0.01 secs] 
Heap after GC invocations=407 (full 4):
 PSYoungGen      total 92672K, used 2960K [0x00000000d5580000, 0x00000000dba00000, 0x0000000100000000)
  eden space 82944K, 0% used [0x00000000d5580000,0x00000000d5580000,0x00000000da680000)
  from space 9728K, 30% used [0x00000000da680000,0x00000000da964130,0x00000000db000000)
  to   space 9728K, 0% used [0x00000000db080000,0x00000000db080000,0x00000000dba00000)
 ParOldGen       total 316416K, used 61452K [0x0000000080000000, 0x0000000093500000, 0x00000000d5580000)
  object space 316416K, 19% used [0x0000000080000000,0x0000000083c03218,0x0000000093500000)
 Metaspace       used 93619K, capacity 95789K, committed 98944K, reserved 1136640K
  class space    used 11180K, capacity 11541K, committed 12160K, reserved 1048576K
}
{Heap before GC invocations=408 (full 4):
 PSYoungGen      total 92672K, used 85904K [0x00000000d5580000, 0x00000000dba00000, 0x0000000100000000)
  eden space 82944K, 100% used [0x00000000d5580000,0x00000000da680000,0x00000000da680000)
  from space 9728K, 30% used [0x00000000da680000,0x00000000da964130,0x00000000db000000)
  to   space 9728K, 0% used [0x00000000db080000,0x00000000db080000,0x00000000dba00000)
 ParOldGen       total 316416K, used 61452K [0x0000000080000000, 0x0000000093500000, 0x00000000d5580000)
  object space 316416K, 19% used [0x0000000080000000,0x0000000083c03218,0x0000000093500000)
 Metaspace       used 93619K, capacity 95789K, committed 98944K, reserved 1136640K
  class space    used 11180K, capacity 11541K, committed 12160K, reserved 1048576K
2023-04-14T09:29:41.520+0600: 1844253.603: [GC (Allocation Failure) [PSYoungGen: 85904K->2928K(93184K)] 147356K->64465K(409600K), 0.0169923 secs] [Times: user=0.03 sys=0.00, real=0.01 secs] 
Heap after GC invocations=408 (full 4):
 PSYoungGen      total 93184K, used 2928K [0x00000000d5580000, 0x00000000dba00000, 0x0000000100000000)
  eden space 83456K, 0% used [0x00000000d5580000,0x00000000d5580000,0x00000000da700000)
  from space 9728K, 30% used [0x00000000db080000,0x00000000db35c130,0x00000000dba00000)
  to   space 9728K, 0% used [0x00000000da700000,0x00000000da700000,0x00000000db080000)
 ParOldGen       total 316416K, used 61537K [0x0000000080000000, 0x0000000093500000, 0x00000000d5580000)
  object space 316416K, 19% used [0x0000000080000000,0x0000000083c185a0,0x0000000093500000)
 Metaspace       used 93619K, capacity 95789K, committed 98944K, reserved 1136640K
  class space    used 11180K, capacity 11541K, committed 12160K, reserved 1048576K
}
{Heap before GC invocations=409 (full 4):
 PSYoungGen      total 93184K, used 86379K [0x00000000d5580000, 0x00000000dba00000, 0x0000000100000000)
  eden space 83456K, 99% used [0x00000000d5580000,0x00000000da6feb30,0x00000000da700000)
  from space 9728K, 30% used [0x00000000db080000,0x00000000db35c130,0x00000000dba00000)
  to   space 9728K, 0% used [0x00000000da700000,0x00000000da700000,0x00000000db080000)
 ParOldGen       total 316416K, used 61537K [0x0000000080000000, 0x0000000093500000, 0x00000000d5580000)
  object space 316416K, 19% used [0x0000000080000000,0x0000000083c185a0,0x0000000093500000)
 Metaspace       used 93619K, capacity 95789K, committed 98944K, reserved 1136640K
  class space    used 11180K, capacity 11541K, committed 12160K, reserved 1048576K
2023-04-14T10:42:15.301+0600: 1848607.384: [GC (Allocation Failure) [PSYoungGen: 86379K->3313K(93184K)] 147916K->65014K(409600K), 0.0130335 secs] [Times: user=0.01 sys=0.02, real=0.01 secs] 
Heap after GC invocations=409 (full 4):
 PSYoungGen      total 93184K, used 3313K [0x00000000d5580000, 0x00000000db980000, 0x0000000100000000)
  eden space 83456K, 0% used [0x00000000d5580000,0x00000000d5580000,0x00000000da700000)
  from space 9728K, 34% used [0x00000000da700000,0x00000000daa3c7f0,0x00000000db080000)
  to   space 9216K, 0% used [0x00000000db080000,0x00000000db080000,0x00000000db980000)
 ParOldGen       total 316416K, used 61700K [0x0000000080000000, 0x0000000093500000, 0x00000000d5580000)
  object space 316416K, 19% used [0x0000000080000000,0x0000000083c41310,0x0000000093500000)
 Metaspace       used 93619K, capacity 95789K, committed 98944K, reserved 1136640K
  class space    used 11180K, capacity 11541K, committed 12160K, reserved 1048576K
}
{Heap before GC invocations=410 (full 4):
 PSYoungGen      total 93184K, used 86769K [0x00000000d5580000, 0x00000000db980000, 0x0000000100000000)
  eden space 83456K, 100% used [0x00000000d5580000,0x00000000da700000,0x00000000da700000)
  from space 9728K, 34% used [0x00000000da700000,0x00000000daa3c7f0,0x00000000db080000)
  to   space 9216K, 0% used [0x00000000db080000,0x00000000db080000,0x00000000db980000)
 ParOldGen       total 316416K, used 61700K [0x0000000080000000, 0x0000000093500000, 0x00000000d5580000)
  object space 316416K, 19% used [0x0000000080000000,0x0000000083c41310,0x0000000093500000)
 Metaspace       used 93619K, capacity 95789K, committed 98944K, reserved 1136640K
  class space    used 11180K, capacity 11541K, committed 12160K, reserved 1048576K
2023-04-14T11:55:46.368+0600: 1853018.450: [GC (Allocation Failure) [PSYoungGen: 86769K->3136K(93184K)] 148470K->65016K(409600K), 0.0144514 secs] [Times: user=0.02 sys=0.00, real=0.02 secs] 
Heap after GC invocations=410 (full 4):
 PSYoungGen      total 93184K, used 3136K [0x00000000d5580000, 0x00000000db980000, 0x0000000100000000)
  eden space 83968K, 0% used [0x00000000d5580000,0x00000000d5580000,0x00000000da780000)
  from space 9216K, 34% used [0x00000000db080000,0x00000000db390020,0x00000000db980000)
  to   space 9216K, 0% used [0x00000000da780000,0x00000000da780000,0x00000000db080000)
 ParOldGen       total 316416K, used 61880K [0x0000000080000000, 0x0000000093500000, 0x00000000d5580000)
  object space 316416K, 19% used [0x0000000080000000,0x0000000083c6e1c8,0x0000000093500000)
 Metaspace       used 93619K, capacity 95789K, committed 98944K, reserved 1136640K
  class space    used 11180K, capacity 11541K, committed 12160K, reserved 1048576K
}
{Heap before GC invocations=411 (full 4):
 PSYoungGen      total 93184K, used 87103K [0x00000000d5580000, 0x00000000db980000, 0x0000000100000000)
  eden space 83968K, 99% used [0x00000000d5580000,0x00000000da77ffc0,0x00000000da780000)
  from space 9216K, 34% used [0x00000000db080000,0x00000000db390020,0x00000000db980000)
  to   space 9216K, 0% used [0x00000000da780000,0x00000000da780000,0x00000000db080000)
 ParOldGen       total 316416K, used 61880K [0x0000000080000000, 0x0000000093500000, 0x00000000d5580000)
  object space 316416K, 19% used [0x0000000080000000,0x0000000083c6e1c8,0x0000000093500000)
 Metaspace       used 93632K, capacity 95819K, committed 98944K, reserved 1136640K
  class space    used 11183K, capacity 11546K, committed 12160K, reserved 1048576K
2023-04-14T13:06:53.698+0600: 1857285.780: [GC (Allocation Failure) [PSYoungGen: 87103K->3185K(93184K)] 148984K->65066K(409600K), 0.0171288 secs] [Times: user=0.03 sys=0.00, real=0.02 secs] 
Heap after GC invocations=411 (full 4):
 PSYoungGen      total 93184K, used 3185K [0x00000000d5580000, 0x00000000db900000, 0x0000000100000000)
  eden space 83968K, 0% used [0x00000000d5580000,0x00000000d5580000,0x00000000da780000)
  from space 9216K, 34% used [0x00000000da780000,0x00000000daa9c6a0,0x00000000db080000)
  to   space 8704K, 0% used [0x00000000db080000,0x00000000db080000,0x00000000db900000)
 ParOldGen       total 316416K, used 61880K [0x0000000080000000, 0x0000000093500000, 0x00000000d5580000)
  object space 316416K, 19% used [0x0000000080000000,0x0000000083c6e1c8,0x0000000093500000)
 Metaspace       used 93632K, capacity 95819K, committed 98944K, reserved 1136640K
  class space    used 11183K, capacity 11546K, committed 12160K, reserved 1048576K
}
{Heap before GC invocations=412 (full 4):
 PSYoungGen      total 93184K, used 87153K [0x00000000d5580000, 0x00000000db900000, 0x0000000100000000)
  eden space 83968K, 100% used [0x00000000d5580000,0x00000000da780000,0x00000000da780000)
  from space 9216K, 34% used [0x00000000da780000,0x00000000daa9c6a0,0x00000000db080000)
  to   space 8704K, 0% used [0x00000000db080000,0x00000000db080000,0x00000000db900000)
 ParOldGen       total 316416K, used 61880K [0x0000000080000000, 0x0000000093500000, 0x00000000d5580000)
  object space 316416K, 19% used [0x0000000080000000,0x0000000083c6e1c8,0x0000000093500000)
 Metaspace       used 93632K, capacity 95819K, committed 98944K, reserved 1136640K
  class space    used 11183K, capacity 11546K, committed 12160K, reserved 1048576K
2023-04-14T14:21:47.537+0600: 1861779.620: [GC (Allocation Failure) [PSYoungGen: 87153K->2720K(93184K)] 149034K->64664K(409600K), 0.0146787 secs] [Times: user=0.02 sys=0.00, real=0.02 secs] 
Heap after GC invocations=412 (full 4):
 PSYoungGen      total 93184K, used 2720K [0x00000000d5580000, 0x00000000db900000, 0x0000000100000000)
  eden space 84480K, 0% used [0x00000000d5580000,0x00000000d5580000,0x00000000da800000)
  from space 8704K, 31% used [0x00000000db080000,0x00000000db328000,0x00000000db900000)
  to   space 8704K, 0% used [0x00000000da800000,0x00000000da800000,0x00000000db080000)
 ParOldGen       total 316416K, used 61944K [0x0000000080000000, 0x0000000093500000, 0x00000000d5580000)
  object space 316416K, 19% used [0x0000000080000000,0x0000000083c7e1c8,0x0000000093500000)
 Metaspace       used 93632K, capacity 95819K, committed 98944K, reserved 1136640K
  class space    used 11183K, capacity 11546K, committed 12160K, reserved 1048576K
}
{Heap before GC invocations=413 (full 4):
 PSYoungGen      total 93184K, used 87200K [0x00000000d5580000, 0x00000000db900000, 0x0000000100000000)
  eden space 84480K, 100% used [0x00000000d5580000,0x00000000da800000,0x00000000da800000)
  from space 8704K, 31% used [0x00000000db080000,0x00000000db328000,0x00000000db900000)
  to   space 8704K, 0% used [0x00000000da800000,0x00000000da800000,0x00000000db080000)
 ParOldGen       total 316416K, used 61944K [0x0000000080000000, 0x0000000093500000, 0x00000000d5580000)
  object space 316416K, 19% used [0x0000000080000000,0x0000000083c7e1c8,0x0000000093500000)
 Metaspace       used 93632K, capacity 95819K, committed 98944K, reserved 1136640K
  class space    used 11183K, capacity 11546K, committed 12160K, reserved 1048576K
2023-04-14T15:39:48.756+0600: 1866460.839: [GC (Allocation Failure) [PSYoungGen: 87200K->2624K(93184K)] 149144K->64600K(409600K), 0.0127885 secs] [Times: user=0.02 sys=0.00, real=0.01 secs] 
Heap after GC invocations=413 (full 4):
 PSYoungGen      total 93184K, used 2624K [0x00000000d5580000, 0x00000000db880000, 0x0000000100000000)
  eden space 84480K, 0% used [0x00000000d5580000,0x00000000d5580000,0x00000000da800000)
  from space 8704K, 30% used [0x00000000da800000,0x00000000daa90000,0x00000000db080000)
  to   space 8192K, 0% used [0x00000000db080000,0x00000000db080000,0x00000000db880000)
 ParOldGen       total 316416K, used 61976K [0x0000000080000000, 0x0000000093500000, 0x00000000d5580000)
  object space 316416K, 19% used [0x0000000080000000,0x0000000083c861c8,0x0000000093500000)
 Metaspace       used 93632K, capacity 95819K, committed 98944K, reserved 1136640K
  class space    used 11183K, capacity 11546K, committed 12160K, reserved 1048576K
}
{Heap before GC invocations=414 (full 4):
 PSYoungGen      total 93184K, used 87104K [0x00000000d5580000, 0x00000000db880000, 0x0000000100000000)
  eden space 84480K, 100% used [0x00000000d5580000,0x00000000da800000,0x00000000da800000)
  from space 8704K, 30% used [0x00000000da800000,0x00000000daa90000,0x00000000db080000)
  to   space 8192K, 0% used [0x00000000db080000,0x00000000db080000,0x00000000db880000)
 ParOldGen       total 316416K, used 61976K [0x0000000080000000, 0x0000000093500000, 0x00000000d5580000)
  object space 316416K, 19% used [0x0000000080000000,0x0000000083c861c8,0x0000000093500000)
 Metaspace       used 93642K, capacity 95843K, committed 98944K, reserved 1136640K
  class space    used 11185K, capacity 11550K, committed 12160K, reserved 1048576K
2023-04-14T16:41:19.781+0600: 1870151.864: [GC (Allocation Failure) [PSYoungGen: 87104K->3473K(93184K)] 149080K->65486K(409600K), 0.0160647 secs] [Times: user=0.03 sys=0.00, real=0.01 secs] 
Heap after GC invocations=414 (full 4):
 PSYoungGen      total 93184K, used 3473K [0x00000000d5580000, 0x00000000db880000, 0x0000000100000000)
  eden space 84992K, 0% used [0x00000000d5580000,0x00000000d5580000,0x00000000da880000)
  from space 8192K, 42% used [0x00000000db080000,0x00000000db3e44d0,0x00000000db880000)
  to   space 8192K, 0% used [0x00000000da880000,0x00000000da880000,0x00000000db080000)
 ParOldGen       total 316416K, used 62013K [0x0000000080000000, 0x0000000093500000, 0x00000000d5580000)
  object space 316416K, 19% used [0x0000000080000000,0x0000000083c8f568,0x0000000093500000)
 Metaspace       used 93642K, capacity 95843K, committed 98944K, reserved 1136640K
  class space    used 11185K, capacity 11550K, committed 12160K, reserved 1048576K
}
{Heap before GC invocations=415 (full 4):
 PSYoungGen      total 93184K, used 88465K [0x00000000d5580000, 0x00000000db880000, 0x0000000100000000)
  eden space 84992K, 100% used [0x00000000d5580000,0x00000000da880000,0x00000000da880000)
  from space 8192K, 42% used [0x00000000db080000,0x00000000db3e44d0,0x00000000db880000)
  to   space 8192K, 0% used [0x00000000da880000,0x00000000da880000,0x00000000db080000)
 ParOldGen       total 316416K, used 62013K [0x0000000080000000, 0x0000000093500000, 0x00000000d5580000)
  object space 316416K, 19% used [0x0000000080000000,0x0000000083c8f568,0x0000000093500000)
 Metaspace       used 93642K, capacity 95843K, committed 98944K, reserved 1136640K
  class space    used 11185K, capacity 11550K, committed 12160K, reserved 1048576K
2023-04-14T17:52:10.617+0600: 1874402.699: [GC (Allocation Failure) [PSYoungGen: 88465K->3713K(93184K)] 150478K->65803K(409600K), 0.0138885 secs] [Times: user=0.03 sys=0.00, real=0.02 secs] 
Heap after GC invocations=415 (full 4):
 PSYoungGen      total 93184K, used 3713K [0x00000000d5580000, 0x00000000db800000, 0x0000000100000000)
  eden space 84992K, 0% used [0x00000000d5580000,0x00000000d5580000,0x00000000da880000)
  from space 8192K, 45% used [0x00000000da880000,0x00000000dac206e0,0x00000000db080000)
  to   space 7680K, 0% used [0x00000000db080000,0x00000000db080000,0x00000000db800000)
 ParOldGen       total 316416K, used 62090K [0x0000000080000000, 0x0000000093500000, 0x00000000d5580000)
  object space 316416K, 19% used [0x0000000080000000,0x0000000083ca2908,0x0000000093500000)
 Metaspace       used 93642K, capacity 95843K, committed 98944K, reserved 1136640K
  class space    used 11185K, capacity 11550K, committed 12160K, reserved 1048576K
}
{Heap before GC invocations=416 (full 4):
 PSYoungGen      total 93184K, used 88705K [0x00000000d5580000, 0x00000000db800000, 0x0000000100000000)
  eden space 84992K, 100% used [0x00000000d5580000,0x00000000da880000,0x00000000da880000)
  from space 8192K, 45% used [0x00000000da880000,0x00000000dac206e0,0x00000000db080000)
  to   space 7680K, 0% used [0x00000000db080000,0x00000000db080000,0x00000000db800000)
 ParOldGen       total 316416K, used 62090K [0x0000000080000000, 0x0000000093500000, 0x00000000d5580000)
  object space 316416K, 19% used [0x0000000080000000,0x0000000083ca2908,0x0000000093500000)
 Metaspace       used 93642K, capacity 95843K, committed 98944K, reserved 1136640K
  class space    used 11185K, capacity 11550K, committed 12160K, reserved 1048576K
2023-04-14T19:08:51.297+0600: 1879003.380: [GC (Allocation Failure) [PSYoungGen: 88705K->2624K(93184K)] 150795K->64794K(409600K), 0.0163118 secs] [Times: user=0.02 sys=0.01, real=0.02 secs] 
Heap after GC invocations=416 (full 4):
 PSYoungGen      total 93184K, used 2624K [0x00000000d5580000, 0x00000000db800000, 0x0000000100000000)
  eden space 85504K, 0% used [0x00000000d5580000,0x00000000d5580000,0x00000000da900000)
  from space 7680K, 34% used [0x00000000db080000,0x00000000db310000,0x00000000db800000)
  to   space 7680K, 0% used [0x00000000da900000,0x00000000da900000,0x00000000db080000)
 ParOldGen       total 316416K, used 62170K [0x0000000080000000, 0x0000000093500000, 0x00000000d5580000)
  object space 316416K, 19% used [0x0000000080000000,0x0000000083cb6908,0x0000000093500000)
 Metaspace       used 93642K, capacity 95843K, committed 98944K, reserved 1136640K
  class space    used 11185K, capacity 11550K, committed 12160K, reserved 1048576K
}
{Heap before GC invocations=417 (full 4):
 PSYoungGen      total 93184K, used 88128K [0x00000000d5580000, 0x00000000db800000, 0x0000000100000000)
  eden space 85504K, 100% used [0x00000000d5580000,0x00000000da900000,0x00000000da900000)
  from space 7680K, 34% used [0x00000000db080000,0x00000000db310000,0x00000000db800000)
  to   space 7680K, 0% used [0x00000000da900000,0x00000000da900000,0x00000000db080000)
 ParOldGen       total 316416K, used 62170K [0x0000000080000000, 0x0000000093500000, 0x00000000d5580000)
  object space 316416K, 19% used [0x0000000080000000,0x0000000083cb6908,0x0000000093500000)
 Metaspace       used 93649K, capacity 95843K, committed 98944K, reserved 1136640K
  class space    used 11185K, capacity 11550K, committed 12160K, reserved 1048576K
2023-04-14T20:23:40.706+0600: 1883492.789: [GC (Allocation Failure) [PSYoungGen: 88128K->3184K(93184K)] 150298K->65378K(409600K), 0.0154636 secs] [Times: user=0.02 sys=0.00, real=0.02 secs] 
Heap after GC invocations=417 (full 4):
 PSYoungGen      total 93184K, used 3184K [0x00000000d5580000, 0x00000000db780000, 0x0000000100000000)
  eden space 85504K, 0% used [0x00000000d5580000,0x00000000d5580000,0x00000000da900000)
  from space 7680K, 41% used [0x00000000da900000,0x00000000dac1c250,0x00000000db080000)
  to   space 7168K, 0% used [0x00000000db080000,0x00000000db080000,0x00000000db780000)
 ParOldGen       total 316416K, used 62194K [0x0000000080000000, 0x0000000093500000, 0x00000000d5580000)
  object space 316416K, 19% used [0x0000000080000000,0x0000000083cbc908,0x0000000093500000)
 Metaspace       used 93649K, capacity 95843K, committed 98944K, reserved 1136640K
  class space    used 11185K, capacity 11550K, committed 12160K, reserved 1048576K
}
{Heap before GC invocations=418 (full 4):
 PSYoungGen      total 93184K, used 88688K [0x00000000d5580000, 0x00000000db780000, 0x0000000100000000)
  eden space 85504K, 100% used [0x00000000d5580000,0x00000000da900000,0x00000000da900000)
  from space 7680K, 41% used [0x00000000da900000,0x00000000dac1c250,0x00000000db080000)
  to   space 7168K, 0% used [0x00000000db080000,0x00000000db080000,0x00000000db780000)
 ParOldGen       total 316416K, used 62194K [0x0000000080000000, 0x0000000093500000, 0x00000000d5580000)
  object space 316416K, 19% used [0x0000000080000000,0x0000000083cbc908,0x0000000093500000)
 Metaspace       used 93665K, capacity 95873K, committed 98944K, reserved 1136640K
  class space    used 11188K, capacity 11555K, committed 12160K, reserved 1048576K
2023-04-14T21:22:31.528+0600: 1887023.611: [GC (Allocation Failure) [PSYoungGen: 88688K->4452K(93184K)] 150882K->66654K(409600K), 0.0119268 secs] [Times: user=0.02 sys=0.00, real=0.02 secs] 
Heap after GC invocations=418 (full 4):
 PSYoungGen      total 93184K, used 4452K [0x00000000d5580000, 0x00000000db780000, 0x0000000100000000)
  eden space 86016K, 0% used [0x00000000d5580000,0x00000000d5580000,0x00000000da980000)
  from space 7168K, 62% used [0x00000000db080000,0x00000000db4d91c0,0x00000000db780000)
  to   space 7168K, 0% used [0x00000000da980000,0x00000000da980000,0x00000000db080000)
 ParOldGen       total 316416K, used 62202K [0x0000000080000000, 0x0000000093500000, 0x00000000d5580000)
  object space 316416K, 19% used [0x0000000080000000,0x0000000083cbe908,0x0000000093500000)
 Metaspace       used 93665K, capacity 95873K, committed 98944K, reserved 1136640K
  class space    used 11188K, capacity 11555K, committed 12160K, reserved 1048576K
}
{Heap before GC invocations=419 (full 4):
 PSYoungGen      total 93184K, used 90465K [0x00000000d5580000, 0x00000000db780000, 0x0000000100000000)
  eden space 86016K, 99% used [0x00000000d5580000,0x00000000da97f458,0x00000000da980000)
  from space 7168K, 62% used [0x00000000db080000,0x00000000db4d91c0,0x00000000db780000)
  to   space 7168K, 0% used [0x00000000da980000,0x00000000da980000,0x00000000db080000)
 ParOldGen       total 316416K, used 62202K [0x0000000080000000, 0x0000000093500000, 0x00000000d5580000)
  object space 316416K, 19% used [0x0000000080000000,0x0000000083cbe908,0x0000000093500000)
 Metaspace       used 93665K, capacity 95873K, committed 98944K, reserved 1136640K
  class space    used 11188K, capacity 11555K, committed 12160K, reserved 1048576K
2023-04-14T22:39:48.718+0600: 1891660.800: [GC (Allocation Failure) [PSYoungGen: 90465K->2752K(93184K)] 152667K->64954K(409600K), 0.0165462 secs] [Times: user=0.02 sys=0.00, real=0.02 secs] 
Heap after GC invocations=419 (full 4):
 PSYoungGen      total 93184K, used 2752K [0x00000000d5580000, 0x00000000db800000, 0x0000000100000000)
  eden space 86016K, 0% used [0x00000000d5580000,0x00000000d5580000,0x00000000da980000)
  from space 7168K, 38% used [0x00000000da980000,0x00000000dac30000,0x00000000db080000)
  to   space 7168K, 0% used [0x00000000db100000,0x00000000db100000,0x00000000db800000)
 ParOldGen       total 316416K, used 62202K [0x0000000080000000, 0x0000000093500000, 0x00000000d5580000)
  object space 316416K, 19% used [0x0000000080000000,0x0000000083cbe908,0x0000000093500000)
 Metaspace       used 93665K, capacity 95873K, committed 98944K, reserved 1136640K
  class space    used 11188K, capacity 11555K, committed 12160K, reserved 1048576K
}
{Heap before GC invocations=420 (full 4):
 PSYoungGen      total 93184K, used 88766K [0x00000000d5580000, 0x00000000db800000, 0x0000000100000000)
  eden space 86016K, 99% used [0x00000000d5580000,0x00000000da97fa58,0x00000000da980000)
  from space 7168K, 38% used [0x00000000da980000,0x00000000dac30000,0x00000000db080000)
  to   space 7168K, 0% used [0x00000000db100000,0x00000000db100000,0x00000000db800000)
 ParOldGen       total 316416K, used 62202K [0x0000000080000000, 0x0000000093500000, 0x00000000d5580000)
  object space 316416K, 19% used [0x0000000080000000,0x0000000083cbe908,0x0000000093500000)
 Metaspace       used 93675K, capacity 95873K, committed 98944K, reserved 1136640K
  class space    used 11189K, capacity 11555K, committed 12160K, reserved 1048576K
2023-04-14T23:36:11.489+0600: 1895043.572: [GC (Allocation Failure) [PSYoungGen: 88766K->5636K(93696K)] 150968K->67862K(410112K), 0.0181430 secs] [Times: user=0.03 sys=0.00, real=0.01 secs] 
Heap after GC invocations=420 (full 4):
 PSYoungGen      total 93696K, used 5636K [0x00000000d5580000, 0x00000000db800000, 0x0000000100000000)
  eden space 86528K, 0% used [0x00000000d5580000,0x00000000d5580000,0x00000000daa00000)
  from space 7168K, 78% used [0x00000000db100000,0x00000000db681030,0x00000000db800000)
  to   space 7168K, 0% used [0x00000000daa00000,0x00000000daa00000,0x00000000db100000)
 ParOldGen       total 316416K, used 62226K [0x0000000080000000, 0x0000000093500000, 0x00000000d5580000)
  object space 316416K, 19% used [0x0000000080000000,0x0000000083cc4908,0x0000000093500000)
 Metaspace       used 93675K, capacity 95873K, committed 98944K, reserved 1136640K
  class space    used 11189K, capacity 11555K, committed 12160K, reserved 1048576K
}
{Heap before GC invocations=421 (full 4):
 PSYoungGen      total 93696K, used 92164K [0x00000000d5580000, 0x00000000db800000, 0x0000000100000000)
  eden space 86528K, 100% used [0x00000000d5580000,0x00000000daa00000,0x00000000daa00000)
  from space 7168K, 78% used [0x00000000db100000,0x00000000db681030,0x00000000db800000)
  to   space 7168K, 0% used [0x00000000daa00000,0x00000000daa00000,0x00000000db100000)
 ParOldGen       total 316416K, used 62226K [0x0000000080000000, 0x0000000093500000, 0x00000000d5580000)
  object space 316416K, 19% used [0x0000000080000000,0x0000000083cc4908,0x0000000093500000)
 Metaspace       used 93675K, capacity 95873K, committed 98944K, reserved 1136640K
  class space    used 11189K, capacity 11555K, committed 12160K, reserved 1048576K
2023-04-15T00:38:52.299+0600: 1898804.382: [GC (Allocation Failure) [PSYoungGen: 92164K->5347K(93696K)] 154390K->67573K(410112K), 0.0210101 secs] [Times: user=0.04 sys=0.00, real=0.02 secs] 
Heap after GC invocations=421 (full 4):
 PSYoungGen      total 93696K, used 5347K [0x00000000d5580000, 0x00000000db980000, 0x0000000100000000)
  eden space 86528K, 0% used [0x00000000d5580000,0x00000000d5580000,0x00000000daa00000)
  from space 7168K, 74% used [0x00000000daa00000,0x00000000daf38e00,0x00000000db100000)
  to   space 7680K, 0% used [0x00000000db200000,0x00000000db200000,0x00000000db980000)
 ParOldGen       total 316416K, used 62226K [0x0000000080000000, 0x0000000093500000, 0x00000000d5580000)
  object space 316416K, 19% used [0x0000000080000000,0x0000000083cc4908,0x0000000093500000)
 Metaspace       used 93675K, capacity 95873K, committed 98944K, reserved 1136640K
  class space    used 11189K, capacity 11555K, committed 12160K, reserved 1048576K
}
{Heap before GC invocations=422 (full 4):
 PSYoungGen      total 93696K, used 91875K [0x00000000d5580000, 0x00000000db980000, 0x0000000100000000)
  eden space 86528K, 100% used [0x00000000d5580000,0x00000000daa00000,0x00000000daa00000)
  from space 7168K, 74% used [0x00000000daa00000,0x00000000daf38e00,0x00000000db100000)
  to   space 7680K, 0% used [0x00000000db200000,0x00000000db200000,0x00000000db980000)
 ParOldGen       total 316416K, used 62226K [0x0000000080000000, 0x0000000093500000, 0x00000000d5580000)
  object space 316416K, 19% used [0x0000000080000000,0x0000000083cc4908,0x0000000093500000)
 Metaspace       used 93675K, capacity 95873K, committed 98944K, reserved 1136640K
  class space    used 11189K, capacity 11555K, committed 12160K, reserved 1048576K
2023-04-15T01:41:17.591+0600: 1902549.673: [GC (Allocation Failure) [PSYoungGen: 91875K->5412K(94720K)] 154101K->67638K(411136K), 0.0209929 secs] [Times: user=0.04 sys=0.00, real=0.02 secs] 
Heap after GC invocations=422 (full 4):
 PSYoungGen      total 94720K, used 5412K [0x00000000d5580000, 0x00000000db980000, 0x0000000100000000)
  eden space 87040K, 0% used [0x00000000d5580000,0x00000000d5580000,0x00000000daa80000)
  from space 7680K, 70% used [0x00000000db200000,0x00000000db749030,0x00000000db980000)
  to   space 7680K, 0% used [0x00000000daa80000,0x00000000daa80000,0x00000000db200000)
 ParOldGen       total 316416K, used 62226K [0x0000000080000000, 0x0000000093500000, 0x00000000d5580000)
  object space 316416K, 19% used [0x0000000080000000,0x0000000083cc4908,0x0000000093500000)
 Metaspace       used 93675K, capacity 95873K, committed 98944K, reserved 1136640K
  class space    used 11189K, capacity 11555K, committed 12160K, reserved 1048576K
}
{Heap before GC invocations=423 (full 4):
 PSYoungGen      total 94720K, used 92452K [0x00000000d5580000, 0x00000000db980000, 0x0000000100000000)
  eden space 87040K, 100% used [0x00000000d5580000,0x00000000daa80000,0x00000000daa80000)
  from space 7680K, 70% used [0x00000000db200000,0x00000000db749030,0x00000000db980000)
  to   space 7680K, 0% used [0x00000000daa80000,0x00000000daa80000,0x00000000db200000)
 ParOldGen       total 316416K, used 62226K [0x0000000080000000, 0x0000000093500000, 0x00000000d5580000)
  object space 316416K, 19% used [0x0000000080000000,0x0000000083cc4908,0x0000000093500000)
 Metaspace       used 93675K, capacity 95873K, committed 98944K, reserved 1136640K
  class space    used 11189K, capacity 11555K, committed 12160K, reserved 1048576K
2023-04-15T02:50:46.338+0600: 1906718.421: [GC (Allocation Failure) [PSYoungGen: 92452K->4865K(94720K)] 154678K->67092K(411136K), 0.0143560 secs] [Times: user=0.03 sys=0.00, real=0.02 secs] 
Heap after GC invocations=423 (full 4):
 PSYoungGen      total 94720K, used 4865K [0x00000000d5580000, 0x00000000dba00000, 0x0000000100000000)
  eden space 87040K, 0% used [0x00000000d5580000,0x00000000d5580000,0x00000000daa80000)
  from space 7680K, 63% used [0x00000000daa80000,0x00000000daf40720,0x00000000db200000)
  to   space 7680K, 0% used [0x00000000db280000,0x00000000db280000,0x00000000dba00000)
 ParOldGen       total 316416K, used 62226K [0x0000000080000000, 0x0000000093500000, 0x00000000d5580000)
  object space 316416K, 19% used [0x0000000080000000,0x0000000083cc4908,0x0000000093500000)
 Metaspace       used 93675K, capacity 95873K, committed 98944K, reserved 1136640K
  class space    used 11189K, capacity 11555K, committed 12160K, reserved 1048576K
}
{Heap before GC invocations=424 (full 4):
 PSYoungGen      total 94720K, used 91905K [0x00000000d5580000, 0x00000000dba00000, 0x0000000100000000)
  eden space 87040K, 100% used [0x00000000d5580000,0x00000000daa80000,0x00000000daa80000)
  from space 7680K, 63% used [0x00000000daa80000,0x00000000daf40720,0x00000000db200000)
  to   space 7680K, 0% used [0x00000000db280000,0x00000000db280000,0x00000000dba00000)
 ParOldGen       total 316416K, used 62226K [0x0000000080000000, 0x0000000093500000, 0x00000000d5580000)
  object space 316416K, 19% used [0x0000000080000000,0x0000000083cc4908,0x0000000093500000)
 Metaspace       used 93675K, capacity 95873K, committed 98944K, reserved 1136640K
  class space    used 11189K, capacity 11555K, committed 12160K, reserved 1048576K
2023-04-15T04:10:47.213+0600: 1911519.296: [GC (Allocation Failure) [PSYoungGen: 91905K->3200K(95232K)] 154132K->65458K(411648K), 0.0143102 secs] [Times: user=0.02 sys=0.00, real=0.01 secs] 
Heap after GC invocations=424 (full 4):
 PSYoungGen      total 95232K, used 3200K [0x00000000d5580000, 0x00000000dba00000, 0x0000000100000000)
  eden space 87552K, 0% used [0x00000000d5580000,0x00000000d5580000,0x00000000dab00000)
  from space 7680K, 41% used [0x00000000db280000,0x00000000db5a0000,0x00000000dba00000)
  to   space 7680K, 0% used [0x00000000dab00000,0x00000000dab00000,0x00000000db280000)
 ParOldGen       total 316416K, used 62258K [0x0000000080000000, 0x0000000093500000, 0x00000000d5580000)
  object space 316416K, 19% used [0x0000000080000000,0x0000000083ccc908,0x0000000093500000)
 Metaspace       used 93675K, capacity 95873K, committed 98944K, reserved 1136640K
  class space    used 11189K, capacity 11555K, committed 12160K, reserved 1048576K
}
{Heap before GC invocations=425 (full 4):
 PSYoungGen      total 95232K, used 90752K [0x00000000d5580000, 0x00000000dba00000, 0x0000000100000000)
  eden space 87552K, 100% used [0x00000000d5580000,0x00000000dab00000,0x00000000dab00000)
  from space 7680K, 41% used [0x00000000db280000,0x00000000db5a0000,0x00000000dba00000)
  to   space 7680K, 0% used [0x00000000dab00000,0x00000000dab00000,0x00000000db280000)
 ParOldGen       total 316416K, used 62258K [0x0000000080000000, 0x0000000093500000, 0x00000000d5580000)
  object space 316416K, 19% used [0x0000000080000000,0x0000000083ccc908,0x0000000093500000)
 Metaspace       used 93675K, capacity 95873K, committed 98944K, reserved 1136640K
  class space    used 11189K, capacity 11555K, committed 12160K, reserved 1048576K
2023-04-15T05:29:56.196+0600: 1916268.279: [GC (Allocation Failure) [PSYoungGen: 90752K->3104K(95232K)] 153010K->65394K(411648K), 0.0143118 secs] [Times: user=0.01 sys=0.01, real=0.02 secs] 
Heap after GC invocations=425 (full 4):
 PSYoungGen      total 95232K, used 3104K [0x00000000d5580000, 0x00000000dba80000, 0x0000000100000000)
  eden space 87552K, 0% used [0x00000000d5580000,0x00000000d5580000,0x00000000dab00000)
  from space 7680K, 40% used [0x00000000dab00000,0x00000000dae08000,0x00000000db280000)
  to   space 7680K, 0% used [0x00000000db300000,0x00000000db300000,0x00000000dba80000)
 ParOldGen       total 316416K, used 62290K [0x0000000080000000, 0x0000000093500000, 0x00000000d5580000)
  object space 316416K, 19% used [0x0000000080000000,0x0000000083cd4908,0x0000000093500000)
 Metaspace       used 93675K, capacity 95873K, committed 98944K, reserved 1136640K
  class space    used 11189K, capacity 11555K, committed 12160K, reserved 1048576K
}
{Heap before GC invocations=426 (full 4):
 PSYoungGen      total 95232K, used 90656K [0x00000000d5580000, 0x00000000dba80000, 0x0000000100000000)
  eden space 87552K, 100% used [0x00000000d5580000,0x00000000dab00000,0x00000000dab00000)
  from space 7680K, 40% used [0x00000000dab00000,0x00000000dae08000,0x00000000db280000)
  to   space 7680K, 0% used [0x00000000db300000,0x00000000db300000,0x00000000dba80000)
 ParOldGen       total 316416K, used 62290K [0x0000000080000000, 0x0000000093500000, 0x00000000d5580000)
  object space 316416K, 19% used [0x0000000080000000,0x0000000083cd4908,0x0000000093500000)
 Metaspace       used 93675K, capacity 95873K, committed 98944K, reserved 1136640K
  class space    used 11189K, capacity 11555K, committed 12160K, reserved 1048576K
2023-04-15T06:50:57.435+0600: 1921129.518: [GC (Allocation Failure) [PSYoungGen: 90656K->3232K(94720K)] 152946K->65562K(411136K), 0.0164520 secs] [Times: user=0.01 sys=0.02, real=0.02 secs] 
Heap after GC invocations=426 (full 4):
 PSYoungGen      total 94720K, used 3232K [0x00000000d5580000, 0x00000000db980000, 0x0000000100000000)
  eden space 88064K, 0% used [0x00000000d5580000,0x00000000d5580000,0x00000000dab80000)
  from space 6656K, 48% used [0x00000000db300000,0x00000000db628010,0x00000000db980000)
  to   space 7168K, 0% used [0x00000000dab80000,0x00000000dab80000,0x00000000db280000)
 ParOldGen       total 316416K, used 62330K [0x0000000080000000, 0x0000000093500000, 0x00000000d5580000)
  object space 316416K, 19% used [0x0000000080000000,0x0000000083cde908,0x0000000093500000)
 Metaspace       used 93675K, capacity 95873K, committed 98944K, reserved 1136640K
  class space    used 11189K, capacity 11555K, committed 12160K, reserved 1048576K
}
{Heap before GC invocations=427 (full 4):
 PSYoungGen      total 94720K, used 91296K [0x00000000d5580000, 0x00000000db980000, 0x0000000100000000)
  eden space 88064K, 100% used [0x00000000d5580000,0x00000000dab80000,0x00000000dab80000)
  from space 6656K, 48% used [0x00000000db300000,0x00000000db628010,0x00000000db980000)
  to   space 7168K, 0% used [0x00000000dab80000,0x00000000dab80000,0x00000000db280000)
 ParOldGen       total 316416K, used 62330K [0x0000000080000000, 0x0000000093500000, 0x00000000d5580000)
  object space 316416K, 19% used [0x0000000080000000,0x0000000083cde908,0x0000000093500000)
 Metaspace       used 93675K, capacity 95873K, committed 98944K, reserved 1136640K
  class space    used 11189K, capacity 11555K, committed 12160K, reserved 1048576K
2023-04-15T08:11:10.821+0600: 1925942.904: [GC (Allocation Failure) [PSYoungGen: 91296K->3104K(95232K)] 153626K->65434K(411648K), 0.0151917 secs] [Times: user=0.02 sys=0.01, real=0.01 secs] 
Heap after GC invocations=427 (full 4):
 PSYoungGen      total 95232K, used 3104K [0x00000000d5580000, 0x00000000dba00000, 0x0000000100000000)
  eden space 88064K, 0% used [0x00000000d5580000,0x00000000d5580000,0x00000000dab80000)
  from space 7168K, 43% used [0x00000000dab80000,0x00000000dae88000,0x00000000db280000)
  to   space 7168K, 0% used [0x00000000db300000,0x00000000db300000,0x00000000dba00000)
 ParOldGen       total 316416K, used 62330K [0x0000000080000000, 0x0000000093500000, 0x00000000d5580000)
  object space 316416K, 19% used [0x0000000080000000,0x0000000083cde908,0x0000000093500000)
 Metaspace       used 93675K, capacity 95873K, committed 98944K, reserved 1136640K
  class space    used 11189K, capacity 11555K, committed 12160K, reserved 1048576K
}
{Heap before GC invocations=428 (full 4):
 PSYoungGen      total 95232K, used 91168K [0x00000000d5580000, 0x00000000dba00000, 0x0000000100000000)
  eden space 88064K, 100% used [0x00000000d5580000,0x00000000dab80000,0x00000000dab80000)
  from space 7168K, 43% used [0x00000000dab80000,0x00000000dae88000,0x00000000db280000)
  to   space 7168K, 0% used [0x00000000db300000,0x00000000db300000,0x00000000dba00000)
 ParOldGen       total 316416K, used 62330K [0x0000000080000000, 0x0000000093500000, 0x00000000d5580000)
  object space 316416K, 19% used [0x0000000080000000,0x0000000083cde908,0x0000000093500000)
 Metaspace       used 93675K, capacity 95873K, committed 98944K, reserved 1136640K
  class space    used 11189K, capacity 11555K, committed 12160K, reserved 1048576K
2023-04-15T09:31:06.239+0600: 1930738.322: [GC (Allocation Failure) [PSYoungGen: 91168K->3104K(95744K)] 153498K->65434K(412160K), 0.0155747 secs] [Times: user=0.03 sys=0.00, real=0.02 secs] 
Heap after GC invocations=428 (full 4):
 PSYoungGen      total 95744K, used 3104K [0x00000000d5580000, 0x00000000dba00000, 0x0000000100000000)
  eden space 88576K, 0% used [0x00000000d5580000,0x00000000d5580000,0x00000000dac00000)
  from space 7168K, 43% used [0x00000000db300000,0x00000000db608000,0x00000000dba00000)
  to   space 7168K, 0% used [0x00000000dac00000,0x00000000dac00000,0x00000000db300000)
 ParOldGen       total 316416K, used 62330K [0x0000000080000000, 0x0000000093500000, 0x00000000d5580000)
  object space 316416K, 19% used [0x0000000080000000,0x0000000083cde908,0x0000000093500000)
 Metaspace       used 93675K, capacity 95873K, committed 98944K, reserved 1136640K
  class space    used 11189K, capacity 11555K, committed 12160K, reserved 1048576K
}
{Heap before GC invocations=429 (full 4):
 PSYoungGen      total 95744K, used 91680K [0x00000000d5580000, 0x00000000dba00000, 0x0000000100000000)
  eden space 88576K, 100% used [0x00000000d5580000,0x00000000dac00000,0x00000000dac00000)
  from space 7168K, 43% used [0x00000000db300000,0x00000000db608000,0x00000000dba00000)
  to   space 7168K, 0% used [0x00000000dac00000,0x00000000dac00000,0x00000000db300000)
 ParOldGen       total 316416K, used 62330K [0x0000000080000000, 0x0000000093500000, 0x00000000d5580000)
  object space 316416K, 19% used [0x0000000080000000,0x0000000083cde908,0x0000000093500000)
 Metaspace       used 93675K, capacity 95873K, committed 98944K, reserved 1136640K
  class space    used 11189K, capacity 11555K, committed 12160K, reserved 1048576K
2023-04-15T10:53:27.097+0600: 1935679.180: [GC (Allocation Failure) [PSYoungGen: 91680K->3040K(95744K)] 154010K->65466K(412160K), 0.0169640 secs] [Times: user=0.03 sys=0.00, real=0.02 secs] 
Heap after GC invocations=429 (full 4):
 PSYoungGen      total 95744K, used 3040K [0x00000000d5580000, 0x00000000db980000, 0x0000000100000000)
  eden space 88576K, 0% used [0x00000000d5580000,0x00000000d5580000,0x00000000dac00000)
  from space 7168K, 42% used [0x00000000dac00000,0x00000000daef8000,0x00000000db300000)
  to   space 6656K, 0% used [0x00000000db300000,0x00000000db300000,0x00000000db980000)
 ParOldGen       total 316416K, used 62426K [0x0000000080000000, 0x0000000093500000, 0x00000000d5580000)
  object space 316416K, 19% used [0x0000000080000000,0x0000000083cf6908,0x0000000093500000)
 Metaspace       used 93675K, capacity 95873K, committed 98944K, reserved 1136640K
  class space    used 11189K, capacity 11555K, committed 12160K, reserved 1048576K
}
{Heap before GC invocations=430 (full 4):
 PSYoungGen      total 95744K, used 91616K [0x00000000d5580000, 0x00000000db980000, 0x0000000100000000)
  eden space 88576K, 100% used [0x00000000d5580000,0x00000000dac00000,0x00000000dac00000)
  from space 7168K, 42% used [0x00000000dac00000,0x00000000daef8000,0x00000000db300000)
  to   space 6656K, 0% used [0x00000000db300000,0x00000000db300000,0x00000000db980000)
 ParOldGen       total 316416K, used 62426K [0x0000000080000000, 0x0000000093500000, 0x00000000d5580000)
  object space 316416K, 19% used [0x0000000080000000,0x0000000083cf6908,0x0000000093500000)
 Metaspace       used 93675K, capacity 95873K, committed 98944K, reserved 1136640K
  class space    used 11189K, capacity 11555K, committed 12160K, reserved 1048576K
2023-04-15T11:52:38.630+0600: 1939230.713: [GC (Allocation Failure) [PSYoungGen: 91616K->6324K(94720K)] 154042K->68830K(411136K), 0.0172052 secs] [Times: user=0.03 sys=0.00, real=0.01 secs] 
Heap after GC invocations=430 (full 4):
 PSYoungGen      total 94720K, used 6324K [0x00000000d5580000, 0x00000000dbb80000, 0x0000000100000000)
  eden space 88064K, 0% used [0x00000000d5580000,0x00000000d5580000,0x00000000dab80000)
  from space 6656K, 95% used [0x00000000db300000,0x00000000db92d2a0,0x00000000db980000)
  to   space 7680K, 0% used [0x00000000dab80000,0x00000000dab80000,0x00000000db300000)
 ParOldGen       total 316416K, used 62506K [0x0000000080000000, 0x0000000093500000, 0x00000000d5580000)
  object space 316416K, 19% used [0x0000000080000000,0x0000000083d0a908,0x0000000093500000)
 Metaspace       used 93675K, capacity 95873K, committed 98944K, reserved 1136640K
  class space    used 11189K, capacity 11555K, committed 12160K, reserved 1048576K
}
{Heap before GC invocations=431 (full 4):
 PSYoungGen      total 94720K, used 94388K [0x00000000d5580000, 0x00000000dbb80000, 0x0000000100000000)
  eden space 88064K, 100% used [0x00000000d5580000,0x00000000dab80000,0x00000000dab80000)
  from space 6656K, 95% used [0x00000000db300000,0x00000000db92d2a0,0x00000000db980000)
  to   space 7680K, 0% used [0x00000000dab80000,0x00000000dab80000,0x00000000db300000)
 ParOldGen       total 316416K, used 62506K [0x0000000080000000, 0x0000000093500000, 0x00000000d5580000)
  object space 316416K, 19% used [0x0000000080000000,0x0000000083d0a908,0x0000000093500000)
 Metaspace       used 93689K, capacity 95903K, committed 98944K, reserved 1136640K
  class space    used 11192K, capacity 11560K, committed 12160K, reserved 1048576K
2023-04-15T13:06:39.975+0600: 1943672.058: [GC (Allocation Failure) [PSYoungGen: 94388K->3664K(95744K)] 156894K->66170K(412160K), 0.0141919 secs] [Times: user=0.03 sys=0.00, real=0.01 secs] 
Heap after GC invocations=431 (full 4):
 PSYoungGen      total 95744K, used 3664K [0x00000000d5580000, 0x00000000dba00000, 0x0000000100000000)
  eden space 88064K, 0% used [0x00000000d5580000,0x00000000d5580000,0x00000000dab80000)
  from space 7680K, 47% used [0x00000000dab80000,0x00000000daf14240,0x00000000db300000)
  to   space 7168K, 0% used [0x00000000db300000,0x00000000db300000,0x00000000dba00000)
 ParOldGen       total 316416K, used 62506K [0x0000000080000000, 0x0000000093500000, 0x00000000d5580000)
  object space 316416K, 19% used [0x0000000080000000,0x0000000083d0a908,0x0000000093500000)
 Metaspace       used 93689K, capacity 95903K, committed 98944K, reserved 1136640K
  class space    used 11192K, capacity 11560K, committed 12160K, reserved 1048576K
}
{Heap before GC invocations=432 (full 4):
 PSYoungGen      total 95744K, used 91727K [0x00000000d5580000, 0x00000000dba00000, 0x0000000100000000)
  eden space 88064K, 99% used [0x00000000d5580000,0x00000000dab7fcd8,0x00000000dab80000)
  from space 7680K, 47% used [0x00000000dab80000,0x00000000daf14240,0x00000000db300000)
  to   space 7168K, 0% used [0x00000000db300000,0x00000000db300000,0x00000000dba00000)
 ParOldGen       total 316416K, used 62506K [0x0000000080000000, 0x0000000093500000, 0x00000000d5580000)
  object space 316416K, 19% used [0x0000000080000000,0x0000000083d0a908,0x0000000093500000)
 Metaspace       used 93689K, capacity 95903K, committed 98944K, reserved 1136640K
  class space    used 11192K, capacity 11560K, committed 12160K, reserved 1048576K
2023-04-15T14:25:58.557+0600: 1948430.640: [GC (Allocation Failure) [PSYoungGen: 91727K->3168K(95744K)] 154234K->65706K(412160K), 0.0169534 secs] [Times: user=0.03 sys=0.00, real=0.02 secs] 
Heap after GC invocations=432 (full 4):
 PSYoungGen      total 95744K, used 3168K [0x00000000d5580000, 0x00000000dba00000, 0x0000000100000000)
  eden space 88576K, 0% used [0x00000000d5580000,0x00000000d5580000,0x00000000dac00000)
  from space 7168K, 44% used [0x00000000db300000,0x00000000db618000,0x00000000dba00000)
  to   space 7168K, 0% used [0x00000000dac00000,0x00000000dac00000,0x00000000db300000)
 ParOldGen       total 316416K, used 62538K [0x0000000080000000, 0x0000000093500000, 0x00000000d5580000)
  object space 316416K, 19% used [0x0000000080000000,0x0000000083d12908,0x0000000093500000)
 Metaspace       used 93689K, capacity 95903K, committed 98944K, reserved 1136640K
  class space    used 11192K, capacity 11560K, committed 12160K, reserved 1048576K
}
{Heap before GC invocations=433 (full 4):
 PSYoungGen      total 95744K, used 91744K [0x00000000d5580000, 0x00000000dba00000, 0x0000000100000000)
  eden space 88576K, 100% used [0x00000000d5580000,0x00000000dac00000,0x00000000dac00000)
  from space 7168K, 44% used [0x00000000db300000,0x00000000db618000,0x00000000dba00000)
  to   space 7168K, 0% used [0x00000000dac00000,0x00000000dac00000,0x00000000db300000)
 ParOldGen       total 316416K, used 62538K [0x0000000080000000, 0x0000000093500000, 0x00000000d5580000)
  object space 316416K, 19% used [0x0000000080000000,0x0000000083d12908,0x0000000093500000)
 Metaspace       used 93689K, capacity 95903K, committed 98944K, reserved 1136640K
  class space    used 11192K, capacity 11560K, committed 12160K, reserved 1048576K
2023-04-15T15:49:21.456+0600: 1953433.539: [GC (Allocation Failure) [PSYoungGen: 91744K->3040K(95744K)] 154282K->65658K(412160K), 0.0173703 secs] [Times: user=0.03 sys=0.00, real=0.02 secs] 
Heap after GC invocations=433 (full 4):
 PSYoungGen      total 95744K, used 3040K [0x00000000d5580000, 0x00000000db980000, 0x0000000100000000)
  eden space 88576K, 0% used [0x00000000d5580000,0x00000000d5580000,0x00000000dac00000)
  from space 7168K, 42% used [0x00000000dac00000,0x00000000daef8000,0x00000000db300000)
  to   space 6656K, 0% used [0x00000000db300000,0x00000000db300000,0x00000000db980000)
 ParOldGen       total 316416K, used 62618K [0x0000000080000000, 0x0000000093500000, 0x00000000d5580000)
  object space 316416K, 19% used [0x0000000080000000,0x0000000083d26908,0x0000000093500000)
 Metaspace       used 93689K, capacity 95903K, committed 98944K, reserved 1136640K
  class space    used 11192K, capacity 11560K, committed 12160K, reserved 1048576K
}
{Heap before GC invocations=434 (full 4):
 PSYoungGen      total 95744K, used 91616K [0x00000000d5580000, 0x00000000db980000, 0x0000000100000000)
  eden space 88576K, 100% used [0x00000000d5580000,0x00000000dac00000,0x00000000dac00000)
  from space 7168K, 42% used [0x00000000dac00000,0x00000000daef8000,0x00000000db300000)
  to   space 6656K, 0% used [0x00000000db300000,0x00000000db300000,0x00000000db980000)
 ParOldGen       total 316416K, used 62618K [0x0000000080000000, 0x0000000093500000, 0x00000000d5580000)
  object space 316416K, 19% used [0x0000000080000000,0x0000000083d26908,0x0000000093500000)
 Metaspace       used 93691K, capacity 95903K, committed 98944K, reserved 1136640K
  class space    used 11192K, capacity 11560K, committed 12160K, reserved 1048576K
2023-04-15T16:58:39.666+0600: 1957591.749: [GC (Allocation Failure) [PSYoungGen: 91616K->4448K(95744K)] 154234K->67074K(412160K), 0.0118348 secs] [Times: user=0.02 sys=0.00, real=0.01 secs] 
Heap after GC invocations=434 (full 4):
 PSYoungGen      total 95744K, used 4448K [0x00000000d5580000, 0x00000000db980000, 0x0000000100000000)
  eden space 89088K, 0% used [0x00000000d5580000,0x00000000d5580000,0x00000000dac80000)
  from space 6656K, 66% used [0x00000000db300000,0x00000000db758060,0x00000000db980000)
  to   space 6656K, 0% used [0x00000000dac80000,0x00000000dac80000,0x00000000db300000)
 ParOldGen       total 316416K, used 62626K [0x0000000080000000, 0x0000000093500000, 0x00000000d5580000)
  object space 316416K, 19% used [0x0000000080000000,0x0000000083d28908,0x0000000093500000)
 Metaspace       used 93691K, capacity 95903K, committed 98944K, reserved 1136640K
  class space    used 11192K, capacity 11560K, committed 12160K, reserved 1048576K
}
{Heap before GC invocations=435 (full 4):
 PSYoungGen      total 95744K, used 93536K [0x00000000d5580000, 0x00000000db980000, 0x0000000100000000)
  eden space 89088K, 100% used [0x00000000d5580000,0x00000000dac80000,0x00000000dac80000)
  from space 6656K, 66% used [0x00000000db300000,0x00000000db758060,0x00000000db980000)
  to   space 6656K, 0% used [0x00000000dac80000,0x00000000dac80000,0x00000000db300000)
 ParOldGen       total 316416K, used 62626K [0x0000000080000000, 0x0000000093500000, 0x00000000d5580000)
  object space 316416K, 19% used [0x0000000080000000,0x0000000083d28908,0x0000000093500000)
 Metaspace       used 93691K, capacity 95903K, committed 98944K, reserved 1136640K
  class space    used 11192K, capacity 11560K, committed 12160K, reserved 1048576K
2023-04-15T18:17:38.050+0600: 1962330.133: [GC (Allocation Failure) [PSYoungGen: 93536K->3777K(95744K)] 156162K->66592K(412160K), 0.0165168 secs] [Times: user=0.01 sys=0.02, real=0.01 secs] 
Heap after GC invocations=435 (full 4):
 PSYoungGen      total 95744K, used 3777K [0x00000000d5580000, 0x00000000dba00000, 0x0000000100000000)
  eden space 89088K, 0% used [0x00000000d5580000,0x00000000d5580000,0x00000000dac80000)
  from space 6656K, 56% used [0x00000000dac80000,0x00000000db0304c0,0x00000000db300000)
  to   space 6656K, 0% used [0x00000000db380000,0x00000000db380000,0x00000000dba00000)
 ParOldGen       total 316416K, used 62814K [0x0000000080000000, 0x0000000093500000, 0x00000000d5580000)
  object space 316416K, 19% used [0x0000000080000000,0x0000000083d57b48,0x0000000093500000)
 Metaspace       used 93691K, capacity 95903K, committed 98944K, reserved 1136640K
  class space    used 11192K, capacity 11560K, committed 12160K, reserved 1048576K
}
{Heap before GC invocations=436 (full 4):
 PSYoungGen      total 95744K, used 92858K [0x00000000d5580000, 0x00000000dba00000, 0x0000000100000000)
  eden space 89088K, 99% used [0x00000000d5580000,0x00000000dac7e588,0x00000000dac80000)
  from space 6656K, 56% used [0x00000000dac80000,0x00000000db0304c0,0x00000000db300000)
  to   space 6656K, 0% used [0x00000000db380000,0x00000000db380000,0x00000000dba00000)
 ParOldGen       total 316416K, used 62814K [0x0000000080000000, 0x0000000093500000, 0x00000000d5580000)
  object space 316416K, 19% used [0x0000000080000000,0x0000000083d57b48,0x0000000093500000)
 Metaspace       used 93691K, capacity 95903K, committed 98944K, reserved 1136640K
  class space    used 11192K, capacity 11560K, committed 12160K, reserved 1048576K
2023-04-15T19:38:19.989+0600: 1967172.072: [GC (Allocation Failure) [PSYoungGen: 92858K->2848K(96256K)] 155673K->65779K(412672K), 0.0158410 secs] [Times: user=0.03 sys=0.00, real=0.02 secs] 
Heap after GC invocations=436 (full 4):
 PSYoungGen      total 96256K, used 2848K [0x00000000d5580000, 0x00000000dba00000, 0x0000000100000000)
  eden space 89600K, 0% used [0x00000000d5580000,0x00000000d5580000,0x00000000dad00000)
  from space 6656K, 42% used [0x00000000db380000,0x00000000db648000,0x00000000dba00000)
  to   space 6656K, 0% used [0x00000000dad00000,0x00000000dad00000,0x00000000db380000)
 ParOldGen       total 316416K, used 62931K [0x0000000080000000, 0x0000000093500000, 0x00000000d5580000)
  object space 316416K, 19% used [0x0000000080000000,0x0000000083d74ee8,0x0000000093500000)
 Metaspace       used 93691K, capacity 95903K, committed 98944K, reserved 1136640K
  class space    used 11192K, capacity 11560K, committed 12160K, reserved 1048576K
}
{Heap before GC invocations=437 (full 4):
 PSYoungGen      total 96256K, used 92444K [0x00000000d5580000, 0x00000000dba00000, 0x0000000100000000)
  eden space 89600K, 99% used [0x00000000d5580000,0x00000000dacff250,0x00000000dad00000)
  from space 6656K, 42% used [0x00000000db380000,0x00000000db648000,0x00000000dba00000)
  to   space 6656K, 0% used [0x00000000dad00000,0x00000000dad00000,0x00000000db380000)
 ParOldGen       total 316416K, used 62931K [0x0000000080000000, 0x0000000093500000, 0x00000000d5580000)
  object space 316416K, 19% used [0x0000000080000000,0x0000000083d74ee8,0x0000000093500000)
 Metaspace       used 93706K, capacity 95933K, committed 98944K, reserved 1136640K
  class space    used 11194K, capacity 11565K, committed 12160K, reserved 1048576K
2023-04-15T20:47:09.235+0600: 1971301.318: [GC (Allocation Failure) [PSYoungGen: 92444K->3491K(96256K)] 155376K->66552K(412672K), 0.0179960 secs] [Times: user=0.03 sys=0.00, real=0.02 secs] 
Heap after GC invocations=437 (full 4):
 PSYoungGen      total 96256K, used 3491K [0x00000000d5580000, 0x00000000db980000, 0x0000000100000000)
  eden space 89600K, 0% used [0x00000000d5580000,0x00000000d5580000,0x00000000dad00000)
  from space 6656K, 52% used [0x00000000dad00000,0x00000000db068d20,0x00000000db380000)
  to   space 6144K, 0% used [0x00000000db380000,0x00000000db380000,0x00000000db980000)
 ParOldGen       total 316416K, used 63061K [0x0000000080000000, 0x0000000093500000, 0x00000000d5580000)
  object space 316416K, 19% used [0x0000000080000000,0x0000000083d95628,0x0000000093500000)
 Metaspace       used 93706K, capacity 95933K, committed 98944K, reserved 1136640K
  class space    used 11194K, capacity 11565K, committed 12160K, reserved 1048576K
}
{Heap before GC invocations=438 (full 4):
 PSYoungGen      total 96256K, used 93091K [0x00000000d5580000, 0x00000000db980000, 0x0000000100000000)
  eden space 89600K, 100% used [0x00000000d5580000,0x00000000dad00000,0x00000000dad00000)
  from space 6656K, 52% used [0x00000000dad00000,0x00000000db068d20,0x00000000db380000)
  to   space 6144K, 0% used [0x00000000db380000,0x00000000db380000,0x00000000db980000)
 ParOldGen       total 316416K, used 63061K [0x0000000080000000, 0x0000000093500000, 0x00000000d5580000)
  object space 316416K, 19% used [0x0000000080000000,0x0000000083d95628,0x0000000093500000)
 Metaspace       used 93707K, capacity 95933K, committed 98944K, reserved 1136640K
  class space    used 11194K, capacity 11565K, committed 12160K, reserved 1048576K
2023-04-15T22:05:28.368+0600: 1976000.450: [GC (Allocation Failure) [PSYoungGen: 93091K->3265K(96256K)] 156152K->66419K(412672K), 0.0165127 secs] [Times: user=0.03 sys=0.00, real=0.02 secs] 
Heap after GC invocations=438 (full 4):
 PSYoungGen      total 96256K, used 3265K [0x00000000d5580000, 0x00000000db980000, 0x0000000100000000)
  eden space 90112K, 0% used [0x00000000d5580000,0x00000000d5580000,0x00000000dad80000)
  from space 6144K, 53% used [0x00000000db380000,0x00000000db6b04a0,0x00000000db980000)
  to   space 6144K, 0% used [0x00000000dad80000,0x00000000dad80000,0x00000000db380000)
 ParOldGen       total 316416K, used 63154K [0x0000000080000000, 0x0000000093500000, 0x00000000d5580000)
  object space 316416K, 19% used [0x0000000080000000,0x0000000083dac9c8,0x0000000093500000)
 Metaspace       used 93707K, capacity 95933K, committed 98944K, reserved 1136640K
  class space    used 11194K, capacity 11565K, committed 12160K, reserved 1048576K
}
{Heap before GC invocations=439 (full 4):
 PSYoungGen      total 96256K, used 93377K [0x00000000d5580000, 0x00000000db980000, 0x0000000100000000)
  eden space 90112K, 100% used [0x00000000d5580000,0x00000000dad80000,0x00000000dad80000)
  from space 6144K, 53% used [0x00000000db380000,0x00000000db6b04a0,0x00000000db980000)
  to   space 6144K, 0% used [0x00000000dad80000,0x00000000dad80000,0x00000000db380000)
 ParOldGen       total 316416K, used 63154K [0x0000000080000000, 0x0000000093500000, 0x00000000d5580000)
  object space 316416K, 19% used [0x0000000080000000,0x0000000083dac9c8,0x0000000093500000)
 Metaspace       used 93707K, capacity 95933K, committed 98944K, reserved 1136640K
  class space    used 11194K, capacity 11565K, committed 12160K, reserved 1048576K
2023-04-15T23:27:15.413+0600: 1980907.496: [GC (Allocation Failure) [PSYoungGen: 93377K->2752K(96256K)] 156531K->65906K(412672K), 0.0147913 secs] [Times: user=0.03 sys=0.00, real=0.01 secs] 
Heap after GC invocations=439 (full 4):
 PSYoungGen      total 96256K, used 2752K [0x00000000d5580000, 0x00000000dba00000, 0x0000000100000000)
  eden space 90112K, 0% used [0x00000000d5580000,0x00000000d5580000,0x00000000dad80000)
  from space 6144K, 44% used [0x00000000dad80000,0x00000000db030000,0x00000000db380000)
  to   space 6144K, 0% used [0x00000000db400000,0x00000000db400000,0x00000000dba00000)
 ParOldGen       total 316416K, used 63154K [0x0000000080000000, 0x0000000093500000, 0x00000000d5580000)
  object space 316416K, 19% used [0x0000000080000000,0x0000000083dac9c8,0x0000000093500000)
 Metaspace       used 93707K, capacity 95933K, committed 98944K, reserved 1136640K
  class space    used 11194K, capacity 11565K, committed 12160K, reserved 1048576K
}
{Heap before GC invocations=440 (full 4):
 PSYoungGen      total 96256K, used 92864K [0x00000000d5580000, 0x00000000dba00000, 0x0000000100000000)
  eden space 90112K, 100% used [0x00000000d5580000,0x00000000dad80000,0x00000000dad80000)
  from space 6144K, 44% used [0x00000000dad80000,0x00000000db030000,0x00000000db380000)
  to   space 6144K, 0% used [0x00000000db400000,0x00000000db400000,0x00000000dba00000)
 ParOldGen       total 316416K, used 63154K [0x0000000080000000, 0x0000000093500000, 0x00000000d5580000)
  object space 316416K, 19% used [0x0000000080000000,0x0000000083dac9c8,0x0000000093500000)
 Metaspace       used 93707K, capacity 95933K, committed 98944K, reserved 1136640K
  class space    used 11194K, capacity 11565K, committed 12160K, reserved 1048576K
2023-04-16T00:40:54.686+0600: 1985326.769: [GC (Allocation Failure) [PSYoungGen: 92864K->4034K(96768K)] 156018K->67188K(413184K), 0.0143415 secs] [Times: user=0.02 sys=0.00, real=0.02 secs] 
Heap after GC invocations=440 (full 4):
 PSYoungGen      total 96768K, used 4034K [0x00000000d5580000, 0x00000000dba00000, 0x0000000100000000)
  eden space 90624K, 0% used [0x00000000d5580000,0x00000000d5580000,0x00000000dae00000)
  from space 6144K, 65% used [0x00000000db400000,0x00000000db7f0930,0x00000000dba00000)
  to   space 6144K, 0% used [0x00000000dae00000,0x00000000dae00000,0x00000000db400000)
 ParOldGen       total 316416K, used 63154K [0x0000000080000000, 0x0000000093500000, 0x00000000d5580000)
  object space 316416K, 19% used [0x0000000080000000,0x0000000083dac9c8,0x0000000093500000)
 Metaspace       used 93707K, capacity 95933K, committed 98944K, reserved 1136640K
  class space    used 11194K, capacity 11565K, committed 12160K, reserved 1048576K
}
{Heap before GC invocations=441 (full 4):
 PSYoungGen      total 96768K, used 94658K [0x00000000d5580000, 0x00000000dba00000, 0x0000000100000000)
  eden space 90624K, 100% used [0x00000000d5580000,0x00000000dae00000,0x00000000dae00000)
  from space 6144K, 65% used [0x00000000db400000,0x00000000db7f0930,0x00000000dba00000)
  to   space 6144K, 0% used [0x00000000dae00000,0x00000000dae00000,0x00000000db400000)
 ParOldGen       total 316416K, used 63154K [0x0000000080000000, 0x0000000093500000, 0x00000000d5580000)
  object space 316416K, 19% used [0x0000000080000000,0x0000000083dac9c8,0x0000000093500000)
 Metaspace       used 93707K, capacity 95933K, committed 98944K, reserved 1136640K
  class space    used 11194K, capacity 11565K, committed 12160K, reserved 1048576K
2023-04-16T02:03:25.912+0600: 1990277.994: [GC (Allocation Failure) [PSYoungGen: 94658K->2784K(96768K)] 157812K->65954K(413184K), 0.0137742 secs] [Times: user=0.03 sys=0.00, real=0.01 secs] 
Heap after GC invocations=441 (full 4):
 PSYoungGen      total 96768K, used 2784K [0x00000000d5580000, 0x00000000dba80000, 0x0000000100000000)
  eden space 90624K, 0% used [0x00000000d5580000,0x00000000d5580000,0x00000000dae00000)
  from space 6144K, 45% used [0x00000000dae00000,0x00000000db0b8000,0x00000000db400000)
  to   space 6144K, 0% used [0x00000000db480000,0x00000000db480000,0x00000000dba80000)
 ParOldGen       total 316416K, used 63170K [0x0000000080000000, 0x0000000093500000, 0x00000000d5580000)
  object space 316416K, 19% used [0x0000000080000000,0x0000000083db09c8,0x0000000093500000)
 Metaspace       used 93707K, capacity 95933K, committed 98944K, reserved 1136640K
  class space    used 11194K, capacity 11565K, committed 12160K, reserved 1048576K
}
{Heap before GC invocations=442 (full 4):
 PSYoungGen      total 96768K, used 93408K [0x00000000d5580000, 0x00000000dba80000, 0x0000000100000000)
  eden space 90624K, 100% used [0x00000000d5580000,0x00000000dae00000,0x00000000dae00000)
  from space 6144K, 45% used [0x00000000dae00000,0x00000000db0b8000,0x00000000db400000)
  to   space 6144K, 0% used [0x00000000db480000,0x00000000db480000,0x00000000dba80000)
 ParOldGen       total 316416K, used 63170K [0x0000000080000000, 0x0000000093500000, 0x00000000d5580000)
  object space 316416K, 19% used [0x0000000080000000,0x0000000083db09c8,0x0000000093500000)
 Metaspace       used 93707K, capacity 95933K, committed 98944K, reserved 1136640K
  class space    used 11194K, capacity 11565K, committed 12160K, reserved 1048576K
2023-04-16T03:27:16.478+0600: 1995308.561: [GC (Allocation Failure) [PSYoungGen: 93408K->2752K(96256K)] 156578K->65922K(412672K), 0.0172510 secs] [Times: user=0.03 sys=0.00, real=0.02 secs] 
Heap after GC invocations=442 (full 4):
 PSYoungGen      total 96256K, used 2752K [0x00000000d5580000, 0x00000000db980000, 0x0000000100000000)
  eden space 91136K, 0% used [0x00000000d5580000,0x00000000d5580000,0x00000000dae80000)
  from space 5120K, 53% used [0x00000000db480000,0x00000000db730000,0x00000000db980000)
  to   space 5632K, 0% used [0x00000000dae80000,0x00000000dae80000,0x00000000db400000)
 ParOldGen       total 316416K, used 63170K [0x0000000080000000, 0x0000000093500000, 0x00000000d5580000)
  object space 316416K, 19% used [0x0000000080000000,0x0000000083db09c8,0x0000000093500000)
 Metaspace       used 93707K, capacity 95933K, committed 98944K, reserved 1136640K
  class space    used 11194K, capacity 11565K, committed 12160K, reserved 1048576K
}
{Heap before GC invocations=443 (full 4):
 PSYoungGen      total 96256K, used 93888K [0x00000000d5580000, 0x00000000db980000, 0x0000000100000000)
  eden space 91136K, 100% used [0x00000000d5580000,0x00000000dae80000,0x00000000dae80000)
  from space 5120K, 53% used [0x00000000db480000,0x00000000db730000,0x00000000db980000)
  to   space 5632K, 0% used [0x00000000dae80000,0x00000000dae80000,0x00000000db400000)
 ParOldGen       total 316416K, used 63170K [0x0000000080000000, 0x0000000093500000, 0x00000000d5580000)
  object space 316416K, 19% used [0x0000000080000000,0x0000000083db09c8,0x0000000093500000)
 Metaspace       used 93707K, capacity 95933K, committed 98944K, reserved 1136640K
  class space    used 11194K, capacity 11565K, committed 12160K, reserved 1048576K
2023-04-16T04:49:44.783+0600: 2000256.866: [GC (Allocation Failure) [PSYoungGen: 93888K->2784K(96768K)] 157058K->65954K(413184K), 0.0157192 secs] [Times: user=0.01 sys=0.01, real=0.02 secs] 
Heap after GC invocations=443 (full 4):
 PSYoungGen      total 96768K, used 2784K [0x00000000d5580000, 0x00000000dba00000, 0x0000000100000000)
  eden space 91136K, 0% used [0x00000000d5580000,0x00000000d5580000,0x00000000dae80000)
  from space 5632K, 49% used [0x00000000dae80000,0x00000000db138000,0x00000000db400000)
  to   space 5632K, 0% used [0x00000000db480000,0x00000000db480000,0x00000000dba00000)
 ParOldGen       total 316416K, used 63170K [0x0000000080000000, 0x0000000093500000, 0x00000000d5580000)
  object space 316416K, 19% used [0x0000000080000000,0x0000000083db09c8,0x0000000093500000)
 Metaspace       used 93707K, capacity 95933K, committed 98944K, reserved 1136640K
  class space    used 11194K, capacity 11565K, committed 12160K, reserved 1048576K
}
{Heap before GC invocations=444 (full 4):
 PSYoungGen      total 96768K, used 93920K [0x00000000d5580000, 0x00000000dba00000, 0x0000000100000000)
  eden space 91136K, 100% used [0x00000000d5580000,0x00000000dae80000,0x00000000dae80000)
  from space 5632K, 49% used [0x00000000dae80000,0x00000000db138000,0x00000000db400000)
  to   space 5632K, 0% used [0x00000000db480000,0x00000000db480000,0x00000000dba00000)
 ParOldGen       total 316416K, used 63170K [0x0000000080000000, 0x0000000093500000, 0x00000000d5580000)
  object space 316416K, 19% used [0x0000000080000000,0x0000000083db09c8,0x0000000093500000)
 Metaspace       used 93707K, capacity 95933K, committed 98944K, reserved 1136640K
  class space    used 11194K, capacity 11565K, committed 12160K, reserved 1048576K
2023-04-16T06:13:04.529+0600: 2005256.612: [GC (Allocation Failure) [PSYoungGen: 93920K->2752K(97280K)] 157090K->65922K(413696K), 0.0102133 secs] [Times: user=0.01 sys=0.00, real=0.02 secs] 
Heap after GC invocations=444 (full 4):
 PSYoungGen      total 97280K, used 2752K [0x00000000d5580000, 0x00000000dba00000, 0x0000000100000000)
  eden space 91648K, 0% used [0x00000000d5580000,0x00000000d5580000,0x00000000daf00000)
  from space 5632K, 48% used [0x00000000db480000,0x00000000db730000,0x00000000dba00000)
  to   space 5632K, 0% used [0x00000000daf00000,0x00000000daf00000,0x00000000db480000)
 ParOldGen       total 316416K, used 63170K [0x0000000080000000, 0x0000000093500000, 0x00000000d5580000)
  object space 316416K, 19% used [0x0000000080000000,0x0000000083db09c8,0x0000000093500000)
 Metaspace       used 93707K, capacity 95933K, committed 98944K, reserved 1136640K
  class space    used 11194K, capacity 11565K, committed 12160K, reserved 1048576K
}
{Heap before GC invocations=445 (full 4):
 PSYoungGen      total 97280K, used 94400K [0x00000000d5580000, 0x00000000dba00000, 0x0000000100000000)
  eden space 91648K, 100% used [0x00000000d5580000,0x00000000daf00000,0x00000000daf00000)
  from space 5632K, 48% used [0x00000000db480000,0x00000000db730000,0x00000000dba00000)
  to   space 5632K, 0% used [0x00000000daf00000,0x00000000daf00000,0x00000000db480000)
 ParOldGen       total 316416K, used 63170K [0x0000000080000000, 0x0000000093500000, 0x00000000d5580000)
  object space 316416K, 19% used [0x0000000080000000,0x0000000083db09c8,0x0000000093500000)
 Metaspace       used 93707K, capacity 95933K, committed 98944K, reserved 1136640K
  class space    used 11194K, capacity 11565K, committed 12160K, reserved 1048576K
2023-04-16T07:37:59.902+0600: 2010351.985: [GC (Allocation Failure) [PSYoungGen: 94400K->2592K(97280K)] 157570K->65924K(413696K), 0.0168977 secs] [Times: user=0.02 sys=0.00, real=0.02 secs] 
Heap after GC invocations=445 (full 4):
 PSYoungGen      total 97280K, used 2592K [0x00000000d5580000, 0x00000000dba80000, 0x0000000100000000)
  eden space 91648K, 0% used [0x00000000d5580000,0x00000000d5580000,0x00000000daf00000)
  from space 5632K, 46% used [0x00000000daf00000,0x00000000db188000,0x00000000db480000)
  to   space 5632K, 0% used [0x00000000db500000,0x00000000db500000,0x00000000dba80000)
 ParOldGen       total 316416K, used 63332K [0x0000000080000000, 0x0000000093500000, 0x00000000d5580000)
  object space 316416K, 20% used [0x0000000080000000,0x0000000083dd9108,0x0000000093500000)
 Metaspace       used 93707K, capacity 95933K, committed 98944K, reserved 1136640K
  class space    used 11194K, capacity 11565K, committed 12160K, reserved 1048576K
}
{Heap before GC invocations=446 (full 4):
 PSYoungGen      total 97280K, used 94240K [0x00000000d5580000, 0x00000000dba80000, 0x0000000100000000)
  eden space 91648K, 100% used [0x00000000d5580000,0x00000000daf00000,0x00000000daf00000)
  from space 5632K, 46% used [0x00000000daf00000,0x00000000db188000,0x00000000db480000)
  to   space 5632K, 0% used [0x00000000db500000,0x00000000db500000,0x00000000dba80000)
 ParOldGen       total 316416K, used 63332K [0x0000000080000000, 0x0000000093500000, 0x00000000d5580000)
  object space 316416K, 20% used [0x0000000080000000,0x0000000083dd9108,0x0000000093500000)
 Metaspace       used 93707K, capacity 95933K, committed 98944K, reserved 1136640K
  class space    used 11194K, capacity 11565K, committed 12160K, reserved 1048576K
2023-04-16T09:02:40.027+0600: 2015432.110: [GC (Allocation Failure) [PSYoungGen: 94240K->2592K(97792K)] 157572K->65956K(414208K), 0.0101264 secs] [Times: user=0.02 sys=0.00, real=0.01 secs] 
Heap after GC invocations=446 (full 4):
 PSYoungGen      total 97792K, used 2592K [0x00000000d5580000, 0x00000000dba80000, 0x0000000100000000)
  eden space 92160K, 0% used [0x00000000d5580000,0x00000000d5580000,0x00000000daf80000)
  from space 5632K, 46% used [0x00000000db500000,0x00000000db788000,0x00000000dba80000)
  to   space 5632K, 0% used [0x00000000daf80000,0x00000000daf80000,0x00000000db500000)
 ParOldGen       total 316416K, used 63364K [0x0000000080000000, 0x0000000093500000, 0x00000000d5580000)
  object space 316416K, 20% used [0x0000000080000000,0x0000000083de1108,0x0000000093500000)
 Metaspace       used 93707K, capacity 95933K, committed 98944K, reserved 1136640K
  class space    used 11194K, capacity 11565K, committed 12160K, reserved 1048576K
}
{Heap before GC invocations=447 (full 4):
 PSYoungGen      total 97792K, used 94752K [0x00000000d5580000, 0x00000000dba80000, 0x0000000100000000)
  eden space 92160K, 100% used [0x00000000d5580000,0x00000000daf80000,0x00000000daf80000)
  from space 5632K, 46% used [0x00000000db500000,0x00000000db788000,0x00000000dba80000)
  to   space 5632K, 0% used [0x00000000daf80000,0x00000000daf80000,0x00000000db500000)
 ParOldGen       total 316416K, used 63364K [0x0000000080000000, 0x0000000093500000, 0x00000000d5580000)
  object space 316416K, 20% used [0x0000000080000000,0x0000000083de1108,0x0000000093500000)
 Metaspace       used 93710K, capacity 95933K, committed 98944K, reserved 1136640K
  class space    used 11195K, capacity 11565K, committed 12160K, reserved 1048576K
2023-04-16T10:13:23.121+0600: 2019675.204: [GC (Allocation Failure) [PSYoungGen: 94752K->4401K(97792K)] 158116K->67773K(414208K), 0.0141891 secs] [Times: user=0.03 sys=0.00, real=0.01 secs] 
Heap after GC invocations=447 (full 4):
 PSYoungGen      total 97792K, used 4401K [0x00000000d5580000, 0x00000000dbb00000, 0x0000000100000000)
  eden space 92160K, 0% used [0x00000000d5580000,0x00000000d5580000,0x00000000daf80000)
  from space 5632K, 78% used [0x00000000daf80000,0x00000000db3cc4e0,0x00000000db500000)
  to   space 5632K, 0% used [0x00000000db580000,0x00000000db580000,0x00000000dbb00000)
 ParOldGen       total 316416K, used 63372K [0x0000000080000000, 0x0000000093500000, 0x00000000d5580000)
  object space 316416K, 20% used [0x0000000080000000,0x0000000083de3108,0x0000000093500000)
 Metaspace       used 93710K, capacity 95933K, committed 98944K, reserved 1136640K
  class space    used 11195K, capacity 11565K, committed 12160K, reserved 1048576K
}
{Heap before GC invocations=448 (full 4):
 PSYoungGen      total 97792K, used 96561K [0x00000000d5580000, 0x00000000dbb00000, 0x0000000100000000)
  eden space 92160K, 100% used [0x00000000d5580000,0x00000000daf80000,0x00000000daf80000)
  from space 5632K, 78% used [0x00000000daf80000,0x00000000db3cc4e0,0x00000000db500000)
  to   space 5632K, 0% used [0x00000000db580000,0x00000000db580000,0x00000000dbb00000)
 ParOldGen       total 316416K, used 63372K [0x0000000080000000, 0x0000000093500000, 0x00000000d5580000)
  object space 316416K, 20% used [0x0000000080000000,0x0000000083de3108,0x0000000093500000)
 Metaspace       used 93731K, capacity 95933K, committed 98944K, reserved 1136640K
  class space    used 11195K, capacity 11565K, committed 12160K, reserved 1048576K
2023-04-16T11:09:30.310+0600: 2023042.393: [GC (Allocation Failure) [PSYoungGen: 96561K->5602K(97792K)] 159933K->68990K(414208K), 0.0120753 secs] [Times: user=0.01 sys=0.01, real=0.01 secs] 
Heap after GC invocations=448 (full 4):
 PSYoungGen      total 97792K, used 5602K [0x00000000d5580000, 0x00000000dbc00000, 0x0000000100000000)
  eden space 92160K, 0% used [0x00000000d5580000,0x00000000d5580000,0x00000000daf80000)
  from space 5632K, 99% used [0x00000000db580000,0x00000000dbaf8980,0x00000000dbb00000)
  to   space 6144K, 0% used [0x00000000daf80000,0x00000000daf80000,0x00000000db580000)
 ParOldGen       total 316416K, used 63388K [0x0000000080000000, 0x0000000093500000, 0x00000000d5580000)
  object space 316416K, 20% used [0x0000000080000000,0x0000000083de7108,0x0000000093500000)
 Metaspace       used 93731K, capacity 95933K, committed 98944K, reserved 1136640K
  class space    used 11195K, capacity 11565K, committed 12160K, reserved 1048576K
}
{Heap before GC invocations=449 (full 4):
 PSYoungGen      total 97792K, used 97762K [0x00000000d5580000, 0x00000000dbc00000, 0x0000000100000000)
  eden space 92160K, 100% used [0x00000000d5580000,0x00000000daf80000,0x00000000daf80000)
  from space 5632K, 99% used [0x00000000db580000,0x00000000dbaf8980,0x00000000dbb00000)
  to   space 6144K, 0% used [0x00000000daf80000,0x00000000daf80000,0x00000000db580000)
 ParOldGen       total 316416K, used 63388K [0x0000000080000000, 0x0000000093500000, 0x00000000d5580000)
  object space 316416K, 20% used [0x0000000080000000,0x0000000083de7108,0x0000000093500000)
 Metaspace       used 93744K, capacity 95957K, committed 98944K, reserved 1136640K
  class space    used 11197K, capacity 11569K, committed 12160K, reserved 1048576K
2023-04-16T11:52:31.056+0600: 2025623.138: [GC (Allocation Failure) [PSYoungGen: 97762K->6131K(98304K)] 161150K->71344K(414720K), 0.0242276 secs] [Times: user=0.04 sys=0.00, real=0.03 secs] 
Heap after GC invocations=449 (full 4):
 PSYoungGen      total 98304K, used 6131K [0x00000000d5580000, 0x00000000dbf00000, 0x0000000100000000)
  eden space 92160K, 0% used [0x00000000d5580000,0x00000000d5580000,0x00000000daf80000)
  from space 6144K, 99% used [0x00000000daf80000,0x00000000db57cff0,0x00000000db580000)
  to   space 7680K, 0% used [0x00000000db780000,0x00000000db780000,0x00000000dbf00000)
 ParOldGen       total 316416K, used 65212K [0x0000000080000000, 0x0000000093500000, 0x00000000d5580000)
  object space 316416K, 20% used [0x0000000080000000,0x0000000083faf2f0,0x0000000093500000)
 Metaspace       used 93744K, capacity 95957K, committed 98944K, reserved 1136640K
  class space    used 11197K, capacity 11569K, committed 12160K, reserved 1048576K
}
{Heap before GC invocations=450 (full 4):
 PSYoungGen      total 98304K, used 98291K [0x00000000d5580000, 0x00000000dbf00000, 0x0000000100000000)
  eden space 92160K, 100% used [0x00000000d5580000,0x00000000daf80000,0x00000000daf80000)
  from space 6144K, 99% used [0x00000000daf80000,0x00000000db57cff0,0x00000000db580000)
  to   space 7680K, 0% used [0x00000000db780000,0x00000000db780000,0x00000000dbf00000)
 ParOldGen       total 316416K, used 65212K [0x0000000080000000, 0x0000000093500000, 0x00000000d5580000)
  object space 316416K, 20% used [0x0000000080000000,0x0000000083faf2f0,0x0000000093500000)
 Metaspace       used 93769K, capacity 96039K, committed 98944K, reserved 1136640K
  class space    used 11199K, capacity 11572K, committed 12160K, reserved 1048576K
2023-04-16T12:23:18.950+0600: 2027471.032: [GC (Allocation Failure) [PSYoungGen: 98291K->7669K(99328K)] 163504K->73425K(415744K), 0.0257998 secs] [Times: user=0.04 sys=0.00, real=0.02 secs] 
Heap after GC invocations=450 (full 4):
 PSYoungGen      total 99328K, used 7669K [0x00000000d5580000, 0x00000000dc100000, 0x0000000100000000)
  eden space 91648K, 0% used [0x00000000d5580000,0x00000000d5580000,0x00000000daf00000)
  from space 7680K, 99% used [0x00000000db780000,0x00000000dbefd400,0x00000000dbf00000)
  to   space 8704K, 0% used [0x00000000daf00000,0x00000000daf00000,0x00000000db780000)
 ParOldGen       total 316416K, used 65756K [0x0000000080000000, 0x0000000093500000, 0x00000000d5580000)
  object space 316416K, 20% used [0x0000000080000000,0x0000000084037310,0x0000000093500000)
 Metaspace       used 93769K, capacity 96039K, committed 98944K, reserved 1136640K
  class space    used 11199K, capacity 11572K, committed 12160K, reserved 1048576K
}
{Heap before GC invocations=451 (full 4):
 PSYoungGen      total 99328K, used 99317K [0x00000000d5580000, 0x00000000dc100000, 0x0000000100000000)
  eden space 91648K, 100% used [0x00000000d5580000,0x00000000daf00000,0x00000000daf00000)
  from space 7680K, 99% used [0x00000000db780000,0x00000000dbefd400,0x00000000dbf00000)
  to   space 8704K, 0% used [0x00000000daf00000,0x00000000daf00000,0x00000000db780000)
 ParOldGen       total 316416K, used 65756K [0x0000000080000000, 0x0000000093500000, 0x00000000d5580000)
  object space 316416K, 20% used [0x0000000080000000,0x0000000084037310,0x0000000093500000)
 Metaspace       used 93774K, capacity 96049K, committed 98944K, reserved 1136640K
  class space    used 11200K, capacity 11573K, committed 12160K, reserved 1048576K
2023-04-16T13:05:35.199+0600: 2030007.282: [GC (Allocation Failure) [PSYoungGen: 99317K->8693K(100352K)] 165073K->75318K(416768K), 0.0233163 secs] [Times: user=0.04 sys=0.00, real=0.02 secs] 
Heap after GC invocations=451 (full 4):
 PSYoungGen      total 100352K, used 8693K [0x00000000d5580000, 0x00000000dc380000, 0x0000000100000000)
  eden space 91648K, 0% used [0x00000000d5580000,0x00000000d5580000,0x00000000daf00000)
  from space 8704K, 99% used [0x00000000daf00000,0x00000000db77d4e0,0x00000000db780000)
  to   space 10240K, 0% used [0x00000000db980000,0x00000000db980000,0x00000000dc380000)
 ParOldGen       total 316416K, used 66624K [0x0000000080000000, 0x0000000093500000, 0x00000000d5580000)
  object space 316416K, 21% used [0x0000000080000000,0x0000000084110350,0x0000000093500000)
 Metaspace       used 93774K, capacity 96049K, committed 98944K, reserved 1136640K
  class space    used 11200K, capacity 11573K, committed 12160K, reserved 1048576K
}
{Heap before GC invocations=452 (full 4):
 PSYoungGen      total 100352K, used 100341K [0x00000000d5580000, 0x00000000dc380000, 0x0000000100000000)
  eden space 91648K, 100% used [0x00000000d5580000,0x00000000daf00000,0x00000000daf00000)
  from space 8704K, 99% used [0x00000000daf00000,0x00000000db77d4e0,0x00000000db780000)
  to   space 10240K, 0% used [0x00000000db980000,0x00000000db980000,0x00000000dc380000)
 ParOldGen       total 316416K, used 66624K [0x0000000080000000, 0x0000000093500000, 0x00000000d5580000)
  object space 316416K, 21% used [0x0000000080000000,0x0000000084110350,0x0000000093500000)
 Metaspace       used 93794K, capacity 96109K, committed 98944K, reserved 1136640K
  class space    used 11206K, capacity 11583K, committed 12160K, reserved 1048576K
2023-04-16T13:41:20.779+0600: 2032152.862: [GC (Allocation Failure) [PSYoungGen: 100341K->9675K(100864K)] 166966K->76340K(417280K), 0.0275453 secs] [Times: user=0.03 sys=0.00, real=0.03 secs] 
Heap after GC invocations=452 (full 4):
 PSYoungGen      total 100864K, used 9675K [0x00000000d5580000, 0x00000000dc680000, 0x0000000100000000)
  eden space 90624K, 0% used [0x00000000d5580000,0x00000000d5580000,0x00000000dae00000)
  from space 10240K, 94% used [0x00000000db980000,0x00000000dc2f2de0,0x00000000dc380000)
  to   space 11776K, 0% used [0x00000000dae00000,0x00000000dae00000,0x00000000db980000)
 ParOldGen       total 316416K, used 66664K [0x0000000080000000, 0x0000000093500000, 0x00000000d5580000)
  object space 316416K, 21% used [0x0000000080000000,0x000000008411a350,0x0000000093500000)
 Metaspace       used 93794K, capacity 96109K, committed 98944K, reserved 1136640K
  class space    used 11206K, capacity 11583K, committed 12160K, reserved 1048576K
}
{Heap before GC invocations=453 (full 4):
 PSYoungGen      total 100864K, used 100299K [0x00000000d5580000, 0x00000000dc680000, 0x0000000100000000)
  eden space 90624K, 100% used [0x00000000d5580000,0x00000000dae00000,0x00000000dae00000)
  from space 10240K, 94% used [0x00000000db980000,0x00000000dc2f2de0,0x00000000dc380000)
  to   space 11776K, 0% used [0x00000000dae00000,0x00000000dae00000,0x00000000db980000)
 ParOldGen       total 316416K, used 66664K [0x0000000080000000, 0x0000000093500000, 0x00000000d5580000)
  object space 316416K, 21% used [0x0000000080000000,0x000000008411a350,0x0000000093500000)
 Metaspace       used 93795K, capacity 96109K, committed 98944K, reserved 1136640K
  class space    used 11206K, capacity 11583K, committed 12160K, reserved 1048576K
2023-04-16T14:30:06.305+0600: 2035078.388: [GC (Allocation Failure) [PSYoungGen: 100299K->8089K(102400K)] 166964K->74754K(418816K), 0.0234682 secs] [Times: user=0.04 sys=0.00, real=0.02 secs] 
Heap after GC invocations=453 (full 4):
 PSYoungGen      total 102400K, used 8089K [0x00000000d5580000, 0x00000000dc680000, 0x0000000100000000)
  eden space 90624K, 0% used [0x00000000d5580000,0x00000000d5580000,0x00000000dae00000)
  from space 11776K, 68% used [0x00000000dae00000,0x00000000db5e64c0,0x00000000db980000)
  to   space 12288K, 0% used [0x00000000dba80000,0x00000000dba80000,0x00000000dc680000)
 ParOldGen       total 316416K, used 66664K [0x0000000080000000, 0x0000000093500000, 0x00000000d5580000)
  object space 316416K, 21% used [0x0000000080000000,0x000000008411a350,0x0000000093500000)
 Metaspace       used 93795K, capacity 96109K, committed 98944K, reserved 1136640K
  class space    used 11206K, capacity 11583K, committed 12160K, reserved 1048576K
}
{Heap before GC invocations=454 (full 4):
 PSYoungGen      total 102400K, used 98713K [0x00000000d5580000, 0x00000000dc680000, 0x0000000100000000)
  eden space 90624K, 100% used [0x00000000d5580000,0x00000000dae00000,0x00000000dae00000)
  from space 11776K, 68% used [0x00000000dae00000,0x00000000db5e64c0,0x00000000db980000)
  to   space 12288K, 0% used [0x00000000dba80000,0x00000000dba80000,0x00000000dc680000)
 ParOldGen       total 316416K, used 66664K [0x0000000080000000, 0x0000000093500000, 0x00000000d5580000)
  object space 316416K, 21% used [0x0000000080000000,0x000000008411a350,0x0000000093500000)
 Metaspace       used 93795K, capacity 96109K, committed 98944K, reserved 1136640K
  class space    used 11206K, capacity 11583K, committed 12160K, reserved 1048576K
2023-04-16T15:11:35.138+0600: 2037567.220: [GC (Allocation Failure) [PSYoungGen: 98713K->8966K(102912K)] 165378K->75631K(419328K), 0.0237087 secs] [Times: user=0.04 sys=0.00, real=0.03 secs] 
Heap after GC invocations=454 (full 4):
 PSYoungGen      total 102912K, used 8966K [0x00000000d5580000, 0x00000000dc780000, 0x0000000100000000)
  eden space 90624K, 0% used [0x00000000d5580000,0x00000000d5580000,0x00000000dae00000)
  from space 12288K, 72% used [0x00000000dba80000,0x00000000dc3419e0,0x00000000dc680000)
  to   space 12800K, 0% used [0x00000000dae00000,0x00000000dae00000,0x00000000dba80000)
 ParOldGen       total 316416K, used 66664K [0x0000000080000000, 0x0000000093500000, 0x00000000d5580000)
  object space 316416K, 21% used [0x0000000080000000,0x000000008411a350,0x0000000093500000)
 Metaspace       used 93795K, capacity 96109K, committed 98944K, reserved 1136640K
  class space    used 11206K, capacity 11583K, committed 12160K, reserved 1048576K
}
{Heap before GC invocations=455 (full 4):
 PSYoungGen      total 102912K, used 99590K [0x00000000d5580000, 0x00000000dc780000, 0x0000000100000000)
  eden space 90624K, 100% used [0x00000000d5580000,0x00000000dae00000,0x00000000dae00000)
  from space 12288K, 72% used [0x00000000dba80000,0x00000000dc3419e0,0x00000000dc680000)
  to   space 12800K, 0% used [0x00000000dae00000,0x00000000dae00000,0x00000000dba80000)
 ParOldGen       total 316416K, used 66664K [0x0000000080000000, 0x0000000093500000, 0x00000000d5580000)
  object space 316416K, 21% used [0x0000000080000000,0x000000008411a350,0x0000000093500000)
 Metaspace       used 93797K, capacity 96109K, committed 98944K, reserved 1136640K
  class space    used 11206K, capacity 11583K, committed 12160K, reserved 1048576K
2023-04-16T15:51:15.799+0600: 2039947.882: [GC (Allocation Failure) [PSYoungGen: 99590K->9222K(103424K)] 166255K->75887K(419840K), 0.0173231 secs] [Times: user=0.03 sys=0.00, real=0.01 secs] 
Heap after GC invocations=455 (full 4):
 PSYoungGen      total 103424K, used 9222K [0x00000000d5580000, 0x00000000dc880000, 0x0000000100000000)
  eden space 90624K, 0% used [0x00000000d5580000,0x00000000d5580000,0x00000000dae00000)
  from space 12800K, 72% used [0x00000000dae00000,0x00000000db701bf0,0x00000000dba80000)
  to   space 13312K, 0% used [0x00000000dbb80000,0x00000000dbb80000,0x00000000dc880000)
 ParOldGen       total 316416K, used 66664K [0x0000000080000000, 0x0000000093500000, 0x00000000d5580000)
  object space 316416K, 21% used [0x0000000080000000,0x000000008411a350,0x0000000093500000)
 Metaspace       used 93797K, capacity 96109K, committed 98944K, reserved 1136640K
  class space    used 11206K, capacity 11583K, committed 12160K, reserved 1048576K
}
{Heap before GC invocations=456 (full 4):
 PSYoungGen      total 103424K, used 99846K [0x00000000d5580000, 0x00000000dc880000, 0x0000000100000000)
  eden space 90624K, 100% used [0x00000000d5580000,0x00000000dae00000,0x00000000dae00000)
  from space 12800K, 72% used [0x00000000dae00000,0x00000000db701bf0,0x00000000dba80000)
  to   space 13312K, 0% used [0x00000000dbb80000,0x00000000dbb80000,0x00000000dc880000)
 ParOldGen       total 316416K, used 66664K [0x0000000080000000, 0x0000000093500000, 0x00000000d5580000)
  object space 316416K, 21% used [0x0000000080000000,0x000000008411a350,0x0000000093500000)
 Metaspace       used 93797K, capacity 96109K, committed 98944K, reserved 1136640K
  class space    used 11206K, capacity 11583K, committed 12160K, reserved 1048576K
2023-04-16T16:33:07.142+0600: 2042459.225: [GC (Allocation Failure) [PSYoungGen: 99846K->8600K(104448K)] 166511K->75265K(420864K), 0.0226201 secs] [Times: user=0.03 sys=0.00, real=0.02 secs] 
Heap after GC invocations=456 (full 4):
 PSYoungGen      total 104448K, used 8600K [0x00000000d5580000, 0x00000000dc880000, 0x0000000100000000)
  eden space 91136K, 0% used [0x00000000d5580000,0x00000000d5580000,0x00000000dae80000)
  from space 13312K, 64% used [0x00000000dbb80000,0x00000000dc3e6250,0x00000000dc880000)
  to   space 13312K, 0% used [0x00000000dae80000,0x00000000dae80000,0x00000000dbb80000)
 ParOldGen       total 316416K, used 66664K [0x0000000080000000, 0x0000000093500000, 0x00000000d5580000)
  object space 316416K, 21% used [0x0000000080000000,0x000000008411a350,0x0000000093500000)
 Metaspace       used 93797K, capacity 96109K, committed 98944K, reserved 1136640K
  class space    used 11206K, capacity 11583K, committed 12160K, reserved 1048576K
}
{Heap before GC invocations=457 (full 4):
 PSYoungGen      total 104448K, used 99736K [0x00000000d5580000, 0x00000000dc880000, 0x0000000100000000)
  eden space 91136K, 100% used [0x00000000d5580000,0x00000000dae80000,0x00000000dae80000)
  from space 13312K, 64% used [0x00000000dbb80000,0x00000000dc3e6250,0x00000000dc880000)
  to   space 13312K, 0% used [0x00000000dae80000,0x00000000dae80000,0x00000000dbb80000)
 ParOldGen       total 316416K, used 66664K [0x0000000080000000, 0x0000000093500000, 0x00000000d5580000)
  object space 316416K, 21% used [0x0000000080000000,0x000000008411a350,0x0000000093500000)
 Metaspace       used 93797K, capacity 96109K, committed 98944K, reserved 1136640K
  class space    used 11206K, capacity 11583K, committed 12160K, reserved 1048576K
2023-04-16T17:00:07.579+0600: 2044079.661: [GC (Allocation Failure) [PSYoungGen: 99736K->13303K(104448K)] 166401K->80107K(420864K), 0.0177979 secs] [Times: user=0.01 sys=0.01, real=0.02 secs] 
Heap after GC invocations=457 (full 4):
 PSYoungGen      total 104448K, used 13303K [0x00000000d5580000, 0x00000000dcd00000, 0x0000000100000000)
  eden space 91136K, 0% used [0x00000000d5580000,0x00000000d5580000,0x00000000dae80000)
  from space 13312K, 99% used [0x00000000dae80000,0x00000000dbb7dca0,0x00000000dbb80000)
  to   space 15360K, 0% used [0x00000000dbe00000,0x00000000dbe00000,0x00000000dcd00000)
 ParOldGen       total 316416K, used 66803K [0x0000000080000000, 0x0000000093500000, 0x00000000d5580000)
  object space 316416K, 21% used [0x0000000080000000,0x000000008413cff0,0x0000000093500000)
 Metaspace       used 93797K, capacity 96109K, committed 98944K, reserved 1136640K
  class space    used 11206K, capacity 11583K, committed 12160K, reserved 1048576K
}
{Heap before GC invocations=458 (full 4):
 PSYoungGen      total 104448K, used 104439K [0x00000000d5580000, 0x00000000dcd00000, 0x0000000100000000)
  eden space 91136K, 100% used [0x00000000d5580000,0x00000000dae80000,0x00000000dae80000)
  from space 13312K, 99% used [0x00000000dae80000,0x00000000dbb7dca0,0x00000000dbb80000)
  to   space 15360K, 0% used [0x00000000dbe00000,0x00000000dbe00000,0x00000000dcd00000)
 ParOldGen       total 316416K, used 66803K [0x0000000080000000, 0x0000000093500000, 0x00000000d5580000)
  object space 316416K, 21% used [0x0000000080000000,0x000000008413cff0,0x0000000093500000)
 Metaspace       used 93800K, capacity 96115K, committed 98944K, reserved 1136640K
  class space    used 11207K, capacity 11584K, committed 12160K, reserved 1048576K
2023-04-16T17:55:08.862+0600: 2047380.945: [GC (Allocation Failure) [PSYoungGen: 104439K->9035K(107008K)] 171243K->75839K(423424K), 0.0194922 secs] [Times: user=0.04 sys=0.00, real=0.02 secs] 
Heap after GC invocations=458 (full 4):
 PSYoungGen      total 107008K, used 9035K [0x00000000d5580000, 0x00000000dcd00000, 0x0000000100000000)
  eden space 91648K, 0% used [0x00000000d5580000,0x00000000d5580000,0x00000000daf00000)
  from space 15360K, 58% used [0x00000000dbe00000,0x00000000dc6d2d10,0x00000000dcd00000)
  to   space 15360K, 0% used [0x00000000daf00000,0x00000000daf00000,0x00000000dbe00000)
 ParOldGen       total 316416K, used 66803K [0x0000000080000000, 0x0000000093500000, 0x00000000d5580000)
  object space 316416K, 21% used [0x0000000080000000,0x000000008413cff0,0x0000000093500000)
 Metaspace       used 93800K, capacity 96115K, committed 98944K, reserved 1136640K
  class space    used 11207K, capacity 11584K, committed 12160K, reserved 1048576K
}
{Heap before GC invocations=459 (full 4):
 PSYoungGen      total 107008K, used 100683K [0x00000000d5580000, 0x00000000dcd00000, 0x0000000100000000)
  eden space 91648K, 100% used [0x00000000d5580000,0x00000000daf00000,0x00000000daf00000)
  from space 15360K, 58% used [0x00000000dbe00000,0x00000000dc6d2d10,0x00000000dcd00000)
  to   space 15360K, 0% used [0x00000000daf00000,0x00000000daf00000,0x00000000dbe00000)
 ParOldGen       total 316416K, used 66803K [0x0000000080000000, 0x0000000093500000, 0x00000000d5580000)
  object space 316416K, 21% used [0x0000000080000000,0x000000008413cff0,0x0000000093500000)
 Metaspace       used 93809K, capacity 96115K, committed 98944K, reserved 1136640K
  class space    used 11208K, capacity 11584K, committed 12160K, reserved 1048576K
2023-04-16T19:01:14.831+0600: 2051346.914: [GC (Allocation Failure) [PSYoungGen: 100683K->6499K(98304K)] 167487K->73303K(414720K), 0.0231026 secs] [Times: user=0.03 sys=0.00, real=0.02 secs] 
Heap after GC invocations=459 (full 4):
 PSYoungGen      total 98304K, used 6499K [0x00000000d5580000, 0x00000000dcb80000, 0x0000000100000000)
  eden space 91648K, 0% used [0x00000000d5580000,0x00000000d5580000,0x00000000daf00000)
  from space 6656K, 97% used [0x00000000daf00000,0x00000000db558e00,0x00000000db580000)
  to   space 14336K, 0% used [0x00000000dbd80000,0x00000000dbd80000,0x00000000dcb80000)
 ParOldGen       total 316416K, used 66803K [0x0000000080000000, 0x0000000093500000, 0x00000000d5580000)
  object space 316416K, 21% used [0x0000000080000000,0x000000008413cff0,0x0000000093500000)
 Metaspace       used 93809K, capacity 96115K, committed 98944K, reserved 1136640K
  class space    used 11208K, capacity 11584K, committed 12160K, reserved 1048576K
}
{Heap before GC invocations=460 (full 4):
 PSYoungGen      total 98304K, used 98147K [0x00000000d5580000, 0x00000000dcb80000, 0x0000000100000000)
  eden space 91648K, 100% used [0x00000000d5580000,0x00000000daf00000,0x00000000daf00000)
  from space 6656K, 97% used [0x00000000daf00000,0x00000000db558e00,0x00000000db580000)
  to   space 14336K, 0% used [0x00000000dbd80000,0x00000000dbd80000,0x00000000dcb80000)
 ParOldGen       total 316416K, used 66803K [0x0000000080000000, 0x0000000093500000, 0x00000000d5580000)
  object space 316416K, 21% used [0x0000000080000000,0x000000008413cff0,0x0000000093500000)
 Metaspace       used 93809K, capacity 96115K, committed 98944K, reserved 1136640K
  class space    used 11208K, capacity 11584K, committed 12160K, reserved 1048576K
2023-04-16T20:21:07.640+0600: 2056139.723: [GC (Allocation Failure) [PSYoungGen: 98147K->5154K(106496K)] 164951K->71958K(422912K), 0.0156786 secs] [Times: user=0.03 sys=0.00, real=0.01 secs] 
Heap after GC invocations=460 (full 4):
 PSYoungGen      total 106496K, used 5154K [0x00000000d5580000, 0x00000000dcb80000, 0x0000000100000000)
  eden space 92160K, 0% used [0x00000000d5580000,0x00000000d5580000,0x00000000daf80000)
  from space 14336K, 35% used [0x00000000dbd80000,0x00000000dc288b80,0x00000000dcb80000)
  to   space 14336K, 0% used [0x00000000daf80000,0x00000000daf80000,0x00000000dbd80000)
 ParOldGen       total 316416K, used 66803K [0x0000000080000000, 0x0000000093500000, 0x00000000d5580000)
  object space 316416K, 21% used [0x0000000080000000,0x000000008413cff0,0x0000000093500000)
 Metaspace       used 93809K, capacity 96115K, committed 98944K, reserved 1136640K
  class space    used 11208K, capacity 11584K, committed 12160K, reserved 1048576K
}
{Heap before GC invocations=461 (full 4):
 PSYoungGen      total 106496K, used 97314K [0x00000000d5580000, 0x00000000dcb80000, 0x0000000100000000)
  eden space 92160K, 100% used [0x00000000d5580000,0x00000000daf80000,0x00000000daf80000)
  from space 14336K, 35% used [0x00000000dbd80000,0x00000000dc288b80,0x00000000dcb80000)
  to   space 14336K, 0% used [0x00000000daf80000,0x00000000daf80000,0x00000000dbd80000)
 ParOldGen       total 316416K, used 66803K [0x0000000080000000, 0x0000000093500000, 0x00000000d5580000)
  object space 316416K, 21% used [0x0000000080000000,0x000000008413cff0,0x0000000093500000)
 Metaspace       used 93833K, capacity 96145K, committed 98944K, reserved 1136640K
  class space    used 11211K, capacity 11589K, committed 12160K, reserved 1048576K
2023-04-16T21:21:54.425+0600: 2059786.508: [GC (Allocation Failure) [PSYoungGen: 97314K->5923K(106496K)] 164118K->72727K(422912K), 0.0139808 secs] [Times: user=0.03 sys=0.00, real=0.02 secs] 
Heap after GC invocations=461 (full 4):
 PSYoungGen      total 106496K, used 5923K [0x00000000d5580000, 0x00000000dcb00000, 0x0000000100000000)
  eden space 92160K, 0% used [0x00000000d5580000,0x00000000d5580000,0x00000000daf80000)
  from space 14336K, 41% used [0x00000000daf80000,0x00000000db548fe0,0x00000000dbd80000)
  to   space 13824K, 0% used [0x00000000dbd80000,0x00000000dbd80000,0x00000000dcb00000)
 ParOldGen       total 316416K, used 66803K [0x0000000080000000, 0x0000000093500000, 0x00000000d5580000)
  object space 316416K, 21% used [0x0000000080000000,0x000000008413cff0,0x0000000093500000)
 Metaspace       used 93833K, capacity 96145K, committed 98944K, reserved 1136640K
  class space    used 11211K, capacity 11589K, committed 12160K, reserved 1048576K
}
{Heap before GC invocations=462 (full 4):
 PSYoungGen      total 106496K, used 98083K [0x00000000d5580000, 0x00000000dcb00000, 0x0000000100000000)
  eden space 92160K, 100% used [0x00000000d5580000,0x00000000daf80000,0x00000000daf80000)
  from space 14336K, 41% used [0x00000000daf80000,0x00000000db548fe0,0x00000000dbd80000)
  to   space 13824K, 0% used [0x00000000dbd80000,0x00000000dbd80000,0x00000000dcb00000)
 ParOldGen       total 316416K, used 66803K [0x0000000080000000, 0x0000000093500000, 0x00000000d5580000)
  object space 316416K, 21% used [0x0000000080000000,0x000000008413cff0,0x0000000093500000)
 Metaspace       used 93833K, capacity 96145K, committed 98944K, reserved 1136640K
  class space    used 11211K, capacity 11589K, committed 12160K, reserved 1048576K
2023-04-16T22:30:59.929+0600: 2063932.012: [GC (Allocation Failure) [PSYoungGen: 98083K->5841K(105472K)] 164887K->72725K(421888K), 0.0180901 secs] [Times: user=0.03 sys=0.00, real=0.02 secs] 
Heap after GC invocations=462 (full 4):
 PSYoungGen      total 105472K, used 5841K [0x00000000d5580000, 0x00000000dca00000, 0x0000000100000000)
  eden space 92672K, 0% used [0x00000000d5580000,0x00000000d5580000,0x00000000db000000)
  from space 12800K, 45% used [0x00000000dbd80000,0x00000000dc334730,0x00000000dca00000)
  to   space 13312K, 0% used [0x00000000db000000,0x00000000db000000,0x00000000dbd00000)
 ParOldGen       total 316416K, used 66883K [0x0000000080000000, 0x0000000093500000, 0x00000000d5580000)
  object space 316416K, 21% used [0x0000000080000000,0x0000000084150ff0,0x0000000093500000)
 Metaspace       used 93833K, capacity 96145K, committed 98944K, reserved 1136640K
  class space    used 11211K, capacity 11589K, committed 12160K, reserved 1048576K
}
{Heap before GC invocations=463 (full 4):
 PSYoungGen      total 105472K, used 98513K [0x00000000d5580000, 0x00000000dca00000, 0x0000000100000000)
  eden space 92672K, 100% used [0x00000000d5580000,0x00000000db000000,0x00000000db000000)
  from space 12800K, 45% used [0x00000000dbd80000,0x00000000dc334730,0x00000000dca00000)
  to   space 13312K, 0% used [0x00000000db000000,0x00000000db000000,0x00000000dbd00000)
 ParOldGen       total 316416K, used 66883K [0x0000000080000000, 0x0000000093500000, 0x00000000d5580000)
  object space 316416K, 21% used [0x0000000080000000,0x0000000084150ff0,0x0000000093500000)
 Metaspace       used 93833K, capacity 96145K, committed 98944K, reserved 1136640K
  class space    used 11211K, capacity 11589K, committed 12160K, reserved 1048576K
2023-04-16T23:50:36.652+0600: 2068708.735: [GC (Allocation Failure) [PSYoungGen: 98513K->4801K(105984K)] 165397K->71901K(422400K), 0.0198338 secs] [Times: user=0.04 sys=0.00, real=0.02 secs] 
Heap after GC invocations=463 (full 4):
 PSYoungGen      total 105984K, used 4801K [0x00000000d5580000, 0x00000000dc980000, 0x0000000100000000)
  eden space 92672K, 0% used [0x00000000d5580000,0x00000000d5580000,0x00000000db000000)
  from space 13312K, 36% used [0x00000000db000000,0x00000000db4b06f0,0x00000000dbd00000)
  to   space 12800K, 0% used [0x00000000dbd00000,0x00000000dbd00000,0x00000000dc980000)
 ParOldGen       total 316416K, used 67099K [0x0000000080000000, 0x0000000093500000, 0x00000000d5580000)
  object space 316416K, 21% used [0x0000000080000000,0x0000000084186ff0,0x0000000093500000)
 Metaspace       used 93833K, capacity 96145K, committed 98944K, reserved 1136640K
  class space    used 11211K, capacity 11589K, committed 12160K, reserved 1048576K
}
{Heap before GC invocations=464 (full 4):
 PSYoungGen      total 105984K, used 97473K [0x00000000d5580000, 0x00000000dc980000, 0x0000000100000000)
  eden space 92672K, 100% used [0x00000000d5580000,0x00000000db000000,0x00000000db000000)
  from space 13312K, 36% used [0x00000000db000000,0x00000000db4b06f0,0x00000000dbd00000)
  to   space 12800K, 0% used [0x00000000dbd00000,0x00000000dbd00000,0x00000000dc980000)
 ParOldGen       total 316416K, used 67099K [0x0000000080000000, 0x0000000093500000, 0x00000000d5580000)
  object space 316416K, 21% used [0x0000000080000000,0x0000000084186ff0,0x0000000093500000)
 Metaspace       used 93833K, capacity 96145K, committed 98944K, reserved 1136640K
  class space    used 11211K, capacity 11589K, committed 12160K, reserved 1048576K
2023-04-17T01:10:26.123+0600: 2073498.206: [GC (Allocation Failure) [PSYoungGen: 97473K->4513K(105984K)] 164573K->71933K(422400K), 0.0193195 secs] [Times: user=0.03 sys=0.00, real=0.02 secs] 
Heap after GC invocations=464 (full 4):
 PSYoungGen      total 105984K, used 4513K [0x00000000d5580000, 0x00000000dc980000, 0x0000000100000000)
  eden space 93184K, 0% used [0x00000000d5580000,0x00000000d5580000,0x00000000db080000)
  from space 12800K, 35% used [0x00000000dbd00000,0x00000000dc1684b0,0x00000000dc980000)
  to   space 12800K, 0% used [0x00000000db080000,0x00000000db080000,0x00000000dbd00000)
 ParOldGen       total 316416K, used 67420K [0x0000000080000000, 0x0000000093500000, 0x00000000d5580000)
  object space 316416K, 21% used [0x0000000080000000,0x00000000841d7080,0x0000000093500000)
 Metaspace       used 93833K, capacity 96145K, committed 98944K, reserved 1136640K
  class space    used 11211K, capacity 11589K, committed 12160K, reserved 1048576K
}
{Heap before GC invocations=465 (full 4):
 PSYoungGen      total 105984K, used 97697K [0x00000000d5580000, 0x00000000dc980000, 0x0000000100000000)
  eden space 93184K, 100% used [0x00000000d5580000,0x00000000db080000,0x00000000db080000)
  from space 12800K, 35% used [0x00000000dbd00000,0x00000000dc1684b0,0x00000000dc980000)
  to   space 12800K, 0% used [0x00000000db080000,0x00000000db080000,0x00000000dbd00000)
 ParOldGen       total 316416K, used 67420K [0x0000000080000000, 0x0000000093500000, 0x00000000d5580000)
  object space 316416K, 21% used [0x0000000080000000,0x00000000841d7080,0x0000000093500000)
 Metaspace       used 93833K, capacity 96145K, committed 98944K, reserved 1136640K
  class space    used 11211K, capacity 11589K, committed 12160K, reserved 1048576K
2023-04-17T02:33:43.891+0600: 2078495.974: [GC (Allocation Failure) [PSYoungGen: 97697K->3392K(105984K)] 165117K->71109K(422400K), 0.0130758 secs] [Times: user=0.03 sys=0.00, real=0.01 secs] 
Heap after GC invocations=465 (full 4):
 PSYoungGen      total 105984K, used 3392K [0x00000000d5580000, 0x00000000dca00000, 0x0000000100000000)
  eden space 93184K, 0% used [0x00000000d5580000,0x00000000d5580000,0x00000000db080000)
  from space 12800K, 26% used [0x00000000db080000,0x00000000db3d0000,0x00000000dbd00000)
  to   space 12800K, 0% used [0x00000000dbd80000,0x00000000dbd80000,0x00000000dca00000)
 ParOldGen       total 316416K, used 67717K [0x0000000080000000, 0x0000000093500000, 0x00000000d5580000)
  object space 316416K, 21% used [0x0000000080000000,0x0000000084221558,0x0000000093500000)
 Metaspace       used 93833K, capacity 96145K, committed 98944K, reserved 1136640K
  class space    used 11211K, capacity 11589K, committed 12160K, reserved 1048576K
}
{Heap before GC invocations=466 (full 4):
 PSYoungGen      total 105984K, used 96576K [0x00000000d5580000, 0x00000000dca00000, 0x0000000100000000)
  eden space 93184K, 100% used [0x00000000d5580000,0x00000000db080000,0x00000000db080000)
  from space 12800K, 26% used [0x00000000db080000,0x00000000db3d0000,0x00000000dbd00000)
  to   space 12800K, 0% used [0x00000000dbd80000,0x00000000dbd80000,0x00000000dca00000)
 ParOldGen       total 316416K, used 67717K [0x0000000080000000, 0x0000000093500000, 0x00000000d5580000)
  object space 316416K, 21% used [0x0000000080000000,0x0000000084221558,0x0000000093500000)
 Metaspace       used 93833K, capacity 96145K, committed 98944K, reserved 1136640K
  class space    used 11211K, capacity 11589K, committed 12160K, reserved 1048576K
2023-04-17T03:57:36.445+0600: 2083528.528: [GC (Allocation Failure) [PSYoungGen: 96576K->3408K(105472K)] 164293K->71157K(421888K), 0.0192870 secs] [Times: user=0.03 sys=0.00, real=0.02 secs] 
Heap after GC invocations=466 (full 4):
 PSYoungGen      total 105472K, used 3408K [0x00000000d5580000, 0x00000000dc900000, 0x0000000100000000)
  eden space 93696K, 0% used [0x00000000d5580000,0x00000000d5580000,0x00000000db100000)
  from space 11776K, 28% used [0x00000000dbd80000,0x00000000dc0d4230,0x00000000dc900000)
  to   space 12288K, 0% used [0x00000000db100000,0x00000000db100000,0x00000000dbd00000)
 ParOldGen       total 316416K, used 67749K [0x0000000080000000, 0x0000000093500000, 0x00000000d5580000)
  object space 316416K, 21% used [0x0000000080000000,0x0000000084229558,0x0000000093500000)
 Metaspace       used 93833K, capacity 96145K, committed 98944K, reserved 1136640K
  class space    used 11211K, capacity 11589K, committed 12160K, reserved 1048576K
}
{Heap before GC invocations=467 (full 4):
 PSYoungGen      total 105472K, used 97104K [0x00000000d5580000, 0x00000000dc900000, 0x0000000100000000)
  eden space 93696K, 100% used [0x00000000d5580000,0x00000000db100000,0x00000000db100000)
  from space 11776K, 28% used [0x00000000dbd80000,0x00000000dc0d4230,0x00000000dc900000)
  to   space 12288K, 0% used [0x00000000db100000,0x00000000db100000,0x00000000dbd00000)
 ParOldGen       total 316416K, used 67749K [0x0000000080000000, 0x0000000093500000, 0x00000000d5580000)
  object space 316416K, 21% used [0x0000000080000000,0x0000000084229558,0x0000000093500000)
 Metaspace       used 93833K, capacity 96145K, committed 98944K, reserved 1136640K
  class space    used 11211K, capacity 11589K, committed 12160K, reserved 1048576K
2023-04-17T05:23:04.806+0600: 2088656.889: [GC (Allocation Failure) [PSYoungGen: 97104K->3344K(105984K)] 164853K->71157K(422400K), 0.0161741 secs] [Times: user=0.01 sys=0.02, real=0.02 secs] 
Heap after GC invocations=467 (full 4):
 PSYoungGen      total 105984K, used 3344K [0x00000000d5580000, 0x00000000dc980000, 0x0000000100000000)
  eden space 93696K, 0% used [0x00000000d5580000,0x00000000d5580000,0x00000000db100000)
  from space 12288K, 27% used [0x00000000db100000,0x00000000db444230,0x00000000dbd00000)
  to   space 12288K, 0% used [0x00000000dbd80000,0x00000000dbd80000,0x00000000dc980000)
 ParOldGen       total 316416K, used 67813K [0x0000000080000000, 0x0000000093500000, 0x00000000d5580000)
  object space 316416K, 21% used [0x0000000080000000,0x00000000842394a8,0x0000000093500000)
 Metaspace       used 93833K, capacity 96145K, committed 98944K, reserved 1136640K
  class space    used 11211K, capacity 11589K, committed 12160K, reserved 1048576K
}
{Heap before GC invocations=468 (full 4):
 PSYoungGen      total 105984K, used 97040K [0x00000000d5580000, 0x00000000dc980000, 0x0000000100000000)
  eden space 93696K, 100% used [0x00000000d5580000,0x00000000db100000,0x00000000db100000)
  from space 12288K, 27% used [0x00000000db100000,0x00000000db444230,0x00000000dbd00000)
  to   space 12288K, 0% used [0x00000000dbd80000,0x00000000dbd80000,0x00000000dc980000)
 ParOldGen       total 316416K, used 67813K [0x0000000080000000, 0x0000000093500000, 0x00000000d5580000)
  object space 316416K, 21% used [0x0000000080000000,0x00000000842394a8,0x0000000093500000)
 Metaspace       used 93833K, capacity 96145K, committed 98944K, reserved 1136640K
  class space    used 11211K, capacity 11589K, committed 12160K, reserved 1048576K
2023-04-17T06:50:27.953+0600: 2093900.036: [GC (Allocation Failure) [PSYoungGen: 97040K->3312K(106496K)] 164853K->71149K(422912K), 0.0128026 secs] [Times: user=0.03 sys=0.00, real=0.01 secs] 
Heap after GC invocations=468 (full 4):
 PSYoungGen      total 106496K, used 3312K [0x00000000d5580000, 0x00000000dc980000, 0x0000000100000000)
  eden space 94208K, 0% used [0x00000000d5580000,0x00000000d5580000,0x00000000db180000)
  from space 12288K, 26% used [0x00000000dbd80000,0x00000000dc0bc230,0x00000000dc980000)
  to   space 12288K, 0% used [0x00000000db180000,0x00000000db180000,0x00000000dbd80000)
 ParOldGen       total 316416K, used 67837K [0x0000000080000000, 0x0000000093500000, 0x00000000d5580000)
  object space 316416K, 21% used [0x0000000080000000,0x000000008423f4a8,0x0000000093500000)
 Metaspace       used 93833K, capacity 96145K, committed 98944K, reserved 1136640K
  class space    used 11211K, capacity 11589K, committed 12160K, reserved 1048576K
}
{Heap before GC invocations=469 (full 4):
 PSYoungGen      total 106496K, used 97520K [0x00000000d5580000, 0x00000000dc980000, 0x0000000100000000)
  eden space 94208K, 100% used [0x00000000d5580000,0x00000000db180000,0x00000000db180000)
  from space 12288K, 26% used [0x00000000dbd80000,0x00000000dc0bc230,0x00000000dc980000)
  to   space 12288K, 0% used [0x00000000db180000,0x00000000db180000,0x00000000dbd80000)
 ParOldGen       total 316416K, used 67837K [0x0000000080000000, 0x0000000093500000, 0x00000000d5580000)
  object space 316416K, 21% used [0x0000000080000000,0x000000008423f4a8,0x0000000093500000)
 Metaspace       used 93833K, capacity 96145K, committed 98944K, reserved 1136640K
  class space    used 11211K, capacity 11589K, committed 12160K, reserved 1048576K
2023-04-17T08:16:20.713+0600: 2099052.796: [GC (Allocation Failure) [PSYoungGen: 97520K->3296K(106496K)] 165357K->71173K(422912K), 0.0108448 secs] [Times: user=0.02 sys=0.00, real=0.01 secs] 
Heap after GC invocations=469 (full 4):
 PSYoungGen      total 106496K, used 3296K [0x00000000d5580000, 0x00000000dc900000, 0x0000000100000000)
  eden space 94208K, 0% used [0x00000000d5580000,0x00000000d5580000,0x00000000db180000)
  from space 12288K, 26% used [0x00000000db180000,0x00000000db4b8000,0x00000000dbd80000)
  to   space 11776K, 0% used [0x00000000dbd80000,0x00000000dbd80000,0x00000000dc900000)
 ParOldGen       total 316416K, used 67877K [0x0000000080000000, 0x0000000093500000, 0x00000000d5580000)
  object space 316416K, 21% used [0x0000000080000000,0x00000000842494a8,0x0000000093500000)
 Metaspace       used 93833K, capacity 96145K, committed 98944K, reserved 1136640K
  class space    used 11211K, capacity 11589K, committed 12160K, reserved 1048576K
}
{Heap before GC invocations=470 (full 4):
 PSYoungGen      total 106496K, used 97504K [0x00000000d5580000, 0x00000000dc900000, 0x0000000100000000)
  eden space 94208K, 100% used [0x00000000d5580000,0x00000000db180000,0x00000000db180000)
  from space 12288K, 26% used [0x00000000db180000,0x00000000db4b8000,0x00000000dbd80000)
  to   space 11776K, 0% used [0x00000000dbd80000,0x00000000dbd80000,0x00000000dc900000)
 ParOldGen       total 316416K, used 67877K [0x0000000080000000, 0x0000000093500000, 0x00000000d5580000)
  object space 316416K, 21% used [0x0000000080000000,0x00000000842494a8,0x0000000093500000)
 Metaspace       used 93833K, capacity 96145K, committed 98944K, reserved 1136640K
  class space    used 11211K, capacity 11589K, committed 12160K, reserved 1048576K
2023-04-17T09:41:06.681+0600: 2104138.763: [GC (Allocation Failure) [PSYoungGen: 97504K->3362K(105472K)] 165381K->71327K(421888K), 0.0180240 secs] [Times: user=0.03 sys=0.00, real=0.01 secs] 
Heap after GC invocations=470 (full 4):
 PSYoungGen      total 105472K, used 3362K [0x00000000d5580000, 0x00000000dc800000, 0x0000000100000000)
  eden space 94720K, 0% used [0x00000000d5580000,0x00000000d5580000,0x00000000db200000)
  from space 10752K, 31% used [0x00000000dbd80000,0x00000000dc0c8a50,0x00000000dc800000)
  to   space 11264K, 0% used [0x00000000db200000,0x00000000db200000,0x00000000dbd00000)
 ParOldGen       total 316416K, used 67965K [0x0000000080000000, 0x0000000093500000, 0x00000000d5580000)
  object space 316416K, 21% used [0x0000000080000000,0x000000008425f508,0x0000000093500000)
 Metaspace       used 93833K, capacity 96145K, committed 98944K, reserved 1136640K
  class space    used 11211K, capacity 11589K, committed 12160K, reserved 1048576K
}
{Heap before GC invocations=471 (full 4):
 PSYoungGen      total 105472K, used 98082K [0x00000000d5580000, 0x00000000dc800000, 0x0000000100000000)
  eden space 94720K, 100% used [0x00000000d5580000,0x00000000db200000,0x00000000db200000)
  from space 10752K, 31% used [0x00000000dbd80000,0x00000000dc0c8a50,0x00000000dc800000)
  to   space 11264K, 0% used [0x00000000db200000,0x00000000db200000,0x00000000dbd00000)
 ParOldGen       total 316416K, used 67965K [0x0000000080000000, 0x0000000093500000, 0x00000000d5580000)
  object space 316416K, 21% used [0x0000000080000000,0x000000008425f508,0x0000000093500000)
 Metaspace       used 93835K, capacity 96145K, committed 98944K, reserved 1136640K
  class space    used 11211K, capacity 11589K, committed 12160K, reserved 1048576K
2023-04-17T10:45:24.130+0600: 2107996.213: [GC (Allocation Failure) [PSYoungGen: 98082K->5938K(105984K)] 166047K->73944K(422400K), 0.0212331 secs] [Times: user=0.04 sys=0.00, real=0.02 secs] 
Heap after GC invocations=471 (full 4):
 PSYoungGen      total 105984K, used 5938K [0x00000000d5580000, 0x00000000dc880000, 0x0000000100000000)
  eden space 94720K, 0% used [0x00000000d5580000,0x00000000d5580000,0x00000000db200000)
  from space 11264K, 52% used [0x00000000db200000,0x00000000db7ccbe0,0x00000000dbd00000)
  to   space 11264K, 0% used [0x00000000dbd80000,0x00000000dbd80000,0x00000000dc880000)
 ParOldGen       total 316416K, used 68005K [0x0000000080000000, 0x0000000093500000, 0x00000000d5580000)
  object space 316416K, 21% used [0x0000000080000000,0x0000000084269508,0x0000000093500000)
 Metaspace       used 93835K, capacity 96145K, committed 98944K, reserved 1136640K
  class space    used 11211K, capacity 11589K, committed 12160K, reserved 1048576K
}
{Heap before GC invocations=472 (full 4):
 PSYoungGen      total 105984K, used 100658K [0x00000000d5580000, 0x00000000dc880000, 0x0000000100000000)
  eden space 94720K, 100% used [0x00000000d5580000,0x00000000db200000,0x00000000db200000)
  from space 11264K, 52% used [0x00000000db200000,0x00000000db7ccbe0,0x00000000dbd00000)
  to   space 11264K, 0% used [0x00000000dbd80000,0x00000000dbd80000,0x00000000dc880000)
 ParOldGen       total 316416K, used 68005K [0x0000000080000000, 0x0000000093500000, 0x00000000d5580000)
  object space 316416K, 21% used [0x0000000080000000,0x0000000084269508,0x0000000093500000)
 Metaspace       used 93839K, capacity 96145K, committed 98944K, reserved 1136640K
  class space    used 11211K, capacity 11589K, committed 12160K, reserved 1048576K
2023-04-17T11:22:37.892+0600: 2110229.975: [GC (Allocation Failure) [PSYoungGen: 100658K->7439K(106496K)] 168664K->75524K(422912K), 0.0146997 secs] [Times: user=0.01 sys=0.01, real=0.01 secs] 
Heap after GC invocations=472 (full 4):
 PSYoungGen      total 106496K, used 7439K [0x00000000d5580000, 0x00000000dc880000, 0x0000000100000000)
  eden space 95232K, 0% used [0x00000000d5580000,0x00000000d5580000,0x00000000db280000)
  from space 11264K, 66% used [0x00000000dbd80000,0x00000000dc4c3c90,0x00000000dc880000)
  to   space 11264K, 0% used [0x00000000db280000,0x00000000db280000,0x00000000dbd80000)
 ParOldGen       total 316416K, used 68085K [0x0000000080000000, 0x0000000093500000, 0x00000000d5580000)
  object space 316416K, 21% used [0x0000000080000000,0x000000008427d6a8,0x0000000093500000)
 Metaspace       used 93839K, capacity 96145K, committed 98944K, reserved 1136640K
  class space    used 11211K, capacity 11589K, committed 12160K, reserved 1048576K
}
{Heap before GC invocations=473 (full 4):
 PSYoungGen      total 106496K, used 102671K [0x00000000d5580000, 0x00000000dc880000, 0x0000000100000000)
  eden space 95232K, 100% used [0x00000000d5580000,0x00000000db280000,0x00000000db280000)
  from space 11264K, 66% used [0x00000000dbd80000,0x00000000dc4c3c90,0x00000000dc880000)
  to   space 11264K, 0% used [0x00000000db280000,0x00000000db280000,0x00000000dbd80000)
 ParOldGen       total 316416K, used 68085K [0x0000000080000000, 0x0000000093500000, 0x00000000d5580000)
  object space 316416K, 21% used [0x0000000080000000,0x000000008427d6a8,0x0000000093500000)
 Metaspace       used 93843K, capacity 96145K, committed 98944K, reserved 1136640K
  class space    used 11211K, capacity 11589K, committed 12160K, reserved 1048576K
2023-04-17T12:00:00.836+0600: 2112472.919: [GC (Allocation Failure) [PSYoungGen: 102671K->10341K(106496K)] 170756K->78482K(422912K), 0.0143821 secs] [Times: user=0.01 sys=0.01, real=0.02 secs] 
Heap after GC invocations=473 (full 4):
 PSYoungGen      total 106496K, used 10341K [0x00000000d5580000, 0x00000000dcc00000, 0x0000000100000000)
  eden space 95232K, 0% used [0x00000000d5580000,0x00000000d5580000,0x00000000db280000)
  from space 11264K, 91% used [0x00000000db280000,0x00000000dbc99410,0x00000000dbd80000)
  to   space 12800K, 0% used [0x00000000dbf80000,0x00000000dbf80000,0x00000000dcc00000)
 ParOldGen       total 316416K, used 68141K [0x0000000080000000, 0x0000000093500000, 0x00000000d5580000)
  object space 316416K, 21% used [0x0000000080000000,0x000000008428b6d8,0x0000000093500000)
 Metaspace       used 93843K, capacity 96145K, committed 98944K, reserved 1136640K
  class space    used 11211K, capacity 11589K, committed 12160K, reserved 1048576K
}
{Heap before GC invocations=474 (full 4):
 PSYoungGen      total 106496K, used 105573K [0x00000000d5580000, 0x00000000dcc00000, 0x0000000100000000)
  eden space 95232K, 100% used [0x00000000d5580000,0x00000000db280000,0x00000000db280000)
  from space 11264K, 91% used [0x00000000db280000,0x00000000dbc99410,0x00000000dbd80000)
  to   space 12800K, 0% used [0x00000000dbf80000,0x00000000dbf80000,0x00000000dcc00000)
 ParOldGen       total 316416K, used 68141K [0x0000000080000000, 0x0000000093500000, 0x00000000d5580000)
  object space 316416K, 21% used [0x0000000080000000,0x000000008428b6d8,0x0000000093500000)
 Metaspace       used 93874K, capacity 96175K, committed 98944K, reserved 1136640K
  class space    used 11214K, capacity 11594K, committed 12160K, reserved 1048576K
2023-04-17T12:36:22.791+0600: 2114654.874: [GC (Allocation Failure) [PSYoungGen: 105573K->9466K(108032K)] 173714K->77623K(424448K), 0.0140984 secs] [Times: user=0.03 sys=0.00, real=0.01 secs] 
Heap after GC invocations=474 (full 4):
 PSYoungGen      total 108032K, used 9466K [0x00000000d5580000, 0x00000000dcd00000, 0x0000000100000000)
  eden space 95232K, 0% used [0x00000000d5580000,0x00000000d5580000,0x00000000db280000)
  from space 12800K, 73% used [0x00000000dbf80000,0x00000000dc8be8d8,0x00000000dcc00000)
  to   space 13312K, 0% used [0x00000000db280000,0x00000000db280000,0x00000000dbf80000)
 ParOldGen       total 316416K, used 68157K [0x0000000080000000, 0x0000000093500000, 0x00000000d5580000)
  object space 316416K, 21% used [0x0000000080000000,0x000000008428f6d8,0x0000000093500000)
 Metaspace       used 93874K, capacity 96175K, committed 98944K, reserved 1136640K
  class space    used 11214K, capacity 11594K, committed 12160K, reserved 1048576K
}
{Heap before GC invocations=475 (full 4):
 PSYoungGen      total 108032K, used 104698K [0x00000000d5580000, 0x00000000dcd00000, 0x0000000100000000)
  eden space 95232K, 100% used [0x00000000d5580000,0x00000000db280000,0x00000000db280000)
  from space 12800K, 73% used [0x00000000dbf80000,0x00000000dc8be8d8,0x00000000dcc00000)
  to   space 13312K, 0% used [0x00000000db280000,0x00000000db280000,0x00000000dbf80000)
 ParOldGen       total 316416K, used 68157K [0x0000000080000000, 0x0000000093500000, 0x00000000d5580000)
  object space 316416K, 21% used [0x0000000080000000,0x000000008428f6d8,0x0000000093500000)
 Metaspace       used 93875K, capacity 96175K, committed 98944K, reserved 1136640K
  class space    used 11215K, capacity 11594K, committed 12160K, reserved 1048576K
2023-04-17T13:41:05.715+0600: 2118537.798: [GC (Allocation Failure) [PSYoungGen: 104698K->5957K(108544K)] 172855K->74130K(424960K), 0.0164745 secs] [Times: user=0.02 sys=0.01, real=0.02 secs] 
Heap after GC invocations=475 (full 4):
 PSYoungGen      total 108544K, used 5957K [0x00000000d5580000, 0x00000000dcc00000, 0x0000000100000000)
  eden space 95232K, 0% used [0x00000000d5580000,0x00000000d5580000,0x00000000db280000)
  from space 13312K, 44% used [0x00000000db280000,0x00000000db851498,0x00000000dbf80000)
  to   space 12800K, 0% used [0x00000000dbf80000,0x00000000dbf80000,0x00000000dcc00000)
 ParOldGen       total 316416K, used 68173K [0x0000000080000000, 0x0000000093500000, 0x00000000d5580000)
  object space 316416K, 21% used [0x0000000080000000,0x00000000842936d8,0x0000000093500000)
 Metaspace       used 93875K, capacity 96175K, committed 98944K, reserved 1136640K
  class space    used 11215K, capacity 11594K, committed 12160K, reserved 1048576K
}
{Heap before GC invocations=476 (full 4):
 PSYoungGen      total 108544K, used 101189K [0x00000000d5580000, 0x00000000dcc00000, 0x0000000100000000)
  eden space 95232K, 100% used [0x00000000d5580000,0x00000000db280000,0x00000000db280000)
  from space 13312K, 44% used [0x00000000db280000,0x00000000db851498,0x00000000dbf80000)
  to   space 12800K, 0% used [0x00000000dbf80000,0x00000000dbf80000,0x00000000dcc00000)
 ParOldGen       total 316416K, used 68173K [0x0000000080000000, 0x0000000093500000, 0x00000000d5580000)
  object space 316416K, 21% used [0x0000000080000000,0x00000000842936d8,0x0000000093500000)
 Metaspace       used 93875K, capacity 96175K, committed 98944K, reserved 1136640K
  class space    used 11215K, capacity 11594K, committed 12160K, reserved 1048576K
2023-04-17T14:21:56.353+0600: 2120988.436: [GC (Allocation Failure) [PSYoungGen: 101189K->8330K(108544K)] 169362K->76536K(424960K), 0.0175209 secs] [Times: user=0.03 sys=0.00, real=0.02 secs] 
Heap after GC invocations=476 (full 4):
 PSYoungGen      total 108544K, used 8330K [0x00000000d5580000, 0x00000000dcc00000, 0x0000000100000000)
  eden space 95744K, 0% used [0x00000000d5580000,0x00000000d5580000,0x00000000db300000)
  from space 12800K, 65% used [0x00000000dbf80000,0x00000000dc7a2b00,0x00000000dcc00000)
  to   space 12800K, 0% used [0x00000000db300000,0x00000000db300000,0x00000000dbf80000)
 ParOldGen       total 316416K, used 68205K [0x0000000080000000, 0x0000000093500000, 0x00000000d5580000)
  object space 316416K, 21% used [0x0000000080000000,0x000000008429b6d8,0x0000000093500000)
 Metaspace       used 93875K, capacity 96175K, committed 98944K, reserved 1136640K
  class space    used 11215K, capacity 11594K, committed 12160K, reserved 1048576K
}
{Heap before GC invocations=477 (full 4):
 PSYoungGen      total 108544K, used 104074K [0x00000000d5580000, 0x00000000dcc00000, 0x0000000100000000)
  eden space 95744K, 100% used [0x00000000d5580000,0x00000000db300000,0x00000000db300000)
  from space 12800K, 65% used [0x00000000dbf80000,0x00000000dc7a2b00,0x00000000dcc00000)
  to   space 12800K, 0% used [0x00000000db300000,0x00000000db300000,0x00000000dbf80000)
 ParOldGen       total 316416K, used 68205K [0x0000000080000000, 0x0000000093500000, 0x00000000d5580000)
  object space 316416K, 21% used [0x0000000080000000,0x000000008429b6d8,0x0000000093500000)
 Metaspace       used 93881K, capacity 96175K, committed 98944K, reserved 1136640K
  class space    used 11216K, capacity 11594K, committed 12160K, reserved 1048576K
2023-04-17T15:05:46.731+0600: 2123618.813: [GC (Allocation Failure) [PSYoungGen: 104074K->8640K(108544K)] 172280K->76862K(424960K), 0.0230407 secs] [Times: user=0.03 sys=0.00, real=0.02 secs] 
Heap after GC invocations=477 (full 4):
 PSYoungGen      total 108544K, used 8640K [0x00000000d5580000, 0x00000000dcd80000, 0x0000000100000000)
  eden space 95744K, 0% used [0x00000000d5580000,0x00000000d5580000,0x00000000db300000)
  from space 12800K, 67% used [0x00000000db300000,0x00000000dbb70150,0x00000000dbf80000)
  to   space 13312K, 0% used [0x00000000dc080000,0x00000000dc080000,0x00000000dcd80000)
 ParOldGen       total 316416K, used 68221K [0x0000000080000000, 0x0000000093500000, 0x00000000d5580000)
  object space 316416K, 21% used [0x0000000080000000,0x000000008429f6d8,0x0000000093500000)
 Metaspace       used 93881K, capacity 96175K, committed 98944K, reserved 1136640K
  class space    used 11216K, capacity 11594K, committed 12160K, reserved 1048576K
}
{Heap before GC invocations=478 (full 4):
 PSYoungGen      total 108544K, used 104384K [0x00000000d5580000, 0x00000000dcd80000, 0x0000000100000000)
  eden space 95744K, 100% used [0x00000000d5580000,0x00000000db300000,0x00000000db300000)
  from space 12800K, 67% used [0x00000000db300000,0x00000000dbb70150,0x00000000dbf80000)
  to   space 13312K, 0% used [0x00000000dc080000,0x00000000dc080000,0x00000000dcd80000)
 ParOldGen       total 316416K, used 68221K [0x0000000080000000, 0x0000000093500000, 0x00000000d5580000)
  object space 316416K, 21% used [0x0000000080000000,0x000000008429f6d8,0x0000000093500000)
 Metaspace       used 93881K, capacity 96175K, committed 98944K, reserved 1136640K
  class space    used 11216K, capacity 11594K, committed 12160K, reserved 1048576K
2023-04-17T16:03:47.254+0600: 2127099.337: [GC (Allocation Failure) [PSYoungGen: 104384K->6918K(108544K)] 172606K->75156K(424960K), 0.0159551 secs] [Times: user=0.02 sys=0.00, real=0.02 secs] 
Heap after GC invocations=478 (full 4):
 PSYoungGen      total 108544K, used 6918K [0x00000000d5580000, 0x00000000dcc80000, 0x0000000100000000)
  eden space 96256K, 0% used [0x00000000d5580000,0x00000000d5580000,0x00000000db380000)
  from space 12288K, 56% used [0x00000000dc080000,0x00000000dc741bc0,0x00000000dcc80000)
  to   space 12800K, 0% used [0x00000000db380000,0x00000000db380000,0x00000000dc000000)
 ParOldGen       total 316416K, used 68237K [0x0000000080000000, 0x0000000093500000, 0x00000000d5580000)
  object space 316416K, 21% used [0x0000000080000000,0x00000000842a36d8,0x0000000093500000)
 Metaspace       used 93881K, capacity 96175K, committed 98944K, reserved 1136640K
  class space    used 11216K, capacity 11594K, committed 12160K, reserved 1048576K
}
{Heap before GC invocations=479 (full 4):
 PSYoungGen      total 108544K, used 103174K [0x00000000d5580000, 0x00000000dcc80000, 0x0000000100000000)
  eden space 96256K, 100% used [0x00000000d5580000,0x00000000db380000,0x00000000db380000)
  from space 12288K, 56% used [0x00000000dc080000,0x00000000dc741bc0,0x00000000dcc80000)
  to   space 12800K, 0% used [0x00000000db380000,0x00000000db380000,0x00000000dc000000)
 ParOldGen       total 316416K, used 68237K [0x0000000080000000, 0x0000000093500000, 0x00000000d5580000)
  object space 316416K, 21% used [0x0000000080000000,0x00000000842a36d8,0x0000000093500000)
 Metaspace       used 93881K, capacity 96175K, committed 98944K, reserved 1136640K
  class space    used 11216K, capacity 11594K, committed 12160K, reserved 1048576K
2023-04-17T16:51:03.903+0600: 2129935.986: [GC (Allocation Failure) [PSYoungGen: 103174K->8359K(109056K)] 171412K->76613K(425472K), 0.0194286 secs] [Times: user=0.04 sys=0.00, real=0.02 secs] 
Heap after GC invocations=479 (full 4):
 PSYoungGen      total 109056K, used 8359K [0x00000000d5580000, 0x00000000dcd00000, 0x0000000100000000)
  eden space 96256K, 0% used [0x00000000d5580000,0x00000000d5580000,0x00000000db380000)
  from space 12800K, 65% used [0x00000000db380000,0x00000000dbba9fb0,0x00000000dc000000)
  to   space 12800K, 0% used [0x00000000dc080000,0x00000000dc080000,0x00000000dcd00000)
 ParOldGen       total 316416K, used 68253K [0x0000000080000000, 0x0000000093500000, 0x00000000d5580000)
  object space 316416K, 21% used [0x0000000080000000,0x00000000842a76d8,0x0000000093500000)
 Metaspace       used 93881K, capacity 96175K, committed 98944K, reserved 1136640K
  class space    used 11216K, capacity 11594K, committed 12160K, reserved 1048576K
}
{Heap before GC invocations=480 (full 4):
 PSYoungGen      total 109056K, used 104615K [0x00000000d5580000, 0x00000000dcd00000, 0x0000000100000000)
  eden space 96256K, 100% used [0x00000000d5580000,0x00000000db380000,0x00000000db380000)
  from space 12800K, 65% used [0x00000000db380000,0x00000000dbba9fb0,0x00000000dc000000)
  to   space 12800K, 0% used [0x00000000dc080000,0x00000000dc080000,0x00000000dcd00000)
 ParOldGen       total 316416K, used 68253K [0x0000000080000000, 0x0000000093500000, 0x00000000d5580000)
  object space 316416K, 21% used [0x0000000080000000,0x00000000842a76d8,0x0000000093500000)
 Metaspace       used 93881K, capacity 96175K, committed 98944K, reserved 1136640K
  class space    used 11216K, capacity 11594K, committed 12160K, reserved 1048576K
2023-04-17T17:49:35.050+0600: 2133447.132: [GC (Allocation Failure) [PSYoungGen: 104615K->7285K(108544K)] 172869K->75547K(424960K), 0.0215217 secs] [Times: user=0.04 sys=0.00, real=0.02 secs] 
Heap after GC invocations=480 (full 4):
 PSYoungGen      total 108544K, used 7285K [0x00000000d5580000, 0x00000000dcc00000, 0x0000000100000000)
  eden space 96768K, 0% used [0x00000000d5580000,0x00000000d5580000,0x00000000db400000)
  from space 11776K, 61% used [0x00000000dc080000,0x00000000dc79d740,0x00000000dcc00000)
  to   space 12288K, 0% used [0x00000000db400000,0x00000000db400000,0x00000000dc000000)
 ParOldGen       total 316416K, used 68261K [0x0000000080000000, 0x0000000093500000, 0x00000000d5580000)
  object space 316416K, 21% used [0x0000000080000000,0x00000000842a96d8,0x0000000093500000)
 Metaspace       used 93881K, capacity 96175K, committed 98944K, reserved 1136640K
  class space    used 11216K, capacity 11594K, committed 12160K, reserved 1048576K
}
{Heap before GC invocations=481 (full 4):
 PSYoungGen      total 108544K, used 104053K [0x00000000d5580000, 0x00000000dcc00000, 0x0000000100000000)
  eden space 96768K, 100% used [0x00000000d5580000,0x00000000db400000,0x00000000db400000)
  from space 11776K, 61% used [0x00000000dc080000,0x00000000dc79d740,0x00000000dcc00000)
  to   space 12288K, 0% used [0x00000000db400000,0x00000000db400000,0x00000000dc000000)
 ParOldGen       total 316416K, used 68261K [0x0000000080000000, 0x0000000093500000, 0x00000000d5580000)
  object space 316416K, 21% used [0x0000000080000000,0x00000000842a96d8,0x0000000093500000)
 Metaspace       used 93881K, capacity 96175K, committed 98944K, reserved 1136640K
  class space    used 11216K, capacity 11594K, committed 12160K, reserved 1048576K
2023-04-17T19:17:29.518+0600: 2138721.601: [GC (Allocation Failure) [PSYoungGen: 104053K->3360K(109056K)] 172315K->71661K(425472K), 0.0164579 secs] [Times: user=0.02 sys=0.01, real=0.02 secs] 
Heap after GC invocations=481 (full 4):
 PSYoungGen      total 109056K, used 3360K [0x00000000d5580000, 0x00000000dcc80000, 0x0000000100000000)
  eden space 96768K, 0% used [0x00000000d5580000,0x00000000d5580000,0x00000000db400000)
  from space 12288K, 27% used [0x00000000db400000,0x00000000db748000,0x00000000dc000000)
  to   space 12288K, 0% used [0x00000000dc080000,0x00000000dc080000,0x00000000dcc80000)
 ParOldGen       total 316416K, used 68301K [0x0000000080000000, 0x0000000093500000, 0x00000000d5580000)
  object space 316416K, 21% used [0x0000000080000000,0x00000000842b3708,0x0000000093500000)
 Metaspace       used 93881K, capacity 96175K, committed 98944K, reserved 1136640K
  class space    used 11216K, capacity 11594K, committed 12160K, reserved 1048576K
}
{Heap before GC invocations=482 (full 4):
 PSYoungGen      total 109056K, used 100127K [0x00000000d5580000, 0x00000000dcc80000, 0x0000000100000000)
  eden space 96768K, 99% used [0x00000000d5580000,0x00000000db3ffe98,0x00000000db400000)
  from space 12288K, 27% used [0x00000000db400000,0x00000000db748000,0x00000000dc000000)
  to   space 12288K, 0% used [0x00000000dc080000,0x00000000dc080000,0x00000000dcc80000)
 ParOldGen       total 316416K, used 68301K [0x0000000080000000, 0x0000000093500000, 0x00000000d5580000)
  object space 316416K, 21% used [0x0000000080000000,0x00000000842b3708,0x0000000093500000)
 Metaspace       used 93904K, capacity 96205K, committed 98944K, reserved 1136640K
  class space    used 11218K, capacity 11599K, committed 12160K, reserved 1048576K
2023-04-17T20:30:45.380+0600: 2143117.463: [GC (Allocation Failure) [PSYoungGen: 100127K->4870K(109568K)] 168429K->73172K(425984K), 0.0201257 secs] [Times: user=0.04 sys=0.00, real=0.02 secs] 
Heap after GC invocations=482 (full 4):
 PSYoungGen      total 109568K, used 4870K [0x00000000d5580000, 0x00000000dcc80000, 0x0000000100000000)
  eden space 97280K, 0% used [0x00000000d5580000,0x00000000d5580000,0x00000000db480000)
  from space 12288K, 39% used [0x00000000dc080000,0x00000000dc541a90,0x00000000dcc80000)
  to   space 12288K, 0% used [0x00000000db480000,0x00000000db480000,0x00000000dc080000)
 ParOldGen       total 316416K, used 68301K [0x0000000080000000, 0x0000000093500000, 0x00000000d5580000)
  object space 316416K, 21% used [0x0000000080000000,0x00000000842b3708,0x0000000093500000)
 Metaspace       used 93904K, capacity 96205K, committed 98944K, reserved 1136640K
  class space    used 11218K, capacity 11599K, committed 12160K, reserved 1048576K
}
{Heap before GC invocations=483 (full 4):
 PSYoungGen      total 109568K, used 102150K [0x00000000d5580000, 0x00000000dcc80000, 0x0000000100000000)
  eden space 97280K, 100% used [0x00000000d5580000,0x00000000db480000,0x00000000db480000)
  from space 12288K, 39% used [0x00000000dc080000,0x00000000dc541a90,0x00000000dcc80000)
  to   space 12288K, 0% used [0x00000000db480000,0x00000000db480000,0x00000000dc080000)
 ParOldGen       total 316416K, used 68301K [0x0000000080000000, 0x0000000093500000, 0x00000000d5580000)
  object space 316416K, 21% used [0x0000000080000000,0x00000000842b3708,0x0000000093500000)
 Metaspace       used 93905K, capacity 96205K, committed 98944K, reserved 1136640K
  class space    used 11218K, capacity 11599K, committed 12160K, reserved 1048576K
2023-04-17T21:54:04.689+0600: 2148116.772: [GC (Allocation Failure) [PSYoungGen: 102150K->3649K(109568K)] 170452K->71950K(425984K), 0.0176388 secs] [Times: user=0.03 sys=0.00, real=0.01 secs] 
Heap after GC invocations=483 (full 4):
 PSYoungGen      total 109568K, used 3649K [0x00000000d5580000, 0x00000000dcc00000, 0x0000000100000000)
  eden space 97280K, 0% used [0x00000000d5580000,0x00000000d5580000,0x00000000db480000)
  from space 12288K, 29% used [0x00000000db480000,0x00000000db810460,0x00000000dc080000)
  to   space 11776K, 0% used [0x00000000dc080000,0x00000000dc080000,0x00000000dcc00000)
 ParOldGen       total 316416K, used 68301K [0x0000000080000000, 0x0000000093500000, 0x00000000d5580000)
  object space 316416K, 21% used [0x0000000080000000,0x00000000842b3708,0x0000000093500000)
 Metaspace       used 93905K, capacity 96205K, committed 98944K, reserved 1136640K
  class space    used 11218K, capacity 11599K, committed 12160K, reserved 1048576K
}
{Heap before GC invocations=484 (full 4):
 PSYoungGen      total 109568K, used 100929K [0x00000000d5580000, 0x00000000dcc00000, 0x0000000100000000)
  eden space 97280K, 100% used [0x00000000d5580000,0x00000000db480000,0x00000000db480000)
  from space 12288K, 29% used [0x00000000db480000,0x00000000db810460,0x00000000dc080000)
  to   space 11776K, 0% used [0x00000000dc080000,0x00000000dc080000,0x00000000dcc00000)
 ParOldGen       total 316416K, used 68301K [0x0000000080000000, 0x0000000093500000, 0x00000000d5580000)
  object space 316416K, 21% used [0x0000000080000000,0x00000000842b3708,0x0000000093500000)
 Metaspace       used 93905K, capacity 96205K, committed 98944K, reserved 1136640K
  class space    used 11218K, capacity 11599K, committed 12160K, reserved 1048576K
2023-04-17T23:23:34.615+0600: 2153486.698: [GC (Allocation Failure) [PSYoungGen: 100929K->3328K(109568K)] 169230K->71629K(425984K), 0.0183822 secs] [Times: user=0.03 sys=0.00, real=0.02 secs] 
Heap after GC invocations=484 (full 4):
 PSYoungGen      total 109568K, used 3328K [0x00000000d5580000, 0x00000000dcc00000, 0x0000000100000000)
  eden space 97792K, 0% used [0x00000000d5580000,0x00000000d5580000,0x00000000db500000)
  from space 11776K, 28% used [0x00000000dc080000,0x00000000dc3c0000,0x00000000dcc00000)
  to   space 11776K, 0% used [0x00000000db500000,0x00000000db500000,0x00000000dc080000)
 ParOldGen       total 316416K, used 68301K [0x0000000080000000, 0x0000000093500000, 0x00000000d5580000)
  object space 316416K, 21% used [0x0000000080000000,0x00000000842b3708,0x0000000093500000)
 Metaspace       used 93905K, capacity 96205K, committed 98944K, reserved 1136640K
  class space    used 11218K, capacity 11599K, committed 12160K, reserved 1048576K
}
{Heap before GC invocations=485 (full 4):
 PSYoungGen      total 109568K, used 101120K [0x00000000d5580000, 0x00000000dcc00000, 0x0000000100000000)
  eden space 97792K, 100% used [0x00000000d5580000,0x00000000db500000,0x00000000db500000)
  from space 11776K, 28% used [0x00000000dc080000,0x00000000dc3c0000,0x00000000dcc00000)
  to   space 11776K, 0% used [0x00000000db500000,0x00000000db500000,0x00000000dc080000)
 ParOldGen       total 316416K, used 68301K [0x0000000080000000, 0x0000000093500000, 0x00000000d5580000)
  object space 316416K, 21% used [0x0000000080000000,0x00000000842b3708,0x0000000093500000)
 Metaspace       used 93905K, capacity 96205K, committed 98944K, reserved 1136640K
  class space    used 11218K, capacity 11599K, committed 12160K, reserved 1048576K
2023-04-18T00:39:42.384+0600: 2158054.467: [GC (Allocation Failure) [PSYoungGen: 101120K->4979K(109568K)] 169421K->73297K(425984K), 0.0207958 secs] [Times: user=0.02 sys=0.01, real=0.02 secs] 
Heap after GC invocations=485 (full 4):
 PSYoungGen      total 109568K, used 4979K [0x00000000d5580000, 0x00000000dcb80000, 0x0000000100000000)
  eden space 97792K, 0% used [0x00000000d5580000,0x00000000d5580000,0x00000000db500000)
  from space 11776K, 42% used [0x00000000db500000,0x00000000db9dcdd0,0x00000000dc080000)
  to   space 11264K, 0% used [0x00000000dc080000,0x00000000dc080000,0x00000000dcb80000)
 ParOldGen       total 316416K, used 68317K [0x0000000080000000, 0x0000000093500000, 0x00000000d5580000)
  object space 316416K, 21% used [0x0000000080000000,0x00000000842b7708,0x0000000093500000)
 Metaspace       used 93905K, capacity 96205K, committed 98944K, reserved 1136640K
  class space    used 11218K, capacity 11599K, committed 12160K, reserved 1048576K
}
{Heap before GC invocations=486 (full 4):
 PSYoungGen      total 109568K, used 102771K [0x00000000d5580000, 0x00000000dcb80000, 0x0000000100000000)
  eden space 97792K, 100% used [0x00000000d5580000,0x00000000db500000,0x00000000db500000)
  from space 11776K, 42% used [0x00000000db500000,0x00000000db9dcdd0,0x00000000dc080000)
  to   space 11264K, 0% used [0x00000000dc080000,0x00000000dc080000,0x00000000dcb80000)
 ParOldGen       total 316416K, used 68317K [0x0000000080000000, 0x0000000093500000, 0x00000000d5580000)
  object space 316416K, 21% used [0x0000000080000000,0x00000000842b7708,0x0000000093500000)
 Metaspace       used 93905K, capacity 96205K, committed 98944K, reserved 1136640K
  class space    used 11218K, capacity 11599K, committed 12160K, reserved 1048576K
2023-04-18T02:05:14.347+0600: 2163186.429: [GC (Allocation Failure) [PSYoungGen: 102771K->4033K(109568K)] 171089K->72382K(425984K), 0.0113791 secs] [Times: user=0.02 sys=0.00, real=0.01 secs] 
Heap after GC invocations=486 (full 4):
 PSYoungGen      total 109568K, used 4033K [0x00000000d5580000, 0x00000000dcb80000, 0x0000000100000000)
  eden space 98304K, 0% used [0x00000000d5580000,0x00000000d5580000,0x00000000db580000)
  from space 11264K, 35% used [0x00000000dc080000,0x00000000dc470490,0x00000000dcb80000)
  to   space 11264K, 0% used [0x00000000db580000,0x00000000db580000,0x00000000dc080000)
 ParOldGen       total 316416K, used 68349K [0x0000000080000000, 0x0000000093500000, 0x00000000d5580000)
  object space 316416K, 21% used [0x0000000080000000,0x00000000842bf658,0x0000000093500000)
 Metaspace       used 93905K, capacity 96205K, committed 98944K, reserved 1136640K
  class space    used 11218K, capacity 11599K, committed 12160K, reserved 1048576K
}
{Heap before GC invocations=487 (full 4):
 PSYoungGen      total 109568K, used 102337K [0x00000000d5580000, 0x00000000dcb80000, 0x0000000100000000)
  eden space 98304K, 100% used [0x00000000d5580000,0x00000000db580000,0x00000000db580000)
  from space 11264K, 35% used [0x00000000dc080000,0x00000000dc470490,0x00000000dcb80000)
  to   space 11264K, 0% used [0x00000000db580000,0x00000000db580000,0x00000000dc080000)
 ParOldGen       total 316416K, used 68349K [0x0000000080000000, 0x0000000093500000, 0x00000000d5580000)
  object space 316416K, 21% used [0x0000000080000000,0x00000000842bf658,0x0000000093500000)
 Metaspace       used 93905K, capacity 96205K, committed 98944K, reserved 1136640K
  class space    used 11218K, capacity 11599K, committed 12160K, reserved 1048576K
2023-04-18T03:34:27.753+0600: 2168539.836: [GC (Allocation Failure) [PSYoungGen: 102337K->3264K(109568K)] 170686K->71645K(425984K), 0.0157965 secs] [Times: user=0.03 sys=0.00, real=0.01 secs] 
Heap after GC invocations=487 (full 4):
 PSYoungGen      total 109568K, used 3264K [0x00000000d5580000, 0x00000000dcc00000, 0x0000000100000000)
  eden space 98304K, 0% used [0x00000000d5580000,0x00000000d5580000,0x00000000db580000)
  from space 11264K, 28% used [0x00000000db580000,0x00000000db8b0000,0x00000000dc080000)
  to   space 11264K, 0% used [0x00000000dc100000,0x00000000dc100000,0x00000000dcc00000)
 ParOldGen       total 316416K, used 68381K [0x0000000080000000, 0x0000000093500000, 0x00000000d5580000)
  object space 316416K, 21% used [0x0000000080000000,0x00000000842c7658,0x0000000093500000)
 Metaspace       used 93905K, capacity 96205K, committed 98944K, reserved 1136640K
  class space    used 11218K, capacity 11599K, committed 12160K, reserved 1048576K
}
{Heap before GC invocations=488 (full 4):
 PSYoungGen      total 109568K, used 101568K [0x00000000d5580000, 0x00000000dcc00000, 0x0000000100000000)
  eden space 98304K, 100% used [0x00000000d5580000,0x00000000db580000,0x00000000db580000)
  from space 11264K, 28% used [0x00000000db580000,0x00000000db8b0000,0x00000000dc080000)
  to   space 11264K, 0% used [0x00000000dc100000,0x00000000dc100000,0x00000000dcc00000)
 ParOldGen       total 316416K, used 68381K [0x0000000080000000, 0x0000000093500000, 0x00000000d5580000)
  object space 316416K, 21% used [0x0000000080000000,0x00000000842c7658,0x0000000093500000)
 Metaspace       used 93905K, capacity 96205K, committed 98944K, reserved 1136640K
  class space    used 11218K, capacity 11599K, committed 12160K, reserved 1048576K
2023-04-18T05:04:09.444+0600: 2173921.527: [GC (Allocation Failure) [PSYoungGen: 101568K->3232K(109056K)] 169949K->71637K(425472K), 0.0186683 secs] [Times: user=0.04 sys=0.00, real=0.02 secs] 
Heap after GC invocations=488 (full 4):
 PSYoungGen      total 109056K, used 3232K [0x00000000d5580000, 0x00000000dcb00000, 0x0000000100000000)
  eden space 98816K, 0% used [0x00000000d5580000,0x00000000d5580000,0x00000000db600000)
  from space 10240K, 31% used [0x00000000dc100000,0x00000000dc428000,0x00000000dcb00000)
  to   space 10752K, 0% used [0x00000000db600000,0x00000000db600000,0x00000000dc080000)
 ParOldGen       total 316416K, used 68405K [0x0000000080000000, 0x0000000093500000, 0x00000000d5580000)
  object space 316416K, 21% used [0x0000000080000000,0x00000000842cd658,0x0000000093500000)
 Metaspace       used 93905K, capacity 96205K, committed 98944K, reserved 1136640K
  class space    used 11218K, capacity 11599K, committed 12160K, reserved 1048576K
}
{Heap before GC invocations=489 (full 4):
 PSYoungGen      total 109056K, used 102048K [0x00000000d5580000, 0x00000000dcb00000, 0x0000000100000000)
  eden space 98816K, 100% used [0x00000000d5580000,0x00000000db600000,0x00000000db600000)
  from space 10240K, 31% used [0x00000000dc100000,0x00000000dc428000,0x00000000dcb00000)
  to   space 10752K, 0% used [0x00000000db600000,0x00000000db600000,0x00000000dc080000)
 ParOldGen       total 316416K, used 68405K [0x0000000080000000, 0x0000000093500000, 0x00000000d5580000)
  object space 316416K, 21% used [0x0000000080000000,0x00000000842cd658,0x0000000093500000)
 Metaspace       used 93905K, capacity 96205K, committed 98944K, reserved 1136640K
  class space    used 11218K, capacity 11599K, committed 12160K, reserved 1048576K
2023-04-18T06:33:11.519+0600: 2179263.602: [GC (Allocation Failure) [PSYoungGen: 102048K->3168K(109568K)] 170453K->71621K(425984K), 0.0107499 secs] [Times: user=0.02 sys=0.00, real=0.02 secs] 
Heap after GC invocations=489 (full 4):
 PSYoungGen      total 109568K, used 3168K [0x00000000d5580000, 0x00000000dcb80000, 0x0000000100000000)
  eden space 98816K, 0% used [0x00000000d5580000,0x00000000d5580000,0x00000000db600000)
  from space 10752K, 29% used [0x00000000db600000,0x00000000db918000,0x00000000dc080000)
  to   space 10752K, 0% used [0x00000000dc100000,0x00000000dc100000,0x00000000dcb80000)
 ParOldGen       total 316416K, used 68453K [0x0000000080000000, 0x0000000093500000, 0x00000000d5580000)
  object space 316416K, 21% used [0x0000000080000000,0x00000000842d9688,0x0000000093500000)
 Metaspace       used 93905K, capacity 96205K, committed 98944K, reserved 1136640K
  class space    used 11218K, capacity 11599K, committed 12160K, reserved 1048576K
}
{Heap before GC invocations=490 (full 4):
 PSYoungGen      total 109568K, used 101984K [0x00000000d5580000, 0x00000000dcb80000, 0x0000000100000000)
  eden space 98816K, 100% used [0x00000000d5580000,0x00000000db600000,0x00000000db600000)
  from space 10752K, 29% used [0x00000000db600000,0x00000000db918000,0x00000000dc080000)
  to   space 10752K, 0% used [0x00000000dc100000,0x00000000dc100000,0x00000000dcb80000)
 ParOldGen       total 316416K, used 68453K [0x0000000080000000, 0x0000000093500000, 0x00000000d5580000)
  object space 316416K, 21% used [0x0000000080000000,0x00000000842d9688,0x0000000093500000)
 Metaspace       used 93905K, capacity 96205K, committed 98944K, reserved 1136640K
  class space    used 11218K, capacity 11599K, committed 12160K, reserved 1048576K
2023-04-18T08:04:09.762+0600: 2184721.845: [GC (Allocation Failure) [PSYoungGen: 101984K->3168K(109056K)] 170437K->71637K(425472K), 0.0131731 secs] [Times: user=0.01 sys=0.01, real=0.01 secs] 
Heap after GC invocations=490 (full 4):
 PSYoungGen      total 109056K, used 3168K [0x00000000d5580000, 0x00000000dca80000, 0x0000000100000000)
  eden space 99328K, 0% used [0x00000000d5580000,0x00000000d5580000,0x00000000db680000)
  from space 9728K, 32% used [0x00000000dc100000,0x00000000dc418000,0x00000000dca80000)
  to   space 10240K, 0% used [0x00000000db680000,0x00000000db680000,0x00000000dc080000)
 ParOldGen       total 316416K, used 68469K [0x0000000080000000, 0x0000000093500000, 0x00000000d5580000)
  object space 316416K, 21% used [0x0000000080000000,0x00000000842dd688,0x0000000093500000)
 Metaspace       used 93905K, capacity 96205K, committed 98944K, reserved 1136640K
  class space    used 11218K, capacity 11599K, committed 12160K, reserved 1048576K
}
{Heap before GC invocations=491 (full 4):
 PSYoungGen      total 109056K, used 102493K [0x00000000d5580000, 0x00000000dca80000, 0x0000000100000000)
  eden space 99328K, 99% used [0x00000000d5580000,0x00000000db67f530,0x00000000db680000)
  from space 9728K, 32% used [0x00000000dc100000,0x00000000dc418000,0x00000000dca80000)
  to   space 10240K, 0% used [0x00000000db680000,0x00000000db680000,0x00000000dc080000)
 ParOldGen       total 316416K, used 68469K [0x0000000080000000, 0x0000000093500000, 0x00000000d5580000)
  object space 316416K, 21% used [0x0000000080000000,0x00000000842dd688,0x0000000093500000)
 Metaspace       used 93905K, capacity 96205K, committed 98944K, reserved 1136640K
  class space    used 11218K, capacity 11599K, committed 12160K, reserved 1048576K
2023-04-18T09:31:51.734+0600: 2189983.816: [GC (Allocation Failure) [PSYoungGen: 102493K->3584K(109568K)] 170962K->72149K(425984K), 0.0111005 secs] [Times: user=0.01 sys=0.01, real=0.01 secs] 
Heap after GC invocations=491 (full 4):
 PSYoungGen      total 109568K, used 3584K [0x00000000d5580000, 0x00000000dcb00000, 0x0000000100000000)
  eden space 99328K, 0% used [0x00000000d5580000,0x00000000d5580000,0x00000000db680000)
  from space 10240K, 35% used [0x00000000db680000,0x00000000dba00040,0x00000000dc080000)
  to   space 10240K, 0% used [0x00000000dc100000,0x00000000dc100000,0x00000000dcb00000)
 ParOldGen       total 316416K, used 68565K [0x0000000080000000, 0x0000000093500000, 0x00000000d5580000)
  object space 316416K, 21% used [0x0000000080000000,0x00000000842f5608,0x0000000093500000)
 Metaspace       used 93905K, capacity 96205K, committed 98944K, reserved 1136640K
  class space    used 11218K, capacity 11599K, committed 12160K, reserved 1048576K
}
{Heap before GC invocations=492 (full 4):
 PSYoungGen      total 109568K, used 102912K [0x00000000d5580000, 0x00000000dcb00000, 0x0000000100000000)
  eden space 99328K, 100% used [0x00000000d5580000,0x00000000db680000,0x00000000db680000)
  from space 10240K, 35% used [0x00000000db680000,0x00000000dba00040,0x00000000dc080000)
  to   space 10240K, 0% used [0x00000000dc100000,0x00000000dc100000,0x00000000dcb00000)
 ParOldGen       total 316416K, used 68565K [0x0000000080000000, 0x0000000093500000, 0x00000000d5580000)
  object space 316416K, 21% used [0x0000000080000000,0x00000000842f5608,0x0000000093500000)
 Metaspace       used 93905K, capacity 96205K, committed 98944K, reserved 1136640K
  class space    used 11218K, capacity 11599K, committed 12160K, reserved 1048576K
2023-04-18T10:46:05.222+0600: 2194437.305: [GC (Allocation Failure) [PSYoungGen: 102912K->5812K(109056K)] 171477K->74401K(425472K), 0.0214082 secs] [Times: user=0.03 sys=0.00, real=0.02 secs] 
Heap after GC invocations=492 (full 4):
 PSYoungGen      total 109056K, used 5812K [0x00000000d5580000, 0x00000000dca00000, 0x0000000100000000)
  eden space 99840K, 0% used [0x00000000d5580000,0x00000000d5580000,0x00000000db700000)
  from space 9216K, 63% used [0x00000000dc100000,0x00000000dc6ad070,0x00000000dca00000)
  to   space 9728K, 0% used [0x00000000db700000,0x00000000db700000,0x00000000dc080000)
 ParOldGen       total 316416K, used 68589K [0x0000000080000000, 0x0000000093500000, 0x00000000d5580000)
  object space 316416K, 21% used [0x0000000080000000,0x00000000842fb608,0x0000000093500000)
 Metaspace       used 93905K, capacity 96205K, committed 98944K, reserved 1136640K
  class space    used 11218K, capacity 11599K, committed 12160K, reserved 1048576K
}
{Heap before GC invocations=493 (full 4):
 PSYoungGen      total 109056K, used 105652K [0x00000000d5580000, 0x00000000dca00000, 0x0000000100000000)
  eden space 99840K, 100% used [0x00000000d5580000,0x00000000db700000,0x00000000db700000)
  from space 9216K, 63% used [0x00000000dc100000,0x00000000dc6ad070,0x00000000dca00000)
  to   space 9728K, 0% used [0x00000000db700000,0x00000000db700000,0x00000000dc080000)
 ParOldGen       total 316416K, used 68589K [0x0000000080000000, 0x0000000093500000, 0x00000000d5580000)
  object space 316416K, 21% used [0x0000000080000000,0x00000000842fb608,0x0000000093500000)
 Metaspace       used 93907K, capacity 96205K, committed 98944K, reserved 1136640K
  class space    used 11218K, capacity 11599K, committed 12160K, reserved 1048576K
2023-04-18T11:37:29.366+0600: 2197521.449: [GC (Allocation Failure) [PSYoungGen: 105652K->7802K(109568K)] 174241K->76423K(425984K), 0.0134445 secs] [Times: user=0.01 sys=0.01, real=0.02 secs] 
Heap after GC invocations=493 (full 4):
 PSYoungGen      total 109568K, used 7802K [0x00000000d5580000, 0x00000000dcc80000, 0x0000000100000000)
  eden space 99840K, 0% used [0x00000000d5580000,0x00000000d5580000,0x00000000db700000)
  from space 9728K, 80% used [0x00000000db700000,0x00000000dbe9e920,0x00000000dc080000)
  to   space 10752K, 0% used [0x00000000dc200000,0x00000000dc200000,0x00000000dcc80000)
 ParOldGen       total 316416K, used 68621K [0x0000000080000000, 0x0000000093500000, 0x00000000d5580000)
  object space 316416K, 21% used [0x0000000080000000,0x0000000084303608,0x0000000093500000)
 Metaspace       used 93907K, capacity 96205K, committed 98944K, reserved 1136640K
  class space    used 11218K, capacity 11599K, committed 12160K, reserved 1048576K
}
{Heap before GC invocations=494 (full 4):
 PSYoungGen      total 109568K, used 107642K [0x00000000d5580000, 0x00000000dcc80000, 0x0000000100000000)
  eden space 99840K, 100% used [0x00000000d5580000,0x00000000db700000,0x00000000db700000)
  from space 9728K, 80% used [0x00000000db700000,0x00000000dbe9e920,0x00000000dc080000)
  to   space 10752K, 0% used [0x00000000dc200000,0x00000000dc200000,0x00000000dcc80000)
 ParOldGen       total 316416K, used 68621K [0x0000000080000000, 0x0000000093500000, 0x00000000d5580000)
  object space 316416K, 21% used [0x0000000080000000,0x0000000084303608,0x0000000093500000)
 Metaspace       used 93920K, capacity 96235K, committed 98944K, reserved 1136640K
  class space    used 11221K, capacity 11604K, committed 12160K, reserved 1048576K
2023-04-18T12:49:12.179+0600: 2201824.262: [GC (Allocation Failure) [PSYoungGen: 107642K->4513K(110080K)] 176263K->73174K(426496K), 0.0153165 secs] [Times: user=0.01 sys=0.02, real=0.01 secs] 
Heap after GC invocations=494 (full 4):
 PSYoungGen      total 110080K, used 4513K [0x00000000d5580000, 0x00000000dcb80000, 0x0000000100000000)
  eden space 100352K, 0% used [0x00000000d5580000,0x00000000d5580000,0x00000000db780000)
  from space 9728K, 46% used [0x00000000dc200000,0x00000000dc6684d0,0x00000000dcb80000)
  to   space 10240K, 0% used [0x00000000db780000,0x00000000db780000,0x00000000dc180000)
 ParOldGen       total 316416K, used 68661K [0x0000000080000000, 0x0000000093500000, 0x00000000d5580000)
  object space 316416K, 21% used [0x0000000080000000,0x000000008430d608,0x0000000093500000)
 Metaspace       used 93920K, capacity 96235K, committed 98944K, reserved 1136640K
  class space    used 11221K, capacity 11604K, committed 12160K, reserved 1048576K
}
{Heap before GC invocations=495 (full 4):
 PSYoungGen      total 110080K, used 104865K [0x00000000d5580000, 0x00000000dcb80000, 0x0000000100000000)
  eden space 100352K, 100% used [0x00000000d5580000,0x00000000db780000,0x00000000db780000)
  from space 9728K, 46% used [0x00000000dc200000,0x00000000dc6684d0,0x00000000dcb80000)
  to   space 10240K, 0% used [0x00000000db780000,0x00000000db780000,0x00000000dc180000)
 ParOldGen       total 316416K, used 68661K [0x0000000080000000, 0x0000000093500000, 0x00000000d5580000)
  object space 316416K, 21% used [0x0000000080000000,0x000000008430d608,0x0000000093500000)
 Metaspace       used 93920K, capacity 96235K, committed 98944K, reserved 1136640K
  class space    used 11221K, capacity 11604K, committed 12160K, reserved 1048576K
2023-04-18T14:08:32.684+0600: 2206584.767: [GC (Allocation Failure) [PSYoungGen: 104865K->4659K(110592K)] 173526K->73360K(427008K), 0.0151140 secs] [Times: user=0.01 sys=0.01, real=0.02 secs] 
Heap after GC invocations=495 (full 4):
 PSYoungGen      total 110592K, used 4659K [0x00000000d5580000, 0x00000000dcb00000, 0x0000000100000000)
  eden space 100352K, 0% used [0x00000000d5580000,0x00000000d5580000,0x00000000db780000)
  from space 10240K, 45% used [0x00000000db780000,0x00000000dbc0cda0,0x00000000dc180000)
  to   space 9728K, 0% used [0x00000000dc180000,0x00000000dc180000,0x00000000dcb00000)
 ParOldGen       total 316416K, used 68701K [0x0000000080000000, 0x0000000093500000, 0x00000000d5580000)
  object space 316416K, 21% used [0x0000000080000000,0x0000000084317608,0x0000000093500000)
 Metaspace       used 93920K, capacity 96235K, committed 98944K, reserved 1136640K
  class space    used 11221K, capacity 11604K, committed 12160K, reserved 1048576K
}
{Heap before GC invocations=496 (full 4):
 PSYoungGen      total 110592K, used 105011K [0x00000000d5580000, 0x00000000dcb00000, 0x0000000100000000)
  eden space 100352K, 100% used [0x00000000d5580000,0x00000000db780000,0x00000000db780000)
  from space 10240K, 45% used [0x00000000db780000,0x00000000dbc0cda0,0x00000000dc180000)
  to   space 9728K, 0% used [0x00000000dc180000,0x00000000dc180000,0x00000000dcb00000)
 ParOldGen       total 316416K, used 68701K [0x0000000080000000, 0x0000000093500000, 0x00000000d5580000)
  object space 316416K, 21% used [0x0000000080000000,0x0000000084317608,0x0000000093500000)
 Metaspace       used 93920K, capacity 96235K, committed 98944K, reserved 1136640K
  class space    used 11221K, capacity 11604K, committed 12160K, reserved 1048576K
2023-04-18T15:11:51.559+0600: 2210383.642: [GC (Allocation Failure) [PSYoungGen: 105011K->6486K(110592K)] 173712K->75187K(427008K), 0.0191564 secs] [Times: user=0.03 sys=0.00, real=0.02 secs] 
Heap after GC invocations=496 (full 4):
 PSYoungGen      total 110592K, used 6486K [0x00000000d5580000, 0x00000000dcb00000, 0x0000000100000000)
  eden space 100864K, 0% used [0x00000000d5580000,0x00000000d5580000,0x00000000db800000)
  from space 9728K, 66% used [0x00000000dc180000,0x00000000dc7d5950,0x00000000dcb00000)
  to   space 9728K, 0% used [0x00000000db800000,0x00000000db800000,0x00000000dc180000)
 ParOldGen       total 316416K, used 68701K [0x0000000080000000, 0x0000000093500000, 0x00000000d5580000)
  object space 316416K, 21% used [0x0000000080000000,0x0000000084317608,0x0000000093500000)
 Metaspace       used 93920K, capacity 96235K, committed 98944K, reserved 1136640K
  class space    used 11221K, capacity 11604K, committed 12160K, reserved 1048576K
}
{Heap before GC invocations=497 (full 4):
 PSYoungGen      total 110592K, used 107350K [0x00000000d5580000, 0x00000000dcb00000, 0x0000000100000000)
  eden space 100864K, 100% used [0x00000000d5580000,0x00000000db800000,0x00000000db800000)
  from space 9728K, 66% used [0x00000000dc180000,0x00000000dc7d5950,0x00000000dcb00000)
  to   space 9728K, 0% used [0x00000000db800000,0x00000000db800000,0x00000000dc180000)
 ParOldGen       total 316416K, used 68701K [0x0000000080000000, 0x0000000093500000, 0x00000000d5580000)
  object space 316416K, 21% used [0x0000000080000000,0x0000000084317608,0x0000000093500000)
 Metaspace       used 93920K, capacity 96235K, committed 98944K, reserved 1136640K
  class space    used 11221K, capacity 11604K, committed 12160K, reserved 1048576K
2023-04-18T16:26:24.549+0600: 2214856.631: [GC (Allocation Failure) [PSYoungGen: 107350K->5268K(110592K)] 176051K->73993K(427008K), 0.0182479 secs] [Times: user=0.02 sys=0.01, real=0.02 secs] 
Heap after GC invocations=497 (full 4):
 PSYoungGen      total 110592K, used 5268K [0x00000000d5580000, 0x00000000dca80000, 0x0000000100000000)
  eden space 100864K, 0% used [0x00000000d5580000,0x00000000d5580000,0x00000000db800000)
  from space 9728K, 54% used [0x00000000db800000,0x00000000dbd25010,0x00000000dc180000)
  to   space 9216K, 0% used [0x00000000dc180000,0x00000000dc180000,0x00000000dca80000)
 ParOldGen       total 316416K, used 68725K [0x0000000080000000, 0x0000000093500000, 0x00000000d5580000)
  object space 316416K, 21% used [0x0000000080000000,0x000000008431d608,0x0000000093500000)
 Metaspace       used 93920K, capacity 96235K, committed 98944K, reserved 1136640K
  class space    used 11221K, capacity 11604K, committed 12160K, reserved 1048576K
}
{Heap before GC invocations=498 (full 4):
 PSYoungGen      total 110592K, used 106132K [0x00000000d5580000, 0x00000000dca80000, 0x0000000100000000)
  eden space 100864K, 100% used [0x00000000d5580000,0x00000000db800000,0x00000000db800000)
  from space 9728K, 54% used [0x00000000db800000,0x00000000dbd25010,0x00000000dc180000)
  to   space 9216K, 0% used [0x00000000dc180000,0x00000000dc180000,0x00000000dca80000)
 ParOldGen       total 316416K, used 68725K [0x0000000080000000, 0x0000000093500000, 0x00000000d5580000)
  object space 316416K, 21% used [0x0000000080000000,0x000000008431d608,0x0000000093500000)
 Metaspace       used 93920K, capacity 96235K, committed 98944K, reserved 1136640K
  class space    used 11221K, capacity 11604K, committed 12160K, reserved 1048576K
2023-04-18T17:40:23.094+0600: 2219295.177: [GC (Allocation Failure) [PSYoungGen: 106132K->4850K(110592K)] 174857K->73591K(427008K), 0.0151241 secs] [Times: user=0.01 sys=0.02, real=0.02 secs] 
Heap after GC invocations=498 (full 4):
 PSYoungGen      total 110592K, used 4850K [0x00000000d5580000, 0x00000000dca80000, 0x0000000100000000)
  eden space 101376K, 0% used [0x00000000d5580000,0x00000000d5580000,0x00000000db880000)
  from space 9216K, 52% used [0x00000000dc180000,0x00000000dc63c930,0x00000000dca80000)
  to   space 9216K, 0% used [0x00000000db880000,0x00000000db880000,0x00000000dc180000)
 ParOldGen       total 316416K, used 68741K [0x0000000080000000, 0x0000000093500000, 0x00000000d5580000)
  object space 316416K, 21% used [0x0000000080000000,0x0000000084321608,0x0000000093500000)
 Metaspace       used 93920K, capacity 96235K, committed 98944K, reserved 1136640K
  class space    used 11221K, capacity 11604K, committed 12160K, reserved 1048576K
}
{Heap before GC invocations=499 (full 4):
 PSYoungGen      total 110592K, used 106226K [0x00000000d5580000, 0x00000000dca80000, 0x0000000100000000)
  eden space 101376K, 100% used [0x00000000d5580000,0x00000000db880000,0x00000000db880000)
  from space 9216K, 52% used [0x00000000dc180000,0x00000000dc63c930,0x00000000dca80000)
  to   space 9216K, 0% used [0x00000000db880000,0x00000000db880000,0x00000000dc180000)
 ParOldGen       total 316416K, used 68741K [0x0000000080000000, 0x0000000093500000, 0x00000000d5580000)
  object space 316416K, 21% used [0x0000000080000000,0x0000000084321608,0x0000000093500000)
 Metaspace       used 93920K, capacity 96235K, committed 98944K, reserved 1136640K
  class space    used 11221K, capacity 11604K, committed 12160K, reserved 1048576K
2023-04-18T19:04:02.326+0600: 2224314.409: [GC (Allocation Failure) [PSYoungGen: 106226K->3921K(110592K)] 174967K->72662K(427008K), 0.0157083 secs] [Times: user=0.02 sys=0.00, real=0.02 secs] 
Heap after GC invocations=499 (full 4):
 PSYoungGen      total 110592K, used 3921K [0x00000000d5580000, 0x00000000dca00000, 0x0000000100000000)
  eden space 101376K, 0% used [0x00000000d5580000,0x00000000d5580000,0x00000000db880000)
  from space 9216K, 42% used [0x00000000db880000,0x00000000dbc54490,0x00000000dc180000)
  to   space 8704K, 0% used [0x00000000dc180000,0x00000000dc180000,0x00000000dca00000)
 ParOldGen       total 316416K, used 68741K [0x0000000080000000, 0x0000000093500000, 0x00000000d5580000)
  object space 316416K, 21% used [0x0000000080000000,0x0000000084321608,0x0000000093500000)
 Metaspace       used 93920K, capacity 96235K, committed 98944K, reserved 1136640K
  class space    used 11221K, capacity 11604K, committed 12160K, reserved 1048576K
}
{Heap before GC invocations=500 (full 4):
 PSYoungGen      total 110592K, used 105297K [0x00000000d5580000, 0x00000000dca00000, 0x0000000100000000)
  eden space 101376K, 100% used [0x00000000d5580000,0x00000000db880000,0x00000000db880000)
  from space 9216K, 42% used [0x00000000db880000,0x00000000dbc54490,0x00000000dc180000)
  to   space 8704K, 0% used [0x00000000dc180000,0x00000000dc180000,0x00000000dca00000)
 ParOldGen       total 316416K, used 68741K [0x0000000080000000, 0x0000000093500000, 0x00000000d5580000)
  object space 316416K, 21% used [0x0000000080000000,0x0000000084321608,0x0000000093500000)
 Metaspace       used 93928K, capacity 96247K, committed 98944K, reserved 1136640K
  class space    used 11222K, capacity 11606K, committed 12160K, reserved 1048576K
2023-04-18T20:11:57.923+0600: 2228390.005: [GC (Allocation Failure) [PSYoungGen: 105297K->6948K(110080K)] 174038K->75705K(426496K), 0.0134474 secs] [Times: user=0.01 sys=0.01, real=0.01 secs] 
Heap after GC invocations=500 (full 4):
 PSYoungGen      total 110080K, used 6948K [0x00000000d5580000, 0x00000000dcb00000, 0x0000000100000000)
  eden space 101376K, 0% used [0x00000000d5580000,0x00000000d5580000,0x00000000db880000)
  from space 8704K, 79% used [0x00000000dc180000,0x00000000dc849090,0x00000000dca00000)
  to   space 9216K, 0% used [0x00000000db880000,0x00000000db880000,0x00000000dc180000)
 ParOldGen       total 316416K, used 68757K [0x0000000080000000, 0x0000000093500000, 0x00000000d5580000)
  object space 316416K, 21% used [0x0000000080000000,0x0000000084325608,0x0000000093500000)
 Metaspace       used 93928K, capacity 96247K, committed 98944K, reserved 1136640K
  class space    used 11222K, capacity 11606K, committed 12160K, reserved 1048576K
}
{Heap before GC invocations=501 (full 4):
 PSYoungGen      total 110080K, used 108324K [0x00000000d5580000, 0x00000000dcb00000, 0x0000000100000000)
  eden space 101376K, 100% used [0x00000000d5580000,0x00000000db880000,0x00000000db880000)
  from space 8704K, 79% used [0x00000000dc180000,0x00000000dc849090,0x00000000dca00000)
  to   space 9216K, 0% used [0x00000000db880000,0x00000000db880000,0x00000000dc180000)
 ParOldGen       total 316416K, used 68757K [0x0000000080000000, 0x0000000093500000, 0x00000000d5580000)
  object space 316416K, 21% used [0x0000000080000000,0x0000000084325608,0x0000000093500000)
 Metaspace       used 93941K, capacity 96277K, committed 98944K, reserved 1136640K
  class space    used 11225K, capacity 11611K, committed 12160K, reserved 1048576K
2023-04-18T21:20:55.195+0600: 2232527.277: [GC (Allocation Failure) [PSYoungGen: 108324K->5014K(110592K)] 177081K->73787K(427008K), 0.0171141 secs] [Times: user=0.01 sys=0.02, real=0.02 secs] 
Heap after GC invocations=501 (full 4):
 PSYoungGen      total 110592K, used 5014K [0x00000000d5580000, 0x00000000dca00000, 0x0000000100000000)
  eden space 101376K, 0% used [0x00000000d5580000,0x00000000d5580000,0x00000000db880000)
  from space 9216K, 54% used [0x00000000db880000,0x00000000dbd65860,0x00000000dc180000)
  to   space 8704K, 0% used [0x00000000dc180000,0x00000000dc180000,0x00000000dca00000)
 ParOldGen       total 316416K, used 68773K [0x0000000080000000, 0x0000000093500000, 0x00000000d5580000)
  object space 316416K, 21% used [0x0000000080000000,0x0000000084329608,0x0000000093500000)
 Metaspace       used 93941K, capacity 96277K, committed 98944K, reserved 1136640K
  class space    used 11225K, capacity 11611K, committed 12160K, reserved 1048576K
}
{Heap before GC invocations=502 (full 4):
 PSYoungGen      total 110592K, used 106390K [0x00000000d5580000, 0x00000000dca00000, 0x0000000100000000)
  eden space 101376K, 100% used [0x00000000d5580000,0x00000000db880000,0x00000000db880000)
  from space 9216K, 54% used [0x00000000db880000,0x00000000dbd65860,0x00000000dc180000)
  to   space 8704K, 0% used [0x00000000dc180000,0x00000000dc180000,0x00000000dca00000)
 ParOldGen       total 316416K, used 68773K [0x0000000080000000, 0x0000000093500000, 0x00000000d5580000)
  object space 316416K, 21% used [0x0000000080000000,0x0000000084329608,0x0000000093500000)
 Metaspace       used 93941K, capacity 96277K, committed 98944K, reserved 1136640K
  class space    used 11225K, capacity 11611K, committed 12160K, reserved 1048576K
2023-04-18T22:18:58.081+0600: 2236010.164: [GC (Allocation Failure) [PSYoungGen: 106390K->7557K(110080K)] 175163K->76330K(426496K), 0.0131580 secs] [Times: user=0.01 sys=0.01, real=0.01 secs] 
Heap after GC invocations=502 (full 4):
 PSYoungGen      total 110080K, used 7557K [0x00000000d5580000, 0x00000000dcb00000, 0x0000000100000000)
  eden space 101376K, 0% used [0x00000000d5580000,0x00000000d5580000,0x00000000db880000)
  from space 8704K, 86% used [0x00000000dc180000,0x00000000dc8e1500,0x00000000dca00000)
  to   space 9216K, 0% used [0x00000000db880000,0x00000000db880000,0x00000000dc180000)
 ParOldGen       total 316416K, used 68773K [0x0000000080000000, 0x0000000093500000, 0x00000000d5580000)
  object space 316416K, 21% used [0x0000000080000000,0x0000000084329608,0x0000000093500000)
 Metaspace       used 93941K, capacity 96277K, committed 98944K, reserved 1136640K
  class space    used 11225K, capacity 11611K, committed 12160K, reserved 1048576K
}
{Heap before GC invocations=503 (full 4):
 PSYoungGen      total 110080K, used 108933K [0x00000000d5580000, 0x00000000dcb00000, 0x0000000100000000)
  eden space 101376K, 100% used [0x00000000d5580000,0x00000000db880000,0x00000000db880000)
  from space 8704K, 86% used [0x00000000dc180000,0x00000000dc8e1500,0x00000000dca00000)
  to   space 9216K, 0% used [0x00000000db880000,0x00000000db880000,0x00000000dc180000)
 ParOldGen       total 316416K, used 68773K [0x0000000080000000, 0x0000000093500000, 0x00000000d5580000)
  object space 316416K, 21% used [0x0000000080000000,0x0000000084329608,0x0000000093500000)
 Metaspace       used 93960K, capacity 96371K, committed 99200K, reserved 1136640K
  class space    used 11228K, capacity 11616K, committed 12160K, reserved 1048576K
2023-04-18T22:46:03.491+0600: 2237635.574: [GC (Allocation Failure) [PSYoungGen: 108933K->8861K(110592K)] 177706K->77635K(427008K), 0.0117521 secs] [Times: user=0.01 sys=0.01, real=0.01 secs] 
Heap after GC invocations=503 (full 4):
 PSYoungGen      total 110592K, used 8861K [0x00000000d5580000, 0x00000000dcd00000, 0x0000000100000000)
  eden space 101376K, 0% used [0x00000000d5580000,0x00000000d5580000,0x00000000db880000)
  from space 9216K, 96% used [0x00000000db880000,0x00000000dc1277a0,0x00000000dc180000)
  to   space 10240K, 0% used [0x00000000dc300000,0x00000000dc300000,0x00000000dcd00000)
 ParOldGen       total 316416K, used 68773K [0x0000000080000000, 0x0000000093500000, 0x00000000d5580000)
  object space 316416K, 21% used [0x0000000080000000,0x0000000084329608,0x0000000093500000)
 Metaspace       used 93960K, capacity 96371K, committed 99200K, reserved 1136640K
  class space    used 11228K, capacity 11616K, committed 12160K, reserved 1048576K
}
{Heap before GC invocations=504 (full 4):
 PSYoungGen      total 110592K, used 110237K [0x00000000d5580000, 0x00000000dcd00000, 0x0000000100000000)
  eden space 101376K, 100% used [0x00000000d5580000,0x00000000db880000,0x00000000db880000)
  from space 9216K, 96% used [0x00000000db880000,0x00000000dc1277a0,0x00000000dc180000)
  to   space 10240K, 0% used [0x00000000dc300000,0x00000000dc300000,0x00000000dcd00000)
 ParOldGen       total 316416K, used 68773K [0x0000000080000000, 0x0000000093500000, 0x00000000d5580000)
  object space 316416K, 21% used [0x0000000080000000,0x0000000084329608,0x0000000093500000)
 Metaspace       used 93962K, capacity 96371K, committed 99200K, reserved 1136640K
  class space    used 11228K, capacity 11616K, committed 12160K, reserved 1048576K
2023-04-18T23:26:56.280+0600: 2240088.363: [GC (Allocation Failure) [PSYoungGen: 110237K->10233K(110592K)] 179011K->79282K(427008K), 0.0271276 secs] [Times: user=0.05 sys=0.00, real=0.02 secs] 
Heap after GC invocations=504 (full 4):
 PSYoungGen      total 110592K, used 10233K [0x00000000d5580000, 0x00000000dd000000, 0x0000000100000000)
  eden space 100352K, 0% used [0x00000000d5580000,0x00000000d5580000,0x00000000db780000)
  from space 10240K, 99% used [0x00000000dc300000,0x00000000dccfe740,0x00000000dcd00000)
  to   space 11776K, 0% used [0x00000000db780000,0x00000000db780000,0x00000000dc300000)
 ParOldGen       total 316416K, used 69048K [0x0000000080000000, 0x0000000093500000, 0x00000000d5580000)
  object space 316416K, 21% used [0x0000000080000000,0x000000008436e2a8,0x0000000093500000)
 Metaspace       used 93962K, capacity 96371K, committed 99200K, reserved 1136640K
  class space    used 11228K, capacity 11616K, committed 12160K, reserved 1048576K
}
{Heap before GC invocations=505 (full 4):
 PSYoungGen      total 110592K, used 110577K [0x00000000d5580000, 0x00000000dd000000, 0x0000000100000000)
  eden space 100352K, 99% used [0x00000000d5580000,0x00000000db77df30,0x00000000db780000)
  from space 10240K, 99% used [0x00000000dc300000,0x00000000dccfe740,0x00000000dcd00000)
  to   space 11776K, 0% used [0x00000000db780000,0x00000000db780000,0x00000000dc300000)
 ParOldGen       total 316416K, used 69048K [0x0000000080000000, 0x0000000093500000, 0x00000000d5580000)
  object space 316416K, 21% used [0x0000000080000000,0x000000008436e2a8,0x0000000093500000)
 Metaspace       used 93967K, capacity 96371K, committed 99200K, reserved 1136640K
  class space    used 11228K, capacity 11616K, committed 12160K, reserved 1048576K
2023-04-18T23:58:06.846+0600: 2241958.929: [GC (Allocation Failure) [PSYoungGen: 110577K->8939K(112128K)] 179626K->78004K(428544K), 0.0247978 secs] [Times: user=0.02 sys=0.02, real=0.03 secs] 
Heap after GC invocations=505 (full 4):
 PSYoungGen      total 112128K, used 8939K [0x00000000d5580000, 0x00000000dd000000, 0x0000000100000000)
  eden space 100352K, 0% used [0x00000000d5580000,0x00000000d5580000,0x00000000db780000)
  from space 11776K, 75% used [0x00000000db780000,0x00000000dc03afc8,0x00000000dc300000)
  to   space 12288K, 0% used [0x00000000dc400000,0x00000000dc400000,0x00000000dd000000)
 ParOldGen       total 316416K, used 69064K [0x0000000080000000, 0x0000000093500000, 0x00000000d5580000)
  object space 316416K, 21% used [0x0000000080000000,0x00000000843722a8,0x0000000093500000)
 Metaspace       used 93967K, capacity 96371K, committed 99200K, reserved 1136640K
  class space    used 11228K, capacity 11616K, committed 12160K, reserved 1048576K
}
{Heap before GC invocations=506 (full 4):
 PSYoungGen      total 112128K, used 109291K [0x00000000d5580000, 0x00000000dd000000, 0x0000000100000000)
  eden space 100352K, 100% used [0x00000000d5580000,0x00000000db780000,0x00000000db780000)
  from space 11776K, 75% used [0x00000000db780000,0x00000000dc03afc8,0x00000000dc300000)
  to   space 12288K, 0% used [0x00000000dc400000,0x00000000dc400000,0x00000000dd000000)
 ParOldGen       total 316416K, used 69064K [0x0000000080000000, 0x0000000093500000, 0x00000000d5580000)
  object space 316416K, 21% used [0x0000000080000000,0x00000000843722a8,0x0000000093500000)
 Metaspace       used 93967K, capacity 96371K, committed 99200K, reserved 1136640K
  class space    used 11228K, capacity 11616K, committed 12160K, reserved 1048576K
2023-04-19T01:11:48.551+0600: 2246380.634: [GC (Allocation Failure) [PSYoungGen: 109291K->7623K(113152K)] 178356K->76688K(429568K), 0.0202543 secs] [Times: user=0.03 sys=0.00, real=0.02 secs] 
Heap after GC invocations=506 (full 4):
 PSYoungGen      total 113152K, used 7623K [0x00000000d5580000, 0x00000000dd000000, 0x0000000100000000)
  eden space 100864K, 0% used [0x00000000d5580000,0x00000000d5580000,0x00000000db800000)
  from space 12288K, 62% used [0x00000000dc400000,0x00000000dcb71da8,0x00000000dd000000)
  to   space 12288K, 0% used [0x00000000db800000,0x00000000db800000,0x00000000dc400000)
 ParOldGen       total 316416K, used 69064K [0x0000000080000000, 0x0000000093500000, 0x00000000d5580000)
  object space 316416K, 21% used [0x0000000080000000,0x00000000843722a8,0x0000000093500000)
 Metaspace       used 93967K, capacity 96371K, committed 99200K, reserved 1136640K
  class space    used 11228K, capacity 11616K, committed 12160K, reserved 1048576K
}
{Heap before GC invocations=507 (full 4):
 PSYoungGen      total 113152K, used 108487K [0x00000000d5580000, 0x00000000dd000000, 0x0000000100000000)
  eden space 100864K, 100% used [0x00000000d5580000,0x00000000db800000,0x00000000db800000)
  from space 12288K, 62% used [0x00000000dc400000,0x00000000dcb71da8,0x00000000dd000000)
  to   space 12288K, 0% used [0x00000000db800000,0x00000000db800000,0x00000000dc400000)
 ParOldGen       total 316416K, used 69064K [0x0000000080000000, 0x0000000093500000, 0x00000000d5580000)
  object space 316416K, 21% used [0x0000000080000000,0x00000000843722a8,0x0000000093500000)
 Metaspace       used 93967K, capacity 96371K, committed 99200K, reserved 1136640K
  class space    used 11228K, capacity 11616K, committed 12160K, reserved 1048576K
2023-04-19T02:45:57.820+0600: 2252029.903: [GC (Allocation Failure) [PSYoungGen: 108487K->3776K(113152K)] 177552K->72864K(429568K), 0.0173937 secs] [Times: user=0.03 sys=0.00, real=0.01 secs] 
Heap after GC invocations=507 (full 4):
 PSYoungGen      total 113152K, used 3776K [0x00000000d5580000, 0x00000000dcf80000, 0x0000000100000000)
  eden space 100864K, 0% used [0x00000000d5580000,0x00000000d5580000,0x00000000db800000)
  from space 12288K, 30% used [0x00000000db800000,0x00000000dbbb0020,0x00000000dc400000)
  to   space 11776K, 0% used [0x00000000dc400000,0x00000000dc400000,0x00000000dcf80000)
 ParOldGen       total 316416K, used 69088K [0x0000000080000000, 0x0000000093500000, 0x00000000d5580000)
  object space 316416K, 21% used [0x0000000080000000,0x00000000843782a8,0x0000000093500000)
 Metaspace       used 93967K, capacity 96371K, committed 99200K, reserved 1136640K
  class space    used 11228K, capacity 11616K, committed 12160K, reserved 1048576K
}
{Heap before GC invocations=508 (full 4):
 PSYoungGen      total 113152K, used 104640K [0x00000000d5580000, 0x00000000dcf80000, 0x0000000100000000)
  eden space 100864K, 100% used [0x00000000d5580000,0x00000000db800000,0x00000000db800000)
  from space 12288K, 30% used [0x00000000db800000,0x00000000dbbb0020,0x00000000dc400000)
  to   space 11776K, 0% used [0x00000000dc400000,0x00000000dc400000,0x00000000dcf80000)
 ParOldGen       total 316416K, used 69088K [0x0000000080000000, 0x0000000093500000, 0x00000000d5580000)
  object space 316416K, 21% used [0x0000000080000000,0x00000000843782a8,0x0000000093500000)
 Metaspace       used 93967K, capacity 96371K, committed 99200K, reserved 1136640K
  class space    used 11228K, capacity 11616K, committed 12160K, reserved 1048576K
2023-04-19T04:16:27.590+0600: 2257459.673: [GC (Allocation Failure) [PSYoungGen: 104640K->3776K(113152K)] 173728K->72896K(429568K), 0.0191220 secs] [Times: user=0.02 sys=0.02, real=0.02 secs] 
Heap after GC invocations=508 (full 4):
 PSYoungGen      total 113152K, used 3776K [0x00000000d5580000, 0x00000000dcf80000, 0x0000000100000000)
  eden space 101376K, 0% used [0x00000000d5580000,0x00000000d5580000,0x00000000db880000)
  from space 11776K, 32% used [0x00000000dc400000,0x00000000dc7b0020,0x00000000dcf80000)
  to   space 11776K, 0% used [0x00000000db880000,0x00000000db880000,0x00000000dc400000)
 ParOldGen       total 316416K, used 69120K [0x0000000080000000, 0x0000000093500000, 0x00000000d5580000)
  object space 316416K, 21% used [0x0000000080000000,0x00000000843802a8,0x0000000093500000)
 Metaspace       used 93967K, capacity 96371K, committed 99200K, reserved 1136640K
  class space    used 11228K, capacity 11616K, committed 12160K, reserved 1048576K
}
{Heap before GC invocations=509 (full 4):
 PSYoungGen      total 113152K, used 105152K [0x00000000d5580000, 0x00000000dcf80000, 0x0000000100000000)
  eden space 101376K, 100% used [0x00000000d5580000,0x00000000db880000,0x00000000db880000)
  from space 11776K, 32% used [0x00000000dc400000,0x00000000dc7b0020,0x00000000dcf80000)
  to   space 11776K, 0% used [0x00000000db880000,0x00000000db880000,0x00000000dc400000)
 ParOldGen       total 316416K, used 69120K [0x0000000080000000, 0x0000000093500000, 0x00000000d5580000)
  object space 316416K, 21% used [0x0000000080000000,0x00000000843802a8,0x0000000093500000)
 Metaspace       used 93967K, capacity 96371K, committed 99200K, reserved 1136640K
  class space    used 11228K, capacity 11616K, committed 12160K, reserved 1048576K
2023-04-19T05:50:01.490+0600: 2263073.573: [GC (Allocation Failure) [PSYoungGen: 105152K->3730K(113152K)] 174272K->72867K(429568K), 0.0182513 secs] [Times: user=0.01 sys=0.02, real=0.01 secs] 
Heap after GC invocations=509 (full 4):
 PSYoungGen      total 113152K, used 3730K [0x00000000d5580000, 0x00000000dd000000, 0x0000000100000000)
  eden space 101376K, 0% used [0x00000000d5580000,0x00000000d5580000,0x00000000db880000)
  from space 11776K, 31% used [0x00000000db880000,0x00000000dbc24b28,0x00000000dc400000)
  to   space 11776K, 0% used [0x00000000dc480000,0x00000000dc480000,0x00000000dd000000)
 ParOldGen       total 316416K, used 69136K [0x0000000080000000, 0x0000000093500000, 0x00000000d5580000)
  object space 316416K, 21% used [0x0000000080000000,0x00000000843842a8,0x0000000093500000)
 Metaspace       used 93967K, capacity 96371K, committed 99200K, reserved 1136640K
  class space    used 11228K, capacity 11616K, committed 12160K, reserved 1048576K
}
{Heap before GC invocations=510 (full 4):
 PSYoungGen      total 113152K, used 105106K [0x00000000d5580000, 0x00000000dd000000, 0x0000000100000000)
  eden space 101376K, 100% used [0x00000000d5580000,0x00000000db880000,0x00000000db880000)
  from space 11776K, 31% used [0x00000000db880000,0x00000000dbc24b28,0x00000000dc400000)
  to   space 11776K, 0% used [0x00000000dc480000,0x00000000dc480000,0x00000000dd000000)
 ParOldGen       total 316416K, used 69136K [0x0000000080000000, 0x0000000093500000, 0x00000000d5580000)
  object space 316416K, 21% used [0x0000000080000000,0x00000000843842a8,0x0000000093500000)
 Metaspace       used 93967K, capacity 96371K, committed 99200K, reserved 1136640K
  class space    used 11228K, capacity 11616K, committed 12160K, reserved 1048576K
2023-04-19T07:19:04.063+0600: 2268416.146: [GC (Allocation Failure) [PSYoungGen: 105106K->4387K(112640K)] 174243K->73540K(429056K), 0.0153919 secs] [Times: user=0.03 sys=0.00, real=0.01 secs] 
Heap after GC invocations=510 (full 4):
 PSYoungGen      total 112640K, used 4387K [0x00000000d5580000, 0x00000000dcf00000, 0x0000000100000000)
  eden space 101888K, 0% used [0x00000000d5580000,0x00000000d5580000,0x00000000db900000)
  from space 10752K, 40% used [0x00000000dc480000,0x00000000dc8c8fc8,0x00000000dcf00000)
  to   space 11264K, 0% used [0x00000000db900000,0x00000000db900000,0x00000000dc400000)
 ParOldGen       total 316416K, used 69152K [0x0000000080000000, 0x0000000093500000, 0x00000000d5580000)
  object space 316416K, 21% used [0x0000000080000000,0x00000000843882a8,0x0000000093500000)
 Metaspace       used 93967K, capacity 96371K, committed 99200K, reserved 1136640K
  class space    used 11228K, capacity 11616K, committed 12160K, reserved 1048576K
}
{Heap before GC invocations=511 (full 4):
 PSYoungGen      total 112640K, used 106275K [0x00000000d5580000, 0x00000000dcf00000, 0x0000000100000000)
  eden space 101888K, 100% used [0x00000000d5580000,0x00000000db900000,0x00000000db900000)
  from space 10752K, 40% used [0x00000000dc480000,0x00000000dc8c8fc8,0x00000000dcf00000)
  to   space 11264K, 0% used [0x00000000db900000,0x00000000db900000,0x00000000dc400000)
 ParOldGen       total 316416K, used 69152K [0x0000000080000000, 0x0000000093500000, 0x00000000d5580000)
  object space 316416K, 21% used [0x0000000080000000,0x00000000843882a8,0x0000000093500000)
 Metaspace       used 93968K, capacity 96371K, committed 99200K, reserved 1136640K
  class space    used 11228K, capacity 11616K, committed 12160K, reserved 1048576K
2023-04-19T08:28:09.734+0600: 2272561.817: [GC (Allocation Failure) [PSYoungGen: 106275K->7112K(113152K)] 175428K->76313K(429568K), 0.0220177 secs] [Times: user=0.02 sys=0.01, real=0.02 secs] 
Heap after GC invocations=511 (full 4):
 PSYoungGen      total 113152K, used 7112K [0x00000000d5580000, 0x00000000dcf80000, 0x0000000100000000)
  eden space 101888K, 0% used [0x00000000d5580000,0x00000000d5580000,0x00000000db900000)
  from space 11264K, 63% used [0x00000000db900000,0x00000000dbff2268,0x00000000dc400000)
  to   space 11264K, 0% used [0x00000000dc480000,0x00000000dc480000,0x00000000dcf80000)
 ParOldGen       total 316416K, used 69200K [0x0000000080000000, 0x0000000093500000, 0x00000000d5580000)
  object space 316416K, 21% used [0x0000000080000000,0x00000000843942a8,0x0000000093500000)
 Metaspace       used 93968K, capacity 96371K, committed 99200K, reserved 1136640K
  class space    used 11228K, capacity 11616K, committed 12160K, reserved 1048576K
}
{Heap before GC invocations=512 (full 4):
 PSYoungGen      total 113152K, used 108999K [0x00000000d5580000, 0x00000000dcf80000, 0x0000000100000000)
  eden space 101888K, 99% used [0x00000000d5580000,0x00000000db8ffca8,0x00000000db900000)
  from space 11264K, 63% used [0x00000000db900000,0x00000000dbff2268,0x00000000dc400000)
  to   space 11264K, 0% used [0x00000000dc480000,0x00000000dc480000,0x00000000dcf80000)
 ParOldGen       total 316416K, used 69200K [0x0000000080000000, 0x0000000093500000, 0x00000000d5580000)
  object space 316416K, 21% used [0x0000000080000000,0x00000000843942a8,0x0000000093500000)
 Metaspace       used 93968K, capacity 96371K, committed 99200K, reserved 1136640K
  class space    used 11228K, capacity 11616K, committed 12160K, reserved 1048576K
2023-04-19T09:49:25.255+0600: 2277437.338: [GC (Allocation Failure) [PSYoungGen: 108999K->5538K(112640K)] 178200K->74755K(429056K), 0.0211299 secs] [Times: user=0.03 sys=0.00, real=0.02 secs] 
Heap after GC invocations=512 (full 4):
 PSYoungGen      total 112640K, used 5538K [0x00000000d5580000, 0x00000000dce80000, 0x0000000100000000)
  eden space 102400K, 0% used [0x00000000d5580000,0x00000000d5580000,0x00000000db980000)
  from space 10240K, 54% used [0x00000000dc480000,0x00000000dc9e8be0,0x00000000dce80000)
  to   space 10752K, 0% used [0x00000000db980000,0x00000000db980000,0x00000000dc400000)
 ParOldGen       total 316416K, used 69216K [0x0000000080000000, 0x0000000093500000, 0x00000000d5580000)
  object space 316416K, 21% used [0x0000000080000000,0x00000000843982a8,0x0000000093500000)
 Metaspace       used 93968K, capacity 96371K, committed 99200K, reserved 1136640K
  class space    used 11228K, capacity 11616K, committed 12160K, reserved 1048576K
}
{Heap before GC invocations=513 (full 4):
 PSYoungGen      total 112640K, used 107938K [0x00000000d5580000, 0x00000000dce80000, 0x0000000100000000)
  eden space 102400K, 100% used [0x00000000d5580000,0x00000000db980000,0x00000000db980000)
  from space 10240K, 54% used [0x00000000dc480000,0x00000000dc9e8be0,0x00000000dce80000)
  to   space 10752K, 0% used [0x00000000db980000,0x00000000db980000,0x00000000dc400000)
 ParOldGen       total 316416K, used 69216K [0x0000000080000000, 0x0000000093500000, 0x00000000d5580000)
  object space 316416K, 21% used [0x0000000080000000,0x00000000843982a8,0x0000000093500000)
 Metaspace       used 93979K, capacity 96371K, committed 99200K, reserved 1136640K
  class space    used 11228K, capacity 11616K, committed 12160K, reserved 1048576K
2023-04-19T10:55:40.431+0600: 2281412.514: [GC (Allocation Failure) [PSYoungGen: 107938K->6886K(113152K)] 177155K->76143K(429568K), 0.0181065 secs] [Times: user=0.01 sys=0.02, real=0.02 secs] 
Heap after GC invocations=513 (full 4):
 PSYoungGen      total 113152K, used 6886K [0x00000000d5580000, 0x00000000dcf00000, 0x0000000100000000)
  eden space 102400K, 0% used [0x00000000d5580000,0x00000000d5580000,0x00000000db980000)
  from space 10752K, 64% used [0x00000000db980000,0x00000000dc039bb0,0x00000000dc400000)
  to   space 10752K, 0% used [0x00000000dc480000,0x00000000dc480000,0x00000000dcf00000)
 ParOldGen       total 316416K, used 69256K [0x0000000080000000, 0x0000000093500000, 0x00000000d5580000)
  object space 316416K, 21% used [0x0000000080000000,0x00000000843a22a8,0x0000000093500000)
 Metaspace       used 93979K, capacity 96371K, committed 99200K, reserved 1136640K
  class space    used 11228K, capacity 11616K, committed 12160K, reserved 1048576K
}
{Heap before GC invocations=514 (full 4):
 PSYoungGen      total 113152K, used 109280K [0x00000000d5580000, 0x00000000dcf00000, 0x0000000100000000)
  eden space 102400K, 99% used [0x00000000d5580000,0x00000000db97e620,0x00000000db980000)
  from space 10752K, 64% used [0x00000000db980000,0x00000000dc039bb0,0x00000000dc400000)
  to   space 10752K, 0% used [0x00000000dc480000,0x00000000dc480000,0x00000000dcf00000)
 ParOldGen       total 316416K, used 69256K [0x0000000080000000, 0x0000000093500000, 0x00000000d5580000)
  object space 316416K, 21% used [0x0000000080000000,0x00000000843a22a8,0x0000000093500000)
 Metaspace       used 93979K, capacity 96371K, committed 99200K, reserved 1136640K
  class space    used 11228K, capacity 11616K, committed 12160K, reserved 1048576K
2023-04-19T12:03:24.461+0600: 2285476.543: [GC (Allocation Failure) [PSYoungGen: 109280K->7317K(113664K)] 178537K->76589K(430080K), 0.0210275 secs] [Times: user=0.01 sys=0.02, real=0.02 secs] 
Heap after GC invocations=514 (full 4):
 PSYoungGen      total 113664K, used 7317K [0x00000000d5580000, 0x00000000dcf00000, 0x0000000100000000)
  eden space 102912K, 0% used [0x00000000d5580000,0x00000000d5580000,0x00000000dba00000)
  from space 10752K, 68% used [0x00000000dc480000,0x00000000dcba5530,0x00000000dcf00000)
  to   space 10752K, 0% used [0x00000000dba00000,0x00000000dba00000,0x00000000dc480000)
 ParOldGen       total 316416K, used 69272K [0x0000000080000000, 0x0000000093500000, 0x00000000d5580000)
  object space 316416K, 21% used [0x0000000080000000,0x00000000843a62a8,0x0000000093500000)
 Metaspace       used 93979K, capacity 96371K, committed 99200K, reserved 1136640K
  class space    used 11228K, capacity 11616K, committed 12160K, reserved 1048576K
}
{Heap before GC invocations=515 (full 4):
 PSYoungGen      total 113664K, used 110229K [0x00000000d5580000, 0x00000000dcf00000, 0x0000000100000000)
  eden space 102912K, 100% used [0x00000000d5580000,0x00000000dba00000,0x00000000dba00000)
  from space 10752K, 68% used [0x00000000dc480000,0x00000000dcba5530,0x00000000dcf00000)
  to   space 10752K, 0% used [0x00000000dba00000,0x00000000dba00000,0x00000000dc480000)
 ParOldGen       total 316416K, used 69272K [0x0000000080000000, 0x0000000093500000, 0x00000000d5580000)
  object space 316416K, 21% used [0x0000000080000000,0x00000000843a62a8,0x0000000093500000)
 Metaspace       used 93992K, capacity 96401K, committed 99200K, reserved 1136640K
  class space    used 11230K, capacity 11621K, committed 12160K, reserved 1048576K
2023-04-19T13:26:29.863+0600: 2290461.946: [GC (Allocation Failure) [PSYoungGen: 110229K->5043K(113664K)] 179501K->74356K(430080K), 0.0203808 secs] [Times: user=0.01 sys=0.02, real=0.02 secs] 
Heap after GC invocations=515 (full 4):
 PSYoungGen      total 113664K, used 5043K [0x00000000d5580000, 0x00000000dcf80000, 0x0000000100000000)
  eden space 102912K, 0% used [0x00000000d5580000,0x00000000d5580000,0x00000000dba00000)
  from space 10752K, 46% used [0x00000000dba00000,0x00000000dbeecdd0,0x00000000dc480000)
  to   space 10752K, 0% used [0x00000000dc500000,0x00000000dc500000,0x00000000dcf80000)
 ParOldGen       total 316416K, used 69312K [0x0000000080000000, 0x0000000093500000, 0x00000000d5580000)
  object space 316416K, 21% used [0x0000000080000000,0x00000000843b02a8,0x0000000093500000)
 Metaspace       used 93992K, capacity 96401K, committed 99200K, reserved 1136640K
  class space    used 11230K, capacity 11621K, committed 12160K, reserved 1048576K
}
{Heap before GC invocations=516 (full 4):
 PSYoungGen      total 113664K, used 107955K [0x00000000d5580000, 0x00000000dcf80000, 0x0000000100000000)
  eden space 102912K, 100% used [0x00000000d5580000,0x00000000dba00000,0x00000000dba00000)
  from space 10752K, 46% used [0x00000000dba00000,0x00000000dbeecdd0,0x00000000dc480000)
  to   space 10752K, 0% used [0x00000000dc500000,0x00000000dc500000,0x00000000dcf80000)
 ParOldGen       total 316416K, used 69312K [0x0000000080000000, 0x0000000093500000, 0x00000000d5580000)
  object space 316416K, 21% used [0x0000000080000000,0x00000000843b02a8,0x0000000093500000)
 Metaspace       used 93992K, capacity 96401K, committed 99200K, reserved 1136640K
  class space    used 11230K, capacity 11621K, committed 12160K, reserved 1048576K
2023-04-19T14:43:05.774+0600: 2295057.857: [GC (Allocation Failure) [PSYoungGen: 107955K->5492K(113152K)] 177268K->74821K(429568K), 0.0167244 secs] [Times: user=0.01 sys=0.01, real=0.02 secs] 
Heap after GC invocations=516 (full 4):
 PSYoungGen      total 113152K, used 5492K [0x00000000d5580000, 0x00000000dce80000, 0x0000000100000000)
  eden space 103424K, 0% used [0x00000000d5580000,0x00000000d5580000,0x00000000dba80000)
  from space 9728K, 56% used [0x00000000dc500000,0x00000000dca5d260,0x00000000dce80000)
  to   space 10240K, 0% used [0x00000000dba80000,0x00000000dba80000,0x00000000dc480000)
 ParOldGen       total 316416K, used 69328K [0x0000000080000000, 0x0000000093500000, 0x00000000d5580000)
  object space 316416K, 21% used [0x0000000080000000,0x00000000843b42a8,0x0000000093500000)
 Metaspace       used 93992K, capacity 96401K, committed 99200K, reserved 1136640K
  class space    used 11230K, capacity 11621K, committed 12160K, reserved 1048576K
}
{Heap before GC invocations=517 (full 4):
 PSYoungGen      total 113152K, used 108916K [0x00000000d5580000, 0x00000000dce80000, 0x0000000100000000)
  eden space 103424K, 100% used [0x00000000d5580000,0x00000000dba80000,0x00000000dba80000)
  from space 9728K, 56% used [0x00000000dc500000,0x00000000dca5d260,0x00000000dce80000)
  to   space 10240K, 0% used [0x00000000dba80000,0x00000000dba80000,0x00000000dc480000)
 ParOldGen       total 316416K, used 69328K [0x0000000080000000, 0x0000000093500000, 0x00000000d5580000)
  object space 316416K, 21% used [0x0000000080000000,0x00000000843b42a8,0x0000000093500000)
 Metaspace       used 93993K, capacity 96401K, committed 99200K, reserved 1136640K
  class space    used 11230K, capacity 11621K, committed 12160K, reserved 1048576K
2023-04-19T15:45:52.073+0600: 2298824.156: [GC (Allocation Failure) [PSYoungGen: 108916K->7979K(113664K)] 178245K->77348K(430080K), 0.0237136 secs] [Times: user=0.02 sys=0.02, real=0.02 secs] 
Heap after GC invocations=517 (full 4):
 PSYoungGen      total 113664K, used 7979K [0x00000000d5580000, 0x00000000dd000000, 0x0000000100000000)
  eden space 103424K, 0% used [0x00000000d5580000,0x00000000d5580000,0x00000000dba80000)
  from space 10240K, 77% used [0x00000000dba80000,0x00000000dc24ad80,0x00000000dc480000)
  to   space 10752K, 0% used [0x00000000dc580000,0x00000000dc580000,0x00000000dd000000)
 ParOldGen       total 316416K, used 69368K [0x0000000080000000, 0x0000000093500000, 0x00000000d5580000)
  object space 316416K, 21% used [0x0000000080000000,0x00000000843be2a8,0x0000000093500000)
 Metaspace       used 93993K, capacity 96401K, committed 99200K, reserved 1136640K
  class space    used 11230K, capacity 11621K, committed 12160K, reserved 1048576K
}
{Heap before GC invocations=518 (full 4):
 PSYoungGen      total 113664K, used 111403K [0x00000000d5580000, 0x00000000dd000000, 0x0000000100000000)
  eden space 103424K, 100% used [0x00000000d5580000,0x00000000dba80000,0x00000000dba80000)
  from space 10240K, 77% used [0x00000000dba80000,0x00000000dc24ad80,0x00000000dc480000)
  to   space 10752K, 0% used [0x00000000dc580000,0x00000000dc580000,0x00000000dd000000)
 ParOldGen       total 316416K, used 69368K [0x0000000080000000, 0x0000000093500000, 0x00000000d5580000)
  object space 316416K, 21% used [0x0000000080000000,0x00000000843be2a8,0x0000000093500000)
 Metaspace       used 93993K, capacity 96401K, committed 99200K, reserved 1136640K
  class space    used 11230K, capacity 11621K, committed 12160K, reserved 1048576K
2023-04-19T16:57:01.546+0600: 2303093.629: [GC (Allocation Failure) [PSYoungGen: 111403K->6677K(113664K)] 180772K->76122K(430080K), 0.0207949 secs] [Times: user=0.01 sys=0.01, real=0.02 secs] 
Heap after GC invocations=518 (full 4):
 PSYoungGen      total 113664K, used 6677K [0x00000000d5580000, 0x00000000dcf00000, 0x0000000100000000)
  eden space 103936K, 0% used [0x00000000d5580000,0x00000000d5580000,0x00000000dbb00000)
  from space 9728K, 68% used [0x00000000dc580000,0x00000000dcc05740,0x00000000dcf00000)
  to   space 10240K, 0% used [0x00000000dbb00000,0x00000000dbb00000,0x00000000dc500000)
 ParOldGen       total 316416K, used 69444K [0x0000000080000000, 0x0000000093500000, 0x00000000d5580000)
  object space 316416K, 21% used [0x0000000080000000,0x00000000843d1388,0x0000000093500000)
 Metaspace       used 93993K, capacity 96401K, committed 99200K, reserved 1136640K
  class space    used 11230K, capacity 11621K, committed 12160K, reserved 1048576K
}
{Heap before GC invocations=519 (full 4):
 PSYoungGen      total 113664K, used 110613K [0x00000000d5580000, 0x00000000dcf00000, 0x0000000100000000)
  eden space 103936K, 100% used [0x00000000d5580000,0x00000000dbb00000,0x00000000dbb00000)
  from space 9728K, 68% used [0x00000000dc580000,0x00000000dcc05740,0x00000000dcf00000)
  to   space 10240K, 0% used [0x00000000dbb00000,0x00000000dbb00000,0x00000000dc500000)
 ParOldGen       total 316416K, used 69444K [0x0000000080000000, 0x0000000093500000, 0x00000000d5580000)
  object space 316416K, 21% used [0x0000000080000000,0x00000000843d1388,0x0000000093500000)
 Metaspace       used 93993K, capacity 96401K, committed 99200K, reserved 1136640K
  class space    used 11230K, capacity 11621K, committed 12160K, reserved 1048576K
2023-04-19T18:29:20.111+0600: 2308632.194: [GC (Allocation Failure) [PSYoungGen: 110613K->3520K(114176K)] 180058K->73197K(430592K), 0.0190228 secs] [Times: user=0.04 sys=0.00, real=0.02 secs] 
Heap after GC invocations=519 (full 4):
 PSYoungGen      total 114176K, used 3520K [0x00000000d5580000, 0x00000000dcf80000, 0x0000000100000000)
  eden space 103936K, 0% used [0x00000000d5580000,0x00000000d5580000,0x00000000dbb00000)
  from space 10240K, 34% used [0x00000000dbb00000,0x00000000dbe70010,0x00000000dc500000)
  to   space 10240K, 0% used [0x00000000dc580000,0x00000000dc580000,0x00000000dcf80000)
 ParOldGen       total 316416K, used 69677K [0x0000000080000000, 0x0000000093500000, 0x00000000d5580000)
  object space 316416K, 22% used [0x0000000080000000,0x000000008440b408,0x0000000093500000)
 Metaspace       used 93993K, capacity 96401K, committed 99200K, reserved 1136640K
  class space    used 11230K, capacity 11621K, committed 12160K, reserved 1048576K
}
{Heap before GC invocations=520 (full 4):
 PSYoungGen      total 114176K, used 107456K [0x00000000d5580000, 0x00000000dcf80000, 0x0000000100000000)
  eden space 103936K, 100% used [0x00000000d5580000,0x00000000dbb00000,0x00000000dbb00000)
  from space 10240K, 34% used [0x00000000dbb00000,0x00000000dbe70010,0x00000000dc500000)
  to   space 10240K, 0% used [0x00000000dc580000,0x00000000dc580000,0x00000000dcf80000)
 ParOldGen       total 316416K, used 69677K [0x0000000080000000, 0x0000000093500000, 0x00000000d5580000)
  object space 316416K, 22% used [0x0000000080000000,0x000000008440b408,0x0000000093500000)
 Metaspace       used 93993K, capacity 96401K, committed 99200K, reserved 1136640K
  class space    used 11230K, capacity 11621K, committed 12160K, reserved 1048576K
2023-04-19T20:02:50.825+0600: 2314242.908: [GC (Allocation Failure) [PSYoungGen: 107456K->3360K(114688K)] 177133K->73148K(431104K), 0.0145068 secs] [Times: user=0.01 sys=0.02, real=0.02 secs] 
Heap after GC invocations=520 (full 4):
 PSYoungGen      total 114688K, used 3360K [0x00000000d5580000, 0x00000000dcf80000, 0x0000000100000000)
  eden space 104448K, 0% used [0x00000000d5580000,0x00000000d5580000,0x00000000dbb80000)
  from space 10240K, 32% used [0x00000000dc580000,0x00000000dc8c8020,0x00000000dcf80000)
  to   space 10240K, 0% used [0x00000000dbb80000,0x00000000dbb80000,0x00000000dc580000)
 ParOldGen       total 316416K, used 69788K [0x0000000080000000, 0x0000000093500000, 0x00000000d5580000)
  object space 316416K, 22% used [0x0000000080000000,0x0000000084427258,0x0000000093500000)
 Metaspace       used 93993K, capacity 96401K, committed 99200K, reserved 1136640K
  class space    used 11230K, capacity 11621K, committed 12160K, reserved 1048576K
}
{Heap before GC invocations=521 (full 4):
 PSYoungGen      total 114688K, used 107808K [0x00000000d5580000, 0x00000000dcf80000, 0x0000000100000000)
  eden space 104448K, 100% used [0x00000000d5580000,0x00000000dbb80000,0x00000000dbb80000)
  from space 10240K, 32% used [0x00000000dc580000,0x00000000dc8c8020,0x00000000dcf80000)
  to   space 10240K, 0% used [0x00000000dbb80000,0x00000000dbb80000,0x00000000dc580000)
 ParOldGen       total 316416K, used 69788K [0x0000000080000000, 0x0000000093500000, 0x00000000d5580000)
  object space 316416K, 22% used [0x0000000080000000,0x0000000084427258,0x0000000093500000)
 Metaspace       used 94014K, capacity 96455K, committed 99200K, reserved 1136640K
  class space    used 11235K, capacity 11630K, committed 12160K, reserved 1048576K
2023-04-19T21:04:19.957+0600: 2317932.040: [GC (Allocation Failure) [PSYoungGen: 107808K->5201K(114688K)] 177596K->75014K(431104K), 0.0153566 secs] [Times: user=0.03 sys=0.00, real=0.02 secs] 
Heap after GC invocations=521 (full 4):
 PSYoungGen      total 114688K, used 5201K [0x00000000d5580000, 0x00000000dd000000, 0x0000000100000000)
  eden space 104448K, 0% used [0x00000000d5580000,0x00000000d5580000,0x00000000dbb80000)
  from space 10240K, 50% used [0x00000000dbb80000,0x00000000dc094720,0x00000000dc580000)
  to   space 10240K, 0% used [0x00000000dc600000,0x00000000dc600000,0x00000000dd000000)
 ParOldGen       total 316416K, used 69812K [0x0000000080000000, 0x0000000093500000, 0x00000000d5580000)
  object space 316416K, 22% used [0x0000000080000000,0x000000008442d258,0x0000000093500000)
 Metaspace       used 94014K, capacity 96455K, committed 99200K, reserved 1136640K
  class space    used 11235K, capacity 11630K, committed 12160K, reserved 1048576K
}
{Heap before GC invocations=522 (full 4):
 PSYoungGen      total 114688K, used 109649K [0x00000000d5580000, 0x00000000dd000000, 0x0000000100000000)
  eden space 104448K, 100% used [0x00000000d5580000,0x00000000dbb80000,0x00000000dbb80000)
  from space 10240K, 50% used [0x00000000dbb80000,0x00000000dc094720,0x00000000dc580000)
  to   space 10240K, 0% used [0x00000000dc600000,0x00000000dc600000,0x00000000dd000000)
 ParOldGen       total 316416K, used 69812K [0x0000000080000000, 0x0000000093500000, 0x00000000d5580000)
  object space 316416K, 22% used [0x0000000080000000,0x000000008442d258,0x0000000093500000)
 Metaspace       used 94014K, capacity 96455K, committed 99200K, reserved 1136640K
  class space    used 11235K, capacity 11630K, committed 12160K, reserved 1048576K
2023-04-19T22:36:21.812+0600: 2323453.895: [GC (Allocation Failure) [PSYoungGen: 109649K->3825K(114176K)] 179462K->73637K(430592K), 0.0158066 secs] [Times: user=0.02 sys=0.00, real=0.01 secs] 
Heap after GC invocations=522 (full 4):
 PSYoungGen      total 114176K, used 3825K [0x00000000d5580000, 0x00000000dcf00000, 0x0000000100000000)
  eden space 104960K, 0% used [0x00000000d5580000,0x00000000d5580000,0x00000000dbc00000)
  from space 9216K, 41% used [0x00000000dc600000,0x00000000dc9bc4a0,0x00000000dcf00000)
  to   space 9728K, 0% used [0x00000000dbc00000,0x00000000dbc00000,0x00000000dc580000)
 ParOldGen       total 316416K, used 69812K [0x0000000080000000, 0x0000000093500000, 0x00000000d5580000)
  object space 316416K, 22% used [0x0000000080000000,0x000000008442d258,0x0000000093500000)
 Metaspace       used 94014K, capacity 96455K, committed 99200K, reserved 1136640K
  class space    used 11235K, capacity 11630K, committed 12160K, reserved 1048576K
}
{Heap before GC invocations=523 (full 4):
 PSYoungGen      total 114176K, used 108785K [0x00000000d5580000, 0x00000000dcf00000, 0x0000000100000000)
  eden space 104960K, 100% used [0x00000000d5580000,0x00000000dbc00000,0x00000000dbc00000)
  from space 9216K, 41% used [0x00000000dc600000,0x00000000dc9bc4a0,0x00000000dcf00000)
  to   space 9728K, 0% used [0x00000000dbc00000,0x00000000dbc00000,0x00000000dc580000)
 ParOldGen       total 316416K, used 69812K [0x0000000080000000, 0x0000000093500000, 0x00000000d5580000)
  object space 316416K, 22% used [0x0000000080000000,0x000000008442d258,0x0000000093500000)
 Metaspace       used 94014K, capacity 96455K, committed 99200K, reserved 1136640K
  class space    used 11235K, capacity 11630K, committed 12160K, reserved 1048576K
2023-04-19T23:54:30.953+0600: 2328143.036: [GC (Allocation Failure) [PSYoungGen: 108785K->5347K(114688K)] 178597K->75160K(431104K), 0.0184019 secs] [Times: user=0.01 sys=0.02, real=0.02 secs] 
Heap after GC invocations=523 (full 4):
 PSYoungGen      total 114688K, used 5347K [0x00000000d5580000, 0x00000000dcf80000, 0x0000000100000000)
  eden space 104960K, 0% used [0x00000000d5580000,0x00000000d5580000,0x00000000dbc00000)
  from space 9728K, 54% used [0x00000000dbc00000,0x00000000dc138df0,0x00000000dc580000)
  to   space 9728K, 0% used [0x00000000dc600000,0x00000000dc600000,0x00000000dcf80000)
 ParOldGen       total 316416K, used 69812K [0x0000000080000000, 0x0000000093500000, 0x00000000d5580000)
  object space 316416K, 22% used [0x0000000080000000,0x000000008442d258,0x0000000093500000)
 Metaspace       used 94014K, capacity 96455K, committed 99200K, reserved 1136640K
  class space    used 11235K, capacity 11630K, committed 12160K, reserved 1048576K
}
{Heap before GC invocations=524 (full 4):
 PSYoungGen      total 114688K, used 110307K [0x00000000d5580000, 0x00000000dcf80000, 0x0000000100000000)
  eden space 104960K, 100% used [0x00000000d5580000,0x00000000dbc00000,0x00000000dbc00000)
  from space 9728K, 54% used [0x00000000dbc00000,0x00000000dc138df0,0x00000000dc580000)
  to   space 9728K, 0% used [0x00000000dc600000,0x00000000dc600000,0x00000000dcf80000)
 ParOldGen       total 316416K, used 69812K [0x0000000080000000, 0x0000000093500000, 0x00000000d5580000)
  object space 316416K, 22% used [0x0000000080000000,0x000000008442d258,0x0000000093500000)
 Metaspace       used 94014K, capacity 96455K, committed 99200K, reserved 1136640K
  class space    used 11236K, capacity 11630K, committed 12160K, reserved 1048576K
2023-04-20T00:58:46.279+0600: 2331998.362: [GC (Allocation Failure) [PSYoungGen: 110307K->7269K(115200K)] 180120K->77082K(431616K), 0.0237558 secs] [Times: user=0.04 sys=0.00, real=0.02 secs] 
Heap after GC invocations=524 (full 4):
 PSYoungGen      total 115200K, used 7269K [0x00000000d5580000, 0x00000000dcf80000, 0x0000000100000000)
  eden space 105472K, 0% used [0x00000000d5580000,0x00000000d5580000,0x00000000dbc80000)
  from space 9728K, 74% used [0x00000000dc600000,0x00000000dcd19720,0x00000000dcf80000)
  to   space 9728K, 0% used [0x00000000dbc80000,0x00000000dbc80000,0x00000000dc600000)
 ParOldGen       total 316416K, used 69812K [0x0000000080000000, 0x0000000093500000, 0x00000000d5580000)
  object space 316416K, 22% used [0x0000000080000000,0x000000008442d258,0x0000000093500000)
 Metaspace       used 94014K, capacity 96455K, committed 99200K, reserved 1136640K
  class space    used 11236K, capacity 11630K, committed 12160K, reserved 1048576K
}
{Heap before GC invocations=525 (full 4):
 PSYoungGen      total 115200K, used 112741K [0x00000000d5580000, 0x00000000dcf80000, 0x0000000100000000)
  eden space 105472K, 100% used [0x00000000d5580000,0x00000000dbc80000,0x00000000dbc80000)
  from space 9728K, 74% used [0x00000000dc600000,0x00000000dcd19720,0x00000000dcf80000)
  to   space 9728K, 0% used [0x00000000dbc80000,0x00000000dbc80000,0x00000000dc600000)
 ParOldGen       total 316416K, used 69812K [0x0000000080000000, 0x0000000093500000, 0x00000000d5580000)
  object space 316416K, 22% used [0x0000000080000000,0x000000008442d258,0x0000000093500000)
 Metaspace       used 94014K, capacity 96455K, committed 99200K, reserved 1136640K
  class space    used 11236K, capacity 11630K, committed 12160K, reserved 1048576K
2023-04-20T02:09:17.461+0600: 2336229.543: [GC (Allocation Failure) [PSYoungGen: 112741K->6325K(115200K)] 182554K->76153K(431616K), 0.0163332 secs] [Times: user=0.01 sys=0.02, real=0.01 secs] 
Heap after GC invocations=525 (full 4):
 PSYoungGen      total 115200K, used 6325K [0x00000000d5580000, 0x00000000dd000000, 0x0000000100000000)
  eden space 105472K, 0% used [0x00000000d5580000,0x00000000d5580000,0x00000000dbc80000)
  from space 9728K, 65% used [0x00000000dbc80000,0x00000000dc2ad490,0x00000000dc600000)
  to   space 9728K, 0% used [0x00000000dc680000,0x00000000dc680000,0x00000000dd000000)
 ParOldGen       total 316416K, used 69828K [0x0000000080000000, 0x0000000093500000, 0x00000000d5580000)
  object space 316416K, 22% used [0x0000000080000000,0x0000000084431258,0x0000000093500000)
 Metaspace       used 94014K, capacity 96455K, committed 99200K, reserved 1136640K
  class space    used 11236K, capacity 11630K, committed 12160K, reserved 1048576K
}
{Heap before GC invocations=526 (full 4):
 PSYoungGen      total 115200K, used 111797K [0x00000000d5580000, 0x00000000dd000000, 0x0000000100000000)
  eden space 105472K, 100% used [0x00000000d5580000,0x00000000dbc80000,0x00000000dbc80000)
  from space 9728K, 65% used [0x00000000dbc80000,0x00000000dc2ad490,0x00000000dc600000)
  to   space 9728K, 0% used [0x00000000dc680000,0x00000000dc680000,0x00000000dd000000)
 ParOldGen       total 316416K, used 69828K [0x0000000080000000, 0x0000000093500000, 0x00000000d5580000)
  object space 316416K, 22% used [0x0000000080000000,0x0000000084431258,0x0000000093500000)
 Metaspace       used 94014K, capacity 96455K, committed 99200K, reserved 1136640K
  class space    used 11236K, capacity 11630K, committed 12160K, reserved 1048576K
2023-04-20T03:45:58.996+0600: 2342031.078: [GC (Allocation Failure) [PSYoungGen: 111797K->3168K(115712K)] 181625K->73028K(432128K), 0.0179564 secs] [Times: user=0.03 sys=0.00, real=0.02 secs] 
Heap after GC invocations=526 (full 4):
 PSYoungGen      total 115712K, used 3168K [0x00000000d5580000, 0x00000000dd000000, 0x0000000100000000)
  eden space 105984K, 0% used [0x00000000d5580000,0x00000000d5580000,0x00000000dbd00000)
  from space 9728K, 32% used [0x00000000dc680000,0x00000000dc998000,0x00000000dd000000)
  to   space 9728K, 0% used [0x00000000dbd00000,0x00000000dbd00000,0x00000000dc680000)
 ParOldGen       total 316416K, used 69860K [0x0000000080000000, 0x0000000093500000, 0x00000000d5580000)
  object space 316416K, 22% used [0x0000000080000000,0x0000000084439258,0x0000000093500000)
 Metaspace       used 94014K, capacity 96455K, committed 99200K, reserved 1136640K
  class space    used 11236K, capacity 11630K, committed 12160K, reserved 1048576K
}
{Heap before GC invocations=527 (full 4):
 PSYoungGen      total 115712K, used 109152K [0x00000000d5580000, 0x00000000dd000000, 0x0000000100000000)
  eden space 105984K, 100% used [0x00000000d5580000,0x00000000dbd00000,0x00000000dbd00000)
  from space 9728K, 32% used [0x00000000dc680000,0x00000000dc998000,0x00000000dd000000)
  to   space 9728K, 0% used [0x00000000dbd00000,0x00000000dbd00000,0x00000000dc680000)
 ParOldGen       total 316416K, used 69860K [0x0000000080000000, 0x0000000093500000, 0x00000000d5580000)
  object space 316416K, 22% used [0x0000000080000000,0x0000000084439258,0x0000000093500000)
 Metaspace       used 94014K, capacity 96455K, committed 99200K, reserved 1136640K
  class space    used 11236K, capacity 11630K, committed 12160K, reserved 1048576K
2023-04-20T05:23:04.428+0600: 2347856.511: [GC (Allocation Failure) [PSYoungGen: 109152K->3168K(115712K)] 179012K->73044K(432128K), 0.0177741 secs] [Times: user=0.03 sys=0.00, real=0.02 secs] 
Heap after GC invocations=527 (full 4):
 PSYoungGen      total 115712K, used 3168K [0x00000000d5580000, 0x00000000dd080000, 0x0000000100000000)
  eden space 105984K, 0% used [0x00000000d5580000,0x00000000d5580000,0x00000000dbd00000)
  from space 9728K, 32% used [0x00000000dbd00000,0x00000000dc018000,0x00000000dc680000)
  to   space 9728K, 0% used [0x00000000dc700000,0x00000000dc700000,0x00000000dd080000)
 ParOldGen       total 316416K, used 69876K [0x0000000080000000, 0x0000000093500000, 0x00000000d5580000)
  object space 316416K, 22% used [0x0000000080000000,0x000000008443d258,0x0000000093500000)
 Metaspace       used 94014K, capacity 96455K, committed 99200K, reserved 1136640K
  class space    used 11236K, capacity 11630K, committed 12160K, reserved 1048576K
}
{Heap before GC invocations=528 (full 4):
 PSYoungGen      total 115712K, used 109152K [0x00000000d5580000, 0x00000000dd080000, 0x0000000100000000)
  eden space 105984K, 100% used [0x00000000d5580000,0x00000000dbd00000,0x00000000dbd00000)
  from space 9728K, 32% used [0x00000000dbd00000,0x00000000dc018000,0x00000000dc680000)
  to   space 9728K, 0% used [0x00000000dc700000,0x00000000dc700000,0x00000000dd080000)
 ParOldGen       total 316416K, used 69876K [0x0000000080000000, 0x0000000093500000, 0x00000000d5580000)
  object space 316416K, 22% used [0x0000000080000000,0x000000008443d258,0x0000000093500000)
 Metaspace       used 94032K, capacity 96519K, committed 99200K, reserved 1136640K
  class space    used 11236K, capacity 11630K, committed 12160K, reserved 1048576K
2023-04-20T06:57:44.758+0600: 2353536.841: [GC (Allocation Failure) [PSYoungGen: 109152K->3296K(116224K)] 179028K->73196K(432640K), 0.0154614 secs] [Times: user=0.01 sys=0.02, real=0.02 secs] 
Heap after GC invocations=528 (full 4):
 PSYoungGen      total 116224K, used 3296K [0x00000000d5580000, 0x00000000dd080000, 0x0000000100000000)
  eden space 106496K, 0% used [0x00000000d5580000,0x00000000d5580000,0x00000000dbd80000)
  from space 9728K, 33% used [0x00000000dc700000,0x00000000dca38010,0x00000000dd080000)
  to   space 9728K, 0% used [0x00000000dbd80000,0x00000000dbd80000,0x00000000dc700000)
 ParOldGen       total 316416K, used 69900K [0x0000000080000000, 0x0000000093500000, 0x00000000d5580000)
  object space 316416K, 22% used [0x0000000080000000,0x0000000084443258,0x0000000093500000)
 Metaspace       used 94032K, capacity 96519K, committed 99200K, reserved 1136640K
  class space    used 11236K, capacity 11630K, committed 12160K, reserved 1048576K
}
{Heap before GC invocations=529 (full 4):
 PSYoungGen      total 116224K, used 109792K [0x00000000d5580000, 0x00000000dd080000, 0x0000000100000000)
  eden space 106496K, 100% used [0x00000000d5580000,0x00000000dbd80000,0x00000000dbd80000)
  from space 9728K, 33% used [0x00000000dc700000,0x00000000dca38010,0x00000000dd080000)
  to   space 9728K, 0% used [0x00000000dbd80000,0x00000000dbd80000,0x00000000dc700000)
 ParOldGen       total 316416K, used 69900K [0x0000000080000000, 0x0000000093500000, 0x00000000d5580000)
  object space 316416K, 22% used [0x0000000080000000,0x0000000084443258,0x0000000093500000)
 Metaspace       used 94032K, capacity 96519K, committed 99200K, reserved 1136640K
  class space    used 11236K, capacity 11630K, committed 12160K, reserved 1048576K
2023-04-20T08:36:09.838+0600: 2359441.921: [GC (Allocation Failure) [PSYoungGen: 109792K->3104K(116224K)] 179692K->73028K(432640K), 0.0164439 secs] [Times: user=0.01 sys=0.01, real=0.02 secs] 
Heap after GC invocations=529 (full 4):
 PSYoungGen      total 116224K, used 3104K [0x00000000d5580000, 0x00000000dd100000, 0x0000000100000000)
  eden space 106496K, 0% used [0x00000000d5580000,0x00000000d5580000,0x00000000dbd80000)
  from space 9728K, 31% used [0x00000000dbd80000,0x00000000dc088000,0x00000000dc700000)
  to   space 9728K, 0% used [0x00000000dc780000,0x00000000dc780000,0x00000000dd100000)
 ParOldGen       total 316416K, used 69924K [0x0000000080000000, 0x0000000093500000, 0x00000000d5580000)
  object space 316416K, 22% used [0x0000000080000000,0x0000000084449258,0x0000000093500000)
 Metaspace       used 94032K, capacity 96519K, committed 99200K, reserved 1136640K
  class space    used 11236K, capacity 11630K, committed 12160K, reserved 1048576K
}
{Heap before GC invocations=530 (full 4):
 PSYoungGen      total 116224K, used 109600K [0x00000000d5580000, 0x00000000dd100000, 0x0000000100000000)
  eden space 106496K, 100% used [0x00000000d5580000,0x00000000dbd80000,0x00000000dbd80000)
  from space 9728K, 31% used [0x00000000dbd80000,0x00000000dc088000,0x00000000dc700000)
  to   space 9728K, 0% used [0x00000000dc780000,0x00000000dc780000,0x00000000dd100000)
 ParOldGen       total 316416K, used 69924K [0x0000000080000000, 0x0000000093500000, 0x00000000d5580000)
  object space 316416K, 22% used [0x0000000080000000,0x0000000084449258,0x0000000093500000)
 Metaspace       used 94032K, capacity 96519K, committed 99200K, reserved 1136640K
  class space    used 11236K, capacity 11630K, committed 12160K, reserved 1048576K
2023-04-20T10:14:30.295+0600: 2365342.378: [GC (Allocation Failure) [PSYoungGen: 109600K->3104K(115712K)] 179524K->73044K(432128K), 0.0184827 secs] [Times: user=0.03 sys=0.00, real=0.02 secs] 
Heap after GC invocations=530 (full 4):
 PSYoungGen      total 115712K, used 3104K [0x00000000d5580000, 0x00000000dd000000, 0x0000000100000000)
  eden space 107008K, 0% used [0x00000000d5580000,0x00000000d5580000,0x00000000dbe00000)
  from space 8704K, 35% used [0x00000000dc780000,0x00000000dca88000,0x00000000dd000000)
  to   space 9216K, 0% used [0x00000000dbe00000,0x00000000dbe00000,0x00000000dc700000)
 ParOldGen       total 316416K, used 69940K [0x0000000080000000, 0x0000000093500000, 0x00000000d5580000)
  object space 316416K, 22% used [0x0000000080000000,0x000000008444d258,0x0000000093500000)
 Metaspace       used 94032K, capacity 96519K, committed 99200K, reserved 1136640K
  class space    used 11236K, capacity 11630K, committed 12160K, reserved 1048576K
}
{Heap before GC invocations=531 (full 4):
 PSYoungGen      total 115712K, used 110112K [0x00000000d5580000, 0x00000000dd000000, 0x0000000100000000)
  eden space 107008K, 100% used [0x00000000d5580000,0x00000000dbe00000,0x00000000dbe00000)
  from space 8704K, 35% used [0x00000000dc780000,0x00000000dca88000,0x00000000dd000000)
  to   space 9216K, 0% used [0x00000000dbe00000,0x00000000dbe00000,0x00000000dc700000)
 ParOldGen       total 316416K, used 69940K [0x0000000080000000, 0x0000000093500000, 0x00000000d5580000)
  object space 316416K, 22% used [0x0000000080000000,0x000000008444d258,0x0000000093500000)
 Metaspace       used 94032K, capacity 96519K, committed 99200K, reserved 1136640K
  class space    used 11236K, capacity 11630K, committed 12160K, reserved 1048576K
2023-04-20T11:44:59.566+0600: 2370771.649: [GC (Allocation Failure) [PSYoungGen: 110112K->4049K(116224K)] 180052K->74013K(432640K), 0.0180394 secs] [Times: user=0.01 sys=0.01, real=0.02 secs] 
Heap after GC invocations=531 (full 4):
 PSYoungGen      total 116224K, used 4049K [0x00000000d5580000, 0x00000000dd080000, 0x0000000100000000)
  eden space 107008K, 0% used [0x00000000d5580000,0x00000000d5580000,0x00000000dbe00000)
  from space 9216K, 43% used [0x00000000dbe00000,0x00000000dc1f44b0,0x00000000dc700000)
  to   space 9216K, 0% used [0x00000000dc780000,0x00000000dc780000,0x00000000dd080000)
 ParOldGen       total 316416K, used 69964K [0x0000000080000000, 0x0000000093500000, 0x00000000d5580000)
  object space 316416K, 22% used [0x0000000080000000,0x0000000084453258,0x0000000093500000)
 Metaspace       used 94032K, capacity 96519K, committed 99200K, reserved 1136640K
  class space    used 11236K, capacity 11630K, committed 12160K, reserved 1048576K
}
{Heap before GC invocations=532 (full 4):
 PSYoungGen      total 116224K, used 111057K [0x00000000d5580000, 0x00000000dd080000, 0x0000000100000000)
  eden space 107008K, 100% used [0x00000000d5580000,0x00000000dbe00000,0x00000000dbe00000)
  from space 9216K, 43% used [0x00000000dbe00000,0x00000000dc1f44b0,0x00000000dc700000)
  to   space 9216K, 0% used [0x00000000dc780000,0x00000000dc780000,0x00000000dd080000)
 ParOldGen       total 316416K, used 69964K [0x0000000080000000, 0x0000000093500000, 0x00000000d5580000)
  object space 316416K, 22% used [0x0000000080000000,0x0000000084453258,0x0000000093500000)
 Metaspace       used 94049K, capacity 96543K, committed 99200K, reserved 1136640K
  class space    used 11238K, capacity 11634K, committed 12160K, reserved 1048576K
2023-04-20T12:36:29.389+0600: 2373861.471: [GC (Allocation Failure) [PSYoungGen: 111057K->8251K(116224K)] 181021K->78247K(432640K), 0.0190182 secs] [Times: user=0.02 sys=0.02, real=0.02 secs] 
Heap after GC invocations=532 (full 4):
 PSYoungGen      total 116224K, used 8251K [0x00000000d5580000, 0x00000000dd180000, 0x0000000100000000)
  eden space 107008K, 0% used [0x00000000d5580000,0x00000000d5580000,0x00000000dbe00000)
  from space 9216K, 89% used [0x00000000dc780000,0x00000000dcf8eda0,0x00000000dd080000)
  to   space 9728K, 0% used [0x00000000dbe00000,0x00000000dbe00000,0x00000000dc780000)
 ParOldGen       total 316416K, used 69996K [0x0000000080000000, 0x0000000093500000, 0x00000000d5580000)
  object space 316416K, 22% used [0x0000000080000000,0x000000008445b258,0x0000000093500000)
 Metaspace       used 94049K, capacity 96543K, committed 99200K, reserved 1136640K
  class space    used 11238K, capacity 11634K, committed 12160K, reserved 1048576K
}
{Heap before GC invocations=533 (full 4):
 PSYoungGen      total 116224K, used 115259K [0x00000000d5580000, 0x00000000dd180000, 0x0000000100000000)
  eden space 107008K, 100% used [0x00000000d5580000,0x00000000dbe00000,0x00000000dbe00000)
  from space 9216K, 89% used [0x00000000dc780000,0x00000000dcf8eda0,0x00000000dd080000)
  to   space 9728K, 0% used [0x00000000dbe00000,0x00000000dbe00000,0x00000000dc780000)
 ParOldGen       total 316416K, used 69996K [0x0000000080000000, 0x0000000093500000, 0x00000000d5580000)
  object space 316416K, 22% used [0x0000000080000000,0x000000008445b258,0x0000000093500000)
 Metaspace       used 94049K, capacity 96543K, committed 99200K, reserved 1136640K
  class space    used 11238K, capacity 11634K, committed 12160K, reserved 1048576K
2023-04-20T14:02:18.591+0600: 2379010.674: [GC (Allocation Failure) [PSYoungGen: 115259K->4690K(116736K)] 185255K->74711K(433152K), 0.0205294 secs] [Times: user=0.03 sys=0.00, real=0.02 secs] 
Heap after GC invocations=533 (full 4):
 PSYoungGen      total 116736K, used 4690K [0x00000000d5580000, 0x00000000dd180000, 0x0000000100000000)
  eden space 107008K, 0% used [0x00000000d5580000,0x00000000d5580000,0x00000000dbe00000)
  from space 9728K, 48% used [0x00000000dbe00000,0x00000000dc294b70,0x00000000dc780000)
  to   space 9728K, 0% used [0x00000000dc800000,0x00000000dc800000,0x00000000dd180000)
 ParOldGen       total 316416K, used 70020K [0x0000000080000000, 0x0000000093500000, 0x00000000d5580000)
  object space 316416K, 22% used [0x0000000080000000,0x0000000084461258,0x0000000093500000)
 Metaspace       used 94049K, capacity 96543K, committed 99200K, reserved 1136640K
  class space    used 11238K, capacity 11634K, committed 12160K, reserved 1048576K
}
{Heap before GC invocations=534 (full 4):
 PSYoungGen      total 116736K, used 111695K [0x00000000d5580000, 0x00000000dd180000, 0x0000000100000000)
  eden space 107008K, 99% used [0x00000000d5580000,0x00000000dbdff310,0x00000000dbe00000)
  from space 9728K, 48% used [0x00000000dbe00000,0x00000000dc294b70,0x00000000dc780000)
  to   space 9728K, 0% used [0x00000000dc800000,0x00000000dc800000,0x00000000dd180000)
 ParOldGen       total 316416K, used 70020K [0x0000000080000000, 0x0000000093500000, 0x00000000d5580000)
  object space 316416K, 22% used [0x0000000080000000,0x0000000084461258,0x0000000093500000)
 Metaspace       used 94049K, capacity 96543K, committed 99200K, reserved 1136640K
  class space    used 11238K, capacity 11634K, committed 12160K, reserved 1048576K
2023-04-20T15:36:01.834+0600: 2384633.917: [GC (Allocation Failure) [PSYoungGen: 111695K->3840K(116224K)] 181716K->73868K(432640K), 0.0110904 secs] [Times: user=0.01 sys=0.01, real=0.01 secs] 
Heap after GC invocations=534 (full 4):
 PSYoungGen      total 116224K, used 3840K [0x00000000d5580000, 0x00000000dd080000, 0x0000000100000000)
  eden space 107520K, 0% used [0x00000000d5580000,0x00000000d5580000,0x00000000dbe80000)
  from space 8704K, 44% used [0x00000000dc800000,0x00000000dcbc0050,0x00000000dd080000)
  to   space 9216K, 0% used [0x00000000dbe80000,0x00000000dbe80000,0x00000000dc780000)
 ParOldGen       total 316416K, used 70028K [0x0000000080000000, 0x0000000093500000, 0x00000000d5580000)
  object space 316416K, 22% used [0x0000000080000000,0x0000000084463258,0x0000000093500000)
 Metaspace       used 94049K, capacity 96543K, committed 99200K, reserved 1136640K
  class space    used 11238K, capacity 11634K, committed 12160K, reserved 1048576K
}
{Heap before GC invocations=535 (full 4):
 PSYoungGen      total 116224K, used 111360K [0x00000000d5580000, 0x00000000dd080000, 0x0000000100000000)
  eden space 107520K, 100% used [0x00000000d5580000,0x00000000dbe80000,0x00000000dbe80000)
  from space 8704K, 44% used [0x00000000dc800000,0x00000000dcbc0050,0x00000000dd080000)
  to   space 9216K, 0% used [0x00000000dbe80000,0x00000000dbe80000,0x00000000dc780000)
 ParOldGen       total 316416K, used 70028K [0x0000000080000000, 0x0000000093500000, 0x00000000d5580000)
  object space 316416K, 22% used [0x0000000080000000,0x0000000084463258,0x0000000093500000)
 Metaspace       used 94049K, capacity 96543K, committed 99200K, reserved 1136640K
  class space    used 11238K, capacity 11634K, committed 12160K, reserved 1048576K
2023-04-20T17:00:01.281+0600: 2389673.364: [GC (Allocation Failure) [PSYoungGen: 111360K->5293K(116736K)] 181388K->75330K(433152K), 0.0211942 secs] [Times: user=0.02 sys=0.02, real=0.02 secs] 
Heap after GC invocations=535 (full 4):
 PSYoungGen      total 116736K, used 5293K [0x00000000d5580000, 0x00000000dd100000, 0x0000000100000000)
  eden space 107520K, 0% used [0x00000000d5580000,0x00000000d5580000,0x00000000dbe80000)
  from space 9216K, 57% used [0x00000000dbe80000,0x00000000dc3ab5c0,0x00000000dc780000)
  to   space 9216K, 0% used [0x00000000dc800000,0x00000000dc800000,0x00000000dd100000)
 ParOldGen       total 316416K, used 70036K [0x0000000080000000, 0x0000000093500000, 0x00000000d5580000)
  object space 316416K, 22% used [0x0000000080000000,0x0000000084465258,0x0000000093500000)
 Metaspace       used 94049K, capacity 96543K, committed 99200K, reserved 1136640K
  class space    used 11238K, capacity 11634K, committed 12160K, reserved 1048576K
}
{Heap before GC invocations=536 (full 4):
 PSYoungGen      total 116736K, used 112813K [0x00000000d5580000, 0x00000000dd100000, 0x0000000100000000)
  eden space 107520K, 100% used [0x00000000d5580000,0x00000000dbe80000,0x00000000dbe80000)
  from space 9216K, 57% used [0x00000000dbe80000,0x00000000dc3ab5c0,0x00000000dc780000)
  to   space 9216K, 0% used [0x00000000dc800000,0x00000000dc800000,0x00000000dd100000)
 ParOldGen       total 316416K, used 70036K [0x0000000080000000, 0x0000000093500000, 0x00000000d5580000)
  object space 316416K, 22% used [0x0000000080000000,0x0000000084465258,0x0000000093500000)
 Metaspace       used 94049K, capacity 96543K, committed 99200K, reserved 1136640K
  class space    used 11238K, capacity 11634K, committed 12160K, reserved 1048576K
2023-04-20T18:00:40.194+0600: 2393312.277: [GC (Allocation Failure) [PSYoungGen: 112813K->7798K(116736K)] 182850K->77867K(433152K), 0.0156238 secs] [Times: user=0.01 sys=0.01, real=0.02 secs] 
Heap after GC invocations=536 (full 4):
 PSYoungGen      total 116736K, used 7798K [0x00000000d5580000, 0x00000000dd200000, 0x0000000100000000)
  eden space 107520K, 0% used [0x00000000d5580000,0x00000000d5580000,0x00000000dbe80000)
  from space 9216K, 84% used [0x00000000dc800000,0x00000000dcf9db80,0x00000000dd100000)
  to   space 9728K, 0% used [0x00000000dbe80000,0x00000000dbe80000,0x00000000dc800000)
 ParOldGen       total 316416K, used 70068K [0x0000000080000000, 0x0000000093500000, 0x00000000d5580000)
  object space 316416K, 22% used [0x0000000080000000,0x000000008446d258,0x0000000093500000)
 Metaspace       used 94049K, capacity 96543K, committed 99200K, reserved 1136640K
  class space    used 11238K, capacity 11634K, committed 12160K, reserved 1048576K
}
{Heap before GC invocations=537 (full 4):
 PSYoungGen      total 116736K, used 115318K [0x00000000d5580000, 0x00000000dd200000, 0x0000000100000000)
  eden space 107520K, 100% used [0x00000000d5580000,0x00000000dbe80000,0x00000000dbe80000)
  from space 9216K, 84% used [0x00000000dc800000,0x00000000dcf9db80,0x00000000dd100000)
  to   space 9728K, 0% used [0x00000000dbe80000,0x00000000dbe80000,0x00000000dc800000)
 ParOldGen       total 316416K, used 70068K [0x0000000080000000, 0x0000000093500000, 0x00000000d5580000)
  object space 316416K, 22% used [0x0000000080000000,0x000000008446d258,0x0000000093500000)
 Metaspace       used 94049K, capacity 96543K, committed 99200K, reserved 1136640K
  class space    used 11238K, capacity 11634K, committed 12160K, reserved 1048576K
2023-04-20T19:34:55.490+0600: 2398967.572: [GC (Allocation Failure) [PSYoungGen: 115318K->3889K(117248K)] 185387K->73973K(433664K), 0.0180580 secs] [Times: user=0.02 sys=0.02, real=0.01 secs] 
Heap after GC invocations=537 (full 4):
 PSYoungGen      total 117248K, used 3889K [0x00000000d5580000, 0x00000000dd200000, 0x0000000100000000)
  eden space 107520K, 0% used [0x00000000d5580000,0x00000000d5580000,0x00000000dbe80000)
  from space 9728K, 39% used [0x00000000dbe80000,0x00000000dc24c4b0,0x00000000dc800000)
  to   space 9728K, 0% used [0x00000000dc880000,0x00000000dc880000,0x00000000dd200000)
 ParOldGen       total 316416K, used 70084K [0x0000000080000000, 0x0000000093500000, 0x00000000d5580000)
  object space 316416K, 22% used [0x0000000080000000,0x0000000084471258,0x0000000093500000)
 Metaspace       used 94049K, capacity 96543K, committed 99200K, reserved 1136640K
  class space    used 11238K, capacity 11634K, committed 12160K, reserved 1048576K
}
{Heap before GC invocations=538 (full 4):
 PSYoungGen      total 117248K, used 111409K [0x00000000d5580000, 0x00000000dd200000, 0x0000000100000000)
  eden space 107520K, 100% used [0x00000000d5580000,0x00000000dbe80000,0x00000000dbe80000)
  from space 9728K, 39% used [0x00000000dbe80000,0x00000000dc24c4b0,0x00000000dc800000)
  to   space 9728K, 0% used [0x00000000dc880000,0x00000000dc880000,0x00000000dd200000)
 ParOldGen       total 316416K, used 70084K [0x0000000080000000, 0x0000000093500000, 0x00000000d5580000)
  object space 316416K, 22% used [0x0000000080000000,0x0000000084471258,0x0000000093500000)
 Metaspace       used 94065K, capacity 96573K, committed 99200K, reserved 1136640K
  class space    used 11241K, capacity 11639K, committed 12160K, reserved 1048576K
2023-04-20T20:56:53.841+0600: 2403885.924: [GC (Allocation Failure) [PSYoungGen: 111409K->4228K(116736K)] 181493K->74344K(433152K), 0.0153302 secs] [Times: user=0.02 sys=0.00, real=0.01 secs] 
Heap after GC invocations=538 (full 4):
 PSYoungGen      total 116736K, used 4228K [0x00000000d5580000, 0x00000000dd100000, 0x0000000100000000)
  eden space 108032K, 0% used [0x00000000d5580000,0x00000000d5580000,0x00000000dbf00000)
  from space 8704K, 48% used [0x00000000dc880000,0x00000000dcca11a0,0x00000000dd100000)
  to   space 9216K, 0% used [0x00000000dbf00000,0x00000000dbf00000,0x00000000dc800000)
 ParOldGen       total 316416K, used 70116K [0x0000000080000000, 0x0000000093500000, 0x00000000d5580000)
  object space 316416K, 22% used [0x0000000080000000,0x00000000844791a8,0x0000000093500000)
 Metaspace       used 94065K, capacity 96573K, committed 99200K, reserved 1136640K
  class space    used 11241K, capacity 11639K, committed 12160K, reserved 1048576K
}
{Heap before GC invocations=539 (full 4):
 PSYoungGen      total 116736K, used 112260K [0x00000000d5580000, 0x00000000dd100000, 0x0000000100000000)
  eden space 108032K, 100% used [0x00000000d5580000,0x00000000dbf00000,0x00000000dbf00000)
  from space 8704K, 48% used [0x00000000dc880000,0x00000000dcca11a0,0x00000000dd100000)
  to   space 9216K, 0% used [0x00000000dbf00000,0x00000000dbf00000,0x00000000dc800000)
 ParOldGen       total 316416K, used 70116K [0x0000000080000000, 0x0000000093500000, 0x00000000d5580000)
  object space 316416K, 22% used [0x0000000080000000,0x00000000844791a8,0x0000000093500000)
 Metaspace       used 94065K, capacity 96573K, committed 99200K, reserved 1136640K
  class space    used 11241K, capacity 11639K, committed 12160K, reserved 1048576K
2023-04-20T22:36:55.343+0600: 2409887.426: [GC (Allocation Failure) [PSYoungGen: 112260K->3136K(117248K)] 182376K->73284K(433664K), 0.0169086 secs] [Times: user=0.01 sys=0.02, real=0.02 secs] 
Heap after GC invocations=539 (full 4):
 PSYoungGen      total 117248K, used 3136K [0x00000000d5580000, 0x00000000dd180000, 0x0000000100000000)
  eden space 108032K, 0% used [0x00000000d5580000,0x00000000d5580000,0x00000000dbf00000)
  from space 9216K, 34% used [0x00000000dbf00000,0x00000000dc210000,0x00000000dc800000)
  to   space 9216K, 0% used [0x00000000dc880000,0x00000000dc880000,0x00000000dd180000)
 ParOldGen       total 316416K, used 70148K [0x0000000080000000, 0x0000000093500000, 0x00000000d5580000)
  object space 316416K, 22% used [0x0000000080000000,0x00000000844811a8,0x0000000093500000)
 Metaspace       used 94065K, capacity 96573K, committed 99200K, reserved 1136640K
  class space    used 11241K, capacity 11639K, committed 12160K, reserved 1048576K
}
{Heap before GC invocations=540 (full 4):
 PSYoungGen      total 117248K, used 110136K [0x00000000d5580000, 0x00000000dd180000, 0x0000000100000000)
  eden space 108032K, 99% used [0x00000000d5580000,0x00000000dbdfe1f0,0x00000000dbf00000)
  from space 9216K, 34% used [0x00000000dbf00000,0x00000000dc210000,0x00000000dc800000)
  to   space 9216K, 0% used [0x00000000dc880000,0x00000000dc880000,0x00000000dd180000)
 ParOldGen       total 316416K, used 70148K [0x0000000080000000, 0x0000000093500000, 0x00000000d5580000)
  object space 316416K, 22% used [0x0000000080000000,0x00000000844811a8,0x0000000093500000)
 Metaspace       used 94071K, capacity 96573K, committed 99200K, reserved 1136640K
  class space    used 11242K, capacity 11639K, committed 12160K, reserved 1048576K
2023-04-21T00:00:02.082+0600: 2414874.165: [GC (Allocation Failure) [PSYoungGen: 110136K->9154K(116736K)] 180284K->79395K(433152K), 0.0131107 secs] [Times: user=0.01 sys=0.01, real=0.01 secs] 
Heap after GC invocations=540 (full 4):
 PSYoungGen      total 116736K, used 9154K [0x00000000d5580000, 0x00000000dd380000, 0x0000000100000000)
  eden space 107520K, 0% used [0x00000000d5580000,0x00000000d5580000,0x00000000dbe80000)
  from space 9216K, 99% used [0x00000000dc880000,0x00000000dd170820,0x00000000dd180000)
  to   space 10240K, 0% used [0x00000000dbe80000,0x00000000dbe80000,0x00000000dc880000)
 ParOldGen       total 316416K, used 70241K [0x0000000080000000, 0x0000000093500000, 0x00000000d5580000)
  object space 316416K, 22% used [0x0000000080000000,0x0000000084498550,0x0000000093500000)
 Metaspace       used 94071K, capacity 96573K, committed 99200K, reserved 1136640K
  class space    used 11242K, capacity 11639K, committed 12160K, reserved 1048576K
}
{Heap before GC invocations=541 (full 4):
 PSYoungGen      total 116736K, used 115784K [0x00000000d5580000, 0x00000000dd380000, 0x0000000100000000)
  eden space 107520K, 99% used [0x00000000d5580000,0x00000000dbda1b10,0x00000000dbe80000)
  from space 9216K, 99% used [0x00000000dc880000,0x00000000dd170820,0x00000000dd180000)
  to   space 10240K, 0% used [0x00000000dbe80000,0x00000000dbe80000,0x00000000dc880000)
 ParOldGen       total 316416K, used 70241K [0x0000000080000000, 0x0000000093500000, 0x00000000d5580000)
  object space 316416K, 22% used [0x0000000080000000,0x0000000084498550,0x0000000093500000)
 Metaspace       used 94071K, capacity 96573K, committed 99200K, reserved 1136640K
  class space    used 11242K, capacity 11639K, committed 12160K, reserved 1048576K
2023-04-21T00:00:02.676+0600: 2414874.759: [GC (Allocation Failure) [PSYoungGen: 115784K->10194K(117760K)] 186026K->86268K(434176K), 0.0141155 secs] [Times: user=0.02 sys=0.00, real=0.02 secs] 
Heap after GC invocations=541 (full 4):
 PSYoungGen      total 117760K, used 10194K [0x00000000d5580000, 0x00000000dd980000, 0x0000000100000000)
  eden space 107520K, 0% used [0x00000000d5580000,0x00000000d5580000,0x00000000dbe80000)
  from space 10240K, 99% used [0x00000000dbe80000,0x00000000dc874970,0x00000000dc880000)
  to   space 11776K, 0% used [0x00000000dce00000,0x00000000dce00000,0x00000000dd980000)
 ParOldGen       total 316416K, used 76074K [0x0000000080000000, 0x0000000093500000, 0x00000000d5580000)
  object space 316416K, 24% used [0x0000000080000000,0x0000000084a4aa18,0x0000000093500000)
 Metaspace       used 94071K, capacity 96573K, committed 99200K, reserved 1136640K
  class space    used 11242K, capacity 11639K, committed 12160K, reserved 1048576K
}
{Heap before GC invocations=542 (full 4):
 PSYoungGen      total 117760K, used 116773K [0x00000000d5580000, 0x00000000dd980000, 0x0000000100000000)
  eden space 107520K, 99% used [0x00000000d5580000,0x00000000dbd94d58,0x00000000dbe80000)
  from space 10240K, 99% used [0x00000000dbe80000,0x00000000dc874970,0x00000000dc880000)
  to   space 11776K, 0% used [0x00000000dce00000,0x00000000dce00000,0x00000000dd980000)
 ParOldGen       total 316416K, used 76074K [0x0000000080000000, 0x0000000093500000, 0x00000000d5580000)
  object space 316416K, 24% used [0x0000000080000000,0x0000000084a4aa18,0x0000000093500000)
 Metaspace       used 94071K, capacity 96573K, committed 99200K, reserved 1136640K
  class space    used 11242K, capacity 11639K, committed 12160K, reserved 1048576K
2023-04-21T00:00:03.318+0600: 2414875.400: [GC (Allocation Failure) [PSYoungGen: 116773K->10194K(122368K)] 192848K->90054K(438784K), 0.0135928 secs] [Times: user=0.03 sys=0.00, real=0.02 secs] 
Heap after GC invocations=542 (full 4):
 PSYoungGen      total 122368K, used 10194K [0x00000000d5580000, 0x00000000ddd00000, 0x0000000100000000)
  eden space 110592K, 0% used [0x00000000d5580000,0x00000000d5580000,0x00000000dc180000)
  from space 11776K, 86% used [0x00000000dce00000,0x00000000dd7f4970,0x00000000dd980000)
  to   space 12800K, 0% used [0x00000000dc180000,0x00000000dc180000,0x00000000dce00000)
 ParOldGen       total 316416K, used 79859K [0x0000000080000000, 0x0000000093500000, 0x00000000d5580000)
  object space 316416K, 25% used [0x0000000080000000,0x0000000084dfced0,0x0000000093500000)
 Metaspace       used 94071K, capacity 96573K, committed 99200K, reserved 1136640K
  class space    used 11242K, capacity 11639K, committed 12160K, reserved 1048576K
}
{Heap before GC invocations=543 (full 4):
 PSYoungGen      total 122368K, used 120786K [0x00000000d5580000, 0x00000000ddd00000, 0x0000000100000000)
  eden space 110592K, 100% used [0x00000000d5580000,0x00000000dc180000,0x00000000dc180000)
  from space 11776K, 86% used [0x00000000dce00000,0x00000000dd7f4970,0x00000000dd980000)
  to   space 12800K, 0% used [0x00000000dc180000,0x00000000dc180000,0x00000000dce00000)
 ParOldGen       total 316416K, used 79859K [0x0000000080000000, 0x0000000093500000, 0x00000000d5580000)
  object space 316416K, 25% used [0x0000000080000000,0x0000000084dfced0,0x0000000093500000)
 Metaspace       used 94071K, capacity 96573K, committed 99200K, reserved 1136640K
  class space    used 11242K, capacity 11639K, committed 12160K, reserved 1048576K
2023-04-21T00:00:03.725+0600: 2414875.808: [GC (Allocation Failure) [PSYoungGen: 120786K->10569K(123392K)] 200646K->90445K(439808K), 0.0100083 secs] [Times: user=0.01 sys=0.00, real=0.01 secs] 
Heap after GC invocations=543 (full 4):
 PSYoungGen      total 123392K, used 10569K [0x00000000d5580000, 0x00000000de400000, 0x0000000100000000)
  eden space 110592K, 0% used [0x00000000d5580000,0x00000000d5580000,0x00000000dc180000)
  from space 12800K, 82% used [0x00000000dc180000,0x00000000dcbd2698,0x00000000dce00000)
  to   space 13824K, 0% used [0x00000000dd680000,0x00000000dd680000,0x00000000de400000)
 ParOldGen       total 316416K, used 79875K [0x0000000080000000, 0x0000000093500000, 0x00000000d5580000)
  object space 316416K, 25% used [0x0000000080000000,0x0000000084e00ed0,0x0000000093500000)
 Metaspace       used 94071K, capacity 96573K, committed 99200K, reserved 1136640K
  class space    used 11242K, capacity 11639K, committed 12160K, reserved 1048576K
}
{Heap before GC invocations=544 (full 4):
 PSYoungGen      total 123392K, used 119722K [0x00000000d5580000, 0x00000000de400000, 0x0000000100000000)
  eden space 110592K, 98% used [0x00000000d5580000,0x00000000dc018240,0x00000000dc180000)
  from space 12800K, 82% used [0x00000000dc180000,0x00000000dcbd2698,0x00000000dce00000)
  to   space 13824K, 0% used [0x00000000dd680000,0x00000000dd680000,0x00000000de400000)
 ParOldGen       total 316416K, used 79875K [0x0000000080000000, 0x0000000093500000, 0x00000000d5580000)
  object space 316416K, 25% used [0x0000000080000000,0x0000000084e00ed0,0x0000000093500000)
 Metaspace       used 94071K, capacity 96573K, committed 99200K, reserved 1136640K
  class space    used 11242K, capacity 11639K, committed 12160K, reserved 1048576K
2023-04-21T00:00:04.483+0600: 2414876.566: [GC (Allocation Failure) [PSYoungGen: 119722K->6336K(132096K)] 199597K->86212K(448512K), 0.0168997 secs] [Times: user=0.03 sys=0.00, real=0.02 secs] 
Heap after GC invocations=544 (full 4):
 PSYoungGen      total 132096K, used 6336K [0x00000000d5580000, 0x00000000de380000, 0x0000000100000000)
  eden space 118784K, 0% used [0x00000000d5580000,0x00000000d5580000,0x00000000dc980000)
  from space 13312K, 47% used [0x00000000dd680000,0x00000000ddcb01f0,0x00000000de380000)
  to   space 13312K, 0% used [0x00000000dc980000,0x00000000dc980000,0x00000000dd680000)
 ParOldGen       total 316416K, used 79875K [0x0000000080000000, 0x0000000093500000, 0x00000000d5580000)
  object space 316416K, 25% used [0x0000000080000000,0x0000000084e00ed0,0x0000000093500000)
 Metaspace       used 94071K, capacity 96573K, committed 99200K, reserved 1136640K
  class space    used 11242K, capacity 11639K, committed 12160K, reserved 1048576K
}
{Heap before GC invocations=545 (full 4):
 PSYoungGen      total 132096K, used 121827K [0x00000000d5580000, 0x00000000de380000, 0x0000000100000000)
  eden space 118784K, 97% used [0x00000000d5580000,0x00000000dc648be0,0x00000000dc980000)
  from space 13312K, 47% used [0x00000000dd680000,0x00000000ddcb01f0,0x00000000de380000)
  to   space 13312K, 0% used [0x00000000dc980000,0x00000000dc980000,0x00000000dd680000)
 ParOldGen       total 316416K, used 79875K [0x0000000080000000, 0x0000000093500000, 0x00000000d5580000)
  object space 316416K, 25% used [0x0000000080000000,0x0000000084e00ed0,0x0000000093500000)
 Metaspace       used 94071K, capacity 96573K, committed 99200K, reserved 1136640K
  class space    used 11242K, capacity 11639K, committed 12160K, reserved 1048576K
2023-04-21T00:00:05.079+0600: 2414877.162: [GC (Allocation Failure) [PSYoungGen: 121827K->11145K(132096K)] 201703K->94814K(448512K), 0.0140247 secs] [Times: user=0.02 sys=0.00, real=0.02 secs] 
Heap after GC invocations=545 (full 4):
 PSYoungGen      total 132096K, used 11145K [0x00000000d5580000, 0x00000000def00000, 0x0000000100000000)
  eden space 118784K, 0% used [0x00000000d5580000,0x00000000d5580000,0x00000000dc980000)
  from space 13312K, 83% used [0x00000000dc980000,0x00000000dd4626a8,0x00000000dd680000)
  to   space 14336K, 0% used [0x00000000de100000,0x00000000de100000,0x00000000def00000)
 ParOldGen       total 316416K, used 83668K [0x0000000080000000, 0x0000000093500000, 0x00000000d5580000)
  object space 316416K, 26% used [0x0000000080000000,0x00000000851b5388,0x0000000093500000)
 Metaspace       used 94071K, capacity 96573K, committed 99200K, reserved 1136640K
  class space    used 11242K, capacity 11639K, committed 12160K, reserved 1048576K
}
{Heap before GC invocations=546 (full 4):
 PSYoungGen      total 132096K, used 128820K [0x00000000d5580000, 0x00000000def00000, 0x0000000100000000)
  eden space 118784K, 99% used [0x00000000d5580000,0x00000000dc86aab8,0x00000000dc980000)
  from space 13312K, 83% used [0x00000000dc980000,0x00000000dd4626a8,0x00000000dd680000)
  to   space 14336K, 0% used [0x00000000de100000,0x00000000de100000,0x00000000def00000)
 ParOldGen       total 316416K, used 83668K [0x0000000080000000, 0x0000000093500000, 0x00000000d5580000)
  object space 316416K, 26% used [0x0000000080000000,0x00000000851b5388,0x0000000093500000)
 Metaspace       used 94071K, capacity 96573K, committed 99200K, reserved 1136640K
  class space    used 11242K, capacity 11639K, committed 12160K, reserved 1048576K
2023-04-21T00:00:05.775+0600: 2414877.858: [GC (Allocation Failure) [PSYoungGen: 128820K->12850K(141312K)] 212489K->102389K(457728K), 0.0153446 secs] [Times: user=0.03 sys=0.00, real=0.02 secs] 
Heap after GC invocations=546 (full 4):
 PSYoungGen      total 141312K, used 12850K [0x00000000d5580000, 0x00000000df200000, 0x0000000100000000)
  eden space 126976K, 0% used [0x00000000d5580000,0x00000000d5580000,0x00000000dd180000)
  from space 14336K, 89% used [0x00000000de100000,0x00000000ded8cb50,0x00000000def00000)
  to   space 15872K, 0% used [0x00000000dd180000,0x00000000dd180000,0x00000000de100000)
 ParOldGen       total 316416K, used 89538K [0x0000000080000000, 0x0000000093500000, 0x00000000d5580000)
  object space 316416K, 28% used [0x0000000080000000,0x0000000085770bf0,0x0000000093500000)
 Metaspace       used 94071K, capacity 96573K, committed 99200K, reserved 1136640K
  class space    used 11242K, capacity 11639K, committed 12160K, reserved 1048576K
}
{Heap before GC invocations=547 (full 4):
 PSYoungGen      total 141312K, used 139826K [0x00000000d5580000, 0x00000000df200000, 0x0000000100000000)
  eden space 126976K, 100% used [0x00000000d5580000,0x00000000dd180000,0x00000000dd180000)
  from space 14336K, 89% used [0x00000000de100000,0x00000000ded8cb50,0x00000000def00000)
  to   space 15872K, 0% used [0x00000000dd180000,0x00000000dd180000,0x00000000de100000)
 ParOldGen       total 316416K, used 89538K [0x0000000080000000, 0x0000000093500000, 0x00000000d5580000)
  object space 316416K, 28% used [0x0000000080000000,0x0000000085770bf0,0x0000000093500000)
 Metaspace       used 94071K, capacity 96573K, committed 99200K, reserved 1136640K
  class space    used 11242K, capacity 11639K, committed 12160K, reserved 1048576K
2023-04-21T00:00:06.143+0600: 2414878.226: [GC (Allocation Failure) [PSYoungGen: 139826K->10729K(142848K)] 229365K->100470K(459264K), 0.0092824 secs] [Times: user=0.01 sys=0.00, real=0.01 secs] 
Heap after GC invocations=547 (full 4):
 PSYoungGen      total 142848K, used 10729K [0x00000000d5580000, 0x00000000dfb80000, 0x0000000100000000)
  eden space 126976K, 0% used [0x00000000d5580000,0x00000000d5580000,0x00000000dd180000)
  from space 15872K, 67% used [0x00000000dd180000,0x00000000ddbfa698,0x00000000de100000)
  to   space 15872K, 0% used [0x00000000dec00000,0x00000000dec00000,0x00000000dfb80000)
 ParOldGen       total 316416K, used 89740K [0x0000000080000000, 0x0000000093500000, 0x00000000d5580000)
  object space 316416K, 28% used [0x0000000080000000,0x00000000857a3340,0x0000000093500000)
 Metaspace       used 94071K, capacity 96573K, committed 99200K, reserved 1136640K
  class space    used 11242K, capacity 11639K, committed 12160K, reserved 1048576K
}
{Heap before GC invocations=548 (full 4):
 PSYoungGen      total 142848K, used 135352K [0x00000000d5580000, 0x00000000dfb80000, 0x0000000100000000)
  eden space 126976K, 98% used [0x00000000d5580000,0x00000000dcf33c10,0x00000000dd180000)
  from space 15872K, 67% used [0x00000000dd180000,0x00000000ddbfa698,0x00000000de100000)
  to   space 15872K, 0% used [0x00000000dec00000,0x00000000dec00000,0x00000000dfb80000)
 ParOldGen       total 316416K, used 89740K [0x0000000080000000, 0x0000000093500000, 0x00000000d5580000)
  object space 316416K, 28% used [0x0000000080000000,0x00000000857a3340,0x0000000093500000)
 Metaspace       used 94071K, capacity 96573K, committed 99200K, reserved 1136640K
  class space    used 11242K, capacity 11639K, committed 12160K, reserved 1048576K
2023-04-21T00:00:07.129+0600: 2414879.212: [GC (Allocation Failure) [PSYoungGen: 135352K->14642K(152064K)] 225093K->108242K(468480K), 0.0206908 secs] [Times: user=0.04 sys=0.00, real=0.03 secs] 
Heap after GC invocations=548 (full 4):
 PSYoungGen      total 152064K, used 14642K [0x00000000d5580000, 0x00000000dff80000, 0x0000000100000000)
  eden space 136192K, 0% used [0x00000000d5580000,0x00000000d5580000,0x00000000dda80000)
  from space 15872K, 92% used [0x00000000dec00000,0x00000000dfa4cb60,0x00000000dfb80000)
  to   space 17920K, 0% used [0x00000000dda80000,0x00000000dda80000,0x00000000dec00000)
 ParOldGen       total 316416K, used 93599K [0x0000000080000000, 0x0000000093500000, 0x00000000d5580000)
  object space 316416K, 29% used [0x0000000080000000,0x0000000085b67f48,0x0000000093500000)
 Metaspace       used 94071K, capacity 96573K, committed 99200K, reserved 1136640K
  class space    used 11242K, capacity 11639K, committed 12160K, reserved 1048576K
}
{Heap before GC invocations=549 (full 4):
 PSYoungGen      total 152064K, used 148658K [0x00000000d5580000, 0x00000000dff80000, 0x0000000100000000)
  eden space 136192K, 98% used [0x00000000d5580000,0x00000000dd85fec0,0x00000000dda80000)
  from space 15872K, 92% used [0x00000000dec00000,0x00000000dfa4cb60,0x00000000dfb80000)
  to   space 17920K, 0% used [0x00000000dda80000,0x00000000dda80000,0x00000000dec00000)
 ParOldGen       total 316416K, used 93599K [0x0000000080000000, 0x0000000093500000, 0x00000000d5580000)
  object space 316416K, 29% used [0x0000000080000000,0x0000000085b67f48,0x0000000093500000)
 Metaspace       used 94071K, capacity 96573K, committed 99200K, reserved 1136640K
  class space    used 11242K, capacity 11639K, committed 12160K, reserved 1048576K
2023-04-21T00:00:07.914+0600: 2414879.997: [GC (Allocation Failure) [PSYoungGen: 148658K->14642K(154112K)] 242258K->108271K(470528K), 0.0143580 secs] [Times: user=0.03 sys=0.00, real=0.01 secs] 
Heap after GC invocations=549 (full 4):
 PSYoungGen      total 154112K, used 14642K [0x00000000d5580000, 0x00000000e0b00000, 0x0000000100000000)
  eden space 136192K, 0% used [0x00000000d5580000,0x00000000d5580000,0x00000000dda80000)
  from space 17920K, 81% used [0x00000000dda80000,0x00000000de8ccb60,0x00000000dec00000)
  to   space 18944K, 0% used [0x00000000df880000,0x00000000df880000,0x00000000e0b00000)
 ParOldGen       total 316416K, used 93628K [0x0000000080000000, 0x0000000093500000, 0x00000000d5580000)
  object space 316416K, 29% used [0x0000000080000000,0x0000000085b6f310,0x0000000093500000)
 Metaspace       used 94071K, capacity 96573K, committed 99200K, reserved 1136640K
  class space    used 11242K, capacity 11639K, committed 12160K, reserved 1048576K
}
{Heap before GC invocations=550 (full 4):
 PSYoungGen      total 154112K, used 150834K [0x00000000d5580000, 0x00000000e0b00000, 0x0000000100000000)
  eden space 136192K, 100% used [0x00000000d5580000,0x00000000dda80000,0x00000000dda80000)
  from space 17920K, 81% used [0x00000000dda80000,0x00000000de8ccb60,0x00000000dec00000)
  to   space 18944K, 0% used [0x00000000df880000,0x00000000df880000,0x00000000e0b00000)
 ParOldGen       total 316416K, used 93628K [0x0000000080000000, 0x0000000093500000, 0x00000000d5580000)
  object space 316416K, 29% used [0x0000000080000000,0x0000000085b6f310,0x0000000093500000)
 Metaspace       used 94071K, capacity 96573K, committed 99200K, reserved 1136640K
  class space    used 11242K, capacity 11639K, committed 12160K, reserved 1048576K
2023-04-21T00:00:08.439+0600: 2414880.522: [GC (Allocation Failure) [PSYoungGen: 150834K->12361K(166400K)] 244463K->106046K(482816K), 0.0139391 secs] [Times: user=0.03 sys=0.00, real=0.01 secs] 
Heap after GC invocations=550 (full 4):
 PSYoungGen      total 166400K, used 12361K [0x00000000d5580000, 0x00000000e0c80000, 0x0000000100000000)
  eden space 147456K, 0% used [0x00000000d5580000,0x00000000d5580000,0x00000000de580000)
  from space 18944K, 65% used [0x00000000df880000,0x00000000e04926a8,0x00000000e0b00000)
  to   space 19456K, 0% used [0x00000000de580000,0x00000000de580000,0x00000000df880000)
 ParOldGen       total 316416K, used 93684K [0x0000000080000000, 0x0000000093500000, 0x00000000d5580000)
  object space 316416K, 29% used [0x0000000080000000,0x0000000085b7d310,0x0000000093500000)
 Metaspace       used 94071K, capacity 96573K, committed 99200K, reserved 1136640K
  class space    used 11242K, capacity 11639K, committed 12160K, reserved 1048576K
}
{Heap before GC invocations=551 (full 4):
 PSYoungGen      total 166400K, used 159393K [0x00000000d5580000, 0x00000000e0c80000, 0x0000000100000000)
  eden space 147456K, 99% used [0x00000000d5580000,0x00000000de515fe0,0x00000000de580000)
  from space 18944K, 65% used [0x00000000df880000,0x00000000e04926a8,0x00000000e0b00000)
  to   space 19456K, 0% used [0x00000000de580000,0x00000000de580000,0x00000000df880000)
 ParOldGen       total 316416K, used 93684K [0x0000000080000000, 0x0000000093500000, 0x00000000d5580000)
  object space 316416K, 29% used [0x0000000080000000,0x0000000085b7d310,0x0000000093500000)
 Metaspace       used 94080K, capacity 96573K, committed 99200K, reserved 1136640K
  class space    used 11242K, capacity 11639K, committed 12160K, reserved 1048576K
2023-04-21T00:00:10.331+0600: 2414882.414: [GC (Allocation Failure) [PSYoungGen: 159393K->11306K(166912K)] 253078K->105100K(483328K), 0.0135326 secs] [Times: user=0.03 sys=0.00, real=0.01 secs] 
Heap after GC invocations=551 (full 4):
 PSYoungGen      total 166912K, used 11306K [0x00000000d5580000, 0x00000000e1600000, 0x0000000100000000)
  eden space 147456K, 0% used [0x00000000d5580000,0x00000000d5580000,0x00000000de580000)
  from space 19456K, 58% used [0x00000000de580000,0x00000000df08ab68,0x00000000df880000)
  to   space 18944K, 0% used [0x00000000e0380000,0x00000000e0380000,0x00000000e1600000)
 ParOldGen       total 316416K, used 93793K [0x0000000080000000, 0x0000000093500000, 0x00000000d5580000)
  object space 316416K, 29% used [0x0000000080000000,0x0000000085b984a8,0x0000000093500000)
 Metaspace       used 94080K, capacity 96573K, committed 99200K, reserved 1136640K
  class space    used 11242K, capacity 11639K, committed 12160K, reserved 1048576K
}
{Heap before GC invocations=552 (full 4):
 PSYoungGen      total 166912K, used 156512K [0x00000000d5580000, 0x00000000e1600000, 0x0000000100000000)
  eden space 147456K, 98% used [0x00000000d5580000,0x00000000de34d4a0,0x00000000de580000)
  from space 19456K, 58% used [0x00000000de580000,0x00000000df08ab68,0x00000000df880000)
  to   space 18944K, 0% used [0x00000000e0380000,0x00000000e0380000,0x00000000e1600000)
 ParOldGen       total 316416K, used 93793K [0x0000000080000000, 0x0000000093500000, 0x00000000d5580000)
  object space 316416K, 29% used [0x0000000080000000,0x0000000085b984a8,0x0000000093500000)
 Metaspace       used 94080K, capacity 96573K, committed 99200K, reserved 1136640K
  class space    used 11242K, capacity 11639K, committed 12160K, reserved 1048576K
2023-04-21T00:00:11.116+0600: 2414883.198: [GC (Allocation Failure) [PSYoungGen: 156512K->14770K(177152K)] 250305K->108641K(493568K), 0.0154989 secs] [Times: user=0.03 sys=0.00, real=0.02 secs] 
Heap after GC invocations=552 (full 4):
 PSYoungGen      total 177152K, used 14770K [0x00000000d5580000, 0x00000000e1880000, 0x0000000100000000)
  eden space 158208K, 0% used [0x00000000d5580000,0x00000000d5580000,0x00000000df000000)
  from space 18944K, 77% used [0x00000000e0380000,0x00000000e11ecba0,0x00000000e1600000)
  to   space 19968K, 0% used [0x00000000df000000,0x00000000df000000,0x00000000e0380000)
 ParOldGen       total 316416K, used 93870K [0x0000000080000000, 0x0000000093500000, 0x00000000d5580000)
  object space 316416K, 29% used [0x0000000080000000,0x0000000085bab890,0x0000000093500000)
 Metaspace       used 94080K, capacity 96573K, committed 99200K, reserved 1136640K
  class space    used 11242K, capacity 11639K, committed 12160K, reserved 1048576K
}
{Heap before GC invocations=553 (full 4):
 PSYoungGen      total 177152K, used 172978K [0x00000000d5580000, 0x00000000e1880000, 0x0000000100000000)
  eden space 158208K, 100% used [0x00000000d5580000,0x00000000df000000,0x00000000df000000)
  from space 18944K, 77% used [0x00000000e0380000,0x00000000e11ecba0,0x00000000e1600000)
  to   space 19968K, 0% used [0x00000000df000000,0x00000000df000000,0x00000000e0380000)
 ParOldGen       total 316416K, used 93870K [0x0000000080000000, 0x0000000093500000, 0x00000000d5580000)
  object space 316416K, 29% used [0x0000000080000000,0x0000000085bab890,0x0000000093500000)
 Metaspace       used 94080K, capacity 96573K, committed 99200K, reserved 1136640K
  class space    used 11242K, capacity 11639K, committed 12160K, reserved 1048576K
2023-04-21T00:00:11.763+0600: 2414883.846: [GC (Allocation Failure) [PSYoungGen: 172978K->13033K(178176K)] 266849K->106951K(494592K), 0.0099962 secs] [Times: user=0.02 sys=0.00, real=0.01 secs] 
Heap after GC invocations=553 (full 4):
 PSYoungGen      total 178176K, used 13033K [0x00000000d5580000, 0x00000000e2380000, 0x0000000100000000)
  eden space 158208K, 0% used [0x00000000d5580000,0x00000000d5580000,0x00000000df000000)
  from space 19968K, 65% used [0x00000000df000000,0x00000000dfcba6e8,0x00000000e0380000)
  to   space 19968K, 0% used [0x00000000e1000000,0x00000000e1000000,0x00000000e2380000)
 ParOldGen       total 316416K, used 93918K [0x0000000080000000, 0x0000000093500000, 0x00000000d5580000)
  object space 316416K, 29% used [0x0000000080000000,0x0000000085bb7890,0x0000000093500000)
 Metaspace       used 94080K, capacity 96573K, committed 99200K, reserved 1136640K
  class space    used 11242K, capacity 11639K, committed 12160K, reserved 1048576K
}
{Heap before GC invocations=554 (full 4):
 PSYoungGen      total 178176K, used 168844K [0x00000000d5580000, 0x00000000e2380000, 0x0000000100000000)
  eden space 158208K, 98% used [0x00000000d5580000,0x00000000deda8af0,0x00000000df000000)
  from space 19968K, 65% used [0x00000000df000000,0x00000000dfcba6e8,0x00000000e0380000)
  to   space 19968K, 0% used [0x00000000e1000000,0x00000000e1000000,0x00000000e2380000)
 ParOldGen       total 316416K, used 93918K [0x0000000080000000, 0x0000000093500000, 0x00000000d5580000)
  object space 316416K, 29% used [0x0000000080000000,0x0000000085bb7890,0x0000000093500000)
 Metaspace       used 94082K, capacity 96573K, committed 99200K, reserved 1136640K
  class space    used 11242K, capacity 11639K, committed 12160K, reserved 1048576K
2023-04-21T00:00:12.631+0600: 2414884.714: [GC (Allocation Failure) [PSYoungGen: 168844K->18780K(188928K)] 262762K->112706K(505344K), 0.0244039 secs] [Times: user=0.07 sys=0.00, real=0.02 secs] 
Heap after GC invocations=554 (full 4):
 PSYoungGen      total 188928K, used 18780K [0x00000000d5580000, 0x00000000e2880000, 0x0000000100000000)
  eden space 168960K, 0% used [0x00000000d5580000,0x00000000d5580000,0x00000000dfa80000)
  from space 19968K, 94% used [0x00000000e1000000,0x00000000e2257068,0x00000000e2380000)
  to   space 22016K, 0% used [0x00000000dfa80000,0x00000000dfa80000,0x00000000e1000000)
 ParOldGen       total 316416K, used 93926K [0x0000000080000000, 0x0000000093500000, 0x00000000d5580000)
  object space 316416K, 29% used [0x0000000080000000,0x0000000085bb9890,0x0000000093500000)
 Metaspace       used 94082K, capacity 96573K, committed 99200K, reserved 1136640K
  class space    used 11242K, capacity 11639K, committed 12160K, reserved 1048576K
}
{Heap before GC invocations=555 (full 4):
 PSYoungGen      total 188928K, used 186231K [0x00000000d5580000, 0x00000000e2880000, 0x0000000100000000)
  eden space 168960K, 99% used [0x00000000d5580000,0x00000000df906df8,0x00000000dfa80000)
  from space 19968K, 94% used [0x00000000e1000000,0x00000000e2257068,0x00000000e2380000)
  to   space 22016K, 0% used [0x00000000dfa80000,0x00000000dfa80000,0x00000000e1000000)
 ParOldGen       total 316416K, used 93926K [0x0000000080000000, 0x0000000093500000, 0x00000000d5580000)
  object space 316416K, 29% used [0x0000000080000000,0x0000000085bb9890,0x0000000093500000)
 Metaspace       used 94082K, capacity 96573K, committed 99200K, reserved 1136640K
  class space    used 11242K, capacity 11639K, committed 12160K, reserved 1048576K
2023-04-21T00:00:13.612+0600: 2414885.695: [GC (Allocation Failure) [PSYoungGen: 186231K->16764K(190976K)] 280157K->112571K(507392K), 0.0153579 secs] [Times: user=0.02 sys=0.00, real=0.01 secs] 
Heap after GC invocations=555 (full 4):
 PSYoungGen      total 190976K, used 16764K [0x00000000d5580000, 0x00000000e3500000, 0x0000000100000000)
  eden space 168960K, 0% used [0x00000000d5580000,0x00000000d5580000,0x00000000dfa80000)
  from space 22016K, 76% used [0x00000000dfa80000,0x00000000e0adf068,0x00000000e1000000)
  to   space 23040K, 0% used [0x00000000e1e80000,0x00000000e1e80000,0x00000000e3500000)
 ParOldGen       total 316416K, used 95807K [0x0000000080000000, 0x0000000093500000, 0x00000000d5580000)
  object space 316416K, 30% used [0x0000000080000000,0x0000000085d8fe40,0x0000000093500000)
 Metaspace       used 94082K, capacity 96573K, committed 99200K, reserved 1136640K
  class space    used 11242K, capacity 11639K, committed 12160K, reserved 1048576K
}
{Heap before GC invocations=556 (full 4):
 PSYoungGen      total 190976K, used 185724K [0x00000000d5580000, 0x00000000e3500000, 0x0000000100000000)
  eden space 168960K, 100% used [0x00000000d5580000,0x00000000dfa80000,0x00000000dfa80000)
  from space 22016K, 76% used [0x00000000dfa80000,0x00000000e0adf068,0x00000000e1000000)
  to   space 23040K, 0% used [0x00000000e1e80000,0x00000000e1e80000,0x00000000e3500000)
 ParOldGen       total 316416K, used 95807K [0x0000000080000000, 0x0000000093500000, 0x00000000d5580000)
  object space 316416K, 30% used [0x0000000080000000,0x0000000085d8fe40,0x0000000093500000)
 Metaspace       used 94082K, capacity 96573K, committed 99200K, reserved 1136640K
  class space    used 11242K, capacity 11639K, committed 12160K, reserved 1048576K
2023-04-21T00:00:14.192+0600: 2414886.275: [GC (Allocation Failure) [PSYoungGen: 185724K->11273K(203776K)] 281531K->107081K(520192K), 0.0095036 secs] [Times: user=0.02 sys=0.00, real=0.01 secs] 
Heap after GC invocations=556 (full 4):
 PSYoungGen      total 203776K, used 11273K [0x00000000d5580000, 0x00000000e3300000, 0x0000000100000000)
  eden space 182784K, 0% used [0x00000000d5580000,0x00000000d5580000,0x00000000e0800000)
  from space 20992K, 53% used [0x00000000e1e80000,0x00000000e2982708,0x00000000e3300000)
  to   space 22016K, 0% used [0x00000000e0800000,0x00000000e0800000,0x00000000e1d80000)
 ParOldGen       total 316416K, used 95807K [0x0000000080000000, 0x0000000093500000, 0x00000000d5580000)
  object space 316416K, 30% used [0x0000000080000000,0x0000000085d8fe40,0x0000000093500000)
 Metaspace       used 94082K, capacity 96573K, committed 99200K, reserved 1136640K
  class space    used 11242K, capacity 11639K, committed 12160K, reserved 1048576K
}
{Heap before GC invocations=557 (full 4):
 PSYoungGen      total 203776K, used 191914K [0x00000000d5580000, 0x00000000e3300000, 0x0000000100000000)
  eden space 182784K, 98% used [0x00000000d5580000,0x00000000e05e8398,0x00000000e0800000)
  from space 20992K, 53% used [0x00000000e1e80000,0x00000000e2982708,0x00000000e3300000)
  to   space 22016K, 0% used [0x00000000e0800000,0x00000000e0800000,0x00000000e1d80000)
 ParOldGen       total 316416K, used 95807K [0x0000000080000000, 0x0000000093500000, 0x00000000d5580000)
  object space 316416K, 30% used [0x0000000080000000,0x0000000085d8fe40,0x0000000093500000)
 Metaspace       used 94083K, capacity 96573K, committed 99200K, reserved 1136640K
  class space    used 11242K, capacity 11639K, committed 12160K, reserved 1048576K
2023-04-21T00:00:15.360+0600: 2414887.443: [GC (Allocation Failure) [PSYoungGen: 191914K->16956K(204800K)] 287722K->112763K(521216K), 0.0143121 secs] [Times: user=0.02 sys=0.00, real=0.01 secs] 
Heap after GC invocations=557 (full 4):
 PSYoungGen      total 204800K, used 16956K [0x00000000d5580000, 0x00000000e4300000, 0x0000000100000000)
  eden space 182784K, 0% used [0x00000000d5580000,0x00000000d5580000,0x00000000e0800000)
  from space 22016K, 77% used [0x00000000e0800000,0x00000000e188f078,0x00000000e1d80000)
  to   space 23040K, 0% used [0x00000000e2c80000,0x00000000e2c80000,0x00000000e4300000)
 ParOldGen       total 316416K, used 95807K [0x0000000080000000, 0x0000000093500000, 0x00000000d5580000)
  object space 316416K, 30% used [0x0000000080000000,0x0000000085d8fe40,0x0000000093500000)
 Metaspace       used 94083K, capacity 96573K, committed 99200K, reserved 1136640K
  class space    used 11242K, capacity 11639K, committed 12160K, reserved 1048576K
}
{Heap before GC invocations=558 (full 4):
 PSYoungGen      total 204800K, used 199054K [0x00000000d5580000, 0x00000000e4300000, 0x0000000100000000)
  eden space 182784K, 99% used [0x00000000d5580000,0x00000000e07547c8,0x00000000e0800000)
  from space 22016K, 77% used [0x00000000e0800000,0x00000000e188f078,0x00000000e1d80000)
  to   space 23040K, 0% used [0x00000000e2c80000,0x00000000e2c80000,0x00000000e4300000)
 ParOldGen       total 316416K, used 95807K [0x0000000080000000, 0x0000000093500000, 0x00000000d5580000)
  object space 316416K, 30% used [0x0000000080000000,0x0000000085d8fe40,0x0000000093500000)
 Metaspace       used 94083K, capacity 96573K, committed 99200K, reserved 1136640K
  class space    used 11242K, capacity 11639K, committed 12160K, reserved 1048576K
2023-04-21T00:00:16.318+0600: 2414888.401: [GC (Allocation Failure) [PSYoungGen: 199054K->18437K(219136K)] 294861K->116390K(535552K), 0.0236598 secs] [Times: user=0.05 sys=0.00, real=0.03 secs] 
Heap after GC invocations=558 (full 4):
 PSYoungGen      total 219136K, used 18437K [0x00000000d5580000, 0x00000000e4580000, 0x0000000100000000)
  eden space 196096K, 0% used [0x00000000d5580000,0x00000000d5580000,0x00000000e1500000)
  from space 23040K, 80% used [0x00000000e2c80000,0x00000000e3e81628,0x00000000e4300000)
  to   space 24064K, 0% used [0x00000000e1500000,0x00000000e1500000,0x00000000e2c80000)
 ParOldGen       total 316416K, used 97953K [0x0000000080000000, 0x0000000093500000, 0x00000000d5580000)
  object space 316416K, 30% used [0x0000000080000000,0x0000000085fa85c0,0x0000000093500000)
 Metaspace       used 94083K, capacity 96573K, committed 99200K, reserved 1136640K
  class space    used 11242K, capacity 11639K, committed 12160K, reserved 1048576K
}
{Heap before GC invocations=559 (full 4):
 PSYoungGen      total 219136K, used 211235K [0x00000000d5580000, 0x00000000e4580000, 0x0000000100000000)
  eden space 196096K, 98% used [0x00000000d5580000,0x00000000e11c79c8,0x00000000e1500000)
  from space 23040K, 80% used [0x00000000e2c80000,0x00000000e3e81628,0x00000000e4300000)
  to   space 24064K, 0% used [0x00000000e1500000,0x00000000e1500000,0x00000000e2c80000)
 ParOldGen       total 316416K, used 97953K [0x0000000080000000, 0x0000000093500000, 0x00000000d5580000)
  object space 316416K, 30% used [0x0000000080000000,0x0000000085fa85c0,0x0000000093500000)
 Metaspace       used 94084K, capacity 96573K, committed 99200K, reserved 1136640K
  class space    used 11242K, capacity 11639K, committed 12160K, reserved 1048576K
2023-04-21T00:00:17.304+0600: 2414889.387: [GC (Allocation Failure) [PSYoungGen: 211235K->10674K(220160K)] 309189K->108875K(536576K), 0.0136287 secs] [Times: user=0.02 sys=0.00, real=0.01 secs] 
Heap after GC invocations=559 (full 4):
 PSYoungGen      total 220160K, used 10674K [0x00000000d5580000, 0x00000000e5200000, 0x0000000100000000)
  eden space 196096K, 0% used [0x00000000d5580000,0x00000000d5580000,0x00000000e1500000)
  from space 24064K, 44% used [0x00000000e1500000,0x00000000e1f6c9e0,0x00000000e2c80000)
  to   space 23552K, 0% used [0x00000000e3b00000,0x00000000e3b00000,0x00000000e5200000)
 ParOldGen       total 316416K, used 98201K [0x0000000080000000, 0x0000000093500000, 0x00000000d5580000)
  object space 316416K, 31% used [0x0000000080000000,0x0000000085fe65a0,0x0000000093500000)
 Metaspace       used 94084K, capacity 96573K, committed 99200K, reserved 1136640K
  class space    used 11242K, capacity 11639K, committed 12160K, reserved 1048576K
}
{Heap before GC invocations=560 (full 4):
 PSYoungGen      total 220160K, used 205112K [0x00000000d5580000, 0x00000000e5200000, 0x0000000100000000)
  eden space 196096K, 99% used [0x00000000d5580000,0x00000000e1361770,0x00000000e1500000)
  from space 24064K, 44% used [0x00000000e1500000,0x00000000e1f6c9e0,0x00000000e2c80000)
  to   space 23552K, 0% used [0x00000000e3b00000,0x00000000e3b00000,0x00000000e5200000)
 ParOldGen       total 316416K, used 98201K [0x0000000080000000, 0x0000000093500000, 0x00000000d5580000)
  object space 316416K, 31% used [0x0000000080000000,0x0000000085fe65a0,0x0000000093500000)
 Metaspace       used 94084K, capacity 96573K, committed 99200K, reserved 1136640K
  class space    used 11242K, capacity 11639K, committed 12160K, reserved 1048576K
2023-04-21T00:00:18.450+0600: 2414890.533: [GC (Allocation Failure) [PSYoungGen: 205112K->14427K(233984K)] 303313K->112629K(550400K), 0.0180505 secs] [Times: user=0.04 sys=0.00, real=0.01 secs] 
Heap after GC invocations=560 (full 4):
 PSYoungGen      total 233984K, used 14427K [0x00000000d5580000, 0x00000000e5100000, 0x0000000100000000)
  eden space 211456K, 0% used [0x00000000d5580000,0x00000000d5580000,0x00000000e2400000)
  from space 22528K, 64% used [0x00000000e3b00000,0x00000000e4916e98,0x00000000e5100000)
  to   space 23040K, 0% used [0x00000000e2400000,0x00000000e2400000,0x00000000e3a80000)
 ParOldGen       total 316416K, used 98201K [0x0000000080000000, 0x0000000093500000, 0x00000000d5580000)
  object space 316416K, 31% used [0x0000000080000000,0x0000000085fe65a0,0x0000000093500000)
 Metaspace       used 94084K, capacity 96573K, committed 99200K, reserved 1136640K
  class space    used 11242K, capacity 11639K, committed 12160K, reserved 1048576K
}
{Heap before GC invocations=561 (full 4):
 PSYoungGen      total 233984K, used 221792K [0x00000000d5580000, 0x00000000e5100000, 0x0000000100000000)
  eden space 211456K, 98% used [0x00000000d5580000,0x00000000e20014f0,0x00000000e2400000)
  from space 22528K, 64% used [0x00000000e3b00000,0x00000000e4916e98,0x00000000e5100000)
  to   space 23040K, 0% used [0x00000000e2400000,0x00000000e2400000,0x00000000e3a80000)
 ParOldGen       total 316416K, used 98201K [0x0000000080000000, 0x0000000093500000, 0x00000000d5580000)
  object space 316416K, 31% used [0x0000000080000000,0x0000000085fe65a0,0x0000000093500000)
 Metaspace       used 94084K, capacity 96573K, committed 99200K, reserved 1136640K
  class space    used 11242K, capacity 11639K, committed 12160K, reserved 1048576K
2023-04-21T00:00:19.439+0600: 2414891.522: [GC (Allocation Failure) [PSYoungGen: 221792K->7173K(234496K)] 319994K->105383K(550912K), 0.0090922 secs] [Times: user=0.01 sys=0.00, real=0.01 secs] 
Heap after GC invocations=561 (full 4):
 PSYoungGen      total 234496K, used 7173K [0x00000000d5580000, 0x00000000e6000000, 0x0000000100000000)
  eden space 211456K, 0% used [0x00000000d5580000,0x00000000d5580000,0x00000000e2400000)
  from space 23040K, 31% used [0x00000000e2400000,0x00000000e2b016f8,0x00000000e3a80000)
  to   space 23040K, 0% used [0x00000000e4980000,0x00000000e4980000,0x00000000e6000000)
 ParOldGen       total 316416K, used 98209K [0x0000000080000000, 0x0000000093500000, 0x00000000d5580000)
  object space 316416K, 31% used [0x0000000080000000,0x0000000085fe85a0,0x0000000093500000)
 Metaspace       used 94084K, capacity 96573K, committed 99200K, reserved 1136640K
  class space    used 11242K, capacity 11639K, committed 12160K, reserved 1048576K
}
{Heap before GC invocations=562 (full 4):
 PSYoungGen      total 234496K, used 216906K [0x00000000d5580000, 0x00000000e6000000, 0x0000000100000000)
  eden space 211456K, 99% used [0x00000000d5580000,0x00000000e2251138,0x00000000e2400000)
  from space 23040K, 31% used [0x00000000e2400000,0x00000000e2b016f8,0x00000000e3a80000)
  to   space 23040K, 0% used [0x00000000e4980000,0x00000000e4980000,0x00000000e6000000)
 ParOldGen       total 316416K, used 98209K [0x0000000080000000, 0x0000000093500000, 0x00000000d5580000)
  object space 316416K, 31% used [0x0000000080000000,0x0000000085fe85a0,0x0000000093500000)
 Metaspace       used 94084K, capacity 96573K, committed 99200K, reserved 1136640K
  class space    used 11242K, capacity 11639K, committed 12160K, reserved 1048576K
2023-04-21T00:00:20.585+0600: 2414892.668: [GC (Allocation Failure) [PSYoungGen: 216906K->14523K(249856K)] 315115K->112764K(566272K), 0.0194898 secs] [Times: user=0.03 sys=0.00, real=0.02 secs] 
Heap after GC invocations=562 (full 4):
 PSYoungGen      total 249856K, used 14523K [0x00000000d5580000, 0x00000000e6000000, 0x0000000100000000)
  eden space 226816K, 0% used [0x00000000d5580000,0x00000000d5580000,0x00000000e3300000)
  from space 23040K, 63% used [0x00000000e4980000,0x00000000e57aeea8,0x00000000e6000000)
  to   space 23040K, 0% used [0x00000000e3300000,0x00000000e3300000,0x00000000e4980000)
 ParOldGen       total 316416K, used 98241K [0x0000000080000000, 0x0000000093500000, 0x00000000d5580000)
  object space 316416K, 31% used [0x0000000080000000,0x0000000085ff04f0,0x0000000093500000)
 Metaspace       used 94084K, capacity 96573K, committed 99200K, reserved 1136640K
  class space    used 11242K, capacity 11639K, committed 12160K, reserved 1048576K
}
{Heap before GC invocations=563 (full 4):
 PSYoungGen      total 249856K, used 241069K [0x00000000d5580000, 0x00000000e6000000, 0x0000000100000000)
  eden space 226816K, 99% used [0x00000000d5580000,0x00000000e32bc5c8,0x00000000e3300000)
  from space 23040K, 63% used [0x00000000e4980000,0x00000000e57aeea8,0x00000000e6000000)
  to   space 23040K, 0% used [0x00000000e3300000,0x00000000e3300000,0x00000000e4980000)
 ParOldGen       total 316416K, used 98241K [0x0000000080000000, 0x0000000093500000, 0x00000000d5580000)
  object space 316416K, 31% used [0x0000000080000000,0x0000000085ff04f0,0x0000000093500000)
 Metaspace       used 94084K, capacity 96573K, committed 99200K, reserved 1136640K
  class space    used 11242K, capacity 11639K, committed 12160K, reserved 1048576K
2023-04-21T00:00:21.504+0600: 2414893.587: [GC (Allocation Failure) [PSYoungGen: 241069K->5636K(249856K)] 339310K->103902K(566272K), 0.0105823 secs] [Times: user=0.01 sys=0.00, real=0.01 secs] 
Heap after GC invocations=563 (full 4):
 PSYoungGen      total 249856K, used 5636K [0x00000000d5580000, 0x00000000e6f80000, 0x0000000100000000)
  eden space 226816K, 0% used [0x00000000d5580000,0x00000000d5580000,0x00000000e3300000)
  from space 23040K, 24% used [0x00000000e3300000,0x00000000e38813f8,0x00000000e4980000)
  to   space 23040K, 0% used [0x00000000e5900000,0x00000000e5900000,0x00000000e6f80000)
 ParOldGen       total 316416K, used 98265K [0x0000000080000000, 0x0000000093500000, 0x00000000d5580000)
  object space 316416K, 31% used [0x0000000080000000,0x0000000085ff64f0,0x0000000093500000)
 Metaspace       used 94084K, capacity 96573K, committed 99200K, reserved 1136640K
  class space    used 11242K, capacity 11639K, committed 12160K, reserved 1048576K
}
{Heap before GC invocations=564 (full 4):
 PSYoungGen      total 249856K, used 229648K [0x00000000d5580000, 0x00000000e6f80000, 0x0000000100000000)
  eden space 226816K, 98% used [0x00000000d5580000,0x00000000e3042c28,0x00000000e3300000)
  from space 23040K, 24% used [0x00000000e3300000,0x00000000e38813f8,0x00000000e4980000)
  to   space 23040K, 0% used [0x00000000e5900000,0x00000000e5900000,0x00000000e6f80000)
 ParOldGen       total 316416K, used 98265K [0x0000000080000000, 0x0000000093500000, 0x00000000d5580000)
  object space 316416K, 31% used [0x0000000080000000,0x0000000085ff64f0,0x0000000093500000)
 Metaspace       used 94084K, capacity 96573K, committed 99200K, reserved 1136640K
  class space    used 11242K, capacity 11639K, committed 12160K, reserved 1048576K
2023-04-21T00:00:22.736+0600: 2414894.819: [GC (Allocation Failure) [PSYoungGen: 229648K->10770K(263680K)] 327913K->109035K(580096K), 0.0174238 secs] [Times: user=0.03 sys=0.00, real=0.02 secs] 
Heap after GC invocations=564 (full 4):
 PSYoungGen      total 263680K, used 10770K [0x00000000d5580000, 0x00000000e6d80000, 0x0000000100000000)
  eden space 242688K, 0% used [0x00000000d5580000,0x00000000d5580000,0x00000000e4280000)
  from space 20992K, 51% used [0x00000000e5900000,0x00000000e63849f0,0x00000000e6d80000)
  to   space 22016K, 0% used [0x00000000e4280000,0x00000000e4280000,0x00000000e5800000)
 ParOldGen       total 316416K, used 98265K [0x0000000080000000, 0x0000000093500000, 0x00000000d5580000)
  object space 316416K, 31% used [0x0000000080000000,0x0000000085ff64f0,0x0000000093500000)
 Metaspace       used 94084K, capacity 96573K, committed 99200K, reserved 1136640K
  class space    used 11242K, capacity 11639K, committed 12160K, reserved 1048576K
}
{Heap before GC invocations=565 (full 4):
 PSYoungGen      total 263680K, used 252695K [0x00000000d5580000, 0x00000000e6d80000, 0x0000000100000000)
  eden space 242688K, 99% used [0x00000000d5580000,0x00000000e41c13a0,0x00000000e4280000)
  from space 20992K, 51% used [0x00000000e5900000,0x00000000e63849f0,0x00000000e6d80000)
  to   space 22016K, 0% used [0x00000000e4280000,0x00000000e4280000,0x00000000e5800000)
 ParOldGen       total 316416K, used 98265K [0x0000000080000000, 0x0000000093500000, 0x00000000d5580000)
  object space 316416K, 31% used [0x0000000080000000,0x0000000085ff64f0,0x0000000093500000)
 Metaspace       used 94086K, capacity 96573K, committed 99200K, reserved 1136640K
  class space    used 11242K, capacity 11639K, committed 12160K, reserved 1048576K
2023-04-21T00:00:23.855+0600: 2414895.938: [GC (Allocation Failure) [PSYoungGen: 252695K->10802K(264704K)] 350960K->109099K(581120K), 0.0144002 secs] [Times: user=0.03 sys=0.00, real=0.02 secs] 
Heap after GC invocations=565 (full 4):
 PSYoungGen      total 264704K, used 10802K [0x00000000d5580000, 0x00000000e7c80000, 0x0000000100000000)
  eden space 242688K, 0% used [0x00000000d5580000,0x00000000d5580000,0x00000000e4280000)
  from space 22016K, 49% used [0x00000000e4280000,0x00000000e4d0c9f0,0x00000000e5800000)
  to   space 21504K, 0% used [0x00000000e6780000,0x00000000e6780000,0x00000000e7c80000)
 ParOldGen       total 316416K, used 98297K [0x0000000080000000, 0x0000000093500000, 0x00000000d5580000)
  object space 316416K, 31% used [0x0000000080000000,0x0000000085ffe440,0x0000000093500000)
 Metaspace       used 94086K, capacity 96573K, committed 99200K, reserved 1136640K
  class space    used 11242K, capacity 11639K, committed 12160K, reserved 1048576K
}
{Heap before GC invocations=566 (full 4):
 PSYoungGen      total 264704K, used 250453K [0x00000000d5580000, 0x00000000e7c80000, 0x0000000100000000)
  eden space 242688K, 98% used [0x00000000d5580000,0x00000000e3f88ce8,0x00000000e4280000)
  from space 22016K, 49% used [0x00000000e4280000,0x00000000e4d0c9f0,0x00000000e5800000)
  to   space 21504K, 0% used [0x00000000e6780000,0x00000000e6780000,0x00000000e7c80000)
 ParOldGen       total 316416K, used 98297K [0x0000000080000000, 0x0000000093500000, 0x00000000d5580000)
  object space 316416K, 31% used [0x0000000080000000,0x0000000085ffe440,0x0000000093500000)
 Metaspace       used 94086K, capacity 96573K, committed 99200K, reserved 1136640K
  class space    used 11242K, capacity 11639K, committed 12160K, reserved 1048576K
2023-04-21T00:00:25.183+0600: 2414897.266: [GC (Allocation Failure) [PSYoungGen: 250453K->10450K(278528K)] 348750K->109113K(594944K), 0.0176658 secs] [Times: user=0.03 sys=0.00, real=0.02 secs] 
Heap after GC invocations=566 (full 4):
 PSYoungGen      total 278528K, used 10450K [0x00000000d5580000, 0x00000000e7a80000, 0x0000000100000000)
  eden space 259072K, 0% used [0x00000000d5580000,0x00000000d5580000,0x00000000e5280000)
  from space 19456K, 53% used [0x00000000e6780000,0x00000000e71b49b0,0x00000000e7a80000)
  to   space 20480K, 0% used [0x00000000e5280000,0x00000000e5280000,0x00000000e6680000)
 ParOldGen       total 316416K, used 98662K [0x0000000080000000, 0x0000000093500000, 0x00000000d5580000)
  object space 316416K, 31% used [0x0000000080000000,0x0000000086059ad0,0x0000000093500000)
 Metaspace       used 94086K, capacity 96573K, committed 99200K, reserved 1136640K
  class space    used 11242K, capacity 11639K, committed 12160K, reserved 1048576K
}
{Heap before GC invocations=567 (full 4):
 PSYoungGen      total 278528K, used 266688K [0x00000000d5580000, 0x00000000e7a80000, 0x0000000100000000)
  eden space 259072K, 98% used [0x00000000d5580000,0x00000000e4fbb9d8,0x00000000e5280000)
  from space 19456K, 53% used [0x00000000e6780000,0x00000000e71b49b0,0x00000000e7a80000)
  to   space 20480K, 0% used [0x00000000e5280000,0x00000000e5280000,0x00000000e6680000)
 ParOldGen       total 316416K, used 98662K [0x0000000080000000, 0x0000000093500000, 0x00000000d5580000)
  object space 316416K, 31% used [0x0000000080000000,0x0000000086059ad0,0x0000000093500000)
 Metaspace       used 94086K, capacity 96573K, committed 99200K, reserved 1136640K
  class space    used 11242K, capacity 11639K, committed 12160K, reserved 1048576K
2023-04-21T00:00:26.406+0600: 2414898.489: [GC (Allocation Failure) [PSYoungGen: 266688K->14267K(279552K)] 365351K->112930K(595968K), 0.0146383 secs] [Times: user=0.03 sys=0.00, real=0.02 secs] 
Heap after GC invocations=567 (full 4):
 PSYoungGen      total 279552K, used 14267K [0x00000000d5580000, 0x00000000e8b00000, 0x0000000100000000)
  eden space 259072K, 0% used [0x00000000d5580000,0x00000000d5580000,0x00000000e5280000)
  from space 20480K, 69% used [0x00000000e5280000,0x00000000e606ee68,0x00000000e6680000)
  to   space 20480K, 0% used [0x00000000e7700000,0x00000000e7700000,0x00000000e8b00000)
 ParOldGen       total 316416K, used 98662K [0x0000000080000000, 0x0000000093500000, 0x00000000d5580000)
  object space 316416K, 31% used [0x0000000080000000,0x0000000086059ad0,0x0000000093500000)
 Metaspace       used 94086K, capacity 96573K, committed 99200K, reserved 1136640K
  class space    used 11242K, capacity 11639K, committed 12160K, reserved 1048576K
}
{Heap before GC invocations=568 (full 4):
 PSYoungGen      total 279552K, used 273339K [0x00000000d5580000, 0x00000000e8b00000, 0x0000000100000000)
  eden space 259072K, 100% used [0x00000000d5580000,0x00000000e5280000,0x00000000e5280000)
  from space 20480K, 69% used [0x00000000e5280000,0x00000000e606ee68,0x00000000e6680000)
  to   space 20480K, 0% used [0x00000000e7700000,0x00000000e7700000,0x00000000e8b00000)
 ParOldGen       total 316416K, used 98662K [0x0000000080000000, 0x0000000093500000, 0x00000000d5580000)
  object space 316416K, 31% used [0x0000000080000000,0x0000000086059ad0,0x0000000093500000)
 Metaspace       used 94086K, capacity 96573K, committed 99200K, reserved 1136640K
  class space    used 11242K, capacity 11639K, committed 12160K, reserved 1048576K
2023-04-21T00:00:27.595+0600: 2414899.678: [GC (Allocation Failure) [PSYoungGen: 273339K->8489K(294400K)] 372002K->107199K(610816K), 0.0094197 secs] [Times: user=0.01 sys=0.00, real=0.01 secs] 
Heap after GC invocations=568 (full 4):
 PSYoungGen      total 294400K, used 8489K [0x00000000d5580000, 0x00000000e8a00000, 0x0000000100000000)
  eden space 274944K, 0% used [0x00000000d5580000,0x00000000d5580000,0x00000000e6200000)
  from space 19456K, 43% used [0x00000000e7700000,0x00000000e7f4a4f8,0x00000000e8a00000)
  to   space 20480K, 0% used [0x00000000e6200000,0x00000000e6200000,0x00000000e7600000)
 ParOldGen       total 316416K, used 98710K [0x0000000080000000, 0x0000000093500000, 0x00000000d5580000)
  object space 316416K, 31% used [0x0000000080000000,0x0000000086065a30,0x0000000093500000)
 Metaspace       used 94086K, capacity 96573K, committed 99200K, reserved 1136640K
  class space    used 11242K, capacity 11639K, committed 12160K, reserved 1048576K
}
{Heap before GC invocations=569 (full 4):
 PSYoungGen      total 294400K, used 280736K [0x00000000d5580000, 0x00000000e8a00000, 0x0000000100000000)
  eden space 274944K, 99% used [0x00000000d5580000,0x00000000e5f5dcb8,0x00000000e6200000)
  from space 19456K, 43% used [0x00000000e7700000,0x00000000e7f4a4f8,0x00000000e8a00000)
  to   space 20480K, 0% used [0x00000000e6200000,0x00000000e6200000,0x00000000e7600000)
 ParOldGen       total 316416K, used 98710K [0x0000000080000000, 0x0000000093500000, 0x00000000d5580000)
  object space 316416K, 31% used [0x0000000080000000,0x0000000086065a30,0x0000000093500000)
 Metaspace       used 94089K, capacity 96573K, committed 99200K, reserved 1136640K
  class space    used 11242K, capacity 11639K, committed 12160K, reserved 1048576K
2023-04-21T00:00:29.321+0600: 2414901.404: [GC (Allocation Failure) [PSYoungGen: 280736K->14139K(295424K)] 379446K->112985K(611840K), 0.0146581 secs] [Times: user=0.03 sys=0.00, real=0.01 secs] 
Heap after GC invocations=569 (full 4):
 PSYoungGen      total 295424K, used 14139K [0x00000000d5580000, 0x00000000e9980000, 0x0000000100000000)
  eden space 274944K, 0% used [0x00000000d5580000,0x00000000d5580000,0x00000000e6200000)
  from space 20480K, 69% used [0x00000000e6200000,0x00000000e6fcee58,0x00000000e7600000)
  to   space 20480K, 0% used [0x00000000e8580000,0x00000000e8580000,0x00000000e9980000)
 ParOldGen       total 316416K, used 98846K [0x0000000080000000, 0x0000000093500000, 0x00000000d5580000)
  object space 316416K, 31% used [0x0000000080000000,0x0000000086087840,0x0000000093500000)
 Metaspace       used 94089K, capacity 96573K, committed 99200K, reserved 1136640K
  class space    used 11242K, capacity 11639K, committed 12160K, reserved 1048576K
}
{Heap before GC invocations=570 (full 4):
 PSYoungGen      total 295424K, used 285334K [0x00000000d5580000, 0x00000000e9980000, 0x0000000100000000)
  eden space 274944K, 98% used [0x00000000d5580000,0x00000000e5e56da0,0x00000000e6200000)
  from space 20480K, 69% used [0x00000000e6200000,0x00000000e6fcee58,0x00000000e7600000)
  to   space 20480K, 0% used [0x00000000e8580000,0x00000000e8580000,0x00000000e9980000)
 ParOldGen       total 316416K, used 98846K [0x0000000080000000, 0x0000000093500000, 0x00000000d5580000)
  object space 316416K, 31% used [0x0000000080000000,0x0000000086087840,0x0000000093500000)
 Metaspace       used 94089K, capacity 96573K, committed 99200K, reserved 1136640K
  class space    used 11242K, capacity 11639K, committed 12160K, reserved 1048576K
2023-04-21T00:00:30.807+0600: 2414902.890: [GC (Allocation Failure) [PSYoungGen: 285334K->6946K(310272K)] 384181K->105792K(626688K), 0.0147660 secs] [Times: user=0.03 sys=0.00, real=0.02 secs] 
Heap after GC invocations=570 (full 4):
 PSYoungGen      total 310272K, used 6946K [0x00000000d5580000, 0x00000000e9900000, 0x0000000100000000)
  eden space 290304K, 0% used [0x00000000d5580000,0x00000000d5580000,0x00000000e7100000)
  from space 19968K, 34% used [0x00000000e8580000,0x00000000e8c48840,0x00000000e9900000)
  to   space 20480K, 0% used [0x00000000e7100000,0x00000000e7100000,0x00000000e8500000)
 ParOldGen       total 316416K, used 98846K [0x0000000080000000, 0x0000000093500000, 0x00000000d5580000)
  object space 316416K, 31% used [0x0000000080000000,0x0000000086087840,0x0000000093500000)
 Metaspace       used 94089K, capacity 96573K, committed 99200K, reserved 1136640K
  class space    used 11242K, capacity 11639K, committed 12160K, reserved 1048576K
}
{Heap before GC invocations=571 (full 4):
 PSYoungGen      total 310272K, used 292177K [0x00000000d5580000, 0x00000000e9900000, 0x0000000100000000)
  eden space 290304K, 98% used [0x00000000d5580000,0x00000000e6c0be58,0x00000000e7100000)
  from space 19968K, 34% used [0x00000000e8580000,0x00000000e8c48840,0x00000000e9900000)
  to   space 20480K, 0% used [0x00000000e7100000,0x00000000e7100000,0x00000000e8500000)
 ParOldGen       total 316416K, used 98846K [0x0000000080000000, 0x0000000093500000, 0x00000000d5580000)
  object space 316416K, 31% used [0x0000000080000000,0x0000000086087840,0x0000000093500000)
 Metaspace       used 94089K, capacity 96573K, committed 99200K, reserved 1136640K
  class space    used 11242K, capacity 11639K, committed 12160K, reserved 1048576K
2023-04-21T00:00:32.295+0600: 2414904.378: [GC (Allocation Failure) [PSYoungGen: 292177K->14011K(310784K)] 391023K->113033K(627200K), 0.0153494 secs] [Times: user=0.03 sys=0.00, real=0.02 secs] 
Heap after GC invocations=571 (full 4):
 PSYoungGen      total 310784K, used 14011K [0x00000000d5580000, 0x00000000ea900000, 0x0000000100000000)
  eden space 290304K, 0% used [0x00000000d5580000,0x00000000d5580000,0x00000000e7100000)
  from space 20480K, 68% used [0x00000000e7100000,0x00000000e7eaefe8,0x00000000e8500000)
  to   space 20480K, 0% used [0x00000000e9500000,0x00000000e9500000,0x00000000ea900000)
 ParOldGen       total 316416K, used 99021K [0x0000000080000000, 0x0000000093500000, 0x00000000d5580000)
  object space 316416K, 31% used [0x0000000080000000,0x00000000860b3450,0x0000000093500000)
 Metaspace       used 94089K, capacity 96573K, committed 99200K, reserved 1136640K
  class space    used 11242K, capacity 11639K, committed 12160K, reserved 1048576K
}
{Heap before GC invocations=572 (full 4):
 PSYoungGen      total 310784K, used 304141K [0x00000000d5580000, 0x00000000ea900000, 0x0000000100000000)
  eden space 290304K, 99% used [0x00000000d5580000,0x00000000e70d45a8,0x00000000e7100000)
  from space 20480K, 68% used [0x00000000e7100000,0x00000000e7eaefe8,0x00000000e8500000)
  to   space 20480K, 0% used [0x00000000e9500000,0x00000000e9500000,0x00000000ea900000)
 ParOldGen       total 316416K, used 99021K [0x0000000080000000, 0x0000000093500000, 0x00000000d5580000)
  object space 316416K, 31% used [0x0000000080000000,0x00000000860b3450,0x0000000093500000)
 Metaspace       used 94089K, capacity 96573K, committed 99200K, reserved 1136640K
  class space    used 11242K, capacity 11639K, committed 12160K, reserved 1048576K
2023-04-21T00:00:33.812+0600: 2414905.895: [GC (Allocation Failure) [PSYoungGen: 304141K->17828K(325632K)] 403162K->116873K(642048K), 0.0229898 secs] [Times: user=0.04 sys=0.00, real=0.02 secs] 
Heap after GC invocations=572 (full 4):
 PSYoungGen      total 325632K, used 17828K [0x00000000d5580000, 0x00000000ead00000, 0x0000000100000000)
  eden space 305152K, 0% used [0x00000000d5580000,0x00000000d5580000,0x00000000e7f80000)
  from space 20480K, 87% used [0x00000000e9500000,0x00000000ea669300,0x00000000ea900000)
  to   space 22016K, 0% used [0x00000000e7f80000,0x00000000e7f80000,0x00000000e9500000)
 ParOldGen       total 316416K, used 99045K [0x0000000080000000, 0x0000000093500000, 0x00000000d5580000)
  object space 316416K, 31% used [0x0000000080000000,0x00000000860b9450,0x0000000093500000)
 Metaspace       used 94089K, capacity 96573K, committed 99200K, reserved 1136640K
  class space    used 11242K, capacity 11639K, committed 12160K, reserved 1048576K
}
{Heap before GC invocations=573 (full 4):
 PSYoungGen      total 325632K, used 322726K [0x00000000d5580000, 0x00000000ead00000, 0x0000000100000000)
  eden space 305152K, 99% used [0x00000000d5580000,0x00000000e7f405d0,0x00000000e7f80000)
  from space 20480K, 87% used [0x00000000e9500000,0x00000000ea669300,0x00000000ea900000)
  to   space 22016K, 0% used [0x00000000e7f80000,0x00000000e7f80000,0x00000000e9500000)
 ParOldGen       total 316416K, used 99045K [0x0000000080000000, 0x0000000093500000, 0x00000000d5580000)
  object space 316416K, 31% used [0x0000000080000000,0x00000000860b9450,0x0000000093500000)
 Metaspace       used 94093K, capacity 96579K, committed 99200K, reserved 1136640K
  class space    used 11242K, capacity 11640K, committed 12160K, reserved 1048576K
2023-04-21T00:00:35.357+0600: 2414907.439: [GC (Allocation Failure) [PSYoungGen: 322726K->6537K(327168K)] 421771K->105582K(643584K), 0.0124683 secs] [Times: user=0.02 sys=0.00, real=0.02 secs] 
Heap after GC invocations=573 (full 4):
 PSYoungGen      total 327168K, used 6537K [0x00000000d5580000, 0x00000000ebb80000, 0x0000000100000000)
  eden space 305152K, 0% used [0x00000000d5580000,0x00000000d5580000,0x00000000e7f80000)
  from space 22016K, 29% used [0x00000000e7f80000,0x00000000e85e24d8,0x00000000e9500000)
  to   space 22016K, 0% used [0x00000000ea600000,0x00000000ea600000,0x00000000ebb80000)
 ParOldGen       total 316416K, used 99045K [0x0000000080000000, 0x0000000093500000, 0x00000000d5580000)
  object space 316416K, 31% used [0x0000000080000000,0x00000000860b9450,0x0000000093500000)
 Metaspace       used 94093K, capacity 96579K, committed 99200K, reserved 1136640K
  class space    used 11242K, capacity 11640K, committed 12160K, reserved 1048576K
}
{Heap before GC invocations=574 (full 4):
 PSYoungGen      total 327168K, used 311689K [0x00000000d5580000, 0x00000000ebb80000, 0x0000000100000000)
  eden space 305152K, 100% used [0x00000000d5580000,0x00000000e7f80000,0x00000000e7f80000)
  from space 22016K, 29% used [0x00000000e7f80000,0x00000000e85e24d8,0x00000000e9500000)
  to   space 22016K, 0% used [0x00000000ea600000,0x00000000ea600000,0x00000000ebb80000)
 ParOldGen       total 316416K, used 99045K [0x0000000080000000, 0x0000000093500000, 0x00000000d5580000)
  object space 316416K, 31% used [0x0000000080000000,0x00000000860b9450,0x0000000093500000)
 Metaspace       used 94093K, capacity 96579K, committed 99200K, reserved 1136640K
  class space    used 11242K, capacity 11640K, committed 12160K, reserved 1048576K
2023-04-21T00:00:36.817+0600: 2414908.899: [GC (Allocation Failure) [PSYoungGen: 311689K->8169K(340480K)] 410734K->107269K(656896K), 0.0090173 secs] [Times: user=0.01 sys=0.00, real=0.01 secs] 
Heap after GC invocations=574 (full 4):
 PSYoungGen      total 340480K, used 8169K [0x00000000d5580000, 0x00000000eb900000, 0x0000000100000000)
  eden space 321024K, 0% used [0x00000000d5580000,0x00000000d5580000,0x00000000e8f00000)
  from space 19456K, 41% used [0x00000000ea600000,0x00000000eadfa4d8,0x00000000eb900000)
  to   space 21504K, 0% used [0x00000000e8f00000,0x00000000e8f00000,0x00000000ea400000)
 ParOldGen       total 316416K, used 99100K [0x0000000080000000, 0x0000000093500000, 0x00000000d5580000)
  object space 316416K, 31% used [0x0000000080000000,0x00000000860c72f0,0x0000000093500000)
 Metaspace       used 94093K, capacity 96579K, committed 99200K, reserved 1136640K
  class space    used 11242K, capacity 11640K, committed 12160K, reserved 1048576K
}
{Heap before GC invocations=575 (full 4):
 PSYoungGen      total 340480K, used 328268K [0x00000000d5580000, 0x00000000eb900000, 0x0000000100000000)
  eden space 321024K, 99% used [0x00000000d5580000,0x00000000e8e18c20,0x00000000e8f00000)
  from space 19456K, 41% used [0x00000000ea600000,0x00000000eadfa4d8,0x00000000eb900000)
  to   space 21504K, 0% used [0x00000000e8f00000,0x00000000e8f00000,0x00000000ea400000)
 ParOldGen       total 316416K, used 99100K [0x0000000080000000, 0x0000000093500000, 0x00000000d5580000)
  object space 316416K, 31% used [0x0000000080000000,0x00000000860c72f0,0x0000000093500000)
 Metaspace       used 94093K, capacity 96579K, committed 99200K, reserved 1136640K
  class space    used 11242K, capacity 11640K, committed 12160K, reserved 1048576K
2023-04-21T00:00:38.630+0600: 2414910.713: [GC (Allocation Failure) [PSYoungGen: 328268K->14139K(342528K)] 427368K->113240K(658944K), 0.0114051 secs] [Times: user=0.02 sys=0.00, real=0.01 secs] 
Heap after GC invocations=575 (full 4):
 PSYoungGen      total 342528K, used 14139K [0x00000000d5580000, 0x00000000ec880000, 0x0000000100000000)
  eden space 321024K, 0% used [0x00000000d5580000,0x00000000d5580000,0x00000000e8f00000)
  from space 21504K, 65% used [0x00000000e8f00000,0x00000000e9ccee48,0x00000000ea400000)
  to   space 21504K, 0% used [0x00000000eb380000,0x00000000eb380000,0x00000000ec880000)
 ParOldGen       total 316416K, used 99100K [0x0000000080000000, 0x0000000093500000, 0x00000000d5580000)
  object space 316416K, 31% used [0x0000000080000000,0x00000000860c72f0,0x0000000093500000)
 Metaspace       used 94093K, capacity 96579K, committed 99200K, reserved 1136640K
  class space    used 11242K, capacity 11640K, committed 12160K, reserved 1048576K
}
{Heap before GC invocations=576 (full 4):
 PSYoungGen      total 342528K, used 331802K [0x00000000d5580000, 0x00000000ec880000, 0x0000000100000000)
  eden space 321024K, 98% used [0x00000000d5580000,0x00000000e8bb7a48,0x00000000e8f00000)
  from space 21504K, 65% used [0x00000000e8f00000,0x00000000e9ccee48,0x00000000ea400000)
  to   space 21504K, 0% used [0x00000000eb380000,0x00000000eb380000,0x00000000ec880000)
 ParOldGen       total 316416K, used 99100K [0x0000000080000000, 0x0000000093500000, 0x00000000d5580000)
  object space 316416K, 31% used [0x0000000080000000,0x00000000860c72f0,0x0000000093500000)
 Metaspace       used 94093K, capacity 96579K, committed 99200K, reserved 1136640K
  class space    used 11242K, capacity 11640K, committed 12160K, reserved 1048576K
2023-04-21T00:00:40.112+0600: 2414912.195: [GC (Allocation Failure) [PSYoungGen: 331802K->17860K(356864K)] 430902K->117072K(673280K), 0.0196537 secs] [Times: user=0.04 sys=0.00, real=0.02 secs] 
Heap after GC invocations=576 (full 4):
 PSYoungGen      total 356864K, used 17860K [0x00000000d5580000, 0x00000000ecd00000, 0x0000000100000000)
  eden space 335360K, 0% used [0x00000000d5580000,0x00000000d5580000,0x00000000e9d00000)
  from space 21504K, 83% used [0x00000000eb380000,0x00000000ec4f12f0,0x00000000ec880000)
  to   space 23040K, 0% used [0x00000000e9d00000,0x00000000e9d00000,0x00000000eb380000)
 ParOldGen       total 316416K, used 99211K [0x0000000080000000, 0x0000000093500000, 0x00000000d5580000)
  object space 316416K, 31% used [0x0000000080000000,0x00000000860e2f80,0x0000000093500000)
 Metaspace       used 94093K, capacity 96579K, committed 99200K, reserved 1136640K
  class space    used 11242K, capacity 11640K, committed 12160K, reserved 1048576K
}
{Heap before GC invocations=577 (full 4):
 PSYoungGen      total 356864K, used 353220K [0x00000000d5580000, 0x00000000ecd00000, 0x0000000100000000)
  eden space 335360K, 100% used [0x00000000d5580000,0x00000000e9d00000,0x00000000e9d00000)
  from space 21504K, 83% used [0x00000000eb380000,0x00000000ec4f12f0,0x00000000ec880000)
  to   space 23040K, 0% used [0x00000000e9d00000,0x00000000e9d00000,0x00000000eb380000)
 ParOldGen       total 316416K, used 99211K [0x0000000080000000, 0x0000000093500000, 0x00000000d5580000)
  object space 316416K, 31% used [0x0000000080000000,0x00000000860e2f80,0x0000000093500000)
 Metaspace       used 94093K, capacity 96579K, committed 99200K, reserved 1136640K
  class space    used 11242K, capacity 11640K, committed 12160K, reserved 1048576K
2023-04-21T00:00:41.585+0600: 2414913.668: [GC (Allocation Failure) [PSYoungGen: 353220K->1152K(358400K)] 452432K->100363K(674816K), 0.0067842 secs] [Times: user=0.02 sys=0.00, real=0.01 secs] 
Heap after GC invocations=577 (full 4):
 PSYoungGen      total 358400K, used 1152K [0x00000000d5580000, 0x00000000edb80000, 0x0000000100000000)
  eden space 335360K, 0% used [0x00000000d5580000,0x00000000d5580000,0x00000000e9d00000)
  from space 23040K, 5% used [0x00000000e9d00000,0x00000000e9e20000,0x00000000eb380000)
  to   space 24064K, 0% used [0x00000000ec400000,0x00000000ec400000,0x00000000edb80000)
 ParOldGen       total 316416K, used 99211K [0x0000000080000000, 0x0000000093500000, 0x00000000d5580000)
  object space 316416K, 31% used [0x0000000080000000,0x00000000860e2f80,0x0000000093500000)
 Metaspace       used 94093K, capacity 96579K, committed 99200K, reserved 1136640K
  class space    used 11242K, capacity 11640K, committed 12160K, reserved 1048576K
}
{Heap before GC invocations=578 (full 4):
 PSYoungGen      total 358400K, used 336512K [0x00000000d5580000, 0x00000000edb80000, 0x0000000100000000)
  eden space 335360K, 100% used [0x00000000d5580000,0x00000000e9d00000,0x00000000e9d00000)
  from space 23040K, 5% used [0x00000000e9d00000,0x00000000e9e20000,0x00000000eb380000)
  to   space 24064K, 0% used [0x00000000ec400000,0x00000000ec400000,0x00000000edb80000)
 ParOldGen       total 316416K, used 99211K [0x0000000080000000, 0x0000000093500000, 0x00000000d5580000)
  object space 316416K, 31% used [0x0000000080000000,0x00000000860e2f80,0x0000000093500000)
 Metaspace       used 94096K, capacity 96579K, committed 99200K, reserved 1136640K
  class space    used 11242K, capacity 11640K, committed 12160K, reserved 1048576K
2023-04-21T00:00:43.434+0600: 2414915.517: [GC (Allocation Failure) [PSYoungGen: 336512K->8489K(371200K)] 435723K->107748K(687616K), 0.0092150 secs] [Times: user=0.02 sys=0.00, real=0.01 secs] 
Heap after GC invocations=578 (full 4):
 PSYoungGen      total 371200K, used 8489K [0x00000000d5580000, 0x00000000ed880000, 0x0000000100000000)
  eden space 350208K, 0% used [0x00000000d5580000,0x00000000d5580000,0x00000000eab80000)
  from space 20992K, 40% used [0x00000000ec400000,0x00000000ecc4a4c8,0x00000000ed880000)
  to   space 23040K, 0% used [0x00000000eab80000,0x00000000eab80000,0x00000000ec200000)
 ParOldGen       total 316416K, used 99259K [0x0000000080000000, 0x0000000093500000, 0x00000000d5580000)
  object space 316416K, 31% used [0x0000000080000000,0x00000000860eeed0,0x0000000093500000)
 Metaspace       used 94096K, capacity 96579K, committed 99200K, reserved 1136640K
  class space    used 11242K, capacity 11640K, committed 12160K, reserved 1048576K
}
{Heap before GC invocations=579 (full 4):
 PSYoungGen      total 371200K, used 357243K [0x00000000d5580000, 0x00000000ed880000, 0x0000000100000000)
  eden space 350208K, 99% used [0x00000000d5580000,0x00000000eaa14a58,0x00000000eab80000)
  from space 20992K, 40% used [0x00000000ec400000,0x00000000ecc4a4c8,0x00000000ed880000)
  to   space 23040K, 0% used [0x00000000eab80000,0x00000000eab80000,0x00000000ec200000)
 ParOldGen       total 316416K, used 99259K [0x0000000080000000, 0x0000000093500000, 0x00000000d5580000)
  object space 316416K, 31% used [0x0000000080000000,0x00000000860eeed0,0x0000000093500000)
 Metaspace       used 94096K, capacity 96579K, committed 99200K, reserved 1136640K
  class space    used 11242K, capacity 11640K, committed 12160K, reserved 1048576K
2023-04-21T00:00:45.339+0600: 2414917.422: [GC (Allocation Failure) [PSYoungGen: 357243K->14171K(373248K)] 456503K->113431K(689664K), 0.0175342 secs] [Times: user=0.03 sys=0.00, real=0.01 secs] 
Heap after GC invocations=579 (full 4):
 PSYoungGen      total 373248K, used 14171K [0x00000000d5580000, 0x00000000ee800000, 0x0000000100000000)
  eden space 350208K, 0% used [0x00000000d5580000,0x00000000d5580000,0x00000000eab80000)
  from space 23040K, 61% used [0x00000000eab80000,0x00000000eb956e38,0x00000000ec200000)
  to   space 23040K, 0% used [0x00000000ed180000,0x00000000ed180000,0x00000000ee800000)
 ParOldGen       total 316416K, used 99259K [0x0000000080000000, 0x0000000093500000, 0x00000000d5580000)
  object space 316416K, 31% used [0x0000000080000000,0x00000000860eeed0,0x0000000093500000)
 Metaspace       used 94096K, capacity 96579K, committed 99200K, reserved 1136640K
  class space    used 11242K, capacity 11640K, committed 12160K, reserved 1048576K
}
{Heap before GC invocations=580 (full 4):
 PSYoungGen      total 373248K, used 361973K [0x00000000d5580000, 0x00000000ee800000, 0x0000000100000000)
  eden space 350208K, 99% used [0x00000000d5580000,0x00000000ea926798,0x00000000eab80000)
  from space 23040K, 61% used [0x00000000eab80000,0x00000000eb956e38,0x00000000ec200000)
  to   space 23040K, 0% used [0x00000000ed180000,0x00000000ed180000,0x00000000ee800000)
 ParOldGen       total 316416K, used 99259K [0x0000000080000000, 0x0000000093500000, 0x00000000d5580000)
  object space 316416K, 31% used [0x0000000080000000,0x00000000860eeed0,0x0000000093500000)
 Metaspace       used 94096K, capacity 96579K, committed 99200K, reserved 1136640K
  class space    used 11242K, capacity 11640K, committed 12160K, reserved 1048576K
2023-04-21T00:00:47.074+0600: 2414919.157: [GC (Allocation Failure) [PSYoungGen: 361973K->14363K(389120K)] 461233K->113679K(705536K), 0.0176156 secs] [Times: user=0.04 sys=0.00, real=0.02 secs] 
Heap after GC invocations=580 (full 4):
 PSYoungGen      total 389120K, used 14363K [0x00000000d5580000, 0x00000000ee900000, 0x0000000100000000)
  eden space 366080K, 0% used [0x00000000d5580000,0x00000000d5580000,0x00000000ebb00000)
  from space 23040K, 62% used [0x00000000ed180000,0x00000000edf86e48,0x00000000ee800000)
  to   space 23040K, 0% used [0x00000000ebb00000,0x00000000ebb00000,0x00000000ed180000)
 ParOldGen       total 316416K, used 99315K [0x0000000080000000, 0x0000000093500000, 0x00000000d5580000)
  object space 316416K, 31% used [0x0000000080000000,0x00000000860fce20,0x0000000093500000)
 Metaspace       used 94096K, capacity 96579K, committed 99200K, reserved 1136640K
  class space    used 11242K, capacity 11640K, committed 12160K, reserved 1048576K
}
{Heap before GC invocations=581 (full 4):
 PSYoungGen      total 389120K, used 376715K [0x00000000d5580000, 0x00000000ee900000, 0x0000000100000000)
  eden space 366080K, 98% used [0x00000000d5580000,0x00000000eb75c040,0x00000000ebb00000)
  from space 23040K, 62% used [0x00000000ed180000,0x00000000edf86e48,0x00000000ee800000)
  to   space 23040K, 0% used [0x00000000ebb00000,0x00000000ebb00000,0x00000000ed180000)
 ParOldGen       total 316416K, used 99315K [0x0000000080000000, 0x0000000093500000, 0x00000000d5580000)
  object space 316416K, 31% used [0x0000000080000000,0x00000000860fce20,0x0000000093500000)
 Metaspace       used 94096K, capacity 96579K, committed 99200K, reserved 1136640K
  class space    used 11242K, capacity 11640K, committed 12160K, reserved 1048576K
2023-04-21T00:00:48.892+0600: 2414920.974: [GC (Allocation Failure) [PSYoungGen: 376715K->14427K(389120K)] 476031K->113743K(705536K), 0.0132797 secs] [Times: user=0.02 sys=0.00, real=0.01 secs] 
Heap after GC invocations=581 (full 4):
 PSYoungGen      total 389120K, used 14427K [0x00000000d5580000, 0x00000000ef880000, 0x0000000100000000)
  eden space 366080K, 0% used [0x00000000d5580000,0x00000000d5580000,0x00000000ebb00000)
  from space 23040K, 62% used [0x00000000ebb00000,0x00000000ec916e48,0x00000000ed180000)
  to   space 23040K, 0% used [0x00000000ee200000,0x00000000ee200000,0x00000000ef880000)
 ParOldGen       total 316416K, used 99315K [0x0000000080000000, 0x0000000093500000, 0x00000000d5580000)
  object space 316416K, 31% used [0x0000000080000000,0x00000000860fce20,0x0000000093500000)
 Metaspace       used 94096K, capacity 96579K, committed 99200K, reserved 1136640K
  class space    used 11242K, capacity 11640K, committed 12160K, reserved 1048576K
}
{Heap before GC invocations=582 (full 4):
 PSYoungGen      total 389120K, used 380507K [0x00000000d5580000, 0x00000000ef880000, 0x0000000100000000)
  eden space 366080K, 100% used [0x00000000d5580000,0x00000000ebb00000,0x00000000ebb00000)
  from space 23040K, 62% used [0x00000000ebb00000,0x00000000ec916e48,0x00000000ed180000)
  to   space 23040K, 0% used [0x00000000ee200000,0x00000000ee200000,0x00000000ef880000)
 ParOldGen       total 316416K, used 99315K [0x0000000080000000, 0x0000000093500000, 0x00000000d5580000)
  object space 316416K, 31% used [0x0000000080000000,0x00000000860fce20,0x0000000093500000)
 Metaspace       used 94096K, capacity 96579K, committed 99200K, reserved 1136640K
  class space    used 11242K, capacity 11640K, committed 12160K, reserved 1048576K
2023-04-21T00:00:50.420+0600: 2414922.503: [GC (Allocation Failure) [PSYoungGen: 380507K->1216K(404992K)] 479823K->100595K(721408K), 0.0076993 secs] [Times: user=0.01 sys=0.00, real=0.00 secs] 
Heap after GC invocations=582 (full 4):
 PSYoungGen      total 404992K, used 1216K [0x00000000d5580000, 0x00000000ef880000, 0x0000000100000000)
  eden space 381952K, 0% used [0x00000000d5580000,0x00000000d5580000,0x00000000eca80000)
  from space 23040K, 5% used [0x00000000ee200000,0x00000000ee330010,0x00000000ef880000)
  to   space 23552K, 0% used [0x00000000eca80000,0x00000000eca80000,0x00000000ee180000)
 ParOldGen       total 316416K, used 99379K [0x0000000080000000, 0x0000000093500000, 0x00000000d5580000)
  object space 316416K, 31% used [0x0000000080000000,0x000000008610cc10,0x0000000093500000)
 Metaspace       used 94096K, capacity 96579K, committed 99200K, reserved 1136640K
  class space    used 11242K, capacity 11640K, committed 12160K, reserved 1048576K
}
{Heap before GC invocations=583 (full 4):
 PSYoungGen      total 404992K, used 383168K [0x00000000d5580000, 0x00000000ef880000, 0x0000000100000000)
  eden space 381952K, 100% used [0x00000000d5580000,0x00000000eca80000,0x00000000eca80000)
  from space 23040K, 5% used [0x00000000ee200000,0x00000000ee330010,0x00000000ef880000)
  to   space 23552K, 0% used [0x00000000eca80000,0x00000000eca80000,0x00000000ee180000)
 ParOldGen       total 316416K, used 99379K [0x0000000080000000, 0x0000000093500000, 0x00000000d5580000)
  object space 316416K, 31% used [0x0000000080000000,0x000000008610cc10,0x0000000093500000)
 Metaspace       used 94096K, capacity 96579K, committed 99200K, reserved 1136640K
  class space    used 11242K, capacity 11640K, committed 12160K, reserved 1048576K
2023-04-21T00:00:52.448+0600: 2414924.531: [GC (Allocation Failure) [PSYoungGen: 383168K->8425K(405504K)] 482547K->107836K(721920K), 0.0082925 secs] [Times: user=0.02 sys=0.00, real=0.01 secs] 
Heap after GC invocations=583 (full 4):
 PSYoungGen      total 405504K, used 8425K [0x00000000d5580000, 0x00000000f0600000, 0x0000000100000000)
  eden space 381952K, 0% used [0x00000000d5580000,0x00000000d5580000,0x00000000eca80000)
  from space 23552K, 35% used [0x00000000eca80000,0x00000000ed2ba4d8,0x00000000ee180000)
  to   space 23040K, 0% used [0x00000000eef80000,0x00000000eef80000,0x00000000f0600000)
 ParOldGen       total 316416K, used 99410K [0x0000000080000000, 0x0000000093500000, 0x00000000d5580000)
  object space 316416K, 31% used [0x0000000080000000,0x0000000086114b60,0x0000000093500000)
 Metaspace       used 94096K, capacity 96579K, committed 99200K, reserved 1136640K
  class space    used 11242K, capacity 11640K, committed 12160K, reserved 1048576K
}
{Heap before GC invocations=584 (full 4):
 PSYoungGen      total 405504K, used 390376K [0x00000000d5580000, 0x00000000f0600000, 0x0000000100000000)
  eden space 381952K, 99% used [0x00000000d5580000,0x00000000eca7fc50,0x00000000eca80000)
  from space 23552K, 35% used [0x00000000eca80000,0x00000000ed2ba4d8,0x00000000ee180000)
  to   space 23040K, 0% used [0x00000000eef80000,0x00000000eef80000,0x00000000f0600000)
 ParOldGen       total 316416K, used 99410K [0x0000000080000000, 0x0000000093500000, 0x00000000d5580000)
  object space 316416K, 31% used [0x0000000080000000,0x0000000086114b60,0x0000000093500000)
 Metaspace       used 94096K, capacity 96579K, committed 99200K, reserved 1136640K
  class space    used 11242K, capacity 11640K, committed 12160K, reserved 1048576K
2023-04-21T00:00:54.487+0600: 2414926.570: [GC (Allocation Failure) [PSYoungGen: 390376K->8361K(417792K)] 489787K->107804K(734208K), 0.0121112 secs] [Times: user=0.02 sys=0.00, real=0.01 secs] 
Heap after GC invocations=584 (full 4):
 PSYoungGen      total 417792K, used 8361K [0x00000000d5580000, 0x00000000f0400000, 0x0000000100000000)
  eden space 396800K, 0% used [0x00000000d5580000,0x00000000d5580000,0x00000000ed900000)
  from space 20992K, 39% used [0x00000000eef80000,0x00000000ef7aa4d8,0x00000000f0400000)
  to   space 22016K, 0% used [0x00000000ed900000,0x00000000ed900000,0x00000000eee80000)
 ParOldGen       total 316416K, used 99442K [0x0000000080000000, 0x0000000093500000, 0x00000000d5580000)
  object space 316416K, 31% used [0x0000000080000000,0x000000008611cb60,0x0000000093500000)
 Metaspace       used 94096K, capacity 96579K, committed 99200K, reserved 1136640K
  class space    used 11242K, capacity 11640K, committed 12160K, reserved 1048576K
}
{Heap before GC invocations=585 (full 4):
 PSYoungGen      total 417792K, used 402243K [0x00000000d5580000, 0x00000000f0400000, 0x0000000100000000)
  eden space 396800K, 99% used [0x00000000d5580000,0x00000000ed6268c8,0x00000000ed900000)
  from space 20992K, 39% used [0x00000000eef80000,0x00000000ef7aa4d8,0x00000000f0400000)
  to   space 22016K, 0% used [0x00000000ed900000,0x00000000ed900000,0x00000000eee80000)
 ParOldGen       total 316416K, used 99442K [0x0000000080000000, 0x0000000093500000, 0x00000000d5580000)
  object space 316416K, 31% used [0x0000000080000000,0x000000008611cb60,0x0000000093500000)
 Metaspace       used 94106K, capacity 96579K, committed 99200K, reserved 1136640K
  class space    used 11242K, capacity 11640K, committed 12160K, reserved 1048576K
2023-04-21T00:00:56.665+0600: 2414928.748: [GC (Allocation Failure) [PSYoungGen: 402243K->10578K(418816K)] 501686K->110076K(735232K), 0.0128395 secs] [Times: user=0.03 sys=0.00, real=0.01 secs] 
Heap after GC invocations=585 (full 4):
 PSYoungGen      total 418816K, used 10578K [0x00000000d5580000, 0x00000000f1080000, 0x0000000100000000)
  eden space 396800K, 0% used [0x00000000d5580000,0x00000000d5580000,0x00000000ed900000)
  from space 22016K, 48% used [0x00000000ed900000,0x00000000ee354990,0x00000000eee80000)
  to   space 20992K, 0% used [0x00000000efc00000,0x00000000efc00000,0x00000000f1080000)
 ParOldGen       total 316416K, used 99498K [0x0000000080000000, 0x0000000093500000, 0x00000000d5580000)
  object space 316416K, 31% used [0x0000000080000000,0x000000008612aa00,0x0000000093500000)
 Metaspace       used 94106K, capacity 96579K, committed 99200K, reserved 1136640K
  class space    used 11242K, capacity 11640K, committed 12160K, reserved 1048576K
}
{Heap before GC invocations=586 (full 4):
 PSYoungGen      total 418816K, used 407075K [0x00000000d5580000, 0x00000000f1080000, 0x0000000100000000)
  eden space 396800K, 99% used [0x00000000d5580000,0x00000000ed8b4300,0x00000000ed900000)
  from space 22016K, 48% used [0x00000000ed900000,0x00000000ee354990,0x00000000eee80000)
  to   space 20992K, 0% used [0x00000000efc00000,0x00000000efc00000,0x00000000f1080000)
 ParOldGen       total 316416K, used 99498K [0x0000000080000000, 0x0000000093500000, 0x00000000d5580000)
  object space 316416K, 31% used [0x0000000080000000,0x000000008612aa00,0x0000000093500000)
 Metaspace       used 94106K, capacity 96579K, committed 99200K, reserved 1136640K
  class space    used 11242K, capacity 11640K, committed 12160K, reserved 1048576K
2023-04-21T00:00:58.611+0600: 2414930.694: [GC (Allocation Failure) [PSYoungGen: 407075K->18212K(430592K)] 506573K->117711K(747008K), 0.0232333 secs] [Times: user=0.04 sys=0.00, real=0.02 secs] 
Heap after GC invocations=586 (full 4):
 PSYoungGen      total 430592K, used 18212K [0x00000000d5580000, 0x00000000f1700000, 0x0000000100000000)
  eden space 409600K, 0% used [0x00000000d5580000,0x00000000d5580000,0x00000000ee580000)
  from space 20992K, 86% used [0x00000000efc00000,0x00000000f0dc9300,0x00000000f1080000)
  to   space 23040K, 0% used [0x00000000ee580000,0x00000000ee580000,0x00000000efc00000)
 ParOldGen       total 316416K, used 99498K [0x0000000080000000, 0x0000000093500000, 0x00000000d5580000)
  object space 316416K, 31% used [0x0000000080000000,0x000000008612aa00,0x0000000093500000)
 Metaspace       used 94106K, capacity 96579K, committed 99200K, reserved 1136640K
  class space    used 11242K, capacity 11640K, committed 12160K, reserved 1048576K
}
{Heap before GC invocations=587 (full 4):
 PSYoungGen      total 430592K, used 426580K [0x00000000d5580000, 0x00000000f1700000, 0x0000000100000000)
  eden space 409600K, 99% used [0x00000000d5580000,0x00000000ee44c020,0x00000000ee580000)
  from space 20992K, 86% used [0x00000000efc00000,0x00000000f0dc9300,0x00000000f1080000)
  to   space 23040K, 0% used [0x00000000ee580000,0x00000000ee580000,0x00000000efc00000)
 ParOldGen       total 316416K, used 99498K [0x0000000080000000, 0x0000000093500000, 0x00000000d5580000)
  object space 316416K, 31% used [0x0000000080000000,0x000000008612aa00,0x0000000093500000)
 Metaspace       used 94106K, capacity 96579K, committed 99200K, reserved 1136640K
  class space    used 11242K, capacity 11640K, committed 12160K, reserved 1048576K
2023-04-21T00:01:00.717+0600: 2414932.799: [GC (Allocation Failure) [PSYoungGen: 426580K->14558K(432640K)] 526079K->114104K(749056K), 0.0125646 secs] [Times: user=0.03 sys=0.00, real=0.02 secs] 
Heap after GC invocations=587 (full 4):
 PSYoungGen      total 432640K, used 14558K [0x00000000d5580000, 0x00000000f2380000, 0x0000000100000000)
  eden space 409600K, 0% used [0x00000000d5580000,0x00000000d5580000,0x00000000ee580000)
  from space 23040K, 63% used [0x00000000ee580000,0x00000000ef3b79b0,0x00000000efc00000)
  to   space 23040K, 0% used [0x00000000f0d00000,0x00000000f0d00000,0x00000000f2380000)
 ParOldGen       total 316416K, used 99546K [0x0000000080000000, 0x0000000093500000, 0x00000000d5580000)
  object space 316416K, 31% used [0x0000000080000000,0x0000000086136950,0x0000000093500000)
 Metaspace       used 94106K, capacity 96579K, committed 99200K, reserved 1136640K
  class space    used 11242K, capacity 11640K, committed 12160K, reserved 1048576K
}
{Heap before GC invocations=588 (full 4):
 PSYoungGen      total 432640K, used 422666K [0x00000000d5580000, 0x00000000f2380000, 0x0000000100000000)
  eden space 409600K, 99% used [0x00000000d5580000,0x00000000ee40b0f8,0x00000000ee580000)
  from space 23040K, 63% used [0x00000000ee580000,0x00000000ef3b79b0,0x00000000efc00000)
  to   space 23040K, 0% used [0x00000000f0d00000,0x00000000f0d00000,0x00000000f2380000)
 ParOldGen       total 316416K, used 99546K [0x0000000080000000, 0x0000000093500000, 0x00000000d5580000)
  object space 316416K, 31% used [0x0000000080000000,0x0000000086136950,0x0000000093500000)
 Metaspace       used 94106K, capacity 96579K, committed 99200K, reserved 1136640K
  class space    used 11242K, capacity 11640K, committed 12160K, reserved 1048576K
2023-04-21T00:01:02.859+0600: 2414934.942: [GC (Allocation Failure) [PSYoungGen: 422666K->18276K(448512K)] 522212K->117878K(764928K), 0.0215867 secs] [Times: user=0.04 sys=0.00, real=0.02 secs] 
Heap after GC invocations=588 (full 4):
 PSYoungGen      total 448512K, used 18276K [0x00000000d5580000, 0x00000000f2780000, 0x0000000100000000)
  eden space 425472K, 0% used [0x00000000d5580000,0x00000000d5580000,0x00000000ef500000)
  from space 23040K, 79% used [0x00000000f0d00000,0x00000000f1ed9310,0x00000000f2380000)
  to   space 24576K, 0% used [0x00000000ef500000,0x00000000ef500000,0x00000000f0d00000)
 ParOldGen       total 316416K, used 99601K [0x0000000080000000, 0x0000000093500000, 0x00000000d5580000)
  object space 316416K, 31% used [0x0000000080000000,0x00000000861447f0,0x0000000093500000)
 Metaspace       used 94106K, capacity 96579K, committed 99200K, reserved 1136640K
  class space    used 11242K, capacity 11640K, committed 12160K, reserved 1048576K
}
{Heap before GC invocations=589 (full 4):
 PSYoungGen      total 448512K, used 441442K [0x00000000d5580000, 0x00000000f2780000, 0x0000000100000000)
  eden space 425472K, 99% used [0x00000000d5580000,0x00000000ef2bf720,0x00000000ef500000)
  from space 23040K, 79% used [0x00000000f0d00000,0x00000000f1ed9310,0x00000000f2380000)
  to   space 24576K, 0% used [0x00000000ef500000,0x00000000ef500000,0x00000000f0d00000)
 ParOldGen       total 316416K, used 99601K [0x0000000080000000, 0x0000000093500000, 0x00000000d5580000)
  object space 316416K, 31% used [0x0000000080000000,0x00000000861447f0,0x0000000093500000)
 Metaspace       used 94106K, capacity 96579K, committed 99200K, reserved 1136640K
  class space    used 11242K, capacity 11640K, committed 12160K, reserved 1048576K
2023-04-21T00:01:05.253+0600: 2414937.335: [GC (Allocation Failure) [PSYoungGen: 441442K->14523K(450048K)] 541044K->114157K(766464K), 0.0122958 secs] [Times: user=0.02 sys=0.00, real=0.01 secs] 
Heap after GC invocations=589 (full 4):
 PSYoungGen      total 450048K, used 14523K [0x00000000d5580000, 0x00000000f3580000, 0x0000000100000000)
  eden space 425472K, 0% used [0x00000000d5580000,0x00000000d5580000,0x00000000ef500000)
  from space 24576K, 59% used [0x00000000ef500000,0x00000000f032ee58,0x00000000f0d00000)
  to   space 24064K, 0% used [0x00000000f1e00000,0x00000000f1e00000,0x00000000f3580000)
 ParOldGen       total 316416K, used 99633K [0x0000000080000000, 0x0000000093500000, 0x00000000d5580000)
  object space 316416K, 31% used [0x0000000080000000,0x000000008614c740,0x0000000093500000)
 Metaspace       used 94106K, capacity 96579K, committed 99200K, reserved 1136640K
  class space    used 11242K, capacity 11640K, committed 12160K, reserved 1048576K
}
{Heap before GC invocations=590 (full 4):
 PSYoungGen      total 450048K, used 437466K [0x00000000d5580000, 0x00000000f3580000, 0x0000000100000000)
  eden space 425472K, 99% used [0x00000000d5580000,0x00000000ef287d68,0x00000000ef500000)
  from space 24576K, 59% used [0x00000000ef500000,0x00000000f032ee58,0x00000000f0d00000)
  to   space 24064K, 0% used [0x00000000f1e00000,0x00000000f1e00000,0x00000000f3580000)
 ParOldGen       total 316416K, used 99633K [0x0000000080000000, 0x0000000093500000, 0x00000000d5580000)
  object space 316416K, 31% used [0x0000000080000000,0x000000008614c740,0x0000000093500000)
 Metaspace       used 94106K, capacity 96579K, committed 99200K, reserved 1136640K
  class space    used 11242K, capacity 11640K, committed 12160K, reserved 1048576K
2023-04-21T00:01:07.443+0600: 2414939.526: [GC (Allocation Failure) [PSYoungGen: 437466K->14619K(467456K)] 537100K->114293K(783872K), 0.0175568 secs] [Times: user=0.04 sys=0.00, real=0.02 secs] 
Heap after GC invocations=590 (full 4):
 PSYoungGen      total 467456K, used 14619K [0x00000000d5580000, 0x00000000f3500000, 0x0000000100000000)
  eden space 443904K, 0% used [0x00000000d5580000,0x00000000d5580000,0x00000000f0700000)
  from space 23552K, 62% used [0x00000000f1e00000,0x00000000f2c46e58,0x00000000f3500000)
  to   space 23552K, 0% used [0x00000000f0700000,0x00000000f0700000,0x00000000f1e00000)
 ParOldGen       total 316416K, used 99673K [0x0000000080000000, 0x0000000093500000, 0x00000000d5580000)
  object space 316416K, 31% used [0x0000000080000000,0x0000000086156690,0x0000000093500000)
 Metaspace       used 94106K, capacity 96579K, committed 99200K, reserved 1136640K
  class space    used 11242K, capacity 11640K, committed 12160K, reserved 1048576K
}
{Heap before GC invocations=591 (full 4):
 PSYoungGen      total 467456K, used 457023K [0x00000000d5580000, 0x00000000f3500000, 0x0000000100000000)
  eden space 443904K, 99% used [0x00000000d5580000,0x00000000f0588df0,0x00000000f0700000)
  from space 23552K, 62% used [0x00000000f1e00000,0x00000000f2c46e58,0x00000000f3500000)
  to   space 23552K, 0% used [0x00000000f0700000,0x00000000f0700000,0x00000000f1e00000)
 ParOldGen       total 316416K, used 99673K [0x0000000080000000, 0x0000000093500000, 0x00000000d5580000)
  object space 316416K, 31% used [0x0000000080000000,0x0000000086156690,0x0000000093500000)
 Metaspace       used 94106K, capacity 96579K, committed 99200K, reserved 1136640K
  class space    used 11242K, capacity 11640K, committed 12160K, reserved 1048576K
2023-04-21T00:01:09.851+0600: 2414941.934: [GC (Allocation Failure) [PSYoungGen: 457023K->10962K(467456K)] 556696K->110683K(783872K), 0.0104566 secs] [Times: user=0.02 sys=0.00, real=0.01 secs] 
Heap after GC invocations=591 (full 4):
 PSYoungGen      total 467456K, used 10962K [0x00000000d5580000, 0x00000000f4500000, 0x0000000100000000)
  eden space 443904K, 0% used [0x00000000d5580000,0x00000000d5580000,0x00000000f0700000)
  from space 23552K, 46% used [0x00000000f0700000,0x00000000f11b49b0,0x00000000f1e00000)
  to   space 23040K, 0% used [0x00000000f2e80000,0x00000000f2e80000,0x00000000f4500000)
 ParOldGen       total 316416K, used 99721K [0x0000000080000000, 0x0000000093500000, 0x00000000d5580000)
  object space 316416K, 31% used [0x0000000080000000,0x0000000086162530,0x0000000093500000)
 Metaspace       used 94106K, capacity 96579K, committed 99200K, reserved 1136640K
  class space    used 11242K, capacity 11640K, committed 12160K, reserved 1048576K
}
{Heap before GC invocations=592 (full 4):
 PSYoungGen      total 467456K, used 452429K [0x00000000d5580000, 0x00000000f4500000, 0x0000000100000000)
  eden space 443904K, 99% used [0x00000000d5580000,0x00000000f049ecf8,0x00000000f0700000)
  from space 23552K, 46% used [0x00000000f0700000,0x00000000f11b49b0,0x00000000f1e00000)
  to   space 23040K, 0% used [0x00000000f2e80000,0x00000000f2e80000,0x00000000f4500000)
 ParOldGen       total 316416K, used 99721K [0x0000000080000000, 0x0000000093500000, 0x00000000d5580000)
  object space 316416K, 31% used [0x0000000080000000,0x0000000086162530,0x0000000093500000)
 Metaspace       used 94106K, capacity 96579K, committed 99200K, reserved 1136640K
  class space    used 11242K, capacity 11640K, committed 12160K, reserved 1048576K
2023-04-21T00:01:12.093+0600: 2414944.176: [GC (Allocation Failure) [PSYoungGen: 452429K->14651K(482304K)] 552150K->114484K(798720K), 0.0139861 secs] [Times: user=0.02 sys=0.00, real=0.01 secs] 
Heap after GC invocations=592 (full 4):
 PSYoungGen      total 482304K, used 14651K [0x00000000d5580000, 0x00000000f4380000, 0x0000000100000000)
  eden space 460800K, 0% used [0x00000000d5580000,0x00000000d5580000,0x00000000f1780000)
  from space 21504K, 68% used [0x00000000f2e80000,0x00000000f3ccee68,0x00000000f4380000)
  to   space 22528K, 0% used [0x00000000f1780000,0x00000000f1780000,0x00000000f2d80000)
 ParOldGen       total 316416K, used 99833K [0x0000000080000000, 0x0000000093500000, 0x00000000d5580000)
  object space 316416K, 31% used [0x0000000080000000,0x000000008617e4b0,0x0000000093500000)
 Metaspace       used 94106K, capacity 96579K, committed 99200K, reserved 1136640K
  class space    used 11242K, capacity 11640K, committed 12160K, reserved 1048576K
}
{Heap before GC invocations=593 (full 4):
 PSYoungGen      total 482304K, used 475105K [0x00000000d5580000, 0x00000000f4380000, 0x0000000100000000)
  eden space 460800K, 99% used [0x00000000d5580000,0x00000000f1729620,0x00000000f1780000)
  from space 21504K, 68% used [0x00000000f2e80000,0x00000000f3ccee68,0x00000000f4380000)
  to   space 22528K, 0% used [0x00000000f1780000,0x00000000f1780000,0x00000000f2d80000)
 ParOldGen       total 316416K, used 99833K [0x0000000080000000, 0x0000000093500000, 0x00000000d5580000)
  object space 316416K, 31% used [0x0000000080000000,0x000000008617e4b0,0x0000000093500000)
 Metaspace       used 94106K, capacity 96579K, committed 99200K, reserved 1136640K
  class space    used 11242K, capacity 11640K, committed 12160K, reserved 1048576K
2023-04-21T00:01:14.447+0600: 2414946.530: [GC (Allocation Failure) [PSYoungGen: 475105K->14683K(483328K)] 574938K->114548K(799744K), 0.0145049 secs] [Times: user=0.03 sys=0.00, real=0.02 secs] 
Heap after GC invocations=593 (full 4):
 PSYoungGen      total 483328K, used 14683K [0x00000000d5580000, 0x00000000f5480000, 0x0000000100000000)
  eden space 460800K, 0% used [0x00000000d5580000,0x00000000d5580000,0x00000000f1780000)
  from space 22528K, 65% used [0x00000000f1780000,0x00000000f25d6e68,0x00000000f2d80000)
  to   space 22528K, 0% used [0x00000000f3e80000,0x00000000f3e80000,0x00000000f5480000)
 ParOldGen       total 316416K, used 99864K [0x0000000080000000, 0x0000000093500000, 0x00000000d5580000)
  object space 316416K, 31% used [0x0000000080000000,0x0000000086186350,0x0000000093500000)
 Metaspace       used 94106K, capacity 96579K, committed 99200K, reserved 1136640K
  class space    used 11242K, capacity 11640K, committed 12160K, reserved 1048576K
}
{Heap before GC invocations=594 (full 4):
 PSYoungGen      total 483328K, used 474533K [0x00000000d5580000, 0x00000000f5480000, 0x0000000100000000)
  eden space 460800K, 99% used [0x00000000d5580000,0x00000000f16925f8,0x00000000f1780000)
  from space 22528K, 65% used [0x00000000f1780000,0x00000000f25d6e68,0x00000000f2d80000)
  to   space 22528K, 0% used [0x00000000f3e80000,0x00000000f3e80000,0x00000000f5480000)
 ParOldGen       total 316416K, used 99864K [0x0000000080000000, 0x0000000093500000, 0x00000000d5580000)
  object space 316416K, 31% used [0x0000000080000000,0x0000000086186350,0x0000000093500000)
 Metaspace       used 94106K, capacity 96579K, committed 99200K, reserved 1136640K
  class space    used 11242K, capacity 11640K, committed 12160K, reserved 1048576K
2023-04-21T00:01:16.924+0600: 2414949.007: [GC (Allocation Failure) [PSYoungGen: 474533K->11869K(499712K)] 574397K->111766K(816128K), 0.0179081 secs] [Times: user=0.03 sys=0.00, real=0.02 secs] 
Heap after GC invocations=594 (full 4):
 PSYoungGen      total 499712K, used 11869K [0x00000000d5580000, 0x00000000f5300000, 0x0000000100000000)
  eden space 478720K, 0% used [0x00000000d5580000,0x00000000d5580000,0x00000000f2900000)
  from space 20992K, 56% used [0x00000000f3e80000,0x00000000f4a175c0,0x00000000f5300000)
  to   space 21504K, 0% used [0x00000000f2900000,0x00000000f2900000,0x00000000f3e00000)
 ParOldGen       total 316416K, used 99896K [0x0000000080000000, 0x0000000093500000, 0x00000000d5580000)
  object space 316416K, 31% used [0x0000000080000000,0x000000008618e350,0x0000000093500000)
 Metaspace       used 94106K, capacity 96579K, committed 99200K, reserved 1136640K
  class space    used 11242K, capacity 11640K, committed 12160K, reserved 1048576K
}
{Heap before GC invocations=595 (full 4):
 PSYoungGen      total 499712K, used 487871K [0x00000000d5580000, 0x00000000f5300000, 0x0000000100000000)
  eden space 478720K, 99% used [0x00000000d5580000,0x00000000f2658998,0x00000000f2900000)
  from space 20992K, 56% used [0x00000000f3e80000,0x00000000f4a175c0,0x00000000f5300000)
  to   space 21504K, 0% used [0x00000000f2900000,0x00000000f2900000,0x00000000f3e00000)
 ParOldGen       total 316416K, used 99896K [0x0000000080000000, 0x0000000093500000, 0x00000000d5580000)
  object space 316416K, 31% used [0x0000000080000000,0x000000008618e350,0x0000000093500000)
 Metaspace       used 94106K, capacity 96579K, committed 99200K, reserved 1136640K
  class space    used 11242K, capacity 11640K, committed 12160K, reserved 1048576K
2023-04-21T00:01:19.460+0600: 2414951.543: [GC (Allocation Failure) [PSYoungGen: 487871K->14523K(500224K)] 587768K->114595K(816640K), 0.0130706 secs] [Times: user=0.02 sys=0.00, real=0.01 secs] 
Heap after GC invocations=595 (full 4):
 PSYoungGen      total 500224K, used 14523K [0x00000000d5580000, 0x00000000f6480000, 0x0000000100000000)
  eden space 478720K, 0% used [0x00000000d5580000,0x00000000d5580000,0x00000000f2900000)
  from space 21504K, 67% used [0x00000000f2900000,0x00000000f372ee58,0x00000000f3e00000)
  to   space 21504K, 0% used [0x00000000f4f80000,0x00000000f4f80000,0x00000000f6480000)
 ParOldGen       total 316416K, used 100072K [0x0000000080000000, 0x0000000093500000, 0x00000000d5580000)
  object space 316416K, 31% used [0x0000000080000000,0x00000000861ba010,0x0000000093500000)
 Metaspace       used 94106K, capacity 96579K, committed 99200K, reserved 1136640K
  class space    used 11242K, capacity 11640K, committed 12160K, reserved 1048576K
}
{Heap before GC invocations=596 (full 4):
 PSYoungGen      total 500224K, used 490587K [0x00000000d5580000, 0x00000000f6480000, 0x0000000100000000)
  eden space 478720K, 99% used [0x00000000d5580000,0x00000000f2667eb0,0x00000000f2900000)
  from space 21504K, 67% used [0x00000000f2900000,0x00000000f372ee58,0x00000000f3e00000)
  to   space 21504K, 0% used [0x00000000f4f80000,0x00000000f4f80000,0x00000000f6480000)
 ParOldGen       total 316416K, used 100072K [0x0000000080000000, 0x0000000093500000, 0x00000000d5580000)
  object space 316416K, 31% used [0x0000000080000000,0x00000000861ba010,0x0000000093500000)
 Metaspace       used 94106K, capacity 96579K, committed 99200K, reserved 1136640K
  class space    used 11242K, capacity 11640K, committed 12160K, reserved 1048576K
2023-04-21T00:01:21.960+0600: 2414954.043: [GC (Allocation Failure) [PSYoungGen: 490587K->14491K(518144K)] 590659K->114643K(834560K), 0.0202553 secs] [Times: user=0.04 sys=0.00, real=0.02 secs] 
Heap after GC invocations=596 (full 4):
 PSYoungGen      total 518144K, used 14491K [0x00000000d5580000, 0x00000000f6580000, 0x0000000100000000)
  eden space 496640K, 0% used [0x00000000d5580000,0x00000000d5580000,0x00000000f3a80000)
  from space 21504K, 67% used [0x00000000f4f80000,0x00000000f5da6e58,0x00000000f6480000)
  to   space 21504K, 0% used [0x00000000f3a80000,0x00000000f3a80000,0x00000000f4f80000)
 ParOldGen       total 316416K, used 100151K [0x0000000080000000, 0x0000000093500000, 0x00000000d5580000)
  object space 316416K, 31% used [0x0000000080000000,0x00000000861cde10,0x0000000093500000)
 Metaspace       used 94106K, capacity 96579K, committed 99200K, reserved 1136640K
  class space    used 11242K, capacity 11640K, committed 12160K, reserved 1048576K
}
{Heap before GC invocations=597 (full 4):
 PSYoungGen      total 518144K, used 511131K [0x00000000d5580000, 0x00000000f6580000, 0x0000000100000000)
  eden space 496640K, 100% used [0x00000000d5580000,0x00000000f3a80000,0x00000000f3a80000)
  from space 21504K, 67% used [0x00000000f4f80000,0x00000000f5da6e58,0x00000000f6480000)
  to   space 21504K, 0% used [0x00000000f3a80000,0x00000000f3a80000,0x00000000f4f80000)
 ParOldGen       total 316416K, used 100151K [0x0000000080000000, 0x0000000093500000, 0x00000000d5580000)
  object space 316416K, 31% used [0x0000000080000000,0x00000000861cde10,0x0000000093500000)
 Metaspace       used 94106K, capacity 96579K, committed 99200K, reserved 1136640K
  class space    used 11242K, capacity 11640K, committed 12160K, reserved 1048576K
2023-04-21T00:01:24.225+0600: 2414956.308: [GC (Allocation Failure) [PSYoungGen: 511131K->8905K(518144K)] 611283K->109104K(834560K), 0.0101285 secs] [Times: user=0.02 sys=0.00, real=0.01 secs] 
Heap after GC invocations=597 (full 4):
 PSYoungGen      total 518144K, used 8905K [0x00000000d5580000, 0x00000000f7580000, 0x0000000100000000)
  eden space 496640K, 0% used [0x00000000d5580000,0x00000000d5580000,0x00000000f3a80000)
  from space 21504K, 41% used [0x00000000f3a80000,0x00000000f43324e8,0x00000000f4f80000)
  to   space 20992K, 0% used [0x00000000f6100000,0x00000000f6100000,0x00000000f7580000)
 ParOldGen       total 316416K, used 100199K [0x0000000080000000, 0x0000000093500000, 0x00000000d5580000)
  object space 316416K, 31% used [0x0000000080000000,0x00000000861d9d60,0x0000000093500000)
 Metaspace       used 94106K, capacity 96579K, committed 99200K, reserved 1136640K
  class space    used 11242K, capacity 11640K, committed 12160K, reserved 1048576K
}
{Heap before GC invocations=598 (full 4):
 PSYoungGen      total 518144K, used 505545K [0x00000000d5580000, 0x00000000f7580000, 0x0000000100000000)
  eden space 496640K, 100% used [0x00000000d5580000,0x00000000f3a80000,0x00000000f3a80000)
  from space 21504K, 41% used [0x00000000f3a80000,0x00000000f43324e8,0x00000000f4f80000)
  to   space 20992K, 0% used [0x00000000f6100000,0x00000000f6100000,0x00000000f7580000)
 ParOldGen       total 316416K, used 100199K [0x0000000080000000, 0x0000000093500000, 0x00000000d5580000)
  object space 316416K, 31% used [0x0000000080000000,0x00000000861d9d60,0x0000000093500000)
 Metaspace       used 94106K, capacity 96579K, committed 99200K, reserved 1136640K
  class space    used 11242K, capacity 11640K, committed 12160K, reserved 1048576K
2023-04-21T00:01:26.592+0600: 2414958.675: [GC (Allocation Failure) [PSYoungGen: 505545K->8713K(532992K)] 605744K->108952K(849408K), 0.0096122 secs] [Times: user=0.02 sys=0.00, real=0.01 secs] 
Heap after GC invocations=598 (full 4):
 PSYoungGen      total 532992K, used 8713K [0x00000000d5580000, 0x00000000f7400000, 0x0000000100000000)
  eden space 513536K, 0% used [0x00000000d5580000,0x00000000d5580000,0x00000000f4b00000)
  from space 19456K, 44% used [0x00000000f6100000,0x00000000f69824e8,0x00000000f7400000)
  to   space 20992K, 0% used [0x00000000f4b00000,0x00000000f4b00000,0x00000000f5f80000)
 ParOldGen       total 316416K, used 100239K [0x0000000080000000, 0x0000000093500000, 0x00000000d5580000)
  object space 316416K, 31% used [0x0000000080000000,0x00000000861e3cb0,0x0000000093500000)
 Metaspace       used 94106K, capacity 96579K, committed 99200K, reserved 1136640K
  class space    used 11242K, capacity 11640K, committed 12160K, reserved 1048576K
}
{Heap before GC invocations=599 (full 4):
 PSYoungGen      total 532992K, used 522209K [0x00000000d5580000, 0x00000000f7400000, 0x0000000100000000)
  eden space 513536K, 99% used [0x00000000d5580000,0x00000000f4af6098,0x00000000f4b00000)
  from space 19456K, 44% used [0x00000000f6100000,0x00000000f69824e8,0x00000000f7400000)
  to   space 20992K, 0% used [0x00000000f4b00000,0x00000000f4b00000,0x00000000f5f80000)
 ParOldGen       total 316416K, used 100239K [0x0000000080000000, 0x0000000093500000, 0x00000000d5580000)
  object space 316416K, 31% used [0x0000000080000000,0x00000000861e3cb0,0x0000000093500000)
 Metaspace       used 94106K, capacity 96579K, committed 99200K, reserved 1136640K
  class space    used 11242K, capacity 11640K, committed 12160K, reserved 1048576K
2023-04-21T00:01:29.575+0600: 2414961.658: [GC (Allocation Failure) [PSYoungGen: 522209K->6921K(534528K)] 622448K->107200K(850944K), 0.0118765 secs] [Times: user=0.02 sys=0.00, real=0.01 secs] 
Heap after GC invocations=599 (full 4):
 PSYoungGen      total 534528K, used 6921K [0x00000000d5580000, 0x00000000f8400000, 0x0000000100000000)
  eden space 513536K, 0% used [0x00000000d5580000,0x00000000d5580000,0x00000000f4b00000)
  from space 20992K, 32% used [0x00000000f4b00000,0x00000000f51c24e8,0x00000000f5f80000)
  to   space 20992K, 0% used [0x00000000f6f80000,0x00000000f6f80000,0x00000000f8400000)
 ParOldGen       total 316416K, used 100278K [0x0000000080000000, 0x0000000093500000, 0x00000000d5580000)
  object space 316416K, 31% used [0x0000000080000000,0x00000000861edb50,0x0000000093500000)
 Metaspace       used 94106K, capacity 96579K, committed 99200K, reserved 1136640K
  class space    used 11242K, capacity 11640K, committed 12160K, reserved 1048576K
}
{Heap before GC invocations=600 (full 4):
 PSYoungGen      total 534528K, used 516771K [0x00000000d5580000, 0x00000000f8400000, 0x0000000100000000)
  eden space 513536K, 99% used [0x00000000d5580000,0x00000000f4766a60,0x00000000f4b00000)
  from space 20992K, 32% used [0x00000000f4b00000,0x00000000f51c24e8,0x00000000f5f80000)
  to   space 20992K, 0% used [0x00000000f6f80000,0x00000000f6f80000,0x00000000f8400000)
 ParOldGen       total 316416K, used 100278K [0x0000000080000000, 0x0000000093500000, 0x00000000d5580000)
  object space 316416K, 31% used [0x0000000080000000,0x00000000861edb50,0x0000000093500000)
 Metaspace       used 94106K, capacity 96579K, committed 99200K, reserved 1136640K
  class space    used 11242K, capacity 11640K, committed 12160K, reserved 1048576K
2023-04-21T00:01:32.604+0600: 2414964.686: [GC (Allocation Failure) [PSYoungGen: 516771K->14523K(550912K)] 617050K->114834K(867328K), 0.0152413 secs] [Times: user=0.03 sys=0.00, real=0.01 secs] 
Heap after GC invocations=600 (full 4):
 PSYoungGen      total 550912K, used 14523K [0x00000000d5580000, 0x00000000f8400000, 0x0000000100000000)
  eden space 529920K, 0% used [0x00000000d5580000,0x00000000d5580000,0x00000000f5b00000)
  from space 20992K, 69% used [0x00000000f6f80000,0x00000000f7daee58,0x00000000f8400000)
  to   space 20992K, 0% used [0x00000000f5b00000,0x00000000f5b00000,0x00000000f6f80000)
 ParOldGen       total 316416K, used 100310K [0x0000000080000000, 0x0000000093500000, 0x00000000d5580000)
  object space 316416K, 31% used [0x0000000080000000,0x00000000861f5b50,0x0000000093500000)
 Metaspace       used 94106K, capacity 96579K, committed 99200K, reserved 1136640K
  class space    used 11242K, capacity 11640K, committed 12160K, reserved 1048576K
}
{Heap before GC invocations=601 (full 4):
 PSYoungGen      total 550912K, used 543223K [0x00000000d5580000, 0x00000000f8400000, 0x0000000100000000)
  eden space 529920K, 99% used [0x00000000d5580000,0x00000000f59cef48,0x00000000f5b00000)
  from space 20992K, 69% used [0x00000000f6f80000,0x00000000f7daee58,0x00000000f8400000)
  to   space 20992K, 0% used [0x00000000f5b00000,0x00000000f5b00000,0x00000000f6f80000)
 ParOldGen       total 316416K, used 100310K [0x0000000080000000, 0x0000000093500000, 0x00000000d5580000)
  object space 316416K, 31% used [0x0000000080000000,0x00000000861f5b50,0x0000000093500000)
 Metaspace       used 94106K, capacity 96579K, committed 99200K, reserved 1136640K
  class space    used 11242K, capacity 11640K, committed 12160K, reserved 1048576K
2023-04-21T00:01:35.491+0600: 2414967.574: [GC (Allocation Failure) [PSYoungGen: 543223K->14587K(550912K)] 643534K->114954K(867328K), 0.0125498 secs] [Times: user=0.02 sys=0.00, real=0.01 secs] 
Heap after GC invocations=601 (full 4):
 PSYoungGen      total 550912K, used 14587K [0x00000000d5580000, 0x00000000f9500000, 0x0000000100000000)
  eden space 529920K, 0% used [0x00000000d5580000,0x00000000d5580000,0x00000000f5b00000)
  from space 20992K, 69% used [0x00000000f5b00000,0x00000000f693ee58,0x00000000f6f80000)
  to   space 21504K, 0% used [0x00000000f8000000,0x00000000f8000000,0x00000000f9500000)
 ParOldGen       total 316416K, used 100366K [0x0000000080000000, 0x0000000093500000, 0x00000000d5580000)
  object space 316416K, 31% used [0x0000000080000000,0x00000000862039f0,0x0000000093500000)
 Metaspace       used 94106K, capacity 96579K, committed 99200K, reserved 1136640K
  class space    used 11242K, capacity 11640K, committed 12160K, reserved 1048576K
}
{Heap before GC invocations=602 (full 4):
 PSYoungGen      total 550912K, used 542691K [0x00000000d5580000, 0x00000000f9500000, 0x0000000100000000)
  eden space 529920K, 99% used [0x00000000d5580000,0x00000000f5939e70,0x00000000f5b00000)
  from space 20992K, 69% used [0x00000000f5b00000,0x00000000f693ee58,0x00000000f6f80000)
  to   space 21504K, 0% used [0x00000000f8000000,0x00000000f8000000,0x00000000f9500000)
 ParOldGen       total 316416K, used 100366K [0x0000000080000000, 0x0000000093500000, 0x00000000d5580000)
  object space 316416K, 31% used [0x0000000080000000,0x00000000862039f0,0x0000000093500000)
 Metaspace       used 94106K, capacity 96579K, committed 99200K, reserved 1136640K
  class space    used 11242K, capacity 11640K, committed 12160K, reserved 1048576K
2023-04-21T00:01:38.218+0600: 2414970.301: [GC (Allocation Failure) [PSYoungGen: 542691K->10674K(567808K)] 643057K->111159K(884224K), 0.0175108 secs] [Times: user=0.04 sys=0.00, real=0.02 secs] 
Heap after GC invocations=602 (full 4):
 PSYoungGen      total 567808K, used 10674K [0x00000000d5580000, 0x00000000f9400000, 0x0000000100000000)
  eden space 547328K, 0% used [0x00000000d5580000,0x00000000d5580000,0x00000000f6c00000)
  from space 20480K, 52% used [0x00000000f8000000,0x00000000f8a6c990,0x00000000f9400000)
  to   space 20480K, 0% used [0x00000000f6c00000,0x00000000f6c00000,0x00000000f8000000)
 ParOldGen       total 316416K, used 100485K [0x0000000080000000, 0x0000000093500000, 0x00000000d5580000)
  object space 316416K, 31% used [0x0000000080000000,0x00000000862215d0,0x0000000093500000)
 Metaspace       used 94106K, capacity 96579K, committed 99200K, reserved 1136640K
  class space    used 11242K, capacity 11640K, committed 12160K, reserved 1048576K
}
{Heap before GC invocations=603 (full 4):
 PSYoungGen      total 567808K, used 558002K [0x00000000d5580000, 0x00000000f9400000, 0x0000000100000000)
  eden space 547328K, 100% used [0x00000000d5580000,0x00000000f6c00000,0x00000000f6c00000)
  from space 20480K, 52% used [0x00000000f8000000,0x00000000f8a6c990,0x00000000f9400000)
  to   space 20480K, 0% used [0x00000000f6c00000,0x00000000f6c00000,0x00000000f8000000)
 ParOldGen       total 316416K, used 100485K [0x0000000080000000, 0x0000000093500000, 0x00000000d5580000)
  object space 316416K, 31% used [0x0000000080000000,0x00000000862215d0,0x0000000093500000)
 Metaspace       used 94106K, capacity 96579K, committed 99200K, reserved 1136640K
  class space    used 11242K, capacity 11640K, committed 12160K, reserved 1048576K
2023-04-21T00:01:40.661+0600: 2414972.744: [GC (Allocation Failure) [PSYoungGen: 558002K->8969K(567808K)] 658487K->109510K(884224K), 0.0098631 secs] [Times: user=0.01 sys=0.00, real=0.01 secs] 
Heap after GC invocations=603 (full 4):
 PSYoungGen      total 567808K, used 8969K [0x00000000d5580000, 0x00000000fa480000, 0x0000000100000000)
  eden space 547328K, 0% used [0x00000000d5580000,0x00000000d5580000,0x00000000f6c00000)
  from space 20480K, 43% used [0x00000000f6c00000,0x00000000f74c24e8,0x00000000f8000000)
  to   space 20480K, 0% used [0x00000000f9080000,0x00000000f9080000,0x00000000fa480000)
 ParOldGen       total 316416K, used 100541K [0x0000000080000000, 0x0000000093500000, 0x00000000d5580000)
  object space 316416K, 31% used [0x0000000080000000,0x000000008622f470,0x0000000093500000)
 Metaspace       used 94106K, capacity 96579K, committed 99200K, reserved 1136640K
  class space    used 11242K, capacity 11640K, committed 12160K, reserved 1048576K
}
{Heap before GC invocations=604 (full 4):
 PSYoungGen      total 567808K, used 553441K [0x00000000d5580000, 0x00000000fa480000, 0x0000000100000000)
  eden space 547328K, 99% used [0x00000000d5580000,0x00000000f69361c8,0x00000000f6c00000)
  from space 20480K, 43% used [0x00000000f6c00000,0x00000000f74c24e8,0x00000000f8000000)
  to   space 20480K, 0% used [0x00000000f9080000,0x00000000f9080000,0x00000000fa480000)
 ParOldGen       total 316416K, used 100541K [0x0000000080000000, 0x0000000093500000, 0x00000000d5580000)
  object space 316416K, 31% used [0x0000000080000000,0x000000008622f470,0x0000000093500000)
 Metaspace       used 94106K, capacity 96579K, committed 99200K, reserved 1136640K
  class space    used 11242K, capacity 11640K, committed 12160K, reserved 1048576K
2023-04-21T00:01:43.747+0600: 2414975.830: [GC (Allocation Failure) [PSYoungGen: 553441K->10834K(582656K)] 653982K->111431K(899072K), 0.0152577 secs] [Times: user=0.03 sys=0.00, real=0.02 secs] 
Heap after GC invocations=604 (full 4):
 PSYoungGen      total 582656K, used 10834K [0x00000000d5580000, 0x00000000fa280000, 0x0000000100000000)
  eden space 564224K, 0% used [0x00000000d5580000,0x00000000d5580000,0x00000000f7c80000)
  from space 18432K, 58% used [0x00000000f9080000,0x00000000f9b149a0,0x00000000fa280000)
  to   space 19456K, 0% used [0x00000000f7c80000,0x00000000f7c80000,0x00000000f8f80000)
 ParOldGen       total 316416K, used 100596K [0x0000000080000000, 0x0000000093500000, 0x00000000d5580000)
  object space 316416K, 31% used [0x0000000080000000,0x000000008623d310,0x0000000093500000)
 Metaspace       used 94106K, capacity 96579K, committed 99200K, reserved 1136640K
  class space    used 11242K, capacity 11640K, committed 12160K, reserved 1048576K
}
{Heap before GC invocations=605 (full 4):
 PSYoungGen      total 582656K, used 573453K [0x00000000d5580000, 0x00000000fa280000, 0x0000000100000000)
  eden space 564224K, 99% used [0x00000000d5580000,0x00000000f7aeecf0,0x00000000f7c80000)
  from space 18432K, 58% used [0x00000000f9080000,0x00000000f9b149a0,0x00000000fa280000)
  to   space 19456K, 0% used [0x00000000f7c80000,0x00000000f7c80000,0x00000000f8f80000)
 ParOldGen       total 316416K, used 100596K [0x0000000080000000, 0x0000000093500000, 0x00000000d5580000)
  object space 316416K, 31% used [0x0000000080000000,0x000000008623d310,0x0000000093500000)
 Metaspace       used 94106K, capacity 96579K, committed 99200K, reserved 1136640K
  class space    used 11242K, capacity 11640K, committed 12160K, reserved 1048576K
2023-04-21T00:01:46.644+0600: 2414978.727: [GC (Allocation Failure) [PSYoungGen: 573453K->18372K(583680K)] 674050K->119081K(900096K), 0.0153867 secs] [Times: user=0.02 sys=0.00, real=0.02 secs] 
Heap after GC invocations=605 (full 4):
 PSYoungGen      total 583680K, used 18372K [0x00000000d5580000, 0x00000000fb780000, 0x0000000100000000)
  eden space 564224K, 0% used [0x00000000d5580000,0x00000000d5580000,0x00000000f7c80000)
  from space 19456K, 94% used [0x00000000f7c80000,0x00000000f8e71310,0x00000000f8f80000)
  to   space 21504K, 0% used [0x00000000fa280000,0x00000000fa280000,0x00000000fb780000)
 ParOldGen       total 316416K, used 100708K [0x0000000080000000, 0x0000000093500000, 0x00000000d5580000)
  object space 316416K, 31% used [0x0000000080000000,0x00000000862591e0,0x0000000093500000)
 Metaspace       used 94106K, capacity 96579K, committed 99200K, reserved 1136640K
  class space    used 11242K, capacity 11640K, committed 12160K, reserved 1048576K
}
{Heap before GC invocations=606 (full 4):
 PSYoungGen      total 583680K, used 581311K [0x00000000d5580000, 0x00000000fb780000, 0x0000000100000000)
  eden space 564224K, 99% used [0x00000000d5580000,0x00000000f7b3e9b8,0x00000000f7c80000)
  from space 19456K, 94% used [0x00000000f7c80000,0x00000000f8e71310,0x00000000f8f80000)
  to   space 21504K, 0% used [0x00000000fa280000,0x00000000fa280000,0x00000000fb780000)
 ParOldGen       total 316416K, used 100708K [0x0000000080000000, 0x0000000093500000, 0x00000000d5580000)
  object space 316416K, 31% used [0x0000000080000000,0x00000000862591e0,0x0000000093500000)
 Metaspace       used 94106K, capacity 96579K, committed 99200K, reserved 1136640K
  class space    used 11242K, capacity 11640K, committed 12160K, reserved 1048576K
2023-04-21T00:01:49.476+0600: 2414981.559: [GC (Allocation Failure) [PSYoungGen: 581311K->14427K(603136K)] 682019K->115303K(919552K), 0.0165299 secs] [Times: user=0.03 sys=0.00, real=0.02 secs] 
Heap after GC invocations=606 (full 4):
 PSYoungGen      total 603136K, used 14427K [0x00000000d5580000, 0x00000000fb800000, 0x0000000100000000)
  eden space 581632K, 0% used [0x00000000d5580000,0x00000000d5580000,0x00000000f8d80000)
  from space 21504K, 67% used [0x00000000fa280000,0x00000000fb096fe8,0x00000000fb780000)
  to   space 21504K, 0% used [0x00000000f8d80000,0x00000000f8d80000,0x00000000fa280000)
 ParOldGen       total 316416K, used 100875K [0x0000000080000000, 0x0000000093500000, 0x00000000d5580000)
  object space 316416K, 31% used [0x0000000080000000,0x0000000086282f50,0x0000000093500000)
 Metaspace       used 94106K, capacity 96579K, committed 99200K, reserved 1136640K
  class space    used 11242K, capacity 11640K, committed 12160K, reserved 1048576K
}
{Heap before GC invocations=607 (full 4):
 PSYoungGen      total 603136K, used 596059K [0x00000000d5580000, 0x00000000fb800000, 0x0000000100000000)
  eden space 581632K, 100% used [0x00000000d5580000,0x00000000f8d80000,0x00000000f8d80000)
  from space 21504K, 67% used [0x00000000fa280000,0x00000000fb096fe8,0x00000000fb780000)
  to   space 21504K, 0% used [0x00000000f8d80000,0x00000000f8d80000,0x00000000fa280000)
 ParOldGen       total 316416K, used 100875K [0x0000000080000000, 0x0000000093500000, 0x00000000d5580000)
  object space 316416K, 31% used [0x0000000080000000,0x0000000086282f50,0x0000000093500000)
 Metaspace       used 94106K, capacity 96579K, committed 99200K, reserved 1136640K
  class space    used 11242K, capacity 11640K, committed 12160K, reserved 1048576K
2023-04-21T00:01:52.421+0600: 2414984.504: [GC (Allocation Failure) [PSYoungGen: 596059K->2112K(603136K)] 696935K->103051K(919552K), 0.0101773 secs] [Times: user=0.01 sys=0.00, real=0.01 secs] 
Heap after GC invocations=607 (full 4):
 PSYoungGen      total 603136K, used 2112K [0x00000000d5580000, 0x00000000fc980000, 0x0000000100000000)
  eden space 581632K, 0% used [0x00000000d5580000,0x00000000d5580000,0x00000000f8d80000)
  from space 21504K, 9% used [0x00000000f8d80000,0x00000000f8f90020,0x00000000fa280000)
  to   space 22016K, 0% used [0x00000000fb400000,0x00000000fb400000,0x00000000fc980000)
 ParOldGen       total 316416K, used 100939K [0x0000000080000000, 0x0000000093500000, 0x00000000d5580000)
  object space 316416K, 31% used [0x0000000080000000,0x0000000086292d40,0x0000000093500000)
 Metaspace       used 94106K, capacity 96579K, committed 99200K, reserved 1136640K
  class space    used 11242K, capacity 11640K, committed 12160K, reserved 1048576K
}
{Heap before GC invocations=608 (full 4):
 PSYoungGen      total 603136K, used 581104K [0x00000000d5580000, 0x00000000fc980000, 0x0000000100000000)
  eden space 581632K, 99% used [0x00000000d5580000,0x00000000f8aec258,0x00000000f8d80000)
  from space 21504K, 9% used [0x00000000f8d80000,0x00000000f8f90020,0x00000000fa280000)
  to   space 22016K, 0% used [0x00000000fb400000,0x00000000fb400000,0x00000000fc980000)
 ParOldGen       total 316416K, used 100939K [0x0000000080000000, 0x0000000093500000, 0x00000000d5580000)
  object space 316416K, 31% used [0x0000000080000000,0x0000000086292d40,0x0000000093500000)
 Metaspace       used 94106K, capacity 96579K, committed 99200K, reserved 1136640K
  class space    used 11242K, capacity 11640K, committed 12160K, reserved 1048576K
2023-04-21T00:01:55.487+0600: 2414987.570: [GC (Allocation Failure) [PSYoungGen: 581104K->10674K(619008K)] 682043K->111645K(935424K), 0.0126740 secs] [Times: user=0.02 sys=0.00, real=0.02 secs] 
Heap after GC invocations=608 (full 4):
 PSYoungGen      total 619008K, used 10674K [0x00000000d5580000, 0x00000000fc800000, 0x0000000100000000)
  eden space 598528K, 0% used [0x00000000d5580000,0x00000000d5580000,0x00000000f9e00000)
  from space 20480K, 52% used [0x00000000fb400000,0x00000000fbe6c990,0x00000000fc800000)
  to   space 21504K, 0% used [0x00000000f9e00000,0x00000000f9e00000,0x00000000fb300000)
 ParOldGen       total 316416K, used 100971K [0x0000000080000000, 0x0000000093500000, 0x00000000d5580000)
  object space 316416K, 31% used [0x0000000080000000,0x000000008629ad40,0x0000000093500000)
 Metaspace       used 94106K, capacity 96579K, committed 99200K, reserved 1136640K
  class space    used 11242K, capacity 11640K, committed 12160K, reserved 1048576K
}
{Heap before GC invocations=609 (full 4):
 PSYoungGen      total 619008K, used 608380K [0x00000000d5580000, 0x00000000fc800000, 0x0000000100000000)
  eden space 598528K, 99% used [0x00000000d5580000,0x00000000f9d329b8,0x00000000f9e00000)
  from space 20480K, 52% used [0x00000000fb400000,0x00000000fbe6c990,0x00000000fc800000)
  to   space 21504K, 0% used [0x00000000f9e00000,0x00000000f9e00000,0x00000000fb300000)
 ParOldGen       total 316416K, used 100971K [0x0000000080000000, 0x0000000093500000, 0x00000000d5580000)
  object space 316416K, 31% used [0x0000000080000000,0x000000008629ad40,0x0000000093500000)
 Metaspace       used 94106K, capacity 96579K, committed 99200K, reserved 1136640K
  class space    used 11242K, capacity 11640K, committed 12160K, reserved 1048576K
2023-04-21T00:01:58.476+0600: 2414990.559: [GC (Allocation Failure) [PSYoungGen: 608380K->18309K(620032K)] 709352K->119328K(936448K), 0.0142315 secs] [Times: user=0.03 sys=0.00, real=0.02 secs] 
Heap after GC invocations=609 (full 4):
 PSYoungGen      total 620032K, used 18309K [0x00000000d5580000, 0x00000000fdc00000, 0x0000000100000000)
  eden space 598528K, 0% used [0x00000000d5580000,0x00000000d5580000,0x00000000f9e00000)
  from space 21504K, 85% used [0x00000000f9e00000,0x00000000fafe15e8,0x00000000fb300000)
  to   space 23040K, 0% used [0x00000000fc580000,0x00000000fc580000,0x00000000fdc00000)
 ParOldGen       total 316416K, used 101019K [0x0000000080000000, 0x0000000093500000, 0x00000000d5580000)
  object space 316416K, 31% used [0x0000000080000000,0x00000000862a6c90,0x0000000093500000)
 Metaspace       used 94106K, capacity 96579K, committed 99200K, reserved 1136640K
  class space    used 11242K, capacity 11640K, committed 12160K, reserved 1048576K
}
{Heap before GC invocations=610 (full 4):
 PSYoungGen      total 620032K, used 616837K [0x00000000d5580000, 0x00000000fdc00000, 0x0000000100000000)
  eden space 598528K, 100% used [0x00000000d5580000,0x00000000f9e00000,0x00000000f9e00000)
  from space 21504K, 85% used [0x00000000f9e00000,0x00000000fafe15e8,0x00000000fb300000)
  to   space 23040K, 0% used [0x00000000fc580000,0x00000000fc580000,0x00000000fdc00000)
 ParOldGen       total 316416K, used 101019K [0x0000000080000000, 0x0000000093500000, 0x00000000d5580000)
  object space 316416K, 31% used [0x0000000080000000,0x00000000862a6c90,0x0000000093500000)
 Metaspace       used 94108K, capacity 96579K, committed 99200K, reserved 1136640K
  class space    used 11242K, capacity 11640K, committed 12160K, reserved 1048576K
2023-04-21T00:02:01.326+0600: 2414993.409: [GC (Allocation Failure) [PSYoungGen: 616837K->6213K(638976K)] 717856K->107272K(955392K), 0.0170067 secs] [Times: user=0.03 sys=0.00, real=0.02 secs] 
Heap after GC invocations=610 (full 4):
 PSYoungGen      total 638976K, used 6213K [0x00000000d5580000, 0x00000000fdd00000, 0x0000000100000000)
  eden space 615936K, 0% used [0x00000000d5580000,0x00000000d5580000,0x00000000faf00000)
  from space 23040K, 26% used [0x00000000fc580000,0x00000000fcb914a8,0x00000000fdc00000)
  to   space 23040K, 0% used [0x00000000faf00000,0x00000000faf00000,0x00000000fc580000)
 ParOldGen       total 316416K, used 101059K [0x0000000080000000, 0x0000000093500000, 0x00000000d5580000)
  object space 316416K, 31% used [0x0000000080000000,0x00000000862b0c90,0x0000000093500000)
 Metaspace       used 94108K, capacity 96579K, committed 99200K, reserved 1136640K
  class space    used 11242K, capacity 11640K, committed 12160K, reserved 1048576K
}
{Heap before GC invocations=611 (full 4):
 PSYoungGen      total 638976K, used 619836K [0x00000000d5580000, 0x00000000fdd00000, 0x0000000100000000)
  eden space 615936K, 99% used [0x00000000d5580000,0x00000000facbdcc0,0x00000000faf00000)
  from space 23040K, 26% used [0x00000000fc580000,0x00000000fcb914a8,0x00000000fdc00000)
  to   space 23040K, 0% used [0x00000000faf00000,0x00000000faf00000,0x00000000fc580000)
 ParOldGen       total 316416K, used 101059K [0x0000000080000000, 0x0000000093500000, 0x00000000d5580000)
  object space 316416K, 31% used [0x0000000080000000,0x00000000862b0c90,0x0000000093500000)
 Metaspace       used 94108K, capacity 96579K, committed 99200K, reserved 1136640K
  class space    used 11242K, capacity 11640K, committed 12160K, reserved 1048576K
2023-04-21T00:02:04.543+0600: 2414996.626: [GC (Allocation Failure) [PSYoungGen: 619836K->14587K(638976K)] 720895K->115702K(955392K), 0.0108573 secs] [Times: user=0.02 sys=0.00, real=0.01 secs] 
Heap after GC invocations=611 (full 4):
 PSYoungGen      total 638976K, used 14587K [0x00000000d5580000, 0x00000000fed00000, 0x0000000100000000)
  eden space 615936K, 0% used [0x00000000d5580000,0x00000000d5580000,0x00000000faf00000)
  from space 23040K, 63% used [0x00000000faf00000,0x00000000fbd3ee58,0x00000000fc580000)
  to   space 23040K, 0% used [0x00000000fd680000,0x00000000fd680000,0x00000000fed00000)
 ParOldGen       total 316416K, used 101114K [0x0000000080000000, 0x0000000093500000, 0x00000000d5580000)
  object space 316416K, 31% used [0x0000000080000000,0x00000000862bebe0,0x0000000093500000)
 Metaspace       used 94108K, capacity 96579K, committed 99200K, reserved 1136640K
  class space    used 11242K, capacity 11640K, committed 12160K, reserved 1048576K
}
{Heap before GC invocations=612 (full 4):
 PSYoungGen      total 638976K, used 630523K [0x00000000d5580000, 0x00000000fed00000, 0x0000000100000000)
  eden space 615936K, 100% used [0x00000000d5580000,0x00000000faf00000,0x00000000faf00000)
  from space 23040K, 63% used [0x00000000faf00000,0x00000000fbd3ee58,0x00000000fc580000)
  to   space 23040K, 0% used [0x00000000fd680000,0x00000000fd680000,0x00000000fed00000)
 ParOldGen       total 316416K, used 101114K [0x0000000080000000, 0x0000000093500000, 0x00000000d5580000)
  object space 316416K, 31% used [0x0000000080000000,0x00000000862bebe0,0x0000000093500000)
 Metaspace       used 94108K, capacity 96579K, committed 99200K, reserved 1136640K
  class space    used 11242K, capacity 11640K, committed 12160K, reserved 1048576K
2023-04-21T00:02:07.300+0600: 2414999.382: [GC (Allocation Failure) [PSYoungGen: 630523K->8873K(654336K)] 731638K->110036K(970752K), 0.0094759 secs] [Times: user=0.01 sys=0.00, real=0.01 secs] 
Heap after GC invocations=612 (full 4):
 PSYoungGen      total 654336K, used 8873K [0x00000000d5580000, 0x00000000feb80000, 0x0000000100000000)
  eden space 632832K, 0% used [0x00000000d5580000,0x00000000d5580000,0x00000000fbf80000)
  from space 21504K, 41% used [0x00000000fd680000,0x00000000fdf2a4e8,0x00000000feb80000)
  to   space 22528K, 0% used [0x00000000fbf80000,0x00000000fbf80000,0x00000000fd580000)
 ParOldGen       total 316416K, used 101162K [0x0000000080000000, 0x0000000093500000, 0x00000000d5580000)
  object space 316416K, 31% used [0x0000000080000000,0x00000000862cab30,0x0000000093500000)
 Metaspace       used 94108K, capacity 96579K, committed 99200K, reserved 1136640K
  class space    used 11242K, capacity 11640K, committed 12160K, reserved 1048576K
}
{Heap before GC invocations=613 (full 4):
 PSYoungGen      total 654336K, used 639772K [0x00000000d5580000, 0x00000000feb80000, 0x0000000100000000)
  eden space 632832K, 99% used [0x00000000d5580000,0x00000000fbd9cdc8,0x00000000fbf80000)
  from space 21504K, 41% used [0x00000000fd680000,0x00000000fdf2a4e8,0x00000000feb80000)
  to   space 22528K, 0% used [0x00000000fbf80000,0x00000000fbf80000,0x00000000fd580000)
 ParOldGen       total 316416K, used 101162K [0x0000000080000000, 0x0000000093500000, 0x00000000d5580000)
  object space 316416K, 31% used [0x0000000080000000,0x00000000862cab30,0x0000000093500000)
 Metaspace       used 94108K, capacity 96579K, committed 99200K, reserved 1136640K
  class space    used 11242K, capacity 11640K, committed 12160K, reserved 1048576K
2023-04-21T00:02:10.709+0600: 2415002.792: [GC (Allocation Failure) [PSYoungGen: 639772K->10802K(655360K)] 740935K->112005K(971776K), 0.0146774 secs] [Times: user=0.03 sys=0.00, real=0.01 secs] 
Heap after GC invocations=613 (full 4):
 PSYoungGen      total 655360K, used 10802K [0x00000000d5580000, 0x00000000ffa80000, 0x0000000100000000)
  eden space 632832K, 0% used [0x00000000d5580000,0x00000000d5580000,0x00000000fbf80000)
  from space 22528K, 47% used [0x00000000fbf80000,0x00000000fca0c9a0,0x00000000fd580000)
  to   space 21504K, 0% used [0x00000000fe580000,0x00000000fe580000,0x00000000ffa80000)
 ParOldGen       total 316416K, used 101202K [0x0000000080000000, 0x0000000093500000, 0x00000000d5580000)
  object space 316416K, 31% used [0x0000000080000000,0x00000000862d4b30,0x0000000093500000)
 Metaspace       used 94108K, capacity 96579K, committed 99200K, reserved 1136640K
  class space    used 11242K, capacity 11640K, committed 12160K, reserved 1048576K
}
{Heap before GC invocations=614 (full 4):
 PSYoungGen      total 655360K, used 637203K [0x00000000d5580000, 0x00000000ffa80000, 0x0000000100000000)
  eden space 632832K, 98% used [0x00000000d5580000,0x00000000fb938618,0x00000000fbf80000)
  from space 22528K, 47% used [0x00000000fbf80000,0x00000000fca0c9a0,0x00000000fd580000)
  to   space 21504K, 0% used [0x00000000fe580000,0x00000000fe580000,0x00000000ffa80000)
 ParOldGen       total 316416K, used 101202K [0x0000000080000000, 0x0000000093500000, 0x00000000d5580000)
  object space 316416K, 31% used [0x0000000080000000,0x00000000862d4b30,0x0000000093500000)
 Metaspace       used 94108K, capacity 96579K, committed 99200K, reserved 1136640K
  class space    used 11242K, capacity 11640K, committed 12160K, reserved 1048576K
2023-04-21T00:02:13.850+0600: 2415005.933: [GC (Allocation Failure) [PSYoungGen: 637203K->14748K(671744K)] 738406K->115998K(988160K), 0.0181707 secs] [Times: user=0.03 sys=0.00, real=0.01 secs] 
Heap after GC invocations=614 (full 4):
 PSYoungGen      total 671744K, used 14748K [0x00000000d5580000, 0x00000000ffb80000, 0x0000000100000000)
  eden space 650240K, 0% used [0x00000000d5580000,0x00000000d5580000,0x00000000fd080000)
  from space 21504K, 68% used [0x00000000fe580000,0x00000000ff3e7008,0x00000000ffa80000)
  to   space 21504K, 0% used [0x00000000fd080000,0x00000000fd080000,0x00000000fe580000)
 ParOldGen       total 316416K, used 101250K [0x0000000080000000, 0x0000000093500000, 0x00000000d5580000)
  object space 316416K, 31% used [0x0000000080000000,0x00000000862e0b30,0x0000000093500000)
 Metaspace       used 94108K, capacity 96579K, committed 99200K, reserved 1136640K
  class space    used 11242K, capacity 11640K, committed 12160K, reserved 1048576K
}
{Heap before GC invocations=615 (full 4):
 PSYoungGen      total 671744K, used 661455K [0x00000000d5580000, 0x00000000ffb80000, 0x0000000100000000)
  eden space 650240K, 99% used [0x00000000d5580000,0x00000000fcd0ce28,0x00000000fd080000)
  from space 21504K, 68% used [0x00000000fe580000,0x00000000ff3e7008,0x00000000ffa80000)
  to   space 21504K, 0% used [0x00000000fd080000,0x00000000fd080000,0x00000000fe580000)
 ParOldGen       total 316416K, used 101250K [0x0000000080000000, 0x0000000093500000, 0x00000000d5580000)
  object space 316416K, 31% used [0x0000000080000000,0x00000000862e0b30,0x0000000093500000)
 Metaspace       used 94108K, capacity 96579K, committed 99200K, reserved 1136640K
  class space    used 11242K, capacity 11640K, committed 12160K, reserved 1048576K
2023-04-21T00:02:17.270+0600: 2415009.353: [GC (Allocation Failure) [PSYoungGen: 661455K->11090K(671744K)] 762706K->112388K(988160K), 0.0176366 secs] [Times: user=0.03 sys=0.00, real=0.01 secs] 
Heap after GC invocations=615 (full 4):
 PSYoungGen      total 671744K, used 11090K [0x00000000d5580000, 0x00000000fff00000, 0x0000000100000000)
  eden space 650240K, 0% used [0x00000000d5580000,0x00000000d5580000,0x00000000fd080000)
  from space 21504K, 51% used [0x00000000fd080000,0x00000000fdb549c0,0x00000000fe580000)
  to   space 20992K, 0% used [0x00000000fea80000,0x00000000fea80000,0x00000000fff00000)
 ParOldGen       total 316416K, used 101298K [0x0000000080000000, 0x0000000093500000, 0x00000000d5580000)
  object space 316416K, 32% used [0x0000000080000000,0x00000000862ec9d0,0x0000000093500000)
 Metaspace       used 94108K, capacity 96579K, committed 99200K, reserved 1136640K
  class space    used 11242K, capacity 11640K, committed 12160K, reserved 1048576K
}
{Heap before GC invocations=616 (full 4):
 PSYoungGen      total 671744K, used 661061K [0x00000000d5580000, 0x00000000fff00000, 0x0000000100000000)
  eden space 650240K, 99% used [0x00000000d5580000,0x00000000fd03cc78,0x00000000fd080000)
  from space 21504K, 51% used [0x00000000fd080000,0x00000000fdb549c0,0x00000000fe580000)
  to   space 20992K, 0% used [0x00000000fea80000,0x00000000fea80000,0x00000000fff00000)
 ParOldGen       total 316416K, used 101298K [0x0000000080000000, 0x0000000093500000, 0x00000000d5580000)
  object space 316416K, 32% used [0x0000000080000000,0x00000000862ec9d0,0x0000000093500000)
 Metaspace       used 94108K, capacity 96579K, committed 99200K, reserved 1136640K
  class space    used 11242K, capacity 11640K, committed 12160K, reserved 1048576K
2023-04-21T00:02:20.797+0600: 2415012.880: [GC (Allocation Failure) [PSYoungGen: 661061K->14907K(676864K)] 762360K->116277K(993280K), 0.0115493 secs] [Times: user=0.02 sys=0.00, real=0.02 secs] 
Heap after GC invocations=616 (full 4):
 PSYoungGen      total 676864K, used 14907K [0x00000000d5580000, 0x00000000fff80000, 0x0000000100000000)
  eden space 655872K, 0% used [0x00000000d5580000,0x00000000d5580000,0x00000000fd600000)
  from space 20992K, 71% used [0x00000000fea80000,0x00000000ff90ee88,0x00000000fff00000)
  to   space 20992K, 0% used [0x00000000fd600000,0x00000000fd600000,0x00000000fea80000)
 ParOldGen       total 316416K, used 101369K [0x0000000080000000, 0x0000000093500000, 0x00000000d5580000)
  object space 316416K, 32% used [0x0000000080000000,0x00000000862fe7c0,0x0000000093500000)
 Metaspace       used 94108K, capacity 96579K, committed 99200K, reserved 1136640K
  class space    used 11242K, capacity 11640K, committed 12160K, reserved 1048576K
}
{Heap before GC invocations=617 (full 4):
 PSYoungGen      total 676864K, used 670504K [0x00000000d5580000, 0x00000000fff80000, 0x0000000100000000)
  eden space 655872K, 99% used [0x00000000d5580000,0x00000000fd5bb3b8,0x00000000fd600000)
  from space 20992K, 71% used [0x00000000fea80000,0x00000000ff90ee88,0x00000000fff00000)
  to   space 20992K, 0% used [0x00000000fd600000,0x00000000fd600000,0x00000000fea80000)
 ParOldGen       total 316416K, used 101369K [0x0000000080000000, 0x0000000093500000, 0x00000000d5580000)
  object space 316416K, 32% used [0x0000000080000000,0x00000000862fe7c0,0x0000000093500000)
 Metaspace       used 94108K, capacity 96579K, committed 99200K, reserved 1136640K
  class space    used 11242K, capacity 11640K, committed 12160K, reserved 1048576K
2023-04-21T00:02:24.008+0600: 2415016.090: [GC (Allocation Failure) [PSYoungGen: 670504K->11090K(676864K)] 771874K->112508K(993280K), 0.0151506 secs] [Times: user=0.03 sys=0.00, real=0.02 secs] 
Heap after GC invocations=617 (full 4):
 PSYoungGen      total 676864K, used 11090K [0x00000000d5580000, 0x00000000fff00000, 0x0000000100000000)
  eden space 655872K, 0% used [0x00000000d5580000,0x00000000d5580000,0x00000000fd600000)
  from space 20992K, 52% used [0x00000000fd600000,0x00000000fe0d49d0,0x00000000fea80000)
  to   space 20480K, 0% used [0x00000000feb00000,0x00000000feb00000,0x00000000fff00000)
 ParOldGen       total 316416K, used 101417K [0x0000000080000000, 0x0000000093500000, 0x00000000d5580000)
  object space 316416K, 32% used [0x0000000080000000,0x000000008630a710,0x0000000093500000)
 Metaspace       used 94108K, capacity 96579K, committed 99200K, reserved 1136640K
  class space    used 11242K, capacity 11640K, committed 12160K, reserved 1048576K
}
{Heap before GC invocations=618 (full 4):
 PSYoungGen      total 676864K, used 664264K [0x00000000d5580000, 0x00000000fff00000, 0x0000000100000000)
  eden space 655872K, 99% used [0x00000000d5580000,0x00000000fd35d8b0,0x00000000fd600000)
  from space 20992K, 52% used [0x00000000fd600000,0x00000000fe0d49d0,0x00000000fea80000)
  to   space 20480K, 0% used [0x00000000feb00000,0x00000000feb00000,0x00000000fff00000)
 ParOldGen       total 316416K, used 101417K [0x0000000080000000, 0x0000000093500000, 0x00000000d5580000)
  object space 316416K, 32% used [0x0000000080000000,0x000000008630a710,0x0000000093500000)
 Metaspace       used 94108K, capacity 96579K, committed 99200K, reserved 1136640K
  class space    used 11242K, capacity 11640K, committed 12160K, reserved 1048576K
2023-04-21T00:02:27.498+0600: 2415019.580: [GC (Allocation Failure) [PSYoungGen: 664264K->10898K(677376K)] 765682K->112515K(993792K), 0.0128261 secs] [Times: user=0.02 sys=0.00, real=0.02 secs] 
Heap after GC invocations=618 (full 4):
 PSYoungGen      total 677376K, used 10898K [0x00000000d5580000, 0x00000000ffe80000, 0x0000000100000000)
  eden space 657408K, 0% used [0x00000000d5580000,0x00000000d5580000,0x00000000fd780000)
  from space 19968K, 54% used [0x00000000feb00000,0x00000000ff5a49c0,0x00000000ffe80000)
  to   space 19968K, 0% used [0x00000000fd780000,0x00000000fd780000,0x00000000feb00000)
 ParOldGen       total 316416K, used 101616K [0x0000000080000000, 0x0000000093500000, 0x00000000d5580000)
  object space 316416K, 32% used [0x0000000080000000,0x000000008633c270,0x0000000093500000)
 Metaspace       used 94108K, capacity 96579K, committed 99200K, reserved 1136640K
  class space    used 11242K, capacity 11640K, committed 12160K, reserved 1048576K
}
{Heap before GC invocations=619 (full 4):
 PSYoungGen      total 677376K, used 666310K [0x00000000d5580000, 0x00000000ffe80000, 0x0000000100000000)
  eden space 657408K, 99% used [0x00000000d5580000,0x00000000fd58d138,0x00000000fd780000)
  from space 19968K, 54% used [0x00000000feb00000,0x00000000ff5a49c0,0x00000000ffe80000)
  to   space 19968K, 0% used [0x00000000fd780000,0x00000000fd780000,0x00000000feb00000)
 ParOldGen       total 316416K, used 101616K [0x0000000080000000, 0x0000000093500000, 0x00000000d5580000)
  object space 316416K, 32% used [0x0000000080000000,0x000000008633c270,0x0000000093500000)
 Metaspace       used 94108K, capacity 96579K, committed 99200K, reserved 1136640K
  class space    used 11242K, capacity 11640K, committed 12160K, reserved 1048576K
2023-04-21T00:02:30.765+0600: 2415022.847: [GC (Allocation Failure) [PSYoungGen: 666310K->14683K(677376K)] 767927K->116355K(993792K), 0.0187874 secs] [Times: user=0.03 sys=0.00, real=0.02 secs] 
Heap after GC invocations=619 (full 4):
 PSYoungGen      total 677376K, used 14683K [0x00000000d5580000, 0x0000000100000000, 0x0000000100000000)
  eden space 657408K, 0% used [0x00000000d5580000,0x00000000d5580000,0x00000000fd780000)
  from space 19968K, 73% used [0x00000000fd780000,0x00000000fe5d6e78,0x00000000feb00000)
  to   space 19968K, 0% used [0x00000000fec80000,0x00000000fec80000,0x0000000100000000)
 ParOldGen       total 316416K, used 101672K [0x0000000080000000, 0x0000000093500000, 0x00000000d5580000)
  object space 316416K, 32% used [0x0000000080000000,0x000000008634a110,0x0000000093500000)
 Metaspace       used 94108K, capacity 96579K, committed 99200K, reserved 1136640K
  class space    used 11242K, capacity 11640K, committed 12160K, reserved 1048576K
}
{Heap before GC invocations=620 (full 4):
 PSYoungGen      total 677376K, used 670766K [0x00000000d5580000, 0x0000000100000000, 0x0000000100000000)
  eden space 657408K, 99% used [0x00000000d5580000,0x00000000fd634be0,0x00000000fd780000)
  from space 19968K, 73% used [0x00000000fd780000,0x00000000fe5d6e78,0x00000000feb00000)
  to   space 19968K, 0% used [0x00000000fec80000,0x00000000fec80000,0x0000000100000000)
 ParOldGen       total 316416K, used 101672K [0x0000000080000000, 0x0000000093500000, 0x00000000d5580000)
  object space 316416K, 32% used [0x0000000080000000,0x000000008634a110,0x0000000093500000)
 Metaspace       used 94108K, capacity 96579K, committed 99200K, reserved 1136640K
  class space    used 11242K, capacity 11640K, committed 12160K, reserved 1048576K
2023-04-21T00:02:34.330+0600: 2415026.413: [GC (Allocation Failure) [PSYoungGen: 670766K->10866K(677888K)] 772438K->112602K(994304K), 0.0117173 secs] [Times: user=0.02 sys=0.00, real=0.01 secs] 
Heap after GC invocations=620 (full 4):
 PSYoungGen      total 677888K, used 10866K [0x00000000d5580000, 0x00000000fff00000, 0x0000000100000000)
  eden space 658944K, 0% used [0x00000000d5580000,0x00000000d5580000,0x00000000fd900000)
  from space 18944K, 57% used [0x00000000fec80000,0x00000000ff71c9c0,0x00000000fff00000)
  to   space 19456K, 0% used [0x00000000fd900000,0x00000000fd900000,0x00000000fec00000)
 ParOldGen       total 316416K, used 101735K [0x0000000080000000, 0x0000000093500000, 0x00000000d5580000)
  object space 316416K, 32% used [0x0000000080000000,0x0000000086359f00,0x0000000093500000)
 Metaspace       used 94108K, capacity 96579K, committed 99200K, reserved 1136640K
  class space    used 11242K, capacity 11640K, committed 12160K, reserved 1048576K
}
{Heap before GC invocations=621 (full 4):
 PSYoungGen      total 677888K, used 668384K [0x00000000d5580000, 0x00000000fff00000, 0x0000000100000000)
  eden space 658944K, 99% used [0x00000000d5580000,0x00000000fd79b700,0x00000000fd900000)
  from space 18944K, 57% used [0x00000000fec80000,0x00000000ff71c9c0,0x00000000fff00000)
  to   space 19456K, 0% used [0x00000000fd900000,0x00000000fd900000,0x00000000fec00000)
 ParOldGen       total 316416K, used 101735K [0x0000000080000000, 0x0000000093500000, 0x00000000d5580000)
  object space 316416K, 32% used [0x0000000080000000,0x0000000086359f00,0x0000000093500000)
 Metaspace       used 94108K, capacity 96579K, committed 99200K, reserved 1136640K
  class space    used 11242K, capacity 11640K, committed 12160K, reserved 1048576K
2023-04-21T00:02:37.593+0600: 2415029.676: [GC (Allocation Failure) [PSYoungGen: 668384K->10866K(678400K)] 770119K->112650K(994816K), 0.0105934 secs] [Times: user=0.02 sys=0.00, real=0.01 secs] 
Heap after GC invocations=621 (full 4):
 PSYoungGen      total 678400K, used 10866K [0x00000000d5580000, 0x00000000fff80000, 0x0000000100000000)
  eden space 658944K, 0% used [0x00000000d5580000,0x00000000d5580000,0x00000000fd900000)
  from space 19456K, 55% used [0x00000000fd900000,0x00000000fe39c9c0,0x00000000fec00000)
  to   space 18944K, 0% used [0x00000000fed00000,0x00000000fed00000,0x00000000fff80000)
 ParOldGen       total 316416K, used 101783K [0x0000000080000000, 0x0000000093500000, 0x00000000d5580000)
  object space 316416K, 32% used [0x0000000080000000,0x0000000086365e50,0x0000000093500000)
 Metaspace       used 94108K, capacity 96579K, committed 99200K, reserved 1136640K
  class space    used 11242K, capacity 11640K, committed 12160K, reserved 1048576K
}
{Heap before GC invocations=622 (full 4):
 PSYoungGen      total 678400K, used 668594K [0x00000000d5580000, 0x00000000fff80000, 0x0000000100000000)
  eden space 658944K, 99% used [0x00000000d5580000,0x00000000fd7d0180,0x00000000fd900000)
  from space 19456K, 55% used [0x00000000fd900000,0x00000000fe39c9c0,0x00000000fec00000)
  to   space 18944K, 0% used [0x00000000fed00000,0x00000000fed00000,0x00000000fff80000)
 ParOldGen       total 316416K, used 101783K [0x0000000080000000, 0x0000000093500000, 0x00000000d5580000)
  object space 316416K, 32% used [0x0000000080000000,0x0000000086365e50,0x0000000093500000)
 Metaspace       used 94108K, capacity 96579K, committed 99200K, reserved 1136640K
  class space    used 11242K, capacity 11640K, committed 12160K, reserved 1048576K
2023-04-21T00:02:41.103+0600: 2415033.186: [GC (Allocation Failure) [PSYoungGen: 668594K->14587K(678912K)] 770378K->116466K(995328K), 0.0133204 secs] [Times: user=0.03 sys=0.00, real=0.01 secs] 
Heap after GC invocations=622 (full 4):
 PSYoungGen      total 678912K, used 14587K [0x00000000d5580000, 0x0000000100000000, 0x0000000100000000)
  eden space 659968K, 0% used [0x00000000d5580000,0x00000000d5580000,0x00000000fda00000)
  from space 18944K, 77% used [0x00000000fed00000,0x00000000ffb3ee78,0x00000000fff80000)
  to   space 19456K, 0% used [0x00000000fda00000,0x00000000fda00000,0x00000000fed00000)
 ParOldGen       total 316416K, used 101878K [0x0000000080000000, 0x0000000093500000, 0x00000000d5580000)
  object space 316416K, 32% used [0x0000000080000000,0x000000008637db90,0x0000000093500000)
 Metaspace       used 94108K, capacity 96579K, committed 99200K, reserved 1136640K
  class space    used 11242K, capacity 11640K, committed 12160K, reserved 1048576K
}
{Heap before GC invocations=623 (full 4):
 PSYoungGen      total 678912K, used 673141K [0x00000000d5580000, 0x0000000100000000, 0x0000000100000000)
  eden space 659968K, 99% used [0x00000000d5580000,0x00000000fd89e980,0x00000000fda00000)
  from space 18944K, 77% used [0x00000000fed00000,0x00000000ffb3ee78,0x00000000fff80000)
  to   space 19456K, 0% used [0x00000000fda00000,0x00000000fda00000,0x00000000fed00000)
 ParOldGen       total 316416K, used 101878K [0x0000000080000000, 0x0000000093500000, 0x00000000d5580000)
  object space 316416K, 32% used [0x0000000080000000,0x000000008637db90,0x0000000093500000)
 Metaspace       used 94108K, capacity 96579K, committed 99200K, reserved 1136640K
  class space    used 11242K, capacity 11640K, committed 12160K, reserved 1048576K
2023-04-21T00:02:44.448+0600: 2415036.530: [GC (Allocation Failure) [PSYoungGen: 673141K->10834K(679424K)] 775020K->112745K(995840K), 0.0138710 secs] [Times: user=0.02 sys=0.00, real=0.02 secs] 
Heap after GC invocations=623 (full 4):
 PSYoungGen      total 679424K, used 10834K [0x00000000d5580000, 0x00000000fff80000, 0x0000000100000000)
  eden space 659968K, 0% used [0x00000000d5580000,0x00000000d5580000,0x00000000fda00000)
  from space 19456K, 55% used [0x00000000fda00000,0x00000000fe4949c0,0x00000000fed00000)
  to   space 18944K, 0% used [0x00000000fed00000,0x00000000fed00000,0x00000000fff80000)
 ParOldGen       total 316416K, used 101910K [0x0000000080000000, 0x0000000093500000, 0x00000000d5580000)
  object space 316416K, 32% used [0x0000000080000000,0x0000000086385b90,0x0000000093500000)
 Metaspace       used 94108K, capacity 96579K, committed 99200K, reserved 1136640K
  class space    used 11242K, capacity 11640K, committed 12160K, reserved 1048576K
}
{Heap before GC invocations=624 (full 4):
 PSYoungGen      total 679424K, used 670147K [0x00000000d5580000, 0x00000000fff80000, 0x0000000100000000)
  eden space 659968K, 99% used [0x00000000d5580000,0x00000000fd95c510,0x00000000fda00000)
  from space 19456K, 55% used [0x00000000fda00000,0x00000000fe4949c0,0x00000000fed00000)
  to   space 18944K, 0% used [0x00000000fed00000,0x00000000fed00000,0x00000000fff80000)
 ParOldGen       total 316416K, used 101910K [0x0000000080000000, 0x0000000093500000, 0x00000000d5580000)
  object space 316416K, 32% used [0x0000000080000000,0x0000000086385b90,0x0000000093500000)
 Metaspace       used 94108K, capacity 96579K, committed 99200K, reserved 1136640K
  class space    used 11242K, capacity 11640K, committed 12160K, reserved 1048576K
2023-04-21T00:02:47.998+0600: 2415040.080: [GC (Allocation Failure) [PSYoungGen: 670147K->14587K(679424K)] 772058K->116593K(995840K), 0.0117285 secs] [Times: user=0.02 sys=0.00, real=0.02 secs] 
Heap after GC invocations=624 (full 4):
 PSYoungGen      total 679424K, used 14587K [0x00000000d5580000, 0x00000000fff80000, 0x0000000100000000)
  eden space 660480K, 0% used [0x00000000d5580000,0x00000000d5580000,0x00000000fda80000)
  from space 18944K, 77% used [0x00000000fed00000,0x00000000ffb3ee68,0x00000000fff80000)
  to   space 18944K, 0% used [0x00000000fda80000,0x00000000fda80000,0x00000000fed00000)
 ParOldGen       total 316416K, used 102006K [0x0000000080000000, 0x0000000093500000, 0x00000000d5580000)
  object space 316416K, 32% used [0x0000000080000000,0x000000008639d8d0,0x0000000093500000)
 Metaspace       used 94108K, capacity 96579K, committed 99200K, reserved 1136640K
  class space    used 11242K, capacity 11640K, committed 12160K, reserved 1048576K
}
{Heap before GC invocations=625 (full 4):
 PSYoungGen      total 679424K, used 672942K [0x00000000d5580000, 0x00000000fff80000, 0x0000000100000000)
  eden space 660480K, 99% used [0x00000000d5580000,0x00000000fd86c9b8,0x00000000fda80000)
  from space 18944K, 77% used [0x00000000fed00000,0x00000000ffb3ee68,0x00000000fff80000)
  to   space 18944K, 0% used [0x00000000fda80000,0x00000000fda80000,0x00000000fed00000)
 ParOldGen       total 316416K, used 102006K [0x0000000080000000, 0x0000000093500000, 0x00000000d5580000)
  object space 316416K, 32% used [0x0000000080000000,0x000000008639d8d0,0x0000000093500000)
 Metaspace       used 94108K, capacity 96579K, committed 99200K, reserved 1136640K
  class space    used 11242K, capacity 11640K, committed 12160K, reserved 1048576K
2023-04-21T00:02:51.353+0600: 2415043.435: [GC (Allocation Failure) [PSYoungGen: 672942K->10706K(679424K)] 774948K->112824K(995840K), 0.0164979 secs] [Times: user=0.03 sys=0.00, real=0.02 secs] 
Heap after GC invocations=625 (full 4):
 PSYoungGen      total 679424K, used 10706K [0x00000000d5580000, 0x0000000100000000, 0x0000000100000000)
  eden space 660480K, 0% used [0x00000000d5580000,0x00000000d5580000,0x00000000fda80000)
  from space 18944K, 56% used [0x00000000fda80000,0x00000000fe4f49b0,0x00000000fed00000)
  to   space 18944K, 0% used [0x00000000fed80000,0x00000000fed80000,0x0000000100000000)
 ParOldGen       total 316416K, used 102118K [0x0000000080000000, 0x0000000093500000, 0x00000000d5580000)
  object space 316416K, 32% used [0x0000000080000000,0x00000000863b9900,0x0000000093500000)
 Metaspace       used 94108K, capacity 96579K, committed 99200K, reserved 1136640K
  class space    used 11242K, capacity 11640K, committed 12160K, reserved 1048576K
}
{Heap before GC invocations=626 (full 4):
 PSYoungGen      total 679424K, used 667881K [0x00000000d5580000, 0x0000000100000000, 0x0000000100000000)
  eden space 660480K, 99% used [0x00000000d5580000,0x00000000fd745aa0,0x00000000fda80000)
  from space 18944K, 56% used [0x00000000fda80000,0x00000000fe4f49b0,0x00000000fed00000)
  to   space 18944K, 0% used [0x00000000fed80000,0x00000000fed80000,0x0000000100000000)
 ParOldGen       total 316416K, used 102118K [0x0000000080000000, 0x0000000093500000, 0x00000000d5580000)
  object space 316416K, 32% used [0x0000000080000000,0x00000000863b9900,0x0000000093500000)
 Metaspace       used 94108K, capacity 96579K, committed 99200K, reserved 1136640K
  class space    used 11242K, capacity 11640K, committed 12160K, reserved 1048576K
2023-04-21T00:02:54.965+0600: 2415047.048: [GC (Allocation Failure) [PSYoungGen: 667881K->10706K(678912K)] 769999K->112856K(995328K), 0.0131036 secs] [Times: user=0.02 sys=0.00, real=0.01 secs] 
Heap after GC invocations=626 (full 4):
 PSYoungGen      total 678912K, used 10706K [0x00000000d5580000, 0x00000000fff00000, 0x0000000100000000)
  eden space 660992K, 0% used [0x00000000d5580000,0x00000000d5580000,0x00000000fdb00000)
  from space 17920K, 59% used [0x00000000fed80000,0x00000000ff7f49b0,0x00000000fff00000)
  to   space 18432K, 0% used [0x00000000fdb00000,0x00000000fdb00000,0x00000000fed00000)
 ParOldGen       total 316416K, used 102150K [0x0000000080000000, 0x0000000093500000, 0x00000000d5580000)
  object space 316416K, 32% used [0x0000000080000000,0x00000000863c1900,0x0000000093500000)
 Metaspace       used 94108K, capacity 96579K, committed 99200K, reserved 1136640K
  class space    used 11242K, capacity 11640K, committed 12160K, reserved 1048576K
}
{Heap before GC invocations=627 (full 4):
 PSYoungGen      total 678912K, used 669632K [0x00000000d5580000, 0x00000000fff00000, 0x0000000100000000)
  eden space 660992K, 99% used [0x00000000d5580000,0x00000000fd8fb9f8,0x00000000fdb00000)
  from space 17920K, 59% used [0x00000000fed80000,0x00000000ff7f49b0,0x00000000fff00000)
  to   space 18432K, 0% used [0x00000000fdb00000,0x00000000fdb00000,0x00000000fed00000)
 ParOldGen       total 316416K, used 102150K [0x0000000080000000, 0x0000000093500000, 0x00000000d5580000)
  object space 316416K, 32% used [0x0000000080000000,0x00000000863c1900,0x0000000093500000)
 Metaspace       used 94108K, capacity 96579K, committed 99200K, reserved 1136640K
  class space    used 11242K, capacity 11640K, committed 12160K, reserved 1048576K
2023-04-21T00:02:58.332+0600: 2415050.414: [GC (Allocation Failure) [PSYoungGen: 669632K->7049K(679424K)] 771783K->109239K(995840K), 0.0111396 secs] [Times: user=0.02 sys=0.00, real=0.01 secs] 
Heap after GC invocations=627 (full 4):
 PSYoungGen      total 679424K, used 7049K [0x00000000d5580000, 0x0000000100000000, 0x0000000100000000)
  eden space 660992K, 0% used [0x00000000d5580000,0x00000000d5580000,0x00000000fdb00000)
  from space 18432K, 38% used [0x00000000fdb00000,0x00000000fe1e24f8,0x00000000fed00000)
  to   space 18432K, 0% used [0x00000000fee00000,0x00000000fee00000,0x0000000100000000)
 ParOldGen       total 316416K, used 102190K [0x0000000080000000, 0x0000000093500000, 0x00000000d5580000)
  object space 316416K, 32% used [0x0000000080000000,0x00000000863cb900,0x0000000093500000)
 Metaspace       used 94108K, capacity 96579K, committed 99200K, reserved 1136640K
  class space    used 11242K, capacity 11640K, committed 12160K, reserved 1048576K
}
{Heap before GC invocations=628 (full 4):
 PSYoungGen      total 679424K, used 666751K [0x00000000d5580000, 0x0000000100000000, 0x0000000100000000)
  eden space 660992K, 99% used [0x00000000d5580000,0x00000000fd9bd9b0,0x00000000fdb00000)
  from space 18432K, 38% used [0x00000000fdb00000,0x00000000fe1e24f8,0x00000000fed00000)
  to   space 18432K, 0% used [0x00000000fee00000,0x00000000fee00000,0x0000000100000000)
 ParOldGen       total 316416K, used 102190K [0x0000000080000000, 0x0000000093500000, 0x00000000d5580000)
  object space 316416K, 32% used [0x0000000080000000,0x00000000863cb900,0x0000000093500000)
 Metaspace       used 94108K, capacity 96579K, committed 99200K, reserved 1136640K
  class space    used 11242K, capacity 11640K, committed 12160K, reserved 1048576K
2023-04-21T00:03:01.842+0600: 2415053.924: [GC (Allocation Failure) [PSYoungGen: 666751K->10930K(679424K)] 768941K->113184K(995840K), 0.0086342 secs] [Times: user=0.01 sys=0.00, real=0.01 secs] 
Heap after GC invocations=628 (full 4):
 PSYoungGen      total 679424K, used 10930K [0x00000000d5580000, 0x00000000fff00000, 0x0000000100000000)
  eden space 662016K, 0% used [0x00000000d5580000,0x00000000d5580000,0x00000000fdc00000)
  from space 17408K, 62% used [0x00000000fee00000,0x00000000ff8ac9c0,0x00000000fff00000)
  to   space 17920K, 0% used [0x00000000fdc00000,0x00000000fdc00000,0x00000000fed80000)
 ParOldGen       total 316416K, used 102254K [0x0000000080000000, 0x0000000093500000, 0x00000000d5580000)
  object space 316416K, 32% used [0x0000000080000000,0x00000000863db850,0x0000000093500000)
 Metaspace       used 94108K, capacity 96579K, committed 99200K, reserved 1136640K
  class space    used 11242K, capacity 11640K, committed 12160K, reserved 1048576K
}
{Heap before GC invocations=629 (full 4):
 PSYoungGen      total 679424K, used 671322K [0x00000000d5580000, 0x00000000fff00000, 0x0000000100000000)
  eden space 662016K, 99% used [0x00000000d5580000,0x00000000fda6a190,0x00000000fdc00000)
  from space 17408K, 62% used [0x00000000fee00000,0x00000000ff8ac9c0,0x00000000fff00000)
  to   space 17920K, 0% used [0x00000000fdc00000,0x00000000fdc00000,0x00000000fed80000)
 ParOldGen       total 316416K, used 102254K [0x0000000080000000, 0x0000000093500000, 0x00000000d5580000)
  object space 316416K, 32% used [0x0000000080000000,0x00000000863db850,0x0000000093500000)
 Metaspace       used 94113K, capacity 96585K, committed 99200K, reserved 1136640K
  class space    used 11244K, capacity 11641K, committed 12160K, reserved 1048576K
2023-04-21T00:03:05.169+0600: 2415057.252: [GC (Allocation Failure) [PSYoungGen: 671322K->7049K(679936K)] 773576K->109446K(996352K), 0.0147811 secs] [Times: user=0.03 sys=0.00, real=0.02 secs] 
Heap after GC invocations=629 (full 4):
 PSYoungGen      total 679936K, used 7049K [0x00000000d5580000, 0x0000000100000000, 0x0000000100000000)
  eden space 662016K, 0% used [0x00000000d5580000,0x00000000d5580000,0x00000000fdc00000)
  from space 17920K, 39% used [0x00000000fdc00000,0x00000000fe2e24f8,0x00000000fed80000)
  to   space 17920K, 0% used [0x00000000fee80000,0x00000000fee80000,0x0000000100000000)
 ParOldGen       total 316416K, used 102397K [0x0000000080000000, 0x0000000093500000, 0x00000000d5580000)
  object space 316416K, 32% used [0x0000000080000000,0x00000000863ff670,0x0000000093500000)
 Metaspace       used 94113K, capacity 96585K, committed 99200K, reserved 1136640K
  class space    used 11244K, capacity 11641K, committed 12160K, reserved 1048576K
}
{Heap before GC invocations=630 (full 4):
 PSYoungGen      total 679936K, used 668100K [0x00000000d5580000, 0x0000000100000000, 0x0000000100000000)
  eden space 662016K, 99% used [0x00000000d5580000,0x00000000fdb0ec70,0x00000000fdc00000)
  from space 17920K, 39% used [0x00000000fdc00000,0x00000000fe2e24f8,0x00000000fed80000)
  to   space 17920K, 0% used [0x00000000fee80000,0x00000000fee80000,0x0000000100000000)
 ParOldGen       total 316416K, used 102397K [0x0000000080000000, 0x0000000093500000, 0x00000000d5580000)
  object space 316416K, 32% used [0x0000000080000000,0x00000000863ff670,0x0000000093500000)
 Metaspace       used 94113K, capacity 96585K, committed 99200K, reserved 1136640K
  class space    used 11244K, capacity 11641K, committed 12160K, reserved 1048576K
2023-04-21T00:03:08.725+0600: 2415060.808: [GC (Allocation Failure) [PSYoungGen: 668100K->14459K(679936K)] 770497K->117024K(996352K), 0.0112910 secs] [Times: user=0.02 sys=0.00, real=0.01 secs] 
Heap after GC invocations=630 (full 4):
 PSYoungGen      total 679936K, used 14459K [0x00000000d5580000, 0x0000000100000000, 0x0000000100000000)
  eden space 662016K, 0% used [0x00000000d5580000,0x00000000d5580000,0x00000000fdc00000)
  from space 17920K, 80% used [0x00000000fee80000,0x00000000ffc9ee58,0x0000000100000000)
  to   space 18432K, 0% used [0x00000000fdc00000,0x00000000fdc00000,0x00000000fee00000)
 ParOldGen       total 316416K, used 102565K [0x0000000080000000, 0x0000000093500000, 0x00000000d5580000)
  object space 316416K, 32% used [0x0000000080000000,0x0000000086429490,0x0000000093500000)
 Metaspace       used 94113K, capacity 96585K, committed 99200K, reserved 1136640K
  class space    used 11244K, capacity 11641K, committed 12160K, reserved 1048576K
}
{Heap before GC invocations=631 (full 4):
 PSYoungGen      total 679936K, used 675486K [0x00000000d5580000, 0x0000000100000000, 0x0000000100000000)
  eden space 662016K, 99% used [0x00000000d5580000,0x00000000fdb08c80,0x00000000fdc00000)
  from space 17920K, 80% used [0x00000000fee80000,0x00000000ffc9ee58,0x0000000100000000)
  to   space 18432K, 0% used [0x00000000fdc00000,0x00000000fdc00000,0x00000000fee00000)
 ParOldGen       total 316416K, used 102565K [0x0000000080000000, 0x0000000093500000, 0x00000000d5580000)
  object space 316416K, 32% used [0x0000000080000000,0x0000000086429490,0x0000000093500000)
 Metaspace       used 94115K, capacity 96585K, committed 99200K, reserved 1136640K
  class space    used 11244K, capacity 11641K, committed 12160K, reserved 1048576K
2023-04-21T00:03:12.149+0600: 2415064.232: [GC (Allocation Failure) [PSYoungGen: 675486K->10642K(680448K)] 778051K->113302K(996864K), 0.0093251 secs] [Times: user=0.04 sys=0.00, real=0.00 secs] 
Heap after GC invocations=631 (full 4):
 PSYoungGen      total 680448K, used 10642K [0x00000000d5580000, 0x00000000fff80000, 0x0000000100000000)
  eden space 662016K, 0% used [0x00000000d5580000,0x00000000d5580000,0x00000000fdc00000)
  from space 18432K, 57% used [0x00000000fdc00000,0x00000000fe664990,0x00000000fee00000)
  to   space 17920K, 0% used [0x00000000fee00000,0x00000000fee00000,0x00000000fff80000)
 ParOldGen       total 316416K, used 102660K [0x0000000080000000, 0x0000000093500000, 0x00000000d5580000)
  object space 316416K, 32% used [0x0000000080000000,0x00000000864411d0,0x0000000093500000)
 Metaspace       used 94115K, capacity 96585K, committed 99200K, reserved 1136640K
  class space    used 11244K, capacity 11641K, committed 12160K, reserved 1048576K
}
{Heap before GC invocations=632 (full 4):
 PSYoungGen      total 680448K, used 669440K [0x00000000d5580000, 0x00000000fff80000, 0x0000000100000000)
  eden space 662016K, 99% used [0x00000000d5580000,0x00000000fd8db9e8,0x00000000fdc00000)
  from space 18432K, 57% used [0x00000000fdc00000,0x00000000fe664990,0x00000000fee00000)
  to   space 17920K, 0% used [0x00000000fee00000,0x00000000fee00000,0x00000000fff80000)
 ParOldGen       total 316416K, used 102660K [0x0000000080000000, 0x0000000093500000, 0x00000000d5580000)
  object space 316416K, 32% used [0x0000000080000000,0x00000000864411d0,0x0000000093500000)
 Metaspace       used 94115K, capacity 96585K, committed 99200K, reserved 1136640K
  class space    used 11244K, capacity 11641K, committed 12160K, reserved 1048576K
2023-04-21T00:03:15.630+0600: 2415067.713: [GC (Allocation Failure) [PSYoungGen: 669440K->10578K(679424K)] 772101K->113286K(995840K), 0.0112219 secs] [Times: user=0.02 sys=0.00, real=0.01 secs] 
Heap after GC invocations=632 (full 4):
 PSYoungGen      total 679424K, used 10578K [0x00000000d5580000, 0x00000000ffe80000, 0x0000000100000000)
  eden space 662528K, 0% used [0x00000000d5580000,0x00000000d5580000,0x00000000fdc80000)
  from space 16896K, 62% used [0x00000000fee00000,0x00000000ff854990,0x00000000ffe80000)
  to   space 17408K, 0% used [0x00000000fdc80000,0x00000000fdc80000,0x00000000fed80000)
 ParOldGen       total 316416K, used 102708K [0x0000000080000000, 0x0000000093500000, 0x00000000d5580000)
  object space 316416K, 32% used [0x0000000080000000,0x000000008644d1d0,0x0000000093500000)
 Metaspace       used 94115K, capacity 96585K, committed 99200K, reserved 1136640K
  class space    used 11244K, capacity 11641K, committed 12160K, reserved 1048576K
}
{Heap before GC invocations=633 (full 4):
 PSYoungGen      total 679424K, used 672425K [0x00000000d5580000, 0x00000000ffe80000, 0x0000000100000000)
  eden space 662528K, 99% used [0x00000000d5580000,0x00000000fdbd5e60,0x00000000fdc80000)
  from space 16896K, 62% used [0x00000000fee00000,0x00000000ff854990,0x00000000ffe80000)
  to   space 17408K, 0% used [0x00000000fdc80000,0x00000000fdc80000,0x00000000fed80000)
 ParOldGen       total 316416K, used 102708K [0x0000000080000000, 0x0000000093500000, 0x00000000d5580000)
  object space 316416K, 32% used [0x0000000080000000,0x000000008644d1d0,0x0000000093500000)
 Metaspace       used 94115K, capacity 96585K, committed 99200K, reserved 1136640K
  class space    used 11244K, capacity 11641K, committed 12160K, reserved 1048576K
2023-04-21T00:03:18.866+0600: 2415070.949: [GC (Allocation Failure) [PSYoungGen: 672425K->14427K(679936K)] 775134K->117168K(996352K), 0.0163291 secs] [Times: user=0.03 sys=0.00, real=0.02 secs] 
Heap after GC invocations=633 (full 4):
 PSYoungGen      total 679936K, used 14427K [0x00000000d5580000, 0x0000000100000000, 0x0000000100000000)
  eden space 662528K, 0% used [0x00000000d5580000,0x00000000d5580000,0x00000000fdc80000)
  from space 17408K, 82% used [0x00000000fdc80000,0x00000000fea96e48,0x00000000fed80000)
  to   space 17920K, 0% used [0x00000000fee80000,0x00000000fee80000,0x0000000100000000)
 ParOldGen       total 316416K, used 102740K [0x0000000080000000, 0x0000000093500000, 0x00000000d5580000)
  object space 316416K, 32% used [0x0000000080000000,0x00000000864551d0,0x0000000093500000)
 Metaspace       used 94115K, capacity 96585K, committed 99200K, reserved 1136640K
  class space    used 11244K, capacity 11641K, committed 12160K, reserved 1048576K
}
{Heap before GC invocations=634 (full 4):
 PSYoungGen      total 679936K, used 673490K [0x00000000d5580000, 0x0000000100000000, 0x0000000100000000)
  eden space 662528K, 99% used [0x00000000d5580000,0x00000000fd91daf0,0x00000000fdc80000)
  from space 17408K, 82% used [0x00000000fdc80000,0x00000000fea96e48,0x00000000fed80000)
  to   space 17920K, 0% used [0x00000000fee80000,0x00000000fee80000,0x0000000100000000)
 ParOldGen       total 316416K, used 102740K [0x0000000080000000, 0x0000000093500000, 0x00000000d5580000)
  object space 316416K, 32% used [0x0000000080000000,0x00000000864551d0,0x0000000093500000)
 Metaspace       used 94115K, capacity 96585K, committed 99200K, reserved 1136640K
  class space    used 11244K, capacity 11641K, committed 12160K, reserved 1048576K
2023-04-21T00:03:22.347+0600: 2415074.430: [GC (Allocation Failure) [PSYoungGen: 673490K->14363K(679936K)] 776230K->117167K(996352K), 0.0099653 secs] [Times: user=0.01 sys=0.00, real=0.01 secs] 
Heap after GC invocations=634 (full 4):
 PSYoungGen      total 679936K, used 14363K [0x00000000d5580000, 0x0000000100000000, 0x0000000100000000)
  eden space 662016K, 0% used [0x00000000d5580000,0x00000000d5580000,0x00000000fdc00000)
  from space 17920K, 80% used [0x00000000fee80000,0x00000000ffc86e48,0x0000000100000000)
  to   space 18432K, 0% used [0x00000000fdc00000,0x00000000fdc00000,0x00000000fee00000)
 ParOldGen       total 316416K, used 102804K [0x0000000080000000, 0x0000000093500000, 0x00000000d5580000)
  object space 316416K, 32% used [0x0000000080000000,0x0000000086465120,0x0000000093500000)
 Metaspace       used 94115K, capacity 96585K, committed 99200K, reserved 1136640K
  class space    used 11244K, capacity 11641K, committed 12160K, reserved 1048576K
}
{Heap before GC invocations=635 (full 4):
 PSYoungGen      total 679936K, used 673513K [0x00000000d5580000, 0x0000000100000000, 0x0000000100000000)
  eden space 662016K, 99% used [0x00000000d5580000,0x00000000fd933780,0x00000000fdc00000)
  from space 17920K, 80% used [0x00000000fee80000,0x00000000ffc86e48,0x0000000100000000)
  to   space 18432K, 0% used [0x00000000fdc00000,0x00000000fdc00000,0x00000000fee00000)
 ParOldGen       total 316416K, used 102804K [0x0000000080000000, 0x0000000093500000, 0x00000000d5580000)
  object space 316416K, 32% used [0x0000000080000000,0x0000000086465120,0x0000000093500000)
 Metaspace       used 94115K, capacity 96585K, committed 99200K, reserved 1136640K
  class space    used 11244K, capacity 11641K, committed 12160K, reserved 1048576K
2023-04-21T00:03:25.648+0600: 2415077.731: [GC (Allocation Failure) [PSYoungGen: 673513K->14395K(676864K)] 776317K->117223K(993280K), 0.0165131 secs] [Times: user=0.03 sys=0.00, real=0.02 secs] 
Heap after GC invocations=635 (full 4):
 PSYoungGen      total 676864K, used 14395K [0x00000000d5580000, 0x0000000100000000, 0x0000000100000000)
  eden space 662016K, 0% used [0x00000000d5580000,0x00000000d5580000,0x00000000fdc00000)
  from space 14848K, 96% used [0x00000000fdc00000,0x00000000fea0ee48,0x00000000fea80000)
  to   space 18944K, 0% used [0x00000000fed80000,0x00000000fed80000,0x0000000100000000)
 ParOldGen       total 316416K, used 102828K [0x0000000080000000, 0x0000000093500000, 0x00000000d5580000)
  object space 316416K, 32% used [0x0000000080000000,0x000000008646b120,0x0000000093500000)
 Metaspace       used 94115K, capacity 96585K, committed 99200K, reserved 1136640K
  class space    used 11244K, capacity 11641K, committed 12160K, reserved 1048576K
}
{Heap before GC invocations=636 (full 4):
 PSYoungGen      total 676864K, used 673197K [0x00000000d5580000, 0x0000000100000000, 0x0000000100000000)
  eden space 662016K, 99% used [0x00000000d5580000,0x00000000fd8dc8e0,0x00000000fdc00000)
  from space 14848K, 96% used [0x00000000fdc00000,0x00000000fea0ee48,0x00000000fea80000)
  to   space 18944K, 0% used [0x00000000fed80000,0x00000000fed80000,0x0000000100000000)
 ParOldGen       total 316416K, used 102828K [0x0000000080000000, 0x0000000093500000, 0x00000000d5580000)
  object space 316416K, 32% used [0x0000000080000000,0x000000008646b120,0x0000000093500000)
 Metaspace       used 94115K, capacity 96585K, committed 99200K, reserved 1136640K
  class space    used 11244K, capacity 11641K, committed 12160K, reserved 1048576K
2023-04-21T00:03:29.180+0600: 2415081.263: [GC (Allocation Failure) [PSYoungGen: 673197K->14427K(679936K)] 776026K->117311K(996352K), 0.0161253 secs] [Times: user=0.02 sys=0.00, real=0.01 secs] 
Heap after GC invocations=636 (full 4):
 PSYoungGen      total 679936K, used 14427K [0x00000000d5580000, 0x0000000100000000, 0x0000000100000000)
  eden space 660992K, 0% used [0x00000000d5580000,0x00000000d5580000,0x00000000fdb00000)
  from space 18944K, 76% used [0x00000000fed80000,0x00000000ffb96e58,0x0000000100000000)
  to   space 18944K, 0% used [0x00000000fdb00000,0x00000000fdb00000,0x00000000fed80000)
 ParOldGen       total 316416K, used 102884K [0x0000000080000000, 0x0000000093500000, 0x00000000d5580000)
  object space 316416K, 32% used [0x0000000080000000,0x0000000086479120,0x0000000093500000)
 Metaspace       used 94115K, capacity 96585K, committed 99200K, reserved 1136640K
  class space    used 11244K, capacity 11641K, committed 12160K, reserved 1048576K
}
{Heap before GC invocations=637 (full 4):
 PSYoungGen      total 679936K, used 672710K [0x00000000d5580000, 0x0000000100000000, 0x0000000100000000)
  eden space 660992K, 99% used [0x00000000d5580000,0x00000000fd85acc8,0x00000000fdb00000)
  from space 18944K, 76% used [0x00000000fed80000,0x00000000ffb96e58,0x0000000100000000)
  to   space 18944K, 0% used [0x00000000fdb00000,0x00000000fdb00000,0x00000000fed80000)
 ParOldGen       total 316416K, used 102884K [0x0000000080000000, 0x0000000093500000, 0x00000000d5580000)
  object space 316416K, 32% used [0x0000000080000000,0x0000000086479120,0x0000000093500000)
 Metaspace       used 94115K, capacity 96585K, committed 99200K, reserved 1136640K
  class space    used 11244K, capacity 11641K, committed 12160K, reserved 1048576K
2023-04-21T00:03:32.381+0600: 2415084.463: [GC (Allocation Failure) [PSYoungGen: 672710K->14555K(675840K)] 775595K->117463K(992256K), 0.0126269 secs] [Times: user=0.02 sys=0.00, real=0.01 secs] 
Heap after GC invocations=637 (full 4):
 PSYoungGen      total 675840K, used 14555K [0x00000000d5580000, 0x0000000100000000, 0x0000000100000000)
  eden space 660992K, 0% used [0x00000000d5580000,0x00000000d5580000,0x00000000fdb00000)
  from space 14848K, 98% used [0x00000000fdb00000,0x00000000fe936e58,0x00000000fe980000)
  to   space 19456K, 0% used [0x00000000fed00000,0x00000000fed00000,0x0000000100000000)
 ParOldGen       total 316416K, used 102908K [0x0000000080000000, 0x0000000093500000, 0x00000000d5580000)
  object space 316416K, 32% used [0x0000000080000000,0x000000008647f120,0x0000000093500000)
 Metaspace       used 94115K, capacity 96585K, committed 99200K, reserved 1136640K
  class space    used 11244K, capacity 11641K, committed 12160K, reserved 1048576K
}
{Heap before GC invocations=638 (full 4):
 PSYoungGen      total 675840K, used 673484K [0x00000000d5580000, 0x0000000100000000, 0x0000000100000000)
  eden space 660992K, 99% used [0x00000000d5580000,0x00000000fd8fc518,0x00000000fdb00000)
  from space 14848K, 98% used [0x00000000fdb00000,0x00000000fe936e58,0x00000000fe980000)
  to   space 19456K, 0% used [0x00000000fed00000,0x00000000fed00000,0x0000000100000000)
 ParOldGen       total 316416K, used 102908K [0x0000000080000000, 0x0000000093500000, 0x00000000d5580000)
  object space 316416K, 32% used [0x0000000080000000,0x000000008647f120,0x0000000093500000)
 Metaspace       used 94115K, capacity 96585K, committed 99200K, reserved 1136640K
  class space    used 11244K, capacity 11641K, committed 12160K, reserved 1048576K
2023-04-21T00:03:35.916+0600: 2415087.999: [GC (Allocation Failure) [PSYoungGen: 673484K->14491K(679424K)] 776393K->117463K(995840K), 0.0157481 secs] [Times: user=0.03 sys=0.00, real=0.02 secs] 
Heap after GC invocations=638 (full 4):
 PSYoungGen      total 679424K, used 14491K [0x00000000d5580000, 0x0000000100000000, 0x0000000100000000)
  eden space 659968K, 0% used [0x00000000d5580000,0x00000000d5580000,0x00000000fda00000)
  from space 19456K, 74% used [0x00000000fed00000,0x00000000ffb26e58,0x0000000100000000)
  to   space 19456K, 0% used [0x00000000fda00000,0x00000000fda00000,0x00000000fed00000)
 ParOldGen       total 316416K, used 102972K [0x0000000080000000, 0x0000000093500000, 0x00000000d5580000)
  object space 316416K, 32% used [0x0000000080000000,0x000000008648f070,0x0000000093500000)
 Metaspace       used 94115K, capacity 96585K, committed 99200K, reserved 1136640K
  class space    used 11244K, capacity 11641K, committed 12160K, reserved 1048576K
}
{Heap before GC invocations=639 (full 4):
 PSYoungGen      total 679424K, used 671025K [0x00000000d5580000, 0x0000000100000000, 0x0000000100000000)
  eden space 659968K, 99% used [0x00000000d5580000,0x00000000fd6a5678,0x00000000fda00000)
  from space 19456K, 74% used [0x00000000fed00000,0x00000000ffb26e58,0x0000000100000000)
  to   space 19456K, 0% used [0x00000000fda00000,0x00000000fda00000,0x00000000fed00000)
 ParOldGen       total 316416K, used 102972K [0x0000000080000000, 0x0000000093500000, 0x00000000d5580000)
  object space 316416K, 32% used [0x0000000080000000,0x000000008648f070,0x0000000093500000)
 Metaspace       used 94115K, capacity 96585K, committed 99200K, reserved 1136640K
  class space    used 11244K, capacity 11641K, committed 12160K, reserved 1048576K
2023-04-21T00:03:39.236+0600: 2415091.319: [GC (Allocation Failure) [PSYoungGen: 671025K->14523K(679424K)] 773997K->117527K(995840K), 0.0108675 secs] [Times: user=0.02 sys=0.00, real=0.01 secs] 
Heap after GC invocations=639 (full 4):
 PSYoungGen      total 679424K, used 14523K [0x00000000d5580000, 0x0000000100000000, 0x0000000100000000)
  eden space 659968K, 0% used [0x00000000d5580000,0x00000000d5580000,0x00000000fda00000)
  from space 19456K, 74% used [0x00000000fda00000,0x00000000fe82ee58,0x00000000fed00000)
  to   space 19456K, 0% used [0x00000000fed00000,0x00000000fed00000,0x0000000100000000)
 ParOldGen       total 316416K, used 103004K [0x0000000080000000, 0x0000000093500000, 0x00000000d5580000)
  object space 316416K, 32% used [0x0000000080000000,0x0000000086497070,0x0000000093500000)
 Metaspace       used 94115K, capacity 96585K, committed 99200K, reserved 1136640K
  class space    used 11244K, capacity 11641K, committed 12160K, reserved 1048576K
}
{Heap before GC invocations=640 (full 4):
 PSYoungGen      total 679424K, used 672302K [0x00000000d5580000, 0x0000000100000000, 0x0000000100000000)
  eden space 659968K, 99% used [0x00000000d5580000,0x00000000fd7dcb38,0x00000000fda00000)
  from space 19456K, 74% used [0x00000000fda00000,0x00000000fe82ee58,0x00000000fed00000)
  to   space 19456K, 0% used [0x00000000fed00000,0x00000000fed00000,0x0000000100000000)
 ParOldGen       total 316416K, used 103004K [0x0000000080000000, 0x0000000093500000, 0x00000000d5580000)
  object space 316416K, 32% used [0x0000000080000000,0x0000000086497070,0x0000000093500000)
 Metaspace       used 94115K, capacity 96585K, committed 99200K, reserved 1136640K
  class space    used 11244K, capacity 11641K, committed 12160K, reserved 1048576K
2023-04-21T00:03:42.921+0600: 2415095.004: [GC (Allocation Failure) [PSYoungGen: 672302K->14555K(679424K)] 775306K->117607K(995840K), 0.0121376 secs] [Times: user=0.02 sys=0.00, real=0.01 secs] 
Heap after GC invocations=640 (full 4):
 PSYoungGen      total 679424K, used 14555K [0x00000000d5580000, 0x0000000100000000, 0x0000000100000000)
  eden space 659968K, 0% used [0x00000000d5580000,0x00000000d5580000,0x00000000fda00000)
  from space 19456K, 74% used [0x00000000fed00000,0x00000000ffb36e68,0x0000000100000000)
  to   space 19456K, 0% used [0x00000000fda00000,0x00000000fda00000,0x00000000fed00000)
 ParOldGen       total 316416K, used 103052K [0x0000000080000000, 0x0000000093500000, 0x00000000d5580000)
  object space 316416K, 32% used [0x0000000080000000,0x00000000864a3070,0x0000000093500000)
 Metaspace       used 94115K, capacity 96585K, committed 99200K, reserved 1136640K
  class space    used 11244K, capacity 11641K, committed 12160K, reserved 1048576K
}
{Heap before GC invocations=641 (full 4):
 PSYoungGen      total 679424K, used 672766K [0x00000000d5580000, 0x0000000100000000, 0x0000000100000000)
  eden space 659968K, 99% used [0x00000000d5580000,0x00000000fd848ac0,0x00000000fda00000)
  from space 19456K, 74% used [0x00000000fed00000,0x00000000ffb36e68,0x0000000100000000)
  to   space 19456K, 0% used [0x00000000fda00000,0x00000000fda00000,0x00000000fed00000)
 ParOldGen       total 316416K, used 103052K [0x0000000080000000, 0x0000000093500000, 0x00000000d5580000)
  object space 316416K, 32% used [0x0000000080000000,0x00000000864a3070,0x0000000093500000)
 Metaspace       used 94115K, capacity 96585K, committed 99200K, reserved 1136640K
  class space    used 11244K, capacity 11641K, committed 12160K, reserved 1048576K
2023-04-21T00:03:46.040+0600: 2415098.123: [GC (Allocation Failure) [PSYoungGen: 672766K->10866K(671232K)] 775818K->113958K(987648K), 0.0106426 secs] [Times: user=0.02 sys=0.00, real=0.01 secs] 
Heap after GC invocations=641 (full 4):
 PSYoungGen      total 671232K, used 10866K [0x00000000d5580000, 0x00000000fff00000, 0x0000000100000000)
  eden space 659968K, 0% used [0x00000000d5580000,0x00000000d5580000,0x00000000fda00000)
  from space 11264K, 96% used [0x00000000fda00000,0x00000000fe49c9b0,0x00000000fe500000)
  to   space 18944K, 0% used [0x00000000fec80000,0x00000000fec80000,0x00000000fff00000)
 ParOldGen       total 316416K, used 103091K [0x0000000080000000, 0x0000000093500000, 0x00000000d5580000)
  object space 316416K, 32% used [0x0000000080000000,0x00000000864acfc0,0x0000000093500000)
 Metaspace       used 94115K, capacity 96585K, committed 99200K, reserved 1136640K
  class space    used 11244K, capacity 11641K, committed 12160K, reserved 1048576K
}
{Heap before GC invocations=642 (full 4):
 PSYoungGen      total 671232K, used 667388K [0x00000000d5580000, 0x00000000fff00000, 0x0000000100000000)
  eden space 659968K, 99% used [0x00000000d5580000,0x00000000fd6a28d8,0x00000000fda00000)
  from space 11264K, 96% used [0x00000000fda00000,0x00000000fe49c9b0,0x00000000fe500000)
  to   space 18944K, 0% used [0x00000000fec80000,0x00000000fec80000,0x00000000fff00000)
 ParOldGen       total 316416K, used 103091K [0x0000000080000000, 0x0000000093500000, 0x00000000d5580000)
  object space 316416K, 32% used [0x0000000080000000,0x00000000864acfc0,0x0000000093500000)
 Metaspace       used 94115K, capacity 96585K, committed 99200K, reserved 1136640K
  class space    used 11244K, capacity 11641K, committed 12160K, reserved 1048576K
2023-04-21T00:03:49.470+0600: 2415101.553: [GC (Allocation Failure) [PSYoungGen: 667388K->14555K(678912K)] 770480K->117759K(995328K), 0.0113314 secs] [Times: user=0.02 sys=0.00, real=0.01 secs] 
Heap after GC invocations=642 (full 4):
 PSYoungGen      total 678912K, used 14555K [0x00000000d5580000, 0x0000000100000000, 0x0000000100000000)
  eden space 659968K, 0% used [0x00000000d5580000,0x00000000d5580000,0x00000000fda00000)
  from space 18944K, 76% used [0x00000000fec80000,0x00000000ffab6e68,0x00000000fff00000)
  to   space 18944K, 0% used [0x00000000fda00000,0x00000000fda00000,0x00000000fec80000)
 ParOldGen       total 316416K, used 103203K [0x0000000080000000, 0x0000000093500000, 0x00000000d5580000)
  object space 316416K, 32% used [0x0000000080000000,0x00000000864c8ff0,0x0000000093500000)
 Metaspace       used 94115K, capacity 96585K, committed 99200K, reserved 1136640K
  class space    used 11244K, capacity 11641K, committed 12160K, reserved 1048576K
}
{Heap before GC invocations=643 (full 4):
 PSYoungGen      total 678912K, used 671639K [0x00000000d5580000, 0x0000000100000000, 0x0000000100000000)
  eden space 659968K, 99% used [0x00000000d5580000,0x00000000fd72f058,0x00000000fda00000)
  from space 18944K, 76% used [0x00000000fec80000,0x00000000ffab6e68,0x00000000fff00000)
  to   space 18944K, 0% used [0x00000000fda00000,0x00000000fda00000,0x00000000fec80000)
 ParOldGen       total 316416K, used 103203K [0x0000000080000000, 0x0000000093500000, 0x00000000d5580000)
  object space 316416K, 32% used [0x0000000080000000,0x00000000864c8ff0,0x0000000093500000)
 Metaspace       used 94115K, capacity 96585K, committed 99200K, reserved 1136640K
  class space    used 11244K, capacity 11641K, committed 12160K, reserved 1048576K
2023-04-21T00:03:52.770+0600: 2415104.853: [GC (Allocation Failure) [PSYoungGen: 671639K->10674K(678912K)] 774843K->114021K(995328K), 0.0111530 secs] [Times: user=0.02 sys=0.00, real=0.01 secs] 
Heap after GC invocations=643 (full 4):
 PSYoungGen      total 678912K, used 10674K [0x00000000d5580000, 0x0000000100000000, 0x0000000100000000)
  eden space 659968K, 0% used [0x00000000d5580000,0x00000000d5580000,0x00000000fda00000)
  from space 18944K, 56% used [0x00000000fda00000,0x00000000fe46c9a0,0x00000000fec80000)
  to   space 18944K, 0% used [0x00000000fed80000,0x00000000fed80000,0x0000000100000000)
 ParOldGen       total 316416K, used 103347K [0x0000000080000000, 0x0000000093500000, 0x00000000d5580000)
  object space 316416K, 32% used [0x0000000080000000,0x00000000864ece10,0x0000000093500000)
 Metaspace       used 94115K, capacity 96585K, committed 99200K, reserved 1136640K
  class space    used 11244K, capacity 11641K, committed 12160K, reserved 1048576K
}
{Heap before GC invocations=644 (full 4):
 PSYoungGen      total 678912K, used 668489K [0x00000000d5580000, 0x0000000100000000, 0x0000000100000000)
  eden space 659968K, 99% used [0x00000000d5580000,0x00000000fd7e5d88,0x00000000fda00000)
  from space 18944K, 56% used [0x00000000fda00000,0x00000000fe46c9a0,0x00000000fec80000)
  to   space 18944K, 0% used [0x00000000fed80000,0x00000000fed80000,0x0000000100000000)
 ParOldGen       total 316416K, used 103347K [0x0000000080000000, 0x0000000093500000, 0x00000000d5580000)
  object space 316416K, 32% used [0x0000000080000000,0x00000000864ece10,0x0000000093500000)
 Metaspace       used 94115K, capacity 96585K, committed 99200K, reserved 1136640K
  class space    used 11244K, capacity 11641K, committed 12160K, reserved 1048576K
2023-04-21T00:03:56.133+0600: 2415108.216: [GC (Allocation Failure) [PSYoungGen: 668489K->10642K(679936K)] 771837K->114053K(996352K), 0.0127941 secs] [Times: user=0.03 sys=0.00, real=0.01 secs] 
Heap after GC invocations=644 (full 4):
 PSYoungGen      total 679936K, used 10642K [0x00000000d5580000, 0x0000000100000000, 0x0000000100000000)
  eden space 660992K, 0% used [0x00000000d5580000,0x00000000d5580000,0x00000000fdb00000)
  from space 18944K, 56% used [0x00000000fed80000,0x00000000ff7e49a0,0x0000000100000000)
  to   space 18944K, 0% used [0x00000000fdb00000,0x00000000fdb00000,0x00000000fed80000)
 ParOldGen       total 316416K, used 103411K [0x0000000080000000, 0x0000000093500000, 0x00000000d5580000)
  object space 316416K, 32% used [0x0000000080000000,0x00000000864fcd60,0x0000000093500000)
 Metaspace       used 94115K, capacity 96585K, committed 99200K, reserved 1136640K
  class space    used 11244K, capacity 11641K, committed 12160K, reserved 1048576K
}
{Heap before GC invocations=645 (full 4):
 PSYoungGen      total 679936K, used 667865K [0x00000000d5580000, 0x0000000100000000, 0x0000000100000000)
  eden space 660992K, 99% used [0x00000000d5580000,0x00000000fd751cb8,0x00000000fdb00000)
  from space 18944K, 56% used [0x00000000fed80000,0x00000000ff7e49a0,0x0000000100000000)
  to   space 18944K, 0% used [0x00000000fdb00000,0x00000000fdb00000,0x00000000fed80000)
 ParOldGen       total 316416K, used 103411K [0x0000000080000000, 0x0000000093500000, 0x00000000d5580000)
  object space 316416K, 32% used [0x0000000080000000,0x00000000864fcd60,0x0000000093500000)
 Metaspace       used 94115K, capacity 96585K, committed 99200K, reserved 1136640K
  class space    used 11244K, capacity 11641K, committed 12160K, reserved 1048576K
2023-04-21T00:03:59.409+0600: 2415111.492: [GC (Allocation Failure) [PSYoungGen: 667865K->7170K(679936K)] 771276K->110613K(996352K), 0.0087999 secs] [Times: user=0.01 sys=0.00, real=0.00 secs] 
Heap after GC invocations=645 (full 4):
 PSYoungGen      total 679936K, used 7170K [0x00000000d5580000, 0x0000000100000000, 0x0000000100000000)
  eden space 660992K, 0% used [0x00000000d5580000,0x00000000d5580000,0x00000000fdb00000)
  from space 18944K, 37% used [0x00000000fdb00000,0x00000000fe200840,0x00000000fed80000)
  to   space 18944K, 0% used [0x00000000fed80000,0x00000000fed80000,0x0000000100000000)
 ParOldGen       total 316416K, used 103443K [0x0000000080000000, 0x0000000093500000, 0x00000000d5580000)
  object space 316416K, 32% used [0x0000000080000000,0x0000000086504d60,0x0000000093500000)
 Metaspace       used 94115K, capacity 96585K, committed 99200K, reserved 1136640K
  class space    used 11244K, capacity 11641K, committed 12160K, reserved 1048576K
}
{Heap before GC invocations=646 (full 4):
 PSYoungGen      total 679936K, used 665549K [0x00000000d5580000, 0x0000000100000000, 0x0000000100000000)
  eden space 660992K, 99% used [0x00000000d5580000,0x00000000fd872c30,0x00000000fdb00000)
  from space 18944K, 37% used [0x00000000fdb00000,0x00000000fe200840,0x00000000fed80000)
  to   space 18944K, 0% used [0x00000000fed80000,0x00000000fed80000,0x0000000100000000)
 ParOldGen       total 316416K, used 103443K [0x0000000080000000, 0x0000000093500000, 0x00000000d5580000)
  object space 316416K, 32% used [0x0000000080000000,0x0000000086504d60,0x0000000093500000)
 Metaspace       used 94115K, capacity 96585K, committed 99200K, reserved 1136640K
  class space    used 11244K, capacity 11641K, committed 12160K, reserved 1048576K
2023-04-21T00:04:03.073+0600: 2415115.156: [GC (Allocation Failure) [PSYoungGen: 665549K->14395K(678912K)] 768992K->117886K(995328K), 0.0143872 secs] [Times: user=0.03 sys=0.00, real=0.01 secs] 
Heap after GC invocations=646 (full 4):
 PSYoungGen      total 678912K, used 14395K [0x00000000d5580000, 0x0000000100000000, 0x0000000100000000)
  eden space 659968K, 0% used [0x00000000d5580000,0x00000000d5580000,0x00000000fda00000)
  from space 18944K, 75% used [0x00000000fed80000,0x00000000ffb8ee58,0x0000000100000000)
  to   space 19456K, 0% used [0x00000000fda00000,0x00000000fda00000,0x00000000fed00000)
 ParOldGen       total 316416K, used 103491K [0x0000000080000000, 0x0000000093500000, 0x00000000d5580000)
  object space 316416K, 32% used [0x0000000080000000,0x0000000086510d60,0x0000000093500000)
 Metaspace       used 94115K, capacity 96585K, committed 99200K, reserved 1136640K
  class space    used 11244K, capacity 11641K, committed 12160K, reserved 1048576K
}
{Heap before GC invocations=647 (full 4):
 PSYoungGen      total 678912K, used 672957K [0x00000000d5580000, 0x0000000100000000, 0x0000000100000000)
  eden space 659968K, 99% used [0x00000000d5580000,0x00000000fd8a07b8,0x00000000fda00000)
  from space 18944K, 75% used [0x00000000fed80000,0x00000000ffb8ee58,0x0000000100000000)
  to   space 19456K, 0% used [0x00000000fda00000,0x00000000fda00000,0x00000000fed00000)
 ParOldGen       total 316416K, used 103491K [0x0000000080000000, 0x0000000093500000, 0x00000000d5580000)
  object space 316416K, 32% used [0x0000000080000000,0x0000000086510d60,0x0000000093500000)
 Metaspace       used 94115K, capacity 96585K, committed 99200K, reserved 1136640K
  class space    used 11244K, capacity 11641K, committed 12160K, reserved 1048576K
2023-04-21T00:04:06.233+0600: 2415118.315: [GC (Allocation Failure) [PSYoungGen: 672957K->7170K(679424K)] 776448K->110693K(995840K), 0.0106787 secs] [Times: user=0.02 sys=0.00, real=0.01 secs] 
Heap after GC invocations=647 (full 4):
 PSYoungGen      total 679424K, used 7170K [0x00000000d5580000, 0x0000000100000000, 0x0000000100000000)
  eden space 659968K, 0% used [0x00000000d5580000,0x00000000d5580000,0x00000000fda00000)
  from space 19456K, 36% used [0x00000000fda00000,0x00000000fe100840,0x00000000fed00000)
  to   space 19456K, 0% used [0x00000000fed00000,0x00000000fed00000,0x0000000100000000)
 ParOldGen       total 316416K, used 103523K [0x0000000080000000, 0x0000000093500000, 0x00000000d5580000)
  object space 316416K, 32% used [0x0000000080000000,0x0000000086518d60,0x0000000093500000)
 Metaspace       used 94115K, capacity 96585K, committed 99200K, reserved 1136640K
  class space    used 11244K, capacity 11641K, committed 12160K, reserved 1048576K
}
{Heap before GC invocations=648 (full 4):
 PSYoungGen      total 679424K, used 663832K [0x00000000d5580000, 0x0000000100000000, 0x0000000100000000)
  eden space 659968K, 99% used [0x00000000d5580000,0x00000000fd6c5a68,0x00000000fda00000)
  from space 19456K, 36% used [0x00000000fda00000,0x00000000fe100840,0x00000000fed00000)
  to   space 19456K, 0% used [0x00000000fed00000,0x00000000fed00000,0x0000000100000000)
 ParOldGen       total 316416K, used 103523K [0x0000000080000000, 0x0000000093500000, 0x00000000d5580000)
  object space 316416K, 32% used [0x0000000080000000,0x0000000086518d60,0x0000000093500000)
 Metaspace       used 94115K, capacity 96585K, committed 99200K, reserved 1136640K
  class space    used 11244K, capacity 11641K, committed 12160K, reserved 1048576K
2023-04-21T00:04:09.756+0600: 2415121.839: [GC (Allocation Failure) [PSYoungGen: 663832K->10610K(678400K)] 767356K->114197K(994816K), 0.0126719 secs] [Times: user=0.02 sys=0.00, real=0.01 secs] 
Heap after GC invocations=648 (full 4):
 PSYoungGen      total 678400K, used 10610K [0x00000000d5580000, 0x00000000fff00000, 0x0000000100000000)
  eden space 659968K, 0% used [0x00000000d5580000,0x00000000d5580000,0x00000000fda00000)
  from space 18432K, 57% used [0x00000000fed00000,0x00000000ff75c9a0,0x00000000fff00000)
  to   space 18944K, 0% used [0x00000000fda00000,0x00000000fda00000,0x00000000fec80000)
 ParOldGen       total 316416K, used 103587K [0x0000000080000000, 0x0000000093500000, 0x00000000d5580000)
  object space 316416K, 32% used [0x0000000080000000,0x0000000086528cb0,0x0000000093500000)
 Metaspace       used 94115K, capacity 96585K, committed 99200K, reserved 1136640K
  class space    used 11244K, capacity 11641K, committed 12160K, reserved 1048576K
}
{Heap before GC invocations=649 (full 4):
 PSYoungGen      total 678400K, used 669632K [0x00000000d5580000, 0x00000000fff00000, 0x0000000100000000)
  eden space 659968K, 99% used [0x00000000d5580000,0x00000000fd9139c8,0x00000000fda00000)
  from space 18432K, 57% used [0x00000000fed00000,0x00000000ff75c9a0,0x00000000fff00000)
  to   space 18944K, 0% used [0x00000000fda00000,0x00000000fda00000,0x00000000fec80000)
 ParOldGen       total 316416K, used 103587K [0x0000000080000000, 0x0000000093500000, 0x00000000d5580000)
  object space 316416K, 32% used [0x0000000080000000,0x0000000086528cb0,0x0000000093500000)
 Metaspace       used 94115K, capacity 96585K, committed 99200K, reserved 1136640K
  class space    used 11244K, capacity 11641K, committed 12160K, reserved 1048576K
2023-04-21T00:04:13.065+0600: 2415125.148: [GC (Allocation Failure) [PSYoungGen: 669632K->5508K(678912K)] 773220K->109120K(995328K), 0.0122799 secs] [Times: user=0.03 sys=0.00, real=0.01 secs] 
Heap after GC invocations=649 (full 4):
 PSYoungGen      total 678912K, used 5508K [0x00000000d5580000, 0x0000000100000000, 0x0000000100000000)
  eden space 659968K, 0% used [0x00000000d5580000,0x00000000d5580000,0x00000000fda00000)
  from space 18944K, 29% used [0x00000000fda00000,0x00000000fdf613a8,0x00000000fec80000)
  to   space 19456K, 0% used [0x00000000fed00000,0x00000000fed00000,0x0000000100000000)
 ParOldGen       total 316416K, used 103611K [0x0000000080000000, 0x0000000093500000, 0x00000000d5580000)
  object space 316416K, 32% used [0x0000000080000000,0x000000008652ecb0,0x0000000093500000)
 Metaspace       used 94115K, capacity 96585K, committed 99200K, reserved 1136640K
  class space    used 11244K, capacity 11641K, committed 12160K, reserved 1048576K
}
{Heap before GC invocations=650 (full 4):
 PSYoungGen      total 678912K, used 662133K [0x00000000d5580000, 0x0000000100000000, 0x0000000100000000)
  eden space 659968K, 99% used [0x00000000d5580000,0x00000000fd6bc2b0,0x00000000fda00000)
  from space 18944K, 29% used [0x00000000fda00000,0x00000000fdf613a8,0x00000000fec80000)
  to   space 19456K, 0% used [0x00000000fed00000,0x00000000fed00000,0x0000000100000000)
 ParOldGen       total 316416K, used 103611K [0x0000000080000000, 0x0000000093500000, 0x00000000d5580000)
  object space 316416K, 32% used [0x0000000080000000,0x000000008652ecb0,0x0000000093500000)
 Metaspace       used 94115K, capacity 96585K, committed 99200K, reserved 1136640K
  class space    used 11244K, capacity 11641K, committed 12160K, reserved 1048576K
2023-04-21T00:04:16.538+0600: 2415128.621: [GC (Allocation Failure) [PSYoungGen: 662133K->10610K(678400K)] 765744K->114269K(994816K), 0.0131579 secs] [Times: user=0.02 sys=0.00, real=0.02 secs] 
Heap after GC invocations=650 (full 4):
 PSYoungGen      total 678400K, used 10610K [0x00000000d5580000, 0x00000000ffe80000, 0x0000000100000000)
  eden space 660480K, 0% used [0x00000000d5580000,0x00000000d5580000,0x00000000fda80000)
  from space 17920K, 59% used [0x00000000fed00000,0x00000000ff75c9a0,0x00000000ffe80000)
  to   space 18432K, 0% used [0x00000000fda80000,0x00000000fda80000,0x00000000fec80000)
 ParOldGen       total 316416K, used 103659K [0x0000000080000000, 0x0000000093500000, 0x00000000d5580000)
  object space 316416K, 32% used [0x0000000080000000,0x000000008653acb0,0x0000000093500000)
 Metaspace       used 94115K, capacity 96585K, committed 99200K, reserved 1136640K
  class space    used 11244K, capacity 11641K, committed 12160K, reserved 1048576K
}
{Heap before GC invocations=651 (full 4):
 PSYoungGen      total 678400K, used 671090K [0x00000000d5580000, 0x00000000ffe80000, 0x0000000100000000)
  eden space 660480K, 100% used [0x00000000d5580000,0x00000000fda80000,0x00000000fda80000)
  from space 17920K, 59% used [0x00000000fed00000,0x00000000ff75c9a0,0x00000000ffe80000)
  to   space 18432K, 0% used [0x00000000fda80000,0x00000000fda80000,0x00000000fec80000)
 ParOldGen       total 316416K, used 103659K [0x0000000080000000, 0x0000000093500000, 0x00000000d5580000)
  object space 316416K, 32% used [0x0000000080000000,0x000000008653acb0,0x0000000093500000)
 Metaspace       used 94115K, capacity 96585K, committed 99200K, reserved 1136640K
  class space    used 11244K, capacity 11641K, committed 12160K, reserved 1048576K
2023-04-21T00:04:19.863+0600: 2415131.946: [GC (Allocation Failure) [PSYoungGen: 671090K->1376K(678912K)] 774749K->105138K(995328K), 0.0103385 secs] [Times: user=0.02 sys=0.00, real=0.01 secs] 
Heap after GC invocations=651 (full 4):
 PSYoungGen      total 678912K, used 1376K [0x00000000d5580000, 0x0000000100000000, 0x0000000100000000)
  eden space 660480K, 0% used [0x00000000d5580000,0x00000000d5580000,0x00000000fda80000)
  from space 18432K, 7% used [0x00000000fda80000,0x00000000fdbd8030,0x00000000fec80000)
  to   space 19456K, 0% used [0x00000000fed00000,0x00000000fed00000,0x0000000100000000)
 ParOldGen       total 316416K, used 103762K [0x0000000080000000, 0x0000000093500000, 0x00000000d5580000)
  object space 316416K, 32% used [0x0000000080000000,0x00000000865549f0,0x0000000093500000)
 Metaspace       used 94115K, capacity 96585K, committed 99200K, reserved 1136640K
  class space    used 11244K, capacity 11641K, committed 12160K, reserved 1048576K
}
{Heap before GC invocations=652 (full 4):
 PSYoungGen      total 678912K, used 658937K [0x00000000d5580000, 0x0000000100000000, 0x0000000100000000)
  eden space 660480K, 99% used [0x00000000d5580000,0x00000000fd7a6400,0x00000000fda80000)
  from space 18432K, 7% used [0x00000000fda80000,0x00000000fdbd8030,0x00000000fec80000)
  to   space 19456K, 0% used [0x00000000fed00000,0x00000000fed00000,0x0000000100000000)
 ParOldGen       total 316416K, used 103762K [0x0000000080000000, 0x0000000093500000, 0x00000000d5580000)
  object space 316416K, 32% used [0x0000000080000000,0x00000000865549f0,0x0000000093500000)
 Metaspace       used 94115K, capacity 96585K, committed 99200K, reserved 1136640K
  class space    used 11244K, capacity 11641K, committed 12160K, reserved 1048576K
2023-04-21T00:04:23.298+0600: 2415135.381: [GC (Allocation Failure) [PSYoungGen: 658937K->14395K(678400K)] 762699K->118270K(994816K), 0.0128203 secs] [Times: user=0.02 sys=0.00, real=0.02 secs] 
Heap after GC invocations=652 (full 4):
 PSYoungGen      total 678400K, used 14395K [0x00000000d5580000, 0x0000000100000000, 0x0000000100000000)
  eden space 658944K, 0% used [0x00000000d5580000,0x00000000d5580000,0x00000000fd900000)
  from space 19456K, 73% used [0x00000000fed00000,0x00000000ffb0ee58,0x0000000100000000)
  to   space 19968K, 0% used [0x00000000fd900000,0x00000000fd900000,0x00000000fec80000)
 ParOldGen       total 316416K, used 103874K [0x0000000080000000, 0x0000000093500000, 0x00000000d5580000)
  object space 316416K, 32% used [0x0000000080000000,0x0000000086570a20,0x0000000093500000)
 Metaspace       used 94115K, capacity 96585K, committed 99200K, reserved 1136640K
  class space    used 11244K, capacity 11641K, committed 12160K, reserved 1048576K
}
{Heap before GC invocations=653 (full 4):
 PSYoungGen      total 678400K, used 673339K [0x00000000d5580000, 0x0000000100000000, 0x0000000100000000)
  eden space 658944K, 100% used [0x00000000d5580000,0x00000000fd900000,0x00000000fd900000)
  from space 19456K, 73% used [0x00000000fed00000,0x00000000ffb0ee58,0x0000000100000000)
  to   space 19968K, 0% used [0x00000000fd900000,0x00000000fd900000,0x00000000fec80000)
 ParOldGen       total 316416K, used 103874K [0x0000000080000000, 0x0000000093500000, 0x00000000d5580000)
  object space 316416K, 32% used [0x0000000080000000,0x0000000086570a20,0x0000000093500000)
 Metaspace       used 94115K, capacity 96585K, committed 99200K, reserved 1136640K
  class space    used 11244K, capacity 11641K, committed 12160K, reserved 1048576K
2023-04-21T00:04:26.740+0600: 2415138.823: [GC (Allocation Failure) [PSYoungGen: 673339K->1472K(660480K)] 777214K->105378K(976896K), 0.0134774 secs] [Times: user=0.03 sys=0.00, real=0.01 secs] 
Heap after GC invocations=653 (full 4):
 PSYoungGen      total 660480K, used 1472K [0x00000000d5580000, 0x0000000100000000, 0x0000000100000000)
  eden space 658944K, 0% used [0x00000000d5580000,0x00000000d5580000,0x00000000fd900000)
  from space 1536K, 95% used [0x00000000fd900000,0x00000000fda70040,0x00000000fda80000)
  to   space 20480K, 0% used [0x00000000fec00000,0x00000000fec00000,0x0000000100000000)
 ParOldGen       total 316416K, used 103906K [0x0000000080000000, 0x0000000093500000, 0x00000000d5580000)
  object space 316416K, 32% used [0x0000000080000000,0x0000000086578a20,0x0000000093500000)
 Metaspace       used 94115K, capacity 96585K, committed 99200K, reserved 1136640K
  class space    used 11244K, capacity 11641K, committed 12160K, reserved 1048576K
}
{Heap before GC invocations=654 (full 4):
 PSYoungGen      total 660480K, used 657338K [0x00000000d5580000, 0x0000000100000000, 0x0000000100000000)
  eden space 658944K, 99% used [0x00000000d5580000,0x00000000fd5fe980,0x00000000fd900000)
  from space 1536K, 95% used [0x00000000fd900000,0x00000000fda70040,0x00000000fda80000)
  to   space 20480K, 0% used [0x00000000fec00000,0x00000000fec00000,0x0000000100000000)
 ParOldGen       total 316416K, used 103906K [0x0000000080000000, 0x0000000093500000, 0x00000000d5580000)
  object space 316416K, 32% used [0x0000000080000000,0x0000000086578a20,0x0000000093500000)
 Metaspace       used 94115K, capacity 96585K, committed 99200K, reserved 1136640K
  class space    used 11244K, capacity 11641K, committed 12160K, reserved 1048576K
2023-04-21T00:04:30.179+0600: 2415142.262: [GC (Allocation Failure) [PSYoungGen: 657338K->10738K(678912K)] 761244K->114708K(995328K), 0.0098513 secs] [Times: user=0.01 sys=0.00, real=0.02 secs] 
Heap after GC invocations=654 (full 4):
 PSYoungGen      total 678912K, used 10738K [0x00000000d5580000, 0x0000000100000000, 0x0000000100000000)
  eden space 658432K, 0% used [0x00000000d5580000,0x00000000d5580000,0x00000000fd880000)
  from space 20480K, 52% used [0x00000000fec00000,0x00000000ff67c9b0,0x0000000100000000)
  to   space 19968K, 0% used [0x00000000fd880000,0x00000000fd880000,0x00000000fec00000)
 ParOldGen       total 316416K, used 103970K [0x0000000080000000, 0x0000000093500000, 0x00000000d5580000)
  object space 316416K, 32% used [0x0000000080000000,0x0000000086588970,0x0000000093500000)
 Metaspace       used 94115K, capacity 96585K, committed 99200K, reserved 1136640K
  class space    used 11244K, capacity 11641K, committed 12160K, reserved 1048576K
}
{Heap before GC invocations=655 (full 4):
 PSYoungGen      total 678912K, used 669170K [0x00000000d5580000, 0x0000000100000000, 0x0000000100000000)
  eden space 658432K, 100% used [0x00000000d5580000,0x00000000fd880000,0x00000000fd880000)
  from space 20480K, 52% used [0x00000000fec00000,0x00000000ff67c9b0,0x0000000100000000)
  to   space 19968K, 0% used [0x00000000fd880000,0x00000000fd880000,0x00000000fec00000)
 ParOldGen       total 316416K, used 103970K [0x0000000080000000, 0x0000000093500000, 0x00000000d5580000)
  object space 316416K, 32% used [0x0000000080000000,0x0000000086588970,0x0000000093500000)
 Metaspace       used 94115K, capacity 96585K, committed 99200K, reserved 1136640K
  class space    used 11244K, capacity 11641K, committed 12160K, reserved 1048576K
2023-04-21T00:04:33.339+0600: 2415145.422: [GC (Allocation Failure) [PSYoungGen: 669170K->8681K(667136K)] 773140K->112731K(983552K), 0.0080127 secs] [Times: user=0.01 sys=0.00, real=0.01 secs] 
Heap after GC invocations=655 (full 4):
 PSYoungGen      total 667136K, used 8681K [0x00000000d5580000, 0x00000000ffe80000, 0x0000000100000000)
  eden space 658432K, 0% used [0x00000000d5580000,0x00000000d5580000,0x00000000fd880000)
  from space 8704K, 99% used [0x00000000fd880000,0x00000000fe0fa4f8,0x00000000fe100000)
  to   space 19456K, 0% used [0x00000000feb80000,0x00000000feb80000,0x00000000ffe80000)
 ParOldGen       total 316416K, used 104049K [0x0000000080000000, 0x0000000093500000, 0x00000000d5580000)
  object space 316416K, 32% used [0x0000000080000000,0x000000008659c760,0x0000000093500000)
 Metaspace       used 94115K, capacity 96585K, committed 99200K, reserved 1136640K
  class space    used 11244K, capacity 11641K, committed 12160K, reserved 1048576K
}
{Heap before GC invocations=656 (full 4):
 PSYoungGen      total 667136K, used 665148K [0x00000000d5580000, 0x00000000ffe80000, 0x0000000100000000)
  eden space 658432K, 99% used [0x00000000d5580000,0x00000000fd694cb0,0x00000000fd880000)
  from space 8704K, 99% used [0x00000000fd880000,0x00000000fe0fa4f8,0x00000000fe100000)
  to   space 19456K, 0% used [0x00000000feb80000,0x00000000feb80000,0x00000000ffe80000)
 ParOldGen       total 316416K, used 104049K [0x0000000080000000, 0x0000000093500000, 0x00000000d5580000)
  object space 316416K, 32% used [0x0000000080000000,0x000000008659c760,0x0000000093500000)
 Metaspace       used 94115K, capacity 96585K, committed 99200K, reserved 1136640K
  class space    used 11244K, capacity 11641K, committed 12160K, reserved 1048576K
2023-04-21T00:04:37.244+0600: 2415149.326: [GC (Allocation Failure) [PSYoungGen: 665148K->14587K(677376K)] 769198K->118741K(993792K), 0.0125983 secs] [Times: user=0.02 sys=0.00, real=0.01 secs] 
Heap after GC invocations=656 (full 4):
 PSYoungGen      total 677376K, used 14587K [0x00000000d5580000, 0x0000000100000000, 0x0000000100000000)
  eden space 657920K, 0% used [0x00000000d5580000,0x00000000d5580000,0x00000000fd800000)
  from space 19456K, 74% used [0x00000000feb80000,0x00000000ff9bee68,0x00000000ffe80000)
  to   space 19968K, 0% used [0x00000000fd800000,0x00000000fd800000,0x00000000feb80000)
 ParOldGen       total 316416K, used 104153K [0x0000000080000000, 0x0000000093500000, 0x00000000d5580000)
  object space 316416K, 32% used [0x0000000080000000,0x00000000865b6790,0x0000000093500000)
 Metaspace       used 94115K, capacity 96585K, committed 99200K, reserved 1136640K
  class space    used 11244K, capacity 11641K, committed 12160K, reserved 1048576K
}
{Heap before GC invocations=657 (full 4):
 PSYoungGen      total 677376K, used 672507K [0x00000000d5580000, 0x0000000100000000, 0x0000000100000000)
  eden space 657920K, 100% used [0x00000000d5580000,0x00000000fd800000,0x00000000fd800000)
  from space 19456K, 74% used [0x00000000feb80000,0x00000000ff9bee68,0x00000000ffe80000)
  to   space 19968K, 0% used [0x00000000fd800000,0x00000000fd800000,0x00000000feb80000)
 ParOldGen       total 316416K, used 104153K [0x0000000080000000, 0x0000000093500000, 0x00000000d5580000)
  object space 316416K, 32% used [0x0000000080000000,0x00000000865b6790,0x0000000093500000)
 Metaspace       used 94115K, capacity 96585K, committed 99200K, reserved 1136640K
  class space    used 11244K, capacity 11641K, committed 12160K, reserved 1048576K
2023-04-21T00:04:40.187+0600: 2415152.270: [GC (Allocation Failure) [PSYoungGen: 672507K->8777K(677888K)] 776661K->112955K(994304K), 0.0081780 secs] [Times: user=0.01 sys=0.00, real=0.01 secs] 
Heap after GC invocations=657 (full 4):
 PSYoungGen      total 677888K, used 8777K [0x00000000d5580000, 0x00000000fff80000, 0x0000000100000000)
  eden space 657920K, 0% used [0x00000000d5580000,0x00000000d5580000,0x00000000fd800000)
  from space 19968K, 43% used [0x00000000fd800000,0x00000000fe0924f8,0x00000000feb80000)
  to   space 19456K, 0% used [0x00000000fec80000,0x00000000fec80000,0x00000000fff80000)
 ParOldGen       total 316416K, used 104177K [0x0000000080000000, 0x0000000093500000, 0x00000000d5580000)
  object space 316416K, 32% used [0x0000000080000000,0x00000000865bc790,0x0000000093500000)
 Metaspace       used 94115K, capacity 96585K, committed 99200K, reserved 1136640K
  class space    used 11244K, capacity 11641K, committed 12160K, reserved 1048576K
}
{Heap before GC invocations=658 (full 4):
 PSYoungGen      total 677888K, used 663781K [0x00000000d5580000, 0x00000000fff80000, 0x0000000100000000)
  eden space 657920K, 99% used [0x00000000d5580000,0x00000000fd5271b8,0x00000000fd800000)
  from space 19968K, 43% used [0x00000000fd800000,0x00000000fe0924f8,0x00000000feb80000)
  to   space 19456K, 0% used [0x00000000fec80000,0x00000000fec80000,0x00000000fff80000)
 ParOldGen       total 316416K, used 104177K [0x0000000080000000, 0x0000000093500000, 0x00000000d5580000)
  object space 316416K, 32% used [0x0000000080000000,0x00000000865bc790,0x0000000093500000)
 Metaspace       used 94115K, capacity 96585K, committed 99200K, reserved 1136640K
  class space    used 11244K, capacity 11641K, committed 12160K, reserved 1048576K
2023-04-21T00:04:44.070+0600: 2415156.153: [GC (Allocation Failure) [PSYoungGen: 663781K->14622K(678400K)] 767959K->118864K(994816K), 0.0125442 secs] [Times: user=0.02 sys=0.00, real=0.01 secs] 
Heap after GC invocations=658 (full 4):
 PSYoungGen      total 678400K, used 14622K [0x00000000d5580000, 0x0000000100000000, 0x0000000100000000)
  eden space 658944K, 0% used [0x00000000d5580000,0x00000000d5580000,0x00000000fd900000)
  from space 19456K, 75% used [0x00000000fec80000,0x00000000ffac79c0,0x00000000fff80000)
  to   space 19968K, 0% used [0x00000000fd900000,0x00000000fd900000,0x00000000fec80000)
 ParOldGen       total 316416K, used 104241K [0x0000000080000000, 0x0000000093500000, 0x00000000d5580000)
  object space 316416K, 32% used [0x0000000080000000,0x00000000865cc6e0,0x0000000093500000)
 Metaspace       used 94115K, capacity 96585K, committed 99200K, reserved 1136640K
  class space    used 11244K, capacity 11641K, committed 12160K, reserved 1048576K
}
{Heap before GC invocations=659 (full 4):
 PSYoungGen      total 678400K, used 673566K [0x00000000d5580000, 0x0000000100000000, 0x0000000100000000)
  eden space 658944K, 100% used [0x00000000d5580000,0x00000000fd900000,0x00000000fd900000)
  from space 19456K, 75% used [0x00000000fec80000,0x00000000ffac79c0,0x00000000fff80000)
  to   space 19968K, 0% used [0x00000000fd900000,0x00000000fd900000,0x00000000fec80000)
 ParOldGen       total 316416K, used 104241K [0x0000000080000000, 0x0000000093500000, 0x00000000d5580000)
  object space 316416K, 32% used [0x0000000080000000,0x00000000865cc6e0,0x0000000093500000)
 Metaspace       used 94115K, capacity 96585K, committed 99200K, reserved 1136640K
  class space    used 11244K, capacity 11641K, committed 12160K, reserved 1048576K
2023-04-21T00:04:47.197+0600: 2415159.280: [GC (Allocation Failure) [PSYoungGen: 673566K->1504K(660480K)] 777808K->105777K(976896K), 0.0074850 secs] [Times: user=0.01 sys=0.00, real=0.01 secs] 
Heap after GC invocations=659 (full 4):
 PSYoungGen      total 660480K, used 1504K [0x00000000d5580000, 0x0000000100000000, 0x0000000100000000)
  eden space 658944K, 0% used [0x00000000d5580000,0x00000000d5580000,0x00000000fd900000)
  from space 1536K, 97% used [0x00000000fd900000,0x00000000fda78030,0x00000000fda80000)
  to   space 20992K, 0% used [0x00000000feb80000,0x00000000feb80000,0x0000000100000000)
 ParOldGen       total 316416K, used 104273K [0x0000000080000000, 0x0000000093500000, 0x00000000d5580000)
  object space 316416K, 32% used [0x0000000080000000,0x00000000865d46e0,0x0000000093500000)
 Metaspace       used 94115K, capacity 96585K, committed 99200K, reserved 1136640K
  class space    used 11244K, capacity 11641K, committed 12160K, reserved 1048576K
}
{Heap before GC invocations=660 (full 4):
 PSYoungGen      total 660480K, used 657807K [0x00000000d5580000, 0x0000000100000000, 0x0000000100000000)
  eden space 658944K, 99% used [0x00000000d5580000,0x00000000fd66bd18,0x00000000fd900000)
  from space 1536K, 97% used [0x00000000fd900000,0x00000000fda78030,0x00000000fda80000)
  to   space 20992K, 0% used [0x00000000feb80000,0x00000000feb80000,0x0000000100000000)
 ParOldGen       total 316416K, used 104273K [0x0000000080000000, 0x0000000093500000, 0x00000000d5580000)
  object space 316416K, 32% used [0x0000000080000000,0x00000000865d46e0,0x0000000093500000)
 Metaspace       used 94115K, capacity 96585K, committed 99200K, reserved 1136640K
  class space    used 11244K, capacity 11641K, committed 12160K, reserved 1048576K
2023-04-21T00:04:51.055+0600: 2415163.137: [GC (Allocation Failure) [PSYoungGen: 657807K->12872K(677888K)] 762081K->117194K(994304K), 0.0127777 secs] [Times: user=0.03 sys=0.00, real=0.01 secs] 
Heap after GC invocations=660 (full 4):
 PSYoungGen      total 677888K, used 12872K [0x00000000d5580000, 0x0000000100000000, 0x0000000100000000)
  eden space 656896K, 0% used [0x00000000d5580000,0x00000000d5580000,0x00000000fd700000)
  from space 20992K, 61% used [0x00000000feb80000,0x00000000ff8121d0,0x0000000100000000)
  to   space 20992K, 0% used [0x00000000fd700000,0x00000000fd700000,0x00000000feb80000)
 ParOldGen       total 316416K, used 104321K [0x0000000080000000, 0x0000000093500000, 0x00000000d5580000)
  object space 316416K, 32% used [0x0000000080000000,0x00000000865e06e0,0x0000000093500000)
 Metaspace       used 94115K, capacity 96585K, committed 99200K, reserved 1136640K
  class space    used 11244K, capacity 11641K, committed 12160K, reserved 1048576K
}
{Heap before GC invocations=661 (full 4):
 PSYoungGen      total 677888K, used 669768K [0x00000000d5580000, 0x0000000100000000, 0x0000000100000000)
  eden space 656896K, 100% used [0x00000000d5580000,0x00000000fd700000,0x00000000fd700000)
  from space 20992K, 61% used [0x00000000feb80000,0x00000000ff8121d0,0x0000000100000000)
  to   space 20992K, 0% used [0x00000000fd700000,0x00000000fd700000,0x00000000feb80000)
 ParOldGen       total 316416K, used 104321K [0x0000000080000000, 0x0000000093500000, 0x00000000d5580000)
  object space 316416K, 32% used [0x0000000080000000,0x00000000865e06e0,0x0000000093500000)
 Metaspace       used 94116K, capacity 96585K, committed 99200K, reserved 1136640K
  class space    used 11244K, capacity 11641K, committed 12160K, reserved 1048576K
2023-04-21T00:04:54.078+0600: 2415166.161: [GC (Allocation Failure) [PSYoungGen: 669768K->9289K(666624K)] 774090K->113650K(983040K), 0.0087488 secs] [Times: user=0.02 sys=0.00, real=0.01 secs] 
Heap after GC invocations=661 (full 4):
 PSYoungGen      total 666624K, used 9289K [0x00000000d5580000, 0x00000000ffe00000, 0x0000000100000000)
  eden space 656896K, 0% used [0x00000000d5580000,0x00000000d5580000,0x00000000fd700000)
  from space 9728K, 95% used [0x00000000fd700000,0x00000000fe012528,0x00000000fe080000)
  to   space 19968K, 0% used [0x00000000fea80000,0x00000000fea80000,0x00000000ffe00000)
 ParOldGen       total 316416K, used 104361K [0x0000000080000000, 0x0000000093500000, 0x00000000d5580000)
  object space 316416K, 32% used [0x0000000080000000,0x00000000865ea630,0x0000000093500000)
 Metaspace       used 94116K, capacity 96585K, committed 99200K, reserved 1136640K
  class space    used 11244K, capacity 11641K, committed 12160K, reserved 1048576K
}
{Heap before GC invocations=662 (full 4):
 PSYoungGen      total 666624K, used 666185K [0x00000000d5580000, 0x00000000ffe00000, 0x0000000100000000)
  eden space 656896K, 100% used [0x00000000d5580000,0x00000000fd700000,0x00000000fd700000)
  from space 9728K, 95% used [0x00000000fd700000,0x00000000fe012528,0x00000000fe080000)
  to   space 19968K, 0% used [0x00000000fea80000,0x00000000fea80000,0x00000000ffe00000)
 ParOldGen       total 316416K, used 104361K [0x0000000080000000, 0x0000000093500000, 0x00000000d5580000)
  object space 316416K, 32% used [0x0000000080000000,0x00000000865ea630,0x0000000093500000)
 Metaspace       used 94116K, capacity 96585K, committed 99200K, reserved 1136640K
  class space    used 11244K, capacity 11641K, committed 12160K, reserved 1048576K
2023-04-21T00:04:58.092+0600: 2415170.175: [GC (Allocation Failure) [PSYoungGen: 666185K->11215K(677376K)] 770546K->115624K(993792K), 0.0142386 secs] [Times: user=0.03 sys=0.00, real=0.01 secs] 
Heap after GC invocations=662 (full 4):
 PSYoungGen      total 677376K, used 11215K [0x00000000d5580000, 0x0000000100000000, 0x0000000100000000)
  eden space 657408K, 0% used [0x00000000d5580000,0x00000000d5580000,0x00000000fd780000)
  from space 19968K, 56% used [0x00000000fea80000,0x00000000ff573cb0,0x00000000ffe00000)
  to   space 19456K, 0% used [0x00000000fd780000,0x00000000fd780000,0x00000000fea80000)
 ParOldGen       total 316416K, used 104409K [0x0000000080000000, 0x0000000093500000, 0x00000000d5580000)
  object space 316416K, 32% used [0x0000000080000000,0x00000000865f6630,0x0000000093500000)
 Metaspace       used 94116K, capacity 96585K, committed 99200K, reserved 1136640K
  class space    used 11244K, capacity 11641K, committed 12160K, reserved 1048576K
}
{Heap before GC invocations=663 (full 4):
 PSYoungGen      total 677376K, used 668623K [0x00000000d5580000, 0x0000000100000000, 0x0000000100000000)
  eden space 657408K, 100% used [0x00000000d5580000,0x00000000fd780000,0x00000000fd780000)
  from space 19968K, 56% used [0x00000000fea80000,0x00000000ff573cb0,0x00000000ffe00000)
  to   space 19456K, 0% used [0x00000000fd780000,0x00000000fd780000,0x00000000fea80000)
 ParOldGen       total 316416K, used 104409K [0x0000000080000000, 0x0000000093500000, 0x00000000d5580000)
  object space 316416K, 32% used [0x0000000080000000,0x00000000865f6630,0x0000000093500000)
 Metaspace       used 94116K, capacity 96585K, committed 99200K, reserved 1136640K
  class space    used 11244K, capacity 11641K, committed 12160K, reserved 1048576K
2023-04-21T00:05:01.179+0600: 2415173.262: [GC (Allocation Failure) [PSYoungGen: 668623K->9417K(676864K)] 773032K->113850K(993280K), 0.0093015 secs] [Times: user=0.02 sys=0.00, real=0.01 secs] 
Heap after GC invocations=663 (full 4):
 PSYoungGen      total 676864K, used 9417K [0x00000000d5580000, 0x00000000ffd80000, 0x0000000100000000)
  eden space 657408K, 0% used [0x00000000d5580000,0x00000000d5580000,0x00000000fd780000)
  from space 19456K, 48% used [0x00000000fd780000,0x00000000fe0b2528,0x00000000fea80000)
  to   space 18432K, 0% used [0x00000000feb80000,0x00000000feb80000,0x00000000ffd80000)
 ParOldGen       total 316416K, used 104433K [0x0000000080000000, 0x0000000093500000, 0x00000000d5580000)
  object space 316416K, 33% used [0x0000000080000000,0x00000000865fc630,0x0000000093500000)
 Metaspace       used 94116K, capacity 96585K, committed 99200K, reserved 1136640K
  class space    used 11244K, capacity 11641K, committed 12160K, reserved 1048576K
}
{Heap before GC invocations=664 (full 4):
 PSYoungGen      total 676864K, used 664590K [0x00000000d5580000, 0x00000000ffd80000, 0x0000000100000000)
  eden space 657408K, 99% used [0x00000000d5580000,0x00000000fd551570,0x00000000fd780000)
  from space 19456K, 48% used [0x00000000fd780000,0x00000000fe0b2528,0x00000000fea80000)
  to   space 18432K, 0% used [0x00000000feb80000,0x00000000feb80000,0x00000000ffd80000)
 ParOldGen       total 316416K, used 104433K [0x0000000080000000, 0x0000000093500000, 0x00000000d5580000)
  object space 316416K, 33% used [0x0000000080000000,0x00000000865fc630,0x0000000093500000)
 Metaspace       used 94116K, capacity 96585K, committed 99200K, reserved 1136640K
  class space    used 11244K, capacity 11641K, committed 12160K, reserved 1048576K
2023-04-21T00:05:05.362+0600: 2415177.445: [GC (Allocation Failure) [PSYoungGen: 664590K->11186K(677888K)] 769024K->115683K(994304K), 0.0137244 secs] [Times: user=0.03 sys=0.00, real=0.01 secs] 
Heap after GC invocations=664 (full 4):
 PSYoungGen      total 677888K, used 11186K [0x00000000d5580000, 0x00000000fff00000, 0x0000000100000000)
  eden space 659456K, 0% used [0x00000000d5580000,0x00000000d5580000,0x00000000fd980000)
  from space 18432K, 60% used [0x00000000feb80000,0x00000000ff66c9f0,0x00000000ffd80000)
  to   space 18432K, 0% used [0x00000000fd980000,0x00000000fd980000,0x00000000feb80000)
 ParOldGen       total 316416K, used 104497K [0x0000000080000000, 0x0000000093500000, 0x00000000d5580000)
  object space 316416K, 33% used [0x0000000080000000,0x000000008660c580,0x0000000093500000)
 Metaspace       used 94116K, capacity 96585K, committed 99200K, reserved 1136640K
  class space    used 11244K, capacity 11641K, committed 12160K, reserved 1048576K
}
{Heap before GC invocations=665 (full 4):
 PSYoungGen      total 677888K, used 670642K [0x00000000d5580000, 0x00000000fff00000, 0x0000000100000000)
  eden space 659456K, 100% used [0x00000000d5580000,0x00000000fd980000,0x00000000fd980000)
  from space 18432K, 60% used [0x00000000feb80000,0x00000000ff66c9f0,0x00000000ffd80000)
  to   space 18432K, 0% used [0x00000000fd980000,0x00000000fd980000,0x00000000feb80000)
 ParOldGen       total 316416K, used 104497K [0x0000000080000000, 0x0000000093500000, 0x00000000d5580000)
  object space 316416K, 33% used [0x0000000080000000,0x000000008660c580,0x0000000093500000)
 Metaspace       used 94116K, capacity 96585K, committed 99200K, reserved 1136640K
  class space    used 11244K, capacity 11641K, committed 12160K, reserved 1048576K
2023-04-21T00:05:08.231+0600: 2415180.314: [GC (Allocation Failure) [PSYoungGen: 670642K->9513K(677888K)] 775139K->114034K(994304K), 0.0082863 secs] [Times: user=0.02 sys=0.00, real=0.01 secs] 
Heap after GC invocations=665 (full 4):
 PSYoungGen      total 677888K, used 9513K [0x00000000d5580000, 0x00000000ffe00000, 0x0000000100000000)
  eden space 659456K, 0% used [0x00000000d5580000,0x00000000d5580000,0x00000000fd980000)
  from space 18432K, 51% used [0x00000000fd980000,0x00000000fe2ca538,0x00000000feb80000)
  to   space 17408K, 0% used [0x00000000fed00000,0x00000000fed00000,0x00000000ffe00000)
 ParOldGen       total 316416K, used 104521K [0x0000000080000000, 0x0000000093500000, 0x00000000d5580000)
  object space 316416K, 33% used [0x0000000080000000,0x0000000086612580,0x0000000093500000)
 Metaspace       used 94116K, capacity 96585K, committed 99200K, reserved 1136640K
  class space    used 11244K, capacity 11641K, committed 12160K, reserved 1048576K
}
{Heap before GC invocations=666 (full 4):
 PSYoungGen      total 677888K, used 667297K [0x00000000d5580000, 0x00000000ffe00000, 0x0000000100000000)
  eden space 659456K, 99% used [0x00000000d5580000,0x00000000fd7de090,0x00000000fd980000)
  from space 18432K, 51% used [0x00000000fd980000,0x00000000fe2ca538,0x00000000feb80000)
  to   space 17408K, 0% used [0x00000000fed00000,0x00000000fed00000,0x00000000ffe00000)
 ParOldGen       total 316416K, used 104521K [0x0000000080000000, 0x0000000093500000, 0x00000000d5580000)
  object space 316416K, 33% used [0x0000000080000000,0x0000000086612580,0x0000000093500000)
 Metaspace       used 94116K, capacity 96585K, committed 99200K, reserved 1136640K
  class space    used 11244K, capacity 11641K, committed 12160K, reserved 1048576K
2023-04-21T00:05:11.897+0600: 2415183.979: [GC (Allocation Failure) [PSYoungGen: 667297K->11154K(679424K)] 771818K->115835K(995840K), 0.0135126 secs] [Times: user=0.03 sys=0.00, real=0.02 secs] 
Heap after GC invocations=666 (full 4):
 PSYoungGen      total 679424K, used 11154K [0x00000000d5580000, 0x00000000fff00000, 0x0000000100000000)
  eden space 662016K, 0% used [0x00000000d5580000,0x00000000d5580000,0x00000000fdc00000)
  from space 17408K, 64% used [0x00000000fed00000,0x00000000ff7e49e0,0x00000000ffe00000)
  to   space 17408K, 0% used [0x00000000fdc00000,0x00000000fdc00000,0x00000000fed00000)
 ParOldGen       total 316416K, used 104680K [0x0000000080000000, 0x0000000093500000, 0x00000000d5580000)
  object space 316416K, 33% used [0x0000000080000000,0x000000008663a3a0,0x0000000093500000)
 Metaspace       used 94116K, capacity 96585K, committed 99200K, reserved 1136640K
  class space    used 11244K, capacity 11641K, committed 12160K, reserved 1048576K
}
{Heap before GC invocations=667 (full 4):
 PSYoungGen      total 679424K, used 673170K [0x00000000d5580000, 0x00000000fff00000, 0x0000000100000000)
  eden space 662016K, 100% used [0x00000000d5580000,0x00000000fdc00000,0x00000000fdc00000)
  from space 17408K, 64% used [0x00000000fed00000,0x00000000ff7e49e0,0x00000000ffe00000)
  to   space 17408K, 0% used [0x00000000fdc00000,0x00000000fdc00000,0x00000000fed00000)
 ParOldGen       total 316416K, used 104680K [0x0000000080000000, 0x0000000093500000, 0x00000000d5580000)
  object space 316416K, 33% used [0x0000000080000000,0x000000008663a3a0,0x0000000093500000)
 Metaspace       used 94116K, capacity 96585K, committed 99200K, reserved 1136640K
  class space    used 11244K, capacity 11641K, committed 12160K, reserved 1048576K
2023-04-21T00:05:15.031+0600: 2415187.114: [GC (Allocation Failure) [PSYoungGen: 673170K->9161K(679424K)] 777851K->113866K(995840K), 0.0086429 secs] [Times: user=0.02 sys=0.00, real=0.01 secs] 
Heap after GC invocations=667 (full 4):
 PSYoungGen      total 679424K, used 9161K [0x00000000d5580000, 0x00000000fff00000, 0x0000000100000000)
  eden space 662016K, 0% used [0x00000000d5580000,0x00000000d5580000,0x00000000fdc00000)
  from space 17408K, 52% used [0x00000000fdc00000,0x00000000fe4f2528,0x00000000fed00000)
  to   space 16896K, 0% used [0x00000000fee80000,0x00000000fee80000,0x00000000fff00000)
 ParOldGen       total 316416K, used 104704K [0x0000000080000000, 0x0000000093500000, 0x00000000d5580000)
  object space 316416K, 33% used [0x0000000080000000,0x00000000866403a0,0x0000000093500000)
 Metaspace       used 94116K, capacity 96585K, committed 99200K, reserved 1136640K
  class space    used 11244K, capacity 11641K, committed 12160K, reserved 1048576K
}
{Heap before GC invocations=668 (full 4):
 PSYoungGen      total 679424K, used 669453K [0x00000000d5580000, 0x00000000fff00000, 0x0000000100000000)
  eden space 662016K, 99% used [0x00000000d5580000,0x00000000fda51258,0x00000000fdc00000)
  from space 17408K, 52% used [0x00000000fdc00000,0x00000000fe4f2528,0x00000000fed00000)
  to   space 16896K, 0% used [0x00000000fee80000,0x00000000fee80000,0x00000000fff00000)
 ParOldGen       total 316416K, used 104704K [0x0000000080000000, 0x0000000093500000, 0x00000000d5580000)
  object space 316416K, 33% used [0x0000000080000000,0x00000000866403a0,0x0000000093500000)
 Metaspace       used 94116K, capacity 96585K, committed 99200K, reserved 1136640K
  class space    used 11244K, capacity 11641K, committed 12160K, reserved 1048576K
2023-04-21T00:05:18.898+0600: 2415190.980: [GC (Allocation Failure) [PSYoungGen: 669453K->14843K(679936K)] 774158K->119723K(996352K), 0.0119266 secs] [Times: user=0.02 sys=0.00, real=0.02 secs] 
Heap after GC invocations=668 (full 4):
 PSYoungGen      total 679936K, used 14843K [0x00000000d5580000, 0x0000000100000000, 0x0000000100000000)
  eden space 663040K, 0% used [0x00000000d5580000,0x00000000d5580000,0x00000000fdd00000)
  from space 16896K, 87% used [0x00000000fee80000,0x00000000ffcfee98,0x00000000fff00000)
  to   space 17920K, 0% used [0x00000000fdd00000,0x00000000fdd00000,0x00000000fee80000)
 ParOldGen       total 316416K, used 104880K [0x0000000080000000, 0x0000000093500000, 0x00000000d5580000)
  object space 316416K, 33% used [0x0000000080000000,0x000000008666c110,0x0000000093500000)
 Metaspace       used 94116K, capacity 96585K, committed 99200K, reserved 1136640K
  class space    used 11244K, capacity 11641K, committed 12160K, reserved 1048576K
}
{Heap before GC invocations=669 (full 4):
 PSYoungGen      total 679936K, used 677883K [0x00000000d5580000, 0x0000000100000000, 0x0000000100000000)
  eden space 663040K, 100% used [0x00000000d5580000,0x00000000fdd00000,0x00000000fdd00000)
  from space 16896K, 87% used [0x00000000fee80000,0x00000000ffcfee98,0x00000000fff00000)
  to   space 17920K, 0% used [0x00000000fdd00000,0x00000000fdd00000,0x00000000fee80000)
 ParOldGen       total 316416K, used 104880K [0x0000000080000000, 0x0000000093500000, 0x00000000d5580000)
  object space 316416K, 33% used [0x0000000080000000,0x000000008666c2b0,0x0000000093500000)
 Metaspace       used 94116K, capacity 96585K, committed 99200K, reserved 1136640K
  class space    used 11244K, capacity 11641K, committed 12160K, reserved 1048576K
2023-04-21T00:05:21.907+0600: 2415193.990: [GC (GCLocker Initiated GC) [PSYoungGen: 677883K->9001K(680960K)] 782764K->113905K(997376K), 0.0087974 secs] [Times: user=0.01 sys=0.00, real=0.01 secs] 
Heap after GC invocations=669 (full 4):
 PSYoungGen      total 680960K, used 9001K [0x00000000d5580000, 0x0000000100000000, 0x0000000100000000)
  eden space 663040K, 0% used [0x00000000d5580000,0x00000000d5580000,0x00000000fdd00000)
  from space 17920K, 50% used [0x00000000fdd00000,0x00000000fe5ca528,0x00000000fee80000)
  to   space 17408K, 0% used [0x00000000fef00000,0x00000000fef00000,0x0000000100000000)
 ParOldGen       total 316416K, used 104904K [0x0000000080000000, 0x0000000093500000, 0x00000000d5580000)
  object space 316416K, 33% used [0x0000000080000000,0x00000000866722b0,0x0000000093500000)
 Metaspace       used 94116K, capacity 96585K, committed 99200K, reserved 1136640K
  class space    used 11244K, capacity 11641K, committed 12160K, reserved 1048576K
}
{Heap before GC invocations=670 (full 4):
 PSYoungGen      total 680960K, used 672041K [0x00000000d5580000, 0x0000000100000000, 0x0000000100000000)
  eden space 663040K, 100% used [0x00000000d5580000,0x00000000fdd00000,0x00000000fdd00000)
  from space 17920K, 50% used [0x00000000fdd00000,0x00000000fe5ca528,0x00000000fee80000)
  to   space 17408K, 0% used [0x00000000fef00000,0x00000000fef00000,0x0000000100000000)
 ParOldGen       total 316416K, used 106849K [0x0000000080000000, 0x0000000093500000, 0x00000000d5580000)
  object space 316416K, 33% used [0x0000000080000000,0x00000000868586b8,0x0000000093500000)
 Metaspace       used 94116K, capacity 96585K, committed 99200K, reserved 1136640K
  class space    used 11244K, capacity 11641K, committed 12160K, reserved 1048576K
2023-04-21T00:05:25.791+0600: 2415197.874: [GC (Allocation Failure) [PSYoungGen: 672041K->11026K(679424K)] 778890K->118035K(995840K), 0.0112973 secs] [Times: user=0.02 sys=0.00, real=0.01 secs] 
Heap after GC invocations=670 (full 4):
 PSYoungGen      total 679424K, used 11026K [0x00000000d5580000, 0x00000000ffe80000, 0x0000000100000000)
  eden space 663552K, 0% used [0x00000000d5580000,0x00000000d5580000,0x00000000fdd80000)
  from space 15872K, 69% used [0x00000000fef00000,0x00000000ff9c49d0,0x00000000ffe80000)
  to   space 16896K, 0% used [0x00000000fdd80000,0x00000000fdd80000,0x00000000fee00000)
 ParOldGen       total 316416K, used 107009K [0x0000000080000000, 0x0000000093500000, 0x00000000d5580000)
  object space 316416K, 33% used [0x0000000080000000,0x00000000868804d8,0x0000000093500000)
 Metaspace       used 94116K, capacity 96585K, committed 99200K, reserved 1136640K
  class space    used 11244K, capacity 11641K, committed 12160K, reserved 1048576K
}
{Heap before GC invocations=671 (full 4):
 PSYoungGen      total 679424K, used 674578K [0x00000000d5580000, 0x00000000ffe80000, 0x0000000100000000)
  eden space 663552K, 100% used [0x00000000d5580000,0x00000000fdd80000,0x00000000fdd80000)
  from space 15872K, 69% used [0x00000000fef00000,0x00000000ff9c49d0,0x00000000ffe80000)
  to   space 16896K, 0% used [0x00000000fdd80000,0x00000000fdd80000,0x00000000fee00000)
 ParOldGen       total 316416K, used 107009K [0x0000000080000000, 0x0000000093500000, 0x00000000d5580000)
  object space 316416K, 33% used [0x0000000080000000,0x00000000868804d8,0x0000000093500000)
 Metaspace       used 94116K, capacity 96585K, committed 99200K, reserved 1136640K
  class space    used 11244K, capacity 11641K, committed 12160K, reserved 1048576K
2023-04-21T00:05:28.753+0600: 2415200.836: [GC (Allocation Failure) [PSYoungGen: 674578K->2048K(680448K)] 781587K->109105K(996864K), 0.0098310 secs] [Times: user=0.02 sys=0.00, real=0.01 secs] 
Heap after GC invocations=671 (full 4):
 PSYoungGen      total 680448K, used 2048K [0x00000000d5580000, 0x0000000100000000, 0x0000000100000000)
  eden space 663552K, 0% used [0x00000000d5580000,0x00000000d5580000,0x00000000fdd80000)
  from space 16896K, 12% used [0x00000000fdd80000,0x00000000fdf80060,0x00000000fee00000)
  to   space 17920K, 0% used [0x00000000fee80000,0x00000000fee80000,0x0000000100000000)
 ParOldGen       total 316416K, used 107057K [0x0000000080000000, 0x0000000093500000, 0x00000000d5580000)
  object space 316416K, 33% used [0x0000000080000000,0x000000008688c428,0x0000000093500000)
 Metaspace       used 94116K, capacity 96585K, committed 99200K, reserved 1136640K
  class space    used 11244K, capacity 11641K, committed 12160K, reserved 1048576K
}
{Heap before GC invocations=672 (full 4):
 PSYoungGen      total 680448K, used 665600K [0x00000000d5580000, 0x0000000100000000, 0x0000000100000000)
  eden space 663552K, 100% used [0x00000000d5580000,0x00000000fdd80000,0x00000000fdd80000)
  from space 16896K, 12% used [0x00000000fdd80000,0x00000000fdf80060,0x00000000fee00000)
  to   space 17920K, 0% used [0x00000000fee80000,0x00000000fee80000,0x0000000100000000)
 ParOldGen       total 316416K, used 107057K [0x0000000080000000, 0x0000000093500000, 0x00000000d5580000)
  object space 316416K, 33% used [0x0000000080000000,0x000000008688c428,0x0000000093500000)
 Metaspace       used 94116K, capacity 96585K, committed 99200K, reserved 1136640K
  class space    used 11244K, capacity 11641K, committed 12160K, reserved 1048576K
2023-04-21T00:05:32.707+0600: 2415204.790: [GC (Allocation Failure) [PSYoungGen: 665600K->15006K(678912K)] 772657K->122103K(995328K), 0.0134810 secs] [Times: user=0.03 sys=0.00, real=0.02 secs] 
Heap after GC invocations=672 (full 4):
 PSYoungGen      total 678912K, used 15006K [0x00000000d5580000, 0x0000000100000000, 0x0000000100000000)
  eden space 660992K, 0% used [0x00000000d5580000,0x00000000d5580000,0x00000000fdb00000)
  from space 17920K, 83% used [0x00000000fee80000,0x00000000ffd279f0,0x0000000100000000)
  to   space 18944K, 0% used [0x00000000fdb00000,0x00000000fdb00000,0x00000000fed80000)
 ParOldGen       total 316416K, used 107097K [0x0000000080000000, 0x0000000093500000, 0x00000000d5580000)
  object space 316416K, 33% used [0x0000000080000000,0x0000000086896428,0x0000000093500000)
 Metaspace       used 94116K, capacity 96585K, committed 99200K, reserved 1136640K
  class space    used 11244K, capacity 11641K, committed 12160K, reserved 1048576K
}
{Heap before GC invocations=673 (full 4):
 PSYoungGen      total 678912K, used 675998K [0x00000000d5580000, 0x0000000100000000, 0x0000000100000000)
  eden space 660992K, 100% used [0x00000000d5580000,0x00000000fdb00000,0x00000000fdb00000)
  from space 17920K, 83% used [0x00000000fee80000,0x00000000ffd279f0,0x0000000100000000)
  to   space 18944K, 0% used [0x00000000fdb00000,0x00000000fdb00000,0x00000000fed80000)
 ParOldGen       total 316416K, used 107097K [0x0000000080000000, 0x0000000093500000, 0x00000000d5580000)
  object space 316416K, 33% used [0x0000000080000000,0x0000000086896428,0x0000000093500000)
 Metaspace       used 94116K, capacity 96585K, committed 99200K, reserved 1136640K
  class space    used 11244K, capacity 11641K, committed 12160K, reserved 1048576K
2023-04-21T00:05:35.706+0600: 2415207.789: [GC (Allocation Failure) [PSYoungGen: 675998K->8937K(679936K)] 783095K->116058K(996352K), 0.0080471 secs] [Times: user=0.01 sys=0.00, real=0.01 secs] 
Heap after GC invocations=673 (full 4):
 PSYoungGen      total 679936K, used 8937K [0x00000000d5580000, 0x0000000100000000, 0x0000000100000000)
  eden space 660992K, 0% used [0x00000000d5580000,0x00000000d5580000,0x00000000fdb00000)
  from space 18944K, 47% used [0x00000000fdb00000,0x00000000fe3ba528,0x00000000fed80000)
  to   space 18432K, 0% used [0x00000000fee00000,0x00000000fee00000,0x0000000100000000)
 ParOldGen       total 316416K, used 107121K [0x0000000080000000, 0x0000000093500000, 0x00000000d5580000)
  object space 316416K, 33% used [0x0000000080000000,0x000000008689c428,0x0000000093500000)
 Metaspace       used 94116K, capacity 96585K, committed 99200K, reserved 1136640K
  class space    used 11244K, capacity 11641K, committed 12160K, reserved 1048576K
}
{Heap before GC invocations=674 (full 4):
 PSYoungGen      total 679936K, used 669929K [0x00000000d5580000, 0x0000000100000000, 0x0000000100000000)
  eden space 660992K, 100% used [0x00000000d5580000,0x00000000fdb00000,0x00000000fdb00000)
  from space 18944K, 47% used [0x00000000fdb00000,0x00000000fe3ba528,0x00000000fed80000)
  to   space 18432K, 0% used [0x00000000fee00000,0x00000000fee00000,0x0000000100000000)
 ParOldGen       total 316416K, used 107121K [0x0000000080000000, 0x0000000093500000, 0x00000000d5580000)
  object space 316416K, 33% used [0x0000000080000000,0x000000008689c428,0x0000000093500000)
 Metaspace       used 94116K, capacity 96585K, committed 99200K, reserved 1136640K
  class space    used 11244K, capacity 11641K, committed 12160K, reserved 1048576K
2023-04-21T00:05:39.821+0600: 2415211.904: [GC (Allocation Failure) [PSYoungGen: 669929K->15006K(678400K)] 777050K->122183K(994816K), 0.0106113 secs] [Times: user=0.02 sys=0.00, real=0.01 secs] 
Heap after GC invocations=674 (full 4):
 PSYoungGen      total 678400K, used 15006K [0x00000000d5580000, 0x0000000100000000, 0x0000000100000000)
  eden space 659968K, 0% used [0x00000000d5580000,0x00000000d5580000,0x00000000fda00000)
  from space 18432K, 81% used [0x00000000fee00000,0x00000000ffca79f0,0x0000000100000000)
  to   space 19456K, 0% used [0x00000000fda00000,0x00000000fda00000,0x00000000fed00000)
 ParOldGen       total 316416K, used 107176K [0x0000000080000000, 0x0000000093500000, 0x00000000d5580000)
  object space 316416K, 33% used [0x0000000080000000,0x00000000868aa378,0x0000000093500000)
 Metaspace       used 94116K, capacity 96585K, committed 99200K, reserved 1136640K
  class space    used 11244K, capacity 11641K, committed 12160K, reserved 1048576K
}
{Heap before GC invocations=675 (full 4):
 PSYoungGen      total 678400K, used 674974K [0x00000000d5580000, 0x0000000100000000, 0x0000000100000000)
  eden space 659968K, 100% used [0x00000000d5580000,0x00000000fda00000,0x00000000fda00000)
  from space 18432K, 81% used [0x00000000fee00000,0x00000000ffca79f0,0x0000000100000000)
  to   space 19456K, 0% used [0x00000000fda00000,0x00000000fda00000,0x00000000fed00000)
 ParOldGen       total 316416K, used 107176K [0x0000000080000000, 0x0000000093500000, 0x00000000d5580000)
  object space 316416K, 33% used [0x0000000080000000,0x00000000868aa378,0x0000000093500000)
 Metaspace       used 94116K, capacity 96585K, committed 99200K, reserved 1136640K
  class space    used 11244K, capacity 11641K, committed 12160K, reserved 1048576K
2023-04-21T00:05:42.907+0600: 2415214.990: [GC (Allocation Failure) [PSYoungGen: 674974K->9289K(679424K)] 782151K->116617K(995840K), 0.0085619 secs] [Times: user=0.02 sys=0.00, real=0.01 secs] 
Heap after GC invocations=675 (full 4):
 PSYoungGen      total 679424K, used 9289K [0x00000000d5580000, 0x0000000100000000, 0x0000000100000000)
  eden space 659968K, 0% used [0x00000000d5580000,0x00000000d5580000,0x00000000fda00000)
  from space 19456K, 47% used [0x00000000fda00000,0x00000000fe312518,0x00000000fed00000)
  to   space 18944K, 0% used [0x00000000fed80000,0x00000000fed80000,0x0000000100000000)
 ParOldGen       total 316416K, used 107328K [0x0000000080000000, 0x0000000093500000, 0x00000000d5580000)
  object space 316416K, 33% used [0x0000000080000000,0x00000000868d0198,0x0000000093500000)
 Metaspace       used 94116K, capacity 96585K, committed 99200K, reserved 1136640K
  class space    used 11244K, capacity 11641K, committed 12160K, reserved 1048576K
}
{Heap before GC invocations=676 (full 4):
 PSYoungGen      total 679424K, used 669257K [0x00000000d5580000, 0x0000000100000000, 0x0000000100000000)
  eden space 659968K, 100% used [0x00000000d5580000,0x00000000fda00000,0x00000000fda00000)
  from space 19456K, 47% used [0x00000000fda00000,0x00000000fe312518,0x00000000fed00000)
  to   space 18944K, 0% used [0x00000000fed80000,0x00000000fed80000,0x0000000100000000)
 ParOldGen       total 316416K, used 107328K [0x0000000080000000, 0x0000000093500000, 0x00000000d5580000)
  object space 316416K, 33% used [0x0000000080000000,0x00000000868d0198,0x0000000093500000)
 Metaspace       used 94117K, capacity 96585K, committed 99200K, reserved 1136640K
  class space    used 11244K, capacity 11641K, committed 12160K, reserved 1048576K
2023-04-21T00:05:46.904+0600: 2415218.987: [GC (Allocation Failure) [PSYoungGen: 669257K->14686K(678912K)] 776585K->122229K(995328K), 0.0102564 secs] [Times: user=0.02 sys=0.00, real=0.01 secs] 
Heap after GC invocations=676 (full 4):
 PSYoungGen      total 678912K, used 14686K [0x00000000d5580000, 0x0000000100000000, 0x0000000100000000)
  eden space 659968K, 0% used [0x00000000d5580000,0x00000000d5580000,0x00000000fda00000)
  from space 18944K, 77% used [0x00000000fed80000,0x00000000ffbd79c0,0x0000000100000000)
  to   space 19456K, 0% used [0x00000000fda00000,0x00000000fda00000,0x00000000fed00000)
 ParOldGen       total 316416K, used 107543K [0x0000000080000000, 0x0000000093500000, 0x00000000d5580000)
  object space 316416K, 33% used [0x0000000080000000,0x0000000086905da8,0x0000000093500000)
 Metaspace       used 94117K, capacity 96585K, committed 99200K, reserved 1136640K
  class space    used 11244K, capacity 11641K, committed 12160K, reserved 1048576K
}
{Heap before GC invocations=677 (full 4):
 PSYoungGen      total 678912K, used 674654K [0x00000000d5580000, 0x0000000100000000, 0x0000000100000000)
  eden space 659968K, 100% used [0x00000000d5580000,0x00000000fda00000,0x00000000fda00000)
  from space 18944K, 77% used [0x00000000fed80000,0x00000000ffbd79c0,0x0000000100000000)
  to   space 19456K, 0% used [0x00000000fda00000,0x00000000fda00000,0x00000000fed00000)
 ParOldGen       total 316416K, used 107543K [0x0000000080000000, 0x0000000093500000, 0x00000000d5580000)
  object space 316416K, 33% used [0x0000000080000000,0x0000000086905da8,0x0000000093500000)
 Metaspace       used 94117K, capacity 96585K, committed 99200K, reserved 1136640K
  class space    used 11244K, capacity 11641K, committed 12160K, reserved 1048576K
2023-04-21T00:05:49.786+0600: 2415221.868: [GC (Allocation Failure) [PSYoungGen: 674654K->8969K(679424K)] 782197K->116608K(995840K), 0.0088220 secs] [Times: user=0.02 sys=0.00, real=0.01 secs] 
Heap after GC invocations=677 (full 4):
 PSYoungGen      total 679424K, used 8969K [0x00000000d5580000, 0x00000000fff80000, 0x0000000100000000)
  eden space 659968K, 0% used [0x00000000d5580000,0x00000000d5580000,0x00000000fda00000)
  from space 19456K, 46% used [0x00000000fda00000,0x00000000fe2c24f8,0x00000000fed00000)
  to   space 18944K, 0% used [0x00000000fed00000,0x00000000fed00000,0x00000000fff80000)
 ParOldGen       total 316416K, used 107639K [0x0000000080000000, 0x0000000093500000, 0x00000000d5580000)
  object space 316416K, 34% used [0x0000000080000000,0x000000008691ddd8,0x0000000093500000)
 Metaspace       used 94117K, capacity 96585K, committed 99200K, reserved 1136640K
  class space    used 11244K, capacity 11641K, committed 12160K, reserved 1048576K
}
{Heap before GC invocations=678 (full 4):
 PSYoungGen      total 679424K, used 668937K [0x00000000d5580000, 0x00000000fff80000, 0x0000000100000000)
  eden space 659968K, 100% used [0x00000000d5580000,0x00000000fda00000,0x00000000fda00000)
  from space 19456K, 46% used [0x00000000fda00000,0x00000000fe2c24f8,0x00000000fed00000)
  to   space 18944K, 0% used [0x00000000fed00000,0x00000000fed00000,0x00000000fff80000)
 ParOldGen       total 316416K, used 107639K [0x0000000080000000, 0x0000000093500000, 0x00000000d5580000)
  object space 316416K, 34% used [0x0000000080000000,0x000000008691ddd8,0x0000000093500000)
 Metaspace       used 94117K, capacity 96585K, committed 99200K, reserved 1136640K
  class space    used 11244K, capacity 11641K, committed 12160K, reserved 1048576K
2023-04-21T00:05:53.751+0600: 2415225.833: [GC (Allocation Failure) [PSYoungGen: 668937K->14622K(678912K)] 776576K->122309K(995328K), 0.0150018 secs] [Times: user=0.02 sys=0.00, real=0.01 secs] 
Heap after GC invocations=678 (full 4):
 PSYoungGen      total 678912K, used 14622K [0x00000000d5580000, 0x0000000100000000, 0x0000000100000000)
  eden space 659968K, 0% used [0x00000000d5580000,0x00000000d5580000,0x00000000fda00000)
  from space 18944K, 77% used [0x00000000fed00000,0x00000000ffb479c0,0x00000000fff80000)
  to   space 19456K, 0% used [0x00000000fda00000,0x00000000fda00000,0x00000000fed00000)
 ParOldGen       total 316416K, used 107687K [0x0000000080000000, 0x0000000093500000, 0x00000000d5580000)
  object space 316416K, 34% used [0x0000000080000000,0x0000000086929d28,0x0000000093500000)
 Metaspace       used 94117K, capacity 96585K, committed 99200K, reserved 1136640K
  class space    used 11244K, capacity 11641K, committed 12160K, reserved 1048576K
}
{Heap before GC invocations=679 (full 4):
 PSYoungGen      total 678912K, used 674590K [0x00000000d5580000, 0x0000000100000000, 0x0000000100000000)
  eden space 659968K, 100% used [0x00000000d5580000,0x00000000fda00000,0x00000000fda00000)
  from space 18944K, 77% used [0x00000000fed00000,0x00000000ffb479c0,0x00000000fff80000)
  to   space 19456K, 0% used [0x00000000fda00000,0x00000000fda00000,0x00000000fed00000)
 ParOldGen       total 316416K, used 107687K [0x0000000080000000, 0x0000000093500000, 0x00000000d5580000)
  object space 316416K, 34% used [0x0000000080000000,0x0000000086929d28,0x0000000093500000)
 Metaspace       used 94117K, capacity 96585K, committed 99200K, reserved 1136640K
  class space    used 11244K, capacity 11641K, committed 12160K, reserved 1048576K
2023-04-21T00:05:56.572+0600: 2415228.654: [GC (Allocation Failure) [PSYoungGen: 674590K->1312K(661504K)] 782277K->109086K(977920K), 0.0088510 secs] [Times: user=0.02 sys=0.00, real=0.01 secs] 
Heap after GC invocations=679 (full 4):
 PSYoungGen      total 661504K, used 1312K [0x00000000d5580000, 0x0000000100000000, 0x0000000100000000)
  eden space 659968K, 0% used [0x00000000d5580000,0x00000000d5580000,0x00000000fda00000)
  from space 1536K, 85% used [0x00000000fda00000,0x00000000fdb48020,0x00000000fdb80000)
  to   space 20480K, 0% used [0x00000000fec00000,0x00000000fec00000,0x0000000100000000)
 ParOldGen       total 316416K, used 107774K [0x0000000080000000, 0x0000000093500000, 0x00000000d5580000)
  object space 316416K, 34% used [0x0000000080000000,0x000000008693fb18,0x0000000093500000)
 Metaspace       used 94117K, capacity 96585K, committed 99200K, reserved 1136640K
  class space    used 11244K, capacity 11641K, committed 12160K, reserved 1048576K
}
{Heap before GC invocations=680 (full 4):
 PSYoungGen      total 661504K, used 661280K [0x00000000d5580000, 0x0000000100000000, 0x0000000100000000)
  eden space 659968K, 100% used [0x00000000d5580000,0x00000000fda00000,0x00000000fda00000)
  from space 1536K, 85% used [0x00000000fda00000,0x00000000fdb48020,0x00000000fdb80000)
  to   space 20480K, 0% used [0x00000000fec00000,0x00000000fec00000,0x0000000100000000)
 ParOldGen       total 316416K, used 107774K [0x0000000080000000, 0x0000000093500000, 0x00000000d5580000)
  object space 316416K, 34% used [0x0000000080000000,0x000000008693fb18,0x0000000093500000)
 Metaspace       used 94117K, capacity 96585K, committed 99200K, reserved 1136640K
  class space    used 11244K, capacity 11641K, committed 12160K, reserved 1048576K
2023-04-21T00:06:00.254+0600: 2415232.337: [GC (Allocation Failure) [PSYoungGen: 661280K->14686K(677376K)] 769054K->122565K(993792K), 0.0106836 secs] [Times: user=0.02 sys=0.00, real=0.01 secs] 
Heap after GC invocations=680 (full 4):
 PSYoungGen      total 677376K, used 14686K [0x00000000d5580000, 0x0000000100000000, 0x0000000100000000)
  eden space 656896K, 0% used [0x00000000d5580000,0x00000000d5580000,0x00000000fd700000)
  from space 20480K, 71% used [0x00000000fec00000,0x00000000ffa579c0,0x0000000100000000)
  to   space 20992K, 0% used [0x00000000fd700000,0x00000000fd700000,0x00000000feb80000)
 ParOldGen       total 316416K, used 107878K [0x0000000080000000, 0x0000000093500000, 0x00000000d5580000)
  object space 316416K, 34% used [0x0000000080000000,0x0000000086959b48,0x0000000093500000)
 Metaspace       used 94117K, capacity 96585K, committed 99200K, reserved 1136640K
  class space    used 11244K, capacity 11641K, committed 12160K, reserved 1048576K
}
{Heap before GC invocations=681 (full 4):
 PSYoungGen      total 677376K, used 671582K [0x00000000d5580000, 0x0000000100000000, 0x0000000100000000)
  eden space 656896K, 100% used [0x00000000d5580000,0x00000000fd700000,0x00000000fd700000)
  from space 20480K, 71% used [0x00000000fec00000,0x00000000ffa579c0,0x0000000100000000)
  to   space 20992K, 0% used [0x00000000fd700000,0x00000000fd700000,0x00000000feb80000)
 ParOldGen       total 316416K, used 107878K [0x0000000080000000, 0x0000000093500000, 0x00000000d5580000)
  object space 316416K, 34% used [0x0000000080000000,0x0000000086959b48,0x0000000093500000)
 Metaspace       used 94117K, capacity 96585K, committed 99200K, reserved 1136640K
  class space    used 11244K, capacity 11641K, committed 12160K, reserved 1048576K
2023-04-21T00:06:03.154+0600: 2415235.237: [GC (Allocation Failure) [PSYoungGen: 671582K->8745K(677888K)] 779461K->116663K(994304K), 0.0082166 secs] [Times: user=0.01 sys=0.00, real=0.01 secs] 
Heap after GC invocations=681 (full 4):
 PSYoungGen      total 677888K, used 8745K [0x00000000d5580000, 0x00000000fff80000, 0x0000000100000000)
  eden space 656896K, 0% used [0x00000000d5580000,0x00000000d5580000,0x00000000fd700000)
  from space 20992K, 41% used [0x00000000fd700000,0x00000000fdf8a4f8,0x00000000feb80000)
  to   space 20480K, 0% used [0x00000000feb80000,0x00000000feb80000,0x00000000fff80000)
 ParOldGen       total 316416K, used 107918K [0x0000000080000000, 0x0000000093500000, 0x00000000d5580000)
  object space 316416K, 34% used [0x0000000080000000,0x0000000086963a98,0x0000000093500000)
 Metaspace       used 94117K, capacity 96585K, committed 99200K, reserved 1136640K
  class space    used 11244K, capacity 11641K, committed 12160K, reserved 1048576K
}
{Heap before GC invocations=682 (full 4):
 PSYoungGen      total 677888K, used 665641K [0x00000000d5580000, 0x00000000fff80000, 0x0000000100000000)
  eden space 656896K, 100% used [0x00000000d5580000,0x00000000fd700000,0x00000000fd700000)
  from space 20992K, 41% used [0x00000000fd700000,0x00000000fdf8a4f8,0x00000000feb80000)
  to   space 20480K, 0% used [0x00000000feb80000,0x00000000feb80000,0x00000000fff80000)
 ParOldGen       total 316416K, used 107918K [0x0000000080000000, 0x0000000093500000, 0x00000000d5580000)
  object space 316416K, 34% used [0x0000000080000000,0x0000000086963a98,0x0000000093500000)
 Metaspace       used 94117K, capacity 96585K, committed 99200K, reserved 1136640K
  class space    used 11244K, capacity 11641K, committed 12160K, reserved 1048576K
2023-04-21T00:06:07.037+0600: 2415239.120: [GC (Allocation Failure) [PSYoungGen: 665641K->12680K(677888K)] 773559K->120639K(994304K), 0.0113639 secs] [Times: user=0.02 sys=0.00, real=0.01 secs] 
Heap after GC invocations=682 (full 4):
 PSYoungGen      total 677888K, used 12680K [0x00000000d5580000, 0x00000000fff80000, 0x0000000100000000)
  eden space 657408K, 0% used [0x00000000d5580000,0x00000000d5580000,0x00000000fd780000)
  from space 20480K, 61% used [0x00000000feb80000,0x00000000ff7e21c0,0x00000000fff80000)
  to   space 20480K, 0% used [0x00000000fd780000,0x00000000fd780000,0x00000000feb80000)
 ParOldGen       total 316416K, used 107958K [0x0000000080000000, 0x0000000093500000, 0x00000000d5580000)
  object space 316416K, 34% used [0x0000000080000000,0x000000008696da98,0x0000000093500000)
 Metaspace       used 94117K, capacity 96585K, committed 99200K, reserved 1136640K
  class space    used 11244K, capacity 11641K, committed 12160K, reserved 1048576K
}
{Heap before GC invocations=683 (full 4):
 PSYoungGen      total 677888K, used 670088K [0x00000000d5580000, 0x00000000fff80000, 0x0000000100000000)
  eden space 657408K, 100% used [0x00000000d5580000,0x00000000fd780000,0x00000000fd780000)
  from space 20480K, 61% used [0x00000000feb80000,0x00000000ff7e21c0,0x00000000fff80000)
  to   space 20480K, 0% used [0x00000000fd780000,0x00000000fd780000,0x00000000feb80000)
 ParOldGen       total 316416K, used 107958K [0x0000000080000000, 0x0000000093500000, 0x00000000d5580000)
  object space 316416K, 34% used [0x0000000080000000,0x000000008696da98,0x0000000093500000)
 Metaspace       used 94117K, capacity 96585K, committed 99200K, reserved 1136640K
  class space    used 11244K, capacity 11641K, committed 12160K, reserved 1048576K
2023-04-21T00:06:10.134+0600: 2415242.217: [GC (Allocation Failure) [PSYoungGen: 670088K->8585K(666112K)] 778047K->116631K(982528K), 0.0115402 secs] [Times: user=0.01 sys=0.00, real=0.01 secs] 
Heap after GC invocations=683 (full 4):
 PSYoungGen      total 666112K, used 8585K [0x00000000d5580000, 0x00000000ffe00000, 0x0000000100000000)
  eden space 657408K, 0% used [0x00000000d5580000,0x00000000d5580000,0x00000000fd780000)
  from space 8704K, 98% used [0x00000000fd780000,0x00000000fdfe24e8,0x00000000fe000000)
  to   space 19456K, 0% used [0x00000000feb00000,0x00000000feb00000,0x00000000ffe00000)
 ParOldGen       total 316416K, used 108046K [0x0000000080000000, 0x0000000093500000, 0x00000000d5580000)
  object space 316416K, 34% used [0x0000000080000000,0x0000000086983888,0x0000000093500000)
 Metaspace       used 94117K, capacity 96585K, committed 99200K, reserved 1136640K
  class space    used 11244K, capacity 11641K, committed 12160K, reserved 1048576K
}
{Heap before GC invocations=684 (full 4):
 PSYoungGen      total 666112K, used 662432K [0x00000000d5580000, 0x00000000ffe00000, 0x0000000100000000)
  eden space 657408K, 99% used [0x00000000d5580000,0x00000000fd405e68,0x00000000fd780000)
  from space 8704K, 98% used [0x00000000fd780000,0x00000000fdfe24e8,0x00000000fe000000)
  to   space 19456K, 0% used [0x00000000feb00000,0x00000000feb00000,0x00000000ffe00000)
 ParOldGen       total 316416K, used 108046K [0x0000000080000000, 0x0000000093500000, 0x00000000d5580000)
  object space 316416K, 34% used [0x0000000080000000,0x0000000086983888,0x0000000093500000)
 Metaspace       used 94117K, capacity 96585K, committed 99200K, reserved 1136640K
  class space    used 11244K, capacity 11641K, committed 12160K, reserved 1048576K
2023-04-21T00:06:14.056+0600: 2415246.139: [GC (Allocation Failure) [PSYoungGen: 662432K->10802K(677888K)] 770478K->118888K(994304K), 0.0124713 secs] [Times: user=0.02 sys=0.00, real=0.01 secs] 
Heap after GC invocations=684 (full 4):
 PSYoungGen      total 677888K, used 10802K [0x00000000d5580000, 0x0000000100000000, 0x0000000100000000)
  eden space 658432K, 0% used [0x00000000d5580000,0x00000000d5580000,0x00000000fd880000)
  from space 19456K, 55% used [0x00000000feb00000,0x00000000ff58c9a0,0x00000000ffe00000)
  to   space 18944K, 0% used [0x00000000fd880000,0x00000000fd880000,0x00000000feb00000)
 ParOldGen       total 316416K, used 108086K [0x0000000080000000, 0x0000000093500000, 0x00000000d5580000)
  object space 316416K, 34% used [0x0000000080000000,0x000000008698d888,0x0000000093500000)
 Metaspace       used 94117K, capacity 96585K, committed 99200K, reserved 1136640K
  class space    used 11244K, capacity 11641K, committed 12160K, reserved 1048576K
}
{Heap before GC invocations=685 (full 4):
 PSYoungGen      total 677888K, used 669234K [0x00000000d5580000, 0x0000000100000000, 0x0000000100000000)
  eden space 658432K, 100% used [0x00000000d5580000,0x00000000fd880000,0x00000000fd880000)
  from space 19456K, 55% used [0x00000000feb00000,0x00000000ff58c9a0,0x00000000ffe00000)
  to   space 18944K, 0% used [0x00000000fd880000,0x00000000fd880000,0x00000000feb00000)
 ParOldGen       total 316416K, used 108086K [0x0000000080000000, 0x0000000093500000, 0x00000000d5580000)
  object space 316416K, 34% used [0x0000000080000000,0x000000008698d888,0x0000000093500000)
 Metaspace       used 94117K, capacity 96585K, committed 99200K, reserved 1136640K
  class space    used 11244K, capacity 11641K, committed 12160K, reserved 1048576K
2023-04-21T00:06:17.034+0600: 2415249.117: [GC (Allocation Failure) [PSYoungGen: 669234K->8937K(677376K)] 777320K->117127K(993792K), 0.0088325 secs] [Times: user=0.02 sys=0.00, real=0.01 secs] 
Heap after GC invocations=685 (full 4):
 PSYoungGen      total 677376K, used 8937K [0x00000000d5580000, 0x00000000ffe80000, 0x0000000100000000)
  eden space 658432K, 0% used [0x00000000d5580000,0x00000000d5580000,0x00000000fd880000)
  from space 18944K, 47% used [0x00000000fd880000,0x00000000fe13a4e8,0x00000000feb00000)
  to   space 18432K, 0% used [0x00000000fec80000,0x00000000fec80000,0x00000000ffe80000)
 ParOldGen       total 316416K, used 108190K [0x0000000080000000, 0x0000000093500000, 0x00000000d5580000)
  object space 316416K, 34% used [0x0000000080000000,0x00000000869a7808,0x0000000093500000)
 Metaspace       used 94117K, capacity 96585K, committed 99200K, reserved 1136640K
  class space    used 11244K, capacity 11641K, committed 12160K, reserved 1048576K
}
{Heap before GC invocations=686 (full 4):
 PSYoungGen      total 677376K, used 666766K [0x00000000d5580000, 0x00000000ffe80000, 0x0000000100000000)
  eden space 658432K, 99% used [0x00000000d5580000,0x00000000fd7e9538,0x00000000fd880000)
  from space 18944K, 47% used [0x00000000fd880000,0x00000000fe13a4e8,0x00000000feb00000)
  to   space 18432K, 0% used [0x00000000fec80000,0x00000000fec80000,0x00000000ffe80000)
 ParOldGen       total 316416K, used 108190K [0x0000000080000000, 0x0000000093500000, 0x00000000d5580000)
  object space 316416K, 34% used [0x0000000080000000,0x00000000869a7808,0x0000000093500000)
 Metaspace       used 94117K, capacity 96585K, committed 99200K, reserved 1136640K
  class space    used 11244K, capacity 11641K, committed 12160K, reserved 1048576K
2023-04-21T00:06:20.727+0600: 2415252.810: [GC (Allocation Failure) [PSYoungGen: 666766K->10770K(679424K)] 774956K->119111K(995840K), 0.0136960 secs] [Times: user=0.03 sys=0.00, real=0.02 secs] 
Heap after GC invocations=686 (full 4):
 PSYoungGen      total 679424K, used 10770K [0x00000000d5580000, 0x00000000ffe80000, 0x0000000100000000)
  eden space 660992K, 0% used [0x00000000d5580000,0x00000000d5580000,0x00000000fdb00000)
  from space 18432K, 58% used [0x00000000fec80000,0x00000000ff7049b0,0x00000000ffe80000)
  to   space 17920K, 0% used [0x00000000fdb00000,0x00000000fdb00000,0x00000000fec80000)
 ParOldGen       total 316416K, used 108341K [0x0000000080000000, 0x0000000093500000, 0x00000000d5580000)
  object space 316416K, 34% used [0x0000000080000000,0x00000000869cd628,0x0000000093500000)
 Metaspace       used 94117K, capacity 96585K, committed 99200K, reserved 1136640K
  class space    used 11244K, capacity 11641K, committed 12160K, reserved 1048576K
}
{Heap before GC invocations=687 (full 4):
 PSYoungGen      total 679424K, used 671762K [0x00000000d5580000, 0x00000000ffe80000, 0x0000000100000000)
  eden space 660992K, 100% used [0x00000000d5580000,0x00000000fdb00000,0x00000000fdb00000)
  from space 18432K, 58% used [0x00000000fec80000,0x00000000ff7049b0,0x00000000ffe80000)
  to   space 17920K, 0% used [0x00000000fdb00000,0x00000000fdb00000,0x00000000fec80000)
 ParOldGen       total 316416K, used 108341K [0x0000000080000000, 0x0000000093500000, 0x00000000d5580000)
  object space 316416K, 34% used [0x0000000080000000,0x00000000869cd628,0x0000000093500000)
 Metaspace       used 94117K, capacity 96585K, committed 99200K, reserved 1136640K
  class space    used 11244K, capacity 11641K, committed 12160K, reserved 1048576K
2023-04-21T00:06:23.807+0600: 2415255.889: [GC (Allocation Failure) [PSYoungGen: 671762K->9001K(678912K)] 780103K->117366K(995328K), 0.0114681 secs] [Times: user=0.02 sys=0.00, real=0.01 secs] 
Heap after GC invocations=687 (full 4):
 PSYoungGen      total 678912K, used 9001K [0x00000000d5580000, 0x00000000ffe80000, 0x0000000100000000)
  eden space 660992K, 0% used [0x00000000d5580000,0x00000000d5580000,0x00000000fdb00000)
  from space 17920K, 50% used [0x00000000fdb00000,0x00000000fe3ca4f8,0x00000000fec80000)
  to   space 17408K, 0% used [0x00000000fed80000,0x00000000fed80000,0x00000000ffe80000)
 ParOldGen       total 316416K, used 108365K [0x0000000080000000, 0x0000000093500000, 0x00000000d5580000)
  object space 316416K, 34% used [0x0000000080000000,0x00000000869d3628,0x0000000093500000)
 Metaspace       used 94117K, capacity 96585K, committed 99200K, reserved 1136640K
  class space    used 11244K, capacity 11641K, committed 12160K, reserved 1048576K
}
{Heap before GC invocations=688 (full 4):
 PSYoungGen      total 678912K, used 666565K [0x00000000d5580000, 0x00000000ffe80000, 0x0000000100000000)
  eden space 660992K, 99% used [0x00000000d5580000,0x00000000fd7a7250,0x00000000fdb00000)
  from space 17920K, 50% used [0x00000000fdb00000,0x00000000fe3ca4f8,0x00000000fec80000)
  to   space 17408K, 0% used [0x00000000fed80000,0x00000000fed80000,0x00000000ffe80000)
 ParOldGen       total 316416K, used 108365K [0x0000000080000000, 0x0000000093500000, 0x00000000d5580000)
  object space 316416K, 34% used [0x0000000080000000,0x00000000869d3628,0x0000000093500000)
 Metaspace       used 94117K, capacity 96585K, committed 99200K, reserved 1136640K
  class space    used 11244K, capacity 11641K, committed 12160K, reserved 1048576K
2023-04-21T00:06:27.846+0600: 2415259.929: [GC (Allocation Failure) [PSYoungGen: 666565K->10706K(680448K)] 774931K->119119K(996864K), 0.0114771 secs] [Times: user=0.02 sys=0.00, real=0.01 secs] 
Heap after GC invocations=688 (full 4):
 PSYoungGen      total 680448K, used 10706K [0x00000000d5580000, 0x00000000ffe80000, 0x0000000100000000)
  eden space 663040K, 0% used [0x00000000d5580000,0x00000000d5580000,0x00000000fdd00000)
  from space 17408K, 61% used [0x00000000fed80000,0x00000000ff7f49b0,0x00000000ffe80000)
  to   space 16896K, 0% used [0x00000000fdd00000,0x00000000fdd00000,0x00000000fed80000)
 ParOldGen       total 316416K, used 108413K [0x0000000080000000, 0x0000000093500000, 0x00000000d5580000)
  object space 316416K, 34% used [0x0000000080000000,0x00000000869df578,0x0000000093500000)
 Metaspace       used 94117K, capacity 96585K, committed 99200K, reserved 1136640K
  class space    used 11244K, capacity 11641K, committed 12160K, reserved 1048576K
}
{Heap before GC invocations=689 (full 4):
 PSYoungGen      total 680448K, used 673746K [0x00000000d5580000, 0x00000000ffe80000, 0x0000000100000000)
  eden space 663040K, 100% used [0x00000000d5580000,0x00000000fdd00000,0x00000000fdd00000)
  from space 17408K, 61% used [0x00000000fed80000,0x00000000ff7f49b0,0x00000000ffe80000)
  to   space 16896K, 0% used [0x00000000fdd00000,0x00000000fdd00000,0x00000000fed80000)
 ParOldGen       total 316416K, used 108413K [0x0000000080000000, 0x0000000093500000, 0x00000000d5580000)
  object space 316416K, 34% used [0x0000000080000000,0x00000000869df578,0x0000000093500000)
 Metaspace       used 94117K, capacity 96585K, committed 99200K, reserved 1136640K
  class space    used 11244K, capacity 11641K, committed 12160K, reserved 1048576K
2023-04-21T00:06:30.848+0600: 2415262.931: [GC (Allocation Failure) [PSYoungGen: 673746K->8969K(679936K)] 782159K->117414K(996352K), 0.0085608 secs] [Times: user=0.02 sys=0.00, real=0.01 secs] 
Heap after GC invocations=689 (full 4):
 PSYoungGen      total 679936K, used 8969K [0x00000000d5580000, 0x00000000ffe80000, 0x0000000100000000)
  eden space 663040K, 0% used [0x00000000d5580000,0x00000000d5580000,0x00000000fdd00000)
  from space 16896K, 53% used [0x00000000fdd00000,0x00000000fe5c24f8,0x00000000fed80000)
  to   space 16384K, 0% used [0x00000000fee80000,0x00000000fee80000,0x00000000ffe80000)
 ParOldGen       total 316416K, used 108445K [0x0000000080000000, 0x0000000093500000, 0x00000000d5580000)
  object space 316416K, 34% used [0x0000000080000000,0x00000000869e7578,0x0000000093500000)
 Metaspace       used 94117K, capacity 96585K, committed 99200K, reserved 1136640K
  class space    used 11244K, capacity 11641K, committed 12160K, reserved 1048576K
}
{Heap before GC invocations=690 (full 4):
 PSYoungGen      total 679936K, used 672005K [0x00000000d5580000, 0x00000000ffe80000, 0x0000000100000000)
  eden space 663040K, 99% used [0x00000000d5580000,0x00000000fdcff018,0x00000000fdd00000)
  from space 16896K, 53% used [0x00000000fdd00000,0x00000000fe5c24f8,0x00000000fed80000)
  to   space 16384K, 0% used [0x00000000fee80000,0x00000000fee80000,0x00000000ffe80000)
 ParOldGen       total 316416K, used 108445K [0x0000000080000000, 0x0000000093500000, 0x00000000d5580000)
  object space 316416K, 34% used [0x0000000080000000,0x00000000869e7578,0x0000000093500000)
 Metaspace       used 94117K, capacity 96585K, committed 99200K, reserved 1136640K
  class space    used 11244K, capacity 11641K, committed 12160K, reserved 1048576K
2023-04-21T00:06:34.810+0600: 2415266.893: [GC (Allocation Failure) [PSYoungGen: 672005K->10706K(681472K)] 780450K->119191K(997888K), 0.0111584 secs] [Times: user=0.02 sys=0.00, real=0.01 secs] 
Heap after GC invocations=690 (full 4):
 PSYoungGen      total 681472K, used 10706K [0x00000000d5580000, 0x00000000ffe80000, 0x0000000100000000)
  eden space 665088K, 0% used [0x00000000d5580000,0x00000000d5580000,0x00000000fdf00000)
  from space 16384K, 65% used [0x00000000fee80000,0x00000000ff8f49b0,0x00000000ffe80000)
  to   space 15872K, 0% used [0x00000000fdf00000,0x00000000fdf00000,0x00000000fee80000)
 ParOldGen       total 316416K, used 108485K [0x0000000080000000, 0x0000000093500000, 0x00000000d5580000)
  object space 316416K, 34% used [0x0000000080000000,0x00000000869f1578,0x0000000093500000)
 Metaspace       used 94117K, capacity 96585K, committed 99200K, reserved 1136640K
  class space    used 11244K, capacity 11641K, committed 12160K, reserved 1048576K
}
{Heap before GC invocations=691 (full 4):
 PSYoungGen      total 681472K, used 675794K [0x00000000d5580000, 0x00000000ffe80000, 0x0000000100000000)
  eden space 665088K, 100% used [0x00000000d5580000,0x00000000fdf00000,0x00000000fdf00000)
  from space 16384K, 65% used [0x00000000fee80000,0x00000000ff8f49b0,0x00000000ffe80000)
  to   space 15872K, 0% used [0x00000000fdf00000,0x00000000fdf00000,0x00000000fee80000)
 ParOldGen       total 316416K, used 108485K [0x0000000080000000, 0x0000000093500000, 0x00000000d5580000)
  object space 316416K, 34% used [0x0000000080000000,0x00000000869f1578,0x0000000093500000)
 Metaspace       used 94117K, capacity 96585K, committed 99200K, reserved 1136640K
  class space    used 11244K, capacity 11641K, committed 12160K, reserved 1048576K
2023-04-21T00:06:37.793+0600: 2415269.876: [GC (Allocation Failure) [PSYoungGen: 675794K->1728K(680960K)] 784279K->110261K(997376K), 0.0077029 secs] [Times: user=0.01 sys=0.00, real=0.01 secs] 
Heap after GC invocations=691 (full 4):
 PSYoungGen      total 680960K, used 1728K [0x00000000d5580000, 0x0000000100000000, 0x0000000100000000)
  eden space 665088K, 0% used [0x00000000d5580000,0x00000000d5580000,0x00000000fdf00000)
  from space 15872K, 10% used [0x00000000fdf00000,0x00000000fe0b0040,0x00000000fee80000)
  to   space 16896K, 0% used [0x00000000fef80000,0x00000000fef80000,0x0000000100000000)
 ParOldGen       total 316416K, used 108533K [0x0000000080000000, 0x0000000093500000, 0x00000000d5580000)
  object space 316416K, 34% used [0x0000000080000000,0x00000000869fd4c8,0x0000000093500000)
 Metaspace       used 94117K, capacity 96585K, committed 99200K, reserved 1136640K
  class space    used 11244K, capacity 11641K, committed 12160K, reserved 1048576K
}
{Heap before GC invocations=692 (full 4):
 PSYoungGen      total 680960K, used 666816K [0x00000000d5580000, 0x0000000100000000, 0x0000000100000000)
  eden space 665088K, 100% used [0x00000000d5580000,0x00000000fdf00000,0x00000000fdf00000)
  from space 15872K, 10% used [0x00000000fdf00000,0x00000000fe0b0040,0x00000000fee80000)
  to   space 16896K, 0% used [0x00000000fef80000,0x00000000fef80000,0x0000000100000000)
 ParOldGen       total 316416K, used 108533K [0x0000000080000000, 0x0000000093500000, 0x00000000d5580000)
  object space 316416K, 34% used [0x0000000080000000,0x00000000869fd4c8,0x0000000093500000)
 Metaspace       used 94117K, capacity 96585K, committed 99200K, reserved 1136640K
  class space    used 11244K, capacity 11641K, committed 12160K, reserved 1048576K
2023-04-21T00:06:41.698+0600: 2415273.781: [GC (Allocation Failure) [PSYoungGen: 666816K->11805K(681984K)] 775349K->120378K(998400K), 0.0151993 secs] [Times: user=0.03 sys=0.00, real=0.02 secs] 
Heap after GC invocations=692 (full 4):
 PSYoungGen      total 681984K, used 11805K [0x00000000d5580000, 0x0000000100000000, 0x0000000100000000)
  eden space 665088K, 0% used [0x00000000d5580000,0x00000000d5580000,0x00000000fdf00000)
  from space 16896K, 69% used [0x00000000fef80000,0x00000000ffb075d0,0x0000000100000000)
  to   space 16896K, 0% used [0x00000000fdf00000,0x00000000fdf00000,0x00000000fef80000)
 ParOldGen       total 316416K, used 108573K [0x0000000080000000, 0x0000000093500000, 0x00000000d5580000)
  object space 316416K, 34% used [0x0000000080000000,0x0000000086a074c8,0x0000000093500000)
 Metaspace       used 94117K, capacity 96585K, committed 99200K, reserved 1136640K
  class space    used 11244K, capacity 11641K, committed 12160K, reserved 1048576K
}
{Heap before GC invocations=693 (full 4):
 PSYoungGen      total 681984K, used 676893K [0x00000000d5580000, 0x0000000100000000, 0x0000000100000000)
  eden space 665088K, 100% used [0x00000000d5580000,0x00000000fdf00000,0x00000000fdf00000)
  from space 16896K, 69% used [0x00000000fef80000,0x00000000ffb075d0,0x0000000100000000)
  to   space 16896K, 0% used [0x00000000fdf00000,0x00000000fdf00000,0x00000000fef80000)
 ParOldGen       total 316416K, used 108573K [0x0000000080000000, 0x0000000093500000, 0x00000000d5580000)
  object space 316416K, 34% used [0x0000000080000000,0x0000000086a074c8,0x0000000093500000)
 Metaspace       used 94117K, capacity 96585K, committed 99200K, reserved 1136640K
  class space    used 11244K, capacity 11641K, committed 12160K, reserved 1048576K
2023-04-21T00:06:44.661+0600: 2415276.744: [GC (Allocation Failure) [PSYoungGen: 676893K->8681K(673792K)] 785466K->117278K(990208K), 0.0092560 secs] [Times: user=0.01 sys=0.00, real=0.01 secs] 
Heap after GC invocations=693 (full 4):
 PSYoungGen      total 673792K, used 8681K [0x00000000d5580000, 0x00000000fff00000, 0x0000000100000000)
  eden space 665088K, 0% used [0x00000000d5580000,0x00000000d5580000,0x00000000fdf00000)
  from space 8704K, 99% used [0x00000000fdf00000,0x00000000fe77a508,0x00000000fe780000)
  to   space 16384K, 0% used [0x00000000fef00000,0x00000000fef00000,0x00000000fff00000)
 ParOldGen       total 316416K, used 108597K [0x0000000080000000, 0x0000000093500000, 0x00000000d5580000)
  object space 316416K, 34% used [0x0000000080000000,0x0000000086a0d4c8,0x0000000093500000)
 Metaspace       used 94117K, capacity 96585K, committed 99200K, reserved 1136640K
  class space    used 11244K, capacity 11641K, committed 12160K, reserved 1048576K
}
{Heap before GC invocations=694 (full 4):
 PSYoungGen      total 673792K, used 673769K [0x00000000d5580000, 0x00000000fff00000, 0x0000000100000000)
  eden space 665088K, 100% used [0x00000000d5580000,0x00000000fdf00000,0x00000000fdf00000)
  from space 8704K, 99% used [0x00000000fdf00000,0x00000000fe77a508,0x00000000fe780000)
  to   space 16384K, 0% used [0x00000000fef00000,0x00000000fef00000,0x00000000fff00000)
 ParOldGen       total 316416K, used 108597K [0x0000000080000000, 0x0000000093500000, 0x00000000d5580000)
  object space 316416K, 34% used [0x0000000080000000,0x0000000086a0d4c8,0x0000000093500000)
 Metaspace       used 94117K, capacity 96585K, committed 99200K, reserved 1136640K
  class space    used 11244K, capacity 11641K, committed 12160K, reserved 1048576K
2023-04-21T00:06:48.606+0600: 2415280.689: [GC (Allocation Failure) [PSYoungGen: 673769K->14718K(679424K)] 782366K->123363K(995840K), 0.0118416 secs] [Times: user=0.02 sys=0.00, real=0.01 secs] 
Heap after GC invocations=694 (full 4):
 PSYoungGen      total 679424K, used 14718K [0x00000000d5580000, 0x0000000100000000, 0x0000000100000000)
  eden space 663040K, 0% used [0x00000000d5580000,0x00000000d5580000,0x00000000fdd00000)
  from space 16384K, 89% used [0x00000000fef00000,0x00000000ffd5f9d0,0x00000000fff00000)
  to   space 17920K, 0% used [0x00000000fdd00000,0x00000000fdd00000,0x00000000fee80000)
 ParOldGen       total 316416K, used 108645K [0x0000000080000000, 0x0000000093500000, 0x00000000d5580000)
  object space 316416K, 34% used [0x0000000080000000,0x0000000086a19418,0x0000000093500000)
 Metaspace       used 94117K, capacity 96585K, committed 99200K, reserved 1136640K
  class space    used 11244K, capacity 11641K, committed 12160K, reserved 1048576K
}
{Heap before GC invocations=695 (full 4):
 PSYoungGen      total 679424K, used 677758K [0x00000000d5580000, 0x0000000100000000, 0x0000000100000000)
  eden space 663040K, 100% used [0x00000000d5580000,0x00000000fdd00000,0x00000000fdd00000)
  from space 16384K, 89% used [0x00000000fef00000,0x00000000ffd5f9d0,0x00000000fff00000)
  to   space 17920K, 0% used [0x00000000fdd00000,0x00000000fdd00000,0x00000000fee80000)
 ParOldGen       total 316416K, used 108645K [0x0000000080000000, 0x0000000093500000, 0x00000000d5580000)
  object space 316416K, 34% used [0x0000000080000000,0x0000000086a19418,0x0000000093500000)
 Metaspace       used 94117K, capacity 96585K, committed 99200K, reserved 1136640K
  class space    used 11244K, capacity 11641K, committed 12160K, reserved 1048576K
2023-04-21T00:06:51.591+0600: 2415283.674: [GC (Allocation Failure) [PSYoungGen: 677758K->8553K(680960K)] 786403K->117349K(997376K), 0.0089224 secs] [Times: user=0.01 sys=0.00, real=0.01 secs] 
Heap after GC invocations=695 (full 4):
 PSYoungGen      total 680960K, used 8553K [0x00000000d5580000, 0x0000000100000000, 0x0000000100000000)
  eden space 663040K, 0% used [0x00000000d5580000,0x00000000d5580000,0x00000000fdd00000)
  from space 17920K, 47% used [0x00000000fdd00000,0x00000000fe55a4f8,0x00000000fee80000)
  to   space 17408K, 0% used [0x00000000fef00000,0x00000000fef00000,0x0000000100000000)
 ParOldGen       total 316416K, used 108796K [0x0000000080000000, 0x0000000093500000, 0x00000000d5580000)
  object space 316416K, 34% used [0x0000000080000000,0x0000000086a3f238,0x0000000093500000)
 Metaspace       used 94117K, capacity 96585K, committed 99200K, reserved 1136640K
  class space    used 11244K, capacity 11641K, committed 12160K, reserved 1048576K
}
{Heap before GC invocations=696 (full 4):
 PSYoungGen      total 680960K, used 669502K [0x00000000d5580000, 0x0000000100000000, 0x0000000100000000)
  eden space 663040K, 99% used [0x00000000d5580000,0x00000000fdaf5338,0x00000000fdd00000)
  from space 17920K, 47% used [0x00000000fdd00000,0x00000000fe55a4f8,0x00000000fee80000)
  to   space 17408K, 0% used [0x00000000fef00000,0x00000000fef00000,0x0000000100000000)
 ParOldGen       total 316416K, used 108796K [0x0000000080000000, 0x0000000093500000, 0x00000000d5580000)
  object space 316416K, 34% used [0x0000000080000000,0x0000000086a3f238,0x0000000093500000)
 Metaspace       used 94119K, capacity 96585K, committed 99200K, reserved 1136640K
  class space    used 11244K, capacity 11641K, committed 12160K, reserved 1048576K
2023-04-21T00:06:55.572+0600: 2415287.655: [GC (Allocation Failure) [PSYoungGen: 669502K->10770K(679424K)] 778298K->119606K(995840K), 0.0093218 secs] [Times: user=0.01 sys=0.00, real=0.01 secs] 
Heap after GC invocations=696 (full 4):
 PSYoungGen      total 679424K, used 10770K [0x00000000d5580000, 0x00000000ffe80000, 0x0000000100000000)
  eden space 663552K, 0% used [0x00000000d5580000,0x00000000d5580000,0x00000000fdd80000)
  from space 15872K, 67% used [0x00000000fef00000,0x00000000ff9849b0,0x00000000ffe80000)
  to   space 16896K, 0% used [0x00000000fdd80000,0x00000000fdd80000,0x00000000fee00000)
 ParOldGen       total 316416K, used 108836K [0x0000000080000000, 0x0000000093500000, 0x00000000d5580000)
  object space 316416K, 34% used [0x0000000080000000,0x0000000086a49238,0x0000000093500000)
 Metaspace       used 94119K, capacity 96585K, committed 99200K, reserved 1136640K
  class space    used 11244K, capacity 11641K, committed 12160K, reserved 1048576K
}
{Heap before GC invocations=697 (full 4):
 PSYoungGen      total 679424K, used 674322K [0x00000000d5580000, 0x00000000ffe80000, 0x0000000100000000)
  eden space 663552K, 100% used [0x00000000d5580000,0x00000000fdd80000,0x00000000fdd80000)
  from space 15872K, 67% used [0x00000000fef00000,0x00000000ff9849b0,0x00000000ffe80000)
  to   space 16896K, 0% used [0x00000000fdd80000,0x00000000fdd80000,0x00000000fee00000)
 ParOldGen       total 316416K, used 108836K [0x0000000080000000, 0x0000000093500000, 0x00000000d5580000)
  object space 316416K, 34% used [0x0000000080000000,0x0000000086a49238,0x0000000093500000)
 Metaspace       used 94119K, capacity 96585K, committed 99200K, reserved 1136640K
  class space    used 11244K, capacity 11641K, committed 12160K, reserved 1048576K
2023-04-21T00:06:58.590+0600: 2415290.673: [GC (Allocation Failure) [PSYoungGen: 674322K->8969K(680448K)] 783158K->117837K(996864K), 0.0093251 secs] [Times: user=0.02 sys=0.00, real=0.01 secs] 
Heap after GC invocations=697 (full 4):
 PSYoungGen      total 680448K, used 8969K [0x00000000d5580000, 0x0000000100000000, 0x0000000100000000)
  eden space 663552K, 0% used [0x00000000d5580000,0x00000000d5580000,0x00000000fdd80000)
  from space 16896K, 53% used [0x00000000fdd80000,0x00000000fe642508,0x00000000fee00000)
  to   space 16384K, 0% used [0x00000000ff000000,0x00000000ff000000,0x0000000100000000)
 ParOldGen       total 316416K, used 108868K [0x0000000080000000, 0x0000000093500000, 0x00000000d5580000)
  object space 316416K, 34% used [0x0000000080000000,0x0000000086a51238,0x0000000093500000)
 Metaspace       used 94119K, capacity 96585K, committed 99200K, reserved 1136640K
  class space    used 11244K, capacity 11641K, committed 12160K, reserved 1048576K
}
{Heap before GC invocations=698 (full 4):
 PSYoungGen      total 680448K, used 668879K [0x00000000d5580000, 0x0000000100000000, 0x0000000100000000)
  eden space 663552K, 99% used [0x00000000d5580000,0x00000000fd9f1a80,0x00000000fdd80000)
  from space 16896K, 53% used [0x00000000fdd80000,0x00000000fe642508,0x00000000fee00000)
  to   space 16384K, 0% used [0x00000000ff000000,0x00000000ff000000,0x0000000100000000)
 ParOldGen       total 316416K, used 108868K [0x0000000080000000, 0x0000000093500000, 0x00000000d5580000)
  object space 316416K, 34% used [0x0000000080000000,0x0000000086a51238,0x0000000093500000)
 Metaspace       used 94119K, capacity 96585K, committed 99200K, reserved 1136640K
  class space    used 11244K, capacity 11641K, committed 12160K, reserved 1048576K
2023-04-21T00:07:02.956+0600: 2415295.039: [GC (Allocation Failure) [PSYoungGen: 668879K->14779K(680448K)] 777748K->123704K(996864K), 0.0128823 secs] [Times: user=0.02 sys=0.00, real=0.01 secs] 
Heap after GC invocations=698 (full 4):
 PSYoungGen      total 680448K, used 14779K [0x00000000d5580000, 0x0000000100000000, 0x0000000100000000)
  eden space 664064K, 0% used [0x00000000d5580000,0x00000000d5580000,0x00000000fde00000)
  from space 16384K, 90% used [0x00000000ff000000,0x00000000ffe6ee88,0x0000000100000000)
  to   space 17408K, 0% used [0x00000000fde00000,0x00000000fde00000,0x00000000fef00000)
 ParOldGen       total 316416K, used 108924K [0x0000000080000000, 0x0000000093500000, 0x00000000d5580000)
  object space 316416K, 34% used [0x0000000080000000,0x0000000086a5f188,0x0000000093500000)
 Metaspace       used 94119K, capacity 96585K, committed 99200K, reserved 1136640K
  class space    used 11244K, capacity 11641K, committed 12160K, reserved 1048576K
}
{Heap before GC invocations=699 (full 4):
 PSYoungGen      total 680448K, used 678843K [0x00000000d5580000, 0x0000000100000000, 0x0000000100000000)
  eden space 664064K, 100% used [0x00000000d5580000,0x00000000fde00000,0x00000000fde00000)
  from space 16384K, 90% used [0x00000000ff000000,0x00000000ffe6ee88,0x0000000100000000)
  to   space 17408K, 0% used [0x00000000fde00000,0x00000000fde00000,0x00000000fef00000)
 ParOldGen       total 316416K, used 108924K [0x0000000080000000, 0x0000000093500000, 0x00000000d5580000)
  object space 316416K, 34% used [0x0000000080000000,0x0000000086a5f188,0x0000000093500000)
 Metaspace       used 94119K, capacity 96585K, committed 99200K, reserved 1136640K
  class space    used 11244K, capacity 11641K, committed 12160K, reserved 1048576K
2023-04-21T00:07:05.954+0600: 2415298.037: [GC (Allocation Failure) [PSYoungGen: 678843K->8777K(681472K)] 787768K->117797K(997888K), 0.0088305 secs] [Times: user=0.02 sys=0.00, real=0.01 secs] 
Heap after GC invocations=699 (full 4):
 PSYoungGen      total 681472K, used 8777K [0x00000000d5580000, 0x0000000100000000, 0x0000000100000000)
  eden space 664064K, 0% used [0x00000000d5580000,0x00000000d5580000,0x00000000fde00000)
  from space 17408K, 50% used [0x00000000fde00000,0x00000000fe692518,0x00000000fef00000)
  to   space 16896K, 0% used [0x00000000fef80000,0x00000000fef80000,0x0000000100000000)
 ParOldGen       total 316416K, used 109020K [0x0000000080000000, 0x0000000093500000, 0x00000000d5580000)
  object space 316416K, 34% used [0x0000000080000000,0x0000000086a771b8,0x0000000093500000)
 Metaspace       used 94119K, capacity 96585K, committed 99200K, reserved 1136640K
  class space    used 11244K, capacity 11641K, committed 12160K, reserved 1048576K
}
{Heap before GC invocations=700 (full 4):
 PSYoungGen      total 681472K, used 671583K [0x00000000d5580000, 0x0000000100000000, 0x0000000100000000)
  eden space 664064K, 99% used [0x00000000d5580000,0x00000000fdcc5978,0x00000000fde00000)
  from space 17408K, 50% used [0x00000000fde00000,0x00000000fe692518,0x00000000fef00000)
  to   space 16896K, 0% used [0x00000000fef80000,0x00000000fef80000,0x0000000100000000)
 ParOldGen       total 316416K, used 109020K [0x0000000080000000, 0x0000000093500000, 0x00000000d5580000)
  object space 316416K, 34% used [0x0000000080000000,0x0000000086a771b8,0x0000000093500000)
 Metaspace       used 94119K, capacity 96585K, committed 99200K, reserved 1136640K
  class space    used 11244K, capacity 11641K, committed 12160K, reserved 1048576K
2023-04-21T00:07:10.070+0600: 2415302.153: [GC (Allocation Failure) [PSYoungGen: 671583K->10930K(680960K)] 780604K->119990K(997376K), 0.0100275 secs] [Times: user=0.02 sys=0.00, real=0.01 secs] 
Heap after GC invocations=700 (full 4):
 PSYoungGen      total 680960K, used 10930K [0x00000000d5580000, 0x00000000fff80000, 0x0000000100000000)
  eden space 664576K, 0% used [0x00000000d5580000,0x00000000d5580000,0x00000000fde80000)
  from space 16384K, 66% used [0x00000000fef80000,0x00000000ffa2c9d0,0x00000000fff80000)
  to   space 16896K, 0% used [0x00000000fde80000,0x00000000fde80000,0x00000000fef00000)
 ParOldGen       total 316416K, used 109060K [0x0000000080000000, 0x0000000093500000, 0x00000000d5580000)
  object space 316416K, 34% used [0x0000000080000000,0x0000000086a811b8,0x0000000093500000)
 Metaspace       used 94119K, capacity 96585K, committed 99200K, reserved 1136640K
  class space    used 11244K, capacity 11641K, committed 12160K, reserved 1048576K
}
{Heap before GC invocations=701 (full 4):
 PSYoungGen      total 680960K, used 675506K [0x00000000d5580000, 0x00000000fff80000, 0x0000000100000000)
  eden space 664576K, 100% used [0x00000000d5580000,0x00000000fde80000,0x00000000fde80000)
  from space 16384K, 66% used [0x00000000fef80000,0x00000000ffa2c9d0,0x00000000fff80000)
  to   space 16896K, 0% used [0x00000000fde80000,0x00000000fde80000,0x00000000fef00000)
 ParOldGen       total 316416K, used 109060K [0x0000000080000000, 0x0000000093500000, 0x00000000d5580000)
  object space 316416K, 34% used [0x0000000080000000,0x0000000086a811b8,0x0000000093500000)
 Metaspace       used 94119K, capacity 96585K, committed 99200K, reserved 1136640K
  class space    used 11244K, capacity 11641K, committed 12160K, reserved 1048576K
2023-04-21T00:07:13.127+0600: 2415305.210: [GC (Allocation Failure) [PSYoungGen: 675506K->8585K(681472K)] 784566K->117860K(997888K), 0.0091369 secs] [Times: user=0.02 sys=0.00, real=0.01 secs] 
Heap after GC invocations=701 (full 4):
 PSYoungGen      total 681472K, used 8585K [0x00000000d5580000, 0x00000000fff80000, 0x0000000100000000)
  eden space 664576K, 0% used [0x00000000d5580000,0x00000000d5580000,0x00000000fde80000)
  from space 16896K, 50% used [0x00000000fde80000,0x00000000fe6e2508,0x00000000fef00000)
  to   space 16384K, 0% used [0x00000000fef80000,0x00000000fef80000,0x00000000fff80000)
 ParOldGen       total 316416K, used 109275K [0x0000000080000000, 0x0000000093500000, 0x00000000d5580000)
  object space 316416K, 34% used [0x0000000080000000,0x0000000086ab6d18,0x0000000093500000)
 Metaspace       used 94119K, capacity 96585K, committed 99200K, reserved 1136640K
  class space    used 11244K, capacity 11641K, committed 12160K, reserved 1048576K
}
{Heap before GC invocations=702 (full 4):
 PSYoungGen      total 681472K, used 672871K [0x00000000d5580000, 0x00000000fff80000, 0x0000000100000000)
  eden space 664576K, 99% used [0x00000000d5580000,0x00000000fde37948,0x00000000fde80000)
  from space 16896K, 50% used [0x00000000fde80000,0x00000000fe6e2508,0x00000000fef00000)
  to   space 16384K, 0% used [0x00000000fef80000,0x00000000fef80000,0x00000000fff80000)
 ParOldGen       total 316416K, used 109275K [0x0000000080000000, 0x0000000093500000, 0x00000000d5580000)
  object space 316416K, 34% used [0x0000000080000000,0x0000000086ab6d18,0x0000000093500000)
 Metaspace       used 94119K, capacity 96585K, committed 99200K, reserved 1136640K
  class space    used 11244K, capacity 11641K, committed 12160K, reserved 1048576K
2023-04-21T00:07:17.184+0600: 2415309.266: [GC (Allocation Failure) [PSYoungGen: 672871K->10802K(680960K)] 782146K->120117K(997376K), 0.0128560 secs] [Times: user=0.02 sys=0.00, real=0.01 secs] 
Heap after GC invocations=702 (full 4):
 PSYoungGen      total 680960K, used 10802K [0x00000000d5580000, 0x00000000ffe80000, 0x0000000100000000)
  eden space 665600K, 0% used [0x00000000d5580000,0x00000000d5580000,0x00000000fdf80000)
  from space 15360K, 70% used [0x00000000fef80000,0x00000000ffa0c9c0,0x00000000ffe80000)
  to   space 15872K, 0% used [0x00000000fdf80000,0x00000000fdf80000,0x00000000fef00000)
 ParOldGen       total 316416K, used 109315K [0x0000000080000000, 0x0000000093500000, 0x00000000d5580000)
  object space 316416K, 34% used [0x0000000080000000,0x0000000086ac0d18,0x0000000093500000)
 Metaspace       used 94119K, capacity 96585K, committed 99200K, reserved 1136640K
  class space    used 11244K, capacity 11641K, committed 12160K, reserved 1048576K
}
{Heap before GC invocations=703 (full 4):
 PSYoungGen      total 680960K, used 676402K [0x00000000d5580000, 0x00000000ffe80000, 0x0000000100000000)
  eden space 665600K, 100% used [0x00000000d5580000,0x00000000fdf80000,0x00000000fdf80000)
  from space 15360K, 70% used [0x00000000fef80000,0x00000000ffa0c9c0,0x00000000ffe80000)
  to   space 15872K, 0% used [0x00000000fdf80000,0x00000000fdf80000,0x00000000fef00000)
 ParOldGen       total 316416K, used 109315K [0x0000000080000000, 0x0000000093500000, 0x00000000d5580000)
  object space 316416K, 34% used [0x0000000080000000,0x0000000086ac0d18,0x0000000093500000)
 Metaspace       used 94119K, capacity 96585K, committed 99200K, reserved 1136640K
  class space    used 11244K, capacity 11641K, committed 12160K, reserved 1048576K
2023-04-21T00:07:20.654+0600: 2415312.737: [GC (Allocation Failure) [PSYoungGen: 676402K->2208K(681472K)] 785717K->111555K(997888K), 0.0148992 secs] [Times: user=0.03 sys=0.00, real=0.01 secs] 
Heap after GC invocations=703 (full 4):
 PSYoungGen      total 681472K, used 2208K [0x00000000d5580000, 0x0000000100000000, 0x0000000100000000)
  eden space 665600K, 0% used [0x00000000d5580000,0x00000000d5580000,0x00000000fdf80000)
  from space 15872K, 13% used [0x00000000fdf80000,0x00000000fe1a8050,0x00000000fef00000)
  to   space 16896K, 0% used [0x00000000fef80000,0x00000000fef80000,0x0000000100000000)
 ParOldGen       total 316416K, used 109347K [0x0000000080000000, 0x0000000093500000, 0x00000000d5580000)
  object space 316416K, 34% used [0x0000000080000000,0x0000000086ac8d18,0x0000000093500000)
 Metaspace       used 94119K, capacity 96585K, committed 99200K, reserved 1136640K
  class space    used 11244K, capacity 11641K, committed 12160K, reserved 1048576K
}
{Heap before GC invocations=704 (full 4):
 PSYoungGen      total 681472K, used 666561K [0x00000000d5580000, 0x0000000100000000, 0x0000000100000000)
  eden space 665600K, 99% used [0x00000000d5580000,0x00000000fde486c8,0x00000000fdf80000)
  from space 15872K, 13% used [0x00000000fdf80000,0x00000000fe1a8050,0x00000000fef00000)
  to   space 16896K, 0% used [0x00000000fef80000,0x00000000fef80000,0x0000000100000000)
 ParOldGen       total 316416K, used 109347K [0x0000000080000000, 0x0000000093500000, 0x00000000d5580000)
  object space 316416K, 34% used [0x0000000080000000,0x0000000086ac8d18,0x0000000093500000)
 Metaspace       used 94119K, capacity 96585K, committed 99200K, reserved 1136640K
  class space    used 11244K, capacity 11641K, committed 12160K, reserved 1048576K
2023-04-21T00:07:24.187+0600: 2415316.269: [GC (Allocation Failure) [PSYoungGen: 666561K->14587K(679936K)] 775909K->123974K(996352K), 0.0156770 secs] [Times: user=0.03 sys=0.00, real=0.02 secs] 
Heap after GC invocations=704 (full 4):
 PSYoungGen      total 679936K, used 14587K [0x00000000d5580000, 0x0000000100000000, 0x0000000100000000)
  eden space 663040K, 0% used [0x00000000d5580000,0x00000000d5580000,0x00000000fdd00000)
  from space 16896K, 86% used [0x00000000fef80000,0x00000000ffdbee78,0x0000000100000000)
  to   space 17920K, 0% used [0x00000000fdd00000,0x00000000fdd00000,0x00000000fee80000)
 ParOldGen       total 316416K, used 109387K [0x0000000080000000, 0x0000000093500000, 0x00000000d5580000)
  object space 316416K, 34% used [0x0000000080000000,0x0000000086ad2d18,0x0000000093500000)
 Metaspace       used 94119K, capacity 96585K, committed 99200K, reserved 1136640K
  class space    used 11244K, capacity 11641K, committed 12160K, reserved 1048576K
}
{Heap before GC invocations=705 (full 4):
 PSYoungGen      total 679936K, used 676488K [0x00000000d5580000, 0x0000000100000000, 0x0000000100000000)
  eden space 663040K, 99% used [0x00000000d5580000,0x00000000fdbe3528,0x00000000fdd00000)
  from space 16896K, 86% used [0x00000000fef80000,0x00000000ffdbee78,0x0000000100000000)
  to   space 17920K, 0% used [0x00000000fdd00000,0x00000000fdd00000,0x00000000fee80000)
 ParOldGen       total 316416K, used 109387K [0x0000000080000000, 0x0000000093500000, 0x00000000d5580000)
  object space 316416K, 34% used [0x0000000080000000,0x0000000086ad2d18,0x0000000093500000)
 Metaspace       used 94119K, capacity 96585K, committed 99200K, reserved 1136640K
  class space    used 11244K, capacity 11641K, committed 12160K, reserved 1048576K
2023-04-21T00:07:27.515+0600: 2415319.598: [GC (Allocation Failure) [PSYoungGen: 676488K->6149K(680960K)] 785876K->115584K(997376K), 0.0153806 secs] [Times: user=0.02 sys=0.00, real=0.02 secs] 
Heap after GC invocations=705 (full 4):
 PSYoungGen      total 680960K, used 6149K [0x00000000d5580000, 0x0000000100000000, 0x0000000100000000)
  eden space 663040K, 0% used [0x00000000d5580000,0x00000000d5580000,0x00000000fdd00000)
  from space 17920K, 34% used [0x00000000fdd00000,0x00000000fe3014c8,0x00000000fee80000)
  to   space 17920K, 0% used [0x00000000fee80000,0x00000000fee80000,0x0000000100000000)
 ParOldGen       total 316416K, used 109435K [0x0000000080000000, 0x0000000093500000, 0x00000000d5580000)
  object space 316416K, 34% used [0x0000000080000000,0x0000000086adec68,0x0000000093500000)
 Metaspace       used 94119K, capacity 96585K, committed 99200K, reserved 1136640K
  class space    used 11244K, capacity 11641K, committed 12160K, reserved 1048576K
}
{Heap before GC invocations=706 (full 4):
 PSYoungGen      total 680960K, used 665534K [0x00000000d5580000, 0x0000000100000000, 0x0000000100000000)
  eden space 663040K, 99% used [0x00000000d5580000,0x00000000fd96e590,0x00000000fdd00000)
  from space 17920K, 34% used [0x00000000fdd00000,0x00000000fe3014c8,0x00000000fee80000)
  to   space 17920K, 0% used [0x00000000fee80000,0x00000000fee80000,0x0000000100000000)
 ParOldGen       total 316416K, used 109435K [0x0000000080000000, 0x0000000093500000, 0x00000000d5580000)
  object space 316416K, 34% used [0x0000000080000000,0x0000000086adec68,0x0000000093500000)
 Metaspace       used 94119K, capacity 96585K, committed 99200K, reserved 1136640K
  class space    used 11244K, capacity 11641K, committed 12160K, reserved 1048576K
2023-04-21T00:07:31.080+0600: 2415323.163: [GC (Allocation Failure) [PSYoungGen: 665534K->14459K(678912K)] 774969K->124038K(995328K), 0.0141542 secs] [Times: user=0.02 sys=0.00, real=0.01 secs] 
Heap after GC invocations=706 (full 4):
 PSYoungGen      total 678912K, used 14459K [0x00000000d5580000, 0x0000000100000000, 0x0000000100000000)
  eden space 660992K, 0% used [0x00000000d5580000,0x00000000d5580000,0x00000000fdb00000)
  from space 17920K, 80% used [0x00000000fee80000,0x00000000ffc9ee68,0x0000000100000000)
  to   space 18944K, 0% used [0x00000000fdb00000,0x00000000fdb00000,0x00000000fed80000)
 ParOldGen       total 316416K, used 109578K [0x0000000080000000, 0x0000000093500000, 0x00000000d5580000)
  object space 316416K, 34% used [0x0000000080000000,0x0000000086b02a88,0x0000000093500000)
 Metaspace       used 94119K, capacity 96585K, committed 99200K, reserved 1136640K
  class space    used 11244K, capacity 11641K, committed 12160K, reserved 1048576K
}
{Heap before GC invocations=707 (full 4):
 PSYoungGen      total 678912K, used 674950K [0x00000000d5580000, 0x0000000100000000, 0x0000000100000000)
  eden space 660992K, 99% used [0x00000000d5580000,0x00000000fda82a98,0x00000000fdb00000)
  from space 17920K, 80% used [0x00000000fee80000,0x00000000ffc9ee68,0x0000000100000000)
  to   space 18944K, 0% used [0x00000000fdb00000,0x00000000fdb00000,0x00000000fed80000)
 ParOldGen       total 316416K, used 109578K [0x0000000080000000, 0x0000000093500000, 0x00000000d5580000)
  object space 316416K, 34% used [0x0000000080000000,0x0000000086b02a88,0x0000000093500000)
 Metaspace       used 94119K, capacity 96585K, committed 99200K, reserved 1136640K
  class space    used 11244K, capacity 11641K, committed 12160K, reserved 1048576K
2023-04-21T00:07:34.493+0600: 2415326.576: [GC (Allocation Failure) [PSYoungGen: 674950K->6021K(679936K)] 784528K->115631K(996352K), 0.0107747 secs] [Times: user=0.02 sys=0.00, real=0.01 secs] 
Heap after GC invocations=707 (full 4):
 PSYoungGen      total 679936K, used 6021K [0x00000000d5580000, 0x0000000100000000, 0x0000000100000000)
  eden space 660992K, 0% used [0x00000000d5580000,0x00000000d5580000,0x00000000fdb00000)
  from space 18944K, 31% used [0x00000000fdb00000,0x00000000fe0e14b8,0x00000000fed80000)
  to   space 18944K, 0% used [0x00000000fed80000,0x00000000fed80000,0x0000000100000000)
 ParOldGen       total 316416K, used 109610K [0x0000000080000000, 0x0000000093500000, 0x00000000d5580000)
  object space 316416K, 34% used [0x0000000080000000,0x0000000086b0aa88,0x0000000093500000)
 Metaspace       used 94119K, capacity 96585K, committed 99200K, reserved 1136640K
  class space    used 11244K, capacity 11641K, committed 12160K, reserved 1048576K
}
{Heap before GC invocations=708 (full 4):
 PSYoungGen      total 679936K, used 666035K [0x00000000d5580000, 0x0000000100000000, 0x0000000100000000)
  eden space 660992K, 99% used [0x00000000d5580000,0x00000000fda0b850,0x00000000fdb00000)
  from space 18944K, 31% used [0x00000000fdb00000,0x00000000fe0e14b8,0x00000000fed80000)
  to   space 18944K, 0% used [0x00000000fed80000,0x00000000fed80000,0x0000000100000000)
 ParOldGen       total 316416K, used 109610K [0x0000000080000000, 0x0000000093500000, 0x00000000d5580000)
  object space 316416K, 34% used [0x0000000080000000,0x0000000086b0aa88,0x0000000093500000)
 Metaspace       used 94119K, capacity 96585K, committed 99200K, reserved 1136640K
  class space    used 11244K, capacity 11641K, committed 12160K, reserved 1048576K
2023-04-21T00:07:38.413+0600: 2415330.496: [GC (Allocation Failure) [PSYoungGen: 666035K->14523K(678912K)] 775645K->124182K(995328K), 0.0159764 secs] [Times: user=0.03 sys=0.00, real=0.01 secs] 
Heap after GC invocations=708 (full 4):
 PSYoungGen      total 678912K, used 14523K [0x00000000d5580000, 0x0000000100000000, 0x0000000100000000)
  eden space 659968K, 0% used [0x00000000d5580000,0x00000000d5580000,0x00000000fda00000)
  from space 18944K, 76% used [0x00000000fed80000,0x00000000ffbaee68,0x0000000100000000)
  to   space 19456K, 0% used [0x00000000fda00000,0x00000000fda00000,0x00000000fed00000)
 ParOldGen       total 316416K, used 109658K [0x0000000080000000, 0x0000000093500000, 0x00000000d5580000)
  object space 316416K, 34% used [0x0000000080000000,0x0000000086b169d8,0x0000000093500000)
 Metaspace       used 94119K, capacity 96585K, committed 99200K, reserved 1136640K
  class space    used 11244K, capacity 11641K, committed 12160K, reserved 1048576K
}
{Heap before GC invocations=709 (full 4):
 PSYoungGen      total 678912K, used 674207K [0x00000000d5580000, 0x0000000100000000, 0x0000000100000000)
  eden space 659968K, 99% used [0x00000000d5580000,0x00000000fd9b8e10,0x00000000fda00000)
  from space 18944K, 76% used [0x00000000fed80000,0x00000000ffbaee68,0x0000000100000000)
  to   space 19456K, 0% used [0x00000000fda00000,0x00000000fda00000,0x00000000fed00000)
 ParOldGen       total 316416K, used 109658K [0x0000000080000000, 0x0000000093500000, 0x00000000d5580000)
  object space 316416K, 34% used [0x0000000080000000,0x0000000086b169d8,0x0000000093500000)
 Metaspace       used 94119K, capacity 96585K, committed 99200K, reserved 1136640K
  class space    used 11244K, capacity 11641K, committed 12160K, reserved 1048576K
2023-04-21T00:07:41.798+0600: 2415333.881: [GC (Allocation Failure) [PSYoungGen: 674207K->5348K(679424K)] 783865K->115031K(995840K), 0.0145547 secs] [Times: user=0.02 sys=0.00, real=0.02 secs] 
Heap after GC invocations=709 (full 4):
 PSYoungGen      total 679424K, used 5348K [0x00000000d5580000, 0x0000000100000000, 0x0000000100000000)
  eden space 659968K, 0% used [0x00000000d5580000,0x00000000d5580000,0x00000000fda00000)
  from space 19456K, 27% used [0x00000000fda00000,0x00000000fdf39338,0x00000000fed00000)
  to   space 19456K, 0% used [0x00000000fed00000,0x00000000fed00000,0x0000000100000000)
 ParOldGen       total 316416K, used 109682K [0x0000000080000000, 0x0000000093500000, 0x00000000d5580000)
  object space 316416K, 34% used [0x0000000080000000,0x0000000086b1c9d8,0x0000000093500000)
 Metaspace       used 94119K, capacity 96585K, committed 99200K, reserved 1136640K
  class space    used 11244K, capacity 11641K, committed 12160K, reserved 1048576K
}
{Heap before GC invocations=710 (full 4):
 PSYoungGen      total 679424K, used 664832K [0x00000000d5580000, 0x0000000100000000, 0x0000000100000000)
  eden space 659968K, 99% used [0x00000000d5580000,0x00000000fd986cd0,0x00000000fda00000)
  from space 19456K, 27% used [0x00000000fda00000,0x00000000fdf39338,0x00000000fed00000)
  to   space 19456K, 0% used [0x00000000fed00000,0x00000000fed00000,0x0000000100000000)
 ParOldGen       total 316416K, used 109682K [0x0000000080000000, 0x0000000093500000, 0x00000000d5580000)
  object space 316416K, 34% used [0x0000000080000000,0x0000000086b1c9d8,0x0000000093500000)
 Metaspace       used 94119K, capacity 96585K, committed 99200K, reserved 1136640K
  class space    used 11244K, capacity 11641K, committed 12160K, reserved 1048576K
2023-04-21T00:07:45.380+0600: 2415337.462: [GC (Allocation Failure) [PSYoungGen: 664832K->14523K(677376K)] 774514K->124246K(993792K), 0.0144838 secs] [Times: user=0.03 sys=0.00, real=0.01 secs] 
Heap after GC invocations=710 (full 4):
 PSYoungGen      total 677376K, used 14523K [0x00000000d5580000, 0x0000000100000000, 0x0000000100000000)
  eden space 657920K, 0% used [0x00000000d5580000,0x00000000d5580000,0x00000000fd800000)
  from space 19456K, 74% used [0x00000000fed00000,0x00000000ffb2ee68,0x0000000100000000)
  to   space 20480K, 0% used [0x00000000fd800000,0x00000000fd800000,0x00000000fec00000)
 ParOldGen       total 316416K, used 109722K [0x0000000080000000, 0x0000000093500000, 0x00000000d5580000)
  object space 316416K, 34% used [0x0000000080000000,0x0000000086b269d8,0x0000000093500000)
 Metaspace       used 94119K, capacity 96585K, committed 99200K, reserved 1136640K
  class space    used 11244K, capacity 11641K, committed 12160K, reserved 1048576K
}
{Heap before GC invocations=711 (full 4):
 PSYoungGen      total 677376K, used 672443K [0x00000000d5580000, 0x0000000100000000, 0x0000000100000000)
  eden space 657920K, 100% used [0x00000000d5580000,0x00000000fd800000,0x00000000fd800000)
  from space 19456K, 74% used [0x00000000fed00000,0x00000000ffb2ee68,0x0000000100000000)
  to   space 20480K, 0% used [0x00000000fd800000,0x00000000fd800000,0x00000000fec00000)
 ParOldGen       total 316416K, used 109722K [0x0000000080000000, 0x0000000093500000, 0x00000000d5580000)
  object space 316416K, 34% used [0x0000000080000000,0x0000000086b269d8,0x0000000093500000)
 Metaspace       used 94119K, capacity 96585K, committed 99200K, reserved 1136640K
  class space    used 11244K, capacity 11641K, committed 12160K, reserved 1048576K
2023-04-21T00:07:49.100+0600: 2415341.183: [GC (Allocation Failure) [PSYoungGen: 672443K->2304K(678400K)] 782166K->112066K(994816K), 0.0093183 secs] [Times: user=0.02 sys=0.00, real=0.01 secs] 
Heap after GC invocations=711 (full 4):
 PSYoungGen      total 678400K, used 2304K [0x00000000d5580000, 0x0000000100000000, 0x0000000100000000)
  eden space 657920K, 0% used [0x00000000d5580000,0x00000000d5580000,0x00000000fd800000)
  from space 20480K, 11% used [0x00000000fd800000,0x00000000fda40050,0x00000000fec00000)
  to   space 20480K, 0% used [0x00000000fec00000,0x00000000fec00000,0x0000000100000000)
 ParOldGen       total 316416K, used 109762K [0x0000000080000000, 0x0000000093500000, 0x00000000d5580000)
  object space 316416K, 34% used [0x0000000080000000,0x0000000086b30928,0x0000000093500000)
 Metaspace       used 94119K, capacity 96585K, committed 99200K, reserved 1136640K
  class space    used 11244K, capacity 11641K, committed 12160K, reserved 1048576K
}
{Heap before GC invocations=712 (full 4):
 PSYoungGen      total 678400K, used 657141K [0x00000000d5580000, 0x0000000100000000, 0x0000000100000000)
  eden space 657920K, 99% used [0x00000000d5580000,0x00000000fd4fd590,0x00000000fd800000)
  from space 20480K, 11% used [0x00000000fd800000,0x00000000fda40050,0x00000000fec00000)
  to   space 20480K, 0% used [0x00000000fec00000,0x00000000fec00000,0x0000000100000000)
 ParOldGen       total 316416K, used 109762K [0x0000000080000000, 0x0000000093500000, 0x00000000d5580000)
  object space 316416K, 34% used [0x0000000080000000,0x0000000086b30928,0x0000000093500000)
 Metaspace       used 94119K, capacity 96585K, committed 99200K, reserved 1136640K
  class space    used 11244K, capacity 11641K, committed 12160K, reserved 1048576K
2023-04-21T00:07:52.766+0600: 2415344.849: [GC (Allocation Failure) [PSYoungGen: 657141K->10706K(677376K)] 766903K->120620K(993792K), 0.0139867 secs] [Times: user=0.03 sys=0.00, real=0.02 secs] 
Heap after GC invocations=712 (full 4):
 PSYoungGen      total 677376K, used 10706K [0x00000000d5580000, 0x00000000fff00000, 0x0000000100000000)
  eden space 657920K, 0% used [0x00000000d5580000,0x00000000d5580000,0x00000000fd800000)
  from space 19456K, 55% used [0x00000000fec00000,0x00000000ff6749b0,0x00000000fff00000)
  to   space 19968K, 0% used [0x00000000fd800000,0x00000000fd800000,0x00000000feb80000)
 ParOldGen       total 316416K, used 109913K [0x0000000080000000, 0x0000000093500000, 0x00000000d5580000)
  object space 316416K, 34% used [0x0000000080000000,0x0000000086b56748,0x0000000093500000)
 Metaspace       used 94119K, capacity 96585K, committed 99200K, reserved 1136640K
  class space    used 11244K, capacity 11641K, committed 12160K, reserved 1048576K
}
{Heap before GC invocations=713 (full 4):
 PSYoungGen      total 677376K, used 668626K [0x00000000d5580000, 0x00000000fff00000, 0x0000000100000000)
  eden space 657920K, 100% used [0x00000000d5580000,0x00000000fd800000,0x00000000fd800000)
  from space 19456K, 55% used [0x00000000fec00000,0x00000000ff6749b0,0x00000000fff00000)
  to   space 19968K, 0% used [0x00000000fd800000,0x00000000fd800000,0x00000000feb80000)
 ParOldGen       total 316416K, used 109913K [0x0000000080000000, 0x0000000093500000, 0x00000000d5580000)
  object space 316416K, 34% used [0x0000000080000000,0x0000000086b56748,0x0000000093500000)
 Metaspace       used 94119K, capacity 96585K, committed 99200K, reserved 1136640K
  class space    used 11244K, capacity 11641K, committed 12160K, reserved 1048576K
2023-04-21T00:07:55.703+0600: 2415347.786: [GC (Allocation Failure) [PSYoungGen: 668626K->1376K(677888K)] 778540K->111433K(994304K), 0.0085432 secs] [Times: user=0.02 sys=0.00, real=0.01 secs] 
Heap after GC invocations=713 (full 4):
 PSYoungGen      total 677888K, used 1376K [0x00000000d5580000, 0x0000000100000000, 0x0000000100000000)
  eden space 657920K, 0% used [0x00000000d5580000,0x00000000d5580000,0x00000000fd800000)
  from space 19968K, 6% used [0x00000000fd800000,0x00000000fd958020,0x00000000feb80000)
  to   space 20480K, 0% used [0x00000000fec00000,0x00000000fec00000,0x0000000100000000)
 ParOldGen       total 316416K, used 110057K [0x0000000080000000, 0x0000000093500000, 0x00000000d5580000)
  object space 316416K, 34% used [0x0000000080000000,0x0000000086b7a568,0x0000000093500000)
 Metaspace       used 94119K, capacity 96585K, committed 99200K, reserved 1136640K
  class space    used 11244K, capacity 11641K, committed 12160K, reserved 1048576K
}
{Heap before GC invocations=714 (full 4):
 PSYoungGen      total 677888K, used 658635K [0x00000000d5580000, 0x0000000100000000, 0x0000000100000000)
  eden space 657920K, 99% used [0x00000000d5580000,0x00000000fd75af08,0x00000000fd800000)
  from space 19968K, 6% used [0x00000000fd800000,0x00000000fd958020,0x00000000feb80000)
  to   space 20480K, 0% used [0x00000000fec00000,0x00000000fec00000,0x0000000100000000)
 ParOldGen       total 316416K, used 110057K [0x0000000080000000, 0x0000000093500000, 0x00000000d5580000)
  object space 316416K, 34% used [0x0000000080000000,0x0000000086b7a568,0x0000000093500000)
 Metaspace       used 94119K, capacity 96585K, committed 99200K, reserved 1136640K
  class space    used 11244K, capacity 11641K, committed 12160K, reserved 1048576K
2023-04-21T00:07:59.622+0600: 2415351.704: [GC (Allocation Failure) [PSYoungGen: 658635K->14363K(676352K)] 768693K->124468K(992768K), 0.0155811 secs] [Times: user=0.03 sys=0.00, real=0.01 secs] 
Heap after GC invocations=714 (full 4):
 PSYoungGen      total 676352K, used 14363K [0x00000000d5580000, 0x0000000100000000, 0x0000000100000000)
  eden space 655872K, 0% used [0x00000000d5580000,0x00000000d5580000,0x00000000fd600000)
  from space 20480K, 70% used [0x00000000fec00000,0x00000000ffa06e58,0x0000000100000000)
  to   space 21504K, 0% used [0x00000000fd600000,0x00000000fd600000,0x00000000feb00000)
 ParOldGen       total 316416K, used 110105K [0x0000000080000000, 0x0000000093500000, 0x00000000d5580000)
  object space 316416K, 34% used [0x0000000080000000,0x0000000086b864b8,0x0000000093500000)
 Metaspace       used 94119K, capacity 96585K, committed 99200K, reserved 1136640K
  class space    used 11244K, capacity 11641K, committed 12160K, reserved 1048576K
}
{Heap before GC invocations=715 (full 4):
 PSYoungGen      total 676352K, used 670235K [0x00000000d5580000, 0x0000000100000000, 0x0000000100000000)
  eden space 655872K, 100% used [0x00000000d5580000,0x00000000fd600000,0x00000000fd600000)
  from space 20480K, 70% used [0x00000000fec00000,0x00000000ffa06e58,0x0000000100000000)
  to   space 21504K, 0% used [0x00000000fd600000,0x00000000fd600000,0x00000000feb00000)
 ParOldGen       total 316416K, used 110105K [0x0000000080000000, 0x0000000093500000, 0x00000000d5580000)
  object space 316416K, 34% used [0x0000000080000000,0x0000000086b864b8,0x0000000093500000)
 Metaspace       used 94119K, capacity 96585K, committed 99200K, reserved 1136640K
  class space    used 11244K, capacity 11641K, committed 12160K, reserved 1048576K
2023-04-21T00:08:02.598+0600: 2415354.681: [GC (Allocation Failure) [PSYoungGen: 670235K->8745K(677376K)] 780340K->118874K(993792K), 0.0085878 secs] [Times: user=0.01 sys=0.00, real=0.01 secs] 
Heap after GC invocations=715 (full 4):
 PSYoungGen      total 677376K, used 8745K [0x00000000d5580000, 0x00000000fff00000, 0x0000000100000000)
  eden space 655872K, 0% used [0x00000000d5580000,0x00000000d5580000,0x00000000fd600000)
  from space 21504K, 40% used [0x00000000fd600000,0x00000000fde8a4e8,0x00000000feb00000)
  to   space 20480K, 0% used [0x00000000feb00000,0x00000000feb00000,0x00000000fff00000)
 ParOldGen       total 316416K, used 110129K [0x0000000080000000, 0x0000000093500000, 0x00000000d5580000)
  object space 316416K, 34% used [0x0000000080000000,0x0000000086b8c4b8,0x0000000093500000)
 Metaspace       used 94119K, capacity 96585K, committed 99200K, reserved 1136640K
  class space    used 11244K, capacity 11641K, committed 12160K, reserved 1048576K
}
{Heap before GC invocations=716 (full 4):
 PSYoungGen      total 677376K, used 664268K [0x00000000d5580000, 0x00000000fff00000, 0x0000000100000000)
  eden space 655872K, 99% used [0x00000000d5580000,0x00000000fd5a8f08,0x00000000fd600000)
  from space 21504K, 40% used [0x00000000fd600000,0x00000000fde8a4e8,0x00000000feb00000)
  to   space 20480K, 0% used [0x00000000feb00000,0x00000000feb00000,0x00000000fff00000)
 ParOldGen       total 316416K, used 110129K [0x0000000080000000, 0x0000000093500000, 0x00000000d5580000)
  object space 316416K, 34% used [0x0000000080000000,0x0000000086b8c4b8,0x0000000093500000)
 Metaspace       used 94119K, capacity 96585K, committed 99200K, reserved 1136640K
  class space    used 11244K, capacity 11641K, committed 12160K, reserved 1048576K
2023-04-21T00:08:06.605+0600: 2415358.688: [GC (Allocation Failure) [PSYoungGen: 664268K->14331K(676864K)] 774398K->124548K(993280K), 0.0151812 secs] [Times: user=0.02 sys=0.00, real=0.02 secs] 
Heap after GC invocations=716 (full 4):
 PSYoungGen      total 676864K, used 14331K [0x00000000d5580000, 0x0000000100000000, 0x0000000100000000)
  eden space 656384K, 0% used [0x00000000d5580000,0x00000000d5580000,0x00000000fd680000)
  from space 20480K, 69% used [0x00000000feb00000,0x00000000ff8fee48,0x00000000fff00000)
  to   space 20992K, 0% used [0x00000000fd680000,0x00000000fd680000,0x00000000feb00000)
 ParOldGen       total 316416K, used 110216K [0x0000000080000000, 0x0000000093500000, 0x00000000d5580000)
  object space 316416K, 34% used [0x0000000080000000,0x0000000086ba2358,0x0000000093500000)
 Metaspace       used 94119K, capacity 96585K, committed 99200K, reserved 1136640K
  class space    used 11244K, capacity 11641K, committed 12160K, reserved 1048576K
}
{Heap before GC invocations=717 (full 4):
 PSYoungGen      total 676864K, used 670715K [0x00000000d5580000, 0x0000000100000000, 0x0000000100000000)
  eden space 656384K, 100% used [0x00000000d5580000,0x00000000fd680000,0x00000000fd680000)
  from space 20480K, 69% used [0x00000000feb00000,0x00000000ff8fee48,0x00000000fff00000)
  to   space 20992K, 0% used [0x00000000fd680000,0x00000000fd680000,0x00000000feb00000)
 ParOldGen       total 316416K, used 110216K [0x0000000080000000, 0x0000000093500000, 0x00000000d5580000)
  object space 316416K, 34% used [0x0000000080000000,0x0000000086ba2358,0x0000000093500000)
 Metaspace       used 94119K, capacity 96585K, committed 99200K, reserved 1136640K
  class space    used 11244K, capacity 11641K, committed 12160K, reserved 1048576K
2023-04-21T00:08:09.578+0600: 2415361.661: [GC (Allocation Failure) [PSYoungGen: 670715K->1472K(677376K)] 780932K->111712K(993792K), 0.0075420 secs] [Times: user=0.01 sys=0.00, real=0.01 secs] 
Heap after GC invocations=717 (full 4):
 PSYoungGen      total 677376K, used 1472K [0x00000000d5580000, 0x0000000100000000, 0x0000000100000000)
  eden space 656384K, 0% used [0x00000000d5580000,0x00000000d5580000,0x00000000fd680000)
  from space 20992K, 7% used [0x00000000fd680000,0x00000000fd7f0010,0x00000000feb00000)
  to   space 21504K, 0% used [0x00000000feb00000,0x00000000feb00000,0x0000000100000000)
 ParOldGen       total 316416K, used 110240K [0x0000000080000000, 0x0000000093500000, 0x00000000d5580000)
  object space 316416K, 34% used [0x0000000080000000,0x0000000086ba8358,0x0000000093500000)
 Metaspace       used 94119K, capacity 96585K, committed 99200K, reserved 1136640K
  class space    used 11244K, capacity 11641K, committed 12160K, reserved 1048576K
}
{Heap before GC invocations=718 (full 4):
 PSYoungGen      total 677376K, used 657615K [0x00000000d5580000, 0x0000000100000000, 0x0000000100000000)
  eden space 656384K, 99% used [0x00000000d5580000,0x00000000fd643c28,0x00000000fd680000)
  from space 20992K, 7% used [0x00000000fd680000,0x00000000fd7f0010,0x00000000feb00000)
  to   space 21504K, 0% used [0x00000000feb00000,0x00000000feb00000,0x0000000100000000)
 ParOldGen       total 316416K, used 110240K [0x0000000080000000, 0x0000000093500000, 0x00000000d5580000)
  object space 316416K, 34% used [0x0000000080000000,0x0000000086ba8358,0x0000000093500000)
 Metaspace       used 94119K, capacity 96585K, committed 99200K, reserved 1136640K
  class space    used 11244K, capacity 11641K, committed 12160K, reserved 1048576K
2023-04-21T00:08:13.284+0600: 2415365.367: [GC (Allocation Failure) [PSYoungGen: 657615K->14398K(676352K)] 767855K->124687K(992768K), 0.0131460 secs] [Times: user=0.03 sys=0.00, real=0.01 secs] 
Heap after GC invocations=718 (full 4):
 PSYoungGen      total 676352K, used 14398K [0x00000000d5580000, 0x0000000100000000, 0x0000000100000000)
  eden space 654848K, 0% used [0x00000000d5580000,0x00000000d5580000,0x00000000fd500000)
  from space 21504K, 66% used [0x00000000feb00000,0x00000000ff90f9a0,0x0000000100000000)
  to   space 22016K, 0% used [0x00000000fd500000,0x00000000fd500000,0x00000000fea80000)
 ParOldGen       total 316416K, used 110288K [0x0000000080000000, 0x0000000093500000, 0x00000000d5580000)
  object space 316416K, 34% used [0x0000000080000000,0x0000000086bb42a8,0x0000000093500000)
 Metaspace       used 94119K, capacity 96585K, committed 99200K, reserved 1136640K
  class space    used 11244K, capacity 11641K, committed 12160K, reserved 1048576K
}
{Heap before GC invocations=719 (full 4):
 PSYoungGen      total 676352K, used 669246K [0x00000000d5580000, 0x0000000100000000, 0x0000000100000000)
  eden space 654848K, 100% used [0x00000000d5580000,0x00000000fd500000,0x00000000fd500000)
  from space 21504K, 66% used [0x00000000feb00000,0x00000000ff90f9a0,0x0000000100000000)
  to   space 22016K, 0% used [0x00000000fd500000,0x00000000fd500000,0x00000000fea80000)
 ParOldGen       total 316416K, used 110288K [0x0000000080000000, 0x0000000093500000, 0x00000000d5580000)
  object space 316416K, 34% used [0x0000000080000000,0x0000000086bb42a8,0x0000000093500000)
 Metaspace       used 94119K, capacity 96585K, committed 99200K, reserved 1136640K
  class space    used 11244K, capacity 11641K, committed 12160K, reserved 1048576K
2023-04-21T00:08:16.268+0600: 2415368.351: [GC (Allocation Failure) [PSYoungGen: 669246K->8553K(663552K)] 779535K->118857K(979968K), 0.0084482 secs] [Times: user=0.01 sys=0.00, real=0.01 secs] 
Heap after GC invocations=719 (full 4):
 PSYoungGen      total 663552K, used 8553K [0x00000000d5580000, 0x00000000ffe80000, 0x0000000100000000)
  eden space 654848K, 0% used [0x00000000d5580000,0x00000000d5580000,0x00000000fd500000)
  from space 8704K, 98% used [0x00000000fd500000,0x00000000fdd5a4d8,0x00000000fdd80000)
  to   space 20992K, 0% used [0x00000000fea00000,0x00000000fea00000,0x00000000ffe80000)
 ParOldGen       total 316416K, used 110304K [0x0000000080000000, 0x0000000093500000, 0x00000000d5580000)
  object space 316416K, 34% used [0x0000000080000000,0x0000000086bb82a8,0x0000000093500000)
 Metaspace       used 94119K, capacity 96585K, committed 99200K, reserved 1136640K
  class space    used 11244K, capacity 11641K, committed 12160K, reserved 1048576K
}
{Heap before GC invocations=720 (full 4):
 PSYoungGen      total 663552K, used 661531K [0x00000000d5580000, 0x00000000ffe80000, 0x0000000100000000)
  eden space 654848K, 99% used [0x00000000d5580000,0x00000000fd32c948,0x00000000fd500000)
  from space 8704K, 98% used [0x00000000fd500000,0x00000000fdd5a4d8,0x00000000fdd80000)
  to   space 20992K, 0% used [0x00000000fea00000,0x00000000fea00000,0x00000000ffe80000)
 ParOldGen       total 316416K, used 110304K [0x0000000080000000, 0x0000000093500000, 0x00000000d5580000)
  object space 316416K, 34% used [0x0000000080000000,0x0000000086bb82a8,0x0000000093500000)
 Metaspace       used 94119K, capacity 96585K, committed 99200K, reserved 1136640K
  class space    used 11244K, capacity 11641K, committed 12160K, reserved 1048576K
2023-04-21T00:08:20.235+0600: 2415372.318: [GC (Allocation Failure) [PSYoungGen: 661531K->14299K(675328K)] 771836K->124644K(991744K), 0.0132100 secs] [Times: user=0.02 sys=0.00, real=0.01 secs] 
Heap after GC invocations=720 (full 4):
 PSYoungGen      total 675328K, used 14299K [0x00000000d5580000, 0x0000000100000000, 0x0000000100000000)
  eden space 654336K, 0% used [0x00000000d5580000,0x00000000d5580000,0x00000000fd480000)
  from space 20992K, 68% used [0x00000000fea00000,0x00000000ff7f6e48,0x00000000ffe80000)
  to   space 22016K, 0% used [0x00000000fd480000,0x00000000fd480000,0x00000000fea00000)
 ParOldGen       total 316416K, used 110344K [0x0000000080000000, 0x0000000093500000, 0x00000000d5580000)
  object space 316416K, 34% used [0x0000000080000000,0x0000000086bc22a8,0x0000000093500000)
 Metaspace       used 94119K, capacity 96585K, committed 99200K, reserved 1136640K
  class space    used 11244K, capacity 11641K, committed 12160K, reserved 1048576K
}
{Heap before GC invocations=721 (full 4):
 PSYoungGen      total 675328K, used 668635K [0x00000000d5580000, 0x0000000100000000, 0x0000000100000000)
  eden space 654336K, 100% used [0x00000000d5580000,0x00000000fd480000,0x00000000fd480000)
  from space 20992K, 68% used [0x00000000fea00000,0x00000000ff7f6e48,0x00000000ffe80000)
  to   space 22016K, 0% used [0x00000000fd480000,0x00000000fd480000,0x00000000fea00000)
 ParOldGen       total 316416K, used 110344K [0x0000000080000000, 0x0000000093500000, 0x00000000d5580000)
  object space 316416K, 34% used [0x0000000080000000,0x0000000086bc22a8,0x0000000093500000)
 Metaspace       used 94119K, capacity 96585K, committed 99200K, reserved 1136640K
  class space    used 11244K, capacity 11641K, committed 12160K, reserved 1048576K
2023-04-21T00:08:23.266+0600: 2415375.349: [GC (Allocation Failure) [PSYoungGen: 668635K->8585K(676352K)] 778980K->118969K(992768K), 0.0088282 secs] [Times: user=0.02 sys=0.00, real=0.01 secs] 
Heap after GC invocations=721 (full 4):
 PSYoungGen      total 676352K, used 8585K [0x00000000d5580000, 0x00000000fff00000, 0x0000000100000000)
  eden space 654336K, 0% used [0x00000000d5580000,0x00000000d5580000,0x00000000fd480000)
  from space 22016K, 38% used [0x00000000fd480000,0x00000000fdce24d8,0x00000000fea00000)
  to   space 20992K, 0% used [0x00000000fea80000,0x00000000fea80000,0x00000000fff00000)
 ParOldGen       total 316416K, used 110384K [0x0000000080000000, 0x0000000093500000, 0x00000000d5580000)
  object space 316416K, 34% used [0x0000000080000000,0x0000000086bcc1f8,0x0000000093500000)
 Metaspace       used 94119K, capacity 96585K, committed 99200K, reserved 1136640K
  class space    used 11244K, capacity 11641K, committed 12160K, reserved 1048576K
}
{Heap before GC invocations=722 (full 4):
 PSYoungGen      total 676352K, used 661825K [0x00000000d5580000, 0x00000000fff00000, 0x0000000100000000)
  eden space 654336K, 99% used [0x00000000d5580000,0x00000000fd36e1a0,0x00000000fd480000)
  from space 22016K, 38% used [0x00000000fd480000,0x00000000fdce24d8,0x00000000fea00000)
  to   space 20992K, 0% used [0x00000000fea80000,0x00000000fea80000,0x00000000fff00000)
 ParOldGen       total 316416K, used 110384K [0x0000000080000000, 0x0000000093500000, 0x00000000d5580000)
  object space 316416K, 34% used [0x0000000080000000,0x0000000086bcc1f8,0x0000000093500000)
 Metaspace       used 94119K, capacity 96585K, committed 99200K, reserved 1136640K
  class space    used 11244K, capacity 11641K, committed 12160K, reserved 1048576K
2023-04-21T00:08:27.192+0600: 2415379.274: [GC (Allocation Failure) [PSYoungGen: 661825K->14299K(676352K)] 772210K->124724K(992768K), 0.0102178 secs] [Times: user=0.02 sys=0.00, real=0.01 secs] 
Heap after GC invocations=722 (full 4):
 PSYoungGen      total 676352K, used 14299K [0x00000000d5580000, 0x0000000100000000, 0x0000000100000000)
  eden space 655360K, 0% used [0x00000000d5580000,0x00000000d5580000,0x00000000fd580000)
  from space 20992K, 68% used [0x00000000fea80000,0x00000000ff876e48,0x00000000fff00000)
  to   space 21504K, 0% used [0x00000000fd580000,0x00000000fd580000,0x00000000fea80000)
 ParOldGen       total 316416K, used 110424K [0x0000000080000000, 0x0000000093500000, 0x00000000d5580000)
  object space 316416K, 34% used [0x0000000080000000,0x0000000086bd61f8,0x0000000093500000)
 Metaspace       used 94119K, capacity 96585K, committed 99200K, reserved 1136640K
  class space    used 11244K, capacity 11641K, committed 12160K, reserved 1048576K
}
{Heap before GC invocations=723 (full 4):
 PSYoungGen      total 676352K, used 669659K [0x00000000d5580000, 0x0000000100000000, 0x0000000100000000)
  eden space 655360K, 100% used [0x00000000d5580000,0x00000000fd580000,0x00000000fd580000)
  from space 20992K, 68% used [0x00000000fea80000,0x00000000ff876e48,0x00000000fff00000)
  to   space 21504K, 0% used [0x00000000fd580000,0x00000000fd580000,0x00000000fea80000)
 ParOldGen       total 316416K, used 110424K [0x0000000080000000, 0x0000000093500000, 0x00000000d5580000)
  object space 316416K, 34% used [0x0000000080000000,0x0000000086bd61f8,0x0000000093500000)
 Metaspace       used 94119K, capacity 96585K, committed 99200K, reserved 1136640K
  class space    used 11244K, capacity 11641K, committed 12160K, reserved 1048576K
2023-04-21T00:08:30.422+0600: 2415382.505: [GC (Allocation Failure) [PSYoungGen: 669659K->8489K(676864K)] 780084K->118993K(993280K), 0.0082640 secs] [Times: user=0.02 sys=0.00, real=0.01 secs] 
Heap after GC invocations=723 (full 4):
 PSYoungGen      total 676864K, used 8489K [0x00000000d5580000, 0x00000000ffe80000, 0x0000000100000000)
  eden space 655360K, 0% used [0x00000000d5580000,0x00000000d5580000,0x00000000fd580000)
  from space 21504K, 39% used [0x00000000fd580000,0x00000000fddca4d8,0x00000000fea80000)
  to   space 20480K, 0% used [0x00000000fea80000,0x00000000fea80000,0x00000000ffe80000)
 ParOldGen       total 316416K, used 110504K [0x0000000080000000, 0x0000000093500000, 0x00000000d5580000)
  object space 316416K, 34% used [0x0000000080000000,0x0000000086bea228,0x0000000093500000)
 Metaspace       used 94119K, capacity 96585K, committed 99200K, reserved 1136640K
  class space    used 11244K, capacity 11641K, committed 12160K, reserved 1048576K
}
{Heap before GC invocations=724 (full 4):
 PSYoungGen      total 676864K, used 663063K [0x00000000d5580000, 0x00000000ffe80000, 0x0000000100000000)
  eden space 655360K, 99% used [0x00000000d5580000,0x00000000fd4bb850,0x00000000fd580000)
  from space 21504K, 39% used [0x00000000fd580000,0x00000000fddca4d8,0x00000000fea80000)
  to   space 20480K, 0% used [0x00000000fea80000,0x00000000fea80000,0x00000000ffe80000)
 ParOldGen       total 316416K, used 110504K [0x0000000080000000, 0x0000000093500000, 0x00000000d5580000)
  object space 316416K, 34% used [0x0000000080000000,0x0000000086bea228,0x0000000093500000)
 Metaspace       used 94119K, capacity 96585K, committed 99200K, reserved 1136640K
  class space    used 11244K, capacity 11641K, committed 12160K, reserved 1048576K
2023-04-21T00:08:34.377+0600: 2415386.460: [GC (Allocation Failure) [PSYoungGen: 663063K->14395K(676352K)] 773567K->124955K(992768K), 0.0129658 secs] [Times: user=0.02 sys=0.00, real=0.02 secs] 
Heap after GC invocations=724 (full 4):
 PSYoungGen      total 676352K, used 14395K [0x00000000d5580000, 0x0000000100000000, 0x0000000100000000)
  eden space 655872K, 0% used [0x00000000d5580000,0x00000000d5580000,0x00000000fd600000)
  from space 20480K, 70% used [0x00000000fea80000,0x00000000ff88ee58,0x00000000ffe80000)
  to   space 20992K, 0% used [0x00000000fd600000,0x00000000fd600000,0x00000000fea80000)
 ParOldGen       total 316416K, used 110560K [0x0000000080000000, 0x0000000093500000, 0x00000000d5580000)
  object space 316416K, 34% used [0x0000000080000000,0x0000000086bf8178,0x0000000093500000)
 Metaspace       used 94119K, capacity 96585K, committed 99200K, reserved 1136640K
  class space    used 11244K, capacity 11641K, committed 12160K, reserved 1048576K
}
{Heap before GC invocations=725 (full 4):
 PSYoungGen      total 676352K, used 670267K [0x00000000d5580000, 0x0000000100000000, 0x0000000100000000)
  eden space 655872K, 100% used [0x00000000d5580000,0x00000000fd600000,0x00000000fd600000)
  from space 20480K, 70% used [0x00000000fea80000,0x00000000ff88ee58,0x00000000ffe80000)
  to   space 20992K, 0% used [0x00000000fd600000,0x00000000fd600000,0x00000000fea80000)
 ParOldGen       total 316416K, used 110560K [0x0000000080000000, 0x0000000093500000, 0x00000000d5580000)
  object space 316416K, 34% used [0x0000000080000000,0x0000000086bf8178,0x0000000093500000)
 Metaspace       used 94119K, capacity 96585K, committed 99200K, reserved 1136640K
  class space    used 11244K, capacity 11641K, committed 12160K, reserved 1048576K
2023-04-21T00:08:37.547+0600: 2415389.630: [GC (Allocation Failure) [PSYoungGen: 670267K->8937K(676864K)] 780827K->119521K(993280K), 0.0086152 secs] [Times: user=0.02 sys=0.00, real=0.01 secs] 
Heap after GC invocations=725 (full 4):
 PSYoungGen      total 676864K, used 8937K [0x00000000d5580000, 0x00000000fff80000, 0x0000000100000000)
  eden space 655872K, 0% used [0x00000000d5580000,0x00000000d5580000,0x00000000fd600000)
  from space 20992K, 42% used [0x00000000fd600000,0x00000000fdeba4e8,0x00000000fea80000)
  to   space 20480K, 0% used [0x00000000feb80000,0x00000000feb80000,0x00000000fff80000)
 ParOldGen       total 316416K, used 110584K [0x0000000080000000, 0x0000000093500000, 0x00000000d5580000)
  object space 316416K, 34% used [0x0000000080000000,0x0000000086bfe178,0x0000000093500000)
 Metaspace       used 94119K, capacity 96585K, committed 99200K, reserved 1136640K
  class space    used 11244K, capacity 11641K, committed 12160K, reserved 1048576K
}
{Heap before GC invocations=726 (full 4):
 PSYoungGen      total 676864K, used 664799K [0x00000000d5580000, 0x00000000fff80000, 0x0000000100000000)
  eden space 655872K, 99% used [0x00000000d5580000,0x00000000fd5fd8a8,0x00000000fd600000)
  from space 20992K, 42% used [0x00000000fd600000,0x00000000fdeba4e8,0x00000000fea80000)
  to   space 20480K, 0% used [0x00000000feb80000,0x00000000feb80000,0x00000000fff80000)
 ParOldGen       total 316416K, used 110584K [0x0000000080000000, 0x0000000093500000, 0x00000000d5580000)
  object space 316416K, 34% used [0x0000000080000000,0x0000000086bfe178,0x0000000093500000)
 Metaspace       used 94119K, capacity 96585K, committed 99200K, reserved 1136640K
  class space    used 11244K, capacity 11641K, committed 12160K, reserved 1048576K
2023-04-21T00:08:41.291+0600: 2415393.373: [GC (Allocation Failure) [PSYoungGen: 664799K->14267K(677376K)] 775383K->125011K(993792K), 0.0146490 secs] [Times: user=0.02 sys=0.00, real=0.01 secs] 
Heap after GC invocations=726 (full 4):
 PSYoungGen      total 677376K, used 14267K [0x00000000d5580000, 0x0000000100000000, 0x0000000100000000)
  eden space 656896K, 0% used [0x00000000d5580000,0x00000000d5580000,0x00000000fd700000)
  from space 20480K, 69% used [0x00000000feb80000,0x00000000ff96ee48,0x00000000fff80000)
  to   space 20992K, 0% used [0x00000000fd700000,0x00000000fd700000,0x00000000feb80000)
 ParOldGen       total 316416K, used 110743K [0x0000000080000000, 0x0000000093500000, 0x00000000d5580000)
  object space 316416K, 34% used [0x0000000080000000,0x0000000086c25f98,0x0000000093500000)
 Metaspace       used 94119K, capacity 96585K, committed 99200K, reserved 1136640K
  class space    used 11244K, capacity 11641K, committed 12160K, reserved 1048576K
}
{Heap before GC invocations=727 (full 4):
 PSYoungGen      total 677376K, used 671163K [0x00000000d5580000, 0x0000000100000000, 0x0000000100000000)
  eden space 656896K, 100% used [0x00000000d5580000,0x00000000fd700000,0x00000000fd700000)
  from space 20480K, 69% used [0x00000000feb80000,0x00000000ff96ee48,0x00000000fff80000)
  to   space 20992K, 0% used [0x00000000fd700000,0x00000000fd700000,0x00000000feb80000)
 ParOldGen       total 316416K, used 110743K [0x0000000080000000, 0x0000000093500000, 0x00000000d5580000)
  object space 316416K, 34% used [0x0000000080000000,0x0000000086c25f98,0x0000000093500000)
 Metaspace       used 94119K, capacity 96585K, committed 99200K, reserved 1136640K
  class space    used 11244K, capacity 11641K, committed 12160K, reserved 1048576K
2023-04-21T00:08:44.498+0600: 2415396.581: [GC (Allocation Failure) [PSYoungGen: 671163K->8585K(677888K)] 781907K->119353K(994304K), 0.0089592 secs] [Times: user=0.02 sys=0.00, real=0.01 secs] 
Heap after GC invocations=727 (full 4):
 PSYoungGen      total 677888K, used 8585K [0x00000000d5580000, 0x00000000fff80000, 0x0000000100000000)
  eden space 656896K, 0% used [0x00000000d5580000,0x00000000d5580000,0x00000000fd700000)
  from space 20992K, 40% used [0x00000000fd700000,0x00000000fdf624d8,0x00000000feb80000)
  to   space 20480K, 0% used [0x00000000feb80000,0x00000000feb80000,0x00000000fff80000)
 ParOldGen       total 316416K, used 110767K [0x0000000080000000, 0x0000000093500000, 0x00000000d5580000)
  object space 316416K, 35% used [0x0000000080000000,0x0000000086c2bf98,0x0000000093500000)
 Metaspace       used 94119K, capacity 96585K, committed 99200K, reserved 1136640K
  class space    used 11244K, capacity 11641K, committed 12160K, reserved 1048576K
}
{Heap before GC invocations=728 (full 4):
 PSYoungGen      total 677888K, used 664433K [0x00000000d5580000, 0x00000000fff80000, 0x0000000100000000)
  eden space 656896K, 99% used [0x00000000d5580000,0x00000000fd5fa158,0x00000000fd700000)
  from space 20992K, 40% used [0x00000000fd700000,0x00000000fdf624d8,0x00000000feb80000)
  to   space 20480K, 0% used [0x00000000feb80000,0x00000000feb80000,0x00000000fff80000)
 ParOldGen       total 316416K, used 110767K [0x0000000080000000, 0x0000000093500000, 0x00000000d5580000)
  object space 316416K, 35% used [0x0000000080000000,0x0000000086c2bf98,0x0000000093500000)
 Metaspace       used 94119K, capacity 96585K, committed 99200K, reserved 1136640K
  class space    used 11244K, capacity 11641K, committed 12160K, reserved 1048576K
2023-04-21T00:08:48.186+0600: 2415400.269: [GC (Allocation Failure) [PSYoungGen: 664433K->14235K(677888K)] 775201K->125051K(994304K), 0.0113276 secs] [Times: user=0.02 sys=0.00, real=0.01 secs] 
Heap after GC invocations=728 (full 4):
 PSYoungGen      total 677888K, used 14235K [0x00000000d5580000, 0x00000000fff80000, 0x0000000100000000)
  eden space 657408K, 0% used [0x00000000d5580000,0x00000000d5580000,0x00000000fd780000)
  from space 20480K, 69% used [0x00000000feb80000,0x00000000ff966e48,0x00000000fff80000)
  to   space 20480K, 0% used [0x00000000fd780000,0x00000000fd780000,0x00000000feb80000)
 ParOldGen       total 316416K, used 110815K [0x0000000080000000, 0x0000000093500000, 0x00000000d5580000)
  object space 316416K, 35% used [0x0000000080000000,0x0000000086c37ee8,0x0000000093500000)
 Metaspace       used 94119K, capacity 96585K, committed 99200K, reserved 1136640K
  class space    used 11244K, capacity 11641K, committed 12160K, reserved 1048576K
}
{Heap before GC invocations=729 (full 4):
 PSYoungGen      total 677888K, used 671643K [0x00000000d5580000, 0x00000000fff80000, 0x0000000100000000)
  eden space 657408K, 100% used [0x00000000d5580000,0x00000000fd780000,0x00000000fd780000)
  from space 20480K, 69% used [0x00000000feb80000,0x00000000ff966e48,0x00000000fff80000)
  to   space 20480K, 0% used [0x00000000fd780000,0x00000000fd780000,0x00000000feb80000)
 ParOldGen       total 316416K, used 110815K [0x0000000080000000, 0x0000000093500000, 0x00000000d5580000)
  object space 316416K, 35% used [0x0000000080000000,0x0000000086c37ee8,0x0000000093500000)
 Metaspace       used 94119K, capacity 96585K, committed 99200K, reserved 1136640K
  class space    used 11244K, capacity 11641K, committed 12160K, reserved 1048576K
2023-04-21T00:08:51.685+0600: 2415403.767: [GC (Allocation Failure) [PSYoungGen: 671643K->8777K(677888K)] 782459K->119616K(994304K), 0.0089122 secs] [Times: user=0.01 sys=0.00, real=0.01 secs] 
Heap after GC invocations=729 (full 4):
 PSYoungGen      total 677888K, used 8777K [0x00000000d5580000, 0x00000000fff00000, 0x0000000100000000)
  eden space 657408K, 0% used [0x00000000d5580000,0x00000000d5580000,0x00000000fd780000)
  from space 20480K, 42% used [0x00000000fd780000,0x00000000fe0124d8,0x00000000feb80000)
  to   space 19968K, 0% used [0x00000000feb80000,0x00000000feb80000,0x00000000fff00000)
 ParOldGen       total 316416K, used 110839K [0x0000000080000000, 0x0000000093500000, 0x00000000d5580000)
  object space 316416K, 35% used [0x0000000080000000,0x0000000086c3dee8,0x0000000093500000)
 Metaspace       used 94119K, capacity 96585K, committed 99200K, reserved 1136640K
  class space    used 11244K, capacity 11641K, committed 12160K, reserved 1048576K
}
{Heap before GC invocations=730 (full 4):
 PSYoungGen      total 677888K, used 663507K [0x00000000d5580000, 0x00000000fff00000, 0x0000000100000000)
  eden space 657408K, 99% used [0x00000000d5580000,0x00000000fd4e2858,0x00000000fd780000)
  from space 20480K, 42% used [0x00000000fd780000,0x00000000fe0124d8,0x00000000feb80000)
  to   space 19968K, 0% used [0x00000000feb80000,0x00000000feb80000,0x00000000fff00000)
 ParOldGen       total 316416K, used 110839K [0x0000000080000000, 0x0000000093500000, 0x00000000d5580000)
  object space 316416K, 35% used [0x0000000080000000,0x0000000086c3dee8,0x0000000093500000)
 Metaspace       used 94119K, capacity 96585K, committed 99200K, reserved 1136640K
  class space    used 11244K, capacity 11641K, committed 12160K, reserved 1048576K
2023-04-21T00:08:55.421+0600: 2415407.504: [GC (Allocation Failure) [PSYoungGen: 663507K->10514K(677888K)] 774347K->121394K(994304K), 0.0131949 secs] [Times: user=0.02 sys=0.00, real=0.01 secs] 
Heap after GC invocations=730 (full 4):
 PSYoungGen      total 677888K, used 10514K [0x00000000d5580000, 0x00000000ffe80000, 0x0000000100000000)
  eden space 658432K, 0% used [0x00000000d5580000,0x00000000d5580000,0x00000000fd880000)
  from space 19456K, 54% used [0x00000000feb80000,0x00000000ff5c49a0,0x00000000ffe80000)
  to   space 19456K, 0% used [0x00000000fd880000,0x00000000fd880000,0x00000000feb80000)
 ParOldGen       total 316416K, used 110879K [0x0000000080000000, 0x0000000093500000, 0x00000000d5580000)
  object space 316416K, 35% used [0x0000000080000000,0x0000000086c47ee8,0x0000000093500000)
 Metaspace       used 94119K, capacity 96585K, committed 99200K, reserved 1136640K
  class space    used 11244K, capacity 11641K, committed 12160K, reserved 1048576K
}
{Heap before GC invocations=731 (full 4):
 PSYoungGen      total 677888K, used 668946K [0x00000000d5580000, 0x00000000ffe80000, 0x0000000100000000)
  eden space 658432K, 100% used [0x00000000d5580000,0x00000000fd880000,0x00000000fd880000)
  from space 19456K, 54% used [0x00000000feb80000,0x00000000ff5c49a0,0x00000000ffe80000)
  to   space 19456K, 0% used [0x00000000fd880000,0x00000000fd880000,0x00000000feb80000)
 ParOldGen       total 316416K, used 110879K [0x0000000080000000, 0x0000000093500000, 0x00000000d5580000)
  object space 316416K, 35% used [0x0000000080000000,0x0000000086c47ee8,0x0000000093500000)
 Metaspace       used 94119K, capacity 96585K, committed 99200K, reserved 1136640K
  class space    used 11244K, capacity 11641K, committed 12160K, reserved 1048576K
2023-04-21T00:08:58.775+0600: 2415410.858: [GC (Allocation Failure) [PSYoungGen: 668946K->8489K(677888K)] 779826K->119408K(994304K), 0.0087304 secs] [Times: user=0.02 sys=0.00, real=0.01 secs] 
Heap after GC invocations=731 (full 4):
 PSYoungGen      total 677888K, used 8489K [0x00000000d5580000, 0x00000000fff00000, 0x0000000100000000)
  eden space 658432K, 0% used [0x00000000d5580000,0x00000000d5580000,0x00000000fd880000)
  from space 19456K, 43% used [0x00000000fd880000,0x00000000fe0ca4e8,0x00000000feb80000)
  to   space 18944K, 0% used [0x00000000fec80000,0x00000000fec80000,0x00000000fff00000)
 ParOldGen       total 316416K, used 110919K [0x0000000080000000, 0x0000000093500000, 0x00000000d5580000)
  object space 316416K, 35% used [0x0000000080000000,0x0000000086c51e38,0x0000000093500000)
 Metaspace       used 94119K, capacity 96585K, committed 99200K, reserved 1136640K
  class space    used 11244K, capacity 11641K, committed 12160K, reserved 1048576K
}
{Heap before GC invocations=732 (full 4):
 PSYoungGen      total 677888K, used 666629K [0x00000000d5580000, 0x00000000fff00000, 0x0000000100000000)
  eden space 658432K, 99% used [0x00000000d5580000,0x00000000fd837258,0x00000000fd880000)
  from space 19456K, 43% used [0x00000000fd880000,0x00000000fe0ca4e8,0x00000000feb80000)
  to   space 18944K, 0% used [0x00000000fec80000,0x00000000fec80000,0x00000000fff00000)
 ParOldGen       total 316416K, used 110919K [0x0000000080000000, 0x0000000093500000, 0x00000000d5580000)
  object space 316416K, 35% used [0x0000000080000000,0x0000000086c51e38,0x0000000093500000)
 Metaspace       used 94119K, capacity 96585K, committed 99200K, reserved 1136640K
  class space    used 11244K, capacity 11641K, committed 12160K, reserved 1048576K
2023-04-21T00:09:02.437+0600: 2415414.520: [GC (Allocation Failure) [PSYoungGen: 666629K->10610K(677888K)] 777549K->121569K(994304K), 0.0158817 secs] [Times: user=0.03 sys=0.00, real=0.02 secs] 
Heap after GC invocations=732 (full 4):
 PSYoungGen      total 677888K, used 10610K [0x00000000d5580000, 0x00000000ffd80000, 0x0000000100000000)
  eden space 660480K, 0% used [0x00000000d5580000,0x00000000d5580000,0x00000000fda80000)
  from space 17408K, 60% used [0x00000000fec80000,0x00000000ff6dc9a0,0x00000000ffd80000)
  to   space 17920K, 0% used [0x00000000fda80000,0x00000000fda80000,0x00000000fec00000)
 ParOldGen       total 316416K, used 110959K [0x0000000080000000, 0x0000000093500000, 0x00000000d5580000)
  object space 316416K, 35% used [0x0000000080000000,0x0000000086c5be38,0x0000000093500000)
 Metaspace       used 94119K, capacity 96585K, committed 99200K, reserved 1136640K
  class space    used 11244K, capacity 11641K, committed 12160K, reserved 1048576K
}
{Heap before GC invocations=733 (full 4):
 PSYoungGen      total 677888K, used 671090K [0x00000000d5580000, 0x00000000ffd80000, 0x0000000100000000)
  eden space 660480K, 100% used [0x00000000d5580000,0x00000000fda80000,0x00000000fda80000)
  from space 17408K, 60% used [0x00000000fec80000,0x00000000ff6dc9a0,0x00000000ffd80000)
  to   space 17920K, 0% used [0x00000000fda80000,0x00000000fda80000,0x00000000fec00000)
 ParOldGen       total 316416K, used 110959K [0x0000000080000000, 0x0000000093500000, 0x00000000d5580000)
  object space 316416K, 35% used [0x0000000080000000,0x0000000086c5be38,0x0000000093500000)
 Metaspace       used 94119K, capacity 96585K, committed 99200K, reserved 1136640K
  class space    used 11244K, capacity 11641K, committed 12160K, reserved 1048576K
2023-04-21T00:09:05.843+0600: 2415417.926: [GC (Allocation Failure) [PSYoungGen: 671090K->8585K(678400K)] 782049K->119568K(994816K), 0.0083658 secs] [Times: user=0.01 sys=0.00, real=0.01 secs] 
Heap after GC invocations=733 (full 4):
 PSYoungGen      total 678400K, used 8585K [0x00000000d5580000, 0x00000000fff80000, 0x0000000100000000)
  eden space 660480K, 0% used [0x00000000d5580000,0x00000000d5580000,0x00000000fda80000)
  from space 17920K, 47% used [0x00000000fda80000,0x00000000fe2e24e8,0x00000000fec00000)
  to   space 17408K, 0% used [0x00000000fee80000,0x00000000fee80000,0x00000000fff80000)
 ParOldGen       total 316416K, used 110983K [0x0000000080000000, 0x0000000093500000, 0x00000000d5580000)
  object space 316416K, 35% used [0x0000000080000000,0x0000000086c61e38,0x0000000093500000)
 Metaspace       used 94119K, capacity 96585K, committed 99200K, reserved 1136640K
  class space    used 11244K, capacity 11641K, committed 12160K, reserved 1048576K
}
{Heap before GC invocations=734 (full 4):
 PSYoungGen      total 678400K, used 667350K [0x00000000d5580000, 0x00000000fff80000, 0x0000000100000000)
  eden space 660480K, 99% used [0x00000000d5580000,0x00000000fd8d33d8,0x00000000fda80000)
  from space 17920K, 47% used [0x00000000fda80000,0x00000000fe2e24e8,0x00000000fec00000)
  to   space 17408K, 0% used [0x00000000fee80000,0x00000000fee80000,0x00000000fff80000)
 ParOldGen       total 316416K, used 110983K [0x0000000080000000, 0x0000000093500000, 0x00000000d5580000)
  object space 316416K, 35% used [0x0000000080000000,0x0000000086c61e38,0x0000000093500000)
 Metaspace       used 94119K, capacity 96585K, committed 99200K, reserved 1136640K
  class space    used 11244K, capacity 11641K, committed 12160K, reserved 1048576K
2023-04-21T00:09:09.488+0600: 2415421.571: [GC (Allocation Failure) [PSYoungGen: 667350K->14363K(679424K)] 778333K->125379K(995840K), 0.0118715 secs] [Times: user=0.02 sys=0.00, real=0.02 secs] 
Heap after GC invocations=734 (full 4):
 PSYoungGen      total 679424K, used 14363K [0x00000000d5580000, 0x0000000100000000, 0x0000000100000000)
  eden space 662016K, 0% used [0x00000000d5580000,0x00000000d5580000,0x00000000fdc00000)
  from space 17408K, 82% used [0x00000000fee80000,0x00000000ffc86e58,0x00000000fff80000)
  to   space 18432K, 0% used [0x00000000fdc00000,0x00000000fdc00000,0x00000000fee00000)
 ParOldGen       total 316416K, used 111015K [0x0000000080000000, 0x0000000093500000, 0x00000000d5580000)
  object space 316416K, 35% used [0x0000000080000000,0x0000000086c69e38,0x0000000093500000)
 Metaspace       used 94119K, capacity 96585K, committed 99200K, reserved 1136640K
  class space    used 11244K, capacity 11641K, committed 12160K, reserved 1048576K
}
{Heap before GC invocations=735 (full 4):
 PSYoungGen      total 679424K, used 676379K [0x00000000d5580000, 0x0000000100000000, 0x0000000100000000)
  eden space 662016K, 100% used [0x00000000d5580000,0x00000000fdc00000,0x00000000fdc00000)
  from space 17408K, 82% used [0x00000000fee80000,0x00000000ffc86e58,0x00000000fff80000)
  to   space 18432K, 0% used [0x00000000fdc00000,0x00000000fdc00000,0x00000000fee00000)
 ParOldGen       total 316416K, used 111015K [0x0000000080000000, 0x0000000093500000, 0x00000000d5580000)
  object space 316416K, 35% used [0x0000000080000000,0x0000000086c69e38,0x0000000093500000)
 Metaspace       used 94119K, capacity 96585K, committed 99200K, reserved 1136640K
  class space    used 11244K, capacity 11641K, committed 12160K, reserved 1048576K
2023-04-21T00:09:12.946+0600: 2415425.029: [GC (Allocation Failure) [PSYoungGen: 676379K->8777K(680448K)] 787395K->119840K(996864K), 0.0092363 secs] [Times: user=0.01 sys=0.00, real=0.01 secs] 
Heap after GC invocations=735 (full 4):
 PSYoungGen      total 680448K, used 8777K [0x00000000d5580000, 0x0000000100000000, 0x0000000100000000)
  eden space 662016K, 0% used [0x00000000d5580000,0x00000000d5580000,0x00000000fdc00000)
  from space 18432K, 47% used [0x00000000fdc00000,0x00000000fe4924e8,0x00000000fee00000)
  to   space 17920K, 0% used [0x00000000fee80000,0x00000000fee80000,0x0000000100000000)
 ParOldGen       total 316416K, used 111063K [0x0000000080000000, 0x0000000093500000, 0x00000000d5580000)
  object space 316416K, 35% used [0x0000000080000000,0x0000000086c75d88,0x0000000093500000)
 Metaspace       used 94119K, capacity 96585K, committed 99200K, reserved 1136640K
  class space    used 11244K, capacity 11641K, committed 12160K, reserved 1048576K
}
{Heap before GC invocations=736 (full 4):
 PSYoungGen      total 680448K, used 670343K [0x00000000d5580000, 0x0000000100000000, 0x0000000100000000)
  eden space 662016K, 99% used [0x00000000d5580000,0x00000000fdb8f890,0x00000000fdc00000)
  from space 18432K, 47% used [0x00000000fdc00000,0x00000000fe4924e8,0x00000000fee00000)
  to   space 17920K, 0% used [0x00000000fee80000,0x00000000fee80000,0x0000000100000000)
 ParOldGen       total 316416K, used 111063K [0x0000000080000000, 0x0000000093500000, 0x00000000d5580000)
  object space 316416K, 35% used [0x0000000080000000,0x0000000086c75d88,0x0000000093500000)
 Metaspace       used 94119K, capacity 96585K, committed 99200K, reserved 1136640K
  class space    used 11244K, capacity 11641K, committed 12160K, reserved 1048576K
2023-04-21T00:09:16.708+0600: 2415428.791: [GC (Allocation Failure) [PSYoungGen: 670343K->10610K(678912K)] 781406K->121705K(995328K), 0.0152894 secs] [Times: user=0.03 sys=0.00, real=0.02 secs] 
Heap after GC invocations=736 (full 4):
 PSYoungGen      total 678912K, used 10610K [0x00000000d5580000, 0x00000000ffe80000, 0x0000000100000000)
  eden space 662528K, 0% used [0x00000000d5580000,0x00000000d5580000,0x00000000fdc80000)
  from space 16384K, 64% used [0x00000000fee80000,0x00000000ff8dc9a0,0x00000000ffe80000)
  to   space 17408K, 0% used [0x00000000fdc80000,0x00000000fdc80000,0x00000000fed80000)
 ParOldGen       total 316416K, used 111095K [0x0000000080000000, 0x0000000093500000, 0x00000000d5580000)
  object space 316416K, 35% used [0x0000000080000000,0x0000000086c7dd88,0x0000000093500000)
 Metaspace       used 94119K, capacity 96585K, committed 99200K, reserved 1136640K
  class space    used 11244K, capacity 11641K, committed 12160K, reserved 1048576K
}
{Heap before GC invocations=737 (full 4):
 PSYoungGen      total 678912K, used 673138K [0x00000000d5580000, 0x00000000ffe80000, 0x0000000100000000)
  eden space 662528K, 100% used [0x00000000d5580000,0x00000000fdc80000,0x00000000fdc80000)
  from space 16384K, 64% used [0x00000000fee80000,0x00000000ff8dc9a0,0x00000000ffe80000)
  to   space 17408K, 0% used [0x00000000fdc80000,0x00000000fdc80000,0x00000000fed80000)
 ParOldGen       total 316416K, used 111095K [0x0000000080000000, 0x0000000093500000, 0x00000000d5580000)
  object space 316416K, 35% used [0x0000000080000000,0x0000000086c7dd88,0x0000000093500000)
 Metaspace       used 94119K, capacity 96585K, committed 99200K, reserved 1136640K
  class space    used 11244K, capacity 11641K, committed 12160K, reserved 1048576K
2023-04-21T00:09:19.987+0600: 2415432.070: [GC (Allocation Failure) [PSYoungGen: 673138K->8457K(679936K)] 784233K->119584K(996352K), 0.0081008 secs] [Times: user=0.02 sys=0.00, real=0.01 secs] 
Heap after GC invocations=737 (full 4):
 PSYoungGen      total 679936K, used 8457K [0x00000000d5580000, 0x0000000100000000, 0x0000000100000000)
  eden space 662528K, 0% used [0x00000000d5580000,0x00000000d5580000,0x00000000fdc80000)
  from space 17408K, 48% used [0x00000000fdc80000,0x00000000fe4c24e8,0x00000000fed80000)
  to   space 16896K, 0% used [0x00000000fef80000,0x00000000fef80000,0x0000000100000000)
 ParOldGen       total 316416K, used 111127K [0x0000000080000000, 0x0000000093500000, 0x00000000d5580000)
  object space 316416K, 35% used [0x0000000080000000,0x0000000086c85d88,0x0000000093500000)
 Metaspace       used 94119K, capacity 96585K, committed 99200K, reserved 1136640K
  class space    used 11244K, capacity 11641K, committed 12160K, reserved 1048576K
}
{Heap before GC invocations=738 (full 4):
 PSYoungGen      total 679936K, used 670676K [0x00000000d5580000, 0x0000000100000000, 0x0000000100000000)
  eden space 662528K, 99% used [0x00000000d5580000,0x00000000fdc32bd0,0x00000000fdc80000)
  from space 17408K, 48% used [0x00000000fdc80000,0x00000000fe4c24e8,0x00000000fed80000)
  to   space 16896K, 0% used [0x00000000fef80000,0x00000000fef80000,0x0000000100000000)
 ParOldGen       total 316416K, used 111127K [0x0000000080000000, 0x0000000093500000, 0x00000000d5580000)
  object space 316416K, 35% used [0x0000000080000000,0x0000000086c85d88,0x0000000093500000)
 Metaspace       used 94119K, capacity 96585K, committed 99200K, reserved 1136640K
  class space    used 11244K, capacity 11641K, committed 12160K, reserved 1048576K
2023-04-21T00:09:23.649+0600: 2415435.732: [GC (Allocation Failure) [PSYoungGen: 670676K->10578K(679936K)] 781803K->121753K(996352K), 0.0109450 secs] [Times: user=0.02 sys=0.00, real=0.02 secs] 
Heap after GC invocations=738 (full 4):
 PSYoungGen      total 679936K, used 10578K [0x00000000d5580000, 0x00000000ffe80000, 0x0000000100000000)
  eden space 664576K, 0% used [0x00000000d5580000,0x00000000d5580000,0x00000000fde80000)
  from space 15360K, 68% used [0x00000000fef80000,0x00000000ff9d49a0,0x00000000ffe80000)
  to   space 16384K, 0% used [0x00000000fde80000,0x00000000fde80000,0x00000000fee80000)
 ParOldGen       total 316416K, used 111175K [0x0000000080000000, 0x0000000093500000, 0x00000000d5580000)
  object space 316416K, 35% used [0x0000000080000000,0x0000000086c91cd8,0x0000000093500000)
 Metaspace       used 94119K, capacity 96585K, committed 99200K, reserved 1136640K
  class space    used 11244K, capacity 11641K, committed 12160K, reserved 1048576K
}
{Heap before GC invocations=739 (full 4):
 PSYoungGen      total 679936K, used 675154K [0x00000000d5580000, 0x00000000ffe80000, 0x0000000100000000)
  eden space 664576K, 100% used [0x00000000d5580000,0x00000000fde80000,0x00000000fde80000)
  from space 15360K, 68% used [0x00000000fef80000,0x00000000ff9d49a0,0x00000000ffe80000)
  to   space 16384K, 0% used [0x00000000fde80000,0x00000000fde80000,0x00000000fee80000)
 ParOldGen       total 316416K, used 111175K [0x0000000080000000, 0x0000000093500000, 0x00000000d5580000)
  object space 316416K, 35% used [0x0000000080000000,0x0000000086c91cd8,0x0000000093500000)
 Metaspace       used 94119K, capacity 96585K, committed 99200K, reserved 1136640K
  class space    used 11244K, capacity 11641K, committed 12160K, reserved 1048576K
2023-04-21T00:09:26.942+0600: 2415439.025: [GC (Allocation Failure) [PSYoungGen: 675154K->8745K(680960K)] 786329K->120071K(997376K), 0.0086480 secs] [Times: user=0.02 sys=0.00, real=0.01 secs] 
Heap after GC invocations=739 (full 4):
 PSYoungGen      total 680960K, used 8745K [0x00000000d5580000, 0x0000000100000000, 0x0000000100000000)
  eden space 664576K, 0% used [0x00000000d5580000,0x00000000d5580000,0x00000000fde80000)
  from space 16384K, 53% used [0x00000000fde80000,0x00000000fe70a4d8,0x00000000fee80000)
  to   space 16384K, 0% used [0x00000000ff000000,0x00000000ff000000,0x0000000100000000)
 ParOldGen       total 316416K, used 111326K [0x0000000080000000, 0x0000000093500000, 0x00000000d5580000)
  object space 316416K, 35% used [0x0000000080000000,0x0000000086cb7af8,0x0000000093500000)
 Metaspace       used 94119K, capacity 96585K, committed 99200K, reserved 1136640K
  class space    used 11244K, capacity 11641K, committed 12160K, reserved 1048576K
}
{Heap before GC invocations=740 (full 4):
 PSYoungGen      total 680960K, used 670903K [0x00000000d5580000, 0x0000000100000000, 0x0000000100000000)
  eden space 664576K, 99% used [0x00000000d5580000,0x00000000fdc23758,0x00000000fde80000)
  from space 16384K, 53% used [0x00000000fde80000,0x00000000fe70a4d8,0x00000000fee80000)
  to   space 16384K, 0% used [0x00000000ff000000,0x00000000ff000000,0x0000000100000000)
 ParOldGen       total 316416K, used 111326K [0x0000000080000000, 0x0000000093500000, 0x00000000d5580000)
  object space 316416K, 35% used [0x0000000080000000,0x0000000086cb7af8,0x0000000093500000)
 Metaspace       used 94119K, capacity 96585K, committed 99200K, reserved 1136640K
  class space    used 11244K, capacity 11641K, committed 12160K, reserved 1048576K
2023-04-21T00:09:30.618+0600: 2415442.701: [GC (Allocation Failure) [PSYoungGen: 670903K->10450K(681472K)] 782229K->121809K(997888K), 0.0127462 secs] [Times: user=0.02 sys=0.00, real=0.02 secs] 
Heap after GC invocations=740 (full 4):
 PSYoungGen      total 681472K, used 10450K [0x00000000d5580000, 0x00000000fff00000, 0x0000000100000000)
  eden space 666112K, 0% used [0x00000000d5580000,0x00000000d5580000,0x00000000fe000000)
  from space 15360K, 68% used [0x00000000ff000000,0x00000000ffa34990,0x00000000fff00000)
  to   space 15872K, 0% used [0x00000000fe000000,0x00000000fe000000,0x00000000fef80000)
 ParOldGen       total 316416K, used 111358K [0x0000000080000000, 0x0000000093500000, 0x00000000d5580000)
  object space 316416K, 35% used [0x0000000080000000,0x0000000086cbfaf8,0x0000000093500000)
 Metaspace       used 94119K, capacity 96585K, committed 99200K, reserved 1136640K
  class space    used 11244K, capacity 11641K, committed 12160K, reserved 1048576K
}
{Heap before GC invocations=741 (full 4):
 PSYoungGen      total 681472K, used 676562K [0x00000000d5580000, 0x00000000fff00000, 0x0000000100000000)
  eden space 666112K, 100% used [0x00000000d5580000,0x00000000fe000000,0x00000000fe000000)
  from space 15360K, 68% used [0x00000000ff000000,0x00000000ffa34990,0x00000000fff00000)
  to   space 15872K, 0% used [0x00000000fe000000,0x00000000fe000000,0x00000000fef80000)
 ParOldGen       total 316416K, used 111358K [0x0000000080000000, 0x0000000093500000, 0x00000000d5580000)
  object space 316416K, 35% used [0x0000000080000000,0x0000000086cbfaf8,0x0000000093500000)
 Metaspace       used 94119K, capacity 96585K, committed 99200K, reserved 1136640K
  class space    used 11244K, capacity 11641K, committed 12160K, reserved 1048576K
2023-04-21T00:09:33.879+0600: 2415445.962: [GC (Allocation Failure) [PSYoungGen: 676562K->8937K(681984K)] 787921K->120327K(998400K), 0.0088849 secs] [Times: user=0.02 sys=0.00, real=0.01 secs] 
Heap after GC invocations=741 (full 4):
 PSYoungGen      total 681984K, used 8937K [0x00000000d5580000, 0x00000000fff80000, 0x0000000100000000)
  eden space 666112K, 0% used [0x00000000d5580000,0x00000000d5580000,0x00000000fe000000)
  from space 15872K, 56% used [0x00000000fe000000,0x00000000fe8ba4d8,0x00000000fef80000)
  to   space 15360K, 0% used [0x00000000ff080000,0x00000000ff080000,0x00000000fff80000)
 ParOldGen       total 316416K, used 111390K [0x0000000080000000, 0x0000000093500000, 0x00000000d5580000)
  object space 316416K, 35% used [0x0000000080000000,0x0000000086cc7af8,0x0000000093500000)
 Metaspace       used 94119K, capacity 96585K, committed 99200K, reserved 1136640K
  class space    used 11244K, capacity 11641K, committed 12160K, reserved 1048576K
}
{Heap before GC invocations=742 (full 4):
 PSYoungGen      total 681984K, used 673231K [0x00000000d5580000, 0x00000000fff80000, 0x0000000100000000)
  eden space 666112K, 99% used [0x00000000d5580000,0x00000000fde39a38,0x00000000fe000000)
  from space 15872K, 56% used [0x00000000fe000000,0x00000000fe8ba4d8,0x00000000fef80000)
  to   space 15360K, 0% used [0x00000000ff080000,0x00000000ff080000,0x00000000fff80000)
 ParOldGen       total 316416K, used 111390K [0x0000000080000000, 0x0000000093500000, 0x00000000d5580000)
  object space 316416K, 35% used [0x0000000080000000,0x0000000086cc7af8,0x0000000093500000)
 Metaspace       used 94119K, capacity 96585K, committed 99200K, reserved 1136640K
  class space    used 11244K, capacity 11641K, committed 12160K, reserved 1048576K
2023-04-21T00:09:37.646+0600: 2415449.729: [GC (Allocation Failure) [PSYoungGen: 673231K->10610K(681984K)] 784622K->122040K(998400K), 0.0093211 secs] [Times: user=0.01 sys=0.00, real=0.01 secs] 
Heap after GC invocations=742 (full 4):
 PSYoungGen      total 681984K, used 10610K [0x00000000d5580000, 0x00000000ffe80000, 0x0000000100000000)
  eden space 667648K, 0% used [0x00000000d5580000,0x00000000d5580000,0x00000000fe180000)
  from space 14336K, 74% used [0x00000000ff080000,0x00000000ffadc9a0,0x00000000ffe80000)
  to   space 14848K, 0% used [0x00000000fe180000,0x00000000fe180000,0x00000000ff000000)
 ParOldGen       total 316416K, used 111430K [0x0000000080000000, 0x0000000093500000, 0x00000000d5580000)
  object space 316416K, 35% used [0x0000000080000000,0x0000000086cd1a48,0x0000000093500000)
 Metaspace       used 94119K, capacity 96585K, committed 99200K, reserved 1136640K
  class space    used 11244K, capacity 11641K, committed 12160K, reserved 1048576K
}
{Heap before GC invocations=743 (full 4):
 PSYoungGen      total 681984K, used 678258K [0x00000000d5580000, 0x00000000ffe80000, 0x0000000100000000)
  eden space 667648K, 100% used [0x00000000d5580000,0x00000000fe180000,0x00000000fe180000)
  from space 14336K, 74% used [0x00000000ff080000,0x00000000ffadc9a0,0x00000000ffe80000)
  to   space 14848K, 0% used [0x00000000fe180000,0x00000000fe180000,0x00000000ff000000)
 ParOldGen       total 316416K, used 111430K [0x0000000080000000, 0x0000000093500000, 0x00000000d5580000)
  object space 316416K, 35% used [0x0000000080000000,0x0000000086cd1a48,0x0000000093500000)
 Metaspace       used 94119K, capacity 96585K, committed 99200K, reserved 1136640K
  class space    used 11244K, capacity 11641K, committed 12160K, reserved 1048576K
2023-04-21T00:09:41.002+0600: 2415453.085: [GC (Allocation Failure) [PSYoungGen: 678258K->8521K(682496K)] 789688K->119983K(998912K), 0.0089455 secs] [Times: user=0.01 sys=0.00, real=0.01 secs] 
Heap after GC invocations=743 (full 4):
 PSYoungGen      total 682496K, used 8521K [0x00000000d5580000, 0x0000000100000000, 0x0000000100000000)
  eden space 667648K, 0% used [0x00000000d5580000,0x00000000d5580000,0x00000000fe180000)
  from space 14848K, 57% used [0x00000000fe180000,0x00000000fe9d24e8,0x00000000ff000000)
  to   space 14848K, 0% used [0x00000000ff180000,0x00000000ff180000,0x0000000100000000)
 ParOldGen       total 316416K, used 111462K [0x0000000080000000, 0x0000000093500000, 0x00000000d5580000)
  object space 316416K, 35% used [0x0000000080000000,0x0000000086cd9a48,0x0000000093500000)
 Metaspace       used 94119K, capacity 96585K, committed 99200K, reserved 1136640K
  class space    used 11244K, capacity 11641K, committed 12160K, reserved 1048576K
}
{Heap before GC invocations=744 (full 4):
 PSYoungGen      total 682496K, used 674311K [0x00000000d5580000, 0x0000000100000000, 0x0000000100000000)
  eden space 667648K, 99% used [0x00000000d5580000,0x00000000fdfaf7c0,0x00000000fe180000)
  from space 14848K, 57% used [0x00000000fe180000,0x00000000fe9d24e8,0x00000000ff000000)
  to   space 14848K, 0% used [0x00000000ff180000,0x00000000ff180000,0x0000000100000000)
 ParOldGen       total 316416K, used 111462K [0x0000000080000000, 0x0000000093500000, 0x00000000d5580000)
  object space 316416K, 35% used [0x0000000080000000,0x0000000086cd9a48,0x0000000093500000)
 Metaspace       used 94119K, capacity 96585K, committed 99200K, reserved 1136640K
  class space    used 11244K, capacity 11641K, committed 12160K, reserved 1048576K
2023-04-21T00:09:44.988+0600: 2415457.071: [GC (Allocation Failure) [PSYoungGen: 674311K->10578K(684032K)] 785773K->122072K(1000448K), 0.0104703 secs] [Times: user=0.02 sys=0.00, real=0.01 secs] 
Heap after GC invocations=744 (full 4):
 PSYoungGen      total 684032K, used 10578K [0x00000000d5580000, 0x0000000100000000, 0x0000000100000000)
  eden space 669184K, 0% used [0x00000000d5580000,0x00000000d5580000,0x00000000fe300000)
  from space 14848K, 71% used [0x00000000ff180000,0x00000000ffbd49a0,0x0000000100000000)
  to   space 14848K, 0% used [0x00000000fe300000,0x00000000fe300000,0x00000000ff180000)
 ParOldGen       total 316416K, used 111494K [0x0000000080000000, 0x0000000093500000, 0x00000000d5580000)
  object space 316416K, 35% used [0x0000000080000000,0x0000000086ce1a48,0x0000000093500000)
 Metaspace       used 94119K, capacity 96585K, committed 99200K, reserved 1136640K
  class space    used 11244K, capacity 11641K, committed 12160K, reserved 1048576K
}
{Heap before GC invocations=745 (full 4):
 PSYoungGen      total 684032K, used 679762K [0x00000000d5580000, 0x0000000100000000, 0x0000000100000000)
  eden space 669184K, 100% used [0x00000000d5580000,0x00000000fe300000,0x00000000fe300000)
  from space 14848K, 71% used [0x00000000ff180000,0x00000000ffbd49a0,0x0000000100000000)
  to   space 14848K, 0% used [0x00000000fe300000,0x00000000fe300000,0x00000000ff180000)
 ParOldGen       total 316416K, used 111494K [0x0000000080000000, 0x0000000093500000, 0x00000000d5580000)
  object space 316416K, 35% used [0x0000000080000000,0x0000000086ce1a48,0x0000000093500000)
 Metaspace       used 94119K, capacity 96585K, committed 99200K, reserved 1136640K
  class space    used 11244K, capacity 11641K, committed 12160K, reserved 1048576K
2023-04-21T00:09:48.245+0600: 2415460.328: [GC (Allocation Failure) [PSYoungGen: 679762K->8745K(678400K)] 791256K->120351K(994816K), 0.0092329 secs] [Times: user=0.01 sys=0.00, real=0.01 secs] 
Heap after GC invocations=745 (full 4):
 PSYoungGen      total 678400K, used 8745K [0x00000000d5580000, 0x00000000fff00000, 0x0000000100000000)
  eden space 669184K, 0% used [0x00000000d5580000,0x00000000d5580000,0x00000000fe300000)
  from space 9216K, 94% used [0x00000000fe300000,0x00000000feb8a4d8,0x00000000fec00000)
  to   space 14336K, 0% used [0x00000000ff100000,0x00000000ff100000,0x00000000fff00000)
 ParOldGen       total 316416K, used 111605K [0x0000000080000000, 0x0000000093500000, 0x00000000d5580000)
  object space 316416K, 35% used [0x0000000080000000,0x0000000086cfd788,0x0000000093500000)
 Metaspace       used 94119K, capacity 96585K, committed 99200K, reserved 1136640K
  class space    used 11244K, capacity 11641K, committed 12160K, reserved 1048576K
}
{Heap before GC invocations=746 (full 4):
 PSYoungGen      total 678400K, used 675301K [0x00000000d5580000, 0x00000000fff00000, 0x0000000100000000)
  eden space 669184K, 99% used [0x00000000d5580000,0x00000000fe06f1b8,0x00000000fe300000)
  from space 9216K, 94% used [0x00000000fe300000,0x00000000feb8a4d8,0x00000000fec00000)
  to   space 14336K, 0% used [0x00000000ff100000,0x00000000ff100000,0x00000000fff00000)
 ParOldGen       total 316416K, used 111605K [0x0000000080000000, 0x0000000093500000, 0x00000000d5580000)
  object space 316416K, 35% used [0x0000000080000000,0x0000000086cfd788,0x0000000093500000)
 Metaspace       used 94119K, capacity 96585K, committed 99200K, reserved 1136640K
  class space    used 11244K, capacity 11641K, committed 12160K, reserved 1048576K
2023-04-21T00:09:52.140+0600: 2415464.223: [GC (Allocation Failure) [PSYoungGen: 675301K->14267K(682496K)] 786907K->125897K(998912K), 0.0150727 secs] [Times: user=0.03 sys=0.00, real=0.01 secs] 
Heap after GC invocations=746 (full 4):
 PSYoungGen      total 682496K, used 14267K [0x00000000d5580000, 0x0000000100000000, 0x0000000100000000)
  eden space 668160K, 0% used [0x00000000d5580000,0x00000000d5580000,0x00000000fe200000)
  from space 14336K, 99% used [0x00000000ff100000,0x00000000ffeeee48,0x00000000fff00000)
  to   space 15360K, 0% used [0x00000000fe200000,0x00000000fe200000,0x00000000ff100000)
 ParOldGen       total 316416K, used 111629K [0x0000000080000000, 0x0000000093500000, 0x00000000d5580000)
  object space 316416K, 35% used [0x0000000080000000,0x0000000086d03788,0x0000000093500000)
 Metaspace       used 94119K, capacity 96585K, committed 99200K, reserved 1136640K
  class space    used 11244K, capacity 11641K, committed 12160K, reserved 1048576K
}
{Heap before GC invocations=747 (full 4):
 PSYoungGen      total 682496K, used 682427K [0x00000000d5580000, 0x0000000100000000, 0x0000000100000000)
  eden space 668160K, 100% used [0x00000000d5580000,0x00000000fe200000,0x00000000fe200000)
  from space 14336K, 99% used [0x00000000ff100000,0x00000000ffeeee48,0x00000000fff00000)
  to   space 15360K, 0% used [0x00000000fe200000,0x00000000fe200000,0x00000000ff100000)
 ParOldGen       total 316416K, used 111629K [0x0000000080000000, 0x0000000093500000, 0x00000000d5580000)
  object space 316416K, 35% used [0x0000000080000000,0x0000000086d03788,0x0000000093500000)
 Metaspace       used 94119K, capacity 96585K, committed 99200K, reserved 1136640K
  class space    used 11244K, capacity 11641K, committed 12160K, reserved 1048576K
2023-04-21T00:09:55.360+0600: 2415467.443: [GC (Allocation Failure) [PSYoungGen: 682427K->8521K(683520K)] 794057K->120239K(999936K), 0.0081534 secs] [Times: user=0.02 sys=0.00, real=0.00 secs] 
Heap after GC invocations=747 (full 4):
 PSYoungGen      total 683520K, used 8521K [0x00000000d5580000, 0x0000000100000000, 0x0000000100000000)
  eden space 668160K, 0% used [0x00000000d5580000,0x00000000d5580000,0x00000000fe200000)
  from space 15360K, 55% used [0x00000000fe200000,0x00000000fea524d8,0x00000000ff100000)
  to   space 15360K, 0% used [0x00000000ff100000,0x00000000ff100000,0x0000000100000000)
 ParOldGen       total 316416K, used 111717K [0x0000000080000000, 0x0000000093500000, 0x00000000d5580000)
  object space 316416K, 35% used [0x0000000080000000,0x0000000086d197b8,0x0000000093500000)
 Metaspace       used 94119K, capacity 96585K, committed 99200K, reserved 1136640K
  class space    used 11244K, capacity 11641K, committed 12160K, reserved 1048576K
}
{Heap before GC invocations=748 (full 4):
 PSYoungGen      total 683520K, used 674147K [0x00000000d5580000, 0x0000000100000000, 0x0000000100000000)
  eden space 668160K, 99% used [0x00000000d5580000,0x00000000fdf86a70,0x00000000fe200000)
  from space 15360K, 55% used [0x00000000fe200000,0x00000000fea524d8,0x00000000ff100000)
  to   space 15360K, 0% used [0x00000000ff100000,0x00000000ff100000,0x0000000100000000)
 ParOldGen       total 316416K, used 111717K [0x0000000080000000, 0x0000000093500000, 0x00000000d5580000)
  object space 316416K, 35% used [0x0000000080000000,0x0000000086d197b8,0x0000000093500000)
 Metaspace       used 94119K, capacity 96585K, committed 99200K, reserved 1136640K
  class space    used 11244K, capacity 11641K, committed 12160K, reserved 1048576K
2023-04-21T00:09:59.156+0600: 2415471.239: [GC (Allocation Failure) [PSYoungGen: 674147K->10418K(682496K)] 785865K->122176K(998912K), 0.0153874 secs] [Times: user=0.03 sys=0.00, real=0.02 secs] 
Heap after GC invocations=748 (full 4):
 PSYoungGen      total 682496K, used 10418K [0x00000000d5580000, 0x00000000fff00000, 0x0000000100000000)
  eden space 668160K, 0% used [0x00000000d5580000,0x00000000d5580000,0x00000000fe200000)
  from space 14336K, 72% used [0x00000000ff100000,0x00000000ffb2c990,0x00000000fff00000)
  to   space 14848K, 0% used [0x00000000fe200000,0x00000000fe200000,0x00000000ff080000)
 ParOldGen       total 316416K, used 111757K [0x0000000080000000, 0x0000000093500000, 0x00000000d5580000)
  object space 316416K, 35% used [0x0000000080000000,0x0000000086d23708,0x0000000093500000)
 Metaspace       used 94119K, capacity 96585K, committed 99200K, reserved 1136640K
  class space    used 11244K, capacity 11641K, committed 12160K, reserved 1048576K
}
{Heap before GC invocations=749 (full 4):
 PSYoungGen      total 682496K, used 678578K [0x00000000d5580000, 0x00000000fff00000, 0x0000000100000000)
  eden space 668160K, 100% used [0x00000000d5580000,0x00000000fe200000,0x00000000fe200000)
  from space 14336K, 72% used [0x00000000ff100000,0x00000000ffb2c990,0x00000000fff00000)
  to   space 14848K, 0% used [0x00000000fe200000,0x00000000fe200000,0x00000000ff080000)
 ParOldGen       total 316416K, used 111768K [0x0000000080000000, 0x0000000093500000, 0x00000000d5580000)
  object space 316416K, 35% used [0x0000000080000000,0x0000000086d261d0,0x0000000093500000)
 Metaspace       used 94119K, capacity 96585K, committed 99200K, reserved 1136640K
  class space    used 11244K, capacity 11641K, committed 12160K, reserved 1048576K
2023-04-21T00:10:02.391+0600: 2415474.474: [GC (GCLocker Initiated GC) [PSYoungGen: 678578K->8777K(683008K)] 790346K->120577K(999424K), 0.0089795 secs] [Times: user=0.01 sys=0.00, real=0.01 secs] 
Heap after GC invocations=749 (full 4):
 PSYoungGen      total 683008K, used 8777K [0x00000000d5580000, 0x0000000100000000, 0x0000000100000000)
  eden space 668160K, 0% used [0x00000000d5580000,0x00000000d5580000,0x00000000fe200000)
  from space 14848K, 59% used [0x00000000fe200000,0x00000000fea924d8,0x00000000ff080000)
  to   space 14848K, 0% used [0x00000000ff180000,0x00000000ff180000,0x0000000100000000)
 ParOldGen       total 316416K, used 111800K [0x0000000080000000, 0x0000000093500000, 0x00000000d5580000)
  object space 316416K, 35% used [0x0000000080000000,0x0000000086d2e1d0,0x0000000093500000)
 Metaspace       used 94119K, capacity 96585K, committed 99200K, reserved 1136640K
  class space    used 11244K, capacity 11641K, committed 12160K, reserved 1048576K
}
{Heap before GC invocations=750 (full 4):
 PSYoungGen      total 683008K, used 676937K [0x00000000d5580000, 0x0000000100000000, 0x0000000100000000)
  eden space 668160K, 100% used [0x00000000d5580000,0x00000000fe200000,0x00000000fe200000)
  from space 14848K, 59% used [0x00000000fe200000,0x00000000fea924d8,0x00000000ff080000)
  to   space 14848K, 0% used [0x00000000ff180000,0x00000000ff180000,0x0000000100000000)
 ParOldGen       total 316416K, used 115831K [0x0000000080000000, 0x0000000093500000, 0x00000000d5580000)
  object space 316416K, 36% used [0x0000000080000000,0x000000008711dde0,0x0000000093500000)
 Metaspace       used 94119K, capacity 96585K, committed 99200K, reserved 1136640K
  class space    used 11244K, capacity 11641K, committed 12160K, reserved 1048576K
2023-04-21T00:10:06.299+0600: 2415478.382: [GC (Allocation Failure) [PSYoungGen: 676937K->6665K(684032K)] 792768K->122520K(1000448K), 0.0136187 secs] [Times: user=0.03 sys=0.00, real=0.01 secs] 
Heap after GC invocations=750 (full 4):
 PSYoungGen      total 684032K, used 6665K [0x00000000d5580000, 0x0000000100000000, 0x0000000100000000)
  eden space 669184K, 0% used [0x00000000d5580000,0x00000000d5580000,0x00000000fe300000)
  from space 14848K, 44% used [0x00000000ff180000,0x00000000ff8024d8,0x0000000100000000)
  to   space 14848K, 0% used [0x00000000fe300000,0x00000000fe300000,0x00000000ff180000)
 ParOldGen       total 316416K, used 115855K [0x0000000080000000, 0x0000000093500000, 0x00000000d5580000)
  object space 316416K, 36% used [0x0000000080000000,0x0000000087123de0,0x0000000093500000)
 Metaspace       used 94119K, capacity 96585K, committed 99200K, reserved 1136640K
  class space    used 11244K, capacity 11641K, committed 12160K, reserved 1048576K
}
{Heap before GC invocations=751 (full 4):
 PSYoungGen      total 684032K, used 675849K [0x00000000d5580000, 0x0000000100000000, 0x0000000100000000)
  eden space 669184K, 100% used [0x00000000d5580000,0x00000000fe300000,0x00000000fe300000)
  from space 14848K, 44% used [0x00000000ff180000,0x00000000ff8024d8,0x0000000100000000)
  to   space 14848K, 0% used [0x00000000fe300000,0x00000000fe300000,0x00000000ff180000)
 ParOldGen       total 316416K, used 115855K [0x0000000080000000, 0x0000000093500000, 0x00000000d5580000)
  object space 316416K, 36% used [0x0000000080000000,0x0000000087123de0,0x0000000093500000)
 Metaspace       used 94119K, capacity 96585K, committed 99200K, reserved 1136640K
  class space    used 11244K, capacity 11641K, committed 12160K, reserved 1048576K
2023-04-21T00:10:09.325+0600: 2415481.408: [GC (Allocation Failure) [PSYoungGen: 675849K->8265K(684032K)] 791704K->124168K(1000448K), 0.0083979 secs] [Times: user=0.02 sys=0.00, real=0.01 secs] 
Heap after GC invocations=751 (full 4):
 PSYoungGen      total 684032K, used 8265K [0x00000000d5580000, 0x0000000100000000, 0x0000000100000000)
  eden space 669184K, 0% used [0x00000000d5580000,0x00000000d5580000,0x00000000fe300000)
  from space 14848K, 55% used [0x00000000fe300000,0x00000000feb124d8,0x00000000ff180000)
  to   space 14848K, 0% used [0x00000000ff180000,0x00000000ff180000,0x0000000100000000)
 ParOldGen       total 316416K, used 115903K [0x0000000080000000, 0x0000000093500000, 0x00000000d5580000)
  object space 316416K, 36% used [0x0000000080000000,0x000000008712fd30,0x0000000093500000)
 Metaspace       used 94119K, capacity 96585K, committed 99200K, reserved 1136640K
  class space    used 11244K, capacity 11641K, committed 12160K, reserved 1048576K
}
{Heap before GC invocations=752 (full 4):
 PSYoungGen      total 684032K, used 676786K [0x00000000d5580000, 0x0000000100000000, 0x0000000100000000)
  eden space 669184K, 99% used [0x00000000d5580000,0x00000000fe25a4d8,0x00000000fe300000)
  from space 14848K, 55% used [0x00000000fe300000,0x00000000feb124d8,0x00000000ff180000)
  to   space 14848K, 0% used [0x00000000ff180000,0x00000000ff180000,0x0000000100000000)
 ParOldGen       total 316416K, used 115903K [0x0000000080000000, 0x0000000093500000, 0x00000000d5580000)
  object space 316416K, 36% used [0x0000000080000000,0x000000008712fd30,0x0000000093500000)
 Metaspace       used 94119K, capacity 96585K, committed 99200K, reserved 1136640K
  class space    used 11244K, capacity 11641K, committed 12160K, reserved 1048576K
2023-04-21T00:10:13.288+0600: 2415485.370: [GC (Allocation Failure) [PSYoungGen: 676786K->10482K(683008K)] 792689K->126401K(999424K), 0.0153683 secs] [Times: user=0.02 sys=0.00, real=0.02 secs] 
Heap after GC invocations=752 (full 4):
 PSYoungGen      total 683008K, used 10482K [0x00000000d5580000, 0x00000000fff00000, 0x0000000100000000)
  eden space 669184K, 0% used [0x00000000d5580000,0x00000000d5580000,0x00000000fe300000)
  from space 13824K, 75% used [0x00000000ff180000,0x00000000ffbbc990,0x00000000fff00000)
  to   space 14336K, 0% used [0x00000000fe300000,0x00000000fe300000,0x00000000ff100000)
 ParOldGen       total 316416K, used 115919K [0x0000000080000000, 0x0000000093500000, 0x00000000d5580000)
  object space 316416K, 36% used [0x0000000080000000,0x0000000087133d30,0x0000000093500000)
 Metaspace       used 94119K, capacity 96585K, committed 99200K, reserved 1136640K
  class space    used 11244K, capacity 11641K, committed 12160K, reserved 1048576K
}
{Heap before GC invocations=753 (full 4):
 PSYoungGen      total 683008K, used 679666K [0x00000000d5580000, 0x00000000fff00000, 0x0000000100000000)
  eden space 669184K, 100% used [0x00000000d5580000,0x00000000fe300000,0x00000000fe300000)
  from space 13824K, 75% used [0x00000000ff180000,0x00000000ffbbc990,0x00000000fff00000)
  to   space 14336K, 0% used [0x00000000fe300000,0x00000000fe300000,0x00000000ff100000)
 ParOldGen       total 316416K, used 115919K [0x0000000080000000, 0x0000000093500000, 0x00000000d5580000)
  object space 316416K, 36% used [0x0000000080000000,0x0000000087133d30,0x0000000093500000)
 Metaspace       used 94119K, capacity 96585K, committed 99200K, reserved 1136640K
  class space    used 11244K, capacity 11641K, committed 12160K, reserved 1048576K
2023-04-21T00:10:16.536+0600: 2415488.619: [GC (Allocation Failure) [PSYoungGen: 679666K->1856K(683520K)] 795585K->117807K(999936K), 0.0082290 secs] [Times: user=0.01 sys=0.00, real=0.01 secs] 
Heap after GC invocations=753 (full 4):
 PSYoungGen      total 683520K, used 1856K [0x00000000d5580000, 0x0000000100000000, 0x0000000100000000)
  eden space 669184K, 0% used [0x00000000d5580000,0x00000000d5580000,0x00000000fe300000)
  from space 14336K, 12% used [0x00000000fe300000,0x00000000fe4d0040,0x00000000ff100000)
  to   space 15360K, 0% used [0x00000000ff100000,0x00000000ff100000,0x0000000100000000)
 ParOldGen       total 316416K, used 115951K [0x0000000080000000, 0x0000000093500000, 0x00000000d5580000)
  object space 316416K, 36% used [0x0000000080000000,0x000000008713bd30,0x0000000093500000)
 Metaspace       used 94119K, capacity 96585K, committed 99200K, reserved 1136640K
  class space    used 11244K, capacity 11641K, committed 12160K, reserved 1048576K
}
{Heap before GC invocations=754 (full 4):
 PSYoungGen      total 683520K, used 668808K [0x00000000d5580000, 0x0000000100000000, 0x0000000100000000)
  eden space 669184K, 99% used [0x00000000d5580000,0x00000000fe0d2290,0x00000000fe300000)
  from space 14336K, 12% used [0x00000000fe300000,0x00000000fe4d0040,0x00000000ff100000)
  to   space 15360K, 0% used [0x00000000ff100000,0x00000000ff100000,0x0000000100000000)
 ParOldGen       total 316416K, used 115951K [0x0000000080000000, 0x0000000093500000, 0x00000000d5580000)
  object space 316416K, 36% used [0x0000000080000000,0x000000008713bd30,0x0000000093500000)
 Metaspace       used 94119K, capacity 96585K, committed 99200K, reserved 1136640K
  class space    used 11244K, capacity 11641K, committed 12160K, reserved 1048576K
2023-04-21T00:10:20.887+0600: 2415492.969: [GC (Allocation Failure) [PSYoungGen: 668808K->10770K(683520K)] 784760K->126753K(999936K), 0.0115652 secs] [Times: user=0.02 sys=0.00, real=0.01 secs] 
Heap after GC invocations=754 (full 4):
 PSYoungGen      total 683520K, used 10770K [0x00000000d5580000, 0x0000000100000000, 0x0000000100000000)
  eden space 668160K, 0% used [0x00000000d5580000,0x00000000d5580000,0x00000000fe200000)
  from space 15360K, 70% used [0x00000000ff100000,0x00000000ffb849c0,0x0000000100000000)
  to   space 15360K, 0% used [0x00000000fe200000,0x00000000fe200000,0x00000000ff100000)
 ParOldGen       total 316416K, used 115983K [0x0000000080000000, 0x0000000093500000, 0x00000000d5580000)
  object space 316416K, 36% used [0x0000000080000000,0x0000000087143d30,0x0000000093500000)
 Metaspace       used 94119K, capacity 96585K, committed 99200K, reserved 1136640K
  class space    used 11244K, capacity 11641K, committed 12160K, reserved 1048576K
}
{Heap before GC invocations=755 (full 4):
 PSYoungGen      total 683520K, used 678930K [0x00000000d5580000, 0x0000000100000000, 0x0000000100000000)
  eden space 668160K, 100% used [0x00000000d5580000,0x00000000fe200000,0x00000000fe200000)
  from space 15360K, 70% used [0x00000000ff100000,0x00000000ffb849c0,0x0000000100000000)
  to   space 15360K, 0% used [0x00000000fe200000,0x00000000fe200000,0x00000000ff100000)
 ParOldGen       total 316416K, used 115983K [0x0000000080000000, 0x0000000093500000, 0x00000000d5580000)
  object space 316416K, 36% used [0x0000000080000000,0x0000000087143d30,0x0000000093500000)
 Metaspace       used 94119K, capacity 96585K, committed 99200K, reserved 1136640K
  class space    used 11244K, capacity 11641K, committed 12160K, reserved 1048576K
2023-04-21T00:10:24.511+0600: 2415496.594: [GC (Allocation Failure) [PSYoungGen: 678930K->3232K(671744K)] 794913K->119263K(988160K), 0.0139563 secs] [Times: user=0.03 sys=0.00, real=0.01 secs] 
Heap after GC invocations=755 (full 4):
 PSYoungGen      total 671744K, used 3232K [0x00000000d5580000, 0x0000000100000000, 0x0000000100000000)
  eden space 668160K, 0% used [0x00000000d5580000,0x00000000d5580000,0x00000000fe200000)
  from space 3584K, 90% used [0x00000000fe200000,0x00000000fe528050,0x00000000fe580000)
  to   space 15872K, 0% used [0x00000000ff080000,0x00000000ff080000,0x0000000100000000)
 ParOldGen       total 316416K, used 116031K [0x0000000080000000, 0x0000000093500000, 0x00000000d5580000)
  object space 316416K, 36% used [0x0000000080000000,0x000000008714fc80,0x0000000093500000)
 Metaspace       used 94119K, capacity 96585K, committed 99200K, reserved 1136640K
  class space    used 11244K, capacity 11641K, committed 12160K, reserved 1048576K
}
{Heap before GC invocations=756 (full 4):
 PSYoungGen      total 671744K, used 668887K [0x00000000d5580000, 0x0000000100000000, 0x0000000100000000)
  eden space 668160K, 99% used [0x00000000d5580000,0x00000000fdf8df98,0x00000000fe200000)
  from space 3584K, 90% used [0x00000000fe200000,0x00000000fe528050,0x00000000fe580000)
  to   space 15872K, 0% used [0x00000000ff080000,0x00000000ff080000,0x0000000100000000)
 ParOldGen       total 316416K, used 116031K [0x0000000080000000, 0x0000000093500000, 0x00000000d5580000)
  object space 316416K, 36% used [0x0000000080000000,0x000000008714fc80,0x0000000093500000)
 Metaspace       used 94119K, capacity 96585K, committed 99200K, reserved 1136640K
  class space    used 11244K, capacity 11641K, committed 12160K, reserved 1048576K
2023-04-21T00:10:28.295+0600: 2415500.378: [GC (Allocation Failure) [PSYoungGen: 668887K->14555K(679936K)] 784919K->130626K(996352K), 0.0153930 secs] [Times: user=0.03 sys=0.00, real=0.02 secs] 
Heap after GC invocations=756 (full 4):
 PSYoungGen      total 679936K, used 14555K [0x00000000d5580000, 0x0000000100000000, 0x0000000100000000)
  eden space 664064K, 0% used [0x00000000d5580000,0x00000000d5580000,0x00000000fde00000)
  from space 15872K, 91% used [0x00000000ff080000,0x00000000ffeb6e78,0x0000000100000000)
  to   space 17408K, 0% used [0x00000000fde00000,0x00000000fde00000,0x00000000fef00000)
 ParOldGen       total 316416K, used 116071K [0x0000000080000000, 0x0000000093500000, 0x00000000d5580000)
  object space 316416K, 36% used [0x0000000080000000,0x0000000087159c90,0x0000000093500000)
 Metaspace       used 94119K, capacity 96585K, committed 99200K, reserved 1136640K
  class space    used 11244K, capacity 11641K, committed 12160K, reserved 1048576K
}
{Heap before GC invocations=757 (full 4):
 PSYoungGen      total 679936K, used 677908K [0x00000000d5580000, 0x0000000100000000, 0x0000000100000000)
  eden space 664064K, 99% used [0x00000000d5580000,0x00000000fdd4e550,0x00000000fde00000)
  from space 15872K, 91% used [0x00000000ff080000,0x00000000ffeb6e78,0x0000000100000000)
  to   space 17408K, 0% used [0x00000000fde00000,0x00000000fde00000,0x00000000fef00000)
 ParOldGen       total 316416K, used 116071K [0x0000000080000000, 0x0000000093500000, 0x00000000d5580000)
  object space 316416K, 36% used [0x0000000080000000,0x0000000087159c90,0x0000000093500000)
 Metaspace       used 94119K, capacity 96585K, committed 99200K, reserved 1136640K
  class space    used 11244K, capacity 11641K, committed 12160K, reserved 1048576K
2023-04-21T00:10:31.829+0600: 2415503.912: [GC (Allocation Failure) [PSYoungGen: 677908K->7045K(681472K)] 793980K->123252K(997888K), 0.0167201 secs] [Times: user=0.02 sys=0.00, real=0.02 secs] 
Heap after GC invocations=757 (full 4):
 PSYoungGen      total 681472K, used 7045K [0x00000000d5580000, 0x0000000100000000, 0x0000000100000000)
  eden space 664064K, 0% used [0x00000000d5580000,0x00000000d5580000,0x00000000fde00000)
  from space 17408K, 40% used [0x00000000fde00000,0x00000000fe4e16b8,0x00000000fef00000)
  to   space 16896K, 0% used [0x00000000fef80000,0x00000000fef80000,0x0000000100000000)
 ParOldGen       total 316416K, used 116206K [0x0000000080000000, 0x0000000093500000, 0x00000000d5580000)
  object space 316416K, 36% used [0x0000000080000000,0x000000008717bb50,0x0000000093500000)
 Metaspace       used 94119K, capacity 96585K, committed 99200K, reserved 1136640K
  class space    used 11244K, capacity 11641K, committed 12160K, reserved 1048576K
}
{Heap before GC invocations=758 (full 4):
 PSYoungGen      total 681472K, used 669425K [0x00000000d5580000, 0x0000000100000000, 0x0000000100000000)
  eden space 664064K, 99% used [0x00000000d5580000,0x00000000fdc5ad58,0x00000000fde00000)
  from space 17408K, 40% used [0x00000000fde00000,0x00000000fe4e16b8,0x00000000fef00000)
  to   space 16896K, 0% used [0x00000000fef80000,0x00000000fef80000,0x0000000100000000)
 ParOldGen       total 316416K, used 116206K [0x0000000080000000, 0x0000000093500000, 0x00000000d5580000)
  object space 316416K, 36% used [0x0000000080000000,0x000000008717bb50,0x0000000093500000)
 Metaspace       used 94119K, capacity 96585K, committed 99200K, reserved 1136640K
  class space    used 11244K, capacity 11641K, committed 12160K, reserved 1048576K
2023-04-21T00:10:35.444+0600: 2415507.527: [GC (Allocation Failure) [PSYoungGen: 669425K->10642K(680960K)] 785631K->126873K(997376K), 0.0161099 secs] [Times: user=0.03 sys=0.00, real=0.02 secs] 
Heap after GC invocations=758 (full 4):
 PSYoungGen      total 680960K, used 10642K [0x00000000d5580000, 0x00000000fff80000, 0x0000000100000000)
  eden space 664576K, 0% used [0x00000000d5580000,0x00000000d5580000,0x00000000fde80000)
  from space 16384K, 64% used [0x00000000fef80000,0x00000000ff9e49b0,0x00000000fff80000)
  to   space 16896K, 0% used [0x00000000fde80000,0x00000000fde80000,0x00000000fef00000)
 ParOldGen       total 316416K, used 116230K [0x0000000080000000, 0x0000000093500000, 0x00000000d5580000)
  object space 316416K, 36% used [0x0000000080000000,0x0000000087181b50,0x0000000093500000)
 Metaspace       used 94119K, capacity 96585K, committed 99200K, reserved 1136640K
  class space    used 11244K, capacity 11641K, committed 12160K, reserved 1048576K
}
{Heap before GC invocations=759 (full 4):
 PSYoungGen      total 680960K, used 672126K [0x00000000d5580000, 0x00000000fff80000, 0x0000000100000000)
  eden space 664576K, 99% used [0x00000000d5580000,0x00000000fdb7afa8,0x00000000fde80000)
  from space 16384K, 64% used [0x00000000fef80000,0x00000000ff9e49b0,0x00000000fff80000)
  to   space 16896K, 0% used [0x00000000fde80000,0x00000000fde80000,0x00000000fef00000)
 ParOldGen       total 316416K, used 116230K [0x0000000080000000, 0x0000000093500000, 0x00000000d5580000)
  object space 316416K, 36% used [0x0000000080000000,0x0000000087181b50,0x0000000093500000)
 Metaspace       used 94119K, capacity 96585K, committed 99200K, reserved 1136640K
  class space    used 11244K, capacity 11641K, committed 12160K, reserved 1048576K
2023-04-21T00:10:38.790+0600: 2415510.873: [GC (Allocation Failure) [PSYoungGen: 672126K->7170K(681472K)] 788357K->123432K(997888K), 0.0139854 secs] [Times: user=0.02 sys=0.00, real=0.01 secs] 
Heap after GC invocations=759 (full 4):
 PSYoungGen      total 681472K, used 7170K [0x00000000d5580000, 0x00000000fff80000, 0x0000000100000000)
  eden space 664576K, 0% used [0x00000000d5580000,0x00000000d5580000,0x00000000fde80000)
  from space 16896K, 42% used [0x00000000fde80000,0x00000000fe580850,0x00000000fef00000)
  to   space 16384K, 0% used [0x00000000fef80000,0x00000000fef80000,0x00000000fff80000)
 ParOldGen       total 316416K, used 116262K [0x0000000080000000, 0x0000000093500000, 0x00000000d5580000)
  object space 316416K, 36% used [0x0000000080000000,0x0000000087189b50,0x0000000093500000)
 Metaspace       used 94119K, capacity 96585K, committed 99200K, reserved 1136640K
  class space    used 11244K, capacity 11641K, committed 12160K, reserved 1048576K
}
{Heap before GC invocations=760 (full 4):
 PSYoungGen      total 681472K, used 669287K [0x00000000d5580000, 0x00000000fff80000, 0x0000000100000000)
  eden space 664576K, 99% used [0x00000000d5580000,0x00000000fdc19780,0x00000000fde80000)
  from space 16896K, 42% used [0x00000000fde80000,0x00000000fe580850,0x00000000fef00000)
  to   space 16384K, 0% used [0x00000000fef80000,0x00000000fef80000,0x00000000fff80000)
 ParOldGen       total 316416K, used 116262K [0x0000000080000000, 0x0000000093500000, 0x00000000d5580000)
  object space 316416K, 36% used [0x0000000080000000,0x0000000087189b50,0x0000000093500000)
 Metaspace       used 94119K, capacity 96585K, committed 99200K, reserved 1136640K
  class space    used 11244K, capacity 11641K, committed 12160K, reserved 1048576K
2023-04-21T00:10:42.572+0600: 2415514.655: [GC (Allocation Failure) [PSYoungGen: 669287K->14427K(679424K)] 785550K->130722K(995840K), 0.0132194 secs] [Times: user=0.02 sys=0.00, real=0.01 secs] 
Heap after GC invocations=760 (full 4):
 PSYoungGen      total 679424K, used 14427K [0x00000000d5580000, 0x0000000100000000, 0x0000000100000000)
  eden space 663040K, 0% used [0x00000000d5580000,0x00000000d5580000,0x00000000fdd00000)
  from space 16384K, 88% used [0x00000000fef80000,0x00000000ffd96e68,0x00000000fff80000)
  to   space 17920K, 0% used [0x00000000fdd00000,0x00000000fdd00000,0x00000000fee80000)
 ParOldGen       total 316416K, used 116294K [0x0000000080000000, 0x0000000093500000, 0x00000000d5580000)
  object space 316416K, 36% used [0x0000000080000000,0x0000000087191b50,0x0000000093500000)
 Metaspace       used 94119K, capacity 96585K, committed 99200K, reserved 1136640K
  class space    used 11244K, capacity 11641K, committed 12160K, reserved 1048576K
}
{Heap before GC invocations=761 (full 4):
 PSYoungGen      total 679424K, used 676380K [0x00000000d5580000, 0x0000000100000000, 0x0000000100000000)
  eden space 663040K, 99% used [0x00000000d5580000,0x00000000fdbf0590,0x00000000fdd00000)
  from space 16384K, 88% used [0x00000000fef80000,0x00000000ffd96e68,0x00000000fff80000)
  to   space 17920K, 0% used [0x00000000fdd00000,0x00000000fdd00000,0x00000000fee80000)
 ParOldGen       total 316416K, used 116294K [0x0000000080000000, 0x0000000093500000, 0x00000000d5580000)
  object space 316416K, 36% used [0x0000000080000000,0x0000000087191b50,0x0000000093500000)
 Metaspace       used 94119K, capacity 96585K, committed 99200K, reserved 1136640K
  class space    used 11244K, capacity 11641K, committed 12160K, reserved 1048576K
2023-04-21T00:10:46.004+0600: 2415518.087: [GC (Allocation Failure) [PSYoungGen: 676380K->6889K(680960K)] 792675K->123216K(997376K), 0.0128306 secs] [Times: user=0.02 sys=0.00, real=0.01 secs] 
Heap after GC invocations=761 (full 4):
 PSYoungGen      total 680960K, used 6889K [0x00000000d5580000, 0x0000000100000000, 0x0000000100000000)
  eden space 663040K, 0% used [0x00000000d5580000,0x00000000d5580000,0x00000000fdd00000)
  from space 17920K, 38% used [0x00000000fdd00000,0x00000000fe3ba4f8,0x00000000fee80000)
  to   space 17408K, 0% used [0x00000000fef00000,0x00000000fef00000,0x0000000100000000)
 ParOldGen       total 316416K, used 116326K [0x0000000080000000, 0x0000000093500000, 0x00000000d5580000)
  object space 316416K, 36% used [0x0000000080000000,0x0000000087199b50,0x0000000093500000)
 Metaspace       used 94119K, capacity 96585K, committed 99200K, reserved 1136640K
  class space    used 11244K, capacity 11641K, committed 12160K, reserved 1048576K
}
{Heap before GC invocations=762 (full 4):
 PSYoungGen      total 680960K, used 666376K [0x00000000d5580000, 0x0000000100000000, 0x0000000100000000)
  eden space 663040K, 99% used [0x00000000d5580000,0x00000000fd987c38,0x00000000fdd00000)
  from space 17920K, 38% used [0x00000000fdd00000,0x00000000fe3ba4f8,0x00000000fee80000)
  to   space 17408K, 0% used [0x00000000fef00000,0x00000000fef00000,0x0000000100000000)
 ParOldGen       total 316416K, used 116326K [0x0000000080000000, 0x0000000093500000, 0x00000000d5580000)
  object space 316416K, 36% used [0x0000000080000000,0x0000000087199b50,0x0000000093500000)
 Metaspace       used 94119K, capacity 96585K, committed 99200K, reserved 1136640K
  class space    used 11244K, capacity 11641K, committed 12160K, reserved 1048576K
2023-04-21T00:10:49.507+0600: 2415521.590: [GC (Allocation Failure) [PSYoungGen: 666376K->14427K(679424K)] 782703K->130786K(995840K), 0.0108649 secs] [Times: user=0.02 sys=0.00, real=0.01 secs] 
Heap after GC invocations=762 (full 4):
 PSYoungGen      total 679424K, used 14427K [0x00000000d5580000, 0x0000000100000000, 0x0000000100000000)
  eden space 662016K, 0% used [0x00000000d5580000,0x00000000d5580000,0x00000000fdc00000)
  from space 17408K, 82% used [0x00000000fef00000,0x00000000ffd16e68,0x0000000100000000)
  to   space 18432K, 0% used [0x00000000fdc00000,0x00000000fdc00000,0x00000000fee00000)
 ParOldGen       total 316416K, used 116358K [0x0000000080000000, 0x0000000093500000, 0x00000000d5580000)
  object space 316416K, 36% used [0x0000000080000000,0x00000000871a1b50,0x0000000093500000)
 Metaspace       used 94119K, capacity 96585K, committed 99200K, reserved 1136640K
  class space    used 11244K, capacity 11641K, committed 12160K, reserved 1048576K
}
{Heap before GC invocations=763 (full 4):
 PSYoungGen      total 679424K, used 673739K [0x00000000d5580000, 0x0000000100000000, 0x0000000100000000)
  eden space 662016K, 99% used [0x00000000d5580000,0x00000000fd95c160,0x00000000fdc00000)
  from space 17408K, 82% used [0x00000000fef00000,0x00000000ffd16e68,0x0000000100000000)
  to   space 18432K, 0% used [0x00000000fdc00000,0x00000000fdc00000,0x00000000fee00000)
 ParOldGen       total 316416K, used 116358K [0x0000000080000000, 0x0000000093500000, 0x00000000d5580000)
  object space 316416K, 36% used [0x0000000080000000,0x00000000871a1b50,0x0000000093500000)
 Metaspace       used 94119K, capacity 96585K, committed 99200K, reserved 1136640K
  class space    used 11244K, capacity 11641K, committed 12160K, reserved 1048576K
2023-04-21T00:10:53.125+0600: 2415525.208: [GC (Allocation Failure) [PSYoungGen: 673739K->7330K(680448K)] 790098K->123720K(996864K), 0.0138921 secs] [Times: user=0.02 sys=0.00, real=0.02 secs] 
Heap after GC invocations=763 (full 4):
 PSYoungGen      total 680448K, used 7330K [0x00000000d5580000, 0x0000000100000000, 0x0000000100000000)
  eden space 662016K, 0% used [0x00000000d5580000,0x00000000d5580000,0x00000000fdc00000)
  from space 18432K, 39% used [0x00000000fdc00000,0x00000000fe328860,0x00000000fee00000)
  to   space 17920K, 0% used [0x00000000fee80000,0x00000000fee80000,0x0000000100000000)
 ParOldGen       total 316416K, used 116390K [0x0000000080000000, 0x0000000093500000, 0x00000000d5580000)
  object space 316416K, 36% used [0x0000000080000000,0x00000000871a9b50,0x0000000093500000)
 Metaspace       used 94119K, capacity 96585K, committed 99200K, reserved 1136640K
  class space    used 11244K, capacity 11641K, committed 12160K, reserved 1048576K
}
{Heap before GC invocations=764 (full 4):
 PSYoungGen      total 680448K, used 665634K [0x00000000d5580000, 0x0000000100000000, 0x0000000100000000)
  eden space 662016K, 99% used [0x00000000d5580000,0x00000000fd860188,0x00000000fdc00000)
  from space 18432K, 39% used [0x00000000fdc00000,0x00000000fe328860,0x00000000fee00000)
  to   space 17920K, 0% used [0x00000000fee80000,0x00000000fee80000,0x0000000100000000)
 ParOldGen       total 316416K, used 116390K [0x0000000080000000, 0x0000000093500000, 0x00000000d5580000)
  object space 316416K, 36% used [0x0000000080000000,0x00000000871a9b50,0x0000000093500000)
 Metaspace       used 94119K, capacity 96585K, committed 99200K, reserved 1136640K
  class space    used 11244K, capacity 11641K, committed 12160K, reserved 1048576K
2023-04-21T00:10:56.598+0600: 2415528.681: [GC (Allocation Failure) [PSYoungGen: 665634K->10770K(679936K)] 782025K->127209K(996352K), 0.0145775 secs] [Times: user=0.02 sys=0.00, real=0.02 secs] 
Heap after GC invocations=764 (full 4):
 PSYoungGen      total 679936K, used 10770K [0x00000000d5580000, 0x00000000fff80000, 0x0000000100000000)
  eden space 662528K, 0% used [0x00000000d5580000,0x00000000d5580000,0x00000000fdc80000)
  from space 17408K, 61% used [0x00000000fee80000,0x00000000ff9049c0,0x00000000fff80000)
  to   space 17920K, 0% used [0x00000000fdc80000,0x00000000fdc80000,0x00000000fee00000)
 ParOldGen       total 316416K, used 116438K [0x0000000080000000, 0x0000000093500000, 0x00000000d5580000)
  object space 316416K, 36% used [0x0000000080000000,0x00000000871b5b50,0x0000000093500000)
 Metaspace       used 94119K, capacity 96585K, committed 99200K, reserved 1136640K
  class space    used 11244K, capacity 11641K, committed 12160K, reserved 1048576K
}
{Heap before GC invocations=765 (full 4):
 PSYoungGen      total 679936K, used 672944K [0x00000000d5580000, 0x00000000fff80000, 0x0000000100000000)
  eden space 662528K, 99% used [0x00000000d5580000,0x00000000fdc277d8,0x00000000fdc80000)
  from space 17408K, 61% used [0x00000000fee80000,0x00000000ff9049c0,0x00000000fff80000)
  to   space 17920K, 0% used [0x00000000fdc80000,0x00000000fdc80000,0x00000000fee00000)
 ParOldGen       total 316416K, used 116438K [0x0000000080000000, 0x0000000093500000, 0x00000000d5580000)
  object space 316416K, 36% used [0x0000000080000000,0x00000000871b5b50,0x0000000093500000)
 Metaspace       used 94119K, capacity 96585K, committed 99200K, reserved 1136640K
  class space    used 11244K, capacity 11641K, committed 12160K, reserved 1048576K
2023-04-21T00:11:00.034+0600: 2415532.116: [GC (Allocation Failure) [PSYoungGen: 672944K->7266K(680448K)] 789383K->123728K(996864K), 0.0122891 secs] [Times: user=0.02 sys=0.00, real=0.01 secs] 
Heap after GC invocations=765 (full 4):
 PSYoungGen      total 680448K, used 7266K [0x00000000d5580000, 0x00000000fff80000, 0x0000000100000000)
  eden space 662528K, 0% used [0x00000000d5580000,0x00000000d5580000,0x00000000fdc80000)
  from space 17920K, 40% used [0x00000000fdc80000,0x00000000fe398860,0x00000000fee00000)
  to   space 17408K, 0% used [0x00000000fee80000,0x00000000fee80000,0x00000000fff80000)
 ParOldGen       total 316416K, used 116462K [0x0000000080000000, 0x0000000093500000, 0x00000000d5580000)
  object space 316416K, 36% used [0x0000000080000000,0x00000000871bbb50,0x0000000093500000)
 Metaspace       used 94119K, capacity 96585K, committed 99200K, reserved 1136640K
  class space    used 11244K, capacity 11641K, committed 12160K, reserved 1048576K
}
{Heap before GC invocations=766 (full 4):
 PSYoungGen      total 680448K, used 669609K [0x00000000d5580000, 0x00000000fff80000, 0x0000000100000000)
  eden space 662528K, 99% used [0x00000000d5580000,0x00000000fdc51e60,0x00000000fdc80000)
  from space 17920K, 40% used [0x00000000fdc80000,0x00000000fe398860,0x00000000fee00000)
  to   space 17408K, 0% used [0x00000000fee80000,0x00000000fee80000,0x00000000fff80000)
 ParOldGen       total 316416K, used 116462K [0x0000000080000000, 0x0000000093500000, 0x00000000d5580000)
  object space 316416K, 36% used [0x0000000080000000,0x00000000871bbb50,0x0000000093500000)
 Metaspace       used 94119K, capacity 96585K, committed 99200K, reserved 1136640K
  class space    used 11244K, capacity 11641K, committed 12160K, reserved 1048576K
2023-04-21T00:11:03.673+0600: 2415535.756: [GC (Allocation Failure) [PSYoungGen: 669609K->14491K(679424K)] 786072K->131050K(995840K), 0.0101756 secs] [Times: user=0.02 sys=0.00, real=0.01 secs] 
Heap after GC invocations=766 (full 4):
 PSYoungGen      total 679424K, used 14491K [0x00000000d5580000, 0x0000000100000000, 0x0000000100000000)
  eden space 662016K, 0% used [0x00000000d5580000,0x00000000d5580000,0x00000000fdc00000)
  from space 17408K, 83% used [0x00000000fee80000,0x00000000ffca6e78,0x00000000fff80000)
  to   space 18432K, 0% used [0x00000000fdc00000,0x00000000fdc00000,0x00000000fee00000)
 ParOldGen       total 316416K, used 116558K [0x0000000080000000, 0x0000000093500000, 0x00000000d5580000)
  object space 316416K, 36% used [0x0000000080000000,0x00000000871d3b80,0x0000000093500000)
 Metaspace       used 94119K, capacity 96585K, committed 99200K, reserved 1136640K
  class space    used 11244K, capacity 11641K, committed 12160K, reserved 1048576K
}
{Heap before GC invocations=767 (full 4):
 PSYoungGen      total 679424K, used 674360K [0x00000000d5580000, 0x0000000100000000, 0x0000000100000000)
  eden space 662016K, 99% used [0x00000000d5580000,0x00000000fd9e72f8,0x00000000fdc00000)
  from space 17408K, 83% used [0x00000000fee80000,0x00000000ffca6e78,0x00000000fff80000)
  to   space 18432K, 0% used [0x00000000fdc00000,0x00000000fdc00000,0x00000000fee00000)
 ParOldGen       total 316416K, used 116558K [0x0000000080000000, 0x0000000093500000, 0x00000000d5580000)
  object space 316416K, 36% used [0x0000000080000000,0x00000000871d3b80,0x0000000093500000)
 Metaspace       used 94119K, capacity 96585K, committed 99200K, reserved 1136640K
  class space    used 11244K, capacity 11641K, committed 12160K, reserved 1048576K
2023-04-21T00:11:07.006+0600: 2415539.089: [GC (Allocation Failure) [PSYoungGen: 674360K->7298K(680448K)] 790919K->123880K(996864K), 0.0131434 secs] [Times: user=0.03 sys=0.00, real=0.02 secs] 
Heap after GC invocations=767 (full 4):
 PSYoungGen      total 680448K, used 7298K [0x00000000d5580000, 0x0000000100000000, 0x0000000100000000)
  eden space 662016K, 0% used [0x00000000d5580000,0x00000000d5580000,0x00000000fdc00000)
  from space 18432K, 39% used [0x00000000fdc00000,0x00000000fe320870,0x00000000fee00000)
  to   space 17920K, 0% used [0x00000000fee80000,0x00000000fee80000,0x0000000100000000)
 ParOldGen       total 316416K, used 116582K [0x0000000080000000, 0x0000000093500000, 0x00000000d5580000)
  object space 316416K, 36% used [0x0000000080000000,0x00000000871d9b80,0x0000000093500000)
 Metaspace       used 94119K, capacity 96585K, committed 99200K, reserved 1136640K
  class space    used 11244K, capacity 11641K, committed 12160K, reserved 1048576K
}
{Heap before GC invocations=768 (full 4):
 PSYoungGen      total 680448K, used 665601K [0x00000000d5580000, 0x0000000100000000, 0x0000000100000000)
  eden space 662016K, 99% used [0x00000000d5580000,0x00000000fd85fe30,0x00000000fdc00000)
  from space 18432K, 39% used [0x00000000fdc00000,0x00000000fe320870,0x00000000fee00000)
  to   space 17920K, 0% used [0x00000000fee80000,0x00000000fee80000,0x0000000100000000)
 ParOldGen       total 316416K, used 116582K [0x0000000080000000, 0x0000000093500000, 0x00000000d5580000)
  object space 316416K, 36% used [0x0000000080000000,0x00000000871d9b80,0x0000000093500000)
 Metaspace       used 94119K, capacity 96585K, committed 99200K, reserved 1136640K
  class space    used 11244K, capacity 11641K, committed 12160K, reserved 1048576K
2023-04-21T00:11:11.228+0600: 2415543.311: [GC (Allocation Failure) [PSYoungGen: 665601K->10450K(678912K)] 782184K->127359K(995328K), 0.0122586 secs] [Times: user=0.02 sys=0.00, real=0.02 secs] 
Heap after GC invocations=768 (full 4):
 PSYoungGen      total 678912K, used 10450K [0x00000000d5580000, 0x00000000ffe80000, 0x0000000100000000)
  eden space 662528K, 0% used [0x00000000d5580000,0x00000000d5580000,0x00000000fdc80000)
  from space 16384K, 63% used [0x00000000fee80000,0x00000000ff8b49a0,0x00000000ffe80000)
  to   space 17408K, 0% used [0x00000000fdc80000,0x00000000fdc80000,0x00000000fed80000)
 ParOldGen       total 316416K, used 116909K [0x0000000080000000, 0x0000000093500000, 0x00000000d5580000)
  object space 316416K, 36% used [0x0000000080000000,0x000000008722b5b0,0x0000000093500000)
 Metaspace       used 94119K, capacity 96585K, committed 99200K, reserved 1136640K
  class space    used 11244K, capacity 11641K, committed 12160K, reserved 1048576K
}
{Heap before GC invocations=769 (full 4):
 PSYoungGen      total 678912K, used 671301K [0x00000000d5580000, 0x00000000ffe80000, 0x0000000100000000)
  eden space 662528K, 99% used [0x00000000d5580000,0x00000000fdadcd00,0x00000000fdc80000)
  from space 16384K, 63% used [0x00000000fee80000,0x00000000ff8b49a0,0x00000000ffe80000)
  to   space 17408K, 0% used [0x00000000fdc80000,0x00000000fdc80000,0x00000000fed80000)
 ParOldGen       total 316416K, used 116909K [0x0000000080000000, 0x0000000093500000, 0x00000000d5580000)
  object space 316416K, 36% used [0x0000000080000000,0x000000008722b5b0,0x0000000093500000)
 Metaspace       used 94119K, capacity 96585K, committed 99200K, reserved 1136640K
  class space    used 11244K, capacity 11641K, committed 12160K, reserved 1048576K
2023-04-21T00:11:14.761+0600: 2415546.844: [GC (Allocation Failure) [PSYoungGen: 671301K->6978K(679936K)] 788211K->123911K(996352K), 0.0131690 secs] [Times: user=0.03 sys=0.00, real=0.01 secs] 
Heap after GC invocations=769 (full 4):
 PSYoungGen      total 679936K, used 6978K [0x00000000d5580000, 0x0000000100000000, 0x0000000100000000)
  eden space 662528K, 0% used [0x00000000d5580000,0x00000000d5580000,0x00000000fdc80000)
  from space 17408K, 40% used [0x00000000fdc80000,0x00000000fe350840,0x00000000fed80000)
  to   space 17408K, 0% used [0x00000000fef00000,0x00000000fef00000,0x0000000100000000)
 ParOldGen       total 316416K, used 116933K [0x0000000080000000, 0x0000000093500000, 0x00000000d5580000)
  object space 316416K, 36% used [0x0000000080000000,0x00000000872315b0,0x0000000093500000)
 Metaspace       used 94119K, capacity 96585K, committed 99200K, reserved 1136640K
  class space    used 11244K, capacity 11641K, committed 12160K, reserved 1048576K
}
{Heap before GC invocations=770 (full 4):
 PSYoungGen      total 679936K, used 665742K [0x00000000d5580000, 0x0000000100000000, 0x0000000100000000)
  eden space 662528K, 99% used [0x00000000d5580000,0x00000000fd8d3010,0x00000000fdc80000)
  from space 17408K, 40% used [0x00000000fdc80000,0x00000000fe350840,0x00000000fed80000)
  to   space 17408K, 0% used [0x00000000fef00000,0x00000000fef00000,0x0000000100000000)
 ParOldGen       total 316416K, used 116933K [0x0000000080000000, 0x0000000093500000, 0x00000000d5580000)
  object space 316416K, 36% used [0x0000000080000000,0x00000000872315b0,0x0000000093500000)
 Metaspace       used 94119K, capacity 96585K, committed 99200K, reserved 1136640K
  class space    used 11244K, capacity 11641K, committed 12160K, reserved 1048576K
2023-04-21T00:11:18.449+0600: 2415550.532: [GC (Allocation Failure) [PSYoungGen: 665742K->10546K(680448K)] 782675K->127519K(996864K), 0.0142848 secs] [Times: user=0.03 sys=0.00, real=0.02 secs] 
Heap after GC invocations=770 (full 4):
 PSYoungGen      total 680448K, used 10546K [0x00000000d5580000, 0x00000000fff00000, 0x0000000100000000)
  eden space 664064K, 0% used [0x00000000d5580000,0x00000000d5580000,0x00000000fde00000)
  from space 16384K, 64% used [0x00000000fef00000,0x00000000ff94c9a0,0x00000000fff00000)
  to   space 16896K, 0% used [0x00000000fde00000,0x00000000fde00000,0x00000000fee80000)
 ParOldGen       total 316416K, used 116973K [0x0000000080000000, 0x0000000093500000, 0x00000000d5580000)
  object space 316416K, 36% used [0x0000000080000000,0x000000008723b5b0,0x0000000093500000)
 Metaspace       used 94119K, capacity 96585K, committed 99200K, reserved 1136640K
  class space    used 11244K, capacity 11641K, committed 12160K, reserved 1048576K
}
{Heap before GC invocations=771 (full 4):
 PSYoungGen      total 680448K, used 671234K [0x00000000d5580000, 0x00000000fff00000, 0x0000000100000000)
  eden space 664064K, 99% used [0x00000000d5580000,0x00000000fdab40e8,0x00000000fde00000)
  from space 16384K, 64% used [0x00000000fef00000,0x00000000ff94c9a0,0x00000000fff00000)
  to   space 16896K, 0% used [0x00000000fde00000,0x00000000fde00000,0x00000000fee80000)
 ParOldGen       total 316416K, used 116973K [0x0000000080000000, 0x0000000093500000, 0x00000000d5580000)
  object space 316416K, 36% used [0x0000000080000000,0x000000008723b5b0,0x0000000093500000)
 Metaspace       used 94119K, capacity 96585K, committed 99200K, reserved 1136640K
  class space    used 11244K, capacity 11641K, committed 12160K, reserved 1048576K
2023-04-21T00:11:21.952+0600: 2415554.035: [GC (Allocation Failure) [PSYoungGen: 671234K->7042K(680960K)] 788208K->124039K(997376K), 0.0120746 secs] [Times: user=0.02 sys=0.00, real=0.01 secs] 
Heap after GC invocations=771 (full 4):
 PSYoungGen      total 680960K, used 7042K [0x00000000d5580000, 0x00000000fff80000, 0x0000000100000000)
  eden space 664064K, 0% used [0x00000000d5580000,0x00000000d5580000,0x00000000fde00000)
  from space 16896K, 41% used [0x00000000fde00000,0x00000000fe4e0840,0x00000000fee80000)
  to   space 16384K, 0% used [0x00000000fef80000,0x00000000fef80000,0x00000000fff80000)
 ParOldGen       total 316416K, used 116997K [0x0000000080000000, 0x0000000093500000, 0x00000000d5580000)
  object space 316416K, 36% used [0x0000000080000000,0x00000000872415b0,0x0000000093500000)
 Metaspace       used 94119K, capacity 96585K, committed 99200K, reserved 1136640K
  class space    used 11244K, capacity 11641K, committed 12160K, reserved 1048576K
}
{Heap before GC invocations=772 (full 4):
 PSYoungGen      total 680960K, used 668753K [0x00000000d5580000, 0x00000000fff80000, 0x0000000100000000)
  eden space 664064K, 99% used [0x00000000d5580000,0x00000000fdbb3ca0,0x00000000fde00000)
  from space 16896K, 41% used [0x00000000fde00000,0x00000000fe4e0840,0x00000000fee80000)
  to   space 16384K, 0% used [0x00000000fef80000,0x00000000fef80000,0x00000000fff80000)
 ParOldGen       total 316416K, used 116997K [0x0000000080000000, 0x0000000093500000, 0x00000000d5580000)
  object space 316416K, 36% used [0x0000000080000000,0x00000000872415b0,0x0000000093500000)
 Metaspace       used 94119K, capacity 96585K, committed 99200K, reserved 1136640K
  class space    used 11244K, capacity 11641K, committed 12160K, reserved 1048576K
2023-04-21T00:11:25.570+0600: 2415557.653: [GC (Allocation Failure) [PSYoungGen: 668753K->14299K(679424K)] 785750K->131337K(995840K), 0.0142946 secs] [Times: user=0.02 sys=0.00, real=0.01 secs] 
Heap after GC invocations=772 (full 4):
 PSYoungGen      total 679424K, used 14299K [0x00000000d5580000, 0x0000000100000000, 0x0000000100000000)
  eden space 663040K, 0% used [0x00000000d5580000,0x00000000d5580000,0x00000000fdd00000)
  from space 16384K, 87% used [0x00000000fef80000,0x00000000ffd76e58,0x00000000fff80000)
  to   space 17920K, 0% used [0x00000000fdd00000,0x00000000fdd00000,0x00000000fee80000)
 ParOldGen       total 316416K, used 117037K [0x0000000080000000, 0x0000000093500000, 0x00000000d5580000)
  object space 316416K, 36% used [0x0000000080000000,0x000000008724b5b0,0x0000000093500000)
 Metaspace       used 94119K, capacity 96585K, committed 99200K, reserved 1136640K
  class space    used 11244K, capacity 11641K, committed 12160K, reserved 1048576K
}
{Heap before GC invocations=773 (full 4):
 PSYoungGen      total 679424K, used 675972K [0x00000000d5580000, 0x0000000100000000, 0x0000000100000000)
  eden space 663040K, 99% used [0x00000000d5580000,0x00000000fdbaa540,0x00000000fdd00000)
  from space 16384K, 87% used [0x00000000fef80000,0x00000000ffd76e58,0x00000000fff80000)
  to   space 17920K, 0% used [0x00000000fdd00000,0x00000000fdd00000,0x00000000fee80000)
 ParOldGen       total 316416K, used 117037K [0x0000000080000000, 0x0000000093500000, 0x00000000d5580000)
  object space 316416K, 36% used [0x0000000080000000,0x000000008724b5b0,0x0000000093500000)
 Metaspace       used 94119K, capacity 96585K, committed 99200K, reserved 1136640K
  class space    used 11244K, capacity 11641K, committed 12160K, reserved 1048576K
2023-04-21T00:11:29.000+0600: 2415561.082: [GC (Allocation Failure) [PSYoungGen: 675972K->7042K(680960K)] 793010K->124103K(997376K), 0.0150145 secs] [Times: user=0.03 sys=0.00, real=0.01 secs] 
Heap after GC invocations=773 (full 4):
 PSYoungGen      total 680960K, used 7042K [0x00000000d5580000, 0x0000000100000000, 0x0000000100000000)
  eden space 663040K, 0% used [0x00000000d5580000,0x00000000d5580000,0x00000000fdd00000)
  from space 17920K, 39% used [0x00000000fdd00000,0x00000000fe3e0840,0x00000000fee80000)
  to   space 17408K, 0% used [0x00000000fef00000,0x00000000fef00000,0x0000000100000000)
 ParOldGen       total 316416K, used 117061K [0x0000000080000000, 0x0000000093500000, 0x00000000d5580000)
  object space 316416K, 36% used [0x0000000080000000,0x00000000872515b0,0x0000000093500000)
 Metaspace       used 94119K, capacity 96585K, committed 99200K, reserved 1136640K
  class space    used 11244K, capacity 11641K, committed 12160K, reserved 1048576K
}
{Heap before GC invocations=774 (full 4):
 PSYoungGen      total 680960K, used 668572K [0x00000000d5580000, 0x0000000100000000, 0x0000000100000000)
  eden space 663040K, 99% used [0x00000000d5580000,0x00000000fdb86a38,0x00000000fdd00000)
  from space 17920K, 39% used [0x00000000fdd00000,0x00000000fe3e0840,0x00000000fee80000)
  to   space 17408K, 0% used [0x00000000fef00000,0x00000000fef00000,0x0000000100000000)
 ParOldGen       total 316416K, used 117061K [0x0000000080000000, 0x0000000093500000, 0x00000000d5580000)
  object space 316416K, 36% used [0x0000000080000000,0x00000000872515b0,0x0000000093500000)
 Metaspace       used 94119K, capacity 96585K, committed 99200K, reserved 1136640K
  class space    used 11244K, capacity 11641K, committed 12160K, reserved 1048576K
2023-04-21T00:11:32.674+0600: 2415564.757: [GC (Allocation Failure) [PSYoungGen: 668572K->14299K(679424K)] 785634K->131393K(995840K), 0.0161295 secs] [Times: user=0.02 sys=0.00, real=0.02 secs] 
Heap after GC invocations=774 (full 4):
 PSYoungGen      total 679424K, used 14299K [0x00000000d5580000, 0x0000000100000000, 0x0000000100000000)
  eden space 662016K, 0% used [0x00000000d5580000,0x00000000d5580000,0x00000000fdc00000)
  from space 17408K, 82% used [0x00000000fef00000,0x00000000ffcf6e58,0x0000000100000000)
  to   space 18432K, 0% used [0x00000000fdc00000,0x00000000fdc00000,0x00000000fee00000)
 ParOldGen       total 316416K, used 117093K [0x0000000080000000, 0x0000000093500000, 0x00000000d5580000)
  object space 316416K, 37% used [0x0000000080000000,0x00000000872595b0,0x0000000093500000)
 Metaspace       used 94119K, capacity 96585K, committed 99200K, reserved 1136640K
  class space    used 11244K, capacity 11641K, committed 12160K, reserved 1048576K
}
{Heap before GC invocations=775 (full 4):
 PSYoungGen      total 679424K, used 672705K [0x00000000d5580000, 0x0000000100000000, 0x0000000100000000)
  eden space 662016K, 99% used [0x00000000d5580000,0x00000000fd879990,0x00000000fdc00000)
  from space 17408K, 82% used [0x00000000fef00000,0x00000000ffcf6e58,0x0000000100000000)
  to   space 18432K, 0% used [0x00000000fdc00000,0x00000000fdc00000,0x00000000fee00000)
 ParOldGen       total 316416K, used 117093K [0x0000000080000000, 0x0000000093500000, 0x00000000d5580000)
  object space 316416K, 37% used [0x0000000080000000,0x00000000872595b0,0x0000000093500000)
 Metaspace       used 94119K, capacity 96585K, committed 99200K, reserved 1136640K
  class space    used 11244K, capacity 11641K, committed 12160K, reserved 1048576K
2023-04-21T00:11:36.062+0600: 2415568.145: [GC (Allocation Failure) [PSYoungGen: 672705K->7173K(680448K)] 789799K->124291K(996864K), 0.0138068 secs] [Times: user=0.03 sys=0.00, real=0.01 secs] 
Heap after GC invocations=775 (full 4):
 PSYoungGen      total 680448K, used 7173K [0x00000000d5580000, 0x0000000100000000, 0x0000000100000000)
  eden space 662016K, 0% used [0x00000000d5580000,0x00000000d5580000,0x00000000fdc00000)
  from space 18432K, 38% used [0x00000000fdc00000,0x00000000fe3016c8,0x00000000fee00000)
  to   space 17920K, 0% used [0x00000000fee80000,0x00000000fee80000,0x0000000100000000)
 ParOldGen       total 316416K, used 117117K [0x0000000080000000, 0x0000000093500000, 0x00000000d5580000)
  object space 316416K, 37% used [0x0000000080000000,0x000000008725f5b0,0x0000000093500000)
 Metaspace       used 94119K, capacity 96585K, committed 99200K, reserved 1136640K
  class space    used 11244K, capacity 11641K, committed 12160K, reserved 1048576K
}
{Heap before GC invocations=776 (full 4):
 PSYoungGen      total 680448K, used 665475K [0x00000000d5580000, 0x0000000100000000, 0x0000000100000000)
  eden space 662016K, 99% used [0x00000000d5580000,0x00000000fd85f818,0x00000000fdc00000)
  from space 18432K, 38% used [0x00000000fdc00000,0x00000000fe3016c8,0x00000000fee00000)
  to   space 17920K, 0% used [0x00000000fee80000,0x00000000fee80000,0x0000000100000000)
 ParOldGen       total 316416K, used 117117K [0x0000000080000000, 0x0000000093500000, 0x00000000d5580000)
  object space 316416K, 37% used [0x0000000080000000,0x000000008725f5b0,0x0000000093500000)
 Metaspace       used 94119K, capacity 96585K, committed 99200K, reserved 1136640K
  class space    used 11244K, capacity 11641K, committed 12160K, reserved 1048576K
2023-04-21T00:11:39.696+0600: 2415571.778: [GC (Allocation Failure) [PSYoungGen: 665475K->14715K(678912K)] 782593K->131873K(995328K), 0.0152221 secs] [Times: user=0.03 sys=0.00, real=0.02 secs] 
Heap after GC invocations=776 (full 4):
 PSYoungGen      total 678912K, used 14715K [0x00000000d5580000, 0x0000000100000000, 0x0000000100000000)
  eden space 660992K, 0% used [0x00000000d5580000,0x00000000d5580000,0x00000000fdb00000)
  from space 17920K, 82% used [0x00000000fee80000,0x00000000ffcdee88,0x0000000100000000)
  to   space 18944K, 0% used [0x00000000fdb00000,0x00000000fdb00000,0x00000000fed80000)
 ParOldGen       total 316416K, used 117157K [0x0000000080000000, 0x0000000093500000, 0x00000000d5580000)
  object space 316416K, 37% used [0x0000000080000000,0x00000000872695b0,0x0000000093500000)
 Metaspace       used 94119K, capacity 96585K, committed 99200K, reserved 1136640K
  class space    used 11244K, capacity 11641K, committed 12160K, reserved 1048576K
}
{Heap before GC invocations=777 (full 4):
 PSYoungGen      total 678912K, used 674430K [0x00000000d5580000, 0x0000000100000000, 0x0000000100000000)
  eden space 660992K, 99% used [0x00000000d5580000,0x00000000fd9c0a78,0x00000000fdb00000)
  from space 17920K, 82% used [0x00000000fee80000,0x00000000ffcdee88,0x0000000100000000)
  to   space 18944K, 0% used [0x00000000fdb00000,0x00000000fdb00000,0x00000000fed80000)
 ParOldGen       total 316416K, used 117157K [0x0000000080000000, 0x0000000093500000, 0x00000000d5580000)
  object space 316416K, 37% used [0x0000000080000000,0x00000000872695b0,0x0000000093500000)
 Metaspace       used 94119K, capacity 96585K, committed 99200K, reserved 1136640K
  class space    used 11244K, capacity 11641K, committed 12160K, reserved 1048576K
2023-04-21T00:11:43.194+0600: 2415575.277: [GC (Allocation Failure) [PSYoungGen: 674430K->6245K(679936K)] 791587K->123426K(996352K), 0.0138497 secs] [Times: user=0.02 sys=0.00, real=0.01 secs] 
Heap after GC invocations=777 (full 4):
 PSYoungGen      total 679936K, used 6245K [0x00000000d5580000, 0x0000000100000000, 0x0000000100000000)
  eden space 660992K, 0% used [0x00000000d5580000,0x00000000d5580000,0x00000000fdb00000)
  from space 18944K, 32% used [0x00000000fdb00000,0x00000000fe1194d8,0x00000000fed80000)
  to   space 18944K, 0% used [0x00000000fed80000,0x00000000fed80000,0x0000000100000000)
 ParOldGen       total 316416K, used 117181K [0x0000000080000000, 0x0000000093500000, 0x00000000d5580000)
  object space 316416K, 37% used [0x0000000080000000,0x000000008726f5b0,0x0000000093500000)
 Metaspace       used 94119K, capacity 96585K, committed 99200K, reserved 1136640K
  class space    used 11244K, capacity 11641K, committed 12160K, reserved 1048576K
}
{Heap before GC invocations=778 (full 4):
 PSYoungGen      total 679936K, used 666868K [0x00000000d5580000, 0x0000000100000000, 0x0000000100000000)
  eden space 660992K, 99% used [0x00000000d5580000,0x00000000fdaa3cf8,0x00000000fdb00000)
  from space 18944K, 32% used [0x00000000fdb00000,0x00000000fe1194d8,0x00000000fed80000)
  to   space 18944K, 0% used [0x00000000fed80000,0x00000000fed80000,0x0000000100000000)
 ParOldGen       total 316416K, used 117181K [0x0000000080000000, 0x0000000093500000, 0x00000000d5580000)
  object space 316416K, 37% used [0x0000000080000000,0x000000008726f5b0,0x0000000093500000)
 Metaspace       used 94119K, capacity 96585K, committed 99200K, reserved 1136640K
  class space    used 11244K, capacity 11641K, committed 12160K, reserved 1048576K
2023-04-21T00:11:46.769+0600: 2415578.852: [GC (Allocation Failure) [PSYoungGen: 666868K->14523K(677888K)] 784049K->131856K(994304K), 0.0159921 secs] [Times: user=0.03 sys=0.00, real=0.02 secs] 
Heap after GC invocations=778 (full 4):
 PSYoungGen      total 677888K, used 14523K [0x00000000d5580000, 0x0000000100000000, 0x0000000100000000)
  eden space 658944K, 0% used [0x00000000d5580000,0x00000000d5580000,0x00000000fd900000)
  from space 18944K, 76% used [0x00000000fed80000,0x00000000ffbaee78,0x0000000100000000)
  to   space 19968K, 0% used [0x00000000fd900000,0x00000000fd900000,0x00000000fec80000)
 ParOldGen       total 316416K, used 117332K [0x0000000080000000, 0x0000000093500000, 0x00000000d5580000)
  object space 316416K, 37% used [0x0000000080000000,0x00000000872953d0,0x0000000093500000)
 Metaspace       used 94119K, capacity 96585K, committed 99200K, reserved 1136640K
  class space    used 11244K, capacity 11641K, committed 12160K, reserved 1048576K
}
{Heap before GC invocations=779 (full 4):
 PSYoungGen      total 677888K, used 672784K [0x00000000d5580000, 0x0000000100000000, 0x0000000100000000)
  eden space 658944K, 99% used [0x00000000d5580000,0x00000000fd855580,0x00000000fd900000)
  from space 18944K, 76% used [0x00000000fed80000,0x00000000ffbaee78,0x0000000100000000)
  to   space 19968K, 0% used [0x00000000fd900000,0x00000000fd900000,0x00000000fec80000)
 ParOldGen       total 316416K, used 117332K [0x0000000080000000, 0x0000000093500000, 0x00000000d5580000)
  object space 316416K, 37% used [0x0000000080000000,0x00000000872953d0,0x0000000093500000)
 Metaspace       used 94119K, capacity 96585K, committed 99200K, reserved 1136640K
  class space    used 11244K, capacity 11641K, committed 12160K, reserved 1048576K
2023-04-21T00:11:50.329+0600: 2415582.412: [GC (Allocation Failure) [PSYoungGen: 672784K->5636K(678912K)] 790117K->122985K(995328K), 0.0121527 secs] [Times: user=0.02 sys=0.00, real=0.02 secs] 
Heap after GC invocations=779 (full 4):
 PSYoungGen      total 678912K, used 5636K [0x00000000d5580000, 0x0000000100000000, 0x0000000100000000)
  eden space 658944K, 0% used [0x00000000d5580000,0x00000000d5580000,0x00000000fd900000)
  from space 19968K, 28% used [0x00000000fd900000,0x00000000fde813c8,0x00000000fec80000)
  to   space 19456K, 0% used [0x00000000fed00000,0x00000000fed00000,0x0000000100000000)
 ParOldGen       total 316416K, used 117348K [0x0000000080000000, 0x0000000093500000, 0x00000000d5580000)
  object space 316416K, 37% used [0x0000000080000000,0x00000000872993d0,0x0000000093500000)
 Metaspace       used 94119K, capacity 96585K, committed 99200K, reserved 1136640K
  class space    used 11244K, capacity 11641K, committed 12160K, reserved 1048576K
}
{Heap before GC invocations=780 (full 4):
 PSYoungGen      total 678912K, used 664019K [0x00000000d5580000, 0x0000000100000000, 0x0000000100000000)
  eden space 658944K, 99% used [0x00000000d5580000,0x00000000fd873860,0x00000000fd900000)
  from space 19968K, 28% used [0x00000000fd900000,0x00000000fde813c8,0x00000000fec80000)
  to   space 19456K, 0% used [0x00000000fed00000,0x00000000fed00000,0x0000000100000000)
 ParOldGen       total 316416K, used 117348K [0x0000000080000000, 0x0000000093500000, 0x00000000d5580000)
  object space 316416K, 37% used [0x0000000080000000,0x00000000872993d0,0x0000000093500000)
 Metaspace       used 94119K, capacity 96585K, committed 99200K, reserved 1136640K
  class space    used 11244K, capacity 11641K, committed 12160K, reserved 1048576K
2023-04-21T00:11:53.918+0600: 2415586.001: [GC (Allocation Failure) [PSYoungGen: 664019K->10770K(677376K)] 781367K->128159K(993792K), 0.0127518 secs] [Times: user=0.02 sys=0.00, real=0.02 secs] 
Heap after GC invocations=780 (full 4):
 PSYoungGen      total 677376K, used 10770K [0x00000000d5580000, 0x00000000ffe80000, 0x0000000100000000)
  eden space 659456K, 0% used [0x00000000d5580000,0x00000000d5580000,0x00000000fd980000)
  from space 17920K, 60% used [0x00000000fed00000,0x00000000ff7849c0,0x00000000ffe80000)
  to   space 18944K, 0% used [0x00000000fd980000,0x00000000fd980000,0x00000000fec00000)
 ParOldGen       total 316416K, used 117388K [0x0000000080000000, 0x0000000093500000, 0x00000000d5580000)
  object space 316416K, 37% used [0x0000000080000000,0x00000000872a33d0,0x0000000093500000)
 Metaspace       used 94119K, capacity 96585K, committed 99200K, reserved 1136640K
  class space    used 11244K, capacity 11641K, committed 12160K, reserved 1048576K
}
{Heap before GC invocations=781 (full 4):
 PSYoungGen      total 677376K, used 670226K [0x00000000d5580000, 0x00000000ffe80000, 0x0000000100000000)
  eden space 659456K, 100% used [0x00000000d5580000,0x00000000fd980000,0x00000000fd980000)
  from space 17920K, 60% used [0x00000000fed00000,0x00000000ff7849c0,0x00000000ffe80000)
  to   space 18944K, 0% used [0x00000000fd980000,0x00000000fd980000,0x00000000fec00000)
 ParOldGen       total 316416K, used 117388K [0x0000000080000000, 0x0000000093500000, 0x00000000d5580000)
  object space 316416K, 37% used [0x0000000080000000,0x00000000872a33d0,0x0000000093500000)
 Metaspace       used 94119K, capacity 96585K, committed 99200K, reserved 1136640K
  class space    used 11244K, capacity 11641K, committed 12160K, reserved 1048576K
2023-04-21T00:11:57.433+0600: 2415589.515: [GC (Allocation Failure) [PSYoungGen: 670226K->2176K(678400K)] 787615K->119589K(994816K), 0.0130050 secs] [Times: user=0.02 sys=0.00, real=0.01 secs] 
Heap after GC invocations=781 (full 4):
 PSYoungGen      total 678400K, used 2176K [0x00000000d5580000, 0x0000000100000000, 0x0000000100000000)
  eden space 659456K, 0% used [0x00000000d5580000,0x00000000d5580000,0x00000000fd980000)
  from space 18944K, 11% used [0x00000000fd980000,0x00000000fdba0050,0x00000000fec00000)
  to   space 19456K, 0% used [0x00000000fed00000,0x00000000fed00000,0x0000000100000000)
 ParOldGen       total 316416K, used 117412K [0x0000000080000000, 0x0000000093500000, 0x00000000d5580000)
  object space 316416K, 37% used [0x0000000080000000,0x00000000872a93d0,0x0000000093500000)
 Metaspace       used 94119K, capacity 96585K, committed 99200K, reserved 1136640K
  class space    used 11244K, capacity 11641K, committed 12160K, reserved 1048576K
}
{Heap before GC invocations=782 (full 4):
 PSYoungGen      total 678400K, used 661325K [0x00000000d5580000, 0x0000000100000000, 0x0000000100000000)
  eden space 659456K, 99% used [0x00000000d5580000,0x00000000fd933480,0x00000000fd980000)
  from space 18944K, 11% used [0x00000000fd980000,0x00000000fdba0050,0x00000000fec00000)
  to   space 19456K, 0% used [0x00000000fed00000,0x00000000fed00000,0x0000000100000000)
 ParOldGen       total 316416K, used 117412K [0x0000000080000000, 0x0000000093500000, 0x00000000d5580000)
  object space 316416K, 37% used [0x0000000080000000,0x00000000872a93d0,0x0000000093500000)
 Metaspace       used 94119K, capacity 96585K, committed 99200K, reserved 1136640K
  class space    used 11244K, capacity 11641K, committed 12160K, reserved 1048576K
2023-04-21T00:12:00.929+0600: 2415593.012: [GC (Allocation Failure) [PSYoungGen: 661325K->14459K(677376K)] 778738K->131960K(993792K), 0.0131408 secs] [Times: user=0.03 sys=0.00, real=0.02 secs] 
Heap after GC invocations=782 (full 4):
 PSYoungGen      total 677376K, used 14459K [0x00000000d5580000, 0x0000000100000000, 0x0000000100000000)
  eden space 657920K, 0% used [0x00000000d5580000,0x00000000d5580000,0x00000000fd800000)
  from space 19456K, 74% used [0x00000000fed00000,0x00000000ffb1ee68,0x0000000100000000)
  to   space 20480K, 0% used [0x00000000fd800000,0x00000000fd800000,0x00000000fec00000)
 ParOldGen       total 316416K, used 117500K [0x0000000080000000, 0x0000000093500000, 0x00000000d5580000)
  object space 316416K, 37% used [0x0000000080000000,0x00000000872bf270,0x0000000093500000)
 Metaspace       used 94119K, capacity 96585K, committed 99200K, reserved 1136640K
  class space    used 11244K, capacity 11641K, committed 12160K, reserved 1048576K
}
{Heap before GC invocations=783 (full 4):
 PSYoungGen      total 677376K, used 672379K [0x00000000d5580000, 0x0000000100000000, 0x0000000100000000)
  eden space 657920K, 100% used [0x00000000d5580000,0x00000000fd800000,0x00000000fd800000)
  from space 19456K, 74% used [0x00000000fed00000,0x00000000ffb1ee68,0x0000000100000000)
  to   space 20480K, 0% used [0x00000000fd800000,0x00000000fd800000,0x00000000fec00000)
 ParOldGen       total 316416K, used 117500K [0x0000000080000000, 0x0000000093500000, 0x00000000d5580000)
  object space 316416K, 37% used [0x0000000080000000,0x00000000872bf270,0x0000000093500000)
 Metaspace       used 94119K, capacity 96585K, committed 99200K, reserved 1136640K
  class space    used 11244K, capacity 11641K, committed 12160K, reserved 1048576K
2023-04-21T00:12:04.532+0600: 2415596.615: [GC (Allocation Failure) [PSYoungGen: 672379K->1328K(659456K)] 789880K->118853K(975872K), 0.0136802 secs] [Times: user=0.02 sys=0.00, real=0.01 secs] 
Heap after GC invocations=783 (full 4):
 PSYoungGen      total 659456K, used 1328K [0x00000000d5580000, 0x0000000100000000, 0x0000000100000000)
  eden space 657920K, 0% used [0x00000000d5580000,0x00000000d5580000,0x00000000fd800000)
  from space 1536K, 86% used [0x00000000fd800000,0x00000000fd94c290,0x00000000fd980000)
  to   space 20992K, 0% used [0x00000000feb80000,0x00000000feb80000,0x0000000100000000)
 ParOldGen       total 316416K, used 117524K [0x0000000080000000, 0x0000000093500000, 0x00000000d5580000)
  object space 316416K, 37% used [0x0000000080000000,0x00000000872c5270,0x0000000093500000)
 Metaspace       used 94119K, capacity 96585K, committed 99200K, reserved 1136640K
  class space    used 11244K, capacity 11641K, committed 12160K, reserved 1048576K
}
{Heap before GC invocations=784 (full 4):
 PSYoungGen      total 659456K, used 655648K [0x00000000d5580000, 0x0000000100000000, 0x0000000100000000)
  eden space 657920K, 99% used [0x00000000d5580000,0x00000000fd47c130,0x00000000fd800000)
  from space 1536K, 86% used [0x00000000fd800000,0x00000000fd94c290,0x00000000fd980000)
  to   space 20992K, 0% used [0x00000000feb80000,0x00000000feb80000,0x0000000100000000)
 ParOldGen       total 316416K, used 117524K [0x0000000080000000, 0x0000000093500000, 0x00000000d5580000)
  object space 316416K, 37% used [0x0000000080000000,0x00000000872c5270,0x0000000093500000)
 Metaspace       used 94119K, capacity 96585K, committed 99200K, reserved 1136640K
  class space    used 11244K, capacity 11641K, committed 12160K, reserved 1048576K
2023-04-21T00:12:08.402+0600: 2415600.485: [GC (Allocation Failure) [PSYoungGen: 655648K->14667K(675840K)] 773173K->132224K(992256K), 0.0131822 secs] [Times: user=0.02 sys=0.00, real=0.01 secs] 
Heap after GC invocations=784 (full 4):
 PSYoungGen      total 675840K, used 14667K [0x00000000d5580000, 0x0000000100000000, 0x0000000100000000)
  eden space 654848K, 0% used [0x00000000d5580000,0x00000000d5580000,0x00000000fd500000)
  from space 20992K, 69% used [0x00000000feb80000,0x00000000ff9d2e88,0x0000000100000000)
  to   space 22016K, 0% used [0x00000000fd500000,0x00000000fd500000,0x00000000fea80000)
 ParOldGen       total 316416K, used 117556K [0x0000000080000000, 0x0000000093500000, 0x00000000d5580000)
  object space 316416K, 37% used [0x0000000080000000,0x00000000872cd270,0x0000000093500000)
 Metaspace       used 94119K, capacity 96585K, committed 99200K, reserved 1136640K
  class space    used 11244K, capacity 11641K, committed 12160K, reserved 1048576K
}
{Heap before GC invocations=785 (full 4):
 PSYoungGen      total 675840K, used 669515K [0x00000000d5580000, 0x0000000100000000, 0x0000000100000000)
  eden space 654848K, 99% used [0x00000000d5580000,0x00000000fd4fff20,0x00000000fd500000)
  from space 20992K, 69% used [0x00000000feb80000,0x00000000ff9d2e88,0x0000000100000000)
  to   space 22016K, 0% used [0x00000000fd500000,0x00000000fd500000,0x00000000fea80000)
 ParOldGen       total 316416K, used 117556K [0x0000000080000000, 0x0000000093500000, 0x00000000d5580000)
  object space 316416K, 37% used [0x0000000080000000,0x00000000872cd270,0x0000000093500000)
 Metaspace       used 94119K, capacity 96585K, committed 99200K, reserved 1136640K
  class space    used 11244K, capacity 11641K, committed 12160K, reserved 1048576K
2023-04-21T00:12:11.283+0600: 2415603.366: [GC (Allocation Failure) [PSYoungGen: 669515K->9212K(664064K)] 787072K->126849K(980480K), 0.0086533 secs] [Times: user=0.01 sys=0.00, real=0.01 secs] 
Heap after GC invocations=785 (full 4):
 PSYoungGen      total 664064K, used 9212K [0x00000000d5580000, 0x00000000ffe00000, 0x0000000100000000)
  eden space 654848K, 0% used [0x00000000d5580000,0x00000000d5580000,0x00000000fd500000)
  from space 9216K, 99% used [0x00000000fd500000,0x00000000fddff238,0x00000000fde00000)
  to   space 20480K, 0% used [0x00000000fea00000,0x00000000fea00000,0x00000000ffe00000)
 ParOldGen       total 316416K, used 117636K [0x0000000080000000, 0x0000000093500000, 0x00000000d5580000)
  object space 316416K, 37% used [0x0000000080000000,0x00000000872e12a0,0x0000000093500000)
 Metaspace       used 94119K, capacity 96585K, committed 99200K, reserved 1136640K
  class space    used 11244K, capacity 11641K, committed 12160K, reserved 1048576K
}
{Heap before GC invocations=786 (full 4):
 PSYoungGen      total 664064K, used 664052K [0x00000000d5580000, 0x00000000ffe00000, 0x0000000100000000)
  eden space 654848K, 99% used [0x00000000d5580000,0x00000000fd4fe160,0x00000000fd500000)
  from space 9216K, 99% used [0x00000000fd500000,0x00000000fddff238,0x00000000fde00000)
  to   space 20480K, 0% used [0x00000000fea00000,0x00000000fea00000,0x00000000ffe00000)
 ParOldGen       total 316416K, used 117636K [0x0000000080000000, 0x0000000093500000, 0x00000000d5580000)
  object space 316416K, 37% used [0x0000000080000000,0x00000000872e12a0,0x0000000093500000)
 Metaspace       used 94119K, capacity 96585K, committed 99200K, reserved 1136640K
  class space    used 11244K, capacity 11641K, committed 12160K, reserved 1048576K
2023-04-21T00:12:15.288+0600: 2415607.371: [GC (Allocation Failure) [PSYoungGen: 664052K->12624K(676352K)] 781689K->130293K(992768K), 0.0124150 secs] [Times: user=0.02 sys=0.00, real=0.02 secs] 
Heap after GC invocations=786 (full 4):
 PSYoungGen      total 676352K, used 12624K [0x00000000d5580000, 0x0000000100000000, 0x0000000100000000)
  eden space 655872K, 0% used [0x00000000d5580000,0x00000000d5580000,0x00000000fd600000)
  from space 20480K, 61% used [0x00000000fea00000,0x00000000ff654340,0x00000000ffe00000)
  to   space 20480K, 0% used [0x00000000fd600000,0x00000000fd600000,0x00000000fea00000)
 ParOldGen       total 316416K, used 117668K [0x0000000080000000, 0x0000000093500000, 0x00000000d5580000)
  object space 316416K, 37% used [0x0000000080000000,0x00000000872e92a0,0x0000000093500000)
 Metaspace       used 94119K, capacity 96585K, committed 99200K, reserved 1136640K
  class space    used 11244K, capacity 11641K, committed 12160K, reserved 1048576K
}
{Heap before GC invocations=787 (full 4):
 PSYoungGen      total 676352K, used 668496K [0x00000000d5580000, 0x0000000100000000, 0x0000000100000000)
  eden space 655872K, 100% used [0x00000000d5580000,0x00000000fd600000,0x00000000fd600000)
  from space 20480K, 61% used [0x00000000fea00000,0x00000000ff654340,0x00000000ffe00000)
  to   space 20480K, 0% used [0x00000000fd600000,0x00000000fd600000,0x00000000fea00000)
 ParOldGen       total 316416K, used 117668K [0x0000000080000000, 0x0000000093500000, 0x00000000d5580000)
  object space 316416K, 37% used [0x0000000080000000,0x00000000872e92a0,0x0000000093500000)
 Metaspace       used 94119K, capacity 96585K, committed 99200K, reserved 1136640K
  class space    used 11244K, capacity 11641K, committed 12160K, reserved 1048576K
2023-04-21T00:12:18.363+0600: 2415610.445: [GC (Allocation Failure) [PSYoungGen: 668496K->8746K(676352K)] 786165K->126439K(992768K), 0.0082093 secs] [Times: user=0.02 sys=0.00, real=0.01 secs] 
Heap after GC invocations=787 (full 4):
 PSYoungGen      total 676352K, used 8746K [0x00000000d5580000, 0x00000000fff00000, 0x0000000100000000)
  eden space 655872K, 0% used [0x00000000d5580000,0x00000000d5580000,0x00000000fd600000)
  from space 20480K, 42% used [0x00000000fd600000,0x00000000fde8aba8,0x00000000fea00000)
  to   space 19968K, 0% used [0x00000000feb80000,0x00000000feb80000,0x00000000fff00000)
 ParOldGen       total 316416K, used 117692K [0x0000000080000000, 0x0000000093500000, 0x00000000d5580000)
  object space 316416K, 37% used [0x0000000080000000,0x00000000872ef2a0,0x0000000093500000)
 Metaspace       used 94119K, capacity 96585K, committed 99200K, reserved 1136640K
  class space    used 11244K, capacity 11641K, committed 12160K, reserved 1048576K
}
{Heap before GC invocations=788 (full 4):
 PSYoungGen      total 676352K, used 664485K [0x00000000d5580000, 0x00000000fff00000, 0x0000000100000000)
  eden space 655872K, 99% used [0x00000000d5580000,0x00000000fd5de9e8,0x00000000fd600000)
  from space 20480K, 42% used [0x00000000fd600000,0x00000000fde8aba8,0x00000000fea00000)
  to   space 19968K, 0% used [0x00000000feb80000,0x00000000feb80000,0x00000000fff00000)
 ParOldGen       total 316416K, used 117692K [0x0000000080000000, 0x0000000093500000, 0x00000000d5580000)
  object space 316416K, 37% used [0x0000000080000000,0x00000000872ef2a0,0x0000000093500000)
 Metaspace       used 94119K, capacity 96585K, committed 99200K, reserved 1136640K
  class space    used 11244K, capacity 11641K, committed 12160K, reserved 1048576K
2023-04-21T00:12:22.383+0600: 2415614.466: [GC (Allocation Failure) [PSYoungGen: 664485K->10738K(677888K)] 782178K->128471K(994304K), 0.0140899 secs] [Times: user=0.03 sys=0.00, real=0.01 secs] 
Heap after GC invocations=788 (full 4):
 PSYoungGen      total 677888K, used 10738K [0x00000000d5580000, 0x00000000ffe80000, 0x0000000100000000)
  eden space 658432K, 0% used [0x00000000d5580000,0x00000000d5580000,0x00000000fd880000)
  from space 19456K, 55% used [0x00000000feb80000,0x00000000ff5fc9c0,0x00000000ffe80000)
  to   space 19456K, 0% used [0x00000000fd880000,0x00000000fd880000,0x00000000feb80000)
 ParOldGen       total 316416K, used 117732K [0x0000000080000000, 0x0000000093500000, 0x00000000d5580000)
  object space 316416K, 37% used [0x0000000080000000,0x00000000872f92a0,0x0000000093500000)
 Metaspace       used 94119K, capacity 96585K, committed 99200K, reserved 1136640K
  class space    used 11244K, capacity 11641K, committed 12160K, reserved 1048576K
}
{Heap before GC invocations=789 (full 4):
 PSYoungGen      total 677888K, used 669170K [0x00000000d5580000, 0x00000000ffe80000, 0x0000000100000000)
  eden space 658432K, 100% used [0x00000000d5580000,0x00000000fd880000,0x00000000fd880000)
  from space 19456K, 55% used [0x00000000feb80000,0x00000000ff5fc9c0,0x00000000ffe80000)
  to   space 19456K, 0% used [0x00000000fd880000,0x00000000fd880000,0x00000000feb80000)
 ParOldGen       total 316416K, used 117751K [0x0000000080000000, 0x0000000093500000, 0x00000000d5580000)
  object space 316416K, 37% used [0x0000000080000000,0x00000000872fdf68,0x0000000093500000)
 Metaspace       used 94119K, capacity 96585K, committed 99200K, reserved 1136640K
  class space    used 11244K, capacity 11641K, committed 12160K, reserved 1048576K
2023-04-21T00:12:25.491+0600: 2415617.574: [GC (GCLocker Initiated GC) [PSYoungGen: 669170K->9161K(677888K)] 786922K->126937K(994304K), 0.0102013 secs] [Times: user=0.02 sys=0.00, real=0.01 secs] 
Heap after GC invocations=789 (full 4):
 PSYoungGen      total 677888K, used 9161K [0x00000000d5580000, 0x00000000ffe00000, 0x0000000100000000)
  eden space 658432K, 0% used [0x00000000d5580000,0x00000000d5580000,0x00000000fd880000)
  from space 19456K, 47% used [0x00000000fd880000,0x00000000fe172508,0x00000000feb80000)
  to   space 18432K, 0% used [0x00000000fec00000,0x00000000fec00000,0x00000000ffe00000)
 ParOldGen       total 316416K, used 117775K [0x0000000080000000, 0x0000000093500000, 0x00000000d5580000)
  object space 316416K, 37% used [0x0000000080000000,0x0000000087303f68,0x0000000093500000)
 Metaspace       used 94119K, capacity 96585K, committed 99200K, reserved 1136640K
  class space    used 11244K, capacity 11641K, committed 12160K, reserved 1048576K
}
{Heap before GC invocations=790 (full 4):
 PSYoungGen      total 677888K, used 667593K [0x00000000d5580000, 0x00000000ffe00000, 0x0000000100000000)
  eden space 658432K, 100% used [0x00000000d5580000,0x00000000fd880000,0x00000000fd880000)
  from space 19456K, 47% used [0x00000000fd880000,0x00000000fe172508,0x00000000feb80000)
  to   space 18432K, 0% used [0x00000000fec00000,0x00000000fec00000,0x00000000ffe00000)
 ParOldGen       total 316416K, used 131076K [0x0000000080000000, 0x0000000093500000, 0x00000000d5580000)
  object space 316416K, 41% used [0x0000000080000000,0x00000000880010f8,0x0000000093500000)
 Metaspace       used 94119K, capacity 96585K, committed 99200K, reserved 1136640K
  class space    used 11244K, capacity 11641K, committed 12160K, reserved 1048576K
2023-04-21T00:12:29.809+0600: 2415621.892: [GC (Allocation Failure) [PSYoungGen: 667593K->6729K(678912K)] 798669K->138076K(995328K), 0.0142693 secs] [Times: user=0.03 sys=0.00, real=0.01 secs] 
Heap after GC invocations=790 (full 4):
 PSYoungGen      total 678912K, used 6729K [0x00000000d5580000, 0x00000000ffe00000, 0x0000000100000000)
  eden space 660480K, 0% used [0x00000000d5580000,0x00000000d5580000,0x00000000fda80000)
  from space 18432K, 36% used [0x00000000fec00000,0x00000000ff2924e8,0x00000000ffe00000)
  to   space 17920K, 0% used [0x00000000fda80000,0x00000000fda80000,0x00000000fec00000)
 ParOldGen       total 316416K, used 131347K [0x0000000080000000, 0x0000000093500000, 0x00000000d5580000)
  object space 316416K, 41% used [0x0000000080000000,0x0000000088044d38,0x0000000093500000)
 Metaspace       used 94119K, capacity 96585K, committed 99200K, reserved 1136640K
  class space    used 11244K, capacity 11641K, committed 12160K, reserved 1048576K
}
{Heap before GC invocations=791 (full 4):
 PSYoungGen      total 678912K, used 667209K [0x00000000d5580000, 0x00000000ffe00000, 0x0000000100000000)
  eden space 660480K, 100% used [0x00000000d5580000,0x00000000fda80000,0x00000000fda80000)
  from space 18432K, 36% used [0x00000000fec00000,0x00000000ff2924e8,0x00000000ffe00000)
  to   space 17920K, 0% used [0x00000000fda80000,0x00000000fda80000,0x00000000fec00000)
 ParOldGen       total 316416K, used 131347K [0x0000000080000000, 0x0000000093500000, 0x00000000d5580000)
  object space 316416K, 41% used [0x0000000080000000,0x0000000088044d38,0x0000000093500000)
 Metaspace       used 94119K, capacity 96585K, committed 99200K, reserved 1136640K
  class space    used 11244K, capacity 11641K, committed 12160K, reserved 1048576K
2023-04-21T00:12:32.962+0600: 2415625.045: [GC (Allocation Failure) [PSYoungGen: 667209K->800K(678400K)] 798556K->132290K(994816K), 0.0085647 secs] [Times: user=0.02 sys=0.00, real=0.01 secs] 
Heap after GC invocations=791 (full 4):
 PSYoungGen      total 678400K, used 800K [0x00000000d5580000, 0x0000000100000000, 0x0000000100000000)
  eden space 660480K, 0% used [0x00000000d5580000,0x00000000d5580000,0x00000000fda80000)
  from space 17920K, 4% used [0x00000000fda80000,0x00000000fdb48010,0x00000000fec00000)
  to   space 18432K, 0% used [0x00000000fee00000,0x00000000fee00000,0x0000000100000000)
 ParOldGen       total 316416K, used 131490K [0x0000000080000000, 0x0000000093500000, 0x00000000d5580000)
  object space 316416K, 41% used [0x0000000080000000,0x0000000088068b58,0x0000000093500000)
 Metaspace       used 94119K, capacity 96585K, committed 99200K, reserved 1136640K
  class space    used 11244K, capacity 11641K, committed 12160K, reserved 1048576K
}
{Heap before GC invocations=792 (full 4):
 PSYoungGen      total 678400K, used 658884K [0x00000000d5580000, 0x0000000100000000, 0x0000000100000000)
  eden space 660480K, 99% used [0x00000000d5580000,0x00000000fd829268,0x00000000fda80000)
  from space 17920K, 4% used [0x00000000fda80000,0x00000000fdb48010,0x00000000fec00000)
  to   space 18432K, 0% used [0x00000000fee00000,0x00000000fee00000,0x0000000100000000)
 ParOldGen       total 316416K, used 131490K [0x0000000080000000, 0x0000000093500000, 0x00000000d5580000)
  object space 316416K, 41% used [0x0000000080000000,0x0000000088068b58,0x0000000093500000)
 Metaspace       used 94119K, capacity 96585K, committed 99200K, reserved 1136640K
  class space    used 11244K, capacity 11641K, committed 12160K, reserved 1048576K
2023-04-21T00:12:36.931+0600: 2415629.014: [GC (Allocation Failure) [PSYoungGen: 658884K->12328K(679424K)] 790375K->143851K(995840K), 0.0135021 secs] [Times: user=0.03 sys=0.00, real=0.01 secs] 
Heap after GC invocations=792 (full 4):
 PSYoungGen      total 679424K, used 12328K [0x00000000d5580000, 0x0000000100000000, 0x0000000100000000)
  eden space 660992K, 0% used [0x00000000d5580000,0x00000000d5580000,0x00000000fdb00000)
  from space 18432K, 66% used [0x00000000fee00000,0x00000000ffa0a1a0,0x0000000100000000)
  to   space 18944K, 0% used [0x00000000fdb00000,0x00000000fdb00000,0x00000000fed80000)
 ParOldGen       total 316416K, used 131522K [0x0000000080000000, 0x0000000093500000, 0x00000000d5580000)
  object space 316416K, 41% used [0x0000000080000000,0x0000000088070b58,0x0000000093500000)
 Metaspace       used 94119K, capacity 96585K, committed 99200K, reserved 1136640K
  class space    used 11244K, capacity 11641K, committed 12160K, reserved 1048576K
}
{Heap before GC invocations=793 (full 4):
 PSYoungGen      total 679424K, used 673320K [0x00000000d5580000, 0x0000000100000000, 0x0000000100000000)
  eden space 660992K, 100% used [0x00000000d5580000,0x00000000fdb00000,0x00000000fdb00000)
  from space 18432K, 66% used [0x00000000fee00000,0x00000000ffa0a1a0,0x0000000100000000)
  to   space 18944K, 0% used [0x00000000fdb00000,0x00000000fdb00000,0x00000000fed80000)
 ParOldGen       total 316416K, used 131522K [0x0000000080000000, 0x0000000093500000, 0x00000000d5580000)
  object space 316416K, 41% used [0x0000000080000000,0x0000000088070b58,0x0000000093500000)
 Metaspace       used 94119K, capacity 96585K, committed 99200K, reserved 1136640K
  class space    used 11244K, capacity 11641K, committed 12160K, reserved 1048576K
2023-04-21T00:12:40.050+0600: 2415632.132: [GC (Allocation Failure) [PSYoungGen: 673320K->1376K(662528K)] 804843K->132922K(978944K), 0.0076706 secs] [Times: user=0.01 sys=0.00, real=0.00 secs] 
Heap after GC invocations=793 (full 4):
 PSYoungGen      total 662528K, used 1376K [0x00000000d5580000, 0x0000000100000000, 0x0000000100000000)
  eden space 660992K, 0% used [0x00000000d5580000,0x00000000d5580000,0x00000000fdb00000)
  from space 1536K, 89% used [0x00000000fdb00000,0x00000000fdc58010,0x00000000fdc80000)
  to   space 19456K, 0% used [0x00000000fed00000,0x00000000fed00000,0x0000000100000000)
 ParOldGen       total 316416K, used 131546K [0x0000000080000000, 0x0000000093500000, 0x00000000d5580000)
  object space 316416K, 41% used [0x0000000080000000,0x0000000088076b58,0x0000000093500000)
 Metaspace       used 94119K, capacity 96585K, committed 99200K, reserved 1136640K
  class space    used 11244K, capacity 11641K, committed 12160K, reserved 1048576K
}
{Heap before GC invocations=794 (full 4):
 PSYoungGen      total 662528K, used 659920K [0x00000000d5580000, 0x0000000100000000, 0x0000000100000000)
  eden space 660992K, 99% used [0x00000000d5580000,0x00000000fd89c148,0x00000000fdb00000)
  from space 1536K, 89% used [0x00000000fdb00000,0x00000000fdc58010,0x00000000fdc80000)
  to   space 19456K, 0% used [0x00000000fed00000,0x00000000fed00000,0x0000000100000000)
 ParOldGen       total 316416K, used 131546K [0x0000000080000000, 0x0000000093500000, 0x00000000d5580000)
  object space 316416K, 41% used [0x0000000080000000,0x0000000088076b58,0x0000000093500000)
 Metaspace       used 94119K, capacity 96585K, committed 99200K, reserved 1136640K
  class space    used 11244K, capacity 11641K, committed 12160K, reserved 1048576K
2023-04-21T00:12:43.929+0600: 2415636.012: [GC (Allocation Failure) [PSYoungGen: 659920K->12408K(678400K)] 791467K->143995K(994816K), 0.0122117 secs] [Times: user=0.02 sys=0.00, real=0.02 secs] 
Heap after GC invocations=794 (full 4):
 PSYoungGen      total 678400K, used 12408K [0x00000000d5580000, 0x0000000100000000, 0x0000000100000000)
  eden space 658944K, 0% used [0x00000000d5580000,0x00000000d5580000,0x00000000fd900000)
  from space 19456K, 63% used [0x00000000fed00000,0x00000000ff91e3d0,0x0000000100000000)
  to   space 19968K, 0% used [0x00000000fd900000,0x00000000fd900000,0x00000000fec80000)
 ParOldGen       total 316416K, used 131586K [0x0000000080000000, 0x0000000093500000, 0x00000000d5580000)
  object space 316416K, 41% used [0x0000000080000000,0x0000000088080b58,0x0000000093500000)
 Metaspace       used 94119K, capacity 96585K, committed 99200K, reserved 1136640K
  class space    used 11244K, capacity 11641K, committed 12160K, reserved 1048576K
}
{Heap before GC invocations=795 (full 4):
 PSYoungGen      total 678400K, used 671352K [0x00000000d5580000, 0x0000000100000000, 0x0000000100000000)
  eden space 658944K, 100% used [0x00000000d5580000,0x00000000fd900000,0x00000000fd900000)
  from space 19456K, 63% used [0x00000000fed00000,0x00000000ff91e3d0,0x0000000100000000)
  to   space 19968K, 0% used [0x00000000fd900000,0x00000000fd900000,0x00000000fec80000)
 ParOldGen       total 316416K, used 131586K [0x0000000080000000, 0x0000000093500000, 0x00000000d5580000)
  object space 316416K, 41% used [0x0000000080000000,0x0000000088080b58,0x0000000093500000)
 Metaspace       used 94119K, capacity 96585K, committed 99200K, reserved 1136640K
  class space    used 11244K, capacity 11641K, committed 12160K, reserved 1048576K
2023-04-21T00:12:47.011+0600: 2415639.093: [GC (Allocation Failure) [PSYoungGen: 671352K->1473K(678912K)] 802939K->133083K(995328K), 0.0089358 secs] [Times: user=0.02 sys=0.00, real=0.01 secs] 
Heap after GC invocations=795 (full 4):
 PSYoungGen      total 678912K, used 1473K [0x00000000d5580000, 0x0000000100000000, 0x0000000100000000)
  eden space 658944K, 0% used [0x00000000d5580000,0x00000000d5580000,0x00000000fd900000)
  from space 19968K, 7% used [0x00000000fd900000,0x00000000fda70470,0x00000000fec80000)
  to   space 19968K, 0% used [0x00000000fec80000,0x00000000fec80000,0x0000000100000000)
 ParOldGen       total 316416K, used 131610K [0x0000000080000000, 0x0000000093500000, 0x00000000d5580000)
  object space 316416K, 41% used [0x0000000080000000,0x0000000088086b58,0x0000000093500000)
 Metaspace       used 94119K, capacity 96585K, committed 99200K, reserved 1136640K
  class space    used 11244K, capacity 11641K, committed 12160K, reserved 1048576K
}
{Heap before GC invocations=796 (full 4):
 PSYoungGen      total 678912K, used 660417K [0x00000000d5580000, 0x0000000100000000, 0x0000000100000000)
  eden space 658944K, 100% used [0x00000000d5580000,0x00000000fd900000,0x00000000fd900000)
  from space 19968K, 7% used [0x00000000fd900000,0x00000000fda70470,0x00000000fec80000)
  to   space 19968K, 0% used [0x00000000fec80000,0x00000000fec80000,0x0000000100000000)
 ParOldGen       total 316416K, used 131610K [0x0000000080000000, 0x0000000093500000, 0x00000000d5580000)
  object space 316416K, 41% used [0x0000000080000000,0x0000000088086b58,0x0000000093500000)
 Metaspace       used 94119K, capacity 96585K, committed 99200K, reserved 1136640K
  class space    used 11244K, capacity 11641K, committed 12160K, reserved 1048576K
2023-04-21T00:12:51.030+0600: 2415643.113: [GC (Allocation Failure) [PSYoungGen: 660417K->12489K(677888K)] 792027K->144140K(994304K), 0.0169481 secs] [Times: user=0.03 sys=0.00, real=0.01 secs] 
Heap after GC invocations=796 (full 4):
 PSYoungGen      total 677888K, used 12489K [0x00000000d5580000, 0x0000000100000000, 0x0000000100000000)
  eden space 657920K, 0% used [0x00000000d5580000,0x00000000d5580000,0x00000000fd800000)
  from space 19968K, 62% used [0x00000000fec80000,0x00000000ff8b2600,0x0000000100000000)
  to   space 20480K, 0% used [0x00000000fd800000,0x00000000fd800000,0x00000000fec00000)
 ParOldGen       total 316416K, used 131650K [0x0000000080000000, 0x0000000093500000, 0x00000000d5580000)
  object space 316416K, 41% used [0x0000000080000000,0x0000000088090b58,0x0000000093500000)
 Metaspace       used 94119K, capacity 96585K, committed 99200K, reserved 1136640K
  class space    used 11244K, capacity 11641K, committed 12160K, reserved 1048576K
}
{Heap before GC invocations=797 (full 4):
 PSYoungGen      total 677888K, used 670409K [0x00000000d5580000, 0x0000000100000000, 0x0000000100000000)
  eden space 657920K, 100% used [0x00000000d5580000,0x00000000fd800000,0x00000000fd800000)
  from space 19968K, 62% used [0x00000000fec80000,0x00000000ff8b2600,0x0000000100000000)
  to   space 20480K, 0% used [0x00000000fd800000,0x00000000fd800000,0x00000000fec00000)
 ParOldGen       total 316416K, used 131650K [0x0000000080000000, 0x0000000093500000, 0x00000000d5580000)
  object space 316416K, 41% used [0x0000000080000000,0x0000000088090b58,0x0000000093500000)
 Metaspace       used 94119K, capacity 96585K, committed 99200K, reserved 1136640K
  class space    used 11244K, capacity 11641K, committed 12160K, reserved 1048576K
2023-04-21T00:12:54.058+0600: 2415646.141: [GC (Allocation Failure) [PSYoungGen: 670409K->8985K(667136K)] 802060K->140660K(983552K), 0.0090705 secs] [Times: user=0.02 sys=0.00, real=0.01 secs] 
Heap after GC invocations=797 (full 4):
 PSYoungGen      total 667136K, used 8985K [0x00000000d5580000, 0x00000000ffe80000, 0x0000000100000000)
  eden space 657920K, 0% used [0x00000000d5580000,0x00000000d5580000,0x00000000fd800000)
  from space 9216K, 97% used [0x00000000fd800000,0x00000000fe0c6708,0x00000000fe100000)
  to   space 19456K, 0% used [0x00000000feb80000,0x00000000feb80000,0x00000000ffe80000)
 ParOldGen       total 316416K, used 131674K [0x0000000080000000, 0x0000000093500000, 0x00000000d5580000)
  object space 316416K, 41% used [0x0000000080000000,0x0000000088096b58,0x0000000093500000)
 Metaspace       used 94119K, capacity 96585K, committed 99200K, reserved 1136640K
  class space    used 11244K, capacity 11641K, committed 12160K, reserved 1048576K
}
{Heap before GC invocations=798 (full 4):
 PSYoungGen      total 667136K, used 666905K [0x00000000d5580000, 0x00000000ffe80000, 0x0000000100000000)
  eden space 657920K, 100% used [0x00000000d5580000,0x00000000fd800000,0x00000000fd800000)
  from space 9216K, 97% used [0x00000000fd800000,0x00000000fe0c6708,0x00000000fe100000)
  to   space 19456K, 0% used [0x00000000feb80000,0x00000000feb80000,0x00000000ffe80000)
 ParOldGen       total 316416K, used 131674K [0x0000000080000000, 0x0000000093500000, 0x00000000d5580000)
  object space 316416K, 41% used [0x0000000080000000,0x0000000088096b58,0x0000000093500000)
 Metaspace       used 94119K, capacity 96585K, committed 99200K, reserved 1136640K
  class space    used 11244K, capacity 11641K, committed 12160K, reserved 1048576K
2023-04-21T00:12:58.134+0600: 2415650.217: [GC (Allocation Failure) [PSYoungGen: 666905K->11517K(677888K)] 798580K->143295K(994304K), 0.0161964 secs] [Times: user=0.03 sys=0.00, real=0.02 secs] 
Heap after GC invocations=798 (full 4):
 PSYoungGen      total 677888K, used 11517K [0x00000000d5580000, 0x0000000100000000, 0x0000000100000000)
  eden space 658432K, 0% used [0x00000000d5580000,0x00000000d5580000,0x00000000fd880000)
  from space 19456K, 59% used [0x00000000feb80000,0x00000000ff6bf5a0,0x00000000ffe80000)
  to   space 19456K, 0% used [0x00000000fd880000,0x00000000fd880000,0x00000000feb80000)
 ParOldGen       total 316416K, used 131778K [0x0000000080000000, 0x0000000093500000, 0x00000000d5580000)
  object space 316416K, 41% used [0x0000000080000000,0x00000000880b0898,0x0000000093500000)
 Metaspace       used 94119K, capacity 96585K, committed 99200K, reserved 1136640K
  class space    used 11244K, capacity 11641K, committed 12160K, reserved 1048576K
}
{Heap before GC invocations=799 (full 4):
 PSYoungGen      total 677888K, used 669949K [0x00000000d5580000, 0x0000000100000000, 0x0000000100000000)
  eden space 658432K, 100% used [0x00000000d5580000,0x00000000fd880000,0x00000000fd880000)
  from space 19456K, 59% used [0x00000000feb80000,0x00000000ff6bf5a0,0x00000000ffe80000)
  to   space 19456K, 0% used [0x00000000fd880000,0x00000000fd880000,0x00000000feb80000)
 ParOldGen       total 316416K, used 131778K [0x0000000080000000, 0x0000000093500000, 0x00000000d5580000)
  object space 316416K, 41% used [0x0000000080000000,0x00000000880b0898,0x0000000093500000)
 Metaspace       used 94119K, capacity 96585K, committed 99200K, reserved 1136640K
  class space    used 11244K, capacity 11641K, committed 12160K, reserved 1048576K
2023-04-21T00:13:01.217+0600: 2415653.300: [GC (Allocation Failure) [PSYoungGen: 669949K->8905K(677888K)] 801727K->140715K(994304K), 0.0088800 secs] [Times: user=0.02 sys=0.00, real=0.01 secs] 
Heap after GC invocations=799 (full 4):
 PSYoungGen      total 677888K, used 8905K [0x00000000d5580000, 0x00000000ffe00000, 0x0000000100000000)
  eden space 658432K, 0% used [0x00000000d5580000,0x00000000d5580000,0x00000000fd880000)
  from space 19456K, 45% used [0x00000000fd880000,0x00000000fe1324d8,0x00000000feb80000)
  to   space 18432K, 0% used [0x00000000fec00000,0x00000000fec00000,0x00000000ffe00000)
 ParOldGen       total 316416K, used 131809K [0x0000000080000000, 0x0000000093500000, 0x00000000d5580000)
  object space 316416K, 41% used [0x0000000080000000,0x00000000880b87e8,0x0000000093500000)
 Metaspace       used 94119K, capacity 96585K, committed 99200K, reserved 1136640K
  class space    used 11244K, capacity 11641K, committed 12160K, reserved 1048576K
}
{Heap before GC invocations=800 (full 4):
 PSYoungGen      total 677888K, used 665226K [0x00000000d5580000, 0x00000000ffe00000, 0x0000000100000000)
  eden space 658432K, 99% used [0x00000000d5580000,0x00000000fd670650,0x00000000fd880000)
  from space 19456K, 45% used [0x00000000fd880000,0x00000000fe1324d8,0x00000000feb80000)
  to   space 18432K, 0% used [0x00000000fec00000,0x00000000fec00000,0x00000000ffe00000)
 ParOldGen       total 316416K, used 131809K [0x0000000080000000, 0x0000000093500000, 0x00000000d5580000)
  object space 316416K, 41% used [0x0000000080000000,0x00000000880b87e8,0x0000000093500000)
 Metaspace       used 94119K, capacity 96585K, committed 99200K, reserved 1136640K
  class space    used 11244K, capacity 11641K, committed 12160K, reserved 1048576K
2023-04-21T00:13:05.242+0600: 2415657.324: [GC (Allocation Failure) [PSYoungGen: 665226K->10596K(678400K)] 797036K->142453K(994816K), 0.0137342 secs] [Times: user=0.02 sys=0.00, real=0.01 secs] 
Heap after GC invocations=800 (full 4):
 PSYoungGen      total 678400K, used 10596K [0x00000000d5580000, 0x00000000fff00000, 0x0000000100000000)
  eden space 659968K, 0% used [0x00000000d5580000,0x00000000d5580000,0x00000000fda00000)
  from space 18432K, 57% used [0x00000000fec00000,0x00000000ff659020,0x00000000ffe00000)
  to   space 18432K, 0% used [0x00000000fda00000,0x00000000fda00000,0x00000000fec00000)
 ParOldGen       total 316416K, used 131857K [0x0000000080000000, 0x0000000093500000, 0x00000000d5580000)
  object space 316416K, 41% used [0x0000000080000000,0x00000000880c4738,0x0000000093500000)
 Metaspace       used 94119K, capacity 96585K, committed 99200K, reserved 1136640K
  class space    used 11244K, capacity 11641K, committed 12160K, reserved 1048576K
}
{Heap before GC invocations=801 (full 4):
 PSYoungGen      total 678400K, used 670564K [0x00000000d5580000, 0x00000000fff00000, 0x0000000100000000)
  eden space 659968K, 100% used [0x00000000d5580000,0x00000000fda00000,0x00000000fda00000)
  from space 18432K, 57% used [0x00000000fec00000,0x00000000ff659020,0x00000000ffe00000)
  to   space 18432K, 0% used [0x00000000fda00000,0x00000000fda00000,0x00000000fec00000)
 ParOldGen       total 316416K, used 131857K [0x0000000080000000, 0x0000000093500000, 0x00000000d5580000)
  object space 316416K, 41% used [0x0000000080000000,0x00000000880c4738,0x0000000093500000)
 Metaspace       used 94120K, capacity 96585K, committed 99200K, reserved 1136640K
  class space    used 11244K, capacity 11641K, committed 12160K, reserved 1048576K
2023-04-21T00:13:08.294+0600: 2415660.377: [GC (Allocation Failure) [PSYoungGen: 670564K->9147K(678400K)] 802421K->141045K(994816K), 0.0090343 secs] [Times: user=0.01 sys=0.00, real=0.01 secs] 
Heap after GC invocations=801 (full 4):
 PSYoungGen      total 678400K, used 9147K [0x00000000d5580000, 0x00000000ffe00000, 0x0000000100000000)
  eden space 659968K, 0% used [0x00000000d5580000,0x00000000d5580000,0x00000000fda00000)
  from space 18432K, 49% used [0x00000000fda00000,0x00000000fe2eedc8,0x00000000fec00000)
  to   space 17408K, 0% used [0x00000000fed00000,0x00000000fed00000,0x00000000ffe00000)
 ParOldGen       total 316416K, used 131897K [0x0000000080000000, 0x0000000093500000, 0x00000000d5580000)
  object space 316416K, 41% used [0x0000000080000000,0x00000000880ce738,0x0000000093500000)
 Metaspace       used 94120K, capacity 96585K, committed 99200K, reserved 1136640K
  class space    used 11244K, capacity 11641K, committed 12160K, reserved 1048576K
}
{Heap before GC invocations=802 (full 4):
 PSYoungGen      total 678400K, used 668735K [0x00000000d5580000, 0x00000000ffe00000, 0x0000000100000000)
  eden space 659968K, 99% used [0x00000000d5580000,0x00000000fd9a0ee0,0x00000000fda00000)
  from space 18432K, 49% used [0x00000000fda00000,0x00000000fe2eedc8,0x00000000fec00000)
  to   space 17408K, 0% used [0x00000000fed00000,0x00000000fed00000,0x00000000ffe00000)
 ParOldGen       total 316416K, used 131897K [0x0000000080000000, 0x0000000093500000, 0x00000000d5580000)
  object space 316416K, 41% used [0x0000000080000000,0x00000000880ce738,0x0000000093500000)
 Metaspace       used 94120K, capacity 96585K, committed 99200K, reserved 1136640K
  class space    used 11244K, capacity 11641K, committed 12160K, reserved 1048576K
2023-04-21T00:13:12.187+0600: 2415664.269: [GC (Allocation Failure) [PSYoungGen: 668735K->13822K(678400K)] 800632K->145752K(994816K), 0.0189570 secs] [Times: user=0.03 sys=0.00, real=0.02 secs] 
Heap after GC invocations=802 (full 4):
 PSYoungGen      total 678400K, used 13822K [0x00000000d5580000, 0x0000000100000000, 0x0000000100000000)
  eden space 660992K, 0% used [0x00000000d5580000,0x00000000d5580000,0x00000000fdb00000)
  from space 17408K, 79% used [0x00000000fed00000,0x00000000ffa7fa90,0x00000000ffe00000)
  to   space 18432K, 0% used [0x00000000fdb00000,0x00000000fdb00000,0x00000000fed00000)
 ParOldGen       total 316416K, used 131929K [0x0000000080000000, 0x0000000093500000, 0x00000000d5580000)
  object space 316416K, 41% used [0x0000000080000000,0x00000000880d6738,0x0000000093500000)
 Metaspace       used 94120K, capacity 96585K, committed 99200K, reserved 1136640K
  class space    used 11244K, capacity 11641K, committed 12160K, reserved 1048576K
}
{Heap before GC invocations=803 (full 4):
 PSYoungGen      total 678400K, used 674814K [0x00000000d5580000, 0x0000000100000000, 0x0000000100000000)
  eden space 660992K, 100% used [0x00000000d5580000,0x00000000fdb00000,0x00000000fdb00000)
  from space 17408K, 79% used [0x00000000fed00000,0x00000000ffa7fa90,0x00000000ffe00000)
  to   space 18432K, 0% used [0x00000000fdb00000,0x00000000fdb00000,0x00000000fed00000)
 ParOldGen       total 316416K, used 131929K [0x0000000080000000, 0x0000000093500000, 0x00000000d5580000)
  object space 316416K, 41% used [0x0000000080000000,0x00000000880d6738,0x0000000093500000)
 Metaspace       used 94120K, capacity 96585K, committed 99200K, reserved 1136640K
  class space    used 11244K, capacity 11641K, committed 12160K, reserved 1048576K
2023-04-21T00:13:15.996+0600: 2415668.079: [GC (Allocation Failure) [PSYoungGen: 674814K->10010K(679424K)] 806744K->141964K(995840K), 0.0094636 secs] [Times: user=0.02 sys=0.00, real=0.01 secs] 
Heap after GC invocations=803 (full 4):
 PSYoungGen      total 679424K, used 10010K [0x00000000d5580000, 0x0000000100000000, 0x0000000100000000)
  eden space 660992K, 0% used [0x00000000d5580000,0x00000000d5580000,0x00000000fdb00000)
  from space 18432K, 54% used [0x00000000fdb00000,0x00000000fe4c6958,0x00000000fed00000)
  to   space 17920K, 0% used [0x00000000fee80000,0x00000000fee80000,0x0000000100000000)
 ParOldGen       total 316416K, used 131953K [0x0000000080000000, 0x0000000093500000, 0x00000000d5580000)
  object space 316416K, 41% used [0x0000000080000000,0x00000000880dc738,0x0000000093500000)
 Metaspace       used 94120K, capacity 96585K, committed 99200K, reserved 1136640K
  class space    used 11244K, capacity 11641K, committed 12160K, reserved 1048576K
}
{Heap before GC invocations=804 (full 4):
 PSYoungGen      total 679424K, used 669163K [0x00000000d5580000, 0x0000000100000000, 0x0000000100000000)
  eden space 660992K, 99% used [0x00000000d5580000,0x00000000fd934528,0x00000000fdb00000)
  from space 18432K, 54% used [0x00000000fdb00000,0x00000000fe4c6958,0x00000000fed00000)
  to   space 17920K, 0% used [0x00000000fee80000,0x00000000fee80000,0x0000000100000000)
 ParOldGen       total 316416K, used 131953K [0x0000000080000000, 0x0000000093500000, 0x00000000d5580000)
  object space 316416K, 41% used [0x0000000080000000,0x00000000880dc738,0x0000000093500000)
 Metaspace       used 94120K, capacity 96585K, committed 99200K, reserved 1136640K
  class space    used 11244K, capacity 11641K, committed 12160K, reserved 1048576K
2023-04-21T00:13:19.862+0600: 2415671.945: [GC (Allocation Failure) [PSYoungGen: 669163K->15999K(677888K)] 801117K->147993K(994304K), 0.0136864 secs] [Times: user=0.02 sys=0.00, real=0.01 secs] 
Heap after GC invocations=804 (full 4):
 PSYoungGen      total 677888K, used 15999K [0x00000000d5580000, 0x0000000100000000, 0x0000000100000000)
  eden space 659968K, 0% used [0x00000000d5580000,0x00000000d5580000,0x00000000fda00000)
  from space 17920K, 89% used [0x00000000fee80000,0x00000000ffe1fde8,0x0000000100000000)
  to   space 19456K, 0% used [0x00000000fda00000,0x00000000fda00000,0x00000000fed00000)
 ParOldGen       total 316416K, used 131993K [0x0000000080000000, 0x0000000093500000, 0x00000000d5580000)
  object space 316416K, 41% used [0x0000000080000000,0x00000000880e6738,0x0000000093500000)
 Metaspace       used 94120K, capacity 96585K, committed 99200K, reserved 1136640K
  class space    used 11244K, capacity 11641K, committed 12160K, reserved 1048576K
}
{Heap before GC invocations=805 (full 4):
 PSYoungGen      total 677888K, used 675967K [0x00000000d5580000, 0x0000000100000000, 0x0000000100000000)
  eden space 659968K, 100% used [0x00000000d5580000,0x00000000fda00000,0x00000000fda00000)
  from space 17920K, 89% used [0x00000000fee80000,0x00000000ffe1fde8,0x0000000100000000)
  to   space 19456K, 0% used [0x00000000fda00000,0x00000000fda00000,0x00000000fed00000)
 ParOldGen       total 316416K, used 131993K [0x0000000080000000, 0x0000000093500000, 0x00000000d5580000)
  object space 316416K, 41% used [0x0000000080000000,0x00000000880e6738,0x0000000093500000)
 Metaspace       used 94120K, capacity 96585K, committed 99200K, reserved 1136640K
  class space    used 11244K, capacity 11641K, committed 12160K, reserved 1048576K
2023-04-21T00:13:23.254+0600: 2415675.337: [GC (Allocation Failure) [PSYoungGen: 675967K->10076K(679424K)] 807961K->142110K(995840K), 0.0093430 secs] [Times: user=0.02 sys=0.00, real=0.01 secs] 
Heap after GC invocations=805 (full 4):
 PSYoungGen      total 679424K, used 10076K [0x00000000d5580000, 0x00000000fff80000, 0x0000000100000000)
  eden space 659968K, 0% used [0x00000000d5580000,0x00000000d5580000,0x00000000fda00000)
  from space 19456K, 51% used [0x00000000fda00000,0x00000000fe3d7248,0x00000000fed00000)
  to   space 18432K, 0% used [0x00000000fed80000,0x00000000fed80000,0x00000000fff80000)
 ParOldGen       total 316416K, used 132033K [0x0000000080000000, 0x0000000093500000, 0x00000000d5580000)
  object space 316416K, 41% used [0x0000000080000000,0x00000000880f0738,0x0000000093500000)
 Metaspace       used 94120K, capacity 96585K, committed 99200K, reserved 1136640K
  class space    used 11244K, capacity 11641K, committed 12160K, reserved 1048576K
}
{Heap before GC invocations=806 (full 4):
 PSYoungGen      total 679424K, used 667136K [0x00000000d5580000, 0x00000000fff80000, 0x0000000100000000)
  eden space 659968K, 99% used [0x00000000d5580000,0x00000000fd729178,0x00000000fda00000)
  from space 19456K, 51% used [0x00000000fda00000,0x00000000fe3d7248,0x00000000fed00000)
  to   space 18432K, 0% used [0x00000000fed80000,0x00000000fed80000,0x00000000fff80000)
 ParOldGen       total 316416K, used 132033K [0x0000000080000000, 0x0000000093500000, 0x00000000d5580000)
  object space 316416K, 41% used [0x0000000080000000,0x00000000880f0738,0x0000000093500000)
 Metaspace       used 94120K, capacity 96585K, committed 99200K, reserved 1136640K
  class space    used 11244K, capacity 11641K, committed 12160K, reserved 1048576K
2023-04-21T00:13:27.165+0600: 2415679.247: [GC (Allocation Failure) [PSYoungGen: 667136K->11938K(678912K)] 799170K->144004K(995328K), 0.0127148 secs] [Times: user=0.02 sys=0.00, real=0.01 secs] 
Heap after GC invocations=806 (full 4):
 PSYoungGen      total 678912K, used 11938K [0x00000000d5580000, 0x00000000fff00000, 0x0000000100000000)
  eden space 660992K, 0% used [0x00000000d5580000,0x00000000d5580000,0x00000000fdb00000)
  from space 17920K, 66% used [0x00000000fed80000,0x00000000ff928be0,0x00000000fff00000)
  to   space 18432K, 0% used [0x00000000fdb00000,0x00000000fdb00000,0x00000000fed00000)
 ParOldGen       total 316416K, used 132065K [0x0000000080000000, 0x0000000093500000, 0x00000000d5580000)
  object space 316416K, 41% used [0x0000000080000000,0x00000000880f8738,0x0000000093500000)
 Metaspace       used 94120K, capacity 96585K, committed 99200K, reserved 1136640K
  class space    used 11244K, capacity 11641K, committed 12160K, reserved 1048576K
}
{Heap before GC invocations=807 (full 4):
 PSYoungGen      total 678912K, used 672930K [0x00000000d5580000, 0x00000000fff00000, 0x0000000100000000)
  eden space 660992K, 100% used [0x00000000d5580000,0x00000000fdb00000,0x00000000fdb00000)
  from space 17920K, 66% used [0x00000000fed80000,0x00000000ff928be0,0x00000000fff00000)
  to   space 18432K, 0% used [0x00000000fdb00000,0x00000000fdb00000,0x00000000fed00000)
 ParOldGen       total 316416K, used 132065K [0x0000000080000000, 0x0000000093500000, 0x00000000d5580000)
  object space 316416K, 41% used [0x0000000080000000,0x00000000880f8738,0x0000000093500000)
 Metaspace       used 94120K, capacity 96585K, committed 99200K, reserved 1136640K
  class space    used 11244K, capacity 11641K, committed 12160K, reserved 1048576K
2023-04-21T00:13:30.545+0600: 2415682.628: [GC (Allocation Failure) [PSYoungGen: 672930K->10061K(679424K)] 804996K->142158K(995840K), 0.0092199 secs] [Times: user=0.02 sys=0.00, real=0.01 secs] 
Heap after GC invocations=807 (full 4):
 PSYoungGen      total 679424K, used 10061K [0x00000000d5580000, 0x00000000ffe80000, 0x0000000100000000)
  eden space 660992K, 0% used [0x00000000d5580000,0x00000000d5580000,0x00000000fdb00000)
  from space 18432K, 54% used [0x00000000fdb00000,0x00000000fe4d3478,0x00000000fed00000)
  to   space 17408K, 0% used [0x00000000fed80000,0x00000000fed80000,0x00000000ffe80000)
 ParOldGen       total 316416K, used 132097K [0x0000000080000000, 0x0000000093500000, 0x00000000d5580000)
  object space 316416K, 41% used [0x0000000080000000,0x0000000088100738,0x0000000093500000)
 Metaspace       used 94120K, capacity 96585K, committed 99200K, reserved 1136640K
  class space    used 11244K, capacity 11641K, committed 12160K, reserved 1048576K
}
{Heap before GC invocations=808 (full 4):
 PSYoungGen      total 679424K, used 668389K [0x00000000d5580000, 0x00000000ffe80000, 0x0000000100000000)
  eden space 660992K, 99% used [0x00000000d5580000,0x00000000fd866120,0x00000000fdb00000)
  from space 18432K, 54% used [0x00000000fdb00000,0x00000000fe4d3478,0x00000000fed00000)
  to   space 17408K, 0% used [0x00000000fed80000,0x00000000fed80000,0x00000000ffe80000)
 ParOldGen       total 316416K, used 132097K [0x0000000080000000, 0x0000000093500000, 0x00000000d5580000)
  object space 316416K, 41% used [0x0000000080000000,0x0000000088100738,0x0000000093500000)
 Metaspace       used 94120K, capacity 96585K, committed 99200K, reserved 1136640K
  class space    used 11244K, capacity 11641K, committed 12160K, reserved 1048576K
2023-04-21T00:13:34.257+0600: 2415686.340: [GC (Allocation Failure) [PSYoungGen: 668389K->12020K(679936K)] 800487K->144149K(996352K), 0.0109167 secs] [Times: user=0.02 sys=0.00, real=0.01 secs] 
Heap after GC invocations=808 (full 4):
 PSYoungGen      total 679936K, used 12020K [0x00000000d5580000, 0x00000000fff00000, 0x0000000100000000)
  eden space 662528K, 0% used [0x00000000d5580000,0x00000000d5580000,0x00000000fdc80000)
  from space 17408K, 69% used [0x00000000fed80000,0x00000000ff93d050,0x00000000ffe80000)
  to   space 17408K, 0% used [0x00000000fdc80000,0x00000000fdc80000,0x00000000fed80000)
 ParOldGen       total 316416K, used 132129K [0x0000000080000000, 0x0000000093500000, 0x00000000d5580000)
  object space 316416K, 41% used [0x0000000080000000,0x0000000088108738,0x0000000093500000)
 Metaspace       used 94120K, capacity 96585K, committed 99200K, reserved 1136640K
  class space    used 11244K, capacity 11641K, committed 12160K, reserved 1048576K
}
{Heap before GC invocations=809 (full 4):
 PSYoungGen      total 679936K, used 674548K [0x00000000d5580000, 0x00000000fff00000, 0x0000000100000000)
  eden space 662528K, 100% used [0x00000000d5580000,0x00000000fdc80000,0x00000000fdc80000)
  from space 17408K, 69% used [0x00000000fed80000,0x00000000ff93d050,0x00000000ffe80000)
  to   space 17408K, 0% used [0x00000000fdc80000,0x00000000fdc80000,0x00000000fed80000)
 ParOldGen       total 316416K, used 132129K [0x0000000080000000, 0x0000000093500000, 0x00000000d5580000)
  object space 316416K, 41% used [0x0000000080000000,0x0000000088108738,0x0000000093500000)
 Metaspace       used 94120K, capacity 96585K, committed 99200K, reserved 1136640K
  class space    used 11244K, capacity 11641K, committed 12160K, reserved 1048576K
2023-04-21T00:13:37.601+0600: 2415689.684: [GC (Allocation Failure) [PSYoungGen: 674548K->9819K(679936K)] 806677K->141981K(996352K), 0.0092785 secs] [Times: user=0.01 sys=0.00, real=0.01 secs] 
Heap after GC invocations=809 (full 4):
 PSYoungGen      total 679936K, used 9819K [0x00000000d5580000, 0x00000000fff00000, 0x0000000100000000)
  eden space 662528K, 0% used [0x00000000d5580000,0x00000000d5580000,0x00000000fdc80000)
  from space 17408K, 56% used [0x00000000fdc80000,0x00000000fe616de8,0x00000000fed80000)
  to   space 16896K, 0% used [0x00000000fee80000,0x00000000fee80000,0x00000000fff00000)
 ParOldGen       total 316416K, used 132161K [0x0000000080000000, 0x0000000093500000, 0x00000000d5580000)
  object space 316416K, 41% used [0x0000000080000000,0x0000000088110738,0x0000000093500000)
 Metaspace       used 94120K, capacity 96585K, committed 99200K, reserved 1136640K
  class space    used 11244K, capacity 11641K, committed 12160K, reserved 1048576K
}
{Heap before GC invocations=810 (full 4):
 PSYoungGen      total 679936K, used 671467K [0x00000000d5580000, 0x00000000fff00000, 0x0000000100000000)
  eden space 662528K, 99% used [0x00000000d5580000,0x00000000fdba41e8,0x00000000fdc80000)
  from space 17408K, 56% used [0x00000000fdc80000,0x00000000fe616de8,0x00000000fed80000)
  to   space 16896K, 0% used [0x00000000fee80000,0x00000000fee80000,0x00000000fff00000)
 ParOldGen       total 316416K, used 132161K [0x0000000080000000, 0x0000000093500000, 0x00000000d5580000)
  object space 316416K, 41% used [0x0000000080000000,0x0000000088110738,0x0000000093500000)
 Metaspace       used 94120K, capacity 96585K, committed 99200K, reserved 1136640K
  class space    used 11244K, capacity 11641K, committed 12160K, reserved 1048576K
2023-04-21T00:13:41.346+0600: 2415693.429: [GC (Allocation Failure) [PSYoungGen: 671467K->15788K(678912K)] 803629K->147982K(995328K), 0.0112582 secs] [Times: user=0.02 sys=0.00, real=0.01 secs] 
Heap after GC invocations=810 (full 4):
 PSYoungGen      total 678912K, used 15788K [0x00000000d5580000, 0x0000000100000000, 0x0000000100000000)
  eden space 662016K, 0% used [0x00000000d5580000,0x00000000d5580000,0x00000000fdc00000)
  from space 16896K, 93% used [0x00000000fee80000,0x00000000ffdeb2d8,0x00000000fff00000)
  to   space 18432K, 0% used [0x00000000fdc00000,0x00000000fdc00000,0x00000000fee00000)
 ParOldGen       total 316416K, used 132193K [0x0000000080000000, 0x0000000093500000, 0x00000000d5580000)
  object space 316416K, 41% used [0x0000000080000000,0x0000000088118738,0x0000000093500000)
 Metaspace       used 94120K, capacity 96585K, committed 99200K, reserved 1136640K
  class space    used 11244K, capacity 11641K, committed 12160K, reserved 1048576K
}
{Heap before GC invocations=811 (full 4):
 PSYoungGen      total 678912K, used 674615K [0x00000000d5580000, 0x0000000100000000, 0x0000000100000000)
  eden space 662016K, 99% used [0x00000000d5580000,0x00000000fd8e2a90,0x00000000fdc00000)
  from space 16896K, 93% used [0x00000000fee80000,0x00000000ffdeb2d8,0x00000000fff00000)
  to   space 18432K, 0% used [0x00000000fdc00000,0x00000000fdc00000,0x00000000fee00000)
 ParOldGen       total 316416K, used 132193K [0x0000000080000000, 0x0000000093500000, 0x00000000d5580000)
  object space 316416K, 41% used [0x0000000080000000,0x0000000088118738,0x0000000093500000)
 Metaspace       used 94120K, capacity 96585K, committed 99200K, reserved 1136640K
  class space    used 11244K, capacity 11641K, committed 12160K, reserved 1048576K
2023-04-21T00:13:44.756+0600: 2415696.838: [GC (Allocation Failure) [PSYoungGen: 674615K->17484K(679936K)] 806809K->149766K(996352K), 0.0123775 secs] [Times: user=0.02 sys=0.00, real=0.01 secs] 
Heap after GC invocations=811 (full 4):
 PSYoungGen      total 679936K, used 17484K [0x00000000d5580000, 0x0000000100000000, 0x0000000100000000)
  eden space 662016K, 0% used [0x00000000d5580000,0x00000000d5580000,0x00000000fdc00000)
  from space 17920K, 97% used [0x00000000fdc00000,0x00000000fed13230,0x00000000fed80000)
  to   space 18944K, 0% used [0x00000000fed80000,0x00000000fed80000,0x0000000100000000)
 ParOldGen       total 316416K, used 132281K [0x0000000080000000, 0x0000000093500000, 0x00000000d5580000)
  object space 316416K, 41% used [0x0000000080000000,0x000000008812e768,0x0000000093500000)
 Metaspace       used 94120K, capacity 96585K, committed 99200K, reserved 1136640K
  class space    used 11244K, capacity 11641K, committed 12160K, reserved 1048576K
}
{Heap before GC invocations=812 (full 4):
 PSYoungGen      total 679936K, used 679500K [0x00000000d5580000, 0x0000000100000000, 0x0000000100000000)
  eden space 662016K, 100% used [0x00000000d5580000,0x00000000fdc00000,0x00000000fdc00000)
  from space 17920K, 97% used [0x00000000fdc00000,0x00000000fed13230,0x00000000fed80000)
  to   space 18944K, 0% used [0x00000000fed80000,0x00000000fed80000,0x0000000100000000)
 ParOldGen       total 316416K, used 132281K [0x0000000080000000, 0x0000000093500000, 0x00000000d5580000)
  object space 316416K, 41% used [0x0000000080000000,0x000000008812e768,0x0000000093500000)
 Metaspace       used 94120K, capacity 96585K, committed 99200K, reserved 1136640K
  class space    used 11244K, capacity 11641K, committed 12160K, reserved 1048576K
2023-04-21T00:13:47.609+0600: 2415699.692: [GC (Allocation Failure) [PSYoungGen: 679500K->10213K(678912K)] 811782K->142527K(995328K), 0.0119702 secs] [Times: user=0.02 sys=0.00, real=0.02 secs] 
Heap after GC invocations=812 (full 4):
 PSYoungGen      total 678912K, used 10213K [0x00000000d5580000, 0x0000000100000000, 0x0000000100000000)
  eden space 659968K, 0% used [0x00000000d5580000,0x00000000d5580000,0x00000000fda00000)
  from space 18944K, 53% used [0x00000000fed80000,0x00000000ff779650,0x0000000100000000)
  to   space 19456K, 0% used [0x00000000fda00000,0x00000000fda00000,0x00000000fed00000)
 ParOldGen       total 316416K, used 132313K [0x0000000080000000, 0x0000000093500000, 0x00000000d5580000)
  object space 316416K, 41% used [0x0000000080000000,0x0000000088136768,0x0000000093500000)
 Metaspace       used 94120K, capacity 96585K, committed 99200K, reserved 1136640K
  class space    used 11244K, capacity 11641K, committed 12160K, reserved 1048576K
}
{Heap before GC invocations=813 (full 4):
 PSYoungGen      total 678912K, used 666807K [0x00000000d5580000, 0x0000000100000000, 0x0000000100000000)
  eden space 659968K, 99% used [0x00000000d5580000,0x00000000fd6b4848,0x00000000fda00000)
  from space 18944K, 53% used [0x00000000fed80000,0x00000000ff779650,0x0000000100000000)
  to   space 19456K, 0% used [0x00000000fda00000,0x00000000fda00000,0x00000000fed00000)
 ParOldGen       total 316416K, used 132313K [0x0000000080000000, 0x0000000093500000, 0x00000000d5580000)
  object space 316416K, 41% used [0x0000000080000000,0x0000000088136768,0x0000000093500000)
 Metaspace       used 94120K, capacity 96585K, committed 99200K, reserved 1136640K
  class space    used 11244K, capacity 11641K, committed 12160K, reserved 1048576K
2023-04-21T00:13:51.715+0600: 2415703.798: [GC (Allocation Failure) [PSYoungGen: 666807K->16432K(676864K)] 799121K->148889K(993280K), 0.0209962 secs] [Times: user=0.03 sys=0.00, real=0.02 secs] 
Heap after GC invocations=813 (full 4):
 PSYoungGen      total 676864K, used 16432K [0x00000000d5580000, 0x0000000100000000, 0x0000000100000000)
  eden space 659968K, 0% used [0x00000000d5580000,0x00000000d5580000,0x00000000fda00000)
  from space 16896K, 97% used [0x00000000fda00000,0x00000000fea0c1d0,0x00000000fea80000)
  to   space 20480K, 0% used [0x00000000fec00000,0x00000000fec00000,0x0000000100000000)
 ParOldGen       total 316416K, used 132457K [0x0000000080000000, 0x0000000093500000, 0x00000000d5580000)
  object space 316416K, 41% used [0x0000000080000000,0x000000008815a588,0x0000000093500000)
 Metaspace       used 94120K, capacity 96585K, committed 99200K, reserved 1136640K
  class space    used 11244K, capacity 11641K, committed 12160K, reserved 1048576K
}
{Heap before GC invocations=814 (full 4):
 PSYoungGen      total 676864K, used 676400K [0x00000000d5580000, 0x0000000100000000, 0x0000000100000000)
  eden space 659968K, 100% used [0x00000000d5580000,0x00000000fda00000,0x00000000fda00000)
  from space 16896K, 97% used [0x00000000fda00000,0x00000000fea0c1d0,0x00000000fea80000)
  to   space 20480K, 0% used [0x00000000fec00000,0x00000000fec00000,0x0000000100000000)
 ParOldGen       total 316416K, used 132457K [0x0000000080000000, 0x0000000093500000, 0x00000000d5580000)
  object space 316416K, 41% used [0x0000000080000000,0x000000008815a588,0x0000000093500000)
 Metaspace       used 94120K, capacity 96585K, committed 99200K, reserved 1136640K
  class space    used 11244K, capacity 11641K, committed 12160K, reserved 1048576K
2023-04-21T00:13:54.650+0600: 2415706.733: [GC (Allocation Failure) [PSYoungGen: 676400K->16368K(676352K)] 808857K->148873K(992768K), 0.0119219 secs] [Times: user=0.02 sys=0.00, real=0.01 secs] 
Heap after GC invocations=814 (full 4):
 PSYoungGen      total 676352K, used 16368K [0x00000000d5580000, 0x0000000100000000, 0x0000000100000000)
  eden space 655872K, 0% used [0x00000000d5580000,0x00000000d5580000,0x00000000fd600000)
  from space 20480K, 79% used [0x00000000fec00000,0x00000000ffbfc318,0x0000000100000000)
  to   space 21504K, 0% used [0x00000000fd600000,0x00000000fd600000,0x00000000feb00000)
 ParOldGen       total 316416K, used 132505K [0x0000000080000000, 0x0000000093500000, 0x00000000d5580000)
  object space 316416K, 41% used [0x0000000080000000,0x00000000881664d8,0x0000000093500000)
 Metaspace       used 94120K, capacity 96585K, committed 99200K, reserved 1136640K
  class space    used 11244K, capacity 11641K, committed 12160K, reserved 1048576K
}
{Heap before GC invocations=815 (full 4):
 PSYoungGen      total 676352K, used 669898K [0x00000000d5580000, 0x0000000100000000, 0x0000000100000000)
  eden space 655872K, 99% used [0x00000000d5580000,0x00000000fd3b6748,0x00000000fd600000)
  from space 20480K, 79% used [0x00000000fec00000,0x00000000ffbfc318,0x0000000100000000)
  to   space 21504K, 0% used [0x00000000fd600000,0x00000000fd600000,0x00000000feb00000)
 ParOldGen       total 316416K, used 132505K [0x0000000080000000, 0x0000000093500000, 0x00000000d5580000)
  object space 316416K, 41% used [0x0000000080000000,0x00000000881664d8,0x0000000093500000)
 Metaspace       used 94120K, capacity 96585K, committed 99200K, reserved 1136640K
  class space    used 11244K, capacity 11641K, committed 12160K, reserved 1048576K
2023-04-21T00:13:58.070+0600: 2415710.153: [GC (Allocation Failure) [PSYoungGen: 669898K->20576K(676864K)] 802403K->153105K(993280K), 0.0179127 secs] [Times: user=0.03 sys=0.00, real=0.01 secs] 
Heap after GC invocations=815 (full 4):
 PSYoungGen      total 676864K, used 20576K [0x00000000d5580000, 0x0000000100000000, 0x0000000100000000)
  eden space 655872K, 0% used [0x00000000d5580000,0x00000000d5580000,0x00000000fd600000)
  from space 20992K, 98% used [0x00000000fd600000,0x00000000fea18270,0x00000000fea80000)
  to   space 22016K, 0% used [0x00000000fea80000,0x00000000fea80000,0x0000000100000000)
 ParOldGen       total 316416K, used 132529K [0x0000000080000000, 0x0000000093500000, 0x00000000d5580000)
  object space 316416K, 41% used [0x0000000080000000,0x000000008816c4d8,0x0000000093500000)
 Metaspace       used 94120K, capacity 96585K, committed 99200K, reserved 1136640K
  class space    used 11244K, capacity 11641K, committed 12160K, reserved 1048576K
}
{Heap before GC invocations=816 (full 4):
 PSYoungGen      total 676864K, used 674429K [0x00000000d5580000, 0x0000000100000000, 0x0000000100000000)
  eden space 655872K, 99% used [0x00000000d5580000,0x00000000fd407480,0x00000000fd600000)
  from space 20992K, 98% used [0x00000000fd600000,0x00000000fea18270,0x00000000fea80000)
  to   space 22016K, 0% used [0x00000000fea80000,0x00000000fea80000,0x0000000100000000)
 ParOldGen       total 316416K, used 132529K [0x0000000080000000, 0x0000000093500000, 0x00000000d5580000)
  object space 316416K, 41% used [0x0000000080000000,0x000000008816c4d8,0x0000000093500000)
 Metaspace       used 94120K, capacity 96585K, committed 99200K, reserved 1136640K
  class space    used 11244K, capacity 11641K, committed 12160K, reserved 1048576K
2023-04-21T00:14:01.707+0600: 2415713.790: [GC (Allocation Failure) [PSYoungGen: 674429K->14968K(674816K)] 806958K->147568K(991232K), 0.0205711 secs] [Times: user=0.03 sys=0.00, real=0.02 secs] 
Heap after GC invocations=816 (full 4):
 PSYoungGen      total 674816K, used 14968K [0x00000000d5580000, 0x0000000100000000, 0x0000000100000000)
  eden space 652800K, 0% used [0x00000000d5580000,0x00000000d5580000,0x00000000fd300000)
  from space 22016K, 67% used [0x00000000fea80000,0x00000000ff91e260,0x0000000100000000)
  to   space 23040K, 0% used [0x00000000fd300000,0x00000000fd300000,0x00000000fe980000)
 ParOldGen       total 316416K, used 132600K [0x0000000080000000, 0x0000000093500000, 0x00000000d5580000)
  object space 316416K, 41% used [0x0000000080000000,0x000000008817e0b8,0x0000000093500000)
 Metaspace       used 94120K, capacity 96585K, committed 99200K, reserved 1136640K
  class space    used 11244K, capacity 11641K, committed 12160K, reserved 1048576K
}
{Heap before GC invocations=817 (full 4):
 PSYoungGen      total 674816K, used 667768K [0x00000000d5580000, 0x0000000100000000, 0x0000000100000000)
  eden space 652800K, 100% used [0x00000000d5580000,0x00000000fd300000,0x00000000fd300000)
  from space 22016K, 67% used [0x00000000fea80000,0x00000000ff91e260,0x0000000100000000)
  to   space 23040K, 0% used [0x00000000fd300000,0x00000000fd300000,0x00000000fe980000)
 ParOldGen       total 316416K, used 132600K [0x0000000080000000, 0x0000000093500000, 0x00000000d5580000)
  object space 316416K, 41% used [0x0000000080000000,0x000000008817e0b8,0x0000000093500000)
 Metaspace       used 94120K, capacity 96585K, committed 99200K, reserved 1136640K
  class space    used 11244K, capacity 11641K, committed 12160K, reserved 1048576K
2023-04-21T00:14:04.508+0600: 2415716.591: [GC (Allocation Failure) [PSYoungGen: 667768K->9789K(675840K)] 800368K->142797K(992256K), 0.0132895 secs] [Times: user=0.02 sys=0.00, real=0.02 secs] 
Heap after GC invocations=817 (full 4):
 PSYoungGen      total 675840K, used 9789K [0x00000000d5580000, 0x0000000100000000, 0x0000000100000000)
  eden space 652800K, 0% used [0x00000000d5580000,0x00000000d5580000,0x00000000fd300000)
  from space 23040K, 42% used [0x00000000fd300000,0x00000000fdc8f560,0x00000000fe980000)
  to   space 23040K, 0% used [0x00000000fe980000,0x00000000fe980000,0x0000000100000000)
 ParOldGen       total 316416K, used 133008K [0x0000000080000000, 0x0000000093500000, 0x00000000d5580000)
  object space 316416K, 42% used [0x0000000080000000,0x00000000881e41c8,0x0000000093500000)
 Metaspace       used 94120K, capacity 96585K, committed 99200K, reserved 1136640K
  class space    used 11244K, capacity 11641K, committed 12160K, reserved 1048576K
}
{Heap before GC invocations=818 (full 4):
 PSYoungGen      total 675840K, used 662415K [0x00000000d5580000, 0x0000000100000000, 0x0000000100000000)
  eden space 652800K, 99% used [0x00000000d5580000,0x00000000fd2d48f8,0x00000000fd300000)
  from space 23040K, 42% used [0x00000000fd300000,0x00000000fdc8f560,0x00000000fe980000)
  to   space 23040K, 0% used [0x00000000fe980000,0x00000000fe980000,0x0000000100000000)
 ParOldGen       total 316416K, used 133008K [0x0000000080000000, 0x0000000093500000, 0x00000000d5580000)
  object space 316416K, 42% used [0x0000000080000000,0x00000000881e41c8,0x0000000093500000)
 Metaspace       used 94120K, capacity 96585K, committed 99200K, reserved 1136640K
  class space    used 11244K, capacity 11641K, committed 12160K, reserved 1048576K
2023-04-21T00:14:08.473+0600: 2415720.555: [GC (Allocation Failure) [PSYoungGen: 662415K->23035K(670720K)] 795424K->156682K(987136K), 0.0166034 secs] [Times: user=0.02 sys=0.00, real=0.02 secs] 
Heap after GC invocations=818 (full 4):
 PSYoungGen      total 670720K, used 23035K [0x00000000d5580000, 0x0000000100000000, 0x0000000100000000)
  eden space 647680K, 0% used [0x00000000d5580000,0x00000000d5580000,0x00000000fce00000)
  from space 23040K, 99% used [0x00000000fe980000,0x00000000ffffeff8,0x0000000100000000)
  to   space 25600K, 0% used [0x00000000fce00000,0x00000000fce00000,0x00000000fe700000)
 ParOldGen       total 316416K, used 133646K [0x0000000080000000, 0x0000000093500000, 0x00000000d5580000)
  object space 316416K, 42% used [0x0000000080000000,0x0000000088283870,0x0000000093500000)
 Metaspace       used 94120K, capacity 96585K, committed 99200K, reserved 1136640K
  class space    used 11244K, capacity 11641K, committed 12160K, reserved 1048576K
}
{Heap before GC invocations=819 (full 4):
 PSYoungGen      total 670720K, used 670715K [0x00000000d5580000, 0x0000000100000000, 0x0000000100000000)
  eden space 647680K, 100% used [0x00000000d5580000,0x00000000fce00000,0x00000000fce00000)
  from space 23040K, 99% used [0x00000000fe980000,0x00000000ffffeff8,0x0000000100000000)
  to   space 25600K, 0% used [0x00000000fce00000,0x00000000fce00000,0x00000000fe700000)
 ParOldGen       total 316416K, used 133646K [0x0000000080000000, 0x0000000093500000, 0x00000000d5580000)
  object space 316416K, 42% used [0x0000000080000000,0x0000000088283870,0x0000000093500000)
 Metaspace       used 94120K, capacity 96585K, committed 99200K, reserved 1136640K
  class space    used 11244K, capacity 11641K, committed 12160K, reserved 1048576K
2023-04-21T00:14:11.623+0600: 2415723.706: [GC (Allocation Failure) [PSYoungGen: 670715K->16821K(673280K)] 804362K->150775K(989696K), 0.0138357 secs] [Times: user=0.02 sys=0.00, real=0.01 secs] 
Heap after GC invocations=819 (full 4):
 PSYoungGen      total 673280K, used 16821K [0x00000000d5580000, 0x0000000100000000, 0x0000000100000000)
  eden space 647680K, 0% used [0x00000000d5580000,0x00000000d5580000,0x00000000fce00000)
  from space 25600K, 65% used [0x00000000fce00000,0x00000000fde6d468,0x00000000fe700000)
  to   space 25600K, 0% used [0x00000000fe700000,0x00000000fe700000,0x0000000100000000)
 ParOldGen       total 316416K, used 133954K [0x0000000080000000, 0x0000000093500000, 0x00000000d5580000)
  object space 316416K, 42% used [0x0000000080000000,0x00000000882d0ae0,0x0000000093500000)
 Metaspace       used 94120K, capacity 96585K, committed 99200K, reserved 1136640K
  class space    used 11244K, capacity 11641K, committed 12160K, reserved 1048576K
}
{Heap before GC invocations=820 (full 4):
 PSYoungGen      total 673280K, used 664501K [0x00000000d5580000, 0x0000000100000000, 0x0000000100000000)
  eden space 647680K, 100% used [0x00000000d5580000,0x00000000fce00000,0x00000000fce00000)
  from space 25600K, 65% used [0x00000000fce00000,0x00000000fde6d468,0x00000000fe700000)
  to   space 25600K, 0% used [0x00000000fe700000,0x00000000fe700000,0x0000000100000000)
 ParOldGen       total 316416K, used 133954K [0x0000000080000000, 0x0000000093500000, 0x00000000d5580000)
  object space 316416K, 42% used [0x0000000080000000,0x00000000882d0ae0,0x0000000093500000)
 Metaspace       used 94120K, capacity 96585K, committed 99200K, reserved 1136640K
  class space    used 11244K, capacity 11641K, committed 12160K, reserved 1048576K
2023-04-21T00:14:14.386+0600: 2415726.469: [GC (Allocation Failure) [PSYoungGen: 664501K->14309K(671232K)] 798455K->148264K(987648K), 0.0156197 secs] [Times: user=0.02 sys=0.00, real=0.02 secs] 
Heap after GC invocations=820 (full 4):
 PSYoungGen      total 671232K, used 14309K [0x00000000d5580000, 0x00000000ffe00000, 0x0000000100000000)
  eden space 647680K, 0% used [0x00000000d5580000,0x00000000d5580000,0x00000000fce00000)
  from space 23552K, 60% used [0x00000000fe700000,0x00000000ff4f9680,0x00000000ffe00000)
  to   space 24576K, 0% used [0x00000000fce00000,0x00000000fce00000,0x00000000fe600000)
 ParOldGen       total 316416K, used 133954K [0x0000000080000000, 0x0000000093500000, 0x00000000d5580000)
  object space 316416K, 42% used [0x0000000080000000,0x00000000882d0ae0,0x0000000093500000)
 Metaspace       used 94120K, capacity 96585K, committed 99200K, reserved 1136640K
  class space    used 11244K, capacity 11641K, committed 12160K, reserved 1048576K
}
{Heap before GC invocations=821 (full 4):
 PSYoungGen      total 671232K, used 661448K [0x00000000d5580000, 0x00000000ffe00000, 0x0000000100000000)
  eden space 647680K, 99% used [0x00000000d5580000,0x00000000fcd78b78,0x00000000fce00000)
  from space 23552K, 60% used [0x00000000fe700000,0x00000000ff4f9680,0x00000000ffe00000)
  to   space 24576K, 0% used [0x00000000fce00000,0x00000000fce00000,0x00000000fe600000)
 ParOldGen       total 316416K, used 133954K [0x0000000080000000, 0x0000000093500000, 0x00000000d5580000)
  object space 316416K, 42% used [0x0000000080000000,0x00000000882d0ae0,0x0000000093500000)
 Metaspace       used 94120K, capacity 96585K, committed 99200K, reserved 1136640K
  class space    used 11244K, capacity 11641K, committed 12160K, reserved 1048576K
2023-04-21T00:14:18.070+0600: 2415730.153: [GC (Allocation Failure) [PSYoungGen: 661448K->21518K(672256K)] 795403K->155551K(988672K), 0.0243638 secs] [Times: user=0.04 sys=0.00, real=0.02 secs] 
Heap after GC invocations=821 (full 4):
 PSYoungGen      total 672256K, used 21518K [0x00000000d5580000, 0x0000000100000000, 0x0000000100000000)
  eden space 647680K, 0% used [0x00000000d5580000,0x00000000d5580000,0x00000000fce00000)
  from space 24576K, 87% used [0x00000000fce00000,0x00000000fe303880,0x00000000fe600000)
  to   space 26112K, 0% used [0x00000000fe680000,0x00000000fe680000,0x0000000100000000)
 ParOldGen       total 316416K, used 134033K [0x0000000080000000, 0x0000000093500000, 0x00000000d5580000)
  object space 316416K, 42% used [0x0000000080000000,0x00000000882e46c0,0x0000000093500000)
 Metaspace       used 94120K, capacity 96585K, committed 99200K, reserved 1136640K
  class space    used 11244K, capacity 11641K, committed 12160K, reserved 1048576K
}
{Heap before GC invocations=822 (full 4):
 PSYoungGen      total 672256K, used 669198K [0x00000000d5580000, 0x0000000100000000, 0x0000000100000000)
  eden space 647680K, 100% used [0x00000000d5580000,0x00000000fce00000,0x00000000fce00000)
  from space 24576K, 87% used [0x00000000fce00000,0x00000000fe303880,0x00000000fe600000)
  to   space 26112K, 0% used [0x00000000fe680000,0x00000000fe680000,0x0000000100000000)
 ParOldGen       total 316416K, used 134033K [0x0000000080000000, 0x0000000093500000, 0x00000000d5580000)
  object space 316416K, 42% used [0x0000000080000000,0x00000000882e46c0,0x0000000093500000)
 Metaspace       used 94120K, capacity 96585K, committed 99200K, reserved 1136640K
  class space    used 11244K, capacity 11641K, committed 12160K, reserved 1048576K
2023-04-21T00:14:21.274+0600: 2415733.356: [GC (Allocation Failure) [PSYoungGen: 669198K->12415K(673280K)] 803231K->146560K(989696K), 0.0109281 secs] [Times: user=0.02 sys=0.00, real=0.01 secs] 
Heap after GC invocations=822 (full 4):
 PSYoungGen      total 673280K, used 12415K [0x00000000d5580000, 0x0000000100000000, 0x0000000100000000)
  eden space 647168K, 0% used [0x00000000d5580000,0x00000000d5580000,0x00000000fcd80000)
  from space 26112K, 47% used [0x00000000fe680000,0x00000000ff29ff88,0x0000000100000000)
  to   space 25600K, 0% used [0x00000000fcd80000,0x00000000fcd80000,0x00000000fe680000)
 ParOldGen       total 316416K, used 134144K [0x0000000080000000, 0x0000000093500000, 0x00000000d5580000)
  object space 316416K, 42% used [0x0000000080000000,0x0000000088300090,0x0000000093500000)
 Metaspace       used 94120K, capacity 96585K, committed 99200K, reserved 1136640K
  class space    used 11244K, capacity 11641K, committed 12160K, reserved 1048576K
}
{Heap before GC invocations=823 (full 4):
 PSYoungGen      total 673280K, used 656900K [0x00000000d5580000, 0x0000000100000000, 0x0000000100000000)
  eden space 647168K, 99% used [0x00000000d5580000,0x00000000fcae1258,0x00000000fcd80000)
  from space 26112K, 47% used [0x00000000fe680000,0x00000000ff29ff88,0x0000000100000000)
  to   space 25600K, 0% used [0x00000000fcd80000,0x00000000fcd80000,0x00000000fe680000)
 ParOldGen       total 316416K, used 134144K [0x0000000080000000, 0x0000000093500000, 0x00000000d5580000)
  object space 316416K, 42% used [0x0000000080000000,0x0000000088300090,0x0000000093500000)
 Metaspace       used 94120K, capacity 96585K, committed 99200K, reserved 1136640K
  class space    used 11244K, capacity 11641K, committed 12160K, reserved 1048576K
2023-04-21T00:14:25.008+0600: 2415737.090: [GC (Allocation Failure) [PSYoungGen: 656900K->14040K(661504K)] 791044K->148255K(977920K), 0.0123194 secs] [Times: user=0.02 sys=0.00, real=0.02 secs] 
Heap after GC invocations=823 (full 4):
 PSYoungGen      total 661504K, used 14040K [0x00000000d5580000, 0x00000000ffd80000, 0x0000000100000000)
  eden space 647168K, 0% used [0x00000000d5580000,0x00000000d5580000,0x00000000fcd80000)
  from space 14336K, 97% used [0x00000000fcd80000,0x00000000fdb361f0,0x00000000fdb80000)
  to   space 24576K, 0% used [0x00000000fe580000,0x00000000fe580000,0x00000000ffd80000)
 ParOldGen       total 316416K, used 134215K [0x0000000080000000, 0x0000000093500000, 0x00000000d5580000)
  object space 316416K, 42% used [0x0000000080000000,0x0000000088311d20,0x0000000093500000)
 Metaspace       used 94120K, capacity 96585K, committed 99200K, reserved 1136640K
  class space    used 11244K, capacity 11641K, committed 12160K, reserved 1048576K
}
{Heap before GC invocations=824 (full 4):
 PSYoungGen      total 661504K, used 659770K [0x00000000d5580000, 0x00000000ffd80000, 0x0000000100000000)
  eden space 647168K, 99% used [0x00000000d5580000,0x00000000fcc187e0,0x00000000fcd80000)
  from space 14336K, 97% used [0x00000000fcd80000,0x00000000fdb361f0,0x00000000fdb80000)
  to   space 24576K, 0% used [0x00000000fe580000,0x00000000fe580000,0x00000000ffd80000)
 ParOldGen       total 316416K, used 134215K [0x0000000080000000, 0x0000000093500000, 0x00000000d5580000)
  object space 316416K, 42% used [0x0000000080000000,0x0000000088311d20,0x0000000093500000)
 Metaspace       used 94120K, capacity 96585K, committed 99200K, reserved 1136640K
  class space    used 11244K, capacity 11641K, committed 12160K, reserved 1048576K
2023-04-21T00:14:28.500+0600: 2415740.583: [GC (Allocation Failure) [PSYoungGen: 659770K->23021K(669696K)] 793985K->157283K(986112K), 0.0176995 secs] [Times: user=0.03 sys=0.00, real=0.01 secs] 
Heap after GC invocations=824 (full 4):
 PSYoungGen      total 669696K, used 23021K [0x00000000d5580000, 0x0000000100000000, 0x0000000100000000)
  eden space 645120K, 0% used [0x00000000d5580000,0x00000000d5580000,0x00000000fcb80000)
  from space 24576K, 93% used [0x00000000fe580000,0x00000000ffbfb428,0x00000000ffd80000)
  to   space 26624K, 0% used [0x00000000fcb80000,0x00000000fcb80000,0x00000000fe580000)
 ParOldGen       total 316416K, used 134262K [0x0000000080000000, 0x0000000093500000, 0x00000000d5580000)
  object space 316416K, 42% used [0x0000000080000000,0x000000008831db10,0x0000000093500000)
 Metaspace       used 94120K, capacity 96585K, committed 99200K, reserved 1136640K
  class space    used 11244K, capacity 11641K, committed 12160K, reserved 1048576K
}
{Heap before GC invocations=825 (full 4):
 PSYoungGen      total 669696K, used 664414K [0x00000000d5580000, 0x0000000100000000, 0x0000000100000000)
  eden space 645120K, 99% used [0x00000000d5580000,0x00000000fc7dc658,0x00000000fcb80000)
  from space 24576K, 93% used [0x00000000fe580000,0x00000000ffbfb428,0x00000000ffd80000)
  to   space 26624K, 0% used [0x00000000fcb80000,0x00000000fcb80000,0x00000000fe580000)
 ParOldGen       total 316416K, used 134262K [0x0000000080000000, 0x0000000093500000, 0x00000000d5580000)
  object space 316416K, 42% used [0x0000000080000000,0x000000008831db10,0x0000000093500000)
 Metaspace       used 94120K, capacity 96585K, committed 99200K, reserved 1136640K
  class space    used 11244K, capacity 11641K, committed 12160K, reserved 1048576K
2023-04-21T00:14:32.234+0600: 2415744.317: [GC (Allocation Failure) [PSYoungGen: 664414K->13878K(671744K)] 798677K->148197K(988160K), 0.0170031 secs] [Times: user=0.03 sys=0.00, real=0.02 secs] 
Heap after GC invocations=825 (full 4):
 PSYoungGen      total 671744K, used 13878K [0x00000000d5580000, 0x0000000100000000, 0x0000000100000000)
  eden space 645120K, 0% used [0x00000000d5580000,0x00000000d5580000,0x00000000fcb80000)
  from space 26624K, 52% used [0x00000000fcb80000,0x00000000fd90db90,0x00000000fe580000)
  to   space 26112K, 0% used [0x00000000fe680000,0x00000000fe680000,0x0000000100000000)
 ParOldGen       total 316416K, used 134318K [0x0000000080000000, 0x0000000093500000, 0x00000000d5580000)
  object space 316416K, 42% used [0x0000000080000000,0x000000008832b900,0x0000000093500000)
 Metaspace       used 94120K, capacity 96585K, committed 99200K, reserved 1136640K
  class space    used 11244K, capacity 11641K, committed 12160K, reserved 1048576K
}
{Heap before GC invocations=826 (full 4):
 PSYoungGen      total 671744K, used 658899K [0x00000000d5580000, 0x0000000100000000, 0x0000000100000000)
  eden space 645120K, 99% used [0x00000000d5580000,0x00000000fcb673d8,0x00000000fcb80000)
  from space 26624K, 52% used [0x00000000fcb80000,0x00000000fd90db90,0x00000000fe580000)
  to   space 26112K, 0% used [0x00000000fe680000,0x00000000fe680000,0x0000000100000000)
 ParOldGen       total 316416K, used 134318K [0x0000000080000000, 0x0000000093500000, 0x00000000d5580000)
  object space 316416K, 42% used [0x0000000080000000,0x000000008832b900,0x0000000093500000)
 Metaspace       used 94120K, capacity 96585K, committed 99200K, reserved 1136640K
  class space    used 11244K, capacity 11641K, committed 12160K, reserved 1048576K
2023-04-21T00:14:35.843+0600: 2415747.926: [GC (Allocation Failure) [PSYoungGen: 658899K->18133K(671744K)] 793218K->153071K(988160K), 0.0208772 secs] [Times: user=0.04 sys=0.00, real=0.02 secs] 
Heap after GC invocations=826 (full 4):
 PSYoungGen      total 671744K, used 18133K [0x00000000d5580000, 0x00000000fff80000, 0x0000000100000000)
  eden space 646144K, 0% used [0x00000000d5580000,0x00000000d5580000,0x00000000fcc80000)
  from space 25600K, 70% used [0x00000000fe680000,0x00000000ff835658,0x00000000fff80000)
  to   space 26112K, 0% used [0x00000000fcc80000,0x00000000fcc80000,0x00000000fe600000)
 ParOldGen       total 316416K, used 134938K [0x0000000080000000, 0x0000000093500000, 0x00000000d5580000)
  object space 316416K, 42% used [0x0000000080000000,0x00000000883c68e0,0x0000000093500000)
 Metaspace       used 94120K, capacity 96585K, committed 99200K, reserved 1136640K
  class space    used 11244K, capacity 11641K, committed 12160K, reserved 1048576K
}
{Heap before GC invocations=827 (full 4):
 PSYoungGen      total 671744K, used 664277K [0x00000000d5580000, 0x00000000fff80000, 0x0000000100000000)
  eden space 646144K, 100% used [0x00000000d5580000,0x00000000fcc80000,0x00000000fcc80000)
  from space 25600K, 70% used [0x00000000fe680000,0x00000000ff835658,0x00000000fff80000)
  to   space 26112K, 0% used [0x00000000fcc80000,0x00000000fcc80000,0x00000000fe600000)
 ParOldGen       total 316416K, used 134938K [0x0000000080000000, 0x0000000093500000, 0x00000000d5580000)
  object space 316416K, 42% used [0x0000000080000000,0x00000000883c68e0,0x0000000093500000)
 Metaspace       used 94120K, capacity 96585K, committed 99200K, reserved 1136640K
  class space    used 11244K, capacity 11641K, committed 12160K, reserved 1048576K
2023-04-21T00:14:38.777+0600: 2415750.859: [GC (Allocation Failure) [PSYoungGen: 664277K->3414K(649728K)] 799215K->138936K(966144K), 0.0107300 secs] [Times: user=0.02 sys=0.00, real=0.01 secs] 
Heap after GC invocations=827 (full 4):
 PSYoungGen      total 649728K, used 3414K [0x00000000d5580000, 0x0000000100000000, 0x0000000100000000)
  eden space 646144K, 0% used [0x00000000d5580000,0x00000000d5580000,0x00000000fcc80000)
  from space 3584K, 95% used [0x00000000fcc80000,0x00000000fcfd5ad0,0x00000000fd000000)
  to   space 27136K, 0% used [0x00000000fe580000,0x00000000fe580000,0x0000000100000000)
 ParOldGen       total 316416K, used 135521K [0x0000000080000000, 0x0000000093500000, 0x00000000d5580000)
  object space 316416K, 42% used [0x0000000080000000,0x0000000088458550,0x0000000093500000)
 Metaspace       used 94120K, capacity 96585K, committed 99200K, reserved 1136640K
  class space    used 11244K, capacity 11641K, committed 12160K, reserved 1048576K
}
{Heap before GC invocations=828 (full 4):
 PSYoungGen      total 649728K, used 649558K [0x00000000d5580000, 0x0000000100000000, 0x0000000100000000)
  eden space 646144K, 100% used [0x00000000d5580000,0x00000000fcc80000,0x00000000fcc80000)
  from space 3584K, 95% used [0x00000000fcc80000,0x00000000fcfd5ad0,0x00000000fd000000)
  to   space 27136K, 0% used [0x00000000fe580000,0x00000000fe580000,0x0000000100000000)
 ParOldGen       total 316416K, used 135521K [0x0000000080000000, 0x0000000093500000, 0x00000000d5580000)
  object space 316416K, 42% used [0x0000000080000000,0x0000000088458550,0x0000000093500000)
 Metaspace       used 94120K, capacity 96585K, committed 99200K, reserved 1136640K
  class space    used 11244K, capacity 11641K, committed 12160K, reserved 1048576K
2023-04-21T00:14:42.875+0600: 2415754.958: [GC (Allocation Failure) [PSYoungGen: 649558K->15954K(672768K)] 785080K->151854K(989184K), 0.0127007 secs] [Times: user=0.02 sys=0.00, real=0.01 secs] 
Heap after GC invocations=828 (full 4):
 PSYoungGen      total 672768K, used 15954K [0x00000000d5580000, 0x0000000100000000, 0x0000000100000000)
  eden space 645632K, 0% used [0x00000000d5580000,0x00000000d5580000,0x00000000fcc00000)
  from space 27136K, 58% used [0x00000000fe580000,0x00000000ff514930,0x0000000100000000)
  to   space 26112K, 0% used [0x00000000fcc00000,0x00000000fcc00000,0x00000000fe580000)
 ParOldGen       total 316416K, used 135899K [0x0000000080000000, 0x0000000093500000, 0x00000000d5580000)
  object space 316416K, 42% used [0x0000000080000000,0x00000000884b6f80,0x0000000093500000)
 Metaspace       used 94120K, capacity 96585K, committed 99200K, reserved 1136640K
  class space    used 11244K, capacity 11641K, committed 12160K, reserved 1048576K
}
{Heap before GC invocations=829 (full 4):
 PSYoungGen      total 672768K, used 661586K [0x00000000d5580000, 0x0000000100000000, 0x0000000100000000)
  eden space 645632K, 100% used [0x00000000d5580000,0x00000000fcc00000,0x00000000fcc00000)
  from space 27136K, 58% used [0x00000000fe580000,0x00000000ff514930,0x0000000100000000)
  to   space 26112K, 0% used [0x00000000fcc00000,0x00000000fcc00000,0x00000000fe580000)
 ParOldGen       total 316416K, used 135899K [0x0000000080000000, 0x0000000093500000, 0x00000000d5580000)
  object space 316416K, 42% used [0x0000000080000000,0x00000000884b6f80,0x0000000093500000)
 Metaspace       used 94120K, capacity 96585K, committed 99200K, reserved 1136640K
  class space    used 11244K, capacity 11641K, committed 12160K, reserved 1048576K
2023-04-21T00:14:46.256+0600: 2415758.338: [GC (Allocation Failure) [PSYoungGen: 661586K->10162K(671744K)] 797486K->146329K(988160K), 0.0150587 secs] [Times: user=0.02 sys=0.00, real=0.02 secs] 
Heap after GC invocations=829 (full 4):
 PSYoungGen      total 671744K, used 10162K [0x00000000d5580000, 0x00000000fff00000, 0x0000000100000000)
  eden space 645632K, 0% used [0x00000000d5580000,0x00000000d5580000,0x00000000fcc00000)
  from space 26112K, 38% used [0x00000000fcc00000,0x00000000fd5ec838,0x00000000fe580000)
  to   space 26112K, 0% used [0x00000000fe580000,0x00000000fe580000,0x00000000fff00000)
 ParOldGen       total 316416K, used 136167K [0x0000000080000000, 0x0000000093500000, 0x00000000d5580000)
  object space 316416K, 43% used [0x0000000080000000,0x00000000884f9da0,0x0000000093500000)
 Metaspace       used 94120K, capacity 96585K, committed 99200K, reserved 1136640K
  class space    used 11244K, capacity 11641K, committed 12160K, reserved 1048576K
}
{Heap before GC invocations=830 (full 4):
 PSYoungGen      total 671744K, used 653914K [0x00000000d5580000, 0x00000000fff00000, 0x0000000100000000)
  eden space 645632K, 99% used [0x00000000d5580000,0x00000000fca2a298,0x00000000fcc00000)
  from space 26112K, 38% used [0x00000000fcc00000,0x00000000fd5ec838,0x00000000fe580000)
  to   space 26112K, 0% used [0x00000000fe580000,0x00000000fe580000,0x00000000fff00000)
 ParOldGen       total 316416K, used 136167K [0x0000000080000000, 0x0000000093500000, 0x00000000d5580000)
  object space 316416K, 43% used [0x0000000080000000,0x00000000884f9da0,0x0000000093500000)
 Metaspace       used 94120K, capacity 96585K, committed 99200K, reserved 1136640K
  class space    used 11244K, capacity 11641K, committed 12160K, reserved 1048576K
2023-04-21T00:14:50.214+0600: 2415762.297: [GC (Allocation Failure) [PSYoungGen: 653914K->16196K(672256K)] 790082K->152467K(988672K), 0.0168321 secs] [Times: user=0.03 sys=0.00, real=0.02 secs] 
Heap after GC invocations=830 (full 4):
 PSYoungGen      total 672256K, used 16196K [0x00000000d5580000, 0x00000000fff00000, 0x0000000100000000)
  eden space 646144K, 0% used [0x00000000d5580000,0x00000000d5580000,0x00000000fcc80000)
  from space 26112K, 62% used [0x00000000fe580000,0x00000000ff551208,0x00000000fff00000)
  to   space 25600K, 0% used [0x00000000fcc80000,0x00000000fcc80000,0x00000000fe580000)
 ParOldGen       total 316416K, used 136270K [0x0000000080000000, 0x0000000093500000, 0x00000000d5580000)
  object space 316416K, 43% used [0x0000000080000000,0x0000000088513b90,0x0000000093500000)
 Metaspace       used 94120K, capacity 96585K, committed 99200K, reserved 1136640K
  class space    used 11244K, capacity 11641K, committed 12160K, reserved 1048576K
}
{Heap before GC invocations=831 (full 4):
 PSYoungGen      total 672256K, used 662340K [0x00000000d5580000, 0x00000000fff00000, 0x0000000100000000)
  eden space 646144K, 100% used [0x00000000d5580000,0x00000000fcc80000,0x00000000fcc80000)
  from space 26112K, 62% used [0x00000000fe580000,0x00000000ff551208,0x00000000fff00000)
  to   space 25600K, 0% used [0x00000000fcc80000,0x00000000fcc80000,0x00000000fe580000)
 ParOldGen       total 316416K, used 136270K [0x0000000080000000, 0x0000000093500000, 0x00000000d5580000)
  object space 316416K, 43% used [0x0000000080000000,0x0000000088513b90,0x0000000093500000)
 Metaspace       used 94120K, capacity 96585K, committed 99200K, reserved 1136640K
  class space    used 11244K, capacity 11641K, committed 12160K, reserved 1048576K
2023-04-21T00:14:53.497+0600: 2415765.580: [GC (Allocation Failure) [PSYoungGen: 662340K->9550K(671744K)] 798611K->145845K(988160K), 0.0093417 secs] [Times: user=0.01 sys=0.00, real=0.01 secs] 
Heap after GC invocations=831 (full 4):
 PSYoungGen      total 671744K, used 9550K [0x00000000d5580000, 0x00000000ffe80000, 0x0000000100000000)
  eden space 646144K, 0% used [0x00000000d5580000,0x00000000d5580000,0x00000000fcc80000)
  from space 25600K, 37% used [0x00000000fcc80000,0x00000000fd5d38d8,0x00000000fe580000)
  to   space 25088K, 0% used [0x00000000fe600000,0x00000000fe600000,0x00000000ffe80000)
 ParOldGen       total 316416K, used 136294K [0x0000000080000000, 0x0000000093500000, 0x00000000d5580000)
  object space 316416K, 43% used [0x0000000080000000,0x0000000088519b90,0x0000000093500000)
 Metaspace       used 94120K, capacity 96585K, committed 99200K, reserved 1136640K
  class space    used 11244K, capacity 11641K, committed 12160K, reserved 1048576K
}
{Heap before GC invocations=832 (full 4):
 PSYoungGen      total 671744K, used 655354K [0x00000000d5580000, 0x00000000ffe80000, 0x0000000100000000)
  eden space 646144K, 99% used [0x00000000d5580000,0x00000000fcc2b2a8,0x00000000fcc80000)
  from space 25600K, 37% used [0x00000000fcc80000,0x00000000fd5d38d8,0x00000000fe580000)
  to   space 25088K, 0% used [0x00000000fe600000,0x00000000fe600000,0x00000000ffe80000)
 ParOldGen       total 316416K, used 136294K [0x0000000080000000, 0x0000000093500000, 0x00000000d5580000)
  object space 316416K, 43% used [0x0000000080000000,0x0000000088519b90,0x0000000093500000)
 Metaspace       used 94120K, capacity 96585K, committed 99200K, reserved 1136640K
  class space    used 11244K, capacity 11641K, committed 12160K, reserved 1048576K
2023-04-21T00:14:57.243+0600: 2415769.326: [GC (Allocation Failure) [PSYoungGen: 655354K->16210K(672256K)] 791649K->152640K(988672K), 0.0165311 secs] [Times: user=0.03 sys=0.00, real=0.02 secs] 
Heap after GC invocations=832 (full 4):
 PSYoungGen      total 672256K, used 16210K [0x00000000d5580000, 0x00000000fff80000, 0x0000000100000000)
  eden space 647168K, 0% used [0x00000000d5580000,0x00000000d5580000,0x00000000fcd80000)
  from space 25088K, 64% used [0x00000000fe600000,0x00000000ff5d48e8,0x00000000ffe80000)
  to   space 25088K, 0% used [0x00000000fcd80000,0x00000000fcd80000,0x00000000fe600000)
 ParOldGen       total 316416K, used 136430K [0x0000000080000000, 0x0000000093500000, 0x00000000d5580000)
  object space 316416K, 43% used [0x0000000080000000,0x000000008853b820,0x0000000093500000)
 Metaspace       used 94120K, capacity 96585K, committed 99200K, reserved 1136640K
  class space    used 11244K, capacity 11641K, committed 12160K, reserved 1048576K
}
{Heap before GC invocations=833 (full 4):
 PSYoungGen      total 672256K, used 658483K [0x00000000d5580000, 0x00000000fff80000, 0x0000000100000000)
  eden space 647168K, 99% used [0x00000000d5580000,0x00000000fc8b86c0,0x00000000fcd80000)
  from space 25088K, 64% used [0x00000000fe600000,0x00000000ff5d48e8,0x00000000ffe80000)
  to   space 25088K, 0% used [0x00000000fcd80000,0x00000000fcd80000,0x00000000fe600000)
 ParOldGen       total 316416K, used 136430K [0x0000000080000000, 0x0000000093500000, 0x00000000d5580000)
  object space 316416K, 43% used [0x0000000080000000,0x000000008853b820,0x0000000093500000)
 Metaspace       used 94120K, capacity 96585K, committed 99200K, reserved 1136640K
  class space    used 11244K, capacity 11641K, committed 12160K, reserved 1048576K
2023-04-21T00:15:00.848+0600: 2415772.931: [GC (Allocation Failure) [PSYoungGen: 658483K->14973K(672256K)] 794913K->151579K(988672K), 0.0127008 secs] [Times: user=0.02 sys=0.00, real=0.02 secs] 
Heap after GC invocations=833 (full 4):
 PSYoungGen      total 672256K, used 14973K [0x00000000d5580000, 0x00000000ffe00000, 0x0000000100000000)
  eden space 647168K, 0% used [0x00000000d5580000,0x00000000d5580000,0x00000000fcd80000)
  from space 25088K, 59% used [0x00000000fcd80000,0x00000000fdc1f698,0x00000000fe600000)
  to   space 24064K, 0% used [0x00000000fe680000,0x00000000fe680000,0x00000000ffe00000)
 ParOldGen       total 316416K, used 136606K [0x0000000080000000, 0x0000000093500000, 0x00000000d5580000)
  object space 316416K, 43% used [0x0000000080000000,0x0000000088567890,0x0000000093500000)
 Metaspace       used 94120K, capacity 96585K, committed 99200K, reserved 1136640K
  class space    used 11244K, capacity 11641K, committed 12160K, reserved 1048576K
}
{Heap before GC invocations=834 (full 4):
 PSYoungGen      total 672256K, used 661020K [0x00000000d5580000, 0x00000000ffe00000, 0x0000000100000000)
  eden space 647168K, 99% used [0x00000000d5580000,0x00000000fcc67a08,0x00000000fcd80000)
  from space 25088K, 59% used [0x00000000fcd80000,0x00000000fdc1f698,0x00000000fe600000)
  to   space 24064K, 0% used [0x00000000fe680000,0x00000000fe680000,0x00000000ffe00000)
 ParOldGen       total 316416K, used 136606K [0x0000000080000000, 0x0000000093500000, 0x00000000d5580000)
  object space 316416K, 43% used [0x0000000080000000,0x0000000088567890,0x0000000093500000)
 Metaspace       used 94120K, capacity 96585K, committed 99200K, reserved 1136640K
  class space    used 11244K, capacity 11641K, committed 12160K, reserved 1048576K
2023-04-21T00:15:04.562+0600: 2415776.645: [GC (Allocation Failure) [PSYoungGen: 661020K->11075K(672768K)] 797626K->147745K(989184K), 0.0114457 secs] [Times: user=0.02 sys=0.00, real=0.01 secs] 
Heap after GC invocations=834 (full 4):
 PSYoungGen      total 672768K, used 11075K [0x00000000d5580000, 0x00000000fff00000, 0x0000000100000000)
  eden space 648704K, 0% used [0x00000000d5580000,0x00000000d5580000,0x00000000fcf00000)
  from space 24064K, 46% used [0x00000000fe680000,0x00000000ff150e10,0x00000000ffe00000)
  to   space 24064K, 0% used [0x00000000fcf00000,0x00000000fcf00000,0x00000000fe680000)
 ParOldGen       total 316416K, used 136669K [0x0000000080000000, 0x0000000093500000, 0x00000000d5580000)
  object space 316416K, 43% used [0x0000000080000000,0x00000000885777e0,0x0000000093500000)
 Metaspace       used 94120K, capacity 96585K, committed 99200K, reserved 1136640K
  class space    used 11244K, capacity 11641K, committed 12160K, reserved 1048576K
}
{Heap before GC invocations=835 (full 4):
 PSYoungGen      total 672768K, used 657401K [0x00000000d5580000, 0x00000000fff00000, 0x0000000100000000)
  eden space 648704K, 99% used [0x00000000d5580000,0x00000000fccad6a0,0x00000000fcf00000)
  from space 24064K, 46% used [0x00000000fe680000,0x00000000ff150e10,0x00000000ffe00000)
  to   space 24064K, 0% used [0x00000000fcf00000,0x00000000fcf00000,0x00000000fe680000)
 ParOldGen       total 316416K, used 136669K [0x0000000080000000, 0x0000000093500000, 0x00000000d5580000)
  object space 316416K, 43% used [0x0000000080000000,0x00000000885777e0,0x0000000093500000)
 Metaspace       used 94120K, capacity 96585K, committed 99200K, reserved 1136640K
  class space    used 11244K, capacity 11641K, committed 12160K, reserved 1048576K
2023-04-21T00:15:08.194+0600: 2415780.277: [GC (Allocation Failure) [PSYoungGen: 657401K->10964K(672768K)] 794071K->147854K(989184K), 0.0157898 secs] [Times: user=0.03 sys=0.00, real=0.02 secs] 
Heap after GC invocations=835 (full 4):
 PSYoungGen      total 672768K, used 10964K [0x00000000d5580000, 0x00000000fff00000, 0x0000000100000000)
  eden space 648704K, 0% used [0x00000000d5580000,0x00000000d5580000,0x00000000fcf00000)
  from space 24064K, 45% used [0x00000000fcf00000,0x00000000fd9b5040,0x00000000fe680000)
  to   space 23552K, 0% used [0x00000000fe800000,0x00000000fe800000,0x00000000fff00000)
 ParOldGen       total 316416K, used 136890K [0x0000000080000000, 0x0000000093500000, 0x00000000d5580000)
  object space 316416K, 43% used [0x0000000080000000,0x00000000885ae850,0x0000000093500000)
 Metaspace       used 94120K, capacity 96585K, committed 99200K, reserved 1136640K
  class space    used 11244K, capacity 11641K, committed 12160K, reserved 1048576K
}
{Heap before GC invocations=836 (full 4):
 PSYoungGen      total 672768K, used 656927K [0x00000000d5580000, 0x00000000fff00000, 0x0000000100000000)
  eden space 648704K, 99% used [0x00000000d5580000,0x00000000fcc52d10,0x00000000fcf00000)
  from space 24064K, 45% used [0x00000000fcf00000,0x00000000fd9b5040,0x00000000fe680000)
  to   space 23552K, 0% used [0x00000000fe800000,0x00000000fe800000,0x00000000fff00000)
 ParOldGen       total 316416K, used 136890K [0x0000000080000000, 0x0000000093500000, 0x00000000d5580000)
  object space 316416K, 43% used [0x0000000080000000,0x00000000885ae850,0x0000000093500000)
 Metaspace       used 94120K, capacity 96585K, committed 99200K, reserved 1136640K
  class space    used 11244K, capacity 11641K, committed 12160K, reserved 1048576K
2023-04-21T00:15:11.529+0600: 2415783.611: [GC (Allocation Failure) [PSYoungGen: 656927K->11623K(673280K)] 793817K->148624K(989696K), 0.0140870 secs] [Times: user=0.02 sys=0.00, real=0.02 secs] 
Heap after GC invocations=836 (full 4):
 PSYoungGen      total 673280K, used 11623K [0x00000000d5580000, 0x00000000ffd80000, 0x0000000100000000)
  eden space 651264K, 0% used [0x00000000d5580000,0x00000000d5580000,0x00000000fd180000)
  from space 22016K, 52% used [0x00000000fe800000,0x00000000ff359d90,0x00000000ffd80000)
  to   space 22528K, 0% used [0x00000000fd180000,0x00000000fd180000,0x00000000fe780000)
 ParOldGen       total 316416K, used 137001K [0x0000000080000000, 0x0000000093500000, 0x00000000d5580000)
  object space 316416K, 43% used [0x0000000080000000,0x00000000885ca430,0x0000000093500000)
 Metaspace       used 94120K, capacity 96585K, committed 99200K, reserved 1136640K
  class space    used 11244K, capacity 11641K, committed 12160K, reserved 1048576K
}
{Heap before GC invocations=837 (full 4):
 PSYoungGen      total 673280K, used 659860K [0x00000000d5580000, 0x00000000ffd80000, 0x0000000100000000)
  eden space 651264K, 99% used [0x00000000d5580000,0x00000000fce8b520,0x00000000fd180000)
  from space 22016K, 52% used [0x00000000fe800000,0x00000000ff359d90,0x00000000ffd80000)
  to   space 22528K, 0% used [0x00000000fd180000,0x00000000fd180000,0x00000000fe780000)
 ParOldGen       total 316416K, used 137001K [0x0000000080000000, 0x0000000093500000, 0x00000000d5580000)
  object space 316416K, 43% used [0x0000000080000000,0x00000000885ca430,0x0000000093500000)
 Metaspace       used 94120K, capacity 96585K, committed 99200K, reserved 1136640K
  class space    used 11244K, capacity 11641K, committed 12160K, reserved 1048576K
2023-04-21T00:15:15.036+0600: 2415787.119: [GC (Allocation Failure) [PSYoungGen: 659860K->15811K(673792K)] 796861K->152844K(990208K), 0.0116276 secs] [Times: user=0.02 sys=0.00, real=0.01 secs] 
Heap after GC invocations=837 (full 4):
 PSYoungGen      total 673792K, used 15811K [0x00000000d5580000, 0x0000000100000000, 0x0000000100000000)
  eden space 651264K, 0% used [0x00000000d5580000,0x00000000d5580000,0x00000000fd180000)
  from space 22528K, 70% used [0x00000000fd180000,0x00000000fe0f0d78,0x00000000fe780000)
  to   space 22528K, 0% used [0x00000000fea00000,0x00000000fea00000,0x0000000100000000)
 ParOldGen       total 316416K, used 137033K [0x0000000080000000, 0x0000000093500000, 0x00000000d5580000)
  object space 316416K, 43% used [0x0000000080000000,0x00000000885d2430,0x0000000093500000)
 Metaspace       used 94120K, capacity 96585K, committed 99200K, reserved 1136640K
  class space    used 11244K, capacity 11641K, committed 12160K, reserved 1048576K
}
{Heap before GC invocations=838 (full 4):
 PSYoungGen      total 673792K, used 667075K [0x00000000d5580000, 0x0000000100000000, 0x0000000100000000)
  eden space 651264K, 100% used [0x00000000d5580000,0x00000000fd180000,0x00000000fd180000)
  from space 22528K, 70% used [0x00000000fd180000,0x00000000fe0f0d78,0x00000000fe780000)
  to   space 22528K, 0% used [0x00000000fea00000,0x00000000fea00000,0x0000000100000000)
 ParOldGen       total 316416K, used 137033K [0x0000000080000000, 0x0000000093500000, 0x00000000d5580000)
  object space 316416K, 43% used [0x0000000080000000,0x00000000885d2430,0x0000000093500000)
 Metaspace       used 94120K, capacity 96585K, committed 99200K, reserved 1136640K
  class space    used 11244K, capacity 11641K, committed 12160K, reserved 1048576K
2023-04-21T00:15:18.230+0600: 2415790.313: [GC (Allocation Failure) [PSYoungGen: 667075K->10259K(676352K)] 804108K->147332K(992768K), 0.0097395 secs] [Times: user=0.02 sys=0.00, real=0.01 secs] 
Heap after GC invocations=838 (full 4):
 PSYoungGen      total 676352K, used 10259K [0x00000000d5580000, 0x0000000100000000, 0x0000000100000000)
  eden space 653824K, 0% used [0x00000000d5580000,0x00000000d5580000,0x00000000fd400000)
  from space 22528K, 45% used [0x00000000fea00000,0x00000000ff404ce8,0x0000000100000000)
  to   space 22528K, 0% used [0x00000000fd400000,0x00000000fd400000,0x00000000fea00000)
 ParOldGen       total 316416K, used 137073K [0x0000000080000000, 0x0000000093500000, 0x00000000d5580000)
  object space 316416K, 43% used [0x0000000080000000,0x00000000885dc430,0x0000000093500000)
 Metaspace       used 94120K, capacity 96585K, committed 99200K, reserved 1136640K
  class space    used 11244K, capacity 11641K, committed 12160K, reserved 1048576K
}
{Heap before GC invocations=839 (full 4):
 PSYoungGen      total 676352K, used 662830K [0x00000000d5580000, 0x0000000100000000, 0x0000000100000000)
  eden space 653824K, 99% used [0x00000000d5580000,0x00000000fd2c6b70,0x00000000fd400000)
  from space 22528K, 45% used [0x00000000fea00000,0x00000000ff404ce8,0x0000000100000000)
  to   space 22528K, 0% used [0x00000000fd400000,0x00000000fd400000,0x00000000fea00000)
 ParOldGen       total 316416K, used 137073K [0x0000000080000000, 0x0000000093500000, 0x00000000d5580000)
  object space 316416K, 43% used [0x0000000080000000,0x00000000885dc430,0x0000000093500000)
 Metaspace       used 94120K, capacity 96585K, committed 99200K, reserved 1136640K
  class space    used 11244K, capacity 11641K, committed 12160K, reserved 1048576K
2023-04-21T00:15:22.390+0600: 2415794.473: [GC (Allocation Failure) [PSYoungGen: 662830K->11951K(666112K)] 799903K->149048K(982528K), 0.0154069 secs] [Times: user=0.03 sys=0.00, real=0.01 secs] 
Heap after GC invocations=839 (full 4):
 PSYoungGen      total 666112K, used 11951K [0x00000000d5580000, 0x00000000ffe00000, 0x0000000100000000)
  eden space 653824K, 0% used [0x00000000d5580000,0x00000000d5580000,0x00000000fd400000)
  from space 12288K, 97% used [0x00000000fd400000,0x00000000fdfabc60,0x00000000fe000000)
  to   space 21504K, 0% used [0x00000000fe900000,0x00000000fe900000,0x00000000ffe00000)
 ParOldGen       total 316416K, used 137097K [0x0000000080000000, 0x0000000093500000, 0x00000000d5580000)
  object space 316416K, 43% used [0x0000000080000000,0x00000000885e2430,0x0000000093500000)
 Metaspace       used 94120K, capacity 96585K, committed 99200K, reserved 1136640K
  class space    used 11244K, capacity 11641K, committed 12160K, reserved 1048576K
}
{Heap before GC invocations=840 (full 4):
 PSYoungGen      total 666112K, used 665775K [0x00000000d5580000, 0x00000000ffe00000, 0x0000000100000000)
  eden space 653824K, 100% used [0x00000000d5580000,0x00000000fd400000,0x00000000fd400000)
  from space 12288K, 97% used [0x00000000fd400000,0x00000000fdfabc60,0x00000000fe000000)
  to   space 21504K, 0% used [0x00000000fe900000,0x00000000fe900000,0x00000000ffe00000)
 ParOldGen       total 316416K, used 137097K [0x0000000080000000, 0x0000000093500000, 0x00000000d5580000)
  object space 316416K, 43% used [0x0000000080000000,0x00000000885e2430,0x0000000093500000)
 Metaspace       used 94120K, capacity 96585K, committed 99200K, reserved 1136640K
  class space    used 11244K, capacity 11641K, committed 12160K, reserved 1048576K
2023-04-21T00:15:25.488+0600: 2415797.570: [GC (Allocation Failure) [PSYoungGen: 665775K->9794K(675328K)] 802872K->146931K(991744K), 0.0103210 secs] [Times: user=0.02 sys=0.00, real=0.01 secs] 
Heap after GC invocations=840 (full 4):
 PSYoungGen      total 675328K, used 9794K [0x00000000d5580000, 0x0000000100000000, 0x0000000100000000)
  eden space 653824K, 0% used [0x00000000d5580000,0x00000000d5580000,0x00000000fd400000)
  from space 21504K, 45% used [0x00000000fe900000,0x00000000ff290a58,0x00000000ffe00000)
  to   space 21504K, 0% used [0x00000000fd400000,0x00000000fd400000,0x00000000fe900000)
 ParOldGen       total 316416K, used 137137K [0x0000000080000000, 0x0000000093500000, 0x00000000d5580000)
  object space 316416K, 43% used [0x0000000080000000,0x00000000885ec430,0x0000000093500000)
 Metaspace       used 94120K, capacity 96585K, committed 99200K, reserved 1136640K
  class space    used 11244K, capacity 11641K, committed 12160K, reserved 1048576K
}
{Heap before GC invocations=841 (full 4):
 PSYoungGen      total 675328K, used 662612K [0x00000000d5580000, 0x0000000100000000, 0x0000000100000000)
  eden space 653824K, 99% used [0x00000000d5580000,0x00000000fd3045f0,0x00000000fd400000)
  from space 21504K, 45% used [0x00000000fe900000,0x00000000ff290a58,0x00000000ffe00000)
  to   space 21504K, 0% used [0x00000000fd400000,0x00000000fd400000,0x00000000fe900000)
 ParOldGen       total 316416K, used 137137K [0x0000000080000000, 0x0000000093500000, 0x00000000d5580000)
  object space 316416K, 43% used [0x0000000080000000,0x00000000885ec430,0x0000000093500000)
 Metaspace       used 94120K, capacity 96585K, committed 99200K, reserved 1136640K
  class space    used 11244K, capacity 11641K, committed 12160K, reserved 1048576K
2023-04-21T00:15:29.563+0600: 2415801.646: [GC (Allocation Failure) [PSYoungGen: 662612K->14764K(675328K)] 799749K->151941K(991744K), 0.0103324 secs] [Times: user=0.02 sys=0.00, real=0.01 secs] 
Heap after GC invocations=841 (full 4):
 PSYoungGen      total 675328K, used 14764K [0x00000000d5580000, 0x0000000100000000, 0x0000000100000000)
  eden space 653824K, 0% used [0x00000000d5580000,0x00000000d5580000,0x00000000fd400000)
  from space 21504K, 68% used [0x00000000fd400000,0x00000000fe26b2c8,0x00000000fe900000)
  to   space 21504K, 0% used [0x00000000feb00000,0x00000000feb00000,0x0000000100000000)
 ParOldGen       total 316416K, used 137177K [0x0000000080000000, 0x0000000093500000, 0x00000000d5580000)
  object space 316416K, 43% used [0x0000000080000000,0x00000000885f6430,0x0000000093500000)
 Metaspace       used 94120K, capacity 96585K, committed 99200K, reserved 1136640K
  class space    used 11244K, capacity 11641K, committed 12160K, reserved 1048576K
}
{Heap before GC invocations=842 (full 4):
 PSYoungGen      total 675328K, used 668588K [0x00000000d5580000, 0x0000000100000000, 0x0000000100000000)
  eden space 653824K, 100% used [0x00000000d5580000,0x00000000fd400000,0x00000000fd400000)
  from space 21504K, 68% used [0x00000000fd400000,0x00000000fe26b2c8,0x00000000fe900000)
  to   space 21504K, 0% used [0x00000000feb00000,0x00000000feb00000,0x0000000100000000)
 ParOldGen       total 316416K, used 137177K [0x0000000080000000, 0x0000000093500000, 0x00000000d5580000)
  object space 316416K, 43% used [0x0000000080000000,0x00000000885f6430,0x0000000093500000)
 Metaspace       used 94120K, capacity 96585K, committed 99200K, reserved 1136640K
  class space    used 11244K, capacity 11641K, committed 12160K, reserved 1048576K
2023-04-21T00:15:32.747+0600: 2415804.830: [GC (Allocation Failure) [PSYoungGen: 668588K->9453K(676352K)] 805765K->146670K(992768K), 0.0093807 secs] [Times: user=0.02 sys=0.00, real=0.01 secs] 
Heap after GC invocations=842 (full 4):
 PSYoungGen      total 676352K, used 9453K [0x00000000d5580000, 0x00000000fff00000, 0x0000000100000000)
  eden space 655872K, 0% used [0x00000000d5580000,0x00000000d5580000,0x00000000fd600000)
  from space 20480K, 46% used [0x00000000feb00000,0x00000000ff43b468,0x00000000fff00000)
  to   space 20992K, 0% used [0x00000000fd600000,0x00000000fd600000,0x00000000fea80000)
 ParOldGen       total 316416K, used 137217K [0x0000000080000000, 0x0000000093500000, 0x00000000d5580000)
  object space 316416K, 43% used [0x0000000080000000,0x0000000088600430,0x0000000093500000)
 Metaspace       used 94120K, capacity 96585K, committed 99200K, reserved 1136640K
  class space    used 11244K, capacity 11641K, committed 12160K, reserved 1048576K
}
{Heap before GC invocations=843 (full 4):
 PSYoungGen      total 676352K, used 661794K [0x00000000d5580000, 0x00000000fff00000, 0x0000000100000000)
  eden space 655872K, 99% used [0x00000000d5580000,0x00000000fd28d4a0,0x00000000fd600000)
  from space 20480K, 46% used [0x00000000feb00000,0x00000000ff43b468,0x00000000fff00000)
  to   space 20992K, 0% used [0x00000000fd600000,0x00000000fd600000,0x00000000fea80000)
 ParOldGen       total 316416K, used 137217K [0x0000000080000000, 0x0000000093500000, 0x00000000d5580000)
  object space 316416K, 43% used [0x0000000080000000,0x0000000088600430,0x0000000093500000)
 Metaspace       used 94120K, capacity 96585K, committed 99200K, reserved 1136640K
  class space    used 11244K, capacity 11641K, committed 12160K, reserved 1048576K
2023-04-21T00:15:36.660+0600: 2415808.743: [GC (Allocation Failure) [PSYoungGen: 661794K->14940K(676864K)] 799011K->152189K(993280K), 0.0133444 secs] [Times: user=0.02 sys=0.00, real=0.01 secs] 
Heap after GC invocations=843 (full 4):
 PSYoungGen      total 676864K, used 14940K [0x00000000d5580000, 0x0000000100000000, 0x0000000100000000)
  eden space 655872K, 0% used [0x00000000d5580000,0x00000000d5580000,0x00000000fd600000)
  from space 20992K, 71% used [0x00000000fd600000,0x00000000fe4972b8,0x00000000fea80000)
  to   space 20992K, 0% used [0x00000000feb80000,0x00000000feb80000,0x0000000100000000)
 ParOldGen       total 316416K, used 137249K [0x0000000080000000, 0x0000000093500000, 0x00000000d5580000)
  object space 316416K, 43% used [0x0000000080000000,0x0000000088608430,0x0000000093500000)
 Metaspace       used 94120K, capacity 96585K, committed 99200K, reserved 1136640K
  class space    used 11244K, capacity 11641K, committed 12160K, reserved 1048576K
}
{Heap before GC invocations=844 (full 4):
 PSYoungGen      total 676864K, used 670812K [0x00000000d5580000, 0x0000000100000000, 0x0000000100000000)
  eden space 655872K, 100% used [0x00000000d5580000,0x00000000fd600000,0x00000000fd600000)
  from space 20992K, 71% used [0x00000000fd600000,0x00000000fe4972b8,0x00000000fea80000)
  to   space 20992K, 0% used [0x00000000feb80000,0x00000000feb80000,0x0000000100000000)
 ParOldGen       total 316416K, used 137256K [0x0000000080000000, 0x0000000093500000, 0x00000000d5580000)
  object space 316416K, 43% used [0x0000000080000000,0x000000008860a0c8,0x0000000093500000)
 Metaspace       used 94120K, capacity 96585K, committed 99200K, reserved 1136640K
  class space    used 11244K, capacity 11641K, committed 12160K, reserved 1048576K
2023-04-21T00:15:39.958+0600: 2415812.041: [GC (GCLocker Initiated GC) [PSYoungGen: 670812K->9613K(677888K)] 808068K->147012K(994304K), 0.0098752 secs] [Times: user=0.02 sys=0.00, real=0.01 secs] 
Heap after GC invocations=844 (full 4):
 PSYoungGen      total 677888K, used 9613K [0x00000000d5580000, 0x0000000100000000, 0x0000000100000000)
  eden space 656896K, 0% used [0x00000000d5580000,0x00000000d5580000,0x00000000fd700000)
  from space 20992K, 45% used [0x00000000feb80000,0x00000000ff4e3448,0x0000000100000000)
  to   space 20992K, 0% used [0x00000000fd700000,0x00000000fd700000,0x00000000feb80000)
 ParOldGen       total 316416K, used 137399K [0x0000000080000000, 0x0000000093500000, 0x00000000d5580000)
  object space 316416K, 43% used [0x0000000080000000,0x000000008862dca8,0x0000000093500000)
 Metaspace       used 94120K, capacity 96585K, committed 99200K, reserved 1136640K
  class space    used 11244K, capacity 11641K, committed 12160K, reserved 1048576K
}
{Heap before GC invocations=845 (full 4):
 PSYoungGen      total 677888K, used 666509K [0x00000000d5580000, 0x0000000100000000, 0x0000000100000000)
  eden space 656896K, 100% used [0x00000000d5580000,0x00000000fd700000,0x00000000fd700000)
  from space 20992K, 45% used [0x00000000feb80000,0x00000000ff4e3448,0x0000000100000000)
  to   space 20992K, 0% used [0x00000000fd700000,0x00000000fd700000,0x00000000feb80000)
 ParOldGen       total 316416K, used 137400K [0x0000000080000000, 0x0000000093500000, 0x00000000d5580000)
  object space 316416K, 43% used [0x0000000080000000,0x000000008862e318,0x0000000093500000)
 Metaspace       used 94133K, capacity 96655K, committed 99200K, reserved 1136640K
  class space    used 11246K, capacity 11642K, committed 12160K, reserved 1048576K
2023-04-21T05:14:49.758+0600: 2433761.841: [GC (Allocation Failure) [PSYoungGen: 666509K->5140K(662528K)] 803909K->142588K(978944K), 0.0232064 secs] [Times: user=0.04 sys=0.00, real=0.03 secs] 
Heap after GC invocations=845 (full 4):
 PSYoungGen      total 662528K, used 5140K [0x00000000d5580000, 0x0000000100000000, 0x0000000100000000)
  eden space 656896K, 0% used [0x00000000d5580000,0x00000000d5580000,0x00000000fd700000)
  from space 5632K, 91% used [0x00000000fd700000,0x00000000fdc051d0,0x00000000fdc80000)
  to   space 21504K, 0% used [0x00000000feb00000,0x00000000feb00000,0x0000000100000000)
 ParOldGen       total 316416K, used 137448K [0x0000000080000000, 0x0000000093500000, 0x00000000d5580000)
  object space 316416K, 43% used [0x0000000080000000,0x000000008863a1b8,0x0000000093500000)
 Metaspace       used 94133K, capacity 96655K, committed 99200K, reserved 1136640K
  class space    used 11246K, capacity 11642K, committed 12160K, reserved 1048576K
}
{Heap before GC invocations=846 (full 4):
 PSYoungGen      total 662528K, used 662036K [0x00000000d5580000, 0x0000000100000000, 0x0000000100000000)
  eden space 656896K, 100% used [0x00000000d5580000,0x00000000fd700000,0x00000000fd700000)
  from space 5632K, 91% used [0x00000000fd700000,0x00000000fdc051d0,0x00000000fdc80000)
  to   space 21504K, 0% used [0x00000000feb00000,0x00000000feb00000,0x0000000100000000)
 ParOldGen       total 316416K, used 137448K [0x0000000080000000, 0x0000000093500000, 0x00000000d5580000)
  object space 316416K, 43% used [0x0000000080000000,0x000000008863a1b8,0x0000000093500000)
 Metaspace       used 94146K, capacity 96685K, committed 99200K, reserved 1136640K
  class space    used 11249K, capacity 11647K, committed 12160K, reserved 1048576K
2023-04-21T14:04:31.399+0600: 2465543.482: [GC (Allocation Failure) [PSYoungGen: 662036K->5906K(677376K)] 799484K->143386K(993792K), 0.0266221 secs] [Times: user=0.02 sys=0.03, real=0.02 secs] 
Heap after GC invocations=846 (full 4):
 PSYoungGen      total 677376K, used 5906K [0x00000000d5580000, 0x0000000100000000, 0x0000000100000000)
  eden space 655872K, 0% used [0x00000000d5580000,0x00000000d5580000,0x00000000fd600000)
  from space 21504K, 27% used [0x00000000feb00000,0x00000000ff0c4910,0x0000000100000000)
  to   space 21504K, 0% used [0x00000000fd600000,0x00000000fd600000,0x00000000feb00000)
 ParOldGen       total 316416K, used 137480K [0x0000000080000000, 0x0000000093500000, 0x00000000d5580000)
  object space 316416K, 43% used [0x0000000080000000,0x00000000886421b8,0x0000000093500000)
 Metaspace       used 94146K, capacity 96685K, committed 99200K, reserved 1136640K
  class space    used 11249K, capacity 11647K, committed 12160K, reserved 1048576K
}
{Heap before GC invocations=847 (full 4):
 PSYoungGen      total 677376K, used 661778K [0x00000000d5580000, 0x0000000100000000, 0x0000000100000000)
  eden space 655872K, 100% used [0x00000000d5580000,0x00000000fd600000,0x00000000fd600000)
  from space 21504K, 27% used [0x00000000feb00000,0x00000000ff0c4910,0x0000000100000000)
  to   space 21504K, 0% used [0x00000000fd600000,0x00000000fd600000,0x00000000feb00000)
 ParOldGen       total 316416K, used 137480K [0x0000000080000000, 0x0000000093500000, 0x00000000d5580000)
  object space 316416K, 43% used [0x0000000080000000,0x00000000886421b8,0x0000000093500000)
 Metaspace       used 94166K, capacity 96691K, committed 99200K, reserved 1136640K
  class space    used 11249K, capacity 11648K, committed 12160K, reserved 1048576K
2023-04-21T20:43:34.760+0600: 2489486.842: [GC (Allocation Failure) [PSYoungGen: 661778K->7768K(664064K)] 799258K->145297K(980480K), 0.0275447 secs] [Times: user=0.04 sys=0.00, real=0.02 secs] 
Heap after GC invocations=847 (full 4):
 PSYoungGen      total 664064K, used 7768K [0x00000000d5580000, 0x00000000fff00000, 0x0000000100000000)
  eden space 655872K, 0% used [0x00000000d5580000,0x00000000d5580000,0x00000000fd600000)
  from space 8192K, 94% used [0x00000000fd600000,0x00000000fdd963f0,0x00000000fde00000)
  to   space 20992K, 0% used [0x00000000fea80000,0x00000000fea80000,0x00000000fff00000)
 ParOldGen       total 316416K, used 137528K [0x0000000080000000, 0x0000000093500000, 0x00000000d5580000)
  object space 316416K, 43% used [0x0000000080000000,0x000000008864e058,0x0000000093500000)
 Metaspace       used 94166K, capacity 96691K, committed 99200K, reserved 1136640K
  class space    used 11249K, capacity 11648K, committed 12160K, reserved 1048576K
}
{Heap before GC invocations=848 (full 4):
 PSYoungGen      total 664064K, used 663640K [0x00000000d5580000, 0x00000000fff00000, 0x0000000100000000)
  eden space 655872K, 100% used [0x00000000d5580000,0x00000000fd600000,0x00000000fd600000)
  from space 8192K, 94% used [0x00000000fd600000,0x00000000fdd963f0,0x00000000fde00000)
  to   space 20992K, 0% used [0x00000000fea80000,0x00000000fea80000,0x00000000fff00000)
 ParOldGen       total 316416K, used 137528K [0x0000000080000000, 0x0000000093500000, 0x00000000d5580000)
  object space 316416K, 43% used [0x0000000080000000,0x000000008864e058,0x0000000093500000)
 Metaspace       used 94166K, capacity 96691K, committed 99200K, reserved 1136640K
  class space    used 11249K, capacity 11648K, committed 12160K, reserved 1048576K
2023-04-22T06:12:23.198+0600: 2523615.281: [GC (Allocation Failure) [PSYoungGen: 663640K->5376K(676864K)] 801169K->142935K(993280K), 0.0265945 secs] [Times: user=0.04 sys=0.00, real=0.03 secs] 
Heap after GC invocations=848 (full 4):
 PSYoungGen      total 676864K, used 5376K [0x00000000d5580000, 0x0000000100000000, 0x0000000100000000)
  eden space 655872K, 0% used [0x00000000d5580000,0x00000000d5580000,0x00000000fd600000)
  from space 20992K, 25% used [0x00000000fea80000,0x00000000fefc0000,0x00000000fff00000)
  to   space 20992K, 0% used [0x00000000fd600000,0x00000000fd600000,0x00000000fea80000)
 ParOldGen       total 316416K, used 137559K [0x0000000080000000, 0x0000000093500000, 0x00000000d5580000)
  object space 316416K, 43% used [0x0000000080000000,0x0000000088655fa8,0x0000000093500000)
 Metaspace       used 94166K, capacity 96691K, committed 99200K, reserved 1136640K
  class space    used 11249K, capacity 11648K, committed 12160K, reserved 1048576K
}
{Heap before GC invocations=849 (full 4):
 PSYoungGen      total 676864K, used 661248K [0x00000000d5580000, 0x0000000100000000, 0x0000000100000000)
  eden space 655872K, 100% used [0x00000000d5580000,0x00000000fd600000,0x00000000fd600000)
  from space 20992K, 25% used [0x00000000fea80000,0x00000000fefc0000,0x00000000fff00000)
  to   space 20992K, 0% used [0x00000000fd600000,0x00000000fd600000,0x00000000fea80000)
 ParOldGen       total 316416K, used 137559K [0x0000000080000000, 0x0000000093500000, 0x00000000d5580000)
  object space 316416K, 43% used [0x0000000080000000,0x0000000088655fa8,0x0000000093500000)
 Metaspace       used 94179K, capacity 96721K, committed 99200K, reserved 1136640K
  class space    used 11252K, capacity 11653K, committed 12160K, reserved 1048576K
2023-04-22T15:48:14.474+0600: 2558166.557: [GC (Allocation Failure) [PSYoungGen: 661248K->5520K(676864K)] 798807K->143112K(993280K), 0.0252281 secs] [Times: user=0.02 sys=0.02, real=0.03 secs] 
Heap after GC invocations=849 (full 4):
 PSYoungGen      total 676864K, used 5520K [0x00000000d5580000, 0x0000000100000000, 0x0000000100000000)
  eden space 655872K, 0% used [0x00000000d5580000,0x00000000d5580000,0x00000000fd600000)
  from space 20992K, 26% used [0x00000000fd600000,0x00000000fdb64230,0x00000000fea80000)
  to   space 20992K, 0% used [0x00000000feb80000,0x00000000feb80000,0x0000000100000000)
 ParOldGen       total 316416K, used 137591K [0x0000000080000000, 0x0000000093500000, 0x00000000d5580000)
  object space 316416K, 43% used [0x0000000080000000,0x000000008865dfa8,0x0000000093500000)
 Metaspace       used 94179K, capacity 96721K, committed 99200K, reserved 1136640K
  class space    used 11252K, capacity 11653K, committed 12160K, reserved 1048576K
}
{Heap before GC invocations=850 (full 4):
 PSYoungGen      total 676864K, used 661392K [0x00000000d5580000, 0x0000000100000000, 0x0000000100000000)
  eden space 655872K, 100% used [0x00000000d5580000,0x00000000fd600000,0x00000000fd600000)
  from space 20992K, 26% used [0x00000000fd600000,0x00000000fdb64230,0x00000000fea80000)
  to   space 20992K, 0% used [0x00000000feb80000,0x00000000feb80000,0x0000000100000000)
 ParOldGen       total 316416K, used 137591K [0x0000000080000000, 0x0000000093500000, 0x00000000d5580000)
  object space 316416K, 43% used [0x0000000080000000,0x000000008865dfa8,0x0000000093500000)
 Metaspace       used 94189K, capacity 96727K, committed 99200K, reserved 1136640K
  class space    used 11253K, capacity 11654K, committed 12160K, reserved 1048576K
2023-04-23T00:29:03.684+0600: 2589415.766: [GC (Allocation Failure) [PSYoungGen: 661392K->5937K(676864K)] 798984K->143553K(993280K), 0.0203199 secs] [Times: user=0.03 sys=0.00, real=0.02 secs] 
Heap after GC invocations=850 (full 4):
 PSYoungGen      total 676864K, used 5937K [0x00000000d5580000, 0x00000000fff00000, 0x0000000100000000)
  eden space 656896K, 0% used [0x00000000d5580000,0x00000000d5580000,0x00000000fd700000)
  from space 19968K, 29% used [0x00000000feb80000,0x00000000ff14c690,0x00000000fff00000)
  to   space 20480K, 0% used [0x00000000fd700000,0x00000000fd700000,0x00000000feb00000)
 ParOldGen       total 316416K, used 137615K [0x0000000080000000, 0x0000000093500000, 0x00000000d5580000)
  object space 316416K, 43% used [0x0000000080000000,0x0000000088663fa8,0x0000000093500000)
 Metaspace       used 94189K, capacity 96727K, committed 99200K, reserved 1136640K
  class space    used 11253K, capacity 11654K, committed 12160K, reserved 1048576K
}
{Heap before GC invocations=851 (full 4):
 PSYoungGen      total 676864K, used 662833K [0x00000000d5580000, 0x00000000fff00000, 0x0000000100000000)
  eden space 656896K, 100% used [0x00000000d5580000,0x00000000fd700000,0x00000000fd700000)
  from space 19968K, 29% used [0x00000000feb80000,0x00000000ff14c690,0x00000000fff00000)
  to   space 20480K, 0% used [0x00000000fd700000,0x00000000fd700000,0x00000000feb00000)
 ParOldGen       total 316416K, used 137615K [0x0000000080000000, 0x0000000093500000, 0x00000000d5580000)
  object space 316416K, 43% used [0x0000000080000000,0x0000000088663fa8,0x0000000093500000)
 Metaspace       used 94189K, capacity 96727K, committed 99200K, reserved 1136640K
  class space    used 11253K, capacity 11654K, committed 12160K, reserved 1048576K
2023-04-23T10:15:49.911+0600: 2624621.994: [GC (Allocation Failure) [PSYoungGen: 662833K->5312K(677376K)] 800449K->142967K(993792K), 0.0258296 secs] [Times: user=0.02 sys=0.02, real=0.02 secs] 
Heap after GC invocations=851 (full 4):
 PSYoungGen      total 677376K, used 5312K [0x00000000d5580000, 0x00000000fff80000, 0x0000000100000000)
  eden space 656896K, 0% used [0x00000000d5580000,0x00000000d5580000,0x00000000fd700000)
  from space 20480K, 25% used [0x00000000fd700000,0x00000000fdc30000,0x00000000feb00000)
  to   space 19968K, 0% used [0x00000000fec00000,0x00000000fec00000,0x00000000fff80000)
 ParOldGen       total 316416K, used 137655K [0x0000000080000000, 0x0000000093500000, 0x00000000d5580000)
  object space 316416K, 43% used [0x0000000080000000,0x000000008866dfa8,0x0000000093500000)
 Metaspace       used 94189K, capacity 96727K, committed 99200K, reserved 1136640K
  class space    used 11253K, capacity 11654K, committed 12160K, reserved 1048576K
}
{Heap before GC invocations=852 (full 4):
 PSYoungGen      total 677376K, used 662208K [0x00000000d5580000, 0x00000000fff80000, 0x0000000100000000)
  eden space 656896K, 100% used [0x00000000d5580000,0x00000000fd700000,0x00000000fd700000)
  from space 20480K, 25% used [0x00000000fd700000,0x00000000fdc30000,0x00000000feb00000)
  to   space 19968K, 0% used [0x00000000fec00000,0x00000000fec00000,0x00000000fff80000)
 ParOldGen       total 316416K, used 137655K [0x0000000080000000, 0x0000000093500000, 0x00000000d5580000)
  object space 316416K, 43% used [0x0000000080000000,0x000000008866dfa8,0x0000000093500000)
 Metaspace       used 94207K, capacity 96757K, committed 99200K, reserved 1136640K
  class space    used 11256K, capacity 11659K, committed 12160K, reserved 1048576K
2023-04-23T18:44:43.042+0600: 2655155.125: [GC (Allocation Failure) [PSYoungGen: 662208K->11273K(678400K)] 799863K->148961K(994816K), 0.0259122 secs] [Times: user=0.02 sys=0.02, real=0.02 secs] 
Heap after GC invocations=852 (full 4):
 PSYoungGen      total 678400K, used 11273K [0x00000000d5580000, 0x00000000fff80000, 0x0000000100000000)
  eden space 658432K, 0% used [0x00000000d5580000,0x00000000d5580000,0x00000000fd880000)
  from space 19968K, 56% used [0x00000000fec00000,0x00000000ff702550,0x00000000fff80000)
  to   space 19968K, 0% used [0x00000000fd880000,0x00000000fd880000,0x00000000fec00000)
 ParOldGen       total 316416K, used 137687K [0x0000000080000000, 0x0000000093500000, 0x00000000d5580000)
  object space 316416K, 43% used [0x0000000080000000,0x0000000088675ef8,0x0000000093500000)
 Metaspace       used 94207K, capacity 96757K, committed 99200K, reserved 1136640K
  class space    used 11256K, capacity 11659K, committed 12160K, reserved 1048576K
}
{Heap before GC invocations=853 (full 4):
 PSYoungGen      total 678400K, used 669705K [0x00000000d5580000, 0x00000000fff80000, 0x0000000100000000)
  eden space 658432K, 100% used [0x00000000d5580000,0x00000000fd880000,0x00000000fd880000)
  from space 19968K, 56% used [0x00000000fec00000,0x00000000ff702550,0x00000000fff80000)
  to   space 19968K, 0% used [0x00000000fd880000,0x00000000fd880000,0x00000000fec00000)
 ParOldGen       total 316416K, used 137687K [0x0000000080000000, 0x0000000093500000, 0x00000000d5580000)
  object space 316416K, 43% used [0x0000000080000000,0x0000000088675ef8,0x0000000093500000)
 Metaspace       used 94212K, capacity 96763K, committed 99200K, reserved 1136640K
  class space    used 11256K, capacity 11660K, committed 12160K, reserved 1048576K
2023-04-24T03:49:50.554+0600: 2687862.637: [GC (Allocation Failure) [PSYoungGen: 669705K->6113K(678400K)] 807393K->143832K(994816K), 0.0265562 secs] [Times: user=0.02 sys=0.03, real=0.03 secs] 
Heap after GC invocations=853 (full 4):
 PSYoungGen      total 678400K, used 6113K [0x00000000d5580000, 0x00000000fff00000, 0x0000000100000000)
  eden space 658432K, 0% used [0x00000000d5580000,0x00000000d5580000,0x00000000fd880000)
  from space 19968K, 30% used [0x00000000fd880000,0x00000000fde78460,0x00000000fec00000)
  to   space 19456K, 0% used [0x00000000fec00000,0x00000000fec00000,0x00000000fff00000)
 ParOldGen       total 316416K, used 137719K [0x0000000080000000, 0x0000000093500000, 0x00000000d5580000)
  object space 316416K, 43% used [0x0000000080000000,0x000000008867def8,0x0000000093500000)
 Metaspace       used 94212K, capacity 96763K, committed 99200K, reserved 1136640K
  class space    used 11256K, capacity 11660K, committed 12160K, reserved 1048576K
}
{Heap before GC invocations=854 (full 4):
 PSYoungGen      total 678400K, used 664545K [0x00000000d5580000, 0x00000000fff00000, 0x0000000100000000)
  eden space 658432K, 100% used [0x00000000d5580000,0x00000000fd880000,0x00000000fd880000)
  from space 19968K, 30% used [0x00000000fd880000,0x00000000fde78460,0x00000000fec00000)
  to   space 19456K, 0% used [0x00000000fec00000,0x00000000fec00000,0x00000000fff00000)
 ParOldGen       total 316416K, used 137719K [0x0000000080000000, 0x0000000093500000, 0x00000000d5580000)
  object space 316416K, 43% used [0x0000000080000000,0x000000008867def8,0x0000000093500000)
 Metaspace       used 94213K, capacity 96763K, committed 99200K, reserved 1136640K
  class space    used 11256K, capacity 11660K, committed 12160K, reserved 1048576K
2023-04-24T13:18:55.886+0600: 2722007.969: [GC (Allocation Failure) [PSYoungGen: 664545K->5888K(678400K)] 802264K->143631K(994816K), 0.0228321 secs] [Times: user=0.04 sys=0.00, real=0.03 secs] 
Heap after GC invocations=854 (full 4):
 PSYoungGen      total 678400K, used 5888K [0x00000000d5580000, 0x00000000ffe80000, 0x0000000100000000)
  eden space 659456K, 0% used [0x00000000d5580000,0x00000000d5580000,0x00000000fd980000)
  from space 18944K, 31% used [0x00000000fec00000,0x00000000ff1c0010,0x00000000ffe80000)
  to   space 18944K, 0% used [0x00000000fd980000,0x00000000fd980000,0x00000000fec00000)
 ParOldGen       total 316416K, used 137743K [0x0000000080000000, 0x0000000093500000, 0x00000000d5580000)
  object space 316416K, 43% used [0x0000000080000000,0x0000000088683ef8,0x0000000093500000)
 Metaspace       used 94213K, capacity 96763K, committed 99200K, reserved 1136640K
  class space    used 11256K, capacity 11660K, committed 12160K, reserved 1048576K
}
{Heap before GC invocations=855 (full 4):
 PSYoungGen      total 678400K, used 665344K [0x00000000d5580000, 0x00000000ffe80000, 0x0000000100000000)
  eden space 659456K, 100% used [0x00000000d5580000,0x00000000fd980000,0x00000000fd980000)
  from space 18944K, 31% used [0x00000000fec00000,0x00000000ff1c0010,0x00000000ffe80000)
  to   space 18944K, 0% used [0x00000000fd980000,0x00000000fd980000,0x00000000fec00000)
 ParOldGen       total 316416K, used 137743K [0x0000000080000000, 0x0000000093500000, 0x00000000d5580000)
  object space 316416K, 43% used [0x0000000080000000,0x0000000088683ef8,0x0000000093500000)
 Metaspace       used 94257K, capacity 96763K, committed 99200K, reserved 1136640K
  class space    used 11256K, capacity 11660K, committed 12160K, reserved 1048576K
2023-04-24T20:54:41.432+0600: 2749353.515: [GC (Allocation Failure) [PSYoungGen: 665344K->13389K(678400K)] 803087K->151172K(994816K), 0.0308673 secs] [Times: user=0.05 sys=0.00, real=0.03 secs] 
Heap after GC invocations=855 (full 4):
 PSYoungGen      total 678400K, used 13389K [0x00000000d5580000, 0x0000000100000000, 0x0000000100000000)
  eden space 659456K, 0% used [0x00000000d5580000,0x00000000d5580000,0x00000000fd980000)
  from space 18944K, 70% used [0x00000000fd980000,0x00000000fe6934d0,0x00000000fec00000)
  to   space 19456K, 0% used [0x00000000fed00000,0x00000000fed00000,0x0000000100000000)
 ParOldGen       total 316416K, used 137783K [0x0000000080000000, 0x0000000093500000, 0x00000000d5580000)
  object space 316416K, 43% used [0x0000000080000000,0x000000008868def8,0x0000000093500000)
 Metaspace       used 94257K, capacity 96763K, committed 99200K, reserved 1136640K
  class space    used 11256K, capacity 11660K, committed 12160K, reserved 1048576K
}
{Heap before GC invocations=856 (full 4):
 PSYoungGen      total 678400K, used 672845K [0x00000000d5580000, 0x0000000100000000, 0x0000000100000000)
  eden space 659456K, 100% used [0x00000000d5580000,0x00000000fd980000,0x00000000fd980000)
  from space 18944K, 70% used [0x00000000fd980000,0x00000000fe6934d0,0x00000000fec00000)
  to   space 19456K, 0% used [0x00000000fed00000,0x00000000fed00000,0x0000000100000000)
 ParOldGen       total 316416K, used 137783K [0x0000000080000000, 0x0000000093500000, 0x00000000d5580000)
  object space 316416K, 43% used [0x0000000080000000,0x000000008868def8,0x0000000093500000)
 Metaspace       used 94257K, capacity 96763K, committed 99200K, reserved 1136640K
  class space    used 11256K, capacity 11660K, committed 12160K, reserved 1048576K
2023-04-25T06:41:22.394+0600: 2784554.477: [GC (Allocation Failure) [PSYoungGen: 672845K->6112K(678400K)] 810628K->143943K(994816K), 0.0231789 secs] [Times: user=0.02 sys=0.02, real=0.02 secs] 
Heap after GC invocations=856 (full 4):
 PSYoungGen      total 678400K, used 6112K [0x00000000d5580000, 0x00000000fff00000, 0x0000000100000000)
  eden space 659968K, 0% used [0x00000000d5580000,0x00000000d5580000,0x00000000fda00000)
  from space 18432K, 33% used [0x00000000fed00000,0x00000000ff2f8000,0x00000000fff00000)
  to   space 18944K, 0% used [0x00000000fda00000,0x00000000fda00000,0x00000000fec80000)
 ParOldGen       total 316416K, used 137831K [0x0000000080000000, 0x0000000093500000, 0x00000000d5580000)
  object space 316416K, 43% used [0x0000000080000000,0x0000000088699d98,0x0000000093500000)
 Metaspace       used 94257K, capacity 96763K, committed 99200K, reserved 1136640K
  class space    used 11256K, capacity 11660K, committed 12160K, reserved 1048576K
}
{Heap before GC invocations=857 (full 4):
 PSYoungGen      total 678400K, used 666080K [0x00000000d5580000, 0x00000000fff00000, 0x0000000100000000)
  eden space 659968K, 100% used [0x00000000d5580000,0x00000000fda00000,0x00000000fda00000)
  from space 18432K, 33% used [0x00000000fed00000,0x00000000ff2f8000,0x00000000fff00000)
  to   space 18944K, 0% used [0x00000000fda00000,0x00000000fda00000,0x00000000fec80000)
 ParOldGen       total 316416K, used 137831K [0x0000000080000000, 0x0000000093500000, 0x00000000d5580000)
  object space 316416K, 43% used [0x0000000080000000,0x0000000088699d98,0x0000000093500000)
 Metaspace       used 94271K, capacity 96793K, committed 99200K, reserved 1136640K
  class space    used 11259K, capacity 11665K, committed 12160K, reserved 1048576K
2023-04-25T15:32:46.794+0600: 2816438.877: [GC (Allocation Failure) [PSYoungGen: 666080K->8869K(669184K)] 803911K->146732K(985600K), 0.0323674 secs] [Times: user=0.05 sys=0.00, real=0.03 secs] 
Heap after GC invocations=857 (full 4):
 PSYoungGen      total 669184K, used 8869K [0x00000000d5580000, 0x00000000ffd80000, 0x0000000100000000)
  eden space 659968K, 0% used [0x00000000d5580000,0x00000000d5580000,0x00000000fda00000)
  from space 9216K, 96% used [0x00000000fda00000,0x00000000fe2a94b0,0x00000000fe300000)
  to   space 17920K, 0% used [0x00000000fec00000,0x00000000fec00000,0x00000000ffd80000)
 ParOldGen       total 316416K, used 137863K [0x0000000080000000, 0x0000000093500000, 0x00000000d5580000)
  object space 316416K, 43% used [0x0000000080000000,0x00000000886a1d98,0x0000000093500000)
 Metaspace       used 94271K, capacity 96793K, committed 99200K, reserved 1136640K
  class space    used 11259K, capacity 11665K, committed 12160K, reserved 1048576K
}
{Heap before GC invocations=858 (full 4):
 PSYoungGen      total 669184K, used 668837K [0x00000000d5580000, 0x00000000ffd80000, 0x0000000100000000)
  eden space 659968K, 100% used [0x00000000d5580000,0x00000000fda00000,0x00000000fda00000)
  from space 9216K, 96% used [0x00000000fda00000,0x00000000fe2a94b0,0x00000000fe300000)
  to   space 17920K, 0% used [0x00000000fec00000,0x00000000fec00000,0x00000000ffd80000)
 ParOldGen       total 316416K, used 137863K [0x0000000080000000, 0x0000000093500000, 0x00000000d5580000)
  object space 316416K, 43% used [0x0000000080000000,0x00000000886a1d98,0x0000000093500000)
 Metaspace       used 94293K, capacity 96901K, committed 99200K, reserved 1136640K
  class space    used 11262K, capacity 11699K, committed 12160K, reserved 1048576K
2023-04-26T00:07:17.099+0600: 2847309.182: [GC (Allocation Failure) [PSYoungGen: 668837K->9961K(677376K)] 806700K->147856K(993792K), 0.0306858 secs] [Times: user=0.04 sys=0.00, real=0.04 secs] 
Heap after GC invocations=858 (full 4):
 PSYoungGen      total 677376K, used 9961K [0x00000000d5580000, 0x00000000ffc80000, 0x0000000100000000)
  eden space 660480K, 0% used [0x00000000d5580000,0x00000000d5580000,0x00000000fda80000)
  from space 16896K, 58% used [0x00000000fec00000,0x00000000ff5ba620,0x00000000ffc80000)
  to   space 17408K, 0% used [0x00000000fda80000,0x00000000fda80000,0x00000000feb80000)
 ParOldGen       total 316416K, used 137895K [0x0000000080000000, 0x0000000093500000, 0x00000000d5580000)
  object space 316416K, 43% used [0x0000000080000000,0x00000000886a9d98,0x0000000093500000)
 Metaspace       used 94293K, capacity 96901K, committed 99200K, reserved 1136640K
  class space    used 11262K, capacity 11699K, committed 12160K, reserved 1048576K
}
{Heap before GC invocations=859 (full 4):
 PSYoungGen      total 677376K, used 670441K [0x00000000d5580000, 0x00000000ffc80000, 0x0000000100000000)
  eden space 660480K, 100% used [0x00000000d5580000,0x00000000fda80000,0x00000000fda80000)
  from space 16896K, 58% used [0x00000000fec00000,0x00000000ff5ba620,0x00000000ffc80000)
  to   space 17408K, 0% used [0x00000000fda80000,0x00000000fda80000,0x00000000feb80000)
 ParOldGen       total 316416K, used 137895K [0x0000000080000000, 0x0000000093500000, 0x00000000d5580000)
  object space 316416K, 43% used [0x0000000080000000,0x00000000886a9d98,0x0000000093500000)
 Metaspace       used 94293K, capacity 96901K, committed 99200K, reserved 1136640K
  class space    used 11262K, capacity 11699K, committed 12160K, reserved 1048576K
2023-04-26T09:54:26.152+0600: 2882538.235: [GC (Allocation Failure) [PSYoungGen: 670441K->6432K(677888K)] 808336K->144359K(994304K), 0.0265329 secs] [Times: user=0.02 sys=0.02, real=0.02 secs] 
Heap after GC invocations=859 (full 4):
 PSYoungGen      total 677888K, used 6432K [0x00000000d5580000, 0x00000000ffd00000, 0x0000000100000000)
  eden space 660480K, 0% used [0x00000000d5580000,0x00000000d5580000,0x00000000fda80000)
  from space 17408K, 36% used [0x00000000fda80000,0x00000000fe0c8000,0x00000000feb80000)
  to   space 17408K, 0% used [0x00000000fec00000,0x00000000fec00000,0x00000000ffd00000)
 ParOldGen       total 316416K, used 137927K [0x0000000080000000, 0x0000000093500000, 0x00000000d5580000)
  object space 316416K, 43% used [0x0000000080000000,0x00000000886b1d98,0x0000000093500000)
 Metaspace       used 94293K, capacity 96901K, committed 99200K, reserved 1136640K
  class space    used 11262K, capacity 11699K, committed 12160K, reserved 1048576K
}
{Heap before GC invocations=860 (full 4):
 PSYoungGen      total 677888K, used 666912K [0x00000000d5580000, 0x00000000ffd00000, 0x0000000100000000)
  eden space 660480K, 100% used [0x00000000d5580000,0x00000000fda80000,0x00000000fda80000)
  from space 17408K, 36% used [0x00000000fda80000,0x00000000fe0c8000,0x00000000feb80000)
  to   space 17408K, 0% used [0x00000000fec00000,0x00000000fec00000,0x00000000ffd00000)
 ParOldGen       total 316416K, used 137927K [0x0000000080000000, 0x0000000093500000, 0x00000000d5580000)
  object space 316416K, 43% used [0x0000000080000000,0x00000000886b1d98,0x0000000093500000)
 Metaspace       used 94341K, capacity 96979K, committed 99200K, reserved 1136640K
  class space    used 11269K, capacity 11712K, committed 12160K, reserved 1048576K
2023-04-26T17:49:00.723+0600: 2911012.806: [GC (Allocation Failure) [PSYoungGen: 666912K->15858K(676864K)] 804839K->154145K(993280K), 0.0365163 secs] [Times: user=0.05 sys=0.00, real=0.04 secs] 
Heap after GC invocations=860 (full 4):
 PSYoungGen      total 676864K, used 15858K [0x00000000d5580000, 0x0000000100000000, 0x0000000100000000)
  eden space 659456K, 0% used [0x00000000d5580000,0x00000000d5580000,0x00000000fd980000)
  from space 17408K, 91% used [0x00000000fec00000,0x00000000ffb7c9d0,0x00000000ffd00000)
  to   space 18944K, 0% used [0x00000000fd980000,0x00000000fd980000,0x00000000fec00000)
 ParOldGen       total 316416K, used 138287K [0x0000000080000000, 0x0000000093500000, 0x00000000d5580000)
  object space 316416K, 43% used [0x0000000080000000,0x000000008870bd98,0x0000000093500000)
 Metaspace       used 94341K, capacity 96979K, committed 99200K, reserved 1136640K
  class space    used 11269K, capacity 11712K, committed 12160K, reserved 1048576K
}
{Heap before GC invocations=861 (full 4):
 PSYoungGen      total 676864K, used 675314K [0x00000000d5580000, 0x0000000100000000, 0x0000000100000000)
  eden space 659456K, 100% used [0x00000000d5580000,0x00000000fd980000,0x00000000fd980000)
  from space 17408K, 91% used [0x00000000fec00000,0x00000000ffb7c9d0,0x00000000ffd00000)
  to   space 18944K, 0% used [0x00000000fd980000,0x00000000fd980000,0x00000000fec00000)
 ParOldGen       total 316416K, used 138287K [0x0000000080000000, 0x0000000093500000, 0x00000000d5580000)
  object space 316416K, 43% used [0x0000000080000000,0x000000008870bd98,0x0000000093500000)
 Metaspace       used 94377K, capacity 96991K, committed 99200K, reserved 1136640K
  class space    used 11271K, capacity 11714K, committed 12160K, reserved 1048576K
2023-04-27T02:37:14.917+0600: 2942707.000: [GC (Allocation Failure) [PSYoungGen: 675314K->10007K(678400K)] 813601K->148334K(994816K), 0.0313460 secs] [Times: user=0.02 sys=0.03, real=0.03 secs] 
Heap after GC invocations=861 (full 4):
 PSYoungGen      total 678400K, used 10007K [0x00000000d5580000, 0x00000000ffe00000, 0x0000000100000000)
  eden space 659456K, 0% used [0x00000000d5580000,0x00000000d5580000,0x00000000fd980000)
  from space 18944K, 52% used [0x00000000fd980000,0x00000000fe345dc0,0x00000000fec00000)
  to   space 18432K, 0% used [0x00000000fec00000,0x00000000fec00000,0x00000000ffe00000)
 ParOldGen       total 316416K, used 138327K [0x0000000080000000, 0x0000000093500000, 0x00000000d5580000)
  object space 316416K, 43% used [0x0000000080000000,0x0000000088715ce8,0x0000000093500000)
 Metaspace       used 94377K, capacity 96991K, committed 99200K, reserved 1136640K
  class space    used 11271K, capacity 11714K, committed 12160K, reserved 1048576K
}
{Heap before GC invocations=862 (full 4):
 PSYoungGen      total 678400K, used 669463K [0x00000000d5580000, 0x00000000ffe00000, 0x0000000100000000)
  eden space 659456K, 100% used [0x00000000d5580000,0x00000000fd980000,0x00000000fd980000)
  from space 18944K, 52% used [0x00000000fd980000,0x00000000fe345dc0,0x00000000fec00000)
  to   space 18432K, 0% used [0x00000000fec00000,0x00000000fec00000,0x00000000ffe00000)
 ParOldGen       total 316416K, used 138327K [0x0000000080000000, 0x0000000093500000, 0x00000000d5580000)
  object space 316416K, 43% used [0x0000000080000000,0x0000000088715ce8,0x0000000093500000)
 Metaspace       used 94377K, capacity 96991K, committed 99200K, reserved 1136640K
  class space    used 11271K, capacity 11714K, committed 12160K, reserved 1048576K
2023-04-27T11:52:21.378+0600: 2976013.461: [GC (Allocation Failure) [PSYoungGen: 669463K->9110K(676352K)] 807790K->147549K(992768K), 0.0237403 secs] [Times: user=0.02 sys=0.02, real=0.03 secs] 
Heap after GC invocations=862 (full 4):
 PSYoungGen      total 676352K, used 9110K [0x00000000d5580000, 0x00000000ffc00000, 0x0000000100000000)
  eden space 659968K, 0% used [0x00000000d5580000,0x00000000d5580000,0x00000000fda00000)
  from space 16384K, 55% used [0x00000000fec00000,0x00000000ff4e5b90,0x00000000ffc00000)
  to   space 17408K, 0% used [0x00000000fda00000,0x00000000fda00000,0x00000000feb00000)
 ParOldGen       total 316416K, used 138438K [0x0000000080000000, 0x0000000093500000, 0x00000000d5580000)
  object space 316416K, 43% used [0x0000000080000000,0x0000000088731ad8,0x0000000093500000)
 Metaspace       used 94377K, capacity 96991K, committed 99200K, reserved 1136640K
  class space    used 11271K, capacity 11714K, committed 12160K, reserved 1048576K
}
{Heap before GC invocations=863 (full 4):
 PSYoungGen      total 676352K, used 669078K [0x00000000d5580000, 0x00000000ffc00000, 0x0000000100000000)
  eden space 659968K, 100% used [0x00000000d5580000,0x00000000fda00000,0x00000000fda00000)
  from space 16384K, 55% used [0x00000000fec00000,0x00000000ff4e5b90,0x00000000ffc00000)
  to   space 17408K, 0% used [0x00000000fda00000,0x00000000fda00000,0x00000000feb00000)
 ParOldGen       total 316416K, used 138438K [0x0000000080000000, 0x0000000093500000, 0x00000000d5580000)
  object space 316416K, 43% used [0x0000000080000000,0x0000000088731ad8,0x0000000093500000)
 Metaspace       used 94392K, capacity 97021K, committed 99200K, reserved 1136640K
  class space    used 11273K, capacity 11719K, committed 12160K, reserved 1048576K
2023-04-27T19:44:42.922+0600: 3004355.004: [GC (Allocation Failure) [PSYoungGen: 669078K->16294K(677376K)] 807517K->154741K(993792K), 0.0283895 secs] [Times: user=0.02 sys=0.02, real=0.03 secs] 
Heap after GC invocations=863 (full 4):
 PSYoungGen      total 677376K, used 16294K [0x00000000d5580000, 0x0000000100000000, 0x0000000100000000)
  eden space 659968K, 0% used [0x00000000d5580000,0x00000000d5580000,0x00000000fda00000)
  from space 17408K, 93% used [0x00000000fda00000,0x00000000fe9e9980,0x00000000feb00000)
  to   space 19456K, 0% used [0x00000000fed00000,0x00000000fed00000,0x0000000100000000)
 ParOldGen       total 316416K, used 138446K [0x0000000080000000, 0x0000000093500000, 0x00000000d5580000)
  object space 316416K, 43% used [0x0000000080000000,0x0000000088733ad8,0x0000000093500000)
 Metaspace       used 94392K, capacity 97021K, committed 99200K, reserved 1136640K
  class space    used 11273K, capacity 11719K, committed 12160K, reserved 1048576K
}
{Heap before GC invocations=864 (full 4):
 PSYoungGen      total 677376K, used 676262K [0x00000000d5580000, 0x0000000100000000, 0x0000000100000000)
  eden space 659968K, 100% used [0x00000000d5580000,0x00000000fda00000,0x00000000fda00000)
  from space 17408K, 93% used [0x00000000fda00000,0x00000000fe9e9980,0x00000000feb00000)
  to   space 19456K, 0% used [0x00000000fed00000,0x00000000fed00000,0x0000000100000000)
 ParOldGen       total 316416K, used 138446K [0x0000000080000000, 0x0000000093500000, 0x00000000d5580000)
  object space 316416K, 43% used [0x0000000080000000,0x0000000088733ad8,0x0000000093500000)
 Metaspace       used 94431K, capacity 97097K, committed 99456K, reserved 1136640K
  class space    used 11275K, capacity 11721K, committed 12160K, reserved 1048576K
2023-04-27T23:31:07.858+0600: 3017939.941: [GC (Allocation Failure) [PSYoungGen: 676262K->19446K(673280K)] 814709K->159825K(989696K), 0.0347643 secs] [Times: user=0.04 sys=0.00, real=0.04 secs] 
Heap after GC invocations=864 (full 4):
 PSYoungGen      total 673280K, used 19446K [0x00000000d5580000, 0x0000000100000000, 0x0000000100000000)
  eden space 653824K, 0% used [0x00000000d5580000,0x00000000d5580000,0x00000000fd400000)
  from space 19456K, 99% used [0x00000000fed00000,0x00000000ffffd940,0x0000000100000000)
  to   space 22528K, 0% used [0x00000000fd400000,0x00000000fd400000,0x00000000fea00000)
 ParOldGen       total 316416K, used 140378K [0x0000000080000000, 0x0000000093500000, 0x00000000d5580000)
  object space 316416K, 44% used [0x0000000080000000,0x0000000088916be8,0x0000000093500000)
 Metaspace       used 94431K, capacity 97097K, committed 99456K, reserved 1136640K
  class space    used 11275K, capacity 11721K, committed 12160K, reserved 1048576K
}
{Heap before GC invocations=865 (full 4):
 PSYoungGen      total 673280K, used 673270K [0x00000000d5580000, 0x0000000100000000, 0x0000000100000000)
  eden space 653824K, 100% used [0x00000000d5580000,0x00000000fd400000,0x00000000fd400000)
  from space 19456K, 99% used [0x00000000fed00000,0x00000000ffffd940,0x0000000100000000)
  to   space 22528K, 0% used [0x00000000fd400000,0x00000000fd400000,0x00000000fea00000)
 ParOldGen       total 316416K, used 140378K [0x0000000080000000, 0x0000000093500000, 0x00000000d5580000)
  object space 316416K, 44% used [0x0000000080000000,0x0000000088916be8,0x0000000093500000)
 Metaspace       used 94431K, capacity 97097K, committed 99456K, reserved 1136640K
  class space    used 11275K, capacity 11721K, committed 12160K, reserved 1048576K
2023-04-28T08:47:26.194+0600: 3051318.276: [GC (Allocation Failure) [PSYoungGen: 673270K->10199K(664064K)] 813649K->150594K(980480K), 0.0317519 secs] [Times: user=0.02 sys=0.03, real=0.03 secs] 
Heap after GC invocations=865 (full 4):
 PSYoungGen      total 664064K, used 10199K [0x00000000d5580000, 0x00000000ffe80000, 0x0000000100000000)
  eden space 653824K, 0% used [0x00000000d5580000,0x00000000d5580000,0x00000000fd400000)
  from space 10240K, 99% used [0x00000000fd400000,0x00000000fddf5d80,0x00000000fde00000)
  to   space 21504K, 0% used [0x00000000fe980000,0x00000000fe980000,0x00000000ffe80000)
 ParOldGen       total 316416K, used 140394K [0x0000000080000000, 0x0000000093500000, 0x00000000d5580000)
  object space 316416K, 44% used [0x0000000080000000,0x000000008891abe8,0x0000000093500000)
 Metaspace       used 94431K, capacity 97097K, committed 99456K, reserved 1136640K
  class space    used 11275K, capacity 11721K, committed 12160K, reserved 1048576K
}
{Heap before GC invocations=866 (full 4):
 PSYoungGen      total 664064K, used 664023K [0x00000000d5580000, 0x00000000ffe80000, 0x0000000100000000)
  eden space 653824K, 100% used [0x00000000d5580000,0x00000000fd400000,0x00000000fd400000)
  from space 10240K, 99% used [0x00000000fd400000,0x00000000fddf5d80,0x00000000fde00000)
  to   space 21504K, 0% used [0x00000000fe980000,0x00000000fe980000,0x00000000ffe80000)
 ParOldGen       total 316416K, used 140394K [0x0000000080000000, 0x0000000093500000, 0x00000000d5580000)
  object space 316416K, 44% used [0x0000000080000000,0x000000008891abe8,0x0000000093500000)
 Metaspace       used 94445K, capacity 97127K, committed 99456K, reserved 1136640K
  class space    used 11277K, capacity 11726K, committed 12160K, reserved 1048576K
2023-04-28T17:46:11.324+0600: 3083643.406: [GC (Allocation Failure) [PSYoungGen: 664023K->10598K(673792K)] 804418K->150993K(990208K), 0.0240835 secs] [Times: user=0.01 sys=0.02, real=0.02 secs] 
Heap after GC invocations=866 (full 4):
 PSYoungGen      total 673792K, used 10598K [0x00000000d5580000, 0x00000000ffc80000, 0x0000000100000000)
  eden space 654336K, 0% used [0x00000000d5580000,0x00000000d5580000,0x00000000fd480000)
  from space 19456K, 54% used [0x00000000fe980000,0x00000000ff3d9b90,0x00000000ffc80000)
  to   space 20480K, 0% used [0x00000000fd480000,0x00000000fd480000,0x00000000fe880000)
 ParOldGen       total 316416K, used 140394K [0x0000000080000000, 0x0000000093500000, 0x00000000d5580000)
  object space 316416K, 44% used [0x0000000080000000,0x000000008891abe8,0x0000000093500000)
 Metaspace       used 94445K, capacity 97127K, committed 99456K, reserved 1136640K
  class space    used 11277K, capacity 11726K, committed 12160K, reserved 1048576K
}
{Heap before GC invocations=867 (full 4):
 PSYoungGen      total 673792K, used 664934K [0x00000000d5580000, 0x00000000ffc80000, 0x0000000100000000)
  eden space 654336K, 100% used [0x00000000d5580000,0x00000000fd480000,0x00000000fd480000)
  from space 19456K, 54% used [0x00000000fe980000,0x00000000ff3d9b90,0x00000000ffc80000)
  to   space 20480K, 0% used [0x00000000fd480000,0x00000000fd480000,0x00000000fe880000)
 ParOldGen       total 316416K, used 140394K [0x0000000080000000, 0x0000000093500000, 0x00000000d5580000)
  object space 316416K, 44% used [0x0000000080000000,0x000000008891abe8,0x0000000093500000)
 Metaspace       used 94450K, capacity 97133K, committed 99456K, reserved 1136640K
  class space    used 11278K, capacity 11727K, committed 12160K, reserved 1048576K
2023-04-29T03:07:11.266+0600: 3117303.349: [GC (Allocation Failure) [PSYoungGen: 664934K->7922K(674816K)] 805329K->148484K(991232K), 0.0245377 secs] [Times: user=0.02 sys=0.02, real=0.03 secs] 
Heap after GC invocations=867 (full 4):
 PSYoungGen      total 674816K, used 7922K [0x00000000d5580000, 0x00000000ffd00000, 0x0000000100000000)
  eden space 654336K, 0% used [0x00000000d5580000,0x00000000d5580000,0x00000000fd480000)
  from space 20480K, 38% used [0x00000000fd480000,0x00000000fdc3cb10,0x00000000fe880000)
  to   space 20480K, 0% used [0x00000000fe900000,0x00000000fe900000,0x00000000ffd00000)
 ParOldGen       total 316416K, used 140561K [0x0000000080000000, 0x0000000093500000, 0x00000000d5580000)
  object space 316416K, 44% used [0x0000000080000000,0x0000000088944668,0x0000000093500000)
 Metaspace       used 94450K, capacity 97133K, committed 99456K, reserved 1136640K
  class space    used 11278K, capacity 11727K, committed 12160K, reserved 1048576K
}
{Heap before GC invocations=868 (full 4):
 PSYoungGen      total 674816K, used 662258K [0x00000000d5580000, 0x00000000ffd00000, 0x0000000100000000)
  eden space 654336K, 100% used [0x00000000d5580000,0x00000000fd480000,0x00000000fd480000)
  from space 20480K, 38% used [0x00000000fd480000,0x00000000fdc3cb10,0x00000000fe880000)
  to   space 20480K, 0% used [0x00000000fe900000,0x00000000fe900000,0x00000000ffd00000)
 ParOldGen       total 316416K, used 140561K [0x0000000080000000, 0x0000000093500000, 0x00000000d5580000)
  object space 316416K, 44% used [0x0000000080000000,0x0000000088944668,0x0000000093500000)
 Metaspace       used 94451K, capacity 97133K, committed 99456K, reserved 1136640K
  class space    used 11278K, capacity 11727K, committed 12160K, reserved 1048576K
2023-04-29T12:32:53.760+0600: 3151245.843: [GC (Allocation Failure) [PSYoungGen: 662258K->8450K(674304K)] 802820K->149028K(990720K), 0.0220791 secs] [Times: user=0.03 sys=0.00, real=0.02 secs] 
Heap after GC invocations=868 (full 4):
 PSYoungGen      total 674304K, used 8450K [0x00000000d5580000, 0x00000000ffc00000, 0x0000000100000000)
  eden space 654848K, 0% used [0x00000000d5580000,0x00000000d5580000,0x00000000fd500000)
  from space 19456K, 43% used [0x00000000fe900000,0x00000000ff140ba0,0x00000000ffc00000)
  to   space 19968K, 0% used [0x00000000fd500000,0x00000000fd500000,0x00000000fe880000)
 ParOldGen       total 316416K, used 140577K [0x0000000080000000, 0x0000000093500000, 0x00000000d5580000)
  object space 316416K, 44% used [0x0000000080000000,0x0000000088948668,0x0000000093500000)
 Metaspace       used 94451K, capacity 97133K, committed 99456K, reserved 1136640K
  class space    used 11278K, capacity 11727K, committed 12160K, reserved 1048576K
}
{Heap before GC invocations=869 (full 4):
 PSYoungGen      total 674304K, used 663298K [0x00000000d5580000, 0x00000000ffc00000, 0x0000000100000000)
  eden space 654848K, 100% used [0x00000000d5580000,0x00000000fd500000,0x00000000fd500000)
  from space 19456K, 43% used [0x00000000fe900000,0x00000000ff140ba0,0x00000000ffc00000)
  to   space 19968K, 0% used [0x00000000fd500000,0x00000000fd500000,0x00000000fe880000)
 ParOldGen       total 316416K, used 140577K [0x0000000080000000, 0x0000000093500000, 0x00000000d5580000)
  object space 316416K, 44% used [0x0000000080000000,0x0000000088948668,0x0000000093500000)
 Metaspace       used 94452K, capacity 97133K, committed 99456K, reserved 1136640K
  class space    used 11278K, capacity 11727K, committed 12160K, reserved 1048576K
2023-04-29T20:43:39.516+0600: 3180691.599: [GC (Allocation Failure) [PSYoungGen: 663298K->16801K(674816K)] 803876K->157395K(991232K), 0.0319804 secs] [Times: user=0.02 sys=0.03, real=0.03 secs] 
Heap after GC invocations=869 (full 4):
 PSYoungGen      total 674816K, used 16801K [0x00000000d5580000, 0x00000000ffe80000, 0x0000000100000000)
  eden space 654848K, 0% used [0x00000000d5580000,0x00000000d5580000,0x00000000fd500000)
  from space 19968K, 84% used [0x00000000fd500000,0x00000000fe5687f0,0x00000000fe880000)
  to   space 20992K, 0% used [0x00000000fea00000,0x00000000fea00000,0x00000000ffe80000)
 ParOldGen       total 316416K, used 140593K [0x0000000080000000, 0x0000000093500000, 0x00000000d5580000)
  object space 316416K, 44% used [0x0000000080000000,0x000000008894c668,0x0000000093500000)
 Metaspace       used 94452K, capacity 97133K, committed 99456K, reserved 1136640K
  class space    used 11278K, capacity 11727K, committed 12160K, reserved 1048576K
}
{Heap before GC invocations=870 (full 4):
 PSYoungGen      total 674816K, used 671649K [0x00000000d5580000, 0x00000000ffe80000, 0x0000000100000000)
  eden space 654848K, 100% used [0x00000000d5580000,0x00000000fd500000,0x00000000fd500000)
  from space 19968K, 84% used [0x00000000fd500000,0x00000000fe5687f0,0x00000000fe880000)
  to   space 20992K, 0% used [0x00000000fea00000,0x00000000fea00000,0x00000000ffe80000)
 ParOldGen       total 316416K, used 140593K [0x0000000080000000, 0x0000000093500000, 0x00000000d5580000)
  object space 316416K, 44% used [0x0000000080000000,0x000000008894c668,0x0000000093500000)
 Metaspace       used 94452K, capacity 97133K, committed 99456K, reserved 1136640K
  class space    used 11278K, capacity 11727K, committed 12160K, reserved 1048576K
2023-04-30T06:07:26.120+0600: 3214518.203: [GC (Allocation Failure) [PSYoungGen: 671649K->8947K(675328K)] 812243K->149850K(991744K), 0.0212326 secs] [Times: user=0.01 sys=0.01, real=0.02 secs] 
Heap after GC invocations=870 (full 4):
 PSYoungGen      total 675328K, used 8947K [0x00000000d5580000, 0x00000000ffd80000, 0x0000000100000000)
  eden space 655360K, 0% used [0x00000000d5580000,0x00000000d5580000,0x00000000fd580000)
  from space 19968K, 44% used [0x00000000fea00000,0x00000000ff2bce10,0x00000000ffd80000)
  to   space 20480K, 0% used [0x00000000fd580000,0x00000000fd580000,0x00000000fe980000)
 ParOldGen       total 316416K, used 140903K [0x0000000080000000, 0x0000000093500000, 0x00000000d5580000)
  object space 316416K, 44% used [0x0000000080000000,0x0000000088999c00,0x0000000093500000)
 Metaspace       used 94452K, capacity 97133K, committed 99456K, reserved 1136640K
  class space    used 11278K, capacity 11727K, committed 12160K, reserved 1048576K
}
{Heap before GC invocations=871 (full 4):
 PSYoungGen      total 675328K, used 664307K [0x00000000d5580000, 0x00000000ffd80000, 0x0000000100000000)
  eden space 655360K, 100% used [0x00000000d5580000,0x00000000fd580000,0x00000000fd580000)
  from space 19968K, 44% used [0x00000000fea00000,0x00000000ff2bce10,0x00000000ffd80000)
  to   space 20480K, 0% used [0x00000000fd580000,0x00000000fd580000,0x00000000fe980000)
 ParOldGen       total 316416K, used 140903K [0x0000000080000000, 0x0000000093500000, 0x00000000d5580000)
  object space 316416K, 44% used [0x0000000080000000,0x0000000088999c00,0x0000000093500000)
 Metaspace       used 94475K, capacity 97169K, committed 99456K, reserved 1136640K
  class space    used 11281K, capacity 11733K, committed 12160K, reserved 1048576K
2023-04-30T13:06:49.142+0600: 3239681.225: [GC (Allocation Failure) [PSYoungGen: 664307K->19291K(675840K)] 805210K->160194K(992256K), 0.0369046 secs] [Times: user=0.05 sys=0.00, real=0.04 secs] 
Heap after GC invocations=871 (full 4):
 PSYoungGen      total 675840K, used 19291K [0x00000000d5580000, 0x0000000100000000, 0x0000000100000000)
  eden space 655360K, 0% used [0x00000000d5580000,0x00000000d5580000,0x00000000fd580000)
  from space 20480K, 94% used [0x00000000fd580000,0x00000000fe856e50,0x00000000fe980000)
  to   space 22528K, 0% used [0x00000000fea00000,0x00000000fea00000,0x0000000100000000)
 ParOldGen       total 316416K, used 140903K [0x0000000080000000, 0x0000000093500000, 0x00000000d5580000)
  object space 316416K, 44% used [0x0000000080000000,0x0000000088999c00,0x0000000093500000)
 Metaspace       used 94475K, capacity 97169K, committed 99456K, reserved 1136640K
  class space    used 11281K, capacity 11733K, committed 12160K, reserved 1048576K
}
{Heap before GC invocations=872 (full 4):
 PSYoungGen      total 675840K, used 674651K [0x00000000d5580000, 0x0000000100000000, 0x0000000100000000)
  eden space 655360K, 100% used [0x00000000d5580000,0x00000000fd580000,0x00000000fd580000)
  from space 20480K, 94% used [0x00000000fd580000,0x00000000fe856e50,0x00000000fe980000)
  to   space 22528K, 0% used [0x00000000fea00000,0x00000000fea00000,0x0000000100000000)
 ParOldGen       total 316416K, used 140903K [0x0000000080000000, 0x0000000093500000, 0x00000000d5580000)
  object space 316416K, 44% used [0x0000000080000000,0x0000000088999c00,0x0000000093500000)
 Metaspace       used 94475K, capacity 97169K, committed 99456K, reserved 1136640K
  class space    used 11281K, capacity 11733K, committed 12160K, reserved 1048576K
2023-04-30T18:34:37.417+0600: 3259349.500: [GC (Allocation Failure) [PSYoungGen: 674651K->22513K(664064K)] 815554K->171378K(980480K), 0.0535525 secs] [Times: user=0.03 sys=0.05, real=0.06 secs] 
Heap after GC invocations=872 (full 4):
 PSYoungGen      total 664064K, used 22513K [0x00000000d5580000, 0x0000000100000000, 0x0000000100000000)
  eden space 641536K, 0% used [0x00000000d5580000,0x00000000d5580000,0x00000000fc800000)
  from space 22528K, 99% used [0x00000000fea00000,0x00000000ffffc580,0x0000000100000000)
  to   space 28672K, 0% used [0x00000000fc800000,0x00000000fc800000,0x00000000fe400000)
 ParOldGen       total 316416K, used 148865K [0x0000000080000000, 0x0000000093500000, 0x00000000d5580000)
  object space 316416K, 47% used [0x0000000080000000,0x00000000891605e8,0x0000000093500000)
 Metaspace       used 94475K, capacity 97169K, committed 99456K, reserved 1136640K
  class space    used 11281K, capacity 11733K, committed 12160K, reserved 1048576K
}
{Heap before GC invocations=873 (full 4):
 PSYoungGen      total 664064K, used 664049K [0x00000000d5580000, 0x0000000100000000, 0x0000000100000000)
  eden space 641536K, 100% used [0x00000000d5580000,0x00000000fc800000,0x00000000fc800000)
  from space 22528K, 99% used [0x00000000fea00000,0x00000000ffffc580,0x0000000100000000)
  to   space 28672K, 0% used [0x00000000fc800000,0x00000000fc800000,0x00000000fe400000)
 ParOldGen       total 316416K, used 148865K [0x0000000080000000, 0x0000000093500000, 0x00000000d5580000)
  object space 316416K, 47% used [0x0000000080000000,0x00000000891605e8,0x0000000093500000)
 Metaspace       used 94483K, capacity 97175K, committed 99456K, reserved 1136640K
  class space    used 11282K, capacity 11734K, committed 12160K, reserved 1048576K
2023-05-01T03:34:25.978+0600: 3291738.061: [GC (Allocation Failure) [PSYoungGen: 664049K->8918K(670208K)] 812914K->157886K(986624K), 0.0291000 secs] [Times: user=0.05 sys=0.00, real=0.03 secs] 
Heap after GC invocations=873 (full 4):
 PSYoungGen      total 670208K, used 8918K [0x00000000d5580000, 0x00000000fff80000, 0x0000000100000000)
  eden space 641536K, 0% used [0x00000000d5580000,0x00000000d5580000,0x00000000fc800000)
  from space 28672K, 31% used [0x00000000fc800000,0x00000000fd0b58c0,0x00000000fe400000)
  to   space 28160K, 0% used [0x00000000fe400000,0x00000000fe400000,0x00000000fff80000)
 ParOldGen       total 316416K, used 148968K [0x0000000080000000, 0x0000000093500000, 0x00000000d5580000)
  object space 316416K, 47% used [0x0000000080000000,0x000000008917a068,0x0000000093500000)
 Metaspace       used 94483K, capacity 97175K, committed 99456K, reserved 1136640K
  class space    used 11282K, capacity 11734K, committed 12160K, reserved 1048576K
}
{Heap before GC invocations=874 (full 4):
 PSYoungGen      total 670208K, used 650454K [0x00000000d5580000, 0x00000000fff80000, 0x0000000100000000)
  eden space 641536K, 100% used [0x00000000d5580000,0x00000000fc800000,0x00000000fc800000)
  from space 28672K, 31% used [0x00000000fc800000,0x00000000fd0b58c0,0x00000000fe400000)
  to   space 28160K, 0% used [0x00000000fe400000,0x00000000fe400000,0x00000000fff80000)
 ParOldGen       total 316416K, used 148968K [0x0000000080000000, 0x0000000093500000, 0x00000000d5580000)
  object space 316416K, 47% used [0x0000000080000000,0x000000008917a068,0x0000000093500000)
 Metaspace       used 94488K, capacity 97181K, committed 99456K, reserved 1136640K
  class space    used 11282K, capacity 11735K, committed 12160K, reserved 1048576K
2023-05-01T13:02:51.707+0600: 3325843.790: [GC (Allocation Failure) [PSYoungGen: 650454K->7457K(669184K)] 799422K->156425K(985600K), 0.0213938 secs] [Times: user=0.01 sys=0.02, real=0.02 secs] 
Heap after GC invocations=874 (full 4):
 PSYoungGen      total 669184K, used 7457K [0x00000000d5580000, 0x00000000ffe80000, 0x0000000100000000)
  eden space 642048K, 0% used [0x00000000d5580000,0x00000000d5580000,0x00000000fc880000)
  from space 27136K, 27% used [0x00000000fe400000,0x00000000feb48490,0x00000000ffe80000)
  to   space 27648K, 0% used [0x00000000fc880000,0x00000000fc880000,0x00000000fe380000)
 ParOldGen       total 316416K, used 148968K [0x0000000080000000, 0x0000000093500000, 0x00000000d5580000)
  object space 316416K, 47% used [0x0000000080000000,0x000000008917a068,0x0000000093500000)
 Metaspace       used 94488K, capacity 97181K, committed 99456K, reserved 1136640K
  class space    used 11282K, capacity 11735K, committed 12160K, reserved 1048576K
}
{Heap before GC invocations=875 (full 4):
 PSYoungGen      total 669184K, used 649505K [0x00000000d5580000, 0x00000000ffe80000, 0x0000000100000000)
  eden space 642048K, 100% used [0x00000000d5580000,0x00000000fc880000,0x00000000fc880000)
  from space 27136K, 27% used [0x00000000fe400000,0x00000000feb48490,0x00000000ffe80000)
  to   space 27648K, 0% used [0x00000000fc880000,0x00000000fc880000,0x00000000fe380000)
 ParOldGen       total 316416K, used 148968K [0x0000000080000000, 0x0000000093500000, 0x00000000d5580000)
  object space 316416K, 47% used [0x0000000080000000,0x000000008917a068,0x0000000093500000)
 Metaspace       used 94488K, capacity 97181K, committed 99456K, reserved 1136640K
  class space    used 11282K, capacity 11735K, committed 12160K, reserved 1048576K
2023-05-01T22:14:29.414+0600: 3358941.497: [GC (Allocation Failure) [PSYoungGen: 649505K->8916K(651264K)] 798473K->158086K(967680K), 0.0252072 secs] [Times: user=0.02 sys=0.03, real=0.03 secs] 
Heap after GC invocations=875 (full 4):
 PSYoungGen      total 651264K, used 8916K [0x00000000d5580000, 0x00000000ffd00000, 0x0000000100000000)
  eden space 642048K, 0% used [0x00000000d5580000,0x00000000d5580000,0x00000000fc880000)
  from space 9216K, 96% used [0x00000000fc880000,0x00000000fd135020,0x00000000fd180000)
  to   space 26624K, 0% used [0x00000000fe300000,0x00000000fe300000,0x00000000ffd00000)
 ParOldGen       total 316416K, used 149170K [0x0000000080000000, 0x0000000093500000, 0x00000000d5580000)
  object space 316416K, 47% used [0x0000000080000000,0x00000000891ac870,0x0000000093500000)
 Metaspace       used 94488K, capacity 97181K, committed 99456K, reserved 1136640K
  class space    used 11282K, capacity 11735K, committed 12160K, reserved 1048576K
}
{Heap before GC invocations=876 (full 4):
 PSYoungGen      total 651264K, used 650964K [0x00000000d5580000, 0x00000000ffd00000, 0x0000000100000000)
  eden space 642048K, 100% used [0x00000000d5580000,0x00000000fc880000,0x00000000fc880000)
  from space 9216K, 96% used [0x00000000fc880000,0x00000000fd135020,0x00000000fd180000)
  to   space 26624K, 0% used [0x00000000fe300000,0x00000000fe300000,0x00000000ffd00000)
 ParOldGen       total 316416K, used 149170K [0x0000000080000000, 0x0000000093500000, 0x00000000d5580000)
  object space 316416K, 47% used [0x0000000080000000,0x00000000891ac870,0x0000000093500000)
 Metaspace       used 94488K, capacity 97181K, committed 99456K, reserved 1136640K
  class space    used 11282K, capacity 11735K, committed 12160K, reserved 1048576K
2023-05-02T07:41:54.120+0600: 3392986.203: [GC (Allocation Failure) [PSYoungGen: 650964K->6976K(668160K)] 800134K->156225K(984576K), 0.0239136 secs] [Times: user=0.02 sys=0.02, real=0.02 secs] 
Heap after GC invocations=876 (full 4):
 PSYoungGen      total 668160K, used 6976K [0x00000000d5580000, 0x00000000ffc00000, 0x0000000100000000)
  eden space 642560K, 0% used [0x00000000d5580000,0x00000000d5580000,0x00000000fc900000)
  from space 25600K, 27% used [0x00000000fe300000,0x00000000fe9d0040,0x00000000ffc00000)
  to   space 26112K, 0% used [0x00000000fc900000,0x00000000fc900000,0x00000000fe280000)
 ParOldGen       total 316416K, used 149249K [0x0000000080000000, 0x0000000093500000, 0x00000000d5580000)
  object space 316416K, 47% used [0x0000000080000000,0x00000000891c0500,0x0000000093500000)
 Metaspace       used 94488K, capacity 97181K, committed 99456K, reserved 1136640K
  class space    used 11282K, capacity 11735K, committed 12160K, reserved 1048576K
}
{Heap before GC invocations=877 (full 4):
 PSYoungGen      total 668160K, used 649536K [0x00000000d5580000, 0x00000000ffc00000, 0x0000000100000000)
  eden space 642560K, 100% used [0x00000000d5580000,0x00000000fc900000,0x00000000fc900000)
  from space 25600K, 27% used [0x00000000fe300000,0x00000000fe9d0040,0x00000000ffc00000)
  to   space 26112K, 0% used [0x00000000fc900000,0x00000000fc900000,0x00000000fe280000)
 ParOldGen       total 316416K, used 149249K [0x0000000080000000, 0x0000000093500000, 0x00000000d5580000)
  object space 316416K, 47% used [0x0000000080000000,0x00000000891c0500,0x0000000093500000)
 Metaspace       used 94503K, capacity 97217K, committed 99456K, reserved 1136640K
  class space    used 11286K, capacity 11741K, committed 12160K, reserved 1048576K
2023-05-02T13:41:55.639+0600: 3414587.721: [GC (Allocation Failure) [PSYoungGen: 649536K->24380K(668672K)] 798785K->173720K(985088K), 0.0335342 secs] [Times: user=0.02 sys=0.03, real=0.04 secs] 
Heap after GC invocations=877 (full 4):
 PSYoungGen      total 668672K, used 24380K [0x00000000d5580000, 0x0000000100000000, 0x0000000100000000)
  eden space 642560K, 0% used [0x00000000d5580000,0x00000000d5580000,0x00000000fc900000)
  from space 26112K, 93% used [0x00000000fc900000,0x00000000fe0cf180,0x00000000fe280000)
  to   space 29184K, 0% used [0x00000000fe380000,0x00000000fe380000,0x0000000100000000)
 ParOldGen       total 316416K, used 149340K [0x0000000080000000, 0x0000000093500000, 0x00000000d5580000)
  object space 316416K, 47% used [0x0000000080000000,0x00000000891d7080,0x0000000093500000)
 Metaspace       used 94503K, capacity 97217K, committed 99456K, reserved 1136640K
  class space    used 11286K, capacity 11741K, committed 12160K, reserved 1048576K
}
{Heap before GC invocations=878 (full 4):
 PSYoungGen      total 668672K, used 666940K [0x00000000d5580000, 0x0000000100000000, 0x0000000100000000)
  eden space 642560K, 100% used [0x00000000d5580000,0x00000000fc900000,0x00000000fc900000)
  from space 26112K, 93% used [0x00000000fc900000,0x00000000fe0cf180,0x00000000fe280000)
  to   space 29184K, 0% used [0x00000000fe380000,0x00000000fe380000,0x0000000100000000)
 ParOldGen       total 316416K, used 149340K [0x0000000080000000, 0x0000000093500000, 0x00000000d5580000)
  object space 316416K, 47% used [0x0000000080000000,0x00000000891d7080,0x0000000093500000)
 Metaspace       used 94507K, capacity 97217K, committed 99456K, reserved 1136640K
  class space    used 11286K, capacity 11741K, committed 12160K, reserved 1048576K
2023-05-02T20:01:32.162+0600: 3437364.245: [GC (Allocation Failure) [PSYoungGen: 666940K->24872K(663552K)] 816280K->174338K(979968K), 0.0389656 secs] [Times: user=0.05 sys=0.00, real=0.04 secs] 
Heap after GC invocations=878 (full 4):
 PSYoungGen      total 663552K, used 24872K [0x00000000d5580000, 0x0000000100000000, 0x0000000100000000)
  eden space 634368K, 0% used [0x00000000d5580000,0x00000000d5580000,0x00000000fc100000)
  from space 29184K, 85% used [0x00000000fe380000,0x00000000ffbca140,0x0000000100000000)
  to   space 32256K, 0% used [0x00000000fc100000,0x00000000fc100000,0x00000000fe080000)
 ParOldGen       total 316416K, used 149466K [0x0000000080000000, 0x0000000093500000, 0x00000000d5580000)
  object space 316416K, 47% used [0x0000000080000000,0x00000000891f69a0,0x0000000093500000)
 Metaspace       used 94507K, capacity 97217K, committed 99456K, reserved 1136640K
  class space    used 11286K, capacity 11741K, committed 12160K, reserved 1048576K
}
{Heap before GC invocations=879 (full 4):
 PSYoungGen      total 663552K, used 659240K [0x00000000d5580000, 0x0000000100000000, 0x0000000100000000)
  eden space 634368K, 100% used [0x00000000d5580000,0x00000000fc100000,0x00000000fc100000)
  from space 29184K, 85% used [0x00000000fe380000,0x00000000ffbca140,0x0000000100000000)
  to   space 32256K, 0% used [0x00000000fc100000,0x00000000fc100000,0x00000000fe080000)
 ParOldGen       total 316416K, used 149466K [0x0000000080000000, 0x0000000093500000, 0x00000000d5580000)
  object space 316416K, 47% used [0x0000000080000000,0x00000000891f69a0,0x0000000093500000)
 Metaspace       used 94518K, capacity 97223K, committed 99456K, reserved 1136640K
  class space    used 11286K, capacity 11742K, committed 12160K, reserved 1048576K
2023-05-03T05:02:52.894+0600: 3469844.977: [GC (Allocation Failure) [PSYoungGen: 659240K->8963K(643584K)] 808706K->159066K(960000K), 0.0304483 secs] [Times: user=0.04 sys=0.00, real=0.03 secs] 
Heap after GC invocations=879 (full 4):
 PSYoungGen      total 643584K, used 8963K [0x00000000d5580000, 0x00000000ffe80000, 0x0000000100000000)
  eden space 634368K, 0% used [0x00000000d5580000,0x00000000d5580000,0x00000000fc100000)
  from space 9216K, 97% used [0x00000000fc100000,0x00000000fc9c0e00,0x00000000fca00000)
  to   space 31232K, 0% used [0x00000000fe000000,0x00000000fe000000,0x00000000ffe80000)
 ParOldGen       total 316416K, used 150103K [0x0000000080000000, 0x0000000093500000, 0x00000000d5580000)
  object space 316416K, 47% used [0x0000000080000000,0x0000000089295db8,0x0000000093500000)
 Metaspace       used 94518K, capacity 97223K, committed 99456K, reserved 1136640K
  class space    used 11286K, capacity 11742K, committed 12160K, reserved 1048576K
}
{Heap before GC invocations=880 (full 4):
 PSYoungGen      total 643584K, used 643331K [0x00000000d5580000, 0x00000000ffe80000, 0x0000000100000000)
  eden space 634368K, 100% used [0x00000000d5580000,0x00000000fc100000,0x00000000fc100000)
  from space 9216K, 97% used [0x00000000fc100000,0x00000000fc9c0e00,0x00000000fca00000)
  to   space 31232K, 0% used [0x00000000fe000000,0x00000000fe000000,0x00000000ffe80000)
 ParOldGen       total 316416K, used 150103K [0x0000000080000000, 0x0000000093500000, 0x00000000d5580000)
  object space 316416K, 47% used [0x0000000080000000,0x0000000089295db8,0x0000000093500000)
 Metaspace       used 94522K, capacity 97229K, committed 99456K, reserved 1136640K
  class space    used 11287K, capacity 11743K, committed 12160K, reserved 1048576K
2023-05-03T13:04:42.335+0600: 3498754.418: [GC (Allocation Failure) [PSYoungGen: 643331K->13843K(663040K)] 793434K->163994K(979456K), 0.0355024 secs] [Times: user=0.02 sys=0.02, real=0.04 secs] 
Heap after GC invocations=880 (full 4):
 PSYoungGen      total 663040K, used 13843K [0x00000000d5580000, 0x00000000ffb80000, 0x0000000100000000)
  eden space 634880K, 0% used [0x00000000d5580000,0x00000000d5580000,0x00000000fc180000)
  from space 28160K, 49% used [0x00000000fe000000,0x00000000fed84d40,0x00000000ffb80000)
  to   space 29696K, 0% used [0x00000000fc180000,0x00000000fc180000,0x00000000fde80000)
 ParOldGen       total 316416K, used 150150K [0x0000000080000000, 0x0000000093500000, 0x00000000d5580000)
  object space 316416K, 47% used [0x0000000080000000,0x00000000892a1af8,0x0000000093500000)
 Metaspace       used 94522K, capacity 97229K, committed 99456K, reserved 1136640K
  class space    used 11287K, capacity 11743K, committed 12160K, reserved 1048576K
}
{Heap before GC invocations=881 (full 4):
 PSYoungGen      total 663040K, used 648723K [0x00000000d5580000, 0x00000000ffb80000, 0x0000000100000000)
  eden space 634880K, 100% used [0x00000000d5580000,0x00000000fc180000,0x00000000fc180000)
  from space 28160K, 49% used [0x00000000fe000000,0x00000000fed84d40,0x00000000ffb80000)
  to   space 29696K, 0% used [0x00000000fc180000,0x00000000fc180000,0x00000000fde80000)
 ParOldGen       total 316416K, used 150150K [0x0000000080000000, 0x0000000093500000, 0x00000000d5580000)
  object space 316416K, 47% used [0x0000000080000000,0x00000000892a1af8,0x0000000093500000)
 Metaspace       used 94529K, capacity 97241K, committed 99456K, reserved 1136640K
  class space    used 11288K, capacity 11745K, committed 12160K, reserved 1048576K
2023-05-03T21:02:20.140+0600: 3527412.223: [GC (Allocation Failure) [PSYoungGen: 648723K->15202K(650240K)] 798874K->165401K(966656K), 0.0360260 secs] [Times: user=0.05 sys=0.00, real=0.03 secs] 
Heap after GC invocations=881 (full 4):
 PSYoungGen      total 650240K, used 15202K [0x00000000d5580000, 0x00000000ffa00000, 0x0000000100000000)
  eden space 634880K, 0% used [0x00000000d5580000,0x00000000d5580000,0x00000000fc180000)
  from space 15360K, 98% used [0x00000000fc180000,0x00000000fd058b80,0x00000000fd080000)
  to   space 28672K, 0% used [0x00000000fde00000,0x00000000fde00000,0x00000000ffa00000)
 ParOldGen       total 316416K, used 150198K [0x0000000080000000, 0x0000000093500000, 0x00000000d5580000)
  object space 316416K, 47% used [0x0000000080000000,0x00000000892ad998,0x0000000093500000)
 Metaspace       used 94529K, capacity 97241K, committed 99456K, reserved 1136640K
  class space    used 11288K, capacity 11745K, committed 12160K, reserved 1048576K
}
{Heap before GC invocations=882 (full 4):
 PSYoungGen      total 650240K, used 650082K [0x00000000d5580000, 0x00000000ffa00000, 0x0000000100000000)
  eden space 634880K, 100% used [0x00000000d5580000,0x00000000fc180000,0x00000000fc180000)
  from space 15360K, 98% used [0x00000000fc180000,0x00000000fd058b80,0x00000000fd080000)
  to   space 28672K, 0% used [0x00000000fde00000,0x00000000fde00000,0x00000000ffa00000)
 ParOldGen       total 316416K, used 150198K [0x0000000080000000, 0x0000000093500000, 0x00000000d5580000)
  object space 316416K, 47% used [0x0000000080000000,0x00000000892ad998,0x0000000093500000)
 Metaspace       used 94529K, capacity 97241K, committed 99456K, reserved 1136640K
  class space    used 11288K, capacity 11745K, committed 12160K, reserved 1048576K
2023-05-04T06:17:18.034+0600: 3560710.117: [GC (Allocation Failure) [PSYoungGen: 650082K->7722K(663040K)] 800281K->157936K(979456K), 0.0231418 secs] [Times: user=0.02 sys=0.02, real=0.02 secs] 
Heap after GC invocations=882 (full 4):
 PSYoungGen      total 663040K, used 7722K [0x00000000d5580000, 0x00000000ff900000, 0x0000000100000000)
  eden space 635392K, 0% used [0x00000000d5580000,0x00000000d5580000,0x00000000fc200000)
  from space 27648K, 27% used [0x00000000fde00000,0x00000000fe58a800,0x00000000ff900000)
  to   space 28160K, 0% used [0x00000000fc200000,0x00000000fc200000,0x00000000fdd80000)
 ParOldGen       total 316416K, used 150214K [0x0000000080000000, 0x0000000093500000, 0x00000000d5580000)
  object space 316416K, 47% used [0x0000000080000000,0x00000000892b1998,0x0000000093500000)
 Metaspace       used 94529K, capacity 97241K, committed 99456K, reserved 1136640K
  class space    used 11288K, capacity 11745K, committed 12160K, reserved 1048576K
}
{Heap before GC invocations=883 (full 4):
 PSYoungGen      total 663040K, used 643114K [0x00000000d5580000, 0x00000000ff900000, 0x0000000100000000)
  eden space 635392K, 100% used [0x00000000d5580000,0x00000000fc200000,0x00000000fc200000)
  from space 27648K, 27% used [0x00000000fde00000,0x00000000fe58a800,0x00000000ff900000)
  to   space 28160K, 0% used [0x00000000fc200000,0x00000000fc200000,0x00000000fdd80000)
 ParOldGen       total 316416K, used 150214K [0x0000000080000000, 0x0000000093500000, 0x00000000d5580000)
  object space 316416K, 47% used [0x0000000080000000,0x00000000892b1998,0x0000000093500000)
 Metaspace       used 94542K, capacity 97271K, committed 99456K, reserved 1136640K
  class space    used 11291K, capacity 11750K, committed 12160K, reserved 1048576K
2023-05-04T14:59:12.500+0600: 3592024.582: [GC (Allocation Failure) [PSYoungGen: 643114K->9299K(645120K)] 793328K->159537K(961536K), 0.0259322 secs] [Times: user=0.01 sys=0.03, real=0.02 secs] 
Heap after GC invocations=883 (full 4):
 PSYoungGen      total 645120K, used 9299K [0x00000000d5580000, 0x00000000ff780000, 0x0000000100000000)
  eden space 635392K, 0% used [0x00000000d5580000,0x00000000d5580000,0x00000000fc200000)
  from space 9728K, 95% used [0x00000000fc200000,0x00000000fcb14c20,0x00000000fcb80000)
  to   space 27136K, 0% used [0x00000000fdd00000,0x00000000fdd00000,0x00000000ff780000)
 ParOldGen       total 316416K, used 150238K [0x0000000080000000, 0x0000000093500000, 0x00000000d5580000)
  object space 316416K, 47% used [0x0000000080000000,0x00000000892b7998,0x0000000093500000)
 Metaspace       used 94542K, capacity 97271K, committed 99456K, reserved 1136640K
  class space    used 11291K, capacity 11750K, committed 12160K, reserved 1048576K
}
{Heap before GC invocations=884 (full 4):
 PSYoungGen      total 645120K, used 644691K [0x00000000d5580000, 0x00000000ff780000, 0x0000000100000000)
  eden space 635392K, 100% used [0x00000000d5580000,0x00000000fc200000,0x00000000fc200000)
  from space 9728K, 95% used [0x00000000fc200000,0x00000000fcb14c20,0x00000000fcb80000)
  to   space 27136K, 0% used [0x00000000fdd00000,0x00000000fdd00000,0x00000000ff780000)
 ParOldGen       total 316416K, used 150238K [0x0000000080000000, 0x0000000093500000, 0x00000000d5580000)
  object space 316416K, 47% used [0x0000000080000000,0x00000000892b7998,0x0000000093500000)
 Metaspace       used 94550K, capacity 97277K, committed 99456K, reserved 1136640K
  class space    used 11291K, capacity 11751K, committed 12160K, reserved 1048576K
2023-05-04T23:44:37.268+0600: 3623549.351: [GC (Allocation Failure) [PSYoungGen: 644691K->9455K(662016K)] 794929K->159733K(978432K), 0.0263595 secs] [Times: user=0.02 sys=0.02, real=0.03 secs] 
Heap after GC invocations=884 (full 4):
 PSYoungGen      total 662016K, used 9455K [0x00000000d5580000, 0x00000000ff680000, 0x0000000100000000)
  eden space 635904K, 0% used [0x00000000d5580000,0x00000000d5580000,0x00000000fc280000)
  from space 26112K, 36% used [0x00000000fdd00000,0x00000000fe63bc20,0x00000000ff680000)
  to   space 26624K, 0% used [0x00000000fc280000,0x00000000fc280000,0x00000000fdc80000)
 ParOldGen       total 316416K, used 150278K [0x0000000080000000, 0x0000000093500000, 0x00000000d5580000)
  object space 316416K, 47% used [0x0000000080000000,0x00000000892c1838,0x0000000093500000)
 Metaspace       used 94550K, capacity 97277K, committed 99456K, reserved 1136640K
  class space    used 11291K, capacity 11751K, committed 12160K, reserved 1048576K
}
{Heap before GC invocations=885 (full 4):
 PSYoungGen      total 662016K, used 645359K [0x00000000d5580000, 0x00000000ff680000, 0x0000000100000000)
  eden space 635904K, 100% used [0x00000000d5580000,0x00000000fc280000,0x00000000fc280000)
  from space 26112K, 36% used [0x00000000fdd00000,0x00000000fe63bc20,0x00000000ff680000)
  to   space 26624K, 0% used [0x00000000fc280000,0x00000000fc280000,0x00000000fdc80000)
 ParOldGen       total 316416K, used 150278K [0x0000000080000000, 0x0000000093500000, 0x00000000d5580000)
  object space 316416K, 47% used [0x0000000080000000,0x00000000892c1838,0x0000000093500000)
 Metaspace       used 94550K, capacity 97277K, committed 99456K, reserved 1136640K
  class space    used 11291K, capacity 11751K, committed 12160K, reserved 1048576K
2023-05-05T09:02:19.811+0600: 3657011.893: [GC (Allocation Failure) [PSYoungGen: 645359K->6016K(662528K)] 795637K->156310K(978944K), 0.0268688 secs] [Times: user=0.05 sys=0.00, real=0.02 secs] 
Heap after GC invocations=885 (full 4):
 PSYoungGen      total 662528K, used 6016K [0x00000000d5580000, 0x00000000ff600000, 0x0000000100000000)
  eden space 635904K, 0% used [0x00000000d5580000,0x00000000d5580000,0x00000000fc280000)
  from space 26624K, 22% used [0x00000000fc280000,0x00000000fc860000,0x00000000fdc80000)
  to   space 26112K, 0% used [0x00000000fdc80000,0x00000000fdc80000,0x00000000ff600000)
 ParOldGen       total 316416K, used 150294K [0x0000000080000000, 0x0000000093500000, 0x00000000d5580000)
  object space 316416K, 47% used [0x0000000080000000,0x00000000892c5838,0x0000000093500000)
 Metaspace       used 94550K, capacity 97277K, committed 99456K, reserved 1136640K
  class space    used 11291K, capacity 11751K, committed 12160K, reserved 1048576K
}
{Heap before GC invocations=886 (full 4):
 PSYoungGen      total 662528K, used 641920K [0x00000000d5580000, 0x00000000ff600000, 0x0000000100000000)
  eden space 635904K, 100% used [0x00000000d5580000,0x00000000fc280000,0x00000000fc280000)
  from space 26624K, 22% used [0x00000000fc280000,0x00000000fc860000,0x00000000fdc80000)
  to   space 26112K, 0% used [0x00000000fdc80000,0x00000000fdc80000,0x00000000ff600000)
 ParOldGen       total 316416K, used 150294K [0x0000000080000000, 0x0000000093500000, 0x00000000d5580000)
  object space 316416K, 47% used [0x0000000080000000,0x00000000892c5838,0x0000000093500000)
 Metaspace       used 94565K, capacity 97307K, committed 99456K, reserved 1136640K
  class space    used 11294K, capacity 11756K, committed 12160K, reserved 1048576K
2023-05-05T18:05:30.939+0600: 3689603.022: [GC (Allocation Failure) [PSYoungGen: 641920K->7346K(661504K)] 792214K->157696K(977920K), 0.0292916 secs] [Times: user=0.05 sys=0.00, real=0.03 secs] 
Heap after GC invocations=886 (full 4):
 PSYoungGen      total 661504K, used 7346K [0x00000000d5580000, 0x00000000ff500000, 0x0000000100000000)
  eden space 636416K, 0% used [0x00000000d5580000,0x00000000d5580000,0x00000000fc300000)
  from space 25088K, 29% used [0x00000000fdc80000,0x00000000fe3acb70,0x00000000ff500000)
  to   space 25600K, 0% used [0x00000000fc300000,0x00000000fc300000,0x00000000fdc00000)
 ParOldGen       total 316416K, used 150349K [0x0000000080000000, 0x0000000093500000, 0x00000000d5580000)
  object space 316416K, 47% used [0x0000000080000000,0x00000000892d3628,0x0000000093500000)
 Metaspace       used 94565K, capacity 97307K, committed 99456K, reserved 1136640K
  class space    used 11294K, capacity 11756K, committed 12160K, reserved 1048576K
}
{Heap before GC invocations=887 (full 4):
 PSYoungGen      total 661504K, used 643762K [0x00000000d5580000, 0x00000000ff500000, 0x0000000100000000)
  eden space 636416K, 100% used [0x00000000d5580000,0x00000000fc300000,0x00000000fc300000)
  from space 25088K, 29% used [0x00000000fdc80000,0x00000000fe3acb70,0x00000000ff500000)
  to   space 25600K, 0% used [0x00000000fc300000,0x00000000fc300000,0x00000000fdc00000)
 ParOldGen       total 316416K, used 150349K [0x0000000080000000, 0x0000000093500000, 0x00000000d5580000)
  object space 316416K, 47% used [0x0000000080000000,0x00000000892d3628,0x0000000093500000)
 Metaspace       used 94571K, capacity 97313K, committed 99456K, reserved 1136640K
  class space    used 11295K, capacity 11757K, committed 12160K, reserved 1048576K
2023-05-06T03:06:18.660+0600: 3722050.742: [GC (Allocation Failure) [PSYoungGen: 643762K->7144K(662016K)] 794112K->157810K(978432K), 0.0283640 secs] [Times: user=0.02 sys=0.02, real=0.02 secs] 
Heap after GC invocations=887 (full 4):
 PSYoungGen      total 662016K, used 7144K [0x00000000d5580000, 0x00000000ff480000, 0x0000000100000000)
  eden space 636416K, 0% used [0x00000000d5580000,0x00000000d5580000,0x00000000fc300000)
  from space 25600K, 27% used [0x00000000fc300000,0x00000000fc9fa330,0x00000000fdc00000)
  to   space 25088K, 0% used [0x00000000fdc00000,0x00000000fdc00000,0x00000000ff480000)
 ParOldGen       total 316416K, used 150665K [0x0000000080000000, 0x0000000093500000, 0x00000000d5580000)
  object space 316416K, 47% used [0x0000000080000000,0x0000000089322708,0x0000000093500000)
 Metaspace       used 94571K, capacity 97313K, committed 99456K, reserved 1136640K
  class space    used 11295K, capacity 11757K, committed 12160K, reserved 1048576K
}
{Heap before GC invocations=888 (full 4):
 PSYoungGen      total 662016K, used 643560K [0x00000000d5580000, 0x00000000ff480000, 0x0000000100000000)
  eden space 636416K, 100% used [0x00000000d5580000,0x00000000fc300000,0x00000000fc300000)
  from space 25600K, 27% used [0x00000000fc300000,0x00000000fc9fa330,0x00000000fdc00000)
  to   space 25088K, 0% used [0x00000000fdc00000,0x00000000fdc00000,0x00000000ff480000)
 ParOldGen       total 316416K, used 150665K [0x0000000080000000, 0x0000000093500000, 0x00000000d5580000)
  object space 316416K, 47% used [0x0000000080000000,0x0000000089322708,0x0000000093500000)
 Metaspace       used 94571K, capacity 97313K, committed 99456K, reserved 1136640K
  class space    used 11295K, capacity 11757K, committed 12160K, reserved 1048576K
2023-05-06T12:24:11.915+0600: 3755523.998: [GC (Allocation Failure) [PSYoungGen: 643560K->5888K(660992K)] 794226K->156569K(977408K), 0.0212628 secs] [Times: user=0.04 sys=0.00, real=0.02 secs] 
Heap after GC invocations=888 (full 4):
 PSYoungGen      total 660992K, used 5888K [0x00000000d5580000, 0x00000000ff380000, 0x0000000100000000)
  eden space 636928K, 0% used [0x00000000d5580000,0x00000000d5580000,0x00000000fc380000)
  from space 24064K, 24% used [0x00000000fdc00000,0x00000000fe1c0000,0x00000000ff380000)
  to   space 24576K, 0% used [0x00000000fc380000,0x00000000fc380000,0x00000000fdb80000)
 ParOldGen       total 316416K, used 150681K [0x0000000080000000, 0x0000000093500000, 0x00000000d5580000)
  object space 316416K, 47% used [0x0000000080000000,0x0000000089326708,0x0000000093500000)
 Metaspace       used 94571K, capacity 97313K, committed 99456K, reserved 1136640K
  class space    used 11295K, capacity 11757K, committed 12160K, reserved 1048576K
}
{Heap before GC invocations=889 (full 4):
 PSYoungGen      total 660992K, used 642816K [0x00000000d5580000, 0x00000000ff380000, 0x0000000100000000)
  eden space 636928K, 100% used [0x00000000d5580000,0x00000000fc380000,0x00000000fc380000)
  from space 24064K, 24% used [0x00000000fdc00000,0x00000000fe1c0000,0x00000000ff380000)
  to   space 24576K, 0% used [0x00000000fc380000,0x00000000fc380000,0x00000000fdb80000)
 ParOldGen       total 316416K, used 150681K [0x0000000080000000, 0x0000000093500000, 0x00000000d5580000)
  object space 316416K, 47% used [0x0000000080000000,0x0000000089326708,0x0000000093500000)
 Metaspace       used 94582K, capacity 97319K, committed 99456K, reserved 1136640K
  class space    used 11296K, capacity 11758K, committed 12160K, reserved 1048576K
2023-05-06T20:31:42.279+0600: 3784774.362: [GC (Allocation Failure) [PSYoungGen: 642816K->12784K(661504K)] 793497K->163482K(977920K), 0.0336254 secs] [Times: user=0.02 sys=0.03, real=0.04 secs] 
Heap after GC invocations=889 (full 4):
 PSYoungGen      total 661504K, used 12784K [0x00000000d5580000, 0x00000000ff300000, 0x0000000100000000)
  eden space 636928K, 0% used [0x00000000d5580000,0x00000000d5580000,0x00000000fc380000)
  from space 24576K, 52% used [0x00000000fc380000,0x00000000fcffc280,0x00000000fdb80000)
  to   space 24064K, 0% used [0x00000000fdb80000,0x00000000fdb80000,0x00000000ff300000)
 ParOldGen       total 316416K, used 150697K [0x0000000080000000, 0x0000000093500000, 0x00000000d5580000)
  object space 316416K, 47% used [0x0000000080000000,0x000000008932a708,0x0000000093500000)
 Metaspace       used 94582K, capacity 97319K, committed 99456K, reserved 1136640K
  class space    used 11296K, capacity 11758K, committed 12160K, reserved 1048576K
}
{Heap before GC invocations=890 (full 4):
 PSYoungGen      total 661504K, used 649712K [0x00000000d5580000, 0x00000000ff300000, 0x0000000100000000)
  eden space 636928K, 100% used [0x00000000d5580000,0x00000000fc380000,0x00000000fc380000)
  from space 24576K, 52% used [0x00000000fc380000,0x00000000fcffc280,0x00000000fdb80000)
  to   space 24064K, 0% used [0x00000000fdb80000,0x00000000fdb80000,0x00000000ff300000)
 ParOldGen       total 316416K, used 150697K [0x0000000080000000, 0x0000000093500000, 0x00000000d5580000)
  object space 316416K, 47% used [0x0000000080000000,0x000000008932a708,0x0000000093500000)
 Metaspace       used 94583K, capacity 97319K, committed 99456K, reserved 1136640K
  class space    used 11296K, capacity 11758K, committed 12160K, reserved 1048576K
2023-05-07T05:36:56.640+0600: 3817488.723: [GC (Allocation Failure) [PSYoungGen: 649712K->6866K(659456K)] 800410K->157588K(975872K), 0.0217388 secs] [Times: user=0.04 sys=0.00, real=0.02 secs] 
Heap after GC invocations=890 (full 4):
 PSYoungGen      total 659456K, used 6866K [0x00000000d5580000, 0x00000000ff100000, 0x0000000100000000)
  eden space 637440K, 0% used [0x00000000d5580000,0x00000000d5580000,0x00000000fc400000)
  from space 22016K, 31% used [0x00000000fdb80000,0x00000000fe234b70,0x00000000ff100000)
  to   space 23040K, 0% used [0x00000000fc400000,0x00000000fc400000,0x00000000fda80000)
 ParOldGen       total 316416K, used 150721K [0x0000000080000000, 0x0000000093500000, 0x00000000d5580000)
  object space 316416K, 47% used [0x0000000080000000,0x0000000089330658,0x0000000093500000)
 Metaspace       used 94583K, capacity 97319K, committed 99456K, reserved 1136640K
  class space    used 11296K, capacity 11758K, committed 12160K, reserved 1048576K
}
{Heap before GC invocations=891 (full 4):
 PSYoungGen      total 659456K, used 644306K [0x00000000d5580000, 0x00000000ff100000, 0x0000000100000000)
  eden space 637440K, 100% used [0x00000000d5580000,0x00000000fc400000,0x00000000fc400000)
  from space 22016K, 31% used [0x00000000fdb80000,0x00000000fe234b70,0x00000000ff100000)
  to   space 23040K, 0% used [0x00000000fc400000,0x00000000fc400000,0x00000000fda80000)
 ParOldGen       total 316416K, used 150722K [0x0000000080000000, 0x0000000093500000, 0x00000000d5580000)
  object space 316416K, 47% used [0x0000000080000000,0x0000000089330840,0x0000000093500000)
 Metaspace       used 94590K, capacity 97325K, committed 99456K, reserved 1136640K
  class space    used 11296K, capacity 11759K, committed 12160K, reserved 1048576K
2023-05-07T14:01:33.439+0600: 3847765.522: [GC (GCLocker Initiated GC) [PSYoungGen: 644306K->11018K(648704K)] 795028K->161756K(965120K), 0.0318471 secs] [Times: user=0.05 sys=0.00, real=0.04 secs] 
Heap after GC invocations=891 (full 4):
 PSYoungGen      total 648704K, used 11018K [0x00000000d5580000, 0x00000000fef80000, 0x0000000100000000)
  eden space 637440K, 0% used [0x00000000d5580000,0x00000000d5580000,0x00000000fc400000)
  from space 11264K, 97% used [0x00000000fc400000,0x00000000fcec2980,0x00000000fcf00000)
  to   space 22016K, 0% used [0x00000000fda00000,0x00000000fda00000,0x00000000fef80000)
 ParOldGen       total 316416K, used 150738K [0x0000000080000000, 0x0000000093500000, 0x00000000d5580000)
  object space 316416K, 47% used [0x0000000080000000,0x0000000089334840,0x0000000093500000)
 Metaspace       used 94590K, capacity 97325K, committed 99456K, reserved 1136640K
  class space    used 11296K, capacity 11759K, committed 12160K, reserved 1048576K
}
{Heap before GC invocations=892 (full 4):
 PSYoungGen      total 648704K, used 648458K [0x00000000d5580000, 0x00000000fef80000, 0x0000000100000000)
  eden space 637440K, 100% used [0x00000000d5580000,0x00000000fc400000,0x00000000fc400000)
  from space 11264K, 97% used [0x00000000fc400000,0x00000000fcec2980,0x00000000fcf00000)
  to   space 22016K, 0% used [0x00000000fda00000,0x00000000fda00000,0x00000000fef80000)
 ParOldGen       total 316416K, used 150742K [0x0000000080000000, 0x0000000093500000, 0x00000000d5580000)
  object space 316416K, 47% used [0x0000000080000000,0x0000000089335ab0,0x0000000093500000)
 Metaspace       used 94594K, capacity 97331K, committed 99456K, reserved 1136640K
  class space    used 11297K, capacity 11760K, committed 12160K, reserved 1048576K
2023-05-07T21:07:30.428+0600: 3873322.511: [GC (Allocation Failure) [PSYoungGen: 648458K->20333K(657408K)] 799201K->171267K(973824K), 0.0402335 secs] [Times: user=0.06 sys=0.00, real=0.04 secs] 
Heap after GC invocations=892 (full 4):
 PSYoungGen      total 657408K, used 20333K [0x00000000d5580000, 0x00000000ff480000, 0x0000000100000000)
  eden space 635392K, 0% used [0x00000000d5580000,0x00000000d5580000,0x00000000fc200000)
  from space 22016K, 92% used [0x00000000fda00000,0x00000000feddb550,0x00000000fef80000)
  to   space 24576K, 0% used [0x00000000fc200000,0x00000000fc200000,0x00000000fda00000)
 ParOldGen       total 316416K, used 150934K [0x0000000080000000, 0x0000000093500000, 0x00000000d5580000)
  object space 316416K, 47% used [0x0000000080000000,0x0000000089365800,0x0000000093500000)
 Metaspace       used 94594K, capacity 97331K, committed 99456K, reserved 1136640K
  class space    used 11297K, capacity 11760K, committed 12160K, reserved 1048576K
}
{Heap before GC invocations=893 (full 4):
 PSYoungGen      total 657408K, used 655725K [0x00000000d5580000, 0x00000000ff480000, 0x0000000100000000)
  eden space 635392K, 100% used [0x00000000d5580000,0x00000000fc200000,0x00000000fc200000)
  from space 22016K, 92% used [0x00000000fda00000,0x00000000feddb550,0x00000000fef80000)
  to   space 24576K, 0% used [0x00000000fc200000,0x00000000fc200000,0x00000000fda00000)
 ParOldGen       total 316416K, used 150934K [0x0000000080000000, 0x0000000093500000, 0x00000000d5580000)
  object space 316416K, 47% used [0x0000000080000000,0x0000000089365800,0x0000000093500000)
 Metaspace       used 94594K, capacity 97331K, committed 99456K, reserved 1136640K
  class space    used 11297K, capacity 11760K, committed 12160K, reserved 1048576K
2023-05-08T06:21:28.206+0600: 3906560.288: [GC (Allocation Failure) [PSYoungGen: 655725K->6882K(659968K)] 806659K->157995K(976384K), 0.0274587 secs] [Times: user=0.05 sys=0.00, real=0.03 secs] 
Heap after GC invocations=893 (full 4):
 PSYoungGen      total 659968K, used 6882K [0x00000000d5580000, 0x00000000ff180000, 0x0000000100000000)
  eden space 635392K, 0% used [0x00000000d5580000,0x00000000d5580000,0x00000000fc200000)
  from space 24576K, 28% used [0x00000000fc200000,0x00000000fc8b8ba0,0x00000000fda00000)
  to   space 24064K, 0% used [0x00000000fda00000,0x00000000fda00000,0x00000000ff180000)
 ParOldGen       total 316416K, used 151112K [0x0000000080000000, 0x0000000093500000, 0x00000000d5580000)
  object space 316416K, 47% used [0x0000000080000000,0x0000000089392200,0x0000000093500000)
 Metaspace       used 94594K, capacity 97331K, committed 99456K, reserved 1136640K
  class space    used 11297K, capacity 11760K, committed 12160K, reserved 1048576K
}
{Heap before GC invocations=894 (full 4):
 PSYoungGen      total 659968K, used 642274K [0x00000000d5580000, 0x00000000ff180000, 0x0000000100000000)
  eden space 635392K, 100% used [0x00000000d5580000,0x00000000fc200000,0x00000000fc200000)
  from space 24576K, 28% used [0x00000000fc200000,0x00000000fc8b8ba0,0x00000000fda00000)
  to   space 24064K, 0% used [0x00000000fda00000,0x00000000fda00000,0x00000000ff180000)
 ParOldGen       total 316416K, used 151112K [0x0000000080000000, 0x0000000093500000, 0x00000000d5580000)
  object space 316416K, 47% used [0x0000000080000000,0x0000000089392200,0x0000000093500000)
 Metaspace       used 94607K, capacity 97361K, committed 99456K, reserved 1136640K
  class space    used 11299K, capacity 11765K, committed 12160K, reserved 1048576K
2023-05-08T14:37:03.816+0600: 3936295.898: [GC (Allocation Failure) [PSYoungGen: 642274K->13429K(659968K)] 793387K->164558K(976384K), 0.0300180 secs] [Times: user=0.02 sys=0.02, real=0.03 secs] 
Heap after GC invocations=894 (full 4):
 PSYoungGen      total 659968K, used 13429K [0x00000000d5580000, 0x00000000ff180000, 0x0000000100000000)
  eden space 635904K, 0% used [0x00000000d5580000,0x00000000d5580000,0x00000000fc280000)
  from space 24064K, 55% used [0x00000000fda00000,0x00000000fe71d610,0x00000000ff180000)
  to   space 24064K, 0% used [0x00000000fc280000,0x00000000fc280000,0x00000000fda00000)
 ParOldGen       total 316416K, used 151128K [0x0000000080000000, 0x0000000093500000, 0x00000000d5580000)
  object space 316416K, 47% used [0x0000000080000000,0x0000000089396200,0x0000000093500000)
 Metaspace       used 94607K, capacity 97361K, committed 99456K, reserved 1136640K
  class space    used 11299K, capacity 11765K, committed 12160K, reserved 1048576K
}
{Heap before GC invocations=895 (full 4):
 PSYoungGen      total 659968K, used 649333K [0x00000000d5580000, 0x00000000ff180000, 0x0000000100000000)
  eden space 635904K, 100% used [0x00000000d5580000,0x00000000fc280000,0x00000000fc280000)
  from space 24064K, 55% used [0x00000000fda00000,0x00000000fe71d610,0x00000000ff180000)
  to   space 24064K, 0% used [0x00000000fc280000,0x00000000fc280000,0x00000000fda00000)
 ParOldGen       total 316416K, used 151128K [0x0000000080000000, 0x0000000093500000, 0x00000000d5580000)
  object space 316416K, 47% used [0x0000000080000000,0x0000000089396200,0x0000000093500000)
 Metaspace       used 94615K, capacity 97367K, committed 99456K, reserved 1136640K
  class space    used 11301K, capacity 11766K, committed 12160K, reserved 1048576K
2023-05-08T21:20:42.951+0600: 3960515.034: [GC (Allocation Failure) [PSYoungGen: 649333K->22435K(659968K)] 800462K->173650K(976384K), 0.0435174 secs] [Times: user=0.03 sys=0.03, real=0.04 secs] 
Heap after GC invocations=895 (full 4):
 PSYoungGen      total 659968K, used 22435K [0x00000000d5580000, 0x00000000ff700000, 0x0000000100000000)
  eden space 635904K, 0% used [0x00000000d5580000,0x00000000d5580000,0x00000000fc280000)
  from space 24064K, 93% used [0x00000000fc280000,0x00000000fd868c70,0x00000000fda00000)
  to   space 26624K, 0% used [0x00000000fdd00000,0x00000000fdd00000,0x00000000ff700000)
 ParOldGen       total 316416K, used 151215K [0x0000000080000000, 0x0000000093500000, 0x00000000d5580000)
  object space 316416K, 47% used [0x0000000080000000,0x00000000893abec0,0x0000000093500000)
 Metaspace       used 94615K, capacity 97367K, committed 99456K, reserved 1136640K
  class space    used 11301K, capacity 11766K, committed 12160K, reserved 1048576K
}
{Heap before GC invocations=896 (full 4):
 PSYoungGen      total 659968K, used 658339K [0x00000000d5580000, 0x00000000ff700000, 0x0000000100000000)
  eden space 635904K, 100% used [0x00000000d5580000,0x00000000fc280000,0x00000000fc280000)
  from space 24064K, 93% used [0x00000000fc280000,0x00000000fd868c70,0x00000000fda00000)
  to   space 26624K, 0% used [0x00000000fdd00000,0x00000000fdd00000,0x00000000ff700000)
 ParOldGen       total 316416K, used 151215K [0x0000000080000000, 0x0000000093500000, 0x00000000d5580000)
  object space 316416K, 47% used [0x0000000080000000,0x00000000893abec0,0x0000000093500000)
 Metaspace       used 94615K, capacity 97367K, committed 99456K, reserved 1136640K
  class space    used 11301K, capacity 11766K, committed 12160K, reserved 1048576K
2023-05-09T06:51:57.831+0600: 3994789.914: [GC (Allocation Failure) [PSYoungGen: 658339K->6193K(663040K)] 809554K->157472K(979456K), 0.0213637 secs] [Times: user=0.03 sys=0.00, real=0.02 secs] 
Heap after GC invocations=896 (full 4):
 PSYoungGen      total 663040K, used 6193K [0x00000000d5580000, 0x00000000ff700000, 0x0000000100000000)
  eden space 636416K, 0% used [0x00000000d5580000,0x00000000d5580000,0x00000000fc300000)
  from space 26624K, 23% used [0x00000000fdd00000,0x00000000fe30c6d0,0x00000000ff700000)
  to   space 26624K, 0% used [0x00000000fc300000,0x00000000fc300000,0x00000000fdd00000)
 ParOldGen       total 316416K, used 151279K [0x0000000080000000, 0x0000000093500000, 0x00000000d5580000)
  object space 316416K, 47% used [0x0000000080000000,0x00000000893bbcb0,0x0000000093500000)
 Metaspace       used 94615K, capacity 97367K, committed 99456K, reserved 1136640K
  class space    used 11301K, capacity 11766K, committed 12160K, reserved 1048576K
}
{Heap before GC invocations=897 (full 4):
 PSYoungGen      total 663040K, used 642609K [0x00000000d5580000, 0x00000000ff700000, 0x0000000100000000)
  eden space 636416K, 100% used [0x00000000d5580000,0x00000000fc300000,0x00000000fc300000)
  from space 26624K, 23% used [0x00000000fdd00000,0x00000000fe30c6d0,0x00000000ff700000)
  to   space 26624K, 0% used [0x00000000fc300000,0x00000000fc300000,0x00000000fdd00000)
 ParOldGen       total 316416K, used 151279K [0x0000000080000000, 0x0000000093500000, 0x00000000d5580000)
  object space 316416K, 47% used [0x0000000080000000,0x00000000893bbcb0,0x0000000093500000)
 Metaspace       used 94637K, capacity 97397K, committed 99456K, reserved 1136640K
  class space    used 11303K, capacity 11771K, committed 12160K, reserved 1048576K
2023-05-09T14:35:25.893+0600: 4022597.975: [GC (Allocation Failure) [PSYoungGen: 642609K->15891K(663040K)] 793888K->167186K(979456K), 0.0248437 secs] [Times: user=0.02 sys=0.01, real=0.02 secs] 
Heap after GC invocations=897 (full 4):
 PSYoungGen      total 663040K, used 15891K [0x00000000d5580000, 0x00000000ff780000, 0x0000000100000000)
  eden space 636416K, 0% used [0x00000000d5580000,0x00000000d5580000,0x00000000fc300000)
  from space 26624K, 59% used [0x00000000fc300000,0x00000000fd284c60,0x00000000fdd00000)
  to   space 26624K, 0% used [0x00000000fdd80000,0x00000000fdd80000,0x00000000ff780000)
 ParOldGen       total 316416K, used 151295K [0x0000000080000000, 0x0000000093500000, 0x00000000d5580000)
  object space 316416K, 47% used [0x0000000080000000,0x00000000893bfcb0,0x0000000093500000)
 Metaspace       used 94637K, capacity 97397K, committed 99456K, reserved 1136640K
  class space    used 11303K, capacity 11771K, committed 12160K, reserved 1048576K
}
{Heap before GC invocations=898 (full 4):
 PSYoungGen      total 663040K, used 652307K [0x00000000d5580000, 0x00000000ff780000, 0x0000000100000000)
  eden space 636416K, 100% used [0x00000000d5580000,0x00000000fc300000,0x00000000fc300000)
  from space 26624K, 59% used [0x00000000fc300000,0x00000000fd284c60,0x00000000fdd00000)
  to   space 26624K, 0% used [0x00000000fdd80000,0x00000000fdd80000,0x00000000ff780000)
 ParOldGen       total 316416K, used 151295K [0x0000000080000000, 0x0000000093500000, 0x00000000d5580000)
  object space 316416K, 47% used [0x0000000080000000,0x00000000893bfcb0,0x0000000093500000)
 Metaspace       used 94665K, capacity 97403K, committed 99456K, reserved 1136640K
  class space    used 11304K, capacity 11772K, committed 12160K, reserved 1048576K
2023-05-09T21:12:54.547+0600: 4046446.630: [GC (Allocation Failure) [PSYoungGen: 652307K->23266K(660992K)] 803602K->174577K(977408K), 0.0540866 secs] [Times: user=0.03 sys=0.04, real=0.06 secs] 
Heap after GC invocations=898 (full 4):
 PSYoungGen      total 660992K, used 23266K [0x00000000d5580000, 0x00000000ffc80000, 0x0000000100000000)
  eden space 634368K, 0% used [0x00000000d5580000,0x00000000d5580000,0x00000000fc100000)
  from space 26624K, 87% used [0x00000000fdd80000,0x00000000ff438af0,0x00000000ff780000)
  to   space 29184K, 0% used [0x00000000fc100000,0x00000000fc100000,0x00000000fdd80000)
 ParOldGen       total 316416K, used 151311K [0x0000000080000000, 0x0000000093500000, 0x00000000d5580000)
  object space 316416K, 47% used [0x0000000080000000,0x00000000893c3cb0,0x0000000093500000)
 Metaspace       used 94665K, capacity 97403K, committed 99456K, reserved 1136640K
  class space    used 11304K, capacity 11772K, committed 12160K, reserved 1048576K
}
{Heap before GC invocations=899 (full 4):
 PSYoungGen      total 660992K, used 657634K [0x00000000d5580000, 0x00000000ffc80000, 0x0000000100000000)
  eden space 634368K, 100% used [0x00000000d5580000,0x00000000fc100000,0x00000000fc100000)
  from space 26624K, 87% used [0x00000000fdd80000,0x00000000ff438af0,0x00000000ff780000)
  to   space 29184K, 0% used [0x00000000fc100000,0x00000000fc100000,0x00000000fdd80000)
 ParOldGen       total 316416K, used 151311K [0x0000000080000000, 0x0000000093500000, 0x00000000d5580000)
  object space 316416K, 47% used [0x0000000080000000,0x00000000893c3cb0,0x0000000093500000)
 Metaspace       used 94665K, capacity 97403K, committed 99456K, reserved 1136640K
  class space    used 11304K, capacity 11772K, committed 12160K, reserved 1048576K
2023-05-10T06:15:41.313+0600: 4079013.396: [GC (Allocation Failure) [PSYoungGen: 657634K->8534K(663552K)] 808945K->159870K(979968K), 0.0236816 secs] [Times: user=0.02 sys=0.02, real=0.02 secs] 
Heap after GC invocations=899 (full 4):
 PSYoungGen      total 663552K, used 8534K [0x00000000d5580000, 0x00000000ff980000, 0x0000000100000000)
  eden space 634368K, 0% used [0x00000000d5580000,0x00000000d5580000,0x00000000fc100000)
  from space 29184K, 29% used [0x00000000fc100000,0x00000000fc955b80,0x00000000fdd80000)
  to   space 28672K, 0% used [0x00000000fdd80000,0x00000000fdd80000,0x00000000ff980000)
 ParOldGen       total 316416K, used 151335K [0x0000000080000000, 0x0000000093500000, 0x00000000d5580000)
  object space 316416K, 47% used [0x0000000080000000,0x00000000893c9cb0,0x0000000093500000)
 Metaspace       used 94665K, capacity 97403K, committed 99456K, reserved 1136640K
  class space    used 11304K, capacity 11772K, committed 12160K, reserved 1048576K
}
{Heap before GC invocations=900 (full 4):
 PSYoungGen      total 663552K, used 642902K [0x00000000d5580000, 0x00000000ff980000, 0x0000000100000000)
  eden space 634368K, 100% used [0x00000000d5580000,0x00000000fc100000,0x00000000fc100000)
  from space 29184K, 29% used [0x00000000fc100000,0x00000000fc955b80,0x00000000fdd80000)
  to   space 28672K, 0% used [0x00000000fdd80000,0x00000000fdd80000,0x00000000ff980000)
 ParOldGen       total 316416K, used 151335K [0x0000000080000000, 0x0000000093500000, 0x00000000d5580000)
  object space 316416K, 47% used [0x0000000080000000,0x00000000893c9cb0,0x0000000093500000)
 Metaspace       used 94680K, capacity 97439K, committed 99456K, reserved 1136640K
  class space    used 11308K, capacity 11778K, committed 12160K, reserved 1048576K
2023-05-10T14:09:29.826+0600: 4107441.909: [GC (Allocation Failure) [PSYoungGen: 642902K->15408K(661504K)] 794238K->166744K(977920K), 0.0345826 secs] [Times: user=0.02 sys=0.03, real=0.04 secs] 
Heap after GC invocations=900 (full 4):
 PSYoungGen      total 661504K, used 15408K [0x00000000d5580000, 0x00000000ff780000, 0x0000000100000000)
  eden space 634880K, 0% used [0x00000000d5580000,0x00000000d5580000,0x00000000fc180000)
  from space 26624K, 57% used [0x00000000fdd80000,0x00000000fec8c3c0,0x00000000ff780000)
  to   space 27648K, 0% used [0x00000000fc180000,0x00000000fc180000,0x00000000fdc80000)
 ParOldGen       total 316416K, used 151335K [0x0000000080000000, 0x0000000093500000, 0x00000000d5580000)
  object space 316416K, 47% used [0x0000000080000000,0x00000000893c9cb0,0x0000000093500000)
 Metaspace       used 94680K, capacity 97439K, committed 99456K, reserved 1136640K
  class space    used 11308K, capacity 11778K, committed 12160K, reserved 1048576K
}
{Heap before GC invocations=901 (full 4):
 PSYoungGen      total 661504K, used 650288K [0x00000000d5580000, 0x00000000ff780000, 0x0000000100000000)
  eden space 634880K, 100% used [0x00000000d5580000,0x00000000fc180000,0x00000000fc180000)
  from space 26624K, 57% used [0x00000000fdd80000,0x00000000fec8c3c0,0x00000000ff780000)
  to   space 27648K, 0% used [0x00000000fc180000,0x00000000fc180000,0x00000000fdc80000)
 ParOldGen       total 316416K, used 151335K [0x0000000080000000, 0x0000000093500000, 0x00000000d5580000)
  object space 316416K, 47% used [0x0000000080000000,0x00000000893c9cb0,0x0000000093500000)
 Metaspace       used 94681K, capacity 97439K, committed 99456K, reserved 1136640K
  class space    used 11308K, capacity 11778K, committed 12160K, reserved 1048576K
2023-05-10T19:47:33.732+0600: 4127725.815: [GC (Allocation Failure) [PSYoungGen: 650288K->26696K(662528K)] 801624K->178055K(978944K), 0.0484482 secs] [Times: user=0.07 sys=0.00, real=0.05 secs] 
Heap after GC invocations=901 (full 4):
 PSYoungGen      total 662528K, used 26696K [0x00000000d5580000, 0x00000000fff00000, 0x0000000100000000)
  eden space 634880K, 0% used [0x00000000d5580000,0x00000000d5580000,0x00000000fc180000)
  from space 27648K, 96% used [0x00000000fc180000,0x00000000fdb92000,0x00000000fdc80000)
  to   space 31232K, 0% used [0x00000000fe080000,0x00000000fe080000,0x00000000fff00000)
 ParOldGen       total 316416K, used 151359K [0x0000000080000000, 0x0000000093500000, 0x00000000d5580000)
  object space 316416K, 47% used [0x0000000080000000,0x00000000893cfcb0,0x0000000093500000)
 Metaspace       used 94681K, capacity 97439K, committed 99456K, reserved 1136640K
  class space    used 11308K, capacity 11778K, committed 12160K, reserved 1048576K
}
{Heap before GC invocations=902 (full 4):
 PSYoungGen      total 662528K, used 661576K [0x00000000d5580000, 0x00000000fff00000, 0x0000000100000000)
  eden space 634880K, 100% used [0x00000000d5580000,0x00000000fc180000,0x00000000fc180000)
  from space 27648K, 96% used [0x00000000fc180000,0x00000000fdb92000,0x00000000fdc80000)
  to   space 31232K, 0% used [0x00000000fe080000,0x00000000fe080000,0x00000000fff00000)
 ParOldGen       total 316416K, used 151359K [0x0000000080000000, 0x0000000093500000, 0x00000000d5580000)
  object space 316416K, 47% used [0x0000000080000000,0x00000000893cfcb0,0x0000000093500000)
 Metaspace       used 94701K, capacity 97469K, committed 99456K, reserved 1136640K
  class space    used 11310K, capacity 11783K, committed 12160K, reserved 1048576K
2023-05-11T04:36:42.111+0600: 4159474.194: [GC (Allocation Failure) [PSYoungGen: 661576K->8999K(665600K)] 812935K->160375K(982016K), 0.0304883 secs] [Times: user=0.04 sys=0.00, real=0.03 secs] 
Heap after GC invocations=902 (full 4):
 PSYoungGen      total 665600K, used 8999K [0x00000000d5580000, 0x00000000ffe00000, 0x0000000100000000)
  eden space 635392K, 0% used [0x00000000d5580000,0x00000000d5580000,0x00000000fc200000)
  from space 30208K, 29% used [0x00000000fe080000,0x00000000fe949fc0,0x00000000ffe00000)
  to   space 30720K, 0% used [0x00000000fc200000,0x00000000fc200000,0x00000000fe000000)
 ParOldGen       total 316416K, used 151375K [0x0000000080000000, 0x0000000093500000, 0x00000000d5580000)
  object space 316416K, 47% used [0x0000000080000000,0x00000000893d3cb0,0x0000000093500000)
 Metaspace       used 94701K, capacity 97469K, committed 99456K, reserved 1136640K
  class space    used 11310K, capacity 11783K, committed 12160K, reserved 1048576K
}
{Heap before GC invocations=903 (full 4):
 PSYoungGen      total 665600K, used 644391K [0x00000000d5580000, 0x00000000ffe00000, 0x0000000100000000)
  eden space 635392K, 100% used [0x00000000d5580000,0x00000000fc200000,0x00000000fc200000)
  from space 30208K, 29% used [0x00000000fe080000,0x00000000fe949fc0,0x00000000ffe00000)
  to   space 30720K, 0% used [0x00000000fc200000,0x00000000fc200000,0x00000000fe000000)
 ParOldGen       total 316416K, used 151375K [0x0000000080000000, 0x0000000093500000, 0x00000000d5580000)
  object space 316416K, 47% used [0x0000000080000000,0x00000000893d3cb0,0x0000000093500000)
 Metaspace       used 94706K, capacity 97475K, committed 99456K, reserved 1136640K
  class space    used 11311K, capacity 11784K, committed 12160K, reserved 1048576K
2023-05-11T12:39:25.696+0600: 4188437.779: [GC (Allocation Failure) [PSYoungGen: 644391K->12007K(647680K)] 795767K->163390K(964096K), 0.0257364 secs] [Times: user=0.02 sys=0.03, real=0.03 secs] 
Heap after GC invocations=903 (full 4):
 PSYoungGen      total 647680K, used 12007K [0x00000000d5580000, 0x00000000ffb80000, 0x0000000100000000)
  eden space 635392K, 0% used [0x00000000d5580000,0x00000000d5580000,0x00000000fc200000)
  from space 12288K, 97% used [0x00000000fc200000,0x00000000fcdb9db0,0x00000000fce00000)
  to   space 29184K, 0% used [0x00000000fdf00000,0x00000000fdf00000,0x00000000ffb80000)
 ParOldGen       total 316416K, used 151383K [0x0000000080000000, 0x0000000093500000, 0x00000000d5580000)
  object space 316416K, 47% used [0x0000000080000000,0x00000000893d5cb0,0x0000000093500000)
 Metaspace       used 94706K, capacity 97475K, committed 99456K, reserved 1136640K
  class space    used 11311K, capacity 11784K, committed 12160K, reserved 1048576K
}
{Heap before GC invocations=904 (full 4):
 PSYoungGen      total 647680K, used 647399K [0x00000000d5580000, 0x00000000ffb80000, 0x0000000100000000)
  eden space 635392K, 100% used [0x00000000d5580000,0x00000000fc200000,0x00000000fc200000)
  from space 12288K, 97% used [0x00000000fc200000,0x00000000fcdb9db0,0x00000000fce00000)
  to   space 29184K, 0% used [0x00000000fdf00000,0x00000000fdf00000,0x00000000ffb80000)
 ParOldGen       total 316416K, used 151383K [0x0000000080000000, 0x0000000093500000, 0x00000000d5580000)
  object space 316416K, 47% used [0x0000000080000000,0x00000000893d5cb0,0x0000000093500000)
 Metaspace       used 94721K, capacity 97545K, committed 99456K, reserved 1136640K
  class space    used 11313K, capacity 11785K, committed 12160K, reserved 1048576K
2023-05-11T18:13:32.226+0600: 4208484.309: [GC (Allocation Failure) [PSYoungGen: 647399K->26446K(661504K)] 798782K->177892K(977920K), 0.0484170 secs] [Times: user=0.03 sys=0.03, real=0.05 secs] 
Heap after GC invocations=904 (full 4):
 PSYoungGen      total 661504K, used 26446K [0x00000000d5580000, 0x0000000100000000, 0x0000000100000000)
  eden space 632320K, 0% used [0x00000000d5580000,0x00000000d5580000,0x00000000fbf00000)
  from space 29184K, 90% used [0x00000000fdf00000,0x00000000ff8d3820,0x00000000ffb80000)
  to   space 32768K, 0% used [0x00000000fbf00000,0x00000000fbf00000,0x00000000fdf00000)
 ParOldGen       total 316416K, used 151446K [0x0000000080000000, 0x0000000093500000, 0x00000000d5580000)
  object space 316416K, 47% used [0x0000000080000000,0x00000000893e5aa0,0x0000000093500000)
 Metaspace       used 94721K, capacity 97545K, committed 99456K, reserved 1136640K
  class space    used 11313K, capacity 11785K, committed 12160K, reserved 1048576K
}
{Heap before GC invocations=905 (full 4):
 PSYoungGen      total 661504K, used 658766K [0x00000000d5580000, 0x0000000100000000, 0x0000000100000000)
  eden space 632320K, 100% used [0x00000000d5580000,0x00000000fbf00000,0x00000000fbf00000)
  from space 29184K, 90% used [0x00000000fdf00000,0x00000000ff8d3820,0x00000000ffb80000)
  to   space 32768K, 0% used [0x00000000fbf00000,0x00000000fbf00000,0x00000000fdf00000)
 ParOldGen       total 316416K, used 151446K [0x0000000080000000, 0x0000000093500000, 0x00000000d5580000)
  object space 316416K, 47% used [0x0000000080000000,0x00000000893e5aa0,0x0000000093500000)
 Metaspace       used 94724K, capacity 97545K, committed 99456K, reserved 1136640K
  class space    used 11313K, capacity 11785K, committed 12160K, reserved 1048576K
2023-05-12T02:39:37.837+0600: 4238849.920: [GC (Allocation Failure) [PSYoungGen: 658766K->11466K(644096K)] 810212K->162936K(960512K), 0.0255511 secs] [Times: user=0.01 sys=0.03, real=0.03 secs] 
Heap after GC invocations=905 (full 4):
 PSYoungGen      total 644096K, used 11466K [0x00000000d5580000, 0x00000000ffc80000, 0x0000000100000000)
  eden space 632320K, 0% used [0x00000000d5580000,0x00000000d5580000,0x00000000fbf00000)
  from space 11776K, 97% used [0x00000000fbf00000,0x00000000fca32970,0x00000000fca80000)
  to   space 31232K, 0% used [0x00000000fde00000,0x00000000fde00000,0x00000000ffc80000)
 ParOldGen       total 316416K, used 151470K [0x0000000080000000, 0x0000000093500000, 0x00000000d5580000)
  object space 316416K, 47% used [0x0000000080000000,0x00000000893eb9f0,0x0000000093500000)
 Metaspace       used 94724K, capacity 97545K, committed 99456K, reserved 1136640K
  class space    used 11313K, capacity 11785K, committed 12160K, reserved 1048576K
}
{Heap before GC invocations=906 (full 4):
 PSYoungGen      total 644096K, used 643786K [0x00000000d5580000, 0x00000000ffc80000, 0x0000000100000000)
  eden space 632320K, 100% used [0x00000000d5580000,0x00000000fbf00000,0x00000000fbf00000)
  from space 11776K, 97% used [0x00000000fbf00000,0x00000000fca32970,0x00000000fca80000)
  to   space 31232K, 0% used [0x00000000fde00000,0x00000000fde00000,0x00000000ffc80000)
 ParOldGen       total 316416K, used 151470K [0x0000000080000000, 0x0000000093500000, 0x00000000d5580000)
  object space 316416K, 47% used [0x0000000080000000,0x00000000893eb9f0,0x0000000093500000)
 Metaspace       used 94724K, capacity 97545K, committed 99456K, reserved 1136640K
  class space    used 11313K, capacity 11785K, committed 12160K, reserved 1048576K
2023-05-12T11:59:37.858+0600: 4272449.940: [GC (Allocation Failure) [PSYoungGen: 643786K->5856K(664064K)] 795256K->157428K(980480K), 0.0216668 secs] [Times: user=0.01 sys=0.02, real=0.03 secs] 
Heap after GC invocations=906 (full 4):
 PSYoungGen      total 664064K, used 5856K [0x00000000d5580000, 0x00000000ffc80000, 0x0000000100000000)
  eden space 632832K, 0% used [0x00000000d5580000,0x00000000d5580000,0x00000000fbf80000)
  from space 31232K, 18% used [0x00000000fde00000,0x00000000fe3b8000,0x00000000ffc80000)
  to   space 31232K, 0% used [0x00000000fbf80000,0x00000000fbf80000,0x00000000fde00000)
 ParOldGen       total 316416K, used 151572K [0x0000000080000000, 0x0000000093500000, 0x00000000d5580000)
  object space 316416K, 47% used [0x0000000080000000,0x0000000089405310,0x0000000093500000)
 Metaspace       used 94724K, capacity 97545K, committed 99456K, reserved 1136640K
  class space    used 11313K, capacity 11785K, committed 12160K, reserved 1048576K
}
{Heap before GC invocations=907 (full 4):
 PSYoungGen      total 664064K, used 638688K [0x00000000d5580000, 0x00000000ffc80000, 0x0000000100000000)
  eden space 632832K, 100% used [0x00000000d5580000,0x00000000fbf80000,0x00000000fbf80000)
  from space 31232K, 18% used [0x00000000fde00000,0x00000000fe3b8000,0x00000000ffc80000)
  to   space 31232K, 0% used [0x00000000fbf80000,0x00000000fbf80000,0x00000000fde00000)
 ParOldGen       total 316416K, used 151572K [0x0000000080000000, 0x0000000093500000, 0x00000000d5580000)
  object space 316416K, 47% used [0x0000000080000000,0x0000000089405310,0x0000000093500000)
 Metaspace       used 94740K, capacity 97575K, committed 99456K, reserved 1136640K
  class space    used 11316K, capacity 11790K, committed 12160K, reserved 1048576K
2023-05-12T20:31:03.513+0600: 4303135.596: [GC (Allocation Failure) [PSYoungGen: 638688K->10168K(643072K)] 790260K->161871K(959488K), 0.0271807 secs] [Times: user=0.02 sys=0.03, real=0.03 secs] 
Heap after GC invocations=907 (full 4):
 PSYoungGen      total 643072K, used 10168K [0x00000000d5580000, 0x00000000ffb00000, 0x0000000100000000)
  eden space 632832K, 0% used [0x00000000d5580000,0x00000000d5580000,0x00000000fbf80000)
  from space 10240K, 99% used [0x00000000fbf80000,0x00000000fc96e240,0x00000000fc980000)
  to   space 30208K, 0% used [0x00000000fdd80000,0x00000000fdd80000,0x00000000ffb00000)
 ParOldGen       total 316416K, used 151702K [0x0000000080000000, 0x0000000093500000, 0x00000000d5580000)
  object space 316416K, 47% used [0x0000000080000000,0x0000000089425b90,0x0000000093500000)
 Metaspace       used 94740K, capacity 97575K, committed 99456K, reserved 1136640K
  class space    used 11316K, capacity 11790K, committed 12160K, reserved 1048576K
}
{Heap before GC invocations=908 (full 4):
 PSYoungGen      total 643072K, used 643000K [0x00000000d5580000, 0x00000000ffb00000, 0x0000000100000000)
  eden space 632832K, 100% used [0x00000000d5580000,0x00000000fbf80000,0x00000000fbf80000)
  from space 10240K, 99% used [0x00000000fbf80000,0x00000000fc96e240,0x00000000fc980000)
  to   space 30208K, 0% used [0x00000000fdd80000,0x00000000fdd80000,0x00000000ffb00000)
 ParOldGen       total 316416K, used 151702K [0x0000000080000000, 0x0000000093500000, 0x00000000d5580000)
  object space 316416K, 47% used [0x0000000080000000,0x0000000089425b90,0x0000000093500000)
 Metaspace       used 94744K, capacity 97581K, committed 99456K, reserved 1136640K
  class space    used 11316K, capacity 11791K, committed 12160K, reserved 1048576K
2023-05-13T05:45:33.946+0600: 4336406.029: [GC (Allocation Failure) [PSYoungGen: 643000K->5904K(662528K)] 794703K->157631K(978944K), 0.0208048 secs] [Times: user=0.02 sys=0.02, real=0.02 secs] 
Heap after GC invocations=908 (full 4):
 PSYoungGen      total 662528K, used 5904K [0x00000000d5580000, 0x00000000ffa00000, 0x0000000100000000)
  eden space 633344K, 0% used [0x00000000d5580000,0x00000000d5580000,0x00000000fc000000)
  from space 29184K, 20% used [0x00000000fdd80000,0x00000000fe344230,0x00000000ffa00000)
  to   space 29696K, 0% used [0x00000000fc000000,0x00000000fc000000,0x00000000fdd00000)
 ParOldGen       total 316416K, used 151726K [0x0000000080000000, 0x0000000093500000, 0x00000000d5580000)
  object space 316416K, 47% used [0x0000000080000000,0x000000008942bae0,0x0000000093500000)
 Metaspace       used 94744K, capacity 97581K, committed 99456K, reserved 1136640K
  class space    used 11316K, capacity 11791K, committed 12160K, reserved 1048576K
}
{Heap before GC invocations=909 (full 4):
 PSYoungGen      total 662528K, used 639248K [0x00000000d5580000, 0x00000000ffa00000, 0x0000000100000000)
  eden space 633344K, 100% used [0x00000000d5580000,0x00000000fc000000,0x00000000fc000000)
  from space 29184K, 20% used [0x00000000fdd80000,0x00000000fe344230,0x00000000ffa00000)
  to   space 29696K, 0% used [0x00000000fc000000,0x00000000fc000000,0x00000000fdd00000)
 ParOldGen       total 316416K, used 151726K [0x0000000080000000, 0x0000000093500000, 0x00000000d5580000)
  object space 316416K, 47% used [0x0000000080000000,0x000000008942bae0,0x0000000093500000)
 Metaspace       used 94746K, capacity 97581K, committed 99456K, reserved 1136640K
  class space    used 11316K, capacity 11791K, committed 12160K, reserved 1048576K
2023-05-13T14:53:19.971+0600: 4369272.054: [GC (Allocation Failure) [PSYoungGen: 639248K->6643K(663040K)] 790975K->158443K(979456K), 0.0276182 secs] [Times: user=0.01 sys=0.03, real=0.02 secs] 
Heap after GC invocations=909 (full 4):
 PSYoungGen      total 663040K, used 6643K [0x00000000d5580000, 0x00000000ff980000, 0x0000000100000000)
  eden space 633344K, 0% used [0x00000000d5580000,0x00000000d5580000,0x00000000fc000000)
  from space 29696K, 22% used [0x00000000fc000000,0x00000000fc67cfb0,0x00000000fdd00000)
  to   space 29184K, 0% used [0x00000000fdd00000,0x00000000fdd00000,0x00000000ff980000)
 ParOldGen       total 316416K, used 151800K [0x0000000080000000, 0x0000000093500000, 0x00000000d5580000)
  object space 316416K, 47% used [0x0000000080000000,0x000000008943e010,0x0000000093500000)
 Metaspace       used 94746K, capacity 97581K, committed 99456K, reserved 1136640K
  class space    used 11316K, capacity 11791K, committed 12160K, reserved 1048576K
}
{Heap before GC invocations=910 (full 4):
 PSYoungGen      total 663040K, used 639987K [0x00000000d5580000, 0x00000000ff980000, 0x0000000100000000)
  eden space 633344K, 100% used [0x00000000d5580000,0x00000000fc000000,0x00000000fc000000)
  from space 29696K, 22% used [0x00000000fc000000,0x00000000fc67cfb0,0x00000000fdd00000)
  to   space 29184K, 0% used [0x00000000fdd00000,0x00000000fdd00000,0x00000000ff980000)
 ParOldGen       total 316416K, used 151800K [0x0000000080000000, 0x0000000093500000, 0x00000000d5580000)
  object space 316416K, 47% used [0x0000000080000000,0x000000008943e010,0x0000000093500000)
 Metaspace       used 94747K, capacity 97581K, committed 99456K, reserved 1136640K
  class space    used 11316K, capacity 11791K, committed 12160K, reserved 1048576K
2023-05-13T23:18:34.909+0600: 4399586.992: [GC (Allocation Failure) [PSYoungGen: 639987K->8855K(660992K)] 791787K->160706K(977408K), 0.0298092 secs] [Times: user=0.02 sys=0.02, real=0.02 secs] 
Heap after GC invocations=910 (full 4):
 PSYoungGen      total 660992K, used 8855K [0x00000000d5580000, 0x00000000ff780000, 0x0000000100000000)
  eden space 633856K, 0% used [0x00000000d5580000,0x00000000d5580000,0x00000000fc080000)
  from space 27136K, 32% used [0x00000000fdd00000,0x00000000fe5a5d30,0x00000000ff780000)
  to   space 28160K, 0% used [0x00000000fc080000,0x00000000fc080000,0x00000000fdc00000)
 ParOldGen       total 316416K, used 151851K [0x0000000080000000, 0x0000000093500000, 0x00000000d5580000)
  object space 316416K, 47% used [0x0000000080000000,0x000000008944aec0,0x0000000093500000)
 Metaspace       used 94747K, capacity 97581K, committed 99456K, reserved 1136640K
  class space    used 11316K, capacity 11791K, committed 12160K, reserved 1048576K
}
{Heap before GC invocations=911 (full 4):
 PSYoungGen      total 660992K, used 642711K [0x00000000d5580000, 0x00000000ff780000, 0x0000000100000000)
  eden space 633856K, 100% used [0x00000000d5580000,0x00000000fc080000,0x00000000fc080000)
  from space 27136K, 32% used [0x00000000fdd00000,0x00000000fe5a5d30,0x00000000ff780000)
  to   space 28160K, 0% used [0x00000000fc080000,0x00000000fc080000,0x00000000fdc00000)
 ParOldGen       total 316416K, used 151851K [0x0000000080000000, 0x0000000093500000, 0x00000000d5580000)
  object space 316416K, 47% used [0x0000000080000000,0x000000008944aec0,0x0000000093500000)
 Metaspace       used 94747K, capacity 97581K, committed 99456K, reserved 1136640K
  class space    used 11316K, capacity 11791K, committed 12160K, reserved 1048576K
2023-05-14T08:39:23.507+0600: 4433235.590: [GC (Allocation Failure) [PSYoungGen: 642711K->5811K(640000K)] 794562K->157670K(956416K), 0.0252408 secs] [Times: user=0.01 sys=0.02, real=0.03 secs] 
Heap after GC invocations=911 (full 4):
 PSYoungGen      total 640000K, used 5811K [0x00000000d5580000, 0x00000000ff600000, 0x0000000100000000)
  eden space 633856K, 0% used [0x00000000d5580000,0x00000000d5580000,0x00000000fc080000)
  from space 6144K, 94% used [0x00000000fc080000,0x00000000fc62cc80,0x00000000fc680000)
  to   space 27136K, 0% used [0x00000000fdb80000,0x00000000fdb80000,0x00000000ff600000)
 ParOldGen       total 316416K, used 151859K [0x0000000080000000, 0x0000000093500000, 0x00000000d5580000)
  object space 316416K, 47% used [0x0000000080000000,0x000000008944cec0,0x0000000093500000)
 Metaspace       used 94747K, capacity 97581K, committed 99456K, reserved 1136640K
  class space    used 11316K, capacity 11791K, committed 12160K, reserved 1048576K
}
{Heap before GC invocations=912 (full 4):
 PSYoungGen      total 640000K, used 639667K [0x00000000d5580000, 0x00000000ff600000, 0x0000000100000000)
  eden space 633856K, 100% used [0x00000000d5580000,0x00000000fc080000,0x00000000fc080000)
  from space 6144K, 94% used [0x00000000fc080000,0x00000000fc62cc80,0x00000000fc680000)
  to   space 27136K, 0% used [0x00000000fdb80000,0x00000000fdb80000,0x00000000ff600000)
 ParOldGen       total 316416K, used 151859K [0x0000000080000000, 0x0000000093500000, 0x00000000d5580000)
  object space 316416K, 47% used [0x0000000080000000,0x000000008944cec0,0x0000000093500000)
 Metaspace       used 94764K, capacity 97617K, committed 99456K, reserved 1136640K
  class space    used 11320K, capacity 11797K, committed 12160K, reserved 1048576K
2023-05-14T15:10:33.704+0600: 4456705.786: [GC (Allocation Failure) [PSYoungGen: 639667K->20135K(659456K)] 791526K->172019K(975872K), 0.0332892 secs] [Times: user=0.02 sys=0.03, real=0.03 secs] 
Heap after GC invocations=912 (full 4):
 PSYoungGen      total 659456K, used 20135K [0x00000000d5580000, 0x00000000ffa00000, 0x0000000100000000)
  eden space 632320K, 0% used [0x00000000d5580000,0x00000000d5580000,0x00000000fbf00000)
  from space 27136K, 74% used [0x00000000fdb80000,0x00000000fef29e30,0x00000000ff600000)
  to   space 29184K, 0% used [0x00000000fbf00000,0x00000000fbf00000,0x00000000fdb80000)
 ParOldGen       total 316416K, used 151883K [0x0000000080000000, 0x0000000093500000, 0x00000000d5580000)
  object space 316416K, 48% used [0x0000000080000000,0x0000000089452ec0,0x0000000093500000)
 Metaspace       used 94764K, capacity 97617K, committed 99456K, reserved 1136640K
  class space    used 11320K, capacity 11797K, committed 12160K, reserved 1048576K
}
{Heap before GC invocations=913 (full 4):
 PSYoungGen      total 659456K, used 652455K [0x00000000d5580000, 0x00000000ffa00000, 0x0000000100000000)
  eden space 632320K, 100% used [0x00000000d5580000,0x00000000fbf00000,0x00000000fbf00000)
  from space 27136K, 74% used [0x00000000fdb80000,0x00000000fef29e30,0x00000000ff600000)
  to   space 29184K, 0% used [0x00000000fbf00000,0x00000000fbf00000,0x00000000fdb80000)
 ParOldGen       total 316416K, used 151883K [0x0000000080000000, 0x0000000093500000, 0x00000000d5580000)
  object space 316416K, 48% used [0x0000000080000000,0x0000000089452ec0,0x0000000093500000)
 Metaspace       used 94775K, capacity 97623K, committed 99456K, reserved 1136640K
  class space    used 11320K, capacity 11798K, committed 12160K, reserved 1048576K
2023-05-14T21:57:06.092+0600: 4481098.175: [GC (Allocation Failure) [PSYoungGen: 652455K->19340K(661504K)] 804339K->171303K(977920K), 0.0375667 secs] [Times: user=0.06 sys=0.00, real=0.04 secs] 
Heap after GC invocations=913 (full 4):
 PSYoungGen      total 661504K, used 19340K [0x00000000d5580000, 0x00000000ffa80000, 0x0000000100000000)
  eden space 632320K, 0% used [0x00000000d5580000,0x00000000d5580000,0x00000000fbf00000)
  from space 29184K, 66% used [0x00000000fbf00000,0x00000000fd1e3010,0x00000000fdb80000)
  to   space 30208K, 0% used [0x00000000fdd00000,0x00000000fdd00000,0x00000000ffa80000)
 ParOldGen       total 316416K, used 151963K [0x0000000080000000, 0x0000000093500000, 0x00000000d5580000)
  object space 316416K, 48% used [0x0000000080000000,0x0000000089466ce0,0x0000000093500000)
 Metaspace       used 94775K, capacity 97623K, committed 99456K, reserved 1136640K
  class space    used 11320K, capacity 11798K, committed 12160K, reserved 1048576K
}
{Heap before GC invocations=914 (full 4):
 PSYoungGen      total 661504K, used 651660K [0x00000000d5580000, 0x00000000ffa80000, 0x0000000100000000)
  eden space 632320K, 100% used [0x00000000d5580000,0x00000000fbf00000,0x00000000fbf00000)
  from space 29184K, 66% used [0x00000000fbf00000,0x00000000fd1e3010,0x00000000fdb80000)
  to   space 30208K, 0% used [0x00000000fdd00000,0x00000000fdd00000,0x00000000ffa80000)
 ParOldGen       total 316416K, used 151963K [0x0000000080000000, 0x0000000093500000, 0x00000000d5580000)
  object space 316416K, 48% used [0x0000000080000000,0x0000000089466ce0,0x0000000093500000)
 Metaspace       used 94775K, capacity 97623K, committed 99456K, reserved 1136640K
  class space    used 11320K, capacity 11798K, committed 12160K, reserved 1048576K
2023-05-15T07:13:57.289+0600: 4514509.371: [GC (Allocation Failure) [PSYoungGen: 651660K->6048K(662016K)] 803623K->158027K(978432K), 0.0199140 secs] [Times: user=0.02 sys=0.02, real=0.02 secs] 
Heap after GC invocations=914 (full 4):
 PSYoungGen      total 662016K, used 6048K [0x00000000d5580000, 0x00000000ff980000, 0x0000000100000000)
  eden space 632832K, 0% used [0x00000000d5580000,0x00000000d5580000,0x00000000fbf80000)
  from space 29184K, 20% used [0x00000000fdd00000,0x00000000fe2e8010,0x00000000ff980000)
  to   space 29696K, 0% used [0x00000000fbf80000,0x00000000fbf80000,0x00000000fdc80000)
 ParOldGen       total 316416K, used 151979K [0x0000000080000000, 0x0000000093500000, 0x00000000d5580000)
  object space 316416K, 48% used [0x0000000080000000,0x000000008946ace0,0x0000000093500000)
 Metaspace       used 94775K, capacity 97623K, committed 99456K, reserved 1136640K
  class space    used 11320K, capacity 11798K, committed 12160K, reserved 1048576K
}
{Heap before GC invocations=915 (full 4):
 PSYoungGen      total 662016K, used 638880K [0x00000000d5580000, 0x00000000ff980000, 0x0000000100000000)
  eden space 632832K, 100% used [0x00000000d5580000,0x00000000fbf80000,0x00000000fbf80000)
  from space 29184K, 20% used [0x00000000fdd00000,0x00000000fe2e8010,0x00000000ff980000)
  to   space 29696K, 0% used [0x00000000fbf80000,0x00000000fbf80000,0x00000000fdc80000)
 ParOldGen       total 316416K, used 151979K [0x0000000080000000, 0x0000000093500000, 0x00000000d5580000)
  object space 316416K, 48% used [0x0000000080000000,0x000000008946ace0,0x0000000093500000)
 Metaspace       used 94796K, capacity 97717K, committed 99456K, reserved 1136640K
  class space    used 11323K, capacity 11803K, committed 12160K, reserved 1048576K
2023-05-15T14:47:35.191+0600: 4541727.274: [GC (Allocation Failure) [PSYoungGen: 638880K->15168K(662528K)] 790859K->167192K(978944K), 0.0255323 secs] [Times: user=0.04 sys=0.00, real=0.02 secs] 
Heap after GC invocations=915 (full 4):
 PSYoungGen      total 662528K, used 15168K [0x00000000d5580000, 0x00000000ff900000, 0x0000000100000000)
  eden space 632832K, 0% used [0x00000000d5580000,0x00000000d5580000,0x00000000fbf80000)
  from space 29696K, 51% used [0x00000000fbf80000,0x00000000fce50330,0x00000000fdc80000)
  to   space 29184K, 0% used [0x00000000fdc80000,0x00000000fdc80000,0x00000000ff900000)
 ParOldGen       total 316416K, used 152023K [0x0000000080000000, 0x0000000093500000, 0x00000000d5580000)
  object space 316416K, 48% used [0x0000000080000000,0x0000000089475e00,0x0000000093500000)
 Metaspace       used 94796K, capacity 97717K, committed 99456K, reserved 1136640K
  class space    used 11323K, capacity 11803K, committed 12160K, reserved 1048576K
}
{Heap before GC invocations=916 (full 4):
 PSYoungGen      total 662528K, used 648000K [0x00000000d5580000, 0x00000000ff900000, 0x0000000100000000)
  eden space 632832K, 99% used [0x00000000d5580000,0x00000000fbf7ffe8,0x00000000fbf80000)
  from space 29696K, 51% used [0x00000000fbf80000,0x00000000fce50330,0x00000000fdc80000)
  to   space 29184K, 0% used [0x00000000fdc80000,0x00000000fdc80000,0x00000000ff900000)
 ParOldGen       total 316416K, used 152023K [0x0000000080000000, 0x0000000093500000, 0x00000000d5580000)
  object space 316416K, 48% used [0x0000000080000000,0x0000000089475e00,0x0000000093500000)
 Metaspace       used 94802K, capacity 97723K, committed 99456K, reserved 1136640K
  class space    used 11323K, capacity 11804K, committed 12160K, reserved 1048576K
2023-05-15T22:52:00.840+0600: 4570792.923: [GC (Allocation Failure) [PSYoungGen: 648000K->13116K(659456K)] 800024K->165250K(975872K), 0.0236067 secs] [Times: user=0.02 sys=0.02, real=0.02 secs] 
Heap after GC invocations=916 (full 4):
 PSYoungGen      total 659456K, used 13116K [0x00000000d5580000, 0x00000000ff600000, 0x0000000100000000)
  eden space 633344K, 0% used [0x00000000d5580000,0x00000000d5580000,0x00000000fc000000)
  from space 26112K, 50% used [0x00000000fdc80000,0x00000000fe94f2b0,0x00000000ff600000)
  to   space 27648K, 0% used [0x00000000fc000000,0x00000000fc000000,0x00000000fdb00000)
 ParOldGen       total 316416K, used 152133K [0x0000000080000000, 0x0000000093500000, 0x00000000d5580000)
  object space 316416K, 48% used [0x0000000080000000,0x00000000894916e0,0x0000000093500000)
 Metaspace       used 94802K, capacity 97723K, committed 99456K, reserved 1136640K
  class space    used 11323K, capacity 11804K, committed 12160K, reserved 1048576K
}
{Heap before GC invocations=917 (full 4):
 PSYoungGen      total 659456K, used 646460K [0x00000000d5580000, 0x00000000ff600000, 0x0000000100000000)
  eden space 633344K, 100% used [0x00000000d5580000,0x00000000fc000000,0x00000000fc000000)
  from space 26112K, 50% used [0x00000000fdc80000,0x00000000fe94f2b0,0x00000000ff600000)
  to   space 27648K, 0% used [0x00000000fc000000,0x00000000fc000000,0x00000000fdb00000)
 ParOldGen       total 316416K, used 152133K [0x0000000080000000, 0x0000000093500000, 0x00000000d5580000)
  object space 316416K, 48% used [0x0000000080000000,0x00000000894916e0,0x0000000093500000)
 Metaspace       used 94802K, capacity 97723K, committed 99456K, reserved 1136640K
  class space    used 11323K, capacity 11804K, committed 12160K, reserved 1048576K
2023-05-16T07:50:38.916+0600: 4603110.999: [GC (Allocation Failure) [PSYoungGen: 646460K->7796K(660992K)] 798594K->159945K(977408K), 0.0284418 secs] [Times: user=0.02 sys=0.02, real=0.03 secs] 
Heap after GC invocations=917 (full 4):
 PSYoungGen      total 660992K, used 7796K [0x00000000d5580000, 0x00000000ff580000, 0x0000000100000000)
  eden space 633344K, 0% used [0x00000000d5580000,0x00000000d5580000,0x00000000fc000000)
  from space 27648K, 28% used [0x00000000fc000000,0x00000000fc79d030,0x00000000fdb00000)
  to   space 27136K, 0% used [0x00000000fdb00000,0x00000000fdb00000,0x00000000ff580000)
 ParOldGen       total 316416K, used 152149K [0x0000000080000000, 0x0000000093500000, 0x00000000d5580000)
  object space 316416K, 48% used [0x0000000080000000,0x00000000894956e0,0x0000000093500000)
 Metaspace       used 94802K, capacity 97723K, committed 99456K, reserved 1136640K
  class space    used 11323K, capacity 11804K, committed 12160K, reserved 1048576K
}
{Heap before GC invocations=918 (full 4):
 PSYoungGen      total 660992K, used 641140K [0x00000000d5580000, 0x00000000ff580000, 0x0000000100000000)
  eden space 633344K, 100% used [0x00000000d5580000,0x00000000fc000000,0x00000000fc000000)
  from space 27648K, 28% used [0x00000000fc000000,0x00000000fc79d030,0x00000000fdb00000)
  to   space 27136K, 0% used [0x00000000fdb00000,0x00000000fdb00000,0x00000000ff580000)
 ParOldGen       total 316416K, used 152149K [0x0000000080000000, 0x0000000093500000, 0x00000000d5580000)
  object space 316416K, 48% used [0x0000000080000000,0x00000000894956e0,0x0000000093500000)
 Metaspace       used 94821K, capacity 97753K, committed 99456K, reserved 1136640K
  class space    used 11326K, capacity 11809K, committed 12160K, reserved 1048576K
2023-05-16T15:20:50.626+0600: 4630122.709: [GC (Allocation Failure) [PSYoungGen: 641140K->14703K(659968K)] 793289K->166927K(976384K), 0.0303827 secs] [Times: user=0.02 sys=0.02, real=0.03 secs] 
Heap after GC invocations=918 (full 4):
 PSYoungGen      total 659968K, used 14703K [0x00000000d5580000, 0x00000000ff480000, 0x0000000100000000)
  eden space 633856K, 0% used [0x00000000d5580000,0x00000000d5580000,0x00000000fc080000)
  from space 26112K, 56% used [0x00000000fdb00000,0x00000000fe95bc30,0x00000000ff480000)
  to   space 26624K, 0% used [0x00000000fc080000,0x00000000fc080000,0x00000000fda80000)
 ParOldGen       total 316416K, used 152224K [0x0000000080000000, 0x0000000093500000, 0x00000000d5580000)
  object space 316416K, 48% used [0x0000000080000000,0x00000000894a80f0,0x0000000093500000)
 Metaspace       used 94821K, capacity 97753K, committed 99456K, reserved 1136640K
  class space    used 11326K, capacity 11809K, committed 12160K, reserved 1048576K
}
{Heap before GC invocations=919 (full 4):
 PSYoungGen      total 659968K, used 648559K [0x00000000d5580000, 0x00000000ff480000, 0x0000000100000000)
  eden space 633856K, 100% used [0x00000000d5580000,0x00000000fc080000,0x00000000fc080000)
  from space 26112K, 56% used [0x00000000fdb00000,0x00000000fe95bc30,0x00000000ff480000)
  to   space 26624K, 0% used [0x00000000fc080000,0x00000000fc080000,0x00000000fda80000)
 ParOldGen       total 316416K, used 152224K [0x0000000080000000, 0x0000000093500000, 0x00000000d5580000)
  object space 316416K, 48% used [0x0000000080000000,0x00000000894a80f0,0x0000000093500000)
 Metaspace       used 94827K, capacity 97759K, committed 99456K, reserved 1136640K
  class space    used 11327K, capacity 11810K, committed 12160K, reserved 1048576K
2023-05-16T23:48:23.545+0600: 4660575.628: [GC (Allocation Failure) [PSYoungGen: 648559K->10633K(644608K)] 800783K->162928K(961024K), 0.0313498 secs] [Times: user=0.02 sys=0.03, real=0.03 secs] 
Heap after GC invocations=919 (full 4):
 PSYoungGen      total 644608K, used 10633K [0x00000000d5580000, 0x00000000ff200000, 0x0000000100000000)
  eden space 633856K, 0% used [0x00000000d5580000,0x00000000d5580000,0x00000000fc080000)
  from space 10752K, 98% used [0x00000000fc080000,0x00000000fcae27b0,0x00000000fcb00000)
  to   space 25088K, 0% used [0x00000000fd980000,0x00000000fd980000,0x00000000ff200000)
 ParOldGen       total 316416K, used 152294K [0x0000000080000000, 0x0000000093500000, 0x00000000d5580000)
  object space 316416K, 48% used [0x0000000080000000,0x00000000894b9a20,0x0000000093500000)
 Metaspace       used 94827K, capacity 97759K, committed 99456K, reserved 1136640K
  class space    used 11327K, capacity 11810K, committed 12160K, reserved 1048576K
}
{Heap before GC invocations=920 (full 4):
 PSYoungGen      total 644608K, used 644489K [0x00000000d5580000, 0x00000000ff200000, 0x0000000100000000)
  eden space 633856K, 100% used [0x00000000d5580000,0x00000000fc080000,0x00000000fc080000)
  from space 10752K, 98% used [0x00000000fc080000,0x00000000fcae27b0,0x00000000fcb00000)
  to   space 25088K, 0% used [0x00000000fd980000,0x00000000fd980000,0x00000000ff200000)
 ParOldGen       total 316416K, used 152294K [0x0000000080000000, 0x0000000093500000, 0x00000000d5580000)
  object space 316416K, 48% used [0x0000000080000000,0x00000000894b9a20,0x0000000093500000)
 Metaspace       used 94827K, capacity 97759K, committed 99456K, reserved 1136640K
  class space    used 11327K, capacity 11810K, committed 12160K, reserved 1048576K
2023-05-17T09:06:52.967+0600: 4694085.050: [GC (Allocation Failure) [PSYoungGen: 644489K->6416K(659456K)] 796784K->158735K(975872K), 0.0266877 secs] [Times: user=0.02 sys=0.02, real=0.03 secs] 
Heap after GC invocations=920 (full 4):
 PSYoungGen      total 659456K, used 6416K [0x00000000d5580000, 0x00000000ff200000, 0x0000000100000000)
  eden space 634368K, 0% used [0x00000000d5580000,0x00000000d5580000,0x00000000fc100000)
  from space 25088K, 25% used [0x00000000fd980000,0x00000000fdfc4270,0x00000000ff200000)
  to   space 25088K, 0% used [0x00000000fc100000,0x00000000fc100000,0x00000000fd980000)
 ParOldGen       total 316416K, used 152318K [0x0000000080000000, 0x0000000093500000, 0x00000000d5580000)
  object space 316416K, 48% used [0x0000000080000000,0x00000000894bfa20,0x0000000093500000)
 Metaspace       used 94827K, capacity 97759K, committed 99456K, reserved 1136640K
  class space    used 11327K, capacity 11810K, committed 12160K, reserved 1048576K
}
{Heap before GC invocations=921 (full 4):
 PSYoungGen      total 659456K, used 640784K [0x00000000d5580000, 0x00000000ff200000, 0x0000000100000000)
  eden space 634368K, 100% used [0x00000000d5580000,0x00000000fc100000,0x00000000fc100000)
  from space 25088K, 25% used [0x00000000fd980000,0x00000000fdfc4270,0x00000000ff200000)
  to   space 25088K, 0% used [0x00000000fc100000,0x00000000fc100000,0x00000000fd980000)
 ParOldGen       total 316416K, used 152318K [0x0000000080000000, 0x0000000093500000, 0x00000000d5580000)
  object space 316416K, 48% used [0x0000000080000000,0x00000000894bfa20,0x0000000093500000)
 Metaspace       used 94842K, capacity 97789K, committed 99456K, reserved 1136640K
  class space    used 11330K, capacity 11815K, committed 12160K, reserved 1048576K
2023-05-17T15:58:03.563+0600: 4718755.645: [GC (Allocation Failure) [PSYoungGen: 640784K->22510K(659456K)] 793103K->174829K(975872K), 0.0325148 secs] [Times: user=0.05 sys=0.00, real=0.03 secs] 
Heap after GC invocations=921 (full 4):
 PSYoungGen      total 659456K, used 22510K [0x00000000d5580000, 0x00000000ff780000, 0x0000000100000000)
  eden space 634368K, 0% used [0x00000000d5580000,0x00000000d5580000,0x00000000fc100000)
  from space 25088K, 89% used [0x00000000fc100000,0x00000000fd6fbaa0,0x00000000fd980000)
  to   space 27648K, 0% used [0x00000000fdc80000,0x00000000fdc80000,0x00000000ff780000)
 ParOldGen       total 316416K, used 152318K [0x0000000080000000, 0x0000000093500000, 0x00000000d5580000)
  object space 316416K, 48% used [0x0000000080000000,0x00000000894bfa20,0x0000000093500000)
 Metaspace       used 94842K, capacity 97789K, committed 99456K, reserved 1136640K
  class space    used 11330K, capacity 11815K, committed 12160K, reserved 1048576K
}
{Heap before GC invocations=922 (full 4):
 PSYoungGen      total 659456K, used 656878K [0x00000000d5580000, 0x00000000ff780000, 0x0000000100000000)
  eden space 634368K, 100% used [0x00000000d5580000,0x00000000fc100000,0x00000000fc100000)
  from space 25088K, 89% used [0x00000000fc100000,0x00000000fd6fbaa0,0x00000000fd980000)
  to   space 27648K, 0% used [0x00000000fdc80000,0x00000000fdc80000,0x00000000ff780000)
 ParOldGen       total 316416K, used 152318K [0x0000000080000000, 0x0000000093500000, 0x00000000d5580000)
  object space 316416K, 48% used [0x0000000080000000,0x00000000894bfa20,0x0000000093500000)
 Metaspace       used 94848K, capacity 97795K, committed 99456K, reserved 1136640K
  class space    used 11330K, capacity 11816K, committed 12160K, reserved 1048576K
2023-05-17T23:56:04.361+0600: 4747436.444: [GC (Allocation Failure) [PSYoungGen: 656878K->13303K(660480K)] 809197K->165645K(976896K), 0.0234795 secs] [Times: user=0.01 sys=0.02, real=0.02 secs] 
Heap after GC invocations=922 (full 4):
 PSYoungGen      total 660480K, used 13303K [0x00000000d5580000, 0x00000000ff580000, 0x0000000100000000)
  eden space 634880K, 0% used [0x00000000d5580000,0x00000000d5580000,0x00000000fc180000)
  from space 25600K, 51% used [0x00000000fdc80000,0x00000000fe97dc90,0x00000000ff580000)
  to   space 26624K, 0% used [0x00000000fc180000,0x00000000fc180000,0x00000000fdb80000)
 ParOldGen       total 316416K, used 152342K [0x0000000080000000, 0x0000000093500000, 0x00000000d5580000)
  object space 316416K, 48% used [0x0000000080000000,0x00000000894c5a20,0x0000000093500000)
 Metaspace       used 94848K, capacity 97795K, committed 99456K, reserved 1136640K
  class space    used 11330K, capacity 11816K, committed 12160K, reserved 1048576K
}
{Heap before GC invocations=923 (full 4):
 PSYoungGen      total 660480K, used 648183K [0x00000000d5580000, 0x00000000ff580000, 0x0000000100000000)
  eden space 634880K, 100% used [0x00000000d5580000,0x00000000fc180000,0x00000000fc180000)
  from space 25600K, 51% used [0x00000000fdc80000,0x00000000fe97dc90,0x00000000ff580000)
  to   space 26624K, 0% used [0x00000000fc180000,0x00000000fc180000,0x00000000fdb80000)
 ParOldGen       total 316416K, used 152342K [0x0000000080000000, 0x0000000093500000, 0x00000000d5580000)
  object space 316416K, 48% used [0x0000000080000000,0x00000000894c5a20,0x0000000093500000)
 Metaspace       used 94848K, capacity 97795K, committed 99456K, reserved 1136640K
  class space    used 11330K, capacity 11816K, committed 12160K, reserved 1048576K
2023-05-18T09:20:21.485+0600: 4781293.568: [GC (Allocation Failure) [PSYoungGen: 648183K->5824K(661504K)] 800525K->158182K(977920K), 0.0166913 secs] [Times: user=0.02 sys=0.01, real=0.02 secs] 
Heap after GC invocations=923 (full 4):
 PSYoungGen      total 661504K, used 5824K [0x00000000d5580000, 0x00000000ff500000, 0x0000000100000000)
  eden space 634880K, 0% used [0x00000000d5580000,0x00000000d5580000,0x00000000fc180000)
  from space 26624K, 21% used [0x00000000fc180000,0x00000000fc730000,0x00000000fdb80000)
  to   space 26112K, 0% used [0x00000000fdb80000,0x00000000fdb80000,0x00000000ff500000)
 ParOldGen       total 316416K, used 152358K [0x0000000080000000, 0x0000000093500000, 0x00000000d5580000)
  object space 316416K, 48% used [0x0000000080000000,0x00000000894c9a20,0x0000000093500000)
 Metaspace       used 94848K, capacity 97795K, committed 99456K, reserved 1136640K
  class space    used 11330K, capacity 11816K, committed 12160K, reserved 1048576K
}
{Heap before GC invocations=924 (full 4):
 PSYoungGen      total 661504K, used 640704K [0x00000000d5580000, 0x00000000ff500000, 0x0000000100000000)
  eden space 634880K, 100% used [0x00000000d5580000,0x00000000fc180000,0x00000000fc180000)
  from space 26624K, 21% used [0x00000000fc180000,0x00000000fc730000,0x00000000fdb80000)
  to   space 26112K, 0% used [0x00000000fdb80000,0x00000000fdb80000,0x00000000ff500000)
 ParOldGen       total 316416K, used 152358K [0x0000000080000000, 0x0000000093500000, 0x00000000d5580000)
  object space 316416K, 48% used [0x0000000080000000,0x00000000894c9a20,0x0000000093500000)
 Metaspace       used 94866K, capacity 97831K, committed 99456K, reserved 1136640K
  class space    used 11333K, capacity 11822K, committed 12160K, reserved 1048576K
2023-05-18T16:14:54.346+0600: 4806166.429: [GC (Allocation Failure) [PSYoungGen: 640704K->18725K(660480K)] 793062K->171100K(976896K), 0.0324009 secs] [Times: user=0.02 sys=0.03, real=0.03 secs] 
Heap after GC invocations=924 (full 4):
 PSYoungGen      total 660480K, used 18725K [0x00000000d5580000, 0x00000000ff700000, 0x0000000100000000)
  eden space 634368K, 0% used [0x00000000d5580000,0x00000000d5580000,0x00000000fc100000)
  from space 26112K, 71% used [0x00000000fdb80000,0x00000000fedc9630,0x00000000ff500000)
  to   space 27136K, 0% used [0x00000000fc100000,0x00000000fc100000,0x00000000fdb80000)
 ParOldGen       total 316416K, used 152374K [0x0000000080000000, 0x0000000093500000, 0x00000000d5580000)
  object space 316416K, 48% used [0x0000000080000000,0x00000000894cda20,0x0000000093500000)
 Metaspace       used 94866K, capacity 97831K, committed 99456K, reserved 1136640K
  class space    used 11333K, capacity 11822K, committed 12160K, reserved 1048576K
}
{Heap before GC invocations=925 (full 4):
 PSYoungGen      total 660480K, used 653085K [0x00000000d5580000, 0x00000000ff700000, 0x0000000100000000)
  eden space 634368K, 99% used [0x00000000d5580000,0x00000000fc0fdfe8,0x00000000fc100000)
  from space 26112K, 71% used [0x00000000fdb80000,0x00000000fedc9630,0x00000000ff500000)
  to   space 27136K, 0% used [0x00000000fc100000,0x00000000fc100000,0x00000000fdb80000)
 ParOldGen       total 316416K, used 152374K [0x0000000080000000, 0x0000000093500000, 0x00000000d5580000)
  object space 316416K, 48% used [0x0000000080000000,0x00000000894cda20,0x0000000093500000)
 Metaspace       used 94872K, capacity 97837K, committed 99456K, reserved 1136640K
  class space    used 11334K, capacity 11823K, committed 12160K, reserved 1048576K
2023-05-19T00:37:57.956+0600: 4836350.039: [GC (Allocation Failure) [PSYoungGen: 653085K->11465K(646144K)] 805460K->163894K(962560K), 0.0336487 secs] [Times: user=0.05 sys=0.00, real=0.04 secs] 
Heap after GC invocations=925 (full 4):
 PSYoungGen      total 646144K, used 11465K [0x00000000d5580000, 0x00000000ff480000, 0x0000000100000000)
  eden space 634368K, 0% used [0x00000000d5580000,0x00000000d5580000,0x00000000fc100000)
  from space 11776K, 97% used [0x00000000fc100000,0x00000000fcc32530,0x00000000fcc80000)
  to   space 26112K, 0% used [0x00000000fdb00000,0x00000000fdb00000,0x00000000ff480000)
 ParOldGen       total 316416K, used 152429K [0x0000000080000000, 0x0000000093500000, 0x00000000d5580000)
  object space 316416K, 48% used [0x0000000080000000,0x00000000894db580,0x0000000093500000)
 Metaspace       used 94872K, capacity 97837K, committed 99456K, reserved 1136640K
  class space    used 11334K, capacity 11823K, committed 12160K, reserved 1048576K
}
{Heap before GC invocations=926 (full 4):
 PSYoungGen      total 646144K, used 645833K [0x00000000d5580000, 0x00000000ff480000, 0x0000000100000000)
  eden space 634368K, 100% used [0x00000000d5580000,0x00000000fc100000,0x00000000fc100000)
  from space 11776K, 97% used [0x00000000fc100000,0x00000000fcc32530,0x00000000fcc80000)
  to   space 26112K, 0% used [0x00000000fdb00000,0x00000000fdb00000,0x00000000ff480000)
 ParOldGen       total 316416K, used 152429K [0x0000000080000000, 0x0000000093500000, 0x00000000d5580000)
  object space 316416K, 48% used [0x0000000080000000,0x00000000894db580,0x0000000093500000)
 Metaspace       used 94872K, capacity 97837K, committed 99456K, reserved 1136640K
  class space    used 11334K, capacity 11823K, committed 12160K, reserved 1048576K
2023-05-19T09:52:51.814+0600: 4869643.897: [GC (Allocation Failure) [PSYoungGen: 645833K->6578K(659968K)] 798262K->159015K(976384K), 0.0237466 secs] [Times: user=0.02 sys=0.02, real=0.02 secs] 
Heap after GC invocations=926 (full 4):
 PSYoungGen      total 659968K, used 6578K [0x00000000d5580000, 0x00000000ff380000, 0x0000000100000000)
  eden space 634880K, 0% used [0x00000000d5580000,0x00000000d5580000,0x00000000fc180000)
  from space 25088K, 26% used [0x00000000fdb00000,0x00000000fe16c920,0x00000000ff380000)
  to   space 25600K, 0% used [0x00000000fc180000,0x00000000fc180000,0x00000000fda80000)
 ParOldGen       total 316416K, used 152437K [0x0000000080000000, 0x0000000093500000, 0x00000000d5580000)
  object space 316416K, 48% used [0x0000000080000000,0x00000000894dd580,0x0000000093500000)
 Metaspace       used 94872K, capacity 97837K, committed 99456K, reserved 1136640K
  class space    used 11334K, capacity 11823K, committed 12160K, reserved 1048576K
}
{Heap before GC invocations=927 (full 4):
 PSYoungGen      total 659968K, used 641458K [0x00000000d5580000, 0x00000000ff380000, 0x0000000100000000)
  eden space 634880K, 100% used [0x00000000d5580000,0x00000000fc180000,0x00000000fc180000)
  from space 25088K, 26% used [0x00000000fdb00000,0x00000000fe16c920,0x00000000ff380000)
  to   space 25600K, 0% used [0x00000000fc180000,0x00000000fc180000,0x00000000fda80000)
 ParOldGen       total 316416K, used 152437K [0x0000000080000000, 0x0000000093500000, 0x00000000d5580000)
  object space 316416K, 48% used [0x0000000080000000,0x00000000894dd580,0x0000000093500000)
 Metaspace       used 94883K, capacity 97861K, committed 99456K, reserved 1136640K
  class space    used 11336K, capacity 11827K, committed 12160K, reserved 1048576K
2023-05-19T18:37:43.314+0600: 4901135.397: [GC (Allocation Failure) [PSYoungGen: 641458K->10249K(645632K)] 793895K->162749K(962048K), 0.0253593 secs] [Times: user=0.01 sys=0.02, real=0.03 secs] 
Heap after GC invocations=927 (full 4):
 PSYoungGen      total 645632K, used 10249K [0x00000000d5580000, 0x00000000ff200000, 0x0000000100000000)
  eden space 634880K, 0% used [0x00000000d5580000,0x00000000d5580000,0x00000000fc180000)
  from space 10752K, 95% used [0x00000000fc180000,0x00000000fcb827d0,0x00000000fcc00000)
  to   space 24576K, 0% used [0x00000000fda00000,0x00000000fda00000,0x00000000ff200000)
 ParOldGen       total 316416K, used 152499K [0x0000000080000000, 0x0000000093500000, 0x00000000d5580000)
  object space 316416K, 48% used [0x0000000080000000,0x00000000894ecfb8,0x0000000093500000)
 Metaspace       used 94883K, capacity 97861K, committed 99456K, reserved 1136640K
  class space    used 11336K, capacity 11827K, committed 12160K, reserved 1048576K
}
{Heap before GC invocations=928 (full 4):
 PSYoungGen      total 645632K, used 645129K [0x00000000d5580000, 0x00000000ff200000, 0x0000000100000000)
  eden space 634880K, 100% used [0x00000000d5580000,0x00000000fc180000,0x00000000fc180000)
  from space 10752K, 95% used [0x00000000fc180000,0x00000000fcb827d0,0x00000000fcc00000)
  to   space 24576K, 0% used [0x00000000fda00000,0x00000000fda00000,0x00000000ff200000)
 ParOldGen       total 316416K, used 152499K [0x0000000080000000, 0x0000000093500000, 0x00000000d5580000)
  object space 316416K, 48% used [0x0000000080000000,0x00000000894ecfb8,0x0000000093500000)
 Metaspace       used 94893K, capacity 97873K, committed 99456K, reserved 1136640K
  class space    used 11337K, capacity 11829K, committed 12160K, reserved 1048576K
2023-05-20T03:50:16.315+0600: 4934288.398: [GC (Allocation Failure) [PSYoungGen: 645129K->6225K(659968K)] 797629K->158939K(976384K), 0.0208081 secs] [Times: user=0.04 sys=0.00, real=0.02 secs] 
Heap after GC invocations=928 (full 4):
 PSYoungGen      total 659968K, used 6225K [0x00000000d5580000, 0x00000000ff200000, 0x0000000100000000)
  eden space 635392K, 0% used [0x00000000d5580000,0x00000000d5580000,0x00000000fc200000)
  from space 24576K, 25% used [0x00000000fda00000,0x00000000fe014690,0x00000000ff200000)
  to   space 24576K, 0% used [0x00000000fc200000,0x00000000fc200000,0x00000000fda00000)
 ParOldGen       total 316416K, used 152714K [0x0000000080000000, 0x0000000093500000, 0x00000000d5580000)
  object space 316416K, 48% used [0x0000000080000000,0x00000000895228c0,0x0000000093500000)
 Metaspace       used 94893K, capacity 97873K, committed 99456K, reserved 1136640K
  class space    used 11337K, capacity 11829K, committed 12160K, reserved 1048576K
}
{Heap before GC invocations=929 (full 4):
 PSYoungGen      total 659968K, used 641617K [0x00000000d5580000, 0x00000000ff200000, 0x0000000100000000)
  eden space 635392K, 100% used [0x00000000d5580000,0x00000000fc200000,0x00000000fc200000)
  from space 24576K, 25% used [0x00000000fda00000,0x00000000fe014690,0x00000000ff200000)
  to   space 24576K, 0% used [0x00000000fc200000,0x00000000fc200000,0x00000000fda00000)
 ParOldGen       total 316416K, used 152714K [0x0000000080000000, 0x0000000093500000, 0x00000000d5580000)
  object space 316416K, 48% used [0x0000000080000000,0x00000000895228c0,0x0000000093500000)
 Metaspace       used 94893K, capacity 97873K, committed 99456K, reserved 1136640K
  class space    used 11337K, capacity 11829K, committed 12160K, reserved 1048576K
2023-05-20T13:05:01.670+0600: 4967573.753: [GC (Allocation Failure) [PSYoungGen: 641617K->5920K(659968K)] 794331K->158650K(976384K), 0.0252524 secs] [Times: user=0.02 sys=0.02, real=0.02 secs] 
Heap after GC invocations=929 (full 4):
 PSYoungGen      total 659968K, used 5920K [0x00000000d5580000, 0x00000000ff180000, 0x0000000100000000)
  eden space 635392K, 0% used [0x00000000d5580000,0x00000000d5580000,0x00000000fc200000)
  from space 24576K, 24% used [0x00000000fc200000,0x00000000fc7c8020,0x00000000fda00000)
  to   space 24064K, 0% used [0x00000000fda00000,0x00000000fda00000,0x00000000ff180000)
 ParOldGen       total 316416K, used 152730K [0x0000000080000000, 0x0000000093500000, 0x00000000d5580000)
  object space 316416K, 48% used [0x0000000080000000,0x00000000895268c0,0x0000000093500000)
 Metaspace       used 94893K, capacity 97873K, committed 99456K, reserved 1136640K
  class space    used 11337K, capacity 11829K, committed 12160K, reserved 1048576K
}
{Heap before GC invocations=930 (full 4):
 PSYoungGen      total 659968K, used 641312K [0x00000000d5580000, 0x00000000ff180000, 0x0000000100000000)
  eden space 635392K, 100% used [0x00000000d5580000,0x00000000fc200000,0x00000000fc200000)
  from space 24576K, 24% used [0x00000000fc200000,0x00000000fc7c8020,0x00000000fda00000)
  to   space 24064K, 0% used [0x00000000fda00000,0x00000000fda00000,0x00000000ff180000)
 ParOldGen       total 316416K, used 152730K [0x0000000080000000, 0x0000000093500000, 0x00000000d5580000)
  object space 316416K, 48% used [0x0000000080000000,0x00000000895268c0,0x0000000093500000)
 Metaspace       used 94899K, capacity 97873K, committed 99456K, reserved 1136640K
  class space    used 11337K, capacity 11829K, committed 12160K, reserved 1048576K
2023-05-20T21:09:37.242+0600: 4996649.324: [GC (Allocation Failure) [PSYoungGen: 641312K->12713K(658944K)] 794042K->165497K(975360K), 0.0272755 secs] [Times: user=0.02 sys=0.02, real=0.02 secs] 
Heap after GC invocations=930 (full 4):
 PSYoungGen      total 658944K, used 12713K [0x00000000d5580000, 0x00000000ff080000, 0x0000000100000000)
  eden space 635904K, 0% used [0x00000000d5580000,0x00000000d5580000,0x00000000fc280000)
  from space 23040K, 55% used [0x00000000fda00000,0x00000000fe66a7f0,0x00000000ff080000)
  to   space 23552K, 0% used [0x00000000fc280000,0x00000000fc280000,0x00000000fd980000)
 ParOldGen       total 316416K, used 152783K [0x0000000080000000, 0x0000000093500000, 0x00000000d5580000)
  object space 316416K, 48% used [0x0000000080000000,0x0000000089533f80,0x0000000093500000)
 Metaspace       used 94899K, capacity 97873K, committed 99456K, reserved 1136640K
  class space    used 11337K, capacity 11829K, committed 12160K, reserved 1048576K
}
{Heap before GC invocations=931 (full 4):
 PSYoungGen      total 658944K, used 647135K [0x00000000d5580000, 0x00000000ff080000, 0x0000000100000000)
  eden space 635904K, 99% used [0x00000000d5580000,0x00000000fc10d678,0x00000000fc280000)
  from space 23040K, 55% used [0x00000000fda00000,0x00000000fe66a7f0,0x00000000ff080000)
  to   space 23552K, 0% used [0x00000000fc280000,0x00000000fc280000,0x00000000fd980000)
 ParOldGen       total 316416K, used 152783K [0x0000000080000000, 0x0000000093500000, 0x00000000d5580000)
  object space 316416K, 48% used [0x0000000080000000,0x0000000089533f80,0x0000000093500000)
 Metaspace       used 94899K, capacity 97873K, committed 99456K, reserved 1136640K
  class space    used 11337K, capacity 11829K, committed 12160K, reserved 1048576K
2023-05-21T00:00:04.841+0600: 5006876.924: [GC (Allocation Failure) [PSYoungGen: 647135K->6976K(659456K)] 799919K->159811K(975872K), 0.0177321 secs] [Times: user=0.01 sys=0.02, real=0.02 secs] 
Heap after GC invocations=931 (full 4):
 PSYoungGen      total 659456K, used 6976K [0x00000000d5580000, 0x00000000ff000000, 0x0000000100000000)
  eden space 635904K, 0% used [0x00000000d5580000,0x00000000d5580000,0x00000000fc280000)
  from space 23552K, 29% used [0x00000000fc280000,0x00000000fc9501f0,0x00000000fd980000)
  to   space 23040K, 0% used [0x00000000fd980000,0x00000000fd980000,0x00000000ff000000)
 ParOldGen       total 316416K, used 152835K [0x0000000080000000, 0x0000000093500000, 0x00000000d5580000)
  object space 316416K, 48% used [0x0000000080000000,0x0000000089540d08,0x0000000093500000)
 Metaspace       used 94899K, capacity 97873K, committed 99456K, reserved 1136640K
  class space    used 11337K, capacity 11829K, committed 12160K, reserved 1048576K
}
{Heap before GC invocations=932 (full 4):
 PSYoungGen      total 659456K, used 640429K [0x00000000d5580000, 0x00000000ff000000, 0x0000000100000000)
  eden space 635904K, 99% used [0x00000000d5580000,0x00000000fc01b478,0x00000000fc280000)
  from space 23552K, 29% used [0x00000000fc280000,0x00000000fc9501f0,0x00000000fd980000)
  to   space 23040K, 0% used [0x00000000fd980000,0x00000000fd980000,0x00000000ff000000)
 ParOldGen       total 316416K, used 152835K [0x0000000080000000, 0x0000000093500000, 0x00000000d5580000)
  object space 316416K, 48% used [0x0000000080000000,0x0000000089540d08,0x0000000093500000)
 Metaspace       used 94899K, capacity 97873K, committed 99456K, reserved 1136640K
  class space    used 11337K, capacity 11829K, committed 12160K, reserved 1048576K
2023-05-21T00:00:08.057+0600: 5006880.140: [GC (Allocation Failure) [PSYoungGen: 640429K->18750K(657920K)] 793264K->171602K(974336K), 0.0191423 secs] [Times: user=0.03 sys=0.00, real=0.02 secs] 
Heap after GC invocations=932 (full 4):
 PSYoungGen      total 657920K, used 18750K [0x00000000d5580000, 0x00000000ff900000, 0x0000000100000000)
  eden space 634880K, 0% used [0x00000000d5580000,0x00000000d5580000,0x00000000fc180000)
  from space 23040K, 81% used [0x00000000fd980000,0x00000000febcfb70,0x00000000ff000000)
  to   space 24576K, 0% used [0x00000000fc180000,0x00000000fc180000,0x00000000fd980000)
 ParOldGen       total 316416K, used 152851K [0x0000000080000000, 0x0000000093500000, 0x00000000d5580000)
  object space 316416K, 48% used [0x0000000080000000,0x0000000089544d08,0x0000000093500000)
 Metaspace       used 94899K, capacity 97873K, committed 99456K, reserved 1136640K
  class space    used 11337K, capacity 11829K, committed 12160K, reserved 1048576K
}
{Heap before GC invocations=933 (full 4):
 PSYoungGen      total 657920K, used 653630K [0x00000000d5580000, 0x00000000ff900000, 0x0000000100000000)
  eden space 634880K, 100% used [0x00000000d5580000,0x00000000fc180000,0x00000000fc180000)
  from space 23040K, 81% used [0x00000000fd980000,0x00000000febcfb70,0x00000000ff000000)
  to   space 24576K, 0% used [0x00000000fc180000,0x00000000fc180000,0x00000000fd980000)
 ParOldGen       total 316416K, used 152851K [0x0000000080000000, 0x0000000093500000, 0x00000000d5580000)
  object space 316416K, 48% used [0x0000000080000000,0x0000000089544d08,0x0000000093500000)
 Metaspace       used 94907K, capacity 97873K, committed 99456K, reserved 1136640K
  class space    used 11337K, capacity 11829K, committed 12160K, reserved 1048576K
2023-05-21T00:00:10.948+0600: 5006883.031: [GC (Allocation Failure) [PSYoungGen: 653630K->13002K(659456K)] 806482K->165925K(975872K), 0.0107978 secs] [Times: user=0.02 sys=0.00, real=0.02 secs] 
Heap after GC invocations=933 (full 4):
 PSYoungGen      total 659456K, used 13002K [0x00000000d5580000, 0x00000000ff900000, 0x0000000100000000)
  eden space 634880K, 0% used [0x00000000d5580000,0x00000000d5580000,0x00000000fc180000)
  from space 24576K, 52% used [0x00000000fc180000,0x00000000fce32b28,0x00000000fd980000)
  to   space 24064K, 0% used [0x00000000fe180000,0x00000000fe180000,0x00000000ff900000)
 ParOldGen       total 316416K, used 152922K [0x0000000080000000, 0x0000000093500000, 0x00000000d5580000)
  object space 316416K, 48% used [0x0000000080000000,0x0000000089556bd8,0x0000000093500000)
 Metaspace       used 94907K, capacity 97873K, committed 99456K, reserved 1136640K
  class space    used 11337K, capacity 11829K, committed 12160K, reserved 1048576K
}
{Heap before GC invocations=934 (full 4):
 PSYoungGen      total 659456K, used 646417K [0x00000000d5580000, 0x00000000ff900000, 0x0000000100000000)
  eden space 634880K, 99% used [0x00000000d5580000,0x00000000fc011b08,0x00000000fc180000)
  from space 24576K, 52% used [0x00000000fc180000,0x00000000fce32b28,0x00000000fd980000)
  to   space 24064K, 0% used [0x00000000fe180000,0x00000000fe180000,0x00000000ff900000)
 ParOldGen       total 316416K, used 152922K [0x0000000080000000, 0x0000000093500000, 0x00000000d5580000)
  object space 316416K, 48% used [0x0000000080000000,0x0000000089556bd8,0x0000000093500000)
 Metaspace       used 94907K, capacity 97873K, committed 99456K, reserved 1136640K
  class space    used 11337K, capacity 11829K, committed 12160K, reserved 1048576K
2023-05-21T00:00:14.573+0600: 5006886.656: [GC (Allocation Failure) [PSYoungGen: 646417K->14866K(667648K)] 799340K->167805K(984064K), 0.0168274 secs] [Times: user=0.03 sys=0.00, real=0.02 secs] 
Heap after GC invocations=934 (full 4):
 PSYoungGen      total 667648K, used 14866K [0x00000000d5580000, 0x00000000ffb80000, 0x0000000100000000)
  eden space 643584K, 0% used [0x00000000d5580000,0x00000000d5580000,0x00000000fca00000)
  from space 24064K, 61% used [0x00000000fe180000,0x00000000ff004b70,0x00000000ff900000)
  to   space 24064K, 0% used [0x00000000fca00000,0x00000000fca00000,0x00000000fe180000)
 ParOldGen       total 316416K, used 152938K [0x0000000080000000, 0x0000000093500000, 0x00000000d5580000)
  object space 316416K, 48% used [0x0000000080000000,0x000000008955abd8,0x0000000093500000)
 Metaspace       used 94907K, capacity 97873K, committed 99456K, reserved 1136640K
  class space    used 11337K, capacity 11829K, committed 12160K, reserved 1048576K
}
{Heap before GC invocations=935 (full 4):
 PSYoungGen      total 667648K, used 658450K [0x00000000d5580000, 0x00000000ffb80000, 0x0000000100000000)
  eden space 643584K, 100% used [0x00000000d5580000,0x00000000fca00000,0x00000000fca00000)
  from space 24064K, 61% used [0x00000000fe180000,0x00000000ff004b70,0x00000000ff900000)
  to   space 24064K, 0% used [0x00000000fca00000,0x00000000fca00000,0x00000000fe180000)
 ParOldGen       total 316416K, used 152938K [0x0000000080000000, 0x0000000093500000, 0x00000000d5580000)
  object space 316416K, 48% used [0x0000000080000000,0x000000008955abd8,0x0000000093500000)
 Metaspace       used 94907K, capacity 97873K, committed 99456K, reserved 1136640K
  class space    used 11337K, capacity 11829K, committed 12160K, reserved 1048576K
2023-05-21T00:00:17.624+0600: 5006889.706: [GC (Allocation Failure) [PSYoungGen: 658450K->12713K(667648K)] 811389K->165668K(984064K), 0.0100552 secs] [Times: user=0.02 sys=0.00, real=0.01 secs] 
Heap after GC invocations=935 (full 4):
 PSYoungGen      total 667648K, used 12713K [0x00000000d5580000, 0x00000000ffe00000, 0x0000000100000000)
  eden space 643584K, 0% used [0x00000000d5580000,0x00000000d5580000,0x00000000fca00000)
  from space 24064K, 52% used [0x00000000fca00000,0x00000000fd66a6b8,0x00000000fe180000)
  to   space 23040K, 0% used [0x00000000fe780000,0x00000000fe780000,0x00000000ffe00000)
 ParOldGen       total 316416K, used 152954K [0x0000000080000000, 0x0000000093500000, 0x00000000d5580000)
  object space 316416K, 48% used [0x0000000080000000,0x000000008955ebd8,0x0000000093500000)
 Metaspace       used 94907K, capacity 97873K, committed 99456K, reserved 1136640K
  class space    used 11337K, capacity 11829K, committed 12160K, reserved 1048576K
}
{Heap before GC invocations=936 (full 4):
 PSYoungGen      total 667648K, used 653979K [0x00000000d5580000, 0x00000000ffe00000, 0x0000000100000000)
  eden space 643584K, 99% used [0x00000000d5580000,0x00000000fc7bc5d8,0x00000000fca00000)
  from space 24064K, 52% used [0x00000000fca00000,0x00000000fd66a6b8,0x00000000fe180000)
  to   space 23040K, 0% used [0x00000000fe780000,0x00000000fe780000,0x00000000ffe00000)
 ParOldGen       total 316416K, used 152954K [0x0000000080000000, 0x0000000093500000, 0x00000000d5580000)
  object space 316416K, 48% used [0x0000000080000000,0x000000008955ebd8,0x0000000093500000)
 Metaspace       used 94907K, capacity 97873K, committed 99456K, reserved 1136640K
  class space    used 11337K, capacity 11829K, committed 12160K, reserved 1048576K
2023-05-21T00:00:21.158+0600: 5006893.241: [GC (Allocation Failure) [PSYoungGen: 653979K->15058K(673792K)] 806934K->168124K(990208K), 0.0197942 secs] [Times: user=0.04 sys=0.00, real=0.02 secs] 
Heap after GC invocations=936 (full 4):
 PSYoungGen      total 673792K, used 15058K [0x00000000d5580000, 0x00000000fff00000, 0x0000000100000000)
  eden space 650752K, 0% used [0x00000000d5580000,0x00000000d5580000,0x00000000fd100000)
  from space 23040K, 65% used [0x00000000fe780000,0x00000000ff634b90,0x00000000ffe00000)
  to   space 23040K, 0% used [0x00000000fd100000,0x00000000fd100000,0x00000000fe780000)
 ParOldGen       total 316416K, used 153065K [0x0000000080000000, 0x0000000093500000, 0x00000000d5580000)
  object space 316416K, 48% used [0x0000000080000000,0x000000008957a7b8,0x0000000093500000)
 Metaspace       used 94907K, capacity 97873K, committed 99456K, reserved 1136640K
  class space    used 11337K, capacity 11829K, committed 12160K, reserved 1048576K
}
{Heap before GC invocations=937 (full 4):
 PSYoungGen      total 673792K, used 665810K [0x00000000d5580000, 0x00000000fff00000, 0x0000000100000000)
  eden space 650752K, 100% used [0x00000000d5580000,0x00000000fd100000,0x00000000fd100000)
  from space 23040K, 65% used [0x00000000fe780000,0x00000000ff634b90,0x00000000ffe00000)
  to   space 23040K, 0% used [0x00000000fd100000,0x00000000fd100000,0x00000000fe780000)
 ParOldGen       total 316416K, used 153065K [0x0000000080000000, 0x0000000093500000, 0x00000000d5580000)
  object space 316416K, 48% used [0x0000000080000000,0x000000008957a7b8,0x0000000093500000)
 Metaspace       used 94907K, capacity 97873K, committed 99456K, reserved 1136640K
  class space    used 11337K, capacity 11829K, committed 12160K, reserved 1048576K
2023-05-21T00:00:24.286+0600: 5006896.369: [GC (Allocation Failure) [PSYoungGen: 665810K->13065K(673792K)] 818876K->166179K(990208K), 0.0099826 secs] [Times: user=0.02 sys=0.00, real=0.01 secs] 
Heap after GC invocations=937 (full 4):
 PSYoungGen      total 673792K, used 13065K [0x00000000d5580000, 0x00000000fff00000, 0x0000000100000000)
  eden space 650752K, 0% used [0x00000000d5580000,0x00000000d5580000,0x00000000fd100000)
  from space 23040K, 56% used [0x00000000fd100000,0x00000000fddc26d8,0x00000000fe780000)
  to   space 22528K, 0% used [0x00000000fe900000,0x00000000fe900000,0x00000000fff00000)
 ParOldGen       total 316416K, used 153113K [0x0000000080000000, 0x0000000093500000, 0x00000000d5580000)
  object space 316416K, 48% used [0x0000000080000000,0x0000000089586708,0x0000000093500000)
 Metaspace       used 94907K, capacity 97873K, committed 99456K, reserved 1136640K
  class space    used 11337K, capacity 11829K, committed 12160K, reserved 1048576K
}
{Heap before GC invocations=938 (full 4):
 PSYoungGen      total 673792K, used 660533K [0x00000000d5580000, 0x00000000fff00000, 0x0000000100000000)
  eden space 650752K, 99% used [0x00000000d5580000,0x00000000fcdcb0c0,0x00000000fd100000)
  from space 23040K, 56% used [0x00000000fd100000,0x00000000fddc26d8,0x00000000fe780000)
  to   space 22528K, 0% used [0x00000000fe900000,0x00000000fe900000,0x00000000fff00000)
 ParOldGen       total 316416K, used 153113K [0x0000000080000000, 0x0000000093500000, 0x00000000d5580000)
  object space 316416K, 48% used [0x0000000080000000,0x0000000089586708,0x0000000093500000)
 Metaspace       used 94907K, capacity 97873K, committed 99456K, reserved 1136640K
  class space    used 11337K, capacity 11829K, committed 12160K, reserved 1048576K
2023-05-21T00:00:27.891+0600: 5006899.974: [GC (Allocation Failure) [PSYoungGen: 660533K->14930K(675328K)] 813647K->168044K(991744K), 0.0161437 secs] [Times: user=0.03 sys=0.00, real=0.01 secs] 
Heap after GC invocations=938 (full 4):
 PSYoungGen      total 675328K, used 14930K [0x00000000d5580000, 0x00000000fff80000, 0x0000000100000000)
  eden space 652800K, 0% used [0x00000000d5580000,0x00000000d5580000,0x00000000fd300000)
  from space 22528K, 66% used [0x00000000fe900000,0x00000000ff794b80,0x00000000fff00000)
  to   space 22528K, 0% used [0x00000000fd300000,0x00000000fd300000,0x00000000fe900000)
 ParOldGen       total 316416K, used 153113K [0x0000000080000000, 0x0000000093500000, 0x00000000d5580000)
  object space 316416K, 48% used [0x0000000080000000,0x0000000089586708,0x0000000093500000)
 Metaspace       used 94907K, capacity 97873K, committed 99456K, reserved 1136640K
  class space    used 11337K, capacity 11829K, committed 12160K, reserved 1048576K
}
{Heap before GC invocations=939 (full 4):
 PSYoungGen      total 675328K, used 667730K [0x00000000d5580000, 0x00000000fff80000, 0x0000000100000000)
  eden space 652800K, 100% used [0x00000000d5580000,0x00000000fd300000,0x00000000fd300000)
  from space 22528K, 66% used [0x00000000fe900000,0x00000000ff794b80,0x00000000fff00000)
  to   space 22528K, 0% used [0x00000000fd300000,0x00000000fd300000,0x00000000fe900000)
 ParOldGen       total 316416K, used 153113K [0x0000000080000000, 0x0000000093500000, 0x00000000d5580000)
  object space 316416K, 48% used [0x0000000080000000,0x0000000089586708,0x0000000093500000)
 Metaspace       used 94907K, capacity 97873K, committed 99456K, reserved 1136640K
  class space    used 11337K, capacity 11829K, committed 12160K, reserved 1048576K
2023-05-21T00:00:31.021+0600: 5006903.103: [GC (Allocation Failure) [PSYoungGen: 667730K->13033K(675328K)] 820844K->166321K(991744K), 0.0103751 secs] [Times: user=0.02 sys=0.00, real=0.01 secs] 
Heap after GC invocations=939 (full 4):
 PSYoungGen      total 675328K, used 13033K [0x00000000d5580000, 0x00000000ffe00000, 0x0000000100000000)
  eden space 652800K, 0% used [0x00000000d5580000,0x00000000d5580000,0x00000000fd300000)
  from space 22528K, 57% used [0x00000000fd300000,0x00000000fdfba6d8,0x00000000fe900000)
  to   space 21504K, 0% used [0x00000000fe900000,0x00000000fe900000,0x00000000ffe00000)
 ParOldGen       total 316416K, used 153287K [0x0000000080000000, 0x0000000093500000, 0x00000000d5580000)
  object space 316416K, 48% used [0x0000000080000000,0x00000000895b1ef8,0x0000000093500000)
 Metaspace       used 94907K, capacity 97873K, committed 99456K, reserved 1136640K
  class space    used 11337K, capacity 11829K, committed 12160K, reserved 1048576K
}
{Heap before GC invocations=940 (full 4):
 PSYoungGen      total 675328K, used 664681K [0x00000000d5580000, 0x00000000ffe00000, 0x0000000100000000)
  eden space 652800K, 99% used [0x00000000d5580000,0x00000000fd1dff60,0x00000000fd300000)
  from space 22528K, 57% used [0x00000000fd300000,0x00000000fdfba6d8,0x00000000fe900000)
  to   space 21504K, 0% used [0x00000000fe900000,0x00000000fe900000,0x00000000ffe00000)
 ParOldGen       total 316416K, used 153287K [0x0000000080000000, 0x0000000093500000, 0x00000000d5580000)
  object space 316416K, 48% used [0x0000000080000000,0x00000000895b1ef8,0x0000000093500000)
 Metaspace       used 94907K, capacity 97873K, committed 99456K, reserved 1136640K
  class space    used 11337K, capacity 11829K, committed 12160K, reserved 1048576K
2023-05-21T00:00:34.293+0600: 5006906.376: [GC (Allocation Failure) [PSYoungGen: 664681K->19004K(673792K)] 817969K->172415K(990208K), 0.0184337 secs] [Times: user=0.03 sys=0.00, real=0.02 secs] 
Heap after GC invocations=940 (full 4):
 PSYoungGen      total 673792K, used 19004K [0x00000000d5580000, 0x0000000100000000, 0x0000000100000000)
  eden space 652288K, 0% used [0x00000000d5580000,0x00000000d5580000,0x00000000fd280000)
  from space 21504K, 88% used [0x00000000fe900000,0x00000000ffb8f078,0x00000000ffe00000)
  to   space 23040K, 0% used [0x00000000fd280000,0x00000000fd280000,0x00000000fe900000)
 ParOldGen       total 316416K, used 153411K [0x0000000080000000, 0x0000000093500000, 0x00000000d5580000)
  object space 316416K, 48% used [0x0000000080000000,0x00000000895d0e60,0x0000000093500000)
 Metaspace       used 94907K, capacity 97873K, committed 99456K, reserved 1136640K
  class space    used 11337K, capacity 11829K, committed 12160K, reserved 1048576K
}
{Heap before GC invocations=941 (full 4):
 PSYoungGen      total 673792K, used 670585K [0x00000000d5580000, 0x0000000100000000, 0x0000000100000000)
  eden space 652288K, 99% used [0x00000000d5580000,0x00000000fd1cf3f8,0x00000000fd280000)
  from space 21504K, 88% used [0x00000000fe900000,0x00000000ffb8f078,0x00000000ffe00000)
  to   space 23040K, 0% used [0x00000000fd280000,0x00000000fd280000,0x00000000fe900000)
 ParOldGen       total 316416K, used 153411K [0x0000000080000000, 0x0000000093500000, 0x00000000d5580000)
  object space 316416K, 48% used [0x0000000080000000,0x00000000895d0e60,0x0000000093500000)
 Metaspace       used 94907K, capacity 97873K, committed 99456K, reserved 1136640K
  class space    used 11337K, capacity 11829K, committed 12160K, reserved 1048576K
2023-05-21T00:00:37.626+0600: 5006909.709: [GC (Allocation Failure) [PSYoungGen: 670585K->20833K(673280K)] 823996K->178059K(989696K), 0.0200538 secs] [Times: user=0.04 sys=0.00, real=0.02 secs] 
Heap after GC invocations=941 (full 4):
 PSYoungGen      total 673280K, used 20833K [0x00000000d5580000, 0x0000000100000000, 0x0000000100000000)
  eden space 652288K, 0% used [0x00000000d5580000,0x00000000d5580000,0x00000000fd280000)
  from space 20992K, 99% used [0x00000000fd280000,0x00000000fe6d8610,0x00000000fe700000)
  to   space 25088K, 0% used [0x00000000fe780000,0x00000000fe780000,0x0000000100000000)
 ParOldGen       total 316416K, used 157225K [0x0000000080000000, 0x0000000093500000, 0x00000000d5580000)
  object space 316416K, 49% used [0x0000000080000000,0x000000008998a6f0,0x0000000093500000)
 Metaspace       used 94907K, capacity 97873K, committed 99456K, reserved 1136640K
  class space    used 11337K, capacity 11829K, committed 12160K, reserved 1048576K
}
{Heap before GC invocations=942 (full 4):
 PSYoungGen      total 673280K, used 670742K [0x00000000d5580000, 0x0000000100000000, 0x0000000100000000)
  eden space 652288K, 99% used [0x00000000d5580000,0x00000000fd02d4d8,0x00000000fd280000)
  from space 20992K, 99% used [0x00000000fd280000,0x00000000fe6d8610,0x00000000fe700000)
  to   space 25088K, 0% used [0x00000000fe780000,0x00000000fe780000,0x0000000100000000)
 ParOldGen       total 316416K, used 157225K [0x0000000080000000, 0x0000000093500000, 0x00000000d5580000)
  object space 316416K, 49% used [0x0000000080000000,0x000000008998a6f0,0x0000000093500000)
 Metaspace       used 94907K, capacity 97873K, committed 99456K, reserved 1136640K
  class space    used 11337K, capacity 11829K, committed 12160K, reserved 1048576K
2023-05-21T00:00:40.855+0600: 5006912.938: [GC (Allocation Failure) [PSYoungGen: 670742K->14994K(674816K)] 827968K->172436K(991232K), 0.0145181 secs] [Times: user=0.03 sys=0.00, real=0.02 secs] 
Heap after GC invocations=942 (full 4):
 PSYoungGen      total 674816K, used 14994K [0x00000000d5580000, 0x0000000100000000, 0x0000000100000000)
  eden space 649728K, 0% used [0x00000000d5580000,0x00000000d5580000,0x00000000fd000000)
  from space 25088K, 59% used [0x00000000fe780000,0x00000000ff624bc0,0x0000000100000000)
  to   space 24064K, 0% used [0x00000000fd000000,0x00000000fd000000,0x00000000fe780000)
 ParOldGen       total 316416K, used 157441K [0x0000000080000000, 0x0000000093500000, 0x00000000d5580000)
  object space 316416K, 49% used [0x0000000080000000,0x00000000899c0728,0x0000000093500000)
 Metaspace       used 94907K, capacity 97873K, committed 99456K, reserved 1136640K
  class space    used 11337K, capacity 11829K, committed 12160K, reserved 1048576K
}
{Heap before GC invocations=943 (full 4):
 PSYoungGen      total 674816K, used 660610K [0x00000000d5580000, 0x0000000100000000, 0x0000000100000000)
  eden space 649728K, 99% used [0x00000000d5580000,0x00000000fcbfbcb8,0x00000000fd000000)
  from space 25088K, 59% used [0x00000000fe780000,0x00000000ff624bc0,0x0000000100000000)
  to   space 24064K, 0% used [0x00000000fd000000,0x00000000fd000000,0x00000000fe780000)
 ParOldGen       total 316416K, used 157441K [0x0000000080000000, 0x0000000093500000, 0x00000000d5580000)
  object space 316416K, 49% used [0x0000000080000000,0x00000000899c0728,0x0000000093500000)
 Metaspace       used 94907K, capacity 97873K, committed 99456K, reserved 1136640K
  class space    used 11337K, capacity 11829K, committed 12160K, reserved 1048576K
2023-05-21T00:00:44.191+0600: 5006916.273: [GC (Allocation Failure) [PSYoungGen: 660610K->18748K(673792K)] 818051K->176230K(990208K), 0.0152226 secs] [Times: user=0.03 sys=0.00, real=0.01 secs] 
Heap after GC invocations=943 (full 4):
 PSYoungGen      total 673792K, used 18748K [0x00000000d5580000, 0x0000000100000000, 0x0000000100000000)
  eden space 649728K, 0% used [0x00000000d5580000,0x00000000d5580000,0x00000000fd000000)
  from space 24064K, 77% used [0x00000000fd000000,0x00000000fe24f218,0x00000000fe780000)
  to   space 25088K, 0% used [0x00000000fe780000,0x00000000fe780000,0x0000000100000000)
 ParOldGen       total 316416K, used 157481K [0x0000000080000000, 0x0000000093500000, 0x00000000d5580000)
  object space 316416K, 49% used [0x0000000080000000,0x00000000899ca728,0x0000000093500000)
 Metaspace       used 94907K, capacity 97873K, committed 99456K, reserved 1136640K
  class space    used 11337K, capacity 11829K, committed 12160K, reserved 1048576K
}
{Heap before GC invocations=944 (full 4):
 PSYoungGen      total 673792K, used 667017K [0x00000000d5580000, 0x0000000100000000, 0x0000000100000000)
  eden space 649728K, 99% used [0x00000000d5580000,0x00000000fce934d0,0x00000000fd000000)
  from space 24064K, 77% used [0x00000000fd000000,0x00000000fe24f218,0x00000000fe780000)
  to   space 25088K, 0% used [0x00000000fe780000,0x00000000fe780000,0x0000000100000000)
 ParOldGen       total 316416K, used 157481K [0x0000000080000000, 0x0000000093500000, 0x00000000d5580000)
  object space 316416K, 49% used [0x0000000080000000,0x00000000899ca728,0x0000000093500000)
 Metaspace       used 94907K, capacity 97873K, committed 99456K, reserved 1136640K
  class space    used 11337K, capacity 11829K, committed 12160K, reserved 1048576K
2023-05-21T00:00:47.401+0600: 5006919.484: [GC (Allocation Failure) [PSYoungGen: 667017K->18812K(672768K)] 824499K->176333K(989184K), 0.0129879 secs] [Times: user=0.02 sys=0.00, real=0.01 secs] 
Heap after GC invocations=944 (full 4):
 PSYoungGen      total 672768K, used 18812K [0x00000000d5580000, 0x0000000100000000, 0x0000000100000000)
  eden space 647680K, 0% used [0x00000000d5580000,0x00000000d5580000,0x00000000fce00000)
  from space 25088K, 74% used [0x00000000fe780000,0x00000000ff9df078,0x0000000100000000)
  to   space 25600K, 0% used [0x00000000fce00000,0x00000000fce00000,0x00000000fe700000)
 ParOldGen       total 316416K, used 157521K [0x0000000080000000, 0x0000000093500000, 0x00000000d5580000)
  object space 316416K, 49% used [0x0000000080000000,0x00000000899d4678,0x0000000093500000)
 Metaspace       used 94907K, capacity 97873K, committed 99456K, reserved 1136640K
  class space    used 11337K, capacity 11829K, committed 12160K, reserved 1048576K
}
{Heap before GC invocations=945 (full 4):
 PSYoungGen      total 672768K, used 665278K [0x00000000d5580000, 0x0000000100000000, 0x0000000100000000)
  eden space 647680K, 99% used [0x00000000d5580000,0x00000000fccd07d8,0x00000000fce00000)
  from space 25088K, 74% used [0x00000000fe780000,0x00000000ff9df078,0x0000000100000000)
  to   space 25600K, 0% used [0x00000000fce00000,0x00000000fce00000,0x00000000fe700000)
 ParOldGen       total 316416K, used 157521K [0x0000000080000000, 0x0000000093500000, 0x00000000d5580000)
  object space 316416K, 49% used [0x0000000080000000,0x00000000899d4678,0x0000000093500000)
 Metaspace       used 94907K, capacity 97873K, committed 99456K, reserved 1136640K
  class space    used 11337K, capacity 11829K, committed 12160K, reserved 1048576K
2023-05-21T00:00:50.893+0600: 5006922.976: [GC (Allocation Failure) [PSYoungGen: 665278K->14994K(663040K)] 822799K->172705K(979456K), 0.0121818 secs] [Times: user=0.02 sys=0.00, real=0.01 secs] 
Heap after GC invocations=945 (full 4):
 PSYoungGen      total 663040K, used 14994K [0x00000000d5580000, 0x00000000ffe80000, 0x0000000100000000)
  eden space 647680K, 0% used [0x00000000d5580000,0x00000000d5580000,0x00000000fce00000)
  from space 15360K, 97% used [0x00000000fce00000,0x00000000fdca4bd0,0x00000000fdd00000)
  to   space 24576K, 0% used [0x00000000fe680000,0x00000000fe680000,0x00000000ffe80000)
 ParOldGen       total 316416K, used 157710K [0x0000000080000000, 0x0000000093500000, 0x00000000d5580000)
  object space 316416K, 49% used [0x0000000080000000,0x0000000089a03990,0x0000000093500000)
 Metaspace       used 94907K, capacity 97873K, committed 99456K, reserved 1136640K
  class space    used 11337K, capacity 11829K, committed 12160K, reserved 1048576K
}
{Heap before GC invocations=946 (full 4):
 PSYoungGen      total 663040K, used 658931K [0x00000000d5580000, 0x00000000ffe80000, 0x0000000100000000)
  eden space 647680K, 99% used [0x00000000d5580000,0x00000000fca58138,0x00000000fce00000)
  from space 15360K, 97% used [0x00000000fce00000,0x00000000fdca4bd0,0x00000000fdd00000)
  to   space 24576K, 0% used [0x00000000fe680000,0x00000000fe680000,0x00000000ffe80000)
 ParOldGen       total 316416K, used 157710K [0x0000000080000000, 0x0000000093500000, 0x00000000d5580000)
  object space 316416K, 49% used [0x0000000080000000,0x0000000089a03990,0x0000000093500000)
 Metaspace       used 94907K, capacity 97873K, committed 99456K, reserved 1136640K
  class space    used 11337K, capacity 11829K, committed 12160K, reserved 1048576K
2023-05-21T00:00:54.072+0600: 5006926.155: [GC (Allocation Failure) [PSYoungGen: 658931K->14939K(673792K)] 816641K->176308K(990208K), 0.0182985 secs] [Times: user=0.04 sys=0.00, real=0.02 secs] 
Heap after GC invocations=946 (full 4):
 PSYoungGen      total 673792K, used 14939K [0x00000000d5580000, 0x0000000100000000, 0x0000000100000000)
  eden space 649216K, 0% used [0x00000000d5580000,0x00000000d5580000,0x00000000fcf80000)
  from space 24576K, 60% used [0x00000000fe680000,0x00000000ff516eb8,0x00000000ffe80000)
  to   space 23552K, 0% used [0x00000000fcf80000,0x00000000fcf80000,0x00000000fe680000)
 ParOldGen       total 316416K, used 161368K [0x0000000080000000, 0x0000000093500000, 0x00000000d5580000)
  object space 316416K, 50% used [0x0000000080000000,0x0000000089d96260,0x0000000093500000)
 Metaspace       used 94907K, capacity 97873K, committed 99456K, reserved 1136640K
  class space    used 11337K, capacity 11829K, committed 12160K, reserved 1048576K
}
{Heap before GC invocations=947 (full 4):
 PSYoungGen      total 673792K, used 660566K [0x00000000d5580000, 0x0000000100000000, 0x0000000100000000)
  eden space 649216K, 99% used [0x00000000d5580000,0x00000000fcbfebb8,0x00000000fcf80000)
  from space 24576K, 60% used [0x00000000fe680000,0x00000000ff516eb8,0x00000000ffe80000)
  to   space 23552K, 0% used [0x00000000fcf80000,0x00000000fcf80000,0x00000000fe680000)
 ParOldGen       total 316416K, used 161368K [0x0000000080000000, 0x0000000093500000, 0x00000000d5580000)
  object space 316416K, 50% used [0x0000000080000000,0x0000000089d96260,0x0000000093500000)
 Metaspace       used 94907K, capacity 97873K, committed 99456K, reserved 1136640K
  class space    used 11337K, capacity 11829K, committed 12160K, reserved 1048576K
2023-05-21T00:00:57.430+0600: 5006929.513: [GC (Allocation Failure) [PSYoungGen: 660566K->11090K(672768K)] 821935K->172483K(989184K), 0.0142487 secs] [Times: user=0.02 sys=0.00, real=0.01 secs] 
Heap after GC invocations=947 (full 4):
 PSYoungGen      total 672768K, used 11090K [0x00000000d5580000, 0x00000000fff00000, 0x0000000100000000)
  eden space 649216K, 0% used [0x00000000d5580000,0x00000000d5580000,0x00000000fcf80000)
  from space 23552K, 47% used [0x00000000fcf80000,0x00000000fda54a00,0x00000000fe680000)
  to   space 23552K, 0% used [0x00000000fe800000,0x00000000fe800000,0x00000000fff00000)
 ParOldGen       total 316416K, used 161392K [0x0000000080000000, 0x0000000093500000, 0x00000000d5580000)
  object space 316416K, 51% used [0x0000000080000000,0x0000000089d9c260,0x0000000093500000)
 Metaspace       used 94907K, capacity 97873K, committed 99456K, reserved 1136640K
  class space    used 11337K, capacity 11829K, committed 12160K, reserved 1048576K
}
{Heap before GC invocations=948 (full 4):
 PSYoungGen      total 672768K, used 659591K [0x00000000d5580000, 0x00000000fff00000, 0x0000000100000000)
  eden space 649216K, 99% used [0x00000000d5580000,0x00000000fcecd4d0,0x00000000fcf80000)
  from space 23552K, 47% used [0x00000000fcf80000,0x00000000fda54a00,0x00000000fe680000)
  to   space 23552K, 0% used [0x00000000fe800000,0x00000000fe800000,0x00000000fff00000)
 ParOldGen       total 316416K, used 161392K [0x0000000080000000, 0x0000000093500000, 0x00000000d5580000)
  object space 316416K, 51% used [0x0000000080000000,0x0000000089d9c260,0x0000000093500000)
 Metaspace       used 94907K, capacity 97873K, committed 99456K, reserved 1136640K
  class space    used 11337K, capacity 11829K, committed 12160K, reserved 1048576K
2023-05-21T00:01:00.456+0600: 5006932.538: [GC (Allocation Failure) [PSYoungGen: 659591K->7337K(673792K)] 820984K->168809K(990208K), 0.0154146 secs] [Times: user=0.03 sys=0.00, real=0.02 secs] 
Heap after GC invocations=948 (full 4):
 PSYoungGen      total 673792K, used 7337K [0x00000000d5580000, 0x0000000100000000, 0x0000000100000000)
  eden space 650240K, 0% used [0x00000000d5580000,0x00000000d5580000,0x00000000fd080000)
  from space 23552K, 31% used [0x00000000fe800000,0x00000000fef2a548,0x00000000fff00000)
  to   space 24064K, 0% used [0x00000000fd080000,0x00000000fd080000,0x00000000fe800000)
 ParOldGen       total 316416K, used 161472K [0x0000000080000000, 0x0000000093500000, 0x00000000d5580000)
  object space 316416K, 51% used [0x0000000080000000,0x0000000089db01b0,0x0000000093500000)
 Metaspace       used 94907K, capacity 97873K, committed 99456K, reserved 1136640K
  class space    used 11337K, capacity 11829K, committed 12160K, reserved 1048576K
}
{Heap before GC invocations=949 (full 4):
 PSYoungGen      total 673792K, used 656708K [0x00000000d5580000, 0x0000000100000000, 0x0000000100000000)
  eden space 650240K, 99% used [0x00000000d5580000,0x00000000fcfa6d90,0x00000000fd080000)
  from space 23552K, 31% used [0x00000000fe800000,0x00000000fef2a548,0x00000000fff00000)
  to   space 24064K, 0% used [0x00000000fd080000,0x00000000fd080000,0x00000000fe800000)
 ParOldGen       total 316416K, used 161472K [0x0000000080000000, 0x0000000093500000, 0x00000000d5580000)
  object space 316416K, 51% used [0x0000000080000000,0x0000000089db01b0,0x0000000093500000)
 Metaspace       used 94907K, capacity 97873K, committed 99456K, reserved 1136640K
  class space    used 11337K, capacity 11829K, committed 12160K, reserved 1048576K
2023-05-21T00:01:03.952+0600: 5006936.035: [GC (Allocation Failure) [PSYoungGen: 656708K->11058K(674304K)] 818181K->172610K(990720K), 0.0141558 secs] [Times: user=0.03 sys=0.00, real=0.01 secs] 
Heap after GC invocations=949 (full 4):
 PSYoungGen      total 674304K, used 11058K [0x00000000d5580000, 0x00000000fff80000, 0x0000000100000000)
  eden space 650240K, 0% used [0x00000000d5580000,0x00000000d5580000,0x00000000fd080000)
  from space 24064K, 45% used [0x00000000fd080000,0x00000000fdb4c9f0,0x00000000fe800000)
  to   space 23552K, 0% used [0x00000000fe880000,0x00000000fe880000,0x00000000fff80000)
 ParOldGen       total 316416K, used 161551K [0x0000000080000000, 0x0000000093500000, 0x00000000d5580000)
  object space 316416K, 51% used [0x0000000080000000,0x0000000089dc3fa0,0x0000000093500000)
 Metaspace       used 94907K, capacity 97873K, committed 99456K, reserved 1136640K
  class space    used 11337K, capacity 11829K, committed 12160K, reserved 1048576K
}
{Heap before GC invocations=950 (full 4):
 PSYoungGen      total 674304K, used 659896K [0x00000000d5580000, 0x00000000fff80000, 0x0000000100000000)
  eden space 650240K, 99% used [0x00000000d5580000,0x00000000fcf21628,0x00000000fd080000)
  from space 24064K, 45% used [0x00000000fd080000,0x00000000fdb4c9f0,0x00000000fe800000)
  to   space 23552K, 0% used [0x00000000fe880000,0x00000000fe880000,0x00000000fff80000)
 ParOldGen       total 316416K, used 161551K [0x0000000080000000, 0x0000000093500000, 0x00000000d5580000)
  object space 316416K, 51% used [0x0000000080000000,0x0000000089dc3fa0,0x0000000093500000)
 Metaspace       used 94907K, capacity 97873K, committed 99456K, reserved 1136640K
  class space    used 11337K, capacity 11829K, committed 12160K, reserved 1048576K
2023-05-21T00:01:07.161+0600: 5006939.244: [GC (Allocation Failure) [PSYoungGen: 659896K->3520K(674304K)] 821447K->165111K(990720K), 0.0117338 secs] [Times: user=0.02 sys=0.00, real=0.01 secs] 
Heap after GC invocations=950 (full 4):
 PSYoungGen      total 674304K, used 3520K [0x00000000d5580000, 0x0000000100000000, 0x0000000100000000)
  eden space 650752K, 0% used [0x00000000d5580000,0x00000000d5580000,0x00000000fd100000)
  from space 23552K, 14% used [0x00000000fe880000,0x00000000febf0080,0x00000000fff80000)
  to   space 24064K, 0% used [0x00000000fd100000,0x00000000fd100000,0x00000000fe880000)
 ParOldGen       total 316416K, used 161591K [0x0000000080000000, 0x0000000093500000, 0x00000000d5580000)
  object space 316416K, 51% used [0x0000000080000000,0x0000000089dcdef0,0x0000000093500000)
 Metaspace       used 94907K, capacity 97873K, committed 99456K, reserved 1136640K
  class space    used 11337K, capacity 11829K, committed 12160K, reserved 1048576K
}
{Heap before GC invocations=951 (full 4):
 PSYoungGen      total 674304K, used 651470K [0x00000000d5580000, 0x0000000100000000, 0x0000000100000000)
  eden space 650752K, 99% used [0x00000000d5580000,0x00000000fce43900,0x00000000fd100000)
  from space 23552K, 14% used [0x00000000fe880000,0x00000000febf0080,0x00000000fff80000)
  to   space 24064K, 0% used [0x00000000fd100000,0x00000000fd100000,0x00000000fe880000)
 ParOldGen       total 316416K, used 161591K [0x0000000080000000, 0x0000000093500000, 0x00000000d5580000)
  object space 316416K, 51% used [0x0000000080000000,0x0000000089dcdef0,0x0000000093500000)
 Metaspace       used 94907K, capacity 97873K, committed 99456K, reserved 1136640K
  class space    used 11337K, capacity 11829K, committed 12160K, reserved 1048576K
2023-05-21T00:01:10.549+0600: 5006942.632: [GC (Allocation Failure) [PSYoungGen: 651470K->10898K(662016K)] 813062K->172689K(978432K), 0.0169110 secs] [Times: user=0.02 sys=0.00, real=0.02 secs] 
Heap after GC invocations=951 (full 4):
 PSYoungGen      total 662016K, used 10898K [0x00000000d5580000, 0x00000000ffe80000, 0x0000000100000000)
  eden space 650752K, 0% used [0x00000000d5580000,0x00000000d5580000,0x00000000fd100000)
  from space 11264K, 96% used [0x00000000fd100000,0x00000000fdba49d0,0x00000000fdc00000)
  to   space 23040K, 0% used [0x00000000fe800000,0x00000000fe800000,0x00000000ffe80000)
 ParOldGen       total 316416K, used 161790K [0x0000000080000000, 0x0000000093500000, 0x00000000d5580000)
  object space 316416K, 51% used [0x0000000080000000,0x0000000089dffb00,0x0000000093500000)
 Metaspace       used 94907K, capacity 97873K, committed 99456K, reserved 1136640K
  class space    used 11337K, capacity 11829K, committed 12160K, reserved 1048576K
}
{Heap before GC invocations=952 (full 4):
 PSYoungGen      total 662016K, used 661650K [0x00000000d5580000, 0x00000000ffe80000, 0x0000000100000000)
  eden space 650752K, 100% used [0x00000000d5580000,0x00000000fd100000,0x00000000fd100000)
  from space 11264K, 96% used [0x00000000fd100000,0x00000000fdba49d0,0x00000000fdc00000)
  to   space 23040K, 0% used [0x00000000fe800000,0x00000000fe800000,0x00000000ffe80000)
 ParOldGen       total 316416K, used 161790K [0x0000000080000000, 0x0000000093500000, 0x00000000d5580000)
  object space 316416K, 51% used [0x0000000080000000,0x0000000089dffb00,0x0000000093500000)
 Metaspace       used 94908K, capacity 97873K, committed 99456K, reserved 1136640K
  class space    used 11337K, capacity 11829K, committed 12160K, reserved 1048576K
2023-05-21T00:01:13.482+0600: 5006945.565: [GC (Allocation Failure) [PSYoungGen: 661650K->1760K(673280K)] 823441K->163574K(989696K), 0.0083366 secs] [Times: user=0.01 sys=0.00, real=0.01 secs] 
Heap after GC invocations=952 (full 4):
 PSYoungGen      total 673280K, used 1760K [0x00000000d5580000, 0x0000000100000000, 0x0000000100000000)
  eden space 650240K, 0% used [0x00000000d5580000,0x00000000d5580000,0x00000000fd080000)
  from space 23040K, 7% used [0x00000000fe800000,0x00000000fe9b8070,0x00000000ffe80000)
  to   space 24064K, 0% used [0x00000000fd080000,0x00000000fd080000,0x00000000fe800000)
 ParOldGen       total 316416K, used 161814K [0x0000000080000000, 0x0000000093500000, 0x00000000d5580000)
  object space 316416K, 51% used [0x0000000080000000,0x0000000089e05b00,0x0000000093500000)
 Metaspace       used 94908K, capacity 97873K, committed 99456K, reserved 1136640K
  class space    used 11337K, capacity 11829K, committed 12160K, reserved 1048576K
}
{Heap before GC invocations=953 (full 4):
 PSYoungGen      total 673280K, used 649860K [0x00000000d5580000, 0x0000000100000000, 0x0000000100000000)
  eden space 650240K, 99% used [0x00000000d5580000,0x00000000fce690e8,0x00000000fd080000)
  from space 23040K, 7% used [0x00000000fe800000,0x00000000fe9b8070,0x00000000ffe80000)
  to   space 24064K, 0% used [0x00000000fd080000,0x00000000fd080000,0x00000000fe800000)
 ParOldGen       total 316416K, used 161814K [0x0000000080000000, 0x0000000093500000, 0x00000000d5580000)
  object space 316416K, 51% used [0x0000000080000000,0x0000000089e05b00,0x0000000093500000)
 Metaspace       used 94908K, capacity 97873K, committed 99456K, reserved 1136640K
  class space    used 11337K, capacity 11829K, committed 12160K, reserved 1048576K
2023-05-21T00:01:16.952+0600: 5006949.035: [GC (Allocation Failure) [PSYoungGen: 649860K->11122K(674304K)] 811675K->172985K(990720K), 0.0141464 secs] [Times: user=0.02 sys=0.00, real=0.01 secs] 
Heap after GC invocations=953 (full 4):
 PSYoungGen      total 674304K, used 11122K [0x00000000d5580000, 0x00000000fff00000, 0x0000000100000000)
  eden space 650240K, 0% used [0x00000000d5580000,0x00000000d5580000,0x00000000fd080000)
  from space 24064K, 46% used [0x00000000fd080000,0x00000000fdb5c9f0,0x00000000fe800000)
  to   space 23040K, 0% used [0x00000000fe880000,0x00000000fe880000,0x00000000fff00000)
 ParOldGen       total 316416K, used 161862K [0x0000000080000000, 0x0000000093500000, 0x00000000d5580000)
  object space 316416K, 51% used [0x0000000080000000,0x0000000089e11a50,0x0000000093500000)
 Metaspace       used 94908K, capacity 97873K, committed 99456K, reserved 1136640K
  class space    used 11337K, capacity 11829K, committed 12160K, reserved 1048576K
}
{Heap before GC invocations=954 (full 4):
 PSYoungGen      total 674304K, used 661362K [0x00000000d5580000, 0x00000000fff00000, 0x0000000100000000)
  eden space 650240K, 100% used [0x00000000d5580000,0x00000000fd080000,0x00000000fd080000)
  from space 24064K, 46% used [0x00000000fd080000,0x00000000fdb5c9f0,0x00000000fe800000)
  to   space 23040K, 0% used [0x00000000fe880000,0x00000000fe880000,0x00000000fff00000)
 ParOldGen       total 316416K, used 161862K [0x0000000080000000, 0x0000000093500000, 0x00000000d5580000)
  object space 316416K, 51% used [0x0000000080000000,0x0000000089e11a50,0x0000000093500000)
 Metaspace       used 94908K, capacity 97873K, committed 99456K, reserved 1136640K
  class space    used 11337K, capacity 11829K, committed 12160K, reserved 1048576K
2023-05-21T00:01:19.807+0600: 5006951.890: [GC (Allocation Failure) [PSYoungGen: 661362K->9129K(672768K)] 823225K->171143K(989184K), 0.0085344 secs] [Times: user=0.01 sys=0.00, real=0.01 secs] 
Heap after GC invocations=954 (full 4):
 PSYoungGen      total 672768K, used 9129K [0x00000000d5580000, 0x00000000ffd00000, 0x0000000100000000)
  eden space 651776K, 0% used [0x00000000d5580000,0x00000000d5580000,0x00000000fd200000)
  from space 20992K, 43% used [0x00000000fe880000,0x00000000ff16a548,0x00000000ffd00000)
  to   space 22016K, 0% used [0x00000000fd200000,0x00000000fd200000,0x00000000fe780000)
 ParOldGen       total 316416K, used 162013K [0x0000000080000000, 0x0000000093500000, 0x00000000d5580000)
  object space 316416K, 51% used [0x0000000080000000,0x0000000089e377c0,0x0000000093500000)
 Metaspace       used 94908K, capacity 97873K, committed 99456K, reserved 1136640K
  class space    used 11337K, capacity 11829K, committed 12160K, reserved 1048576K
}
{Heap before GC invocations=955 (full 4):
 PSYoungGen      total 672768K, used 660905K [0x00000000d5580000, 0x00000000ffd00000, 0x0000000100000000)
  eden space 651776K, 100% used [0x00000000d5580000,0x00000000fd200000,0x00000000fd200000)
  from space 20992K, 43% used [0x00000000fe880000,0x00000000ff16a548,0x00000000ffd00000)
  to   space 22016K, 0% used [0x00000000fd200000,0x00000000fd200000,0x00000000fe780000)
 ParOldGen       total 316416K, used 162013K [0x0000000080000000, 0x0000000093500000, 0x00000000d5580000)
  object space 316416K, 51% used [0x0000000080000000,0x0000000089e377c0,0x0000000093500000)
 Metaspace       used 94908K, capacity 97873K, committed 99456K, reserved 1136640K
  class space    used 11337K, capacity 11829K, committed 12160K, reserved 1048576K
2023-05-21T00:01:23.630+0600: 5006955.712: [GC (Allocation Failure) [PSYoungGen: 660905K->11773K(673792K)] 822919K->174177K(990208K), 0.0159289 secs] [Times: user=0.03 sys=0.00, real=0.01 secs] 
Heap after GC invocations=955 (full 4):
 PSYoungGen      total 673792K, used 11773K [0x00000000d5580000, 0x00000000fff00000, 0x0000000100000000)
  eden space 651776K, 0% used [0x00000000d5580000,0x00000000d5580000,0x00000000fd200000)
  from space 22016K, 53% used [0x00000000fd200000,0x00000000fdd7f5e0,0x00000000fe780000)
  to   space 20992K, 0% used [0x00000000fea80000,0x00000000fea80000,0x00000000fff00000)
 ParOldGen       total 316416K, used 162404K [0x0000000080000000, 0x0000000093500000, 0x00000000d5580000)
  object space 316416K, 51% used [0x0000000080000000,0x0000000089e99170,0x0000000093500000)
 Metaspace       used 94908K, capacity 97873K, committed 99456K, reserved 1136640K
  class space    used 11337K, capacity 11829K, committed 12160K, reserved 1048576K
}
{Heap before GC invocations=956 (full 4):
 PSYoungGen      total 673792K, used 663549K [0x00000000d5580000, 0x00000000fff00000, 0x0000000100000000)
  eden space 651776K, 100% used [0x00000000d5580000,0x00000000fd200000,0x00000000fd200000)
  from space 22016K, 53% used [0x00000000fd200000,0x00000000fdd7f5e0,0x00000000fe780000)
  to   space 20992K, 0% used [0x00000000fea80000,0x00000000fea80000,0x00000000fff00000)
 ParOldGen       total 316416K, used 162404K [0x0000000080000000, 0x0000000093500000, 0x00000000d5580000)
  object space 316416K, 51% used [0x0000000080000000,0x0000000089e99170,0x0000000093500000)
 Metaspace       used 94908K, capacity 97873K, committed 99456K, reserved 1136640K
  class space    used 11337K, capacity 11829K, committed 12160K, reserved 1048576K
2023-05-21T00:01:26.537+0600: 5006958.620: [GC (Allocation Failure) [PSYoungGen: 663549K->8905K(675840K)] 825953K->171325K(992256K), 0.0085925 secs] [Times: user=0.01 sys=0.00, real=0.01 secs] 
Heap after GC invocations=956 (full 4):
 PSYoungGen      total 675840K, used 8905K [0x00000000d5580000, 0x00000000ffe00000, 0x0000000100000000)
  eden space 655872K, 0% used [0x00000000d5580000,0x00000000d5580000,0x00000000fd600000)
  from space 19968K, 44% used [0x00000000fea80000,0x00000000ff332518,0x00000000ffe00000)
  to   space 20480K, 0% used [0x00000000fd600000,0x00000000fd600000,0x00000000fea00000)
 ParOldGen       total 316416K, used 162420K [0x0000000080000000, 0x0000000093500000, 0x00000000d5580000)
  object space 316416K, 51% used [0x0000000080000000,0x0000000089e9d170,0x0000000093500000)
 Metaspace       used 94908K, capacity 97873K, committed 99456K, reserved 1136640K
  class space    used 11337K, capacity 11829K, committed 12160K, reserved 1048576K
}
{Heap before GC invocations=957 (full 4):
 PSYoungGen      total 675840K, used 664061K [0x00000000d5580000, 0x00000000ffe00000, 0x0000000100000000)
  eden space 655872K, 99% used [0x00000000d5580000,0x00000000fd54d118,0x00000000fd600000)
  from space 19968K, 44% used [0x00000000fea80000,0x00000000ff332518,0x00000000ffe00000)
  to   space 20480K, 0% used [0x00000000fd600000,0x00000000fd600000,0x00000000fea00000)
 ParOldGen       total 316416K, used 162420K [0x0000000080000000, 0x0000000093500000, 0x00000000d5580000)
  object space 316416K, 51% used [0x0000000080000000,0x0000000089e9d170,0x0000000093500000)
 Metaspace       used 94908K, capacity 97873K, committed 99456K, reserved 1136640K
  class space    used 11337K, capacity 11829K, committed 12160K, reserved 1048576K
2023-05-21T00:01:30.277+0600: 5006962.359: [GC (Allocation Failure) [PSYoungGen: 664061K->14555K(676352K)] 826481K->177015K(992768K), 0.0144193 secs] [Times: user=0.03 sys=0.00, real=0.02 secs] 
Heap after GC invocations=957 (full 4):
 PSYoungGen      total 676352K, used 14555K [0x00000000d5580000, 0x0000000100000000, 0x0000000100000000)
  eden space 655872K, 0% used [0x00000000d5580000,0x00000000d5580000,0x00000000fd600000)
  from space 20480K, 71% used [0x00000000fd600000,0x00000000fe436e88,0x00000000fea00000)
  to   space 20992K, 0% used [0x00000000feb80000,0x00000000feb80000,0x0000000100000000)
 ParOldGen       total 316416K, used 162460K [0x0000000080000000, 0x0000000093500000, 0x00000000d5580000)
  object space 316416K, 51% used [0x0000000080000000,0x0000000089ea70c0,0x0000000093500000)
 Metaspace       used 94908K, capacity 97873K, committed 99456K, reserved 1136640K
  class space    used 11337K, capacity 11829K, committed 12160K, reserved 1048576K
}
{Heap before GC invocations=958 (full 4):
 PSYoungGen      total 676352K, used 670427K [0x00000000d5580000, 0x0000000100000000, 0x0000000100000000)
  eden space 655872K, 100% used [0x00000000d5580000,0x00000000fd600000,0x00000000fd600000)
  from space 20480K, 71% used [0x00000000fd600000,0x00000000fe436e88,0x00000000fea00000)
  to   space 20992K, 0% used [0x00000000feb80000,0x00000000feb80000,0x0000000100000000)
 ParOldGen       total 316416K, used 162460K [0x0000000080000000, 0x0000000093500000, 0x00000000d5580000)
  object space 316416K, 51% used [0x0000000080000000,0x0000000089ea70c0,0x0000000093500000)
 Metaspace       used 94908K, capacity 97873K, committed 99456K, reserved 1136640K
  class space    used 11337K, capacity 11829K, committed 12160K, reserved 1048576K
2023-05-21T00:01:33.206+0600: 5006965.289: [GC (Allocation Failure) [PSYoungGen: 670427K->8681K(677888K)] 832887K->171157K(994304K), 0.0096745 secs] [Times: user=0.02 sys=0.00, real=0.01 secs] 
Heap after GC invocations=958 (full 4):
 PSYoungGen      total 677888K, used 8681K [0x00000000d5580000, 0x00000000fff80000, 0x0000000100000000)
  eden space 657408K, 0% used [0x00000000d5580000,0x00000000d5580000,0x00000000fd780000)
  from space 20480K, 42% used [0x00000000feb80000,0x00000000ff3fa518,0x00000000fff80000)
  to   space 20480K, 0% used [0x00000000fd780000,0x00000000fd780000,0x00000000feb80000)
 ParOldGen       total 316416K, used 162476K [0x0000000080000000, 0x0000000093500000, 0x00000000d5580000)
  object space 316416K, 51% used [0x0000000080000000,0x0000000089eab0c0,0x0000000093500000)
 Metaspace       used 94908K, capacity 97873K, committed 99456K, reserved 1136640K
  class space    used 11337K, capacity 11829K, committed 12160K, reserved 1048576K
}
{Heap before GC invocations=959 (full 4):
 PSYoungGen      total 677888K, used 665375K [0x00000000d5580000, 0x00000000fff80000, 0x0000000100000000)
  eden space 657408K, 99% used [0x00000000d5580000,0x00000000fd6cdaa8,0x00000000fd780000)
  from space 20480K, 42% used [0x00000000feb80000,0x00000000ff3fa518,0x00000000fff80000)
  to   space 20480K, 0% used [0x00000000fd780000,0x00000000fd780000,0x00000000feb80000)
 ParOldGen       total 316416K, used 162476K [0x0000000080000000, 0x0000000093500000, 0x00000000d5580000)
  object space 316416K, 51% used [0x0000000080000000,0x0000000089eab0c0,0x0000000093500000)
 Metaspace       used 94908K, capacity 97873K, committed 99456K, reserved 1136640K
  class space    used 11337K, capacity 11829K, committed 12160K, reserved 1048576K
2023-05-21T00:01:37.077+0600: 5006969.159: [GC (Allocation Failure) [PSYoungGen: 665375K->14587K(677888K)] 827852K->177103K(994304K), 0.0162209 secs] [Times: user=0.03 sys=0.00, real=0.02 secs] 
Heap after GC invocations=959 (full 4):
 PSYoungGen      total 677888K, used 14587K [0x00000000d5580000, 0x0000000100000000, 0x0000000100000000)
  eden space 657408K, 0% used [0x00000000d5580000,0x00000000d5580000,0x00000000fd780000)
  from space 20480K, 71% used [0x00000000fd780000,0x00000000fe5bee88,0x00000000feb80000)
  to   space 20992K, 0% used [0x00000000feb80000,0x00000000feb80000,0x0000000100000000)
 ParOldGen       total 316416K, used 162516K [0x0000000080000000, 0x0000000093500000, 0x00000000d5580000)
  object space 316416K, 51% used [0x0000000080000000,0x0000000089eb5010,0x0000000093500000)
 Metaspace       used 94908K, capacity 97873K, committed 99456K, reserved 1136640K
  class space    used 11337K, capacity 11829K, committed 12160K, reserved 1048576K
}
{Heap before GC invocations=960 (full 4):
 PSYoungGen      total 677888K, used 671995K [0x00000000d5580000, 0x0000000100000000, 0x0000000100000000)
  eden space 657408K, 100% used [0x00000000d5580000,0x00000000fd780000,0x00000000fd780000)
  from space 20480K, 71% used [0x00000000fd780000,0x00000000fe5bee88,0x00000000feb80000)
  to   space 20992K, 0% used [0x00000000feb80000,0x00000000feb80000,0x0000000100000000)
 ParOldGen       total 316416K, used 162516K [0x0000000080000000, 0x0000000093500000, 0x00000000d5580000)
  object space 316416K, 51% used [0x0000000080000000,0x0000000089eb5010,0x0000000093500000)
 Metaspace       used 94908K, capacity 97873K, committed 99456K, reserved 1136640K
  class space    used 11337K, capacity 11829K, committed 12160K, reserved 1048576K
2023-05-21T00:01:39.984+0600: 5006972.066: [GC (Allocation Failure) [PSYoungGen: 671995K->8681K(677888K)] 834511K->171348K(994304K), 0.0089247 secs] [Times: user=0.02 sys=0.00, real=0.01 secs] 
Heap after GC invocations=960 (full 4):
 PSYoungGen      total 677888K, used 8681K [0x00000000d5580000, 0x00000000fff80000, 0x0000000100000000)
  eden space 657408K, 0% used [0x00000000d5580000,0x00000000d5580000,0x00000000fd780000)
  from space 20480K, 42% used [0x00000000feb80000,0x00000000ff3fa508,0x00000000fff80000)
  to   space 20480K, 0% used [0x00000000fd780000,0x00000000fd780000,0x00000000feb80000)
 ParOldGen       total 316416K, used 162667K [0x0000000080000000, 0x0000000093500000, 0x00000000d5580000)
  object space 316416K, 51% used [0x0000000080000000,0x0000000089edad80,0x0000000093500000)
 Metaspace       used 94908K, capacity 97873K, committed 99456K, reserved 1136640K
  class space    used 11337K, capacity 11829K, committed 12160K, reserved 1048576K
}
{Heap before GC invocations=961 (full 4):
 PSYoungGen      total 677888K, used 664769K [0x00000000d5580000, 0x00000000fff80000, 0x0000000100000000)
  eden space 657408K, 99% used [0x00000000d5580000,0x00000000fd6361a8,0x00000000fd780000)
  from space 20480K, 42% used [0x00000000feb80000,0x00000000ff3fa508,0x00000000fff80000)
  to   space 20480K, 0% used [0x00000000fd780000,0x00000000fd780000,0x00000000feb80000)
 ParOldGen       total 316416K, used 162667K [0x0000000080000000, 0x0000000093500000, 0x00000000d5580000)
  object space 316416K, 51% used [0x0000000080000000,0x0000000089edad80,0x0000000093500000)
 Metaspace       used 94908K, capacity 97873K, committed 99456K, reserved 1136640K
  class space    used 11337K, capacity 11829K, committed 12160K, reserved 1048576K
2023-05-21T00:01:43.711+0600: 5006975.794: [GC (Allocation Failure) [PSYoungGen: 664769K->14619K(677888K)] 827437K->177319K(994304K), 0.0136067 secs] [Times: user=0.02 sys=0.00, real=0.01 secs] 
Heap after GC invocations=961 (full 4):
 PSYoungGen      total 677888K, used 14619K [0x00000000d5580000, 0x0000000100000000, 0x0000000100000000)
  eden space 657408K, 0% used [0x00000000d5580000,0x00000000d5580000,0x00000000fd780000)
  from space 20480K, 71% used [0x00000000fd780000,0x00000000fe5c6e88,0x00000000feb80000)
  to   space 20992K, 0% used [0x00000000feb80000,0x00000000feb80000,0x0000000100000000)
 ParOldGen       total 316416K, used 162699K [0x0000000080000000, 0x0000000093500000, 0x00000000d5580000)
  object space 316416K, 51% used [0x0000000080000000,0x0000000089ee2d80,0x0000000093500000)
 Metaspace       used 94908K, capacity 97873K, committed 99456K, reserved 1136640K
  class space    used 11337K, capacity 11829K, committed 12160K, reserved 1048576K
}
{Heap before GC invocations=962 (full 4):
 PSYoungGen      total 677888K, used 672027K [0x00000000d5580000, 0x0000000100000000, 0x0000000100000000)
  eden space 657408K, 100% used [0x00000000d5580000,0x00000000fd780000,0x00000000fd780000)
  from space 20480K, 71% used [0x00000000fd780000,0x00000000fe5c6e88,0x00000000feb80000)
  to   space 20992K, 0% used [0x00000000feb80000,0x00000000feb80000,0x0000000100000000)
 ParOldGen       total 316416K, used 162699K [0x0000000080000000, 0x0000000093500000, 0x00000000d5580000)
  object space 316416K, 51% used [0x0000000080000000,0x0000000089ee2d80,0x0000000093500000)
 Metaspace       used 94908K, capacity 97873K, committed 99456K, reserved 1136640K
  class space    used 11337K, capacity 11829K, committed 12160K, reserved 1048576K
2023-05-21T00:01:46.652+0600: 5006978.734: [GC (Allocation Failure) [PSYoungGen: 672027K->8745K(677888K)] 834727K->171476K(994304K), 0.0080450 secs] [Times: user=0.02 sys=0.00, real=0.01 secs] 
Heap after GC invocations=962 (full 4):
 PSYoungGen      total 677888K, used 8745K [0x00000000d5580000, 0x00000000fff80000, 0x0000000100000000)
  eden space 657408K, 0% used [0x00000000d5580000,0x00000000d5580000,0x00000000fd780000)
  from space 20480K, 42% used [0x00000000feb80000,0x00000000ff40a528,0x00000000fff80000)
  to   space 20480K, 0% used [0x00000000fd780000,0x00000000fd780000,0x00000000feb80000)
 ParOldGen       total 316416K, used 162731K [0x0000000080000000, 0x0000000093500000, 0x00000000d5580000)
  object space 316416K, 51% used [0x0000000080000000,0x0000000089eeacd0,0x0000000093500000)
 Metaspace       used 94908K, capacity 97873K, committed 99456K, reserved 1136640K
  class space    used 11337K, capacity 11829K, committed 12160K, reserved 1048576K
}
{Heap before GC invocations=963 (full 4):
 PSYoungGen      total 677888K, used 664135K [0x00000000d5580000, 0x00000000fff80000, 0x0000000100000000)
  eden space 657408K, 99% used [0x00000000d5580000,0x00000000fd5878f0,0x00000000fd780000)
  from space 20480K, 42% used [0x00000000feb80000,0x00000000ff40a528,0x00000000fff80000)
  to   space 20480K, 0% used [0x00000000fd780000,0x00000000fd780000,0x00000000feb80000)
 ParOldGen       total 316416K, used 162731K [0x0000000080000000, 0x0000000093500000, 0x00000000d5580000)
  object space 316416K, 51% used [0x0000000080000000,0x0000000089eeacd0,0x0000000093500000)
 Metaspace       used 94908K, capacity 97873K, committed 99456K, reserved 1136640K
  class space    used 11337K, capacity 11829K, committed 12160K, reserved 1048576K
2023-05-21T00:01:50.460+0600: 5006982.543: [GC (Allocation Failure) [PSYoungGen: 664135K->11090K(668672K)] 826866K->173869K(985088K), 0.0145169 secs] [Times: user=0.03 sys=0.00, real=0.01 secs] 
Heap after GC invocations=963 (full 4):
 PSYoungGen      total 668672K, used 11090K [0x00000000d5580000, 0x00000000ffe00000, 0x0000000100000000)
  eden space 657408K, 0% used [0x00000000d5580000,0x00000000d5580000,0x00000000fd780000)
  from space 11264K, 98% used [0x00000000fd780000,0x00000000fe2549f0,0x00000000fe280000)
  to   space 19456K, 0% used [0x00000000feb00000,0x00000000feb00000,0x00000000ffe00000)
 ParOldGen       total 316416K, used 162779K [0x0000000080000000, 0x0000000093500000, 0x00000000d5580000)
  object space 316416K, 51% used [0x0000000080000000,0x0000000089ef6c20,0x0000000093500000)
 Metaspace       used 94908K, capacity 97873K, committed 99456K, reserved 1136640K
  class space    used 11337K, capacity 11829K, committed 12160K, reserved 1048576K
}
{Heap before GC invocations=964 (full 4):
 PSYoungGen      total 668672K, used 668498K [0x00000000d5580000, 0x00000000ffe00000, 0x0000000100000000)
  eden space 657408K, 100% used [0x00000000d5580000,0x00000000fd780000,0x00000000fd780000)
  from space 11264K, 98% used [0x00000000fd780000,0x00000000fe2549f0,0x00000000fe280000)
  to   space 19456K, 0% used [0x00000000feb00000,0x00000000feb00000,0x00000000ffe00000)
 ParOldGen       total 316416K, used 162779K [0x0000000080000000, 0x0000000093500000, 0x00000000d5580000)
  object space 316416K, 51% used [0x0000000080000000,0x0000000089ef6c20,0x0000000093500000)
 Metaspace       used 94908K, capacity 97873K, committed 99456K, reserved 1136640K
  class space    used 11337K, capacity 11829K, committed 12160K, reserved 1048576K
2023-05-21T00:01:53.411+0600: 5006985.493: [GC (Allocation Failure) [PSYoungGen: 668498K->9289K(677888K)] 831277K->172092K(994304K), 0.0090473 secs] [Times: user=0.01 sys=0.00, real=0.01 secs] 
Heap after GC invocations=964 (full 4):
 PSYoungGen      total 677888K, used 9289K [0x00000000d5580000, 0x0000000100000000, 0x0000000100000000)
  eden space 658432K, 0% used [0x00000000d5580000,0x00000000d5580000,0x00000000fd880000)
  from space 19456K, 47% used [0x00000000feb00000,0x00000000ff412548,0x00000000ffe00000)
  to   space 18944K, 0% used [0x00000000fd880000,0x00000000fd880000,0x00000000feb00000)
 ParOldGen       total 316416K, used 162803K [0x0000000080000000, 0x0000000093500000, 0x00000000d5580000)
  object space 316416K, 51% used [0x0000000080000000,0x0000000089efcc20,0x0000000093500000)
 Metaspace       used 94908K, capacity 97873K, committed 99456K, reserved 1136640K
  class space    used 11337K, capacity 11829K, committed 12160K, reserved 1048576K
}
{Heap before GC invocations=965 (full 4):
 PSYoungGen      total 677888K, used 664744K [0x00000000d5580000, 0x0000000100000000, 0x0000000100000000)
  eden space 658432K, 99% used [0x00000000d5580000,0x00000000fd597cb8,0x00000000fd880000)
  from space 19456K, 47% used [0x00000000feb00000,0x00000000ff412548,0x00000000ffe00000)
  to   space 18944K, 0% used [0x00000000fd880000,0x00000000fd880000,0x00000000feb00000)
 ParOldGen       total 316416K, used 162803K [0x0000000080000000, 0x0000000093500000, 0x00000000d5580000)
  object space 316416K, 51% used [0x0000000080000000,0x0000000089efcc20,0x0000000093500000)
 Metaspace       used 94908K, capacity 97873K, committed 99456K, reserved 1136640K
  class space    used 11337K, capacity 11829K, committed 12160K, reserved 1048576K
2023-05-21T00:01:57.180+0600: 5006989.263: [GC (Allocation Failure) [PSYoungGen: 664744K->14907K(677376K)] 827547K->177806K(993792K), 0.0161290 secs] [Times: user=0.03 sys=0.00, real=0.01 secs] 
Heap after GC invocations=965 (full 4):
 PSYoungGen      total 677376K, used 14907K [0x00000000d5580000, 0x0000000100000000, 0x0000000100000000)
  eden space 658432K, 0% used [0x00000000d5580000,0x00000000d5580000,0x00000000fd880000)
  from space 18944K, 78% used [0x00000000fd880000,0x00000000fe70eeb8,0x00000000feb00000)
  to   space 19456K, 0% used [0x00000000fed00000,0x00000000fed00000,0x0000000100000000)
 ParOldGen       total 316416K, used 162899K [0x0000000080000000, 0x0000000093500000, 0x00000000d5580000)
  object space 316416K, 51% used [0x0000000080000000,0x0000000089f14c50,0x0000000093500000)
 Metaspace       used 94908K, capacity 97873K, committed 99456K, reserved 1136640K
  class space    used 11337K, capacity 11829K, committed 12160K, reserved 1048576K
}
{Heap before GC invocations=966 (full 4):
 PSYoungGen      total 677376K, used 673339K [0x00000000d5580000, 0x0000000100000000, 0x0000000100000000)
  eden space 658432K, 100% used [0x00000000d5580000,0x00000000fd880000,0x00000000fd880000)
  from space 18944K, 78% used [0x00000000fd880000,0x00000000fe70eeb8,0x00000000feb00000)
  to   space 19456K, 0% used [0x00000000fed00000,0x00000000fed00000,0x0000000100000000)
 ParOldGen       total 316416K, used 162899K [0x0000000080000000, 0x0000000093500000, 0x00000000d5580000)
  object space 316416K, 51% used [0x0000000080000000,0x0000000089f14c50,0x0000000093500000)
 Metaspace       used 94908K, capacity 97873K, committed 99456K, reserved 1136640K
  class space    used 11337K, capacity 11829K, committed 12160K, reserved 1048576K
2023-05-21T00:02:00.209+0600: 5006992.291: [GC (Allocation Failure) [PSYoungGen: 673339K->9321K(679424K)] 836238K->172236K(995840K), 0.0084643 secs] [Times: user=0.01 sys=0.00, real=0.01 secs] 
Heap after GC invocations=966 (full 4):
 PSYoungGen      total 679424K, used 9321K [0x00000000d5580000, 0x0000000100000000, 0x0000000100000000)
  eden space 659968K, 0% used [0x00000000d5580000,0x00000000d5580000,0x00000000fda00000)
  from space 19456K, 47% used [0x00000000fed00000,0x00000000ff61a558,0x0000000100000000)
  to   space 19456K, 0% used [0x00000000fda00000,0x00000000fda00000,0x00000000fed00000)
 ParOldGen       total 316416K, used 162915K [0x0000000080000000, 0x0000000093500000, 0x00000000d5580000)
  object space 316416K, 51% used [0x0000000080000000,0x0000000089f18c50,0x0000000093500000)
 Metaspace       used 94908K, capacity 97873K, committed 99456K, reserved 1136640K
  class space    used 11337K, capacity 11829K, committed 12160K, reserved 1048576K
}
{Heap before GC invocations=967 (full 4):
 PSYoungGen      total 679424K, used 668566K [0x00000000d5580000, 0x0000000100000000, 0x0000000100000000)
  eden space 659968K, 99% used [0x00000000d5580000,0x00000000fd94b660,0x00000000fda00000)
  from space 19456K, 47% used [0x00000000fed00000,0x00000000ff61a558,0x0000000100000000)
  to   space 19456K, 0% used [0x00000000fda00000,0x00000000fda00000,0x00000000fed00000)
 ParOldGen       total 316416K, used 162915K [0x0000000080000000, 0x0000000093500000, 0x00000000d5580000)
  object space 316416K, 51% used [0x0000000080000000,0x0000000089f18c50,0x0000000093500000)
 Metaspace       used 94908K, capacity 97873K, committed 99456K, reserved 1136640K
  class space    used 11337K, capacity 11829K, committed 12160K, reserved 1048576K
2023-05-21T00:02:04.052+0600: 5006996.135: [GC (Allocation Failure) [PSYoungGen: 668566K->10994K(671232K)] 831482K->174124K(987648K), 0.0123238 secs] [Times: user=0.02 sys=0.00, real=0.01 secs] 
Heap after GC invocations=967 (full 4):
 PSYoungGen      total 671232K, used 10994K [0x00000000d5580000, 0x00000000ffe00000, 0x0000000100000000)
  eden space 659968K, 0% used [0x00000000d5580000,0x00000000d5580000,0x00000000fda00000)
  from space 11264K, 97% used [0x00000000fda00000,0x00000000fe4bc9f0,0x00000000fe500000)
  to   space 18432K, 0% used [0x00000000fec00000,0x00000000fec00000,0x00000000ffe00000)
 ParOldGen       total 316416K, used 163129K [0x0000000080000000, 0x0000000093500000, 0x00000000d5580000)
  object space 316416K, 51% used [0x0000000080000000,0x0000000089f4e7b0,0x0000000093500000)
 Metaspace       used 94908K, capacity 97873K, committed 99456K, reserved 1136640K
  class space    used 11337K, capacity 11829K, committed 12160K, reserved 1048576K
}
{Heap before GC invocations=968 (full 4):
 PSYoungGen      total 671232K, used 670962K [0x00000000d5580000, 0x00000000ffe00000, 0x0000000100000000)
  eden space 659968K, 100% used [0x00000000d5580000,0x00000000fda00000,0x00000000fda00000)
  from space 11264K, 97% used [0x00000000fda00000,0x00000000fe4bc9f0,0x00000000fe500000)
  to   space 18432K, 0% used [0x00000000fec00000,0x00000000fec00000,0x00000000ffe00000)
 ParOldGen       total 316416K, used 163129K [0x0000000080000000, 0x0000000093500000, 0x00000000d5580000)
  object space 316416K, 51% used [0x0000000080000000,0x0000000089f4e7b0,0x0000000093500000)
 Metaspace       used 94909K, capacity 97873K, committed 99456K, reserved 1136640K
  class space    used 11337K, capacity 11829K, committed 12160K, reserved 1048576K
2023-05-21T00:02:06.952+0600: 5006999.035: [GC (Allocation Failure) [PSYoungGen: 670962K->8777K(678400K)] 834092K->171931K(994816K), 0.0088935 secs] [Times: user=0.02 sys=0.00, real=0.01 secs] 
Heap after GC invocations=968 (full 4):
 PSYoungGen      total 678400K, used 8777K [0x00000000d5580000, 0x0000000100000000, 0x0000000100000000)
  eden space 659968K, 0% used [0x00000000d5580000,0x00000000d5580000,0x00000000fda00000)
  from space 18432K, 47% used [0x00000000fec00000,0x00000000ff492538,0x00000000ffe00000)
  to   space 18432K, 0% used [0x00000000fda00000,0x00000000fda00000,0x00000000fec00000)
 ParOldGen       total 316416K, used 163153K [0x0000000080000000, 0x0000000093500000, 0x00000000d5580000)
  object space 316416K, 51% used [0x0000000080000000,0x0000000089f547b0,0x0000000093500000)
 Metaspace       used 94909K, capacity 97873K, committed 99456K, reserved 1136640K
  class space    used 11337K, capacity 11829K, committed 12160K, reserved 1048576K
}
{Heap before GC invocations=969 (full 4):
 PSYoungGen      total 678400K, used 668216K [0x00000000d5580000, 0x0000000100000000, 0x0000000100000000)
  eden space 659968K, 99% used [0x00000000d5580000,0x00000000fd97bdc8,0x00000000fda00000)
  from space 18432K, 47% used [0x00000000fec00000,0x00000000ff492538,0x00000000ffe00000)
  to   space 18432K, 0% used [0x00000000fda00000,0x00000000fda00000,0x00000000fec00000)
 ParOldGen       total 316416K, used 163153K [0x0000000080000000, 0x0000000093500000, 0x00000000d5580000)
  object space 316416K, 51% used [0x0000000080000000,0x0000000089f547b0,0x0000000093500000)
 Metaspace       used 94909K, capacity 97873K, committed 99456K, reserved 1136640K
  class space    used 11337K, capacity 11829K, committed 12160K, reserved 1048576K
2023-05-21T00:02:10.777+0600: 5007002.860: [GC (Allocation Failure) [PSYoungGen: 668216K->10866K(678400K)] 831370K->174283K(994816K), 0.0177581 secs] [Times: user=0.03 sys=0.00, real=0.02 secs] 
Heap after GC invocations=969 (full 4):
 PSYoungGen      total 678400K, used 10866K [0x00000000d5580000, 0x00000000ffe00000, 0x0000000100000000)
  eden space 659968K, 0% used [0x00000000d5580000,0x00000000d5580000,0x00000000fda00000)
  from space 18432K, 58% used [0x00000000fda00000,0x00000000fe49c9d0,0x00000000fec00000)
  to   space 17408K, 0% used [0x00000000fed00000,0x00000000fed00000,0x00000000ffe00000)
 ParOldGen       total 316416K, used 163416K [0x0000000080000000, 0x0000000093500000, 0x00000000d5580000)
  object space 316416K, 51% used [0x0000000080000000,0x0000000089f963f0,0x0000000093500000)
 Metaspace       used 94909K, capacity 97873K, committed 99456K, reserved 1136640K
  class space    used 11337K, capacity 11829K, committed 12160K, reserved 1048576K
}
{Heap before GC invocations=970 (full 4):
 PSYoungGen      total 678400K, used 670834K [0x00000000d5580000, 0x00000000ffe00000, 0x0000000100000000)
  eden space 659968K, 100% used [0x00000000d5580000,0x00000000fda00000,0x00000000fda00000)
  from space 18432K, 58% used [0x00000000fda00000,0x00000000fe49c9d0,0x00000000fec00000)
  to   space 17408K, 0% used [0x00000000fed00000,0x00000000fed00000,0x00000000ffe00000)
 ParOldGen       total 316416K, used 163416K [0x0000000080000000, 0x0000000093500000, 0x00000000d5580000)
  object space 316416K, 51% used [0x0000000080000000,0x0000000089f963f0,0x0000000093500000)
 Metaspace       used 94909K, capacity 97873K, committed 99456K, reserved 1136640K
  class space    used 11337K, capacity 11829K, committed 12160K, reserved 1048576K
2023-05-21T00:02:13.776+0600: 5007005.858: [GC (Allocation Failure) [PSYoungGen: 670834K->8617K(679424K)] 834251K->172074K(995840K), 0.0081038 secs] [Times: user=0.01 sys=0.00, real=0.01 secs] 
Heap after GC invocations=970 (full 4):
 PSYoungGen      total 679424K, used 8617K [0x00000000d5580000, 0x00000000fff00000, 0x0000000100000000)
  eden space 662016K, 0% used [0x00000000d5580000,0x00000000d5580000,0x00000000fdc00000)
  from space 17408K, 49% used [0x00000000fed00000,0x00000000ff56a518,0x00000000ffe00000)
  to   space 17408K, 0% used [0x00000000fdc00000,0x00000000fdc00000,0x00000000fed00000)
 ParOldGen       total 316416K, used 163456K [0x0000000080000000, 0x0000000093500000, 0x00000000d5580000)
  object space 316416K, 51% used [0x0000000080000000,0x0000000089fa0340,0x0000000093500000)
 Metaspace       used 94909K, capacity 97873K, committed 99456K, reserved 1136640K
  class space    used 11337K, capacity 11829K, committed 12160K, reserved 1048576K
}
{Heap before GC invocations=971 (full 4):
 PSYoungGen      total 679424K, used 668016K [0x00000000d5580000, 0x00000000fff00000, 0x0000000100000000)
  eden space 662016K, 99% used [0x00000000d5580000,0x00000000fd971eb0,0x00000000fdc00000)
  from space 17408K, 49% used [0x00000000fed00000,0x00000000ff56a518,0x00000000ffe00000)
  to   space 17408K, 0% used [0x00000000fdc00000,0x00000000fdc00000,0x00000000fed00000)
 ParOldGen       total 316416K, used 163456K [0x0000000080000000, 0x0000000093500000, 0x00000000d5580000)
  object space 316416K, 51% used [0x0000000080000000,0x0000000089fa0340,0x0000000093500000)
 Metaspace       used 94909K, capacity 97873K, committed 99456K, reserved 1136640K
  class space    used 11337K, capacity 11829K, committed 12160K, reserved 1048576K
2023-05-21T00:02:17.576+0600: 5007009.659: [GC (Allocation Failure) [PSYoungGen: 668016K->10834K(679424K)] 831473K->174323K(995840K), 0.0097497 secs] [Times: user=0.02 sys=0.00, real=0.01 secs] 
Heap after GC invocations=971 (full 4):
 PSYoungGen      total 679424K, used 10834K [0x00000000d5580000, 0x00000000fff00000, 0x0000000100000000)
  eden space 662016K, 0% used [0x00000000d5580000,0x00000000d5580000,0x00000000fdc00000)
  from space 17408K, 62% used [0x00000000fdc00000,0x00000000fe6949d0,0x00000000fed00000)
  to   space 16896K, 0% used [0x00000000fee80000,0x00000000fee80000,0x00000000fff00000)
 ParOldGen       total 316416K, used 163488K [0x0000000080000000, 0x0000000093500000, 0x00000000d5580000)
  object space 316416K, 51% used [0x0000000080000000,0x0000000089fa8340,0x0000000093500000)
 Metaspace       used 94909K, capacity 97873K, committed 99456K, reserved 1136640K
  class space    used 11337K, capacity 11829K, committed 12160K, reserved 1048576K
}
{Heap before GC invocations=972 (full 4):
 PSYoungGen      total 679424K, used 672850K [0x00000000d5580000, 0x00000000fff00000, 0x0000000100000000)
  eden space 662016K, 100% used [0x00000000d5580000,0x00000000fdc00000,0x00000000fdc00000)
  from space 17408K, 62% used [0x00000000fdc00000,0x00000000fe6949d0,0x00000000fed00000)
  to   space 16896K, 0% used [0x00000000fee80000,0x00000000fee80000,0x00000000fff00000)
 ParOldGen       total 316416K, used 163488K [0x0000000080000000, 0x0000000093500000, 0x00000000d5580000)
  object space 316416K, 51% used [0x0000000080000000,0x0000000089fa8340,0x0000000093500000)
 Metaspace       used 94910K, capacity 97873K, committed 99456K, reserved 1136640K
  class space    used 11337K, capacity 11829K, committed 12160K, reserved 1048576K
2023-05-21T00:02:20.626+0600: 5007012.708: [GC (Allocation Failure) [PSYoungGen: 672850K->8809K(680960K)] 836339K->172322K(997376K), 0.0097633 secs] [Times: user=0.02 sys=0.00, real=0.01 secs] 
Heap after GC invocations=972 (full 4):
 PSYoungGen      total 680960K, used 8809K [0x00000000d5580000, 0x00000000ffe80000, 0x0000000100000000)
  eden space 664576K, 0% used [0x00000000d5580000,0x00000000d5580000,0x00000000fde80000)
  from space 16384K, 53% used [0x00000000fee80000,0x00000000ff71a518,0x00000000ffe80000)
  to   space 16384K, 0% used [0x00000000fde80000,0x00000000fde80000,0x00000000fee80000)
 ParOldGen       total 316416K, used 163512K [0x0000000080000000, 0x0000000093500000, 0x00000000d5580000)
  object space 316416K, 51% used [0x0000000080000000,0x0000000089fae340,0x0000000093500000)
 Metaspace       used 94910K, capacity 97873K, committed 99456K, reserved 1136640K
  class space    used 11337K, capacity 11829K, committed 12160K, reserved 1048576K
}
{Heap before GC invocations=973 (full 4):
 PSYoungGen      total 680960K, used 669851K [0x00000000d5580000, 0x00000000ffe80000, 0x0000000100000000)
  eden space 664576K, 99% used [0x00000000d5580000,0x00000000fdb0c8c8,0x00000000fde80000)
  from space 16384K, 53% used [0x00000000fee80000,0x00000000ff71a518,0x00000000ffe80000)
  to   space 16384K, 0% used [0x00000000fde80000,0x00000000fde80000,0x00000000fee80000)
 ParOldGen       total 316416K, used 163512K [0x0000000080000000, 0x0000000093500000, 0x00000000d5580000)
  object space 316416K, 51% used [0x0000000080000000,0x0000000089fae340,0x0000000093500000)
 Metaspace       used 94910K, capacity 97873K, committed 99456K, reserved 1136640K
  class space    used 11337K, capacity 11829K, committed 12160K, reserved 1048576K
2023-05-21T00:02:24.527+0600: 5007016.610: [GC (Allocation Failure) [PSYoungGen: 669851K->14555K(680960K)] 833364K->178116K(997376K), 0.0143916 secs] [Times: user=0.02 sys=0.00, real=0.02 secs] 
Heap after GC invocations=973 (full 4):
 PSYoungGen      total 680960K, used 14555K [0x00000000d5580000, 0x0000000100000000, 0x0000000100000000)
  eden space 664576K, 0% used [0x00000000d5580000,0x00000000d5580000,0x00000000fde80000)
  from space 16384K, 88% used [0x00000000fde80000,0x00000000fecb6e88,0x00000000fee80000)
  to   space 17408K, 0% used [0x00000000fef00000,0x00000000fef00000,0x0000000100000000)
 ParOldGen       total 316416K, used 163560K [0x0000000080000000, 0x0000000093500000, 0x00000000d5580000)
  object space 316416K, 51% used [0x0000000080000000,0x0000000089fba290,0x0000000093500000)
 Metaspace       used 94910K, capacity 97873K, committed 99456K, reserved 1136640K
  class space    used 11337K, capacity 11829K, committed 12160K, reserved 1048576K
}
{Heap before GC invocations=974 (full 4):
 PSYoungGen      total 680960K, used 679131K [0x00000000d5580000, 0x0000000100000000, 0x0000000100000000)
  eden space 664576K, 100% used [0x00000000d5580000,0x00000000fde80000,0x00000000fde80000)
  from space 16384K, 88% used [0x00000000fde80000,0x00000000fecb6e88,0x00000000fee80000)
  to   space 17408K, 0% used [0x00000000fef00000,0x00000000fef00000,0x0000000100000000)
 ParOldGen       total 316416K, used 163560K [0x0000000080000000, 0x0000000093500000, 0x00000000d5580000)
  object space 316416K, 51% used [0x0000000080000000,0x0000000089fba290,0x0000000093500000)
 Metaspace       used 94910K, capacity 97873K, committed 99456K, reserved 1136640K
  class space    used 11337K, capacity 11829K, committed 12160K, reserved 1048576K
2023-05-21T00:02:27.474+0600: 5007019.557: [GC (Allocation Failure) [PSYoungGen: 679131K->8841K(681984K)] 842692K->172425K(998400K), 0.0086917 secs] [Times: user=0.01 sys=0.00, real=0.01 secs] 
Heap after GC invocations=974 (full 4):
 PSYoungGen      total 681984K, used 8841K [0x00000000d5580000, 0x0000000100000000, 0x0000000100000000)
  eden space 664576K, 0% used [0x00000000d5580000,0x00000000d5580000,0x00000000fde80000)
  from space 17408K, 50% used [0x00000000fef00000,0x00000000ff7a2528,0x0000000100000000)
  to   space 16896K, 0% used [0x00000000fde80000,0x00000000fde80000,0x00000000fef00000)
 ParOldGen       total 316416K, used 163584K [0x0000000080000000, 0x0000000093500000, 0x00000000d5580000)
  object space 316416K, 51% used [0x0000000080000000,0x0000000089fc0290,0x0000000093500000)
 Metaspace       used 94910K, capacity 97873K, committed 99456K, reserved 1136640K
  class space    used 11337K, capacity 11829K, committed 12160K, reserved 1048576K
}
{Heap before GC invocations=975 (full 4):
 PSYoungGen      total 681984K, used 671202K [0x00000000d5580000, 0x0000000100000000, 0x0000000100000000)
  eden space 664576K, 99% used [0x00000000d5580000,0x00000000fdc564e0,0x00000000fde80000)
  from space 17408K, 50% used [0x00000000fef00000,0x00000000ff7a2528,0x0000000100000000)
  to   space 16896K, 0% used [0x00000000fde80000,0x00000000fde80000,0x00000000fef00000)
 ParOldGen       total 316416K, used 163584K [0x0000000080000000, 0x0000000093500000, 0x00000000d5580000)
  object space 316416K, 51% used [0x0000000080000000,0x0000000089fc0290,0x0000000093500000)
 Metaspace       used 94910K, capacity 97873K, committed 99456K, reserved 1136640K
  class space    used 11337K, capacity 11829K, committed 12160K, reserved 1048576K
2023-05-21T00:02:31.246+0600: 5007023.329: [GC (Allocation Failure) [PSYoungGen: 671202K->12872K(681472K)] 834787K->176489K(997888K), 0.0160908 secs] [Times: user=0.03 sys=0.00, real=0.02 secs] 
Heap after GC invocations=975 (full 4):
 PSYoungGen      total 681472K, used 12872K [0x00000000d5580000, 0x0000000100000000, 0x0000000100000000)
  eden space 664576K, 0% used [0x00000000d5580000,0x00000000d5580000,0x00000000fde80000)
  from space 16896K, 76% used [0x00000000fde80000,0x00000000feb121f0,0x00000000fef00000)
  to   space 17408K, 0% used [0x00000000fef00000,0x00000000fef00000,0x0000000100000000)
 ParOldGen       total 316416K, used 163616K [0x0000000080000000, 0x0000000093500000, 0x00000000d5580000)
  object space 316416K, 51% used [0x0000000080000000,0x0000000089fc8290,0x0000000093500000)
 Metaspace       used 94910K, capacity 97873K, committed 99456K, reserved 1136640K
  class space    used 11337K, capacity 11829K, committed 12160K, reserved 1048576K
}
{Heap before GC invocations=976 (full 4):
 PSYoungGen      total 681472K, used 677448K [0x00000000d5580000, 0x0000000100000000, 0x0000000100000000)
  eden space 664576K, 100% used [0x00000000d5580000,0x00000000fde80000,0x00000000fde80000)
  from space 16896K, 76% used [0x00000000fde80000,0x00000000feb121f0,0x00000000fef00000)
  to   space 17408K, 0% used [0x00000000fef00000,0x00000000fef00000,0x0000000100000000)
 ParOldGen       total 316416K, used 163616K [0x0000000080000000, 0x0000000093500000, 0x00000000d5580000)
  object space 316416K, 51% used [0x0000000080000000,0x0000000089fc8290,0x0000000093500000)
 Metaspace       used 94910K, capacity 97873K, committed 99456K, reserved 1136640K
  class space    used 11337K, capacity 11829K, committed 12160K, reserved 1048576K
2023-05-21T00:02:34.136+0600: 5007026.219: [GC (Allocation Failure) [PSYoungGen: 677448K->8777K(681472K)] 841065K->172537K(997888K), 0.0085100 secs] [Times: user=0.01 sys=0.00, real=0.01 secs] 
Heap after GC invocations=976 (full 4):
 PSYoungGen      total 681472K, used 8777K [0x00000000d5580000, 0x00000000fff80000, 0x0000000100000000)
  eden space 664576K, 0% used [0x00000000d5580000,0x00000000d5580000,0x00000000fde80000)
  from space 16896K, 51% used [0x00000000fef00000,0x00000000ff792518,0x00000000fff80000)
  to   space 16896K, 0% used [0x00000000fde80000,0x00000000fde80000,0x00000000fef00000)
 ParOldGen       total 316416K, used 163760K [0x0000000080000000, 0x0000000093500000, 0x00000000d5580000)
  object space 316416K, 51% used [0x0000000080000000,0x0000000089fec0b0,0x0000000093500000)
 Metaspace       used 94910K, capacity 97873K, committed 99456K, reserved 1136640K
  class space    used 11337K, capacity 11829K, committed 12160K, reserved 1048576K
}
{Heap before GC invocations=977 (full 4):
 PSYoungGen      total 681472K, used 671376K [0x00000000d5580000, 0x00000000fff80000, 0x0000000100000000)
  eden space 664576K, 99% used [0x00000000d5580000,0x00000000fdc91b48,0x00000000fde80000)
  from space 16896K, 51% used [0x00000000fef00000,0x00000000ff792518,0x00000000fff80000)
  to   space 16896K, 0% used [0x00000000fde80000,0x00000000fde80000,0x00000000fef00000)
 ParOldGen       total 316416K, used 163760K [0x0000000080000000, 0x0000000093500000, 0x00000000d5580000)
  object space 316416K, 51% used [0x0000000080000000,0x0000000089fec0b0,0x0000000093500000)
 Metaspace       used 94910K, capacity 97873K, committed 99456K, reserved 1136640K
  class space    used 11337K, capacity 11829K, committed 12160K, reserved 1048576K
2023-05-21T00:02:37.910+0600: 5007029.993: [GC (Allocation Failure) [PSYoungGen: 671376K->14558K(679424K)] 835136K->178477K(995840K), 0.0134144 secs] [Times: user=0.02 sys=0.00, real=0.01 secs] 
Heap after GC invocations=977 (full 4):
 PSYoungGen      total 679424K, used 14558K [0x00000000d5580000, 0x0000000100000000, 0x0000000100000000)
  eden space 664576K, 0% used [0x00000000d5580000,0x00000000d5580000,0x00000000fde80000)
  from space 14848K, 98% used [0x00000000fde80000,0x00000000fecb79d0,0x00000000fed00000)
  to   space 17920K, 0% used [0x00000000fee80000,0x00000000fee80000,0x0000000100000000)
 ParOldGen       total 316416K, used 163919K [0x0000000080000000, 0x0000000093500000, 0x00000000d5580000)
  object space 316416K, 51% used [0x0000000080000000,0x000000008a013e20,0x0000000093500000)
 Metaspace       used 94910K, capacity 97873K, committed 99456K, reserved 1136640K
  class space    used 11337K, capacity 11829K, committed 12160K, reserved 1048576K
}
{Heap before GC invocations=978 (full 4):
 PSYoungGen      total 679424K, used 679134K [0x00000000d5580000, 0x0000000100000000, 0x0000000100000000)
  eden space 664576K, 100% used [0x00000000d5580000,0x00000000fde80000,0x00000000fde80000)
  from space 14848K, 98% used [0x00000000fde80000,0x00000000fecb79d0,0x00000000fed00000)
  to   space 17920K, 0% used [0x00000000fee80000,0x00000000fee80000,0x0000000100000000)
 ParOldGen       total 316416K, used 163919K [0x0000000080000000, 0x0000000093500000, 0x00000000d5580000)
  object space 316416K, 51% used [0x0000000080000000,0x000000008a013e20,0x0000000093500000)
 Metaspace       used 94910K, capacity 97873K, committed 99456K, reserved 1136640K
  class space    used 11337K, capacity 11829K, committed 12160K, reserved 1048576K
2023-05-21T00:02:40.785+0600: 5007032.868: [GC (Allocation Failure) [PSYoungGen: 679134K->8361K(680960K)] 843053K->172416K(997376K), 0.0084022 secs] [Times: user=0.02 sys=0.00, real=0.01 secs] 
Heap after GC invocations=978 (full 4):
 PSYoungGen      total 680960K, used 8361K [0x00000000d5580000, 0x0000000100000000, 0x0000000100000000)
  eden space 663040K, 0% used [0x00000000d5580000,0x00000000d5580000,0x00000000fdd00000)
  from space 17920K, 46% used [0x00000000fee80000,0x00000000ff6aa4f8,0x0000000100000000)
  to   space 17920K, 0% used [0x00000000fdd00000,0x00000000fdd00000,0x00000000fee80000)
 ParOldGen       total 316416K, used 164055K [0x0000000080000000, 0x0000000093500000, 0x00000000d5580000)
  object space 316416K, 51% used [0x0000000080000000,0x000000008a035cf0,0x0000000093500000)
 Metaspace       used 94910K, capacity 97873K, committed 99456K, reserved 1136640K
  class space    used 11337K, capacity 11829K, committed 12160K, reserved 1048576K
}
{Heap before GC invocations=979 (full 4):
 PSYoungGen      total 680960K, used 667627K [0x00000000d5580000, 0x0000000100000000, 0x0000000100000000)
  eden space 663040K, 99% used [0x00000000d5580000,0x00000000fd950968,0x00000000fdd00000)
  from space 17920K, 46% used [0x00000000fee80000,0x00000000ff6aa4f8,0x0000000100000000)
  to   space 17920K, 0% used [0x00000000fdd00000,0x00000000fdd00000,0x00000000fee80000)
 ParOldGen       total 316416K, used 164055K [0x0000000080000000, 0x0000000093500000, 0x00000000d5580000)
  object space 316416K, 51% used [0x0000000080000000,0x000000008a035cf0,0x0000000093500000)
 Metaspace       used 94910K, capacity 97873K, committed 99456K, reserved 1136640K
  class space    used 11337K, capacity 11829K, committed 12160K, reserved 1048576K
2023-05-21T00:02:44.571+0600: 5007036.654: [GC (Allocation Failure) [PSYoungGen: 667627K->14203K(677376K)] 831682K->178402K(993792K), 0.0131706 secs] [Times: user=0.02 sys=0.00, real=0.01 secs] 
Heap after GC invocations=979 (full 4):
 PSYoungGen      total 677376K, used 14203K [0x00000000d5580000, 0x0000000100000000, 0x0000000100000000)
  eden space 663040K, 0% used [0x00000000d5580000,0x00000000d5580000,0x00000000fdd00000)
  from space 14336K, 99% used [0x00000000fdd00000,0x00000000feadee58,0x00000000feb00000)
  to   space 18432K, 0% used [0x00000000fee00000,0x00000000fee00000,0x0000000100000000)
 ParOldGen       total 316416K, used 164198K [0x0000000080000000, 0x0000000093500000, 0x00000000d5580000)
  object space 316416K, 51% used [0x0000000080000000,0x000000008a059b10,0x0000000093500000)
 Metaspace       used 94910K, capacity 97873K, committed 99456K, reserved 1136640K
  class space    used 11337K, capacity 11829K, committed 12160K, reserved 1048576K
}
{Heap before GC invocations=980 (full 4):
 PSYoungGen      total 677376K, used 677243K [0x00000000d5580000, 0x0000000100000000, 0x0000000100000000)
  eden space 663040K, 100% used [0x00000000d5580000,0x00000000fdd00000,0x00000000fdd00000)
  from space 14336K, 99% used [0x00000000fdd00000,0x00000000feadee58,0x00000000feb00000)
  to   space 18432K, 0% used [0x00000000fee00000,0x00000000fee00000,0x0000000100000000)
 ParOldGen       total 316416K, used 164198K [0x0000000080000000, 0x0000000093500000, 0x00000000d5580000)
  object space 316416K, 51% used [0x0000000080000000,0x000000008a059b10,0x0000000093500000)
 Metaspace       used 94910K, capacity 97873K, committed 99456K, reserved 1136640K
  class space    used 11337K, capacity 11829K, committed 12160K, reserved 1048576K
2023-05-21T00:02:47.531+0600: 5007039.613: [GC (Allocation Failure) [PSYoungGen: 677243K->8521K(680960K)] 841442K->172751K(997376K), 0.0088058 secs] [Times: user=0.01 sys=0.00, real=0.01 secs] 
Heap after GC invocations=980 (full 4):
 PSYoungGen      total 680960K, used 8521K [0x00000000d5580000, 0x0000000100000000, 0x0000000100000000)
  eden space 662528K, 0% used [0x00000000d5580000,0x00000000d5580000,0x00000000fdc80000)
  from space 18432K, 46% used [0x00000000fee00000,0x00000000ff6524f8,0x0000000100000000)
  to   space 17920K, 0% used [0x00000000fdc80000,0x00000000fdc80000,0x00000000fee00000)
 ParOldGen       total 316416K, used 164230K [0x0000000080000000, 0x0000000093500000, 0x00000000d5580000)
  object space 316416K, 51% used [0x0000000080000000,0x000000008a061a60,0x0000000093500000)
 Metaspace       used 94910K, capacity 97873K, committed 99456K, reserved 1136640K
  class space    used 11337K, capacity 11829K, committed 12160K, reserved 1048576K
}
{Heap before GC invocations=981 (full 4):
 PSYoungGen      total 680960K, used 670091K [0x00000000d5580000, 0x0000000100000000, 0x0000000100000000)
  eden space 662528K, 99% used [0x00000000d5580000,0x00000000fdb90a80,0x00000000fdc80000)
  from space 18432K, 46% used [0x00000000fee00000,0x00000000ff6524f8,0x0000000100000000)
  to   space 17920K, 0% used [0x00000000fdc80000,0x00000000fdc80000,0x00000000fee00000)
 ParOldGen       total 316416K, used 164230K [0x0000000080000000, 0x0000000093500000, 0x00000000d5580000)
  object space 316416K, 51% used [0x0000000080000000,0x000000008a061a60,0x0000000093500000)
 Metaspace       used 94910K, capacity 97873K, committed 99456K, reserved 1136640K
  class space    used 11337K, capacity 11829K, committed 12160K, reserved 1048576K
2023-05-21T00:02:51.440+0600: 5007043.523: [GC (Allocation Failure) [PSYoungGen: 670091K->14267K(680448K)] 834322K->178577K(996864K), 0.0124785 secs] [Times: user=0.03 sys=0.00, real=0.01 secs] 
Heap after GC invocations=981 (full 4):
 PSYoungGen      total 680448K, used 14267K [0x00000000d5580000, 0x0000000100000000, 0x0000000100000000)
  eden space 662528K, 0% used [0x00000000d5580000,0x00000000d5580000,0x00000000fdc80000)
  from space 17920K, 79% used [0x00000000fdc80000,0x00000000fea6ee58,0x00000000fee00000)
  to   space 18432K, 0% used [0x00000000fee00000,0x00000000fee00000,0x0000000100000000)
 ParOldGen       total 316416K, used 164310K [0x0000000080000000, 0x0000000093500000, 0x00000000d5580000)
  object space 316416K, 51% used [0x0000000080000000,0x000000008a075900,0x0000000093500000)
 Metaspace       used 94910K, capacity 97873K, committed 99456K, reserved 1136640K
  class space    used 11337K, capacity 11829K, committed 12160K, reserved 1048576K
}
{Heap before GC invocations=982 (full 4):
 PSYoungGen      total 680448K, used 676795K [0x00000000d5580000, 0x0000000100000000, 0x0000000100000000)
  eden space 662528K, 100% used [0x00000000d5580000,0x00000000fdc80000,0x00000000fdc80000)
  from space 17920K, 79% used [0x00000000fdc80000,0x00000000fea6ee58,0x00000000fee00000)
  to   space 18432K, 0% used [0x00000000fee00000,0x00000000fee00000,0x0000000100000000)
 ParOldGen       total 316416K, used 164310K [0x0000000080000000, 0x0000000093500000, 0x00000000d5580000)
  object space 316416K, 51% used [0x0000000080000000,0x000000008a075900,0x0000000093500000)
 Metaspace       used 94910K, capacity 97873K, committed 99456K, reserved 1136640K
  class space    used 11337K, capacity 11829K, committed 12160K, reserved 1048576K
2023-05-21T00:02:54.269+0600: 5007046.352: [GC (Allocation Failure) [PSYoungGen: 676795K->8553K(680448K)] 841105K->172887K(996864K), 0.0083047 secs] [Times: user=0.02 sys=0.00, real=0.00 secs] 
Heap after GC invocations=982 (full 4):
 PSYoungGen      total 680448K, used 8553K [0x00000000d5580000, 0x0000000100000000, 0x0000000100000000)
  eden space 662016K, 0% used [0x00000000d5580000,0x00000000d5580000,0x00000000fdc00000)
  from space 18432K, 46% used [0x00000000fee00000,0x00000000ff65a4e8,0x0000000100000000)
  to   space 18432K, 0% used [0x00000000fdc00000,0x00000000fdc00000,0x00000000fee00000)
 ParOldGen       total 316416K, used 164334K [0x0000000080000000, 0x0000000093500000, 0x00000000d5580000)
  object space 316416K, 51% used [0x0000000080000000,0x000000008a07b900,0x0000000093500000)
 Metaspace       used 94910K, capacity 97873K, committed 99456K, reserved 1136640K
  class space    used 11337K, capacity 11829K, committed 12160K, reserved 1048576K
}
{Heap before GC invocations=983 (full 4):
 PSYoungGen      total 680448K, used 668072K [0x00000000d5580000, 0x0000000100000000, 0x0000000100000000)
  eden space 662016K, 99% used [0x00000000d5580000,0x00000000fd98fe48,0x00000000fdc00000)
  from space 18432K, 46% used [0x00000000fee00000,0x00000000ff65a4e8,0x0000000100000000)
  to   space 18432K, 0% used [0x00000000fdc00000,0x00000000fdc00000,0x00000000fee00000)
 ParOldGen       total 316416K, used 164334K [0x0000000080000000, 0x0000000093500000, 0x00000000d5580000)
  object space 316416K, 51% used [0x0000000080000000,0x000000008a07b900,0x0000000093500000)
 Metaspace       used 94910K, capacity 97873K, committed 99456K, reserved 1136640K
  class space    used 11337K, capacity 11829K, committed 12160K, reserved 1048576K
2023-05-21T00:02:58.117+0600: 5007050.199: [GC (Allocation Failure) [PSYoungGen: 668072K->14235K(676352K)] 832407K->178609K(992768K), 0.0139654 secs] [Times: user=0.03 sys=0.00, real=0.02 secs] 
Heap after GC invocations=983 (full 4):
 PSYoungGen      total 676352K, used 14235K [0x00000000d5580000, 0x0000000100000000, 0x0000000100000000)
  eden space 662016K, 0% used [0x00000000d5580000,0x00000000d5580000,0x00000000fdc00000)
  from space 14336K, 99% used [0x00000000fdc00000,0x00000000fe9e6e58,0x00000000fea00000)
  to   space 18944K, 0% used [0x00000000fed80000,0x00000000fed80000,0x0000000100000000)
 ParOldGen       total 316416K, used 164374K [0x0000000080000000, 0x0000000093500000, 0x00000000d5580000)
  object space 316416K, 51% used [0x0000000080000000,0x000000008a085850,0x0000000093500000)
 Metaspace       used 94910K, capacity 97873K, committed 99456K, reserved 1136640K
  class space    used 11337K, capacity 11829K, committed 12160K, reserved 1048576K
}
{Heap before GC invocations=984 (full 4):
 PSYoungGen      total 676352K, used 676251K [0x00000000d5580000, 0x0000000100000000, 0x0000000100000000)
  eden space 662016K, 100% used [0x00000000d5580000,0x00000000fdc00000,0x00000000fdc00000)
  from space 14336K, 99% used [0x00000000fdc00000,0x00000000fe9e6e58,0x00000000fea00000)
  to   space 18944K, 0% used [0x00000000fed80000,0x00000000fed80000,0x0000000100000000)
 ParOldGen       total 316416K, used 164414K [0x0000000080000000, 0x0000000093500000, 0x00000000d5580000)
  object space 316416K, 51% used [0x0000000080000000,0x000000008a08f978,0x0000000093500000)
 Metaspace       used 94910K, capacity 97873K, committed 99456K, reserved 1136640K
  class space    used 11337K, capacity 11829K, committed 12160K, reserved 1048576K
2023-05-21T00:03:01.027+0600: 5007053.110: [GC (GCLocker Initiated GC) [PSYoungGen: 676251K->1216K(677888K)] 840665K->165710K(994304K), 0.0084282 secs] [Times: user=0.02 sys=0.00, real=0.01 secs] 
Heap after GC invocations=984 (full 4):
 PSYoungGen      total 677888K, used 1216K [0x00000000d5580000, 0x0000000100000000, 0x0000000100000000)
  eden space 658944K, 0% used [0x00000000d5580000,0x00000000d5580000,0x00000000fd900000)
  from space 18944K, 6% used [0x00000000fed80000,0x00000000feeb0020,0x0000000100000000)
  to   space 19968K, 0% used [0x00000000fd900000,0x00000000fd900000,0x00000000fec80000)
 ParOldGen       total 316416K, used 164494K [0x0000000080000000, 0x0000000093500000, 0x00000000d5580000)
  object space 316416K, 51% used [0x0000000080000000,0x000000008a0a39a8,0x0000000093500000)
 Metaspace       used 94910K, capacity 97873K, committed 99456K, reserved 1136640K
  class space    used 11337K, capacity 11829K, committed 12160K, reserved 1048576K
}
{Heap before GC invocations=985 (full 4):
 PSYoungGen      total 677888K, used 660160K [0x00000000d5580000, 0x0000000100000000, 0x0000000100000000)
  eden space 658944K, 100% used [0x00000000d5580000,0x00000000fd900000,0x00000000fd900000)
  from space 18944K, 6% used [0x00000000fed80000,0x00000000feeb0020,0x0000000100000000)
  to   space 19968K, 0% used [0x00000000fd900000,0x00000000fd900000,0x00000000fec80000)
 ParOldGen       total 316416K, used 261025K [0x0000000080000000, 0x0000000093500000, 0x00000000d5580000)
  object space 316416K, 82% used [0x0000000080000000,0x000000008fee8510,0x0000000093500000)
 Metaspace       used 94910K, capacity 97873K, committed 99456K, reserved 1136640K
  class space    used 11337K, capacity 11829K, committed 12160K, reserved 1048576K
2023-05-21T00:03:05.409+0600: 5007057.492: [GC (Allocation Failure) [PSYoungGen: 660160K->8233K(678912K)] 921185K->269282K(995328K), 0.0164383 secs] [Times: user=0.03 sys=0.00, real=0.02 secs] 
Heap after GC invocations=985 (full 4):
 PSYoungGen      total 678912K, used 8233K [0x00000000d5580000, 0x0000000100000000, 0x0000000100000000)
  eden space 658944K, 0% used [0x00000000d5580000,0x00000000d5580000,0x00000000fd900000)
  from space 19968K, 41% used [0x00000000fd900000,0x00000000fe10a4e8,0x00000000fec80000)
  to   space 19456K, 0% used [0x00000000fed00000,0x00000000fed00000,0x0000000100000000)
 ParOldGen       total 316416K, used 261049K [0x0000000080000000, 0x0000000093500000, 0x00000000d5580000)
  object space 316416K, 82% used [0x0000000080000000,0x000000008feee510,0x0000000093500000)
 Metaspace       used 94910K, capacity 97873K, committed 99456K, reserved 1136640K
  class space    used 11337K, capacity 11829K, committed 12160K, reserved 1048576K
}
{Heap before GC invocations=986 (full 4):
 PSYoungGen      total 678912K, used 663710K [0x00000000d5580000, 0x0000000100000000, 0x0000000100000000)
  eden space 658944K, 99% used [0x00000000d5580000,0x00000000fd59d390,0x00000000fd900000)
  from space 19968K, 41% used [0x00000000fd900000,0x00000000fe10a4e8,0x00000000fec80000)
  to   space 19456K, 0% used [0x00000000fed00000,0x00000000fed00000,0x0000000100000000)
 ParOldGen       total 316416K, used 261049K [0x0000000080000000, 0x0000000093500000, 0x00000000d5580000)
  object space 316416K, 82% used [0x0000000080000000,0x000000008feee510,0x0000000093500000)
 Metaspace       used 94910K, capacity 97873K, committed 99456K, reserved 1136640K
  class space    used 11337K, capacity 11829K, committed 12160K, reserved 1048576K
2023-05-21T00:03:08.889+0600: 5007060.971: [GC (Allocation Failure) [PSYoungGen: 663710K->14235K(678400K)] 924759K->275308K(994816K), 0.0136977 secs] [Times: user=0.02 sys=0.00, real=0.02 secs] 
Heap after GC invocations=986 (full 4):
 PSYoungGen      total 678400K, used 14235K [0x00000000d5580000, 0x0000000100000000, 0x0000000100000000)
  eden space 658944K, 0% used [0x00000000d5580000,0x00000000d5580000,0x00000000fd900000)
  from space 19456K, 73% used [0x00000000fed00000,0x00000000ffae6e58,0x0000000100000000)
  to   space 19968K, 0% used [0x00000000fd900000,0x00000000fd900000,0x00000000fec80000)
 ParOldGen       total 316416K, used 261073K [0x0000000080000000, 0x0000000093500000, 0x00000000d5580000)
  object space 316416K, 82% used [0x0000000080000000,0x000000008fef4510,0x0000000093500000)
 Metaspace       used 94910K, capacity 97873K, committed 99456K, reserved 1136640K
  class space    used 11337K, capacity 11829K, committed 12160K, reserved 1048576K
}
{Heap before GC invocations=987 (full 4):
 PSYoungGen      total 678400K, used 673179K [0x00000000d5580000, 0x0000000100000000, 0x0000000100000000)
  eden space 658944K, 100% used [0x00000000d5580000,0x00000000fd900000,0x00000000fd900000)
  from space 19456K, 73% used [0x00000000fed00000,0x00000000ffae6e58,0x0000000100000000)
  to   space 19968K, 0% used [0x00000000fd900000,0x00000000fd900000,0x00000000fec80000)
 ParOldGen       total 316416K, used 261073K [0x0000000080000000, 0x0000000093500000, 0x00000000d5580000)
  object space 316416K, 82% used [0x0000000080000000,0x000000008fef4510,0x0000000093500000)
 Metaspace       used 94910K, capacity 97873K, committed 99456K, reserved 1136640K
  class space    used 11337K, capacity 11829K, committed 12160K, reserved 1048576K
2023-05-21T00:03:12.369+0600: 5007064.452: [GC (Allocation Failure) [PSYoungGen: 673179K->9581K(668672K)] 934252K->270694K(985088K), 0.0124864 secs] [Times: user=0.02 sys=0.00, real=0.02 secs] 
Heap after GC invocations=987 (full 4):
 PSYoungGen      total 668672K, used 9581K [0x00000000d5580000, 0x00000000ffe80000, 0x0000000100000000)
  eden space 658944K, 0% used [0x00000000d5580000,0x00000000d5580000,0x00000000fd900000)
  from space 9728K, 98% used [0x00000000fd900000,0x00000000fe25b750,0x00000000fe280000)
  to   space 18944K, 0% used [0x00000000fec00000,0x00000000fec00000,0x00000000ffe80000)
 ParOldGen       total 316416K, used 261113K [0x0000000080000000, 0x0000000093500000, 0x00000000d5580000)
  object space 316416K, 82% used [0x0000000080000000,0x000000008fefe460,0x0000000093500000)
 Metaspace       used 94910K, capacity 97873K, committed 99456K, reserved 1136640K
  class space    used 11337K, capacity 11829K, committed 12160K, reserved 1048576K
}
{Heap before GC invocations=988 (full 4):
 PSYoungGen      total 668672K, used 664770K [0x00000000d5580000, 0x00000000ffe80000, 0x0000000100000000)
  eden space 658944K, 99% used [0x00000000d5580000,0x00000000fd555430,0x00000000fd900000)
  from space 9728K, 98% used [0x00000000fd900000,0x00000000fe25b750,0x00000000fe280000)
  to   space 18944K, 0% used [0x00000000fec00000,0x00000000fec00000,0x00000000ffe80000)
 ParOldGen       total 316416K, used 261113K [0x0000000080000000, 0x0000000093500000, 0x00000000d5580000)
  object space 316416K, 82% used [0x0000000080000000,0x000000008fefe460,0x0000000093500000)
 Metaspace       used 94910K, capacity 97873K, committed 99456K, reserved 1136640K
  class space    used 11337K, capacity 11829K, committed 12160K, reserved 1048576K
2023-05-21T00:03:15.789+0600: 5007067.871: [GC (Allocation Failure) [PSYoungGen: 664770K->10514K(678912K)] 925883K->271651K(995328K), 0.0131288 secs] [Times: user=0.02 sys=0.00, real=0.02 secs] 
Heap after GC invocations=988 (full 4):
 PSYoungGen      total 678912K, used 10514K [0x00000000d5580000, 0x0000000100000000, 0x0000000100000000)
  eden space 659968K, 0% used [0x00000000d5580000,0x00000000d5580000,0x00000000fda00000)
  from space 18944K, 55% used [0x00000000fec00000,0x00000000ff6449a0,0x00000000ffe80000)
  to   space 18432K, 0% used [0x00000000fda00000,0x00000000fda00000,0x00000000fec00000)
 ParOldGen       total 316416K, used 261137K [0x0000000080000000, 0x0000000093500000, 0x00000000d5580000)
  object space 316416K, 82% used [0x0000000080000000,0x000000008ff04460,0x0000000093500000)
 Metaspace       used 94910K, capacity 97873K, committed 99456K, reserved 1136640K
  class space    used 11337K, capacity 11829K, committed 12160K, reserved 1048576K
}
{Heap before GC invocations=989 (full 4):
 PSYoungGen      total 678912K, used 670460K [0x00000000d5580000, 0x0000000100000000, 0x0000000100000000)
  eden space 659968K, 99% used [0x00000000d5580000,0x00000000fd9fa930,0x00000000fda00000)
  from space 18944K, 55% used [0x00000000fec00000,0x00000000ff6449a0,0x00000000ffe80000)
  to   space 18432K, 0% used [0x00000000fda00000,0x00000000fda00000,0x00000000fec00000)
 ParOldGen       total 316416K, used 261137K [0x0000000080000000, 0x0000000093500000, 0x00000000d5580000)
  object space 316416K, 82% used [0x0000000080000000,0x000000008ff04460,0x0000000093500000)
 Metaspace       used 94910K, capacity 97873K, committed 99456K, reserved 1136640K
  class space    used 11337K, capacity 11829K, committed 12160K, reserved 1048576K
2023-05-21T00:03:19.092+0600: 5007071.174: [GC (Allocation Failure) [PSYoungGen: 670460K->6665K(678400K)] 931597K->267945K(994816K), 0.0098326 secs] [Times: user=0.02 sys=0.00, real=0.01 secs] 
Heap after GC invocations=989 (full 4):
 PSYoungGen      total 678400K, used 6665K [0x00000000d5580000, 0x00000000fff80000, 0x0000000100000000)
  eden space 659968K, 0% used [0x00000000d5580000,0x00000000d5580000,0x00000000fda00000)
  from space 18432K, 36% used [0x00000000fda00000,0x00000000fe0824e8,0x00000000fec00000)
  to   space 18432K, 0% used [0x00000000fed80000,0x00000000fed80000,0x00000000fff80000)
 ParOldGen       total 316416K, used 261280K [0x0000000080000000, 0x0000000093500000, 0x00000000d5580000)
  object space 316416K, 82% used [0x0000000080000000,0x000000008ff28280,0x0000000093500000)
 Metaspace       used 94910K, capacity 97873K, committed 99456K, reserved 1136640K
  class space    used 11337K, capacity 11829K, committed 12160K, reserved 1048576K
}
{Heap before GC invocations=990 (full 4):
 PSYoungGen      total 678400K, used 666571K [0x00000000d5580000, 0x00000000fff80000, 0x0000000100000000)
  eden space 659968K, 99% used [0x00000000d5580000,0x00000000fd9f0880,0x00000000fda00000)
  from space 18432K, 36% used [0x00000000fda00000,0x00000000fe0824e8,0x00000000fec00000)
  to   space 18432K, 0% used [0x00000000fed80000,0x00000000fed80000,0x00000000fff80000)
 ParOldGen       total 316416K, used 261280K [0x0000000080000000, 0x0000000093500000, 0x00000000d5580000)
  object space 316416K, 82% used [0x0000000080000000,0x000000008ff28280,0x0000000093500000)
 Metaspace       used 94910K, capacity 97873K, committed 99456K, reserved 1136640K
  class space    used 11337K, capacity 11829K, committed 12160K, reserved 1048576K
2023-05-21T00:03:22.539+0600: 5007074.622: [GC (Allocation Failure) [PSYoungGen: 666571K->14203K(679424K)] 927851K->275516K(995840K), 0.0132294 secs] [Times: user=0.02 sys=0.00, real=0.02 secs] 
Heap after GC invocations=990 (full 4):
 PSYoungGen      total 679424K, used 14203K [0x00000000d5580000, 0x0000000100000000, 0x0000000100000000)
  eden space 660992K, 0% used [0x00000000d5580000,0x00000000d5580000,0x00000000fdb00000)
  from space 18432K, 77% used [0x00000000fed80000,0x00000000ffb5ee58,0x00000000fff80000)
  to   space 18944K, 0% used [0x00000000fdb00000,0x00000000fdb00000,0x00000000fed80000)
 ParOldGen       total 316416K, used 261312K [0x0000000080000000, 0x0000000093500000, 0x00000000d5580000)
  object space 316416K, 82% used [0x0000000080000000,0x000000008ff301d0,0x0000000093500000)
 Metaspace       used 94910K, capacity 97873K, committed 99456K, reserved 1136640K
  class space    used 11337K, capacity 11829K, committed 12160K, reserved 1048576K
}
{Heap before GC invocations=991 (full 4):
 PSYoungGen      total 679424K, used 675195K [0x00000000d5580000, 0x0000000100000000, 0x0000000100000000)
  eden space 660992K, 100% used [0x00000000d5580000,0x00000000fdb00000,0x00000000fdb00000)
  from space 18432K, 77% used [0x00000000fed80000,0x00000000ffb5ee58,0x00000000fff80000)
  to   space 18944K, 0% used [0x00000000fdb00000,0x00000000fdb00000,0x00000000fed80000)
 ParOldGen       total 316416K, used 261312K [0x0000000080000000, 0x0000000093500000, 0x00000000d5580000)
  object space 316416K, 82% used [0x0000000080000000,0x000000008ff301d0,0x0000000093500000)
 Metaspace       used 94910K, capacity 97873K, committed 99456K, reserved 1136640K
  class space    used 11337K, capacity 11829K, committed 12160K, reserved 1048576K
2023-05-21T00:03:25.914+0600: 5007077.997: [GC (Allocation Failure) [PSYoungGen: 675195K->8201K(679936K)] 936508K->269545K(996352K), 0.0107597 secs] [Times: user=0.02 sys=0.00, real=0.01 secs] 
Heap after GC invocations=991 (full 4):
 PSYoungGen      total 679936K, used 8201K [0x00000000d5580000, 0x00000000fff80000, 0x0000000100000000)
  eden space 660992K, 0% used [0x00000000d5580000,0x00000000d5580000,0x00000000fdb00000)
  from space 18944K, 43% used [0x00000000fdb00000,0x00000000fe3024e8,0x00000000fed80000)
  to   space 18432K, 0% used [0x00000000fed80000,0x00000000fed80000,0x00000000fff80000)
 ParOldGen       total 316416K, used 261344K [0x0000000080000000, 0x0000000093500000, 0x00000000d5580000)
  object space 316416K, 82% used [0x0000000080000000,0x000000008ff381d0,0x0000000093500000)
 Metaspace       used 94910K, capacity 97873K, committed 99456K, reserved 1136640K
  class space    used 11337K, capacity 11829K, committed 12160K, reserved 1048576K
}
{Heap before GC invocations=992 (full 4):
 PSYoungGen      total 679936K, used 667353K [0x00000000d5580000, 0x00000000fff80000, 0x0000000100000000)
  eden space 660992K, 99% used [0x00000000d5580000,0x00000000fd934000,0x00000000fdb00000)
  from space 18944K, 43% used [0x00000000fdb00000,0x00000000fe3024e8,0x00000000fed80000)
  to   space 18432K, 0% used [0x00000000fed80000,0x00000000fed80000,0x00000000fff80000)
 ParOldGen       total 316416K, used 261344K [0x0000000080000000, 0x0000000093500000, 0x00000000d5580000)
  object space 316416K, 82% used [0x0000000080000000,0x000000008ff381d0,0x0000000093500000)
 Metaspace       used 94913K, capacity 97873K, committed 99456K, reserved 1136640K
  class space    used 11337K, capacity 11829K, committed 12160K, reserved 1048576K
2023-05-21T00:03:29.333+0600: 5007081.416: [GC (Allocation Failure) [PSYoungGen: 667353K->10450K(678912K)] 928697K->271818K(995328K), 0.0145281 secs] [Times: user=0.03 sys=0.00, real=0.01 secs] 
Heap after GC invocations=992 (full 4):
 PSYoungGen      total 678912K, used 10450K [0x00000000d5580000, 0x00000000ffe80000, 0x0000000100000000)
  eden space 661504K, 0% used [0x00000000d5580000,0x00000000d5580000,0x00000000fdb80000)
  from space 17408K, 60% used [0x00000000fed80000,0x00000000ff7b49a0,0x00000000ffe80000)
  to   space 17920K, 0% used [0x00000000fdb80000,0x00000000fdb80000,0x00000000fed00000)
 ParOldGen       total 316416K, used 261368K [0x0000000080000000, 0x0000000093500000, 0x00000000d5580000)
  object space 316416K, 82% used [0x0000000080000000,0x000000008ff3e1d0,0x0000000093500000)
 Metaspace       used 94913K, capacity 97873K, committed 99456K, reserved 1136640K
  class space    used 11337K, capacity 11829K, committed 12160K, reserved 1048576K
}
{Heap before GC invocations=993 (full 4):
 PSYoungGen      total 678912K, used 671954K [0x00000000d5580000, 0x00000000ffe80000, 0x0000000100000000)
  eden space 661504K, 100% used [0x00000000d5580000,0x00000000fdb80000,0x00000000fdb80000)
  from space 17408K, 60% used [0x00000000fed80000,0x00000000ff7b49a0,0x00000000ffe80000)
  to   space 17920K, 0% used [0x00000000fdb80000,0x00000000fdb80000,0x00000000fed00000)
 ParOldGen       total 316416K, used 261368K [0x0000000080000000, 0x0000000093500000, 0x00000000d5580000)
  object space 316416K, 82% used [0x0000000080000000,0x000000008ff3e1d0,0x0000000093500000)
 Metaspace       used 94913K, capacity 97873K, committed 99456K, reserved 1136640K
  class space    used 11337K, capacity 11829K, committed 12160K, reserved 1048576K
2023-05-21T00:03:32.624+0600: 5007084.707: [GC (Allocation Failure) [PSYoungGen: 671954K->8713K(679424K)] 933322K->270121K(995840K), 0.0091986 secs] [Times: user=0.02 sys=0.00, real=0.01 secs] 
Heap after GC invocations=993 (full 4):
 PSYoungGen      total 679424K, used 8713K [0x00000000d5580000, 0x00000000fff80000, 0x0000000100000000)
  eden space 661504K, 0% used [0x00000000d5580000,0x00000000d5580000,0x00000000fdb80000)
  from space 17920K, 48% used [0x00000000fdb80000,0x00000000fe4024e8,0x00000000fed00000)
  to   space 17408K, 0% used [0x00000000fee80000,0x00000000fee80000,0x00000000fff80000)
 ParOldGen       total 316416K, used 261408K [0x0000000080000000, 0x0000000093500000, 0x00000000d5580000)
  object space 316416K, 82% used [0x0000000080000000,0x000000008ff48120,0x0000000093500000)
 Metaspace       used 94913K, capacity 97873K, committed 99456K, reserved 1136640K
  class space    used 11337K, capacity 11829K, committed 12160K, reserved 1048576K
}
{Heap before GC invocations=994 (full 4):
 PSYoungGen      total 679424K, used 669594K [0x00000000d5580000, 0x00000000fff80000, 0x0000000100000000)
  eden space 661504K, 99% used [0x00000000d5580000,0x00000000fdae46a8,0x00000000fdb80000)
  from space 17920K, 48% used [0x00000000fdb80000,0x00000000fe4024e8,0x00000000fed00000)
  to   space 17408K, 0% used [0x00000000fee80000,0x00000000fee80000,0x00000000fff80000)
 ParOldGen       total 316416K, used 261408K [0x0000000080000000, 0x0000000093500000, 0x00000000d5580000)
  object space 316416K, 82% used [0x0000000080000000,0x000000008ff48120,0x0000000093500000)
 Metaspace       used 94913K, capacity 97873K, committed 99456K, reserved 1136640K
  class space    used 11337K, capacity 11829K, committed 12160K, reserved 1048576K
2023-05-21T00:03:35.951+0600: 5007088.033: [GC (Allocation Failure) [PSYoungGen: 669594K->10514K(679936K)] 931003K->271938K(996352K), 0.0104153 secs] [Times: user=0.01 sys=0.00, real=0.01 secs] 
Heap after GC invocations=994 (full 4):
 PSYoungGen      total 679936K, used 10514K [0x00000000d5580000, 0x00000000ffe80000, 0x0000000100000000)
  eden space 663552K, 0% used [0x00000000d5580000,0x00000000d5580000,0x00000000fdd80000)
  from space 16384K, 64% used [0x00000000fee80000,0x00000000ff8c49b0,0x00000000ffe80000)
  to   space 16896K, 0% used [0x00000000fdd80000,0x00000000fdd80000,0x00000000fee00000)
 ParOldGen       total 316416K, used 261424K [0x0000000080000000, 0x0000000093500000, 0x00000000d5580000)
  object space 316416K, 82% used [0x0000000080000000,0x000000008ff4c120,0x0000000093500000)
 Metaspace       used 94913K, capacity 97873K, committed 99456K, reserved 1136640K
  class space    used 11337K, capacity 11829K, committed 12160K, reserved 1048576K
}
{Heap before GC invocations=995 (full 4):
 PSYoungGen      total 679936K, used 674066K [0x00000000d5580000, 0x00000000ffe80000, 0x0000000100000000)
  eden space 663552K, 100% used [0x00000000d5580000,0x00000000fdd80000,0x00000000fdd80000)
  from space 16384K, 64% used [0x00000000fee80000,0x00000000ff8c49b0,0x00000000ffe80000)
  to   space 16896K, 0% used [0x00000000fdd80000,0x00000000fdd80000,0x00000000fee00000)
 ParOldGen       total 316416K, used 261424K [0x0000000080000000, 0x0000000093500000, 0x00000000d5580000)
  object space 316416K, 82% used [0x0000000080000000,0x000000008ff4c120,0x0000000093500000)
 Metaspace       used 94913K, capacity 97873K, committed 99456K, reserved 1136640K
  class space    used 11337K, capacity 11829K, committed 12160K, reserved 1048576K
2023-05-21T00:03:39.263+0600: 5007091.345: [GC (Allocation Failure) [PSYoungGen: 674066K->8617K(680448K)] 935490K->270185K(996864K), 0.0098990 secs] [Times: user=0.02 sys=0.00, real=0.01 secs] 
Heap after GC invocations=995 (full 4):
 PSYoungGen      total 680448K, used 8617K [0x00000000d5580000, 0x00000000fff80000, 0x0000000100000000)
  eden space 663552K, 0% used [0x00000000d5580000,0x00000000d5580000,0x00000000fdd80000)
  from space 16896K, 51% used [0x00000000fdd80000,0x00000000fe5ea4e8,0x00000000fee00000)
  to   space 16384K, 0% used [0x00000000fef80000,0x00000000fef80000,0x00000000fff80000)
 ParOldGen       total 316416K, used 261567K [0x0000000080000000, 0x0000000093500000, 0x00000000d5580000)
  object space 316416K, 82% used [0x0000000080000000,0x000000008ff6ff40,0x0000000093500000)
 Metaspace       used 94913K, capacity 97873K, committed 99456K, reserved 1136640K
  class space    used 11337K, capacity 11829K, committed 12160K, reserved 1048576K
}
{Heap before GC invocations=996 (full 4):
 PSYoungGen      total 680448K, used 669140K [0x00000000d5580000, 0x00000000fff80000, 0x0000000100000000)
  eden space 663552K, 99% used [0x00000000d5580000,0x00000000fda8ae40,0x00000000fdd80000)
  from space 16896K, 51% used [0x00000000fdd80000,0x00000000fe5ea4e8,0x00000000fee00000)
  to   space 16384K, 0% used [0x00000000fef80000,0x00000000fef80000,0x00000000fff80000)
 ParOldGen       total 316416K, used 261567K [0x0000000080000000, 0x0000000093500000, 0x00000000d5580000)
  object space 316416K, 82% used [0x0000000080000000,0x000000008ff6ff40,0x0000000093500000)
 Metaspace       used 94913K, capacity 97873K, committed 99456K, reserved 1136640K
  class space    used 11337K, capacity 11829K, committed 12160K, reserved 1048576K
2023-05-21T00:03:42.860+0600: 5007094.942: [GC (Allocation Failure) [PSYoungGen: 669140K->10386K(680960K)] 930708K->271978K(997376K), 0.0099076 secs] [Times: user=0.01 sys=0.00, real=0.01 secs] 
Heap after GC invocations=996 (full 4):
 PSYoungGen      total 680960K, used 10386K [0x00000000d5580000, 0x00000000ffe80000, 0x0000000100000000)
  eden space 665600K, 0% used [0x00000000d5580000,0x00000000d5580000,0x00000000fdf80000)
  from space 15360K, 67% used [0x00000000fef80000,0x00000000ff9a49a0,0x00000000ffe80000)
  to   space 15872K, 0% used [0x00000000fdf80000,0x00000000fdf80000,0x00000000fef00000)
 ParOldGen       total 316416K, used 261591K [0x0000000080000000, 0x0000000093500000, 0x00000000d5580000)
  object space 316416K, 82% used [0x0000000080000000,0x000000008ff75f40,0x0000000093500000)
 Metaspace       used 94913K, capacity 97873K, committed 99456K, reserved 1136640K
  class space    used 11337K, capacity 11829K, committed 12160K, reserved 1048576K
}
{Heap before GC invocations=997 (full 4):
 PSYoungGen      total 680960K, used 675986K [0x00000000d5580000, 0x00000000ffe80000, 0x0000000100000000)
  eden space 665600K, 100% used [0x00000000d5580000,0x00000000fdf80000,0x00000000fdf80000)
  from space 15360K, 67% used [0x00000000fef80000,0x00000000ff9a49a0,0x00000000ffe80000)
  to   space 15872K, 0% used [0x00000000fdf80000,0x00000000fdf80000,0x00000000fef00000)
 ParOldGen       total 316416K, used 261624K [0x0000000080000000, 0x0000000093500000, 0x00000000d5580000)
  object space 316416K, 82% used [0x0000000080000000,0x000000008ff7e2d8,0x0000000093500000)
 Metaspace       used 94913K, capacity 97873K, committed 99456K, reserved 1136640K
  class space    used 11337K, capacity 11829K, committed 12160K, reserved 1048576K
2023-05-21T00:03:46.196+0600: 5007098.279: [GC (GCLocker Initiated GC) [PSYoungGen: 675986K->8553K(681472K)] 937611K->270217K(997888K), 0.0087109 secs] [Times: user=0.01 sys=0.00, real=0.01 secs] 
Heap after GC invocations=997 (full 4):
 PSYoungGen      total 681472K, used 8553K [0x00000000d5580000, 0x00000000fff80000, 0x0000000100000000)
  eden space 665600K, 0% used [0x00000000d5580000,0x00000000d5580000,0x00000000fdf80000)
  from space 15872K, 53% used [0x00000000fdf80000,0x00000000fe7da4e8,0x00000000fef00000)
  to   space 15360K, 0% used [0x00000000ff080000,0x00000000ff080000,0x00000000fff80000)
 ParOldGen       total 316416K, used 261664K [0x0000000080000000, 0x0000000093500000, 0x00000000d5580000)
  object space 316416K, 82% used [0x0000000080000000,0x000000008ff88228,0x0000000093500000)
 Metaspace       used 94913K, capacity 97873K, committed 99456K, reserved 1136640K
  class space    used 11337K, capacity 11829K, committed 12160K, reserved 1048576K
}
{Heap before GC invocations=998 (full 4):
 PSYoungGen      total 681472K, used 674153K [0x00000000d5580000, 0x00000000fff80000, 0x0000000100000000)
  eden space 665600K, 100% used [0x00000000d5580000,0x00000000fdf80000,0x00000000fdf80000)
  from space 15872K, 53% used [0x00000000fdf80000,0x00000000fe7da4e8,0x00000000fef00000)
  to   space 15360K, 0% used [0x00000000ff080000,0x00000000ff080000,0x00000000fff80000)
 ParOldGen       total 328704K, used 326015K [0x0000000080000000, 0x0000000094100000, 0x00000000d5580000)
  object space 328704K, 99% used [0x0000000080000000,0x0000000093e5fcd8,0x0000000094100000)
 Metaspace       used 94913K, capacity 97873K, committed 99456K, reserved 1136640K
  class space    used 11337K, capacity 11829K, committed 12160K, reserved 1048576K
2023-05-21T00:03:50.168+0600: 5007102.251: [GC (Allocation Failure) [PSYoungGen: 674153K->7636K(683008K)] 1000168K->333667K(1011712K), 0.0155144 secs] [Times: user=0.02 sys=0.00, real=0.02 secs] 
Heap after GC invocations=998 (full 4):
 PSYoungGen      total 683008K, used 7636K [0x00000000d5580000, 0x00000000fff80000, 0x0000000100000000)
  eden space 667648K, 0% used [0x00000000d5580000,0x00000000d5580000,0x00000000fe180000)
  from space 15360K, 49% used [0x00000000ff080000,0x00000000ff7f50f8,0x00000000fff80000)
  to   space 15360K, 0% used [0x00000000fe180000,0x00000000fe180000,0x00000000ff080000)
 ParOldGen       total 328704K, used 326031K [0x0000000080000000, 0x0000000094100000, 0x00000000d5580000)
  object space 328704K, 99% used [0x0000000080000000,0x0000000093e63cd8,0x0000000094100000)
 Metaspace       used 94913K, capacity 97873K, committed 99456K, reserved 1136640K
  class space    used 11337K, capacity 11829K, committed 12160K, reserved 1048576K
}
{Heap before GC invocations=999 (full 4):
 PSYoungGen      total 683008K, used 675284K [0x00000000d5580000, 0x00000000fff80000, 0x0000000100000000)
  eden space 667648K, 100% used [0x00000000d5580000,0x00000000fe180000,0x00000000fe180000)
  from space 15360K, 49% used [0x00000000ff080000,0x00000000ff7f50f8,0x00000000fff80000)
  to   space 15360K, 0% used [0x00000000fe180000,0x00000000fe180000,0x00000000ff080000)
 ParOldGen       total 328704K, used 326031K [0x0000000080000000, 0x0000000094100000, 0x00000000d5580000)
  object space 328704K, 99% used [0x0000000080000000,0x0000000093e63cd8,0x0000000094100000)
 Metaspace       used 94913K, capacity 97873K, committed 99456K, reserved 1136640K
  class space    used 11337K, capacity 11829K, committed 12160K, reserved 1048576K
2023-05-21T00:03:53.190+0600: 5007105.272: [GC (Allocation Failure) [PSYoungGen: 675284K->8393K(683008K)] 1001315K->334464K(1011712K), 0.0094762 secs] [Times: user=0.01 sys=0.00, real=0.01 secs] 
Heap after GC invocations=999 (full 4):
 PSYoungGen      total 683008K, used 8393K [0x00000000d5580000, 0x0000000100000000, 0x0000000100000000)
  eden space 667648K, 0% used [0x00000000d5580000,0x00000000d5580000,0x00000000fe180000)
  from space 15360K, 54% used [0x00000000fe180000,0x00000000fe9b24f8,0x00000000ff080000)
  to   space 15360K, 0% used [0x00000000ff100000,0x00000000ff100000,0x0000000100000000)
 ParOldGen       total 328704K, used 326071K [0x0000000080000000, 0x0000000094100000, 0x00000000d5580000)
  object space 328704K, 99% used [0x0000000080000000,0x0000000093e6dcd8,0x0000000094100000)
 Metaspace       used 94913K, capacity 97873K, committed 99456K, reserved 1136640K
  class space    used 11337K, capacity 11829K, committed 12160K, reserved 1048576K
}
{Heap before GC invocations=1000 (full 4):
 PSYoungGen      total 683008K, used 673236K [0x00000000d5580000, 0x0000000100000000, 0x0000000100000000)
  eden space 667648K, 99% used [0x00000000d5580000,0x00000000fdec2df0,0x00000000fe180000)
  from space 15360K, 54% used [0x00000000fe180000,0x00000000fe9b24f8,0x00000000ff080000)
  to   space 15360K, 0% used [0x00000000ff100000,0x00000000ff100000,0x0000000100000000)
 ParOldGen       total 328704K, used 326071K [0x0000000080000000, 0x0000000094100000, 0x00000000d5580000)
  object space 328704K, 99% used [0x0000000080000000,0x0000000093e6dcd8,0x0000000094100000)
 Metaspace       used 94913K, capacity 97873K, committed 99456K, reserved 1136640K
  class space    used 11337K, capacity 11829K, committed 12160K, reserved 1048576K
2023-05-21T00:03:57.285+0600: 5007109.368: [GC (Allocation Failure) [PSYoungGen: 673236K->14590K(681472K)] 999307K->340701K(1010176K), 0.0182781 secs] [Times: user=0.04 sys=0.00, real=0.02 secs] 
Heap after GC invocations=1000 (full 4):
 PSYoungGen      total 681472K, used 14590K [0x00000000d5580000, 0x0000000100000000, 0x0000000100000000)
  eden space 666112K, 0% used [0x00000000d5580000,0x00000000d5580000,0x00000000fe000000)
  from space 15360K, 94% used [0x00000000ff100000,0x00000000fff3f9d0,0x0000000100000000)
  to   space 16384K, 0% used [0x00000000fe000000,0x00000000fe000000,0x00000000ff000000)
 ParOldGen       total 328704K, used 326111K [0x0000000080000000, 0x0000000094100000, 0x00000000d5580000)
  object space 328704K, 99% used [0x0000000080000000,0x0000000093e77c28,0x0000000094100000)
 Metaspace       used 94913K, capacity 97873K, committed 99456K, reserved 1136640K
  class space    used 11337K, capacity 11829K, committed 12160K, reserved 1048576K
}
{Heap before GC invocations=1001 (full 4):
 PSYoungGen      total 681472K, used 680702K [0x00000000d5580000, 0x0000000100000000, 0x0000000100000000)
  eden space 666112K, 100% used [0x00000000d5580000,0x00000000fe000000,0x00000000fe000000)
  from space 15360K, 94% used [0x00000000ff100000,0x00000000fff3f9d0,0x0000000100000000)
  to   space 16384K, 0% used [0x00000000fe000000,0x00000000fe000000,0x00000000ff000000)
 ParOldGen       total 328704K, used 326111K [0x0000000080000000, 0x0000000094100000, 0x00000000d5580000)
  object space 328704K, 99% used [0x0000000080000000,0x0000000093e77c28,0x0000000094100000)
 Metaspace       used 94913K, capacity 97873K, committed 99456K, reserved 1136640K
  class space    used 11337K, capacity 11829K, committed 12160K, reserved 1048576K
2023-05-21T00:04:00.565+0600: 5007112.648: [GC (Allocation Failure) [PSYoungGen: 680702K->8745K(682496K)] 1006813K->334888K(1011200K), 0.0092088 secs] [Times: user=0.01 sys=0.00, real=0.01 secs] 
Heap after GC invocations=1001 (full 4):
 PSYoungGen      total 682496K, used 8745K [0x00000000d5580000, 0x0000000100000000, 0x0000000100000000)
  eden space 666112K, 0% used [0x00000000d5580000,0x00000000d5580000,0x00000000fe000000)
  from space 16384K, 53% used [0x00000000fe000000,0x00000000fe88a518,0x00000000ff000000)
  to   space 15872K, 0% used [0x00000000ff080000,0x00000000ff080000,0x0000000100000000)
 ParOldGen       total 328704K, used 326143K [0x0000000080000000, 0x0000000094100000, 0x00000000d5580000)
  object space 328704K, 99% used [0x0000000080000000,0x0000000093e7fc28,0x0000000094100000)
 Metaspace       used 94913K, capacity 97873K, committed 99456K, reserved 1136640K
  class space    used 11337K, capacity 11829K, committed 12160K, reserved 1048576K
}
{Heap before GC invocations=1002 (full 4):
 PSYoungGen      total 682496K, used 671488K [0x00000000d5580000, 0x0000000100000000, 0x0000000100000000)
  eden space 666112K, 99% used [0x00000000d5580000,0x00000000fdcb5c08,0x00000000fe000000)
  from space 16384K, 53% used [0x00000000fe000000,0x00000000fe88a518,0x00000000ff000000)
  to   space 15872K, 0% used [0x00000000ff080000,0x00000000ff080000,0x0000000100000000)
 ParOldGen       total 328704K, used 326143K [0x0000000080000000, 0x0000000094100000, 0x00000000d5580000)
  object space 328704K, 99% used [0x0000000080000000,0x0000000093e7fc28,0x0000000094100000)
 Metaspace       used 94913K, capacity 97873K, committed 99456K, reserved 1136640K
  class space    used 11337K, capacity 11829K, committed 12160K, reserved 1048576K
2023-05-21T00:04:04.443+0600: 5007116.526: [GC (Allocation Failure) [PSYoungGen: 671488K->14619K(679936K)] 997631K->340786K(1008640K), 0.0114209 secs] [Times: user=0.02 sys=0.00, real=0.01 secs] 
Heap after GC invocations=1002 (full 4):
 PSYoungGen      total 679936K, used 14619K [0x00000000d5580000, 0x0000000100000000, 0x0000000100000000)
  eden space 664064K, 0% used [0x00000000d5580000,0x00000000d5580000,0x00000000fde00000)
  from space 15872K, 92% used [0x00000000ff080000,0x00000000ffec6e88,0x0000000100000000)
  to   space 17408K, 0% used [0x00000000fde00000,0x00000000fde00000,0x00000000fef00000)
 ParOldGen       total 328704K, used 326167K [0x0000000080000000, 0x0000000094100000, 0x00000000d5580000)
  object space 328704K, 99% used [0x0000000080000000,0x0000000093e85c28,0x0000000094100000)
 Metaspace       used 94913K, capacity 97873K, committed 99456K, reserved 1136640K
  class space    used 11337K, capacity 11829K, committed 12160K, reserved 1048576K
}
{Heap before GC invocations=1003 (full 4):
 PSYoungGen      total 679936K, used 678683K [0x00000000d5580000, 0x0000000100000000, 0x0000000100000000)
  eden space 664064K, 100% used [0x00000000d5580000,0x00000000fde00000,0x00000000fde00000)
  from space 15872K, 92% used [0x00000000ff080000,0x00000000ffec6e88,0x0000000100000000)
  to   space 17408K, 0% used [0x00000000fde00000,0x00000000fde00000,0x00000000fef00000)
 ParOldGen       total 328704K, used 326167K [0x0000000080000000, 0x0000000094100000, 0x00000000d5580000)
  object space 328704K, 99% used [0x0000000080000000,0x0000000093e85c28,0x0000000094100000)
 Metaspace       used 94913K, capacity 97873K, committed 99456K, reserved 1136640K
  class space    used 11337K, capacity 11829K, committed 12160K, reserved 1048576K
2023-05-21T00:04:07.321+0600: 5007119.403: [GC (Allocation Failure) [PSYoungGen: 678683K->8745K(681472K)] 1004850K->335008K(1010176K), 0.0094347 secs] [Times: user=0.01 sys=0.00, real=0.01 secs] 
Heap after GC invocations=1003 (full 4):
 PSYoungGen      total 681472K, used 8745K [0x00000000d5580000, 0x0000000100000000, 0x0000000100000000)
  eden space 664064K, 0% used [0x00000000d5580000,0x00000000d5580000,0x00000000fde00000)
  from space 17408K, 50% used [0x00000000fde00000,0x00000000fe68a518,0x00000000fef00000)
  to   space 16896K, 0% used [0x00000000fef80000,0x00000000fef80000,0x0000000100000000)
 ParOldGen       total 328704K, used 326262K [0x0000000080000000, 0x0000000094100000, 0x00000000d5580000)
  object space 328704K, 99% used [0x0000000080000000,0x0000000093e9dba8,0x0000000094100000)
 Metaspace       used 94913K, capacity 97873K, committed 99456K, reserved 1136640K
  class space    used 11337K, capacity 11829K, committed 12160K, reserved 1048576K
}
{Heap before GC invocations=1004 (full 4):
 PSYoungGen      total 681472K, used 669345K [0x00000000d5580000, 0x0000000100000000, 0x0000000100000000)
  eden space 664064K, 99% used [0x00000000d5580000,0x00000000fda9e010,0x00000000fde00000)
  from space 17408K, 50% used [0x00000000fde00000,0x00000000fe68a518,0x00000000fef00000)
  to   space 16896K, 0% used [0x00000000fef80000,0x00000000fef80000,0x0000000100000000)
 ParOldGen       total 328704K, used 326262K [0x0000000080000000, 0x0000000094100000, 0x00000000d5580000)
  object space 328704K, 99% used [0x0000000080000000,0x0000000093e9dba8,0x0000000094100000)
 Metaspace       used 94913K, capacity 97873K, committed 99456K, reserved 1136640K
  class space    used 11337K, capacity 11829K, committed 12160K, reserved 1048576K
2023-05-21T00:04:11.205+0600: 5007123.288: [GC (Allocation Failure) [PSYoungGen: 669345K->10674K(679936K)] 995608K->337008K(1008640K), 0.0136101 secs] [Times: user=0.03 sys=0.00, real=0.02 secs] 
Heap after GC invocations=1004 (full 4):
 PSYoungGen      total 679936K, used 10674K [0x00000000d5580000, 0x00000000ffe80000, 0x0000000100000000)
  eden space 664576K, 0% used [0x00000000d5580000,0x00000000d5580000,0x00000000fde80000)
  from space 15360K, 69% used [0x00000000fef80000,0x00000000ff9ec9c0,0x00000000ffe80000)
  to   space 16384K, 0% used [0x00000000fde80000,0x00000000fde80000,0x00000000fee80000)
 ParOldGen       total 328704K, used 326334K [0x0000000080000000, 0x0000000094100000, 0x00000000d5580000)
  object space 328704K, 99% used [0x0000000080000000,0x0000000093eaf998,0x0000000094100000)
 Metaspace       used 94913K, capacity 97873K, committed 99456K, reserved 1136640K
  class space    used 11337K, capacity 11829K, committed 12160K, reserved 1048576K
}
{Heap before GC invocations=1005 (full 4):
 PSYoungGen      total 679936K, used 675250K [0x00000000d5580000, 0x00000000ffe80000, 0x0000000100000000)
  eden space 664576K, 100% used [0x00000000d5580000,0x00000000fde80000,0x00000000fde80000)
  from space 15360K, 69% used [0x00000000fef80000,0x00000000ff9ec9c0,0x00000000ffe80000)
  to   space 16384K, 0% used [0x00000000fde80000,0x00000000fde80000,0x00000000fee80000)
 ParOldGen       total 328704K, used 326334K [0x0000000080000000, 0x0000000094100000, 0x00000000d5580000)
  object space 328704K, 99% used [0x0000000080000000,0x0000000093eaf998,0x0000000094100000)
 Metaspace       used 94913K, capacity 97873K, committed 99456K, reserved 1136640K
  class space    used 11337K, capacity 11829K, committed 12160K, reserved 1048576K
2023-05-21T00:04:14.053+0600: 5007126.136: [GC (Allocation Failure) [PSYoungGen: 675250K->1408K(680960K)] 1001584K->327766K(1009664K), 0.0082683 secs] [Times: user=0.02 sys=0.00, real=0.01 secs] 
Heap after GC invocations=1005 (full 4):
 PSYoungGen      total 680960K, used 1408K [0x00000000d5580000, 0x0000000100000000, 0x0000000100000000)
  eden space 664576K, 0% used [0x00000000d5580000,0x00000000d5580000,0x00000000fde80000)
  from space 16384K, 8% used [0x00000000fde80000,0x00000000fdfe0040,0x00000000fee80000)
  to   space 17408K, 0% used [0x00000000fef00000,0x00000000fef00000,0x0000000100000000)
 ParOldGen       total 328704K, used 326358K [0x0000000080000000, 0x0000000094100000, 0x00000000d5580000)
  object space 328704K, 99% used [0x0000000080000000,0x0000000093eb5998,0x0000000094100000)
 Metaspace       used 94913K, capacity 97873K, committed 99456K, reserved 1136640K
  class space    used 11337K, capacity 11829K, committed 12160K, reserved 1048576K
}
{Heap before GC invocations=1006 (full 4):
 PSYoungGen      total 680960K, used 664136K [0x00000000d5580000, 0x0000000100000000, 0x0000000100000000)
  eden space 664576K, 99% used [0x00000000d5580000,0x00000000fdcb20d0,0x00000000fde80000)
  from space 16384K, 8% used [0x00000000fde80000,0x00000000fdfe0040,0x00000000fee80000)
  to   space 17408K, 0% used [0x00000000fef00000,0x00000000fef00000,0x0000000100000000)
 ParOldGen       total 328704K, used 326358K [0x0000000080000000, 0x0000000094100000, 0x00000000d5580000)
  object space 328704K, 99% used [0x0000000080000000,0x0000000093eb5998,0x0000000094100000)
 Metaspace       used 94913K, capacity 97873K, committed 99456K, reserved 1136640K
  class space    used 11337K, capacity 11829K, committed 12160K, reserved 1048576K
2023-05-21T00:04:17.866+0600: 5007129.949: [GC (Allocation Failure) [PSYoungGen: 664136K->10706K(681984K)] 990494K->337088K(1010688K), 0.0135815 secs] [Times: user=0.03 sys=0.00, real=0.02 secs] 
Heap after GC invocations=1006 (full 4):
 PSYoungGen      total 681984K, used 10706K [0x00000000d5580000, 0x0000000100000000, 0x0000000100000000)
  eden space 664576K, 0% used [0x00000000d5580000,0x00000000d5580000,0x00000000fde80000)
  from space 17408K, 61% used [0x00000000fef00000,0x00000000ff9749c0,0x0000000100000000)
  to   space 16896K, 0% used [0x00000000fde80000,0x00000000fde80000,0x00000000fef00000)
 ParOldGen       total 328704K, used 326382K [0x0000000080000000, 0x0000000094100000, 0x00000000d5580000)
  object space 328704K, 99% used [0x0000000080000000,0x0000000093ebb998,0x0000000094100000)
 Metaspace       used 94913K, capacity 97873K, committed 99456K, reserved 1136640K
  class space    used 11337K, capacity 11829K, committed 12160K, reserved 1048576K
}
{Heap before GC invocations=1007 (full 4):
 PSYoungGen      total 681984K, used 675282K [0x00000000d5580000, 0x0000000100000000, 0x0000000100000000)
  eden space 664576K, 100% used [0x00000000d5580000,0x00000000fde80000,0x00000000fde80000)
  from space 17408K, 61% used [0x00000000fef00000,0x00000000ff9749c0,0x0000000100000000)
  to   space 16896K, 0% used [0x00000000fde80000,0x00000000fde80000,0x00000000fef00000)
 ParOldGen       total 328704K, used 326382K [0x0000000080000000, 0x0000000094100000, 0x00000000d5580000)
  object space 328704K, 99% used [0x0000000080000000,0x0000000093ebb998,0x0000000094100000)
 Metaspace       used 94913K, capacity 97873K, committed 99456K, reserved 1136640K
  class space    used 11337K, capacity 11829K, committed 12160K, reserved 1048576K
2023-05-21T00:04:21.374+0600: 5007133.457: [GC (Allocation Failure) [PSYoungGen: 675282K->1280K(666112K)] 1001664K->327702K(994816K), 0.0108441 secs] [Times: user=0.02 sys=0.00, real=0.01 secs] 
Heap after GC invocations=1007 (full 4):
 PSYoungGen      total 666112K, used 1280K [0x00000000d5580000, 0x0000000100000000, 0x0000000100000000)
  eden space 664576K, 0% used [0x00000000d5580000,0x00000000d5580000,0x00000000fde80000)
  from space 1536K, 83% used [0x00000000fde80000,0x00000000fdfc0060,0x00000000fe000000)
  to   space 17920K, 0% used [0x00000000fee80000,0x00000000fee80000,0x0000000100000000)
 ParOldGen       total 328704K, used 326422K [0x0000000080000000, 0x0000000094100000, 0x00000000d5580000)
  object space 328704K, 99% used [0x0000000080000000,0x0000000093ec58e8,0x0000000094100000)
 Metaspace       used 94913K, capacity 97873K, committed 99456K, reserved 1136640K
  class space    used 11337K, capacity 11829K, committed 12160K, reserved 1048576K
}
{Heap before GC invocations=1008 (full 4):
 PSYoungGen      total 666112K, used 662078K [0x00000000d5580000, 0x0000000100000000, 0x0000000100000000)
  eden space 664576K, 99% used [0x00000000d5580000,0x00000000fdacfab8,0x00000000fde80000)
  from space 1536K, 83% used [0x00000000fde80000,0x00000000fdfc0060,0x00000000fe000000)
  to   space 17920K, 0% used [0x00000000fee80000,0x00000000fee80000,0x0000000100000000)
 ParOldGen       total 328704K, used 326422K [0x0000000080000000, 0x0000000094100000, 0x00000000d5580000)
  object space 328704K, 99% used [0x0000000080000000,0x0000000093ec58e8,0x0000000094100000)
 Metaspace       used 94913K, capacity 97873K, committed 99456K, reserved 1136640K
  class space    used 11337K, capacity 11829K, committed 12160K, reserved 1048576K
2023-05-21T00:04:24.886+0600: 5007136.968: [GC (Allocation Failure) [PSYoungGen: 662078K->14555K(678912K)] 988501K->340993K(1007616K), 0.0189633 secs] [Times: user=0.03 sys=0.00, real=0.02 secs] 
Heap after GC invocations=1008 (full 4):
 PSYoungGen      total 678912K, used 14555K [0x00000000d5580000, 0x0000000100000000, 0x0000000100000000)
  eden space 660992K, 0% used [0x00000000d5580000,0x00000000d5580000,0x00000000fdb00000)
  from space 17920K, 81% used [0x00000000fee80000,0x00000000ffcb6e88,0x0000000100000000)
  to   space 18944K, 0% used [0x00000000fdb00000,0x00000000fdb00000,0x00000000fed80000)
 ParOldGen       total 328704K, used 326438K [0x0000000080000000, 0x0000000094100000, 0x00000000d5580000)
  object space 328704K, 99% used [0x0000000080000000,0x0000000093ec98e8,0x0000000094100000)
 Metaspace       used 94913K, capacity 97873K, committed 99456K, reserved 1136640K
  class space    used 11337K, capacity 11829K, committed 12160K, reserved 1048576K
}
{Heap before GC invocations=1009 (full 4):
 PSYoungGen      total 678912K, used 675547K [0x00000000d5580000, 0x0000000100000000, 0x0000000100000000)
  eden space 660992K, 100% used [0x00000000d5580000,0x00000000fdb00000,0x00000000fdb00000)
  from space 17920K, 81% used [0x00000000fee80000,0x00000000ffcb6e88,0x0000000100000000)
  to   space 18944K, 0% used [0x00000000fdb00000,0x00000000fdb00000,0x00000000fed80000)
 ParOldGen       total 328704K, used 326438K [0x0000000080000000, 0x0000000094100000, 0x00000000d5580000)
  object space 328704K, 99% used [0x0000000080000000,0x0000000093ec98e8,0x0000000094100000)
 Metaspace       used 94913K, capacity 97873K, committed 99456K, reserved 1136640K
  class space    used 11337K, capacity 11829K, committed 12160K, reserved 1048576K
2023-05-21T00:04:28.326+0600: 5007140.408: [GC (Allocation Failure) [PSYoungGen: 675547K->1344K(662528K)] 1001985K->327869K(991232K), 0.0149384 secs] [Times: user=0.03 sys=0.00, real=0.02 secs] 
Heap after GC invocations=1009 (full 4):
 PSYoungGen      total 662528K, used 1344K [0x00000000d5580000, 0x0000000100000000, 0x0000000100000000)
  eden space 660992K, 0% used [0x00000000d5580000,0x00000000d5580000,0x00000000fdb00000)
  from space 1536K, 87% used [0x00000000fdb00000,0x00000000fdc50050,0x00000000fdc80000)
  to   space 19456K, 0% used [0x00000000fed00000,0x00000000fed00000,0x0000000100000000)
 ParOldGen       total 328704K, used 326525K [0x0000000080000000, 0x0000000094100000, 0x00000000d5580000)
  object space 328704K, 99% used [0x0000000080000000,0x0000000093edf6d8,0x0000000094100000)
 Metaspace       used 94913K, capacity 97873K, committed 99456K, reserved 1136640K
  class space    used 11337K, capacity 11829K, committed 12160K, reserved 1048576K
}
{Heap before GC invocations=1010 (full 4):
 PSYoungGen      total 662528K, used 660072K [0x00000000d5580000, 0x0000000100000000, 0x0000000100000000)
  eden space 660992K, 99% used [0x00000000d5580000,0x00000000fd8c9fb8,0x00000000fdb00000)
  from space 1536K, 87% used [0x00000000fdb00000,0x00000000fdc50050,0x00000000fdc80000)
  to   space 19456K, 0% used [0x00000000fed00000,0x00000000fed00000,0x0000000100000000)
 ParOldGen       total 328704K, used 326525K [0x0000000080000000, 0x0000000094100000, 0x00000000d5580000)
  object space 328704K, 99% used [0x0000000080000000,0x0000000093edf6d8,0x0000000094100000)
 Metaspace       used 94913K, capacity 97873K, committed 99456K, reserved 1136640K
  class space    used 11337K, capacity 11829K, committed 12160K, reserved 1048576K
2023-05-21T00:04:31.759+0600: 5007143.841: [GC (Allocation Failure) [PSYoungGen: 660072K->14459K(677376K)] 986597K->341017K(1006080K), 0.0180011 secs] [Times: user=0.03 sys=0.00, real=0.02 secs] 
Heap after GC invocations=1010 (full 4):
 PSYoungGen      total 677376K, used 14459K [0x00000000d5580000, 0x0000000100000000, 0x0000000100000000)
  eden space 657920K, 0% used [0x00000000d5580000,0x00000000d5580000,0x00000000fd800000)
  from space 19456K, 74% used [0x00000000fed00000,0x00000000ffb1ee78,0x0000000100000000)
  to   space 20480K, 0% used [0x00000000fd800000,0x00000000fd800000,0x00000000fec00000)
 ParOldGen       total 328704K, used 326557K [0x0000000080000000, 0x0000000094100000, 0x00000000d5580000)
  object space 328704K, 99% used [0x0000000080000000,0x0000000093ee7628,0x0000000094100000)
 Metaspace       used 94913K, capacity 97873K, committed 99456K, reserved 1136640K
  class space    used 11337K, capacity 11829K, committed 12160K, reserved 1048576K
}
{Heap before GC invocations=1011 (full 4):
 PSYoungGen      total 677376K, used 672379K [0x00000000d5580000, 0x0000000100000000, 0x0000000100000000)
  eden space 657920K, 100% used [0x00000000d5580000,0x00000000fd800000,0x00000000fd800000)
  from space 19456K, 74% used [0x00000000fed00000,0x00000000ffb1ee78,0x0000000100000000)
  to   space 20480K, 0% used [0x00000000fd800000,0x00000000fd800000,0x00000000fec00000)
 ParOldGen       total 328704K, used 326557K [0x0000000080000000, 0x0000000094100000, 0x00000000d5580000)
  object space 328704K, 99% used [0x0000000080000000,0x0000000093ee7628,0x0000000094100000)
 Metaspace       used 94913K, capacity 97873K, committed 99456K, reserved 1136640K
  class space    used 11337K, capacity 11829K, committed 12160K, reserved 1048576K
2023-05-21T00:04:34.674+0600: 5007146.757: [GC (Allocation Failure) [PSYoungGen: 672379K->1440K(678400K)] 998937K->328021K(1007104K), 0.0078431 secs] [Times: user=0.01 sys=0.00, real=0.01 secs] 
Heap after GC invocations=1011 (full 4):
 PSYoungGen      total 678400K, used 1440K [0x00000000d5580000, 0x0000000100000000, 0x0000000100000000)
  eden space 657920K, 0% used [0x00000000d5580000,0x00000000d5580000,0x00000000fd800000)
  from space 20480K, 7% used [0x00000000fd800000,0x00000000fd968040,0x00000000fec00000)
  to   space 20480K, 0% used [0x00000000fec00000,0x00000000fec00000,0x0000000100000000)
 ParOldGen       total 328704K, used 326581K [0x0000000080000000, 0x0000000094100000, 0x00000000d5580000)
  object space 328704K, 99% used [0x0000000080000000,0x0000000093eed628,0x0000000094100000)
 Metaspace       used 94913K, capacity 97873K, committed 99456K, reserved 1136640K
  class space    used 11337K, capacity 11829K, committed 12160K, reserved 1048576K
}
{Heap before GC invocations=1012 (full 4):
 PSYoungGen      total 678400K, used 655657K [0x00000000d5580000, 0x0000000100000000, 0x0000000100000000)
  eden space 657920K, 99% used [0x00000000d5580000,0x00000000fd4626f0,0x00000000fd800000)
  from space 20480K, 7% used [0x00000000fd800000,0x00000000fd968040,0x00000000fec00000)
  to   space 20480K, 0% used [0x00000000fec00000,0x00000000fec00000,0x0000000100000000)
 ParOldGen       total 328704K, used 326581K [0x0000000080000000, 0x0000000094100000, 0x00000000d5580000)
  object space 328704K, 99% used [0x0000000080000000,0x0000000093eed628,0x0000000094100000)
 Metaspace       used 94913K, capacity 97873K, committed 99456K, reserved 1136640K
  class space    used 11337K, capacity 11829K, committed 12160K, reserved 1048576K
2023-05-21T00:04:38.627+0600: 5007150.710: [GC (Allocation Failure) [PSYoungGen: 655657K->14491K(675328K)] 982239K->341105K(1004032K), 0.0133672 secs] [Times: user=0.03 sys=0.00, real=0.02 secs] 
Heap after GC invocations=1012 (full 4):
 PSYoungGen      total 675328K, used 14491K [0x00000000d5580000, 0x0000000100000000, 0x0000000100000000)
  eden space 654848K, 0% used [0x00000000d5580000,0x00000000d5580000,0x00000000fd500000)
  from space 20480K, 70% used [0x00000000fec00000,0x00000000ffa26e78,0x0000000100000000)
  to   space 22016K, 0% used [0x00000000fd500000,0x00000000fd500000,0x00000000fea80000)
 ParOldGen       total 328704K, used 326613K [0x0000000080000000, 0x0000000094100000, 0x00000000d5580000)
  object space 328704K, 99% used [0x0000000080000000,0x0000000093ef5628,0x0000000094100000)
 Metaspace       used 94913K, capacity 97873K, committed 99456K, reserved 1136640K
  class space    used 11337K, capacity 11829K, committed 12160K, reserved 1048576K
}
{Heap before GC invocations=1013 (full 4):
 PSYoungGen      total 675328K, used 669339K [0x00000000d5580000, 0x0000000100000000, 0x0000000100000000)
  eden space 654848K, 100% used [0x00000000d5580000,0x00000000fd500000,0x00000000fd500000)
  from space 20480K, 70% used [0x00000000fec00000,0x00000000ffa26e78,0x0000000100000000)
  to   space 22016K, 0% used [0x00000000fd500000,0x00000000fd500000,0x00000000fea80000)
 ParOldGen       total 328704K, used 326613K [0x0000000080000000, 0x0000000094100000, 0x00000000d5580000)
  object space 328704K, 99% used [0x0000000080000000,0x0000000093ef5628,0x0000000094100000)
 Metaspace       used 94913K, capacity 97873K, committed 99456K, reserved 1136640K
  class space    used 11337K, capacity 11829K, committed 12160K, reserved 1048576K
2023-05-21T00:04:41.543+0600: 5007153.626: [GC (Allocation Failure) [PSYoungGen: 669339K->1504K(676864K)] 995953K->328157K(1005568K), 0.0084120 secs] [Times: user=0.01 sys=0.00, real=0.01 secs] 
Heap after GC invocations=1013 (full 4):
 PSYoungGen      total 676864K, used 1504K [0x00000000d5580000, 0x0000000100000000, 0x0000000100000000)
  eden space 654848K, 0% used [0x00000000d5580000,0x00000000d5580000,0x00000000fd500000)
  from space 22016K, 6% used [0x00000000fd500000,0x00000000fd678040,0x00000000fea80000)
  to   space 22016K, 0% used [0x00000000fea80000,0x00000000fea80000,0x0000000100000000)
 ParOldGen       total 328704K, used 326653K [0x0000000080000000, 0x0000000094100000, 0x00000000d5580000)
  object space 328704K, 99% used [0x0000000080000000,0x0000000093eff578,0x0000000094100000)
 Metaspace       used 94913K, capacity 97873K, committed 99456K, reserved 1136640K
  class space    used 11337K, capacity 11829K, committed 12160K, reserved 1048576K
}
{Heap before GC invocations=1014 (full 4):
 PSYoungGen      total 676864K, used 653446K [0x00000000d5580000, 0x0000000100000000, 0x0000000100000000)
  eden space 654848K, 99% used [0x00000000d5580000,0x00000000fd229ad0,0x00000000fd500000)
  from space 22016K, 6% used [0x00000000fd500000,0x00000000fd678040,0x00000000fea80000)
  to   space 22016K, 0% used [0x00000000fea80000,0x00000000fea80000,0x0000000100000000)
 ParOldGen       total 328704K, used 326653K [0x0000000080000000, 0x0000000094100000, 0x00000000d5580000)
  object space 328704K, 99% used [0x0000000080000000,0x0000000093eff578,0x0000000094100000)
 Metaspace       used 94913K, capacity 97873K, committed 99456K, reserved 1136640K
  class space    used 11337K, capacity 11829K, committed 12160K, reserved 1048576K
2023-05-21T00:04:45.388+0600: 5007157.471: [GC (Allocation Failure) [PSYoungGen: 653446K->10450K(675840K)] 980100K->337311K(1004544K), 0.0176504 secs] [Times: user=0.03 sys=0.00, real=0.02 secs] 
Heap after GC invocations=1014 (full 4):
 PSYoungGen      total 675840K, used 10450K [0x00000000d5580000, 0x00000000fff00000, 0x0000000100000000)
  eden space 654848K, 0% used [0x00000000d5580000,0x00000000d5580000,0x00000000fd500000)
  from space 20992K, 49% used [0x00000000fea80000,0x00000000ff4b49b0,0x00000000fff00000)
  to   space 21504K, 0% used [0x00000000fd500000,0x00000000fd500000,0x00000000fea00000)
 ParOldGen       total 328704K, used 326860K [0x0000000080000000, 0x0000000094100000, 0x00000000d5580000)
  object space 328704K, 99% used [0x0000000080000000,0x0000000093f333c8,0x0000000094100000)
 Metaspace       used 94913K, capacity 97873K, committed 99456K, reserved 1136640K
  class space    used 11337K, capacity 11829K, committed 12160K, reserved 1048576K
}
{Heap before GC invocations=1015 (full 4):
 PSYoungGen      total 675840K, used 665298K [0x00000000d5580000, 0x00000000fff00000, 0x0000000100000000)
  eden space 654848K, 100% used [0x00000000d5580000,0x00000000fd500000,0x00000000fd500000)
  from space 20992K, 49% used [0x00000000fea80000,0x00000000ff4b49b0,0x00000000fff00000)
  to   space 21504K, 0% used [0x00000000fd500000,0x00000000fd500000,0x00000000fea00000)
 ParOldGen       total 328704K, used 326860K [0x0000000080000000, 0x0000000094100000, 0x00000000d5580000)
  object space 328704K, 99% used [0x0000000080000000,0x0000000093f333c8,0x0000000094100000)
 Metaspace       used 94913K, capacity 97873K, committed 99456K, reserved 1136640K
  class space    used 11337K, capacity 11829K, committed 12160K, reserved 1048576K
2023-05-21T00:04:48.252+0600: 5007160.334: [GC (Allocation Failure) [PSYoungGen: 665298K->8361K(676352K)] 992159K->335357K(1005056K), 0.0109357 secs] [Times: user=0.01 sys=0.00, real=0.01 secs] 
Heap after GC invocations=1015 (full 4):
 PSYoungGen      total 676352K, used 8361K [0x00000000d5580000, 0x00000000ffd80000, 0x0000000100000000)
  eden space 654848K, 0% used [0x00000000d5580000,0x00000000d5580000,0x00000000fd500000)
  from space 21504K, 38% used [0x00000000fd500000,0x00000000fdd2a4e8,0x00000000fea00000)
  to   space 19968K, 0% used [0x00000000fea00000,0x00000000fea00000,0x00000000ffd80000)
 ParOldGen       total 328704K, used 326996K [0x0000000080000000, 0x0000000094100000, 0x00000000d5580000)
  object space 328704K, 99% used [0x0000000080000000,0x0000000093f551e8,0x0000000094100000)
 Metaspace       used 94913K, capacity 97873K, committed 99456K, reserved 1136640K
  class space    used 11337K, capacity 11829K, committed 12160K, reserved 1048576K
}
{Heap before GC invocations=1016 (full 4):
 PSYoungGen      total 676352K, used 663209K [0x00000000d5580000, 0x00000000ffd80000, 0x0000000100000000)
  eden space 654848K, 100% used [0x00000000d5580000,0x00000000fd500000,0x00000000fd500000)
  from space 21504K, 38% used [0x00000000fd500000,0x00000000fdd2a4e8,0x00000000fea00000)
  to   space 19968K, 0% used [0x00000000fea00000,0x00000000fea00000,0x00000000ffd80000)
 ParOldGen       total 328704K, used 326996K [0x0000000080000000, 0x0000000094100000, 0x00000000d5580000)
  object space 328704K, 99% used [0x0000000080000000,0x0000000093f551e8,0x0000000094100000)
 Metaspace       used 94913K, capacity 97873K, committed 99456K, reserved 1136640K
  class space    used 11337K, capacity 11829K, committed 12160K, reserved 1048576K
2023-05-21T00:04:52.101+0600: 5007164.183: [GC (Allocation Failure) [PSYoungGen: 663209K->11197K(676352K)] 990205K->338345K(1005056K), 0.0108494 secs] [Times: user=0.02 sys=0.00, real=0.01 secs] 
Heap after GC invocations=1016 (full 4):
 PSYoungGen      total 676352K, used 11197K [0x00000000d5580000, 0x00000000ffe80000, 0x0000000100000000)
  eden space 656384K, 0% used [0x00000000d5580000,0x00000000d5580000,0x00000000fd680000)
  from space 19968K, 56% used [0x00000000fea00000,0x00000000ff4ef5a0,0x00000000ffd80000)
  to   space 19968K, 0% used [0x00000000fd680000,0x00000000fd680000,0x00000000fea00000)
 ParOldGen       total 328704K, used 327147K [0x0000000080000000, 0x0000000094100000, 0x00000000d5580000)
  object space 328704K, 99% used [0x0000000080000000,0x0000000093f7af58,0x0000000094100000)
 Metaspace       used 94913K, capacity 97873K, committed 99456K, reserved 1136640K
  class space    used 11337K, capacity 11829K, committed 12160K, reserved 1048576K
}
{Heap before GC invocations=1017 (full 4):
 PSYoungGen      total 676352K, used 667581K [0x00000000d5580000, 0x00000000ffe80000, 0x0000000100000000)
  eden space 656384K, 100% used [0x00000000d5580000,0x00000000fd680000,0x00000000fd680000)
  from space 19968K, 56% used [0x00000000fea00000,0x00000000ff4ef5a0,0x00000000ffd80000)
  to   space 19968K, 0% used [0x00000000fd680000,0x00000000fd680000,0x00000000fea00000)
 ParOldGen       total 328704K, used 327147K [0x0000000080000000, 0x0000000094100000, 0x00000000d5580000)
  object space 328704K, 99% used [0x0000000080000000,0x0000000093f7af58,0x0000000094100000)
 Metaspace       used 94913K, capacity 97873K, committed 99456K, reserved 1136640K
  class space    used 11337K, capacity 11829K, committed 12160K, reserved 1048576K
2023-05-21T00:04:55.093+0600: 5007167.176: [GC (Allocation Failure) [PSYoungGen: 667581K->896K(676352K)] 994729K->328059K(1005056K), 0.0093000 secs] [Times: user=0.01 sys=0.00, real=0.01 secs] 
Heap after GC invocations=1017 (full 4):
 PSYoungGen      total 676352K, used 896K [0x00000000d5580000, 0x0000000100000000, 0x0000000100000000)
  eden space 656384K, 0% used [0x00000000d5580000,0x00000000d5580000,0x00000000fd680000)
  from space 19968K, 4% used [0x00000000fd680000,0x00000000fd760010,0x00000000fea00000)
  to   space 19968K, 0% used [0x00000000fec80000,0x00000000fec80000,0x0000000100000000)
 ParOldGen       total 328704K, used 327163K [0x0000000080000000, 0x0000000094100000, 0x00000000d5580000)
  object space 328704K, 99% used [0x0000000080000000,0x0000000093f7ef58,0x0000000094100000)
 Metaspace       used 94913K, capacity 97873K, committed 99456K, reserved 1136640K
  class space    used 11337K, capacity 11829K, committed 12160K, reserved 1048576K
}
{Heap before GC invocations=1018 (full 4):
 PSYoungGen      total 676352K, used 655503K [0x00000000d5580000, 0x0000000100000000, 0x0000000100000000)
  eden space 656384K, 99% used [0x00000000d5580000,0x00000000fd4c3cf0,0x00000000fd680000)
  from space 19968K, 4% used [0x00000000fd680000,0x00000000fd760010,0x00000000fea00000)
  to   space 19968K, 0% used [0x00000000fec80000,0x00000000fec80000,0x0000000100000000)
 ParOldGen       total 328704K, used 327163K [0x0000000080000000, 0x0000000094100000, 0x00000000d5580000)
  object space 328704K, 99% used [0x0000000080000000,0x0000000093f7ef58,0x0000000094100000)
 Metaspace       used 94913K, capacity 97873K, committed 99456K, reserved 1136640K
  class space    used 11337K, capacity 11829K, committed 12160K, reserved 1048576K
2023-05-21T00:04:59.009+0600: 5007171.092: [GC (Allocation Failure) [PSYoungGen: 655503K->14139K(675840K)] 982667K->341327K(1004544K), 0.0118934 secs] [Times: user=0.02 sys=0.00, real=0.01 secs] 
Heap after GC invocations=1018 (full 4):
 PSYoungGen      total 675840K, used 14139K [0x00000000d5580000, 0x0000000100000000, 0x0000000100000000)
  eden space 655872K, 0% used [0x00000000d5580000,0x00000000d5580000,0x00000000fd600000)
  from space 19968K, 70% used [0x00000000fec80000,0x00000000ffa4ee48,0x0000000100000000)
  to   space 21504K, 0% used [0x00000000fd600000,0x00000000fd600000,0x00000000feb00000)
 ParOldGen       total 328704K, used 327187K [0x0000000080000000, 0x0000000094100000, 0x00000000d5580000)
  object space 328704K, 99% used [0x0000000080000000,0x0000000093f84f58,0x0000000094100000)
 Metaspace       used 94913K, capacity 97873K, committed 99456K, reserved 1136640K
  class space    used 11337K, capacity 11829K, committed 12160K, reserved 1048576K
}
{Heap before GC invocations=1019 (full 4):
 PSYoungGen      total 675840K, used 670011K [0x00000000d5580000, 0x0000000100000000, 0x0000000100000000)
  eden space 655872K, 100% used [0x00000000d5580000,0x00000000fd600000,0x00000000fd600000)
  from space 19968K, 70% used [0x00000000fec80000,0x00000000ffa4ee48,0x0000000100000000)
  to   space 21504K, 0% used [0x00000000fd600000,0x00000000fd600000,0x00000000feb00000)
 ParOldGen       total 328704K, used 327187K [0x0000000080000000, 0x0000000094100000, 0x00000000d5580000)
  object space 328704K, 99% used [0x0000000080000000,0x0000000093f84f58,0x0000000094100000)
 Metaspace       used 94913K, capacity 97873K, committed 99456K, reserved 1136640K
  class space    used 11337K, capacity 11829K, committed 12160K, reserved 1048576K
2023-05-21T00:05:01.993+0600: 5007174.076: [GC (Allocation Failure) [PSYoungGen: 670011K->704K(677376K)] 997199K->327915K(1006080K), 0.0097962 secs] [Times: user=0.01 sys=0.00, real=0.01 secs] 
Heap after GC invocations=1019 (full 4):
 PSYoungGen      total 677376K, used 704K [0x00000000d5580000, 0x0000000100000000, 0x0000000100000000)
  eden space 655872K, 0% used [0x00000000d5580000,0x00000000d5580000,0x00000000fd600000)
  from space 21504K, 3% used [0x00000000fd600000,0x00000000fd6b0010,0x00000000feb00000)
  to   space 21504K, 0% used [0x00000000feb00000,0x00000000feb00000,0x0000000100000000)
 ParOldGen       total 328704K, used 327211K [0x0000000080000000, 0x0000000094100000, 0x00000000d5580000)
  object space 328704K, 99% used [0x0000000080000000,0x0000000093f8af58,0x0000000094100000)
 Metaspace       used 94913K, capacity 97873K, committed 99456K, reserved 1136640K
  class space    used 11337K, capacity 11829K, committed 12160K, reserved 1048576K
}
{Heap before GC invocations=1020 (full 4):
 PSYoungGen      total 677376K, used 656217K [0x00000000d5580000, 0x0000000100000000, 0x0000000100000000)
  eden space 655872K, 99% used [0x00000000d5580000,0x00000000fd5a6438,0x00000000fd600000)
  from space 21504K, 3% used [0x00000000fd600000,0x00000000fd6b0010,0x00000000feb00000)
  to   space 21504K, 0% used [0x00000000feb00000,0x00000000feb00000,0x0000000100000000)
 ParOldGen       total 328704K, used 327211K [0x0000000080000000, 0x0000000094100000, 0x00000000d5580000)
  object space 328704K, 99% used [0x0000000080000000,0x0000000093f8af58,0x0000000094100000)
 Metaspace       used 94913K, capacity 97873K, committed 99456K, reserved 1136640K
  class space    used 11337K, capacity 11829K, committed 12160K, reserved 1048576K
2023-05-21T00:05:05.806+0600: 5007177.889: [GC (Allocation Failure) [PSYoungGen: 656217K->10290K(676352K)] 983428K->337542K(1005056K), 0.0142457 secs] [Times: user=0.03 sys=0.00, real=0.02 secs] 
Heap after GC invocations=1020 (full 4):
 PSYoungGen      total 676352K, used 10290K [0x00000000d5580000, 0x00000000fff00000, 0x0000000100000000)
  eden space 655872K, 0% used [0x00000000d5580000,0x00000000d5580000,0x00000000fd600000)
  from space 20480K, 50% used [0x00000000feb00000,0x00000000ff50c990,0x00000000fff00000)
  to   space 20992K, 0% used [0x00000000fd600000,0x00000000fd600000,0x00000000fea80000)
 ParOldGen       total 328704K, used 327251K [0x0000000080000000, 0x0000000094100000, 0x00000000d5580000)
  object space 328704K, 99% used [0x0000000080000000,0x0000000093f94ea8,0x0000000094100000)
 Metaspace       used 94913K, capacity 97873K, committed 99456K, reserved 1136640K
  class space    used 11337K, capacity 11829K, committed 12160K, reserved 1048576K
}
{Heap before GC invocations=1021 (full 4):
 PSYoungGen      total 676352K, used 666162K [0x00000000d5580000, 0x00000000fff00000, 0x0000000100000000)
  eden space 655872K, 100% used [0x00000000d5580000,0x00000000fd600000,0x00000000fd600000)
  from space 20480K, 50% used [0x00000000feb00000,0x00000000ff50c990,0x00000000fff00000)
  to   space 20992K, 0% used [0x00000000fd600000,0x00000000fd600000,0x00000000fea80000)
 ParOldGen       total 328704K, used 327251K [0x0000000080000000, 0x0000000094100000, 0x00000000d5580000)
  object space 328704K, 99% used [0x0000000080000000,0x0000000093f94ea8,0x0000000094100000)
 Metaspace       used 94913K, capacity 97873K, committed 99456K, reserved 1136640K
  class space    used 11337K, capacity 11829K, committed 12160K, reserved 1048576K
2023-05-21T00:05:08.799+0600: 5007180.881: [GC (Allocation Failure) [PSYoungGen: 666162K->8425K(676864K)] 993414K->335700K(1005568K), 0.0091716 secs] [Times: user=0.02 sys=0.00, real=0.01 secs] 
Heap after GC invocations=1021 (full 4):
 PSYoungGen      total 676864K, used 8425K [0x00000000d5580000, 0x00000000ffe80000, 0x0000000100000000)
  eden space 655872K, 0% used [0x00000000d5580000,0x00000000d5580000,0x00000000fd600000)
  from space 20992K, 40% used [0x00000000fd600000,0x00000000fde3a4e8,0x00000000fea80000)
  to   space 19968K, 0% used [0x00000000feb00000,0x00000000feb00000,0x00000000ffe80000)
 ParOldGen       total 328704K, used 327275K [0x0000000080000000, 0x0000000094100000, 0x00000000d5580000)
  object space 328704K, 99% used [0x0000000080000000,0x0000000093f9aea8,0x0000000094100000)
 Metaspace       used 94913K, capacity 97873K, committed 99456K, reserved 1136640K
  class space    used 11337K, capacity 11829K, committed 12160K, reserved 1048576K
}
{Heap before GC invocations=1022 (full 4):
 PSYoungGen      total 676864K, used 661671K [0x00000000d5580000, 0x00000000ffe80000, 0x0000000100000000)
  eden space 655872K, 99% used [0x00000000d5580000,0x00000000fd36f918,0x00000000fd600000)
  from space 20992K, 40% used [0x00000000fd600000,0x00000000fde3a4e8,0x00000000fea80000)
  to   space 19968K, 0% used [0x00000000feb00000,0x00000000feb00000,0x00000000ffe80000)
 ParOldGen       total 328704K, used 327275K [0x0000000080000000, 0x0000000094100000, 0x00000000d5580000)
  object space 328704K, 99% used [0x0000000080000000,0x0000000093f9aea8,0x0000000094100000)
 Metaspace       used 94913K, capacity 97873K, committed 99456K, reserved 1136640K
  class space    used 11337K, capacity 11829K, committed 12160K, reserved 1048576K
2023-05-21T00:05:12.698+0600: 5007184.781: [GC (Allocation Failure) [PSYoungGen: 661671K->10354K(677376K)] 988947K->337717K(1006080K), 0.0143681 secs] [Times: user=0.03 sys=0.00, real=0.02 secs] 
Heap after GC invocations=1022 (full 4):
 PSYoungGen      total 677376K, used 10354K [0x00000000d5580000, 0x00000000ffe00000, 0x0000000100000000)
  eden space 657920K, 0% used [0x00000000d5580000,0x00000000d5580000,0x00000000fd800000)
  from space 19456K, 53% used [0x00000000feb00000,0x00000000ff51c990,0x00000000ffe00000)
  to   space 19456K, 0% used [0x00000000fd800000,0x00000000fd800000,0x00000000feb00000)
 ParOldGen       total 328704K, used 327363K [0x0000000080000000, 0x0000000094100000, 0x00000000d5580000)
  object space 328704K, 99% used [0x0000000080000000,0x0000000093fb0c98,0x0000000094100000)
 Metaspace       used 94913K, capacity 97873K, committed 99456K, reserved 1136640K
  class space    used 11337K, capacity 11829K, committed 12160K, reserved 1048576K
}
{Heap before GC invocations=1023 (full 4):
 PSYoungGen      total 677376K, used 668274K [0x00000000d5580000, 0x00000000ffe00000, 0x0000000100000000)
  eden space 657920K, 100% used [0x00000000d5580000,0x00000000fd800000,0x00000000fd800000)
  from space 19456K, 53% used [0x00000000feb00000,0x00000000ff51c990,0x00000000ffe00000)
  to   space 19456K, 0% used [0x00000000fd800000,0x00000000fd800000,0x00000000feb00000)
 ParOldGen       total 328704K, used 327363K [0x0000000080000000, 0x0000000094100000, 0x00000000d5580000)
  object space 328704K, 99% used [0x0000000080000000,0x0000000093fb0c98,0x0000000094100000)
 Metaspace       used 94913K, capacity 97873K, committed 99456K, reserved 1136640K
  class space    used 11337K, capacity 11829K, committed 12160K, reserved 1048576K
2023-05-21T00:05:16.023+0600: 5007188.105: [GC (Allocation Failure) [PSYoungGen: 668274K->8617K(677376K)] 995637K->336012K(1006080K), 0.0096765 secs] [Times: user=0.01 sys=0.00, real=0.01 secs] 
Heap after GC invocations=1023 (full 4):
 PSYoungGen      total 677376K, used 8617K [0x00000000d5580000, 0x00000000ffe00000, 0x0000000100000000)
  eden space 657920K, 0% used [0x00000000d5580000,0x00000000d5580000,0x00000000fd800000)
  from space 19456K, 44% used [0x00000000fd800000,0x00000000fe06a4e8,0x00000000feb00000)
  to   space 18432K, 0% used [0x00000000fec00000,0x00000000fec00000,0x00000000ffe00000)
 ParOldGen       total 328704K, used 327394K [0x0000000080000000, 0x0000000094100000, 0x00000000d5580000)
  object space 328704K, 99% used [0x0000000080000000,0x0000000093fb8be8,0x0000000094100000)
 Metaspace       used 94913K, capacity 97873K, committed 99456K, reserved 1136640K
  class space    used 11337K, capacity 11829K, committed 12160K, reserved 1048576K
}
{Heap before GC invocations=1024 (full 4):
 PSYoungGen      total 677376K, used 666132K [0x00000000d5580000, 0x00000000ffe00000, 0x0000000100000000)
  eden space 657920K, 99% used [0x00000000d5580000,0x00000000fd79ace0,0x00000000fd800000)
  from space 19456K, 44% used [0x00000000fd800000,0x00000000fe06a4e8,0x00000000feb00000)
  to   space 18432K, 0% used [0x00000000fec00000,0x00000000fec00000,0x00000000ffe00000)
 ParOldGen       total 328704K, used 327394K [0x0000000080000000, 0x0000000094100000, 0x00000000d5580000)
  object space 328704K, 99% used [0x0000000080000000,0x0000000093fb8be8,0x0000000094100000)
 Metaspace       used 94913K, capacity 97873K, committed 99456K, reserved 1136640K
  class space    used 11337K, capacity 11829K, committed 12160K, reserved 1048576K
2023-05-21T00:05:19.639+0600: 5007191.722: [GC (Allocation Failure) [PSYoungGen: 666132K->14427K(676864K)] 993527K->341854K(1005568K), 0.0157458 secs] [Times: user=0.03 sys=0.00, real=0.01 secs] 
Heap after GC invocations=1024 (full 4):
 PSYoungGen      total 676864K, used 14427K [0x00000000d5580000, 0x0000000100000000, 0x0000000100000000)
  eden space 658432K, 0% used [0x00000000d5580000,0x00000000d5580000,0x00000000fd880000)
  from space 18432K, 78% used [0x00000000fec00000,0x00000000ffa16e68,0x00000000ffe00000)
  to   space 19968K, 0% used [0x00000000fd880000,0x00000000fd880000,0x00000000fec00000)
 ParOldGen       total 328704K, used 327426K [0x0000000080000000, 0x0000000094100000, 0x00000000d5580000)
  object space 328704K, 99% used [0x0000000080000000,0x0000000093fc0be8,0x0000000094100000)
 Metaspace       used 94913K, capacity 97873K, committed 99456K, reserved 1136640K
  class space    used 11337K, capacity 11829K, committed 12160K, reserved 1048576K
}
{Heap before GC invocations=1025 (full 4):
 PSYoungGen      total 676864K, used 672859K [0x00000000d5580000, 0x0000000100000000, 0x0000000100000000)
  eden space 658432K, 100% used [0x00000000d5580000,0x00000000fd880000,0x00000000fd880000)
  from space 18432K, 78% used [0x00000000fec00000,0x00000000ffa16e68,0x00000000ffe00000)
  to   space 19968K, 0% used [0x00000000fd880000,0x00000000fd880000,0x00000000fec00000)
 ParOldGen       total 328704K, used 327426K [0x0000000080000000, 0x0000000094100000, 0x00000000d5580000)
  object space 328704K, 99% used [0x0000000080000000,0x0000000093fc0be8,0x0000000094100000)
 Metaspace       used 94913K, capacity 97873K, committed 99456K, reserved 1136640K
  class space    used 11337K, capacity 11829K, committed 12160K, reserved 1048576K
2023-05-21T00:05:22.695+0600: 5007194.778: [GC (Allocation Failure) [PSYoungGen: 672859K->8649K(678400K)] 1000286K->336100K(1007104K), 0.0100149 secs] [Times: user=0.02 sys=0.00, real=0.01 secs] 
Heap after GC invocations=1025 (full 4):
 PSYoungGen      total 678400K, used 8649K [0x00000000d5580000, 0x00000000fff80000, 0x0000000100000000)
  eden space 658432K, 0% used [0x00000000d5580000,0x00000000d5580000,0x00000000fd880000)
  from space 19968K, 43% used [0x00000000fd880000,0x00000000fe0f24f8,0x00000000fec00000)
  to   space 18944K, 0% used [0x00000000fed00000,0x00000000fed00000,0x00000000fff80000)
 ParOldGen       total 328704K, used 327450K [0x0000000080000000, 0x0000000094100000, 0x00000000d5580000)
  object space 328704K, 99% used [0x0000000080000000,0x0000000093fc6be8,0x0000000094100000)
 Metaspace       used 94913K, capacity 97873K, committed 99456K, reserved 1136640K
  class space    used 11337K, capacity 11829K, committed 12160K, reserved 1048576K
}
{Heap before GC invocations=1026 (full 4):
 PSYoungGen      total 678400K, used 664946K [0x00000000d5580000, 0x00000000fff80000, 0x0000000100000000)
  eden space 658432K, 99% used [0x00000000d5580000,0x00000000fd66a3e8,0x00000000fd880000)
  from space 19968K, 43% used [0x00000000fd880000,0x00000000fe0f24f8,0x00000000fec00000)
  to   space 18944K, 0% used [0x00000000fed00000,0x00000000fed00000,0x00000000fff80000)
 ParOldGen       total 328704K, used 327450K [0x0000000080000000, 0x0000000094100000, 0x00000000d5580000)
  object space 328704K, 99% used [0x0000000080000000,0x0000000093fc6be8,0x0000000094100000)
 Metaspace       used 94913K, capacity 97873K, committed 99456K, reserved 1136640K
  class space    used 11337K, capacity 11829K, committed 12160K, reserved 1048576K
2023-05-21T00:05:26.517+0600: 5007198.600: [GC (Allocation Failure) [PSYoungGen: 664946K->10770K(677376K)] 992397K->338261K(1006080K), 0.0111920 secs] [Times: user=0.02 sys=0.00, real=0.01 secs] 
Heap after GC invocations=1026 (full 4):
 PSYoungGen      total 677376K, used 10770K [0x00000000d5580000, 0x00000000ffe00000, 0x0000000100000000)
  eden space 659968K, 0% used [0x00000000d5580000,0x00000000d5580000,0x00000000fda00000)
  from space 17408K, 61% used [0x00000000fed00000,0x00000000ff7849c0,0x00000000ffe00000)
  to   space 18432K, 0% used [0x00000000fda00000,0x00000000fda00000,0x00000000fec00000)
 ParOldGen       total 328704K, used 327490K [0x0000000080000000, 0x0000000094100000, 0x00000000d5580000)
  object space 328704K, 99% used [0x0000000080000000,0x0000000093fd0b38,0x0000000094100000)
 Metaspace       used 94913K, capacity 97873K, committed 99456K, reserved 1136640K
  class space    used 11337K, capacity 11829K, committed 12160K, reserved 1048576K
}
{Heap before GC invocations=1027 (full 4):
 PSYoungGen      total 677376K, used 670738K [0x00000000d5580000, 0x00000000ffe00000, 0x0000000100000000)
  eden space 659968K, 100% used [0x00000000d5580000,0x00000000fda00000,0x00000000fda00000)
  from space 17408K, 61% used [0x00000000fed00000,0x00000000ff7849c0,0x00000000ffe00000)
  to   space 18432K, 0% used [0x00000000fda00000,0x00000000fda00000,0x00000000fec00000)
 ParOldGen       total 328704K, used 327490K [0x0000000080000000, 0x0000000094100000, 0x00000000d5580000)
  object space 328704K, 99% used [0x0000000080000000,0x0000000093fd0b38,0x0000000094100000)
 Metaspace       used 94913K, capacity 97873K, committed 99456K, reserved 1136640K
  class space    used 11337K, capacity 11829K, committed 12160K, reserved 1048576K
2023-05-21T00:05:29.589+0600: 5007201.671: [GC (Allocation Failure) [PSYoungGen: 670738K->9001K(678400K)] 998229K->336508K(1007104K), 0.0094071 secs] [Times: user=0.02 sys=0.00, real=0.01 secs] 
Heap after GC invocations=1027 (full 4):
 PSYoungGen      total 678400K, used 9001K [0x00000000d5580000, 0x00000000fff00000, 0x0000000100000000)
  eden space 659968K, 0% used [0x00000000d5580000,0x00000000d5580000,0x00000000fda00000)
  from space 18432K, 48% used [0x00000000fda00000,0x00000000fe2ca518,0x00000000fec00000)
  to   space 17408K, 0% used [0x00000000fee00000,0x00000000fee00000,0x00000000fff00000)
 ParOldGen       total 328704K, used 327506K [0x0000000080000000, 0x0000000094100000, 0x00000000d5580000)
  object space 328704K, 99% used [0x0000000080000000,0x0000000093fd4b38,0x0000000094100000)
 Metaspace       used 94913K, capacity 97873K, committed 99456K, reserved 1136640K
  class space    used 11337K, capacity 11829K, committed 12160K, reserved 1048576K
}
{Heap before GC invocations=1028 (full 4):
 PSYoungGen      total 678400K, used 668374K [0x00000000d5580000, 0x00000000fff00000, 0x0000000100000000)
  eden space 659968K, 99% used [0x00000000d5580000,0x00000000fd96b560,0x00000000fda00000)
  from space 18432K, 48% used [0x00000000fda00000,0x00000000fe2ca518,0x00000000fec00000)
  to   space 17408K, 0% used [0x00000000fee00000,0x00000000fee00000,0x00000000fff00000)
 ParOldGen       total 328704K, used 327506K [0x0000000080000000, 0x0000000094100000, 0x00000000d5580000)
  object space 328704K, 99% used [0x0000000080000000,0x0000000093fd4b38,0x0000000094100000)
 Metaspace       used 94913K, capacity 97873K, committed 99456K, reserved 1136640K
  class space    used 11337K, capacity 11829K, committed 12160K, reserved 1048576K
2023-05-21T00:05:33.315+0600: 5007205.397: [GC (Allocation Failure) [PSYoungGen: 668374K->14683K(678400K)] 995881K->342214K(1007104K), 0.0162861 secs] [Times: user=0.03 sys=0.00, real=0.02 secs] 
Heap after GC invocations=1028 (full 4):
 PSYoungGen      total 678400K, used 14683K [0x00000000d5580000, 0x0000000100000000, 0x0000000100000000)
  eden space 660992K, 0% used [0x00000000d5580000,0x00000000d5580000,0x00000000fdb00000)
  from space 17408K, 84% used [0x00000000fee00000,0x00000000ffc56e88,0x00000000fff00000)
  to   space 18944K, 0% used [0x00000000fdb00000,0x00000000fdb00000,0x00000000fed80000)
 ParOldGen       total 328704K, used 327530K [0x0000000080000000, 0x0000000094100000, 0x00000000d5580000)
  object space 328704K, 99% used [0x0000000080000000,0x0000000093fdab38,0x0000000094100000)
 Metaspace       used 94913K, capacity 97873K, committed 99456K, reserved 1136640K
  class space    used 11337K, capacity 11829K, committed 12160K, reserved 1048576K
}
{Heap before GC invocations=1029 (full 4):
 PSYoungGen      total 678400K, used 675675K [0x00000000d5580000, 0x0000000100000000, 0x0000000100000000)
  eden space 660992K, 100% used [0x00000000d5580000,0x00000000fdb00000,0x00000000fdb00000)
  from space 17408K, 84% used [0x00000000fee00000,0x00000000ffc56e88,0x00000000fff00000)
  to   space 18944K, 0% used [0x00000000fdb00000,0x00000000fdb00000,0x00000000fed80000)
 ParOldGen       total 328704K, used 327530K [0x0000000080000000, 0x0000000094100000, 0x00000000d5580000)
  object space 328704K, 99% used [0x0000000080000000,0x0000000093fdab38,0x0000000094100000)
 Metaspace       used 94913K, capacity 97873K, committed 99456K, reserved 1136640K
  class space    used 11337K, capacity 11829K, committed 12160K, reserved 1048576K
2023-05-21T00:05:36.413+0600: 5007208.496: [GC (Allocation Failure) [PSYoungGen: 675675K->8745K(679936K)] 1003206K->336300K(1008640K), 0.0095515 secs] [Times: user=0.01 sys=0.00, real=0.01 secs] 
Heap after GC invocations=1029 (full 4):
 PSYoungGen      total 679936K, used 8745K [0x00000000d5580000, 0x00000000fff80000, 0x0000000100000000)
  eden space 660992K, 0% used [0x00000000d5580000,0x00000000d5580000,0x00000000fdb00000)
  from space 18944K, 46% used [0x00000000fdb00000,0x00000000fe38a518,0x00000000fed80000)
  to   space 17920K, 0% used [0x00000000fee00000,0x00000000fee00000,0x00000000fff80000)
 ParOldGen       total 328704K, used 327554K [0x0000000080000000, 0x0000000094100000, 0x00000000d5580000)
  object space 328704K, 99% used [0x0000000080000000,0x0000000093fe0b38,0x0000000094100000)
 Metaspace       used 94913K, capacity 97873K, committed 99456K, reserved 1136640K
  class space    used 11337K, capacity 11829K, committed 12160K, reserved 1048576K
}
{Heap before GC invocations=1030 (full 4):
 PSYoungGen      total 679936K, used 666438K [0x00000000d5580000, 0x00000000fff80000, 0x0000000100000000)
  eden space 660992K, 99% used [0x00000000d5580000,0x00000000fd7c73a0,0x00000000fdb00000)
  from space 18944K, 46% used [0x00000000fdb00000,0x00000000fe38a518,0x00000000fed80000)
  to   space 17920K, 0% used [0x00000000fee00000,0x00000000fee00000,0x00000000fff80000)
 ParOldGen       total 328704K, used 327554K [0x0000000080000000, 0x0000000094100000, 0x00000000d5580000)
  object space 328704K, 99% used [0x0000000080000000,0x0000000093fe0b38,0x0000000094100000)
 Metaspace       used 94913K, capacity 97873K, committed 99456K, reserved 1136640K
  class space    used 11337K, capacity 11829K, committed 12160K, reserved 1048576K
2023-05-21T00:05:40.337+0600: 5007212.420: [GC (Allocation Failure) [PSYoungGen: 666438K->10994K(679424K)] 993992K->338581K(1008128K), 0.0143144 secs] [Times: user=0.03 sys=0.00, real=0.02 secs] 
Heap after GC invocations=1030 (full 4):
 PSYoungGen      total 679424K, used 10994K [0x00000000d5580000, 0x00000000fff00000, 0x0000000100000000)
  eden space 662016K, 0% used [0x00000000d5580000,0x00000000d5580000,0x00000000fdc00000)
  from space 17408K, 63% used [0x00000000fee00000,0x00000000ff8bc9e0,0x00000000fff00000)
  to   space 17920K, 0% used [0x00000000fdc00000,0x00000000fdc00000,0x00000000fed80000)
 ParOldGen       total 328704K, used 327586K [0x0000000080000000, 0x0000000094100000, 0x00000000d5580000)
  object space 328704K, 99% used [0x0000000080000000,0x0000000093fe8a88,0x0000000094100000)
 Metaspace       used 94913K, capacity 97873K, committed 99456K, reserved 1136640K
  class space    used 11337K, capacity 11829K, committed 12160K, reserved 1048576K
}
{Heap before GC invocations=1031 (full 4):
 PSYoungGen      total 679424K, used 673010K [0x00000000d5580000, 0x00000000fff00000, 0x0000000100000000)
  eden space 662016K, 100% used [0x00000000d5580000,0x00000000fdc00000,0x00000000fdc00000)
  from space 17408K, 63% used [0x00000000fee00000,0x00000000ff8bc9e0,0x00000000fff00000)
  to   space 17920K, 0% used [0x00000000fdc00000,0x00000000fdc00000,0x00000000fed80000)
 ParOldGen       total 328704K, used 327586K [0x0000000080000000, 0x0000000094100000, 0x00000000d5580000)
  object space 328704K, 99% used [0x0000000080000000,0x0000000093fe8a88,0x0000000094100000)
 Metaspace       used 94913K, capacity 97873K, committed 99456K, reserved 1136640K
  class space    used 11337K, capacity 11829K, committed 12160K, reserved 1048576K
2023-05-21T00:05:43.371+0600: 5007215.454: [GC (Allocation Failure) [PSYoungGen: 673010K->8873K(679936K)] 1000597K->336475K(1008640K), 0.0093844 secs] [Times: user=0.01 sys=0.00, real=0.01 secs] 
Heap after GC invocations=1031 (full 4):
 PSYoungGen      total 679936K, used 8873K [0x00000000d5580000, 0x00000000fff80000, 0x0000000100000000)
  eden space 662016K, 0% used [0x00000000d5580000,0x00000000d5580000,0x00000000fdc00000)
  from space 17920K, 49% used [0x00000000fdc00000,0x00000000fe4aa528,0x00000000fed80000)
  to   space 17408K, 0% used [0x00000000fee80000,0x00000000fee80000,0x00000000fff80000)
 ParOldGen       total 328704K, used 327602K [0x0000000080000000, 0x0000000094100000, 0x00000000d5580000)
  object space 328704K, 99% used [0x0000000080000000,0x0000000093feca88,0x0000000094100000)
 Metaspace       used 94913K, capacity 97873K, committed 99456K, reserved 1136640K
  class space    used 11337K, capacity 11829K, committed 12160K, reserved 1048576K
}
{Heap before GC invocations=1032 (full 4):
 PSYoungGen      total 679936K, used 670465K [0x00000000d5580000, 0x00000000fff80000, 0x0000000100000000)
  eden space 662016K, 99% used [0x00000000d5580000,0x00000000fdb95fb0,0x00000000fdc00000)
  from space 17920K, 49% used [0x00000000fdc00000,0x00000000fe4aa528,0x00000000fed80000)
  to   space 17408K, 0% used [0x00000000fee80000,0x00000000fee80000,0x00000000fff80000)
 ParOldGen       total 328704K, used 327602K [0x0000000080000000, 0x0000000094100000, 0x00000000d5580000)
  object space 328704K, 99% used [0x0000000080000000,0x0000000093feca88,0x0000000094100000)
 Metaspace       used 94913K, capacity 97873K, committed 99456K, reserved 1136640K
  class space    used 11337K, capacity 11829K, committed 12160K, reserved 1048576K
2023-05-21T00:05:47.093+0600: 5007219.175: [GC (Allocation Failure) [PSYoungGen: 670465K->14939K(679424K)] 998067K->342566K(1008128K), 0.0148632 secs] [Times: user=0.03 sys=0.00, real=0.01 secs] 
Heap after GC invocations=1032 (full 4):
 PSYoungGen      total 679424K, used 14939K [0x00000000d5580000, 0x0000000100000000, 0x0000000100000000)
  eden space 662016K, 0% used [0x00000000d5580000,0x00000000d5580000,0x00000000fdc00000)
  from space 17408K, 85% used [0x00000000fee80000,0x00000000ffd16ea8,0x00000000fff80000)
  to   space 18432K, 0% used [0x00000000fdc00000,0x00000000fdc00000,0x00000000fee00000)
 ParOldGen       total 328704K, used 327626K [0x0000000080000000, 0x0000000094100000, 0x00000000d5580000)
  object space 328704K, 99% used [0x0000000080000000,0x0000000093ff2a88,0x0000000094100000)
 Metaspace       used 94913K, capacity 97873K, committed 99456K, reserved 1136640K
  class space    used 11337K, capacity 11829K, committed 12160K, reserved 1048576K
}
{Heap before GC invocations=1033 (full 4):
 PSYoungGen      total 679424K, used 676955K [0x00000000d5580000, 0x0000000100000000, 0x0000000100000000)
  eden space 662016K, 100% used [0x00000000d5580000,0x00000000fdc00000,0x00000000fdc00000)
  from space 17408K, 85% used [0x00000000fee80000,0x00000000ffd16ea8,0x00000000fff80000)
  to   space 18432K, 0% used [0x00000000fdc00000,0x00000000fdc00000,0x00000000fee00000)
 ParOldGen       total 328704K, used 327626K [0x0000000080000000, 0x0000000094100000, 0x00000000d5580000)
  object space 328704K, 99% used [0x0000000080000000,0x0000000093ff2a88,0x0000000094100000)
 Metaspace       used 94913K, capacity 97873K, committed 99456K, reserved 1136640K
  class space    used 11337K, capacity 11829K, committed 12160K, reserved 1048576K
2023-05-21T00:05:50.209+0600: 5007222.292: [GC (Allocation Failure) [PSYoungGen: 676955K->9609K(680448K)] 1004582K->337331K(1009152K), 0.0104975 secs] [Times: user=0.02 sys=0.00, real=0.02 secs] 
Heap after GC invocations=1033 (full 4):
 PSYoungGen      total 680448K, used 9609K [0x00000000d5580000, 0x0000000100000000, 0x0000000100000000)
  eden space 662016K, 0% used [0x00000000d5580000,0x00000000d5580000,0x00000000fdc00000)
  from space 18432K, 52% used [0x00000000fdc00000,0x00000000fe562558,0x00000000fee00000)
  to   space 17920K, 0% used [0x00000000fee80000,0x00000000fee80000,0x0000000100000000)
 ParOldGen       total 328704K, used 327722K [0x0000000080000000, 0x0000000094100000, 0x00000000d5580000)
  object space 328704K, 99% used [0x0000000080000000,0x000000009400aa08,0x0000000094100000)
 Metaspace       used 94913K, capacity 97873K, committed 99456K, reserved 1136640K
  class space    used 11337K, capacity 11829K, committed 12160K, reserved 1048576K
}
{Heap before GC invocations=1034 (full 4):
 PSYoungGen      total 680448K, used 670472K [0x00000000d5580000, 0x0000000100000000, 0x0000000100000000)
  eden space 662016K, 99% used [0x00000000d5580000,0x00000000fdadfcc0,0x00000000fdc00000)
  from space 18432K, 52% used [0x00000000fdc00000,0x00000000fe562558,0x00000000fee00000)
  to   space 17920K, 0% used [0x00000000fee80000,0x00000000fee80000,0x0000000100000000)
 ParOldGen       total 328704K, used 327722K [0x0000000080000000, 0x0000000094100000, 0x00000000d5580000)
  object space 328704K, 99% used [0x0000000080000000,0x000000009400aa08,0x0000000094100000)
 Metaspace       used 94913K, capacity 97873K, committed 99456K, reserved 1136640K
  class space    used 11337K, capacity 11829K, committed 12160K, reserved 1048576K
2023-05-21T00:05:53.963+0600: 5007226.046: [GC (Allocation Failure) [PSYoungGen: 670472K->15067K(678912K)] 998195K->342814K(1007616K), 0.0208601 secs] [Times: user=0.02 sys=0.00, real=0.02 secs] 
Heap after GC invocations=1034 (full 4):
 PSYoungGen      total 678912K, used 15067K [0x00000000d5580000, 0x0000000100000000, 0x0000000100000000)
  eden space 660992K, 0% used [0x00000000d5580000,0x00000000d5580000,0x00000000fdb00000)
  from space 17920K, 84% used [0x00000000fee80000,0x00000000ffd36ec8,0x0000000100000000)
  to   space 18944K, 0% used [0x00000000fdb00000,0x00000000fdb00000,0x00000000fed80000)
 ParOldGen       total 328704K, used 327746K [0x0000000080000000, 0x0000000094100000, 0x00000000d5580000)
  object space 328704K, 99% used [0x0000000080000000,0x0000000094010a08,0x0000000094100000)
 Metaspace       used 94913K, capacity 97873K, committed 99456K, reserved 1136640K
  class space    used 11337K, capacity 11829K, committed 12160K, reserved 1048576K
}
{Heap before GC invocations=1035 (full 4):
 PSYoungGen      total 678912K, used 676059K [0x00000000d5580000, 0x0000000100000000, 0x0000000100000000)
  eden space 660992K, 100% used [0x00000000d5580000,0x00000000fdb00000,0x00000000fdb00000)
  from space 17920K, 84% used [0x00000000fee80000,0x00000000ffd36ec8,0x0000000100000000)
  to   space 18944K, 0% used [0x00000000fdb00000,0x00000000fdb00000,0x00000000fed80000)
 ParOldGen       total 328704K, used 327746K [0x0000000080000000, 0x0000000094100000, 0x00000000d5580000)
  object space 328704K, 99% used [0x0000000080000000,0x0000000094010a08,0x0000000094100000)
 Metaspace       used 94913K, capacity 97873K, committed 99456K, reserved 1136640K
  class space    used 11337K, capacity 11829K, committed 12160K, reserved 1048576K
2023-05-21T00:05:57.076+0600: 5007229.159: [GC (Allocation Failure) [PSYoungGen: 676059K->9609K(679936K)] 1003806K->337379K(1008640K), 0.0105083 secs] [Times: user=0.01 sys=0.00, real=0.01 secs] 
Heap after GC invocations=1035 (full 4):
 PSYoungGen      total 679936K, used 9609K [0x00000000d5580000, 0x0000000100000000, 0x0000000100000000)
  eden space 660992K, 0% used [0x00000000d5580000,0x00000000d5580000,0x00000000fdb00000)
  from space 18944K, 50% used [0x00000000fdb00000,0x00000000fe462558,0x00000000fed80000)
  to   space 18432K, 0% used [0x00000000fee00000,0x00000000fee00000,0x0000000100000000)
 ParOldGen       total 328704K, used 327770K [0x0000000080000000, 0x0000000094100000, 0x00000000d5580000)
  object space 328704K, 99% used [0x0000000080000000,0x0000000094016a08,0x0000000094100000)
 Metaspace       used 94913K, capacity 97873K, committed 99456K, reserved 1136640K
  class space    used 11337K, capacity 11829K, committed 12160K, reserved 1048576K
}
{Heap before GC invocations=1036 (full 4):
 PSYoungGen      total 679936K, used 670486K [0x00000000d5580000, 0x0000000100000000, 0x0000000100000000)
  eden space 660992K, 99% used [0x00000000d5580000,0x00000000fdae32f8,0x00000000fdb00000)
  from space 18944K, 50% used [0x00000000fdb00000,0x00000000fe462558,0x00000000fed80000)
  to   space 18432K, 0% used [0x00000000fee00000,0x00000000fee00000,0x0000000100000000)
 ParOldGen       total 328704K, used 327770K [0x0000000080000000, 0x0000000094100000, 0x00000000d5580000)
  object space 328704K, 99% used [0x0000000080000000,0x0000000094016a08,0x0000000094100000)
 Metaspace       used 94913K, capacity 97873K, committed 99456K, reserved 1136640K
  class space    used 11337K, capacity 11829K, committed 12160K, reserved 1048576K
2023-05-21T00:06:00.752+0600: 5007232.835: [GC (Allocation Failure) [PSYoungGen: 670486K->14971K(679424K)] 998256K->342885K(1008128K), 0.0142874 secs] [Times: user=0.03 sys=0.00, real=0.01 secs] 
Heap after GC invocations=1036 (full 4):
 PSYoungGen      total 679424K, used 14971K [0x00000000d5580000, 0x0000000100000000, 0x0000000100000000)
  eden space 660992K, 0% used [0x00000000d5580000,0x00000000d5580000,0x00000000fdb00000)
  from space 18432K, 81% used [0x00000000fee00000,0x00000000ffc9eeb8,0x0000000100000000)
  to   space 18944K, 0% used [0x00000000fdb00000,0x00000000fdb00000,0x00000000fed80000)
 ParOldGen       total 328704K, used 327914K [0x0000000080000000, 0x0000000094100000, 0x00000000d5580000)
  object space 328704K, 99% used [0x0000000080000000,0x000000009403a828,0x0000000094100000)
 Metaspace       used 94913K, capacity 97873K, committed 99456K, reserved 1136640K
  class space    used 11337K, capacity 11829K, committed 12160K, reserved 1048576K
}
{Heap before GC invocations=1037 (full 4):
 PSYoungGen      total 679424K, used 675963K [0x00000000d5580000, 0x0000000100000000, 0x0000000100000000)
  eden space 660992K, 100% used [0x00000000d5580000,0x00000000fdb00000,0x00000000fdb00000)
  from space 18432K, 81% used [0x00000000fee00000,0x00000000ffc9eeb8,0x0000000100000000)
  to   space 18944K, 0% used [0x00000000fdb00000,0x00000000fdb00000,0x00000000fed80000)
 ParOldGen       total 328704K, used 328022K [0x0000000080000000, 0x0000000094100000, 0x00000000d5580000)
  object space 328704K, 99% used [0x0000000080000000,0x0000000094055b60,0x0000000094100000)
 Metaspace       used 94913K, capacity 97873K, committed 99456K, reserved 1136640K
  class space    used 11337K, capacity 11829K, committed 12160K, reserved 1048576K
2023-05-21T00:06:03.894+0600: 5007235.977: [GC (GCLocker Initiated GC) [PSYoungGen: 675963K->9577K(679936K)] 1003986K->337640K(1008640K), 0.0099246 secs] [Times: user=0.02 sys=0.00, real=0.01 secs] 
Heap after GC invocations=1037 (full 4):
 PSYoungGen      total 679936K, used 9577K [0x00000000d5580000, 0x00000000fff80000, 0x0000000100000000)
  eden space 660992K, 0% used [0x00000000d5580000,0x00000000d5580000,0x00000000fdb00000)
  from space 18944K, 50% used [0x00000000fdb00000,0x00000000fe45a558,0x00000000fed80000)
  to   space 18432K, 0% used [0x00000000fed80000,0x00000000fed80000,0x00000000fff80000)
 ParOldGen       total 328704K, used 328062K [0x0000000080000000, 0x0000000094100000, 0x00000000d5580000)
  object space 328704K, 99% used [0x0000000080000000,0x000000009405fab0,0x0000000094100000)
 Metaspace       used 94913K, capacity 97873K, committed 99456K, reserved 1136640K
  class space    used 11337K, capacity 11829K, committed 12160K, reserved 1048576K
}
{Heap before GC invocations=1038 (full 4):
 PSYoungGen      total 679936K, used 670569K [0x00000000d5580000, 0x00000000fff80000, 0x0000000100000000)
  eden space 660992K, 100% used [0x00000000d5580000,0x00000000fdb00000,0x00000000fdb00000)
  from space 18944K, 50% used [0x00000000fdb00000,0x00000000fe45a558,0x00000000fed80000)
  to   space 18432K, 0% used [0x00000000fed80000,0x00000000fed80000,0x00000000fff80000)
 ParOldGen       total 357376K, used 354561K [0x0000000080000000, 0x0000000095d00000, 0x00000000d5580000)
  object space 357376K, 99% used [0x0000000080000000,0x0000000095a40650,0x0000000095d00000)
 Metaspace       used 94913K, capacity 97873K, committed 99456K, reserved 1136640K
  class space    used 11337K, capacity 11829K, committed 12160K, reserved 1048576K
2023-05-21T00:06:07.713+0600: 5007239.796: [GC (Allocation Failure) [PSYoungGen: 670569K->7950K(679936K)] 1025130K->362655K(1037312K), 0.0163340 secs] [Times: user=0.03 sys=0.00, real=0.02 secs] 
Heap after GC invocations=1038 (full 4):
 PSYoungGen      total 679936K, used 7950K [0x00000000d5580000, 0x00000000fff80000, 0x0000000100000000)
  eden space 661504K, 0% used [0x00000000d5580000,0x00000000d5580000,0x00000000fdb80000)
  from space 18432K, 43% used [0x00000000fed80000,0x00000000ff543b58,0x00000000fff80000)
  to   space 18432K, 0% used [0x00000000fdb80000,0x00000000fdb80000,0x00000000fed80000)
 ParOldGen       total 357376K, used 354705K [0x0000000080000000, 0x0000000095d00000, 0x00000000d5580000)
  object space 357376K, 99% used [0x0000000080000000,0x0000000095a64470,0x0000000095d00000)
 Metaspace       used 94913K, capacity 97873K, committed 99456K, reserved 1136640K
  class space    used 11337K, capacity 11829K, committed 12160K, reserved 1048576K
}
{Heap before GC invocations=1039 (full 4):
 PSYoungGen      total 679936K, used 669454K [0x00000000d5580000, 0x00000000fff80000, 0x0000000100000000)
  eden space 661504K, 100% used [0x00000000d5580000,0x00000000fdb80000,0x00000000fdb80000)
  from space 18432K, 43% used [0x00000000fed80000,0x00000000ff543b58,0x00000000fff80000)
  to   space 18432K, 0% used [0x00000000fdb80000,0x00000000fdb80000,0x00000000fed80000)
 ParOldGen       total 357376K, used 354705K [0x0000000080000000, 0x0000000095d00000, 0x00000000d5580000)
  object space 357376K, 99% used [0x0000000080000000,0x0000000095a64470,0x0000000095d00000)
 Metaspace       used 94913K, capacity 97873K, committed 99456K, reserved 1136640K
  class space    used 11337K, capacity 11829K, committed 12160K, reserved 1048576K
2023-05-21T00:06:10.731+0600: 5007242.814: [GC (Allocation Failure) [PSYoungGen: 669454K->9289K(679936K)] 1024159K->364129K(1037312K), 0.0098226 secs] [Times: user=0.02 sys=0.00, real=0.01 secs] 
Heap after GC invocations=1039 (full 4):
 PSYoungGen      total 679936K, used 9289K [0x00000000d5580000, 0x00000000fff00000, 0x0000000100000000)
  eden space 661504K, 0% used [0x00000000d5580000,0x00000000d5580000,0x00000000fdb80000)
  from space 18432K, 50% used [0x00000000fdb80000,0x00000000fe492538,0x00000000fed80000)
  to   space 17920K, 0% used [0x00000000fed80000,0x00000000fed80000,0x00000000fff00000)
 ParOldGen       total 357376K, used 354840K [0x0000000080000000, 0x0000000095d00000, 0x00000000d5580000)
  object space 357376K, 99% used [0x0000000080000000,0x0000000095a86290,0x0000000095d00000)
 Metaspace       used 94913K, capacity 97873K, committed 99456K, reserved 1136640K
  class space    used 11337K, capacity 11829K, committed 12160K, reserved 1048576K
}
{Heap before GC invocations=1040 (full 4):
 PSYoungGen      total 679936K, used 670793K [0x00000000d5580000, 0x00000000fff00000, 0x0000000100000000)
  eden space 661504K, 100% used [0x00000000d5580000,0x00000000fdb80000,0x00000000fdb80000)
  from space 18432K, 50% used [0x00000000fdb80000,0x00000000fe492538,0x00000000fed80000)
  to   space 17920K, 0% used [0x00000000fed80000,0x00000000fed80000,0x00000000fff00000)
 ParOldGen       total 357376K, used 354840K [0x0000000080000000, 0x0000000095d00000, 0x00000000d5580000)
  object space 357376K, 99% used [0x0000000080000000,0x0000000095a86290,0x0000000095d00000)
 Metaspace       used 94913K, capacity 97873K, committed 99456K, reserved 1136640K
  class space    used 11337K, capacity 11829K, committed 12160K, reserved 1048576K
2023-05-21T00:06:14.724+0600: 5007246.807: [GC (Allocation Failure) [PSYoungGen: 670793K->12189K(679936K)] 1025633K->367069K(1037312K), 0.0174656 secs] [Times: user=0.03 sys=0.00, real=0.02 secs] 
Heap after GC invocations=1040 (full 4):
 PSYoungGen      total 679936K, used 12189K [0x00000000d5580000, 0x00000000fff80000, 0x0000000100000000)
  eden space 662016K, 0% used [0x00000000d5580000,0x00000000d5580000,0x00000000fdc00000)
  from space 17920K, 68% used [0x00000000fed80000,0x00000000ff967610,0x00000000fff00000)
  to   space 17920K, 0% used [0x00000000fdc00000,0x00000000fdc00000,0x00000000fed80000)
 ParOldGen       total 357376K, used 354880K [0x0000000080000000, 0x0000000095d00000, 0x00000000d5580000)
  object space 357376K, 99% used [0x0000000080000000,0x0000000095a901e0,0x0000000095d00000)
 Metaspace       used 94913K, capacity 97873K, committed 99456K, reserved 1136640K
  class space    used 11337K, capacity 11829K, committed 12160K, reserved 1048576K
}
{Heap before GC invocations=1041 (full 4):
 PSYoungGen      total 679936K, used 674205K [0x00000000d5580000, 0x00000000fff80000, 0x0000000100000000)
  eden space 662016K, 100% used [0x00000000d5580000,0x00000000fdc00000,0x00000000fdc00000)
  from space 17920K, 68% used [0x00000000fed80000,0x00000000ff967610,0x00000000fff00000)
  to   space 17920K, 0% used [0x00000000fdc00000,0x00000000fdc00000,0x00000000fed80000)
 ParOldGen       total 357376K, used 354880K [0x0000000080000000, 0x0000000095d00000, 0x00000000d5580000)
  object space 357376K, 99% used [0x0000000080000000,0x0000000095a901e0,0x0000000095d00000)
 Metaspace       used 94913K, capacity 97873K, committed 99456K, reserved 1136640K
  class space    used 11337K, capacity 11829K, committed 12160K, reserved 1048576K
2023-05-21T00:06:17.751+0600: 5007249.834: [GC (Allocation Failure) [PSYoungGen: 674205K->9193K(679936K)] 1029085K->364209K(1037312K), 0.0097350 secs] [Times: user=0.02 sys=0.00, real=0.01 secs] 
Heap after GC invocations=1041 (full 4):
 PSYoungGen      total 679936K, used 9193K [0x00000000d5580000, 0x00000000fff00000, 0x0000000100000000)
  eden space 662016K, 0% used [0x00000000d5580000,0x00000000d5580000,0x00000000fdc00000)
  from space 17920K, 51% used [0x00000000fdc00000,0x00000000fe4fa538,0x00000000fed80000)
  to   space 17408K, 0% used [0x00000000fee00000,0x00000000fee00000,0x00000000fff00000)
 ParOldGen       total 357376K, used 355016K [0x0000000080000000, 0x0000000095d00000, 0x00000000d5580000)
  object space 357376K, 99% used [0x0000000080000000,0x0000000095ab2000,0x0000000095d00000)
 Metaspace       used 94913K, capacity 97873K, committed 99456K, reserved 1136640K
  class space    used 11337K, capacity 11829K, committed 12160K, reserved 1048576K
}
{Heap before GC invocations=1042 (full 4):
 PSYoungGen      total 679936K, used 671209K [0x00000000d5580000, 0x00000000fff00000, 0x0000000100000000)
  eden space 662016K, 100% used [0x00000000d5580000,0x00000000fdc00000,0x00000000fdc00000)
  from space 17920K, 51% used [0x00000000fdc00000,0x00000000fe4fa538,0x00000000fed80000)
  to   space 17408K, 0% used [0x00000000fee00000,0x00000000fee00000,0x00000000fff00000)
 ParOldGen       total 357376K, used 355016K [0x0000000080000000, 0x0000000095d00000, 0x00000000d5580000)
  object space 357376K, 99% used [0x0000000080000000,0x0000000095ab2000,0x0000000095d00000)
 Metaspace       used 94913K, capacity 97873K, committed 99456K, reserved 1136640K
  class space    used 11337K, capacity 11829K, committed 12160K, reserved 1048576K
2023-05-21T00:06:21.542+0600: 5007253.625: [GC (Allocation Failure) [PSYoungGen: 671209K->11965K(680448K)] 1026225K->367117K(1037824K), 0.0126494 secs] [Times: user=0.02 sys=0.00, real=0.01 secs] 
Heap after GC invocations=1042 (full 4):
 PSYoungGen      total 680448K, used 11965K [0x00000000d5580000, 0x00000000ffe80000, 0x0000000100000000)
  eden space 663552K, 0% used [0x00000000d5580000,0x00000000d5580000,0x00000000fdd80000)
  from space 16896K, 70% used [0x00000000fee00000,0x00000000ff9af5f0,0x00000000ffe80000)
  to   space 16896K, 0% used [0x00000000fdd80000,0x00000000fdd80000,0x00000000fee00000)
 ParOldGen       total 357376K, used 355151K [0x0000000080000000, 0x0000000095d00000, 0x00000000d5580000)
  object space 357376K, 99% used [0x0000000080000000,0x0000000095ad3e20,0x0000000095d00000)
 Metaspace       used 94913K, capacity 97873K, committed 99456K, reserved 1136640K
  class space    used 11337K, capacity 11829K, committed 12160K, reserved 1048576K
}
{Heap before GC invocations=1043 (full 4):
 PSYoungGen      total 680448K, used 675517K [0x00000000d5580000, 0x00000000ffe80000, 0x0000000100000000)
  eden space 663552K, 100% used [0x00000000d5580000,0x00000000fdd80000,0x00000000fdd80000)
  from space 16896K, 70% used [0x00000000fee00000,0x00000000ff9af5f0,0x00000000ffe80000)
  to   space 16896K, 0% used [0x00000000fdd80000,0x00000000fdd80000,0x00000000fee00000)
 ParOldGen       total 357376K, used 355151K [0x0000000080000000, 0x0000000095d00000, 0x00000000d5580000)
  object space 357376K, 99% used [0x0000000080000000,0x0000000095ad3e20,0x0000000095d00000)
 Metaspace       used 94913K, capacity 97873K, committed 99456K, reserved 1136640K
  class space    used 11337K, capacity 11829K, committed 12160K, reserved 1048576K
2023-05-21T00:06:24.581+0600: 5007256.664: [GC (Allocation Failure) [PSYoungGen: 675517K->1792K(680448K)] 1030669K->356975K(1037824K), 0.0109926 secs] [Times: user=0.02 sys=0.00, real=0.01 secs] 
Heap after GC invocations=1043 (full 4):
 PSYoungGen      total 680448K, used 1792K [0x00000000d5580000, 0x0000000100000000, 0x0000000100000000)
  eden space 663552K, 0% used [0x00000000d5580000,0x00000000d5580000,0x00000000fdd80000)
  from space 16896K, 10% used [0x00000000fdd80000,0x00000000fdf40060,0x00000000fee00000)
  to   space 17920K, 0% used [0x00000000fee80000,0x00000000fee80000,0x0000000100000000)
 ParOldGen       total 357376K, used 355183K [0x0000000080000000, 0x0000000095d00000, 0x00000000d5580000)
  object space 357376K, 99% used [0x0000000080000000,0x0000000095adbd70,0x0000000095d00000)
 Metaspace       used 94913K, capacity 97873K, committed 99456K, reserved 1136640K
  class space    used 11337K, capacity 11829K, committed 12160K, reserved 1048576K
}
{Heap before GC invocations=1044 (full 4):
 PSYoungGen      total 680448K, used 665344K [0x00000000d5580000, 0x0000000100000000, 0x0000000100000000)
  eden space 663552K, 100% used [0x00000000d5580000,0x00000000fdd80000,0x00000000fdd80000)
  from space 16896K, 10% used [0x00000000fdd80000,0x00000000fdf40060,0x00000000fee00000)
  to   space 17920K, 0% used [0x00000000fee80000,0x00000000fee80000,0x0000000100000000)
 ParOldGen       total 357376K, used 355183K [0x0000000080000000, 0x0000000095d00000, 0x00000000d5580000)
  object space 357376K, 99% used [0x0000000080000000,0x0000000095adbd70,0x0000000095d00000)
 Metaspace       used 94913K, capacity 97873K, committed 99456K, reserved 1136640K
  class space    used 11337K, capacity 11829K, committed 12160K, reserved 1048576K
2023-05-21T00:06:28.520+0600: 5007260.603: [GC (Allocation Failure) [PSYoungGen: 665344K->14846K(678912K)] 1020527K->370053K(1036288K), 0.0140993 secs] [Times: user=0.02 sys=0.00, real=0.01 secs] 
Heap after GC invocations=1044 (full 4):
 PSYoungGen      total 678912K, used 14846K [0x00000000d5580000, 0x0000000100000000, 0x0000000100000000)
  eden space 660992K, 0% used [0x00000000d5580000,0x00000000d5580000,0x00000000fdb00000)
  from space 17920K, 82% used [0x00000000fee80000,0x00000000ffcff9f0,0x0000000100000000)
  to   space 18944K, 0% used [0x00000000fdb00000,0x00000000fdb00000,0x00000000fed80000)
 ParOldGen       total 357376K, used 355207K [0x0000000080000000, 0x0000000095d00000, 0x00000000d5580000)
  object space 357376K, 99% used [0x0000000080000000,0x0000000095ae1d70,0x0000000095d00000)
 Metaspace       used 94913K, capacity 97873K, committed 99456K, reserved 1136640K
  class space    used 11337K, capacity 11829K, committed 12160K, reserved 1048576K
}
{Heap before GC invocations=1045 (full 4):
 PSYoungGen      total 678912K, used 675838K [0x00000000d5580000, 0x0000000100000000, 0x0000000100000000)
  eden space 660992K, 100% used [0x00000000d5580000,0x00000000fdb00000,0x00000000fdb00000)
  from space 17920K, 82% used [0x00000000fee80000,0x00000000ffcff9f0,0x0000000100000000)
  to   space 18944K, 0% used [0x00000000fdb00000,0x00000000fdb00000,0x00000000fed80000)
 ParOldGen       total 357376K, used 355207K [0x0000000080000000, 0x0000000095d00000, 0x00000000d5580000)
  object space 357376K, 99% used [0x0000000080000000,0x0000000095ae1d70,0x0000000095d00000)
 Metaspace       used 94913K, capacity 97873K, committed 99456K, reserved 1136640K
  class space    used 11337K, capacity 11829K, committed 12160K, reserved 1048576K
2023-05-21T00:06:31.434+0600: 5007263.516: [GC (Allocation Failure) [PSYoungGen: 675838K->8937K(679936K)] 1031045K->364280K(1037312K), 0.0096763 secs] [Times: user=0.02 sys=0.00, real=0.01 secs] 
Heap after GC invocations=1045 (full 4):
 PSYoungGen      total 679936K, used 8937K [0x00000000d5580000, 0x0000000100000000, 0x0000000100000000)
  eden space 660992K, 0% used [0x00000000d5580000,0x00000000d5580000,0x00000000fdb00000)
  from space 18944K, 47% used [0x00000000fdb00000,0x00000000fe3ba528,0x00000000fed80000)
  to   space 18432K, 0% used [0x00000000fee00000,0x00000000fee00000,0x0000000100000000)
 ParOldGen       total 357376K, used 355342K [0x0000000080000000, 0x0000000095d00000, 0x00000000d5580000)
  object space 357376K, 99% used [0x0000000080000000,0x0000000095b03b90,0x0000000095d00000)
 Metaspace       used 94913K, capacity 97873K, committed 99456K, reserved 1136640K
  class space    used 11337K, capacity 11829K, committed 12160K, reserved 1048576K
}
{Heap before GC invocations=1046 (full 4):
 PSYoungGen      total 679936K, used 667694K [0x00000000d5580000, 0x0000000100000000, 0x0000000100000000)
  eden space 660992K, 99% used [0x00000000d5580000,0x00000000fd8d1370,0x00000000fdb00000)
  from space 18944K, 47% used [0x00000000fdb00000,0x00000000fe3ba528,0x00000000fed80000)
  to   space 18432K, 0% used [0x00000000fee00000,0x00000000fee00000,0x0000000100000000)
 ParOldGen       total 357376K, used 355342K [0x0000000080000000, 0x0000000095d00000, 0x00000000d5580000)
  object space 357376K, 99% used [0x0000000080000000,0x0000000095b03b90,0x0000000095d00000)
 Metaspace       used 94913K, capacity 97873K, committed 99456K, reserved 1136640K
  class space    used 11337K, capacity 11829K, committed 12160K, reserved 1048576K
2023-05-21T00:06:35.371+0600: 5007267.454: [GC (Allocation Failure) [PSYoungGen: 667694K->14846K(678400K)] 1023037K->370213K(1035776K), 0.0156961 secs] [Times: user=0.03 sys=0.00, real=0.01 secs] 
Heap after GC invocations=1046 (full 4):
 PSYoungGen      total 678400K, used 14846K [0x00000000d5580000, 0x0000000100000000, 0x0000000100000000)
  eden space 659968K, 0% used [0x00000000d5580000,0x00000000d5580000,0x00000000fda00000)
  from space 18432K, 80% used [0x00000000fee00000,0x00000000ffc7f9f0,0x0000000100000000)
  to   space 19456K, 0% used [0x00000000fda00000,0x00000000fda00000,0x00000000fed00000)
 ParOldGen       total 357376K, used 355366K [0x0000000080000000, 0x0000000095d00000, 0x00000000d5580000)
  object space 357376K, 99% used [0x0000000080000000,0x0000000095b09b90,0x0000000095d00000)
 Metaspace       used 94913K, capacity 97873K, committed 99456K, reserved 1136640K
  class space    used 11337K, capacity 11829K, committed 12160K, reserved 1048576K
}
{Heap before GC invocations=1047 (full 4):
 PSYoungGen      total 678400K, used 674814K [0x00000000d5580000, 0x0000000100000000, 0x0000000100000000)
  eden space 659968K, 100% used [0x00000000d5580000,0x00000000fda00000,0x00000000fda00000)
  from space 18432K, 80% used [0x00000000fee00000,0x00000000ffc7f9f0,0x0000000100000000)
  to   space 19456K, 0% used [0x00000000fda00000,0x00000000fda00000,0x00000000fed00000)
 ParOldGen       total 357376K, used 355366K [0x0000000080000000, 0x0000000095d00000, 0x00000000d5580000)
  object space 357376K, 99% used [0x0000000080000000,0x0000000095b09b90,0x0000000095d00000)
 Metaspace       used 94913K, capacity 97873K, committed 99456K, reserved 1136640K
  class space    used 11337K, capacity 11829K, committed 12160K, reserved 1048576K
2023-05-21T00:06:38.371+0600: 5007270.454: [GC (Allocation Failure) [PSYoungGen: 674814K->1696K(662016K)] 1030181K->357214K(1019392K), 0.0087945 secs] [Times: user=0.02 sys=0.00, real=0.01 secs] 
Heap after GC invocations=1047 (full 4):
 PSYoungGen      total 662016K, used 1696K [0x00000000d5580000, 0x0000000100000000, 0x0000000100000000)
  eden space 659968K, 0% used [0x00000000d5580000,0x00000000d5580000,0x00000000fda00000)
  from space 2048K, 82% used [0x00000000fda00000,0x00000000fdba8050,0x00000000fdc00000)
  to   space 19968K, 0% used [0x00000000fec80000,0x00000000fec80000,0x0000000100000000)
 ParOldGen       total 357376K, used 355518K [0x0000000080000000, 0x0000000095d00000, 0x00000000d5580000)
  object space 357376K, 99% used [0x0000000080000000,0x0000000095b2f900,0x0000000095d00000)
 Metaspace       used 94913K, capacity 97873K, committed 99456K, reserved 1136640K
  class space    used 11337K, capacity 11829K, committed 12160K, reserved 1048576K
}
{Heap before GC invocations=1048 (full 4):
 PSYoungGen      total 662016K, used 660105K [0x00000000d5580000, 0x0000000100000000, 0x0000000100000000)
  eden space 659968K, 99% used [0x00000000d5580000,0x00000000fd87a570,0x00000000fda00000)
  from space 2048K, 82% used [0x00000000fda00000,0x00000000fdba8050,0x00000000fdc00000)
  to   space 19968K, 0% used [0x00000000fec80000,0x00000000fec80000,0x0000000100000000)
 ParOldGen       total 357376K, used 355518K [0x0000000080000000, 0x0000000095d00000, 0x00000000d5580000)
  object space 357376K, 99% used [0x0000000080000000,0x0000000095b2f900,0x0000000095d00000)
 Metaspace       used 94913K, capacity 97873K, committed 99456K, reserved 1136640K
  class space    used 11337K, capacity 11829K, committed 12160K, reserved 1048576K
2023-05-21T00:06:42.270+0600: 5007274.353: [GC (Allocation Failure) [PSYoungGen: 660105K->14462K(676864K)] 1015623K->370235K(1034240K), 0.0191242 secs] [Times: user=0.04 sys=0.00, real=0.02 secs] 
Heap after GC invocations=1048 (full 4):
 PSYoungGen      total 676864K, used 14462K [0x00000000d5580000, 0x0000000100000000, 0x0000000100000000)
  eden space 656896K, 0% used [0x00000000d5580000,0x00000000d5580000,0x00000000fd700000)
  from space 19968K, 72% used [0x00000000fec80000,0x00000000ffa9f9c0,0x0000000100000000)
  to   space 20992K, 0% used [0x00000000fd700000,0x00000000fd700000,0x00000000feb80000)
 ParOldGen       total 357376K, used 355773K [0x0000000080000000, 0x0000000095d00000, 0x00000000d5580000)
  object space 357376K, 99% used [0x0000000080000000,0x0000000095b6f540,0x0000000095d00000)
 Metaspace       used 94913K, capacity 97873K, committed 99456K, reserved 1136640K
  class space    used 11337K, capacity 11829K, committed 12160K, reserved 1048576K
}
{Heap before GC invocations=1049 (full 4):
 PSYoungGen      total 676864K, used 671358K [0x00000000d5580000, 0x0000000100000000, 0x0000000100000000)
  eden space 656896K, 100% used [0x00000000d5580000,0x00000000fd700000,0x00000000fd700000)
  from space 19968K, 72% used [0x00000000fec80000,0x00000000ffa9f9c0,0x0000000100000000)
  to   space 20992K, 0% used [0x00000000fd700000,0x00000000fd700000,0x00000000feb80000)
 ParOldGen       total 357376K, used 355773K [0x0000000080000000, 0x0000000095d00000, 0x00000000d5580000)
  object space 357376K, 99% used [0x0000000080000000,0x0000000095b6f540,0x0000000095d00000)
 Metaspace       used 94913K, capacity 97873K, committed 99456K, reserved 1136640K
  class space    used 11337K, capacity 11829K, committed 12160K, reserved 1048576K
2023-05-21T00:06:45.174+0600: 5007277.257: [GC (Allocation Failure) [PSYoungGen: 671358K->8809K(677888K)] 1027131K->364598K(1035264K), 0.0095955 secs] [Times: user=0.02 sys=0.00, real=0.01 secs] 
Heap after GC invocations=1049 (full 4):
 PSYoungGen      total 677888K, used 8809K [0x00000000d5580000, 0x00000000fff00000, 0x0000000100000000)
  eden space 656896K, 0% used [0x00000000d5580000,0x00000000d5580000,0x00000000fd700000)
  from space 20992K, 41% used [0x00000000fd700000,0x00000000fdf9a4f8,0x00000000feb80000)
  to   space 19968K, 0% used [0x00000000feb80000,0x00000000feb80000,0x00000000fff00000)
 ParOldGen       total 357376K, used 355789K [0x0000000080000000, 0x0000000095d00000, 0x00000000d5580000)
  object space 357376K, 99% used [0x0000000080000000,0x0000000095b73540,0x0000000095d00000)
 Metaspace       used 94913K, capacity 97873K, committed 99456K, reserved 1136640K
  class space    used 11337K, capacity 11829K, committed 12160K, reserved 1048576K
}
{Heap before GC invocations=1050 (full 4):
 PSYoungGen      total 677888K, used 665705K [0x00000000d5580000, 0x00000000fff00000, 0x0000000100000000)
  eden space 656896K, 100% used [0x00000000d5580000,0x00000000fd700000,0x00000000fd700000)
  from space 20992K, 41% used [0x00000000fd700000,0x00000000fdf9a4f8,0x00000000feb80000)
  to   space 19968K, 0% used [0x00000000feb80000,0x00000000feb80000,0x00000000fff00000)
 ParOldGen       total 357376K, used 355789K [0x0000000080000000, 0x0000000095d00000, 0x00000000d5580000)
  object space 357376K, 99% used [0x0000000080000000,0x0000000095b73540,0x0000000095d00000)
 Metaspace       used 94913K, capacity 97873K, committed 99456K, reserved 1136640K
  class space    used 11337K, capacity 11829K, committed 12160K, reserved 1048576K
2023-05-21T00:06:49.103+0600: 5007281.186: [GC (Allocation Failure) [PSYoungGen: 665705K->12520K(677888K)] 1021494K->368349K(1035264K), 0.0123657 secs] [Times: user=0.02 sys=0.00, real=0.01 secs] 
Heap after GC invocations=1050 (full 4):
 PSYoungGen      total 677888K, used 12520K [0x00000000d5580000, 0x00000000fff00000, 0x0000000100000000)
  eden space 657920K, 0% used [0x00000000d5580000,0x00000000d5580000,0x00000000fd800000)
  from space 19968K, 62% used [0x00000000feb80000,0x00000000ff7ba1c0,0x00000000fff00000)
  to   space 19968K, 0% used [0x00000000fd800000,0x00000000fd800000,0x00000000feb80000)
 ParOldGen       total 357376K, used 355829K [0x0000000080000000, 0x0000000095d00000, 0x00000000d5580000)
  object space 357376K, 99% used [0x0000000080000000,0x0000000095b7d490,0x0000000095d00000)
 Metaspace       used 94913K, capacity 97873K, committed 99456K, reserved 1136640K
  class space    used 11337K, capacity 11829K, committed 12160K, reserved 1048576K
}
{Heap before GC invocations=1051 (full 4):
 PSYoungGen      total 677888K, used 670440K [0x00000000d5580000, 0x00000000fff00000, 0x0000000100000000)
  eden space 657920K, 100% used [0x00000000d5580000,0x00000000fd800000,0x00000000fd800000)
  from space 19968K, 62% used [0x00000000feb80000,0x00000000ff7ba1c0,0x00000000fff00000)
  to   space 19968K, 0% used [0x00000000fd800000,0x00000000fd800000,0x00000000feb80000)
 ParOldGen       total 357376K, used 355829K [0x0000000080000000, 0x0000000095d00000, 0x00000000d5580000)
  object space 357376K, 99% used [0x0000000080000000,0x0000000095b7d490,0x0000000095d00000)
 Metaspace       used 94913K, capacity 97873K, committed 99456K, reserved 1136640K
  class space    used 11337K, capacity 11829K, committed 12160K, reserved 1048576K
2023-05-21T00:06:52.149+0600: 5007284.232: [GC (Allocation Failure) [PSYoungGen: 670440K->1056K(677888K)] 1026269K->356909K(1035264K), 0.0113851 secs] [Times: user=0.02 sys=0.00, real=0.01 secs] 
Heap after GC invocations=1051 (full 4):
 PSYoungGen      total 677888K, used 1056K [0x00000000d5580000, 0x0000000100000000, 0x0000000100000000)
  eden space 657920K, 0% used [0x00000000d5580000,0x00000000d5580000,0x00000000fd800000)
  from space 19968K, 5% used [0x00000000fd800000,0x00000000fd908030,0x00000000feb80000)
  to   space 20480K, 0% used [0x00000000fec00000,0x00000000fec00000,0x0000000100000000)
 ParOldGen       total 357376K, used 355853K [0x0000000080000000, 0x0000000095d00000, 0x00000000d5580000)
  object space 357376K, 99% used [0x0000000080000000,0x0000000095b83490,0x0000000095d00000)
 Metaspace       used 94913K, capacity 97873K, committed 99456K, reserved 1136640K
  class space    used 11337K, capacity 11829K, committed 12160K, reserved 1048576K
}
{Heap before GC invocations=1052 (full 4):
 PSYoungGen      total 677888K, used 657432K [0x00000000d5580000, 0x0000000100000000, 0x0000000100000000)
  eden space 657920K, 99% used [0x00000000d5580000,0x00000000fd67dff0,0x00000000fd800000)
  from space 19968K, 5% used [0x00000000fd800000,0x00000000fd908030,0x00000000feb80000)
  to   space 20480K, 0% used [0x00000000fec00000,0x00000000fec00000,0x0000000100000000)
 ParOldGen       total 357376K, used 355853K [0x0000000080000000, 0x0000000095d00000, 0x00000000d5580000)
  object space 357376K, 99% used [0x0000000080000000,0x0000000095b83490,0x0000000095d00000)
 Metaspace       used 94913K, capacity 97873K, committed 99456K, reserved 1136640K
  class space    used 11337K, capacity 11829K, committed 12160K, reserved 1048576K
2023-05-21T00:06:56.066+0600: 5007288.149: [GC (Allocation Failure) [PSYoungGen: 657432K->11421K(678400K)] 1013285K->367426K(1035776K), 0.0139121 secs] [Times: user=0.02 sys=0.00, real=0.02 secs] 
Heap after GC invocations=1052 (full 4):
 PSYoungGen      total 678400K, used 11421K [0x00000000d5580000, 0x0000000100000000, 0x0000000100000000)
  eden space 657920K, 0% used [0x00000000d5580000,0x00000000d5580000,0x00000000fd800000)
  from space 20480K, 55% used [0x00000000fec00000,0x00000000ff7275b0,0x0000000100000000)
  to   space 20480K, 0% used [0x00000000fd800000,0x00000000fd800000,0x00000000fec00000)
 ParOldGen       total 357376K, used 356004K [0x0000000080000000, 0x0000000095d00000, 0x00000000d5580000)
  object space 357376K, 99% used [0x0000000080000000,0x0000000095ba92b0,0x0000000095d00000)
 Metaspace       used 94913K, capacity 97873K, committed 99456K, reserved 1136640K
  class space    used 11337K, capacity 11829K, committed 12160K, reserved 1048576K
}
{Heap before GC invocations=1053 (full 4):
 PSYoungGen      total 678400K, used 669341K [0x00000000d5580000, 0x0000000100000000, 0x0000000100000000)
  eden space 657920K, 100% used [0x00000000d5580000,0x00000000fd800000,0x00000000fd800000)
  from space 20480K, 55% used [0x00000000fec00000,0x00000000ff7275b0,0x0000000100000000)
  to   space 20480K, 0% used [0x00000000fd800000,0x00000000fd800000,0x00000000fec00000)
 ParOldGen       total 357376K, used 356004K [0x0000000080000000, 0x0000000095d00000, 0x00000000d5580000)
  object space 357376K, 99% used [0x0000000080000000,0x0000000095ba92b0,0x0000000095d00000)
 Metaspace       used 94913K, capacity 97873K, committed 99456K, reserved 1136640K
  class space    used 11337K, capacity 11829K, committed 12160K, reserved 1048576K
2023-05-21T00:06:59.101+0600: 5007291.184: [GC (Allocation Failure) [PSYoungGen: 669341K->8681K(666624K)] 1025346K->364725K(1024000K), 0.0094770 secs] [Times: user=0.02 sys=0.00, real=0.01 secs] 
Heap after GC invocations=1053 (full 4):
 PSYoungGen      total 666624K, used 8681K [0x00000000d5580000, 0x00000000ffe00000, 0x0000000100000000)
  eden space 657920K, 0% used [0x00000000d5580000,0x00000000d5580000,0x00000000fd800000)
  from space 8704K, 99% used [0x00000000fd800000,0x00000000fe07a4e8,0x00000000fe080000)
  to   space 19456K, 0% used [0x00000000feb00000,0x00000000feb00000,0x00000000ffe00000)
 ParOldGen       total 357376K, used 356044K [0x0000000080000000, 0x0000000095d00000, 0x00000000d5580000)
  object space 357376K, 99% used [0x0000000080000000,0x0000000095bb3200,0x0000000095d00000)
 Metaspace       used 94913K, capacity 97873K, committed 99456K, reserved 1136640K
  class space    used 11337K, capacity 11829K, committed 12160K, reserved 1048576K
}
{Heap before GC invocations=1054 (full 4):
 PSYoungGen      total 666624K, used 665549K [0x00000000d5580000, 0x00000000ffe00000, 0x0000000100000000)
  eden space 657920K, 99% used [0x00000000d5580000,0x00000000fd6f8fe0,0x00000000fd800000)
  from space 8704K, 99% used [0x00000000fd800000,0x00000000fe07a4e8,0x00000000fe080000)
  to   space 19456K, 0% used [0x00000000feb00000,0x00000000feb00000,0x00000000ffe00000)
 ParOldGen       total 357376K, used 356044K [0x0000000080000000, 0x0000000095d00000, 0x00000000d5580000)
  object space 357376K, 99% used [0x0000000080000000,0x0000000095bb3200,0x0000000095d00000)
 Metaspace       used 94913K, capacity 97873K, committed 99456K, reserved 1136640K
  class space    used 11337K, capacity 11829K, committed 12160K, reserved 1048576K
2023-05-21T00:07:03.102+0600: 5007295.184: [GC (Allocation Failure) [PSYoungGen: 665549K->14203K(676864K)] 1021593K->370272K(1034240K), 0.0121398 secs] [Times: user=0.02 sys=0.00, real=0.01 secs] 
Heap after GC invocations=1054 (full 4):
 PSYoungGen      total 676864K, used 14203K [0x00000000d5580000, 0x0000000100000000, 0x0000000100000000)
  eden space 657408K, 0% used [0x00000000d5580000,0x00000000d5580000,0x00000000fd780000)
  from space 19456K, 73% used [0x00000000feb00000,0x00000000ff8dee58,0x00000000ffe00000)
  to   space 19968K, 0% used [0x00000000fd780000,0x00000000fd780000,0x00000000feb00000)
 ParOldGen       total 357376K, used 356068K [0x0000000080000000, 0x0000000095d00000, 0x00000000d5580000)
  object space 357376K, 99% used [0x0000000080000000,0x0000000095bb9200,0x0000000095d00000)
 Metaspace       used 94913K, capacity 97873K, committed 99456K, reserved 1136640K
  class space    used 11337K, capacity 11829K, committed 12160K, reserved 1048576K
}
{Heap before GC invocations=1055 (full 4):
 PSYoungGen      total 676864K, used 671611K [0x00000000d5580000, 0x0000000100000000, 0x0000000100000000)
  eden space 657408K, 100% used [0x00000000d5580000,0x00000000fd780000,0x00000000fd780000)
  from space 19456K, 73% used [0x00000000feb00000,0x00000000ff8dee58,0x00000000ffe00000)
  to   space 19968K, 0% used [0x00000000fd780000,0x00000000fd780000,0x00000000feb00000)
 ParOldGen       total 357376K, used 356068K [0x0000000080000000, 0x0000000095d00000, 0x00000000d5580000)
  object space 357376K, 99% used [0x0000000080000000,0x0000000095bb9200,0x0000000095d00000)
 Metaspace       used 94913K, capacity 97873K, committed 99456K, reserved 1136640K
  class space    used 11337K, capacity 11829K, committed 12160K, reserved 1048576K
2023-05-21T00:07:06.126+0600: 5007298.209: [GC (Allocation Failure) [PSYoungGen: 671611K->8073K(677376K)] 1027680K->364277K(1034752K), 0.0103266 secs] [Times: user=0.02 sys=0.00, real=0.01 secs] 
Heap after GC invocations=1055 (full 4):
 PSYoungGen      total 677376K, used 8073K [0x00000000d5580000, 0x00000000fff80000, 0x0000000100000000)
  eden space 657408K, 0% used [0x00000000d5580000,0x00000000d5580000,0x00000000fd780000)
  from space 19968K, 40% used [0x00000000fd780000,0x00000000fdf624d8,0x00000000feb00000)
  to   space 19456K, 0% used [0x00000000fec80000,0x00000000fec80000,0x00000000fff80000)
 ParOldGen       total 357376K, used 356204K [0x0000000080000000, 0x0000000095d00000, 0x00000000d5580000)
  object space 357376K, 99% used [0x0000000080000000,0x0000000095bdb020,0x0000000095d00000)
 Metaspace       used 94913K, capacity 97873K, committed 99456K, reserved 1136640K
  class space    used 11337K, capacity 11829K, committed 12160K, reserved 1048576K
}
{Heap before GC invocations=1056 (full 4):
 PSYoungGen      total 677376K, used 663469K [0x00000000d5580000, 0x00000000fff80000, 0x0000000100000000)
  eden space 657408K, 99% used [0x00000000d5580000,0x00000000fd5891b0,0x00000000fd780000)
  from space 19968K, 40% used [0x00000000fd780000,0x00000000fdf624d8,0x00000000feb00000)
  to   space 19456K, 0% used [0x00000000fec80000,0x00000000fec80000,0x00000000fff80000)
 ParOldGen       total 357376K, used 356204K [0x0000000080000000, 0x0000000095d00000, 0x00000000d5580000)
  object space 357376K, 99% used [0x0000000080000000,0x0000000095bdb020,0x0000000095d00000)
 Metaspace       used 94913K, capacity 97873K, committed 99456K, reserved 1136640K
  class space    used 11337K, capacity 11829K, committed 12160K, reserved 1048576K
2023-05-21T00:07:10.021+0600: 5007302.104: [GC (Allocation Failure) [PSYoungGen: 663469K->10322K(677888K)] 1019673K->366550K(1035264K), 0.0109051 secs] [Times: user=0.02 sys=0.00, real=0.01 secs] 
Heap after GC invocations=1056 (full 4):
 PSYoungGen      total 677888K, used 10322K [0x00000000d5580000, 0x00000000ffe80000, 0x0000000100000000)
  eden space 659456K, 0% used [0x00000000d5580000,0x00000000d5580000,0x00000000fd980000)
  from space 18432K, 56% used [0x00000000fec80000,0x00000000ff694990,0x00000000ffe80000)
  to   space 18944K, 0% used [0x00000000fd980000,0x00000000fd980000,0x00000000fec00000)
 ParOldGen       total 357376K, used 356228K [0x0000000080000000, 0x0000000095d00000, 0x00000000d5580000)
  object space 357376K, 99% used [0x0000000080000000,0x0000000095be1020,0x0000000095d00000)
 Metaspace       used 94913K, capacity 97873K, committed 99456K, reserved 1136640K
  class space    used 11337K, capacity 11829K, committed 12160K, reserved 1048576K
}
{Heap before GC invocations=1057 (full 4):
 PSYoungGen      total 677888K, used 669778K [0x00000000d5580000, 0x00000000ffe80000, 0x0000000100000000)
  eden space 659456K, 100% used [0x00000000d5580000,0x00000000fd980000,0x00000000fd980000)
  from space 18432K, 56% used [0x00000000fec80000,0x00000000ff694990,0x00000000ffe80000)
  to   space 18944K, 0% used [0x00000000fd980000,0x00000000fd980000,0x00000000fec00000)
 ParOldGen       total 357376K, used 356228K [0x0000000080000000, 0x0000000095d00000, 0x00000000d5580000)
  object space 357376K, 99% used [0x0000000080000000,0x0000000095be1020,0x0000000095d00000)
 Metaspace       used 94913K, capacity 97873K, committed 99456K, reserved 1136640K
  class space    used 11337K, capacity 11829K, committed 12160K, reserved 1048576K
2023-05-21T00:07:13.054+0600: 5007305.137: [GC (Allocation Failure) [PSYoungGen: 669778K->1024K(678400K)] 1026006K->357283K(1035776K), 0.0092570 secs] [Times: user=0.01 sys=0.00, real=0.01 secs] 
Heap after GC invocations=1057 (full 4):
 PSYoungGen      total 678400K, used 1024K [0x00000000d5580000, 0x0000000100000000, 0x0000000100000000)
  eden space 659456K, 0% used [0x00000000d5580000,0x00000000d5580000,0x00000000fd980000)
  from space 18944K, 5% used [0x00000000fd980000,0x00000000fda80010,0x00000000fec00000)
  to   space 19456K, 0% used [0x00000000fed00000,0x00000000fed00000,0x0000000100000000)
 ParOldGen       total 357376K, used 356259K [0x0000000080000000, 0x0000000095d00000, 0x00000000d5580000)
  object space 357376K, 99% used [0x0000000080000000,0x0000000095be8f70,0x0000000095d00000)
 Metaspace       used 94913K, capacity 97873K, committed 99456K, reserved 1136640K
  class space    used 11337K, capacity 11829K, committed 12160K, reserved 1048576K
}
{Heap before GC invocations=1058 (full 4):
 PSYoungGen      total 678400K, used 657103K [0x00000000d5580000, 0x0000000100000000, 0x0000000100000000)
  eden space 659456K, 99% used [0x00000000d5580000,0x00000000fd633eb8,0x00000000fd980000)
  from space 18944K, 5% used [0x00000000fd980000,0x00000000fda80010,0x00000000fec00000)
  to   space 19456K, 0% used [0x00000000fed00000,0x00000000fed00000,0x0000000100000000)
 ParOldGen       total 357376K, used 356259K [0x0000000080000000, 0x0000000095d00000, 0x00000000d5580000)
  object space 357376K, 99% used [0x0000000080000000,0x0000000095be8f70,0x0000000095d00000)
 Metaspace       used 94913K, capacity 97873K, committed 99456K, reserved 1136640K
  class space    used 11337K, capacity 11829K, committed 12160K, reserved 1048576K
2023-05-21T00:07:17.646+0600: 5007309.729: [GC (Allocation Failure) [PSYoungGen: 657103K->14267K(677376K)] 1013363K->370551K(1034752K), 0.0152365 secs] [Times: user=0.03 sys=0.00, real=0.02 secs] 
Heap after GC invocations=1058 (full 4):
 PSYoungGen      total 677376K, used 14267K [0x00000000d5580000, 0x0000000100000000, 0x0000000100000000)
  eden space 657920K, 0% used [0x00000000d5580000,0x00000000d5580000,0x00000000fd800000)
  from space 19456K, 73% used [0x00000000fed00000,0x00000000ffaeee58,0x0000000100000000)
  to   space 20480K, 0% used [0x00000000fd800000,0x00000000fd800000,0x00000000fec00000)
 ParOldGen       total 357376K, used 356283K [0x0000000080000000, 0x0000000095d00000, 0x00000000d5580000)
  object space 357376K, 99% used [0x0000000080000000,0x0000000095beef70,0x0000000095d00000)
 Metaspace       used 94913K, capacity 97873K, committed 99456K, reserved 1136640K
  class space    used 11337K, capacity 11829K, committed 12160K, reserved 1048576K
}
{Heap before GC invocations=1059 (full 4):
 PSYoungGen      total 677376K, used 672187K [0x00000000d5580000, 0x0000000100000000, 0x0000000100000000)
  eden space 657920K, 100% used [0x00000000d5580000,0x00000000fd800000,0x00000000fd800000)
  from space 19456K, 73% used [0x00000000fed00000,0x00000000ffaeee58,0x0000000100000000)
  to   space 20480K, 0% used [0x00000000fd800000,0x00000000fd800000,0x00000000fec00000)
 ParOldGen       total 357376K, used 356283K [0x0000000080000000, 0x0000000095d00000, 0x00000000d5580000)
  object space 357376K, 99% used [0x0000000080000000,0x0000000095beef70,0x0000000095d00000)
 Metaspace       used 94913K, capacity 97873K, committed 99456K, reserved 1136640K
  class space    used 11337K, capacity 11829K, committed 12160K, reserved 1048576K
2023-05-21T00:07:20.844+0600: 5007312.927: [GC (Allocation Failure) [PSYoungGen: 672187K->8457K(678400K)] 1028471K->364757K(1035776K), 0.0109275 secs] [Times: user=0.02 sys=0.00, real=0.01 secs] 
Heap after GC invocations=1059 (full 4):
 PSYoungGen      total 678400K, used 8457K [0x00000000d5580000, 0x00000000fff00000, 0x0000000100000000)
  eden space 657920K, 0% used [0x00000000d5580000,0x00000000d5580000,0x00000000fd800000)
  from space 20480K, 41% used [0x00000000fd800000,0x00000000fe0424e8,0x00000000fec00000)
  to   space 19456K, 0% used [0x00000000fec00000,0x00000000fec00000,0x00000000fff00000)
 ParOldGen       total 357376K, used 356299K [0x0000000080000000, 0x0000000095d00000, 0x00000000d5580000)
  object space 357376K, 99% used [0x0000000080000000,0x0000000095bf2f70,0x0000000095d00000)
 Metaspace       used 94913K, capacity 97873K, committed 99456K, reserved 1136640K
  class space    used 11337K, capacity 11829K, committed 12160K, reserved 1048576K
}
{Heap before GC invocations=1060 (full 4):
 PSYoungGen      total 678400K, used 666121K [0x00000000d5580000, 0x00000000fff00000, 0x0000000100000000)
  eden space 657920K, 99% used [0x00000000d5580000,0x00000000fd7bff60,0x00000000fd800000)
  from space 20480K, 41% used [0x00000000fd800000,0x00000000fe0424e8,0x00000000fec00000)
  to   space 19456K, 0% used [0x00000000fec00000,0x00000000fec00000,0x00000000fff00000)
 ParOldGen       total 357376K, used 356299K [0x0000000080000000, 0x0000000095d00000, 0x00000000d5580000)
  object space 357376K, 99% used [0x0000000080000000,0x0000000095bf2f70,0x0000000095d00000)
 Metaspace       used 94913K, capacity 97873K, committed 99456K, reserved 1136640K
  class space    used 11337K, capacity 11829K, committed 12160K, reserved 1048576K
2023-05-21T00:07:24.729+0600: 5007316.812: [GC (Allocation Failure) [PSYoungGen: 666121K->10290K(677376K)] 1022420K->366741K(1034752K), 0.0178242 secs] [Times: user=0.04 sys=0.00, real=0.02 secs] 
Heap after GC invocations=1060 (full 4):
 PSYoungGen      total 677376K, used 10290K [0x00000000d5580000, 0x00000000ffe00000, 0x0000000100000000)
  eden space 658944K, 0% used [0x00000000d5580000,0x00000000d5580000,0x00000000fd900000)
  from space 18432K, 55% used [0x00000000fec00000,0x00000000ff60c990,0x00000000ffe00000)
  to   space 18944K, 0% used [0x00000000fd900000,0x00000000fd900000,0x00000000feb80000)
 ParOldGen       total 357376K, used 356451K [0x0000000080000000, 0x0000000095d00000, 0x00000000d5580000)
  object space 357376K, 99% used [0x0000000080000000,0x0000000095c18ce0,0x0000000095d00000)
 Metaspace       used 94913K, capacity 97873K, committed 99456K, reserved 1136640K
  class space    used 11337K, capacity 11829K, committed 12160K, reserved 1048576K
}
{Heap before GC invocations=1061 (full 4):
 PSYoungGen      total 677376K, used 669234K [0x00000000d5580000, 0x00000000ffe00000, 0x0000000100000000)
  eden space 658944K, 100% used [0x00000000d5580000,0x00000000fd900000,0x00000000fd900000)
  from space 18432K, 55% used [0x00000000fec00000,0x00000000ff60c990,0x00000000ffe00000)
  to   space 18944K, 0% used [0x00000000fd900000,0x00000000fd900000,0x00000000feb80000)
 ParOldGen       total 357376K, used 356451K [0x0000000080000000, 0x0000000095d00000, 0x00000000d5580000)
  object space 357376K, 99% used [0x0000000080000000,0x0000000095c18ce0,0x0000000095d00000)
 Metaspace       used 94913K, capacity 97873K, committed 99456K, reserved 1136640K
  class space    used 11337K, capacity 11829K, committed 12160K, reserved 1048576K
2023-05-21T00:07:27.862+0600: 5007319.944: [GC (Allocation Failure) [PSYoungGen: 669234K->1280K(677888K)] 1025685K->357747K(1035264K), 0.0112669 secs] [Times: user=0.02 sys=0.00, real=0.01 secs] 
Heap after GC invocations=1061 (full 4):
 PSYoungGen      total 677888K, used 1280K [0x00000000d5580000, 0x0000000100000000, 0x0000000100000000)
  eden space 658944K, 0% used [0x00000000d5580000,0x00000000d5580000,0x00000000fd900000)
  from space 18944K, 6% used [0x00000000fd900000,0x00000000fda40030,0x00000000feb80000)
  to   space 19456K, 0% used [0x00000000fed00000,0x00000000fed00000,0x0000000100000000)
 ParOldGen       total 357376K, used 356467K [0x0000000080000000, 0x0000000095d00000, 0x00000000d5580000)
  object space 357376K, 99% used [0x0000000080000000,0x0000000095c1cce0,0x0000000095d00000)
 Metaspace       used 94913K, capacity 97873K, committed 99456K, reserved 1136640K
  class space    used 11337K, capacity 11829K, committed 12160K, reserved 1048576K
}
{Heap before GC invocations=1062 (full 4):
 PSYoungGen      total 677888K, used 656865K [0x00000000d5580000, 0x0000000100000000, 0x0000000100000000)
  eden space 658944K, 99% used [0x00000000d5580000,0x00000000fd5b8560,0x00000000fd900000)
  from space 18944K, 6% used [0x00000000fd900000,0x00000000fda40030,0x00000000feb80000)
  to   space 19456K, 0% used [0x00000000fed00000,0x00000000fed00000,0x0000000100000000)
 ParOldGen       total 357376K, used 356467K [0x0000000080000000, 0x0000000095d00000, 0x00000000d5580000)
  object space 357376K, 99% used [0x0000000080000000,0x0000000095c1cce0,0x0000000095d00000)
 Metaspace       used 94913K, capacity 97873K, committed 99456K, reserved 1136640K
  class space    used 11337K, capacity 11829K, committed 12160K, reserved 1048576K
2023-05-21T00:07:31.677+0600: 5007323.760: [GC (Allocation Failure) [PSYoungGen: 656865K->14363K(677376K)] 1013332K->370862K(1034752K), 0.0183706 secs] [Times: user=0.03 sys=0.00, real=0.02 secs] 
Heap after GC invocations=1062 (full 4):
 PSYoungGen      total 677376K, used 14363K [0x00000000d5580000, 0x0000000100000000, 0x0000000100000000)
  eden space 657920K, 0% used [0x00000000d5580000,0x00000000d5580000,0x00000000fd800000)
  from space 19456K, 73% used [0x00000000fed00000,0x00000000ffb06e68,0x0000000100000000)
  to   space 20480K, 0% used [0x00000000fd800000,0x00000000fd800000,0x00000000fec00000)
 ParOldGen       total 357376K, used 356499K [0x0000000080000000, 0x0000000095d00000, 0x00000000d5580000)
  object space 357376K, 99% used [0x0000000080000000,0x0000000095c24ce0,0x0000000095d00000)
 Metaspace       used 94913K, capacity 97873K, committed 99456K, reserved 1136640K
  class space    used 11337K, capacity 11829K, committed 12160K, reserved 1048576K
}
{Heap before GC invocations=1063 (full 4):
 PSYoungGen      total 677376K, used 672283K [0x00000000d5580000, 0x0000000100000000, 0x0000000100000000)
  eden space 657920K, 100% used [0x00000000d5580000,0x00000000fd800000,0x00000000fd800000)
  from space 19456K, 73% used [0x00000000fed00000,0x00000000ffb06e68,0x0000000100000000)
  to   space 20480K, 0% used [0x00000000fd800000,0x00000000fd800000,0x00000000fec00000)
 ParOldGen       total 357376K, used 356499K [0x0000000080000000, 0x0000000095d00000, 0x00000000d5580000)
  object space 357376K, 99% used [0x0000000080000000,0x0000000095c24ce0,0x0000000095d00000)
 Metaspace       used 94913K, capacity 97873K, committed 99456K, reserved 1136640K
  class space    used 11337K, capacity 11829K, committed 12160K, reserved 1048576K
2023-05-21T00:07:34.786+0600: 5007326.869: [GC (Allocation Failure) [PSYoungGen: 672283K->8681K(678400K)] 1028782K->365212K(1035776K), 0.0097747 secs] [Times: user=0.02 sys=0.00, real=0.01 secs] 
Heap after GC invocations=1063 (full 4):
 PSYoungGen      total 678400K, used 8681K [0x00000000d5580000, 0x00000000fff00000, 0x0000000100000000)
  eden space 657920K, 0% used [0x00000000d5580000,0x00000000d5580000,0x00000000fd800000)
  from space 20480K, 42% used [0x00000000fd800000,0x00000000fe07a4f8,0x00000000fec00000)
  to   space 19456K, 0% used [0x00000000fec00000,0x00000000fec00000,0x00000000fff00000)
 ParOldGen       total 357376K, used 356531K [0x0000000080000000, 0x0000000095d00000, 0x00000000d5580000)
  object space 357376K, 99% used [0x0000000080000000,0x0000000095c2cc30,0x0000000095d00000)
 Metaspace       used 94913K, capacity 97873K, committed 99456K, reserved 1136640K
  class space    used 11337K, capacity 11829K, committed 12160K, reserved 1048576K
}
{Heap before GC invocations=1064 (full 4):
 PSYoungGen      total 678400K, used 665110K [0x00000000d5580000, 0x00000000fff00000, 0x0000000100000000)
  eden space 657920K, 99% used [0x00000000d5580000,0x00000000fd68b4d0,0x00000000fd800000)
  from space 20480K, 42% used [0x00000000fd800000,0x00000000fe07a4f8,0x00000000fec00000)
  to   space 19456K, 0% used [0x00000000fec00000,0x00000000fec00000,0x00000000fff00000)
 ParOldGen       total 357376K, used 356531K [0x0000000080000000, 0x0000000095d00000, 0x00000000d5580000)
  object space 357376K, 99% used [0x0000000080000000,0x0000000095c2cc30,0x0000000095d00000)
 Metaspace       used 94913K, capacity 97873K, committed 99456K, reserved 1136640K
  class space    used 11337K, capacity 11829K, committed 12160K, reserved 1048576K
2023-05-21T00:07:38.493+0600: 5007330.576: [GC (Allocation Failure) [PSYoungGen: 665110K->14363K(677376K)] 1021641K->370918K(1034752K), 0.0188311 secs] [Times: user=0.03 sys=0.00, real=0.02 secs] 
Heap after GC invocations=1064 (full 4):
 PSYoungGen      total 677376K, used 14363K [0x00000000d5580000, 0x0000000100000000, 0x0000000100000000)
  eden space 657920K, 0% used [0x00000000d5580000,0x00000000d5580000,0x00000000fd800000)
  from space 19456K, 73% used [0x00000000fec00000,0x00000000ffa06e68,0x00000000fff00000)
  to   space 20480K, 0% used [0x00000000fd800000,0x00000000fd800000,0x00000000fec00000)
 ParOldGen       total 357376K, used 356555K [0x0000000080000000, 0x0000000095d00000, 0x00000000d5580000)
  object space 357376K, 99% used [0x0000000080000000,0x0000000095c32c30,0x0000000095d00000)
 Metaspace       used 94913K, capacity 97873K, committed 99456K, reserved 1136640K
  class space    used 11337K, capacity 11829K, committed 12160K, reserved 1048576K
}
{Heap before GC invocations=1065 (full 4):
 PSYoungGen      total 677376K, used 672283K [0x00000000d5580000, 0x0000000100000000, 0x0000000100000000)
  eden space 657920K, 100% used [0x00000000d5580000,0x00000000fd800000,0x00000000fd800000)
  from space 19456K, 73% used [0x00000000fec00000,0x00000000ffa06e68,0x00000000fff00000)
  to   space 20480K, 0% used [0x00000000fd800000,0x00000000fd800000,0x00000000fec00000)
 ParOldGen       total 357376K, used 356555K [0x0000000080000000, 0x0000000095d00000, 0x00000000d5580000)
  object space 357376K, 99% used [0x0000000080000000,0x0000000095c32c30,0x0000000095d00000)
 Metaspace       used 94913K, capacity 97873K, committed 99456K, reserved 1136640K
  class space    used 11337K, capacity 11829K, committed 12160K, reserved 1048576K
2023-05-21T00:07:41.685+0600: 5007333.768: [GC (Allocation Failure) [PSYoungGen: 672283K->8361K(678400K)] 1028838K->364932K(1035776K), 0.0101479 secs] [Times: user=0.02 sys=0.00, real=0.01 secs] 
Heap after GC invocations=1065 (full 4):
 PSYoungGen      total 678400K, used 8361K [0x00000000d5580000, 0x00000000fff00000, 0x0000000100000000)
  eden space 657920K, 0% used [0x00000000d5580000,0x00000000d5580000,0x00000000fd800000)
  from space 20480K, 40% used [0x00000000fd800000,0x00000000fe02a4f8,0x00000000fec00000)
  to   space 19456K, 0% used [0x00000000fec00000,0x00000000fec00000,0x00000000fff00000)
 ParOldGen       total 357376K, used 356571K [0x0000000080000000, 0x0000000095d00000, 0x00000000d5580000)
  object space 357376K, 99% used [0x0000000080000000,0x0000000095c36c30,0x0000000095d00000)
 Metaspace       used 94913K, capacity 97873K, committed 99456K, reserved 1136640K
  class space    used 11337K, capacity 11829K, committed 12160K, reserved 1048576K
}
{Heap before GC invocations=1066 (full 4):
 PSYoungGen      total 678400K, used 665530K [0x00000000d5580000, 0x00000000fff00000, 0x0000000100000000)
  eden space 657920K, 99% used [0x00000000d5580000,0x00000000fd744470,0x00000000fd800000)
  from space 20480K, 40% used [0x00000000fd800000,0x00000000fe02a4f8,0x00000000fec00000)
  to   space 19456K, 0% used [0x00000000fec00000,0x00000000fec00000,0x00000000fff00000)
 ParOldGen       total 357376K, used 356571K [0x0000000080000000, 0x0000000095d00000, 0x00000000d5580000)
  object space 357376K, 99% used [0x0000000080000000,0x0000000095c36c30,0x0000000095d00000)
 Metaspace       used 94913K, capacity 97873K, committed 99456K, reserved 1136640K
  class space    used 11337K, capacity 11829K, committed 12160K, reserved 1048576K
2023-05-21T00:07:45.560+0600: 5007337.643: [GC (Allocation Failure) [PSYoungGen: 665530K->10546K(677376K)] 1022101K->367141K(1034752K), 0.0187175 secs] [Times: user=0.04 sys=0.00, real=0.02 secs] 
Heap after GC invocations=1066 (full 4):
 PSYoungGen      total 677376K, used 10546K [0x00000000d5580000, 0x00000000ffe00000, 0x0000000100000000)
  eden space 658944K, 0% used [0x00000000d5580000,0x00000000d5580000,0x00000000fd900000)
  from space 18432K, 57% used [0x00000000fec00000,0x00000000ff64c9b0,0x00000000ffe00000)
  to   space 18944K, 0% used [0x00000000fd900000,0x00000000fd900000,0x00000000feb80000)
 ParOldGen       total 357376K, used 356595K [0x0000000080000000, 0x0000000095d00000, 0x00000000d5580000)
  object space 357376K, 99% used [0x0000000080000000,0x0000000095c3cc30,0x0000000095d00000)
 Metaspace       used 94913K, capacity 97873K, committed 99456K, reserved 1136640K
  class space    used 11337K, capacity 11829K, committed 12160K, reserved 1048576K
}
{Heap before GC invocations=1067 (full 4):
 PSYoungGen      total 677376K, used 669490K [0x00000000d5580000, 0x00000000ffe00000, 0x0000000100000000)
  eden space 658944K, 100% used [0x00000000d5580000,0x00000000fd900000,0x00000000fd900000)
  from space 18432K, 57% used [0x00000000fec00000,0x00000000ff64c9b0,0x00000000ffe00000)
  to   space 18944K, 0% used [0x00000000fd900000,0x00000000fd900000,0x00000000feb80000)
 ParOldGen       total 357376K, used 356595K [0x0000000080000000, 0x0000000095d00000, 0x00000000d5580000)
  object space 357376K, 99% used [0x0000000080000000,0x0000000095c3cc30,0x0000000095d00000)
 Metaspace       used 94913K, capacity 97873K, committed 99456K, reserved 1136640K
  class space    used 11337K, capacity 11829K, committed 12160K, reserved 1048576K
2023-05-21T00:07:48.656+0600: 5007340.739: [GC (Allocation Failure) [PSYoungGen: 669490K->8553K(677888K)] 1026085K->365180K(1035264K), 0.0093995 secs] [Times: user=0.02 sys=0.00, real=0.01 secs] 
Heap after GC invocations=1067 (full 4):
 PSYoungGen      total 677888K, used 8553K [0x00000000d5580000, 0x00000000ffe80000, 0x0000000100000000)
  eden space 658944K, 0% used [0x00000000d5580000,0x00000000d5580000,0x00000000fd900000)
  from space 18944K, 45% used [0x00000000fd900000,0x00000000fe15a4f8,0x00000000feb80000)
  to   space 17920K, 0% used [0x00000000fed00000,0x00000000fed00000,0x00000000ffe80000)
 ParOldGen       total 357376K, used 356626K [0x0000000080000000, 0x0000000095d00000, 0x00000000d5580000)
  object space 357376K, 99% used [0x0000000080000000,0x0000000095c44b80,0x0000000095d00000)
 Metaspace       used 94913K, capacity 97873K, committed 99456K, reserved 1136640K
  class space    used 11337K, capacity 11829K, committed 12160K, reserved 1048576K
}
{Heap before GC invocations=1068 (full 4):
 PSYoungGen      total 677888K, used 664263K [0x00000000d5580000, 0x00000000ffe80000, 0x0000000100000000)
  eden space 658944K, 99% used [0x00000000d5580000,0x00000000fd5d7908,0x00000000fd900000)
  from space 18944K, 45% used [0x00000000fd900000,0x00000000fe15a4f8,0x00000000feb80000)
  to   space 17920K, 0% used [0x00000000fed00000,0x00000000fed00000,0x00000000ffe80000)
 ParOldGen       total 357376K, used 356626K [0x0000000080000000, 0x0000000095d00000, 0x00000000d5580000)
  object space 357376K, 99% used [0x0000000080000000,0x0000000095c44b80,0x0000000095d00000)
 Metaspace       used 94913K, capacity 97873K, committed 99456K, reserved 1136640K
  class space    used 11337K, capacity 11829K, committed 12160K, reserved 1048576K
2023-05-21T00:07:52.679+0600: 5007344.761: [GC (Allocation Failure) [PSYoungGen: 664263K->14363K(678400K)] 1020890K->371014K(1035776K), 0.0145349 secs] [Times: user=0.03 sys=0.00, real=0.02 secs] 
Heap after GC invocations=1068 (full 4):
 PSYoungGen      total 678400K, used 14363K [0x00000000d5580000, 0x0000000100000000, 0x0000000100000000)
  eden space 660480K, 0% used [0x00000000d5580000,0x00000000d5580000,0x00000000fda80000)
  from space 17920K, 80% used [0x00000000fed00000,0x00000000ffb06e68,0x00000000ffe80000)
  to   space 18944K, 0% used [0x00000000fda80000,0x00000000fda80000,0x00000000fed00000)
 ParOldGen       total 357376K, used 356650K [0x0000000080000000, 0x0000000095d00000, 0x00000000d5580000)
  object space 357376K, 99% used [0x0000000080000000,0x0000000095c4ab80,0x0000000095d00000)
 Metaspace       used 94913K, capacity 97873K, committed 99456K, reserved 1136640K
  class space    used 11337K, capacity 11829K, committed 12160K, reserved 1048576K
}
{Heap before GC invocations=1069 (full 4):
 PSYoungGen      total 678400K, used 674843K [0x00000000d5580000, 0x0000000100000000, 0x0000000100000000)
  eden space 660480K, 100% used [0x00000000d5580000,0x00000000fda80000,0x00000000fda80000)
  from space 17920K, 80% used [0x00000000fed00000,0x00000000ffb06e68,0x00000000ffe80000)
  to   space 18944K, 0% used [0x00000000fda80000,0x00000000fda80000,0x00000000fed00000)
 ParOldGen       total 357376K, used 356650K [0x0000000080000000, 0x0000000095d00000, 0x00000000d5580000)
  object space 357376K, 99% used [0x0000000080000000,0x0000000095c4ab80,0x0000000095d00000)
 Metaspace       used 94913K, capacity 97873K, committed 99456K, reserved 1136640K
  class space    used 11337K, capacity 11829K, committed 12160K, reserved 1048576K
2023-05-21T00:07:56.042+0600: 5007348.124: [GC (Allocation Failure) [PSYoungGen: 674843K->8361K(679424K)] 1031494K->365036K(1036800K), 0.0088500 secs] [Times: user=0.02 sys=0.00, real=0.01 secs] 
Heap after GC invocations=1069 (full 4):
 PSYoungGen      total 679424K, used 8361K [0x00000000d5580000, 0x0000000100000000, 0x0000000100000000)
  eden space 660480K, 0% used [0x00000000d5580000,0x00000000d5580000,0x00000000fda80000)
  from space 18944K, 44% used [0x00000000fda80000,0x00000000fe2aa4f8,0x00000000fed00000)
  to   space 18432K, 0% used [0x00000000fee00000,0x00000000fee00000,0x0000000100000000)
 ParOldGen       total 357376K, used 356674K [0x0000000080000000, 0x0000000095d00000, 0x00000000d5580000)
  object space 357376K, 99% used [0x0000000080000000,0x0000000095c50b80,0x0000000095d00000)
 Metaspace       used 94913K, capacity 97873K, committed 99456K, reserved 1136640K
  class space    used 11337K, capacity 11829K, committed 12160K, reserved 1048576K
}
{Heap before GC invocations=1070 (full 4):
 PSYoungGen      total 679424K, used 666548K [0x00000000d5580000, 0x0000000100000000, 0x0000000100000000)
  eden space 660480K, 99% used [0x00000000d5580000,0x00000000fd842b18,0x00000000fda80000)
  from space 18944K, 44% used [0x00000000fda80000,0x00000000fe2aa4f8,0x00000000fed00000)
  to   space 18432K, 0% used [0x00000000fee00000,0x00000000fee00000,0x0000000100000000)
 ParOldGen       total 357376K, used 356674K [0x0000000080000000, 0x0000000095d00000, 0x00000000d5580000)
  object space 357376K, 99% used [0x0000000080000000,0x0000000095c50b80,0x0000000095d00000)
 Metaspace       used 94913K, capacity 97873K, committed 99456K, reserved 1136640K
  class space    used 11337K, capacity 11829K, committed 12160K, reserved 1048576K
2023-05-21T00:07:59.900+0600: 5007351.983: [GC (Allocation Failure) [PSYoungGen: 666548K->14331K(678400K)] 1023222K->371046K(1035776K), 0.0116484 secs] [Times: user=0.02 sys=0.00, real=0.01 secs] 
Heap after GC invocations=1070 (full 4):
 PSYoungGen      total 678400K, used 14331K [0x00000000d5580000, 0x0000000100000000, 0x0000000100000000)
  eden space 659968K, 0% used [0x00000000d5580000,0x00000000d5580000,0x00000000fda00000)
  from space 18432K, 77% used [0x00000000fee00000,0x00000000ffbfee68,0x0000000100000000)
  to   space 19456K, 0% used [0x00000000fda00000,0x00000000fda00000,0x00000000fed00000)
 ParOldGen       total 357376K, used 356714K [0x0000000080000000, 0x0000000095d00000, 0x00000000d5580000)
  object space 357376K, 99% used [0x0000000080000000,0x0000000095c5aad0,0x0000000095d00000)
 Metaspace       used 94913K, capacity 97873K, committed 99456K, reserved 1136640K
  class space    used 11337K, capacity 11829K, committed 12160K, reserved 1048576K
}
{Heap before GC invocations=1071 (full 4):
 PSYoungGen      total 678400K, used 674299K [0x00000000d5580000, 0x0000000100000000, 0x0000000100000000)
  eden space 659968K, 100% used [0x00000000d5580000,0x00000000fda00000,0x00000000fda00000)
  from space 18432K, 77% used [0x00000000fee00000,0x00000000ffbfee68,0x0000000100000000)
  to   space 19456K, 0% used [0x00000000fda00000,0x00000000fda00000,0x00000000fed00000)
 ParOldGen       total 357376K, used 356714K [0x0000000080000000, 0x0000000095d00000, 0x00000000d5580000)
  object space 357376K, 99% used [0x0000000080000000,0x0000000095c5aad0,0x0000000095d00000)
 Metaspace       used 94913K, capacity 97873K, committed 99456K, reserved 1136640K
  class space    used 11337K, capacity 11829K, committed 12160K, reserved 1048576K
2023-05-21T00:08:03.033+0600: 5007355.116: [GC (Allocation Failure) [PSYoungGen: 674299K->8361K(679424K)] 1031014K->365099K(1036800K), 0.0089714 secs] [Times: user=0.02 sys=0.00, real=0.01 secs] 
Heap after GC invocations=1071 (full 4):
 PSYoungGen      total 679424K, used 8361K [0x00000000d5580000, 0x0000000100000000, 0x0000000100000000)
  eden space 659968K, 0% used [0x00000000d5580000,0x00000000d5580000,0x00000000fda00000)
  from space 19456K, 42% used [0x00000000fda00000,0x00000000fe22a4f8,0x00000000fed00000)
  to   space 18944K, 0% used [0x00000000fed80000,0x00000000fed80000,0x0000000100000000)
 ParOldGen       total 357376K, used 356738K [0x0000000080000000, 0x0000000095d00000, 0x00000000d5580000)
  object space 357376K, 99% used [0x0000000080000000,0x0000000095c60ad0,0x0000000095d00000)
 Metaspace       used 94913K, capacity 97873K, committed 99456K, reserved 1136640K
  class space    used 11337K, capacity 11829K, committed 12160K, reserved 1048576K
}
{Heap before GC invocations=1072 (full 4):
 PSYoungGen      total 679424K, used 667585K [0x00000000d5580000, 0x0000000100000000, 0x0000000100000000)
  eden space 659968K, 99% used [0x00000000d5580000,0x00000000fd9461f0,0x00000000fda00000)
  from space 19456K, 42% used [0x00000000fda00000,0x00000000fe22a4f8,0x00000000fed00000)
  to   space 18944K, 0% used [0x00000000fed80000,0x00000000fed80000,0x0000000100000000)
 ParOldGen       total 357376K, used 356738K [0x0000000080000000, 0x0000000095d00000, 0x00000000d5580000)
  object space 357376K, 99% used [0x0000000080000000,0x0000000095c60ad0,0x0000000095d00000)
 Metaspace       used 94913K, capacity 97873K, committed 99456K, reserved 1136640K
  class space    used 11337K, capacity 11829K, committed 12160K, reserved 1048576K
2023-05-21T00:08:07.025+0600: 5007359.108: [GC (Allocation Failure) [PSYoungGen: 667585K->10610K(676864K)] 1024324K->367373K(1034240K), 0.0149800 secs] [Times: user=0.03 sys=0.00, real=0.02 secs] 
Heap after GC invocations=1072 (full 4):
 PSYoungGen      total 676864K, used 10610K [0x00000000d5580000, 0x00000000ffd80000, 0x0000000100000000)
  eden space 660480K, 0% used [0x00000000d5580000,0x00000000d5580000,0x00000000fda80000)
  from space 16384K, 64% used [0x00000000fed80000,0x00000000ff7dc9c0,0x00000000ffd80000)
  to   space 17920K, 0% used [0x00000000fda80000,0x00000000fda80000,0x00000000fec00000)
 ParOldGen       total 357376K, used 356762K [0x0000000080000000, 0x0000000095d00000, 0x00000000d5580000)
  object space 357376K, 99% used [0x0000000080000000,0x0000000095c66ad0,0x0000000095d00000)
 Metaspace       used 94913K, capacity 97873K, committed 99456K, reserved 1136640K
  class space    used 11337K, capacity 11829K, committed 12160K, reserved 1048576K
}
{Heap before GC invocations=1073 (full 4):
 PSYoungGen      total 676864K, used 671090K [0x00000000d5580000, 0x00000000ffd80000, 0x0000000100000000)
  eden space 660480K, 100% used [0x00000000d5580000,0x00000000fda80000,0x00000000fda80000)
  from space 16384K, 64% used [0x00000000fed80000,0x00000000ff7dc9c0,0x00000000ffd80000)
  to   space 17920K, 0% used [0x00000000fda80000,0x00000000fda80000,0x00000000fec00000)
 ParOldGen       total 357376K, used 356762K [0x0000000080000000, 0x0000000095d00000, 0x00000000d5580000)
  object space 357376K, 99% used [0x0000000080000000,0x0000000095c66ad0,0x0000000095d00000)
 Metaspace       used 94913K, capacity 97873K, committed 99456K, reserved 1136640K
  class space    used 11337K, capacity 11829K, committed 12160K, reserved 1048576K
2023-05-21T00:08:10.278+0600: 5007362.361: [GC (Allocation Failure) [PSYoungGen: 671090K->8265K(678400K)] 1027853K->365179K(1035776K), 0.0126997 secs] [Times: user=0.02 sys=0.00, real=0.02 secs] 
Heap after GC invocations=1073 (full 4):
 PSYoungGen      total 678400K, used 8265K [0x00000000d5580000, 0x0000000100000000, 0x0000000100000000)
  eden space 660480K, 0% used [0x00000000d5580000,0x00000000d5580000,0x00000000fda80000)
  from space 17920K, 46% used [0x00000000fda80000,0x00000000fe2924f8,0x00000000fec00000)
  to   space 17920K, 0% used [0x00000000fee80000,0x00000000fee80000,0x0000000100000000)
 ParOldGen       total 357376K, used 356914K [0x0000000080000000, 0x0000000095d00000, 0x00000000d5580000)
  object space 357376K, 99% used [0x0000000080000000,0x0000000095c8c840,0x0000000095d00000)
 Metaspace       used 94913K, capacity 97873K, committed 99456K, reserved 1136640K
  class space    used 11337K, capacity 11829K, committed 12160K, reserved 1048576K
}
{Heap before GC invocations=1074 (full 4):
 PSYoungGen      total 678400K, used 668665K [0x00000000d5580000, 0x0000000100000000, 0x0000000100000000)
  eden space 660480K, 99% used [0x00000000d5580000,0x00000000fda6c1d8,0x00000000fda80000)
  from space 17920K, 46% used [0x00000000fda80000,0x00000000fe2924f8,0x00000000fec00000)
  to   space 17920K, 0% used [0x00000000fee80000,0x00000000fee80000,0x0000000100000000)
 ParOldGen       total 357376K, used 356914K [0x0000000080000000, 0x0000000095d00000, 0x00000000d5580000)
  object space 357376K, 99% used [0x0000000080000000,0x0000000095c8c840,0x0000000095d00000)
 Metaspace       used 94913K, capacity 97873K, committed 99456K, reserved 1136640K
  class space    used 11337K, capacity 11829K, committed 12160K, reserved 1048576K
2023-05-21T00:08:14.112+0600: 5007366.194: [GC (Allocation Failure) [PSYoungGen: 668665K->14267K(679936K)] 1025579K->371205K(1037312K), 0.0149260 secs] [Times: user=0.03 sys=0.00, real=0.01 secs] 
Heap after GC invocations=1074 (full 4):
 PSYoungGen      total 679936K, used 14267K [0x00000000d5580000, 0x0000000100000000, 0x0000000100000000)
  eden space 662016K, 0% used [0x00000000d5580000,0x00000000d5580000,0x00000000fdc00000)
  from space 17920K, 79% used [0x00000000fee80000,0x00000000ffc6ee68,0x0000000100000000)
  to   space 18432K, 0% used [0x00000000fdc00000,0x00000000fdc00000,0x00000000fee00000)
 ParOldGen       total 357376K, used 356938K [0x0000000080000000, 0x0000000095d00000, 0x00000000d5580000)
  object space 357376K, 99% used [0x0000000080000000,0x0000000095c92840,0x0000000095d00000)
 Metaspace       used 94913K, capacity 97873K, committed 99456K, reserved 1136640K
  class space    used 11337K, capacity 11829K, committed 12160K, reserved 1048576K
}
{Heap before GC invocations=1075 (full 4):
 PSYoungGen      total 679936K, used 676283K [0x00000000d5580000, 0x0000000100000000, 0x0000000100000000)
  eden space 662016K, 100% used [0x00000000d5580000,0x00000000fdc00000,0x00000000fdc00000)
  from space 17920K, 79% used [0x00000000fee80000,0x00000000ffc6ee68,0x0000000100000000)
  to   space 18432K, 0% used [0x00000000fdc00000,0x00000000fdc00000,0x00000000fee00000)
 ParOldGen       total 357376K, used 356938K [0x0000000080000000, 0x0000000095d00000, 0x00000000d5580000)
  object space 357376K, 99% used [0x0000000080000000,0x0000000095c92840,0x0000000095d00000)
 Metaspace       used 94913K, capacity 97873K, committed 99456K, reserved 1136640K
  class space    used 11337K, capacity 11829K, committed 12160K, reserved 1048576K
2023-05-21T00:08:17.270+0600: 5007369.352: [GC (Allocation Failure) [PSYoungGen: 676283K->8745K(680448K)] 1033221K->365707K(1037824K), 0.0095223 secs] [Times: user=0.02 sys=0.00, real=0.01 secs] 
Heap after GC invocations=1075 (full 4):
 PSYoungGen      total 680448K, used 8745K [0x00000000d5580000, 0x00000000fff80000, 0x0000000100000000)
  eden space 662016K, 0% used [0x00000000d5580000,0x00000000d5580000,0x00000000fdc00000)
  from space 18432K, 47% used [0x00000000fdc00000,0x00000000fe48a4f8,0x00000000fee00000)
  to   space 17920K, 0% used [0x00000000fee00000,0x00000000fee00000,0x00000000fff80000)
 ParOldGen       total 357376K, used 356962K [0x0000000080000000, 0x0000000095d00000, 0x00000000d5580000)
  object space 357376K, 99% used [0x0000000080000000,0x0000000095c98840,0x0000000095d00000)
 Metaspace       used 94913K, capacity 97873K, committed 99456K, reserved 1136640K
  class space    used 11337K, capacity 11829K, committed 12160K, reserved 1048576K
}
{Heap before GC invocations=1076 (full 4):
 PSYoungGen      total 680448K, used 668784K [0x00000000d5580000, 0x00000000fff80000, 0x0000000100000000)
  eden space 662016K, 99% used [0x00000000d5580000,0x00000000fda11c18,0x00000000fdc00000)
  from space 18432K, 47% used [0x00000000fdc00000,0x00000000fe48a4f8,0x00000000fee00000)
  to   space 17920K, 0% used [0x00000000fee00000,0x00000000fee00000,0x00000000fff80000)
 ParOldGen       total 357376K, used 356962K [0x0000000080000000, 0x0000000095d00000, 0x00000000d5580000)
  object space 357376K, 99% used [0x0000000080000000,0x0000000095c98840,0x0000000095d00000)
 Metaspace       used 94913K, capacity 97873K, committed 99456K, reserved 1136640K
  class space    used 11337K, capacity 11829K, committed 12160K, reserved 1048576K
2023-05-21T00:08:21.121+0600: 5007373.204: [GC (Allocation Failure) [PSYoungGen: 668784K->14011K(679936K)] 1025746K->371228K(1037312K), 0.0131039 secs] [Times: user=0.02 sys=0.00, real=0.01 secs] 
Heap after GC invocations=1076 (full 4):
 PSYoungGen      total 679936K, used 14011K [0x00000000d5580000, 0x0000000100000000, 0x0000000100000000)
  eden space 662016K, 0% used [0x00000000d5580000,0x00000000d5580000,0x00000000fdc00000)
  from space 17920K, 78% used [0x00000000fee00000,0x00000000ffbaee48,0x00000000fff80000)
  to   space 18432K, 0% used [0x00000000fdc00000,0x00000000fdc00000,0x00000000fee00000)
 ParOldGen       total 357376K, used 357217K [0x0000000080000000, 0x0000000095d00000, 0x00000000d5580000)
  object space 357376K, 99% used [0x0000000080000000,0x0000000095cd8480,0x0000000095d00000)
 Metaspace       used 94913K, capacity 97873K, committed 99456K, reserved 1136640K
  class space    used 11337K, capacity 11829K, committed 12160K, reserved 1048576K
}
{Heap before GC invocations=1077 (full 5):
 PSYoungGen      total 679936K, used 14011K [0x00000000d5580000, 0x0000000100000000, 0x0000000100000000)
  eden space 662016K, 0% used [0x00000000d5580000,0x00000000d5580000,0x00000000fdc00000)
  from space 17920K, 78% used [0x00000000fee00000,0x00000000ffbaee48,0x00000000fff80000)
  to   space 18432K, 0% used [0x00000000fdc00000,0x00000000fdc00000,0x00000000fee00000)
 ParOldGen       total 357376K, used 357217K [0x0000000080000000, 0x0000000095d00000, 0x00000000d5580000)
  object space 357376K, 99% used [0x0000000080000000,0x0000000095cd8480,0x0000000095d00000)
 Metaspace       used 94913K, capacity 97873K, committed 99456K, reserved 1136640K
  class space    used 11337K, capacity 11829K, committed 12160K, reserved 1048576K
2023-05-21T00:08:21.134+0600: 5007373.217: [Full GC (Ergonomics) [PSYoungGen: 14011K->0K(679936K)] [ParOldGen: 357217K->77966K(425472K)] 371228K->77966K(1105408K), [Metaspace: 94913K->94027K(1136640K)], 0.2617590 secs] [Times: user=0.38 sys=0.00, real=0.26 secs] 
Heap after GC invocations=1077 (full 5):
 PSYoungGen      total 679936K, used 0K [0x00000000d5580000, 0x0000000100000000, 0x0000000100000000)
  eden space 662016K, 0% used [0x00000000d5580000,0x00000000d5580000,0x00000000fdc00000)
  from space 17920K, 0% used [0x00000000fee00000,0x00000000fee00000,0x00000000fff80000)
  to   space 18432K, 0% used [0x00000000fdc00000,0x00000000fdc00000,0x00000000fee00000)
 ParOldGen       total 425472K, used 77966K [0x0000000080000000, 0x0000000099f80000, 0x00000000d5580000)
  object space 425472K, 18% used [0x0000000080000000,0x0000000084c23b30,0x0000000099f80000)
 Metaspace       used 94027K, capacity 96018K, committed 99456K, reserved 1136640K
  class space    used 11166K, capacity 11519K, committed 12160K, reserved 1048576K
}
{Heap before GC invocations=1078 (full 5):
 PSYoungGen      total 679936K, used 662016K [0x00000000d5580000, 0x0000000100000000, 0x0000000100000000)
  eden space 662016K, 100% used [0x00000000d5580000,0x00000000fdc00000,0x00000000fdc00000)
  from space 17920K, 0% used [0x00000000fee00000,0x00000000fee00000,0x00000000fff80000)
  to   space 18432K, 0% used [0x00000000fdc00000,0x00000000fdc00000,0x00000000fee00000)
 ParOldGen       total 425472K, used 78125K [0x0000000080000000, 0x0000000099f80000, 0x00000000d5580000)
  object space 425472K, 18% used [0x0000000080000000,0x0000000084c4b558,0x0000000099f80000)
 Metaspace       used 94027K, capacity 96018K, committed 99456K, reserved 1136640K
  class space    used 11166K, capacity 11519K, committed 12160K, reserved 1048576K
2023-05-21T00:08:24.625+0600: 5007376.708: [GC (GCLocker Initiated GC) [PSYoungGen: 662016K->18404K(680448K)] 740141K->98226K(1105920K), 0.0100566 secs] [Times: user=0.01 sys=0.00, real=0.01 secs] 
Heap after GC invocations=1078 (full 5):
 PSYoungGen      total 680448K, used 18404K [0x00000000d5580000, 0x0000000100000000, 0x0000000100000000)
  eden space 662016K, 0% used [0x00000000d5580000,0x00000000d5580000,0x00000000fdc00000)
  from space 18432K, 99% used [0x00000000fdc00000,0x00000000fedf9340,0x00000000fee00000)
  to   space 18432K, 0% used [0x00000000fee00000,0x00000000fee00000,0x0000000100000000)
 ParOldGen       total 425472K, used 79821K [0x0000000080000000, 0x0000000099f80000, 0x00000000d5580000)
  object space 425472K, 18% used [0x0000000080000000,0x0000000084df3588,0x0000000099f80000)
 Metaspace       used 94027K, capacity 96018K, committed 99456K, reserved 1136640K
  class space    used 11166K, capacity 11519K, committed 12160K, reserved 1048576K
}
{Heap before GC invocations=1079 (full 5):
 PSYoungGen      total 680448K, used 680420K [0x00000000d5580000, 0x0000000100000000, 0x0000000100000000)
  eden space 662016K, 100% used [0x00000000d5580000,0x00000000fdc00000,0x00000000fdc00000)
  from space 18432K, 99% used [0x00000000fdc00000,0x00000000fedf9340,0x00000000fee00000)
  to   space 18432K, 0% used [0x00000000fee00000,0x00000000fee00000,0x0000000100000000)
 ParOldGen       total 425472K, used 147957K [0x0000000080000000, 0x0000000099f80000, 0x00000000d5580000)
  object space 425472K, 34% used [0x0000000080000000,0x000000008907d418,0x0000000099f80000)
 Metaspace       used 94027K, capacity 96018K, committed 99456K, reserved 1136640K
  class space    used 11166K, capacity 11519K, committed 12160K, reserved 1048576K
2023-05-21T00:08:28.835+0600: 5007380.918: [GC (Allocation Failure) [PSYoungGen: 680420K->18148K(671232K)] 828377K->167076K(1096704K), 0.0145226 secs] [Times: user=0.02 sys=0.00, real=0.02 secs] 
Heap after GC invocations=1079 (full 5):
 PSYoungGen      total 671232K, used 18148K [0x00000000d5580000, 0x0000000100000000, 0x0000000100000000)
  eden space 652800K, 0% used [0x00000000d5580000,0x00000000d5580000,0x00000000fd300000)
  from space 18432K, 98% used [0x00000000fee00000,0x00000000fffb9340,0x0000000100000000)
  to   space 23040K, 0% used [0x00000000fd300000,0x00000000fd300000,0x00000000fe980000)
 ParOldGen       total 425472K, used 148928K [0x0000000080000000, 0x0000000099f80000, 0x00000000d5580000)
  object space 425472K, 35% used [0x0000000080000000,0x0000000089170028,0x0000000099f80000)
 Metaspace       used 94027K, capacity 96018K, committed 99456K, reserved 1136640K
  class space    used 11166K, capacity 11519K, committed 12160K, reserved 1048576K
}
{Heap before GC invocations=1080 (full 5):
 PSYoungGen      total 671232K, used 670948K [0x00000000d5580000, 0x0000000100000000, 0x0000000100000000)
  eden space 652800K, 100% used [0x00000000d5580000,0x00000000fd300000,0x00000000fd300000)
  from space 18432K, 98% used [0x00000000fee00000,0x00000000fffb9340,0x0000000100000000)
  to   space 23040K, 0% used [0x00000000fd300000,0x00000000fd300000,0x00000000fe980000)
 ParOldGen       total 425472K, used 148928K [0x0000000080000000, 0x0000000099f80000, 0x00000000d5580000)
  object space 425472K, 35% used [0x0000000080000000,0x0000000089170028,0x0000000099f80000)
 Metaspace       used 94027K, capacity 96018K, committed 99456K, reserved 1136640K
  class space    used 11166K, capacity 11519K, committed 12160K, reserved 1048576K
2023-05-21T00:08:31.822+0600: 5007383.905: [GC (Allocation Failure) [PSYoungGen: 670948K->20228K(673280K)] 819876K->169156K(1098752K), 0.0100556 secs] [Times: user=0.02 sys=0.00, real=0.01 secs] 
Heap after GC invocations=1080 (full 5):
 PSYoungGen      total 673280K, used 20228K [0x00000000d5580000, 0x0000000100000000, 0x0000000100000000)
  eden space 652800K, 0% used [0x00000000d5580000,0x00000000d5580000,0x00000000fd300000)
  from space 20480K, 98% used [0x00000000fd300000,0x00000000fe6c1340,0x00000000fe700000)
  to   space 24576K, 0% used [0x00000000fe800000,0x00000000fe800000,0x0000000100000000)
 ParOldGen       total 425472K, used 148928K [0x0000000080000000, 0x0000000099f80000, 0x00000000d5580000)
  object space 425472K, 35% used [0x0000000080000000,0x0000000089170028,0x0000000099f80000)
 Metaspace       used 94027K, capacity 96018K, committed 99456K, reserved 1136640K
  class space    used 11166K, capacity 11519K, committed 12160K, reserved 1048576K
}
{Heap before GC invocations=1081 (full 5):
 PSYoungGen      total 673280K, used 671422K [0x00000000d5580000, 0x0000000100000000, 0x0000000100000000)
  eden space 652800K, 99% used [0x00000000d5580000,0x00000000fd16e580,0x00000000fd300000)
  from space 20480K, 98% used [0x00000000fd300000,0x00000000fe6c1340,0x00000000fe700000)
  to   space 24576K, 0% used [0x00000000fe800000,0x00000000fe800000,0x0000000100000000)
 ParOldGen       total 425472K, used 148928K [0x0000000080000000, 0x0000000099f80000, 0x00000000d5580000)
  object space 425472K, 35% used [0x0000000080000000,0x0000000089170028,0x0000000099f80000)
 Metaspace       used 94027K, capacity 96018K, committed 99456K, reserved 1136640K
  class space    used 11166K, capacity 11519K, committed 12160K, reserved 1048576K
2023-05-21T00:08:35.459+0600: 5007387.542: [GC (Allocation Failure) [PSYoungGen: 671422K->21997K(669184K)] 820350K->174711K(1094656K), 0.0134780 secs] [Times: user=0.03 sys=0.00, real=0.02 secs] 
Heap after GC invocations=1081 (full 5):
 PSYoungGen      total 669184K, used 21997K [0x00000000d5580000, 0x0000000100000000, 0x0000000100000000)
  eden space 644608K, 0% used [0x00000000d5580000,0x00000000d5580000,0x00000000fcb00000)
  from space 24576K, 89% used [0x00000000fe800000,0x00000000ffd7b7f8,0x0000000100000000)
  to   space 27136K, 0% used [0x00000000fcb00000,0x00000000fcb00000,0x00000000fe580000)
 ParOldGen       total 425472K, used 152713K [0x0000000080000000, 0x0000000099f80000, 0x00000000d5580000)
  object space 425472K, 35% used [0x0000000080000000,0x00000000895224e0,0x0000000099f80000)
 Metaspace       used 94027K, capacity 96018K, committed 99456K, reserved 1136640K
  class space    used 11166K, capacity 11519K, committed 12160K, reserved 1048576K
}
{Heap before GC invocations=1082 (full 5):
 PSYoungGen      total 669184K, used 666605K [0x00000000d5580000, 0x0000000100000000, 0x0000000100000000)
  eden space 644608K, 100% used [0x00000000d5580000,0x00000000fcb00000,0x00000000fcb00000)
  from space 24576K, 89% used [0x00000000fe800000,0x00000000ffd7b7f8,0x0000000100000000)
  to   space 27136K, 0% used [0x00000000fcb00000,0x00000000fcb00000,0x00000000fe580000)
 ParOldGen       total 425472K, used 152713K [0x0000000080000000, 0x0000000099f80000, 0x00000000d5580000)
  object space 425472K, 35% used [0x0000000080000000,0x00000000895224e0,0x0000000099f80000)
 Metaspace       used 94027K, capacity 96018K, committed 99456K, reserved 1136640K
  class space    used 11166K, capacity 11519K, committed 12160K, reserved 1048576K
2023-05-21T00:08:38.602+0600: 5007390.685: [GC (Allocation Failure) [PSYoungGen: 666605K->16699K(671744K)] 819319K->169412K(1097216K), 0.0100909 secs] [Times: user=0.02 sys=0.00, real=0.01 secs] 
Heap after GC invocations=1082 (full 5):
 PSYoungGen      total 671744K, used 16699K [0x00000000d5580000, 0x0000000100000000, 0x0000000100000000)
  eden space 644608K, 0% used [0x00000000d5580000,0x00000000d5580000,0x00000000fcb00000)
  from space 27136K, 61% used [0x00000000fcb00000,0x00000000fdb4ee88,0x00000000fe580000)
  to   space 26624K, 0% used [0x00000000fe600000,0x00000000fe600000,0x0000000100000000)
 ParOldGen       total 425472K, used 152713K [0x0000000080000000, 0x0000000099f80000, 0x00000000d5580000)
  object space 425472K, 35% used [0x0000000080000000,0x00000000895224e0,0x0000000099f80000)
 Metaspace       used 94027K, capacity 96018K, committed 99456K, reserved 1136640K
  class space    used 11166K, capacity 11519K, committed 12160K, reserved 1048576K
}
{Heap before GC invocations=1083 (full 5):
 PSYoungGen      total 671744K, used 659640K [0x00000000d5580000, 0x0000000100000000, 0x0000000100000000)
  eden space 644608K, 99% used [0x00000000d5580000,0x00000000fc95f508,0x00000000fcb00000)
  from space 27136K, 61% used [0x00000000fcb00000,0x00000000fdb4ee88,0x00000000fe580000)
  to   space 26624K, 0% used [0x00000000fe600000,0x00000000fe600000,0x0000000100000000)
 ParOldGen       total 425472K, used 152713K [0x0000000080000000, 0x0000000099f80000, 0x00000000d5580000)
  object space 425472K, 35% used [0x0000000080000000,0x00000000895224e0,0x0000000099f80000)
 Metaspace       used 94027K, capacity 96018K, committed 99456K, reserved 1136640K
  class space    used 11166K, capacity 11519K, committed 12160K, reserved 1048576K
2023-05-21T00:08:42.002+0600: 5007394.085: [GC (Allocation Failure) [PSYoungGen: 659640K->22093K(669184K)] 812354K->174807K(1094656K), 0.0118463 secs] [Times: user=0.02 sys=0.00, real=0.01 secs] 
Heap after GC invocations=1083 (full 5):
 PSYoungGen      total 669184K, used 22093K [0x00000000d5580000, 0x0000000100000000, 0x0000000100000000)
  eden space 642560K, 0% used [0x00000000d5580000,0x00000000d5580000,0x00000000fc900000)
  from space 26624K, 82% used [0x00000000fe600000,0x00000000ffb937f8,0x0000000100000000)
  to   space 28160K, 0% used [0x00000000fc900000,0x00000000fc900000,0x00000000fe480000)
 ParOldGen       total 425472K, used 152713K [0x0000000080000000, 0x0000000099f80000, 0x00000000d5580000)
  object space 425472K, 35% used [0x0000000080000000,0x00000000895224e0,0x0000000099f80000)
 Metaspace       used 94027K, capacity 96018K, committed 99456K, reserved 1136640K
  class space    used 11166K, capacity 11519K, committed 12160K, reserved 1048576K
}
{Heap before GC invocations=1084 (full 5):
 PSYoungGen      total 669184K, used 664244K [0x00000000d5580000, 0x0000000100000000, 0x0000000100000000)
  eden space 642560K, 99% used [0x00000000d5580000,0x00000000fc899878,0x00000000fc900000)
  from space 26624K, 82% used [0x00000000fe600000,0x00000000ffb937f8,0x0000000100000000)
  to   space 28160K, 0% used [0x00000000fc900000,0x00000000fc900000,0x00000000fe480000)
 ParOldGen       total 425472K, used 152713K [0x0000000080000000, 0x0000000099f80000, 0x00000000d5580000)
  object space 425472K, 35% used [0x0000000080000000,0x00000000895224e0,0x0000000099f80000)
 Metaspace       used 94027K, capacity 96018K, committed 99456K, reserved 1136640K
  class space    used 11166K, capacity 11519K, committed 12160K, reserved 1048576K
2023-05-21T00:08:45.368+0600: 5007397.451: [GC (Allocation Failure) [PSYoungGen: 664244K->22125K(665088K)] 816957K->174839K(1090560K), 0.0173841 secs] [Times: user=0.03 sys=0.00, real=0.02 secs] 
Heap after GC invocations=1084 (full 5):
 PSYoungGen      total 665088K, used 22125K [0x00000000d5580000, 0x0000000100000000, 0x0000000100000000)
  eden space 642560K, 0% used [0x00000000d5580000,0x00000000d5580000,0x00000000fc900000)
  from space 22528K, 98% used [0x00000000fc900000,0x00000000fde9b7f8,0x00000000fdf00000)
  to   space 29696K, 0% used [0x00000000fe300000,0x00000000fe300000,0x0000000100000000)
 ParOldGen       total 425472K, used 152713K [0x0000000080000000, 0x0000000099f80000, 0x00000000d5580000)
  object space 425472K, 35% used [0x0000000080000000,0x00000000895224e0,0x0000000099f80000)
 Metaspace       used 94027K, capacity 96018K, committed 99456K, reserved 1136640K
  class space    used 11166K, capacity 11519K, committed 12160K, reserved 1048576K
}
{Heap before GC invocations=1085 (full 5):
 PSYoungGen      total 665088K, used 664685K [0x00000000d5580000, 0x0000000100000000, 0x0000000100000000)
  eden space 642560K, 100% used [0x00000000d5580000,0x00000000fc900000,0x00000000fc900000)
  from space 22528K, 98% used [0x00000000fc900000,0x00000000fde9b7f8,0x00000000fdf00000)
  to   space 29696K, 0% used [0x00000000fe300000,0x00000000fe300000,0x0000000100000000)
 ParOldGen       total 425472K, used 152713K [0x0000000080000000, 0x0000000099f80000, 0x00000000d5580000)
  object space 425472K, 35% used [0x0000000080000000,0x00000000895224e0,0x0000000099f80000)
 Metaspace       used 94027K, capacity 96018K, committed 99456K, reserved 1136640K
  class space    used 11166K, capacity 11519K, committed 12160K, reserved 1048576K
2023-05-21T00:08:48.162+0600: 5007400.244: [GC (Allocation Failure) [PSYoungGen: 664685K->16315K(670208K)] 817399K->169028K(1095680K), 0.0107942 secs] [Times: user=0.01 sys=0.00, real=0.01 secs] 
Heap after GC invocations=1085 (full 5):
 PSYoungGen      total 670208K, used 16315K [0x00000000d5580000, 0x0000000100000000, 0x0000000100000000)
  eden space 640512K, 0% used [0x00000000d5580000,0x00000000d5580000,0x00000000fc700000)
  from space 29696K, 54% used [0x00000000fe300000,0x00000000ff2eee88,0x0000000100000000)
  to   space 28672K, 0% used [0x00000000fc700000,0x00000000fc700000,0x00000000fe300000)
 ParOldGen       total 425472K, used 152713K [0x0000000080000000, 0x0000000099f80000, 0x00000000d5580000)
  object space 425472K, 35% used [0x0000000080000000,0x00000000895224e0,0x0000000099f80000)
 Metaspace       used 94027K, capacity 96018K, committed 99456K, reserved 1136640K
  class space    used 11166K, capacity 11519K, committed 12160K, reserved 1048576K
}
{Heap before GC invocations=1086 (full 5):
 PSYoungGen      total 670208K, used 654303K [0x00000000d5580000, 0x0000000100000000, 0x0000000100000000)
  eden space 640512K, 99% used [0x00000000d5580000,0x00000000fc488e58,0x00000000fc700000)
  from space 29696K, 54% used [0x00000000fe300000,0x00000000ff2eee88,0x0000000100000000)
  to   space 28672K, 0% used [0x00000000fc700000,0x00000000fc700000,0x00000000fe300000)
 ParOldGen       total 425472K, used 152713K [0x0000000080000000, 0x0000000099f80000, 0x00000000d5580000)
  object space 425472K, 35% used [0x0000000080000000,0x00000000895224e0,0x0000000099f80000)
 Metaspace       used 94027K, capacity 96018K, committed 99456K, reserved 1136640K
  class space    used 11166K, capacity 11519K, committed 12160K, reserved 1048576K
2023-05-21T00:08:52.066+0600: 5007404.149: [GC (Allocation Failure) [PSYoungGen: 654303K->22317K(669184K)] 807016K->175031K(1094656K), 0.0144981 secs] [Times: user=0.03 sys=0.00, real=0.02 secs] 
Heap after GC invocations=1086 (full 5):
 PSYoungGen      total 669184K, used 22317K [0x00000000d5580000, 0x0000000100000000, 0x0000000100000000)
  eden space 640512K, 0% used [0x00000000d5580000,0x00000000d5580000,0x00000000fc700000)
  from space 28672K, 77% used [0x00000000fc700000,0x00000000fdccb7f8,0x00000000fe300000)
  to   space 29696K, 0% used [0x00000000fe300000,0x00000000fe300000,0x0000000100000000)
 ParOldGen       total 425472K, used 152713K [0x0000000080000000, 0x0000000099f80000, 0x00000000d5580000)
  object space 425472K, 35% used [0x0000000080000000,0x00000000895224e0,0x0000000099f80000)
 Metaspace       used 94027K, capacity 96018K, committed 99456K, reserved 1136640K
  class space    used 11166K, capacity 11519K, committed 12160K, reserved 1048576K
}
{Heap before GC invocations=1087 (full 5):
 PSYoungGen      total 669184K, used 662829K [0x00000000d5580000, 0x0000000100000000, 0x0000000100000000)
  eden space 640512K, 100% used [0x00000000d5580000,0x00000000fc700000,0x00000000fc700000)
  from space 28672K, 77% used [0x00000000fc700000,0x00000000fdccb7f8,0x00000000fe300000)
  to   space 29696K, 0% used [0x00000000fe300000,0x00000000fe300000,0x0000000100000000)
 ParOldGen       total 425472K, used 152713K [0x0000000080000000, 0x0000000099f80000, 0x00000000d5580000)
  object space 425472K, 35% used [0x0000000080000000,0x00000000895224e0,0x0000000099f80000)
 Metaspace       used 94027K, capacity 96018K, committed 99456K, reserved 1136640K
  class space    used 11166K, capacity 11519K, committed 12160K, reserved 1048576K
2023-05-21T00:08:55.144+0600: 5007407.227: [GC (Allocation Failure) [PSYoungGen: 662829K->16571K(669184K)] 815543K->169284K(1094656K), 0.0099541 secs] [Times: user=0.02 sys=0.00, real=0.01 secs] 
Heap after GC invocations=1087 (full 5):
 PSYoungGen      total 669184K, used 16571K [0x00000000d5580000, 0x00000000fff00000, 0x0000000100000000)
  eden space 640512K, 0% used [0x00000000d5580000,0x00000000d5580000,0x00000000fc700000)
  from space 28672K, 57% used [0x00000000fe300000,0x00000000ff32ee88,0x00000000fff00000)
  to   space 28672K, 0% used [0x00000000fc700000,0x00000000fc700000,0x00000000fe300000)
 ParOldGen       total 425472K, used 152713K [0x0000000080000000, 0x0000000099f80000, 0x00000000d5580000)
  object space 425472K, 35% used [0x0000000080000000,0x00000000895224e0,0x0000000099f80000)
 Metaspace       used 94027K, capacity 96018K, committed 99456K, reserved 1136640K
  class space    used 11166K, capacity 11519K, committed 12160K, reserved 1048576K
}
{Heap before GC invocations=1088 (full 5):
 PSYoungGen      total 669184K, used 654100K [0x00000000d5580000, 0x00000000fff00000, 0x0000000100000000)
  eden space 640512K, 99% used [0x00000000d5580000,0x00000000fc416520,0x00000000fc700000)
  from space 28672K, 57% used [0x00000000fe300000,0x00000000ff32ee88,0x00000000fff00000)
  to   space 28672K, 0% used [0x00000000fc700000,0x00000000fc700000,0x00000000fe300000)
 ParOldGen       total 425472K, used 152713K [0x0000000080000000, 0x0000000099f80000, 0x00000000d5580000)
  object space 425472K, 35% used [0x0000000080000000,0x00000000895224e0,0x0000000099f80000)
 Metaspace       used 94027K, capacity 96018K, committed 99456K, reserved 1136640K
  class space    used 11166K, capacity 11519K, committed 12160K, reserved 1048576K
2023-05-21T00:08:58.539+0600: 5007410.622: [GC (Allocation Failure) [PSYoungGen: 654100K->22349K(669184K)] 806814K->175063K(1094656K), 0.0186536 secs] [Times: user=0.03 sys=0.00, real=0.02 secs] 
Heap after GC invocations=1088 (full 5):
 PSYoungGen      total 669184K, used 22349K [0x00000000d5580000, 0x0000000100000000, 0x0000000100000000)
  eden space 640512K, 0% used [0x00000000d5580000,0x00000000d5580000,0x00000000fc700000)
  from space 28672K, 77% used [0x00000000fc700000,0x00000000fdcd37f8,0x00000000fe300000)
  to   space 29696K, 0% used [0x00000000fe300000,0x00000000fe300000,0x0000000100000000)
 ParOldGen       total 425472K, used 152713K [0x0000000080000000, 0x0000000099f80000, 0x00000000d5580000)
  object space 425472K, 35% used [0x0000000080000000,0x00000000895224e0,0x0000000099f80000)
 Metaspace       used 94027K, capacity 96018K, committed 99456K, reserved 1136640K
  class space    used 11166K, capacity 11519K, committed 12160K, reserved 1048576K
}
{Heap before GC invocations=1089 (full 5):
 PSYoungGen      total 669184K, used 662273K [0x00000000d5580000, 0x0000000100000000, 0x0000000100000000)
  eden space 640512K, 99% used [0x00000000d5580000,0x00000000fc66ccb8,0x00000000fc700000)
  from space 28672K, 77% used [0x00000000fc700000,0x00000000fdcd37f8,0x00000000fe300000)
  to   space 29696K, 0% used [0x00000000fe300000,0x00000000fe300000,0x0000000100000000)
 ParOldGen       total 425472K, used 152713K [0x0000000080000000, 0x0000000099f80000, 0x00000000d5580000)
  object space 425472K, 35% used [0x0000000080000000,0x00000000895224e0,0x0000000099f80000)
 Metaspace       used 94027K, capacity 96018K, committed 99456K, reserved 1136640K
  class space    used 11166K, capacity 11519K, committed 12160K, reserved 1048576K
2023-05-21T00:09:02.103+0600: 5007414.186: [GC (Allocation Failure) [PSYoungGen: 662273K->18596K(669184K)] 814986K->171310K(1094656K), 0.0104544 secs] [Times: user=0.02 sys=0.00, real=0.01 secs] 
Heap after GC invocations=1089 (full 5):
 PSYoungGen      total 669184K, used 18596K [0x00000000d5580000, 0x00000000fff00000, 0x0000000100000000)
  eden space 640512K, 0% used [0x00000000d5580000,0x00000000d5580000,0x00000000fc700000)
  from space 28672K, 64% used [0x00000000fe300000,0x00000000ff529340,0x00000000fff00000)
  to   space 28672K, 0% used [0x00000000fc700000,0x00000000fc700000,0x00000000fe300000)
 ParOldGen       total 425472K, used 152713K [0x0000000080000000, 0x0000000099f80000, 0x00000000d5580000)
  object space 425472K, 35% used [0x0000000080000000,0x00000000895224e0,0x0000000099f80000)
 Metaspace       used 94027K, capacity 96018K, committed 99456K, reserved 1136640K
  class space    used 11166K, capacity 11519K, committed 12160K, reserved 1048576K
}
{Heap before GC invocations=1090 (full 5):
 PSYoungGen      total 669184K, used 659108K [0x00000000d5580000, 0x00000000fff00000, 0x0000000100000000)
  eden space 640512K, 100% used [0x00000000d5580000,0x00000000fc700000,0x00000000fc700000)
  from space 28672K, 64% used [0x00000000fe300000,0x00000000ff529340,0x00000000fff00000)
  to   space 28672K, 0% used [0x00000000fc700000,0x00000000fc700000,0x00000000fe300000)
 ParOldGen       total 425472K, used 152713K [0x0000000080000000, 0x0000000099f80000, 0x00000000d5580000)
  object space 425472K, 35% used [0x0000000080000000,0x00000000895224e0,0x0000000099f80000)
 Metaspace       used 94027K, capacity 96018K, committed 99456K, reserved 1136640K
  class space    used 11166K, capacity 11519K, committed 12160K, reserved 1048576K
2023-05-21T00:09:04.812+0600: 5007416.895: [GC (Allocation Failure) [PSYoungGen: 659108K->16827K(669184K)] 811822K->169540K(1094656K), 0.0115771 secs] [Times: user=0.02 sys=0.00, real=0.01 secs] 
Heap after GC invocations=1090 (full 5):
 PSYoungGen      total 669184K, used 16827K [0x00000000d5580000, 0x00000000ffe00000, 0x0000000100000000)
  eden space 640512K, 0% used [0x00000000d5580000,0x00000000d5580000,0x00000000fc700000)
  from space 28672K, 58% used [0x00000000fc700000,0x00000000fd76eeb8,0x00000000fe300000)
  to   space 27648K, 0% used [0x00000000fe300000,0x00000000fe300000,0x00000000ffe00000)
 ParOldGen       total 425472K, used 152713K [0x0000000080000000, 0x0000000099f80000, 0x00000000d5580000)
  object space 425472K, 35% used [0x0000000080000000,0x00000000895224e0,0x0000000099f80000)
 Metaspace       used 94027K, capacity 96018K, committed 99456K, reserved 1136640K
  class space    used 11166K, capacity 11519K, committed 12160K, reserved 1048576K
}
{Heap before GC invocations=1091 (full 5):
 PSYoungGen      total 669184K, used 657330K [0x00000000d5580000, 0x00000000ffe00000, 0x0000000100000000)
  eden space 640512K, 99% used [0x00000000d5580000,0x00000000fc6fdb40,0x00000000fc700000)
  from space 28672K, 58% used [0x00000000fc700000,0x00000000fd76eeb8,0x00000000fe300000)
  to   space 27648K, 0% used [0x00000000fe300000,0x00000000fe300000,0x00000000ffe00000)
 ParOldGen       total 425472K, used 152713K [0x0000000080000000, 0x0000000099f80000, 0x00000000d5580000)
  object space 425472K, 35% used [0x0000000080000000,0x00000000895224e0,0x0000000099f80000)
 Metaspace       used 94027K, capacity 96018K, committed 99456K, reserved 1136640K
  class space    used 11166K, capacity 11519K, committed 12160K, reserved 1048576K
2023-05-21T00:09:08.637+0600: 5007420.720: [GC (Allocation Failure) [PSYoungGen: 657330K->22798K(668160K)] 810043K->175511K(1093632K), 0.0157503 secs] [Times: user=0.03 sys=0.00, real=0.02 secs] 
Heap after GC invocations=1091 (full 5):
 PSYoungGen      total 668160K, used 22798K [0x00000000d5580000, 0x0000000100000000, 0x0000000100000000)
  eden space 640512K, 0% used [0x00000000d5580000,0x00000000d5580000,0x00000000fc700000)
  from space 27648K, 82% used [0x00000000fe300000,0x00000000ff943828,0x00000000ffe00000)
  to   space 28672K, 0% used [0x00000000fc700000,0x00000000fc700000,0x00000000fe300000)
 ParOldGen       total 425472K, used 152713K [0x0000000080000000, 0x0000000099f80000, 0x00000000d5580000)
  object space 425472K, 35% used [0x0000000080000000,0x00000000895224e0,0x0000000099f80000)
 Metaspace       used 94027K, capacity 96018K, committed 99456K, reserved 1136640K
  class space    used 11166K, capacity 11519K, committed 12160K, reserved 1048576K
}
{Heap before GC invocations=1092 (full 5):
 PSYoungGen      total 668160K, used 663310K [0x00000000d5580000, 0x0000000100000000, 0x0000000100000000)
  eden space 640512K, 100% used [0x00000000d5580000,0x00000000fc700000,0x00000000fc700000)
  from space 27648K, 82% used [0x00000000fe300000,0x00000000ff943828,0x00000000ffe00000)
  to   space 28672K, 0% used [0x00000000fc700000,0x00000000fc700000,0x00000000fe300000)
 ParOldGen       total 425472K, used 152985K [0x0000000080000000, 0x0000000099f80000, 0x00000000d5580000)
  object space 425472K, 35% used [0x0000000080000000,0x0000000089566720,0x0000000099f80000)
 Metaspace       used 94027K, capacity 96018K, committed 99456K, reserved 1136640K
  class space    used 11166K, capacity 11519K, committed 12160K, reserved 1048576K
2023-05-21T00:09:11.794+0600: 5007423.877: [GC (GCLocker Initiated GC) [PSYoungGen: 663310K->17403K(669184K)] 816295K->170389K(1094656K), 0.0112670 secs] [Times: user=0.02 sys=0.00, real=0.01 secs] 
Heap after GC invocations=1092 (full 5):
 PSYoungGen      total 669184K, used 17403K [0x00000000d5580000, 0x00000000fff00000, 0x0000000100000000)
  eden space 640512K, 0% used [0x00000000d5580000,0x00000000d5580000,0x00000000fc700000)
  from space 28672K, 60% used [0x00000000fc700000,0x00000000fd7feeb8,0x00000000fe300000)
  to   space 27648K, 0% used [0x00000000fe400000,0x00000000fe400000,0x00000000fff00000)
 ParOldGen       total 425472K, used 152985K [0x0000000080000000, 0x0000000099f80000, 0x00000000d5580000)
  object space 425472K, 35% used [0x0000000080000000,0x0000000089566720,0x0000000099f80000)
 Metaspace       used 94027K, capacity 96018K, committed 99456K, reserved 1136640K
  class space    used 11166K, capacity 11519K, committed 12160K, reserved 1048576K
}
{Heap before GC invocations=1093 (full 5):
 PSYoungGen      total 669184K, used 657915K [0x00000000d5580000, 0x00000000fff00000, 0x0000000100000000)
  eden space 640512K, 100% used [0x00000000d5580000,0x00000000fc700000,0x00000000fc700000)
  from space 28672K, 60% used [0x00000000fc700000,0x00000000fd7feeb8,0x00000000fe300000)
  to   space 27648K, 0% used [0x00000000fe400000,0x00000000fe400000,0x00000000fff00000)
 ParOldGen       total 425472K, used 245773K [0x0000000080000000, 0x0000000099f80000, 0x00000000d5580000)
  object space 425472K, 57% used [0x0000000080000000,0x000000008f0034b8,0x0000000099f80000)
 Metaspace       used 94027K, capacity 96018K, committed 99456K, reserved 1136640K
  class space    used 11166K, capacity 11519K, committed 12160K, reserved 1048576K
2023-05-21T00:09:15.801+0600: 5007427.884: [GC (Allocation Failure) [PSYoungGen: 657915K->7337K(669184K)] 903688K->261192K(1094656K), 0.0180300 secs] [Times: user=0.03 sys=0.00, real=0.02 secs] 
Heap after GC invocations=1093 (full 5):
 PSYoungGen      total 669184K, used 7337K [0x00000000d5580000, 0x0000000100000000, 0x0000000100000000)
  eden space 641536K, 0% used [0x00000000d5580000,0x00000000d5580000,0x00000000fc800000)
  from space 27648K, 26% used [0x00000000fe400000,0x00000000feb2a4f8,0x00000000fff00000)
  to   space 28672K, 0% used [0x00000000fc800000,0x00000000fc800000,0x00000000fe400000)
 ParOldGen       total 425472K, used 253855K [0x0000000080000000, 0x0000000099f80000, 0x00000000d5580000)
  object space 425472K, 59% used [0x0000000080000000,0x000000008f7e7ea8,0x0000000099f80000)
 Metaspace       used 94027K, capacity 96018K, committed 99456K, reserved 1136640K
  class space    used 11166K, capacity 11519K, committed 12160K, reserved 1048576K
}
{Heap before GC invocations=1094 (full 5):
 PSYoungGen      total 669184K, used 648871K [0x00000000d5580000, 0x0000000100000000, 0x0000000100000000)
  eden space 641536K, 99% used [0x00000000d5580000,0x00000000fc7ff938,0x00000000fc800000)
  from space 27648K, 26% used [0x00000000fe400000,0x00000000feb2a4f8,0x00000000fff00000)
  to   space 28672K, 0% used [0x00000000fc800000,0x00000000fc800000,0x00000000fe400000)
 ParOldGen       total 425472K, used 253855K [0x0000000080000000, 0x0000000099f80000, 0x00000000d5580000)
  object space 425472K, 59% used [0x0000000080000000,0x000000008f7e7ea8,0x0000000099f80000)
 Metaspace       used 94027K, capacity 96018K, committed 99456K, reserved 1136640K
  class space    used 11166K, capacity 11519K, committed 12160K, reserved 1048576K
2023-05-21T00:09:18.814+0600: 5007430.897: [GC (Allocation Failure) [PSYoungGen: 648871K->2048K(644096K)] 902727K->256031K(1069568K), 0.0094431 secs] [Times: user=0.02 sys=0.00, real=0.01 secs] 
Heap after GC invocations=1094 (full 5):
 PSYoungGen      total 644096K, used 2048K [0x00000000d5580000, 0x0000000100000000, 0x0000000100000000)
  eden space 641536K, 0% used [0x00000000d5580000,0x00000000d5580000,0x00000000fc800000)
  from space 2560K, 80% used [0x00000000fc800000,0x00000000fca00040,0x00000000fca80000)
  to   space 29696K, 0% used [0x00000000fe300000,0x00000000fe300000,0x0000000100000000)
 ParOldGen       total 425472K, used 253983K [0x0000000080000000, 0x0000000099f80000, 0x00000000d5580000)
  object space 425472K, 59% used [0x0000000080000000,0x000000008f807df8,0x0000000099f80000)
 Metaspace       used 94027K, capacity 96018K, committed 99456K, reserved 1136640K
  class space    used 11166K, capacity 11519K, committed 12160K, reserved 1048576K
}
{Heap before GC invocations=1095 (full 5):
 PSYoungGen      total 644096K, used 642517K [0x00000000d5580000, 0x0000000100000000, 0x0000000100000000)
  eden space 641536K, 99% used [0x00000000d5580000,0x00000000fc6f54b8,0x00000000fc800000)
  from space 2560K, 80% used [0x00000000fc800000,0x00000000fca00040,0x00000000fca80000)
  to   space 29696K, 0% used [0x00000000fe300000,0x00000000fe300000,0x0000000100000000)
 ParOldGen       total 425472K, used 253983K [0x0000000080000000, 0x0000000099f80000, 0x00000000d5580000)
  object space 425472K, 59% used [0x0000000080000000,0x000000008f807df8,0x0000000099f80000)
 Metaspace       used 94027K, capacity 96018K, committed 99456K, reserved 1136640K
  class space    used 11166K, capacity 11519K, committed 12160K, reserved 1048576K
2023-05-21T00:09:22.259+0600: 5007434.342: [GC (Allocation Failure) [PSYoungGen: 642517K->11122K(669696K)] 896500K->265153K(1095168K), 0.0172891 secs] [Times: user=0.03 sys=0.00, real=0.01 secs] 
Heap after GC invocations=1095 (full 5):
 PSYoungGen      total 669696K, used 11122K [0x00000000d5580000, 0x0000000100000000, 0x0000000100000000)
  eden space 640000K, 0% used [0x00000000d5580000,0x00000000d5580000,0x00000000fc680000)
  from space 29696K, 37% used [0x00000000fe300000,0x00000000feddc9c0,0x0000000100000000)
  to   space 29184K, 0% used [0x00000000fc680000,0x00000000fc680000,0x00000000fe300000)
 ParOldGen       total 425472K, used 254031K [0x0000000080000000, 0x0000000099f80000, 0x00000000d5580000)
  object space 425472K, 59% used [0x0000000080000000,0x000000008f813df8,0x0000000099f80000)
 Metaspace       used 94027K, capacity 96018K, committed 99456K, reserved 1136640K
  class space    used 11166K, capacity 11519K, committed 12160K, reserved 1048576K
}
{Heap before GC invocations=1096 (full 5):
 PSYoungGen      total 669696K, used 644492K [0x00000000d5580000, 0x0000000100000000, 0x0000000100000000)
  eden space 640000K, 98% used [0x00000000d5580000,0x00000000fc0068b0,0x00000000fc680000)
  from space 29696K, 37% used [0x00000000fe300000,0x00000000feddc9c0,0x0000000100000000)
  to   space 29184K, 0% used [0x00000000fc680000,0x00000000fc680000,0x00000000fe300000)
 ParOldGen       total 425472K, used 254031K [0x0000000080000000, 0x0000000099f80000, 0x00000000d5580000)
  object space 425472K, 59% used [0x0000000080000000,0x000000008f813df8,0x0000000099f80000)
 Metaspace       used 94027K, capacity 96018K, committed 99456K, reserved 1136640K
  class space    used 11166K, capacity 11519K, committed 12160K, reserved 1048576K
2023-05-21T00:09:25.557+0600: 5007437.640: [GC (Allocation Failure) [PSYoungGen: 644492K->14844K(654848K)] 898524K->268915K(1080320K), 0.0164905 secs] [Times: user=0.03 sys=0.00, real=0.02 secs] 
Heap after GC invocations=1096 (full 5):
 PSYoungGen      total 654848K, used 14844K [0x00000000d5580000, 0x00000000ffc80000, 0x0000000100000000)
  eden space 640000K, 0% used [0x00000000d5580000,0x00000000d5580000,0x00000000fc680000)
  from space 14848K, 99% used [0x00000000fc680000,0x00000000fd4ff018,0x00000000fd500000)
  to   space 27648K, 0% used [0x00000000fe180000,0x00000000fe180000,0x00000000ffc80000)
 ParOldGen       total 425472K, used 254071K [0x0000000080000000, 0x0000000099f80000, 0x00000000d5580000)
  object space 425472K, 59% used [0x0000000080000000,0x000000008f81ddf8,0x0000000099f80000)
 Metaspace       used 94027K, capacity 96018K, committed 99456K, reserved 1136640K
  class space    used 11166K, capacity 11519K, committed 12160K, reserved 1048576K
}
{Heap before GC invocations=1097 (full 5):
 PSYoungGen      total 654848K, used 651447K [0x00000000d5580000, 0x00000000ffc80000, 0x0000000100000000)
  eden space 640000K, 99% used [0x00000000d5580000,0x00000000fc32ef38,0x00000000fc680000)
  from space 14848K, 99% used [0x00000000fc680000,0x00000000fd4ff018,0x00000000fd500000)
  to   space 27648K, 0% used [0x00000000fe180000,0x00000000fe180000,0x00000000ffc80000)
 ParOldGen       total 425472K, used 254071K [0x0000000080000000, 0x0000000099f80000, 0x00000000d5580000)
  object space 425472K, 59% used [0x0000000080000000,0x000000008f81ddf8,0x0000000099f80000)
 Metaspace       used 94027K, capacity 96018K, committed 99456K, reserved 1136640K
  class space    used 11166K, capacity 11519K, committed 12160K, reserved 1048576K
2023-05-21T00:09:28.837+0600: 5007440.920: [GC (Allocation Failure) [PSYoungGen: 651447K->7433K(667648K)] 905519K->261536K(1093120K), 0.0117807 secs] [Times: user=0.02 sys=0.00, real=0.02 secs] 
Heap after GC invocations=1097 (full 5):
 PSYoungGen      total 667648K, used 7433K [0x00000000d5580000, 0x0000000100000000, 0x0000000100000000)
  eden space 640000K, 0% used [0x00000000d5580000,0x00000000d5580000,0x00000000fc680000)
  from space 27648K, 26% used [0x00000000fe180000,0x00000000fe8c2508,0x00000000ffc80000)
  to   space 27648K, 0% used [0x00000000fc680000,0x00000000fc680000,0x00000000fe180000)
 ParOldGen       total 425472K, used 254103K [0x0000000080000000, 0x0000000099f80000, 0x00000000d5580000)
  object space 425472K, 59% used [0x0000000080000000,0x000000008f825df8,0x0000000099f80000)
 Metaspace       used 94027K, capacity 96018K, committed 99456K, reserved 1136640K
  class space    used 11166K, capacity 11519K, committed 12160K, reserved 1048576K
}
{Heap before GC invocations=1098 (full 5):
 PSYoungGen      total 667648K, used 646107K [0x00000000d5580000, 0x0000000100000000, 0x0000000100000000)
  eden space 640000K, 99% used [0x00000000d5580000,0x00000000fc534ad0,0x00000000fc680000)
  from space 27648K, 26% used [0x00000000fe180000,0x00000000fe8c2508,0x00000000ffc80000)
  to   space 27648K, 0% used [0x00000000fc680000,0x00000000fc680000,0x00000000fe180000)
 ParOldGen       total 425472K, used 254103K [0x0000000080000000, 0x0000000099f80000, 0x00000000d5580000)
  object space 425472K, 59% used [0x0000000080000000,0x000000008f825df8,0x0000000099f80000)
 Metaspace       used 94027K, capacity 96018K, committed 99456K, reserved 1136640K
  class space    used 11166K, capacity 11519K, committed 12160K, reserved 1048576K
2023-05-21T00:09:32.201+0600: 5007444.284: [GC (Allocation Failure) [PSYoungGen: 646107K->11122K(667648K)] 900211K->265297K(1093120K), 0.0101107 secs] [Times: user=0.01 sys=0.00, real=0.01 secs] 
Heap after GC invocations=1098 (full 5):
 PSYoungGen      total 667648K, used 11122K [0x00000000d5580000, 0x00000000fff00000, 0x0000000100000000)
  eden space 640000K, 0% used [0x00000000d5580000,0x00000000d5580000,0x00000000fc680000)
  from space 27648K, 40% used [0x00000000fc680000,0x00000000fd15c9c0,0x00000000fe180000)
  to   space 27136K, 0% used [0x00000000fe480000,0x00000000fe480000,0x00000000fff00000)
 ParOldGen       total 425472K, used 254175K [0x0000000080000000, 0x0000000099f80000, 0x00000000d5580000)
  object space 425472K, 59% used [0x0000000080000000,0x000000008f837d48,0x0000000099f80000)
 Metaspace       used 94027K, capacity 96018K, committed 99456K, reserved 1136640K
  class space    used 11166K, capacity 11519K, committed 12160K, reserved 1048576K
}
{Heap before GC invocations=1099 (full 5):
 PSYoungGen      total 667648K, used 651122K [0x00000000d5580000, 0x00000000fff00000, 0x0000000100000000)
  eden space 640000K, 100% used [0x00000000d5580000,0x00000000fc680000,0x00000000fc680000)
  from space 27648K, 40% used [0x00000000fc680000,0x00000000fd15c9c0,0x00000000fe180000)
  to   space 27136K, 0% used [0x00000000fe480000,0x00000000fe480000,0x00000000fff00000)
 ParOldGen       total 425472K, used 254175K [0x0000000080000000, 0x0000000099f80000, 0x00000000d5580000)
  object space 425472K, 59% used [0x0000000080000000,0x000000008f837d48,0x0000000099f80000)
 Metaspace       used 94027K, capacity 96018K, committed 99456K, reserved 1136640K
  class space    used 11166K, capacity 11519K, committed 12160K, reserved 1048576K
2023-05-21T00:09:35.103+0600: 5007447.186: [GC (Allocation Failure) [PSYoungGen: 651122K->9065K(670720K)] 905297K->263272K(1096192K), 0.0093487 secs] [Times: user=0.02 sys=0.00, real=0.01 secs] 
Heap after GC invocations=1099 (full 5):
 PSYoungGen      total 670720K, used 9065K [0x00000000d5580000, 0x00000000ffe80000, 0x0000000100000000)
  eden space 644096K, 0% used [0x00000000d5580000,0x00000000d5580000,0x00000000fca80000)
  from space 26624K, 34% used [0x00000000fe480000,0x00000000fed5a508,0x00000000ffe80000)
  to   space 26624K, 0% used [0x00000000fca80000,0x00000000fca80000,0x00000000fe480000)
 ParOldGen       total 425472K, used 254207K [0x0000000080000000, 0x0000000099f80000, 0x00000000d5580000)
  object space 425472K, 59% used [0x0000000080000000,0x000000008f83fd48,0x0000000099f80000)
 Metaspace       used 94027K, capacity 96018K, committed 99456K, reserved 1136640K
  class space    used 11166K, capacity 11519K, committed 12160K, reserved 1048576K
}
{Heap before GC invocations=1100 (full 5):
 PSYoungGen      total 670720K, used 649705K [0x00000000d5580000, 0x00000000ffe80000, 0x0000000100000000)
  eden space 644096K, 99% used [0x00000000d5580000,0x00000000fc720240,0x00000000fca80000)
  from space 26624K, 34% used [0x00000000fe480000,0x00000000fed5a508,0x00000000ffe80000)
  to   space 26624K, 0% used [0x00000000fca80000,0x00000000fca80000,0x00000000fe480000)
 ParOldGen       total 425472K, used 254207K [0x0000000080000000, 0x0000000099f80000, 0x00000000d5580000)
  object space 425472K, 59% used [0x0000000080000000,0x000000008f83fd48,0x0000000099f80000)
 Metaspace       used 94027K, capacity 96018K, committed 99456K, reserved 1136640K
  class space    used 11166K, capacity 11519K, committed 12160K, reserved 1048576K
2023-05-21T00:09:38.771+0600: 5007450.854: [GC (Allocation Failure) [PSYoungGen: 649705K->15099K(670720K)] 903913K->269362K(1096192K), 0.0169942 secs] [Times: user=0.03 sys=0.00, real=0.01 secs] 
Heap after GC invocations=1100 (full 5):
 PSYoungGen      total 670720K, used 15099K [0x00000000d5580000, 0x00000000ffe00000, 0x0000000100000000)
  eden space 644096K, 0% used [0x00000000d5580000,0x00000000d5580000,0x00000000fca80000)
  from space 26624K, 56% used [0x00000000fca80000,0x00000000fd93ee88,0x00000000fe480000)
  to   space 25600K, 0% used [0x00000000fe500000,0x00000000fe500000,0x00000000ffe00000)
 ParOldGen       total 425472K, used 254263K [0x0000000080000000, 0x0000000099f80000, 0x00000000d5580000)
  object space 425472K, 59% used [0x0000000080000000,0x000000008f84dd48,0x0000000099f80000)
 Metaspace       used 94027K, capacity 96018K, committed 99456K, reserved 1136640K
  class space    used 11166K, capacity 11519K, committed 12160K, reserved 1048576K
}
{Heap before GC invocations=1101 (full 5):
 PSYoungGen      total 670720K, used 659195K [0x00000000d5580000, 0x00000000ffe00000, 0x0000000100000000)
  eden space 644096K, 100% used [0x00000000d5580000,0x00000000fca80000,0x00000000fca80000)
  from space 26624K, 56% used [0x00000000fca80000,0x00000000fd93ee88,0x00000000fe480000)
  to   space 25600K, 0% used [0x00000000fe500000,0x00000000fe500000,0x00000000ffe00000)
 ParOldGen       total 425472K, used 254263K [0x0000000080000000, 0x0000000099f80000, 0x00000000d5580000)
  object space 425472K, 59% used [0x0000000080000000,0x000000008f84dd48,0x0000000099f80000)
 Metaspace       used 94027K, capacity 96018K, committed 99456K, reserved 1136640K
  class space    used 11166K, capacity 11519K, committed 12160K, reserved 1048576K
2023-05-21T00:09:42.102+0600: 5007454.185: [GC (Allocation Failure) [PSYoungGen: 659195K->8937K(671232K)] 913458K->263320K(1096704K), 0.0120412 secs] [Times: user=0.02 sys=0.00, real=0.01 secs] 
Heap after GC invocations=1101 (full 5):
 PSYoungGen      total 671232K, used 8937K [0x00000000d5580000, 0x00000000fff00000, 0x0000000100000000)
  eden space 645632K, 0% used [0x00000000d5580000,0x00000000d5580000,0x00000000fcc00000)
  from space 25600K, 34% used [0x00000000fe500000,0x00000000fedba518,0x00000000ffe00000)
  to   space 25600K, 0% used [0x00000000fcc00000,0x00000000fcc00000,0x00000000fe500000)
 ParOldGen       total 425472K, used 254383K [0x0000000080000000, 0x0000000099f80000, 0x00000000d5580000)
  object space 425472K, 59% used [0x0000000080000000,0x000000008f86bcc8,0x0000000099f80000)
 Metaspace       used 94027K, capacity 96018K, committed 99456K, reserved 1136640K
  class space    used 11166K, capacity 11519K, committed 12160K, reserved 1048576K
}
{Heap before GC invocations=1102 (full 5):
 PSYoungGen      total 671232K, used 651221K [0x00000000d5580000, 0x00000000fff00000, 0x0000000100000000)
  eden space 645632K, 99% used [0x00000000d5580000,0x00000000fc8bb1c0,0x00000000fcc00000)
  from space 25600K, 34% used [0x00000000fe500000,0x00000000fedba518,0x00000000ffe00000)
  to   space 25600K, 0% used [0x00000000fcc00000,0x00000000fcc00000,0x00000000fe500000)
 ParOldGen       total 425472K, used 254383K [0x0000000080000000, 0x0000000099f80000, 0x00000000d5580000)
  object space 425472K, 59% used [0x0000000080000000,0x000000008f86bcc8,0x0000000099f80000)
 Metaspace       used 94027K, capacity 96018K, committed 99456K, reserved 1136640K
  class space    used 11166K, capacity 11519K, committed 12160K, reserved 1048576K
2023-05-21T00:09:45.472+0600: 5007457.555: [GC (Allocation Failure) [PSYoungGen: 651221K->11346K(671232K)] 905604K->265769K(1096704K), 0.0096481 secs] [Times: user=0.02 sys=0.00, real=0.01 secs] 
Heap after GC invocations=1102 (full 5):
 PSYoungGen      total 671232K, used 11346K [0x00000000d5580000, 0x00000000ffe00000, 0x0000000100000000)
  eden space 645632K, 0% used [0x00000000d5580000,0x00000000d5580000,0x00000000fcc00000)
  from space 25600K, 44% used [0x00000000fcc00000,0x00000000fd7149e0,0x00000000fe500000)
  to   space 24576K, 0% used [0x00000000fe600000,0x00000000fe600000,0x00000000ffe00000)
 ParOldGen       total 425472K, used 254423K [0x0000000080000000, 0x0000000099f80000, 0x00000000d5580000)
  object space 425472K, 59% used [0x0000000080000000,0x000000008f875cc8,0x0000000099f80000)
 Metaspace       used 94027K, capacity 96018K, committed 99456K, reserved 1136640K
  class space    used 11166K, capacity 11519K, committed 12160K, reserved 1048576K
}
{Heap before GC invocations=1103 (full 5):
 PSYoungGen      total 671232K, used 653748K [0x00000000d5580000, 0x00000000ffe00000, 0x0000000100000000)
  eden space 645632K, 99% used [0x00000000d5580000,0x00000000fc8d8820,0x00000000fcc00000)
  from space 25600K, 44% used [0x00000000fcc00000,0x00000000fd7149e0,0x00000000fe500000)
  to   space 24576K, 0% used [0x00000000fe600000,0x00000000fe600000,0x00000000ffe00000)
 ParOldGen       total 425472K, used 254423K [0x0000000080000000, 0x0000000099f80000, 0x00000000d5580000)
  object space 425472K, 59% used [0x0000000080000000,0x000000008f875cc8,0x0000000099f80000)
 Metaspace       used 94027K, capacity 96018K, committed 99456K, reserved 1136640K
  class space    used 11166K, capacity 11519K, committed 12160K, reserved 1048576K
2023-05-21T00:09:48.844+0600: 5007460.926: [GC (Allocation Failure) [PSYoungGen: 653748K->11346K(672256K)] 908171K->265817K(1097728K), 0.0136356 secs] [Times: user=0.02 sys=0.00, real=0.01 secs] 
Heap after GC invocations=1103 (full 5):
 PSYoungGen      total 672256K, used 11346K [0x00000000d5580000, 0x00000000ffd00000, 0x0000000100000000)
  eden space 648704K, 0% used [0x00000000d5580000,0x00000000d5580000,0x00000000fcf00000)
  from space 23552K, 48% used [0x00000000fe600000,0x00000000ff1149e0,0x00000000ffd00000)
  to   space 23552K, 0% used [0x00000000fcf00000,0x00000000fcf00000,0x00000000fe600000)
 ParOldGen       total 425472K, used 254471K [0x0000000080000000, 0x0000000099f80000, 0x00000000d5580000)
  object space 425472K, 59% used [0x0000000080000000,0x000000008f881cc8,0x0000000099f80000)
 Metaspace       used 94027K, capacity 96018K, committed 99456K, reserved 1136640K
  class space    used 11166K, capacity 11519K, committed 12160K, reserved 1048576K
}
{Heap before GC invocations=1104 (full 5):
 PSYoungGen      total 672256K, used 660050K [0x00000000d5580000, 0x00000000ffd00000, 0x0000000100000000)
  eden space 648704K, 100% used [0x00000000d5580000,0x00000000fcf00000,0x00000000fcf00000)
  from space 23552K, 48% used [0x00000000fe600000,0x00000000ff1149e0,0x00000000ffd00000)
  to   space 23552K, 0% used [0x00000000fcf00000,0x00000000fcf00000,0x00000000fe600000)
 ParOldGen       total 425472K, used 254471K [0x0000000080000000, 0x0000000099f80000, 0x00000000d5580000)
  object space 425472K, 59% used [0x0000000080000000,0x000000008f881cc8,0x0000000099f80000)
 Metaspace       used 94027K, capacity 96018K, committed 99456K, reserved 1136640K
  class space    used 11166K, capacity 11519K, committed 12160K, reserved 1048576K
2023-05-21T00:09:51.663+0600: 5007463.746: [GC (Allocation Failure) [PSYoungGen: 660050K->9289K(672256K)] 914521K->263792K(1097728K), 0.0097419 secs] [Times: user=0.02 sys=0.00, real=0.01 secs] 
Heap after GC invocations=1104 (full 5):
 PSYoungGen      total 672256K, used 9289K [0x00000000d5580000, 0x00000000fff00000, 0x0000000100000000)
  eden space 648704K, 0% used [0x00000000d5580000,0x00000000d5580000,0x00000000fcf00000)
  from space 23552K, 39% used [0x00000000fcf00000,0x00000000fd812528,0x00000000fe600000)
  to   space 23040K, 0% used [0x00000000fe880000,0x00000000fe880000,0x00000000fff00000)
 ParOldGen       total 425472K, used 254503K [0x0000000080000000, 0x0000000099f80000, 0x00000000d5580000)
  object space 425472K, 59% used [0x0000000080000000,0x000000008f889cc8,0x0000000099f80000)
 Metaspace       used 94027K, capacity 96018K, committed 99456K, reserved 1136640K
  class space    used 11166K, capacity 11519K, committed 12160K, reserved 1048576K
}
{Heap before GC invocations=1105 (full 5):
 PSYoungGen      total 672256K, used 655882K [0x00000000d5580000, 0x00000000fff00000, 0x0000000100000000)
  eden space 648704K, 99% used [0x00000000d5580000,0x00000000fccf0598,0x00000000fcf00000)
  from space 23552K, 39% used [0x00000000fcf00000,0x00000000fd812528,0x00000000fe600000)
  to   space 23040K, 0% used [0x00000000fe880000,0x00000000fe880000,0x00000000fff00000)
 ParOldGen       total 425472K, used 254503K [0x0000000080000000, 0x0000000099f80000, 0x00000000d5580000)
  object space 425472K, 59% used [0x0000000080000000,0x000000008f889cc8,0x0000000099f80000)
 Metaspace       used 94027K, capacity 96018K, committed 99456K, reserved 1136640K
  class space    used 11166K, capacity 11519K, committed 12160K, reserved 1048576K
2023-05-21T00:09:55.577+0600: 5007467.660: [GC (Allocation Failure) [PSYoungGen: 655882K->10962K(673792K)] 910385K->265831K(1099264K), 0.0151632 secs] [Times: user=0.03 sys=0.00, real=0.02 secs] 
Heap after GC invocations=1105 (full 5):
 PSYoungGen      total 673792K, used 10962K [0x00000000d5580000, 0x00000000ffd80000, 0x0000000100000000)
  eden space 652288K, 0% used [0x00000000d5580000,0x00000000d5580000,0x00000000fd280000)
  from space 21504K, 50% used [0x00000000fe880000,0x00000000ff3349b0,0x00000000ffd80000)
  to   space 22016K, 0% used [0x00000000fd280000,0x00000000fd280000,0x00000000fe800000)
 ParOldGen       total 425472K, used 254869K [0x0000000080000000, 0x0000000099f80000, 0x00000000d5580000)
  object space 425472K, 59% used [0x0000000080000000,0x000000008f8e5648,0x0000000099f80000)
 Metaspace       used 94027K, capacity 96018K, committed 99456K, reserved 1136640K
  class space    used 11166K, capacity 11519K, committed 12160K, reserved 1048576K
}
{Heap before GC invocations=1106 (full 5):
 PSYoungGen      total 673792K, used 663250K [0x00000000d5580000, 0x00000000ffd80000, 0x0000000100000000)
  eden space 652288K, 100% used [0x00000000d5580000,0x00000000fd280000,0x00000000fd280000)
  from space 21504K, 50% used [0x00000000fe880000,0x00000000ff3349b0,0x00000000ffd80000)
  to   space 22016K, 0% used [0x00000000fd280000,0x00000000fd280000,0x00000000fe800000)
 ParOldGen       total 425472K, used 254893K [0x0000000080000000, 0x0000000099f80000, 0x00000000d5580000)
  object space 425472K, 59% used [0x0000000080000000,0x000000008f8eb4a8,0x0000000099f80000)
 Metaspace       used 94027K, capacity 96018K, committed 99456K, reserved 1136640K
  class space    used 11166K, capacity 11519K, committed 12160K, reserved 1048576K
2023-05-21T00:09:58.614+0600: 5007470.697: [GC (GCLocker Initiated GC) [PSYoungGen: 663250K->9321K(674304K)] 918143K->264254K(1099776K), 0.0093924 secs] [Times: user=0.02 sys=0.00, real=0.01 secs] 
Heap after GC invocations=1106 (full 5):
 PSYoungGen      total 674304K, used 9321K [0x00000000d5580000, 0x0000000100000000, 0x0000000100000000)
  eden space 652288K, 0% used [0x00000000d5580000,0x00000000d5580000,0x00000000fd280000)
  from space 22016K, 42% used [0x00000000fd280000,0x00000000fdb9a4f8,0x00000000fe800000)
  to   space 22016K, 0% used [0x00000000fea80000,0x00000000fea80000,0x0000000100000000)
 ParOldGen       total 425472K, used 254933K [0x0000000080000000, 0x0000000099f80000, 0x00000000d5580000)
  object space 425472K, 59% used [0x0000000080000000,0x000000008f8f54a8,0x0000000099f80000)
 Metaspace       used 94027K, capacity 96018K, committed 99456K, reserved 1136640K
  class space    used 11166K, capacity 11519K, committed 12160K, reserved 1048576K
}
{Heap before GC invocations=1107 (full 5):
 PSYoungGen      total 674304K, used 661609K [0x00000000d5580000, 0x0000000100000000, 0x0000000100000000)
  eden space 652288K, 100% used [0x00000000d5580000,0x00000000fd280000,0x00000000fd280000)
  from space 22016K, 42% used [0x00000000fd280000,0x00000000fdb9a4f8,0x00000000fe800000)
  to   space 22016K, 0% used [0x00000000fea80000,0x00000000fea80000,0x0000000100000000)
 ParOldGen       total 425472K, used 332580K [0x0000000080000000, 0x0000000099f80000, 0x00000000d5580000)
  object space 425472K, 78% used [0x0000000080000000,0x00000000944c93b8,0x0000000099f80000)
 Metaspace       used 94027K, capacity 96018K, committed 99456K, reserved 1136640K
  class space    used 11166K, capacity 11519K, committed 12160K, reserved 1048576K
2023-05-21T00:10:02.797+0600: 5007474.880: [GC (Allocation Failure) [PSYoungGen: 661609K->7177K(675840K)] 994190K->339846K(1101312K), 0.0153482 secs] [Times: user=0.03 sys=0.00, real=0.02 secs] 
Heap after GC invocations=1107 (full 5):
 PSYoungGen      total 675840K, used 7177K [0x00000000d5580000, 0x00000000fff00000, 0x0000000100000000)
  eden space 654848K, 0% used [0x00000000d5580000,0x00000000d5580000,0x00000000fd500000)
  from space 20992K, 34% used [0x00000000fea80000,0x00000000ff1824f8,0x00000000fff00000)
  to   space 21504K, 0% used [0x00000000fd500000,0x00000000fd500000,0x00000000fea00000)
 ParOldGen       total 425472K, used 332668K [0x0000000080000000, 0x0000000099f80000, 0x00000000d5580000)
  object space 425472K, 78% used [0x0000000080000000,0x00000000944df3b8,0x0000000099f80000)
 Metaspace       used 94027K, capacity 96018K, committed 99456K, reserved 1136640K
  class space    used 11166K, capacity 11519K, committed 12160K, reserved 1048576K
}
{Heap before GC invocations=1108 (full 5):
 PSYoungGen      total 675840K, used 662025K [0x00000000d5580000, 0x00000000fff00000, 0x0000000100000000)
  eden space 654848K, 100% used [0x00000000d5580000,0x00000000fd500000,0x00000000fd500000)
  from space 20992K, 34% used [0x00000000fea80000,0x00000000ff1824f8,0x00000000fff00000)
  to   space 21504K, 0% used [0x00000000fd500000,0x00000000fd500000,0x00000000fea00000)
 ParOldGen       total 425472K, used 332668K [0x0000000080000000, 0x0000000099f80000, 0x00000000d5580000)
  object space 425472K, 78% used [0x0000000080000000,0x00000000944df3b8,0x0000000099f80000)
 Metaspace       used 94027K, capacity 96018K, committed 99456K, reserved 1136640K
  class space    used 11166K, capacity 11519K, committed 12160K, reserved 1048576K
2023-05-21T00:10:05.779+0600: 5007477.862: [GC (Allocation Failure) [PSYoungGen: 662025K->9257K(676352K)] 994694K->342006K(1101824K), 0.0104394 secs] [Times: user=0.02 sys=0.00, real=0.01 secs] 
Heap after GC invocations=1108 (full 5):
 PSYoungGen      total 676352K, used 9257K [0x00000000d5580000, 0x00000000fff80000, 0x0000000100000000)
  eden space 654848K, 0% used [0x00000000d5580000,0x00000000d5580000,0x00000000fd500000)
  from space 21504K, 43% used [0x00000000fd500000,0x00000000fde0a508,0x00000000fea00000)
  to   space 20992K, 0% used [0x00000000feb00000,0x00000000feb00000,0x00000000fff80000)
 ParOldGen       total 425472K, used 332748K [0x0000000080000000, 0x0000000099f80000, 0x00000000d5580000)
  object space 425472K, 78% used [0x0000000080000000,0x00000000944f3308,0x0000000099f80000)
 Metaspace       used 94027K, capacity 96018K, committed 99456K, reserved 1136640K
  class space    used 11166K, capacity 11519K, committed 12160K, reserved 1048576K
}
{Heap before GC invocations=1109 (full 5):
 PSYoungGen      total 676352K, used 662513K [0x00000000d5580000, 0x00000000fff80000, 0x0000000100000000)
  eden space 654848K, 99% used [0x00000000d5580000,0x00000000fd371fe0,0x00000000fd500000)
  from space 21504K, 43% used [0x00000000fd500000,0x00000000fde0a508,0x00000000fea00000)
  to   space 20992K, 0% used [0x00000000feb00000,0x00000000feb00000,0x00000000fff80000)
 ParOldGen       total 425472K, used 332748K [0x0000000080000000, 0x0000000099f80000, 0x00000000d5580000)
  object space 425472K, 78% used [0x0000000080000000,0x00000000944f3308,0x0000000099f80000)
 Metaspace       used 94027K, capacity 96018K, committed 99456K, reserved 1136640K
  class space    used 11166K, capacity 11519K, committed 12160K, reserved 1048576K
2023-05-21T00:10:09.573+0600: 5007481.656: [GC (Allocation Failure) [PSYoungGen: 662513K->14747K(676864K)] 995261K->347591K(1102336K), 0.0093565 secs] [Times: user=0.02 sys=0.00, real=0.01 secs] 
Heap after GC invocations=1109 (full 5):
 PSYoungGen      total 676864K, used 14747K [0x00000000d5580000, 0x0000000100000000, 0x0000000100000000)
  eden space 655872K, 0% used [0x00000000d5580000,0x00000000d5580000,0x00000000fd600000)
  from space 20992K, 70% used [0x00000000feb00000,0x00000000ff966e68,0x00000000fff80000)
  to   space 21504K, 0% used [0x00000000fd600000,0x00000000fd600000,0x00000000feb00000)
 ParOldGen       total 425472K, used 332844K [0x0000000080000000, 0x0000000099f80000, 0x00000000d5580000)
  object space 425472K, 78% used [0x0000000080000000,0x000000009450b0f8,0x0000000099f80000)
 Metaspace       used 94027K, capacity 96018K, committed 99456K, reserved 1136640K
  class space    used 11166K, capacity 11519K, committed 12160K, reserved 1048576K
}
{Heap before GC invocations=1110 (full 5):
 PSYoungGen      total 676864K, used 670619K [0x00000000d5580000, 0x0000000100000000, 0x0000000100000000)
  eden space 655872K, 100% used [0x00000000d5580000,0x00000000fd600000,0x00000000fd600000)
  from space 20992K, 70% used [0x00000000feb00000,0x00000000ff966e68,0x00000000fff80000)
  to   space 21504K, 0% used [0x00000000fd600000,0x00000000fd600000,0x00000000feb00000)
 ParOldGen       total 425472K, used 332844K [0x0000000080000000, 0x0000000099f80000, 0x00000000d5580000)
  object space 425472K, 78% used [0x0000000080000000,0x000000009450b0f8,0x0000000099f80000)
 Metaspace       used 94027K, capacity 96018K, committed 99456K, reserved 1136640K
  class space    used 11166K, capacity 11519K, committed 12160K, reserved 1048576K
2023-05-21T00:10:12.755+0600: 5007484.837: [GC (Allocation Failure) [PSYoungGen: 670619K->9161K(677376K)] 1003463K->342053K(1102848K), 0.0102457 secs] [Times: user=0.02 sys=0.00, real=0.01 secs] 
Heap after GC invocations=1110 (full 5):
 PSYoungGen      total 677376K, used 9161K [0x00000000d5580000, 0x00000000fff80000, 0x0000000100000000)
  eden space 655872K, 0% used [0x00000000d5580000,0x00000000d5580000,0x00000000fd600000)
  from space 21504K, 42% used [0x00000000fd600000,0x00000000fdef24f8,0x00000000feb00000)
  to   space 20992K, 0% used [0x00000000feb00000,0x00000000feb00000,0x00000000fff80000)
 ParOldGen       total 425472K, used 332892K [0x0000000080000000, 0x0000000099f80000, 0x00000000d5580000)
  object space 425472K, 78% used [0x0000000080000000,0x00000000945170f8,0x0000000099f80000)
 Metaspace       used 94027K, capacity 96018K, committed 99456K, reserved 1136640K
  class space    used 11166K, capacity 11519K, committed 12160K, reserved 1048576K
}
{Heap before GC invocations=1111 (full 5):
 PSYoungGen      total 677376K, used 663779K [0x00000000d5580000, 0x00000000fff80000, 0x0000000100000000)
  eden space 655872K, 99% used [0x00000000d5580000,0x00000000fd4c6938,0x00000000fd600000)
  from space 21504K, 42% used [0x00000000fd600000,0x00000000fdef24f8,0x00000000feb00000)
  to   space 20992K, 0% used [0x00000000feb00000,0x00000000feb00000,0x00000000fff80000)
 ParOldGen       total 425472K, used 332892K [0x0000000080000000, 0x0000000099f80000, 0x00000000d5580000)
  object space 425472K, 78% used [0x0000000080000000,0x00000000945170f8,0x0000000099f80000)
 Metaspace       used 94027K, capacity 96018K, committed 99456K, reserved 1136640K
  class space    used 11166K, capacity 11519K, committed 12160K, reserved 1048576K
2023-05-21T00:10:16.449+0600: 5007488.532: [GC (Allocation Failure) [PSYoungGen: 663779K->10994K(675328K)] 996671K->343918K(1100800K), 0.0187520 secs] [Times: user=0.03 sys=0.00, real=0.01 secs] 
Heap after GC invocations=1111 (full 5):
 PSYoungGen      total 675328K, used 10994K [0x00000000d5580000, 0x00000000ffd80000, 0x0000000100000000)
  eden space 656384K, 0% used [0x00000000d5580000,0x00000000d5580000,0x00000000fd680000)
  from space 18944K, 58% used [0x00000000feb00000,0x00000000ff5bc9b0,0x00000000ffd80000)
  to   space 19968K, 0% used [0x00000000fd680000,0x00000000fd680000,0x00000000fea00000)
 ParOldGen       total 425472K, used 332924K [0x0000000080000000, 0x0000000099f80000, 0x00000000d5580000)
  object space 425472K, 78% used [0x0000000080000000,0x000000009451f0f8,0x0000000099f80000)
 Metaspace       used 94027K, capacity 96018K, committed 99456K, reserved 1136640K
  class space    used 11166K, capacity 11519K, committed 12160K, reserved 1048576K
}
{Heap before GC invocations=1112 (full 5):
 PSYoungGen      total 675328K, used 665848K [0x00000000d5580000, 0x00000000ffd80000, 0x0000000100000000)
  eden space 656384K, 99% used [0x00000000d5580000,0x00000000fd501a18,0x00000000fd680000)
  from space 18944K, 58% used [0x00000000feb00000,0x00000000ff5bc9b0,0x00000000ffd80000)
  to   space 19968K, 0% used [0x00000000fd680000,0x00000000fd680000,0x00000000fea00000)
 ParOldGen       total 425472K, used 332924K [0x0000000080000000, 0x0000000099f80000, 0x00000000d5580000)
  object space 425472K, 78% used [0x0000000080000000,0x000000009451f0f8,0x0000000099f80000)
 Metaspace       used 94027K, capacity 96018K, committed 99456K, reserved 1136640K
  class space    used 11166K, capacity 11519K, committed 12160K, reserved 1048576K
2023-05-21T00:10:19.957+0600: 5007492.040: [GC (Allocation Failure) [PSYoungGen: 665848K->14652K(676352K)] 998773K->347712K(1101824K), 0.0112631 secs] [Times: user=0.02 sys=0.00, real=0.01 secs] 
Heap after GC invocations=1112 (full 5):
 PSYoungGen      total 676352K, used 14652K [0x00000000d5580000, 0x0000000100000000, 0x0000000100000000)
  eden space 656384K, 0% used [0x00000000d5580000,0x00000000d5580000,0x00000000fd680000)
  from space 19968K, 73% used [0x00000000fd680000,0x00000000fe4cf008,0x00000000fea00000)
  to   space 20480K, 0% used [0x00000000fec00000,0x00000000fec00000,0x0000000100000000)
 ParOldGen       total 425472K, used 333060K [0x0000000080000000, 0x0000000099f80000, 0x00000000d5580000)
  object space 425472K, 78% used [0x0000000080000000,0x0000000094541078,0x0000000099f80000)
 Metaspace       used 94027K, capacity 96018K, committed 99456K, reserved 1136640K
  class space    used 11166K, capacity 11519K, committed 12160K, reserved 1048576K
}
{Heap before GC invocations=1113 (full 5):
 PSYoungGen      total 676352K, used 667827K [0x00000000d5580000, 0x0000000100000000, 0x0000000100000000)
  eden space 656384K, 99% used [0x00000000d5580000,0x00000000fd35dd70,0x00000000fd680000)
  from space 19968K, 73% used [0x00000000fd680000,0x00000000fe4cf008,0x00000000fea00000)
  to   space 20480K, 0% used [0x00000000fec00000,0x00000000fec00000,0x0000000100000000)
 ParOldGen       total 425472K, used 333060K [0x0000000080000000, 0x0000000099f80000, 0x00000000d5580000)
  object space 425472K, 78% used [0x0000000080000000,0x0000000094541078,0x0000000099f80000)
 Metaspace       used 94027K, capacity 96018K, committed 99456K, reserved 1136640K
  class space    used 11166K, capacity 11519K, committed 12160K, reserved 1048576K
2023-05-21T00:10:23.417+0600: 5007495.500: [GC (Allocation Failure) [PSYoungGen: 667827K->10898K(677376K)] 1000887K->343998K(1102848K), 0.0161555 secs] [Times: user=0.03 sys=0.00, real=0.02 secs] 
Heap after GC invocations=1113 (full 5):
 PSYoungGen      total 677376K, used 10898K [0x00000000d5580000, 0x00000000ffe80000, 0x0000000100000000)
  eden space 658432K, 0% used [0x00000000d5580000,0x00000000d5580000,0x00000000fd880000)
  from space 18944K, 57% used [0x00000000fec00000,0x00000000ff6a49b0,0x00000000ffe80000)
  to   space 19456K, 0% used [0x00000000fd880000,0x00000000fd880000,0x00000000feb80000)
 ParOldGen       total 425472K, used 333100K [0x0000000080000000, 0x0000000099f80000, 0x00000000d5580000)
  object space 425472K, 78% used [0x0000000080000000,0x000000009454b078,0x0000000099f80000)
 Metaspace       used 94027K, capacity 96018K, committed 99456K, reserved 1136640K
  class space    used 11166K, capacity 11519K, committed 12160K, reserved 1048576K
}
{Heap before GC invocations=1114 (full 5):
 PSYoungGen      total 677376K, used 667456K [0x00000000d5580000, 0x00000000ffe80000, 0x0000000100000000)
  eden space 658432K, 99% used [0x00000000d5580000,0x00000000fd6ab8f0,0x00000000fd880000)
  from space 18944K, 57% used [0x00000000fec00000,0x00000000ff6a49b0,0x00000000ffe80000)
  to   space 19456K, 0% used [0x00000000fd880000,0x00000000fd880000,0x00000000feb80000)
 ParOldGen       total 425472K, used 333100K [0x0000000080000000, 0x0000000099f80000, 0x00000000d5580000)
  object space 425472K, 78% used [0x0000000080000000,0x000000009454b078,0x0000000099f80000)
 Metaspace       used 94027K, capacity 96018K, committed 99456K, reserved 1136640K
  class space    used 11166K, capacity 11519K, committed 12160K, reserved 1048576K
2023-05-21T00:10:26.991+0600: 5007499.074: [GC (Allocation Failure) [PSYoungGen: 667456K->10866K(677888K)] 1000556K->344014K(1103360K), 0.0137427 secs] [Times: user=0.03 sys=0.00, real=0.01 secs] 
Heap after GC invocations=1114 (full 5):
 PSYoungGen      total 677888K, used 10866K [0x00000000d5580000, 0x00000000fff80000, 0x0000000100000000)
  eden space 658432K, 0% used [0x00000000d5580000,0x00000000d5580000,0x00000000fd880000)
  from space 19456K, 55% used [0x00000000fd880000,0x00000000fe31c9b0,0x00000000feb80000)
  to   space 18944K, 0% used [0x00000000fed00000,0x00000000fed00000,0x00000000fff80000)
 ParOldGen       total 425472K, used 333148K [0x0000000080000000, 0x0000000099f80000, 0x00000000d5580000)
  object space 425472K, 78% used [0x0000000080000000,0x0000000094557078,0x0000000099f80000)
 Metaspace       used 94027K, capacity 96018K, committed 99456K, reserved 1136640K
  class space    used 11166K, capacity 11519K, committed 12160K, reserved 1048576K
}
{Heap before GC invocations=1115 (full 5):
 PSYoungGen      total 677888K, used 669298K [0x00000000d5580000, 0x00000000fff80000, 0x0000000100000000)
  eden space 658432K, 100% used [0x00000000d5580000,0x00000000fd880000,0x00000000fd880000)
  from space 19456K, 55% used [0x00000000fd880000,0x00000000fe31c9b0,0x00000000feb80000)
  to   space 18944K, 0% used [0x00000000fed00000,0x00000000fed00000,0x00000000fff80000)
 ParOldGen       total 425472K, used 333148K [0x0000000080000000, 0x0000000099f80000, 0x00000000d5580000)
  object space 425472K, 78% used [0x0000000080000000,0x0000000094557078,0x0000000099f80000)
 Metaspace       used 94027K, capacity 96018K, committed 99456K, reserved 1136640K
  class space    used 11166K, capacity 11519K, committed 12160K, reserved 1048576K
2023-05-21T00:10:29.660+0600: 5007501.742: [GC (Allocation Failure) [PSYoungGen: 669298K->8873K(679424K)] 1002446K->342188K(1104896K), 0.0106436 secs] [Times: user=0.01 sys=0.00, real=0.01 secs] 
Heap after GC invocations=1115 (full 5):
 PSYoungGen      total 679424K, used 8873K [0x00000000d5580000, 0x00000000fff80000, 0x0000000100000000)
  eden space 660480K, 0% used [0x00000000d5580000,0x00000000d5580000,0x00000000fda80000)
  from space 18944K, 46% used [0x00000000fed00000,0x00000000ff5aa4e8,0x00000000fff80000)
  to   space 18944K, 0% used [0x00000000fda80000,0x00000000fda80000,0x00000000fed00000)
 ParOldGen       total 425472K, used 333315K [0x0000000080000000, 0x0000000099f80000, 0x00000000d5580000)
  object space 425472K, 78% used [0x0000000080000000,0x0000000094580e98,0x0000000099f80000)
 Metaspace       used 94027K, capacity 96018K, committed 99456K, reserved 1136640K
  class space    used 11166K, capacity 11519K, committed 12160K, reserved 1048576K
}
{Heap before GC invocations=1116 (full 5):
 PSYoungGen      total 679424K, used 665474K [0x00000000d5580000, 0x00000000fff80000, 0x0000000100000000)
  eden space 660480K, 99% used [0x00000000d5580000,0x00000000fd6b6688,0x00000000fda80000)
  from space 18944K, 46% used [0x00000000fed00000,0x00000000ff5aa4e8,0x00000000fff80000)
  to   space 18944K, 0% used [0x00000000fda80000,0x00000000fda80000,0x00000000fed00000)
 ParOldGen       total 425472K, used 333315K [0x0000000080000000, 0x0000000099f80000, 0x00000000d5580000)
  object space 425472K, 78% used [0x0000000080000000,0x0000000094580e98,0x0000000099f80000)
 Metaspace       used 94027K, capacity 96018K, committed 99456K, reserved 1136640K
  class space    used 11166K, capacity 11519K, committed 12160K, reserved 1048576K
2023-05-21T00:10:33.617+0600: 5007505.700: [GC (Allocation Failure) [PSYoungGen: 665474K->12712K(679424K)] 998790K->346060K(1104896K), 0.0154968 secs] [Times: user=0.02 sys=0.00, real=0.02 secs] 
Heap after GC invocations=1116 (full 5):
 PSYoungGen      total 679424K, used 12712K [0x00000000d5580000, 0x00000000fff00000, 0x0000000100000000)
  eden space 660480K, 0% used [0x00000000d5580000,0x00000000d5580000,0x00000000fda80000)
  from space 18944K, 67% used [0x00000000fda80000,0x00000000fe6ea1b0,0x00000000fed00000)
  to   space 18432K, 0% used [0x00000000fed00000,0x00000000fed00000,0x00000000fff00000)
 ParOldGen       total 425472K, used 333347K [0x0000000080000000, 0x0000000099f80000, 0x00000000d5580000)
  object space 425472K, 78% used [0x0000000080000000,0x0000000094588e98,0x0000000099f80000)
 Metaspace       used 94027K, capacity 96018K, committed 99456K, reserved 1136640K
  class space    used 11166K, capacity 11519K, committed 12160K, reserved 1048576K
}
{Heap before GC invocations=1117 (full 5):
 PSYoungGen      total 679424K, used 673192K [0x00000000d5580000, 0x00000000fff00000, 0x0000000100000000)
  eden space 660480K, 100% used [0x00000000d5580000,0x00000000fda80000,0x00000000fda80000)
  from space 18944K, 67% used [0x00000000fda80000,0x00000000fe6ea1b0,0x00000000fed00000)
  to   space 18432K, 0% used [0x00000000fed00000,0x00000000fed00000,0x00000000fff00000)
 ParOldGen       total 425472K, used 333347K [0x0000000080000000, 0x0000000099f80000, 0x00000000d5580000)
  object space 425472K, 78% used [0x0000000080000000,0x0000000094588e98,0x0000000099f80000)
 Metaspace       used 94027K, capacity 96018K, committed 99456K, reserved 1136640K
  class space    used 11166K, capacity 11519K, committed 12160K, reserved 1048576K
2023-05-21T00:10:36.664+0600: 5007508.747: [GC (Allocation Failure) [PSYoungGen: 673192K->8777K(679424K)] 1006540K->342300K(1104896K), 0.0097388 secs] [Times: user=0.01 sys=0.00, real=0.01 secs] 
Heap after GC invocations=1117 (full 5):
 PSYoungGen      total 679424K, used 8777K [0x00000000d5580000, 0x00000000fff80000, 0x0000000100000000)
  eden space 660992K, 0% used [0x00000000d5580000,0x00000000d5580000,0x00000000fdb00000)
  from space 18432K, 47% used [0x00000000fed00000,0x00000000ff5924d8,0x00000000fff00000)
  to   space 18432K, 0% used [0x00000000fdb00000,0x00000000fdb00000,0x00000000fed00000)
 ParOldGen       total 425472K, used 333523K [0x0000000080000000, 0x0000000099f80000, 0x00000000d5580000)
  object space 425472K, 78% used [0x0000000080000000,0x00000000945b4cb8,0x0000000099f80000)
 Metaspace       used 94027K, capacity 96018K, committed 99456K, reserved 1136640K
  class space    used 11166K, capacity 11519K, committed 12160K, reserved 1048576K
}
{Heap before GC invocations=1118 (full 5):
 PSYoungGen      total 679424K, used 667705K [0x00000000d5580000, 0x00000000fff80000, 0x0000000100000000)
  eden space 660992K, 99% used [0x00000000d5580000,0x00000000fd8fc120,0x00000000fdb00000)
  from space 18432K, 47% used [0x00000000fed00000,0x00000000ff5924d8,0x00000000fff00000)
  to   space 18432K, 0% used [0x00000000fdb00000,0x00000000fdb00000,0x00000000fed00000)
 ParOldGen       total 425472K, used 333523K [0x0000000080000000, 0x0000000099f80000, 0x00000000d5580000)
  object space 425472K, 78% used [0x0000000080000000,0x00000000945b4cb8,0x0000000099f80000)
 Metaspace       used 94027K, capacity 96018K, committed 99456K, reserved 1136640K
  class space    used 11166K, capacity 11519K, committed 12160K, reserved 1048576K
2023-05-21T00:10:40.475+0600: 5007512.558: [GC (Allocation Failure) [PSYoungGen: 667705K->14427K(679424K)] 1001228K->347990K(1104896K), 0.0144477 secs] [Times: user=0.03 sys=0.00, real=0.02 secs] 
Heap after GC invocations=1118 (full 5):
 PSYoungGen      total 679424K, used 14427K [0x00000000d5580000, 0x0000000100000000, 0x0000000100000000)
  eden space 660992K, 0% used [0x00000000d5580000,0x00000000d5580000,0x00000000fdb00000)
  from space 18432K, 78% used [0x00000000fdb00000,0x00000000fe916e48,0x00000000fed00000)
  to   space 18944K, 0% used [0x00000000fed80000,0x00000000fed80000,0x0000000100000000)
 ParOldGen       total 425472K, used 333563K [0x0000000080000000, 0x0000000099f80000, 0x00000000d5580000)
  object space 425472K, 78% used [0x0000000080000000,0x00000000945becb8,0x0000000099f80000)
 Metaspace       used 94027K, capacity 96018K, committed 99456K, reserved 1136640K
  class space    used 11166K, capacity 11519K, committed 12160K, reserved 1048576K
}
{Heap before GC invocations=1119 (full 5):
 PSYoungGen      total 679424K, used 675419K [0x00000000d5580000, 0x0000000100000000, 0x0000000100000000)
  eden space 660992K, 100% used [0x00000000d5580000,0x00000000fdb00000,0x00000000fdb00000)
  from space 18432K, 78% used [0x00000000fdb00000,0x00000000fe916e48,0x00000000fed00000)
  to   space 18944K, 0% used [0x00000000fed80000,0x00000000fed80000,0x0000000100000000)
 ParOldGen       total 425472K, used 333563K [0x0000000080000000, 0x0000000099f80000, 0x00000000d5580000)
  object space 425472K, 78% used [0x0000000080000000,0x00000000945becb8,0x0000000099f80000)
 Metaspace       used 94027K, capacity 96018K, committed 99456K, reserved 1136640K
  class space    used 11166K, capacity 11519K, committed 12160K, reserved 1048576K
2023-05-21T00:10:43.621+0600: 5007515.703: [GC (Allocation Failure) [PSYoungGen: 675419K->8681K(679936K)] 1008982K->342292K(1105408K), 0.0101668 secs] [Times: user=0.01 sys=0.00, real=0.01 secs] 
Heap after GC invocations=1119 (full 5):
 PSYoungGen      total 679936K, used 8681K [0x00000000d5580000, 0x00000000fff80000, 0x0000000100000000)
  eden space 661504K, 0% used [0x00000000d5580000,0x00000000d5580000,0x00000000fdb80000)
  from space 18432K, 47% used [0x00000000fed80000,0x00000000ff5fa4d8,0x00000000fff80000)
  to   space 18432K, 0% used [0x00000000fdb80000,0x00000000fdb80000,0x00000000fed80000)
 ParOldGen       total 425472K, used 333611K [0x0000000080000000, 0x0000000099f80000, 0x00000000d5580000)
  object space 425472K, 78% used [0x0000000080000000,0x00000000945cacb8,0x0000000099f80000)
 Metaspace       used 94027K, capacity 96018K, committed 99456K, reserved 1136640K
  class space    used 11166K, capacity 11519K, committed 12160K, reserved 1048576K
}
{Heap before GC invocations=1120 (full 5):
 PSYoungGen      total 679936K, used 669152K [0x00000000d5580000, 0x00000000fff80000, 0x0000000100000000)
  eden space 661504K, 99% used [0x00000000d5580000,0x00000000fda7dc88,0x00000000fdb80000)
  from space 18432K, 47% used [0x00000000fed80000,0x00000000ff5fa4d8,0x00000000fff80000)
  to   space 18432K, 0% used [0x00000000fdb80000,0x00000000fdb80000,0x00000000fed80000)
 ParOldGen       total 425472K, used 333611K [0x0000000080000000, 0x0000000099f80000, 0x00000000d5580000)
  object space 425472K, 78% used [0x0000000080000000,0x00000000945cacb8,0x0000000099f80000)
 Metaspace       used 94027K, capacity 96018K, committed 99456K, reserved 1136640K
  class space    used 11166K, capacity 11519K, committed 12160K, reserved 1048576K
2023-05-21T00:10:47.247+0600: 5007519.329: [GC (Allocation Failure) [PSYoungGen: 669152K->14459K(679936K)] 1002763K->348110K(1105408K), 0.0108943 secs] [Times: user=0.02 sys=0.00, real=0.01 secs] 
Heap after GC invocations=1120 (full 5):
 PSYoungGen      total 679936K, used 14459K [0x00000000d5580000, 0x0000000100000000, 0x0000000100000000)
  eden space 661504K, 0% used [0x00000000d5580000,0x00000000d5580000,0x00000000fdb80000)
  from space 18432K, 78% used [0x00000000fdb80000,0x00000000fe99ee48,0x00000000fed80000)
  to   space 18944K, 0% used [0x00000000fed80000,0x00000000fed80000,0x0000000100000000)
 ParOldGen       total 425472K, used 333651K [0x0000000080000000, 0x0000000099f80000, 0x00000000d5580000)
  object space 425472K, 78% used [0x0000000080000000,0x00000000945d4cb8,0x0000000099f80000)
 Metaspace       used 94027K, capacity 96018K, committed 99456K, reserved 1136640K
  class space    used 11166K, capacity 11519K, committed 12160K, reserved 1048576K
}
{Heap before GC invocations=1121 (full 5):
 PSYoungGen      total 679936K, used 670640K [0x00000000d5580000, 0x0000000100000000, 0x0000000100000000)
  eden space 661504K, 99% used [0x00000000d5580000,0x00000000fd64d270,0x00000000fdb80000)
  from space 18432K, 78% used [0x00000000fdb80000,0x00000000fe99ee48,0x00000000fed80000)
  to   space 18944K, 0% used [0x00000000fed80000,0x00000000fed80000,0x0000000100000000)
 ParOldGen       total 425472K, used 333651K [0x0000000080000000, 0x0000000099f80000, 0x00000000d5580000)
  object space 425472K, 78% used [0x0000000080000000,0x00000000945d4cb8,0x0000000099f80000)
 Metaspace       used 94027K, capacity 96018K, committed 99456K, reserved 1136640K
  class space    used 11166K, capacity 11519K, committed 12160K, reserved 1048576K
2023-05-21T00:10:50.677+0600: 5007522.760: [GC (Allocation Failure) [PSYoungGen: 670640K->14427K(678912K)] 1004291K->348127K(1104384K), 0.0152105 secs] [Times: user=0.03 sys=0.00, real=0.02 secs] 
Heap after GC invocations=1121 (full 5):
 PSYoungGen      total 678912K, used 14427K [0x00000000d5580000, 0x0000000100000000, 0x0000000100000000)
  eden space 659968K, 0% used [0x00000000d5580000,0x00000000d5580000,0x00000000fda00000)
  from space 18944K, 76% used [0x00000000fed80000,0x00000000ffb96fe8,0x0000000100000000)
  to   space 19456K, 0% used [0x00000000fda00000,0x00000000fda00000,0x00000000fed00000)
 ParOldGen       total 425472K, used 333699K [0x0000000080000000, 0x0000000099f80000, 0x00000000d5580000)
  object space 425472K, 78% used [0x0000000080000000,0x00000000945e0cb8,0x0000000099f80000)
 Metaspace       used 94027K, capacity 96018K, committed 99456K, reserved 1136640K
  class space    used 11166K, capacity 11519K, committed 12160K, reserved 1048576K
}
{Heap before GC invocations=1122 (full 5):
 PSYoungGen      total 678912K, used 673955K [0x00000000d5580000, 0x0000000100000000, 0x0000000100000000)
  eden space 659968K, 99% used [0x00000000d5580000,0x00000000fd992010,0x00000000fda00000)
  from space 18944K, 76% used [0x00000000fed80000,0x00000000ffb96fe8,0x0000000100000000)
  to   space 19456K, 0% used [0x00000000fda00000,0x00000000fda00000,0x00000000fed00000)
 ParOldGen       total 425472K, used 333699K [0x0000000080000000, 0x0000000099f80000, 0x00000000d5580000)
  object space 425472K, 78% used [0x0000000080000000,0x00000000945e0cb8,0x0000000099f80000)
 Metaspace       used 94027K, capacity 96018K, committed 99456K, reserved 1136640K
  class space    used 11166K, capacity 11519K, committed 12160K, reserved 1048576K
2023-05-21T00:10:54.239+0600: 5007526.322: [GC (Allocation Failure) [PSYoungGen: 673955K->14427K(679424K)] 1007655K->348174K(1104896K), 0.0133579 secs] [Times: user=0.02 sys=0.00, real=0.01 secs] 
Heap after GC invocations=1122 (full 5):
 PSYoungGen      total 679424K, used 14427K [0x00000000d5580000, 0x0000000100000000, 0x0000000100000000)
  eden space 659968K, 0% used [0x00000000d5580000,0x00000000d5580000,0x00000000fda00000)
  from space 19456K, 74% used [0x00000000fda00000,0x00000000fe816e48,0x00000000fed00000)
  to   space 19456K, 0% used [0x00000000fed00000,0x00000000fed00000,0x0000000100000000)
 ParOldGen       total 425472K, used 333747K [0x0000000080000000, 0x0000000099f80000, 0x00000000d5580000)
  object space 425472K, 78% used [0x0000000080000000,0x00000000945eccb8,0x0000000099f80000)
 Metaspace       used 94027K, capacity 96018K, committed 99456K, reserved 1136640K
  class space    used 11166K, capacity 11519K, committed 12160K, reserved 1048576K
}
{Heap before GC invocations=1123 (full 5):
 PSYoungGen      total 679424K, used 672738K [0x00000000d5580000, 0x0000000100000000, 0x0000000100000000)
  eden space 659968K, 99% used [0x00000000d5580000,0x00000000fd861d90,0x00000000fda00000)
  from space 19456K, 74% used [0x00000000fda00000,0x00000000fe816e48,0x00000000fed00000)
  to   space 19456K, 0% used [0x00000000fed00000,0x00000000fed00000,0x0000000100000000)
 ParOldGen       total 425472K, used 333747K [0x0000000080000000, 0x0000000099f80000, 0x00000000d5580000)
  object space 425472K, 78% used [0x0000000080000000,0x00000000945eccb8,0x0000000099f80000)
 Metaspace       used 94027K, capacity 96018K, committed 99456K, reserved 1136640K
  class space    used 11166K, capacity 11519K, committed 12160K, reserved 1048576K
2023-05-21T00:10:57.794+0600: 5007529.877: [GC (Allocation Failure) [PSYoungGen: 672738K->14267K(678400K)] 1006486K->348182K(1103872K), 0.0149617 secs] [Times: user=0.03 sys=0.00, real=0.02 secs] 
Heap after GC invocations=1123 (full 5):
 PSYoungGen      total 678400K, used 14267K [0x00000000d5580000, 0x0000000100000000, 0x0000000100000000)
  eden space 658944K, 0% used [0x00000000d5580000,0x00000000d5580000,0x00000000fd900000)
  from space 19456K, 73% used [0x00000000fed00000,0x00000000ffaeee38,0x0000000100000000)
  to   space 19968K, 0% used [0x00000000fd900000,0x00000000fd900000,0x00000000fec80000)
 ParOldGen       total 425472K, used 333914K [0x0000000080000000, 0x0000000099f80000, 0x00000000d5580000)
  object space 425472K, 78% used [0x0000000080000000,0x0000000094616ad8,0x0000000099f80000)
 Metaspace       used 94027K, capacity 96018K, committed 99456K, reserved 1136640K
  class space    used 11166K, capacity 11519K, committed 12160K, reserved 1048576K
}
{Heap before GC invocations=1124 (full 5):
 PSYoungGen      total 678400K, used 673211K [0x00000000d5580000, 0x0000000100000000, 0x0000000100000000)
  eden space 658944K, 100% used [0x00000000d5580000,0x00000000fd900000,0x00000000fd900000)
  from space 19456K, 73% used [0x00000000fed00000,0x00000000ffaeee38,0x0000000100000000)
  to   space 19968K, 0% used [0x00000000fd900000,0x00000000fd900000,0x00000000fec80000)
 ParOldGen       total 425472K, used 333914K [0x0000000080000000, 0x0000000099f80000, 0x00000000d5580000)
  object space 425472K, 78% used [0x0000000080000000,0x0000000094616ad8,0x0000000099f80000)
 Metaspace       used 94027K, capacity 96018K, committed 99456K, reserved 1136640K
  class space    used 11166K, capacity 11519K, committed 12160K, reserved 1048576K
2023-05-21T00:11:01.109+0600: 5007533.192: [GC (Allocation Failure) [PSYoungGen: 673211K->5380K(678912K)] 1007126K->339335K(1104384K), 0.0106249 secs] [Times: user=0.02 sys=0.00, real=0.01 secs] 
Heap after GC invocations=1124 (full 5):
 PSYoungGen      total 678912K, used 5380K [0x00000000d5580000, 0x0000000100000000, 0x0000000100000000)
  eden space 658944K, 0% used [0x00000000d5580000,0x00000000d5580000,0x00000000fd900000)
  from space 19968K, 26% used [0x00000000fd900000,0x00000000fde41388,0x00000000fec80000)
  to   space 19968K, 0% used [0x00000000fec80000,0x00000000fec80000,0x0000000100000000)
 ParOldGen       total 425472K, used 333954K [0x0000000080000000, 0x0000000099f80000, 0x00000000d5580000)
  object space 425472K, 78% used [0x0000000080000000,0x0000000094620ad8,0x0000000099f80000)
 Metaspace       used 94027K, capacity 96018K, committed 99456K, reserved 1136640K
  class space    used 11166K, capacity 11519K, committed 12160K, reserved 1048576K
}
{Heap before GC invocations=1125 (full 5):
 PSYoungGen      total 678912K, used 660557K [0x00000000d5580000, 0x0000000100000000, 0x0000000100000000)
  eden space 658944K, 99% used [0x00000000d5580000,0x00000000fd552108,0x00000000fd900000)
  from space 19968K, 26% used [0x00000000fd900000,0x00000000fde41388,0x00000000fec80000)
  to   space 19968K, 0% used [0x00000000fec80000,0x00000000fec80000,0x0000000100000000)
 ParOldGen       total 425472K, used 333954K [0x0000000080000000, 0x0000000099f80000, 0x00000000d5580000)
  object space 425472K, 78% used [0x0000000080000000,0x0000000094620ad8,0x0000000099f80000)
 Metaspace       used 94027K, capacity 96018K, committed 99456K, reserved 1136640K
  class space    used 11166K, capacity 11519K, committed 12160K, reserved 1048576K
2023-05-21T00:11:04.662+0600: 5007536.745: [GC (Allocation Failure) [PSYoungGen: 660557K->10514K(677888K)] 994511K->344501K(1103360K), 0.0127063 secs] [Times: user=0.02 sys=0.00, real=0.01 secs] 
Heap after GC invocations=1125 (full 5):
 PSYoungGen      total 677888K, used 10514K [0x00000000d5580000, 0x00000000fff00000, 0x0000000100000000)
  eden space 658944K, 0% used [0x00000000d5580000,0x00000000d5580000,0x00000000fd900000)
  from space 18944K, 55% used [0x00000000fec80000,0x00000000ff6c4980,0x00000000fff00000)
  to   space 19456K, 0% used [0x00000000fd900000,0x00000000fd900000,0x00000000fec00000)
 ParOldGen       total 425472K, used 333986K [0x0000000080000000, 0x0000000099f80000, 0x00000000d5580000)
  object space 425472K, 78% used [0x0000000080000000,0x0000000094628ad8,0x0000000099f80000)
 Metaspace       used 94027K, capacity 96018K, committed 99456K, reserved 1136640K
  class space    used 11166K, capacity 11519K, committed 12160K, reserved 1048576K
}
{Heap before GC invocations=1126 (full 5):
 PSYoungGen      total 677888K, used 669458K [0x00000000d5580000, 0x00000000fff00000, 0x0000000100000000)
  eden space 658944K, 100% used [0x00000000d5580000,0x00000000fd900000,0x00000000fd900000)
  from space 18944K, 55% used [0x00000000fec80000,0x00000000ff6c4980,0x00000000fff00000)
  to   space 19456K, 0% used [0x00000000fd900000,0x00000000fd900000,0x00000000fec00000)
 ParOldGen       total 425472K, used 333986K [0x0000000080000000, 0x0000000099f80000, 0x00000000d5580000)
  object space 425472K, 78% used [0x0000000080000000,0x0000000094628ad8,0x0000000099f80000)
 Metaspace       used 94027K, capacity 96018K, committed 99456K, reserved 1136640K
  class space    used 11166K, capacity 11519K, committed 12160K, reserved 1048576K
2023-05-21T00:11:07.807+0600: 5007539.890: [GC (Allocation Failure) [PSYoungGen: 669458K->8809K(678400K)] 1003445K->342851K(1103872K), 0.0098500 secs] [Times: user=0.02 sys=0.00, real=0.01 secs] 
Heap after GC invocations=1126 (full 5):
 PSYoungGen      total 678400K, used 8809K [0x00000000d5580000, 0x0000000100000000, 0x0000000100000000)
  eden space 658944K, 0% used [0x00000000d5580000,0x00000000d5580000,0x00000000fd900000)
  from space 19456K, 45% used [0x00000000fd900000,0x00000000fe19a4c8,0x00000000fec00000)
  to   space 19456K, 0% used [0x00000000fed00000,0x00000000fed00000,0x0000000100000000)
 ParOldGen       total 425472K, used 334042K [0x0000000080000000, 0x0000000099f80000, 0x00000000d5580000)
  object space 425472K, 78% used [0x0000000080000000,0x0000000094636ad8,0x0000000099f80000)
 Metaspace       used 94027K, capacity 96018K, committed 99456K, reserved 1136640K
  class space    used 11166K, capacity 11519K, committed 12160K, reserved 1048576K
}
{Heap before GC invocations=1127 (full 5):
 PSYoungGen      total 678400K, used 667638K [0x00000000d5580000, 0x0000000100000000, 0x0000000100000000)
  eden space 658944K, 99% used [0x00000000d5580000,0x00000000fd8e3340,0x00000000fd900000)
  from space 19456K, 45% used [0x00000000fd900000,0x00000000fe19a4c8,0x00000000fec00000)
  to   space 19456K, 0% used [0x00000000fed00000,0x00000000fed00000,0x0000000100000000)
 ParOldGen       total 425472K, used 334042K [0x0000000080000000, 0x0000000099f80000, 0x00000000d5580000)
  object space 425472K, 78% used [0x0000000080000000,0x0000000094636ad8,0x0000000099f80000)
 Metaspace       used 94027K, capacity 96018K, committed 99456K, reserved 1136640K
  class space    used 11166K, capacity 11519K, committed 12160K, reserved 1048576K
2023-05-21T00:11:11.659+0600: 5007543.742: [GC (Allocation Failure) [PSYoungGen: 667638K->14299K(679424K)] 1001680K->348374K(1104896K), 0.0165982 secs] [Times: user=0.03 sys=0.00, real=0.01 secs] 
Heap after GC invocations=1127 (full 5):
 PSYoungGen      total 679424K, used 14299K [0x00000000d5580000, 0x0000000100000000, 0x0000000100000000)
  eden space 659968K, 0% used [0x00000000d5580000,0x00000000d5580000,0x00000000fda00000)
  from space 19456K, 73% used [0x00000000fed00000,0x00000000ffaf6e38,0x0000000100000000)
  to   space 19456K, 0% used [0x00000000fda00000,0x00000000fda00000,0x00000000fed00000)
 ParOldGen       total 425472K, used 334074K [0x0000000080000000, 0x0000000099f80000, 0x00000000d5580000)
  object space 425472K, 78% used [0x0000000080000000,0x000000009463ead8,0x0000000099f80000)
 Metaspace       used 94027K, capacity 96018K, committed 99456K, reserved 1136640K
  class space    used 11166K, capacity 11519K, committed 12160K, reserved 1048576K
}
{Heap before GC invocations=1128 (full 5):
 PSYoungGen      total 679424K, used 674267K [0x00000000d5580000, 0x0000000100000000, 0x0000000100000000)
  eden space 659968K, 100% used [0x00000000d5580000,0x00000000fda00000,0x00000000fda00000)
  from space 19456K, 73% used [0x00000000fed00000,0x00000000ffaf6e38,0x0000000100000000)
  to   space 19456K, 0% used [0x00000000fda00000,0x00000000fda00000,0x00000000fed00000)
 ParOldGen       total 425472K, used 334074K [0x0000000080000000, 0x0000000099f80000, 0x00000000d5580000)
  object space 425472K, 78% used [0x0000000080000000,0x000000009463ead8,0x0000000099f80000)
 Metaspace       used 94027K, capacity 96018K, committed 99456K, reserved 1136640K
  class space    used 11166K, capacity 11519K, committed 12160K, reserved 1048576K
2023-05-21T00:11:14.890+0600: 5007546.973: [GC (Allocation Failure) [PSYoungGen: 674267K->8297K(679424K)] 1008342K->342427K(1104896K), 0.0085424 secs] [Times: user=0.02 sys=0.00, real=0.00 secs] 
Heap after GC invocations=1128 (full 5):
 PSYoungGen      total 679424K, used 8297K [0x00000000d5580000, 0x0000000100000000, 0x0000000100000000)
  eden space 659968K, 0% used [0x00000000d5580000,0x00000000d5580000,0x00000000fda00000)
  from space 19456K, 42% used [0x00000000fda00000,0x00000000fe21a4c8,0x00000000fed00000)
  to   space 19456K, 0% used [0x00000000fed00000,0x00000000fed00000,0x0000000100000000)
 ParOldGen       total 425472K, used 334130K [0x0000000080000000, 0x0000000099f80000, 0x00000000d5580000)
  object space 425472K, 78% used [0x0000000080000000,0x000000009464cad8,0x0000000099f80000)
 Metaspace       used 94027K, capacity 96018K, committed 99456K, reserved 1136640K
  class space    used 11166K, capacity 11519K, committed 12160K, reserved 1048576K
}
{Heap before GC invocations=1129 (full 5):
 PSYoungGen      total 679424K, used 664869K [0x00000000d5580000, 0x0000000100000000, 0x0000000100000000)
  eden space 659968K, 99% used [0x00000000d5580000,0x00000000fd6aef80,0x00000000fda00000)
  from space 19456K, 42% used [0x00000000fda00000,0x00000000fe21a4c8,0x00000000fed00000)
  to   space 19456K, 0% used [0x00000000fed00000,0x00000000fed00000,0x0000000100000000)
 ParOldGen       total 425472K, used 334130K [0x0000000080000000, 0x0000000099f80000, 0x00000000d5580000)
  object space 425472K, 78% used [0x0000000080000000,0x000000009464cad8,0x0000000099f80000)
 Metaspace       used 94027K, capacity 96018K, committed 99456K, reserved 1136640K
  class space    used 11166K, capacity 11519K, committed 12160K, reserved 1048576K
2023-05-21T00:11:18.639+0600: 5007550.722: [GC (Allocation Failure) [PSYoungGen: 664869K->10514K(677376K)] 998999K->344677K(1102848K), 0.0148200 secs] [Times: user=0.03 sys=0.00, real=0.01 secs] 
Heap after GC invocations=1129 (full 5):
 PSYoungGen      total 677376K, used 10514K [0x00000000d5580000, 0x00000000ffe00000, 0x0000000100000000)
  eden space 659968K, 0% used [0x00000000d5580000,0x00000000d5580000,0x00000000fda00000)
  from space 17408K, 60% used [0x00000000fed00000,0x00000000ff744980,0x00000000ffe00000)
  to   space 18432K, 0% used [0x00000000fda00000,0x00000000fda00000,0x00000000fec00000)
 ParOldGen       total 425472K, used 334162K [0x0000000080000000, 0x0000000099f80000, 0x00000000d5580000)
  object space 425472K, 78% used [0x0000000080000000,0x0000000094654ad8,0x0000000099f80000)
 Metaspace       used 94027K, capacity 96018K, committed 99456K, reserved 1136640K
  class space    used 11166K, capacity 11519K, committed 12160K, reserved 1048576K
}
{Heap before GC invocations=1130 (full 5):
 PSYoungGen      total 677376K, used 670482K [0x00000000d5580000, 0x00000000ffe00000, 0x0000000100000000)
  eden space 659968K, 100% used [0x00000000d5580000,0x00000000fda00000,0x00000000fda00000)
  from space 17408K, 60% used [0x00000000fed00000,0x00000000ff744980,0x00000000ffe00000)
  to   space 18432K, 0% used [0x00000000fda00000,0x00000000fda00000,0x00000000fec00000)
 ParOldGen       total 425472K, used 334162K [0x0000000080000000, 0x0000000099f80000, 0x00000000d5580000)
  object space 425472K, 78% used [0x0000000080000000,0x0000000094654ad8,0x0000000099f80000)
 Metaspace       used 94027K, capacity 96018K, committed 99456K, reserved 1136640K
  class space    used 11166K, capacity 11519K, committed 12160K, reserved 1048576K
2023-05-21T00:11:21.944+0600: 5007554.026: [GC (Allocation Failure) [PSYoungGen: 670482K->8329K(678400K)] 1004645K->342547K(1103872K), 0.0139307 secs] [Times: user=0.02 sys=0.00, real=0.01 secs] 
Heap after GC invocations=1130 (full 5):
 PSYoungGen      total 678400K, used 8329K [0x00000000d5580000, 0x0000000100000000, 0x0000000100000000)
  eden space 659968K, 0% used [0x00000000d5580000,0x00000000d5580000,0x00000000fda00000)
  from space 18432K, 45% used [0x00000000fda00000,0x00000000fe2224c8,0x00000000fec00000)
  to   space 18432K, 0% used [0x00000000fee00000,0x00000000fee00000,0x0000000100000000)
 ParOldGen       total 425472K, used 334218K [0x0000000080000000, 0x0000000099f80000, 0x00000000d5580000)
  object space 425472K, 78% used [0x0000000080000000,0x0000000094662ad8,0x0000000099f80000)
 Metaspace       used 94027K, capacity 96018K, committed 99456K, reserved 1136640K
  class space    used 11166K, capacity 11519K, committed 12160K, reserved 1048576K
}
{Heap before GC invocations=1131 (full 5):
 PSYoungGen      total 678400K, used 667707K [0x00000000d5580000, 0x0000000100000000, 0x0000000100000000)
  eden space 659968K, 99% used [0x00000000d5580000,0x00000000fd96c948,0x00000000fda00000)
  from space 18432K, 45% used [0x00000000fda00000,0x00000000fe2224c8,0x00000000fec00000)
  to   space 18432K, 0% used [0x00000000fee00000,0x00000000fee00000,0x0000000100000000)
 ParOldGen       total 425472K, used 334218K [0x0000000080000000, 0x0000000099f80000, 0x00000000d5580000)
  object space 425472K, 78% used [0x0000000080000000,0x0000000094662ad8,0x0000000099f80000)
 Metaspace       used 94027K, capacity 96018K, committed 99456K, reserved 1136640K
  class space    used 11166K, capacity 11519K, committed 12160K, reserved 1048576K
2023-05-21T00:11:25.385+0600: 5007557.468: [GC (Allocation Failure) [PSYoungGen: 667707K->14299K(679424K)] 1001926K->348550K(1104896K), 0.0110919 secs] [Times: user=0.02 sys=0.00, real=0.01 secs] 
Heap after GC invocations=1131 (full 5):
 PSYoungGen      total 679424K, used 14299K [0x00000000d5580000, 0x0000000100000000, 0x0000000100000000)
  eden space 660992K, 0% used [0x00000000d5580000,0x00000000d5580000,0x00000000fdb00000)
  from space 18432K, 77% used [0x00000000fee00000,0x00000000ffbf6e38,0x0000000100000000)
  to   space 18944K, 0% used [0x00000000fdb00000,0x00000000fdb00000,0x00000000fed80000)
 ParOldGen       total 425472K, used 334250K [0x0000000080000000, 0x0000000099f80000, 0x00000000d5580000)
  object space 425472K, 78% used [0x0000000080000000,0x000000009466aad8,0x0000000099f80000)
 Metaspace       used 94027K, capacity 96018K, committed 99456K, reserved 1136640K
  class space    used 11166K, capacity 11519K, committed 12160K, reserved 1048576K
}
{Heap before GC invocations=1132 (full 5):
 PSYoungGen      total 679424K, used 673469K [0x00000000d5580000, 0x0000000100000000, 0x0000000100000000)
  eden space 660992K, 99% used [0x00000000d5580000,0x00000000fd9386e8,0x00000000fdb00000)
  from space 18432K, 77% used [0x00000000fee00000,0x00000000ffbf6e38,0x0000000100000000)
  to   space 18944K, 0% used [0x00000000fdb00000,0x00000000fdb00000,0x00000000fed80000)
 ParOldGen       total 425472K, used 334250K [0x0000000080000000, 0x0000000099f80000, 0x00000000d5580000)
  object space 425472K, 78% used [0x0000000080000000,0x000000009466aad8,0x0000000099f80000)
 Metaspace       used 94027K, capacity 96018K, committed 99456K, reserved 1136640K
  class space    used 11166K, capacity 11519K, committed 12160K, reserved 1048576K
2023-05-21T00:11:28.956+0600: 5007561.038: [GC (Allocation Failure) [PSYoungGen: 673469K->10514K(679936K)] 1007719K->344813K(1105408K), 0.0140822 secs] [Times: user=0.03 sys=0.00, real=0.02 secs] 
Heap after GC invocations=1132 (full 5):
 PSYoungGen      total 679936K, used 10514K [0x00000000d5580000, 0x00000000fff80000, 0x0000000100000000)
  eden space 660992K, 0% used [0x00000000d5580000,0x00000000d5580000,0x00000000fdb00000)
  from space 18944K, 55% used [0x00000000fdb00000,0x00000000fe544980,0x00000000fed80000)
  to   space 18432K, 0% used [0x00000000fed80000,0x00000000fed80000,0x00000000fff80000)
 ParOldGen       total 425472K, used 334298K [0x0000000080000000, 0x0000000099f80000, 0x00000000d5580000)
  object space 425472K, 78% used [0x0000000080000000,0x0000000094676ad8,0x0000000099f80000)
 Metaspace       used 94027K, capacity 96018K, committed 99456K, reserved 1136640K
  class space    used 11166K, capacity 11519K, committed 12160K, reserved 1048576K
}
{Heap before GC invocations=1133 (full 5):
 PSYoungGen      total 679936K, used 668990K [0x00000000d5580000, 0x00000000fff80000, 0x0000000100000000)
  eden space 660992K, 99% used [0x00000000d5580000,0x00000000fd88af98,0x00000000fdb00000)
  from space 18944K, 55% used [0x00000000fdb00000,0x00000000fe544980,0x00000000fed80000)
  to   space 18432K, 0% used [0x00000000fed80000,0x00000000fed80000,0x00000000fff80000)
 ParOldGen       total 425472K, used 334298K [0x0000000080000000, 0x0000000099f80000, 0x00000000d5580000)
  object space 425472K, 78% used [0x0000000080000000,0x0000000094676ad8,0x0000000099f80000)
 Metaspace       used 94027K, capacity 96018K, committed 99456K, reserved 1136640K
  class space    used 11166K, capacity 11519K, committed 12160K, reserved 1048576K
2023-05-21T00:11:32.299+0600: 5007564.382: [GC (Allocation Failure) [PSYoungGen: 668990K->10514K(678912K)] 1003288K->344853K(1104384K), 0.0171211 secs] [Times: user=0.03 sys=0.00, real=0.01 secs] 
Heap after GC invocations=1133 (full 5):
 PSYoungGen      total 678912K, used 10514K [0x00000000d5580000, 0x00000000ffe80000, 0x0000000100000000)
  eden space 661504K, 0% used [0x00000000d5580000,0x00000000d5580000,0x00000000fdb80000)
  from space 17408K, 60% used [0x00000000fed80000,0x00000000ff7c4980,0x00000000ffe80000)
  to   space 17920K, 0% used [0x00000000fdb80000,0x00000000fdb80000,0x00000000fed00000)
 ParOldGen       total 425472K, used 334338K [0x0000000080000000, 0x0000000099f80000, 0x00000000d5580000)
  object space 425472K, 78% used [0x0000000080000000,0x0000000094680ad8,0x0000000099f80000)
 Metaspace       used 94027K, capacity 96018K, committed 99456K, reserved 1136640K
  class space    used 11166K, capacity 11519K, committed 12160K, reserved 1048576K
}
{Heap before GC invocations=1134 (full 5):
 PSYoungGen      total 678912K, used 669355K [0x00000000d5580000, 0x00000000ffe80000, 0x0000000100000000)
  eden space 661504K, 99% used [0x00000000d5580000,0x00000000fd8e6388,0x00000000fdb80000)
  from space 17408K, 60% used [0x00000000fed80000,0x00000000ff7c4980,0x00000000ffe80000)
  to   space 17920K, 0% used [0x00000000fdb80000,0x00000000fdb80000,0x00000000fed00000)
 ParOldGen       total 425472K, used 334338K [0x0000000080000000, 0x0000000099f80000, 0x00000000d5580000)
  object space 425472K, 78% used [0x0000000080000000,0x0000000094680ad8,0x0000000099f80000)
 Metaspace       used 94027K, capacity 96018K, committed 99456K, reserved 1136640K
  class space    used 11166K, capacity 11519K, committed 12160K, reserved 1048576K
2023-05-21T00:11:35.768+0600: 5007567.851: [GC (Allocation Failure) [PSYoungGen: 669355K->14331K(679424K)] 1003693K->348710K(1104896K), 0.0190507 secs] [Times: user=0.03 sys=0.00, real=0.02 secs] 
Heap after GC invocations=1134 (full 5):
 PSYoungGen      total 679424K, used 14331K [0x00000000d5580000, 0x0000000100000000, 0x0000000100000000)
  eden space 661504K, 0% used [0x00000000d5580000,0x00000000d5580000,0x00000000fdb80000)
  from space 17920K, 79% used [0x00000000fdb80000,0x00000000fe97ee38,0x00000000fed00000)
  to   space 18432K, 0% used [0x00000000fee00000,0x00000000fee00000,0x0000000100000000)
 ParOldGen       total 425472K, used 334378K [0x0000000080000000, 0x0000000099f80000, 0x00000000d5580000)
  object space 425472K, 78% used [0x0000000080000000,0x000000009468aad8,0x0000000099f80000)
 Metaspace       used 94027K, capacity 96018K, committed 99456K, reserved 1136640K
  class space    used 11166K, capacity 11519K, committed 12160K, reserved 1048576K
}
{Heap before GC invocations=1135 (full 5):
 PSYoungGen      total 679424K, used 675835K [0x00000000d5580000, 0x0000000100000000, 0x0000000100000000)
  eden space 661504K, 100% used [0x00000000d5580000,0x00000000fdb80000,0x00000000fdb80000)
  from space 17920K, 79% used [0x00000000fdb80000,0x00000000fe97ee38,0x00000000fed00000)
  to   space 18432K, 0% used [0x00000000fee00000,0x00000000fee00000,0x0000000100000000)
 ParOldGen       total 425472K, used 334378K [0x0000000080000000, 0x0000000099f80000, 0x00000000d5580000)
  object space 425472K, 78% used [0x0000000080000000,0x000000009468aad8,0x0000000099f80000)
 Metaspace       used 94027K, capacity 96018K, committed 99456K, reserved 1136640K
  class space    used 11166K, capacity 11519K, committed 12160K, reserved 1048576K
2023-05-21T00:11:38.695+0600: 5007570.778: [GC (Allocation Failure) [PSYoungGen: 675835K->8361K(680448K)] 1010214K->342795K(1105920K), 0.0126662 secs] [Times: user=0.02 sys=0.00, real=0.01 secs] 
Heap after GC invocations=1135 (full 5):
 PSYoungGen      total 680448K, used 8361K [0x00000000d5580000, 0x00000000fff80000, 0x0000000100000000)
  eden space 662528K, 0% used [0x00000000d5580000,0x00000000d5580000,0x00000000fdc80000)
  from space 17920K, 46% used [0x00000000fee00000,0x00000000ff62a4c8,0x00000000fff80000)
  to   space 17920K, 0% used [0x00000000fdc80000,0x00000000fdc80000,0x00000000fee00000)
 ParOldGen       total 425472K, used 334434K [0x0000000080000000, 0x0000000099f80000, 0x00000000d5580000)
  object space 425472K, 78% used [0x0000000080000000,0x0000000094698ad8,0x0000000099f80000)
 Metaspace       used 94027K, capacity 96018K, committed 99456K, reserved 1136640K
  class space    used 11166K, capacity 11519K, committed 12160K, reserved 1048576K
}
{Heap before GC invocations=1136 (full 5):
 PSYoungGen      total 680448K, used 670889K [0x00000000d5580000, 0x00000000fff80000, 0x0000000100000000)
  eden space 662528K, 100% used [0x00000000d5580000,0x00000000fdc80000,0x00000000fdc80000)
  from space 17920K, 46% used [0x00000000fee00000,0x00000000ff62a4c8,0x00000000fff80000)
  to   space 17920K, 0% used [0x00000000fdc80000,0x00000000fdc80000,0x00000000fee00000)
 ParOldGen       total 425472K, used 334434K [0x0000000080000000, 0x0000000099f80000, 0x00000000d5580000)
  object space 425472K, 78% used [0x0000000080000000,0x0000000094698ad8,0x0000000099f80000)
 Metaspace       used 94027K, capacity 96018K, committed 99456K, reserved 1136640K
  class space    used 11166K, capacity 11519K, committed 12160K, reserved 1048576K
2023-05-21T00:11:42.747+0600: 5007574.830: [GC (Allocation Failure) [PSYoungGen: 670889K->11485K(680448K)] 1005323K->345952K(1105920K), 0.0134957 secs] [Times: user=0.02 sys=0.00, real=0.02 secs] 
Heap after GC invocations=1136 (full 5):
 PSYoungGen      total 680448K, used 11485K [0x00000000d5580000, 0x00000000fff00000, 0x0000000100000000)
  eden space 662528K, 0% used [0x00000000d5580000,0x00000000d5580000,0x00000000fdc80000)
  from space 17920K, 64% used [0x00000000fdc80000,0x00000000fe7b7590,0x00000000fee00000)
  to   space 17408K, 0% used [0x00000000fee00000,0x00000000fee00000,0x00000000fff00000)
 ParOldGen       total 425472K, used 334466K [0x0000000080000000, 0x0000000099f80000, 0x00000000d5580000)
  object space 425472K, 78% used [0x0000000080000000,0x00000000946a0ad8,0x0000000099f80000)
 Metaspace       used 94027K, capacity 96018K, committed 99456K, reserved 1136640K
  class space    used 11166K, capacity 11519K, committed 12160K, reserved 1048576K
}
{Heap before GC invocations=1137 (full 5):
 PSYoungGen      total 680448K, used 674013K [0x00000000d5580000, 0x00000000fff00000, 0x0000000100000000)
  eden space 662528K, 100% used [0x00000000d5580000,0x00000000fdc80000,0x00000000fdc80000)
  from space 17920K, 64% used [0x00000000fdc80000,0x00000000fe7b7590,0x00000000fee00000)
  to   space 17408K, 0% used [0x00000000fee00000,0x00000000fee00000,0x00000000fff00000)
 ParOldGen       total 425472K, used 334466K [0x0000000080000000, 0x0000000099f80000, 0x00000000d5580000)
  object space 425472K, 78% used [0x0000000080000000,0x00000000946a0ad8,0x0000000099f80000)
 Metaspace       used 94027K, capacity 96018K, committed 99456K, reserved 1136640K
  class space    used 11166K, capacity 11519K, committed 12160K, reserved 1048576K
2023-05-21T00:11:45.840+0600: 5007577.923: [GC (Allocation Failure) [PSYoungGen: 674013K->8649K(680448K)] 1008480K->343179K(1105920K), 0.0095371 secs] [Times: user=0.02 sys=0.00, real=0.01 secs] 
Heap after GC invocations=1137 (full 5):
 PSYoungGen      total 680448K, used 8649K [0x00000000d5580000, 0x00000000fff80000, 0x0000000100000000)
  eden space 663040K, 0% used [0x00000000d5580000,0x00000000d5580000,0x00000000fdd00000)
  from space 17408K, 49% used [0x00000000fee00000,0x00000000ff6724c8,0x00000000fff00000)
  to   space 17408K, 0% used [0x00000000fdd00000,0x00000000fdd00000,0x00000000fee00000)
 ParOldGen       total 425472K, used 334530K [0x0000000080000000, 0x0000000099f80000, 0x00000000d5580000)
  object space 425472K, 78% used [0x0000000080000000,0x00000000946b0ad8,0x0000000099f80000)
 Metaspace       used 94027K, capacity 96018K, committed 99456K, reserved 1136640K
  class space    used 11166K, capacity 11519K, committed 12160K, reserved 1048576K
}
{Heap before GC invocations=1138 (full 5):
 PSYoungGen      total 680448K, used 670159K [0x00000000d5580000, 0x00000000fff80000, 0x0000000100000000)
  eden space 663040K, 99% used [0x00000000d5580000,0x00000000fdb819e8,0x00000000fdd00000)
  from space 17408K, 49% used [0x00000000fee00000,0x00000000ff6724c8,0x00000000fff00000)
  to   space 17408K, 0% used [0x00000000fdd00000,0x00000000fdd00000,0x00000000fee00000)
 ParOldGen       total 425472K, used 334530K [0x0000000080000000, 0x0000000099f80000, 0x00000000d5580000)
  object space 425472K, 78% used [0x0000000080000000,0x00000000946b0ad8,0x0000000099f80000)
 Metaspace       used 94027K, capacity 96018K, committed 99456K, reserved 1136640K
  class space    used 11166K, capacity 11519K, committed 12160K, reserved 1048576K
2023-05-21T00:11:49.831+0600: 5007581.914: [GC (Allocation Failure) [PSYoungGen: 670159K->10514K(680448K)] 1004690K->345077K(1105920K), 0.0104719 secs] [Times: user=0.02 sys=0.00, real=0.01 secs] 
Heap after GC invocations=1138 (full 5):
 PSYoungGen      total 680448K, used 10514K [0x00000000d5580000, 0x00000000fff00000, 0x0000000100000000)
  eden space 663040K, 0% used [0x00000000d5580000,0x00000000d5580000,0x00000000fdd00000)
  from space 17408K, 60% used [0x00000000fdd00000,0x00000000fe744980,0x00000000fee00000)
  to   space 16896K, 0% used [0x00000000fee80000,0x00000000fee80000,0x00000000fff00000)
 ParOldGen       total 425472K, used 334562K [0x0000000080000000, 0x0000000099f80000, 0x00000000d5580000)
  object space 425472K, 78% used [0x0000000080000000,0x00000000946b8ad8,0x0000000099f80000)
 Metaspace       used 94027K, capacity 96018K, committed 99456K, reserved 1136640K
  class space    used 11166K, capacity 11519K, committed 12160K, reserved 1048576K
}
{Heap before GC invocations=1139 (full 5):
 PSYoungGen      total 680448K, used 673554K [0x00000000d5580000, 0x00000000fff00000, 0x0000000100000000)
  eden space 663040K, 100% used [0x00000000d5580000,0x00000000fdd00000,0x00000000fdd00000)
  from space 17408K, 60% used [0x00000000fdd00000,0x00000000fe744980,0x00000000fee00000)
  to   space 16896K, 0% used [0x00000000fee80000,0x00000000fee80000,0x00000000fff00000)
 ParOldGen       total 425472K, used 334562K [0x0000000080000000, 0x0000000099f80000, 0x00000000d5580000)
  object space 425472K, 78% used [0x0000000080000000,0x00000000946b8ad8,0x0000000099f80000)
 Metaspace       used 94027K, capacity 96018K, committed 99456K, reserved 1136640K
  class space    used 11166K, capacity 11519K, committed 12160K, reserved 1048576K
2023-05-21T00:11:53.043+0600: 5007585.126: [GC (Allocation Failure) [PSYoungGen: 673554K->8361K(680960K)] 1008117K->342987K(1106432K), 0.0102091 secs] [Times: user=0.01 sys=0.00, real=0.01 secs] 
Heap after GC invocations=1139 (full 5):
 PSYoungGen      total 680960K, used 8361K [0x00000000d5580000, 0x00000000fff80000, 0x0000000100000000)
  eden space 664064K, 0% used [0x00000000d5580000,0x00000000d5580000,0x00000000fde00000)
  from space 16896K, 49% used [0x00000000fee80000,0x00000000ff6aa4c8,0x00000000fff00000)
  to   space 16896K, 0% used [0x00000000fde00000,0x00000000fde00000,0x00000000fee80000)
 ParOldGen       total 425472K, used 334626K [0x0000000080000000, 0x0000000099f80000, 0x00000000d5580000)
  object space 425472K, 78% used [0x0000000080000000,0x00000000946c8ad8,0x0000000099f80000)
 Metaspace       used 94027K, capacity 96018K, committed 99456K, reserved 1136640K
  class space    used 11166K, capacity 11519K, committed 12160K, reserved 1048576K
}
{Heap before GC invocations=1140 (full 5):
 PSYoungGen      total 680960K, used 669467K [0x00000000d5580000, 0x00000000fff80000, 0x0000000100000000)
  eden space 664064K, 99% used [0x00000000d5580000,0x00000000fdb1c8f8,0x00000000fde00000)
  from space 16896K, 49% used [0x00000000fee80000,0x00000000ff6aa4c8,0x00000000fff00000)
  to   space 16896K, 0% used [0x00000000fde00000,0x00000000fde00000,0x00000000fee80000)
 ParOldGen       total 425472K, used 334626K [0x0000000080000000, 0x0000000099f80000, 0x00000000d5580000)
  object space 425472K, 78% used [0x0000000080000000,0x00000000946c8ad8,0x0000000099f80000)
 Metaspace       used 94027K, capacity 96018K, committed 99456K, reserved 1136640K
  class space    used 11166K, capacity 11519K, committed 12160K, reserved 1048576K
2023-05-21T00:11:56.790+0600: 5007588.873: [GC (Allocation Failure) [PSYoungGen: 669467K->10514K(680960K)] 1004094K->345173K(1106432K), 0.0106095 secs] [Times: user=0.02 sys=0.00, real=0.01 secs] 
Heap after GC invocations=1140 (full 5):
 PSYoungGen      total 680960K, used 10514K [0x00000000d5580000, 0x00000000fff00000, 0x0000000100000000)
  eden space 664064K, 0% used [0x00000000d5580000,0x00000000d5580000,0x00000000fde00000)
  from space 16896K, 62% used [0x00000000fde00000,0x00000000fe844980,0x00000000fee80000)
  to   space 16384K, 0% used [0x00000000fef00000,0x00000000fef00000,0x00000000fff00000)
 ParOldGen       total 425472K, used 334658K [0x0000000080000000, 0x0000000099f80000, 0x00000000d5580000)
  object space 425472K, 78% used [0x0000000080000000,0x00000000946d0ad8,0x0000000099f80000)
 Metaspace       used 94027K, capacity 96018K, committed 99456K, reserved 1136640K
  class space    used 11166K, capacity 11519K, committed 12160K, reserved 1048576K
}
{Heap before GC invocations=1141 (full 5):
 PSYoungGen      total 680960K, used 674578K [0x00000000d5580000, 0x00000000fff00000, 0x0000000100000000)
  eden space 664064K, 100% used [0x00000000d5580000,0x00000000fde00000,0x00000000fde00000)
  from space 16896K, 62% used [0x00000000fde00000,0x00000000fe844980,0x00000000fee80000)
  to   space 16384K, 0% used [0x00000000fef00000,0x00000000fef00000,0x00000000fff00000)
 ParOldGen       total 425472K, used 334658K [0x0000000080000000, 0x0000000099f80000, 0x00000000d5580000)
  object space 425472K, 78% used [0x0000000080000000,0x00000000946d0ad8,0x0000000099f80000)
 Metaspace       used 94027K, capacity 96018K, committed 99456K, reserved 1136640K
  class space    used 11166K, capacity 11519K, committed 12160K, reserved 1048576K
2023-05-21T00:12:00.159+0600: 5007592.242: [GC (Allocation Failure) [PSYoungGen: 674578K->8969K(681472K)] 1009237K->343667K(1106944K), 0.0101257 secs] [Times: user=0.02 sys=0.00, real=0.01 secs] 
Heap after GC invocations=1141 (full 5):
 PSYoungGen      total 681472K, used 8969K [0x00000000d5580000, 0x00000000ffe80000, 0x0000000100000000)
  eden space 665600K, 0% used [0x00000000d5580000,0x00000000d5580000,0x00000000fdf80000)
  from space 15872K, 56% used [0x00000000fef00000,0x00000000ff7c24c8,0x00000000ffe80000)
  to   space 15872K, 0% used [0x00000000fdf80000,0x00000000fdf80000,0x00000000fef00000)
 ParOldGen       total 425472K, used 334698K [0x0000000080000000, 0x0000000099f80000, 0x00000000d5580000)
  object space 425472K, 78% used [0x0000000080000000,0x00000000946daad8,0x0000000099f80000)
 Metaspace       used 94027K, capacity 96018K, committed 99456K, reserved 1136640K
  class space    used 11166K, capacity 11519K, committed 12160K, reserved 1048576K
}
{Heap before GC invocations=1142 (full 5):
 PSYoungGen      total 681472K, used 672186K [0x00000000d5580000, 0x00000000ffe80000, 0x0000000100000000)
  eden space 665600K, 99% used [0x00000000d5580000,0x00000000fdd2c4e0,0x00000000fdf80000)
  from space 15872K, 56% used [0x00000000fef00000,0x00000000ff7c24c8,0x00000000ffe80000)
  to   space 15872K, 0% used [0x00000000fdf80000,0x00000000fdf80000,0x00000000fef00000)
 ParOldGen       total 425472K, used 334698K [0x0000000080000000, 0x0000000099f80000, 0x00000000d5580000)
  object space 425472K, 78% used [0x0000000080000000,0x00000000946daad8,0x0000000099f80000)
 Metaspace       used 94027K, capacity 96018K, committed 99456K, reserved 1136640K
  class space    used 11166K, capacity 11519K, committed 12160K, reserved 1048576K
2023-05-21T00:12:05.091+0600: 5007597.174: [GC (Allocation Failure) [PSYoungGen: 672186K->14540K(681472K)] 1006885K->349286K(1106944K), 0.0134889 secs] [Times: user=0.03 sys=0.00, real=0.01 secs] 
Heap after GC invocations=1142 (full 5):
 PSYoungGen      total 681472K, used 14540K [0x00000000d5580000, 0x0000000100000000, 0x0000000100000000)
  eden space 665600K, 0% used [0x00000000d5580000,0x00000000d5580000,0x00000000fdf80000)
  from space 15872K, 91% used [0x00000000fdf80000,0x00000000fedb3078,0x00000000fef00000)
  to   space 16896K, 0% used [0x00000000fef80000,0x00000000fef80000,0x0000000100000000)
 ParOldGen       total 425472K, used 334746K [0x0000000080000000, 0x0000000099f80000, 0x00000000d5580000)
  object space 425472K, 78% used [0x0000000080000000,0x00000000946e6ad8,0x0000000099f80000)
 Metaspace       used 94027K, capacity 96018K, committed 99456K, reserved 1136640K
  class space    used 11166K, capacity 11519K, committed 12160K, reserved 1048576K
}
{Heap before GC invocations=1143 (full 5):
 PSYoungGen      total 681472K, used 679152K [0x00000000d5580000, 0x0000000100000000, 0x0000000100000000)
  eden space 665600K, 99% used [0x00000000d5580000,0x00000000fde89298,0x00000000fdf80000)
  from space 15872K, 91% used [0x00000000fdf80000,0x00000000fedb3078,0x00000000fef00000)
  to   space 16896K, 0% used [0x00000000fef80000,0x00000000fef80000,0x0000000100000000)
 ParOldGen       total 425472K, used 334746K [0x0000000080000000, 0x0000000099f80000, 0x00000000d5580000)
  object space 425472K, 78% used [0x0000000080000000,0x00000000946e6ad8,0x0000000099f80000)
 Metaspace       used 94027K, capacity 96018K, committed 99456K, reserved 1136640K
  class space    used 11166K, capacity 11519K, committed 12160K, reserved 1048576K
2023-05-21T00:12:08.718+0600: 5007600.800: [GC (Allocation Failure) [PSYoungGen: 679152K->10771K(682496K)] 1013899K->345558K(1107968K), 0.0131858 secs] [Times: user=0.02 sys=0.00, real=0.02 secs] 
Heap after GC invocations=1143 (full 5):
 PSYoungGen      total 682496K, used 10771K [0x00000000d5580000, 0x0000000100000000, 0x0000000100000000)
  eden space 665600K, 0% used [0x00000000d5580000,0x00000000d5580000,0x00000000fdf80000)
  from space 16896K, 63% used [0x00000000fef80000,0x00000000ffa04e40,0x0000000100000000)
  to   space 16384K, 0% used [0x00000000fdf80000,0x00000000fdf80000,0x00000000fef80000)
 ParOldGen       total 425472K, used 334786K [0x0000000080000000, 0x0000000099f80000, 0x00000000d5580000)
  object space 425472K, 78% used [0x0000000080000000,0x00000000946f0ad8,0x0000000099f80000)
 Metaspace       used 94027K, capacity 96018K, committed 99456K, reserved 1136640K
  class space    used 11166K, capacity 11519K, committed 12160K, reserved 1048576K
}
{Heap before GC invocations=1144 (full 5):
 PSYoungGen      total 682496K, used 676313K [0x00000000d5580000, 0x0000000100000000, 0x0000000100000000)
  eden space 665600K, 99% used [0x00000000d5580000,0x00000000fdf71768,0x00000000fdf80000)
  from space 16896K, 63% used [0x00000000fef80000,0x00000000ffa04e40,0x0000000100000000)
  to   space 16384K, 0% used [0x00000000fdf80000,0x00000000fdf80000,0x00000000fef80000)
 ParOldGen       total 425472K, used 334786K [0x0000000080000000, 0x0000000099f80000, 0x00000000d5580000)
  object space 425472K, 78% used [0x0000000080000000,0x00000000946f0ad8,0x0000000099f80000)
 Metaspace       used 94027K, capacity 96018K, committed 99456K, reserved 1136640K
  class space    used 11166K, capacity 11519K, committed 12160K, reserved 1048576K
2023-05-21T00:12:12.183+0600: 5007604.265: [GC (Allocation Failure) [PSYoungGen: 676313K->10756K(676864K)] 1011100K->345590K(1102336K), 0.0146057 secs] [Times: user=0.02 sys=0.00, real=0.01 secs] 
Heap after GC invocations=1144 (full 5):
 PSYoungGen      total 676864K, used 10756K [0x00000000d5580000, 0x00000000ffe80000, 0x0000000100000000)
  eden space 665600K, 0% used [0x00000000d5580000,0x00000000d5580000,0x00000000fdf80000)
  from space 11264K, 95% used [0x00000000fdf80000,0x00000000fea01020,0x00000000fea80000)
  to   space 15872K, 0% used [0x00000000fef00000,0x00000000fef00000,0x00000000ffe80000)
 ParOldGen       total 425472K, used 334834K [0x0000000080000000, 0x0000000099f80000, 0x00000000d5580000)
  object space 425472K, 78% used [0x0000000080000000,0x00000000946fcad8,0x0000000099f80000)
 Metaspace       used 94027K, capacity 96018K, committed 99456K, reserved 1136640K
  class space    used 11166K, capacity 11519K, committed 12160K, reserved 1048576K
}
{Heap before GC invocations=1145 (full 5):
 PSYoungGen      total 676864K, used 674869K [0x00000000d5580000, 0x00000000ffe80000, 0x0000000100000000)
  eden space 665600K, 99% used [0x00000000d5580000,0x00000000fde0c468,0x00000000fdf80000)
  from space 11264K, 95% used [0x00000000fdf80000,0x00000000fea01020,0x00000000fea80000)
  to   space 15872K, 0% used [0x00000000fef00000,0x00000000fef00000,0x00000000ffe80000)
 ParOldGen       total 425472K, used 334834K [0x0000000080000000, 0x0000000099f80000, 0x00000000d5580000)
  object space 425472K, 78% used [0x0000000080000000,0x00000000946fcad8,0x0000000099f80000)
 Metaspace       used 94027K, capacity 96018K, committed 99456K, reserved 1136640K
  class space    used 11166K, capacity 11519K, committed 12160K, reserved 1048576K
2023-05-21T00:12:15.846+0600: 5007607.929: [GC (Allocation Failure) [PSYoungGen: 674869K->14459K(680448K)] 1009703K->349326K(1105920K), 0.0173923 secs] [Times: user=0.03 sys=0.00, real=0.02 secs] 
Heap after GC invocations=1145 (full 5):
 PSYoungGen      total 680448K, used 14459K [0x00000000d5580000, 0x0000000100000000, 0x0000000100000000)
  eden space 664576K, 0% used [0x00000000d5580000,0x00000000d5580000,0x00000000fde80000)
  from space 15872K, 91% used [0x00000000fef00000,0x00000000ffd1ee48,0x00000000ffe80000)
  to   space 16896K, 0% used [0x00000000fde80000,0x00000000fde80000,0x00000000fef00000)
 ParOldGen       total 425472K, used 334866K [0x0000000080000000, 0x0000000099f80000, 0x00000000d5580000)
  object space 425472K, 78% used [0x0000000080000000,0x0000000094704ad8,0x0000000099f80000)
 Metaspace       used 94027K, capacity 96018K, committed 99456K, reserved 1136640K
  class space    used 11166K, capacity 11519K, committed 12160K, reserved 1048576K
}
{Heap before GC invocations=1146 (full 5):
