Java HotSpot(TM) 64-Bit Server VM (25.161-b12) for linux-amd64 JRE (1.8.0_161-b12), built on Dec 19 2017 16:12:43 by "java_re" with gcc 4.3.0 20080428 (Red Hat 4.3.0-8)
Memory: 4k page, physical 49294204k(32827472k free), swap 73400316k(73400316k free)
CommandLine flags: -XX:+HeapDumpOnOutOfMemoryError -XX:HeapDumpPath=/home/knotify/gclogs/KPP-knotify-java_pid.hprof -XX:InitialHeapSize=268435456 -XX:MaxHeapSize=2147483648 -XX:NewRatio=2 -XX:ParallelGCThreads=2 -XX:+PrintGC -XX:+PrintGCDateStamps -XX:+PrintGCDetails -XX:+PrintGCTimeStamps -XX:+PrintHeapAtGC -XX:SurvivorRatio=8 -XX:+UseCompressedClassPointers -XX:+UseCompressedOops -XX:-UseConcMarkSweepGC -XX:+UseParallelGC 
{Heap before GC invocations=1 (full 0):
 PSYoungGen      total 78336K, used 69632K [0x00000000d5580000, 0x00000000daa80000, 0x0000000100000000)
  eden space 69632K, 100% used [0x00000000d5580000,0x00000000d9980000,0x00000000d9980000)
  from space 8704K, 0% used [0x00000000da200000,0x00000000da200000,0x00000000daa80000)
  to   space 8704K, 0% used [0x00000000d9980000,0x00000000d9980000,0x00000000da200000)
 ParOldGen       total 175104K, used 0K [0x0000000080000000, 0x000000008ab00000, 0x00000000d5580000)
  object space 175104K, 0% used [0x0000000080000000,0x0000000080000000,0x000000008ab00000)
 Metaspace       used 6908K, capacity 7100K, committed 7296K, reserved 1056768K
  class space    used 796K, capacity 856K, committed 896K, reserved 1048576K
2023-09-12T10:45:27.229+0600: 0.940: [GC (Allocation Failure) [PSYoungGen: 69632K->3126K(78336K)] 69632K->3126K(253440K), 0.0049157 secs] [Times: user=0.01 sys=0.00, real=0.00 secs] 
Heap after GC invocations=1 (full 0):
 PSYoungGen      total 78336K, used 3126K [0x00000000d5580000, 0x00000000daa80000, 0x0000000100000000)
  eden space 69632K, 0% used [0x00000000d5580000,0x00000000d5580000,0x00000000d9980000)
  from space 8704K, 35% used [0x00000000d9980000,0x00000000d9c8da58,0x00000000da200000)
  to   space 8704K, 0% used [0x00000000da200000,0x00000000da200000,0x00000000daa80000)
 ParOldGen       total 175104K, used 0K [0x0000000080000000, 0x000000008ab00000, 0x00000000d5580000)
  object space 175104K, 0% used [0x0000000080000000,0x0000000080000000,0x000000008ab00000)
 Metaspace       used 6908K, capacity 7100K, committed 7296K, reserved 1056768K
  class space    used 796K, capacity 856K, committed 896K, reserved 1048576K
}
{Heap before GC invocations=2 (full 0):
 PSYoungGen      total 78336K, used 72758K [0x00000000d5580000, 0x00000000daa80000, 0x0000000100000000)
  eden space 69632K, 100% used [0x00000000d5580000,0x00000000d9980000,0x00000000d9980000)
  from space 8704K, 35% used [0x00000000d9980000,0x00000000d9c8da58,0x00000000da200000)
  to   space 8704K, 0% used [0x00000000da200000,0x00000000da200000,0x00000000daa80000)
 ParOldGen       total 175104K, used 0K [0x0000000080000000, 0x000000008ab00000, 0x00000000d5580000)
  object space 175104K, 0% used [0x0000000080000000,0x0000000080000000,0x000000008ab00000)
 Metaspace       used 7846K, capacity 8060K, committed 8192K, reserved 1056768K
  class space    used 924K, capacity 984K, committed 1024K, reserved 1048576K
2023-09-12T10:45:28.028+0600: 1.739: [GC (Allocation Failure) [PSYoungGen: 72758K->8069K(78336K)] 72758K->8069K(253440K), 0.0154841 secs] [Times: user=0.02 sys=0.01, real=0.01 secs] 
Heap after GC invocations=2 (full 0):
 PSYoungGen      total 78336K, used 8069K [0x00000000d5580000, 0x00000000dee80000, 0x0000000100000000)
  eden space 69632K, 0% used [0x00000000d5580000,0x00000000d5580000,0x00000000d9980000)
  from space 8704K, 92% used [0x00000000da200000,0x00000000da9e17c0,0x00000000daa80000)
  to   space 8704K, 0% used [0x00000000d9980000,0x00000000d9980000,0x00000000da200000)
 ParOldGen       total 175104K, used 0K [0x0000000080000000, 0x000000008ab00000, 0x00000000d5580000)
  object space 175104K, 0% used [0x0000000080000000,0x0000000080000000,0x000000008ab00000)
 Metaspace       used 7846K, capacity 8060K, committed 8192K, reserved 1056768K
  class space    used 924K, capacity 984K, committed 1024K, reserved 1048576K
}
{Heap before GC invocations=3 (full 0):
 PSYoungGen      total 78336K, used 77701K [0x00000000d5580000, 0x00000000dee80000, 0x0000000100000000)
  eden space 69632K, 100% used [0x00000000d5580000,0x00000000d9980000,0x00000000d9980000)
  from space 8704K, 92% used [0x00000000da200000,0x00000000da9e17c0,0x00000000daa80000)
  to   space 8704K, 0% used [0x00000000d9980000,0x00000000d9980000,0x00000000da200000)
 ParOldGen       total 175104K, used 0K [0x0000000080000000, 0x000000008ab00000, 0x00000000d5580000)
  object space 175104K, 0% used [0x0000000080000000,0x0000000080000000,0x000000008ab00000)
 Metaspace       used 7870K, capacity 8060K, committed 8192K, reserved 1056768K
  class space    used 927K, capacity 984K, committed 1024K, reserved 1048576K
2023-09-12T10:45:28.137+0600: 1.847: [GC (Allocation Failure) [PSYoungGen: 77701K->7925K(78336K)] 77701K->7925K(253440K), 0.0086530 secs] [Times: user=0.02 sys=0.01, real=0.00 secs] 
Heap after GC invocations=3 (full 0):
 PSYoungGen      total 78336K, used 7925K [0x00000000d5580000, 0x00000000dee80000, 0x0000000100000000)
  eden space 69632K, 0% used [0x00000000d5580000,0x00000000d5580000,0x00000000d9980000)
  from space 8704K, 91% used [0x00000000d9980000,0x00000000da13d778,0x00000000da200000)
  to   space 8704K, 0% used [0x00000000de600000,0x00000000de600000,0x00000000dee80000)
 ParOldGen       total 175104K, used 0K [0x0000000080000000, 0x000000008ab00000, 0x00000000d5580000)
  object space 175104K, 0% used [0x0000000080000000,0x0000000080000000,0x000000008ab00000)
 Metaspace       used 7870K, capacity 8060K, committed 8192K, reserved 1056768K
  class space    used 927K, capacity 984K, committed 1024K, reserved 1048576K
}
{Heap before GC invocations=4 (full 0):
 PSYoungGen      total 78336K, used 77557K [0x00000000d5580000, 0x00000000dee80000, 0x0000000100000000)
  eden space 69632K, 100% used [0x00000000d5580000,0x00000000d9980000,0x00000000d9980000)
  from space 8704K, 91% used [0x00000000d9980000,0x00000000da13d778,0x00000000da200000)
  to   space 8704K, 0% used [0x00000000de600000,0x00000000de600000,0x00000000dee80000)
 ParOldGen       total 175104K, used 0K [0x0000000080000000, 0x000000008ab00000, 0x00000000d5580000)
  object space 175104K, 0% used [0x0000000080000000,0x0000000080000000,0x000000008ab00000)
 Metaspace       used 7872K, capacity 8060K, committed 8192K, reserved 1056768K
  class space    used 927K, capacity 984K, committed 1024K, reserved 1048576K
2023-09-12T10:45:28.183+0600: 1.894: [GC (Allocation Failure) [PSYoungGen: 77557K->7813K(147968K)] 77557K->7885K(323072K), 0.0115747 secs] [Times: user=0.01 sys=0.00, real=0.01 secs] 
Heap after GC invocations=4 (full 0):
 PSYoungGen      total 147968K, used 7813K [0x00000000d5580000, 0x00000000dee80000, 0x0000000100000000)
  eden space 139264K, 0% used [0x00000000d5580000,0x00000000d5580000,0x00000000ddd80000)
  from space 8704K, 89% used [0x00000000de600000,0x00000000deda1758,0x00000000dee80000)
  to   space 8704K, 0% used [0x00000000ddd80000,0x00000000ddd80000,0x00000000de600000)
 ParOldGen       total 175104K, used 72K [0x0000000080000000, 0x000000008ab00000, 0x00000000d5580000)
  object space 175104K, 0% used [0x0000000080000000,0x0000000080012010,0x000000008ab00000)
 Metaspace       used 7872K, capacity 8060K, committed 8192K, reserved 1056768K
  class space    used 927K, capacity 984K, committed 1024K, reserved 1048576K
}
{Heap before GC invocations=5 (full 0):
 PSYoungGen      total 147968K, used 147077K [0x00000000d5580000, 0x00000000dee80000, 0x0000000100000000)
  eden space 139264K, 100% used [0x00000000d5580000,0x00000000ddd80000,0x00000000ddd80000)
  from space 8704K, 89% used [0x00000000de600000,0x00000000deda1758,0x00000000dee80000)
  to   space 8704K, 0% used [0x00000000ddd80000,0x00000000ddd80000,0x00000000de600000)
 ParOldGen       total 175104K, used 72K [0x0000000080000000, 0x000000008ab00000, 0x00000000d5580000)
  object space 175104K, 0% used [0x0000000080000000,0x0000000080012010,0x000000008ab00000)
 Metaspace       used 12414K, capacity 12590K, committed 12800K, reserved 1060864K
  class space    used 1464K, capacity 1531K, committed 1536K, reserved 1048576K
2023-09-12T10:45:28.777+0600: 2.487: [GC (Allocation Failure) [PSYoungGen: 147077K->6980K(147968K)] 147149K->7052K(323072K), 0.0075848 secs] [Times: user=0.01 sys=0.00, real=0.00 secs] 
Heap after GC invocations=5 (full 0):
 PSYoungGen      total 147968K, used 6980K [0x00000000d5580000, 0x00000000e7980000, 0x0000000100000000)
  eden space 139264K, 0% used [0x00000000d5580000,0x00000000d5580000,0x00000000ddd80000)
  from space 8704K, 80% used [0x00000000ddd80000,0x00000000de451380,0x00000000de600000)
  to   space 10240K, 0% used [0x00000000e6f80000,0x00000000e6f80000,0x00000000e7980000)
 ParOldGen       total 175104K, used 72K [0x0000000080000000, 0x000000008ab00000, 0x00000000d5580000)
  object space 175104K, 0% used [0x0000000080000000,0x0000000080012010,0x000000008ab00000)
 Metaspace       used 12414K, capacity 12590K, committed 12800K, reserved 1060864K
  class space    used 1464K, capacity 1531K, committed 1536K, reserved 1048576K
}
{Heap before GC invocations=6 (full 0):
 PSYoungGen      total 147968K, used 146244K [0x00000000d5580000, 0x00000000e7980000, 0x0000000100000000)
  eden space 139264K, 100% used [0x00000000d5580000,0x00000000ddd80000,0x00000000ddd80000)
  from space 8704K, 80% used [0x00000000ddd80000,0x00000000de451380,0x00000000de600000)
  to   space 10240K, 0% used [0x00000000e6f80000,0x00000000e6f80000,0x00000000e7980000)
 ParOldGen       total 175104K, used 72K [0x0000000080000000, 0x000000008ab00000, 0x00000000d5580000)
  object space 175104K, 0% used [0x0000000080000000,0x0000000080012010,0x000000008ab00000)
 Metaspace       used 13003K, capacity 13230K, committed 13440K, reserved 1060864K
  class space    used 1539K, capacity 1595K, committed 1664K, reserved 1048576K
2023-09-12T10:45:29.046+0600: 2.757: [GC (Allocation Failure) [PSYoungGen: 146244K->9125K(287744K)] 146316K->9197K(462848K), 0.0118259 secs] [Times: user=0.02 sys=0.01, real=0.01 secs] 
Heap after GC invocations=6 (full 0):
 PSYoungGen      total 287744K, used 9125K [0x00000000d5580000, 0x00000000e7b80000, 0x0000000100000000)
  eden space 277504K, 0% used [0x00000000d5580000,0x00000000d5580000,0x00000000e6480000)
  from space 10240K, 89% used [0x00000000e6f80000,0x00000000e7869528,0x00000000e7980000)
  to   space 11264K, 0% used [0x00000000e6480000,0x00000000e6480000,0x00000000e6f80000)
 ParOldGen       total 175104K, used 72K [0x0000000080000000, 0x000000008ab00000, 0x00000000d5580000)
  object space 175104K, 0% used [0x0000000080000000,0x0000000080012010,0x000000008ab00000)
 Metaspace       used 13003K, capacity 13230K, committed 13440K, reserved 1060864K
  class space    used 1539K, capacity 1595K, committed 1664K, reserved 1048576K
}
{Heap before GC invocations=7 (full 0):
 PSYoungGen      total 287744K, used 286629K [0x00000000d5580000, 0x00000000e7b80000, 0x0000000100000000)
  eden space 277504K, 100% used [0x00000000d5580000,0x00000000e6480000,0x00000000e6480000)
  from space 10240K, 89% used [0x00000000e6f80000,0x00000000e7869528,0x00000000e7980000)
  to   space 11264K, 0% used [0x00000000e6480000,0x00000000e6480000,0x00000000e6f80000)
 ParOldGen       total 175104K, used 72K [0x0000000080000000, 0x000000008ab00000, 0x00000000d5580000)
  object space 175104K, 0% used [0x0000000080000000,0x0000000080012010,0x000000008ab00000)
 Metaspace       used 19484K, capacity 19896K, committed 20224K, reserved 1067008K
  class space    used 2389K, capacity 2483K, committed 2560K, reserved 1048576K
2023-09-12T10:45:29.605+0600: 3.316: [GC (Allocation Failure) [PSYoungGen: 286629K->11256K(288768K)] 286701K->13813K(463872K), 0.0165444 secs] [Times: user=0.04 sys=0.00, real=0.02 secs] 
Heap after GC invocations=7 (full 0):
 PSYoungGen      total 288768K, used 11256K [0x00000000d5580000, 0x00000000f8e80000, 0x0000000100000000)
  eden space 277504K, 0% used [0x00000000d5580000,0x00000000d5580000,0x00000000e6480000)
  from space 11264K, 99% used [0x00000000e6480000,0x00000000e6f7e0f0,0x00000000e6f80000)
  to   space 13824K, 0% used [0x00000000f8100000,0x00000000f8100000,0x00000000f8e80000)
 ParOldGen       total 175104K, used 2557K [0x0000000080000000, 0x000000008ab00000, 0x00000000d5580000)
  object space 175104K, 1% used [0x0000000080000000,0x000000008027f408,0x000000008ab00000)
 Metaspace       used 19484K, capacity 19896K, committed 20224K, reserved 1067008K
  class space    used 2389K, capacity 2483K, committed 2560K, reserved 1048576K
}
{Heap before GC invocations=8 (full 0):
 PSYoungGen      total 288768K, used 288760K [0x00000000d5580000, 0x00000000f8e80000, 0x0000000100000000)
  eden space 277504K, 100% used [0x00000000d5580000,0x00000000e6480000,0x00000000e6480000)
  from space 11264K, 99% used [0x00000000e6480000,0x00000000e6f7e0f0,0x00000000e6f80000)
  to   space 13824K, 0% used [0x00000000f8100000,0x00000000f8100000,0x00000000f8e80000)
 ParOldGen       total 175104K, used 2557K [0x0000000080000000, 0x000000008ab00000, 0x00000000d5580000)
  object space 175104K, 1% used [0x0000000080000000,0x000000008027f408,0x000000008ab00000)
 Metaspace       used 19971K, capacity 20362K, committed 20480K, reserved 1067008K
  class space    used 2453K, capacity 2550K, committed 2560K, reserved 1048576K
2023-09-12T10:45:30.158+0600: 3.869: [GC (Allocation Failure) [PSYoungGen: 288760K->13816K(566272K)] 291317K->17739K(741376K), 0.0229435 secs] [Times: user=0.05 sys=0.01, real=0.02 secs] 
Heap after GC invocations=8 (full 0):
 PSYoungGen      total 566272K, used 13816K [0x00000000d5580000, 0x00000000f9380000, 0x0000000100000000)
  eden space 552448K, 0% used [0x00000000d5580000,0x00000000d5580000,0x00000000f7100000)
  from space 13824K, 99% used [0x00000000f8100000,0x00000000f8e7e158,0x00000000f8e80000)
  to   space 16384K, 0% used [0x00000000f7100000,0x00000000f7100000,0x00000000f8100000)
 ParOldGen       total 175104K, used 3923K [0x0000000080000000, 0x000000008ab00000, 0x00000000d5580000)
  object space 175104K, 2% used [0x0000000080000000,0x00000000803d4c10,0x000000008ab00000)
 Metaspace       used 19971K, capacity 20362K, committed 20480K, reserved 1067008K
  class space    used 2453K, capacity 2550K, committed 2560K, reserved 1048576K
}
{Heap before GC invocations=9 (full 0):
 PSYoungGen      total 566272K, used 127066K [0x00000000d5580000, 0x00000000f9380000, 0x0000000100000000)
  eden space 552448K, 20% used [0x00000000d5580000,0x00000000dc418910,0x00000000f7100000)
  from space 13824K, 99% used [0x00000000f8100000,0x00000000f8e7e158,0x00000000f8e80000)
  to   space 16384K, 0% used [0x00000000f7100000,0x00000000f7100000,0x00000000f8100000)
 ParOldGen       total 175104K, used 3923K [0x0000000080000000, 0x000000008ab00000, 0x00000000d5580000)
  object space 175104K, 2% used [0x0000000080000000,0x00000000803d4c10,0x000000008ab00000)
 Metaspace       used 20876K, capacity 21200K, committed 21296K, reserved 1069056K
  class space    used 2583K, capacity 2679K, committed 2688K, reserved 1048576K
2023-09-12T10:45:30.454+0600: 4.165: [GC (Metadata GC Threshold) [PSYoungGen: 127066K->11545K(568832K)] 130989K->16452K(743936K), 0.0197800 secs] [Times: user=0.05 sys=0.01, real=0.02 secs] 
Heap after GC invocations=9 (full 0):
 PSYoungGen      total 568832K, used 11545K [0x00000000d5580000, 0x0000000100000000, 0x0000000100000000)
  eden space 552448K, 0% used [0x00000000d5580000,0x00000000d5580000,0x00000000f7100000)
  from space 16384K, 70% used [0x00000000f7100000,0x00000000f7c465b8,0x00000000f8100000)
  to   space 16384K, 0% used [0x00000000ff000000,0x00000000ff000000,0x0000000100000000)
 ParOldGen       total 175104K, used 4907K [0x0000000080000000, 0x000000008ab00000, 0x00000000d5580000)
  object space 175104K, 2% used [0x0000000080000000,0x00000000804cac20,0x000000008ab00000)
 Metaspace       used 20876K, capacity 21200K, committed 21296K, reserved 1069056K
  class space    used 2583K, capacity 2679K, committed 2688K, reserved 1048576K
}
{Heap before GC invocations=10 (full 1):
 PSYoungGen      total 568832K, used 11545K [0x00000000d5580000, 0x0000000100000000, 0x0000000100000000)
  eden space 552448K, 0% used [0x00000000d5580000,0x00000000d5580000,0x00000000f7100000)
  from space 16384K, 70% used [0x00000000f7100000,0x00000000f7c465b8,0x00000000f8100000)
  to   space 16384K, 0% used [0x00000000ff000000,0x00000000ff000000,0x0000000100000000)
 ParOldGen       total 175104K, used 4907K [0x0000000080000000, 0x000000008ab00000, 0x00000000d5580000)
  object space 175104K, 2% used [0x0000000080000000,0x00000000804cac20,0x000000008ab00000)
 Metaspace       used 20876K, capacity 21200K, committed 21296K, reserved 1069056K
  class space    used 2583K, capacity 2679K, committed 2688K, reserved 1048576K
2023-09-12T10:45:30.474+0600: 4.185: [Full GC (Metadata GC Threshold) [PSYoungGen: 11545K->0K(568832K)] [ParOldGen: 4907K->14755K(175104K)] 16452K->14755K(743936K), [Metaspace: 20876K->20876K(1069056K)], 0.0683248 secs] [Times: user=0.18 sys=0.01, real=0.07 secs] 
Heap after GC invocations=10 (full 1):
 PSYoungGen      total 568832K, used 0K [0x00000000d5580000, 0x0000000100000000, 0x0000000100000000)
  eden space 552448K, 0% used [0x00000000d5580000,0x00000000d5580000,0x00000000f7100000)
  from space 16384K, 0% used [0x00000000f7100000,0x00000000f7100000,0x00000000f8100000)
  to   space 16384K, 0% used [0x00000000ff000000,0x00000000ff000000,0x0000000100000000)
 ParOldGen       total 175104K, used 14755K [0x0000000080000000, 0x000000008ab00000, 0x00000000d5580000)
  object space 175104K, 8% used [0x0000000080000000,0x0000000080e68e30,0x000000008ab00000)
 Metaspace       used 20876K, capacity 21200K, committed 21296K, reserved 1069056K
  class space    used 2583K, capacity 2679K, committed 2688K, reserved 1048576K
}
{Heap before GC invocations=11 (full 1):
 PSYoungGen      total 568832K, used 552448K [0x00000000d5580000, 0x0000000100000000, 0x0000000100000000)
  eden space 552448K, 100% used [0x00000000d5580000,0x00000000f7100000,0x00000000f7100000)
  from space 16384K, 0% used [0x00000000f7100000,0x00000000f7100000,0x00000000f8100000)
  to   space 16384K, 0% used [0x00000000ff000000,0x00000000ff000000,0x0000000100000000)
 ParOldGen       total 175104K, used 14755K [0x0000000080000000, 0x000000008ab00000, 0x00000000d5580000)
  object space 175104K, 8% used [0x0000000080000000,0x0000000080e68e30,0x000000008ab00000)
 Metaspace       used 24503K, capacity 24890K, committed 24960K, reserved 1071104K
  class space    used 3081K, capacity 3198K, committed 3200K, reserved 1048576K
2023-09-12T10:45:31.640+0600: 5.351: [GC (Allocation Failure) [PSYoungGen: 552448K->12002K(681472K)] 567203K->26766K(856576K), 0.0251587 secs] [Times: user=0.05 sys=0.01, real=0.02 secs] 
Heap after GC invocations=11 (full 1):
 PSYoungGen      total 681472K, used 12002K [0x00000000d5580000, 0x0000000100000000, 0x0000000100000000)
  eden space 665088K, 0% used [0x00000000d5580000,0x00000000d5580000,0x00000000fdf00000)
  from space 16384K, 73% used [0x00000000ff000000,0x00000000ffbb8b00,0x0000000100000000)
  to   space 16896K, 0% used [0x00000000fdf00000,0x00000000fdf00000,0x00000000fef80000)
 ParOldGen       total 175104K, used 14763K [0x0000000080000000, 0x000000008ab00000, 0x00000000d5580000)
  object space 175104K, 8% used [0x0000000080000000,0x0000000080e6ae30,0x000000008ab00000)
 Metaspace       used 24503K, capacity 24890K, committed 24960K, reserved 1071104K
  class space    used 3081K, capacity 3198K, committed 3200K, reserved 1048576K
}
{Heap before GC invocations=12 (full 1):
 PSYoungGen      total 681472K, used 677090K [0x00000000d5580000, 0x0000000100000000, 0x0000000100000000)
  eden space 665088K, 100% used [0x00000000d5580000,0x00000000fdf00000,0x00000000fdf00000)
  from space 16384K, 73% used [0x00000000ff000000,0x00000000ffbb8b00,0x0000000100000000)
  to   space 16896K, 0% used [0x00000000fdf00000,0x00000000fdf00000,0x00000000fef80000)
 ParOldGen       total 175104K, used 14763K [0x0000000080000000, 0x000000008ab00000, 0x00000000d5580000)
  object space 175104K, 8% used [0x0000000080000000,0x0000000080e6ae30,0x000000008ab00000)
 Metaspace       used 32411K, capacity 32912K, committed 33280K, reserved 1079296K
  class space    used 4138K, capacity 4277K, committed 4352K, reserved 1048576K
2023-09-12T10:45:33.540+0600: 7.250: [GC (Allocation Failure) [PSYoungGen: 677090K->15804K(680960K)] 691854K->33336K(856064K), 0.0278519 secs] [Times: user=0.06 sys=0.01, real=0.03 secs] 
Heap after GC invocations=12 (full 1):
 PSYoungGen      total 680960K, used 15804K [0x00000000d5580000, 0x0000000100000000, 0x0000000100000000)
  eden space 665088K, 0% used [0x00000000d5580000,0x00000000d5580000,0x00000000fdf00000)
  from space 15872K, 99% used [0x00000000fdf00000,0x00000000fee6f100,0x00000000fee80000)
  to   space 17920K, 0% used [0x00000000fee80000,0x00000000fee80000,0x0000000100000000)
 ParOldGen       total 175104K, used 17531K [0x0000000080000000, 0x000000008ab00000, 0x00000000d5580000)
  object space 175104K, 10% used [0x0000000080000000,0x000000008111ef00,0x000000008ab00000)
 Metaspace       used 32411K, capacity 32912K, committed 33280K, reserved 1079296K
  class space    used 4138K, capacity 4277K, committed 4352K, reserved 1048576K
}
{Heap before GC invocations=13 (full 1):
 PSYoungGen      total 680960K, used 203866K [0x00000000d5580000, 0x0000000100000000, 0x0000000100000000)
  eden space 665088K, 28% used [0x00000000d5580000,0x00000000e0d27850,0x00000000fdf00000)
  from space 15872K, 99% used [0x00000000fdf00000,0x00000000fee6f100,0x00000000fee80000)
  to   space 17920K, 0% used [0x00000000fee80000,0x00000000fee80000,0x0000000100000000)
 ParOldGen       total 175104K, used 17531K [0x0000000080000000, 0x000000008ab00000, 0x00000000d5580000)
  object space 175104K, 10% used [0x0000000080000000,0x000000008111ef00,0x000000008ab00000)
 Metaspace       used 34814K, capacity 35316K, committed 35496K, reserved 1081344K
  class space    used 4452K, capacity 4577K, committed 4608K, reserved 1048576K
2023-09-12T10:45:33.962+0600: 7.673: [GC (Metadata GC Threshold) [PSYoungGen: 203866K->6932K(679936K)] 221398K->29696K(855040K), 0.0180560 secs] [Times: user=0.05 sys=0.01, real=0.02 secs] 
Heap after GC invocations=13 (full 1):
 PSYoungGen      total 679936K, used 6932K [0x00000000d5580000, 0x0000000100000000, 0x0000000100000000)
  eden space 662016K, 0% used [0x00000000d5580000,0x00000000d5580000,0x00000000fdc00000)
  from space 17920K, 38% used [0x00000000fee80000,0x00000000ff545358,0x0000000100000000)
  to   space 18432K, 0% used [0x00000000fdc00000,0x00000000fdc00000,0x00000000fee00000)
 ParOldGen       total 175104K, used 22763K [0x0000000080000000, 0x000000008ab00000, 0x00000000d5580000)
  object space 175104K, 13% used [0x0000000080000000,0x000000008163af50,0x000000008ab00000)
 Metaspace       used 34814K, capacity 35316K, committed 35496K, reserved 1081344K
  class space    used 4452K, capacity 4577K, committed 4608K, reserved 1048576K
}
{Heap before GC invocations=14 (full 2):
 PSYoungGen      total 679936K, used 6932K [0x00000000d5580000, 0x0000000100000000, 0x0000000100000000)
  eden space 662016K, 0% used [0x00000000d5580000,0x00000000d5580000,0x00000000fdc00000)
  from space 17920K, 38% used [0x00000000fee80000,0x00000000ff545358,0x0000000100000000)
  to   space 18432K, 0% used [0x00000000fdc00000,0x00000000fdc00000,0x00000000fee00000)
 ParOldGen       total 175104K, used 22763K [0x0000000080000000, 0x000000008ab00000, 0x00000000d5580000)
  object space 175104K, 13% used [0x0000000080000000,0x000000008163af50,0x000000008ab00000)
 Metaspace       used 34814K, capacity 35316K, committed 35496K, reserved 1081344K
  class space    used 4452K, capacity 4577K, committed 4608K, reserved 1048576K
2023-09-12T10:45:33.980+0600: 7.691: [Full GC (Metadata GC Threshold) [PSYoungGen: 6932K->0K(679936K)] [ParOldGen: 22763K->27471K(175104K)] 29696K->27471K(855040K), [Metaspace: 34814K->34814K(1081344K)], 0.1502829 secs] [Times: user=0.28 sys=0.00, real=0.15 secs] 
Heap after GC invocations=14 (full 2):
 PSYoungGen      total 679936K, used 0K [0x00000000d5580000, 0x0000000100000000, 0x0000000100000000)
  eden space 662016K, 0% used [0x00000000d5580000,0x00000000d5580000,0x00000000fdc00000)
  from space 17920K, 0% used [0x00000000fee80000,0x00000000fee80000,0x0000000100000000)
  to   space 18432K, 0% used [0x00000000fdc00000,0x00000000fdc00000,0x00000000fee00000)
 ParOldGen       total 175104K, used 27471K [0x0000000080000000, 0x000000008ab00000, 0x00000000d5580000)
  object space 175104K, 15% used [0x0000000080000000,0x0000000081ad3eb0,0x000000008ab00000)
 Metaspace       used 34814K, capacity 35316K, committed 35496K, reserved 1081344K
  class space    used 4452K, capacity 4577K, committed 4608K, reserved 1048576K
}
{Heap before GC invocations=15 (full 2):
 PSYoungGen      total 679936K, used 662016K [0x00000000d5580000, 0x0000000100000000, 0x0000000100000000)
  eden space 662016K, 100% used [0x00000000d5580000,0x00000000fdc00000,0x00000000fdc00000)
  from space 17920K, 0% used [0x00000000fee80000,0x00000000fee80000,0x0000000100000000)
  to   space 18432K, 0% used [0x00000000fdc00000,0x00000000fdc00000,0x00000000fee00000)
 ParOldGen       total 175104K, used 27471K [0x0000000080000000, 0x000000008ab00000, 0x00000000d5580000)
  object space 175104K, 15% used [0x0000000080000000,0x0000000081ad3eb0,0x000000008ab00000)
 Metaspace       used 40135K, capacity 40802K, committed 41216K, reserved 1085440K
  class space    used 5120K, capacity 5305K, committed 5376K, reserved 1048576K
2023-09-12T10:45:35.465+0600: 9.176: [GC (Allocation Failure) [PSYoungGen: 662016K->17281K(679424K)] 689487K->44761K(854528K), 0.0202961 secs] [Times: user=0.09 sys=0.00, real=0.02 secs] 
Heap after GC invocations=15 (full 2):
 PSYoungGen      total 679424K, used 17281K [0x00000000d5580000, 0x0000000100000000, 0x0000000100000000)
  eden space 662016K, 0% used [0x00000000d5580000,0x00000000d5580000,0x00000000fdc00000)
  from space 17408K, 99% used [0x00000000fdc00000,0x00000000fece0648,0x00000000fed00000)
  to   space 19456K, 0% used [0x00000000fed00000,0x00000000fed00000,0x0000000100000000)
 ParOldGen       total 175104K, used 27479K [0x0000000080000000, 0x000000008ab00000, 0x00000000d5580000)
  object space 175104K, 15% used [0x0000000080000000,0x0000000081ad5eb0,0x000000008ab00000)
 Metaspace       used 40135K, capacity 40802K, committed 41216K, reserved 1085440K
  class space    used 5120K, capacity 5305K, committed 5376K, reserved 1048576K
}
{Heap before GC invocations=16 (full 2):
 PSYoungGen      total 679424K, used 679297K [0x00000000d5580000, 0x0000000100000000, 0x0000000100000000)
  eden space 662016K, 100% used [0x00000000d5580000,0x00000000fdc00000,0x00000000fdc00000)
  from space 17408K, 99% used [0x00000000fdc00000,0x00000000fece0648,0x00000000fed00000)
  to   space 19456K, 0% used [0x00000000fed00000,0x00000000fed00000,0x0000000100000000)
 ParOldGen       total 175104K, used 27479K [0x0000000080000000, 0x000000008ab00000, 0x00000000d5580000)
  object space 175104K, 15% used [0x0000000080000000,0x0000000081ad5eb0,0x000000008ab00000)
 Metaspace       used 49975K, capacity 50912K, committed 51200K, reserved 1093632K
  class space    used 6401K, capacity 6612K, committed 6656K, reserved 1048576K
2023-09-12T10:45:37.535+0600: 11.246: [GC (Allocation Failure) [PSYoungGen: 679297K->19439K(668160K)] 706777K->54487K(843264K), 0.0328437 secs] [Times: user=0.09 sys=0.01, real=0.04 secs] 
Heap after GC invocations=16 (full 2):
 PSYoungGen      total 668160K, used 19439K [0x00000000d5580000, 0x0000000100000000, 0x0000000100000000)
  eden space 648704K, 0% used [0x00000000d5580000,0x00000000d5580000,0x00000000fcf00000)
  from space 19456K, 99% used [0x00000000fed00000,0x00000000ffffbec0,0x0000000100000000)
  to   space 25088K, 0% used [0x00000000fcf00000,0x00000000fcf00000,0x00000000fe780000)
 ParOldGen       total 175104K, used 35047K [0x0000000080000000, 0x000000008ab00000, 0x00000000d5580000)
  object space 175104K, 20% used [0x0000000080000000,0x0000000082239f00,0x000000008ab00000)
 Metaspace       used 49975K, capacity 50912K, committed 51200K, reserved 1093632K
  class space    used 6401K, capacity 6612K, committed 6656K, reserved 1048576K
}
{Heap before GC invocations=17 (full 2):
 PSYoungGen      total 668160K, used 596493K [0x00000000d5580000, 0x0000000100000000, 0x0000000100000000)
  eden space 648704K, 88% used [0x00000000d5580000,0x00000000f89078a8,0x00000000fcf00000)
  from space 19456K, 99% used [0x00000000fed00000,0x00000000ffffbec0,0x0000000100000000)
  to   space 25088K, 0% used [0x00000000fcf00000,0x00000000fcf00000,0x00000000fe780000)
 ParOldGen       total 175104K, used 35047K [0x0000000080000000, 0x000000008ab00000, 0x00000000d5580000)
  object space 175104K, 20% used [0x0000000080000000,0x0000000082239f00,0x000000008ab00000)
 Metaspace       used 57912K, capacity 58866K, committed 59136K, reserved 1099776K
  class space    used 7621K, capacity 7857K, committed 7936K, reserved 1048576K
2023-09-12T10:45:38.805+0600: 12.516: [GC (Metadata GC Threshold) [PSYoungGen: 596493K->14401K(673792K)] 631541K->55158K(848896K), 0.0251945 secs] [Times: user=0.06 sys=0.00, real=0.03 secs] 
Heap after GC invocations=17 (full 2):
 PSYoungGen      total 673792K, used 14401K [0x00000000d5580000, 0x0000000100000000, 0x0000000100000000)
  eden space 648704K, 0% used [0x00000000d5580000,0x00000000d5580000,0x00000000fcf00000)
  from space 25088K, 57% used [0x00000000fcf00000,0x00000000fdd10668,0x00000000fe780000)
  to   space 25088K, 0% used [0x00000000fe780000,0x00000000fe780000,0x0000000100000000)
 ParOldGen       total 175104K, used 40756K [0x0000000080000000, 0x000000008ab00000, 0x00000000d5580000)
  object space 175104K, 23% used [0x0000000080000000,0x00000000827cd1a8,0x000000008ab00000)
 Metaspace       used 57912K, capacity 58866K, committed 59136K, reserved 1099776K
  class space    used 7621K, capacity 7857K, committed 7936K, reserved 1048576K
}
{Heap before GC invocations=18 (full 3):
 PSYoungGen      total 673792K, used 14401K [0x00000000d5580000, 0x0000000100000000, 0x0000000100000000)
  eden space 648704K, 0% used [0x00000000d5580000,0x00000000d5580000,0x00000000fcf00000)
  from space 25088K, 57% used [0x00000000fcf00000,0x00000000fdd10668,0x00000000fe780000)
  to   space 25088K, 0% used [0x00000000fe780000,0x00000000fe780000,0x0000000100000000)
 ParOldGen       total 175104K, used 40756K [0x0000000080000000, 0x000000008ab00000, 0x00000000d5580000)
  object space 175104K, 23% used [0x0000000080000000,0x00000000827cd1a8,0x000000008ab00000)
 Metaspace       used 57912K, capacity 58866K, committed 59136K, reserved 1099776K
  class space    used 7621K, capacity 7857K, committed 7936K, reserved 1048576K
2023-09-12T10:45:38.830+0600: 12.541: [Full GC (Metadata GC Threshold) [PSYoungGen: 14401K->0K(673792K)] [ParOldGen: 40756K->46653K(221696K)] 55158K->46653K(895488K), [Metaspace: 57912K->57912K(1099776K)], 0.2389520 secs] [Times: user=0.42 sys=0.01, real=0.24 secs] 
Heap after GC invocations=18 (full 3):
 PSYoungGen      total 673792K, used 0K [0x00000000d5580000, 0x0000000100000000, 0x0000000100000000)
  eden space 648704K, 0% used [0x00000000d5580000,0x00000000d5580000,0x00000000fcf00000)
  from space 25088K, 0% used [0x00000000fcf00000,0x00000000fcf00000,0x00000000fe780000)
  to   space 25088K, 0% used [0x00000000fe780000,0x00000000fe780000,0x0000000100000000)
 ParOldGen       total 221696K, used 46653K [0x0000000080000000, 0x000000008d880000, 0x00000000d5580000)
  object space 221696K, 21% used [0x0000000080000000,0x0000000082d8f758,0x000000008d880000)
 Metaspace       used 57912K, capacity 58866K, committed 59136K, reserved 1099776K
  class space    used 7621K, capacity 7857K, committed 7936K, reserved 1048576K
}
{Heap before GC invocations=19 (full 3):
 PSYoungGen      total 673792K, used 648704K [0x00000000d5580000, 0x0000000100000000, 0x0000000100000000)
  eden space 648704K, 100% used [0x00000000d5580000,0x00000000fcf00000,0x00000000fcf00000)
  from space 25088K, 0% used [0x00000000fcf00000,0x00000000fcf00000,0x00000000fe780000)
  to   space 25088K, 0% used [0x00000000fe780000,0x00000000fe780000,0x0000000100000000)
 ParOldGen       total 221696K, used 46653K [0x0000000080000000, 0x000000008d880000, 0x00000000d5580000)
  object space 221696K, 21% used [0x0000000080000000,0x0000000082d8f758,0x000000008d880000)
 Metaspace       used 65526K, capacity 66624K, committed 66944K, reserved 1107968K
  class space    used 8576K, capacity 8814K, committed 8832K, reserved 1048576K
2023-09-12T10:45:41.843+0600: 15.554: [GC (Allocation Failure) [PSYoungGen: 648704K->16749K(673792K)] 695357K->63411K(895488K), 0.0195773 secs] [Times: user=0.05 sys=0.00, real=0.02 secs] 
Heap after GC invocations=19 (full 3):
 PSYoungGen      total 673792K, used 16749K [0x00000000d5580000, 0x0000000100000000, 0x0000000100000000)
  eden space 648704K, 0% used [0x00000000d5580000,0x00000000d5580000,0x00000000fcf00000)
  from space 25088K, 66% used [0x00000000fe780000,0x00000000ff7db6e8,0x0000000100000000)
  to   space 25088K, 0% used [0x00000000fcf00000,0x00000000fcf00000,0x00000000fe780000)
 ParOldGen       total 221696K, used 46661K [0x0000000080000000, 0x000000008d880000, 0x00000000d5580000)
  object space 221696K, 21% used [0x0000000080000000,0x0000000082d91758,0x000000008d880000)
 Metaspace       used 65526K, capacity 66624K, committed 66944K, reserved 1107968K
  class space    used 8576K, capacity 8814K, committed 8832K, reserved 1048576K
}
{Heap before GC invocations=20 (full 3):
 PSYoungGen      total 673792K, used 665453K [0x00000000d5580000, 0x0000000100000000, 0x0000000100000000)
  eden space 648704K, 100% used [0x00000000d5580000,0x00000000fcf00000,0x00000000fcf00000)
  from space 25088K, 66% used [0x00000000fe780000,0x00000000ff7db6e8,0x0000000100000000)
  to   space 25088K, 0% used [0x00000000fcf00000,0x00000000fcf00000,0x00000000fe780000)
 ParOldGen       total 221696K, used 46661K [0x0000000080000000, 0x000000008d880000, 0x00000000d5580000)
  object space 221696K, 21% used [0x0000000080000000,0x0000000082d91758,0x000000008d880000)
 Metaspace       used 68455K, capacity 69606K, committed 69888K, reserved 1110016K
  class space    used 8941K, capacity 9199K, committed 9216K, reserved 1048576K
2023-09-12T10:45:43.330+0600: 17.041: [GC (Allocation Failure) [PSYoungGen: 665453K->25064K(673792K)] 712115K->74846K(895488K), 0.0351726 secs] [Times: user=0.14 sys=0.00, real=0.03 secs] 
Heap after GC invocations=20 (full 3):
 PSYoungGen      total 673792K, used 25064K [0x00000000d5580000, 0x0000000100000000, 0x0000000100000000)
  eden space 648704K, 0% used [0x00000000d5580000,0x00000000d5580000,0x00000000fcf00000)
  from space 25088K, 99% used [0x00000000fcf00000,0x00000000fe77a1d8,0x00000000fe780000)
  to   space 25088K, 0% used [0x00000000fe780000,0x00000000fe780000,0x0000000100000000)
 ParOldGen       total 221696K, used 49781K [0x0000000080000000, 0x000000008d880000, 0x00000000d5580000)
  object space 221696K, 22% used [0x0000000080000000,0x000000008309d778,0x000000008d880000)
 Metaspace       used 68455K, capacity 69606K, committed 69888K, reserved 1110016K
  class space    used 8941K, capacity 9199K, committed 9216K, reserved 1048576K
}
{Heap before GC invocations=21 (full 3):
 PSYoungGen      total 673792K, used 673768K [0x00000000d5580000, 0x0000000100000000, 0x0000000100000000)
  eden space 648704K, 100% used [0x00000000d5580000,0x00000000fcf00000,0x00000000fcf00000)
  from space 25088K, 99% used [0x00000000fcf00000,0x00000000fe77a1d8,0x00000000fe780000)
  to   space 25088K, 0% used [0x00000000fe780000,0x00000000fe780000,0x0000000100000000)
 ParOldGen       total 221696K, used 49781K [0x0000000080000000, 0x000000008d880000, 0x00000000d5580000)
  object space 221696K, 22% used [0x0000000080000000,0x000000008309d778,0x000000008d880000)
 Metaspace       used 71231K, capacity 72482K, committed 72576K, reserved 1112064K
  class space    used 9273K, capacity 9537K, committed 9600K, reserved 1048576K
2023-09-12T10:45:44.619+0600: 18.330: [GC (Allocation Failure) [PSYoungGen: 673768K->24700K(659456K)] 723550K->82188K(881152K), 0.0374418 secs] [Times: user=0.07 sys=0.00, real=0.04 secs] 
Heap after GC invocations=21 (full 3):
 PSYoungGen      total 659456K, used 24700K [0x00000000d5580000, 0x0000000100000000, 0x0000000100000000)
  eden space 634368K, 0% used [0x00000000d5580000,0x00000000d5580000,0x00000000fc100000)
  from space 25088K, 98% used [0x00000000fe780000,0x00000000fff9f150,0x0000000100000000)
  to   space 32256K, 0% used [0x00000000fc100000,0x00000000fc100000,0x00000000fe080000)
 ParOldGen       total 221696K, used 57488K [0x0000000080000000, 0x000000008d880000, 0x00000000d5580000)
  object space 221696K, 25% used [0x0000000080000000,0x0000000083824148,0x000000008d880000)
 Metaspace       used 71231K, capacity 72482K, committed 72576K, reserved 1112064K
  class space    used 9273K, capacity 9537K, committed 9600K, reserved 1048576K
}
{Heap before GC invocations=22 (full 3):
 PSYoungGen      total 659456K, used 659068K [0x00000000d5580000, 0x0000000100000000, 0x0000000100000000)
  eden space 634368K, 100% used [0x00000000d5580000,0x00000000fc100000,0x00000000fc100000)
  from space 25088K, 98% used [0x00000000fe780000,0x00000000fff9f150,0x0000000100000000)
  to   space 32256K, 0% used [0x00000000fc100000,0x00000000fc100000,0x00000000fe080000)
 ParOldGen       total 221696K, used 57488K [0x0000000080000000, 0x000000008d880000, 0x00000000d5580000)
  object space 221696K, 25% used [0x0000000080000000,0x0000000083824148,0x000000008d880000)
 Metaspace       used 72061K, capacity 73272K, committed 73472K, reserved 1114112K
  class space    used 9400K, capacity 9646K, committed 9728K, reserved 1048576K
2023-09-12T10:45:45.567+0600: 19.278: [GC (Allocation Failure) [PSYoungGen: 659068K->23108K(657920K)] 716556K->80604K(879616K), 0.0327802 secs] [Times: user=0.11 sys=0.00, real=0.03 secs] 
Heap after GC invocations=22 (full 3):
 PSYoungGen      total 657920K, used 23108K [0x00000000d5580000, 0x0000000100000000, 0x0000000100000000)
  eden space 634368K, 0% used [0x00000000d5580000,0x00000000d5580000,0x00000000fc100000)
  from space 23552K, 98% used [0x00000000fc100000,0x00000000fd791130,0x00000000fd800000)
  to   space 33280K, 0% used [0x00000000fdf80000,0x00000000fdf80000,0x0000000100000000)
 ParOldGen       total 221696K, used 57496K [0x0000000080000000, 0x000000008d880000, 0x00000000d5580000)
  object space 221696K, 25% used [0x0000000080000000,0x0000000083826148,0x000000008d880000)
 Metaspace       used 72061K, capacity 73272K, committed 73472K, reserved 1114112K
  class space    used 9400K, capacity 9646K, committed 9728K, reserved 1048576K
}
{Heap before GC invocations=23 (full 3):
 PSYoungGen      total 657920K, used 657476K [0x00000000d5580000, 0x0000000100000000, 0x0000000100000000)
  eden space 634368K, 100% used [0x00000000d5580000,0x00000000fc100000,0x00000000fc100000)
  from space 23552K, 98% used [0x00000000fc100000,0x00000000fd791130,0x00000000fd800000)
  to   space 33280K, 0% used [0x00000000fdf80000,0x00000000fdf80000,0x0000000100000000)
 ParOldGen       total 221696K, used 57496K [0x0000000080000000, 0x000000008d880000, 0x00000000d5580000)
  object space 221696K, 25% used [0x0000000080000000,0x0000000083826148,0x000000008d880000)
 Metaspace       used 73649K, capacity 74892K, committed 75008K, reserved 1114112K
  class space    used 9638K, capacity 9888K, committed 9984K, reserved 1048576K
2023-09-12T10:45:46.615+0600: 20.326: [GC (Allocation Failure) [PSYoungGen: 657476K->27817K(660480K)] 714972K->85314K(882176K), 0.0345296 secs] [Times: user=0.14 sys=0.00, real=0.04 secs] 
Heap after GC invocations=23 (full 3):
 PSYoungGen      total 660480K, used 27817K [0x00000000d5580000, 0x0000000100000000, 0x0000000100000000)
  eden space 627200K, 0% used [0x00000000d5580000,0x00000000d5580000,0x00000000fba00000)
  from space 33280K, 83% used [0x00000000fdf80000,0x00000000ffaaa738,0x0000000100000000)
  to   space 35840K, 0% used [0x00000000fba00000,0x00000000fba00000,0x00000000fdd00000)
 ParOldGen       total 221696K, used 57496K [0x0000000080000000, 0x000000008d880000, 0x00000000d5580000)
  object space 221696K, 25% used [0x0000000080000000,0x0000000083826148,0x000000008d880000)
 Metaspace       used 73649K, capacity 74892K, committed 75008K, reserved 1114112K
  class space    used 9638K, capacity 9888K, committed 9984K, reserved 1048576K
}
{Heap before GC invocations=24 (full 3):
 PSYoungGen      total 660480K, used 655017K [0x00000000d5580000, 0x0000000100000000, 0x0000000100000000)
  eden space 627200K, 100% used [0x00000000d5580000,0x00000000fba00000,0x00000000fba00000)
  from space 33280K, 83% used [0x00000000fdf80000,0x00000000ffaaa738,0x0000000100000000)
  to   space 35840K, 0% used [0x00000000fba00000,0x00000000fba00000,0x00000000fdd00000)
 ParOldGen       total 221696K, used 57496K [0x0000000080000000, 0x000000008d880000, 0x00000000d5580000)
  object space 221696K, 25% used [0x0000000080000000,0x0000000083826148,0x000000008d880000)
 Metaspace       used 75261K, capacity 76740K, committed 77056K, reserved 1116160K
  class space    used 9834K, capacity 10132K, committed 10240K, reserved 1048576K
2023-09-12T10:45:47.776+0600: 21.487: [GC (Allocation Failure) [PSYoungGen: 655017K->26649K(654336K)] 712514K->84153K(876032K), 0.0315802 secs] [Times: user=0.10 sys=0.00, real=0.03 secs] 
Heap after GC invocations=24 (full 3):
 PSYoungGen      total 654336K, used 26649K [0x00000000d5580000, 0x0000000100000000, 0x0000000100000000)
  eden space 627200K, 0% used [0x00000000d5580000,0x00000000d5580000,0x00000000fba00000)
  from space 27136K, 98% used [0x00000000fba00000,0x00000000fd406620,0x00000000fd480000)
  to   space 37376K, 0% used [0x00000000fdb80000,0x00000000fdb80000,0x0000000100000000)
 ParOldGen       total 221696K, used 57504K [0x0000000080000000, 0x000000008d880000, 0x00000000d5580000)
  object space 221696K, 25% used [0x0000000080000000,0x0000000083828148,0x000000008d880000)
 Metaspace       used 75261K, capacity 76740K, committed 77056K, reserved 1116160K
  class space    used 9834K, capacity 10132K, committed 10240K, reserved 1048576K
}
{Heap before GC invocations=25 (full 3):
 PSYoungGen      total 654336K, used 653849K [0x00000000d5580000, 0x0000000100000000, 0x0000000100000000)
  eden space 627200K, 100% used [0x00000000d5580000,0x00000000fba00000,0x00000000fba00000)
  from space 27136K, 98% used [0x00000000fba00000,0x00000000fd406620,0x00000000fd480000)
  to   space 37376K, 0% used [0x00000000fdb80000,0x00000000fdb80000,0x0000000100000000)
 ParOldGen       total 221696K, used 57504K [0x0000000080000000, 0x000000008d880000, 0x00000000d5580000)
  object space 221696K, 25% used [0x0000000080000000,0x0000000083828148,0x000000008d880000)
 Metaspace       used 82155K, capacity 83830K, committed 83968K, reserved 1122304K
  class space    used 10633K, capacity 10947K, committed 11008K, reserved 1048576K
2023-09-12T11:12:55.352+0600: 1649.063: [GC (Allocation Failure) [PSYoungGen: 653849K->28333K(657408K)] 711353K->85846K(879104K), 0.0380679 secs] [Times: user=0.09 sys=0.00, real=0.04 secs] 
Heap after GC invocations=25 (full 3):
 PSYoungGen      total 657408K, used 28333K [0x00000000d5580000, 0x0000000100000000, 0x0000000100000000)
  eden space 620032K, 0% used [0x00000000d5580000,0x00000000d5580000,0x00000000fb300000)
  from space 37376K, 75% used [0x00000000fdb80000,0x00000000ff72b710,0x0000000100000000)
  to   space 39424K, 0% used [0x00000000fb300000,0x00000000fb300000,0x00000000fd980000)
 ParOldGen       total 221696K, used 57512K [0x0000000080000000, 0x000000008d880000, 0x00000000d5580000)
  object space 221696K, 25% used [0x0000000080000000,0x000000008382a148,0x000000008d880000)
 Metaspace       used 82155K, capacity 83830K, committed 83968K, reserved 1122304K
  class space    used 10633K, capacity 10947K, committed 11008K, reserved 1048576K
}
{Heap before GC invocations=26 (full 3):
 PSYoungGen      total 657408K, used 648365K [0x00000000d5580000, 0x0000000100000000, 0x0000000100000000)
  eden space 620032K, 100% used [0x00000000d5580000,0x00000000fb300000,0x00000000fb300000)
  from space 37376K, 75% used [0x00000000fdb80000,0x00000000ff72b710,0x0000000100000000)
  to   space 39424K, 0% used [0x00000000fb300000,0x00000000fb300000,0x00000000fd980000)
 ParOldGen       total 221696K, used 57512K [0x0000000080000000, 0x000000008d880000, 0x00000000d5580000)
  object space 221696K, 25% used [0x0000000080000000,0x000000008382a148,0x000000008d880000)
 Metaspace       used 87387K, capacity 89534K, committed 89600K, reserved 1128448K
  class space    used 11091K, capacity 11495K, committed 11520K, reserved 1048576K
2023-09-12T15:40:52.320+0600: 17726.031: [GC (Allocation Failure) [PSYoungGen: 648365K->37639K(657920K)] 705878K->95160K(879616K), 0.0570361 secs] [Times: user=0.10 sys=0.00, real=0.06 secs] 
Heap after GC invocations=26 (full 3):
 PSYoungGen      total 657920K, used 37639K [0x00000000d5580000, 0x0000000100000000, 0x0000000100000000)
  eden space 620032K, 0% used [0x00000000d5580000,0x00000000d5580000,0x00000000fb300000)
  from space 37888K, 99% used [0x00000000fb300000,0x00000000fd7c1f30,0x00000000fd800000)
  to   space 40960K, 0% used [0x00000000fd800000,0x00000000fd800000,0x0000000100000000)
 ParOldGen       total 221696K, used 57520K [0x0000000080000000, 0x000000008d880000, 0x00000000d5580000)
  object space 221696K, 25% used [0x0000000080000000,0x000000008382c148,0x000000008d880000)
 Metaspace       used 87387K, capacity 89534K, committed 89600K, reserved 1128448K
  class space    used 11091K, capacity 11495K, committed 11520K, reserved 1048576K
}
{Heap before GC invocations=27 (full 3):
 PSYoungGen      total 657920K, used 657671K [0x00000000d5580000, 0x0000000100000000, 0x0000000100000000)
  eden space 620032K, 100% used [0x00000000d5580000,0x00000000fb300000,0x00000000fb300000)
  from space 37888K, 99% used [0x00000000fb300000,0x00000000fd7c1f30,0x00000000fd800000)
  to   space 40960K, 0% used [0x00000000fd800000,0x00000000fd800000,0x0000000100000000)
 ParOldGen       total 221696K, used 57520K [0x0000000080000000, 0x000000008d880000, 0x00000000d5580000)
  object space 221696K, 25% used [0x0000000080000000,0x000000008382c148,0x000000008d880000)
 Metaspace       used 88013K, capacity 90152K, committed 90368K, reserved 1128448K
  class space    used 11096K, capacity 11502K, committed 11520K, reserved 1048576K
2023-09-12T22:19:22.056+0600: 41635.767: [GC (Allocation Failure) [PSYoungGen: 657671K->29584K(649728K)] 715192K->87112K(871424K), 0.0493350 secs] [Times: user=0.09 sys=0.00, real=0.04 secs] 
Heap after GC invocations=27 (full 3):
 PSYoungGen      total 649728K, used 29584K [0x00000000d5580000, 0x0000000100000000, 0x0000000100000000)
  eden space 608768K, 0% used [0x00000000d5580000,0x00000000d5580000,0x00000000fa800000)
  from space 40960K, 72% used [0x00000000fd800000,0x00000000ff4e4258,0x0000000100000000)
  to   space 45056K, 0% used [0x00000000fa800000,0x00000000fa800000,0x00000000fd400000)
 ParOldGen       total 221696K, used 57528K [0x0000000080000000, 0x000000008d880000, 0x00000000d5580000)
  object space 221696K, 25% used [0x0000000080000000,0x000000008382e148,0x000000008d880000)
 Metaspace       used 88013K, capacity 90152K, committed 90368K, reserved 1128448K
  class space    used 11096K, capacity 11502K, committed 11520K, reserved 1048576K
}
{Heap before GC invocations=28 (full 3):
 PSYoungGen      total 649728K, used 638352K [0x00000000d5580000, 0x0000000100000000, 0x0000000100000000)
  eden space 608768K, 100% used [0x00000000d5580000,0x00000000fa800000,0x00000000fa800000)
  from space 40960K, 72% used [0x00000000fd800000,0x00000000ff4e4258,0x0000000100000000)
  to   space 45056K, 0% used [0x00000000fa800000,0x00000000fa800000,0x00000000fd400000)
 ParOldGen       total 221696K, used 57528K [0x0000000080000000, 0x000000008d880000, 0x00000000d5580000)
  object space 221696K, 25% used [0x0000000080000000,0x000000008382e148,0x000000008d880000)
 Metaspace       used 88216K, capacity 90344K, committed 90624K, reserved 1128448K
  class space    used 11097K, capacity 11502K, committed 11520K, reserved 1048576K
2023-09-13T05:36:10.766+0600: 67844.477: [GC (Allocation Failure) [PSYoungGen: 638352K->28446K(613888K)] 695880K->85982K(835584K), 0.0428024 secs] [Times: user=0.08 sys=0.00, real=0.04 secs] 
Heap after GC invocations=28 (full 3):
 PSYoungGen      total 613888K, used 28446K [0x00000000d5580000, 0x00000000fe900000, 0x0000000100000000)
  eden space 585216K, 0% used [0x00000000d5580000,0x00000000d5580000,0x00000000f9100000)
  from space 28672K, 99% used [0x00000000fa800000,0x00000000fc3c7968,0x00000000fc400000)
  to   space 37888K, 0% used [0x00000000fc400000,0x00000000fc400000,0x00000000fe900000)
 ParOldGen       total 221696K, used 57536K [0x0000000080000000, 0x000000008d880000, 0x00000000d5580000)
  object space 221696K, 25% used [0x0000000080000000,0x0000000083830148,0x000000008d880000)
 Metaspace       used 88216K, capacity 90344K, committed 90624K, reserved 1128448K
  class space    used 11097K, capacity 11502K, committed 11520K, reserved 1048576K
}
{Heap before GC invocations=29 (full 3):
 PSYoungGen      total 613888K, used 613662K [0x00000000d5580000, 0x00000000fe900000, 0x0000000100000000)
  eden space 585216K, 100% used [0x00000000d5580000,0x00000000f9100000,0x00000000f9100000)
  from space 28672K, 99% used [0x00000000fa800000,0x00000000fc3c7968,0x00000000fc400000)
  to   space 37888K, 0% used [0x00000000fc400000,0x00000000fc400000,0x00000000fe900000)
 ParOldGen       total 221696K, used 57536K [0x0000000080000000, 0x000000008d880000, 0x00000000d5580000)
  object space 221696K, 25% used [0x0000000080000000,0x0000000083830148,0x000000008d880000)
 Metaspace       used 89098K, capacity 91326K, committed 91520K, reserved 1128448K
  class space    used 11138K, capacity 11527K, committed 11648K, reserved 1048576K
2023-09-13T11:33:59.457+0600: 89313.168: [GC (Allocation Failure) [PSYoungGen: 613662K->33216K(595968K)] 671198K->90760K(817664K), 0.0515325 secs] [Times: user=0.09 sys=0.00, real=0.05 secs] 
Heap after GC invocations=29 (full 3):
 PSYoungGen      total 595968K, used 33216K [0x00000000d5580000, 0x00000000fe480000, 0x0000000100000000)
  eden space 562688K, 0% used [0x00000000d5580000,0x00000000d5580000,0x00000000f7b00000)
  from space 33280K, 99% used [0x00000000fc400000,0x00000000fe470080,0x00000000fe480000)
  to   space 46592K, 0% used [0x00000000f8980000,0x00000000f8980000,0x00000000fb700000)
 ParOldGen       total 221696K, used 57544K [0x0000000080000000, 0x000000008d880000, 0x00000000d5580000)
  object space 221696K, 25% used [0x0000000080000000,0x0000000083832148,0x000000008d880000)
 Metaspace       used 89098K, capacity 91326K, committed 91520K, reserved 1128448K
  class space    used 11138K, capacity 11527K, committed 11648K, reserved 1048576K
}
{Heap before GC invocations=30 (full 3):
 PSYoungGen      total 595968K, used 595904K [0x00000000d5580000, 0x00000000fe480000, 0x0000000100000000)
  eden space 562688K, 100% used [0x00000000d5580000,0x00000000f7b00000,0x00000000f7b00000)
  from space 33280K, 99% used [0x00000000fc400000,0x00000000fe470080,0x00000000fe480000)
  to   space 46592K, 0% used [0x00000000f8980000,0x00000000f8980000,0x00000000fb700000)
 ParOldGen       total 221696K, used 57544K [0x0000000080000000, 0x000000008d880000, 0x00000000d5580000)
  object space 221696K, 25% used [0x0000000080000000,0x0000000083832148,0x000000008d880000)
 Metaspace       used 89876K, capacity 92096K, committed 92288K, reserved 1130496K
  class space    used 11145K, capacity 11538K, committed 11648K, reserved 1048576K
2023-09-13T17:00:42.430+0600: 108916.140: [GC (Allocation Failure) [PSYoungGen: 595904K->39217K(580608K)] 653448K->96762K(802304K), 0.0635772 secs] [Times: user=0.11 sys=0.00, real=0.06 secs] 
Heap after GC invocations=30 (full 3):
 PSYoungGen      total 580608K, used 39217K [0x00000000d5580000, 0x00000000fc800000, 0x0000000100000000)
  eden space 541184K, 0% used [0x00000000d5580000,0x00000000d5580000,0x00000000f6600000)
  from space 39424K, 99% used [0x00000000f8980000,0x00000000fafcc6c0,0x00000000fb000000)
  to   space 24576K, 0% used [0x00000000fb000000,0x00000000fb000000,0x00000000fc800000)
 ParOldGen       total 221696K, used 57544K [0x0000000080000000, 0x000000008d880000, 0x00000000d5580000)
  object space 221696K, 25% used [0x0000000080000000,0x0000000083832148,0x000000008d880000)
 Metaspace       used 89876K, capacity 92096K, committed 92288K, reserved 1130496K
  class space    used 11145K, capacity 11538K, committed 11648K, reserved 1048576K
}
{Heap before GC invocations=31 (full 3):
 PSYoungGen      total 580608K, used 580401K [0x00000000d5580000, 0x00000000fc800000, 0x0000000100000000)
  eden space 541184K, 100% used [0x00000000d5580000,0x00000000f6600000,0x00000000f6600000)
  from space 39424K, 99% used [0x00000000f8980000,0x00000000fafcc6c0,0x00000000fb000000)
  to   space 24576K, 0% used [0x00000000fb000000,0x00000000fb000000,0x00000000fc800000)
 ParOldGen       total 221696K, used 57544K [0x0000000080000000, 0x000000008d880000, 0x00000000d5580000)
  object space 221696K, 25% used [0x0000000080000000,0x0000000083832148,0x000000008d880000)
 Metaspace       used 90136K, capacity 92368K, committed 92544K, reserved 1130496K
  class space    used 11146K, capacity 11540K, committed 11648K, reserved 1048576K
2023-09-13T23:19:21.835+0600: 131635.546: [GC (Allocation Failure) [PSYoungGen: 580401K->24560K(545280K)] 637946K->89640K(766976K), 0.0496975 secs] [Times: user=0.09 sys=0.00, real=0.05 secs] 
Heap after GC invocations=31 (full 3):
 PSYoungGen      total 545280K, used 24560K [0x00000000d5580000, 0x00000000fc800000, 0x0000000100000000)
  eden space 520704K, 0% used [0x00000000d5580000,0x00000000d5580000,0x00000000f5200000)
  from space 24576K, 99% used [0x00000000fb000000,0x00000000fc7fc210,0x00000000fc800000)
  to   space 50176K, 0% used [0x00000000f6600000,0x00000000f6600000,0x00000000f9700000)
 ParOldGen       total 221696K, used 65080K [0x0000000080000000, 0x000000008d880000, 0x00000000d5580000)
  object space 221696K, 29% used [0x0000000080000000,0x0000000083f8e1d8,0x000000008d880000)
 Metaspace       used 90136K, capacity 92368K, committed 92544K, reserved 1130496K
  class space    used 11146K, capacity 11540K, committed 11648K, reserved 1048576K
}
{Heap before GC invocations=32 (full 3):
 PSYoungGen      total 545280K, used 545264K [0x00000000d5580000, 0x00000000fc800000, 0x0000000100000000)
  eden space 520704K, 100% used [0x00000000d5580000,0x00000000f5200000,0x00000000f5200000)
  from space 24576K, 99% used [0x00000000fb000000,0x00000000fc7fc210,0x00000000fc800000)
  to   space 50176K, 0% used [0x00000000f6600000,0x00000000f6600000,0x00000000f9700000)
 ParOldGen       total 221696K, used 65080K [0x0000000080000000, 0x000000008d880000, 0x00000000d5580000)
  object space 221696K, 29% used [0x0000000080000000,0x0000000083f8e1d8,0x000000008d880000)
 Metaspace       used 90138K, capacity 92368K, committed 92544K, reserved 1130496K
  class space    used 11146K, capacity 11540K, committed 11648K, reserved 1048576K
2023-09-14T06:14:31.406+0600: 156545.117: [GC (Allocation Failure) [PSYoungGen: 545264K->18096K(519680K)] 610344K->89905K(741376K), 0.0471970 secs] [Times: user=0.08 sys=0.00, real=0.04 secs] 
Heap after GC invocations=32 (full 3):
 PSYoungGen      total 519680K, used 18096K [0x00000000d5580000, 0x00000000fb080000, 0x0000000100000000)
  eden space 501248K, 0% used [0x00000000d5580000,0x00000000d5580000,0x00000000f3f00000)
  from space 18432K, 98% used [0x00000000f6600000,0x00000000f77ac150,0x00000000f7800000)
  to   space 49152K, 0% used [0x00000000f8080000,0x00000000f8080000,0x00000000fb080000)
 ParOldGen       total 221696K, used 71808K [0x0000000080000000, 0x000000008d880000, 0x00000000d5580000)
  object space 221696K, 32% used [0x0000000080000000,0x0000000084620328,0x000000008d880000)
 Metaspace       used 90138K, capacity 92368K, committed 92544K, reserved 1130496K
  class space    used 11146K, capacity 11540K, committed 11648K, reserved 1048576K
}
{Heap before GC invocations=33 (full 3):
 PSYoungGen      total 519680K, used 519331K [0x00000000d5580000, 0x00000000fb080000, 0x0000000100000000)
  eden space 501248K, 99% used [0x00000000d5580000,0x00000000f3efce60,0x00000000f3f00000)
  from space 18432K, 98% used [0x00000000f6600000,0x00000000f77ac150,0x00000000f7800000)
  to   space 49152K, 0% used [0x00000000f8080000,0x00000000f8080000,0x00000000fb080000)
 ParOldGen       total 221696K, used 71808K [0x0000000080000000, 0x000000008d880000, 0x00000000d5580000)
  object space 221696K, 32% used [0x0000000080000000,0x0000000084620328,0x000000008d880000)
 Metaspace       used 90343K, capacity 92584K, committed 92800K, reserved 1130496K
  class space    used 11148K, capacity 11544K, committed 11648K, reserved 1048576K
2023-09-14T12:19:14.777+0600: 178428.488: [GC (Allocation Failure) [PSYoungGen: 519331K->22263K(505344K)] 591140K->94072K(727040K), 0.0411678 secs] [Times: user=0.07 sys=0.00, real=0.04 secs] 
Heap after GC invocations=33 (full 3):
 PSYoungGen      total 505344K, used 22263K [0x00000000d5580000, 0x00000000f9680000, 0x0000000100000000)
  eden space 482816K, 0% used [0x00000000d5580000,0x00000000d5580000,0x00000000f2d00000)
  from space 22528K, 98% used [0x00000000f8080000,0x00000000f963dce0,0x00000000f9680000)
  to   space 47104K, 0% used [0x00000000f3a80000,0x00000000f3a80000,0x00000000f6880000)
 ParOldGen       total 221696K, used 71808K [0x0000000080000000, 0x000000008d880000, 0x00000000d5580000)
  object space 221696K, 32% used [0x0000000080000000,0x0000000084620328,0x000000008d880000)
 Metaspace       used 90343K, capacity 92584K, committed 92800K, reserved 1130496K
  class space    used 11148K, capacity 11544K, committed 11648K, reserved 1048576K
}
{Heap before GC invocations=34 (full 3):
 PSYoungGen      total 505344K, used 505079K [0x00000000d5580000, 0x00000000f9680000, 0x0000000100000000)
  eden space 482816K, 100% used [0x00000000d5580000,0x00000000f2d00000,0x00000000f2d00000)
  from space 22528K, 98% used [0x00000000f8080000,0x00000000f963dce0,0x00000000f9680000)
  to   space 47104K, 0% used [0x00000000f3a80000,0x00000000f3a80000,0x00000000f6880000)
 ParOldGen       total 221696K, used 71808K [0x0000000080000000, 0x000000008d880000, 0x00000000d5580000)
  object space 221696K, 32% used [0x0000000080000000,0x0000000084620328,0x000000008d880000)
 Metaspace       used 90994K, capacity 93340K, committed 93568K, reserved 1130496K
  class space    used 11167K, capacity 11574K, committed 11648K, reserved 1048576K
2023-09-14T16:35:28.427+0600: 193802.138: [GC (Allocation Failure) [PSYoungGen: 505079K->28834K(494592K)] 576888K->100642K(716288K), 0.0511631 secs] [Times: user=0.09 sys=0.00, real=0.05 secs] 
Heap after GC invocations=34 (full 3):
 PSYoungGen      total 494592K, used 28834K [0x00000000d5580000, 0x00000000f8100000, 0x0000000100000000)
  eden space 465408K, 0% used [0x00000000d5580000,0x00000000d5580000,0x00000000f1c00000)
  from space 29184K, 98% used [0x00000000f3a80000,0x00000000f56a8800,0x00000000f5700000)
  to   space 43008K, 0% used [0x00000000f5700000,0x00000000f5700000,0x00000000f8100000)
 ParOldGen       total 221696K, used 71808K [0x0000000080000000, 0x000000008d880000, 0x00000000d5580000)
  object space 221696K, 32% used [0x0000000080000000,0x0000000084620328,0x000000008d880000)
 Metaspace       used 90994K, capacity 93340K, committed 93568K, reserved 1130496K
  class space    used 11167K, capacity 11574K, committed 11648K, reserved 1048576K
}
{Heap before GC invocations=35 (full 3):
 PSYoungGen      total 494592K, used 494242K [0x00000000d5580000, 0x00000000f8100000, 0x0000000100000000)
  eden space 465408K, 100% used [0x00000000d5580000,0x00000000f1c00000,0x00000000f1c00000)
  from space 29184K, 98% used [0x00000000f3a80000,0x00000000f56a8800,0x00000000f5700000)
  to   space 43008K, 0% used [0x00000000f5700000,0x00000000f5700000,0x00000000f8100000)
 ParOldGen       total 221696K, used 71808K [0x0000000080000000, 0x000000008d880000, 0x00000000d5580000)
  object space 221696K, 32% used [0x0000000080000000,0x0000000084620328,0x000000008d880000)
 Metaspace       used 91498K, capacity 93858K, committed 94080K, reserved 1132544K
  class space    used 11168K, capacity 11575K, committed 11648K, reserved 1048576K
2023-09-14T21:02:40.332+0600: 209834.043: [GC (Allocation Failure) [PSYoungGen: 494242K->30151K(478720K)] 566050K->101959K(700416K), 0.0481068 secs] [Times: user=0.08 sys=0.00, real=0.05 secs] 
Heap after GC invocations=35 (full 3):
 PSYoungGen      total 478720K, used 30151K [0x00000000d5580000, 0x00000000f7480000, 0x0000000100000000)
  eden space 448512K, 0% used [0x00000000d5580000,0x00000000d5580000,0x00000000f0b80000)
  from space 30208K, 99% used [0x00000000f5700000,0x00000000f7471c20,0x00000000f7480000)
  to   space 46080K, 0% used [0x00000000f1a80000,0x00000000f1a80000,0x00000000f4780000)
 ParOldGen       total 221696K, used 71808K [0x0000000080000000, 0x000000008d880000, 0x00000000d5580000)
  object space 221696K, 32% used [0x0000000080000000,0x0000000084620328,0x000000008d880000)
 Metaspace       used 91498K, capacity 93858K, committed 94080K, reserved 1132544K
  class space    used 11168K, capacity 11575K, committed 11648K, reserved 1048576K
}
{Heap before GC invocations=36 (full 3):
 PSYoungGen      total 478720K, used 478663K [0x00000000d5580000, 0x00000000f7480000, 0x0000000100000000)
  eden space 448512K, 100% used [0x00000000d5580000,0x00000000f0b80000,0x00000000f0b80000)
  from space 30208K, 99% used [0x00000000f5700000,0x00000000f7471c20,0x00000000f7480000)
  to   space 46080K, 0% used [0x00000000f1a80000,0x00000000f1a80000,0x00000000f4780000)
 ParOldGen       total 221696K, used 71808K [0x0000000080000000, 0x000000008d880000, 0x00000000d5580000)
  object space 221696K, 32% used [0x0000000080000000,0x0000000084620328,0x000000008d880000)
 Metaspace       used 91538K, capacity 93858K, committed 94080K, reserved 1132544K
  class space    used 11168K, capacity 11575K, committed 11648K, reserved 1048576K
2023-09-15T02:49:49.288+0600: 230662.999: [GC (Allocation Failure) [PSYoungGen: 478663K->20853K(453632K)] 550471K->92662K(675328K), 0.0476639 secs] [Times: user=0.09 sys=0.00, real=0.04 secs] 
Heap after GC invocations=36 (full 3):
 PSYoungGen      total 453632K, used 20853K [0x00000000d5580000, 0x00000000f5780000, 0x0000000100000000)
  eden space 432640K, 0% used [0x00000000d5580000,0x00000000d5580000,0x00000000efc00000)
  from space 20992K, 99% used [0x00000000f1a80000,0x00000000f2edd5e0,0x00000000f2f00000)
  to   space 41472K, 0% used [0x00000000f2f00000,0x00000000f2f00000,0x00000000f5780000)
 ParOldGen       total 221696K, used 71808K [0x0000000080000000, 0x000000008d880000, 0x00000000d5580000)
  object space 221696K, 32% used [0x0000000080000000,0x0000000084620328,0x000000008d880000)
 Metaspace       used 91538K, capacity 93858K, committed 94080K, reserved 1132544K
  class space    used 11168K, capacity 11575K, committed 11648K, reserved 1048576K
}
{Heap before GC invocations=37 (full 3):
 PSYoungGen      total 453632K, used 453493K [0x00000000d5580000, 0x00000000f5780000, 0x0000000100000000)
  eden space 432640K, 100% used [0x00000000d5580000,0x00000000efc00000,0x00000000efc00000)
  from space 20992K, 99% used [0x00000000f1a80000,0x00000000f2edd5e0,0x00000000f2f00000)
  to   space 41472K, 0% used [0x00000000f2f00000,0x00000000f2f00000,0x00000000f5780000)
 ParOldGen       total 221696K, used 71808K [0x0000000080000000, 0x000000008d880000, 0x00000000d5580000)
  object space 221696K, 32% used [0x0000000080000000,0x0000000084620328,0x000000008d880000)
 Metaspace       used 91551K, capacity 93858K, committed 94080K, reserved 1132544K
  class space    used 11168K, capacity 11575K, committed 11648K, reserved 1048576K
2023-09-15T08:26:51.963+0600: 250885.673: [GC (Allocation Failure) [PSYoungGen: 453493K->16256K(438784K)] 525302K->90197K(660480K), 0.0401324 secs] [Times: user=0.07 sys=0.00, real=0.04 secs] 
Heap after GC invocations=37 (full 3):
 PSYoungGen      total 438784K, used 16256K [0x00000000d5580000, 0x00000000f4400000, 0x0000000100000000)
  eden space 417280K, 0% used [0x00000000d5580000,0x00000000d5580000,0x00000000eed00000)
  from space 21504K, 75% used [0x00000000f2f00000,0x00000000f3ee0370,0x00000000f4400000)
  to   space 44544K, 0% used [0x00000000eed00000,0x00000000eed00000,0x00000000f1880000)
 ParOldGen       total 221696K, used 73940K [0x0000000080000000, 0x000000008d880000, 0x00000000d5580000)
  object space 221696K, 33% used [0x0000000080000000,0x0000000084835378,0x000000008d880000)
 Metaspace       used 91551K, capacity 93858K, committed 94080K, reserved 1132544K
  class space    used 11168K, capacity 11575K, committed 11648K, reserved 1048576K
}
{Heap before GC invocations=38 (full 3):
 PSYoungGen      total 438784K, used 433536K [0x00000000d5580000, 0x00000000f4400000, 0x0000000100000000)
  eden space 417280K, 100% used [0x00000000d5580000,0x00000000eed00000,0x00000000eed00000)
  from space 21504K, 75% used [0x00000000f2f00000,0x00000000f3ee0370,0x00000000f4400000)
  to   space 44544K, 0% used [0x00000000eed00000,0x00000000eed00000,0x00000000f1880000)
 ParOldGen       total 221696K, used 73940K [0x0000000080000000, 0x000000008d880000, 0x00000000d5580000)
  object space 221696K, 33% used [0x0000000080000000,0x0000000084835378,0x000000008d880000)
 Metaspace       used 91633K, capacity 93964K, committed 94080K, reserved 1132544K
  class space    used 11172K, capacity 11582K, committed 11648K, reserved 1048576K
2023-09-15T13:38:55.211+0600: 269608.922: [GC (Allocation Failure) [PSYoungGen: 433536K->16968K(419840K)] 507477K->93420K(641536K), 0.0446866 secs] [Times: user=0.07 sys=0.00, real=0.05 secs] 
Heap after GC invocations=38 (full 3):
 PSYoungGen      total 419840K, used 16968K [0x00000000d5580000, 0x00000000f3480000, 0x0000000100000000)
  eden space 402432K, 0% used [0x00000000d5580000,0x00000000d5580000,0x00000000ede80000)
  from space 17408K, 97% used [0x00000000eed00000,0x00000000efd920c0,0x00000000efe00000)
  to   space 44032K, 0% used [0x00000000f0980000,0x00000000f0980000,0x00000000f3480000)
 ParOldGen       total 221696K, used 76452K [0x0000000080000000, 0x000000008d880000, 0x00000000d5580000)
  object space 221696K, 34% used [0x0000000080000000,0x0000000084aa9238,0x000000008d880000)
 Metaspace       used 91633K, capacity 93964K, committed 94080K, reserved 1132544K
  class space    used 11172K, capacity 11582K, committed 11648K, reserved 1048576K
}
{Heap before GC invocations=39 (full 3):
 PSYoungGen      total 419840K, used 419400K [0x00000000d5580000, 0x00000000f3480000, 0x0000000100000000)
  eden space 402432K, 100% used [0x00000000d5580000,0x00000000ede80000,0x00000000ede80000)
  from space 17408K, 97% used [0x00000000eed00000,0x00000000efd920c0,0x00000000efe00000)
  to   space 44032K, 0% used [0x00000000f0980000,0x00000000f0980000,0x00000000f3480000)
 ParOldGen       total 221696K, used 76452K [0x0000000080000000, 0x000000008d880000, 0x00000000d5580000)
  object space 221696K, 34% used [0x0000000080000000,0x0000000084aa9238,0x000000008d880000)
 Metaspace       used 91748K, capacity 94052K, committed 94336K, reserved 1132544K
  class space    used 11174K, capacity 11586K, committed 11648K, reserved 1048576K
2023-09-15T18:13:13.241+0600: 286066.952: [GC (Allocation Failure) [PSYoungGen: 419400K->16953K(416768K)] 495852K->96258K(638464K), 0.0464149 secs] [Times: user=0.08 sys=0.00, real=0.05 secs] 
Heap after GC invocations=39 (full 3):
 PSYoungGen      total 416768K, used 16953K [0x00000000d5580000, 0x00000000f2500000, 0x0000000100000000)
  eden space 388608K, 0% used [0x00000000d5580000,0x00000000d5580000,0x00000000ed100000)
  from space 28160K, 60% used [0x00000000f0980000,0x00000000f1a0e7e0,0x00000000f2500000)
  to   space 43008K, 0% used [0x00000000ed100000,0x00000000ed100000,0x00000000efb00000)
 ParOldGen       total 221696K, used 79304K [0x0000000080000000, 0x000000008d880000, 0x00000000d5580000)
  object space 221696K, 35% used [0x0000000080000000,0x0000000084d722b8,0x000000008d880000)
 Metaspace       used 91748K, capacity 94052K, committed 94336K, reserved 1132544K
  class space    used 11174K, capacity 11586K, committed 11648K, reserved 1048576K
}
{Heap before GC invocations=40 (full 3):
 PSYoungGen      total 416768K, used 405561K [0x00000000d5580000, 0x00000000f2500000, 0x0000000100000000)
  eden space 388608K, 100% used [0x00000000d5580000,0x00000000ed100000,0x00000000ed100000)
  from space 28160K, 60% used [0x00000000f0980000,0x00000000f1a0e7e0,0x00000000f2500000)
  to   space 43008K, 0% used [0x00000000ed100000,0x00000000ed100000,0x00000000efb00000)
 ParOldGen       total 221696K, used 79304K [0x0000000080000000, 0x000000008d880000, 0x00000000d5580000)
  object space 221696K, 35% used [0x0000000080000000,0x0000000084d722b8,0x000000008d880000)
 Metaspace       used 91898K, capacity 94328K, committed 94592K, reserved 1132544K
  class space    used 11182K, capacity 11600K, committed 11648K, reserved 1048576K
2023-09-15T22:12:07.016+0600: 300400.727: [GC (Allocation Failure) [PSYoungGen: 405561K->14907K(390656K)] 484866K->98723K(612352K), 0.0406699 secs] [Times: user=0.07 sys=0.00, real=0.04 secs] 
Heap after GC invocations=40 (full 3):
 PSYoungGen      total 390656K, used 14907K [0x00000000d5580000, 0x00000000f1700000, 0x0000000100000000)
  eden space 375296K, 0% used [0x00000000d5580000,0x00000000d5580000,0x00000000ec400000)
  from space 15360K, 97% used [0x00000000ed100000,0x00000000edf8ec00,0x00000000ee000000)
  to   space 42496K, 0% used [0x00000000eed80000,0x00000000eed80000,0x00000000f1700000)
 ParOldGen       total 221696K, used 83816K [0x0000000080000000, 0x000000008d880000, 0x00000000d5580000)
  object space 221696K, 37% used [0x0000000080000000,0x00000000851da398,0x000000008d880000)
 Metaspace       used 91898K, capacity 94328K, committed 94592K, reserved 1132544K
  class space    used 11182K, capacity 11600K, committed 11648K, reserved 1048576K
}
{Heap before GC invocations=41 (full 3):
 PSYoungGen      total 390656K, used 390203K [0x00000000d5580000, 0x00000000f1700000, 0x0000000100000000)
  eden space 375296K, 100% used [0x00000000d5580000,0x00000000ec400000,0x00000000ec400000)
  from space 15360K, 97% used [0x00000000ed100000,0x00000000edf8ec00,0x00000000ee000000)
  to   space 42496K, 0% used [0x00000000eed80000,0x00000000eed80000,0x00000000f1700000)
 ParOldGen       total 221696K, used 83816K [0x0000000080000000, 0x000000008d880000, 0x00000000d5580000)
  object space 221696K, 37% used [0x0000000080000000,0x00000000851da398,0x000000008d880000)
 Metaspace       used 91908K, capacity 94328K, committed 94592K, reserved 1132544K
  class space    used 11182K, capacity 11600K, committed 11648K, reserved 1048576K
2023-09-16T03:07:30.157+0600: 318123.867: [GC (Allocation Failure) [PSYoungGen: 390203K->6772K(393216K)] 474019K->91733K(614912K), 0.0295009 secs] [Times: user=0.05 sys=0.00, real=0.03 secs] 
Heap after GC invocations=41 (full 3):
 PSYoungGen      total 393216K, used 6772K [0x00000000d5580000, 0x00000000f0b80000, 0x0000000100000000)
  eden space 362496K, 0% used [0x00000000d5580000,0x00000000d5580000,0x00000000eb780000)
  from space 30720K, 22% used [0x00000000eed80000,0x00000000ef41d020,0x00000000f0b80000)
  to   space 43008K, 0% used [0x00000000eb780000,0x00000000eb780000,0x00000000ee180000)
 ParOldGen       total 221696K, used 84961K [0x0000000080000000, 0x000000008d880000, 0x00000000d5580000)
  object space 221696K, 38% used [0x0000000080000000,0x00000000852f8478,0x000000008d880000)
 Metaspace       used 91908K, capacity 94328K, committed 94592K, reserved 1132544K
  class space    used 11182K, capacity 11600K, committed 11648K, reserved 1048576K
}
{Heap before GC invocations=42 (full 3):
 PSYoungGen      total 393216K, used 369268K [0x00000000d5580000, 0x00000000f0b80000, 0x0000000100000000)
  eden space 362496K, 100% used [0x00000000d5580000,0x00000000eb780000,0x00000000eb780000)
  from space 30720K, 22% used [0x00000000eed80000,0x00000000ef41d020,0x00000000f0b80000)
  to   space 43008K, 0% used [0x00000000eb780000,0x00000000eb780000,0x00000000ee180000)
 ParOldGen       total 221696K, used 84961K [0x0000000080000000, 0x000000008d880000, 0x00000000d5580000)
  object space 221696K, 38% used [0x0000000080000000,0x00000000852f8478,0x000000008d880000)
 Metaspace       used 91908K, capacity 94328K, committed 94592K, reserved 1132544K
  class space    used 11182K, capacity 11600K, committed 11648K, reserved 1048576K
2023-09-16T08:00:03.442+0600: 335677.153: [GC (Allocation Failure) [PSYoungGen: 369268K->4960K(355328K)] 454229K->90053K(577024K), 0.0227317 secs] [Times: user=0.04 sys=0.00, real=0.02 secs] 
Heap after GC invocations=42 (full 3):
 PSYoungGen      total 355328K, used 4960K [0x00000000d5580000, 0x00000000f0080000, 0x0000000100000000)
  eden space 350208K, 0% used [0x00000000d5580000,0x00000000d5580000,0x00000000eab80000)
  from space 5120K, 96% used [0x00000000eb780000,0x00000000ebc58240,0x00000000ebc80000)
  to   space 43520K, 0% used [0x00000000ed600000,0x00000000ed600000,0x00000000f0080000)
 ParOldGen       total 221696K, used 85093K [0x0000000080000000, 0x000000008d880000, 0x00000000d5580000)
  object space 221696K, 38% used [0x0000000080000000,0x0000000085319508,0x000000008d880000)
 Metaspace       used 91908K, capacity 94328K, committed 94592K, reserved 1132544K
  class space    used 11182K, capacity 11600K, committed 11648K, reserved 1048576K
}
{Heap before GC invocations=43 (full 3):
 PSYoungGen      total 355328K, used 355168K [0x00000000d5580000, 0x00000000f0080000, 0x0000000100000000)
  eden space 350208K, 100% used [0x00000000d5580000,0x00000000eab80000,0x00000000eab80000)
  from space 5120K, 96% used [0x00000000eb780000,0x00000000ebc58240,0x00000000ebc80000)
  to   space 43520K, 0% used [0x00000000ed600000,0x00000000ed600000,0x00000000f0080000)
 ParOldGen       total 221696K, used 85093K [0x0000000080000000, 0x000000008d880000, 0x00000000d5580000)
  object space 221696K, 38% used [0x0000000080000000,0x0000000085319508,0x000000008d880000)
 Metaspace       used 91982K, capacity 94436K, committed 94592K, reserved 1132544K
  class space    used 11192K, capacity 11618K, committed 11648K, reserved 1048576K
2023-09-16T12:24:28.904+0600: 351542.615: [GC (Allocation Failure) [PSYoungGen: 355168K->6786K(369152K)] 440261K->91920K(590848K), 0.0226175 secs] [Times: user=0.04 sys=0.00, real=0.03 secs] 
Heap after GC invocations=43 (full 3):
 PSYoungGen      total 369152K, used 6786K [0x00000000d5580000, 0x00000000ef400000, 0x0000000100000000)
  eden space 338432K, 0% used [0x00000000d5580000,0x00000000d5580000,0x00000000ea000000)
  from space 30720K, 22% used [0x00000000ed600000,0x00000000edca0b80,0x00000000ef400000)
  to   space 43008K, 0% used [0x00000000ea000000,0x00000000ea000000,0x00000000eca00000)
 ParOldGen       total 221696K, used 85133K [0x0000000080000000, 0x000000008d880000, 0x00000000d5580000)
  object space 221696K, 38% used [0x0000000080000000,0x0000000085323508,0x000000008d880000)
 Metaspace       used 91982K, capacity 94436K, committed 94592K, reserved 1132544K
  class space    used 11192K, capacity 11618K, committed 11648K, reserved 1048576K
}
{Heap before GC invocations=44 (full 3):
 PSYoungGen      total 369152K, used 345218K [0x00000000d5580000, 0x00000000ef400000, 0x0000000100000000)
  eden space 338432K, 100% used [0x00000000d5580000,0x00000000ea000000,0x00000000ea000000)
  from space 30720K, 22% used [0x00000000ed600000,0x00000000edca0b80,0x00000000ef400000)
  to   space 43008K, 0% used [0x00000000ea000000,0x00000000ea000000,0x00000000eca00000)
 ParOldGen       total 221696K, used 85133K [0x0000000080000000, 0x000000008d880000, 0x00000000d5580000)
  object space 221696K, 38% used [0x0000000080000000,0x0000000085323508,0x000000008d880000)
 Metaspace       used 92035K, capacity 94594K, committed 94848K, reserved 1132544K
  class space    used 11195K, capacity 11623K, committed 11648K, reserved 1048576K
2023-09-16T16:32:47.304+0600: 366441.015: [GC (Allocation Failure) [PSYoungGen: 345218K->7669K(334848K)] 430352K->93138K(556544K), 0.0242926 secs] [Times: user=0.03 sys=0.00, real=0.03 secs] 
Heap after GC invocations=44 (full 3):
 PSYoungGen      total 334848K, used 7669K [0x00000000d5580000, 0x00000000ee800000, 0x0000000100000000)
  eden space 327168K, 0% used [0x00000000d5580000,0x00000000d5580000,0x00000000e9500000)
  from space 7680K, 99% used [0x00000000ea000000,0x00000000ea77d4b0,0x00000000ea780000)
  to   space 42496K, 0% used [0x00000000ebe80000,0x00000000ebe80000,0x00000000ee800000)
 ParOldGen       total 221696K, used 85469K [0x0000000080000000, 0x000000008d880000, 0x00000000d5580000)
  object space 221696K, 38% used [0x0000000080000000,0x0000000085377508,0x000000008d880000)
 Metaspace       used 92035K, capacity 94594K, committed 94848K, reserved 1132544K
  class space    used 11195K, capacity 11623K, committed 11648K, reserved 1048576K
}
{Heap before GC invocations=45 (full 3):
 PSYoungGen      total 334848K, used 334837K [0x00000000d5580000, 0x00000000ee800000, 0x0000000100000000)
  eden space 327168K, 100% used [0x00000000d5580000,0x00000000e9500000,0x00000000e9500000)
  from space 7680K, 99% used [0x00000000ea000000,0x00000000ea77d4b0,0x00000000ea780000)
  to   space 42496K, 0% used [0x00000000ebe80000,0x00000000ebe80000,0x00000000ee800000)
 ParOldGen       total 221696K, used 85469K [0x0000000080000000, 0x000000008d880000, 0x00000000d5580000)
  object space 221696K, 38% used [0x0000000080000000,0x0000000085377508,0x000000008d880000)
 Metaspace       used 92089K, capacity 94612K, committed 94848K, reserved 1132544K
  class space    used 11197K, capacity 11626K, committed 11648K, reserved 1048576K
2023-09-16T20:30:04.136+0600: 380677.847: [GC (Allocation Failure) [PSYoungGen: 334837K->8214K(346112K)] 420306K->93831K(567808K), 0.0226223 secs] [Times: user=0.03 sys=0.00, real=0.02 secs] 
Heap after GC invocations=45 (full 3):
 PSYoungGen      total 346112K, used 8214K [0x00000000d5580000, 0x00000000edb80000, 0x0000000100000000)
  eden space 316416K, 0% used [0x00000000d5580000,0x00000000d5580000,0x00000000e8a80000)
  from space 29696K, 27% used [0x00000000ebe80000,0x00000000ec685950,0x00000000edb80000)
  to   space 41472K, 0% used [0x00000000e8a80000,0x00000000e8a80000,0x00000000eb300000)
 ParOldGen       total 221696K, used 85617K [0x0000000080000000, 0x000000008d880000, 0x00000000d5580000)
  object space 221696K, 38% used [0x0000000080000000,0x000000008539c538,0x000000008d880000)
 Metaspace       used 92089K, capacity 94612K, committed 94848K, reserved 1132544K
  class space    used 11197K, capacity 11626K, committed 11648K, reserved 1048576K
}
{Heap before GC invocations=46 (full 3):
 PSYoungGen      total 346112K, used 324630K [0x00000000d5580000, 0x00000000edb80000, 0x0000000100000000)
  eden space 316416K, 100% used [0x00000000d5580000,0x00000000e8a80000,0x00000000e8a80000)
  from space 29696K, 27% used [0x00000000ebe80000,0x00000000ec685950,0x00000000edb80000)
  to   space 41472K, 0% used [0x00000000e8a80000,0x00000000e8a80000,0x00000000eb300000)
 ParOldGen       total 221696K, used 85617K [0x0000000080000000, 0x000000008d880000, 0x00000000d5580000)
  object space 221696K, 38% used [0x0000000080000000,0x000000008539c538,0x000000008d880000)
 Metaspace       used 92313K, capacity 94840K, committed 95104K, reserved 1132544K
  class space    used 11201K, capacity 11632K, committed 11648K, reserved 1048576K
2023-09-16T23:56:54.572+0600: 393088.283: [GC (Allocation Failure) [PSYoungGen: 324630K->10249K(316928K)] 410247K->95950K(538624K), 0.0256925 secs] [Times: user=0.04 sys=0.00, real=0.03 secs] 
Heap after GC invocations=46 (full 3):
 PSYoungGen      total 316928K, used 10249K [0x00000000d5580000, 0x00000000ece80000, 0x0000000100000000)
  eden space 306176K, 0% used [0x00000000d5580000,0x00000000d5580000,0x00000000e8080000)
  from space 10752K, 95% used [0x00000000e8a80000,0x00000000e9482560,0x00000000e9500000)
  to   space 39936K, 0% used [0x00000000ea780000,0x00000000ea780000,0x00000000ece80000)
 ParOldGen       total 221696K, used 85701K [0x0000000080000000, 0x000000008d880000, 0x00000000d5580000)
  object space 221696K, 38% used [0x0000000080000000,0x00000000853b1568,0x000000008d880000)
 Metaspace       used 92313K, capacity 94840K, committed 95104K, reserved 1132544K
  class space    used 11201K, capacity 11632K, committed 11648K, reserved 1048576K
}
{Heap before GC invocations=47 (full 3):
 PSYoungGen      total 316928K, used 316425K [0x00000000d5580000, 0x00000000ece80000, 0x0000000100000000)
  eden space 306176K, 100% used [0x00000000d5580000,0x00000000e8080000,0x00000000e8080000)
  from space 10752K, 95% used [0x00000000e8a80000,0x00000000e9482560,0x00000000e9500000)
  to   space 39936K, 0% used [0x00000000ea780000,0x00000000ea780000,0x00000000ece80000)
 ParOldGen       total 221696K, used 85701K [0x0000000080000000, 0x000000008d880000, 0x00000000d5580000)
  object space 221696K, 38% used [0x0000000080000000,0x00000000853b1568,0x000000008d880000)
 Metaspace       used 92325K, capacity 94840K, committed 95104K, reserved 1132544K
  class space    used 11201K, capacity 11632K, committed 11648K, reserved 1048576K
2023-09-17T03:55:36.902+0600: 407410.613: [GC (Allocation Failure) [PSYoungGen: 316425K->4993K(324608K)] 402126K->90710K(546304K), 0.0215935 secs] [Times: user=0.04 sys=0.00, real=0.02 secs] 
Heap after GC invocations=47 (full 3):
 PSYoungGen      total 324608K, used 4993K [0x00000000d5580000, 0x00000000ec300000, 0x0000000100000000)
  eden space 296448K, 0% used [0x00000000d5580000,0x00000000d5580000,0x00000000e7700000)
  from space 28160K, 17% used [0x00000000ea780000,0x00000000eac604a0,0x00000000ec300000)
  to   space 38912K, 0% used [0x00000000e7700000,0x00000000e7700000,0x00000000e9d00000)
 ParOldGen       total 221696K, used 85717K [0x0000000080000000, 0x000000008d880000, 0x00000000d5580000)
  object space 221696K, 38% used [0x0000000080000000,0x00000000853b5568,0x000000008d880000)
 Metaspace       used 92325K, capacity 94840K, committed 95104K, reserved 1132544K
  class space    used 11201K, capacity 11632K, committed 11648K, reserved 1048576K
}
{Heap before GC invocations=48 (full 3):
 PSYoungGen      total 324608K, used 301441K [0x00000000d5580000, 0x00000000ec300000, 0x0000000100000000)
  eden space 296448K, 100% used [0x00000000d5580000,0x00000000e7700000,0x00000000e7700000)
  from space 28160K, 17% used [0x00000000ea780000,0x00000000eac604a0,0x00000000ec300000)
  to   space 38912K, 0% used [0x00000000e7700000,0x00000000e7700000,0x00000000e9d00000)
 ParOldGen       total 221696K, used 85717K [0x0000000080000000, 0x000000008d880000, 0x00000000d5580000)
  object space 221696K, 38% used [0x0000000080000000,0x00000000853b5568,0x000000008d880000)
 Metaspace       used 92329K, capacity 94904K, committed 95104K, reserved 1132544K
  class space    used 11201K, capacity 11632K, committed 11648K, reserved 1048576K
2023-09-17T07:59:15.600+0600: 422029.311: [GC (Allocation Failure) [PSYoungGen: 301441K->4368K(291840K)] 387158K->90125K(513536K), 0.0194647 secs] [Times: user=0.03 sys=0.00, real=0.02 secs] 
Heap after GC invocations=48 (full 3):
 PSYoungGen      total 291840K, used 4368K [0x00000000d5580000, 0x00000000eb900000, 0x0000000100000000)
  eden space 287232K, 0% used [0x00000000d5580000,0x00000000d5580000,0x00000000e6e00000)
  from space 4608K, 94% used [0x00000000e7700000,0x00000000e7b44010,0x00000000e7b80000)
  to   space 38400K, 0% used [0x00000000e9380000,0x00000000e9380000,0x00000000eb900000)
 ParOldGen       total 221696K, used 85757K [0x0000000080000000, 0x000000008d880000, 0x00000000d5580000)
  object space 221696K, 38% used [0x0000000080000000,0x00000000853bf568,0x000000008d880000)
 Metaspace       used 92329K, capacity 94904K, committed 95104K, reserved 1132544K
  class space    used 11201K, capacity 11632K, committed 11648K, reserved 1048576K
}
{Heap before GC invocations=49 (full 3):
 PSYoungGen      total 291840K, used 291600K [0x00000000d5580000, 0x00000000eb900000, 0x0000000100000000)
  eden space 287232K, 100% used [0x00000000d5580000,0x00000000e6e00000,0x00000000e6e00000)
  from space 4608K, 94% used [0x00000000e7700000,0x00000000e7b44010,0x00000000e7b80000)
  to   space 38400K, 0% used [0x00000000e9380000,0x00000000e9380000,0x00000000eb900000)
 ParOldGen       total 221696K, used 85757K [0x0000000080000000, 0x000000008d880000, 0x00000000d5580000)
  object space 221696K, 38% used [0x0000000080000000,0x00000000853bf568,0x000000008d880000)
 Metaspace       used 92338K, capacity 94904K, committed 95104K, reserved 1132544K
  class space    used 11201K, capacity 11632K, committed 11648K, reserved 1048576K
2023-09-17T11:44:33.432+0600: 435547.143: [GC (Allocation Failure) [PSYoungGen: 291600K->5539K(306176K)] 377357K->91441K(527872K), 0.0230698 secs] [Times: user=0.04 sys=0.00, real=0.02 secs] 
Heap after GC invocations=49 (full 3):
 PSYoungGen      total 306176K, used 5539K [0x00000000d5580000, 0x00000000eae80000, 0x0000000100000000)
  eden space 278528K, 0% used [0x00000000d5580000,0x00000000d5580000,0x00000000e6580000)
  from space 27648K, 20% used [0x00000000e9380000,0x00000000e98e8ff0,0x00000000eae80000)
  to   space 37376K, 0% used [0x00000000e6580000,0x00000000e6580000,0x00000000e8a00000)
 ParOldGen       total 221696K, used 85901K [0x0000000080000000, 0x000000008d880000, 0x00000000d5580000)
  object space 221696K, 38% used [0x0000000080000000,0x00000000853e3568,0x000000008d880000)
 Metaspace       used 92338K, capacity 94904K, committed 95104K, reserved 1132544K
  class space    used 11201K, capacity 11632K, committed 11648K, reserved 1048576K
}
{Heap before GC invocations=50 (full 3):
 PSYoungGen      total 306176K, used 284067K [0x00000000d5580000, 0x00000000eae80000, 0x0000000100000000)
  eden space 278528K, 99% used [0x00000000d5580000,0x00000000e657ffc8,0x00000000e6580000)
  from space 27648K, 20% used [0x00000000e9380000,0x00000000e98e8ff0,0x00000000eae80000)
  to   space 37376K, 0% used [0x00000000e6580000,0x00000000e6580000,0x00000000e8a00000)
 ParOldGen       total 221696K, used 85901K [0x0000000080000000, 0x000000008d880000, 0x00000000d5580000)
  object space 221696K, 38% used [0x0000000080000000,0x00000000853e3568,0x000000008d880000)
 Metaspace       used 92394K, capacity 94958K, committed 95104K, reserved 1132544K
  class space    used 11206K, capacity 11641K, committed 11648K, reserved 1048576K
2023-09-17T14:53:10.325+0600: 446864.036: [GC (Allocation Failure) [PSYoungGen: 284067K->8407K(279040K)] 369969K->94445K(500736K), 0.0197804 secs] [Times: user=0.03 sys=0.00, real=0.02 secs] 
Heap after GC invocations=50 (full 3):
 PSYoungGen      total 279040K, used 8407K [0x00000000d5580000, 0x00000000ea280000, 0x0000000100000000)
  eden space 270336K, 0% used [0x00000000d5580000,0x00000000d5580000,0x00000000e5d80000)
  from space 8704K, 96% used [0x00000000e6580000,0x00000000e6db5f50,0x00000000e6e00000)
  to   space 35328K, 0% used [0x00000000e8000000,0x00000000e8000000,0x00000000ea280000)
 ParOldGen       total 221696K, used 86037K [0x0000000080000000, 0x000000008d880000, 0x00000000d5580000)
  object space 221696K, 38% used [0x0000000080000000,0x00000000854055e8,0x000000008d880000)
 Metaspace       used 92394K, capacity 94958K, committed 95104K, reserved 1132544K
  class space    used 11206K, capacity 11641K, committed 11648K, reserved 1048576K
}
{Heap before GC invocations=51 (full 3):
 PSYoungGen      total 279040K, used 278742K [0x00000000d5580000, 0x00000000ea280000, 0x0000000100000000)
  eden space 270336K, 99% used [0x00000000d5580000,0x00000000e5d7fbb0,0x00000000e5d80000)
  from space 8704K, 96% used [0x00000000e6580000,0x00000000e6db5f50,0x00000000e6e00000)
  to   space 35328K, 0% used [0x00000000e8000000,0x00000000e8000000,0x00000000ea280000)
 ParOldGen       total 221696K, used 86037K [0x0000000080000000, 0x000000008d880000, 0x00000000d5580000)
  object space 221696K, 38% used [0x0000000080000000,0x00000000854055e8,0x000000008d880000)
 Metaspace       used 92459K, capacity 95040K, committed 95104K, reserved 1132544K
  class space    used 11208K, capacity 11644K, committed 11648K, reserved 1048576K
2023-09-17T17:52:59.251+0600: 457652.962: [GC (Allocation Failure) [PSYoungGen: 278742K->8533K(286208K)] 364780K->94689K(507904K), 0.0157673 secs] [Times: user=0.02 sys=0.00, real=0.02 secs] 
Heap after GC invocations=51 (full 3):
 PSYoungGen      total 286208K, used 8533K [0x00000000d5580000, 0x00000000e9780000, 0x0000000100000000)
  eden space 262144K, 0% used [0x00000000d5580000,0x00000000d5580000,0x00000000e5580000)
  from space 24064K, 35% used [0x00000000e8000000,0x00000000e88554f0,0x00000000e9780000)
  to   space 33792K, 0% used [0x00000000e5580000,0x00000000e5580000,0x00000000e7680000)
 ParOldGen       total 221696K, used 86156K [0x0000000080000000, 0x000000008d880000, 0x00000000d5580000)
  object space 221696K, 38% used [0x0000000080000000,0x0000000085423048,0x000000008d880000)
 Metaspace       used 92459K, capacity 95040K, committed 95104K, reserved 1132544K
  class space    used 11208K, capacity 11644K, committed 11648K, reserved 1048576K
}
{Heap before GC invocations=52 (full 3):
 PSYoungGen      total 286208K, used 270677K [0x00000000d5580000, 0x00000000e9780000, 0x0000000100000000)
  eden space 262144K, 100% used [0x00000000d5580000,0x00000000e5580000,0x00000000e5580000)
  from space 24064K, 35% used [0x00000000e8000000,0x00000000e88554f0,0x00000000e9780000)
  to   space 33792K, 0% used [0x00000000e5580000,0x00000000e5580000,0x00000000e7680000)
 ParOldGen       total 221696K, used 86156K [0x0000000080000000, 0x000000008d880000, 0x00000000d5580000)
  object space 221696K, 38% used [0x0000000080000000,0x0000000085423048,0x000000008d880000)
 Metaspace       used 92569K, capacity 95128K, committed 95360K, reserved 1132544K
  class space    used 11211K, capacity 11648K, committed 11648K, reserved 1048576K
2023-09-17T20:41:16.269+0600: 467749.980: [GC (Allocation Failure) [PSYoungGen: 270677K->8648K(263168K)] 356833K->94812K(484864K), 0.0167971 secs] [Times: user=0.03 sys=0.00, real=0.02 secs] 
Heap after GC invocations=52 (full 3):
 PSYoungGen      total 263168K, used 8648K [0x00000000d5580000, 0x00000000e8d00000, 0x0000000100000000)
  eden space 254464K, 0% used [0x00000000d5580000,0x00000000d5580000,0x00000000e4e00000)
  from space 8704K, 99% used [0x00000000e5580000,0x00000000e5df2230,0x00000000e5e00000)
  to   space 32256K, 0% used [0x00000000e6d80000,0x00000000e6d80000,0x00000000e8d00000)
 ParOldGen       total 221696K, used 86164K [0x0000000080000000, 0x000000008d880000, 0x00000000d5580000)
  object space 221696K, 38% used [0x0000000080000000,0x0000000085425048,0x000000008d880000)
 Metaspace       used 92569K, capacity 95128K, committed 95360K, reserved 1132544K
  class space    used 11211K, capacity 11648K, committed 11648K, reserved 1048576K
}
{Heap before GC invocations=53 (full 3):
 PSYoungGen      total 263168K, used 263112K [0x00000000d5580000, 0x00000000e8d00000, 0x0000000100000000)
  eden space 254464K, 100% used [0x00000000d5580000,0x00000000e4e00000,0x00000000e4e00000)
  from space 8704K, 99% used [0x00000000e5580000,0x00000000e5df2230,0x00000000e5e00000)
  to   space 32256K, 0% used [0x00000000e6d80000,0x00000000e6d80000,0x00000000e8d00000)
 ParOldGen       total 221696K, used 86164K [0x0000000080000000, 0x000000008d880000, 0x00000000d5580000)
  object space 221696K, 38% used [0x0000000080000000,0x0000000085425048,0x000000008d880000)
 Metaspace       used 92614K, capacity 95192K, committed 95360K, reserved 1132544K
  class space    used 11211K, capacity 11648K, committed 11648K, reserved 1048576K
2023-09-17T23:34:17.237+0600: 478130.947: [GC (Allocation Failure) [PSYoungGen: 263112K->9691K(268288K)] 349276K->95896K(489984K), 0.0184778 secs] [Times: user=0.03 sys=0.00, real=0.01 secs] 
Heap after GC invocations=53 (full 3):
 PSYoungGen      total 268288K, used 9691K [0x00000000d5580000, 0x00000000e8200000, 0x0000000100000000)
  eden space 247296K, 0% used [0x00000000d5580000,0x00000000d5580000,0x00000000e4700000)
  from space 20992K, 46% used [0x00000000e6d80000,0x00000000e76f6ff0,0x00000000e8200000)
  to   space 30208K, 0% used [0x00000000e4700000,0x00000000e4700000,0x00000000e6480000)
 ParOldGen       total 221696K, used 86204K [0x0000000080000000, 0x000000008d880000, 0x00000000d5580000)
  object space 221696K, 38% used [0x0000000080000000,0x000000008542f048,0x000000008d880000)
 Metaspace       used 92614K, capacity 95192K, committed 95360K, reserved 1132544K
  class space    used 11211K, capacity 11648K, committed 11648K, reserved 1048576K
}
{Heap before GC invocations=54 (full 3):
 PSYoungGen      total 268288K, used 256987K [0x00000000d5580000, 0x00000000e8200000, 0x0000000100000000)
  eden space 247296K, 100% used [0x00000000d5580000,0x00000000e4700000,0x00000000e4700000)
  from space 20992K, 46% used [0x00000000e6d80000,0x00000000e76f6ff0,0x00000000e8200000)
  to   space 30208K, 0% used [0x00000000e4700000,0x00000000e4700000,0x00000000e6480000)
 ParOldGen       total 221696K, used 86204K [0x0000000080000000, 0x000000008d880000, 0x00000000d5580000)
  object space 221696K, 38% used [0x0000000080000000,0x000000008542f048,0x000000008d880000)
 Metaspace       used 92649K, capacity 95192K, committed 95360K, reserved 1132544K
  class space    used 11211K, capacity 11648K, committed 11648K, reserved 1048576K
2023-09-18T02:03:54.670+0600: 487108.380: [GC (Allocation Failure) [PSYoungGen: 256987K->11696K(251904K)] 343192K->97956K(473600K), 0.0260917 secs] [Times: user=0.04 sys=0.00, real=0.03 secs] 
Heap after GC invocations=54 (full 3):
 PSYoungGen      total 251904K, used 11696K [0x00000000d5580000, 0x00000000e7800000, 0x0000000100000000)
  eden space 240128K, 0% used [0x00000000d5580000,0x00000000d5580000,0x00000000e4000000)
  from space 11776K, 99% used [0x00000000e4700000,0x00000000e526c010,0x00000000e5280000)
  to   space 28672K, 0% used [0x00000000e5c00000,0x00000000e5c00000,0x00000000e7800000)
 ParOldGen       total 221696K, used 86260K [0x0000000080000000, 0x000000008d880000, 0x00000000d5580000)
  object space 221696K, 38% used [0x0000000080000000,0x000000008543d048,0x000000008d880000)
 Metaspace       used 92649K, capacity 95192K, committed 95360K, reserved 1132544K
  class space    used 11211K, capacity 11648K, committed 11648K, reserved 1048576K
}
{Heap before GC invocations=55 (full 3):
 PSYoungGen      total 251904K, used 251824K [0x00000000d5580000, 0x00000000e7800000, 0x0000000100000000)
  eden space 240128K, 100% used [0x00000000d5580000,0x00000000e4000000,0x00000000e4000000)
  from space 11776K, 99% used [0x00000000e4700000,0x00000000e526c010,0x00000000e5280000)
  to   space 28672K, 0% used [0x00000000e5c00000,0x00000000e5c00000,0x00000000e7800000)
 ParOldGen       total 221696K, used 86260K [0x0000000080000000, 0x000000008d880000, 0x00000000d5580000)
  object space 221696K, 38% used [0x0000000080000000,0x000000008543d048,0x000000008d880000)
 Metaspace       used 92653K, capacity 95192K, committed 95360K, reserved 1132544K
  class space    used 11211K, capacity 11648K, committed 11648K, reserved 1048576K
2023-09-18T05:05:53.316+0600: 498027.027: [GC (Allocation Failure) [PSYoungGen: 251824K->4640K(254464K)] 338084K->90980K(476160K), 0.0198882 secs] [Times: user=0.03 sys=0.00, real=0.02 secs] 
Heap after GC invocations=55 (full 3):
 PSYoungGen      total 254464K, used 4640K [0x00000000d5580000, 0x00000000e7080000, 0x0000000100000000)
  eden space 233472K, 0% used [0x00000000d5580000,0x00000000d5580000,0x00000000e3980000)
  from space 20992K, 22% used [0x00000000e5c00000,0x00000000e6088040,0x00000000e7080000)
  to   space 28160K, 0% used [0x00000000e3980000,0x00000000e3980000,0x00000000e5500000)
 ParOldGen       total 221696K, used 86340K [0x0000000080000000, 0x000000008d880000, 0x00000000d5580000)
  object space 221696K, 38% used [0x0000000080000000,0x0000000085451048,0x000000008d880000)
 Metaspace       used 92653K, capacity 95192K, committed 95360K, reserved 1132544K
  class space    used 11211K, capacity 11648K, committed 11648K, reserved 1048576K
}
{Heap before GC invocations=56 (full 3):
 PSYoungGen      total 254464K, used 238112K [0x00000000d5580000, 0x00000000e7080000, 0x0000000100000000)
  eden space 233472K, 100% used [0x00000000d5580000,0x00000000e3980000,0x00000000e3980000)
  from space 20992K, 22% used [0x00000000e5c00000,0x00000000e6088040,0x00000000e7080000)
  to   space 28160K, 0% used [0x00000000e3980000,0x00000000e3980000,0x00000000e5500000)
 ParOldGen       total 221696K, used 86340K [0x0000000080000000, 0x000000008d880000, 0x00000000d5580000)
  object space 221696K, 38% used [0x0000000080000000,0x0000000085451048,0x000000008d880000)
 Metaspace       used 92653K, capacity 95192K, committed 95360K, reserved 1132544K
  class space    used 11211K, capacity 11648K, committed 11648K, reserved 1048576K
2023-09-18T08:21:08.909+0600: 509742.620: [GC (Allocation Failure) [PSYoungGen: 238112K->3808K(230912K)] 324452K->90172K(452608K), 0.0152158 secs] [Times: user=0.02 sys=0.00, real=0.01 secs] 
Heap after GC invocations=56 (full 3):
 PSYoungGen      total 230912K, used 3808K [0x00000000d5580000, 0x00000000e6900000, 0x0000000100000000)
  eden space 226816K, 0% used [0x00000000d5580000,0x00000000d5580000,0x00000000e3300000)
  from space 4096K, 92% used [0x00000000e3980000,0x00000000e3d38000,0x00000000e3d80000)
  to   space 27648K, 0% used [0x00000000e4e00000,0x00000000e4e00000,0x00000000e6900000)
 ParOldGen       total 221696K, used 86364K [0x0000000080000000, 0x000000008d880000, 0x00000000d5580000)
  object space 221696K, 38% used [0x0000000080000000,0x0000000085457048,0x000000008d880000)
 Metaspace       used 92653K, capacity 95192K, committed 95360K, reserved 1132544K
  class space    used 11211K, capacity 11648K, committed 11648K, reserved 1048576K
}
{Heap before GC invocations=57 (full 3):
 PSYoungGen      total 230912K, used 230624K [0x00000000d5580000, 0x00000000e6900000, 0x0000000100000000)
  eden space 226816K, 100% used [0x00000000d5580000,0x00000000e3300000,0x00000000e3300000)
  from space 4096K, 92% used [0x00000000e3980000,0x00000000e3d38000,0x00000000e3d80000)
  to   space 27648K, 0% used [0x00000000e4e00000,0x00000000e4e00000,0x00000000e6900000)
 ParOldGen       total 221696K, used 86364K [0x0000000080000000, 0x000000008d880000, 0x00000000d5580000)
  object space 221696K, 38% used [0x0000000080000000,0x0000000085457048,0x000000008d880000)
 Metaspace       used 92672K, capacity 95192K, committed 95360K, reserved 1132544K
  class space    used 11213K, capacity 11648K, committed 11648K, reserved 1048576K
2023-09-18T11:15:58.887+0600: 520232.598: [GC (Allocation Failure) [PSYoungGen: 230624K->4849K(240128K)] 316988K->91221K(461824K), 0.0151000 secs] [Times: user=0.02 sys=0.00, real=0.01 secs] 
Heap after GC invocations=57 (full 3):
 PSYoungGen      total 240128K, used 4849K [0x00000000d5580000, 0x00000000e6100000, 0x0000000100000000)
  eden space 220672K, 0% used [0x00000000d5580000,0x00000000d5580000,0x00000000e2d00000)
  from space 19456K, 24% used [0x00000000e4e00000,0x00000000e52bc6f0,0x00000000e6100000)
  to   space 26624K, 0% used [0x00000000e2d00000,0x00000000e2d00000,0x00000000e4700000)
 ParOldGen       total 221696K, used 86372K [0x0000000080000000, 0x000000008d880000, 0x00000000d5580000)
  object space 221696K, 38% used [0x0000000080000000,0x0000000085459048,0x000000008d880000)
 Metaspace       used 92672K, capacity 95192K, committed 95360K, reserved 1132544K
  class space    used 11213K, capacity 11648K, committed 11648K, reserved 1048576K
}
{Heap before GC invocations=58 (full 3):
 PSYoungGen      total 240128K, used 225521K [0x00000000d5580000, 0x00000000e6100000, 0x0000000100000000)
  eden space 220672K, 100% used [0x00000000d5580000,0x00000000e2d00000,0x00000000e2d00000)
  from space 19456K, 24% used [0x00000000e4e00000,0x00000000e52bc6f0,0x00000000e6100000)
  to   space 26624K, 0% used [0x00000000e2d00000,0x00000000e2d00000,0x00000000e4700000)
 ParOldGen       total 221696K, used 86372K [0x0000000080000000, 0x000000008d880000, 0x00000000d5580000)
  object space 221696K, 38% used [0x0000000080000000,0x0000000085459048,0x000000008d880000)
 Metaspace       used 92764K, capacity 95342K, committed 95488K, reserved 1132544K
  class space    used 11219K, capacity 11689K, committed 11776K, reserved 1048576K
2023-09-18T13:07:31.175+0600: 526924.886: [GC (Allocation Failure) [PSYoungGen: 225521K->10553K(225280K)] 311893K->96981K(446976K), 0.0233755 secs] [Times: user=0.04 sys=0.00, real=0.03 secs] 
Heap after GC invocations=58 (full 3):
 PSYoungGen      total 225280K, used 10553K [0x00000000d5580000, 0x00000000e5900000, 0x0000000100000000)
  eden space 214528K, 0% used [0x00000000d5580000,0x00000000d5580000,0x00000000e2700000)
  from space 10752K, 98% used [0x00000000e2d00000,0x00000000e374e4f0,0x00000000e3780000)
  to   space 25600K, 0% used [0x00000000e4000000,0x00000000e4000000,0x00000000e5900000)
 ParOldGen       total 221696K, used 86428K [0x0000000080000000, 0x000000008d880000, 0x00000000d5580000)
  object space 221696K, 38% used [0x0000000080000000,0x0000000085467068,0x000000008d880000)
 Metaspace       used 92764K, capacity 95342K, committed 95488K, reserved 1132544K
  class space    used 11219K, capacity 11689K, committed 11776K, reserved 1048576K
}
{Heap before GC invocations=59 (full 3):
 PSYoungGen      total 225280K, used 225081K [0x00000000d5580000, 0x00000000e5900000, 0x0000000100000000)
  eden space 214528K, 100% used [0x00000000d5580000,0x00000000e2700000,0x00000000e2700000)
  from space 10752K, 98% used [0x00000000e2d00000,0x00000000e374e4f0,0x00000000e3780000)
  to   space 25600K, 0% used [0x00000000e4000000,0x00000000e4000000,0x00000000e5900000)
 ParOldGen       total 221696K, used 86428K [0x0000000080000000, 0x000000008d880000, 0x00000000d5580000)
  object space 221696K, 38% used [0x0000000080000000,0x0000000085467068,0x000000008d880000)
 Metaspace       used 92818K, capacity 95424K, committed 95744K, reserved 1132544K
  class space    used 11221K, capacity 11692K, committed 11776K, reserved 1048576K
2023-09-18T14:53:32.458+0600: 533286.169: [GC (Allocation Failure) [PSYoungGen: 225081K->10807K(225792K)] 311509K->97267K(447488K), 0.0253878 secs] [Times: user=0.04 sys=0.00, real=0.02 secs] 
Heap after GC invocations=59 (full 3):
 PSYoungGen      total 225792K, used 10807K [0x00000000d5580000, 0x00000000e5080000, 0x0000000100000000)
  eden space 208896K, 0% used [0x00000000d5580000,0x00000000d5580000,0x00000000e2180000)
  from space 16896K, 63% used [0x00000000e4000000,0x00000000e4a8de90,0x00000000e5080000)
  to   space 24064K, 0% used [0x00000000e2180000,0x00000000e2180000,0x00000000e3900000)
 ParOldGen       total 221696K, used 86460K [0x0000000080000000, 0x000000008d880000, 0x00000000d5580000)
  object space 221696K, 38% used [0x0000000080000000,0x000000008546f068,0x000000008d880000)
 Metaspace       used 92818K, capacity 95424K, committed 95744K, reserved 1132544K
  class space    used 11221K, capacity 11692K, committed 11776K, reserved 1048576K
}
{Heap before GC invocations=60 (full 3):
 PSYoungGen      total 225792K, used 219696K [0x00000000d5580000, 0x00000000e5080000, 0x0000000100000000)
  eden space 208896K, 99% used [0x00000000d5580000,0x00000000e217e490,0x00000000e2180000)
  from space 16896K, 63% used [0x00000000e4000000,0x00000000e4a8de90,0x00000000e5080000)
  to   space 24064K, 0% used [0x00000000e2180000,0x00000000e2180000,0x00000000e3900000)
 ParOldGen       total 221696K, used 86460K [0x0000000080000000, 0x000000008d880000, 0x00000000d5580000)
  object space 221696K, 38% used [0x0000000080000000,0x000000008546f068,0x000000008d880000)
 Metaspace       used 92862K, capacity 95560K, committed 95744K, reserved 1132544K
  class space    used 11228K, capacity 11704K, committed 11776K, reserved 1048576K
2023-09-18T17:03:30.694+0600: 541084.405: [GC (Allocation Failure) [PSYoungGen: 219696K->9110K(212480K)] 306156K->95587K(434176K), 0.0151780 secs] [Times: user=0.03 sys=0.00, real=0.02 secs] 
Heap after GC invocations=60 (full 3):
 PSYoungGen      total 212480K, used 9110K [0x00000000d5580000, 0x00000000e4900000, 0x0000000100000000)
  eden space 203264K, 0% used [0x00000000d5580000,0x00000000d5580000,0x00000000e1c00000)
  from space 9216K, 98% used [0x00000000e2180000,0x00000000e2a65bd0,0x00000000e2a80000)
  to   space 23040K, 0% used [0x00000000e3280000,0x00000000e3280000,0x00000000e4900000)
 ParOldGen       total 221696K, used 86476K [0x0000000080000000, 0x000000008d880000, 0x00000000d5580000)
  object space 221696K, 39% used [0x0000000080000000,0x0000000085473068,0x000000008d880000)
 Metaspace       used 92862K, capacity 95560K, committed 95744K, reserved 1132544K
  class space    used 11228K, capacity 11704K, committed 11776K, reserved 1048576K
}
{Heap before GC invocations=61 (full 3):
 PSYoungGen      total 212480K, used 212374K [0x00000000d5580000, 0x00000000e4900000, 0x0000000100000000)
  eden space 203264K, 100% used [0x00000000d5580000,0x00000000e1c00000,0x00000000e1c00000)
  from space 9216K, 98% used [0x00000000e2180000,0x00000000e2a65bd0,0x00000000e2a80000)
  to   space 23040K, 0% used [0x00000000e3280000,0x00000000e3280000,0x00000000e4900000)
 ParOldGen       total 221696K, used 86476K [0x0000000080000000, 0x000000008d880000, 0x00000000d5580000)
  object space 221696K, 39% used [0x0000000080000000,0x0000000085473068,0x000000008d880000)
 Metaspace       used 92891K, capacity 95560K, committed 95744K, reserved 1132544K
  class space    used 11228K, capacity 11704K, committed 11776K, reserved 1048576K
2023-09-18T19:20:32.761+0600: 549306.471: [GC (Allocation Failure) [PSYoungGen: 212374K->7361K(214016K)] 298851K->93869K(435712K), 0.0230118 secs] [Times: user=0.04 sys=0.00, real=0.02 secs] 
Heap after GC invocations=61 (full 3):
 PSYoungGen      total 214016K, used 7361K [0x00000000d5580000, 0x00000000e4200000, 0x0000000100000000)
  eden space 198144K, 0% used [0x00000000d5580000,0x00000000d5580000,0x00000000e1700000)
  from space 15872K, 46% used [0x00000000e3280000,0x00000000e39b0790,0x00000000e4200000)
  to   space 22016K, 0% used [0x00000000e1700000,0x00000000e1700000,0x00000000e2c80000)
 ParOldGen       total 221696K, used 86508K [0x0000000080000000, 0x000000008d880000, 0x00000000d5580000)
  object space 221696K, 39% used [0x0000000080000000,0x000000008547b068,0x000000008d880000)
 Metaspace       used 92891K, capacity 95560K, committed 95744K, reserved 1132544K
  class space    used 11228K, capacity 11704K, committed 11776K, reserved 1048576K
}
{Heap before GC invocations=62 (full 3):
 PSYoungGen      total 214016K, used 205505K [0x00000000d5580000, 0x00000000e4200000, 0x0000000100000000)
  eden space 198144K, 100% used [0x00000000d5580000,0x00000000e1700000,0x00000000e1700000)
  from space 15872K, 46% used [0x00000000e3280000,0x00000000e39b0790,0x00000000e4200000)
  to   space 22016K, 0% used [0x00000000e1700000,0x00000000e1700000,0x00000000e2c80000)
 ParOldGen       total 221696K, used 86508K [0x0000000080000000, 0x000000008d880000, 0x00000000d5580000)
  object space 221696K, 39% used [0x0000000080000000,0x000000008547b068,0x000000008d880000)
 Metaspace       used 92921K, capacity 95584K, committed 95744K, reserved 1132544K
  class space    used 11230K, capacity 11708K, committed 11776K, reserved 1048576K
2023-09-18T21:28:12.780+0600: 556966.491: [GC (Allocation Failure) [PSYoungGen: 205505K->7494K(200704K)] 292013K->94018K(422400K), 0.0246205 secs] [Times: user=0.04 sys=0.00, real=0.02 secs] 
Heap after GC invocations=62 (full 3):
 PSYoungGen      total 200704K, used 7494K [0x00000000d5580000, 0x00000000e3b00000, 0x0000000100000000)
  eden space 193024K, 0% used [0x00000000d5580000,0x00000000d5580000,0x00000000e1200000)
  from space 7680K, 97% used [0x00000000e1700000,0x00000000e1e51b50,0x00000000e1e80000)
  to   space 20992K, 0% used [0x00000000e2680000,0x00000000e2680000,0x00000000e3b00000)
 ParOldGen       total 221696K, used 86524K [0x0000000080000000, 0x000000008d880000, 0x00000000d5580000)
  object space 221696K, 39% used [0x0000000080000000,0x000000008547f068,0x000000008d880000)
 Metaspace       used 92921K, capacity 95584K, committed 95744K, reserved 1132544K
  class space    used 11230K, capacity 11708K, committed 11776K, reserved 1048576K
}
{Heap before GC invocations=63 (full 3):
 PSYoungGen      total 200704K, used 200518K [0x00000000d5580000, 0x00000000e3b00000, 0x0000000100000000)
  eden space 193024K, 100% used [0x00000000d5580000,0x00000000e1200000,0x00000000e1200000)
  from space 7680K, 97% used [0x00000000e1700000,0x00000000e1e51b50,0x00000000e1e80000)
  to   space 20992K, 0% used [0x00000000e2680000,0x00000000e2680000,0x00000000e3b00000)
 ParOldGen       total 221696K, used 86524K [0x0000000080000000, 0x000000008d880000, 0x00000000d5580000)
  object space 221696K, 39% used [0x0000000080000000,0x000000008547f068,0x000000008d880000)
 Metaspace       used 92929K, capacity 95584K, committed 95744K, reserved 1132544K
  class space    used 11230K, capacity 11708K, committed 11776K, reserved 1048576K
2023-09-18T23:46:11.500+0600: 565245.211: [GC (Allocation Failure) [PSYoungGen: 200518K->6756K(202752K)] 287042K->93288K(424448K), 0.0196855 secs] [Times: user=0.03 sys=0.00, real=0.02 secs] 
Heap after GC invocations=63 (full 3):
 PSYoungGen      total 202752K, used 6756K [0x00000000d5580000, 0x00000000e3500000, 0x0000000100000000)
  eden space 187904K, 0% used [0x00000000d5580000,0x00000000d5580000,0x00000000e0d00000)
  from space 14848K, 45% used [0x00000000e2680000,0x00000000e2d19030,0x00000000e3500000)
  to   space 20480K, 0% used [0x00000000e0d00000,0x00000000e0d00000,0x00000000e2100000)
 ParOldGen       total 221696K, used 86532K [0x0000000080000000, 0x000000008d880000, 0x00000000d5580000)
  object space 221696K, 39% used [0x0000000080000000,0x0000000085481068,0x000000008d880000)
 Metaspace       used 92929K, capacity 95584K, committed 95744K, reserved 1132544K
  class space    used 11230K, capacity 11708K, committed 11776K, reserved 1048576K
}
{Heap before GC invocations=64 (full 3):
 PSYoungGen      total 202752K, used 194660K [0x00000000d5580000, 0x00000000e3500000, 0x0000000100000000)
  eden space 187904K, 99% used [0x00000000d5580000,0x00000000e0cfffd8,0x00000000e0d00000)
  from space 14848K, 45% used [0x00000000e2680000,0x00000000e2d19030,0x00000000e3500000)
  to   space 20480K, 0% used [0x00000000e0d00000,0x00000000e0d00000,0x00000000e2100000)
 ParOldGen       total 221696K, used 86532K [0x0000000080000000, 0x000000008d880000, 0x00000000d5580000)
  object space 221696K, 39% used [0x0000000080000000,0x0000000085481068,0x000000008d880000)
 Metaspace       used 92929K, capacity 95584K, committed 95744K, reserved 1132544K
  class space    used 11230K, capacity 11708K, committed 11776K, reserved 1048576K
2023-09-19T02:16:57.355+0600: 574291.066: [GC (Allocation Failure) [PSYoungGen: 194660K->3776K(187392K)] 281192K->90324K(409088K), 0.0170611 secs] [Times: user=0.03 sys=0.00, real=0.02 secs] 
Heap after GC invocations=64 (full 3):
 PSYoungGen      total 187392K, used 3776K [0x00000000d5580000, 0x00000000e2f80000, 0x0000000100000000)
  eden space 183296K, 0% used [0x00000000d5580000,0x00000000d5580000,0x00000000e0880000)
  from space 4096K, 92% used [0x00000000e0d00000,0x00000000e10b0000,0x00000000e1100000)
  to   space 19968K, 0% used [0x00000000e1c00000,0x00000000e1c00000,0x00000000e2f80000)
 ParOldGen       total 221696K, used 86548K [0x0000000080000000, 0x000000008d880000, 0x00000000d5580000)
  object space 221696K, 39% used [0x0000000080000000,0x0000000085485068,0x000000008d880000)
 Metaspace       used 92929K, capacity 95584K, committed 95744K, reserved 1132544K
  class space    used 11230K, capacity 11708K, committed 11776K, reserved 1048576K
}
{Heap before GC invocations=65 (full 3):
 PSYoungGen      total 187392K, used 187072K [0x00000000d5580000, 0x00000000e2f80000, 0x0000000100000000)
  eden space 183296K, 100% used [0x00000000d5580000,0x00000000e0880000,0x00000000e0880000)
  from space 4096K, 92% used [0x00000000e0d00000,0x00000000e10b0000,0x00000000e1100000)
  to   space 19968K, 0% used [0x00000000e1c00000,0x00000000e1c00000,0x00000000e2f80000)
 ParOldGen       total 221696K, used 86548K [0x0000000080000000, 0x000000008d880000, 0x00000000d5580000)
  object space 221696K, 39% used [0x0000000080000000,0x0000000085485068,0x000000008d880000)
 Metaspace       used 92929K, capacity 95584K, committed 95744K, reserved 1132544K
  class space    used 11230K, capacity 11708K, committed 11776K, reserved 1048576K
2023-09-19T04:45:39.205+0600: 583212.916: [GC (Allocation Failure) [PSYoungGen: 187072K->3680K(194048K)] 273620K->90292K(415744K), 0.0183660 secs] [Times: user=0.03 sys=0.00, real=0.02 secs] 
Heap after GC invocations=65 (full 3):
 PSYoungGen      total 194048K, used 3680K [0x00000000d5580000, 0x00000000e2b00000, 0x0000000100000000)
  eden space 178688K, 0% used [0x00000000d5580000,0x00000000d5580000,0x00000000e0400000)
  from space 15360K, 23% used [0x00000000e1c00000,0x00000000e1f98000,0x00000000e2b00000)
  to   space 19968K, 0% used [0x00000000e0400000,0x00000000e0400000,0x00000000e1780000)
 ParOldGen       total 221696K, used 86612K [0x0000000080000000, 0x000000008d880000, 0x00000000d5580000)
  object space 221696K, 39% used [0x0000000080000000,0x0000000085495088,0x000000008d880000)
 Metaspace       used 92929K, capacity 95584K, committed 95744K, reserved 1132544K
  class space    used 11230K, capacity 11708K, committed 11776K, reserved 1048576K
}
{Heap before GC invocations=66 (full 3):
 PSYoungGen      total 194048K, used 182368K [0x00000000d5580000, 0x00000000e2b00000, 0x0000000100000000)
  eden space 178688K, 100% used [0x00000000d5580000,0x00000000e0400000,0x00000000e0400000)
  from space 15360K, 23% used [0x00000000e1c00000,0x00000000e1f98000,0x00000000e2b00000)
  to   space 19968K, 0% used [0x00000000e0400000,0x00000000e0400000,0x00000000e1780000)
 ParOldGen       total 221696K, used 86612K [0x0000000080000000, 0x000000008d880000, 0x00000000d5580000)
  object space 221696K, 39% used [0x0000000080000000,0x0000000085495088,0x000000008d880000)
 Metaspace       used 92929K, capacity 95584K, committed 95744K, reserved 1132544K
  class space    used 11230K, capacity 11708K, committed 11776K, reserved 1048576K
2023-09-19T07:12:21.335+0600: 592015.046: [GC (Allocation Failure) [PSYoungGen: 182368K->3616K(178688K)] 268980K->90268K(400384K), 0.0196793 secs] [Times: user=0.03 sys=0.00, real=0.02 secs] 
Heap after GC invocations=66 (full 3):
 PSYoungGen      total 178688K, used 3616K [0x00000000d5580000, 0x00000000e2600000, 0x0000000100000000)
  eden space 174592K, 0% used [0x00000000d5580000,0x00000000d5580000,0x00000000e0000000)
  from space 4096K, 88% used [0x00000000e0400000,0x00000000e0788000,0x00000000e0800000)
  to   space 19456K, 0% used [0x00000000e1300000,0x00000000e1300000,0x00000000e2600000)
 ParOldGen       total 221696K, used 86652K [0x0000000080000000, 0x000000008d880000, 0x00000000d5580000)
  object space 221696K, 39% used [0x0000000080000000,0x000000008549f088,0x000000008d880000)
 Metaspace       used 92929K, capacity 95584K, committed 95744K, reserved 1132544K
  class space    used 11230K, capacity 11708K, committed 11776K, reserved 1048576K
}
{Heap before GC invocations=67 (full 3):
 PSYoungGen      total 178688K, used 178208K [0x00000000d5580000, 0x00000000e2600000, 0x0000000100000000)
  eden space 174592K, 100% used [0x00000000d5580000,0x00000000e0000000,0x00000000e0000000)
  from space 4096K, 88% used [0x00000000e0400000,0x00000000e0788000,0x00000000e0800000)
  to   space 19456K, 0% used [0x00000000e1300000,0x00000000e1300000,0x00000000e2600000)
 ParOldGen       total 221696K, used 86652K [0x0000000080000000, 0x000000008d880000, 0x00000000d5580000)
  object space 221696K, 39% used [0x0000000080000000,0x000000008549f088,0x000000008d880000)
 Metaspace       used 92937K, capacity 95584K, committed 95744K, reserved 1132544K
  class space    used 11230K, capacity 11708K, committed 11776K, reserved 1048576K
2023-09-19T09:30:56.175+0600: 600329.886: [GC (Allocation Failure) [PSYoungGen: 178208K->4561K(184832K)] 264860K->91265K(406528K), 0.0148889 secs] [Times: user=0.03 sys=0.00, real=0.02 secs] 
Heap after GC invocations=67 (full 3):
 PSYoungGen      total 184832K, used 4561K [0x00000000d5580000, 0x00000000e2100000, 0x0000000100000000)
  eden space 170496K, 0% used [0x00000000d5580000,0x00000000d5580000,0x00000000dfc00000)
  from space 14336K, 31% used [0x00000000e1300000,0x00000000e17744c0,0x00000000e2100000)
  to   space 18944K, 0% used [0x00000000dfc00000,0x00000000dfc00000,0x00000000e0e80000)
 ParOldGen       total 221696K, used 86704K [0x0000000080000000, 0x000000008d880000, 0x00000000d5580000)
  object space 221696K, 39% used [0x0000000080000000,0x00000000854ac098,0x000000008d880000)
 Metaspace       used 92937K, capacity 95584K, committed 95744K, reserved 1132544K
  class space    used 11230K, capacity 11708K, committed 11776K, reserved 1048576K
}
{Heap before GC invocations=68 (full 3):
 PSYoungGen      total 184832K, used 175057K [0x00000000d5580000, 0x00000000e2100000, 0x0000000100000000)
  eden space 170496K, 100% used [0x00000000d5580000,0x00000000dfc00000,0x00000000dfc00000)
  from space 14336K, 31% used [0x00000000e1300000,0x00000000e17744c0,0x00000000e2100000)
  to   space 18944K, 0% used [0x00000000dfc00000,0x00000000dfc00000,0x00000000e0e80000)
 ParOldGen       total 221696K, used 86704K [0x0000000080000000, 0x000000008d880000, 0x00000000d5580000)
  object space 221696K, 39% used [0x0000000080000000,0x00000000854ac098,0x000000008d880000)
 Metaspace       used 92986K, capacity 95702K, committed 96000K, reserved 1134592K
  class space    used 11235K, capacity 11717K, committed 11776K, reserved 1048576K
2023-09-19T11:11:40.620+0600: 606374.331: [GC (Allocation Failure) [PSYoungGen: 175057K->7665K(174080K)] 261761K->94401K(395776K), 0.0184729 secs] [Times: user=0.03 sys=0.00, real=0.02 secs] 
Heap after GC invocations=68 (full 3):
 PSYoungGen      total 174080K, used 7665K [0x00000000d5580000, 0x00000000e1b00000, 0x0000000100000000)
  eden space 166400K, 0% used [0x00000000d5580000,0x00000000d5580000,0x00000000df800000)
  from space 7680K, 99% used [0x00000000dfc00000,0x00000000e037c580,0x00000000e0380000)
  to   space 17920K, 0% used [0x00000000e0980000,0x00000000e0980000,0x00000000e1b00000)
 ParOldGen       total 221696K, used 86736K [0x0000000080000000, 0x000000008d880000, 0x00000000d5580000)
  object space 221696K, 39% used [0x0000000080000000,0x00000000854b4098,0x000000008d880000)
 Metaspace       used 92986K, capacity 95702K, committed 96000K, reserved 1134592K
  class space    used 11235K, capacity 11717K, committed 11776K, reserved 1048576K
}
{Heap before GC invocations=69 (full 3):
 PSYoungGen      total 174080K, used 174065K [0x00000000d5580000, 0x00000000e1b00000, 0x0000000100000000)
  eden space 166400K, 100% used [0x00000000d5580000,0x00000000df800000,0x00000000df800000)
  from space 7680K, 99% used [0x00000000dfc00000,0x00000000e037c580,0x00000000e0380000)
  to   space 17920K, 0% used [0x00000000e0980000,0x00000000e0980000,0x00000000e1b00000)
 ParOldGen       total 221696K, used 86736K [0x0000000080000000, 0x000000008d880000, 0x00000000d5580000)
  object space 221696K, 39% used [0x0000000080000000,0x00000000854b4098,0x000000008d880000)
 Metaspace       used 93082K, capacity 95750K, committed 96000K, reserved 1134592K
  class space    used 11248K, capacity 11725K, committed 11776K, reserved 1048576K
2023-09-19T12:50:00.917+0600: 612274.627: [GC (Allocation Failure) [PSYoungGen: 174065K->8648K(175104K)] 260801K->95408K(396800K), 0.0208762 secs] [Times: user=0.03 sys=0.00, real=0.02 secs] 
Heap after GC invocations=69 (full 3):
 PSYoungGen      total 175104K, used 8648K [0x00000000d5580000, 0x00000000e1600000, 0x0000000100000000)
  eden space 162304K, 0% used [0x00000000d5580000,0x00000000d5580000,0x00000000df400000)
  from space 12800K, 67% used [0x00000000e0980000,0x00000000e11f2060,0x00000000e1600000)
  to   space 17408K, 0% used [0x00000000df400000,0x00000000df400000,0x00000000e0500000)
 ParOldGen       total 221696K, used 86760K [0x0000000080000000, 0x000000008d880000, 0x00000000d5580000)
  object space 221696K, 39% used [0x0000000080000000,0x00000000854ba098,0x000000008d880000)
 Metaspace       used 93082K, capacity 95750K, committed 96000K, reserved 1134592K
  class space    used 11248K, capacity 11725K, committed 11776K, reserved 1048576K
}
{Heap before GC invocations=70 (full 3):
 PSYoungGen      total 175104K, used 170952K [0x00000000d5580000, 0x00000000e1600000, 0x0000000100000000)
  eden space 162304K, 100% used [0x00000000d5580000,0x00000000df400000,0x00000000df400000)
  from space 12800K, 67% used [0x00000000e0980000,0x00000000e11f2060,0x00000000e1600000)
  to   space 17408K, 0% used [0x00000000df400000,0x00000000df400000,0x00000000e0500000)
 ParOldGen       total 221696K, used 86760K [0x0000000080000000, 0x000000008d880000, 0x00000000d5580000)
  object space 221696K, 39% used [0x0000000080000000,0x00000000854ba098,0x000000008d880000)
 Metaspace       used 93110K, capacity 95832K, committed 96000K, reserved 1134592K
  class space    used 11249K, capacity 11728K, committed 11776K, reserved 1048576K
2023-09-19T14:33:14.256+0600: 618467.966: [GC (Allocation Failure) [PSYoungGen: 170952K->7812K(166912K)] 257712K->94588K(388608K), 0.0202957 secs] [Times: user=0.03 sys=0.00, real=0.03 secs] 
Heap after GC invocations=70 (full 3):
 PSYoungGen      total 166912K, used 7812K [0x00000000d5580000, 0x00000000e1080000, 0x0000000100000000)
  eden space 158720K, 0% used [0x00000000d5580000,0x00000000d5580000,0x00000000df080000)
  from space 8192K, 95% used [0x00000000df400000,0x00000000dfba1090,0x00000000dfc00000)
  to   space 16384K, 0% used [0x00000000e0080000,0x00000000e0080000,0x00000000e1080000)
 ParOldGen       total 221696K, used 86776K [0x0000000080000000, 0x000000008d880000, 0x00000000d5580000)
  object space 221696K, 39% used [0x0000000080000000,0x00000000854be098,0x000000008d880000)
 Metaspace       used 93110K, capacity 95832K, committed 96000K, reserved 1134592K
  class space    used 11249K, capacity 11728K, committed 11776K, reserved 1048576K
}
{Heap before GC invocations=71 (full 3):
 PSYoungGen      total 166912K, used 166525K [0x00000000d5580000, 0x00000000e1080000, 0x0000000100000000)
  eden space 158720K, 99% used [0x00000000d5580000,0x00000000df07e640,0x00000000df080000)
  from space 8192K, 95% used [0x00000000df400000,0x00000000dfba1090,0x00000000dfc00000)
  to   space 16384K, 0% used [0x00000000e0080000,0x00000000e0080000,0x00000000e1080000)
 ParOldGen       total 221696K, used 86776K [0x0000000080000000, 0x000000008d880000, 0x00000000d5580000)
  object space 221696K, 39% used [0x0000000080000000,0x00000000854be098,0x000000008d880000)
 Metaspace       used 93125K, capacity 95850K, committed 96000K, reserved 1134592K
  class space    used 11251K, capacity 11731K, committed 11776K, reserved 1048576K
2023-09-19T16:29:44.248+0600: 625457.959: [GC (Allocation Failure) [PSYoungGen: 166525K->5330K(166912K)] 253301K->92107K(388608K), 0.0197111 secs] [Times: user=0.03 sys=0.00, real=0.02 secs] 
Heap after GC invocations=71 (full 3):
 PSYoungGen      total 166912K, used 5330K [0x00000000d5580000, 0x00000000e0c00000, 0x0000000100000000)
  eden space 155136K, 0% used [0x00000000d5580000,0x00000000d5580000,0x00000000ded00000)
  from space 11776K, 45% used [0x00000000e0080000,0x00000000e05b4b90,0x00000000e0c00000)
  to   space 15872K, 0% used [0x00000000ded00000,0x00000000ded00000,0x00000000dfc80000)
 ParOldGen       total 221696K, used 86776K [0x0000000080000000, 0x000000008d880000, 0x00000000d5580000)
  object space 221696K, 39% used [0x0000000080000000,0x00000000854be098,0x000000008d880000)
 Metaspace       used 93125K, capacity 95850K, committed 96000K, reserved 1134592K
  class space    used 11251K, capacity 11731K, committed 11776K, reserved 1048576K
}
{Heap before GC invocations=72 (full 3):
 PSYoungGen      total 166912K, used 160466K [0x00000000d5580000, 0x00000000e0c00000, 0x0000000100000000)
  eden space 155136K, 100% used [0x00000000d5580000,0x00000000ded00000,0x00000000ded00000)
  from space 11776K, 45% used [0x00000000e0080000,0x00000000e05b4b90,0x00000000e0c00000)
  to   space 15872K, 0% used [0x00000000ded00000,0x00000000ded00000,0x00000000dfc80000)
 ParOldGen       total 221696K, used 86776K [0x0000000080000000, 0x000000008d880000, 0x00000000d5580000)
  object space 221696K, 39% used [0x0000000080000000,0x00000000854be098,0x000000008d880000)
 Metaspace       used 93132K, capacity 95850K, committed 96000K, reserved 1134592K
  class space    used 11251K, capacity 11731K, committed 11776K, reserved 1048576K
2023-09-19T18:11:44.396+0600: 631578.107: [GC (Allocation Failure) [PSYoungGen: 160466K->4599K(156160K)] 247243K->91391K(377856K), 0.0183994 secs] [Times: user=0.03 sys=0.00, real=0.01 secs] 
Heap after GC invocations=72 (full 3):
 PSYoungGen      total 156160K, used 4599K [0x00000000d5580000, 0x00000000e0780000, 0x0000000100000000)
  eden space 151552K, 0% used [0x00000000d5580000,0x00000000d5580000,0x00000000de980000)
  from space 4608K, 99% used [0x00000000ded00000,0x00000000df17def0,0x00000000df180000)
  to   space 15360K, 0% used [0x00000000df880000,0x00000000df880000,0x00000000e0780000)
 ParOldGen       total 221696K, used 86792K [0x0000000080000000, 0x000000008d880000, 0x00000000d5580000)
  object space 221696K, 39% used [0x0000000080000000,0x00000000854c2098,0x000000008d880000)
 Metaspace       used 93132K, capacity 95850K, committed 96000K, reserved 1134592K
  class space    used 11251K, capacity 11731K, committed 11776K, reserved 1048576K
}
{Heap before GC invocations=73 (full 3):
 PSYoungGen      total 156160K, used 156151K [0x00000000d5580000, 0x00000000e0780000, 0x0000000100000000)
  eden space 151552K, 100% used [0x00000000d5580000,0x00000000de980000,0x00000000de980000)
  from space 4608K, 99% used [0x00000000ded00000,0x00000000df17def0,0x00000000df180000)
  to   space 15360K, 0% used [0x00000000df880000,0x00000000df880000,0x00000000e0780000)
 ParOldGen       total 221696K, used 86792K [0x0000000080000000, 0x000000008d880000, 0x00000000d5580000)
  object space 221696K, 39% used [0x0000000080000000,0x00000000854c2098,0x000000008d880000)
 Metaspace       used 93362K, capacity 96054K, committed 96256K, reserved 1134592K
  class space    used 11275K, capacity 11733K, committed 11776K, reserved 1048576K
2023-09-19T19:52:12.549+0600: 637606.260: [GC (Allocation Failure) [PSYoungGen: 156151K->5893K(158720K)] 242943K->92781K(380416K), 0.0217563 secs] [Times: user=0.03 sys=0.00, real=0.02 secs] 
Heap after GC invocations=73 (full 3):
 PSYoungGen      total 158720K, used 5893K [0x00000000d5580000, 0x00000000e0300000, 0x0000000100000000)
  eden space 147968K, 0% used [0x00000000d5580000,0x00000000d5580000,0x00000000de600000)
  from space 10752K, 54% used [0x00000000df880000,0x00000000dfe415d0,0x00000000e0300000)
  to   space 14848K, 0% used [0x00000000de600000,0x00000000de600000,0x00000000df480000)
 ParOldGen       total 221696K, used 86888K [0x0000000080000000, 0x000000008d880000, 0x00000000d5580000)
  object space 221696K, 39% used [0x0000000080000000,0x00000000854da0c8,0x000000008d880000)
 Metaspace       used 93362K, capacity 96054K, committed 96256K, reserved 1134592K
  class space    used 11275K, capacity 11733K, committed 11776K, reserved 1048576K
}
{Heap before GC invocations=74 (full 3):
 PSYoungGen      total 158720K, used 153861K [0x00000000d5580000, 0x00000000e0300000, 0x0000000100000000)
  eden space 147968K, 100% used [0x00000000d5580000,0x00000000de600000,0x00000000de600000)
  from space 10752K, 54% used [0x00000000df880000,0x00000000dfe415d0,0x00000000e0300000)
  to   space 14848K, 0% used [0x00000000de600000,0x00000000de600000,0x00000000df480000)
 ParOldGen       total 221696K, used 86888K [0x0000000080000000, 0x000000008d880000, 0x00000000d5580000)
  object space 221696K, 39% used [0x0000000080000000,0x00000000854da0c8,0x000000008d880000)
 Metaspace       used 93405K, capacity 96142K, committed 96256K, reserved 1134592K
  class space    used 11277K, capacity 11737K, committed 11776K, reserved 1048576K
2023-09-19T21:27:25.399+0600: 643319.110: [GC (Allocation Failure) [PSYoungGen: 153861K->6215K(151552K)] 240749K->93143K(373248K), 0.0168199 secs] [Times: user=0.03 sys=0.00, real=0.02 secs] 
Heap after GC invocations=74 (full 3):
 PSYoungGen      total 151552K, used 6215K [0x00000000d5580000, 0x00000000dff00000, 0x0000000100000000)
  eden space 144896K, 0% used [0x00000000d5580000,0x00000000d5580000,0x00000000de300000)
  from space 6656K, 93% used [0x00000000de600000,0x00000000dec11d20,0x00000000dec80000)
  to   space 14336K, 0% used [0x00000000df100000,0x00000000df100000,0x00000000dff00000)
 ParOldGen       total 221696K, used 86928K [0x0000000080000000, 0x000000008d880000, 0x00000000d5580000)
  object space 221696K, 39% used [0x0000000080000000,0x00000000854e40c8,0x000000008d880000)
 Metaspace       used 93405K, capacity 96142K, committed 96256K, reserved 1134592K
  class space    used 11277K, capacity 11737K, committed 11776K, reserved 1048576K
}
{Heap before GC invocations=75 (full 3):
 PSYoungGen      total 151552K, used 151111K [0x00000000d5580000, 0x00000000dff00000, 0x0000000100000000)
  eden space 144896K, 100% used [0x00000000d5580000,0x00000000de300000,0x00000000de300000)
  from space 6656K, 93% used [0x00000000de600000,0x00000000dec11d20,0x00000000dec80000)
  to   space 14336K, 0% used [0x00000000df100000,0x00000000df100000,0x00000000dff00000)
 ParOldGen       total 221696K, used 86928K [0x0000000080000000, 0x000000008d880000, 0x00000000d5580000)
  object space 221696K, 39% used [0x0000000080000000,0x00000000854e40c8,0x000000008d880000)
 Metaspace       used 93405K, capacity 96142K, committed 96256K, reserved 1134592K
  class space    used 11277K, capacity 11737K, committed 11776K, reserved 1048576K
2023-09-19T23:17:39.368+0600: 649933.079: [GC (Allocation Failure) [PSYoungGen: 151111K->4640K(152064K)] 238039K->91624K(373760K), 0.0186277 secs] [Times: user=0.03 sys=0.00, real=0.02 secs] 
Heap after GC invocations=75 (full 3):
 PSYoungGen      total 152064K, used 4640K [0x00000000d5580000, 0x00000000dfb00000, 0x0000000100000000)
  eden space 141824K, 0% used [0x00000000d5580000,0x00000000d5580000,0x00000000de000000)
  from space 10240K, 45% used [0x00000000df100000,0x00000000df588020,0x00000000dfb00000)
  to   space 13824K, 0% used [0x00000000de000000,0x00000000de000000,0x00000000ded80000)
 ParOldGen       total 221696K, used 86984K [0x0000000080000000, 0x000000008d880000, 0x00000000d5580000)
  object space 221696K, 39% used [0x0000000080000000,0x00000000854f20c8,0x000000008d880000)
 Metaspace       used 93405K, capacity 96142K, committed 96256K, reserved 1134592K
  class space    used 11277K, capacity 11737K, committed 11776K, reserved 1048576K
}
{Heap before GC invocations=76 (full 3):
 PSYoungGen      total 152064K, used 146464K [0x00000000d5580000, 0x00000000dfb00000, 0x0000000100000000)
  eden space 141824K, 100% used [0x00000000d5580000,0x00000000de000000,0x00000000de000000)
  from space 10240K, 45% used [0x00000000df100000,0x00000000df588020,0x00000000dfb00000)
  to   space 13824K, 0% used [0x00000000de000000,0x00000000de000000,0x00000000ded80000)
 ParOldGen       total 221696K, used 86984K [0x0000000080000000, 0x000000008d880000, 0x00000000d5580000)
  object space 221696K, 39% used [0x0000000080000000,0x00000000854f20c8,0x000000008d880000)
 Metaspace       used 93407K, capacity 96142K, committed 96256K, reserved 1134592K
  class space    used 11277K, capacity 11737K, committed 11776K, reserved 1048576K
2023-09-20T01:02:00.841+0600: 656194.552: [GC (Allocation Failure) [PSYoungGen: 146464K->4935K(143872K)] 233448K->91935K(365568K), 0.0181309 secs] [Times: user=0.04 sys=0.00, real=0.02 secs] 
Heap after GC invocations=76 (full 3):
 PSYoungGen      total 143872K, used 4935K [0x00000000d5580000, 0x00000000df700000, 0x0000000100000000)
  eden space 138752K, 0% used [0x00000000d5580000,0x00000000d5580000,0x00000000ddd00000)
  from space 5120K, 96% used [0x00000000de000000,0x00000000de4d1ed0,0x00000000de500000)
  to   space 13312K, 0% used [0x00000000dea00000,0x00000000dea00000,0x00000000df700000)
 ParOldGen       total 221696K, used 87000K [0x0000000080000000, 0x000000008d880000, 0x00000000d5580000)
  object space 221696K, 39% used [0x0000000080000000,0x00000000854f60c8,0x000000008d880000)
 Metaspace       used 93407K, capacity 96142K, committed 96256K, reserved 1134592K
  class space    used 11277K, capacity 11737K, committed 11776K, reserved 1048576K
}
{Heap before GC invocations=77 (full 3):
 PSYoungGen      total 143872K, used 143687K [0x00000000d5580000, 0x00000000df700000, 0x0000000100000000)
  eden space 138752K, 100% used [0x00000000d5580000,0x00000000ddd00000,0x00000000ddd00000)
  from space 5120K, 96% used [0x00000000de000000,0x00000000de4d1ed0,0x00000000de500000)
  to   space 13312K, 0% used [0x00000000dea00000,0x00000000dea00000,0x00000000df700000)
 ParOldGen       total 221696K, used 87000K [0x0000000080000000, 0x000000008d880000, 0x00000000d5580000)
  object space 221696K, 39% used [0x0000000080000000,0x00000000854f60c8,0x000000008d880000)
 Metaspace       used 93409K, capacity 96142K, committed 96256K, reserved 1134592K
  class space    used 11277K, capacity 11737K, committed 11776K, reserved 1048576K
2023-09-20T02:56:09.660+0600: 663043.370: [GC (Allocation Failure) [PSYoungGen: 143687K->3872K(145920K)] 230687K->90888K(367616K), 0.0159862 secs] [Times: user=0.03 sys=0.00, real=0.01 secs] 
Heap after GC invocations=77 (full 3):
 PSYoungGen      total 145920K, used 3872K [0x00000000d5580000, 0x00000000df400000, 0x0000000100000000)
  eden space 135680K, 0% used [0x00000000d5580000,0x00000000d5580000,0x00000000dda00000)
  from space 10240K, 37% used [0x00000000dea00000,0x00000000dedc8000,0x00000000df400000)
  to   space 13312K, 0% used [0x00000000dda00000,0x00000000dda00000,0x00000000de700000)
 ParOldGen       total 221696K, used 87016K [0x0000000080000000, 0x000000008d880000, 0x00000000d5580000)
  object space 221696K, 39% used [0x0000000080000000,0x00000000854fa0c8,0x000000008d880000)
 Metaspace       used 93409K, capacity 96142K, committed 96256K, reserved 1134592K
  class space    used 11277K, capacity 11737K, committed 11776K, reserved 1048576K
}
{Heap before GC invocations=78 (full 3):
 PSYoungGen      total 145920K, used 139552K [0x00000000d5580000, 0x00000000df400000, 0x0000000100000000)
  eden space 135680K, 100% used [0x00000000d5580000,0x00000000dda00000,0x00000000dda00000)
  from space 10240K, 37% used [0x00000000dea00000,0x00000000dedc8000,0x00000000df400000)
  to   space 13312K, 0% used [0x00000000dda00000,0x00000000dda00000,0x00000000de700000)
 ParOldGen       total 221696K, used 87016K [0x0000000080000000, 0x000000008d880000, 0x00000000d5580000)
  object space 221696K, 39% used [0x0000000080000000,0x00000000854fa0c8,0x000000008d880000)
 Metaspace       used 93409K, capacity 96142K, committed 96256K, reserved 1134592K
  class space    used 11277K, capacity 11737K, committed 11776K, reserved 1048576K
2023-09-20T04:50:08.166+0600: 669881.876: [GC (Allocation Failure) [PSYoungGen: 139552K->3808K(137216K)] 226568K->90848K(358912K), 0.0129885 secs] [Times: user=0.02 sys=0.00, real=0.02 secs] 
Heap after GC invocations=78 (full 3):
 PSYoungGen      total 137216K, used 3808K [0x00000000d5580000, 0x00000000df080000, 0x0000000100000000)
  eden space 133120K, 0% used [0x00000000d5580000,0x00000000d5580000,0x00000000dd780000)
  from space 4096K, 92% used [0x00000000dda00000,0x00000000dddb8000,0x00000000dde00000)
  to   space 12800K, 0% used [0x00000000de400000,0x00000000de400000,0x00000000df080000)
 ParOldGen       total 221696K, used 87040K [0x0000000080000000, 0x000000008d880000, 0x00000000d5580000)
  object space 221696K, 39% used [0x0000000080000000,0x00000000855000c8,0x000000008d880000)
 Metaspace       used 93409K, capacity 96142K, committed 96256K, reserved 1134592K
  class space    used 11277K, capacity 11737K, committed 11776K, reserved 1048576K
}
{Heap before GC invocations=79 (full 3):
 PSYoungGen      total 137216K, used 136928K [0x00000000d5580000, 0x00000000df080000, 0x0000000100000000)
  eden space 133120K, 100% used [0x00000000d5580000,0x00000000dd780000,0x00000000dd780000)
  from space 4096K, 92% used [0x00000000dda00000,0x00000000dddb8000,0x00000000dde00000)
  to   space 12800K, 0% used [0x00000000de400000,0x00000000de400000,0x00000000df080000)
 ParOldGen       total 221696K, used 87040K [0x0000000080000000, 0x000000008d880000, 0x00000000d5580000)
  object space 221696K, 39% used [0x0000000080000000,0x00000000855000c8,0x000000008d880000)
 Metaspace       used 93409K, capacity 96142K, committed 96256K, reserved 1134592K
  class space    used 11277K, capacity 11737K, committed 11776K, reserved 1048576K
2023-09-20T06:34:19.582+0600: 676133.293: [GC (Allocation Failure) [PSYoungGen: 136928K->3840K(140800K)] 223968K->90880K(362496K), 0.0166447 secs] [Times: user=0.02 sys=0.00, real=0.02 secs] 
Heap after GC invocations=79 (full 3):
 PSYoungGen      total 140800K, used 3840K [0x00000000d5580000, 0x00000000dee00000, 0x0000000100000000)
  eden space 130560K, 0% used [0x00000000d5580000,0x00000000d5580000,0x00000000dd500000)
  from space 10240K, 37% used [0x00000000de400000,0x00000000de7c0000,0x00000000dee00000)
  to   space 12800K, 0% used [0x00000000dd500000,0x00000000dd500000,0x00000000de180000)
 ParOldGen       total 221696K, used 87040K [0x0000000080000000, 0x000000008d880000, 0x00000000d5580000)
  object space 221696K, 39% used [0x0000000080000000,0x00000000855000c8,0x000000008d880000)
 Metaspace       used 93409K, capacity 96142K, committed 96256K, reserved 1134592K
  class space    used 11277K, capacity 11737K, committed 11776K, reserved 1048576K
}
{Heap before GC invocations=80 (full 3):
 PSYoungGen      total 140800K, used 134400K [0x00000000d5580000, 0x00000000dee00000, 0x0000000100000000)
  eden space 130560K, 100% used [0x00000000d5580000,0x00000000dd500000,0x00000000dd500000)
  from space 10240K, 37% used [0x00000000de400000,0x00000000de7c0000,0x00000000dee00000)
  to   space 12800K, 0% used [0x00000000dd500000,0x00000000dd500000,0x00000000de180000)
 ParOldGen       total 221696K, used 87040K [0x0000000080000000, 0x000000008d880000, 0x00000000d5580000)
  object space 221696K, 39% used [0x0000000080000000,0x00000000855000c8,0x000000008d880000)
 Metaspace       used 93411K, capacity 96142K, committed 96256K, reserved 1134592K
  class space    used 11277K, capacity 11737K, committed 11776K, reserved 1048576K
2023-09-20T08:21:50.961+0600: 682584.672: [GC (Allocation Failure) [PSYoungGen: 134400K->3776K(132096K)] 221440K->90816K(353792K), 0.0191331 secs] [Times: user=0.04 sys=0.00, real=0.02 secs] 
Heap after GC invocations=80 (full 3):
 PSYoungGen      total 132096K, used 3776K [0x00000000d5580000, 0x00000000dea80000, 0x0000000100000000)
  eden space 128000K, 0% used [0x00000000d5580000,0x00000000d5580000,0x00000000dd280000)
  from space 4096K, 92% used [0x00000000dd500000,0x00000000dd8b0000,0x00000000dd900000)
  to   space 12288K, 0% used [0x00000000dde80000,0x00000000dde80000,0x00000000dea80000)
 ParOldGen       total 221696K, used 87040K [0x0000000080000000, 0x000000008d880000, 0x00000000d5580000)
  object space 221696K, 39% used [0x0000000080000000,0x00000000855000c8,0x000000008d880000)
 Metaspace       used 93411K, capacity 96142K, committed 96256K, reserved 1134592K
  class space    used 11277K, capacity 11737K, committed 11776K, reserved 1048576K
}
{Heap before GC invocations=81 (full 3):
 PSYoungGen      total 132096K, used 131776K [0x00000000d5580000, 0x00000000dea80000, 0x0000000100000000)
  eden space 128000K, 100% used [0x00000000d5580000,0x00000000dd280000,0x00000000dd280000)
  from space 4096K, 92% used [0x00000000dd500000,0x00000000dd8b0000,0x00000000dd900000)
  to   space 12288K, 0% used [0x00000000dde80000,0x00000000dde80000,0x00000000dea80000)
 ParOldGen       total 221696K, used 87040K [0x0000000080000000, 0x000000008d880000, 0x00000000d5580000)
  object space 221696K, 39% used [0x0000000080000000,0x00000000855000c8,0x000000008d880000)
 Metaspace       used 93415K, capacity 96148K, committed 96256K, reserved 1134592K
  class space    used 11278K, capacity 11738K, committed 11776K, reserved 1048576K
2023-09-20T09:43:06.839+0600: 687460.549: [GC (Allocation Failure) [PSYoungGen: 131776K->6305K(134144K)] 218816K->93346K(355840K), 0.0199085 secs] [Times: user=0.03 sys=0.00, real=0.02 secs] 
Heap after GC invocations=81 (full 3):
 PSYoungGen      total 134144K, used 6305K [0x00000000d5580000, 0x00000000de700000, 0x0000000100000000)
  eden space 125440K, 0% used [0x00000000d5580000,0x00000000d5580000,0x00000000dd000000)
  from space 8704K, 72% used [0x00000000dde80000,0x00000000de4a8750,0x00000000de700000)
  to   space 11776K, 0% used [0x00000000dd000000,0x00000000dd000000,0x00000000ddb80000)
 ParOldGen       total 221696K, used 87040K [0x0000000080000000, 0x000000008d880000, 0x00000000d5580000)
  object space 221696K, 39% used [0x0000000080000000,0x00000000855000c8,0x000000008d880000)
 Metaspace       used 93415K, capacity 96148K, committed 96256K, reserved 1134592K
  class space    used 11278K, capacity 11738K, committed 11776K, reserved 1048576K
}
{Heap before GC invocations=82 (full 3):
 PSYoungGen      total 134144K, used 131745K [0x00000000d5580000, 0x00000000de700000, 0x0000000100000000)
  eden space 125440K, 100% used [0x00000000d5580000,0x00000000dd000000,0x00000000dd000000)
  from space 8704K, 72% used [0x00000000dde80000,0x00000000de4a8750,0x00000000de700000)
  to   space 11776K, 0% used [0x00000000dd000000,0x00000000dd000000,0x00000000ddb80000)
 ParOldGen       total 221696K, used 87040K [0x0000000080000000, 0x000000008d880000, 0x00000000d5580000)
  object space 221696K, 39% used [0x0000000080000000,0x00000000855000c8,0x000000008d880000)
 Metaspace       used 93437K, capacity 96184K, committed 96256K, reserved 1134592K
  class space    used 11281K, capacity 11744K, committed 11776K, reserved 1048576K
2023-09-20T11:04:36.931+0600: 692350.642: [GC (Allocation Failure) [PSYoungGen: 131745K->5987K(129024K)] 218786K->93043K(350720K), 0.0186068 secs] [Times: user=0.03 sys=0.00, real=0.02 secs] 
Heap after GC invocations=82 (full 3):
 PSYoungGen      total 129024K, used 5987K [0x00000000d5580000, 0x00000000de380000, 0x0000000100000000)
  eden space 122880K, 0% used [0x00000000d5580000,0x00000000d5580000,0x00000000dcd80000)
  from space 6144K, 97% used [0x00000000dd000000,0x00000000dd5d8de0,0x00000000dd600000)
  to   space 11264K, 0% used [0x00000000dd880000,0x00000000dd880000,0x00000000de380000)
 ParOldGen       total 221696K, used 87056K [0x0000000080000000, 0x000000008d880000, 0x00000000d5580000)
  object space 221696K, 39% used [0x0000000080000000,0x00000000855040c8,0x000000008d880000)
 Metaspace       used 93437K, capacity 96184K, committed 96256K, reserved 1134592K
  class space    used 11281K, capacity 11744K, committed 11776K, reserved 1048576K
}
{Heap before GC invocations=83 (full 3):
 PSYoungGen      total 129024K, used 128867K [0x00000000d5580000, 0x00000000de380000, 0x0000000100000000)
  eden space 122880K, 99% used [0x00000000d5580000,0x00000000dcd7ff38,0x00000000dcd80000)
  from space 6144K, 97% used [0x00000000dd000000,0x00000000dd5d8de0,0x00000000dd600000)
  to   space 11264K, 0% used [0x00000000dd880000,0x00000000dd880000,0x00000000de380000)
 ParOldGen       total 221696K, used 87056K [0x0000000080000000, 0x000000008d880000, 0x00000000d5580000)
  object space 221696K, 39% used [0x0000000080000000,0x00000000855040c8,0x000000008d880000)
 Metaspace       used 93464K, capacity 96190K, committed 96256K, reserved 1134592K
  class space    used 11282K, capacity 11745K, committed 11776K, reserved 1048576K
2023-09-20T12:12:36.186+0600: 696429.897: [GC (Allocation Failure) [PSYoungGen: 128867K->7955K(130048K)] 215923K->95051K(351744K), 0.0195935 secs] [Times: user=0.03 sys=0.00, real=0.02 secs] 
Heap after GC invocations=83 (full 3):
 PSYoungGen      total 130048K, used 7955K [0x00000000d5580000, 0x00000000de200000, 0x0000000100000000)
  eden space 120320K, 0% used [0x00000000d5580000,0x00000000d5580000,0x00000000dcb00000)
  from space 9728K, 81% used [0x00000000dd880000,0x00000000de044e20,0x00000000de200000)
  to   space 11776K, 0% used [0x00000000dcb00000,0x00000000dcb00000,0x00000000dd680000)
 ParOldGen       total 221696K, used 87096K [0x0000000080000000, 0x000000008d880000, 0x00000000d5580000)
  object space 221696K, 39% used [0x0000000080000000,0x000000008550e0c8,0x000000008d880000)
 Metaspace       used 93464K, capacity 96190K, committed 96256K, reserved 1134592K
  class space    used 11282K, capacity 11745K, committed 11776K, reserved 1048576K
}
{Heap before GC invocations=84 (full 3):
 PSYoungGen      total 130048K, used 128275K [0x00000000d5580000, 0x00000000de200000, 0x0000000100000000)
  eden space 120320K, 100% used [0x00000000d5580000,0x00000000dcb00000,0x00000000dcb00000)
  from space 9728K, 81% used [0x00000000dd880000,0x00000000de044e20,0x00000000de200000)
  to   space 11776K, 0% used [0x00000000dcb00000,0x00000000dcb00000,0x00000000dd680000)
 ParOldGen       total 221696K, used 87096K [0x0000000080000000, 0x000000008d880000, 0x00000000d5580000)
  object space 221696K, 39% used [0x0000000080000000,0x000000008550e0c8,0x000000008d880000)
 Metaspace       used 93494K, capacity 96296K, committed 96512K, reserved 1134592K
  class space    used 11286K, capacity 11752K, committed 11776K, reserved 1048576K
2023-09-20T13:23:01.164+0600: 700654.875: [GC (Allocation Failure) [PSYoungGen: 128275K->6305K(124928K)] 215371K->93482K(346624K), 0.0225110 secs] [Times: user=0.04 sys=0.00, real=0.03 secs] 
Heap after GC invocations=84 (full 3):
 PSYoungGen      total 124928K, used 6305K [0x00000000d5580000, 0x00000000ddf00000, 0x0000000100000000)
  eden space 118272K, 0% used [0x00000000d5580000,0x00000000d5580000,0x00000000dc900000)
  from space 6656K, 94% used [0x00000000dcb00000,0x00000000dd128740,0x00000000dd180000)
  to   space 11264K, 0% used [0x00000000dd400000,0x00000000dd400000,0x00000000ddf00000)
 ParOldGen       total 221696K, used 87176K [0x0000000080000000, 0x000000008d880000, 0x00000000d5580000)
  object space 221696K, 39% used [0x0000000080000000,0x00000000855220c8,0x000000008d880000)
 Metaspace       used 93494K, capacity 96296K, committed 96512K, reserved 1134592K
  class space    used 11286K, capacity 11752K, committed 11776K, reserved 1048576K
}
{Heap before GC invocations=85 (full 3):
 PSYoungGen      total 124928K, used 124577K [0x00000000d5580000, 0x00000000ddf00000, 0x0000000100000000)
  eden space 118272K, 100% used [0x00000000d5580000,0x00000000dc900000,0x00000000dc900000)
  from space 6656K, 94% used [0x00000000dcb00000,0x00000000dd128740,0x00000000dd180000)
  to   space 11264K, 0% used [0x00000000dd400000,0x00000000dd400000,0x00000000ddf00000)
 ParOldGen       total 221696K, used 87176K [0x0000000080000000, 0x000000008d880000, 0x00000000d5580000)
  object space 221696K, 39% used [0x0000000080000000,0x00000000855220c8,0x000000008d880000)
 Metaspace       used 93565K, capacity 96368K, committed 96512K, reserved 1134592K
  class space    used 11292K, capacity 11764K, committed 11776K, reserved 1048576K
2023-09-20T14:20:49.065+0600: 704122.776: [GC (Allocation Failure) [PSYoungGen: 124577K->8484K(126464K)] 211754K->95700K(348160K), 0.0201124 secs] [Times: user=0.03 sys=0.00, real=0.02 secs] 
Heap after GC invocations=85 (full 3):
 PSYoungGen      total 126464K, used 8484K [0x00000000d5580000, 0x00000000dde00000, 0x0000000100000000)
  eden space 116224K, 0% used [0x00000000d5580000,0x00000000d5580000,0x00000000dc700000)
  from space 10240K, 82% used [0x00000000dd400000,0x00000000ddc492c0,0x00000000dde00000)
  to   space 11776K, 0% used [0x00000000dc700000,0x00000000dc700000,0x00000000dd280000)
 ParOldGen       total 221696K, used 87216K [0x0000000080000000, 0x000000008d880000, 0x00000000d5580000)
  object space 221696K, 39% used [0x0000000080000000,0x000000008552c0c8,0x000000008d880000)
 Metaspace       used 93565K, capacity 96368K, committed 96512K, reserved 1134592K
  class space    used 11292K, capacity 11764K, committed 11776K, reserved 1048576K
}
{Heap before GC invocations=86 (full 3):
 PSYoungGen      total 126464K, used 124708K [0x00000000d5580000, 0x00000000dde00000, 0x0000000100000000)
  eden space 116224K, 100% used [0x00000000d5580000,0x00000000dc700000,0x00000000dc700000)
  from space 10240K, 82% used [0x00000000dd400000,0x00000000ddc492c0,0x00000000dde00000)
  to   space 11776K, 0% used [0x00000000dc700000,0x00000000dc700000,0x00000000dd280000)
 ParOldGen       total 221696K, used 87216K [0x0000000080000000, 0x000000008d880000, 0x00000000d5580000)
  object space 221696K, 39% used [0x0000000080000000,0x000000008552c0c8,0x000000008d880000)
 Metaspace       used 93571K, capacity 96400K, committed 96640K, reserved 1134592K
  class space    used 11293K, capacity 11796K, committed 11904K, reserved 1048576K
2023-09-20T15:19:20.698+0600: 707634.409: [GC (Allocation Failure) [PSYoungGen: 124708K->8806K(123392K)] 211924K->96046K(345088K), 0.0222173 secs] [Times: user=0.03 sys=0.00, real=0.02 secs] 
Heap after GC invocations=86 (full 3):
 PSYoungGen      total 123392K, used 8806K [0x00000000d5580000, 0x00000000ddd00000, 0x0000000100000000)
  eden space 114176K, 0% used [0x00000000d5580000,0x00000000d5580000,0x00000000dc500000)
  from space 9216K, 95% used [0x00000000dc700000,0x00000000dcf999c0,0x00000000dd000000)
  to   space 12288K, 0% used [0x00000000dd100000,0x00000000dd100000,0x00000000ddd00000)
 ParOldGen       total 221696K, used 87240K [0x0000000080000000, 0x000000008d880000, 0x00000000d5580000)
  object space 221696K, 39% used [0x0000000080000000,0x00000000855320c8,0x000000008d880000)
 Metaspace       used 93571K, capacity 96400K, committed 96640K, reserved 1134592K
  class space    used 11293K, capacity 11796K, committed 11904K, reserved 1048576K
}
{Heap before GC invocations=87 (full 3):
 PSYoungGen      total 123392K, used 122982K [0x00000000d5580000, 0x00000000ddd00000, 0x0000000100000000)
  eden space 114176K, 100% used [0x00000000d5580000,0x00000000dc500000,0x00000000dc500000)
  from space 9216K, 95% used [0x00000000dc700000,0x00000000dcf999c0,0x00000000dd000000)
  to   space 12288K, 0% used [0x00000000dd100000,0x00000000dd100000,0x00000000ddd00000)
 ParOldGen       total 221696K, used 87240K [0x0000000080000000, 0x000000008d880000, 0x00000000d5580000)
  object space 221696K, 39% used [0x0000000080000000,0x00000000855320c8,0x000000008d880000)
 Metaspace       used 93587K, capacity 96400K, committed 96640K, reserved 1134592K
  class space    used 11293K, capacity 11796K, committed 11904K, reserved 1048576K
2023-09-20T16:07:29.137+0600: 710522.848: [GC (Allocation Failure) [PSYoungGen: 122982K->9609K(123392K)] 210222K->96865K(345088K), 0.0182336 secs] [Times: user=0.03 sys=0.00, real=0.01 secs] 
Heap after GC invocations=87 (full 3):
 PSYoungGen      total 123392K, used 9609K [0x00000000d5580000, 0x00000000ddc00000, 0x0000000100000000)
  eden space 112128K, 0% used [0x00000000d5580000,0x00000000d5580000,0x00000000dc300000)
  from space 11264K, 85% used [0x00000000dd100000,0x00000000dda624a0,0x00000000ddc00000)
  to   space 12800K, 0% used [0x00000000dc300000,0x00000000dc300000,0x00000000dcf80000)
 ParOldGen       total 221696K, used 87256K [0x0000000080000000, 0x000000008d880000, 0x00000000d5580000)
  object space 221696K, 39% used [0x0000000080000000,0x00000000855360c8,0x000000008d880000)
 Metaspace       used 93587K, capacity 96400K, committed 96640K, reserved 1134592K
  class space    used 11293K, capacity 11796K, committed 11904K, reserved 1048576K
}
{Heap before GC invocations=88 (full 3):
 PSYoungGen      total 123392K, used 121737K [0x00000000d5580000, 0x00000000ddc00000, 0x0000000100000000)
  eden space 112128K, 100% used [0x00000000d5580000,0x00000000dc300000,0x00000000dc300000)
  from space 11264K, 85% used [0x00000000dd100000,0x00000000dda624a0,0x00000000ddc00000)
  to   space 12800K, 0% used [0x00000000dc300000,0x00000000dc300000,0x00000000dcf80000)
 ParOldGen       total 221696K, used 87256K [0x0000000080000000, 0x000000008d880000, 0x00000000d5580000)
  object space 221696K, 39% used [0x0000000080000000,0x00000000855360c8,0x000000008d880000)
 Metaspace       used 93627K, capacity 96464K, committed 96640K, reserved 1134592K
  class space    used 11294K, capacity 11796K, committed 11904K, reserved 1048576K
2023-09-20T17:06:44.594+0600: 714078.304: [GC (Allocation Failure) [PSYoungGen: 121737K->7094K(117248K)] 208993K->94857K(338944K), 0.0232676 secs] [Times: user=0.03 sys=0.00, real=0.03 secs] 
Heap after GC invocations=88 (full 3):
 PSYoungGen      total 117248K, used 7094K [0x00000000d5580000, 0x00000000dd900000, 0x0000000100000000)
  eden space 110080K, 0% used [0x00000000d5580000,0x00000000d5580000,0x00000000dc100000)
  from space 7168K, 98% used [0x00000000dc300000,0x00000000dc9edb50,0x00000000dca00000)
  to   space 12288K, 0% used [0x00000000dcd00000,0x00000000dcd00000,0x00000000dd900000)
 ParOldGen       total 221696K, used 87762K [0x0000000080000000, 0x000000008d880000, 0x00000000d5580000)
  object space 221696K, 39% used [0x0000000080000000,0x00000000855b48d8,0x000000008d880000)
 Metaspace       used 93627K, capacity 96464K, committed 96640K, reserved 1134592K
  class space    used 11294K, capacity 11796K, committed 11904K, reserved 1048576K
}
{Heap before GC invocations=89 (full 3):
 PSYoungGen      total 117248K, used 117174K [0x00000000d5580000, 0x00000000dd900000, 0x0000000100000000)
  eden space 110080K, 99% used [0x00000000d5580000,0x00000000dc0ffff8,0x00000000dc100000)
  from space 7168K, 98% used [0x00000000dc300000,0x00000000dc9edb50,0x00000000dca00000)
  to   space 12288K, 0% used [0x00000000dcd00000,0x00000000dcd00000,0x00000000dd900000)
 ParOldGen       total 221696K, used 87762K [0x0000000080000000, 0x000000008d880000, 0x00000000d5580000)
  object space 221696K, 39% used [0x0000000080000000,0x00000000855b48d8,0x000000008d880000)
 Metaspace       used 93634K, capacity 96464K, committed 96640K, reserved 1134592K
  class space    used 11294K, capacity 11796K, committed 11904K, reserved 1048576K
2023-09-20T18:13:50.217+0600: 718103.928: [GC (Allocation Failure) [PSYoungGen: 117174K->5520K(118272K)] 204937K->93306K(339968K), 0.0102809 secs] [Times: user=0.02 sys=0.00, real=0.01 secs] 
Heap after GC invocations=89 (full 3):
 PSYoungGen      total 118272K, used 5520K [0x00000000d5580000, 0x00000000dd700000, 0x0000000100000000)
  eden space 108032K, 0% used [0x00000000d5580000,0x00000000d5580000,0x00000000dbf00000)
  from space 10240K, 53% used [0x00000000dcd00000,0x00000000dd2642c0,0x00000000dd700000)
  to   space 12288K, 0% used [0x00000000dbf00000,0x00000000dbf00000,0x00000000dcb00000)
 ParOldGen       total 221696K, used 87786K [0x0000000080000000, 0x000000008d880000, 0x00000000d5580000)
  object space 221696K, 39% used [0x0000000080000000,0x00000000855ba8d8,0x000000008d880000)
 Metaspace       used 93634K, capacity 96464K, committed 96640K, reserved 1134592K
  class space    used 11294K, capacity 11796K, committed 11904K, reserved 1048576K
}
{Heap before GC invocations=90 (full 3):
 PSYoungGen      total 118272K, used 113552K [0x00000000d5580000, 0x00000000dd700000, 0x0000000100000000)
  eden space 108032K, 100% used [0x00000000d5580000,0x00000000dbf00000,0x00000000dbf00000)
  from space 10240K, 53% used [0x00000000dcd00000,0x00000000dd2642c0,0x00000000dd700000)
  to   space 12288K, 0% used [0x00000000dbf00000,0x00000000dbf00000,0x00000000dcb00000)
 ParOldGen       total 221696K, used 87786K [0x0000000080000000, 0x000000008d880000, 0x00000000d5580000)
  object space 221696K, 39% used [0x0000000080000000,0x00000000855ba8d8,0x000000008d880000)
 Metaspace       used 93743K, capacity 96684K, committed 96896K, reserved 1134592K
  class space    used 11310K, capacity 11822K, committed 11904K, reserved 1048576K
2023-09-20T19:18:11.260+0600: 721964.971: [GC (Allocation Failure) [PSYoungGen: 113552K->5795K(112128K)] 201338K->93606K(333824K), 0.0193942 secs] [Times: user=0.03 sys=0.00, real=0.02 secs] 
Heap after GC invocations=90 (full 3):
 PSYoungGen      total 112128K, used 5795K [0x00000000d5580000, 0x00000000dd400000, 0x0000000100000000)
  eden space 105984K, 0% used [0x00000000d5580000,0x00000000d5580000,0x00000000dbd00000)
  from space 6144K, 94% used [0x00000000dbf00000,0x00000000dc4a8f60,0x00000000dc500000)
  to   space 11776K, 0% used [0x00000000dc880000,0x00000000dc880000,0x00000000dd400000)
 ParOldGen       total 221696K, used 87810K [0x0000000080000000, 0x000000008d880000, 0x00000000d5580000)
  object space 221696K, 39% used [0x0000000080000000,0x00000000855c08d8,0x000000008d880000)
 Metaspace       used 93743K, capacity 96684K, committed 96896K, reserved 1134592K
  class space    used 11310K, capacity 11822K, committed 11904K, reserved 1048576K
}
{Heap before GC invocations=91 (full 3):
 PSYoungGen      total 112128K, used 111779K [0x00000000d5580000, 0x00000000dd400000, 0x0000000100000000)
  eden space 105984K, 100% used [0x00000000d5580000,0x00000000dbd00000,0x00000000dbd00000)
  from space 6144K, 94% used [0x00000000dbf00000,0x00000000dc4a8f60,0x00000000dc500000)
  to   space 11776K, 0% used [0x00000000dc880000,0x00000000dc880000,0x00000000dd400000)
 ParOldGen       total 221696K, used 87810K [0x0000000080000000, 0x000000008d880000, 0x00000000d5580000)
  object space 221696K, 39% used [0x0000000080000000,0x00000000855c08d8,0x000000008d880000)
 Metaspace       used 93793K, capacity 96714K, committed 96896K, reserved 1134592K
  class space    used 11313K, capacity 11827K, committed 11904K, reserved 1048576K
2023-09-20T20:30:16.561+0600: 726290.272: [GC (Allocation Failure) [PSYoungGen: 111779K->5507K(112640K)] 199590K->93334K(334336K), 0.0184079 secs] [Times: user=0.03 sys=0.00, real=0.02 secs] 
Heap after GC invocations=91 (full 3):
 PSYoungGen      total 112640K, used 5507K [0x00000000d5580000, 0x00000000dd100000, 0x0000000100000000)
  eden space 103936K, 0% used [0x00000000d5580000,0x00000000d5580000,0x00000000dbb00000)
  from space 8704K, 63% used [0x00000000dc880000,0x00000000dcde0fd0,0x00000000dd100000)
  to   space 11264K, 0% used [0x00000000dbb00000,0x00000000dbb00000,0x00000000dc600000)
 ParOldGen       total 221696K, used 87826K [0x0000000080000000, 0x000000008d880000, 0x00000000d5580000)
  object space 221696K, 39% used [0x0000000080000000,0x00000000855c48d8,0x000000008d880000)
 Metaspace       used 93793K, capacity 96714K, committed 96896K, reserved 1134592K
  class space    used 11313K, capacity 11827K, committed 11904K, reserved 1048576K
}
{Heap before GC invocations=92 (full 3):
 PSYoungGen      total 112640K, used 109443K [0x00000000d5580000, 0x00000000dd100000, 0x0000000100000000)
  eden space 103936K, 100% used [0x00000000d5580000,0x00000000dbb00000,0x00000000dbb00000)
  from space 8704K, 63% used [0x00000000dc880000,0x00000000dcde0fd0,0x00000000dd100000)
  to   space 11264K, 0% used [0x00000000dbb00000,0x00000000dbb00000,0x00000000dc600000)
 ParOldGen       total 221696K, used 87826K [0x0000000080000000, 0x000000008d880000, 0x00000000d5580000)
  object space 221696K, 39% used [0x0000000080000000,0x00000000855c48d8,0x000000008d880000)
 Metaspace       used 93801K, capacity 96714K, committed 96896K, reserved 1134592K
  class space    used 11313K, capacity 11827K, committed 11904K, reserved 1048576K
2023-09-20T21:20:41.281+0600: 729314.991: [GC (Allocation Failure) [PSYoungGen: 109443K->7508K(110080K)] 197270K->95350K(331776K), 0.0186688 secs] [Times: user=0.03 sys=0.00, real=0.02 secs] 
Heap after GC invocations=92 (full 3):
 PSYoungGen      total 110080K, used 7508K [0x00000000d5580000, 0x00000000dcf80000, 0x0000000100000000)
  eden space 102400K, 0% used [0x00000000d5580000,0x00000000d5580000,0x00000000db980000)
  from space 7680K, 97% used [0x00000000dbb00000,0x00000000dc2552c0,0x00000000dc280000)
  to   space 11264K, 0% used [0x00000000dc480000,0x00000000dc480000,0x00000000dcf80000)
 ParOldGen       total 221696K, used 87842K [0x0000000080000000, 0x000000008d880000, 0x00000000d5580000)
  object space 221696K, 39% used [0x0000000080000000,0x00000000855c88d8,0x000000008d880000)
 Metaspace       used 93801K, capacity 96714K, committed 96896K, reserved 1134592K
  class space    used 11313K, capacity 11827K, committed 11904K, reserved 1048576K
}
{Heap before GC invocations=93 (full 3):
 PSYoungGen      total 110080K, used 109908K [0x00000000d5580000, 0x00000000dcf80000, 0x0000000100000000)
  eden space 102400K, 100% used [0x00000000d5580000,0x00000000db980000,0x00000000db980000)
  from space 7680K, 97% used [0x00000000dbb00000,0x00000000dc2552c0,0x00000000dc280000)
  to   space 11264K, 0% used [0x00000000dc480000,0x00000000dc480000,0x00000000dcf80000)
 ParOldGen       total 221696K, used 87842K [0x0000000080000000, 0x000000008d880000, 0x00000000d5580000)
  object space 221696K, 39% used [0x0000000080000000,0x00000000855c88d8,0x000000008d880000)
 Metaspace       used 93811K, capacity 96714K, committed 96896K, reserved 1134592K
  class space    used 11313K, capacity 11827K, committed 11904K, reserved 1048576K
2023-09-20T22:29:26.198+0600: 733439.908: [GC (Allocation Failure) [PSYoungGen: 109908K->5058K(110592K)] 197750K->92900K(332288K), 0.0094027 secs] [Times: user=0.01 sys=0.00, real=0.01 secs] 
Heap after GC invocations=93 (full 3):
 PSYoungGen      total 110592K, used 5058K [0x00000000d5580000, 0x00000000dce00000, 0x0000000100000000)
  eden space 100864K, 0% used [0x00000000d5580000,0x00000000d5580000,0x00000000db800000)
  from space 9728K, 51% used [0x00000000dc480000,0x00000000dc970940,0x00000000dce00000)
  to   space 11264K, 0% used [0x00000000db800000,0x00000000db800000,0x00000000dc300000)
 ParOldGen       total 221696K, used 87842K [0x0000000080000000, 0x000000008d880000, 0x00000000d5580000)
  object space 221696K, 39% used [0x0000000080000000,0x00000000855c88d8,0x000000008d880000)
 Metaspace       used 93811K, capacity 96714K, committed 96896K, reserved 1134592K
  class space    used 11313K, capacity 11827K, committed 11904K, reserved 1048576K
}
{Heap before GC invocations=94 (full 3):
 PSYoungGen      total 110592K, used 105922K [0x00000000d5580000, 0x00000000dce00000, 0x0000000100000000)
  eden space 100864K, 100% used [0x00000000d5580000,0x00000000db800000,0x00000000db800000)
  from space 9728K, 51% used [0x00000000dc480000,0x00000000dc970940,0x00000000dce00000)
  to   space 11264K, 0% used [0x00000000db800000,0x00000000db800000,0x00000000dc300000)
 ParOldGen       total 221696K, used 87842K [0x0000000080000000, 0x000000008d880000, 0x00000000d5580000)
  object space 221696K, 39% used [0x0000000080000000,0x00000000855c88d8,0x000000008d880000)
 Metaspace       used 93813K, capacity 96714K, committed 96896K, reserved 1134592K
  class space    used 11313K, capacity 11827K, committed 11904K, reserved 1048576K
2023-09-20T23:30:02.418+0600: 737076.128: [GC (Allocation Failure) [PSYoungGen: 105922K->6564K(105984K)] 193764K->94406K(327680K), 0.0178991 secs] [Times: user=0.03 sys=0.00, real=0.01 secs] 
Heap after GC invocations=94 (full 3):
 PSYoungGen      total 105984K, used 6564K [0x00000000d5580000, 0x00000000dcb80000, 0x0000000100000000)
  eden space 99328K, 0% used [0x00000000d5580000,0x00000000d5580000,0x00000000db680000)
  from space 6656K, 98% used [0x00000000db800000,0x00000000dbe69290,0x00000000dbe80000)
  to   space 10752K, 0% used [0x00000000dc100000,0x00000000dc100000,0x00000000dcb80000)
 ParOldGen       total 221696K, used 87842K [0x0000000080000000, 0x000000008d880000, 0x00000000d5580000)
  object space 221696K, 39% used [0x0000000080000000,0x00000000855c88d8,0x000000008d880000)
 Metaspace       used 93813K, capacity 96714K, committed 96896K, reserved 1134592K
  class space    used 11313K, capacity 11827K, committed 11904K, reserved 1048576K
}
{Heap before GC invocations=95 (full 3):
 PSYoungGen      total 105984K, used 105892K [0x00000000d5580000, 0x00000000dcb80000, 0x0000000100000000)
  eden space 99328K, 100% used [0x00000000d5580000,0x00000000db680000,0x00000000db680000)
  from space 6656K, 98% used [0x00000000db800000,0x00000000dbe69290,0x00000000dbe80000)
  to   space 10752K, 0% used [0x00000000dc100000,0x00000000dc100000,0x00000000dcb80000)
 ParOldGen       total 221696K, used 87842K [0x0000000080000000, 0x000000008d880000, 0x00000000d5580000)
  object space 221696K, 39% used [0x0000000080000000,0x00000000855c88d8,0x000000008d880000)
 Metaspace       used 93813K, capacity 96714K, committed 96896K, reserved 1134592K
  class space    used 11313K, capacity 11827K, committed 11904K, reserved 1048576K
2023-09-21T00:45:42.258+0600: 741615.969: [GC (Allocation Failure) [PSYoungGen: 105892K->3424K(107008K)] 193734K->91266K(328704K), 0.0160692 secs] [Times: user=0.03 sys=0.00, real=0.01 secs] 
Heap after GC invocations=95 (full 3):
 PSYoungGen      total 107008K, used 3424K [0x00000000d5580000, 0x00000000dca00000, 0x0000000100000000)
  eden space 97792K, 0% used [0x00000000d5580000,0x00000000d5580000,0x00000000db500000)
  from space 9216K, 37% used [0x00000000dc100000,0x00000000dc458000,0x00000000dca00000)
  to   space 10752K, 0% used [0x00000000db500000,0x00000000db500000,0x00000000dbf80000)
 ParOldGen       total 221696K, used 87842K [0x0000000080000000, 0x000000008d880000, 0x00000000d5580000)
  object space 221696K, 39% used [0x0000000080000000,0x00000000855c88d8,0x000000008d880000)
 Metaspace       used 93813K, capacity 96714K, committed 96896K, reserved 1134592K
  class space    used 11313K, capacity 11827K, committed 11904K, reserved 1048576K
}
{Heap before GC invocations=96 (full 3):
 PSYoungGen      total 107008K, used 101216K [0x00000000d5580000, 0x00000000dca00000, 0x0000000100000000)
  eden space 97792K, 100% used [0x00000000d5580000,0x00000000db500000,0x00000000db500000)
  from space 9216K, 37% used [0x00000000dc100000,0x00000000dc458000,0x00000000dca00000)
  to   space 10752K, 0% used [0x00000000db500000,0x00000000db500000,0x00000000dbf80000)
 ParOldGen       total 221696K, used 87842K [0x0000000080000000, 0x000000008d880000, 0x00000000d5580000)
  object space 221696K, 39% used [0x0000000080000000,0x00000000855c88d8,0x000000008d880000)
 Metaspace       used 93814K, capacity 96714K, committed 96896K, reserved 1134592K
  class space    used 11313K, capacity 11827K, committed 11904K, reserved 1048576K
2023-09-21T02:06:19.840+0600: 746453.551: [GC (Allocation Failure) [PSYoungGen: 101216K->3808K(100352K)] 189058K->91674K(322048K), 0.0168897 secs] [Times: user=0.02 sys=0.00, real=0.02 secs] 
Heap after GC invocations=96 (full 3):
 PSYoungGen      total 100352K, used 3808K [0x00000000d5580000, 0x00000000dc880000, 0x0000000100000000)
  eden space 96256K, 0% used [0x00000000d5580000,0x00000000d5580000,0x00000000db380000)
  from space 4096K, 92% used [0x00000000db500000,0x00000000db8b8020,0x00000000db900000)
  to   space 10752K, 0% used [0x00000000dbe00000,0x00000000dbe00000,0x00000000dc880000)
 ParOldGen       total 221696K, used 87866K [0x0000000080000000, 0x000000008d880000, 0x00000000d5580000)
  object space 221696K, 39% used [0x0000000080000000,0x00000000855ce8d8,0x000000008d880000)
 Metaspace       used 93814K, capacity 96714K, committed 96896K, reserved 1134592K
  class space    used 11313K, capacity 11827K, committed 11904K, reserved 1048576K
}
{Heap before GC invocations=97 (full 3):
 PSYoungGen      total 100352K, used 100064K [0x00000000d5580000, 0x00000000dc880000, 0x0000000100000000)
  eden space 96256K, 100% used [0x00000000d5580000,0x00000000db380000,0x00000000db380000)
  from space 4096K, 92% used [0x00000000db500000,0x00000000db8b8020,0x00000000db900000)
  to   space 10752K, 0% used [0x00000000dbe00000,0x00000000dbe00000,0x00000000dc880000)
 ParOldGen       total 221696K, used 87866K [0x0000000080000000, 0x000000008d880000, 0x00000000d5580000)
  object space 221696K, 39% used [0x0000000080000000,0x00000000855ce8d8,0x000000008d880000)
 Metaspace       used 93814K, capacity 96714K, committed 96896K, reserved 1134592K
  class space    used 11313K, capacity 11827K, committed 11904K, reserved 1048576K
2023-09-21T03:12:34.619+0600: 750428.329: [GC (Allocation Failure) [PSYoungGen: 100064K->4384K(103936K)] 187930K->92282K(325632K), 0.0174879 secs] [Times: user=0.02 sys=0.00, real=0.02 secs] 
Heap after GC invocations=97 (full 3):
 PSYoungGen      total 103936K, used 4384K [0x00000000d5580000, 0x00000000dc700000, 0x0000000100000000)
  eden space 94720K, 0% used [0x00000000d5580000,0x00000000d5580000,0x00000000db200000)
  from space 9216K, 47% used [0x00000000dbe00000,0x00000000dc248050,0x00000000dc700000)
  to   space 10752K, 0% used [0x00000000db200000,0x00000000db200000,0x00000000dbc80000)
 ParOldGen       total 221696K, used 87898K [0x0000000080000000, 0x000000008d880000, 0x00000000d5580000)
  object space 221696K, 39% used [0x0000000080000000,0x00000000855d68d8,0x000000008d880000)
 Metaspace       used 93814K, capacity 96714K, committed 96896K, reserved 1134592K
  class space    used 11313K, capacity 11827K, committed 11904K, reserved 1048576K
}
{Heap before GC invocations=98 (full 3):
 PSYoungGen      total 103936K, used 99104K [0x00000000d5580000, 0x00000000dc700000, 0x0000000100000000)
  eden space 94720K, 100% used [0x00000000d5580000,0x00000000db200000,0x00000000db200000)
  from space 9216K, 47% used [0x00000000dbe00000,0x00000000dc248050,0x00000000dc700000)
  to   space 10752K, 0% used [0x00000000db200000,0x00000000db200000,0x00000000dbc80000)
 ParOldGen       total 221696K, used 87898K [0x0000000080000000, 0x000000008d880000, 0x00000000d5580000)
  object space 221696K, 39% used [0x0000000080000000,0x00000000855d68d8,0x000000008d880000)
 Metaspace       used 93814K, capacity 96714K, committed 96896K, reserved 1134592K
  class space    used 11313K, capacity 11827K, committed 11904K, reserved 1048576K
2023-09-21T04:33:47.636+0600: 755301.347: [GC (Allocation Failure) [PSYoungGen: 99104K->3264K(96768K)] 187002K->91194K(318464K), 0.0144480 secs] [Times: user=0.03 sys=0.00, real=0.01 secs] 
Heap after GC invocations=98 (full 3):
 PSYoungGen      total 96768K, used 3264K [0x00000000d5580000, 0x00000000dc580000, 0x0000000100000000)
  eden space 93184K, 0% used [0x00000000d5580000,0x00000000d5580000,0x00000000db080000)
  from space 3584K, 91% used [0x00000000db200000,0x00000000db530000,0x00000000db580000)
  to   space 10752K, 0% used [0x00000000dbb00000,0x00000000dbb00000,0x00000000dc580000)
 ParOldGen       total 221696K, used 87930K [0x0000000080000000, 0x000000008d880000, 0x00000000d5580000)
  object space 221696K, 39% used [0x0000000080000000,0x00000000855de8d8,0x000000008d880000)
 Metaspace       used 93814K, capacity 96714K, committed 96896K, reserved 1134592K
  class space    used 11313K, capacity 11827K, committed 11904K, reserved 1048576K
}
{Heap before GC invocations=99 (full 3):
 PSYoungGen      total 96768K, used 96448K [0x00000000d5580000, 0x00000000dc580000, 0x0000000100000000)
  eden space 93184K, 100% used [0x00000000d5580000,0x00000000db080000,0x00000000db080000)
  from space 3584K, 91% used [0x00000000db200000,0x00000000db530000,0x00000000db580000)
  to   space 10752K, 0% used [0x00000000dbb00000,0x00000000dbb00000,0x00000000dc580000)
 ParOldGen       total 221696K, used 87930K [0x0000000080000000, 0x000000008d880000, 0x00000000d5580000)
  object space 221696K, 39% used [0x0000000080000000,0x00000000855de8d8,0x000000008d880000)
 Metaspace       used 93815K, capacity 96714K, committed 96896K, reserved 1134592K
  class space    used 11313K, capacity 11827K, committed 11904K, reserved 1048576K
2023-09-21T05:45:28.440+0600: 759602.151: [GC (Allocation Failure) [PSYoungGen: 96448K->3296K(99840K)] 184378K->91258K(321536K), 0.0154476 secs] [Times: user=0.03 sys=0.00, real=0.02 secs] 
Heap after GC invocations=99 (full 3):
 PSYoungGen      total 99840K, used 3296K [0x00000000d5580000, 0x00000000dc300000, 0x0000000100000000)
  eden space 91648K, 0% used [0x00000000d5580000,0x00000000d5580000,0x00000000daf00000)
  from space 8192K, 40% used [0x00000000dbb00000,0x00000000dbe38000,0x00000000dc300000)
  to   space 10240K, 0% used [0x00000000daf00000,0x00000000daf00000,0x00000000db900000)
 ParOldGen       total 221696K, used 87962K [0x0000000080000000, 0x000000008d880000, 0x00000000d5580000)
  object space 221696K, 39% used [0x0000000080000000,0x00000000855e68d8,0x000000008d880000)
 Metaspace       used 93815K, capacity 96714K, committed 96896K, reserved 1134592K
  class space    used 11313K, capacity 11827K, committed 11904K, reserved 1048576K
}
{Heap before GC invocations=100 (full 3):
 PSYoungGen      total 99840K, used 94944K [0x00000000d5580000, 0x00000000dc300000, 0x0000000100000000)
  eden space 91648K, 100% used [0x00000000d5580000,0x00000000daf00000,0x00000000daf00000)
  from space 8192K, 40% used [0x00000000dbb00000,0x00000000dbe38000,0x00000000dc300000)
  to   space 10240K, 0% used [0x00000000daf00000,0x00000000daf00000,0x00000000db900000)
 ParOldGen       total 221696K, used 87962K [0x0000000080000000, 0x000000008d880000, 0x00000000d5580000)
  object space 221696K, 39% used [0x0000000080000000,0x00000000855e68d8,0x000000008d880000)
 Metaspace       used 93815K, capacity 96714K, committed 96896K, reserved 1134592K
  class space    used 11313K, capacity 11827K, committed 11904K, reserved 1048576K
2023-09-21T07:03:14.076+0600: 764267.787: [GC (Allocation Failure) [PSYoungGen: 94944K->3168K(93696K)] 182906K->91218K(315392K), 0.0167309 secs] [Times: user=0.03 sys=0.00, real=0.01 secs] 
Heap after GC invocations=100 (full 3):
 PSYoungGen      total 93696K, used 3168K [0x00000000d5580000, 0x00000000dc180000, 0x0000000100000000)
  eden space 90112K, 0% used [0x00000000d5580000,0x00000000d5580000,0x00000000dad80000)
  from space 3584K, 88% used [0x00000000daf00000,0x00000000db218000,0x00000000db280000)
  to   space 10240K, 0% used [0x00000000db780000,0x00000000db780000,0x00000000dc180000)
 ParOldGen       total 221696K, used 88050K [0x0000000080000000, 0x000000008d880000, 0x00000000d5580000)
  object space 221696K, 39% used [0x0000000080000000,0x00000000855fc908,0x000000008d880000)
 Metaspace       used 93815K, capacity 96714K, committed 96896K, reserved 1134592K
  class space    used 11313K, capacity 11827K, committed 11904K, reserved 1048576K
}
{Heap before GC invocations=101 (full 3):
 PSYoungGen      total 93696K, used 93280K [0x00000000d5580000, 0x00000000dc180000, 0x0000000100000000)
  eden space 90112K, 100% used [0x00000000d5580000,0x00000000dad80000,0x00000000dad80000)
  from space 3584K, 88% used [0x00000000daf00000,0x00000000db218000,0x00000000db280000)
  to   space 10240K, 0% used [0x00000000db780000,0x00000000db780000,0x00000000dc180000)
 ParOldGen       total 221696K, used 88050K [0x0000000080000000, 0x000000008d880000, 0x00000000d5580000)
  object space 221696K, 39% used [0x0000000080000000,0x00000000855fc908,0x000000008d880000)
 Metaspace       used 93815K, capacity 96714K, committed 96896K, reserved 1134592K
  class space    used 11313K, capacity 11827K, committed 11904K, reserved 1048576K
2023-09-21T08:13:29.426+0600: 768483.137: [GC (Allocation Failure) [PSYoungGen: 93280K->3168K(97280K)] 181330K->91250K(318976K), 0.0140061 secs] [Times: user=0.02 sys=0.00, real=0.01 secs] 
Heap after GC invocations=101 (full 3):
 PSYoungGen      total 97280K, used 3168K [0x00000000d5580000, 0x00000000dc000000, 0x0000000100000000)
  eden space 88576K, 0% used [0x00000000d5580000,0x00000000d5580000,0x00000000dac00000)
  from space 8704K, 36% used [0x00000000db780000,0x00000000dba98000,0x00000000dc000000)
  to   space 10240K, 0% used [0x00000000dac00000,0x00000000dac00000,0x00000000db600000)
 ParOldGen       total 221696K, used 88082K [0x0000000080000000, 0x000000008d880000, 0x00000000d5580000)
  object space 221696K, 39% used [0x0000000080000000,0x0000000085604908,0x000000008d880000)
 Metaspace       used 93815K, capacity 96714K, committed 96896K, reserved 1134592K
  class space    used 11313K, capacity 11827K, committed 11904K, reserved 1048576K
}
{Heap before GC invocations=102 (full 3):
 PSYoungGen      total 97280K, used 91744K [0x00000000d5580000, 0x00000000dc000000, 0x0000000100000000)
  eden space 88576K, 100% used [0x00000000d5580000,0x00000000dac00000,0x00000000dac00000)
  from space 8704K, 36% used [0x00000000db780000,0x00000000dba98000,0x00000000dc000000)
  to   space 10240K, 0% used [0x00000000dac00000,0x00000000dac00000,0x00000000db600000)
 ParOldGen       total 221696K, used 88082K [0x0000000080000000, 0x000000008d880000, 0x00000000d5580000)
  object space 221696K, 39% used [0x0000000080000000,0x0000000085604908,0x000000008d880000)
 Metaspace       used 93816K, capacity 96714K, committed 96896K, reserved 1134592K
  class space    used 11313K, capacity 11827K, committed 11904K, reserved 1048576K
2023-09-21T09:28:30.498+0600: 772984.208: [GC (Allocation Failure) [PSYoungGen: 91744K->3392K(91136K)] 179826K->91530K(312832K), 0.0182470 secs] [Times: user=0.03 sys=0.00, real=0.02 secs] 
Heap after GC invocations=102 (full 3):
 PSYoungGen      total 91136K, used 3392K [0x00000000d5580000, 0x00000000dbe00000, 0x0000000100000000)
  eden space 87552K, 0% used [0x00000000d5580000,0x00000000d5580000,0x00000000dab00000)
  from space 3584K, 94% used [0x00000000dac00000,0x00000000daf50020,0x00000000daf80000)
  to   space 9728K, 0% used [0x00000000db480000,0x00000000db480000,0x00000000dbe00000)
 ParOldGen       total 221696K, used 88138K [0x0000000080000000, 0x000000008d880000, 0x00000000d5580000)
  object space 221696K, 39% used [0x0000000080000000,0x0000000085612908,0x000000008d880000)
 Metaspace       used 93816K, capacity 96714K, committed 96896K, reserved 1134592K
  class space    used 11313K, capacity 11827K, committed 11904K, reserved 1048576K
}
{Heap before GC invocations=103 (full 3):
 PSYoungGen      total 91136K, used 90944K [0x00000000d5580000, 0x00000000dbe00000, 0x0000000100000000)
  eden space 87552K, 100% used [0x00000000d5580000,0x00000000dab00000,0x00000000dab00000)
  from space 3584K, 94% used [0x00000000dac00000,0x00000000daf50020,0x00000000daf80000)
  to   space 9728K, 0% used [0x00000000db480000,0x00000000db480000,0x00000000dbe00000)
 ParOldGen       total 221696K, used 88138K [0x0000000080000000, 0x000000008d880000, 0x00000000d5580000)
  object space 221696K, 39% used [0x0000000080000000,0x0000000085612908,0x000000008d880000)
 Metaspace       used 93816K, capacity 96714K, committed 96896K, reserved 1134592K
  class space    used 11313K, capacity 11827K, committed 11904K, reserved 1048576K
2023-09-21T10:33:59.402+0600: 776913.113: [GC (Allocation Failure) [PSYoungGen: 90944K->3264K(95232K)] 179082K->91442K(316928K), 0.0122271 secs] [Times: user=0.02 sys=0.00, real=0.01 secs] 
Heap after GC invocations=103 (full 3):
 PSYoungGen      total 95232K, used 3264K [0x00000000d5580000, 0x00000000dbd00000, 0x0000000100000000)
  eden space 86528K, 0% used [0x00000000d5580000,0x00000000d5580000,0x00000000daa00000)
  from space 8704K, 37% used [0x00000000db480000,0x00000000db7b0010,0x00000000dbd00000)
  to   space 9728K, 0% used [0x00000000daa00000,0x00000000daa00000,0x00000000db380000)
 ParOldGen       total 221696K, used 88178K [0x0000000080000000, 0x000000008d880000, 0x00000000d5580000)
  object space 221696K, 39% used [0x0000000080000000,0x000000008561c908,0x000000008d880000)
 Metaspace       used 93816K, capacity 96714K, committed 96896K, reserved 1134592K
  class space    used 11313K, capacity 11827K, committed 11904K, reserved 1048576K
}
{Heap before GC invocations=104 (full 3):
 PSYoungGen      total 95232K, used 89792K [0x00000000d5580000, 0x00000000dbd00000, 0x0000000100000000)
  eden space 86528K, 100% used [0x00000000d5580000,0x00000000daa00000,0x00000000daa00000)
  from space 8704K, 37% used [0x00000000db480000,0x00000000db7b0010,0x00000000dbd00000)
  to   space 9728K, 0% used [0x00000000daa00000,0x00000000daa00000,0x00000000db380000)
 ParOldGen       total 221696K, used 88178K [0x0000000080000000, 0x000000008d880000, 0x00000000d5580000)
  object space 221696K, 39% used [0x0000000080000000,0x000000008561c908,0x000000008d880000)
 Metaspace       used 93824K, capacity 96784K, committed 96896K, reserved 1134592K
  class space    used 11314K, capacity 11828K, committed 11904K, reserved 1048576K
2023-09-21T11:21:50.491+0600: 779784.202: [GC (Allocation Failure) [PSYoungGen: 89792K->6307K(92160K)] 177970K->94509K(313856K), 0.0171095 secs] [Times: user=0.03 sys=0.00, real=0.02 secs] 
Heap after GC invocations=104 (full 3):
 PSYoungGen      total 92160K, used 6307K [0x00000000d5580000, 0x00000000dbc00000, 0x0000000100000000)
  eden space 85504K, 0% used [0x00000000d5580000,0x00000000d5580000,0x00000000da900000)
  from space 6656K, 94% used [0x00000000daa00000,0x00000000db028e20,0x00000000db080000)
  to   space 9728K, 0% used [0x00000000db280000,0x00000000db280000,0x00000000dbc00000)
 ParOldGen       total 221696K, used 88202K [0x0000000080000000, 0x000000008d880000, 0x00000000d5580000)
  object space 221696K, 39% used [0x0000000080000000,0x0000000085622908,0x000000008d880000)
 Metaspace       used 93824K, capacity 96784K, committed 96896K, reserved 1134592K
  class space    used 11314K, capacity 11828K, committed 11904K, reserved 1048576K
}
{Heap before GC invocations=105 (full 3):
 PSYoungGen      total 92160K, used 91807K [0x00000000d5580000, 0x00000000dbc00000, 0x0000000100000000)
  eden space 85504K, 99% used [0x00000000d5580000,0x00000000da8fef70,0x00000000da900000)
  from space 6656K, 94% used [0x00000000daa00000,0x00000000db028e20,0x00000000db080000)
  to   space 9728K, 0% used [0x00000000db280000,0x00000000db280000,0x00000000dbc00000)
 ParOldGen       total 221696K, used 88202K [0x0000000080000000, 0x000000008d880000, 0x00000000d5580000)
  object space 221696K, 39% used [0x0000000080000000,0x0000000085622908,0x000000008d880000)
 Metaspace       used 93849K, capacity 96802K, committed 96896K, reserved 1134592K
  class space    used 11315K, capacity 11831K, committed 11904K, reserved 1048576K
2023-09-21T11:49:19.542+0600: 781433.253: [GC (Allocation Failure) [PSYoungGen: 91807K->6643K(94208K)] 180009K->94893K(315904K), 0.0125822 secs] [Times: user=0.02 sys=0.00, real=0.01 secs] 
Heap after GC invocations=105 (full 3):
 PSYoungGen      total 94208K, used 6643K [0x00000000d5580000, 0x00000000dbc00000, 0x0000000100000000)
  eden space 84480K, 0% used [0x00000000d5580000,0x00000000d5580000,0x00000000da800000)
  from space 9728K, 68% used [0x00000000db280000,0x00000000db8fcda0,0x00000000dbc00000)
  to   space 10240K, 0% used [0x00000000da800000,0x00000000da800000,0x00000000db200000)
 ParOldGen       total 221696K, used 88250K [0x0000000080000000, 0x000000008d880000, 0x00000000d5580000)
  object space 221696K, 39% used [0x0000000080000000,0x000000008562e908,0x000000008d880000)
 Metaspace       used 93849K, capacity 96802K, committed 96896K, reserved 1134592K
  class space    used 11315K, capacity 11831K, committed 11904K, reserved 1048576K
}
{Heap before GC invocations=106 (full 3):
 PSYoungGen      total 94208K, used 91110K [0x00000000d5580000, 0x00000000dbc00000, 0x0000000100000000)
  eden space 84480K, 99% used [0x00000000d5580000,0x00000000da7fcab8,0x00000000da800000)
  from space 9728K, 68% used [0x00000000db280000,0x00000000db8fcda0,0x00000000dbc00000)
  to   space 10240K, 0% used [0x00000000da800000,0x00000000da800000,0x00000000db200000)
 ParOldGen       total 221696K, used 88250K [0x0000000080000000, 0x000000008d880000, 0x00000000d5580000)
  object space 221696K, 39% used [0x0000000080000000,0x000000008562e908,0x000000008d880000)
 Metaspace       used 93862K, capacity 96802K, committed 96896K, reserved 1134592K
  class space    used 11315K, capacity 11831K, committed 11904K, reserved 1048576K
2023-09-21T12:08:56.681+0600: 782610.392: [GC (Allocation Failure) [PSYoungGen: 91110K->7492K(91136K)] 179360K->95774K(312832K), 0.0109095 secs] [Times: user=0.02 sys=0.00, real=0.01 secs] 
Heap after GC invocations=106 (full 3):
 PSYoungGen      total 91136K, used 7492K [0x00000000d5580000, 0x00000000dbb00000, 0x0000000100000000)
  eden space 83456K, 0% used [0x00000000d5580000,0x00000000d5580000,0x00000000da700000)
  from space 7680K, 97% used [0x00000000da800000,0x00000000daf510a0,0x00000000daf80000)
  to   space 10240K, 0% used [0x00000000db100000,0x00000000db100000,0x00000000dbb00000)
 ParOldGen       total 221696K, used 88282K [0x0000000080000000, 0x000000008d880000, 0x00000000d5580000)
  object space 221696K, 39% used [0x0000000080000000,0x0000000085636908,0x000000008d880000)
 Metaspace       used 93862K, capacity 96802K, committed 96896K, reserved 1134592K
  class space    used 11315K, capacity 11831K, committed 11904K, reserved 1048576K
}
{Heap before GC invocations=107 (full 3):
 PSYoungGen      total 91136K, used 90948K [0x00000000d5580000, 0x00000000dbb00000, 0x0000000100000000)
  eden space 83456K, 100% used [0x00000000d5580000,0x00000000da700000,0x00000000da700000)
  from space 7680K, 97% used [0x00000000da800000,0x00000000daf510a0,0x00000000daf80000)
  to   space 10240K, 0% used [0x00000000db100000,0x00000000db100000,0x00000000dbb00000)
 ParOldGen       total 221696K, used 88282K [0x0000000080000000, 0x000000008d880000, 0x00000000d5580000)
  object space 221696K, 39% used [0x0000000080000000,0x0000000085636908,0x000000008d880000)
 Metaspace       used 93929K, capacity 96908K, committed 97152K, reserved 1134592K
  class space    used 11323K, capacity 11838K, committed 11904K, reserved 1048576K
2023-09-21T12:36:16.676+0600: 784250.387: [GC (Allocation Failure) [PSYoungGen: 90948K->6418K(91648K)] 179230K->94733K(313344K), 0.0126158 secs] [Times: user=0.02 sys=0.00, real=0.01 secs] 
Heap after GC invocations=107 (full 3):
 PSYoungGen      total 91648K, used 6418K [0x00000000d5580000, 0x00000000dba00000, 0x0000000100000000)
  eden space 82432K, 0% used [0x00000000d5580000,0x00000000d5580000,0x00000000da600000)
  from space 9216K, 69% used [0x00000000db100000,0x00000000db744b90,0x00000000dba00000)
  to   space 10240K, 0% used [0x00000000da600000,0x00000000da600000,0x00000000db000000)
 ParOldGen       total 221696K, used 88314K [0x0000000080000000, 0x000000008d880000, 0x00000000d5580000)
  object space 221696K, 39% used [0x0000000080000000,0x000000008563e908,0x000000008d880000)
 Metaspace       used 93929K, capacity 96908K, committed 97152K, reserved 1134592K
  class space    used 11323K, capacity 11838K, committed 11904K, reserved 1048576K
}
{Heap before GC invocations=108 (full 3):
 PSYoungGen      total 91648K, used 88850K [0x00000000d5580000, 0x00000000dba00000, 0x0000000100000000)
  eden space 82432K, 100% used [0x00000000d5580000,0x00000000da600000,0x00000000da600000)
  from space 9216K, 69% used [0x00000000db100000,0x00000000db744b90,0x00000000dba00000)
  to   space 10240K, 0% used [0x00000000da600000,0x00000000da600000,0x00000000db000000)
 ParOldGen       total 221696K, used 88314K [0x0000000080000000, 0x000000008d880000, 0x00000000d5580000)
  object space 221696K, 39% used [0x0000000080000000,0x000000008563e908,0x000000008d880000)
 Metaspace       used 94047K, capacity 96978K, committed 97152K, reserved 1134592K
  class space    used 11342K, capacity 11839K, committed 11904K, reserved 1048576K
2023-09-21T13:20:37.348+0600: 786911.059: [GC (Allocation Failure) [PSYoungGen: 88850K->5312K(87040K)] 177165K->93666K(308736K), 0.0195251 secs] [Times: user=0.03 sys=0.00, real=0.02 secs] 
Heap after GC invocations=108 (full 3):
 PSYoungGen      total 87040K, used 5312K [0x00000000d5580000, 0x00000000db800000, 0x0000000100000000)
  eden space 81408K, 0% used [0x00000000d5580000,0x00000000d5580000,0x00000000da500000)
  from space 5632K, 94% used [0x00000000da600000,0x00000000dab30070,0x00000000dab80000)
  to   space 9728K, 0% used [0x00000000dae80000,0x00000000dae80000,0x00000000db800000)
 ParOldGen       total 221696K, used 88354K [0x0000000080000000, 0x000000008d880000, 0x00000000d5580000)
  object space 221696K, 39% used [0x0000000080000000,0x0000000085648938,0x000000008d880000)
 Metaspace       used 94047K, capacity 96978K, committed 97152K, reserved 1134592K
  class space    used 11342K, capacity 11839K, committed 11904K, reserved 1048576K
}
{Heap before GC invocations=109 (full 3):
 PSYoungGen      total 87040K, used 86720K [0x00000000d5580000, 0x00000000db800000, 0x0000000100000000)
  eden space 81408K, 100% used [0x00000000d5580000,0x00000000da500000,0x00000000da500000)
  from space 5632K, 94% used [0x00000000da600000,0x00000000dab30070,0x00000000dab80000)
  to   space 9728K, 0% used [0x00000000dae80000,0x00000000dae80000,0x00000000db800000)
 ParOldGen       total 221696K, used 88354K [0x0000000080000000, 0x000000008d880000, 0x00000000d5580000)
  object space 221696K, 39% used [0x0000000080000000,0x0000000085648938,0x000000008d880000)
 Metaspace       used 94049K, capacity 96978K, committed 97152K, reserved 1134592K
  class space    used 11342K, capacity 11839K, committed 11904K, reserved 1048576K
2023-09-21T14:00:52.809+0600: 789326.520: [GC (Allocation Failure) [PSYoungGen: 86720K->5600K(89088K)] 175074K->93970K(310784K), 0.0186626 secs] [Times: user=0.03 sys=0.00, real=0.02 secs] 
Heap after GC invocations=109 (full 3):
 PSYoungGen      total 89088K, used 5600K [0x00000000d5580000, 0x00000000db700000, 0x0000000100000000)
  eden space 80384K, 0% used [0x00000000d5580000,0x00000000d5580000,0x00000000da400000)
  from space 8704K, 64% used [0x00000000dae80000,0x00000000db3f8130,0x00000000db700000)
  to   space 9728K, 0% used [0x00000000da400000,0x00000000da400000,0x00000000dad80000)
 ParOldGen       total 221696K, used 88370K [0x0000000080000000, 0x000000008d880000, 0x00000000d5580000)
  object space 221696K, 39% used [0x0000000080000000,0x000000008564c938,0x000000008d880000)
 Metaspace       used 94049K, capacity 96978K, committed 97152K, reserved 1134592K
  class space    used 11342K, capacity 11839K, committed 11904K, reserved 1048576K
}
{Heap before GC invocations=110 (full 3):
 PSYoungGen      total 89088K, used 85984K [0x00000000d5580000, 0x00000000db700000, 0x0000000100000000)
  eden space 80384K, 100% used [0x00000000d5580000,0x00000000da400000,0x00000000da400000)
  from space 8704K, 64% used [0x00000000dae80000,0x00000000db3f8130,0x00000000db700000)
  to   space 9728K, 0% used [0x00000000da400000,0x00000000da400000,0x00000000dad80000)
 ParOldGen       total 221696K, used 88370K [0x0000000080000000, 0x000000008d880000, 0x00000000d5580000)
  object space 221696K, 39% used [0x0000000080000000,0x000000008564c938,0x000000008d880000)
 Metaspace       used 94052K, capacity 96978K, committed 97152K, reserved 1134592K
  class space    used 11342K, capacity 11839K, committed 11904K, reserved 1048576K
2023-09-21T14:51:56.037+0600: 792389.748: [GC (Allocation Failure) [PSYoungGen: 85984K->4448K(83968K)] 174354K->92818K(305664K), 0.0175517 secs] [Times: user=0.03 sys=0.00, real=0.01 secs] 
Heap after GC invocations=110 (full 3):
 PSYoungGen      total 83968K, used 4448K [0x00000000d5580000, 0x00000000db500000, 0x0000000100000000)
  eden space 79360K, 0% used [0x00000000d5580000,0x00000000d5580000,0x00000000da300000)
  from space 4608K, 96% used [0x00000000da400000,0x00000000da858090,0x00000000da880000)
  to   space 9216K, 0% used [0x00000000dac00000,0x00000000dac00000,0x00000000db500000)
 ParOldGen       total 221696K, used 88370K [0x0000000080000000, 0x000000008d880000, 0x00000000d5580000)
  object space 221696K, 39% used [0x0000000080000000,0x000000008564c938,0x000000008d880000)
 Metaspace       used 94052K, capacity 96978K, committed 97152K, reserved 1134592K
  class space    used 11342K, capacity 11839K, committed 11904K, reserved 1048576K
}
{Heap before GC invocations=111 (full 3):
 PSYoungGen      total 83968K, used 83808K [0x00000000d5580000, 0x00000000db500000, 0x0000000100000000)
  eden space 79360K, 100% used [0x00000000d5580000,0x00000000da300000,0x00000000da300000)
  from space 4608K, 96% used [0x00000000da400000,0x00000000da858090,0x00000000da880000)
  to   space 9216K, 0% used [0x00000000dac00000,0x00000000dac00000,0x00000000db500000)
 ParOldGen       total 221696K, used 88370K [0x0000000080000000, 0x000000008d880000, 0x00000000d5580000)
  object space 221696K, 39% used [0x0000000080000000,0x000000008564c938,0x000000008d880000)
 Metaspace       used 94057K, capacity 96978K, committed 97152K, reserved 1134592K
  class space    used 11342K, capacity 11839K, committed 11904K, reserved 1048576K
2023-09-21T15:41:46.562+0600: 795380.273: [GC (Allocation Failure) [PSYoungGen: 83808K->4434K(86528K)] 172178K->92821K(308224K), 0.0182730 secs] [Times: user=0.03 sys=0.00, real=0.02 secs] 
Heap after GC invocations=111 (full 3):
 PSYoungGen      total 86528K, used 4434K [0x00000000d5580000, 0x00000000db400000, 0x0000000100000000)
  eden space 78336K, 0% used [0x00000000d5580000,0x00000000d5580000,0x00000000da200000)
  from space 8192K, 54% used [0x00000000dac00000,0x00000000db054b70,0x00000000db400000)
  to   space 9216K, 0% used [0x00000000da200000,0x00000000da200000,0x00000000dab00000)
 ParOldGen       total 221696K, used 88386K [0x0000000080000000, 0x000000008d880000, 0x00000000d5580000)
  object space 221696K, 39% used [0x0000000080000000,0x0000000085650938,0x000000008d880000)
 Metaspace       used 94057K, capacity 96978K, committed 97152K, reserved 1134592K
  class space    used 11342K, capacity 11839K, committed 11904K, reserved 1048576K
}
{Heap before GC invocations=112 (full 3):
 PSYoungGen      total 86528K, used 82765K [0x00000000d5580000, 0x00000000db400000, 0x0000000100000000)
  eden space 78336K, 99% used [0x00000000d5580000,0x00000000da1fe9e8,0x00000000da200000)
  from space 8192K, 54% used [0x00000000dac00000,0x00000000db054b70,0x00000000db400000)
  to   space 9216K, 0% used [0x00000000da200000,0x00000000da200000,0x00000000dab00000)
 ParOldGen       total 221696K, used 88386K [0x0000000080000000, 0x000000008d880000, 0x00000000d5580000)
  object space 221696K, 39% used [0x0000000080000000,0x0000000085650938,0x000000008d880000)
 Metaspace       used 94070K, capacity 96996K, committed 97152K, reserved 1134592K
  class space    used 11344K, capacity 11842K, committed 11904K, reserved 1048576K
2023-09-21T16:20:39.349+0600: 797713.059: [GC (Allocation Failure) [PSYoungGen: 82765K->5926K(83456K)] 171151K->94328K(305152K), 0.0108175 secs] [Times: user=0.02 sys=0.00, real=0.01 secs] 
Heap after GC invocations=112 (full 3):
 PSYoungGen      total 83456K, used 5926K [0x00000000d5580000, 0x00000000db300000, 0x0000000100000000)
  eden space 77312K, 0% used [0x00000000d5580000,0x00000000d5580000,0x00000000da100000)
  from space 6144K, 96% used [0x00000000da200000,0x00000000da7c9930,0x00000000da800000)
  to   space 9216K, 0% used [0x00000000daa00000,0x00000000daa00000,0x00000000db300000)
 ParOldGen       total 221696K, used 88402K [0x0000000080000000, 0x000000008d880000, 0x00000000d5580000)
  object space 221696K, 39% used [0x0000000080000000,0x0000000085654938,0x000000008d880000)
 Metaspace       used 94070K, capacity 96996K, committed 97152K, reserved 1134592K
  class space    used 11344K, capacity 11842K, committed 11904K, reserved 1048576K
}
{Heap before GC invocations=113 (full 3):
 PSYoungGen      total 83456K, used 83238K [0x00000000d5580000, 0x00000000db300000, 0x0000000100000000)
  eden space 77312K, 100% used [0x00000000d5580000,0x00000000da100000,0x00000000da100000)
  from space 6144K, 96% used [0x00000000da200000,0x00000000da7c9930,0x00000000da800000)
  to   space 9216K, 0% used [0x00000000daa00000,0x00000000daa00000,0x00000000db300000)
 ParOldGen       total 221696K, used 88402K [0x0000000080000000, 0x000000008d880000, 0x00000000d5580000)
  object space 221696K, 39% used [0x0000000080000000,0x0000000085654938,0x000000008d880000)
 Metaspace       used 94072K, capacity 96996K, committed 97152K, reserved 1134592K
  class space    used 11344K, capacity 11842K, committed 11904K, reserved 1048576K
2023-09-21T16:57:03.785+0600: 799897.496: [GC (Allocation Failure) [PSYoungGen: 83238K->5200K(83456K)] 171640K->93603K(305152K), 0.0204236 secs] [Times: user=0.03 sys=0.00, real=0.02 secs] 
Heap after GC invocations=113 (full 3):
 PSYoungGen      total 83456K, used 5200K [0x00000000d5580000, 0x00000000db100000, 0x0000000100000000)
  eden space 76288K, 0% used [0x00000000d5580000,0x00000000d5580000,0x00000000da000000)
  from space 7168K, 72% used [0x00000000daa00000,0x00000000daf14300,0x00000000db100000)
  to   space 8704K, 0% used [0x00000000da000000,0x00000000da000000,0x00000000da880000)
 ParOldGen       total 221696K, used 88402K [0x0000000080000000, 0x000000008d880000, 0x00000000d5580000)
  object space 221696K, 39% used [0x0000000080000000,0x0000000085654938,0x000000008d880000)
 Metaspace       used 94072K, capacity 96996K, committed 97152K, reserved 1134592K
  class space    used 11344K, capacity 11842K, committed 11904K, reserved 1048576K
}
{Heap before GC invocations=114 (full 3):
 PSYoungGen      total 83456K, used 81488K [0x00000000d5580000, 0x00000000db100000, 0x0000000100000000)
  eden space 76288K, 100% used [0x00000000d5580000,0x00000000da000000,0x00000000da000000)
  from space 7168K, 72% used [0x00000000daa00000,0x00000000daf14300,0x00000000db100000)
  to   space 8704K, 0% used [0x00000000da000000,0x00000000da000000,0x00000000da880000)
 ParOldGen       total 221696K, used 88402K [0x0000000080000000, 0x000000008d880000, 0x00000000d5580000)
  object space 221696K, 39% used [0x0000000080000000,0x0000000085654938,0x000000008d880000)
 Metaspace       used 94078K, capacity 96996K, committed 97152K, reserved 1134592K
  class space    used 11344K, capacity 11842K, committed 11904K, reserved 1048576K
2023-09-21T17:43:39.660+0600: 802693.371: [GC (Allocation Failure) [PSYoungGen: 81488K->4787K(80384K)] 169891K->93189K(302080K), 0.0191267 secs] [Times: user=0.03 sys=0.00, real=0.02 secs] 
Heap after GC invocations=114 (full 3):
 PSYoungGen      total 80384K, used 4787K [0x00000000d5580000, 0x00000000daf00000, 0x0000000100000000)
  eden space 75264K, 0% used [0x00000000d5580000,0x00000000d5580000,0x00000000d9f00000)
  from space 5120K, 93% used [0x00000000da000000,0x00000000da4acd30,0x00000000da500000)
  to   space 8192K, 0% used [0x00000000da700000,0x00000000da700000,0x00000000daf00000)
 ParOldGen       total 221696K, used 88402K [0x0000000080000000, 0x000000008d880000, 0x00000000d5580000)
  object space 221696K, 39% used [0x0000000080000000,0x0000000085654938,0x000000008d880000)
 Metaspace       used 94078K, capacity 96996K, committed 97152K, reserved 1134592K
  class space    used 11344K, capacity 11842K, committed 11904K, reserved 1048576K
}
{Heap before GC invocations=115 (full 3):
 PSYoungGen      total 80384K, used 80051K [0x00000000d5580000, 0x00000000daf00000, 0x0000000100000000)
  eden space 75264K, 100% used [0x00000000d5580000,0x00000000d9f00000,0x00000000d9f00000)
  from space 5120K, 93% used [0x00000000da000000,0x00000000da4acd30,0x00000000da500000)
  to   space 8192K, 0% used [0x00000000da700000,0x00000000da700000,0x00000000daf00000)
 ParOldGen       total 221696K, used 88402K [0x0000000080000000, 0x000000008d880000, 0x00000000d5580000)
  object space 221696K, 39% used [0x0000000080000000,0x0000000085654938,0x000000008d880000)
 Metaspace       used 94081K, capacity 96996K, committed 97152K, reserved 1134592K
  class space    used 11344K, capacity 11842K, committed 11904K, reserved 1048576K
2023-09-21T18:05:33.368+0600: 804007.079: [GC (Allocation Failure) [PSYoungGen: 80051K->6163K(82432K)] 168453K->94565K(304128K), 0.0214344 secs] [Times: user=0.03 sys=0.00, real=0.02 secs] 
Heap after GC invocations=115 (full 3):
 PSYoungGen      total 82432K, used 6163K [0x00000000d5580000, 0x00000000daf00000, 0x0000000100000000)
  eden space 74240K, 0% used [0x00000000d5580000,0x00000000d5580000,0x00000000d9e00000)
  from space 8192K, 75% used [0x00000000da700000,0x00000000dad04da0,0x00000000daf00000)
  to   space 8704K, 0% used [0x00000000d9e00000,0x00000000d9e00000,0x00000000da680000)
 ParOldGen       total 221696K, used 88402K [0x0000000080000000, 0x000000008d880000, 0x00000000d5580000)
  object space 221696K, 39% used [0x0000000080000000,0x0000000085654938,0x000000008d880000)
 Metaspace       used 94081K, capacity 96996K, committed 97152K, reserved 1134592K
  class space    used 11344K, capacity 11842K, committed 11904K, reserved 1048576K
}
{Heap before GC invocations=116 (full 3):
 PSYoungGen      total 82432K, used 80403K [0x00000000d5580000, 0x00000000daf00000, 0x0000000100000000)
  eden space 74240K, 100% used [0x00000000d5580000,0x00000000d9e00000,0x00000000d9e00000)
  from space 8192K, 75% used [0x00000000da700000,0x00000000dad04da0,0x00000000daf00000)
  to   space 8704K, 0% used [0x00000000d9e00000,0x00000000d9e00000,0x00000000da680000)
 ParOldGen       total 221696K, used 88402K [0x0000000080000000, 0x000000008d880000, 0x00000000d5580000)
  object space 221696K, 39% used [0x0000000080000000,0x0000000085654938,0x000000008d880000)
 Metaspace       used 94083K, capacity 96996K, committed 97152K, reserved 1134592K
  class space    used 11344K, capacity 11842K, committed 11904K, reserved 1048576K
2023-09-21T18:33:24.068+0600: 805677.779: [GC (Allocation Failure) [PSYoungGen: 80403K->5952K(79360K)] 168805K->94354K(301056K), 0.0185380 secs] [Times: user=0.03 sys=0.00, real=0.02 secs] 
Heap after GC invocations=116 (full 3):
 PSYoungGen      total 79360K, used 5952K [0x00000000d5580000, 0x00000000dae00000, 0x0000000100000000)
  eden space 73216K, 0% used [0x00000000d5580000,0x00000000d5580000,0x00000000d9d00000)
  from space 6144K, 96% used [0x00000000d9e00000,0x00000000da3d00b0,0x00000000da400000)
  to   space 8704K, 0% used [0x00000000da580000,0x00000000da580000,0x00000000dae00000)
 ParOldGen       total 221696K, used 88402K [0x0000000080000000, 0x000000008d880000, 0x00000000d5580000)
  object space 221696K, 39% used [0x0000000080000000,0x0000000085654938,0x000000008d880000)
 Metaspace       used 94083K, capacity 96996K, committed 97152K, reserved 1134592K
  class space    used 11344K, capacity 11842K, committed 11904K, reserved 1048576K
}
{Heap before GC invocations=117 (full 3):
 PSYoungGen      total 79360K, used 79168K [0x00000000d5580000, 0x00000000dae00000, 0x0000000100000000)
  eden space 73216K, 100% used [0x00000000d5580000,0x00000000d9d00000,0x00000000d9d00000)
  from space 6144K, 96% used [0x00000000d9e00000,0x00000000da3d00b0,0x00000000da400000)
  to   space 8704K, 0% used [0x00000000da580000,0x00000000da580000,0x00000000dae00000)
 ParOldGen       total 221696K, used 88402K [0x0000000080000000, 0x000000008d880000, 0x00000000d5580000)
  object space 221696K, 39% used [0x0000000080000000,0x0000000085654938,0x000000008d880000)
 Metaspace       used 94087K, capacity 97002K, committed 97152K, reserved 1134592K
  class space    used 11344K, capacity 11843K, committed 11904K, reserved 1048576K
2023-09-21T19:20:21.046+0600: 808494.757: [GC (Allocation Failure) [PSYoungGen: 79168K->5104K(78848K)] 167570K->93523K(300544K), 0.0172350 secs] [Times: user=0.03 sys=0.00, real=0.01 secs] 
Heap after GC invocations=117 (full 3):
 PSYoungGen      total 78848K, used 5104K [0x00000000d5580000, 0x00000000dac00000, 0x0000000100000000)
  eden space 72192K, 0% used [0x00000000d5580000,0x00000000d5580000,0x00000000d9c00000)
  from space 6656K, 76% used [0x00000000da580000,0x00000000daa7c3b0,0x00000000dac00000)
  to   space 8192K, 0% used [0x00000000d9c00000,0x00000000d9c00000,0x00000000da400000)
 ParOldGen       total 221696K, used 88418K [0x0000000080000000, 0x000000008d880000, 0x00000000d5580000)
  object space 221696K, 39% used [0x0000000080000000,0x0000000085658938,0x000000008d880000)
 Metaspace       used 94087K, capacity 97002K, committed 97152K, reserved 1134592K
  class space    used 11344K, capacity 11843K, committed 11904K, reserved 1048576K
}
{Heap before GC invocations=118 (full 3):
 PSYoungGen      total 78848K, used 77296K [0x00000000d5580000, 0x00000000dac00000, 0x0000000100000000)
  eden space 72192K, 100% used [0x00000000d5580000,0x00000000d9c00000,0x00000000d9c00000)
  from space 6656K, 76% used [0x00000000da580000,0x00000000daa7c3b0,0x00000000dac00000)
  to   space 8192K, 0% used [0x00000000d9c00000,0x00000000d9c00000,0x00000000da400000)
 ParOldGen       total 221696K, used 88418K [0x0000000080000000, 0x000000008d880000, 0x00000000d5580000)
  object space 221696K, 39% used [0x0000000080000000,0x0000000085658938,0x000000008d880000)
 Metaspace       used 94087K, capacity 97002K, committed 97152K, reserved 1134592K
  class space    used 11344K, capacity 11843K, committed 11904K, reserved 1048576K
2023-09-21T20:18:52.230+0600: 812005.941: [GC (Allocation Failure) [PSYoungGen: 77296K->3184K(74752K)] 165715K->91610K(296448K), 0.0183567 secs] [Times: user=0.03 sys=0.00, real=0.02 secs] 
Heap after GC invocations=118 (full 3):
 PSYoungGen      total 74752K, used 3184K [0x00000000d5580000, 0x00000000dab00000, 0x0000000100000000)
  eden space 71168K, 0% used [0x00000000d5580000,0x00000000d5580000,0x00000000d9b00000)
  from space 3584K, 88% used [0x00000000d9c00000,0x00000000d9f1c0e0,0x00000000d9f80000)
  to   space 8192K, 0% used [0x00000000da300000,0x00000000da300000,0x00000000dab00000)
 ParOldGen       total 221696K, used 88426K [0x0000000080000000, 0x000000008d880000, 0x00000000d5580000)
  object space 221696K, 39% used [0x0000000080000000,0x000000008565a938,0x000000008d880000)
 Metaspace       used 94087K, capacity 97002K, committed 97152K, reserved 1134592K
  class space    used 11344K, capacity 11843K, committed 11904K, reserved 1048576K
}
{Heap before GC invocations=119 (full 3):
 PSYoungGen      total 74752K, used 74345K [0x00000000d5580000, 0x00000000dab00000, 0x0000000100000000)
  eden space 71168K, 99% used [0x00000000d5580000,0x00000000d9afe3e0,0x00000000d9b00000)
  from space 3584K, 88% used [0x00000000d9c00000,0x00000000d9f1c0e0,0x00000000d9f80000)
  to   space 8192K, 0% used [0x00000000da300000,0x00000000da300000,0x00000000dab00000)
 ParOldGen       total 221696K, used 88426K [0x0000000080000000, 0x000000008d880000, 0x00000000d5580000)
  object space 221696K, 39% used [0x0000000080000000,0x000000008565a938,0x000000008d880000)
 Metaspace       used 94113K, capacity 97102K, committed 97408K, reserved 1134592K
  class space    used 11348K, capacity 11849K, committed 11904K, reserved 1048576K
2023-09-21T21:00:50.725+0600: 814524.435: [GC (Allocation Failure) [PSYoungGen: 74345K->3905K(78336K)] 162771K->92371K(300032K), 0.0168667 secs] [Times: user=0.03 sys=0.00, real=0.02 secs] 
Heap after GC invocations=119 (full 3):
 PSYoungGen      total 78336K, used 3905K [0x00000000d5580000, 0x00000000daa80000, 0x0000000100000000)
  eden space 70656K, 0% used [0x00000000d5580000,0x00000000d5580000,0x00000000d9a80000)
  from space 7680K, 50% used [0x00000000da300000,0x00000000da6d0460,0x00000000daa80000)
  to   space 8192K, 0% used [0x00000000d9a80000,0x00000000d9a80000,0x00000000da280000)
 ParOldGen       total 221696K, used 88466K [0x0000000080000000, 0x000000008d880000, 0x00000000d5580000)
  object space 221696K, 39% used [0x0000000080000000,0x0000000085664938,0x000000008d880000)
 Metaspace       used 94113K, capacity 97102K, committed 97408K, reserved 1134592K
  class space    used 11348K, capacity 11849K, committed 11904K, reserved 1048576K
}
{Heap before GC invocations=120 (full 3):
 PSYoungGen      total 78336K, used 74561K [0x00000000d5580000, 0x00000000daa80000, 0x0000000100000000)
  eden space 70656K, 100% used [0x00000000d5580000,0x00000000d9a80000,0x00000000d9a80000)
  from space 7680K, 50% used [0x00000000da300000,0x00000000da6d0460,0x00000000daa80000)
  to   space 8192K, 0% used [0x00000000d9a80000,0x00000000d9a80000,0x00000000da280000)
 ParOldGen       total 221696K, used 88466K [0x0000000080000000, 0x000000008d880000, 0x00000000d5580000)
  object space 221696K, 39% used [0x0000000080000000,0x0000000085664938,0x000000008d880000)
 Metaspace       used 94128K, capacity 97126K, committed 97408K, reserved 1134592K
  class space    used 11350K, capacity 11853K, committed 11904K, reserved 1048576K
2023-09-21T21:50:46.817+0600: 817520.527: [GC (Allocation Failure) [PSYoungGen: 74561K->4985K(78848K)] 163027K->93475K(300544K), 0.0108544 secs] [Times: user=0.02 sys=0.00, real=0.01 secs] 
Heap after GC invocations=120 (full 3):
 PSYoungGen      total 78848K, used 4985K [0x00000000d5580000, 0x00000000daa80000, 0x0000000100000000)
  eden space 70656K, 0% used [0x00000000d5580000,0x00000000d5580000,0x00000000d9a80000)
  from space 8192K, 60% used [0x00000000d9a80000,0x00000000d9f5e5e0,0x00000000da280000)
  to   space 7680K, 0% used [0x00000000da300000,0x00000000da300000,0x00000000daa80000)
 ParOldGen       total 221696K, used 88490K [0x0000000080000000, 0x000000008d880000, 0x00000000d5580000)
  object space 221696K, 39% used [0x0000000080000000,0x000000008566a938,0x000000008d880000)
 Metaspace       used 94128K, capacity 97126K, committed 97408K, reserved 1134592K
  class space    used 11350K, capacity 11853K, committed 11904K, reserved 1048576K
}
{Heap before GC invocations=121 (full 3):
 PSYoungGen      total 78848K, used 75635K [0x00000000d5580000, 0x00000000daa80000, 0x0000000100000000)
  eden space 70656K, 99% used [0x00000000d5580000,0x00000000d9a7e880,0x00000000d9a80000)
  from space 8192K, 60% used [0x00000000d9a80000,0x00000000d9f5e5e0,0x00000000da280000)
  to   space 7680K, 0% used [0x00000000da300000,0x00000000da300000,0x00000000daa80000)
 ParOldGen       total 221696K, used 88490K [0x0000000080000000, 0x000000008d880000, 0x00000000d5580000)
  object space 221696K, 39% used [0x0000000080000000,0x000000008566a938,0x000000008d880000)
 Metaspace       used 94132K, capacity 97132K, committed 97408K, reserved 1134592K
  class space    used 11350K, capacity 11854K, committed 11904K, reserved 1048576K
2023-09-21T22:37:22.207+0600: 820315.918: [GC (Allocation Failure) [PSYoungGen: 75635K->4226K(79360K)] 164125K->92740K(301056K), 0.0166640 secs] [Times: user=0.03 sys=0.00, real=0.01 secs] 
Heap after GC invocations=121 (full 3):
 PSYoungGen      total 79360K, used 4226K [0x00000000d5580000, 0x00000000daa80000, 0x0000000100000000)
  eden space 71680K, 0% used [0x00000000d5580000,0x00000000d5580000,0x00000000d9b80000)
  from space 7680K, 55% used [0x00000000da300000,0x00000000da720a10,0x00000000daa80000)
  to   space 7680K, 0% used [0x00000000d9b80000,0x00000000d9b80000,0x00000000da300000)
 ParOldGen       total 221696K, used 88514K [0x0000000080000000, 0x000000008d880000, 0x00000000d5580000)
  object space 221696K, 39% used [0x0000000080000000,0x0000000085670938,0x000000008d880000)
 Metaspace       used 94132K, capacity 97132K, committed 97408K, reserved 1134592K
  class space    used 11350K, capacity 11854K, committed 11904K, reserved 1048576K
}
{Heap before GC invocations=122 (full 3):
 PSYoungGen      total 79360K, used 75906K [0x00000000d5580000, 0x00000000daa80000, 0x0000000100000000)
  eden space 71680K, 100% used [0x00000000d5580000,0x00000000d9b80000,0x00000000d9b80000)
  from space 7680K, 55% used [0x00000000da300000,0x00000000da720a10,0x00000000daa80000)
  to   space 7680K, 0% used [0x00000000d9b80000,0x00000000d9b80000,0x00000000da300000)
 ParOldGen       total 221696K, used 88514K [0x0000000080000000, 0x000000008d880000, 0x00000000d5580000)
  object space 221696K, 39% used [0x0000000080000000,0x0000000085670938,0x000000008d880000)
 Metaspace       used 94132K, capacity 97132K, committed 97408K, reserved 1134592K
  class space    used 11350K, capacity 11854K, committed 11904K, reserved 1048576K
2023-09-21T23:32:37.983+0600: 823631.693: [GC (Allocation Failure) [PSYoungGen: 75906K->3248K(79360K)] 164420K->91818K(301056K), 0.0181331 secs] [Times: user=0.03 sys=0.00, real=0.02 secs] 
Heap after GC invocations=122 (full 3):
 PSYoungGen      total 79360K, used 3248K [0x00000000d5580000, 0x00000000daa80000, 0x0000000100000000)
  eden space 71680K, 0% used [0x00000000d5580000,0x00000000d5580000,0x00000000d9b80000)
  from space 7680K, 42% used [0x00000000d9b80000,0x00000000d9eac0f0,0x00000000da300000)
  to   space 7680K, 0% used [0x00000000da300000,0x00000000da300000,0x00000000daa80000)
 ParOldGen       total 221696K, used 88570K [0x0000000080000000, 0x000000008d880000, 0x00000000d5580000)
  object space 221696K, 39% used [0x0000000080000000,0x000000008567e938,0x000000008d880000)
 Metaspace       used 94132K, capacity 97132K, committed 97408K, reserved 1134592K
  class space    used 11350K, capacity 11854K, committed 11904K, reserved 1048576K
}
{Heap before GC invocations=123 (full 3):
 PSYoungGen      total 79360K, used 74928K [0x00000000d5580000, 0x00000000daa80000, 0x0000000100000000)
  eden space 71680K, 100% used [0x00000000d5580000,0x00000000d9b80000,0x00000000d9b80000)
  from space 7680K, 42% used [0x00000000d9b80000,0x00000000d9eac0f0,0x00000000da300000)
  to   space 7680K, 0% used [0x00000000da300000,0x00000000da300000,0x00000000daa80000)
 ParOldGen       total 221696K, used 88570K [0x0000000080000000, 0x000000008d880000, 0x00000000d5580000)
  object space 221696K, 39% used [0x0000000080000000,0x000000008567e938,0x000000008d880000)
 Metaspace       used 94139K, capacity 97138K, committed 97408K, reserved 1134592K
  class space    used 11351K, capacity 11855K, committed 11904K, reserved 1048576K
2023-09-22T00:25:46.508+0600: 826820.219: [GC (Allocation Failure) [PSYoungGen: 74928K->3617K(79360K)] 163498K->92308K(301056K), 0.0123070 secs] [Times: user=0.02 sys=0.00, real=0.01 secs] 
Heap after GC invocations=123 (full 3):
 PSYoungGen      total 79360K, used 3617K [0x00000000d5580000, 0x00000000daa80000, 0x0000000100000000)
  eden space 71680K, 0% used [0x00000000d5580000,0x00000000d5580000,0x00000000d9b80000)
  from space 7680K, 47% used [0x00000000da300000,0x00000000da6886d0,0x00000000daa80000)
  to   space 7680K, 0% used [0x00000000d9b80000,0x00000000d9b80000,0x00000000da300000)
 ParOldGen       total 221696K, used 88690K [0x0000000080000000, 0x000000008d880000, 0x00000000d5580000)
  object space 221696K, 40% used [0x0000000080000000,0x000000008569c958,0x000000008d880000)
 Metaspace       used 94139K, capacity 97138K, committed 97408K, reserved 1134592K
  class space    used 11351K, capacity 11855K, committed 11904K, reserved 1048576K
}
{Heap before GC invocations=124 (full 3):
 PSYoungGen      total 79360K, used 75297K [0x00000000d5580000, 0x00000000daa80000, 0x0000000100000000)
  eden space 71680K, 100% used [0x00000000d5580000,0x00000000d9b80000,0x00000000d9b80000)
  from space 7680K, 47% used [0x00000000da300000,0x00000000da6886d0,0x00000000daa80000)
  to   space 7680K, 0% used [0x00000000d9b80000,0x00000000d9b80000,0x00000000da300000)
 ParOldGen       total 221696K, used 88690K [0x0000000080000000, 0x000000008d880000, 0x00000000d5580000)
  object space 221696K, 40% used [0x0000000080000000,0x000000008569c958,0x000000008d880000)
 Metaspace       used 94139K, capacity 97138K, committed 97408K, reserved 1134592K
  class space    used 11351K, capacity 11855K, committed 11904K, reserved 1048576K
2023-09-22T01:24:11.665+0600: 830325.376: [GC (Allocation Failure) [PSYoungGen: 75297K->3120K(79360K)] 163988K->91826K(301056K), 0.0131482 secs] [Times: user=0.02 sys=0.00, real=0.02 secs] 
Heap after GC invocations=124 (full 3):
 PSYoungGen      total 79360K, used 3120K [0x00000000d5580000, 0x00000000daa80000, 0x0000000100000000)
  eden space 71680K, 0% used [0x00000000d5580000,0x00000000d5580000,0x00000000d9b80000)
  from space 7680K, 40% used [0x00000000d9b80000,0x00000000d9e8c0f0,0x00000000da300000)
  to   space 7680K, 0% used [0x00000000da300000,0x00000000da300000,0x00000000daa80000)
 ParOldGen       total 221696K, used 88706K [0x0000000080000000, 0x000000008d880000, 0x00000000d5580000)
  object space 221696K, 40% used [0x0000000080000000,0x00000000856a0958,0x000000008d880000)
 Metaspace       used 94139K, capacity 97138K, committed 97408K, reserved 1134592K
  class space    used 11351K, capacity 11855K, committed 11904K, reserved 1048576K
}
{Heap before GC invocations=125 (full 3):
 PSYoungGen      total 79360K, used 74799K [0x00000000d5580000, 0x00000000daa80000, 0x0000000100000000)
  eden space 71680K, 99% used [0x00000000d5580000,0x00000000d9b7fb28,0x00000000d9b80000)
  from space 7680K, 40% used [0x00000000d9b80000,0x00000000d9e8c0f0,0x00000000da300000)
  to   space 7680K, 0% used [0x00000000da300000,0x00000000da300000,0x00000000daa80000)
 ParOldGen       total 221696K, used 88706K [0x0000000080000000, 0x000000008d880000, 0x00000000d5580000)
  object space 221696K, 40% used [0x0000000080000000,0x00000000856a0958,0x000000008d880000)
 Metaspace       used 94139K, capacity 97138K, committed 97408K, reserved 1134592K
  class space    used 11351K, capacity 11855K, committed 11904K, reserved 1048576K
2023-09-22T02:22:57.186+0600: 833850.897: [GC (Allocation Failure) [PSYoungGen: 74799K->2928K(79360K)] 163505K->91660K(301056K), 0.0153808 secs] [Times: user=0.03 sys=0.00, real=0.01 secs] 
Heap after GC invocations=125 (full 3):
 PSYoungGen      total 79360K, used 2928K [0x00000000d5580000, 0x00000000daa80000, 0x0000000100000000)
  eden space 71680K, 0% used [0x00000000d5580000,0x00000000d5580000,0x00000000d9b80000)
  from space 7680K, 38% used [0x00000000da300000,0x00000000da5dc0e0,0x00000000daa80000)
  to   space 7680K, 0% used [0x00000000d9b80000,0x00000000d9b80000,0x00000000da300000)
 ParOldGen       total 221696K, used 88732K [0x0000000080000000, 0x000000008d880000, 0x00000000d5580000)
  object space 221696K, 40% used [0x0000000080000000,0x00000000856a7168,0x000000008d880000)
 Metaspace       used 94139K, capacity 97138K, committed 97408K, reserved 1134592K
  class space    used 11351K, capacity 11855K, committed 11904K, reserved 1048576K
}
{Heap before GC invocations=126 (full 3):
 PSYoungGen      total 79360K, used 74608K [0x00000000d5580000, 0x00000000daa80000, 0x0000000100000000)
  eden space 71680K, 100% used [0x00000000d5580000,0x00000000d9b80000,0x00000000d9b80000)
  from space 7680K, 38% used [0x00000000da300000,0x00000000da5dc0e0,0x00000000daa80000)
  to   space 7680K, 0% used [0x00000000d9b80000,0x00000000d9b80000,0x00000000da300000)
 ParOldGen       total 221696K, used 88732K [0x0000000080000000, 0x000000008d880000, 0x00000000d5580000)
  object space 221696K, 40% used [0x0000000080000000,0x00000000856a7168,0x000000008d880000)
 Metaspace       used 94139K, capacity 97138K, committed 97408K, reserved 1134592K
  class space    used 11351K, capacity 11855K, committed 11904K, reserved 1048576K
2023-09-22T03:21:19.172+0600: 837352.883: [GC (Allocation Failure) [PSYoungGen: 74608K->2864K(79360K)] 163340K->91673K(301056K), 0.0112418 secs] [Times: user=0.01 sys=0.00, real=0.01 secs] 
Heap after GC invocations=126 (full 3):
 PSYoungGen      total 79360K, used 2864K [0x00000000d5580000, 0x00000000daa80000, 0x0000000100000000)
  eden space 71680K, 0% used [0x00000000d5580000,0x00000000d5580000,0x00000000d9b80000)
  from space 7680K, 37% used [0x00000000d9b80000,0x00000000d9e4c0e0,0x00000000da300000)
  to   space 7680K, 0% used [0x00000000da300000,0x00000000da300000,0x00000000daa80000)
 ParOldGen       total 221696K, used 88809K [0x0000000080000000, 0x000000008d880000, 0x00000000d5580000)
  object space 221696K, 40% used [0x0000000080000000,0x00000000856ba4c8,0x000000008d880000)
 Metaspace       used 94139K, capacity 97138K, committed 97408K, reserved 1134592K
  class space    used 11351K, capacity 11855K, committed 11904K, reserved 1048576K
}
{Heap before GC invocations=127 (full 3):
 PSYoungGen      total 79360K, used 74544K [0x00000000d5580000, 0x00000000daa80000, 0x0000000100000000)
  eden space 71680K, 100% used [0x00000000d5580000,0x00000000d9b80000,0x00000000d9b80000)
  from space 7680K, 37% used [0x00000000d9b80000,0x00000000d9e4c0e0,0x00000000da300000)
  to   space 7680K, 0% used [0x00000000da300000,0x00000000da300000,0x00000000daa80000)
 ParOldGen       total 221696K, used 88809K [0x0000000080000000, 0x000000008d880000, 0x00000000d5580000)
  object space 221696K, 40% used [0x0000000080000000,0x00000000856ba4c8,0x000000008d880000)
 Metaspace       used 94139K, capacity 97138K, committed 97408K, reserved 1134592K
  class space    used 11351K, capacity 11855K, committed 11904K, reserved 1048576K
2023-09-22T04:19:58.882+0600: 840872.592: [GC (Allocation Failure) [PSYoungGen: 74544K->2800K(79360K)] 163353K->91710K(301056K), 0.0147896 secs] [Times: user=0.02 sys=0.00, real=0.02 secs] 
Heap after GC invocations=127 (full 3):
 PSYoungGen      total 79360K, used 2800K [0x00000000d5580000, 0x00000000daa80000, 0x0000000100000000)
  eden space 71680K, 0% used [0x00000000d5580000,0x00000000d5580000,0x00000000d9b80000)
  from space 7680K, 36% used [0x00000000da300000,0x00000000da5bc0e0,0x00000000daa80000)
  to   space 7680K, 0% used [0x00000000d9b80000,0x00000000d9b80000,0x00000000da300000)
 ParOldGen       total 221696K, used 88910K [0x0000000080000000, 0x000000008d880000, 0x00000000d5580000)
  object space 221696K, 40% used [0x0000000080000000,0x00000000856d3850,0x000000008d880000)
 Metaspace       used 94139K, capacity 97138K, committed 97408K, reserved 1134592K
  class space    used 11351K, capacity 11855K, committed 11904K, reserved 1048576K
}
{Heap before GC invocations=128 (full 3):
 PSYoungGen      total 79360K, used 74480K [0x00000000d5580000, 0x00000000daa80000, 0x0000000100000000)
  eden space 71680K, 100% used [0x00000000d5580000,0x00000000d9b80000,0x00000000d9b80000)
  from space 7680K, 36% used [0x00000000da300000,0x00000000da5bc0e0,0x00000000daa80000)
  to   space 7680K, 0% used [0x00000000d9b80000,0x00000000d9b80000,0x00000000da300000)
 ParOldGen       total 221696K, used 88910K [0x0000000080000000, 0x000000008d880000, 0x00000000d5580000)
  object space 221696K, 40% used [0x0000000080000000,0x00000000856d3850,0x000000008d880000)
 Metaspace       used 94139K, capacity 97138K, committed 97408K, reserved 1134592K
  class space    used 11351K, capacity 11855K, committed 11904K, reserved 1048576K
2023-09-22T05:18:01.901+0600: 844355.612: [GC (Allocation Failure) [PSYoungGen: 74480K->2736K(79360K)] 163390K->91702K(301056K), 0.0137770 secs] [Times: user=0.02 sys=0.00, real=0.01 secs] 
Heap after GC invocations=128 (full 3):
 PSYoungGen      total 79360K, used 2736K [0x00000000d5580000, 0x00000000daa80000, 0x0000000100000000)
  eden space 71680K, 0% used [0x00000000d5580000,0x00000000d5580000,0x00000000d9b80000)
  from space 7680K, 35% used [0x00000000d9b80000,0x00000000d9e2c0e0,0x00000000da300000)
  to   space 7680K, 0% used [0x00000000da300000,0x00000000da300000,0x00000000daa80000)
 ParOldGen       total 221696K, used 88966K [0x0000000080000000, 0x000000008d880000, 0x00000000d5580000)
  object space 221696K, 40% used [0x0000000080000000,0x00000000856e1850,0x000000008d880000)
 Metaspace       used 94139K, capacity 97138K, committed 97408K, reserved 1134592K
  class space    used 11351K, capacity 11855K, committed 11904K, reserved 1048576K
}
{Heap before GC invocations=129 (full 3):
 PSYoungGen      total 79360K, used 74416K [0x00000000d5580000, 0x00000000daa80000, 0x0000000100000000)
  eden space 71680K, 100% used [0x00000000d5580000,0x00000000d9b80000,0x00000000d9b80000)
  from space 7680K, 35% used [0x00000000d9b80000,0x00000000d9e2c0e0,0x00000000da300000)
  to   space 7680K, 0% used [0x00000000da300000,0x00000000da300000,0x00000000daa80000)
 ParOldGen       total 221696K, used 88966K [0x0000000080000000, 0x000000008d880000, 0x00000000d5580000)
  object space 221696K, 40% used [0x0000000080000000,0x00000000856e1850,0x000000008d880000)
 Metaspace       used 94139K, capacity 97138K, committed 97408K, reserved 1134592K
  class space    used 11351K, capacity 11855K, committed 11904K, reserved 1048576K
2023-09-22T06:17:12.658+0600: 847906.368: [GC (Allocation Failure) [PSYoungGen: 74416K->2640K(79872K)] 163382K->91705K(301568K), 0.0158341 secs] [Times: user=0.03 sys=0.00, real=0.01 secs] 
Heap after GC invocations=129 (full 3):
 PSYoungGen      total 79872K, used 2640K [0x00000000d5580000, 0x00000000daa80000, 0x0000000100000000)
  eden space 72192K, 0% used [0x00000000d5580000,0x00000000d5580000,0x00000000d9c00000)
  from space 7680K, 34% used [0x00000000da300000,0x00000000da5940e0,0x00000000daa80000)
  to   space 7168K, 0% used [0x00000000d9c00000,0x00000000d9c00000,0x00000000da300000)
 ParOldGen       total 221696K, used 89064K [0x0000000080000000, 0x000000008d880000, 0x00000000d5580000)
  object space 221696K, 40% used [0x0000000080000000,0x00000000856fa3c0,0x000000008d880000)
 Metaspace       used 94139K, capacity 97138K, committed 97408K, reserved 1134592K
  class space    used 11351K, capacity 11855K, committed 11904K, reserved 1048576K
}
{Heap before GC invocations=130 (full 3):
 PSYoungGen      total 79872K, used 74832K [0x00000000d5580000, 0x00000000daa80000, 0x0000000100000000)
  eden space 72192K, 100% used [0x00000000d5580000,0x00000000d9c00000,0x00000000d9c00000)
  from space 7680K, 34% used [0x00000000da300000,0x00000000da5940e0,0x00000000daa80000)
  to   space 7168K, 0% used [0x00000000d9c00000,0x00000000d9c00000,0x00000000da300000)
 ParOldGen       total 221696K, used 89064K [0x0000000080000000, 0x000000008d880000, 0x00000000d5580000)
  object space 221696K, 40% used [0x0000000080000000,0x00000000856fa3c0,0x000000008d880000)
 Metaspace       used 94139K, capacity 97138K, committed 97408K, reserved 1134592K
  class space    used 11351K, capacity 11855K, committed 11904K, reserved 1048576K
2023-09-22T07:15:27.022+0600: 851400.733: [GC (Allocation Failure) [PSYoungGen: 74832K->2528K(79360K)] 163897K->91716K(301056K), 0.0138995 secs] [Times: user=0.02 sys=0.00, real=0.02 secs] 
Heap after GC invocations=130 (full 3):
 PSYoungGen      total 79360K, used 2528K [0x00000000d5580000, 0x00000000daa80000, 0x0000000100000000)
  eden space 72192K, 0% used [0x00000000d5580000,0x00000000d5580000,0x00000000d9c00000)
  from space 7168K, 35% used [0x00000000d9c00000,0x00000000d9e78000,0x00000000da300000)
  to   space 7168K, 0% used [0x00000000da380000,0x00000000da380000,0x00000000daa80000)
 ParOldGen       total 221696K, used 89188K [0x0000000080000000, 0x000000008d880000, 0x00000000d5580000)
  object space 221696K, 40% used [0x0000000080000000,0x00000000857190b0,0x000000008d880000)
 Metaspace       used 94139K, capacity 97138K, committed 97408K, reserved 1134592K
  class space    used 11351K, capacity 11855K, committed 11904K, reserved 1048576K
}
{Heap before GC invocations=131 (full 3):
 PSYoungGen      total 79360K, used 74720K [0x00000000d5580000, 0x00000000daa80000, 0x0000000100000000)
  eden space 72192K, 100% used [0x00000000d5580000,0x00000000d9c00000,0x00000000d9c00000)
  from space 7168K, 35% used [0x00000000d9c00000,0x00000000d9e78000,0x00000000da300000)
  to   space 7168K, 0% used [0x00000000da380000,0x00000000da380000,0x00000000daa80000)
 ParOldGen       total 221696K, used 89188K [0x0000000080000000, 0x000000008d880000, 0x00000000d5580000)
  object space 221696K, 40% used [0x0000000080000000,0x00000000857190b0,0x000000008d880000)
 Metaspace       used 94139K, capacity 97138K, committed 97408K, reserved 1134592K
  class space    used 11351K, capacity 11855K, committed 11904K, reserved 1048576K
2023-09-22T08:14:36.769+0600: 854950.480: [GC (Allocation Failure) [PSYoungGen: 74720K->2432K(79872K)] 163908K->91724K(301568K), 0.0137631 secs] [Times: user=0.02 sys=0.00, real=0.01 secs] 
Heap after GC invocations=131 (full 3):
 PSYoungGen      total 79872K, used 2432K [0x00000000d5580000, 0x00000000daa80000, 0x0000000100000000)
  eden space 72704K, 0% used [0x00000000d5580000,0x00000000d5580000,0x00000000d9c80000)
  from space 7168K, 33% used [0x00000000da380000,0x00000000da5e0000,0x00000000daa80000)
  to   space 7168K, 0% used [0x00000000d9c80000,0x00000000d9c80000,0x00000000da380000)
 ParOldGen       total 221696K, used 89292K [0x0000000080000000, 0x000000008d880000, 0x00000000d5580000)
  object space 221696K, 40% used [0x0000000080000000,0x00000000857331a0,0x000000008d880000)
 Metaspace       used 94139K, capacity 97138K, committed 97408K, reserved 1134592K
  class space    used 11351K, capacity 11855K, committed 11904K, reserved 1048576K
}
{Heap before GC invocations=132 (full 3):
 PSYoungGen      total 79872K, used 75136K [0x00000000d5580000, 0x00000000daa80000, 0x0000000100000000)
  eden space 72704K, 100% used [0x00000000d5580000,0x00000000d9c80000,0x00000000d9c80000)
  from space 7168K, 33% used [0x00000000da380000,0x00000000da5e0000,0x00000000daa80000)
  to   space 7168K, 0% used [0x00000000d9c80000,0x00000000d9c80000,0x00000000da380000)
 ParOldGen       total 221696K, used 89292K [0x0000000080000000, 0x000000008d880000, 0x00000000d5580000)
  object space 221696K, 40% used [0x0000000080000000,0x00000000857331a0,0x000000008d880000)
 Metaspace       used 94139K, capacity 97138K, committed 97408K, reserved 1134592K
  class space    used 11351K, capacity 11855K, committed 11904K, reserved 1048576K
2023-09-22T09:13:52.837+0600: 858506.548: [GC (Allocation Failure) [PSYoungGen: 75136K->2368K(79872K)] 164428K->91721K(301568K), 0.0133190 secs] [Times: user=0.02 sys=0.00, real=0.01 secs] 
Heap after GC invocations=132 (full 3):
 PSYoungGen      total 79872K, used 2368K [0x00000000d5580000, 0x00000000daa80000, 0x0000000100000000)
  eden space 72704K, 0% used [0x00000000d5580000,0x00000000d5580000,0x00000000d9c80000)
  from space 7168K, 33% used [0x00000000d9c80000,0x00000000d9ed0000,0x00000000da380000)
  to   space 7168K, 0% used [0x00000000da380000,0x00000000da380000,0x00000000daa80000)
 ParOldGen       total 221696K, used 89353K [0x0000000080000000, 0x000000008d880000, 0x00000000d5580000)
  object space 221696K, 40% used [0x0000000080000000,0x0000000085742550,0x000000008d880000)
 Metaspace       used 94139K, capacity 97138K, committed 97408K, reserved 1134592K
  class space    used 11351K, capacity 11855K, committed 11904K, reserved 1048576K
}
{Heap before GC invocations=133 (full 3):
 PSYoungGen      total 79872K, used 75072K [0x00000000d5580000, 0x00000000daa80000, 0x0000000100000000)
  eden space 72704K, 100% used [0x00000000d5580000,0x00000000d9c80000,0x00000000d9c80000)
  from space 7168K, 33% used [0x00000000d9c80000,0x00000000d9ed0000,0x00000000da380000)
  to   space 7168K, 0% used [0x00000000da380000,0x00000000da380000,0x00000000daa80000)
 ParOldGen       total 221696K, used 89353K [0x0000000080000000, 0x000000008d880000, 0x00000000d5580000)
  object space 221696K, 40% used [0x0000000080000000,0x0000000085742550,0x000000008d880000)
 Metaspace       used 94139K, capacity 97138K, committed 97408K, reserved 1134592K
  class space    used 11351K, capacity 11855K, committed 11904K, reserved 1048576K
2023-09-22T10:13:04.255+0600: 862057.966: [GC (Allocation Failure) [PSYoungGen: 75072K->2400K(80384K)] 164425K->91761K(302080K), 0.0122305 secs] [Times: user=0.02 sys=0.00, real=0.02 secs] 
Heap after GC invocations=133 (full 3):
 PSYoungGen      total 80384K, used 2400K [0x00000000d5580000, 0x00000000daa80000, 0x0000000100000000)
  eden space 73216K, 0% used [0x00000000d5580000,0x00000000d5580000,0x00000000d9d00000)
  from space 7168K, 33% used [0x00000000da380000,0x00000000da5d8000,0x00000000daa80000)
  to   space 6656K, 0% used [0x00000000d9d00000,0x00000000d9d00000,0x00000000da380000)
 ParOldGen       total 221696K, used 89361K [0x0000000080000000, 0x000000008d880000, 0x00000000d5580000)
  object space 221696K, 40% used [0x0000000080000000,0x0000000085744550,0x000000008d880000)
 Metaspace       used 94139K, capacity 97138K, committed 97408K, reserved 1134592K
  class space    used 11351K, capacity 11855K, committed 11904K, reserved 1048576K
}
{Heap before GC invocations=134 (full 3):
 PSYoungGen      total 80384K, used 75616K [0x00000000d5580000, 0x00000000daa80000, 0x0000000100000000)
  eden space 73216K, 100% used [0x00000000d5580000,0x00000000d9d00000,0x00000000d9d00000)
  from space 7168K, 33% used [0x00000000da380000,0x00000000da5d8000,0x00000000daa80000)
  to   space 6656K, 0% used [0x00000000d9d00000,0x00000000d9d00000,0x00000000da380000)
 ParOldGen       total 221696K, used 89361K [0x0000000080000000, 0x000000008d880000, 0x00000000d5580000)
  object space 221696K, 40% used [0x0000000080000000,0x0000000085744550,0x000000008d880000)
 Metaspace       used 94139K, capacity 97138K, committed 97408K, reserved 1134592K
  class space    used 11351K, capacity 11855K, committed 11904K, reserved 1048576K
2023-09-22T11:12:32.261+0600: 865625.971: [GC (Allocation Failure) [PSYoungGen: 75616K->2400K(79872K)] 164977K->91809K(301568K), 0.0126397 secs] [Times: user=0.02 sys=0.00, real=0.01 secs] 
Heap after GC invocations=134 (full 3):
 PSYoungGen      total 79872K, used 2400K [0x00000000d5580000, 0x00000000daa80000, 0x0000000100000000)
  eden space 73216K, 0% used [0x00000000d5580000,0x00000000d5580000,0x00000000d9d00000)
  from space 6656K, 36% used [0x00000000d9d00000,0x00000000d9f58000,0x00000000da380000)
  to   space 6656K, 0% used [0x00000000da400000,0x00000000da400000,0x00000000daa80000)
 ParOldGen       total 221696K, used 89409K [0x0000000080000000, 0x000000008d880000, 0x00000000d5580000)
  object space 221696K, 40% used [0x0000000080000000,0x0000000085750550,0x000000008d880000)
 Metaspace       used 94139K, capacity 97138K, committed 97408K, reserved 1134592K
  class space    used 11351K, capacity 11855K, committed 11904K, reserved 1048576K
}
{Heap before GC invocations=135 (full 3):
 PSYoungGen      total 79872K, used 75616K [0x00000000d5580000, 0x00000000daa80000, 0x0000000100000000)
  eden space 73216K, 100% used [0x00000000d5580000,0x00000000d9d00000,0x00000000d9d00000)
  from space 6656K, 36% used [0x00000000d9d00000,0x00000000d9f58000,0x00000000da380000)
  to   space 6656K, 0% used [0x00000000da400000,0x00000000da400000,0x00000000daa80000)
 ParOldGen       total 221696K, used 89409K [0x0000000080000000, 0x000000008d880000, 0x00000000d5580000)
  object space 221696K, 40% used [0x0000000080000000,0x0000000085750550,0x000000008d880000)
 Metaspace       used 94139K, capacity 97138K, committed 97408K, reserved 1134592K
  class space    used 11351K, capacity 11855K, committed 11904K, reserved 1048576K
2023-09-22T12:08:42.889+0600: 868996.600: [GC (Allocation Failure) [PSYoungGen: 75616K->2784K(80896K)] 165025K->92249K(302592K), 0.0136587 secs] [Times: user=0.02 sys=0.00, real=0.01 secs] 
Heap after GC invocations=135 (full 3):
 PSYoungGen      total 80896K, used 2784K [0x00000000d5580000, 0x00000000daa80000, 0x0000000100000000)
  eden space 74240K, 0% used [0x00000000d5580000,0x00000000d5580000,0x00000000d9e00000)
  from space 6656K, 41% used [0x00000000da400000,0x00000000da6b8030,0x00000000daa80000)
  to   space 6144K, 0% used [0x00000000d9e00000,0x00000000d9e00000,0x00000000da400000)
 ParOldGen       total 221696K, used 89465K [0x0000000080000000, 0x000000008d880000, 0x00000000d5580000)
  object space 221696K, 40% used [0x0000000080000000,0x000000008575e550,0x000000008d880000)
 Metaspace       used 94139K, capacity 97138K, committed 97408K, reserved 1134592K
  class space    used 11351K, capacity 11855K, committed 11904K, reserved 1048576K
}
{Heap before GC invocations=136 (full 3):
 PSYoungGen      total 80896K, used 77024K [0x00000000d5580000, 0x00000000daa80000, 0x0000000100000000)
  eden space 74240K, 100% used [0x00000000d5580000,0x00000000d9e00000,0x00000000d9e00000)
  from space 6656K, 41% used [0x00000000da400000,0x00000000da6b8030,0x00000000daa80000)
  to   space 6144K, 0% used [0x00000000d9e00000,0x00000000d9e00000,0x00000000da400000)
 ParOldGen       total 221696K, used 89465K [0x0000000080000000, 0x000000008d880000, 0x00000000d5580000)
  object space 221696K, 40% used [0x0000000080000000,0x000000008575e550,0x000000008d880000)
 Metaspace       used 94149K, capacity 97162K, committed 97408K, reserved 1134592K
  class space    used 11353K, capacity 11859K, committed 11904K, reserved 1048576K
2023-09-22T13:03:39.063+0600: 872292.774: [GC (Allocation Failure) [PSYoungGen: 77024K->2833K(80384K)] 166489K->92347K(302080K), 0.0141518 secs] [Times: user=0.02 sys=0.00, real=0.02 secs] 
Heap after GC invocations=136 (full 3):
 PSYoungGen      total 80384K, used 2833K [0x00000000d5580000, 0x00000000daa80000, 0x0000000100000000)
  eden space 74240K, 0% used [0x00000000d5580000,0x00000000d5580000,0x00000000d9e00000)
  from space 6144K, 46% used [0x00000000d9e00000,0x00000000da0c46b0,0x00000000da400000)
  to   space 6144K, 0% used [0x00000000da480000,0x00000000da480000,0x00000000daa80000)
 ParOldGen       total 221696K, used 89513K [0x0000000080000000, 0x000000008d880000, 0x00000000d5580000)
  object space 221696K, 40% used [0x0000000080000000,0x000000008576a550,0x000000008d880000)
 Metaspace       used 94149K, capacity 97162K, committed 97408K, reserved 1134592K
  class space    used 11353K, capacity 11859K, committed 11904K, reserved 1048576K
}
{Heap before GC invocations=137 (full 3):
 PSYoungGen      total 80384K, used 77073K [0x00000000d5580000, 0x00000000daa80000, 0x0000000100000000)
  eden space 74240K, 100% used [0x00000000d5580000,0x00000000d9e00000,0x00000000d9e00000)
  from space 6144K, 46% used [0x00000000d9e00000,0x00000000da0c46b0,0x00000000da400000)
  to   space 6144K, 0% used [0x00000000da480000,0x00000000da480000,0x00000000daa80000)
 ParOldGen       total 221696K, used 89513K [0x0000000080000000, 0x000000008d880000, 0x00000000d5580000)
  object space 221696K, 40% used [0x0000000080000000,0x000000008576a550,0x000000008d880000)
 Metaspace       used 94149K, capacity 97162K, committed 97408K, reserved 1134592K
  class space    used 11353K, capacity 11859K, committed 11904K, reserved 1048576K
2023-09-22T14:04:37.361+0600: 875951.072: [GC (Allocation Failure) [PSYoungGen: 77073K->2336K(80896K)] 166587K->91857K(302592K), 0.0116895 secs] [Times: user=0.02 sys=0.00, real=0.01 secs] 
Heap after GC invocations=137 (full 3):
 PSYoungGen      total 80896K, used 2336K [0x00000000d5580000, 0x00000000daa80000, 0x0000000100000000)
  eden space 74752K, 0% used [0x00000000d5580000,0x00000000d5580000,0x00000000d9e80000)
  from space 6144K, 38% used [0x00000000da480000,0x00000000da6c8000,0x00000000daa80000)
  to   space 6144K, 0% used [0x00000000d9e80000,0x00000000d9e80000,0x00000000da480000)
 ParOldGen       total 221696K, used 89521K [0x0000000080000000, 0x000000008d880000, 0x00000000d5580000)
  object space 221696K, 40% used [0x0000000080000000,0x000000008576c550,0x000000008d880000)
 Metaspace       used 94149K, capacity 97162K, committed 97408K, reserved 1134592K
  class space    used 11353K, capacity 11859K, committed 11904K, reserved 1048576K
}
{Heap before GC invocations=138 (full 3):
 PSYoungGen      total 80896K, used 77088K [0x00000000d5580000, 0x00000000daa80000, 0x0000000100000000)
  eden space 74752K, 100% used [0x00000000d5580000,0x00000000d9e80000,0x00000000d9e80000)
  from space 6144K, 38% used [0x00000000da480000,0x00000000da6c8000,0x00000000daa80000)
  to   space 6144K, 0% used [0x00000000d9e80000,0x00000000d9e80000,0x00000000da480000)
 ParOldGen       total 221696K, used 89521K [0x0000000080000000, 0x000000008d880000, 0x00000000d5580000)
  object space 221696K, 40% used [0x0000000080000000,0x000000008576c550,0x000000008d880000)
 Metaspace       used 94149K, capacity 97162K, committed 97408K, reserved 1134592K
  class space    used 11353K, capacity 11859K, committed 11904K, reserved 1048576K
2023-09-22T15:02:12.991+0600: 879406.701: [GC (Allocation Failure) [PSYoungGen: 77088K->2528K(80896K)] 166609K->92081K(302592K), 0.0099924 secs] [Times: user=0.02 sys=0.00, real=0.01 secs] 
Heap after GC invocations=138 (full 3):
 PSYoungGen      total 80896K, used 2528K [0x00000000d5580000, 0x00000000daa80000, 0x0000000100000000)
  eden space 74752K, 0% used [0x00000000d5580000,0x00000000d5580000,0x00000000d9e80000)
  from space 6144K, 41% used [0x00000000d9e80000,0x00000000da0f8010,0x00000000da480000)
  to   space 5632K, 0% used [0x00000000da500000,0x00000000da500000,0x00000000daa80000)
 ParOldGen       total 221696K, used 89553K [0x0000000080000000, 0x000000008d880000, 0x00000000d5580000)
  object space 221696K, 40% used [0x0000000080000000,0x0000000085774550,0x000000008d880000)
 Metaspace       used 94149K, capacity 97162K, committed 97408K, reserved 1134592K
  class space    used 11353K, capacity 11859K, committed 11904K, reserved 1048576K
}
{Heap before GC invocations=139 (full 3):
 PSYoungGen      total 80896K, used 77280K [0x00000000d5580000, 0x00000000daa80000, 0x0000000100000000)
  eden space 74752K, 100% used [0x00000000d5580000,0x00000000d9e80000,0x00000000d9e80000)
  from space 6144K, 41% used [0x00000000d9e80000,0x00000000da0f8010,0x00000000da480000)
  to   space 5632K, 0% used [0x00000000da500000,0x00000000da500000,0x00000000daa80000)
 ParOldGen       total 221696K, used 89553K [0x0000000080000000, 0x000000008d880000, 0x00000000d5580000)
  object space 221696K, 40% used [0x0000000080000000,0x0000000085774550,0x000000008d880000)
 Metaspace       used 94149K, capacity 97162K, committed 97408K, reserved 1134592K
  class space    used 11353K, capacity 11859K, committed 11904K, reserved 1048576K
2023-09-22T15:59:27.144+0600: 882840.854: [GC (Allocation Failure) [PSYoungGen: 77280K->2688K(81408K)] 166833K->92249K(303104K), 0.0134607 secs] [Times: user=0.02 sys=0.00, real=0.02 secs] 
Heap after GC invocations=139 (full 3):
 PSYoungGen      total 81408K, used 2688K [0x00000000d5580000, 0x00000000daa80000, 0x0000000100000000)
  eden space 75776K, 0% used [0x00000000d5580000,0x00000000d5580000,0x00000000d9f80000)
  from space 5632K, 47% used [0x00000000da500000,0x00000000da7a0030,0x00000000daa80000)
  to   space 5632K, 0% used [0x00000000d9f80000,0x00000000d9f80000,0x00000000da500000)
 ParOldGen       total 221696K, used 89561K [0x0000000080000000, 0x000000008d880000, 0x00000000d5580000)
  object space 221696K, 40% used [0x0000000080000000,0x0000000085776550,0x000000008d880000)
 Metaspace       used 94149K, capacity 97162K, committed 97408K, reserved 1134592K
  class space    used 11353K, capacity 11859K, committed 11904K, reserved 1048576K
}
{Heap before GC invocations=140 (full 3):
 PSYoungGen      total 81408K, used 78464K [0x00000000d5580000, 0x00000000daa80000, 0x0000000100000000)
  eden space 75776K, 100% used [0x00000000d5580000,0x00000000d9f80000,0x00000000d9f80000)
  from space 5632K, 47% used [0x00000000da500000,0x00000000da7a0030,0x00000000daa80000)
  to   space 5632K, 0% used [0x00000000d9f80000,0x00000000d9f80000,0x00000000da500000)
 ParOldGen       total 221696K, used 89561K [0x0000000080000000, 0x000000008d880000, 0x00000000d5580000)
  object space 221696K, 40% used [0x0000000080000000,0x0000000085776550,0x000000008d880000)
 Metaspace       used 94150K, capacity 97162K, committed 97408K, reserved 1134592K
  class space    used 11353K, capacity 11859K, committed 11904K, reserved 1048576K
2023-09-22T16:49:10.530+0600: 885824.241: [GC (Allocation Failure) [PSYoungGen: 78464K->3328K(81408K)] 168025K->92889K(303104K), 0.0135781 secs] [Times: user=0.03 sys=0.00, real=0.01 secs] 
Heap after GC invocations=140 (full 3):
 PSYoungGen      total 81408K, used 3328K [0x00000000d5580000, 0x00000000daa80000, 0x0000000100000000)
  eden space 75776K, 0% used [0x00000000d5580000,0x00000000d5580000,0x00000000d9f80000)
  from space 5632K, 59% used [0x00000000d9f80000,0x00000000da2c0080,0x00000000da500000)
  to   space 5632K, 0% used [0x00000000da500000,0x00000000da500000,0x00000000daa80000)
 ParOldGen       total 221696K, used 89561K [0x0000000080000000, 0x000000008d880000, 0x00000000d5580000)
  object space 221696K, 40% used [0x0000000080000000,0x0000000085776550,0x000000008d880000)
 Metaspace       used 94150K, capacity 97162K, committed 97408K, reserved 1134592K
  class space    used 11353K, capacity 11859K, committed 11904K, reserved 1048576K
}
{Heap before GC invocations=141 (full 3):
 PSYoungGen      total 81408K, used 79104K [0x00000000d5580000, 0x00000000daa80000, 0x0000000100000000)
  eden space 75776K, 100% used [0x00000000d5580000,0x00000000d9f80000,0x00000000d9f80000)
  from space 5632K, 59% used [0x00000000d9f80000,0x00000000da2c0080,0x00000000da500000)
  to   space 5632K, 0% used [0x00000000da500000,0x00000000da500000,0x00000000daa80000)
 ParOldGen       total 221696K, used 89561K [0x0000000080000000, 0x000000008d880000, 0x00000000d5580000)
  object space 221696K, 40% used [0x0000000080000000,0x0000000085776550,0x000000008d880000)
 Metaspace       used 94152K, capacity 97162K, committed 97408K, reserved 1134592K
  class space    used 11353K, capacity 11859K, committed 11904K, reserved 1048576K
2023-09-22T17:48:07.654+0600: 889361.365: [GC (Allocation Failure) [PSYoungGen: 79104K->2592K(81408K)] 168665K->92153K(303104K), 0.0133744 secs] [Times: user=0.02 sys=0.00, real=0.02 secs] 
Heap after GC invocations=141 (full 3):
 PSYoungGen      total 81408K, used 2592K [0x00000000d5580000, 0x00000000daa80000, 0x0000000100000000)
  eden space 75776K, 0% used [0x00000000d5580000,0x00000000d5580000,0x00000000d9f80000)
  from space 5632K, 46% used [0x00000000da500000,0x00000000da788020,0x00000000daa80000)
  to   space 5632K, 0% used [0x00000000d9f80000,0x00000000d9f80000,0x00000000da500000)
 ParOldGen       total 221696K, used 89561K [0x0000000080000000, 0x000000008d880000, 0x00000000d5580000)
  object space 221696K, 40% used [0x0000000080000000,0x0000000085776550,0x000000008d880000)
 Metaspace       used 94152K, capacity 97162K, committed 97408K, reserved 1134592K
  class space    used 11353K, capacity 11859K, committed 11904K, reserved 1048576K
}
{Heap before GC invocations=142 (full 3):
 PSYoungGen      total 81408K, used 78368K [0x00000000d5580000, 0x00000000daa80000, 0x0000000100000000)
  eden space 75776K, 100% used [0x00000000d5580000,0x00000000d9f80000,0x00000000d9f80000)
  from space 5632K, 46% used [0x00000000da500000,0x00000000da788020,0x00000000daa80000)
  to   space 5632K, 0% used [0x00000000d9f80000,0x00000000d9f80000,0x00000000da500000)
 ParOldGen       total 221696K, used 89561K [0x0000000080000000, 0x000000008d880000, 0x00000000d5580000)
  object space 221696K, 40% used [0x0000000080000000,0x0000000085776550,0x000000008d880000)
 Metaspace       used 94152K, capacity 97162K, committed 97408K, reserved 1134592K
  class space    used 11353K, capacity 11859K, committed 11904K, reserved 1048576K
2023-09-22T18:51:36.644+0600: 893170.355: [GC (Allocation Failure) [PSYoungGen: 78368K->2368K(81408K)] 167929K->91929K(303104K), 0.0120212 secs] [Times: user=0.02 sys=0.00, real=0.02 secs] 
Heap after GC invocations=142 (full 3):
 PSYoungGen      total 81408K, used 2368K [0x00000000d5580000, 0x00000000daa80000, 0x0000000100000000)
  eden space 75776K, 0% used [0x00000000d5580000,0x00000000d5580000,0x00000000d9f80000)
  from space 5632K, 42% used [0x00000000d9f80000,0x00000000da1d0000,0x00000000da500000)
  to   space 5120K, 0% used [0x00000000da580000,0x00000000da580000,0x00000000daa80000)
 ParOldGen       total 221696K, used 89561K [0x0000000080000000, 0x000000008d880000, 0x00000000d5580000)
  object space 221696K, 40% used [0x0000000080000000,0x0000000085776550,0x000000008d880000)
 Metaspace       used 94152K, capacity 97162K, committed 97408K, reserved 1134592K
  class space    used 11353K, capacity 11859K, committed 11904K, reserved 1048576K
}
{Heap before GC invocations=143 (full 3):
 PSYoungGen      total 81408K, used 78144K [0x00000000d5580000, 0x00000000daa80000, 0x0000000100000000)
  eden space 75776K, 100% used [0x00000000d5580000,0x00000000d9f80000,0x00000000d9f80000)
  from space 5632K, 42% used [0x00000000d9f80000,0x00000000da1d0000,0x00000000da500000)
  to   space 5120K, 0% used [0x00000000da580000,0x00000000da580000,0x00000000daa80000)
 ParOldGen       total 221696K, used 89561K [0x0000000080000000, 0x000000008d880000, 0x00000000d5580000)
  object space 221696K, 40% used [0x0000000080000000,0x0000000085776550,0x000000008d880000)
 Metaspace       used 94153K, capacity 97162K, committed 97408K, reserved 1134592K
  class space    used 11353K, capacity 11859K, committed 11904K, reserved 1048576K
2023-09-22T19:48:25.394+0600: 896579.105: [GC (Allocation Failure) [PSYoungGen: 78144K->2784K(81920K)] 167705K->92345K(303616K), 0.0138959 secs] [Times: user=0.02 sys=0.00, real=0.02 secs] 
Heap after GC invocations=143 (full 3):
 PSYoungGen      total 81920K, used 2784K [0x00000000d5580000, 0x00000000daa80000, 0x0000000100000000)
  eden space 76800K, 0% used [0x00000000d5580000,0x00000000d5580000,0x00000000da080000)
  from space 5120K, 54% used [0x00000000da580000,0x00000000da838030,0x00000000daa80000)
  to   space 5120K, 0% used [0x00000000da080000,0x00000000da080000,0x00000000da580000)
 ParOldGen       total 221696K, used 89561K [0x0000000080000000, 0x000000008d880000, 0x00000000d5580000)
  object space 221696K, 40% used [0x0000000080000000,0x0000000085776550,0x000000008d880000)
 Metaspace       used 94153K, capacity 97162K, committed 97408K, reserved 1134592K
  class space    used 11353K, capacity 11859K, committed 11904K, reserved 1048576K
}
{Heap before GC invocations=144 (full 3):
 PSYoungGen      total 81920K, used 79584K [0x00000000d5580000, 0x00000000daa80000, 0x0000000100000000)
  eden space 76800K, 100% used [0x00000000d5580000,0x00000000da080000,0x00000000da080000)
  from space 5120K, 54% used [0x00000000da580000,0x00000000da838030,0x00000000daa80000)
  to   space 5120K, 0% used [0x00000000da080000,0x00000000da080000,0x00000000da580000)
 ParOldGen       total 221696K, used 89561K [0x0000000080000000, 0x000000008d880000, 0x00000000d5580000)
  object space 221696K, 40% used [0x0000000080000000,0x0000000085776550,0x000000008d880000)
 Metaspace       used 94175K, capacity 97198K, committed 97408K, reserved 1134592K
  class space    used 11356K, capacity 11865K, committed 11904K, reserved 1048576K
2023-09-22T20:36:57.377+0600: 899491.088: [GC (Allocation Failure) [PSYoungGen: 79584K->3539K(81920K)] 169145K->93101K(303616K), 0.0153825 secs] [Times: user=0.03 sys=0.00, real=0.01 secs] 
Heap after GC invocations=144 (full 3):
 PSYoungGen      total 81920K, used 3539K [0x00000000d5580000, 0x00000000daa80000, 0x0000000100000000)
  eden space 76800K, 0% used [0x00000000d5580000,0x00000000d5580000,0x00000000da080000)
  from space 5120K, 69% used [0x00000000da080000,0x00000000da3f4f80,0x00000000da580000)
  to   space 5120K, 0% used [0x00000000da580000,0x00000000da580000,0x00000000daa80000)
 ParOldGen       total 221696K, used 89561K [0x0000000080000000, 0x000000008d880000, 0x00000000d5580000)
  object space 221696K, 40% used [0x0000000080000000,0x0000000085776550,0x000000008d880000)
 Metaspace       used 94175K, capacity 97198K, committed 97408K, reserved 1134592K
  class space    used 11356K, capacity 11865K, committed 11904K, reserved 1048576K
}
{Heap before GC invocations=145 (full 3):
 PSYoungGen      total 81920K, used 80339K [0x00000000d5580000, 0x00000000daa80000, 0x0000000100000000)
  eden space 76800K, 100% used [0x00000000d5580000,0x00000000da080000,0x00000000da080000)
  from space 5120K, 69% used [0x00000000da080000,0x00000000da3f4f80,0x00000000da580000)
  to   space 5120K, 0% used [0x00000000da580000,0x00000000da580000,0x00000000daa80000)
 ParOldGen       total 221696K, used 89561K [0x0000000080000000, 0x000000008d880000, 0x00000000d5580000)
  object space 221696K, 40% used [0x0000000080000000,0x0000000085776550,0x000000008d880000)
 Metaspace       used 94176K, capacity 97198K, committed 97408K, reserved 1134592K
  class space    used 11356K, capacity 11865K, committed 11904K, reserved 1048576K
2023-09-22T21:39:33.897+0600: 903247.608: [GC (Allocation Failure) [PSYoungGen: 80339K->2432K(81920K)] 169901K->92009K(303616K), 0.0126048 secs] [Times: user=0.02 sys=0.00, real=0.01 secs] 
Heap after GC invocations=145 (full 3):
 PSYoungGen      total 81920K, used 2432K [0x00000000d5580000, 0x00000000daa80000, 0x0000000100000000)
  eden space 76800K, 0% used [0x00000000d5580000,0x00000000d5580000,0x00000000da080000)
  from space 5120K, 47% used [0x00000000da580000,0x00000000da7e0000,0x00000000daa80000)
  to   space 5120K, 0% used [0x00000000da080000,0x00000000da080000,0x00000000da580000)
 ParOldGen       total 221696K, used 89577K [0x0000000080000000, 0x000000008d880000, 0x00000000d5580000)
  object space 221696K, 40% used [0x0000000080000000,0x000000008577a550,0x000000008d880000)
 Metaspace       used 94176K, capacity 97198K, committed 97408K, reserved 1134592K
  class space    used 11356K, capacity 11865K, committed 11904K, reserved 1048576K
}
{Heap before GC invocations=146 (full 3):
 PSYoungGen      total 81920K, used 79232K [0x00000000d5580000, 0x00000000daa80000, 0x0000000100000000)
  eden space 76800K, 100% used [0x00000000d5580000,0x00000000da080000,0x00000000da080000)
  from space 5120K, 47% used [0x00000000da580000,0x00000000da7e0000,0x00000000daa80000)
  to   space 5120K, 0% used [0x00000000da080000,0x00000000da080000,0x00000000da580000)
 ParOldGen       total 221696K, used 89577K [0x0000000080000000, 0x000000008d880000, 0x00000000d5580000)
  object space 221696K, 40% used [0x0000000080000000,0x000000008577a550,0x000000008d880000)
 Metaspace       used 94178K, capacity 97198K, committed 97408K, reserved 1134592K
  class space    used 11356K, capacity 11865K, committed 11904K, reserved 1048576K
2023-09-22T22:40:52.829+0600: 906926.540: [GC (Allocation Failure) [PSYoungGen: 79232K->2432K(81920K)] 168809K->92017K(303616K), 0.0116767 secs] [Times: user=0.02 sys=0.00, real=0.01 secs] 
Heap after GC invocations=146 (full 3):
 PSYoungGen      total 81920K, used 2432K [0x00000000d5580000, 0x00000000daa80000, 0x0000000100000000)
  eden space 76800K, 0% used [0x00000000d5580000,0x00000000d5580000,0x00000000da080000)
  from space 5120K, 47% used [0x00000000da080000,0x00000000da2e0000,0x00000000da580000)
  to   space 5120K, 0% used [0x00000000da580000,0x00000000da580000,0x00000000daa80000)
 ParOldGen       total 221696K, used 89585K [0x0000000080000000, 0x000000008d880000, 0x00000000d5580000)
  object space 221696K, 40% used [0x0000000080000000,0x000000008577c550,0x000000008d880000)
 Metaspace       used 94178K, capacity 97198K, committed 97408K, reserved 1134592K
  class space    used 11356K, capacity 11865K, committed 11904K, reserved 1048576K
}
{Heap before GC invocations=147 (full 3):
 PSYoungGen      total 81920K, used 79232K [0x00000000d5580000, 0x00000000daa80000, 0x0000000100000000)
  eden space 76800K, 100% used [0x00000000d5580000,0x00000000da080000,0x00000000da080000)
  from space 5120K, 47% used [0x00000000da080000,0x00000000da2e0000,0x00000000da580000)
  to   space 5120K, 0% used [0x00000000da580000,0x00000000da580000,0x00000000daa80000)
 ParOldGen       total 221696K, used 89585K [0x0000000080000000, 0x000000008d880000, 0x00000000d5580000)
  object space 221696K, 40% used [0x0000000080000000,0x000000008577c550,0x000000008d880000)
 Metaspace       used 94178K, capacity 97198K, committed 97408K, reserved 1134592K
  class space    used 11356K, capacity 11865K, committed 11904K, reserved 1048576K
2023-09-22T23:44:48.236+0600: 910761.947: [GC (Allocation Failure) [PSYoungGen: 79232K->2432K(82432K)] 168817K->92017K(304128K), 0.0126277 secs] [Times: user=0.03 sys=0.00, real=0.01 secs] 
Heap after GC invocations=147 (full 3):
 PSYoungGen      total 82432K, used 2432K [0x00000000d5580000, 0x00000000daa80000, 0x0000000100000000)
  eden space 77312K, 0% used [0x00000000d5580000,0x00000000d5580000,0x00000000da100000)
  from space 5120K, 47% used [0x00000000da580000,0x00000000da7e0000,0x00000000daa80000)
  to   space 4608K, 0% used [0x00000000da100000,0x00000000da100000,0x00000000da580000)
 ParOldGen       total 221696K, used 89585K [0x0000000080000000, 0x000000008d880000, 0x00000000d5580000)
  object space 221696K, 40% used [0x0000000080000000,0x000000008577c550,0x000000008d880000)
 Metaspace       used 94178K, capacity 97198K, committed 97408K, reserved 1134592K
  class space    used 11356K, capacity 11865K, committed 11904K, reserved 1048576K
}
{Heap before GC invocations=148 (full 3):
 PSYoungGen      total 82432K, used 79744K [0x00000000d5580000, 0x00000000daa80000, 0x0000000100000000)
  eden space 77312K, 100% used [0x00000000d5580000,0x00000000da100000,0x00000000da100000)
  from space 5120K, 47% used [0x00000000da580000,0x00000000da7e0000,0x00000000daa80000)
  to   space 4608K, 0% used [0x00000000da100000,0x00000000da100000,0x00000000da580000)
 ParOldGen       total 221696K, used 89585K [0x0000000080000000, 0x000000008d880000, 0x00000000d5580000)
  object space 221696K, 40% used [0x0000000080000000,0x000000008577c550,0x000000008d880000)
 Metaspace       used 94178K, capacity 97198K, committed 97408K, reserved 1134592K
  class space    used 11356K, capacity 11865K, committed 11904K, reserved 1048576K
2023-09-23T00:41:18.947+0600: 914152.658: [GC (Allocation Failure) [PSYoungGen: 79744K->3072K(81920K)] 169329K->92657K(303616K), 0.0142035 secs] [Times: user=0.03 sys=0.00, real=0.01 secs] 
Heap after GC invocations=148 (full 3):
 PSYoungGen      total 81920K, used 3072K [0x00000000d5580000, 0x00000000daa80000, 0x0000000100000000)
  eden space 77312K, 0% used [0x00000000d5580000,0x00000000d5580000,0x00000000da100000)
  from space 4608K, 66% used [0x00000000da100000,0x00000000da400050,0x00000000da580000)
  to   space 4608K, 0% used [0x00000000da600000,0x00000000da600000,0x00000000daa80000)
 ParOldGen       total 221696K, used 89585K [0x0000000080000000, 0x000000008d880000, 0x00000000d5580000)
  object space 221696K, 40% used [0x0000000080000000,0x000000008577c550,0x000000008d880000)
 Metaspace       used 94178K, capacity 97198K, committed 97408K, reserved 1134592K
  class space    used 11356K, capacity 11865K, committed 11904K, reserved 1048576K
}
{Heap before GC invocations=149 (full 3):
 PSYoungGen      total 81920K, used 80384K [0x00000000d5580000, 0x00000000daa80000, 0x0000000100000000)
  eden space 77312K, 100% used [0x00000000d5580000,0x00000000da100000,0x00000000da100000)
  from space 4608K, 66% used [0x00000000da100000,0x00000000da400050,0x00000000da580000)
  to   space 4608K, 0% used [0x00000000da600000,0x00000000da600000,0x00000000daa80000)
 ParOldGen       total 221696K, used 89585K [0x0000000080000000, 0x000000008d880000, 0x00000000d5580000)
  object space 221696K, 40% used [0x0000000080000000,0x000000008577c550,0x000000008d880000)
 Metaspace       used 94178K, capacity 97198K, committed 97408K, reserved 1134592K
  class space    used 11356K, capacity 11865K, committed 11904K, reserved 1048576K
2023-09-23T01:46:25.320+0600: 918059.030: [GC (Allocation Failure) [PSYoungGen: 80384K->2432K(82432K)] 169969K->92017K(304128K), 0.0134238 secs] [Times: user=0.03 sys=0.00, real=0.01 secs] 
Heap after GC invocations=149 (full 3):
 PSYoungGen      total 82432K, used 2432K [0x00000000d5580000, 0x00000000daa80000, 0x0000000100000000)
  eden space 77824K, 0% used [0x00000000d5580000,0x00000000d5580000,0x00000000da180000)
  from space 4608K, 52% used [0x00000000da600000,0x00000000da860000,0x00000000daa80000)
  to   space 4608K, 0% used [0x00000000da180000,0x00000000da180000,0x00000000da600000)
 ParOldGen       total 221696K, used 89585K [0x0000000080000000, 0x000000008d880000, 0x00000000d5580000)
  object space 221696K, 40% used [0x0000000080000000,0x000000008577c550,0x000000008d880000)
 Metaspace       used 94178K, capacity 97198K, committed 97408K, reserved 1134592K
  class space    used 11356K, capacity 11865K, committed 11904K, reserved 1048576K
}
{Heap before GC invocations=150 (full 3):
 PSYoungGen      total 82432K, used 80256K [0x00000000d5580000, 0x00000000daa80000, 0x0000000100000000)
  eden space 77824K, 100% used [0x00000000d5580000,0x00000000da180000,0x00000000da180000)
  from space 4608K, 52% used [0x00000000da600000,0x00000000da860000,0x00000000daa80000)
  to   space 4608K, 0% used [0x00000000da180000,0x00000000da180000,0x00000000da600000)
 ParOldGen       total 221696K, used 89585K [0x0000000080000000, 0x000000008d880000, 0x00000000d5580000)
  object space 221696K, 40% used [0x0000000080000000,0x000000008577c550,0x000000008d880000)
 Metaspace       used 94178K, capacity 97198K, committed 97408K, reserved 1134592K
  class space    used 11356K, capacity 11865K, committed 11904K, reserved 1048576K
2023-09-23T02:53:25.025+0600: 922078.736: [GC (Allocation Failure) [PSYoungGen: 80256K->2400K(82432K)] 169841K->92017K(304128K), 0.0129374 secs] [Times: user=0.02 sys=0.00, real=0.02 secs] 
Heap after GC invocations=150 (full 3):
 PSYoungGen      total 82432K, used 2400K [0x00000000d5580000, 0x00000000daa80000, 0x0000000100000000)
  eden space 77824K, 0% used [0x00000000d5580000,0x00000000d5580000,0x00000000da180000)
  from space 4608K, 52% used [0x00000000da180000,0x00000000da3d8000,0x00000000da600000)
  to   space 4608K, 0% used [0x00000000da600000,0x00000000da600000,0x00000000daa80000)
 ParOldGen       total 221696K, used 89617K [0x0000000080000000, 0x000000008d880000, 0x00000000d5580000)
  object space 221696K, 40% used [0x0000000080000000,0x0000000085784550,0x000000008d880000)
 Metaspace       used 94178K, capacity 97198K, committed 97408K, reserved 1134592K
  class space    used 11356K, capacity 11865K, committed 11904K, reserved 1048576K
}
{Heap before GC invocations=151 (full 3):
 PSYoungGen      total 82432K, used 80224K [0x00000000d5580000, 0x00000000daa80000, 0x0000000100000000)
  eden space 77824K, 100% used [0x00000000d5580000,0x00000000da180000,0x00000000da180000)
  from space 4608K, 52% used [0x00000000da180000,0x00000000da3d8000,0x00000000da600000)
  to   space 4608K, 0% used [0x00000000da600000,0x00000000da600000,0x00000000daa80000)
 ParOldGen       total 221696K, used 89617K [0x0000000080000000, 0x000000008d880000, 0x00000000d5580000)
  object space 221696K, 40% used [0x0000000080000000,0x0000000085784550,0x000000008d880000)
 Metaspace       used 94178K, capacity 97198K, committed 97408K, reserved 1134592K
  class space    used 11356K, capacity 11865K, committed 11904K, reserved 1048576K
2023-09-23T03:55:48.432+0600: 925822.142: [GC (Allocation Failure) [PSYoungGen: 80224K->2400K(82432K)] 169841K->92033K(304128K), 0.0123753 secs] [Times: user=0.03 sys=0.00, real=0.01 secs] 
Heap after GC invocations=151 (full 3):
 PSYoungGen      total 82432K, used 2400K [0x00000000d5580000, 0x00000000daa80000, 0x0000000100000000)
  eden space 77824K, 0% used [0x00000000d5580000,0x00000000d5580000,0x00000000da180000)
  from space 4608K, 52% used [0x00000000da600000,0x00000000da858000,0x00000000daa80000)
  to   space 4608K, 0% used [0x00000000da180000,0x00000000da180000,0x00000000da600000)
 ParOldGen       total 221696K, used 89633K [0x0000000080000000, 0x000000008d880000, 0x00000000d5580000)
  object space 221696K, 40% used [0x0000000080000000,0x0000000085788550,0x000000008d880000)
 Metaspace       used 94178K, capacity 97198K, committed 97408K, reserved 1134592K
  class space    used 11356K, capacity 11865K, committed 11904K, reserved 1048576K
}
{Heap before GC invocations=152 (full 3):
 PSYoungGen      total 82432K, used 80224K [0x00000000d5580000, 0x00000000daa80000, 0x0000000100000000)
  eden space 77824K, 100% used [0x00000000d5580000,0x00000000da180000,0x00000000da180000)
  from space 4608K, 52% used [0x00000000da600000,0x00000000da858000,0x00000000daa80000)
  to   space 4608K, 0% used [0x00000000da180000,0x00000000da180000,0x00000000da600000)
 ParOldGen       total 221696K, used 89633K [0x0000000080000000, 0x000000008d880000, 0x00000000d5580000)
  object space 221696K, 40% used [0x0000000080000000,0x0000000085788550,0x000000008d880000)
 Metaspace       used 94178K, capacity 97198K, committed 97408K, reserved 1134592K
  class space    used 11356K, capacity 11865K, committed 11904K, reserved 1048576K
2023-09-23T04:57:57.176+0600: 929550.886: [GC (Allocation Failure) [PSYoungGen: 80224K->2400K(82432K)] 169857K->92033K(304128K), 0.0135132 secs] [Times: user=0.02 sys=0.00, real=0.02 secs] 
Heap after GC invocations=152 (full 3):
 PSYoungGen      total 82432K, used 2400K [0x00000000d5580000, 0x00000000daa80000, 0x0000000100000000)
  eden space 77824K, 0% used [0x00000000d5580000,0x00000000d5580000,0x00000000da180000)
  from space 4608K, 52% used [0x00000000da180000,0x00000000da3d8000,0x00000000da600000)
  to   space 4608K, 0% used [0x00000000da600000,0x00000000da600000,0x00000000daa80000)
 ParOldGen       total 221696K, used 89633K [0x0000000080000000, 0x000000008d880000, 0x00000000d5580000)
  object space 221696K, 40% used [0x0000000080000000,0x0000000085788550,0x000000008d880000)
 Metaspace       used 94178K, capacity 97198K, committed 97408K, reserved 1134592K
  class space    used 11356K, capacity 11865K, committed 11904K, reserved 1048576K
}
{Heap before GC invocations=153 (full 3):
 PSYoungGen      total 82432K, used 80224K [0x00000000d5580000, 0x00000000daa80000, 0x0000000100000000)
  eden space 77824K, 100% used [0x00000000d5580000,0x00000000da180000,0x00000000da180000)
  from space 4608K, 52% used [0x00000000da180000,0x00000000da3d8000,0x00000000da600000)
  to   space 4608K, 0% used [0x00000000da600000,0x00000000da600000,0x00000000daa80000)
 ParOldGen       total 221696K, used 89633K [0x0000000080000000, 0x000000008d880000, 0x00000000d5580000)
  object space 221696K, 40% used [0x0000000080000000,0x0000000085788550,0x000000008d880000)
 Metaspace       used 94178K, capacity 97198K, committed 97408K, reserved 1134592K
  class space    used 11356K, capacity 11865K, committed 11904K, reserved 1048576K
2023-09-23T05:58:55.294+0600: 933209.005: [GC (Allocation Failure) [PSYoungGen: 80224K->2368K(82944K)] 169857K->92017K(304640K), 0.0132125 secs] [Times: user=0.02 sys=0.00, real=0.02 secs] 
Heap after GC invocations=153 (full 3):
 PSYoungGen      total 82944K, used 2368K [0x00000000d5580000, 0x00000000daa80000, 0x0000000100000000)
  eden space 78336K, 0% used [0x00000000d5580000,0x00000000d5580000,0x00000000da200000)
  from space 4608K, 51% used [0x00000000da600000,0x00000000da850000,0x00000000daa80000)
  to   space 4096K, 0% used [0x00000000da200000,0x00000000da200000,0x00000000da600000)
 ParOldGen       total 221696K, used 89649K [0x0000000080000000, 0x000000008d880000, 0x00000000d5580000)
  object space 221696K, 40% used [0x0000000080000000,0x000000008578c550,0x000000008d880000)
 Metaspace       used 94178K, capacity 97198K, committed 97408K, reserved 1134592K
  class space    used 11356K, capacity 11865K, committed 11904K, reserved 1048576K
}
{Heap before GC invocations=154 (full 3):
 PSYoungGen      total 82944K, used 80704K [0x00000000d5580000, 0x00000000daa80000, 0x0000000100000000)
  eden space 78336K, 100% used [0x00000000d5580000,0x00000000da200000,0x00000000da200000)
  from space 4608K, 51% used [0x00000000da600000,0x00000000da850000,0x00000000daa80000)
  to   space 4096K, 0% used [0x00000000da200000,0x00000000da200000,0x00000000da600000)
 ParOldGen       total 221696K, used 89649K [0x0000000080000000, 0x000000008d880000, 0x00000000d5580000)
  object space 221696K, 40% used [0x0000000080000000,0x000000008578c550,0x000000008d880000)
 Metaspace       used 94181K, capacity 97198K, committed 97408K, reserved 1134592K
  class space    used 11356K, capacity 11865K, committed 11904K, reserved 1048576K
2023-09-23T07:00:55.860+0600: 936929.570: [GC (Allocation Failure) [PSYoungGen: 80704K->2400K(82432K)] 170353K->92057K(304128K), 0.0134126 secs] [Times: user=0.02 sys=0.00, real=0.01 secs] 
Heap after GC invocations=154 (full 3):
 PSYoungGen      total 82432K, used 2400K [0x00000000d5580000, 0x00000000daa80000, 0x0000000100000000)
  eden space 78336K, 0% used [0x00000000d5580000,0x00000000d5580000,0x00000000da200000)
  from space 4096K, 58% used [0x00000000da200000,0x00000000da458000,0x00000000da600000)
  to   space 4096K, 0% used [0x00000000da680000,0x00000000da680000,0x00000000daa80000)
 ParOldGen       total 221696K, used 89657K [0x0000000080000000, 0x000000008d880000, 0x00000000d5580000)
  object space 221696K, 40% used [0x0000000080000000,0x000000008578e550,0x000000008d880000)
 Metaspace       used 94181K, capacity 97198K, committed 97408K, reserved 1134592K
  class space    used 11356K, capacity 11865K, committed 11904K, reserved 1048576K
}
{Heap before GC invocations=155 (full 3):
 PSYoungGen      total 82432K, used 80736K [0x00000000d5580000, 0x00000000daa80000, 0x0000000100000000)
  eden space 78336K, 100% used [0x00000000d5580000,0x00000000da200000,0x00000000da200000)
  from space 4096K, 58% used [0x00000000da200000,0x00000000da458000,0x00000000da600000)
  to   space 4096K, 0% used [0x00000000da680000,0x00000000da680000,0x00000000daa80000)
 ParOldGen       total 221696K, used 89657K [0x0000000080000000, 0x000000008d880000, 0x00000000d5580000)
  object space 221696K, 40% used [0x0000000080000000,0x000000008578e550,0x000000008d880000)
 Metaspace       used 94181K, capacity 97198K, committed 97408K, reserved 1134592K
  class space    used 11356K, capacity 11865K, committed 11904K, reserved 1048576K
2023-09-23T08:04:42.287+0600: 940755.998: [GC (Allocation Failure) [PSYoungGen: 80736K->2368K(82944K)] 170393K->92057K(304640K), 0.0137561 secs] [Times: user=0.02 sys=0.00, real=0.01 secs] 
Heap after GC invocations=155 (full 3):
 PSYoungGen      total 82944K, used 2368K [0x00000000d5580000, 0x00000000daa80000, 0x0000000100000000)
  eden space 78848K, 0% used [0x00000000d5580000,0x00000000d5580000,0x00000000da280000)
  from space 4096K, 57% used [0x00000000da680000,0x00000000da8d0000,0x00000000daa80000)
  to   space 4096K, 0% used [0x00000000da280000,0x00000000da280000,0x00000000da680000)
 ParOldGen       total 221696K, used 89689K [0x0000000080000000, 0x000000008d880000, 0x00000000d5580000)
  object space 221696K, 40% used [0x0000000080000000,0x0000000085796550,0x000000008d880000)
 Metaspace       used 94181K, capacity 97198K, committed 97408K, reserved 1134592K
  class space    used 11356K, capacity 11865K, committed 11904K, reserved 1048576K
}
{Heap before GC invocations=156 (full 3):
 PSYoungGen      total 82944K, used 81216K [0x00000000d5580000, 0x00000000daa80000, 0x0000000100000000)
  eden space 78848K, 100% used [0x00000000d5580000,0x00000000da280000,0x00000000da280000)
  from space 4096K, 57% used [0x00000000da680000,0x00000000da8d0000,0x00000000daa80000)
  to   space 4096K, 0% used [0x00000000da280000,0x00000000da280000,0x00000000da680000)
 ParOldGen       total 221696K, used 89689K [0x0000000080000000, 0x000000008d880000, 0x00000000d5580000)
  object space 221696K, 40% used [0x0000000080000000,0x0000000085796550,0x000000008d880000)
 Metaspace       used 94181K, capacity 97198K, committed 97408K, reserved 1134592K
  class space    used 11356K, capacity 11865K, committed 11904K, reserved 1048576K
2023-09-23T09:09:31.231+0600: 944644.942: [GC (Allocation Failure) [PSYoungGen: 81216K->2368K(82944K)] 170905K->92073K(304640K), 0.0132032 secs] [Times: user=0.02 sys=0.00, real=0.01 secs] 
Heap after GC invocations=156 (full 3):
 PSYoungGen      total 82944K, used 2368K [0x00000000d5580000, 0x00000000daa80000, 0x0000000100000000)
  eden space 78848K, 0% used [0x00000000d5580000,0x00000000d5580000,0x00000000da280000)
  from space 4096K, 57% used [0x00000000da280000,0x00000000da4d0000,0x00000000da680000)
  to   space 4096K, 0% used [0x00000000da680000,0x00000000da680000,0x00000000daa80000)
 ParOldGen       total 221696K, used 89705K [0x0000000080000000, 0x000000008d880000, 0x00000000d5580000)
  object space 221696K, 40% used [0x0000000080000000,0x000000008579a550,0x000000008d880000)
 Metaspace       used 94181K, capacity 97198K, committed 97408K, reserved 1134592K
  class space    used 11356K, capacity 11865K, committed 11904K, reserved 1048576K
}
{Heap before GC invocations=157 (full 3):
 PSYoungGen      total 82944K, used 81216K [0x00000000d5580000, 0x00000000daa80000, 0x0000000100000000)
  eden space 78848K, 100% used [0x00000000d5580000,0x00000000da280000,0x00000000da280000)
  from space 4096K, 57% used [0x00000000da280000,0x00000000da4d0000,0x00000000da680000)
  to   space 4096K, 0% used [0x00000000da680000,0x00000000da680000,0x00000000daa80000)
 ParOldGen       total 221696K, used 89705K [0x0000000080000000, 0x000000008d880000, 0x00000000d5580000)
  object space 221696K, 40% used [0x0000000080000000,0x000000008579a550,0x000000008d880000)
 Metaspace       used 94181K, capacity 97198K, committed 97408K, reserved 1134592K
  class space    used 11356K, capacity 11865K, committed 11904K, reserved 1048576K
2023-09-23T10:17:37.268+0600: 948730.979: [GC (Allocation Failure) [PSYoungGen: 81216K->2368K(82944K)] 170921K->92073K(304640K), 0.0142113 secs] [Times: user=0.02 sys=0.00, real=0.01 secs] 
Heap after GC invocations=157 (full 3):
 PSYoungGen      total 82944K, used 2368K [0x00000000d5580000, 0x00000000daa80000, 0x0000000100000000)
  eden space 78848K, 0% used [0x00000000d5580000,0x00000000d5580000,0x00000000da280000)
  from space 4096K, 57% used [0x00000000da680000,0x00000000da8d0000,0x00000000daa80000)
  to   space 4096K, 0% used [0x00000000da280000,0x00000000da280000,0x00000000da680000)
 ParOldGen       total 221696K, used 89705K [0x0000000080000000, 0x000000008d880000, 0x00000000d5580000)
  object space 221696K, 40% used [0x0000000080000000,0x000000008579a550,0x000000008d880000)
 Metaspace       used 94181K, capacity 97198K, committed 97408K, reserved 1134592K
  class space    used 11356K, capacity 11865K, committed 11904K, reserved 1048576K
}
{Heap before GC invocations=158 (full 3):
 PSYoungGen      total 82944K, used 81216K [0x00000000d5580000, 0x00000000daa80000, 0x0000000100000000)
  eden space 78848K, 100% used [0x00000000d5580000,0x00000000da280000,0x00000000da280000)
  from space 4096K, 57% used [0x00000000da680000,0x00000000da8d0000,0x00000000daa80000)
  to   space 4096K, 0% used [0x00000000da280000,0x00000000da280000,0x00000000da680000)
 ParOldGen       total 221696K, used 89705K [0x0000000080000000, 0x000000008d880000, 0x00000000d5580000)
  object space 221696K, 40% used [0x0000000080000000,0x000000008579a550,0x000000008d880000)
 Metaspace       used 94181K, capacity 97198K, committed 97408K, reserved 1134592K
  class space    used 11356K, capacity 11865K, committed 11904K, reserved 1048576K
2023-09-23T11:20:52.698+0600: 952526.409: [GC (Allocation Failure) [PSYoungGen: 81216K->2304K(82944K)] 170921K->92041K(304640K), 0.0126734 secs] [Times: user=0.02 sys=0.00, real=0.01 secs] 
Heap after GC invocations=158 (full 3):
 PSYoungGen      total 82944K, used 2304K [0x00000000d5580000, 0x00000000daa80000, 0x0000000100000000)
  eden space 78848K, 0% used [0x00000000d5580000,0x00000000d5580000,0x00000000da280000)
  from space 4096K, 56% used [0x00000000da280000,0x00000000da4c0000,0x00000000da680000)
  to   space 4096K, 0% used [0x00000000da680000,0x00000000da680000,0x00000000daa80000)
 ParOldGen       total 221696K, used 89737K [0x0000000080000000, 0x000000008d880000, 0x00000000d5580000)
  object space 221696K, 40% used [0x0000000080000000,0x00000000857a2550,0x000000008d880000)
 Metaspace       used 94181K, capacity 97198K, committed 97408K, reserved 1134592K
  class space    used 11356K, capacity 11865K, committed 11904K, reserved 1048576K
}
{Heap before GC invocations=159 (full 3):
 PSYoungGen      total 82944K, used 81152K [0x00000000d5580000, 0x00000000daa80000, 0x0000000100000000)
  eden space 78848K, 100% used [0x00000000d5580000,0x00000000da280000,0x00000000da280000)
  from space 4096K, 56% used [0x00000000da280000,0x00000000da4c0000,0x00000000da680000)
  to   space 4096K, 0% used [0x00000000da680000,0x00000000da680000,0x00000000daa80000)
 ParOldGen       total 221696K, used 89737K [0x0000000080000000, 0x000000008d880000, 0x00000000d5580000)
  object space 221696K, 40% used [0x0000000080000000,0x00000000857a2550,0x000000008d880000)
 Metaspace       used 94181K, capacity 97198K, committed 97408K, reserved 1134592K
  class space    used 11356K, capacity 11865K, committed 11904K, reserved 1048576K
2023-09-23T12:21:38.480+0600: 956172.191: [GC (Allocation Failure) [PSYoungGen: 81152K->2688K(83456K)] 170889K->92481K(305152K), 0.0137616 secs] [Times: user=0.02 sys=0.00, real=0.01 secs] 
Heap after GC invocations=159 (full 3):
 PSYoungGen      total 83456K, used 2688K [0x00000000d5580000, 0x00000000daa80000, 0x0000000100000000)
  eden space 79360K, 0% used [0x00000000d5580000,0x00000000d5580000,0x00000000da300000)
  from space 4096K, 65% used [0x00000000da680000,0x00000000da920030,0x00000000daa80000)
  to   space 3584K, 0% used [0x00000000da300000,0x00000000da300000,0x00000000da680000)
 ParOldGen       total 221696K, used 89793K [0x0000000080000000, 0x000000008d880000, 0x00000000d5580000)
  object space 221696K, 40% used [0x0000000080000000,0x00000000857b0550,0x000000008d880000)
 Metaspace       used 94181K, capacity 97198K, committed 97408K, reserved 1134592K
  class space    used 11356K, capacity 11865K, committed 11904K, reserved 1048576K
}
{Heap before GC invocations=160 (full 3):
 PSYoungGen      total 83456K, used 82048K [0x00000000d5580000, 0x00000000daa80000, 0x0000000100000000)
  eden space 79360K, 100% used [0x00000000d5580000,0x00000000da300000,0x00000000da300000)
  from space 4096K, 65% used [0x00000000da680000,0x00000000da920030,0x00000000daa80000)
  to   space 3584K, 0% used [0x00000000da300000,0x00000000da300000,0x00000000da680000)
 ParOldGen       total 221696K, used 89793K [0x0000000080000000, 0x000000008d880000, 0x00000000d5580000)
  object space 221696K, 40% used [0x0000000080000000,0x00000000857b0550,0x000000008d880000)
 Metaspace       used 94225K, capacity 97240K, committed 97408K, reserved 1134592K
  class space    used 11361K, capacity 11872K, committed 11904K, reserved 1048576K
2023-09-23T13:01:43.268+0600: 958576.979: [GC (Allocation Failure) [PSYoungGen: 82048K->3571K(82944K)] 171841K->94006K(304640K), 0.0199377 secs] [Times: user=0.03 sys=0.00, real=0.02 secs] 
Heap after GC invocations=160 (full 3):
 PSYoungGen      total 82944K, used 3571K [0x00000000d5580000, 0x00000000daa80000, 0x0000000100000000)
  eden space 79360K, 0% used [0x00000000d5580000,0x00000000d5580000,0x00000000da300000)
  from space 3584K, 99% used [0x00000000da300000,0x00000000da67cd50,0x00000000da680000)
  to   space 4096K, 0% used [0x00000000da680000,0x00000000da680000,0x00000000daa80000)
 ParOldGen       total 221696K, used 90434K [0x0000000080000000, 0x000000008d880000, 0x00000000d5580000)
  object space 221696K, 40% used [0x0000000080000000,0x0000000085850ab0,0x000000008d880000)
 Metaspace       used 94225K, capacity 97240K, committed 97408K, reserved 1134592K
  class space    used 11361K, capacity 11872K, committed 11904K, reserved 1048576K
}
{Heap before GC invocations=161 (full 3):
 PSYoungGen      total 82944K, used 82931K [0x00000000d5580000, 0x00000000daa80000, 0x0000000100000000)
  eden space 79360K, 100% used [0x00000000d5580000,0x00000000da300000,0x00000000da300000)
  from space 3584K, 99% used [0x00000000da300000,0x00000000da67cd50,0x00000000da680000)
  to   space 4096K, 0% used [0x00000000da680000,0x00000000da680000,0x00000000daa80000)
 ParOldGen       total 221696K, used 90434K [0x0000000080000000, 0x000000008d880000, 0x00000000d5580000)
  object space 221696K, 40% used [0x0000000080000000,0x0000000085850ab0,0x000000008d880000)
 Metaspace       used 94226K, capacity 97240K, committed 97408K, reserved 1134592K
  class space    used 11361K, capacity 11872K, committed 11904K, reserved 1048576K
2023-09-23T13:50:05.872+0600: 961479.583: [GC (Allocation Failure) [PSYoungGen: 82931K->3840K(82432K)] 173366K->94274K(304128K), 0.0161134 secs] [Times: user=0.02 sys=0.00, real=0.02 secs] 
Heap after GC invocations=161 (full 3):
 PSYoungGen      total 82432K, used 3840K [0x00000000d5580000, 0x00000000dab00000, 0x0000000100000000)
  eden space 78336K, 0% used [0x00000000d5580000,0x00000000d5580000,0x00000000da200000)
  from space 4096K, 93% used [0x00000000da680000,0x00000000daa40090,0x00000000daa80000)
  to   space 4608K, 0% used [0x00000000da200000,0x00000000da200000,0x00000000da680000)
 ParOldGen       total 221696K, used 90434K [0x0000000080000000, 0x000000008d880000, 0x00000000d5580000)
  object space 221696K, 40% used [0x0000000080000000,0x0000000085850ab0,0x000000008d880000)
 Metaspace       used 94226K, capacity 97240K, committed 97408K, reserved 1134592K
  class space    used 11361K, capacity 11872K, committed 11904K, reserved 1048576K
}
{Heap before GC invocations=162 (full 3):
 PSYoungGen      total 82432K, used 82174K [0x00000000d5580000, 0x00000000dab00000, 0x0000000100000000)
  eden space 78336K, 99% used [0x00000000d5580000,0x00000000da1ff880,0x00000000da200000)
  from space 4096K, 93% used [0x00000000da680000,0x00000000daa40090,0x00000000daa80000)
  to   space 4608K, 0% used [0x00000000da200000,0x00000000da200000,0x00000000da680000)
 ParOldGen       total 221696K, used 90434K [0x0000000080000000, 0x000000008d880000, 0x00000000d5580000)
  object space 221696K, 40% used [0x0000000080000000,0x0000000085850ab0,0x000000008d880000)
 Metaspace       used 94229K, capacity 97240K, committed 97408K, reserved 1134592K
  class space    used 11361K, capacity 11872K, committed 11904K, reserved 1048576K
2023-09-23T14:32:38.188+0600: 964031.899: [GC (Allocation Failure) [PSYoungGen: 82174K->3766K(82432K)] 172608K->94201K(304128K), 0.0132393 secs] [Times: user=0.02 sys=0.00, real=0.01 secs] 
Heap after GC invocations=162 (full 3):
 PSYoungGen      total 82432K, used 3766K [0x00000000d5580000, 0x00000000daa80000, 0x0000000100000000)
  eden space 78336K, 0% used [0x00000000d5580000,0x00000000d5580000,0x00000000da200000)
  from space 4096K, 91% used [0x00000000da200000,0x00000000da5ada40,0x00000000da600000)
  to   space 4608K, 0% used [0x00000000da600000,0x00000000da600000,0x00000000daa80000)
 ParOldGen       total 221696K, used 90434K [0x0000000080000000, 0x000000008d880000, 0x00000000d5580000)
  object space 221696K, 40% used [0x0000000080000000,0x0000000085850ab0,0x000000008d880000)
 Metaspace       used 94229K, capacity 97240K, committed 97408K, reserved 1134592K
  class space    used 11361K, capacity 11872K, committed 11904K, reserved 1048576K
}
{Heap before GC invocations=163 (full 3):
 PSYoungGen      total 82432K, used 82102K [0x00000000d5580000, 0x00000000daa80000, 0x0000000100000000)
  eden space 78336K, 100% used [0x00000000d5580000,0x00000000da200000,0x00000000da200000)
  from space 4096K, 91% used [0x00000000da200000,0x00000000da5ada40,0x00000000da600000)
  to   space 4608K, 0% used [0x00000000da600000,0x00000000da600000,0x00000000daa80000)
 ParOldGen       total 221696K, used 90434K [0x0000000080000000, 0x000000008d880000, 0x00000000d5580000)
  object space 221696K, 40% used [0x0000000080000000,0x0000000085850ab0,0x000000008d880000)
 Metaspace       used 94231K, capacity 97240K, committed 97408K, reserved 1134592K
  class space    used 11361K, capacity 11872K, committed 11904K, reserved 1048576K
2023-09-23T15:15:06.716+0600: 966580.427: [GC (Allocation Failure) [PSYoungGen: 82102K->4231K(81920K)] 172537K->94682K(303616K), 0.0142383 secs] [Times: user=0.02 sys=0.00, real=0.01 secs] 
Heap after GC invocations=163 (full 3):
 PSYoungGen      total 81920K, used 4231K [0x00000000d5580000, 0x00000000dab00000, 0x0000000100000000)
  eden space 77312K, 0% used [0x00000000d5580000,0x00000000d5580000,0x00000000da100000)
  from space 4608K, 91% used [0x00000000da600000,0x00000000daa21f78,0x00000000daa80000)
  to   space 5120K, 0% used [0x00000000da100000,0x00000000da100000,0x00000000da600000)
 ParOldGen       total 221696K, used 90450K [0x0000000080000000, 0x000000008d880000, 0x00000000d5580000)
  object space 221696K, 40% used [0x0000000080000000,0x0000000085854ab0,0x000000008d880000)
 Metaspace       used 94231K, capacity 97240K, committed 97408K, reserved 1134592K
  class space    used 11361K, capacity 11872K, committed 11904K, reserved 1048576K
}
{Heap before GC invocations=164 (full 3):
 PSYoungGen      total 81920K, used 81543K [0x00000000d5580000, 0x00000000dab00000, 0x0000000100000000)
  eden space 77312K, 100% used [0x00000000d5580000,0x00000000da100000,0x00000000da100000)
  from space 4608K, 91% used [0x00000000da600000,0x00000000daa21f78,0x00000000daa80000)
  to   space 5120K, 0% used [0x00000000da100000,0x00000000da100000,0x00000000da600000)
 ParOldGen       total 221696K, used 90450K [0x0000000080000000, 0x000000008d880000, 0x00000000d5580000)
  object space 221696K, 40% used [0x0000000080000000,0x0000000085854ab0,0x000000008d880000)
 Metaspace       used 94231K, capacity 97240K, committed 97408K, reserved 1134592K
  class space    used 11361K, capacity 11872K, committed 11904K, reserved 1048576K
2023-09-23T15:51:26.951+0600: 968760.662: [GC (Allocation Failure) [PSYoungGen: 81543K->4345K(80896K)] 171994K->94795K(302592K), 0.0164164 secs] [Times: user=0.03 sys=0.00, real=0.02 secs] 
Heap after GC invocations=164 (full 3):
 PSYoungGen      total 80896K, used 4345K [0x00000000d5580000, 0x00000000dab00000, 0x0000000100000000)
  eden space 76288K, 0% used [0x00000000d5580000,0x00000000d5580000,0x00000000da000000)
  from space 4608K, 94% used [0x00000000da100000,0x00000000da53e428,0x00000000da580000)
  to   space 5632K, 0% used [0x00000000da580000,0x00000000da580000,0x00000000dab00000)
 ParOldGen       total 221696K, used 90450K [0x0000000080000000, 0x000000008d880000, 0x00000000d5580000)
  object space 221696K, 40% used [0x0000000080000000,0x0000000085854ab0,0x000000008d880000)
 Metaspace       used 94231K, capacity 97240K, committed 97408K, reserved 1134592K
  class space    used 11361K, capacity 11872K, committed 11904K, reserved 1048576K
}
{Heap before GC invocations=165 (full 3):
 PSYoungGen      total 80896K, used 80633K [0x00000000d5580000, 0x00000000dab00000, 0x0000000100000000)
  eden space 76288K, 100% used [0x00000000d5580000,0x00000000da000000,0x00000000da000000)
  from space 4608K, 94% used [0x00000000da100000,0x00000000da53e428,0x00000000da580000)
  to   space 5632K, 0% used [0x00000000da580000,0x00000000da580000,0x00000000dab00000)
 ParOldGen       total 221696K, used 90450K [0x0000000080000000, 0x000000008d880000, 0x00000000d5580000)
  object space 221696K, 40% used [0x0000000080000000,0x0000000085854ab0,0x000000008d880000)
 Metaspace       used 94240K, capacity 97246K, committed 97408K, reserved 1134592K
  class space    used 11362K, capacity 11873K, committed 11904K, reserved 1048576K
2023-09-23T16:45:10.772+0600: 971984.483: [GC (Allocation Failure) [PSYoungGen: 80633K->4216K(80896K)] 171083K->94675K(302592K), 0.0155085 secs] [Times: user=0.03 sys=0.00, real=0.02 secs] 
Heap after GC invocations=165 (full 3):
 PSYoungGen      total 80896K, used 4216K [0x00000000d5580000, 0x00000000daa80000, 0x0000000100000000)
  eden space 75776K, 0% used [0x00000000d5580000,0x00000000d5580000,0x00000000d9f80000)
  from space 5120K, 82% used [0x00000000da580000,0x00000000da99e298,0x00000000daa80000)
  to   space 5632K, 0% used [0x00000000d9f80000,0x00000000d9f80000,0x00000000da500000)
 ParOldGen       total 221696K, used 90458K [0x0000000080000000, 0x000000008d880000, 0x00000000d5580000)
  object space 221696K, 40% used [0x0000000080000000,0x0000000085856ab0,0x000000008d880000)
 Metaspace       used 94240K, capacity 97246K, committed 97408K, reserved 1134592K
  class space    used 11362K, capacity 11873K, committed 11904K, reserved 1048576K
}
{Heap before GC invocations=166 (full 3):
 PSYoungGen      total 80896K, used 79992K [0x00000000d5580000, 0x00000000daa80000, 0x0000000100000000)
  eden space 75776K, 100% used [0x00000000d5580000,0x00000000d9f80000,0x00000000d9f80000)
  from space 5120K, 82% used [0x00000000da580000,0x00000000da99e298,0x00000000daa80000)
  to   space 5632K, 0% used [0x00000000d9f80000,0x00000000d9f80000,0x00000000da500000)
 ParOldGen       total 221696K, used 90458K [0x0000000080000000, 0x000000008d880000, 0x00000000d5580000)
  object space 221696K, 40% used [0x0000000080000000,0x0000000085856ab0,0x000000008d880000)
 Metaspace       used 94240K, capacity 97246K, committed 97408K, reserved 1134592K
  class space    used 11362K, capacity 11873K, committed 11904K, reserved 1048576K
2023-09-23T17:24:11.253+0600: 974324.964: [GC (Allocation Failure) [PSYoungGen: 79992K->4391K(81408K)] 170451K->94849K(303104K), 0.0169558 secs] [Times: user=0.03 sys=0.00, real=0.02 secs] 
Heap after GC invocations=166 (full 3):
 PSYoungGen      total 81408K, used 4391K [0x00000000d5580000, 0x00000000daa80000, 0x0000000100000000)
  eden space 75776K, 0% used [0x00000000d5580000,0x00000000d5580000,0x00000000d9f80000)
  from space 5632K, 77% used [0x00000000d9f80000,0x00000000da3c9c08,0x00000000da500000)
  to   space 5632K, 0% used [0x00000000da500000,0x00000000da500000,0x00000000daa80000)
 ParOldGen       total 221696K, used 90458K [0x0000000080000000, 0x000000008d880000, 0x00000000d5580000)
  object space 221696K, 40% used [0x0000000080000000,0x0000000085856ab0,0x000000008d880000)
 Metaspace       used 94240K, capacity 97246K, committed 97408K, reserved 1134592K
  class space    used 11362K, capacity 11873K, committed 11904K, reserved 1048576K
}
{Heap before GC invocations=167 (full 3):
 PSYoungGen      total 81408K, used 80167K [0x00000000d5580000, 0x00000000daa80000, 0x0000000100000000)
  eden space 75776K, 100% used [0x00000000d5580000,0x00000000d9f80000,0x00000000d9f80000)
  from space 5632K, 77% used [0x00000000d9f80000,0x00000000da3c9c08,0x00000000da500000)
  to   space 5632K, 0% used [0x00000000da500000,0x00000000da500000,0x00000000daa80000)
 ParOldGen       total 221696K, used 90458K [0x0000000080000000, 0x000000008d880000, 0x00000000d5580000)
  object space 221696K, 40% used [0x0000000080000000,0x0000000085856ab0,0x000000008d880000)
 Metaspace       used 94240K, capacity 97246K, committed 97408K, reserved 1134592K
  class space    used 11362K, capacity 11873K, committed 11904K, reserved 1048576K
2023-09-23T18:25:57.327+0600: 978031.038: [GC (Allocation Failure) [PSYoungGen: 80167K->3366K(81408K)] 170625K->93825K(303104K), 0.0140410 secs] [Times: user=0.02 sys=0.00, real=0.01 secs] 
Heap after GC invocations=167 (full 3):
 PSYoungGen      total 81408K, used 3366K [0x00000000d5580000, 0x00000000daa80000, 0x0000000100000000)
  eden space 75776K, 0% used [0x00000000d5580000,0x00000000d5580000,0x00000000d9f80000)
  from space 5632K, 59% used [0x00000000da500000,0x00000000da849ba8,0x00000000daa80000)
  to   space 5632K, 0% used [0x00000000d9f80000,0x00000000d9f80000,0x00000000da500000)
 ParOldGen       total 221696K, used 90458K [0x0000000080000000, 0x000000008d880000, 0x00000000d5580000)
  object space 221696K, 40% used [0x0000000080000000,0x0000000085856ab0,0x000000008d880000)
 Metaspace       used 94240K, capacity 97246K, committed 97408K, reserved 1134592K
  class space    used 11362K, capacity 11873K, committed 11904K, reserved 1048576K
}
{Heap before GC invocations=168 (full 3):
 PSYoungGen      total 81408K, used 79142K [0x00000000d5580000, 0x00000000daa80000, 0x0000000100000000)
  eden space 75776K, 100% used [0x00000000d5580000,0x00000000d9f80000,0x00000000d9f80000)
  from space 5632K, 59% used [0x00000000da500000,0x00000000da849ba8,0x00000000daa80000)
  to   space 5632K, 0% used [0x00000000d9f80000,0x00000000d9f80000,0x00000000da500000)
 ParOldGen       total 221696K, used 90458K [0x0000000080000000, 0x000000008d880000, 0x00000000d5580000)
  object space 221696K, 40% used [0x0000000080000000,0x0000000085856ab0,0x000000008d880000)
 Metaspace       used 94249K, capacity 97246K, committed 97408K, reserved 1134592K
  class space    used 11362K, capacity 11873K, committed 11904K, reserved 1048576K
2023-09-23T19:25:33.916+0600: 981607.626: [GC (Allocation Failure) [PSYoungGen: 79142K->3398K(81408K)] 169601K->93865K(303104K), 0.0142656 secs] [Times: user=0.02 sys=0.00, real=0.02 secs] 
Heap after GC invocations=168 (full 3):
 PSYoungGen      total 81408K, used 3398K [0x00000000d5580000, 0x00000000daa80000, 0x0000000100000000)
  eden space 75776K, 0% used [0x00000000d5580000,0x00000000d5580000,0x00000000d9f80000)
  from space 5632K, 60% used [0x00000000d9f80000,0x00000000da2d1ba8,0x00000000da500000)
  to   space 5632K, 0% used [0x00000000da500000,0x00000000da500000,0x00000000daa80000)
 ParOldGen       total 221696K, used 90466K [0x0000000080000000, 0x000000008d880000, 0x00000000d5580000)
  object space 221696K, 40% used [0x0000000080000000,0x0000000085858ab0,0x000000008d880000)
 Metaspace       used 94249K, capacity 97246K, committed 97408K, reserved 1134592K
  class space    used 11362K, capacity 11873K, committed 11904K, reserved 1048576K
}
{Heap before GC invocations=169 (full 3):
 PSYoungGen      total 81408K, used 79170K [0x00000000d5580000, 0x00000000daa80000, 0x0000000100000000)
  eden space 75776K, 99% used [0x00000000d5580000,0x00000000d9f7ed48,0x00000000d9f80000)
  from space 5632K, 60% used [0x00000000d9f80000,0x00000000da2d1ba8,0x00000000da500000)
  to   space 5632K, 0% used [0x00000000da500000,0x00000000da500000,0x00000000daa80000)
 ParOldGen       total 221696K, used 90466K [0x0000000080000000, 0x000000008d880000, 0x00000000d5580000)
  object space 221696K, 40% used [0x0000000080000000,0x0000000085858ab0,0x000000008d880000)
 Metaspace       used 94249K, capacity 97246K, committed 97408K, reserved 1134592K
  class space    used 11362K, capacity 11873K, committed 11904K, reserved 1048576K
2023-09-23T20:27:29.490+0600: 985323.201: [GC (Allocation Failure) [PSYoungGen: 79170K->3398K(81920K)] 169636K->93881K(303616K), 0.0168814 secs] [Times: user=0.03 sys=0.00, real=0.02 secs] 
Heap after GC invocations=169 (full 3):
 PSYoungGen      total 81920K, used 3398K [0x00000000d5580000, 0x00000000daa80000, 0x0000000100000000)
  eden space 76288K, 0% used [0x00000000d5580000,0x00000000d5580000,0x00000000da000000)
  from space 5632K, 60% used [0x00000000da500000,0x00000000da851ba8,0x00000000daa80000)
  to   space 5120K, 0% used [0x00000000da000000,0x00000000da000000,0x00000000da500000)
 ParOldGen       total 221696K, used 90482K [0x0000000080000000, 0x000000008d880000, 0x00000000d5580000)
  object space 221696K, 40% used [0x0000000080000000,0x000000008585cab0,0x000000008d880000)
 Metaspace       used 94249K, capacity 97246K, committed 97408K, reserved 1134592K
  class space    used 11362K, capacity 11873K, committed 11904K, reserved 1048576K
}
{Heap before GC invocations=170 (full 3):
 PSYoungGen      total 81920K, used 79686K [0x00000000d5580000, 0x00000000daa80000, 0x0000000100000000)
  eden space 76288K, 100% used [0x00000000d5580000,0x00000000da000000,0x00000000da000000)
  from space 5632K, 60% used [0x00000000da500000,0x00000000da851ba8,0x00000000daa80000)
  to   space 5120K, 0% used [0x00000000da000000,0x00000000da000000,0x00000000da500000)
 ParOldGen       total 221696K, used 90482K [0x0000000080000000, 0x000000008d880000, 0x00000000d5580000)
  object space 221696K, 40% used [0x0000000080000000,0x000000008585cab0,0x000000008d880000)
 Metaspace       used 94274K, capacity 97346K, committed 97408K, reserved 1134592K
  class space    used 11365K, capacity 11879K, committed 11904K, reserved 1048576K
2023-09-23T21:18:30.058+0600: 988383.769: [GC (Allocation Failure) [PSYoungGen: 79686K->4151K(81408K)] 170169K->94634K(303104K), 0.0167111 secs] [Times: user=0.03 sys=0.00, real=0.01 secs] 
Heap after GC invocations=170 (full 3):
 PSYoungGen      total 81408K, used 4151K [0x00000000d5580000, 0x00000000daa80000, 0x0000000100000000)
  eden space 76288K, 0% used [0x00000000d5580000,0x00000000d5580000,0x00000000da000000)
  from space 5120K, 81% used [0x00000000da000000,0x00000000da40ddd8,0x00000000da500000)
  to   space 5120K, 0% used [0x00000000da580000,0x00000000da580000,0x00000000daa80000)
 ParOldGen       total 221696K, used 90482K [0x0000000080000000, 0x000000008d880000, 0x00000000d5580000)
  object space 221696K, 40% used [0x0000000080000000,0x000000008585cab0,0x000000008d880000)
 Metaspace       used 94274K, capacity 97346K, committed 97408K, reserved 1134592K
  class space    used 11365K, capacity 11879K, committed 11904K, reserved 1048576K
}
{Heap before GC invocations=171 (full 3):
 PSYoungGen      total 81408K, used 80439K [0x00000000d5580000, 0x00000000daa80000, 0x0000000100000000)
  eden space 76288K, 100% used [0x00000000d5580000,0x00000000da000000,0x00000000da000000)
  from space 5120K, 81% used [0x00000000da000000,0x00000000da40ddd8,0x00000000da500000)
  to   space 5120K, 0% used [0x00000000da580000,0x00000000da580000,0x00000000daa80000)
 ParOldGen       total 221696K, used 90482K [0x0000000080000000, 0x000000008d880000, 0x00000000d5580000)
  object space 221696K, 40% used [0x0000000080000000,0x000000008585cab0,0x000000008d880000)
 Metaspace       used 94274K, capacity 97346K, committed 97408K, reserved 1134592K
  class space    used 11365K, capacity 11879K, committed 11904K, reserved 1048576K
2023-09-23T22:20:16.392+0600: 992090.103: [GC (Allocation Failure) [PSYoungGen: 80439K->3430K(81920K)] 170922K->93913K(303616K), 0.0145582 secs] [Times: user=0.02 sys=0.00, real=0.02 secs] 
Heap after GC invocations=171 (full 3):
 PSYoungGen      total 81920K, used 3430K [0x00000000d5580000, 0x00000000daa80000, 0x0000000100000000)
  eden space 76800K, 0% used [0x00000000d5580000,0x00000000d5580000,0x00000000da080000)
  from space 5120K, 67% used [0x00000000da580000,0x00000000da8d9ba8,0x00000000daa80000)
  to   space 5120K, 0% used [0x00000000da080000,0x00000000da080000,0x00000000da580000)
 ParOldGen       total 221696K, used 90482K [0x0000000080000000, 0x000000008d880000, 0x00000000d5580000)
  object space 221696K, 40% used [0x0000000080000000,0x000000008585cab0,0x000000008d880000)
 Metaspace       used 94274K, capacity 97346K, committed 97408K, reserved 1134592K
  class space    used 11365K, capacity 11879K, committed 11904K, reserved 1048576K
}
{Heap before GC invocations=172 (full 3):
 PSYoungGen      total 81920K, used 80230K [0x00000000d5580000, 0x00000000daa80000, 0x0000000100000000)
  eden space 76800K, 100% used [0x00000000d5580000,0x00000000da080000,0x00000000da080000)
  from space 5120K, 67% used [0x00000000da580000,0x00000000da8d9ba8,0x00000000daa80000)
  to   space 5120K, 0% used [0x00000000da080000,0x00000000da080000,0x00000000da580000)
 ParOldGen       total 221696K, used 90482K [0x0000000080000000, 0x000000008d880000, 0x00000000d5580000)
  object space 221696K, 40% used [0x0000000080000000,0x000000008585cab0,0x000000008d880000)
 Metaspace       used 94274K, capacity 97346K, committed 97408K, reserved 1134592K
  class space    used 11365K, capacity 11879K, committed 11904K, reserved 1048576K
2023-09-23T23:22:38.125+0600: 995831.835: [GC (Allocation Failure) [PSYoungGen: 80230K->3430K(81920K)] 170713K->93913K(303616K), 0.0148882 secs] [Times: user=0.02 sys=0.00, real=0.02 secs] 
Heap after GC invocations=172 (full 3):
 PSYoungGen      total 81920K, used 3430K [0x00000000d5580000, 0x00000000daa80000, 0x0000000100000000)
  eden space 76800K, 0% used [0x00000000d5580000,0x00000000d5580000,0x00000000da080000)
  from space 5120K, 67% used [0x00000000da080000,0x00000000da3d9ba8,0x00000000da580000)
  to   space 5120K, 0% used [0x00000000da580000,0x00000000da580000,0x00000000daa80000)
 ParOldGen       total 221696K, used 90482K [0x0000000080000000, 0x000000008d880000, 0x00000000d5580000)
  object space 221696K, 40% used [0x0000000080000000,0x000000008585cab0,0x000000008d880000)
 Metaspace       used 94274K, capacity 97346K, committed 97408K, reserved 1134592K
  class space    used 11365K, capacity 11879K, committed 11904K, reserved 1048576K
}
{Heap before GC invocations=173 (full 3):
 PSYoungGen      total 81920K, used 80230K [0x00000000d5580000, 0x00000000daa80000, 0x0000000100000000)
  eden space 76800K, 100% used [0x00000000d5580000,0x00000000da080000,0x00000000da080000)
  from space 5120K, 67% used [0x00000000da080000,0x00000000da3d9ba8,0x00000000da580000)
  to   space 5120K, 0% used [0x00000000da580000,0x00000000da580000,0x00000000daa80000)
 ParOldGen       total 221696K, used 90482K [0x0000000080000000, 0x000000008d880000, 0x00000000d5580000)
  object space 221696K, 40% used [0x0000000080000000,0x000000008585cab0,0x000000008d880000)
 Metaspace       used 94274K, capacity 97346K, committed 97408K, reserved 1134592K
  class space    used 11365K, capacity 11879K, committed 11904K, reserved 1048576K
2023-09-24T00:17:12.676+0600: 999106.387: [GC (Allocation Failure) [PSYoungGen: 80230K->4167K(81920K)] 170713K->94649K(303616K), 0.0154351 secs] [Times: user=0.03 sys=0.00, real=0.01 secs] 
Heap after GC invocations=173 (full 3):
 PSYoungGen      total 81920K, used 4167K [0x00000000d5580000, 0x00000000daa80000, 0x0000000100000000)
  eden space 76800K, 0% used [0x00000000d5580000,0x00000000d5580000,0x00000000da080000)
  from space 5120K, 81% used [0x00000000da580000,0x00000000da991c08,0x00000000daa80000)
  to   space 5120K, 0% used [0x00000000da080000,0x00000000da080000,0x00000000da580000)
 ParOldGen       total 221696K, used 90482K [0x0000000080000000, 0x000000008d880000, 0x00000000d5580000)
  object space 221696K, 40% used [0x0000000080000000,0x000000008585cab0,0x000000008d880000)
 Metaspace       used 94274K, capacity 97346K, committed 97408K, reserved 1134592K
  class space    used 11365K, capacity 11879K, committed 11904K, reserved 1048576K
}
{Heap before GC invocations=174 (full 3):
 PSYoungGen      total 81920K, used 80967K [0x00000000d5580000, 0x00000000daa80000, 0x0000000100000000)
  eden space 76800K, 100% used [0x00000000d5580000,0x00000000da080000,0x00000000da080000)
  from space 5120K, 81% used [0x00000000da580000,0x00000000da991c08,0x00000000daa80000)
  to   space 5120K, 0% used [0x00000000da080000,0x00000000da080000,0x00000000da580000)
 ParOldGen       total 221696K, used 90482K [0x0000000080000000, 0x000000008d880000, 0x00000000d5580000)
  object space 221696K, 40% used [0x0000000080000000,0x000000008585cab0,0x000000008d880000)
 Metaspace       used 94274K, capacity 97346K, committed 97408K, reserved 1134592K
  class space    used 11365K, capacity 11879K, committed 11904K, reserved 1048576K
2023-09-24T01:19:19.583+0600: 1002833.294: [GC (Allocation Failure) [PSYoungGen: 80967K->3270K(81920K)] 171449K->93889K(303616K), 0.0133347 secs] [Times: user=0.02 sys=0.00, real=0.02 secs] 
Heap after GC invocations=174 (full 3):
 PSYoungGen      total 81920K, used 3270K [0x00000000d5580000, 0x00000000daa80000, 0x0000000100000000)
  eden space 76800K, 0% used [0x00000000d5580000,0x00000000d5580000,0x00000000da080000)
  from space 5120K, 63% used [0x00000000da080000,0x00000000da3b1ba8,0x00000000da580000)
  to   space 5120K, 0% used [0x00000000da580000,0x00000000da580000,0x00000000daa80000)
 ParOldGen       total 221696K, used 90618K [0x0000000080000000, 0x000000008d880000, 0x00000000d5580000)
  object space 221696K, 40% used [0x0000000080000000,0x000000008587eb10,0x000000008d880000)
 Metaspace       used 94274K, capacity 97346K, committed 97408K, reserved 1134592K
  class space    used 11365K, capacity 11879K, committed 11904K, reserved 1048576K
}
{Heap before GC invocations=175 (full 3):
 PSYoungGen      total 81920K, used 80070K [0x00000000d5580000, 0x00000000daa80000, 0x0000000100000000)
  eden space 76800K, 100% used [0x00000000d5580000,0x00000000da080000,0x00000000da080000)
  from space 5120K, 63% used [0x00000000da080000,0x00000000da3b1ba8,0x00000000da580000)
  to   space 5120K, 0% used [0x00000000da580000,0x00000000da580000,0x00000000daa80000)
 ParOldGen       total 221696K, used 90618K [0x0000000080000000, 0x000000008d880000, 0x00000000d5580000)
  object space 221696K, 40% used [0x0000000080000000,0x000000008587eb10,0x000000008d880000)
 Metaspace       used 94274K, capacity 97346K, committed 97408K, reserved 1134592K
  class space    used 11365K, capacity 11879K, committed 11904K, reserved 1048576K
2023-09-24T02:22:22.741+0600: 1006616.452: [GC (Allocation Failure) [PSYoungGen: 80070K->3110K(81920K)] 170689K->93974K(303616K), 0.0155330 secs] [Times: user=0.02 sys=0.00, real=0.02 secs] 
Heap after GC invocations=175 (full 3):
 PSYoungGen      total 81920K, used 3110K [0x00000000d5580000, 0x00000000daa80000, 0x0000000100000000)
  eden space 76800K, 0% used [0x00000000d5580000,0x00000000d5580000,0x00000000da080000)
  from space 5120K, 60% used [0x00000000da580000,0x00000000da889b88,0x00000000daa80000)
  to   space 5120K, 0% used [0x00000000da080000,0x00000000da080000,0x00000000da580000)
 ParOldGen       total 221696K, used 90863K [0x0000000080000000, 0x000000008d880000, 0x00000000d5580000)
  object space 221696K, 40% used [0x0000000080000000,0x00000000858bbe90,0x000000008d880000)
 Metaspace       used 94274K, capacity 97346K, committed 97408K, reserved 1134592K
  class space    used 11365K, capacity 11879K, committed 11904K, reserved 1048576K
}
{Heap before GC invocations=176 (full 3):
 PSYoungGen      total 81920K, used 79910K [0x00000000d5580000, 0x00000000daa80000, 0x0000000100000000)
  eden space 76800K, 100% used [0x00000000d5580000,0x00000000da080000,0x00000000da080000)
  from space 5120K, 60% used [0x00000000da580000,0x00000000da889b88,0x00000000daa80000)
  to   space 5120K, 0% used [0x00000000da080000,0x00000000da080000,0x00000000da580000)
 ParOldGen       total 221696K, used 90863K [0x0000000080000000, 0x000000008d880000, 0x00000000d5580000)
  object space 221696K, 40% used [0x0000000080000000,0x00000000858bbe90,0x000000008d880000)
 Metaspace       used 94274K, capacity 97346K, committed 97408K, reserved 1134592K
  class space    used 11365K, capacity 11879K, committed 11904K, reserved 1048576K
2023-09-24T03:25:48.023+0600: 1010421.734: [GC (Allocation Failure) [PSYoungGen: 79910K->2982K(81920K)] 170774K->93964K(303616K), 0.0135931 secs] [Times: user=0.02 sys=0.00, real=0.02 secs] 
Heap after GC invocations=176 (full 3):
 PSYoungGen      total 81920K, used 2982K [0x00000000d5580000, 0x00000000daa80000, 0x0000000100000000)
  eden space 76800K, 0% used [0x00000000d5580000,0x00000000d5580000,0x00000000da080000)
  from space 5120K, 58% used [0x00000000da080000,0x00000000da369b88,0x00000000da580000)
  to   space 5120K, 0% used [0x00000000da580000,0x00000000da580000,0x00000000daa80000)
 ParOldGen       total 221696K, used 90982K [0x0000000080000000, 0x000000008d880000, 0x00000000d5580000)
  object space 221696K, 41% used [0x0000000080000000,0x00000000858d9828,0x000000008d880000)
 Metaspace       used 94274K, capacity 97346K, committed 97408K, reserved 1134592K
  class space    used 11365K, capacity 11879K, committed 11904K, reserved 1048576K
}
{Heap before GC invocations=177 (full 3):
 PSYoungGen      total 81920K, used 79782K [0x00000000d5580000, 0x00000000daa80000, 0x0000000100000000)
  eden space 76800K, 100% used [0x00000000d5580000,0x00000000da080000,0x00000000da080000)
  from space 5120K, 58% used [0x00000000da080000,0x00000000da369b88,0x00000000da580000)
  to   space 5120K, 0% used [0x00000000da580000,0x00000000da580000,0x00000000daa80000)
 ParOldGen       total 221696K, used 90982K [0x0000000080000000, 0x000000008d880000, 0x00000000d5580000)
  object space 221696K, 41% used [0x0000000080000000,0x00000000858d9828,0x000000008d880000)
 Metaspace       used 94274K, capacity 97346K, committed 97408K, reserved 1134592K
  class space    used 11365K, capacity 11879K, committed 11904K, reserved 1048576K
2023-09-24T04:31:11.315+0600: 1014345.026: [GC (Allocation Failure) [PSYoungGen: 79782K->2880K(81920K)] 170764K->93981K(303616K), 0.0123312 secs] [Times: user=0.02 sys=0.00, real=0.02 secs] 
Heap after GC invocations=177 (full 3):
 PSYoungGen      total 81920K, used 2880K [0x00000000d5580000, 0x00000000daa80000, 0x0000000100000000)
  eden space 76800K, 0% used [0x00000000d5580000,0x00000000d5580000,0x00000000da080000)
  from space 5120K, 56% used [0x00000000da580000,0x00000000da850000,0x00000000daa80000)
  to   space 5120K, 0% used [0x00000000da080000,0x00000000da080000,0x00000000da580000)
 ParOldGen       total 221696K, used 91101K [0x0000000080000000, 0x000000008d880000, 0x00000000d5580000)
  object space 221696K, 41% used [0x0000000080000000,0x00000000858f77f0,0x000000008d880000)
 Metaspace       used 94274K, capacity 97346K, committed 97408K, reserved 1134592K
  class space    used 11365K, capacity 11879K, committed 11904K, reserved 1048576K
}
{Heap before GC invocations=178 (full 3):
 PSYoungGen      total 81920K, used 79680K [0x00000000d5580000, 0x00000000daa80000, 0x0000000100000000)
  eden space 76800K, 100% used [0x00000000d5580000,0x00000000da080000,0x00000000da080000)
  from space 5120K, 56% used [0x00000000da580000,0x00000000da850000,0x00000000daa80000)
  to   space 5120K, 0% used [0x00000000da080000,0x00000000da080000,0x00000000da580000)
 ParOldGen       total 221696K, used 91101K [0x0000000080000000, 0x000000008d880000, 0x00000000d5580000)
  object space 221696K, 41% used [0x0000000080000000,0x00000000858f77f0,0x000000008d880000)
 Metaspace       used 94274K, capacity 97346K, committed 97408K, reserved 1134592K
  class space    used 11365K, capacity 11879K, committed 11904K, reserved 1048576K
2023-09-24T05:34:31.362+0600: 1018145.072: [GC (Allocation Failure) [PSYoungGen: 79680K->2720K(81920K)] 170781K->93976K(303616K), 0.0136894 secs] [Times: user=0.02 sys=0.00, real=0.01 secs] 
Heap after GC invocations=178 (full 3):
 PSYoungGen      total 81920K, used 2720K [0x00000000d5580000, 0x00000000daa80000, 0x0000000100000000)
  eden space 76800K, 0% used [0x00000000d5580000,0x00000000d5580000,0x00000000da080000)
  from space 5120K, 53% used [0x00000000da080000,0x00000000da328000,0x00000000da580000)
  to   space 5120K, 0% used [0x00000000da580000,0x00000000da580000,0x00000000daa80000)
 ParOldGen       total 221696K, used 91256K [0x0000000080000000, 0x000000008d880000, 0x00000000d5580000)
  object space 221696K, 41% used [0x0000000080000000,0x000000008591e380,0x000000008d880000)
 Metaspace       used 94274K, capacity 97346K, committed 97408K, reserved 1134592K
  class space    used 11365K, capacity 11879K, committed 11904K, reserved 1048576K
}
{Heap before GC invocations=179 (full 3):
 PSYoungGen      total 81920K, used 79520K [0x00000000d5580000, 0x00000000daa80000, 0x0000000100000000)
  eden space 76800K, 100% used [0x00000000d5580000,0x00000000da080000,0x00000000da080000)
  from space 5120K, 53% used [0x00000000da080000,0x00000000da328000,0x00000000da580000)
  to   space 5120K, 0% used [0x00000000da580000,0x00000000da580000,0x00000000daa80000)
 ParOldGen       total 221696K, used 91256K [0x0000000080000000, 0x000000008d880000, 0x00000000d5580000)
  object space 221696K, 41% used [0x0000000080000000,0x000000008591e380,0x000000008d880000)
 Metaspace       used 94274K, capacity 97346K, committed 97408K, reserved 1134592K
  class space    used 11365K, capacity 11879K, committed 11904K, reserved 1048576K
2023-09-24T06:36:53.384+0600: 1021887.095: [GC (Allocation Failure) [PSYoungGen: 79520K->2560K(81920K)] 170776K->93960K(303616K), 0.0129285 secs] [Times: user=0.02 sys=0.00, real=0.02 secs] 
Heap after GC invocations=179 (full 3):
 PSYoungGen      total 81920K, used 2560K [0x00000000d5580000, 0x00000000daa80000, 0x0000000100000000)
  eden space 76800K, 0% used [0x00000000d5580000,0x00000000d5580000,0x00000000da080000)
  from space 5120K, 50% used [0x00000000da580000,0x00000000da800000,0x00000000daa80000)
  to   space 5120K, 0% used [0x00000000da080000,0x00000000da080000,0x00000000da580000)
 ParOldGen       total 221696K, used 91400K [0x0000000080000000, 0x000000008d880000, 0x00000000d5580000)
  object space 221696K, 41% used [0x0000000080000000,0x00000000859421d8,0x000000008d880000)
 Metaspace       used 94274K, capacity 97346K, committed 97408K, reserved 1134592K
  class space    used 11365K, capacity 11879K, committed 11904K, reserved 1048576K
}
{Heap before GC invocations=180 (full 3):
 PSYoungGen      total 81920K, used 79360K [0x00000000d5580000, 0x00000000daa80000, 0x0000000100000000)
  eden space 76800K, 100% used [0x00000000d5580000,0x00000000da080000,0x00000000da080000)
  from space 5120K, 50% used [0x00000000da580000,0x00000000da800000,0x00000000daa80000)
  to   space 5120K, 0% used [0x00000000da080000,0x00000000da080000,0x00000000da580000)
 ParOldGen       total 221696K, used 91400K [0x0000000080000000, 0x000000008d880000, 0x00000000d5580000)
  object space 221696K, 41% used [0x0000000080000000,0x00000000859421d8,0x000000008d880000)
 Metaspace       used 94274K, capacity 97346K, committed 97408K, reserved 1134592K
  class space    used 11365K, capacity 11879K, committed 11904K, reserved 1048576K
2023-09-24T07:37:42.667+0600: 1025536.378: [GC (Allocation Failure) [PSYoungGen: 79360K->2496K(81920K)] 170760K->93971K(303616K), 0.0126807 secs] [Times: user=0.03 sys=0.00, real=0.01 secs] 
Heap after GC invocations=180 (full 3):
 PSYoungGen      total 81920K, used 2496K [0x00000000d5580000, 0x00000000daa80000, 0x0000000100000000)
  eden space 76800K, 0% used [0x00000000d5580000,0x00000000d5580000,0x00000000da080000)
  from space 5120K, 48% used [0x00000000da080000,0x00000000da2f0000,0x00000000da580000)
  to   space 5120K, 0% used [0x00000000da580000,0x00000000da580000,0x00000000daa80000)
 ParOldGen       total 221696K, used 91475K [0x0000000080000000, 0x000000008d880000, 0x00000000d5580000)
  object space 221696K, 41% used [0x0000000080000000,0x0000000085954e48,0x000000008d880000)
 Metaspace       used 94274K, capacity 97346K, committed 97408K, reserved 1134592K
  class space    used 11365K, capacity 11879K, committed 11904K, reserved 1048576K
}
{Heap before GC invocations=181 (full 3):
 PSYoungGen      total 81920K, used 79296K [0x00000000d5580000, 0x00000000daa80000, 0x0000000100000000)
  eden space 76800K, 100% used [0x00000000d5580000,0x00000000da080000,0x00000000da080000)
  from space 5120K, 48% used [0x00000000da080000,0x00000000da2f0000,0x00000000da580000)
  to   space 5120K, 0% used [0x00000000da580000,0x00000000da580000,0x00000000daa80000)
 ParOldGen       total 221696K, used 91475K [0x0000000080000000, 0x000000008d880000, 0x00000000d5580000)
  object space 221696K, 41% used [0x0000000080000000,0x0000000085954e48,0x000000008d880000)
 Metaspace       used 94274K, capacity 97346K, committed 97408K, reserved 1134592K
  class space    used 11365K, capacity 11879K, committed 11904K, reserved 1048576K
2023-09-24T08:38:13.369+0600: 1029167.080: [GC (Allocation Failure) [PSYoungGen: 79296K->2336K(81920K)] 170771K->93966K(303616K), 0.0106239 secs] [Times: user=0.02 sys=0.00, real=0.01 secs] 
Heap after GC invocations=181 (full 3):
 PSYoungGen      total 81920K, used 2336K [0x00000000d5580000, 0x00000000daa80000, 0x0000000100000000)
  eden space 76800K, 0% used [0x00000000d5580000,0x00000000d5580000,0x00000000da080000)
  from space 5120K, 45% used [0x00000000da580000,0x00000000da7c8000,0x00000000daa80000)
  to   space 5120K, 0% used [0x00000000da080000,0x00000000da080000,0x00000000da580000)
 ParOldGen       total 221696K, used 91630K [0x0000000080000000, 0x000000008d880000, 0x00000000d5580000)
  object space 221696K, 41% used [0x0000000080000000,0x000000008597b850,0x000000008d880000)
 Metaspace       used 94274K, capacity 97346K, committed 97408K, reserved 1134592K
  class space    used 11365K, capacity 11879K, committed 11904K, reserved 1048576K
}
{Heap before GC invocations=182 (full 3):
 PSYoungGen      total 81920K, used 79136K [0x00000000d5580000, 0x00000000daa80000, 0x0000000100000000)
  eden space 76800K, 100% used [0x00000000d5580000,0x00000000da080000,0x00000000da080000)
  from space 5120K, 45% used [0x00000000da580000,0x00000000da7c8000,0x00000000daa80000)
  to   space 5120K, 0% used [0x00000000da080000,0x00000000da080000,0x00000000da580000)
 ParOldGen       total 221696K, used 91630K [0x0000000080000000, 0x000000008d880000, 0x00000000d5580000)
  object space 221696K, 41% used [0x0000000080000000,0x000000008597b850,0x000000008d880000)
 Metaspace       used 94274K, capacity 97346K, committed 97408K, reserved 1134592K
  class space    used 11365K, capacity 11879K, committed 11904K, reserved 1048576K
2023-09-24T09:37:28.854+0600: 1032722.565: [GC (Allocation Failure) [PSYoungGen: 79136K->2720K(81920K)] 170766K->94350K(303616K), 0.0121735 secs] [Times: user=0.03 sys=0.00, real=0.02 secs] 
Heap after GC invocations=182 (full 3):
 PSYoungGen      total 81920K, used 2720K [0x00000000d5580000, 0x00000000daa80000, 0x0000000100000000)
  eden space 76800K, 0% used [0x00000000d5580000,0x00000000d5580000,0x00000000da080000)
  from space 5120K, 53% used [0x00000000da080000,0x00000000da328030,0x00000000da580000)
  to   space 4608K, 0% used [0x00000000da600000,0x00000000da600000,0x00000000daa80000)
 ParOldGen       total 221696K, used 91630K [0x0000000080000000, 0x000000008d880000, 0x00000000d5580000)
  object space 221696K, 41% used [0x0000000080000000,0x000000008597b850,0x000000008d880000)
 Metaspace       used 94274K, capacity 97346K, committed 97408K, reserved 1134592K
  class space    used 11365K, capacity 11879K, committed 11904K, reserved 1048576K
}
{Heap before GC invocations=183 (full 3):
 PSYoungGen      total 81920K, used 79520K [0x00000000d5580000, 0x00000000daa80000, 0x0000000100000000)
  eden space 76800K, 100% used [0x00000000d5580000,0x00000000da080000,0x00000000da080000)
  from space 5120K, 53% used [0x00000000da080000,0x00000000da328030,0x00000000da580000)
  to   space 4608K, 0% used [0x00000000da600000,0x00000000da600000,0x00000000daa80000)
 ParOldGen       total 221696K, used 91630K [0x0000000080000000, 0x000000008d880000, 0x00000000d5580000)
  object space 221696K, 41% used [0x0000000080000000,0x000000008597b850,0x000000008d880000)
 Metaspace       used 94274K, capacity 97346K, committed 97408K, reserved 1134592K
  class space    used 11365K, capacity 11879K, committed 11904K, reserved 1048576K
2023-09-24T10:33:27.511+0600: 1036081.222: [GC (Allocation Failure) [PSYoungGen: 79520K->3264K(82432K)] 171150K->94918K(304128K), 0.0142041 secs] [Times: user=0.03 sys=0.01, real=0.01 secs] 
Heap after GC invocations=183 (full 3):
 PSYoungGen      total 82432K, used 3264K [0x00000000d5580000, 0x00000000daa80000, 0x0000000100000000)
  eden space 77824K, 0% used [0x00000000d5580000,0x00000000d5580000,0x00000000da180000)
  from space 4608K, 70% used [0x00000000da600000,0x00000000da930070,0x00000000daa80000)
  to   space 4608K, 0% used [0x00000000da180000,0x00000000da180000,0x00000000da600000)
 ParOldGen       total 221696K, used 91654K [0x0000000080000000, 0x000000008d880000, 0x00000000d5580000)
  object space 221696K, 41% used [0x0000000080000000,0x0000000085981850,0x000000008d880000)
 Metaspace       used 94274K, capacity 97346K, committed 97408K, reserved 1134592K
  class space    used 11365K, capacity 11879K, committed 11904K, reserved 1048576K
}
{Heap before GC invocations=184 (full 3):
 PSYoungGen      total 82432K, used 81088K [0x00000000d5580000, 0x00000000daa80000, 0x0000000100000000)
  eden space 77824K, 100% used [0x00000000d5580000,0x00000000da180000,0x00000000da180000)
  from space 4608K, 70% used [0x00000000da600000,0x00000000da930070,0x00000000daa80000)
  to   space 4608K, 0% used [0x00000000da180000,0x00000000da180000,0x00000000da600000)
 ParOldGen       total 221696K, used 91654K [0x0000000080000000, 0x000000008d880000, 0x00000000d5580000)
  object space 221696K, 41% used [0x0000000080000000,0x0000000085981850,0x000000008d880000)
 Metaspace       used 94321K, capacity 97458K, committed 97664K, reserved 1134592K
  class space    used 11370K, capacity 11887K, committed 11904K, reserved 1048576K
2023-09-24T11:13:04.776+0600: 1038458.486: [GC (Allocation Failure) [PSYoungGen: 81088K->3953K(81920K)] 172742K->95615K(303616K), 0.0132402 secs] [Times: user=0.03 sys=0.00, real=0.02 secs] 
Heap after GC invocations=184 (full 3):
 PSYoungGen      total 81920K, used 3953K [0x00000000d5580000, 0x00000000daa80000, 0x0000000100000000)
  eden space 77824K, 0% used [0x00000000d5580000,0x00000000d5580000,0x00000000da180000)
  from space 4096K, 96% used [0x00000000da180000,0x00000000da55c6f0,0x00000000da580000)
  to   space 5120K, 0% used [0x00000000da580000,0x00000000da580000,0x00000000daa80000)
 ParOldGen       total 221696K, used 91662K [0x0000000080000000, 0x000000008d880000, 0x00000000d5580000)
  object space 221696K, 41% used [0x0000000080000000,0x0000000085983850,0x000000008d880000)
 Metaspace       used 94321K, capacity 97458K, committed 97664K, reserved 1134592K
  class space    used 11370K, capacity 11887K, committed 11904K, reserved 1048576K
}
{Heap before GC invocations=185 (full 3):
 PSYoungGen      total 81920K, used 81777K [0x00000000d5580000, 0x00000000daa80000, 0x0000000100000000)
  eden space 77824K, 100% used [0x00000000d5580000,0x00000000da180000,0x00000000da180000)
  from space 4096K, 96% used [0x00000000da180000,0x00000000da55c6f0,0x00000000da580000)
  to   space 5120K, 0% used [0x00000000da580000,0x00000000da580000,0x00000000daa80000)
 ParOldGen       total 221696K, used 91662K [0x0000000080000000, 0x000000008d880000, 0x00000000d5580000)
  object space 221696K, 41% used [0x0000000080000000,0x0000000085983850,0x000000008d880000)
 Metaspace       used 94326K, capacity 97464K, committed 97664K, reserved 1134592K
  class space    used 11370K, capacity 11888K, committed 11904K, reserved 1048576K
2023-09-24T12:05:13.031+0600: 1041586.741: [GC (Allocation Failure) [PSYoungGen: 81777K->3633K(81920K)] 173439K->95343K(303616K), 0.0159756 secs] [Times: user=0.03 sys=0.00, real=0.02 secs] 
Heap after GC invocations=185 (full 3):
 PSYoungGen      total 81920K, used 3633K [0x00000000d5580000, 0x00000000daa80000, 0x0000000100000000)
  eden space 76800K, 0% used [0x00000000d5580000,0x00000000d5580000,0x00000000da080000)
  from space 5120K, 70% used [0x00000000da580000,0x00000000da90c700,0x00000000daa80000)
  to   space 5120K, 0% used [0x00000000da080000,0x00000000da080000,0x00000000da580000)
 ParOldGen       total 221696K, used 91710K [0x0000000080000000, 0x000000008d880000, 0x00000000d5580000)
  object space 221696K, 41% used [0x0000000080000000,0x000000008598f850,0x000000008d880000)
 Metaspace       used 94326K, capacity 97464K, committed 97664K, reserved 1134592K
  class space    used 11370K, capacity 11888K, committed 11904K, reserved 1048576K
}
{Heap before GC invocations=186 (full 3):
 PSYoungGen      total 81920K, used 80433K [0x00000000d5580000, 0x00000000daa80000, 0x0000000100000000)
  eden space 76800K, 100% used [0x00000000d5580000,0x00000000da080000,0x00000000da080000)
  from space 5120K, 70% used [0x00000000da580000,0x00000000da90c700,0x00000000daa80000)
  to   space 5120K, 0% used [0x00000000da080000,0x00000000da080000,0x00000000da580000)
 ParOldGen       total 221696K, used 91710K [0x0000000080000000, 0x000000008d880000, 0x00000000d5580000)
  object space 221696K, 41% used [0x0000000080000000,0x000000008598f850,0x000000008d880000)
 Metaspace       used 94345K, capacity 97500K, committed 97664K, reserved 1134592K
  class space    used 11374K, capacity 11894K, committed 11904K, reserved 1048576K
2023-09-24T12:53:58.700+0600: 1044512.411: [GC (Allocation Failure) [PSYoungGen: 80433K->3811K(81920K)] 172143K->95529K(303616K), 0.0168148 secs] [Times: user=0.03 sys=0.00, real=0.02 secs] 
Heap after GC invocations=186 (full 3):
 PSYoungGen      total 81920K, used 3811K [0x00000000d5580000, 0x00000000daa80000, 0x0000000100000000)
  eden space 76800K, 0% used [0x00000000d5580000,0x00000000d5580000,0x00000000da080000)
  from space 5120K, 74% used [0x00000000da080000,0x00000000da438d70,0x00000000da580000)
  to   space 5120K, 0% used [0x00000000da580000,0x00000000da580000,0x00000000daa80000)
 ParOldGen       total 221696K, used 91718K [0x0000000080000000, 0x000000008d880000, 0x00000000d5580000)
  object space 221696K, 41% used [0x0000000080000000,0x0000000085991850,0x000000008d880000)
 Metaspace       used 94345K, capacity 97500K, committed 97664K, reserved 1134592K
  class space    used 11374K, capacity 11894K, committed 11904K, reserved 1048576K
}
{Heap before GC invocations=187 (full 3):
 PSYoungGen      total 81920K, used 80611K [0x00000000d5580000, 0x00000000daa80000, 0x0000000100000000)
  eden space 76800K, 100% used [0x00000000d5580000,0x00000000da080000,0x00000000da080000)
  from space 5120K, 74% used [0x00000000da080000,0x00000000da438d70,0x00000000da580000)
  to   space 5120K, 0% used [0x00000000da580000,0x00000000da580000,0x00000000daa80000)
 ParOldGen       total 221696K, used 91718K [0x0000000080000000, 0x000000008d880000, 0x00000000d5580000)
  object space 221696K, 41% used [0x0000000080000000,0x0000000085991850,0x000000008d880000)
 Metaspace       used 94348K, capacity 97500K, committed 97664K, reserved 1134592K
  class space    used 11374K, capacity 11894K, committed 11904K, reserved 1048576K
2023-09-24T13:35:34.398+0600: 1047008.109: [GC (Allocation Failure) [PSYoungGen: 80611K->4338K(81920K)] 172329K->96056K(303616K), 0.0173395 secs] [Times: user=0.03 sys=0.00, real=0.01 secs] 
Heap after GC invocations=187 (full 3):
 PSYoungGen      total 81920K, used 4338K [0x00000000d5580000, 0x00000000daa80000, 0x0000000100000000)
  eden space 76800K, 0% used [0x00000000d5580000,0x00000000d5580000,0x00000000da080000)
  from space 5120K, 84% used [0x00000000da580000,0x00000000da9bcb90,0x00000000daa80000)
  to   space 5120K, 0% used [0x00000000da080000,0x00000000da080000,0x00000000da580000)
 ParOldGen       total 221696K, used 91718K [0x0000000080000000, 0x000000008d880000, 0x00000000d5580000)
  object space 221696K, 41% used [0x0000000080000000,0x0000000085991850,0x000000008d880000)
 Metaspace       used 94348K, capacity 97500K, committed 97664K, reserved 1134592K
  class space    used 11374K, capacity 11894K, committed 11904K, reserved 1048576K
}
{Heap before GC invocations=188 (full 3):
 PSYoungGen      total 81920K, used 81138K [0x00000000d5580000, 0x00000000daa80000, 0x0000000100000000)
  eden space 76800K, 100% used [0x00000000d5580000,0x00000000da080000,0x00000000da080000)
  from space 5120K, 84% used [0x00000000da580000,0x00000000da9bcb90,0x00000000daa80000)
  to   space 5120K, 0% used [0x00000000da080000,0x00000000da080000,0x00000000da580000)
 ParOldGen       total 221696K, used 91718K [0x0000000080000000, 0x000000008d880000, 0x00000000d5580000)
  object space 221696K, 41% used [0x0000000080000000,0x0000000085991850,0x000000008d880000)
 Metaspace       used 94348K, capacity 97500K, committed 97664K, reserved 1134592K
  class space    used 11374K, capacity 11894K, committed 11904K, reserved 1048576K
2023-09-24T14:34:05.314+0600: 1050519.025: [GC (Allocation Failure) [PSYoungGen: 81138K->3200K(81920K)] 172856K->94950K(303616K), 0.0147353 secs] [Times: user=0.03 sys=0.00, real=0.02 secs] 
Heap after GC invocations=188 (full 3):
 PSYoungGen      total 81920K, used 3200K [0x00000000d5580000, 0x00000000daa80000, 0x0000000100000000)
  eden space 76800K, 0% used [0x00000000d5580000,0x00000000d5580000,0x00000000da080000)
  from space 5120K, 62% used [0x00000000da080000,0x00000000da3a0040,0x00000000da580000)
  to   space 5120K, 0% used [0x00000000da580000,0x00000000da580000,0x00000000daa80000)
 ParOldGen       total 221696K, used 91750K [0x0000000080000000, 0x000000008d880000, 0x00000000d5580000)
  object space 221696K, 41% used [0x0000000080000000,0x0000000085999850,0x000000008d880000)
 Metaspace       used 94348K, capacity 97500K, committed 97664K, reserved 1134592K
  class space    used 11374K, capacity 11894K, committed 11904K, reserved 1048576K
}
{Heap before GC invocations=189 (full 3):
 PSYoungGen      total 81920K, used 80000K [0x00000000d5580000, 0x00000000daa80000, 0x0000000100000000)
  eden space 76800K, 100% used [0x00000000d5580000,0x00000000da080000,0x00000000da080000)
  from space 5120K, 62% used [0x00000000da080000,0x00000000da3a0040,0x00000000da580000)
  to   space 5120K, 0% used [0x00000000da580000,0x00000000da580000,0x00000000daa80000)
 ParOldGen       total 221696K, used 91750K [0x0000000080000000, 0x000000008d880000, 0x00000000d5580000)
  object space 221696K, 41% used [0x0000000080000000,0x0000000085999850,0x000000008d880000)
 Metaspace       used 94349K, capacity 97500K, committed 97664K, reserved 1134592K
  class space    used 11374K, capacity 11894K, committed 11904K, reserved 1048576K
2023-09-24T15:23:56.581+0600: 1053510.292: [GC (Allocation Failure) [PSYoungGen: 80000K->4033K(81920K)] 171750K->95783K(303616K), 0.0172521 secs] [Times: user=0.03 sys=0.00, real=0.02 secs] 
Heap after GC invocations=189 (full 3):
 PSYoungGen      total 81920K, used 4033K [0x00000000d5580000, 0x00000000daa80000, 0x0000000100000000)
  eden space 76800K, 0% used [0x00000000d5580000,0x00000000d5580000,0x00000000da080000)
  from space 5120K, 78% used [0x00000000da580000,0x00000000da970720,0x00000000daa80000)
  to   space 5120K, 0% used [0x00000000da080000,0x00000000da080000,0x00000000da580000)
 ParOldGen       total 221696K, used 91750K [0x0000000080000000, 0x000000008d880000, 0x00000000d5580000)
  object space 221696K, 41% used [0x0000000080000000,0x0000000085999850,0x000000008d880000)
 Metaspace       used 94349K, capacity 97500K, committed 97664K, reserved 1134592K
  class space    used 11374K, capacity 11894K, committed 11904K, reserved 1048576K
}
{Heap before GC invocations=190 (full 3):
 PSYoungGen      total 81920K, used 80833K [0x00000000d5580000, 0x00000000daa80000, 0x0000000100000000)
  eden space 76800K, 100% used [0x00000000d5580000,0x00000000da080000,0x00000000da080000)
  from space 5120K, 78% used [0x00000000da580000,0x00000000da970720,0x00000000daa80000)
  to   space 5120K, 0% used [0x00000000da080000,0x00000000da080000,0x00000000da580000)
 ParOldGen       total 221696K, used 91750K [0x0000000080000000, 0x000000008d880000, 0x00000000d5580000)
  object space 221696K, 41% used [0x0000000080000000,0x0000000085999850,0x000000008d880000)
 Metaspace       used 94349K, capacity 97500K, committed 97664K, reserved 1134592K
  class space    used 11374K, capacity 11894K, committed 11904K, reserved 1048576K
2023-09-24T16:15:57.750+0600: 1056631.460: [GC (Allocation Failure) [PSYoungGen: 80833K->3761K(81920K)] 172583K->95511K(303616K), 0.0142227 secs] [Times: user=0.03 sys=0.00, real=0.01 secs] 
Heap after GC invocations=190 (full 3):
 PSYoungGen      total 81920K, used 3761K [0x00000000d5580000, 0x00000000daa80000, 0x0000000100000000)
  eden space 76800K, 0% used [0x00000000d5580000,0x00000000d5580000,0x00000000da080000)
  from space 5120K, 73% used [0x00000000da080000,0x00000000da42c700,0x00000000da580000)
  to   space 5120K, 0% used [0x00000000da580000,0x00000000da580000,0x00000000daa80000)
 ParOldGen       total 221696K, used 91750K [0x0000000080000000, 0x000000008d880000, 0x00000000d5580000)
  object space 221696K, 41% used [0x0000000080000000,0x0000000085999850,0x000000008d880000)
 Metaspace       used 94349K, capacity 97500K, committed 97664K, reserved 1134592K
  class space    used 11374K, capacity 11894K, committed 11904K, reserved 1048576K
}
{Heap before GC invocations=191 (full 3):
 PSYoungGen      total 81920K, used 80561K [0x00000000d5580000, 0x00000000daa80000, 0x0000000100000000)
  eden space 76800K, 100% used [0x00000000d5580000,0x00000000da080000,0x00000000da080000)
  from space 5120K, 73% used [0x00000000da080000,0x00000000da42c700,0x00000000da580000)
  to   space 5120K, 0% used [0x00000000da580000,0x00000000da580000,0x00000000daa80000)
 ParOldGen       total 221696K, used 91750K [0x0000000080000000, 0x000000008d880000, 0x00000000d5580000)
  object space 221696K, 41% used [0x0000000080000000,0x0000000085999850,0x000000008d880000)
 Metaspace       used 94350K, capacity 97500K, committed 97664K, reserved 1134592K
  class space    used 11374K, capacity 11894K, committed 11904K, reserved 1048576K
2023-09-24T17:01:31.714+0600: 1059365.425: [GC (Allocation Failure) [PSYoungGen: 80561K->4352K(80896K)] 172311K->96102K(302592K), 0.0126624 secs] [Times: user=0.02 sys=0.00, real=0.02 secs] 
Heap after GC invocations=191 (full 3):
 PSYoungGen      total 80896K, used 4352K [0x00000000d5580000, 0x00000000daa80000, 0x0000000100000000)
  eden space 75776K, 0% used [0x00000000d5580000,0x00000000d5580000,0x00000000d9f80000)
  from space 5120K, 85% used [0x00000000da580000,0x00000000da9c0090,0x00000000daa80000)
  to   space 5632K, 0% used [0x00000000d9f80000,0x00000000d9f80000,0x00000000da500000)
 ParOldGen       total 221696K, used 91750K [0x0000000080000000, 0x000000008d880000, 0x00000000d5580000)
  object space 221696K, 41% used [0x0000000080000000,0x0000000085999850,0x000000008d880000)
 Metaspace       used 94350K, capacity 97500K, committed 97664K, reserved 1134592K
  class space    used 11374K, capacity 11894K, committed 11904K, reserved 1048576K
}
{Heap before GC invocations=192 (full 3):
 PSYoungGen      total 80896K, used 80128K [0x00000000d5580000, 0x00000000daa80000, 0x0000000100000000)
  eden space 75776K, 100% used [0x00000000d5580000,0x00000000d9f80000,0x00000000d9f80000)
  from space 5120K, 85% used [0x00000000da580000,0x00000000da9c0090,0x00000000daa80000)
  to   space 5632K, 0% used [0x00000000d9f80000,0x00000000d9f80000,0x00000000da500000)
 ParOldGen       total 221696K, used 91750K [0x0000000080000000, 0x000000008d880000, 0x00000000d5580000)
  object space 221696K, 41% used [0x0000000080000000,0x0000000085999850,0x000000008d880000)
 Metaspace       used 94350K, capacity 97500K, committed 97664K, reserved 1134592K
  class space    used 11374K, capacity 11894K, committed 11904K, reserved 1048576K
2023-09-24T17:48:07.758+0600: 1062161.469: [GC (Allocation Failure) [PSYoungGen: 80128K->4000K(81408K)] 171878K->95750K(303104K), 0.0177027 secs] [Times: user=0.03 sys=0.00, real=0.02 secs] 
Heap after GC invocations=192 (full 3):
 PSYoungGen      total 81408K, used 4000K [0x00000000d5580000, 0x00000000daa80000, 0x0000000100000000)
  eden space 75776K, 0% used [0x00000000d5580000,0x00000000d5580000,0x00000000d9f80000)
  from space 5632K, 71% used [0x00000000d9f80000,0x00000000da368070,0x00000000da500000)
  to   space 5632K, 0% used [0x00000000da500000,0x00000000da500000,0x00000000daa80000)
 ParOldGen       total 221696K, used 91750K [0x0000000080000000, 0x000000008d880000, 0x00000000d5580000)
  object space 221696K, 41% used [0x0000000080000000,0x0000000085999850,0x000000008d880000)
 Metaspace       used 94350K, capacity 97500K, committed 97664K, reserved 1134592K
  class space    used 11374K, capacity 11894K, committed 11904K, reserved 1048576K
}
{Heap before GC invocations=193 (full 3):
 PSYoungGen      total 81408K, used 79771K [0x00000000d5580000, 0x00000000daa80000, 0x0000000100000000)
  eden space 75776K, 99% used [0x00000000d5580000,0x00000000d9f7ee28,0x00000000d9f80000)
  from space 5632K, 71% used [0x00000000d9f80000,0x00000000da368070,0x00000000da500000)
  to   space 5632K, 0% used [0x00000000da500000,0x00000000da500000,0x00000000daa80000)
 ParOldGen       total 221696K, used 91750K [0x0000000080000000, 0x000000008d880000, 0x00000000d5580000)
  object space 221696K, 41% used [0x0000000080000000,0x0000000085999850,0x000000008d880000)
 Metaspace       used 94352K, capacity 97500K, committed 97664K, reserved 1134592K
  class space    used 11374K, capacity 11894K, committed 11904K, reserved 1048576K
2023-09-24T18:31:17.778+0600: 1064751.489: [GC (Allocation Failure) [PSYoungGen: 79771K->4096K(81408K)] 171521K->95846K(303104K), 0.0160675 secs] [Times: user=0.02 sys=0.00, real=0.01 secs] 
Heap after GC invocations=193 (full 3):
 PSYoungGen      total 81408K, used 4096K [0x00000000d5580000, 0x00000000daa80000, 0x0000000100000000)
  eden space 75776K, 0% used [0x00000000d5580000,0x00000000d5580000,0x00000000d9f80000)
  from space 5632K, 72% used [0x00000000da500000,0x00000000da900080,0x00000000daa80000)
  to   space 5632K, 0% used [0x00000000d9f80000,0x00000000d9f80000,0x00000000da500000)
 ParOldGen       total 221696K, used 91750K [0x0000000080000000, 0x000000008d880000, 0x00000000d5580000)
  object space 221696K, 41% used [0x0000000080000000,0x0000000085999850,0x000000008d880000)
 Metaspace       used 94352K, capacity 97500K, committed 97664K, reserved 1134592K
  class space    used 11374K, capacity 11894K, committed 11904K, reserved 1048576K
}
{Heap before GC invocations=194 (full 3):
 PSYoungGen      total 81408K, used 79869K [0x00000000d5580000, 0x00000000daa80000, 0x0000000100000000)
  eden space 75776K, 99% used [0x00000000d5580000,0x00000000d9f7f5a0,0x00000000d9f80000)
  from space 5632K, 72% used [0x00000000da500000,0x00000000da900080,0x00000000daa80000)
  to   space 5632K, 0% used [0x00000000d9f80000,0x00000000d9f80000,0x00000000da500000)
 ParOldGen       total 221696K, used 91750K [0x0000000080000000, 0x000000008d880000, 0x00000000d5580000)
  object space 221696K, 41% used [0x0000000080000000,0x0000000085999850,0x000000008d880000)
 Metaspace       used 94352K, capacity 97500K, committed 97664K, reserved 1134592K
  class space    used 11374K, capacity 11894K, committed 11904K, reserved 1048576K
2023-09-24T19:03:55.226+0600: 1066708.937: [GC (Allocation Failure) [PSYoungGen: 79869K->5120K(81408K)] 171619K->96870K(303104K), 0.0162953 secs] [Times: user=0.03 sys=0.00, real=0.01 secs] 
Heap after GC invocations=194 (full 3):
 PSYoungGen      total 81408K, used 5120K [0x00000000d5580000, 0x00000000daa80000, 0x0000000100000000)
  eden space 75776K, 0% used [0x00000000d5580000,0x00000000d5580000,0x00000000d9f80000)
  from space 5632K, 90% used [0x00000000d9f80000,0x00000000da4800d0,0x00000000da500000)
  to   space 5632K, 0% used [0x00000000da500000,0x00000000da500000,0x00000000daa80000)
 ParOldGen       total 221696K, used 91750K [0x0000000080000000, 0x000000008d880000, 0x00000000d5580000)
  object space 221696K, 41% used [0x0000000080000000,0x0000000085999850,0x000000008d880000)
 Metaspace       used 94352K, capacity 97500K, committed 97664K, reserved 1134592K
  class space    used 11374K, capacity 11894K, committed 11904K, reserved 1048576K
}
{Heap before GC invocations=195 (full 3):
 PSYoungGen      total 81408K, used 80896K [0x00000000d5580000, 0x00000000daa80000, 0x0000000100000000)
  eden space 75776K, 100% used [0x00000000d5580000,0x00000000d9f80000,0x00000000d9f80000)
  from space 5632K, 90% used [0x00000000d9f80000,0x00000000da4800d0,0x00000000da500000)
  to   space 5632K, 0% used [0x00000000da500000,0x00000000da500000,0x00000000daa80000)
 ParOldGen       total 221696K, used 91750K [0x0000000080000000, 0x000000008d880000, 0x00000000d5580000)
  object space 221696K, 41% used [0x0000000080000000,0x0000000085999850,0x000000008d880000)
 Metaspace       used 94352K, capacity 97500K, committed 97664K, reserved 1134592K
  class space    used 11374K, capacity 11894K, committed 11904K, reserved 1048576K
2023-09-24T19:57:00.847+0600: 1069894.557: [GC (Allocation Failure) [PSYoungGen: 80896K->4736K(80384K)] 172646K->96486K(302080K), 0.0182698 secs] [Times: user=0.03 sys=0.00, real=0.01 secs] 
Heap after GC invocations=195 (full 3):
 PSYoungGen      total 80384K, used 4736K [0x00000000d5580000, 0x00000000daa80000, 0x0000000100000000)
  eden space 74752K, 0% used [0x00000000d5580000,0x00000000d5580000,0x00000000d9e80000)
  from space 5632K, 84% used [0x00000000da500000,0x00000000da9a0090,0x00000000daa80000)
  to   space 6144K, 0% used [0x00000000d9e80000,0x00000000d9e80000,0x00000000da480000)
 ParOldGen       total 221696K, used 91750K [0x0000000080000000, 0x000000008d880000, 0x00000000d5580000)
  object space 221696K, 41% used [0x0000000080000000,0x0000000085999850,0x000000008d880000)
 Metaspace       used 94352K, capacity 97500K, committed 97664K, reserved 1134592K
  class space    used 11374K, capacity 11894K, committed 11904K, reserved 1048576K
}
{Heap before GC invocations=196 (full 3):
 PSYoungGen      total 80384K, used 79488K [0x00000000d5580000, 0x00000000daa80000, 0x0000000100000000)
  eden space 74752K, 100% used [0x00000000d5580000,0x00000000d9e80000,0x00000000d9e80000)
  from space 5632K, 84% used [0x00000000da500000,0x00000000da9a0090,0x00000000daa80000)
  to   space 6144K, 0% used [0x00000000d9e80000,0x00000000d9e80000,0x00000000da480000)
 ParOldGen       total 221696K, used 91750K [0x0000000080000000, 0x000000008d880000, 0x00000000d5580000)
  object space 221696K, 41% used [0x0000000080000000,0x0000000085999850,0x000000008d880000)
 Metaspace       used 94388K, capacity 97536K, committed 97664K, reserved 1134592K
  class space    used 11377K, capacity 11900K, committed 11904K, reserved 1048576K
2023-09-24T20:44:18.357+0600: 1072732.068: [GC (Allocation Failure) [PSYoungGen: 79488K->3970K(80896K)] 171238K->95720K(302592K), 0.0148588 secs] [Times: user=0.02 sys=0.00, real=0.01 secs] 
Heap after GC invocations=196 (full 3):
 PSYoungGen      total 80896K, used 3970K [0x00000000d5580000, 0x00000000daa80000, 0x0000000100000000)
  eden space 74752K, 0% used [0x00000000d5580000,0x00000000d5580000,0x00000000d9e80000)
  from space 6144K, 64% used [0x00000000d9e80000,0x00000000da2608c0,0x00000000da480000)
  to   space 5632K, 0% used [0x00000000da500000,0x00000000da500000,0x00000000daa80000)
 ParOldGen       total 221696K, used 91750K [0x0000000080000000, 0x000000008d880000, 0x00000000d5580000)
  object space 221696K, 41% used [0x0000000080000000,0x0000000085999850,0x000000008d880000)
 Metaspace       used 94388K, capacity 97536K, committed 97664K, reserved 1134592K
  class space    used 11377K, capacity 11900K, committed 11904K, reserved 1048576K
}
{Heap before GC invocations=197 (full 3):
 PSYoungGen      total 80896K, used 78722K [0x00000000d5580000, 0x00000000daa80000, 0x0000000100000000)
  eden space 74752K, 100% used [0x00000000d5580000,0x00000000d9e80000,0x00000000d9e80000)
  from space 6144K, 64% used [0x00000000d9e80000,0x00000000da2608c0,0x00000000da480000)
  to   space 5632K, 0% used [0x00000000da500000,0x00000000da500000,0x00000000daa80000)
 ParOldGen       total 221696K, used 91750K [0x0000000080000000, 0x000000008d880000, 0x00000000d5580000)
  object space 221696K, 41% used [0x0000000080000000,0x0000000085999850,0x000000008d880000)
 Metaspace       used 94388K, capacity 97536K, committed 97664K, reserved 1134592K
  class space    used 11377K, capacity 11900K, committed 11904K, reserved 1048576K
2023-09-24T21:41:44.602+0600: 1076178.313: [GC (Allocation Failure) [PSYoungGen: 78722K->3552K(81408K)] 170472K->95318K(303104K), 0.0151033 secs] [Times: user=0.03 sys=0.00, real=0.02 secs] 
Heap after GC invocations=197 (full 3):
 PSYoungGen      total 81408K, used 3552K [0x00000000d5580000, 0x00000000daa80000, 0x0000000100000000)
  eden space 75776K, 0% used [0x00000000d5580000,0x00000000d5580000,0x00000000d9f80000)
  from space 5632K, 63% used [0x00000000da500000,0x00000000da878030,0x00000000daa80000)
  to   space 5632K, 0% used [0x00000000d9f80000,0x00000000d9f80000,0x00000000da500000)
 ParOldGen       total 221696K, used 91766K [0x0000000080000000, 0x000000008d880000, 0x00000000d5580000)
  object space 221696K, 41% used [0x0000000080000000,0x000000008599d850,0x000000008d880000)
 Metaspace       used 94388K, capacity 97536K, committed 97664K, reserved 1134592K
  class space    used 11377K, capacity 11900K, committed 11904K, reserved 1048576K
}
{Heap before GC invocations=198 (full 3):
 PSYoungGen      total 81408K, used 79328K [0x00000000d5580000, 0x00000000daa80000, 0x0000000100000000)
  eden space 75776K, 100% used [0x00000000d5580000,0x00000000d9f80000,0x00000000d9f80000)
  from space 5632K, 63% used [0x00000000da500000,0x00000000da878030,0x00000000daa80000)
  to   space 5632K, 0% used [0x00000000d9f80000,0x00000000d9f80000,0x00000000da500000)
 ParOldGen       total 221696K, used 91766K [0x0000000080000000, 0x000000008d880000, 0x00000000d5580000)
  object space 221696K, 41% used [0x0000000080000000,0x000000008599d850,0x000000008d880000)
 Metaspace       used 94388K, capacity 97536K, committed 97664K, reserved 1134592K
  class space    used 11377K, capacity 11900K, committed 11904K, reserved 1048576K
2023-09-24T22:33:45.535+0600: 1079299.246: [GC (Allocation Failure) [PSYoungGen: 79328K->4160K(81408K)] 171094K->95942K(303104K), 0.0176895 secs] [Times: user=0.03 sys=0.00, real=0.02 secs] 
Heap after GC invocations=198 (full 3):
 PSYoungGen      total 81408K, used 4160K [0x00000000d5580000, 0x00000000daa80000, 0x0000000100000000)
  eden space 75776K, 0% used [0x00000000d5580000,0x00000000d5580000,0x00000000d9f80000)
  from space 5632K, 73% used [0x00000000d9f80000,0x00000000da390080,0x00000000da500000)
  to   space 5632K, 0% used [0x00000000da500000,0x00000000da500000,0x00000000daa80000)
 ParOldGen       total 221696K, used 91782K [0x0000000080000000, 0x000000008d880000, 0x00000000d5580000)
  object space 221696K, 41% used [0x0000000080000000,0x00000000859a1850,0x000000008d880000)
 Metaspace       used 94388K, capacity 97536K, committed 97664K, reserved 1134592K
  class space    used 11377K, capacity 11900K, committed 11904K, reserved 1048576K
}
{Heap before GC invocations=199 (full 3):
 PSYoungGen      total 81408K, used 79936K [0x00000000d5580000, 0x00000000daa80000, 0x0000000100000000)
  eden space 75776K, 100% used [0x00000000d5580000,0x00000000d9f80000,0x00000000d9f80000)
  from space 5632K, 73% used [0x00000000d9f80000,0x00000000da390080,0x00000000da500000)
  to   space 5632K, 0% used [0x00000000da500000,0x00000000da500000,0x00000000daa80000)
 ParOldGen       total 221696K, used 91782K [0x0000000080000000, 0x000000008d880000, 0x00000000d5580000)
  object space 221696K, 41% used [0x0000000080000000,0x00000000859a1850,0x000000008d880000)
 Metaspace       used 94388K, capacity 97536K, committed 97664K, reserved 1134592K
  class space    used 11377K, capacity 11900K, committed 11904K, reserved 1048576K
2023-09-24T23:32:22.904+0600: 1082816.615: [GC (Allocation Failure) [PSYoungGen: 79936K->3328K(81408K)] 171718K->95198K(303104K), 0.0154786 secs] [Times: user=0.03 sys=0.00, real=0.02 secs] 
Heap after GC invocations=199 (full 3):
 PSYoungGen      total 81408K, used 3328K [0x00000000d5580000, 0x00000000daa80000, 0x0000000100000000)
  eden space 75776K, 0% used [0x00000000d5580000,0x00000000d5580000,0x00000000d9f80000)
  from space 5632K, 59% used [0x00000000da500000,0x00000000da840020,0x00000000daa80000)
  to   space 5632K, 0% used [0x00000000d9f80000,0x00000000d9f80000,0x00000000da500000)
 ParOldGen       total 221696K, used 91870K [0x0000000080000000, 0x000000008d880000, 0x00000000d5580000)
  object space 221696K, 41% used [0x0000000080000000,0x00000000859b7850,0x000000008d880000)
 Metaspace       used 94388K, capacity 97536K, committed 97664K, reserved 1134592K
  class space    used 11377K, capacity 11900K, committed 11904K, reserved 1048576K
}
{Heap before GC invocations=200 (full 3):
 PSYoungGen      total 81408K, used 79104K [0x00000000d5580000, 0x00000000daa80000, 0x0000000100000000)
  eden space 75776K, 100% used [0x00000000d5580000,0x00000000d9f80000,0x00000000d9f80000)
  from space 5632K, 59% used [0x00000000da500000,0x00000000da840020,0x00000000daa80000)
  to   space 5632K, 0% used [0x00000000d9f80000,0x00000000d9f80000,0x00000000da500000)
 ParOldGen       total 221696K, used 91870K [0x0000000080000000, 0x000000008d880000, 0x00000000d5580000)
  object space 221696K, 41% used [0x0000000080000000,0x00000000859b7850,0x000000008d880000)
 Metaspace       used 94388K, capacity 97536K, committed 97664K, reserved 1134592K
  class space    used 11377K, capacity 11900K, committed 11904K, reserved 1048576K
2023-09-25T00:34:00.017+0600: 1086513.727: [GC (Allocation Failure) [PSYoungGen: 79104K->3040K(81408K)] 170974K->94974K(303104K), 0.0156999 secs] [Times: user=0.03 sys=0.00, real=0.01 secs] 
Heap after GC invocations=200 (full 3):
 PSYoungGen      total 81408K, used 3040K [0x00000000d5580000, 0x00000000daa80000, 0x0000000100000000)
  eden space 75776K, 0% used [0x00000000d5580000,0x00000000d5580000,0x00000000d9f80000)
  from space 5632K, 53% used [0x00000000d9f80000,0x00000000da278000,0x00000000da500000)
  to   space 5632K, 0% used [0x00000000da500000,0x00000000da500000,0x00000000daa80000)
 ParOldGen       total 221696K, used 91934K [0x0000000080000000, 0x000000008d880000, 0x00000000d5580000)
  object space 221696K, 41% used [0x0000000080000000,0x00000000859c7850,0x000000008d880000)
 Metaspace       used 94388K, capacity 97536K, committed 97664K, reserved 1134592K
  class space    used 11377K, capacity 11900K, committed 11904K, reserved 1048576K
}
{Heap before GC invocations=201 (full 3):
 PSYoungGen      total 81408K, used 78814K [0x00000000d5580000, 0x00000000daa80000, 0x0000000100000000)
  eden space 75776K, 99% used [0x00000000d5580000,0x00000000d9f7f998,0x00000000d9f80000)
  from space 5632K, 53% used [0x00000000d9f80000,0x00000000da278000,0x00000000da500000)
  to   space 5632K, 0% used [0x00000000da500000,0x00000000da500000,0x00000000daa80000)
 ParOldGen       total 221696K, used 91934K [0x0000000080000000, 0x000000008d880000, 0x00000000d5580000)
  object space 221696K, 41% used [0x0000000080000000,0x00000000859c7850,0x000000008d880000)
 Metaspace       used 94388K, capacity 97536K, committed 97664K, reserved 1134592K
  class space    used 11377K, capacity 11900K, committed 11904K, reserved 1048576K
2023-09-25T01:32:32.904+0600: 1090026.615: [GC (Allocation Failure) [PSYoungGen: 78814K->3424K(81408K)] 170748K->95438K(303104K), 0.0136472 secs] [Times: user=0.02 sys=0.00, real=0.02 secs] 
Heap after GC invocations=201 (full 3):
 PSYoungGen      total 81408K, used 3424K [0x00000000d5580000, 0x00000000daa80000, 0x0000000100000000)
  eden space 75776K, 0% used [0x00000000d5580000,0x00000000d5580000,0x00000000d9f80000)
  from space 5632K, 60% used [0x00000000da500000,0x00000000da858030,0x00000000daa80000)
  to   space 5632K, 0% used [0x00000000d9f80000,0x00000000d9f80000,0x00000000da500000)
 ParOldGen       total 221696K, used 92014K [0x0000000080000000, 0x000000008d880000, 0x00000000d5580000)
  object space 221696K, 41% used [0x0000000080000000,0x00000000859db850,0x000000008d880000)
 Metaspace       used 94388K, capacity 97536K, committed 97664K, reserved 1134592K
  class space    used 11377K, capacity 11900K, committed 11904K, reserved 1048576K
}
{Heap before GC invocations=202 (full 3):
 PSYoungGen      total 81408K, used 79200K [0x00000000d5580000, 0x00000000daa80000, 0x0000000100000000)
  eden space 75776K, 100% used [0x00000000d5580000,0x00000000d9f80000,0x00000000d9f80000)
  from space 5632K, 60% used [0x00000000da500000,0x00000000da858030,0x00000000daa80000)
  to   space 5632K, 0% used [0x00000000d9f80000,0x00000000d9f80000,0x00000000da500000)
 ParOldGen       total 221696K, used 92014K [0x0000000080000000, 0x000000008d880000, 0x00000000d5580000)
  object space 221696K, 41% used [0x0000000080000000,0x00000000859db850,0x000000008d880000)
 Metaspace       used 94388K, capacity 97536K, committed 97664K, reserved 1134592K
  class space    used 11377K, capacity 11900K, committed 11904K, reserved 1048576K
2023-09-25T02:33:25.579+0600: 1093679.290: [GC (Allocation Failure) [PSYoungGen: 79200K->2976K(81408K)] 171214K->95071K(303104K), 0.0169051 secs] [Times: user=0.03 sys=0.00, real=0.02 secs] 
Heap after GC invocations=202 (full 3):
 PSYoungGen      total 81408K, used 2976K [0x00000000d5580000, 0x00000000daa80000, 0x0000000100000000)
  eden space 75776K, 0% used [0x00000000d5580000,0x00000000d5580000,0x00000000d9f80000)
  from space 5632K, 52% used [0x00000000d9f80000,0x00000000da268000,0x00000000da500000)
  to   space 5632K, 0% used [0x00000000da500000,0x00000000da500000,0x00000000daa80000)
 ParOldGen       total 221696K, used 92095K [0x0000000080000000, 0x000000008d880000, 0x00000000d5580000)
  object space 221696K, 41% used [0x0000000080000000,0x00000000859efc20,0x000000008d880000)
 Metaspace       used 94388K, capacity 97536K, committed 97664K, reserved 1134592K
  class space    used 11377K, capacity 11900K, committed 11904K, reserved 1048576K
}
{Heap before GC invocations=203 (full 3):
 PSYoungGen      total 81408K, used 78752K [0x00000000d5580000, 0x00000000daa80000, 0x0000000100000000)
  eden space 75776K, 100% used [0x00000000d5580000,0x00000000d9f80000,0x00000000d9f80000)
  from space 5632K, 52% used [0x00000000d9f80000,0x00000000da268000,0x00000000da500000)
  to   space 5632K, 0% used [0x00000000da500000,0x00000000da500000,0x00000000daa80000)
 ParOldGen       total 221696K, used 92095K [0x0000000080000000, 0x000000008d880000, 0x00000000d5580000)
  object space 221696K, 41% used [0x0000000080000000,0x00000000859efc20,0x000000008d880000)
 Metaspace       used 94388K, capacity 97536K, committed 97664K, reserved 1134592K
  class space    used 11377K, capacity 11900K, committed 11904K, reserved 1048576K
2023-09-25T03:35:35.470+0600: 1097409.180: [GC (Allocation Failure) [PSYoungGen: 78752K->2944K(81408K)] 170847K->95063K(303104K), 0.0155564 secs] [Times: user=0.03 sys=0.00, real=0.01 secs] 
Heap after GC invocations=203 (full 3):
 PSYoungGen      total 81408K, used 2944K [0x00000000d5580000, 0x00000000daa80000, 0x0000000100000000)
  eden space 75776K, 0% used [0x00000000d5580000,0x00000000d5580000,0x00000000d9f80000)
  from space 5632K, 52% used [0x00000000da500000,0x00000000da7e0000,0x00000000daa80000)
  to   space 5632K, 0% used [0x00000000d9f80000,0x00000000d9f80000,0x00000000da500000)
 ParOldGen       total 221696K, used 92119K [0x0000000080000000, 0x000000008d880000, 0x00000000d5580000)
  object space 221696K, 41% used [0x0000000080000000,0x00000000859f5c20,0x000000008d880000)
 Metaspace       used 94388K, capacity 97536K, committed 97664K, reserved 1134592K
  class space    used 11377K, capacity 11900K, committed 11904K, reserved 1048576K
}
{Heap before GC invocations=204 (full 3):
 PSYoungGen      total 81408K, used 78720K [0x00000000d5580000, 0x00000000daa80000, 0x0000000100000000)
  eden space 75776K, 100% used [0x00000000d5580000,0x00000000d9f80000,0x00000000d9f80000)
  from space 5632K, 52% used [0x00000000da500000,0x00000000da7e0000,0x00000000daa80000)
  to   space 5632K, 0% used [0x00000000d9f80000,0x00000000d9f80000,0x00000000da500000)
 ParOldGen       total 221696K, used 92119K [0x0000000080000000, 0x000000008d880000, 0x00000000d5580000)
  object space 221696K, 41% used [0x0000000080000000,0x00000000859f5c20,0x000000008d880000)
 Metaspace       used 94388K, capacity 97536K, committed 97664K, reserved 1134592K
  class space    used 11377K, capacity 11900K, committed 11904K, reserved 1048576K
2023-09-25T04:39:12.353+0600: 1101226.064: [GC (Allocation Failure) [PSYoungGen: 78720K->2880K(81408K)] 170839K->95067K(303104K), 0.0134252 secs] [Times: user=0.02 sys=0.00, real=0.02 secs] 
Heap after GC invocations=204 (full 3):
 PSYoungGen      total 81408K, used 2880K [0x00000000d5580000, 0x00000000daa80000, 0x0000000100000000)
  eden space 75776K, 0% used [0x00000000d5580000,0x00000000d5580000,0x00000000d9f80000)
  from space 5632K, 51% used [0x00000000d9f80000,0x00000000da250000,0x00000000da500000)
  to   space 5632K, 0% used [0x00000000da500000,0x00000000da500000,0x00000000daa80000)
 ParOldGen       total 221696K, used 92187K [0x0000000080000000, 0x000000008d880000, 0x00000000d5580000)
  object space 221696K, 41% used [0x0000000080000000,0x0000000085a06c30,0x000000008d880000)
 Metaspace       used 94388K, capacity 97536K, committed 97664K, reserved 1134592K
  class space    used 11377K, capacity 11900K, committed 11904K, reserved 1048576K
}
{Heap before GC invocations=205 (full 3):
 PSYoungGen      total 81408K, used 78656K [0x00000000d5580000, 0x00000000daa80000, 0x0000000100000000)
  eden space 75776K, 100% used [0x00000000d5580000,0x00000000d9f80000,0x00000000d9f80000)
  from space 5632K, 51% used [0x00000000d9f80000,0x00000000da250000,0x00000000da500000)
  to   space 5632K, 0% used [0x00000000da500000,0x00000000da500000,0x00000000daa80000)
 ParOldGen       total 221696K, used 92187K [0x0000000080000000, 0x000000008d880000, 0x00000000d5580000)
  object space 221696K, 41% used [0x0000000080000000,0x0000000085a06c30,0x000000008d880000)
 Metaspace       used 94388K, capacity 97536K, committed 97664K, reserved 1134592K
  class space    used 11377K, capacity 11900K, committed 11904K, reserved 1048576K
2023-09-25T05:42:51.297+0600: 1105045.008: [GC (Allocation Failure) [PSYoungGen: 78656K->2784K(81920K)] 170843K->95032K(303616K), 0.0155322 secs] [Times: user=0.03 sys=0.00, real=0.01 secs] 
Heap after GC invocations=205 (full 3):
 PSYoungGen      total 81920K, used 2784K [0x00000000d5580000, 0x00000000daa80000, 0x0000000100000000)
  eden space 76288K, 0% used [0x00000000d5580000,0x00000000d5580000,0x00000000da000000)
  from space 5632K, 49% used [0x00000000da500000,0x00000000da7b8000,0x00000000daa80000)
  to   space 5120K, 0% used [0x00000000da000000,0x00000000da000000,0x00000000da500000)
 ParOldGen       total 221696K, used 92248K [0x0000000080000000, 0x000000008d880000, 0x00000000d5580000)
  object space 221696K, 41% used [0x0000000080000000,0x0000000085a16000,0x000000008d880000)
 Metaspace       used 94388K, capacity 97536K, committed 97664K, reserved 1134592K
  class space    used 11377K, capacity 11900K, committed 11904K, reserved 1048576K
}
{Heap before GC invocations=206 (full 3):
 PSYoungGen      total 81920K, used 79064K [0x00000000d5580000, 0x00000000daa80000, 0x0000000100000000)
  eden space 76288K, 99% used [0x00000000d5580000,0x00000000d9ffe190,0x00000000da000000)
  from space 5632K, 49% used [0x00000000da500000,0x00000000da7b8000,0x00000000daa80000)
  to   space 5120K, 0% used [0x00000000da000000,0x00000000da000000,0x00000000da500000)
 ParOldGen       total 221696K, used 92248K [0x0000000080000000, 0x000000008d880000, 0x00000000d5580000)
  object space 221696K, 41% used [0x0000000080000000,0x0000000085a16000,0x000000008d880000)
 Metaspace       used 94388K, capacity 97536K, committed 97664K, reserved 1134592K
  class space    used 11377K, capacity 11900K, committed 11904K, reserved 1048576K
2023-09-25T06:44:52.603+0600: 1108766.314: [GC (Allocation Failure) [PSYoungGen: 79064K->2752K(81408K)] 171312K->95096K(303104K), 0.0099586 secs] [Times: user=0.02 sys=0.00, real=0.01 secs] 
Heap after GC invocations=206 (full 3):
 PSYoungGen      total 81408K, used 2752K [0x00000000d5580000, 0x00000000daa80000, 0x0000000100000000)
  eden space 76288K, 0% used [0x00000000d5580000,0x00000000d5580000,0x00000000da000000)
  from space 5120K, 53% used [0x00000000da000000,0x00000000da2b0000,0x00000000da500000)
  to   space 5120K, 0% used [0x00000000da580000,0x00000000da580000,0x00000000daa80000)
 ParOldGen       total 221696K, used 92344K [0x0000000080000000, 0x000000008d880000, 0x00000000d5580000)
  object space 221696K, 41% used [0x0000000080000000,0x0000000085a2e000,0x000000008d880000)
 Metaspace       used 94388K, capacity 97536K, committed 97664K, reserved 1134592K
  class space    used 11377K, capacity 11900K, committed 11904K, reserved 1048576K
}
{Heap before GC invocations=207 (full 3):
 PSYoungGen      total 81408K, used 79040K [0x00000000d5580000, 0x00000000daa80000, 0x0000000100000000)
  eden space 76288K, 100% used [0x00000000d5580000,0x00000000da000000,0x00000000da000000)
  from space 5120K, 53% used [0x00000000da000000,0x00000000da2b0000,0x00000000da500000)
  to   space 5120K, 0% used [0x00000000da580000,0x00000000da580000,0x00000000daa80000)
 ParOldGen       total 221696K, used 92344K [0x0000000080000000, 0x000000008d880000, 0x00000000d5580000)
  object space 221696K, 41% used [0x0000000080000000,0x0000000085a2e000,0x000000008d880000)
 Metaspace       used 94388K, capacity 97536K, committed 97664K, reserved 1134592K
  class space    used 11377K, capacity 11900K, committed 11904K, reserved 1048576K
2023-09-25T07:47:06.473+0600: 1112500.184: [GC (Allocation Failure) [PSYoungGen: 79040K->2656K(81920K)] 171384K->95096K(303616K), 0.0142597 secs] [Times: user=0.03 sys=0.00, real=0.02 secs] 
Heap after GC invocations=207 (full 3):
 PSYoungGen      total 81920K, used 2656K [0x00000000d5580000, 0x00000000daa80000, 0x0000000100000000)
  eden space 76800K, 0% used [0x00000000d5580000,0x00000000d5580000,0x00000000da080000)
  from space 5120K, 51% used [0x00000000da580000,0x00000000da818000,0x00000000daa80000)
  to   space 5120K, 0% used [0x00000000da080000,0x00000000da080000,0x00000000da580000)
 ParOldGen       total 221696K, used 92440K [0x0000000080000000, 0x000000008d880000, 0x00000000d5580000)
  object space 221696K, 41% used [0x0000000080000000,0x0000000085a46000,0x000000008d880000)
 Metaspace       used 94388K, capacity 97536K, committed 97664K, reserved 1134592K
  class space    used 11377K, capacity 11900K, committed 11904K, reserved 1048576K
}
{Heap before GC invocations=208 (full 3):
 PSYoungGen      total 81920K, used 79456K [0x00000000d5580000, 0x00000000daa80000, 0x0000000100000000)
  eden space 76800K, 100% used [0x00000000d5580000,0x00000000da080000,0x00000000da080000)
  from space 5120K, 51% used [0x00000000da580000,0x00000000da818000,0x00000000daa80000)
  to   space 5120K, 0% used [0x00000000da080000,0x00000000da080000,0x00000000da580000)
 ParOldGen       total 221696K, used 92440K [0x0000000080000000, 0x000000008d880000, 0x00000000d5580000)
  object space 221696K, 41% used [0x0000000080000000,0x0000000085a46000,0x000000008d880000)
 Metaspace       used 94390K, capacity 97536K, committed 97664K, reserved 1134592K
  class space    used 11377K, capacity 11900K, committed 11904K, reserved 1048576K
2023-09-25T08:48:45.741+0600: 1116199.452: [GC (Allocation Failure) [PSYoungGen: 79456K->2592K(81920K)] 171896K->95122K(303616K), 0.0119239 secs] [Times: user=0.02 sys=0.00, real=0.01 secs] 
Heap after GC invocations=208 (full 3):
 PSYoungGen      total 81920K, used 2592K [0x00000000d5580000, 0x00000000daa80000, 0x0000000100000000)
  eden space 76800K, 0% used [0x00000000d5580000,0x00000000d5580000,0x00000000da080000)
  from space 5120K, 50% used [0x00000000da080000,0x00000000da308000,0x00000000da580000)
  to   space 5120K, 0% used [0x00000000da580000,0x00000000da580000,0x00000000daa80000)
 ParOldGen       total 221696K, used 92530K [0x0000000080000000, 0x000000008d880000, 0x00000000d5580000)
  object space 221696K, 41% used [0x0000000080000000,0x0000000085a5ca98,0x000000008d880000)
 Metaspace       used 94390K, capacity 97536K, committed 97664K, reserved 1134592K
  class space    used 11377K, capacity 11900K, committed 11904K, reserved 1048576K
}
{Heap before GC invocations=209 (full 3):
 PSYoungGen      total 81920K, used 79392K [0x00000000d5580000, 0x00000000daa80000, 0x0000000100000000)
  eden space 76800K, 100% used [0x00000000d5580000,0x00000000da080000,0x00000000da080000)
  from space 5120K, 50% used [0x00000000da080000,0x00000000da308000,0x00000000da580000)
  to   space 5120K, 0% used [0x00000000da580000,0x00000000da580000,0x00000000daa80000)
 ParOldGen       total 221696K, used 92530K [0x0000000080000000, 0x000000008d880000, 0x00000000d5580000)
  object space 221696K, 41% used [0x0000000080000000,0x0000000085a5ca98,0x000000008d880000)
 Metaspace       used 94390K, capacity 97536K, committed 97664K, reserved 1134592K
  class space    used 11377K, capacity 11900K, committed 11904K, reserved 1048576K
2023-09-25T09:49:46.644+0600: 1119860.355: [GC (Allocation Failure) [PSYoungGen: 79392K->2400K(81920K)] 171922K->95106K(303616K), 0.0121304 secs] [Times: user=0.02 sys=0.00, real=0.02 secs] 
Heap after GC invocations=209 (full 3):
 PSYoungGen      total 81920K, used 2400K [0x00000000d5580000, 0x00000000daa80000, 0x0000000100000000)
  eden space 76800K, 0% used [0x00000000d5580000,0x00000000d5580000,0x00000000da080000)
  from space 5120K, 46% used [0x00000000da580000,0x00000000da7d8000,0x00000000daa80000)
  to   space 5120K, 0% used [0x00000000da080000,0x00000000da080000,0x00000000da580000)
 ParOldGen       total 221696K, used 92706K [0x0000000080000000, 0x000000008d880000, 0x00000000d5580000)
  object space 221696K, 41% used [0x0000000080000000,0x0000000085a88ab8,0x000000008d880000)
 Metaspace       used 94390K, capacity 97536K, committed 97664K, reserved 1134592K
  class space    used 11377K, capacity 11900K, committed 11904K, reserved 1048576K
}
{Heap before GC invocations=210 (full 3):
 PSYoungGen      total 81920K, used 79200K [0x00000000d5580000, 0x00000000daa80000, 0x0000000100000000)
  eden space 76800K, 100% used [0x00000000d5580000,0x00000000da080000,0x00000000da080000)
  from space 5120K, 46% used [0x00000000da580000,0x00000000da7d8000,0x00000000daa80000)
  to   space 5120K, 0% used [0x00000000da080000,0x00000000da080000,0x00000000da580000)
 ParOldGen       total 221696K, used 92706K [0x0000000080000000, 0x000000008d880000, 0x00000000d5580000)
  object space 221696K, 41% used [0x0000000080000000,0x0000000085a88ab8,0x000000008d880000)
 Metaspace       used 94391K, capacity 97536K, committed 97664K, reserved 1134592K
  class space    used 11377K, capacity 11900K, committed 11904K, reserved 1048576K
2023-09-25T10:24:29.737+0600: 1121943.448: [GC (Allocation Failure) [PSYoungGen: 79200K->4641K(81920K)] 171906K->97383K(303616K), 0.0160839 secs] [Times: user=0.02 sys=0.00, real=0.01 secs] 
Heap after GC invocations=210 (full 3):
 PSYoungGen      total 81920K, used 4641K [0x00000000d5580000, 0x00000000daa80000, 0x0000000100000000)
  eden space 76800K, 0% used [0x00000000d5580000,0x00000000d5580000,0x00000000da080000)
  from space 5120K, 90% used [0x00000000da080000,0x00000000da508780,0x00000000da580000)
  to   space 5120K, 0% used [0x00000000da580000,0x00000000da580000,0x00000000daa80000)
 ParOldGen       total 221696K, used 92741K [0x0000000080000000, 0x000000008d880000, 0x00000000d5580000)
  object space 221696K, 41% used [0x0000000080000000,0x0000000085a91570,0x000000008d880000)
 Metaspace       used 94391K, capacity 97536K, committed 97664K, reserved 1134592K
  class space    used 11377K, capacity 11900K, committed 11904K, reserved 1048576K
}
{Heap before GC invocations=211 (full 3):
 PSYoungGen      total 81920K, used 81441K [0x00000000d5580000, 0x00000000daa80000, 0x0000000100000000)
  eden space 76800K, 100% used [0x00000000d5580000,0x00000000da080000,0x00000000da080000)
  from space 5120K, 90% used [0x00000000da080000,0x00000000da508780,0x00000000da580000)
  to   space 5120K, 0% used [0x00000000da580000,0x00000000da580000,0x00000000daa80000)
 ParOldGen       total 221696K, used 92741K [0x0000000080000000, 0x000000008d880000, 0x00000000d5580000)
  object space 221696K, 41% used [0x0000000080000000,0x0000000085a91570,0x000000008d880000)
 Metaspace       used 94447K, capacity 97626K, committed 97792K, reserved 1134592K
  class space    used 11385K, capacity 11915K, committed 12032K, reserved 1048576K
2023-09-25T11:05:40.366+0600: 1124414.077: [GC (Allocation Failure) [PSYoungGen: 81441K->5010K(80896K)] 174183K->97800K(302592K), 0.0195228 secs] [Times: user=0.03 sys=0.00, real=0.02 secs] 
Heap after GC invocations=211 (full 3):
 PSYoungGen      total 80896K, used 5010K [0x00000000d5580000, 0x00000000dab80000, 0x0000000100000000)
  eden space 75776K, 0% used [0x00000000d5580000,0x00000000d5580000,0x00000000d9f80000)
  from space 5120K, 97% used [0x00000000da580000,0x00000000daa64bb0,0x00000000daa80000)
  to   space 6144K, 0% used [0x00000000d9f80000,0x00000000d9f80000,0x00000000da580000)
 ParOldGen       total 221696K, used 92789K [0x0000000080000000, 0x000000008d880000, 0x00000000d5580000)
  object space 221696K, 41% used [0x0000000080000000,0x0000000085a9d570,0x000000008d880000)
 Metaspace       used 94447K, capacity 97626K, committed 97792K, reserved 1134592K
  class space    used 11385K, capacity 11915K, committed 12032K, reserved 1048576K
}
{Heap before GC invocations=212 (full 3):
 PSYoungGen      total 80896K, used 80786K [0x00000000d5580000, 0x00000000dab80000, 0x0000000100000000)
  eden space 75776K, 100% used [0x00000000d5580000,0x00000000d9f80000,0x00000000d9f80000)
  from space 5120K, 97% used [0x00000000da580000,0x00000000daa64bb0,0x00000000daa80000)
  to   space 6144K, 0% used [0x00000000d9f80000,0x00000000d9f80000,0x00000000da580000)
 ParOldGen       total 221696K, used 92789K [0x0000000080000000, 0x000000008d880000, 0x00000000d5580000)
  object space 221696K, 41% used [0x0000000080000000,0x0000000085a9d570,0x000000008d880000)
 Metaspace       used 94541K, capacity 97750K, committed 98048K, reserved 1134592K
  class space    used 11391K, capacity 11925K, committed 12032K, reserved 1048576K
2023-09-25T11:19:23.564+0600: 1125237.275: [GC (Allocation Failure) [PSYoungGen: 80786K->6117K(80896K)] 173576K->98922K(302592K), 0.0209883 secs] [Times: user=0.04 sys=0.00, real=0.02 secs] 
Heap after GC invocations=212 (full 3):
 PSYoungGen      total 80896K, used 6117K [0x00000000d5580000, 0x00000000dab80000, 0x0000000100000000)
  eden space 74752K, 0% used [0x00000000d5580000,0x00000000d5580000,0x00000000d9e80000)
  from space 6144K, 99% used [0x00000000d9f80000,0x00000000da5794a0,0x00000000da580000)
  to   space 6144K, 0% used [0x00000000da580000,0x00000000da580000,0x00000000dab80000)
 ParOldGen       total 221696K, used 92805K [0x0000000080000000, 0x000000008d880000, 0x00000000d5580000)
  object space 221696K, 41% used [0x0000000080000000,0x0000000085aa1570,0x000000008d880000)
 Metaspace       used 94541K, capacity 97750K, committed 98048K, reserved 1134592K
  class space    used 11391K, capacity 11925K, committed 12032K, reserved 1048576K
}
{Heap before GC invocations=213 (full 3):
 PSYoungGen      total 80896K, used 80868K [0x00000000d5580000, 0x00000000dab80000, 0x0000000100000000)
  eden space 74752K, 99% used [0x00000000d5580000,0x00000000d9e7fea0,0x00000000d9e80000)
  from space 6144K, 99% used [0x00000000d9f80000,0x00000000da5794a0,0x00000000da580000)
  to   space 6144K, 0% used [0x00000000da580000,0x00000000da580000,0x00000000dab80000)
 ParOldGen       total 221696K, used 92805K [0x0000000080000000, 0x000000008d880000, 0x00000000d5580000)
  object space 221696K, 41% used [0x0000000080000000,0x0000000085aa1570,0x000000008d880000)
 Metaspace       used 94561K, capacity 97774K, committed 98048K, reserved 1134592K
  class space    used 11393K, capacity 11929K, committed 12032K, reserved 1048576K
2023-09-25T11:42:33.962+0600: 1126627.673: [GC (Allocation Failure) [PSYoungGen: 80868K->6118K(79872K)] 173674K->99657K(301568K), 0.0163861 secs] [Times: user=0.03 sys=0.00, real=0.02 secs] 
Heap after GC invocations=213 (full 3):
 PSYoungGen      total 79872K, used 6118K [0x00000000d5580000, 0x00000000dac80000, 0x0000000100000000)
  eden space 73728K, 0% used [0x00000000d5580000,0x00000000d5580000,0x00000000d9d80000)
  from space 6144K, 99% used [0x00000000da580000,0x00000000dab79a20,0x00000000dab80000)
  to   space 7680K, 0% used [0x00000000d9d80000,0x00000000d9d80000,0x00000000da500000)
 ParOldGen       total 221696K, used 93539K [0x0000000080000000, 0x000000008d880000, 0x00000000d5580000)
  object space 221696K, 42% used [0x0000000080000000,0x0000000085b58cf8,0x000000008d880000)
 Metaspace       used 94561K, capacity 97774K, committed 98048K, reserved 1134592K
  class space    used 11393K, capacity 11929K, committed 12032K, reserved 1048576K
}
{Heap before GC invocations=214 (full 3):
 PSYoungGen      total 79872K, used 79846K [0x00000000d5580000, 0x00000000dac80000, 0x0000000100000000)
  eden space 73728K, 100% used [0x00000000d5580000,0x00000000d9d80000,0x00000000d9d80000)
  from space 6144K, 99% used [0x00000000da580000,0x00000000dab79a20,0x00000000dab80000)
  to   space 7680K, 0% used [0x00000000d9d80000,0x00000000d9d80000,0x00000000da500000)
 ParOldGen       total 221696K, used 93539K [0x0000000080000000, 0x000000008d880000, 0x00000000d5580000)
  object space 221696K, 42% used [0x0000000080000000,0x0000000085b58cf8,0x000000008d880000)
 Metaspace       used 94569K, capacity 97778K, committed 98048K, reserved 1134592K
  class space    used 11393K, capacity 11929K, committed 12032K, reserved 1048576K
2023-09-25T11:54:17.066+0600: 1127330.777: [GC (Allocation Failure) [PSYoungGen: 79846K->7654K(80384K)] 173385K->101404K(302080K), 0.0187083 secs] [Times: user=0.03 sys=0.00, real=0.01 secs] 
Heap after GC invocations=214 (full 3):
 PSYoungGen      total 80384K, used 7654K [0x00000000d5580000, 0x00000000dad80000, 0x0000000100000000)
  eden space 72704K, 0% used [0x00000000d5580000,0x00000000d5580000,0x00000000d9c80000)
  from space 7680K, 99% used [0x00000000d9d80000,0x00000000da4f9870,0x00000000da500000)
  to   space 8704K, 0% used [0x00000000da500000,0x00000000da500000,0x00000000dad80000)
 ParOldGen       total 221696K, used 93749K [0x0000000080000000, 0x000000008d880000, 0x00000000d5580000)
  object space 221696K, 42% used [0x0000000080000000,0x0000000085b8d790,0x000000008d880000)
 Metaspace       used 94569K, capacity 97778K, committed 98048K, reserved 1134592K
  class space    used 11393K, capacity 11929K, committed 12032K, reserved 1048576K
}
{Heap before GC invocations=215 (full 3):
 PSYoungGen      total 80384K, used 80358K [0x00000000d5580000, 0x00000000dad80000, 0x0000000100000000)
  eden space 72704K, 100% used [0x00000000d5580000,0x00000000d9c80000,0x00000000d9c80000)
  from space 7680K, 99% used [0x00000000d9d80000,0x00000000da4f9870,0x00000000da500000)
  to   space 8704K, 0% used [0x00000000da500000,0x00000000da500000,0x00000000dad80000)
 ParOldGen       total 221696K, used 93749K [0x0000000080000000, 0x000000008d880000, 0x00000000d5580000)
  object space 221696K, 42% used [0x0000000080000000,0x0000000085b8d790,0x000000008d880000)
 Metaspace       used 94655K, capacity 97938K, committed 98048K, reserved 1134592K
  class space    used 11402K, capacity 11945K, committed 12032K, reserved 1048576K
2023-09-25T12:09:51.458+0600: 1128265.169: [GC (Allocation Failure) [PSYoungGen: 80358K->6643K(80384K)] 174108K->100409K(302080K), 0.0135723 secs] [Times: user=0.02 sys=0.00, real=0.01 secs] 
Heap after GC invocations=215 (full 3):
 PSYoungGen      total 80384K, used 6643K [0x00000000d5580000, 0x00000000dad80000, 0x0000000100000000)
  eden space 71680K, 0% used [0x00000000d5580000,0x00000000d5580000,0x00000000d9b80000)
  from space 8704K, 76% used [0x00000000da500000,0x00000000dab7cff0,0x00000000dad80000)
  to   space 9216K, 0% used [0x00000000d9b80000,0x00000000d9b80000,0x00000000da480000)
 ParOldGen       total 221696K, used 93765K [0x0000000080000000, 0x000000008d880000, 0x00000000d5580000)
  object space 221696K, 42% used [0x0000000080000000,0x0000000085b91790,0x000000008d880000)
 Metaspace       used 94655K, capacity 97938K, committed 98048K, reserved 1134592K
  class space    used 11402K, capacity 11945K, committed 12032K, reserved 1048576K
}
{Heap before GC invocations=216 (full 3):
 PSYoungGen      total 80384K, used 78323K [0x00000000d5580000, 0x00000000dad80000, 0x0000000100000000)
  eden space 71680K, 100% used [0x00000000d5580000,0x00000000d9b80000,0x00000000d9b80000)
  from space 8704K, 76% used [0x00000000da500000,0x00000000dab7cff0,0x00000000dad80000)
  to   space 9216K, 0% used [0x00000000d9b80000,0x00000000d9b80000,0x00000000da480000)
 ParOldGen       total 221696K, used 93765K [0x0000000080000000, 0x000000008d880000, 0x00000000d5580000)
  object space 221696K, 42% used [0x0000000080000000,0x0000000085b91790,0x000000008d880000)
 Metaspace       used 94666K, capacity 97938K, committed 98048K, reserved 1134592K
  class space    used 11402K, capacity 11945K, committed 12032K, reserved 1048576K
2023-09-25T12:22:42.322+0600: 1129036.033: [GC (Allocation Failure) [PSYoungGen: 78323K->7925K(78848K)] 172089K->101699K(300544K), 0.0201756 secs] [Times: user=0.04 sys=0.00, real=0.02 secs] 
Heap after GC invocations=216 (full 3):
 PSYoungGen      total 78848K, used 7925K [0x00000000d5580000, 0x00000000dad80000, 0x0000000100000000)
  eden space 70656K, 0% used [0x00000000d5580000,0x00000000d5580000,0x00000000d9a80000)
  from space 8192K, 96% used [0x00000000d9b80000,0x00000000da33d6e0,0x00000000da380000)
  to   space 9728K, 0% used [0x00000000da400000,0x00000000da400000,0x00000000dad80000)
 ParOldGen       total 221696K, used 93773K [0x0000000080000000, 0x000000008d880000, 0x00000000d5580000)
  object space 221696K, 42% used [0x0000000080000000,0x0000000085b93790,0x000000008d880000)
 Metaspace       used 94666K, capacity 97938K, committed 98048K, reserved 1134592K
  class space    used 11402K, capacity 11945K, committed 12032K, reserved 1048576K
}
{Heap before GC invocations=217 (full 3):
 PSYoungGen      total 78848K, used 78581K [0x00000000d5580000, 0x00000000dad80000, 0x0000000100000000)
  eden space 70656K, 100% used [0x00000000d5580000,0x00000000d9a80000,0x00000000d9a80000)
  from space 8192K, 96% used [0x00000000d9b80000,0x00000000da33d6e0,0x00000000da380000)
  to   space 9728K, 0% used [0x00000000da400000,0x00000000da400000,0x00000000dad80000)
 ParOldGen       total 221696K, used 93773K [0x0000000080000000, 0x000000008d880000, 0x00000000d5580000)
  object space 221696K, 42% used [0x0000000080000000,0x0000000085b93790,0x000000008d880000)
 Metaspace       used 94677K, capacity 97938K, committed 98048K, reserved 1134592K
  class space    used 11402K, capacity 11945K, committed 12032K, reserved 1048576K
2023-09-25T12:49:10.926+0600: 1130624.637: [GC (Allocation Failure) [PSYoungGen: 78581K->7814K(79360K)] 172355K->101588K(301056K), 0.0208919 secs] [Times: user=0.04 sys=0.00, real=0.02 secs] 
Heap after GC invocations=217 (full 3):
 PSYoungGen      total 79360K, used 7814K [0x00000000d5580000, 0x00000000dae80000, 0x0000000100000000)
  eden space 69632K, 0% used [0x00000000d5580000,0x00000000d5580000,0x00000000d9980000)
  from space 9728K, 80% used [0x00000000da400000,0x00000000daba1880,0x00000000dad80000)
  to   space 10752K, 0% used [0x00000000d9980000,0x00000000d9980000,0x00000000da400000)
 ParOldGen       total 221696K, used 93773K [0x0000000080000000, 0x000000008d880000, 0x00000000d5580000)
  object space 221696K, 42% used [0x0000000080000000,0x0000000085b93790,0x000000008d880000)
 Metaspace       used 94677K, capacity 97938K, committed 98048K, reserved 1134592K
  class space    used 11402K, capacity 11945K, committed 12032K, reserved 1048576K
}
{Heap before GC invocations=218 (full 3):
 PSYoungGen      total 79360K, used 77444K [0x00000000d5580000, 0x00000000dae80000, 0x0000000100000000)
  eden space 69632K, 99% used [0x00000000d5580000,0x00000000d997fa70,0x00000000d9980000)
  from space 9728K, 80% used [0x00000000da400000,0x00000000daba1880,0x00000000dad80000)
  to   space 10752K, 0% used [0x00000000d9980000,0x00000000d9980000,0x00000000da400000)
 ParOldGen       total 221696K, used 93773K [0x0000000080000000, 0x000000008d880000, 0x00000000d5580000)
  object space 221696K, 42% used [0x0000000080000000,0x0000000085b93790,0x000000008d880000)
 Metaspace       used 94681K, capacity 97938K, committed 98048K, reserved 1134592K
  class space    used 11402K, capacity 11945K, committed 12032K, reserved 1048576K
2023-09-25T13:03:06.033+0600: 1131459.744: [GC (Allocation Failure) [PSYoungGen: 77444K->7639K(76800K)] 171218K->101413K(298496K), 0.0208863 secs] [Times: user=0.03 sys=0.00, real=0.02 secs] 
Heap after GC invocations=218 (full 3):
 PSYoungGen      total 76800K, used 7639K [0x00000000d5580000, 0x00000000dae00000, 0x0000000100000000)
  eden space 69120K, 0% used [0x00000000d5580000,0x00000000d5580000,0x00000000d9900000)
  from space 7680K, 99% used [0x00000000d9980000,0x00000000da0f5f90,0x00000000da100000)
  to   space 10752K, 0% used [0x00000000da380000,0x00000000da380000,0x00000000dae00000)
 ParOldGen       total 221696K, used 93773K [0x0000000080000000, 0x000000008d880000, 0x00000000d5580000)
  object space 221696K, 42% used [0x0000000080000000,0x0000000085b93790,0x000000008d880000)
 Metaspace       used 94681K, capacity 97938K, committed 98048K, reserved 1134592K
  class space    used 11402K, capacity 11945K, committed 12032K, reserved 1048576K
}
{Heap before GC invocations=219 (full 3):
 PSYoungGen      total 76800K, used 76759K [0x00000000d5580000, 0x00000000dae00000, 0x0000000100000000)
  eden space 69120K, 100% used [0x00000000d5580000,0x00000000d9900000,0x00000000d9900000)
  from space 7680K, 99% used [0x00000000d9980000,0x00000000da0f5f90,0x00000000da100000)
  to   space 10752K, 0% used [0x00000000da380000,0x00000000da380000,0x00000000dae00000)
 ParOldGen       total 221696K, used 93773K [0x0000000080000000, 0x000000008d880000, 0x00000000d5580000)
  object space 221696K, 42% used [0x0000000080000000,0x0000000085b93790,0x000000008d880000)
 Metaspace       used 94712K, capacity 97938K, committed 98048K, reserved 1134592K
  class space    used 11403K, capacity 11945K, committed 12032K, reserved 1048576K
2023-09-25T13:18:06.840+0600: 1132360.551: [GC (Allocation Failure) [PSYoungGen: 76759K->7286K(79360K)] 170533K->101060K(301056K), 0.0164683 secs] [Times: user=0.02 sys=0.00, real=0.02 secs] 
Heap after GC invocations=219 (full 3):
 PSYoungGen      total 79360K, used 7286K [0x00000000d5580000, 0x00000000dae80000, 0x0000000100000000)
  eden space 68608K, 0% used [0x00000000d5580000,0x00000000d5580000,0x00000000d9880000)
  from space 10752K, 67% used [0x00000000da380000,0x00000000daa9d9c0,0x00000000dae00000)
  to   space 11264K, 0% used [0x00000000d9880000,0x00000000d9880000,0x00000000da380000)
 ParOldGen       total 221696K, used 93773K [0x0000000080000000, 0x000000008d880000, 0x00000000d5580000)
  object space 221696K, 42% used [0x0000000080000000,0x0000000085b93790,0x000000008d880000)
 Metaspace       used 94712K, capacity 97938K, committed 98048K, reserved 1134592K
  class space    used 11403K, capacity 11945K, committed 12032K, reserved 1048576K
}
{Heap before GC invocations=220 (full 3):
 PSYoungGen      total 79360K, used 75886K [0x00000000d5580000, 0x00000000dae80000, 0x0000000100000000)
  eden space 68608K, 99% used [0x00000000d5580000,0x00000000d987e018,0x00000000d9880000)
  from space 10752K, 67% used [0x00000000da380000,0x00000000daa9d9c0,0x00000000dae00000)
  to   space 11264K, 0% used [0x00000000d9880000,0x00000000d9880000,0x00000000da380000)
 ParOldGen       total 221696K, used 93773K [0x0000000080000000, 0x000000008d880000, 0x00000000d5580000)
  object space 221696K, 42% used [0x0000000080000000,0x0000000085b93790,0x000000008d880000)
 Metaspace       used 94716K, capacity 97938K, committed 98048K, reserved 1134592K
  class space    used 11403K, capacity 11945K, committed 12032K, reserved 1048576K
2023-09-25T13:39:05.300+0600: 1133619.011: [GC (Allocation Failure) [PSYoungGen: 75886K->7446K(75776K)] 169660K->101220K(297472K), 0.0210563 secs] [Times: user=0.03 sys=0.00, real=0.02 secs] 
Heap after GC invocations=220 (full 3):
 PSYoungGen      total 75776K, used 7446K [0x00000000d5580000, 0x00000000dae00000, 0x0000000100000000)
  eden space 68096K, 0% used [0x00000000d5580000,0x00000000d5580000,0x00000000d9800000)
  from space 7680K, 96% used [0x00000000d9880000,0x00000000d9fc5960,0x00000000da000000)
  to   space 11264K, 0% used [0x00000000da300000,0x00000000da300000,0x00000000dae00000)
 ParOldGen       total 221696K, used 93773K [0x0000000080000000, 0x000000008d880000, 0x00000000d5580000)
  object space 221696K, 42% used [0x0000000080000000,0x0000000085b93790,0x000000008d880000)
 Metaspace       used 94716K, capacity 97938K, committed 98048K, reserved 1134592K
  class space    used 11403K, capacity 11945K, committed 12032K, reserved 1048576K
}
{Heap before GC invocations=221 (full 3):
 PSYoungGen      total 75776K, used 75540K [0x00000000d5580000, 0x00000000dae00000, 0x0000000100000000)
  eden space 68096K, 99% used [0x00000000d5580000,0x00000000d97ffa98,0x00000000d9800000)
  from space 7680K, 96% used [0x00000000d9880000,0x00000000d9fc5960,0x00000000da000000)
  to   space 11264K, 0% used [0x00000000da300000,0x00000000da300000,0x00000000dae00000)
 ParOldGen       total 221696K, used 93773K [0x0000000080000000, 0x000000008d880000, 0x00000000d5580000)
  object space 221696K, 42% used [0x0000000080000000,0x0000000085b93790,0x000000008d880000)
 Metaspace       used 94724K, capacity 97938K, committed 98048K, reserved 1134592K
  class space    used 11404K, capacity 11945K, committed 12032K, reserved 1048576K
2023-09-25T13:53:24.289+0600: 1134478.000: [GC (Allocation Failure) [PSYoungGen: 75540K->7877K(78336K)] 169314K->101651K(300032K), 0.0118786 secs] [Times: user=0.02 sys=0.00, real=0.01 secs] 
Heap after GC invocations=221 (full 3):
 PSYoungGen      total 78336K, used 7877K [0x00000000d5580000, 0x00000000dad80000, 0x0000000100000000)
  eden space 67584K, 0% used [0x00000000d5580000,0x00000000d5580000,0x00000000d9780000)
  from space 10752K, 73% used [0x00000000da300000,0x00000000daab1580,0x00000000dad80000)
  to   space 11264K, 0% used [0x00000000d9780000,0x00000000d9780000,0x00000000da280000)
 ParOldGen       total 221696K, used 93773K [0x0000000080000000, 0x000000008d880000, 0x00000000d5580000)
  object space 221696K, 42% used [0x0000000080000000,0x0000000085b93790,0x000000008d880000)
 Metaspace       used 94724K, capacity 97938K, committed 98048K, reserved 1134592K
  class space    used 11404K, capacity 11945K, committed 12032K, reserved 1048576K
}
{Heap before GC invocations=222 (full 3):
 PSYoungGen      total 78336K, used 75461K [0x00000000d5580000, 0x00000000dad80000, 0x0000000100000000)
  eden space 67584K, 100% used [0x00000000d5580000,0x00000000d9780000,0x00000000d9780000)
  from space 10752K, 73% used [0x00000000da300000,0x00000000daab1580,0x00000000dad80000)
  to   space 11264K, 0% used [0x00000000d9780000,0x00000000d9780000,0x00000000da280000)
 ParOldGen       total 221696K, used 93773K [0x0000000080000000, 0x000000008d880000, 0x00000000d5580000)
  object space 221696K, 42% used [0x0000000080000000,0x0000000085b93790,0x000000008d880000)
 Metaspace       used 94736K, capacity 98002K, committed 98304K, reserved 1136640K
  class space    used 11404K, capacity 11945K, committed 12032K, reserved 1048576K
2023-09-25T14:04:28.947+0600: 1135142.658: [GC (Allocation Failure) [PSYoungGen: 75461K->6469K(73728K)] 169235K->100243K(295424K), 0.0203553 secs] [Times: user=0.04 sys=0.00, real=0.02 secs] 
Heap after GC invocations=222 (full 3):
 PSYoungGen      total 73728K, used 6469K [0x00000000d5580000, 0x00000000dad00000, 0x0000000100000000)
  eden space 67072K, 0% used [0x00000000d5580000,0x00000000d5580000,0x00000000d9700000)
  from space 6656K, 97% used [0x00000000d9780000,0x00000000d9dd1720,0x00000000d9e00000)
  to   space 11264K, 0% used [0x00000000da200000,0x00000000da200000,0x00000000dad00000)
 ParOldGen       total 221696K, used 93773K [0x0000000080000000, 0x000000008d880000, 0x00000000d5580000)
  object space 221696K, 42% used [0x0000000080000000,0x0000000085b93790,0x000000008d880000)
 Metaspace       used 94736K, capacity 98002K, committed 98304K, reserved 1136640K
  class space    used 11404K, capacity 11945K, committed 12032K, reserved 1048576K
}
{Heap before GC invocations=223 (full 3):
 PSYoungGen      total 73728K, used 73538K [0x00000000d5580000, 0x00000000dad00000, 0x0000000100000000)
  eden space 67072K, 99% used [0x00000000d5580000,0x00000000d96ff238,0x00000000d9700000)
  from space 6656K, 97% used [0x00000000d9780000,0x00000000d9dd1720,0x00000000d9e00000)
  to   space 11264K, 0% used [0x00000000da200000,0x00000000da200000,0x00000000dad00000)
 ParOldGen       total 221696K, used 93773K [0x0000000080000000, 0x000000008d880000, 0x00000000d5580000)
  object space 221696K, 42% used [0x0000000080000000,0x0000000085b93790,0x000000008d880000)
 Metaspace       used 94739K, capacity 98002K, committed 98304K, reserved 1136640K
  class space    used 11404K, capacity 11945K, committed 12032K, reserved 1048576K
2023-09-25T14:24:06.451+0600: 1136320.162: [GC (Allocation Failure) [PSYoungGen: 73538K->7751K(77312K)] 167312K->101532K(299008K), 0.0194176 secs] [Times: user=0.04 sys=0.00, real=0.02 secs] 
Heap after GC invocations=223 (full 3):
 PSYoungGen      total 77312K, used 7751K [0x00000000d5580000, 0x00000000dac80000, 0x0000000100000000)
  eden space 66560K, 0% used [0x00000000d5580000,0x00000000d5580000,0x00000000d9680000)
  from space 10752K, 72% used [0x00000000da200000,0x00000000da991c00,0x00000000dac80000)
  to   space 11264K, 0% used [0x00000000d9680000,0x00000000d9680000,0x00000000da180000)
 ParOldGen       total 221696K, used 93781K [0x0000000080000000, 0x000000008d880000, 0x00000000d5580000)
  object space 221696K, 42% used [0x0000000080000000,0x0000000085b95790,0x000000008d880000)
 Metaspace       used 94739K, capacity 98002K, committed 98304K, reserved 1136640K
  class space    used 11404K, capacity 11945K, committed 12032K, reserved 1048576K
}
{Heap before GC invocations=224 (full 3):
 PSYoungGen      total 77312K, used 74305K [0x00000000d5580000, 0x00000000dac80000, 0x0000000100000000)
  eden space 66560K, 99% used [0x00000000d5580000,0x00000000d967e940,0x00000000d9680000)
  from space 10752K, 72% used [0x00000000da200000,0x00000000da991c00,0x00000000dac80000)
  to   space 11264K, 0% used [0x00000000d9680000,0x00000000d9680000,0x00000000da180000)
 ParOldGen       total 221696K, used 93781K [0x0000000080000000, 0x000000008d880000, 0x00000000d5580000)
  object space 221696K, 42% used [0x0000000080000000,0x0000000085b95790,0x000000008d880000)
 Metaspace       used 94744K, capacity 98002K, committed 98304K, reserved 1136640K
  class space    used 11404K, capacity 11945K, committed 12032K, reserved 1048576K
2023-09-25T14:48:17.159+0600: 1137770.870: [GC (Allocation Failure) [PSYoungGen: 74305K->7220K(73728K)] 168087K->101002K(295424K), 0.0161804 secs] [Times: user=0.03 sys=0.00, real=0.01 secs] 
Heap after GC invocations=224 (full 3):
 PSYoungGen      total 73728K, used 7220K [0x00000000d5580000, 0x00000000dac00000, 0x0000000100000000)
  eden space 66048K, 0% used [0x00000000d5580000,0x00000000d5580000,0x00000000d9600000)
  from space 7680K, 94% used [0x00000000d9680000,0x00000000d9d8d3c0,0x00000000d9e00000)
  to   space 11264K, 0% used [0x00000000da100000,0x00000000da100000,0x00000000dac00000)
 ParOldGen       total 221696K, used 93781K [0x0000000080000000, 0x000000008d880000, 0x00000000d5580000)
  object space 221696K, 42% used [0x0000000080000000,0x0000000085b95790,0x000000008d880000)
 Metaspace       used 94744K, capacity 98002K, committed 98304K, reserved 1136640K
  class space    used 11404K, capacity 11945K, committed 12032K, reserved 1048576K
}
{Heap before GC invocations=225 (full 3):
 PSYoungGen      total 73728K, used 73268K [0x00000000d5580000, 0x00000000dac00000, 0x0000000100000000)
  eden space 66048K, 100% used [0x00000000d5580000,0x00000000d9600000,0x00000000d9600000)
  from space 7680K, 94% used [0x00000000d9680000,0x00000000d9d8d3c0,0x00000000d9e00000)
  to   space 11264K, 0% used [0x00000000da100000,0x00000000da100000,0x00000000dac00000)
 ParOldGen       total 221696K, used 93781K [0x0000000080000000, 0x000000008d880000, 0x00000000d5580000)
  object space 221696K, 42% used [0x0000000080000000,0x0000000085b95790,0x000000008d880000)
 Metaspace       used 94771K, capacity 98020K, committed 98304K, reserved 1136640K
  class space    used 11405K, capacity 11948K, committed 12032K, reserved 1048576K
2023-09-25T15:06:42.684+0600: 1138876.395: [GC (Allocation Failure) [PSYoungGen: 73268K->7623K(76288K)] 167050K->101477K(297984K), 0.0184573 secs] [Times: user=0.03 sys=0.00, real=0.02 secs] 
Heap after GC invocations=225 (full 3):
 PSYoungGen      total 76288K, used 7623K [0x00000000d5580000, 0x00000000dab80000, 0x0000000100000000)
  eden space 65536K, 0% used [0x00000000d5580000,0x00000000d5580000,0x00000000d9580000)
  from space 10752K, 70% used [0x00000000da100000,0x00000000da871fd8,0x00000000dab80000)
  to   space 11264K, 0% used [0x00000000d9580000,0x00000000d9580000,0x00000000da080000)
 ParOldGen       total 221696K, used 93853K [0x0000000080000000, 0x000000008d880000, 0x00000000d5580000)
  object space 221696K, 42% used [0x0000000080000000,0x0000000085ba7790,0x000000008d880000)
 Metaspace       used 94771K, capacity 98020K, committed 98304K, reserved 1136640K
  class space    used 11405K, capacity 11948K, committed 12032K, reserved 1048576K
}
{Heap before GC invocations=226 (full 3):
 PSYoungGen      total 76288K, used 73159K [0x00000000d5580000, 0x00000000dab80000, 0x0000000100000000)
  eden space 65536K, 100% used [0x00000000d5580000,0x00000000d9580000,0x00000000d9580000)
  from space 10752K, 70% used [0x00000000da100000,0x00000000da871fd8,0x00000000dab80000)
  to   space 11264K, 0% used [0x00000000d9580000,0x00000000d9580000,0x00000000da080000)
 ParOldGen       total 221696K, used 93853K [0x0000000080000000, 0x000000008d880000, 0x00000000d5580000)
  object space 221696K, 42% used [0x0000000080000000,0x0000000085ba7790,0x000000008d880000)
 Metaspace       used 94773K, capacity 98020K, committed 98304K, reserved 1136640K
  class space    used 11405K, capacity 11948K, committed 12032K, reserved 1048576K
2023-09-25T15:29:28.524+0600: 1140242.235: [GC (Allocation Failure) [PSYoungGen: 73159K->6818K(72704K)] 167013K->100848K(294400K), 0.0212868 secs] [Times: user=0.03 sys=0.00, real=0.03 secs] 
Heap after GC invocations=226 (full 3):
 PSYoungGen      total 72704K, used 6818K [0x00000000d5580000, 0x00000000daa80000, 0x0000000100000000)
  eden space 65536K, 0% used [0x00000000d5580000,0x00000000d5580000,0x00000000d9580000)
  from space 7168K, 95% used [0x00000000d9580000,0x00000000d9c289c8,0x00000000d9c80000)
  to   space 10752K, 0% used [0x00000000da000000,0x00000000da000000,0x00000000daa80000)
 ParOldGen       total 221696K, used 94029K [0x0000000080000000, 0x000000008d880000, 0x00000000d5580000)
  object space 221696K, 42% used [0x0000000080000000,0x0000000085bd3790,0x000000008d880000)
 Metaspace       used 94773K, capacity 98020K, committed 98304K, reserved 1136640K
  class space    used 11405K, capacity 11948K, committed 12032K, reserved 1048576K
}
{Heap before GC invocations=227 (full 3):
 PSYoungGen      total 72704K, used 72346K [0x00000000d5580000, 0x00000000daa80000, 0x0000000100000000)
  eden space 65536K, 99% used [0x00000000d5580000,0x00000000d957def8,0x00000000d9580000)
  from space 7168K, 95% used [0x00000000d9580000,0x00000000d9c289c8,0x00000000d9c80000)
  to   space 10752K, 0% used [0x00000000da000000,0x00000000da000000,0x00000000daa80000)
 ParOldGen       total 221696K, used 94029K [0x0000000080000000, 0x000000008d880000, 0x00000000d5580000)
  object space 221696K, 42% used [0x0000000080000000,0x0000000085bd3790,0x000000008d880000)
 Metaspace       used 94782K, capacity 98020K, committed 98304K, reserved 1136640K
  class space    used 11406K, capacity 11948K, committed 12032K, reserved 1048576K
2023-09-25T15:51:12.903+0600: 1141546.613: [GC (Allocation Failure) [PSYoungGen: 72346K->6754K(76800K)] 166376K->100972K(298496K), 0.0127748 secs] [Times: user=0.02 sys=0.00, real=0.01 secs] 
Heap after GC invocations=227 (full 3):
 PSYoungGen      total 76800K, used 6754K [0x00000000d5580000, 0x00000000daa80000, 0x0000000100000000)
  eden space 66048K, 0% used [0x00000000d5580000,0x00000000d5580000,0x00000000d9600000)
  from space 10752K, 62% used [0x00000000da000000,0x00000000da698ad0,0x00000000daa80000)
  to   space 10240K, 0% used [0x00000000d9600000,0x00000000d9600000,0x00000000da000000)
 ParOldGen       total 221696K, used 94217K [0x0000000080000000, 0x000000008d880000, 0x00000000d5580000)
  object space 221696K, 42% used [0x0000000080000000,0x0000000085c026e8,0x000000008d880000)
 Metaspace       used 94782K, capacity 98020K, committed 98304K, reserved 1136640K
  class space    used 11406K, capacity 11948K, committed 12032K, reserved 1048576K
}
{Heap before GC invocations=228 (full 3):
 PSYoungGen      total 76800K, used 72802K [0x00000000d5580000, 0x00000000daa80000, 0x0000000100000000)
  eden space 66048K, 99% used [0x00000000d5580000,0x00000000d95fffa0,0x00000000d9600000)
  from space 10752K, 62% used [0x00000000da000000,0x00000000da698ad0,0x00000000daa80000)
  to   space 10240K, 0% used [0x00000000d9600000,0x00000000d9600000,0x00000000da000000)
 ParOldGen       total 221696K, used 94217K [0x0000000080000000, 0x000000008d880000, 0x00000000d5580000)
  object space 221696K, 42% used [0x0000000080000000,0x0000000085c026e8,0x000000008d880000)
 Metaspace       used 94784K, capacity 98020K, committed 98304K, reserved 1136640K
  class space    used 11406K, capacity 11948K, committed 12032K, reserved 1048576K
2023-09-25T16:14:46.122+0600: 1142959.833: [GC (Allocation Failure) [PSYoungGen: 72802K->6483K(76288K)] 167020K->100781K(297984K), 0.0215855 secs] [Times: user=0.04 sys=0.00, real=0.02 secs] 
Heap after GC invocations=228 (full 3):
 PSYoungGen      total 76288K, used 6483K [0x00000000d5580000, 0x00000000daa80000, 0x0000000100000000)
  eden space 66048K, 0% used [0x00000000d5580000,0x00000000d5580000,0x00000000d9600000)
  from space 10240K, 63% used [0x00000000d9600000,0x00000000d9c54e18,0x00000000da000000)
  to   space 10240K, 0% used [0x00000000da080000,0x00000000da080000,0x00000000daa80000)
 ParOldGen       total 221696K, used 94297K [0x0000000080000000, 0x000000008d880000, 0x00000000d5580000)
  object space 221696K, 42% used [0x0000000080000000,0x0000000085c166e8,0x000000008d880000)
 Metaspace       used 94784K, capacity 98020K, committed 98304K, reserved 1136640K
  class space    used 11406K, capacity 11948K, committed 12032K, reserved 1048576K
}
{Heap before GC invocations=229 (full 3):
 PSYoungGen      total 76288K, used 72531K [0x00000000d5580000, 0x00000000daa80000, 0x0000000100000000)
  eden space 66048K, 100% used [0x00000000d5580000,0x00000000d9600000,0x00000000d9600000)
  from space 10240K, 63% used [0x00000000d9600000,0x00000000d9c54e18,0x00000000da000000)
  to   space 10240K, 0% used [0x00000000da080000,0x00000000da080000,0x00000000daa80000)
 ParOldGen       total 221696K, used 94297K [0x0000000080000000, 0x000000008d880000, 0x00000000d5580000)
  object space 221696K, 42% used [0x0000000080000000,0x0000000085c166e8,0x000000008d880000)
 Metaspace       used 94804K, capacity 98026K, committed 98304K, reserved 1136640K
  class space    used 11407K, capacity 11949K, committed 12032K, reserved 1048576K
2023-09-25T16:36:22.784+0600: 1144256.495: [GC (Allocation Failure) [PSYoungGen: 72531K->6275K(77312K)] 166829K->100693K(299008K), 0.0176690 secs] [Times: user=0.03 sys=0.00, real=0.02 secs] 
Heap after GC invocations=229 (full 3):
 PSYoungGen      total 77312K, used 6275K [0x00000000d5580000, 0x00000000daa80000, 0x0000000100000000)
  eden space 67072K, 0% used [0x00000000d5580000,0x00000000d5580000,0x00000000d9700000)
  from space 10240K, 61% used [0x00000000da080000,0x00000000da6a0df8,0x00000000daa80000)
  to   space 9728K, 0% used [0x00000000d9700000,0x00000000d9700000,0x00000000da080000)
 ParOldGen       total 221696K, used 94417K [0x0000000080000000, 0x000000008d880000, 0x00000000d5580000)
  object space 221696K, 42% used [0x0000000080000000,0x0000000085c346f8,0x000000008d880000)
 Metaspace       used 94804K, capacity 98026K, committed 98304K, reserved 1136640K
  class space    used 11407K, capacity 11949K, committed 12032K, reserved 1048576K
}
{Heap before GC invocations=230 (full 3):
 PSYoungGen      total 77312K, used 73347K [0x00000000d5580000, 0x00000000daa80000, 0x0000000100000000)
  eden space 67072K, 100% used [0x00000000d5580000,0x00000000d9700000,0x00000000d9700000)
  from space 10240K, 61% used [0x00000000da080000,0x00000000da6a0df8,0x00000000daa80000)
  to   space 9728K, 0% used [0x00000000d9700000,0x00000000d9700000,0x00000000da080000)
 ParOldGen       total 221696K, used 94417K [0x0000000080000000, 0x000000008d880000, 0x00000000d5580000)
  object space 221696K, 42% used [0x0000000080000000,0x0000000085c346f8,0x000000008d880000)
 Metaspace       used 94808K, capacity 98026K, committed 98304K, reserved 1136640K
  class space    used 11407K, capacity 11949K, committed 12032K, reserved 1048576K
2023-09-25T17:05:07.827+0600: 1145981.538: [GC (Allocation Failure) [PSYoungGen: 73347K->6114K(76800K)] 167765K->100604K(298496K), 0.0204090 secs] [Times: user=0.04 sys=0.00, real=0.02 secs] 
Heap after GC invocations=230 (full 3):
 PSYoungGen      total 76800K, used 6114K [0x00000000d5580000, 0x00000000daa80000, 0x0000000100000000)
  eden space 67072K, 0% used [0x00000000d5580000,0x00000000d5580000,0x00000000d9700000)
  from space 9728K, 62% used [0x00000000d9700000,0x00000000d9cf89d8,0x00000000da080000)
  to   space 9728K, 0% used [0x00000000da100000,0x00000000da100000,0x00000000daa80000)
 ParOldGen       total 221696K, used 94489K [0x0000000080000000, 0x000000008d880000, 0x00000000d5580000)
  object space 221696K, 42% used [0x0000000080000000,0x0000000085c466f8,0x000000008d880000)
 Metaspace       used 94808K, capacity 98026K, committed 98304K, reserved 1136640K
  class space    used 11407K, capacity 11949K, committed 12032K, reserved 1048576K
}
{Heap before GC invocations=231 (full 3):
 PSYoungGen      total 76800K, used 73186K [0x00000000d5580000, 0x00000000daa80000, 0x0000000100000000)
  eden space 67072K, 100% used [0x00000000d5580000,0x00000000d9700000,0x00000000d9700000)
  from space 9728K, 62% used [0x00000000d9700000,0x00000000d9cf89d8,0x00000000da080000)
  to   space 9728K, 0% used [0x00000000da100000,0x00000000da100000,0x00000000daa80000)
 ParOldGen       total 221696K, used 94489K [0x0000000080000000, 0x000000008d880000, 0x00000000d5580000)
  object space 221696K, 42% used [0x0000000080000000,0x0000000085c466f8,0x000000008d880000)
 Metaspace       used 94810K, capacity 98026K, committed 98304K, reserved 1136640K
  class space    used 11407K, capacity 11949K, committed 12032K, reserved 1048576K
2023-09-25T17:41:16.958+0600: 1148150.669: [GC (Allocation Failure) [PSYoungGen: 73186K->5715K(77824K)] 167676K->100229K(299520K), 0.0200942 secs] [Times: user=0.04 sys=0.00, real=0.02 secs] 
Heap after GC invocations=231 (full 3):
 PSYoungGen      total 77824K, used 5715K [0x00000000d5580000, 0x00000000daa80000, 0x0000000100000000)
  eden space 68096K, 0% used [0x00000000d5580000,0x00000000d5580000,0x00000000d9800000)
  from space 9728K, 58% used [0x00000000da100000,0x00000000da694de0,0x00000000daa80000)
  to   space 9216K, 0% used [0x00000000d9800000,0x00000000d9800000,0x00000000da100000)
 ParOldGen       total 221696K, used 94513K [0x0000000080000000, 0x000000008d880000, 0x00000000d5580000)
  object space 221696K, 42% used [0x0000000080000000,0x0000000085c4c6f8,0x000000008d880000)
 Metaspace       used 94810K, capacity 98026K, committed 98304K, reserved 1136640K
  class space    used 11407K, capacity 11949K, committed 12032K, reserved 1048576K
}
{Heap before GC invocations=232 (full 3):
 PSYoungGen      total 77824K, used 73811K [0x00000000d5580000, 0x00000000daa80000, 0x0000000100000000)
  eden space 68096K, 100% used [0x00000000d5580000,0x00000000d9800000,0x00000000d9800000)
  from space 9728K, 58% used [0x00000000da100000,0x00000000da694de0,0x00000000daa80000)
  to   space 9216K, 0% used [0x00000000d9800000,0x00000000d9800000,0x00000000da100000)
 ParOldGen       total 221696K, used 94513K [0x0000000080000000, 0x000000008d880000, 0x00000000d5580000)
  object space 221696K, 42% used [0x0000000080000000,0x0000000085c4c6f8,0x000000008d880000)
 Metaspace       used 94810K, capacity 98026K, committed 98304K, reserved 1136640K
  class space    used 11407K, capacity 11949K, committed 12032K, reserved 1048576K
2023-09-25T18:04:13.003+0600: 1149526.714: [GC (Allocation Failure) [PSYoungGen: 73811K->6146K(77312K)] 168325K->100700K(299008K), 0.0204686 secs] [Times: user=0.03 sys=0.00, real=0.02 secs] 
Heap after GC invocations=232 (full 3):
 PSYoungGen      total 77312K, used 6146K [0x00000000d5580000, 0x00000000daa80000, 0x0000000100000000)
  eden space 68096K, 0% used [0x00000000d5580000,0x00000000d5580000,0x00000000d9800000)
  from space 9216K, 66% used [0x00000000d9800000,0x00000000d9e009a0,0x00000000da100000)
  to   space 9216K, 0% used [0x00000000da180000,0x00000000da180000,0x00000000daa80000)
 ParOldGen       total 221696K, used 94553K [0x0000000080000000, 0x000000008d880000, 0x00000000d5580000)
  object space 221696K, 42% used [0x0000000080000000,0x0000000085c566f8,0x000000008d880000)
 Metaspace       used 94810K, capacity 98026K, committed 98304K, reserved 1136640K
  class space    used 11407K, capacity 11949K, committed 12032K, reserved 1048576K
}
{Heap before GC invocations=233 (full 3):
 PSYoungGen      total 77312K, used 74242K [0x00000000d5580000, 0x00000000daa80000, 0x0000000100000000)
  eden space 68096K, 100% used [0x00000000d5580000,0x00000000d9800000,0x00000000d9800000)
  from space 9216K, 66% used [0x00000000d9800000,0x00000000d9e009a0,0x00000000da100000)
  to   space 9216K, 0% used [0x00000000da180000,0x00000000da180000,0x00000000daa80000)
 ParOldGen       total 221696K, used 94553K [0x0000000080000000, 0x000000008d880000, 0x00000000d5580000)
  object space 221696K, 42% used [0x0000000080000000,0x0000000085c566f8,0x000000008d880000)
 Metaspace       used 94815K, capacity 98090K, committed 98304K, reserved 1136640K
  class space    used 11407K, capacity 11949K, committed 12032K, reserved 1048576K
2023-09-25T18:24:00.496+0600: 1150714.207: [GC (Allocation Failure) [PSYoungGen: 74242K->6705K(77824K)] 168796K->101283K(299520K), 0.0218768 secs] [Times: user=0.04 sys=0.00, real=0.02 secs] 
Heap after GC invocations=233 (full 3):
 PSYoungGen      total 77824K, used 6705K [0x00000000d5580000, 0x00000000daa80000, 0x0000000100000000)
  eden space 68608K, 0% used [0x00000000d5580000,0x00000000d5580000,0x00000000d9880000)
  from space 9216K, 72% used [0x00000000da180000,0x00000000da80c570,0x00000000daa80000)
  to   space 9216K, 0% used [0x00000000d9880000,0x00000000d9880000,0x00000000da180000)
 ParOldGen       total 221696K, used 94577K [0x0000000080000000, 0x000000008d880000, 0x00000000d5580000)
  object space 221696K, 42% used [0x0000000080000000,0x0000000085c5c6f8,0x000000008d880000)
 Metaspace       used 94815K, capacity 98090K, committed 98304K, reserved 1136640K
  class space    used 11407K, capacity 11949K, committed 12032K, reserved 1048576K
}
{Heap before GC invocations=234 (full 3):
 PSYoungGen      total 77824K, used 75313K [0x00000000d5580000, 0x00000000daa80000, 0x0000000100000000)
  eden space 68608K, 100% used [0x00000000d5580000,0x00000000d9880000,0x00000000d9880000)
  from space 9216K, 72% used [0x00000000da180000,0x00000000da80c570,0x00000000daa80000)
  to   space 9216K, 0% used [0x00000000d9880000,0x00000000d9880000,0x00000000da180000)
 ParOldGen       total 221696K, used 94577K [0x0000000080000000, 0x000000008d880000, 0x00000000d5580000)
  object space 221696K, 42% used [0x0000000080000000,0x0000000085c5c6f8,0x000000008d880000)
 Metaspace       used 94818K, capacity 98090K, committed 98304K, reserved 1136640K
  class space    used 11407K, capacity 11949K, committed 12032K, reserved 1048576K
2023-09-25T18:53:10.290+0600: 1152464.001: [GC (Allocation Failure) [PSYoungGen: 75313K->5696K(77824K)] 169891K->100305K(299520K), 0.0172094 secs] [Times: user=0.03 sys=0.00, real=0.02 secs] 
Heap after GC invocations=234 (full 3):
 PSYoungGen      total 77824K, used 5696K [0x00000000d5580000, 0x00000000daa80000, 0x0000000100000000)
  eden space 68608K, 0% used [0x00000000d5580000,0x00000000d5580000,0x00000000d9880000)
  from space 9216K, 61% used [0x00000000d9880000,0x00000000d9e100a0,0x00000000da180000)
  to   space 8704K, 0% used [0x00000000da200000,0x00000000da200000,0x00000000daa80000)
 ParOldGen       total 221696K, used 94609K [0x0000000080000000, 0x000000008d880000, 0x00000000d5580000)
  object space 221696K, 42% used [0x0000000080000000,0x0000000085c646f8,0x000000008d880000)
 Metaspace       used 94818K, capacity 98090K, committed 98304K, reserved 1136640K
  class space    used 11407K, capacity 11949K, committed 12032K, reserved 1048576K
}
{Heap before GC invocations=235 (full 3):
 PSYoungGen      total 77824K, used 74304K [0x00000000d5580000, 0x00000000daa80000, 0x0000000100000000)
  eden space 68608K, 100% used [0x00000000d5580000,0x00000000d9880000,0x00000000d9880000)
  from space 9216K, 61% used [0x00000000d9880000,0x00000000d9e100a0,0x00000000da180000)
  to   space 8704K, 0% used [0x00000000da200000,0x00000000da200000,0x00000000daa80000)
 ParOldGen       total 221696K, used 94609K [0x0000000080000000, 0x000000008d880000, 0x00000000d5580000)
  object space 221696K, 42% used [0x0000000080000000,0x0000000085c646f8,0x000000008d880000)
 Metaspace       used 94819K, capacity 98090K, committed 98304K, reserved 1136640K
  class space    used 11407K, capacity 11949K, committed 12032K, reserved 1048576K
2023-09-25T19:34:43.812+0600: 1154957.523: [GC (Allocation Failure) [PSYoungGen: 74304K->4641K(77312K)] 168913K->99267K(299008K), 0.0180580 secs] [Times: user=0.03 sys=0.00, real=0.02 secs] 
Heap after GC invocations=235 (full 3):
 PSYoungGen      total 77312K, used 4641K [0x00000000d5580000, 0x00000000daa80000, 0x0000000100000000)
  eden space 68608K, 0% used [0x00000000d5580000,0x00000000d5580000,0x00000000d9880000)
  from space 8704K, 53% used [0x00000000da200000,0x00000000da6886f0,0x00000000daa80000)
  to   space 9216K, 0% used [0x00000000d9880000,0x00000000d9880000,0x00000000da180000)
 ParOldGen       total 221696K, used 94625K [0x0000000080000000, 0x000000008d880000, 0x00000000d5580000)
  object space 221696K, 42% used [0x0000000080000000,0x0000000085c686f8,0x000000008d880000)
 Metaspace       used 94819K, capacity 98090K, committed 98304K, reserved 1136640K
  class space    used 11407K, capacity 11949K, committed 12032K, reserved 1048576K
}
{Heap before GC invocations=236 (full 3):
 PSYoungGen      total 77312K, used 73249K [0x00000000d5580000, 0x00000000daa80000, 0x0000000100000000)
  eden space 68608K, 100% used [0x00000000d5580000,0x00000000d9880000,0x00000000d9880000)
  from space 8704K, 53% used [0x00000000da200000,0x00000000da6886f0,0x00000000daa80000)
  to   space 9216K, 0% used [0x00000000d9880000,0x00000000d9880000,0x00000000da180000)
 ParOldGen       total 221696K, used 94625K [0x0000000080000000, 0x000000008d880000, 0x00000000d5580000)
  object space 221696K, 42% used [0x0000000080000000,0x0000000085c686f8,0x000000008d880000)
 Metaspace       used 94819K, capacity 98090K, committed 98304K, reserved 1136640K
  class space    used 11407K, capacity 11949K, committed 12032K, reserved 1048576K
2023-09-25T20:19:40.722+0600: 1157654.433: [GC (Allocation Failure) [PSYoungGen: 73249K->3744K(77824K)] 167875K->98401K(299520K), 0.0165582 secs] [Times: user=0.03 sys=0.00, real=0.02 secs] 
Heap after GC invocations=236 (full 3):
 PSYoungGen      total 77824K, used 3744K [0x00000000d5580000, 0x00000000daa80000, 0x0000000100000000)
  eden space 68608K, 0% used [0x00000000d5580000,0x00000000d5580000,0x00000000d9880000)
  from space 9216K, 40% used [0x00000000d9880000,0x00000000d9c28050,0x00000000da180000)
  to   space 9216K, 0% used [0x00000000da180000,0x00000000da180000,0x00000000daa80000)
 ParOldGen       total 221696K, used 94657K [0x0000000080000000, 0x000000008d880000, 0x00000000d5580000)
  object space 221696K, 42% used [0x0000000080000000,0x0000000085c706f8,0x000000008d880000)
 Metaspace       used 94819K, capacity 98090K, committed 98304K, reserved 1136640K
  class space    used 11407K, capacity 11949K, committed 12032K, reserved 1048576K
}
{Heap before GC invocations=237 (full 3):
 PSYoungGen      total 77824K, used 72352K [0x00000000d5580000, 0x00000000daa80000, 0x0000000100000000)
  eden space 68608K, 100% used [0x00000000d5580000,0x00000000d9880000,0x00000000d9880000)
  from space 9216K, 40% used [0x00000000d9880000,0x00000000d9c28050,0x00000000da180000)
  to   space 9216K, 0% used [0x00000000da180000,0x00000000da180000,0x00000000daa80000)
 ParOldGen       total 221696K, used 94657K [0x0000000080000000, 0x000000008d880000, 0x00000000d5580000)
  object space 221696K, 42% used [0x0000000080000000,0x0000000085c706f8,0x000000008d880000)
 Metaspace       used 94826K, capacity 98090K, committed 98304K, reserved 1136640K
  class space    used 11407K, capacity 11949K, committed 12032K, reserved 1048576K
2023-09-25T20:40:42.419+0600: 1158916.130: [GC (Allocation Failure) [PSYoungGen: 72352K->6084K(78336K)] 167009K->100757K(300032K), 0.0218921 secs] [Times: user=0.04 sys=0.00, real=0.02 secs] 
Heap after GC invocations=237 (full 3):
 PSYoungGen      total 78336K, used 6084K [0x00000000d5580000, 0x00000000daa80000, 0x0000000100000000)
  eden space 69120K, 0% used [0x00000000d5580000,0x00000000d5580000,0x00000000d9900000)
  from space 9216K, 66% used [0x00000000da180000,0x00000000da771000,0x00000000daa80000)
  to   space 8704K, 0% used [0x00000000d9900000,0x00000000d9900000,0x00000000da180000)
 ParOldGen       total 221696K, used 94673K [0x0000000080000000, 0x000000008d880000, 0x00000000d5580000)
  object space 221696K, 42% used [0x0000000080000000,0x0000000085c746f8,0x000000008d880000)
 Metaspace       used 94826K, capacity 98090K, committed 98304K, reserved 1136640K
  class space    used 11407K, capacity 11949K, committed 12032K, reserved 1048576K
}
{Heap before GC invocations=238 (full 3):
 PSYoungGen      total 78336K, used 75201K [0x00000000d5580000, 0x00000000daa80000, 0x0000000100000000)
  eden space 69120K, 99% used [0x00000000d5580000,0x00000000d98ff460,0x00000000d9900000)
  from space 9216K, 66% used [0x00000000da180000,0x00000000da771000,0x00000000daa80000)
  to   space 8704K, 0% used [0x00000000d9900000,0x00000000d9900000,0x00000000da180000)
 ParOldGen       total 221696K, used 94673K [0x0000000080000000, 0x000000008d880000, 0x00000000d5580000)
  object space 221696K, 42% used [0x0000000080000000,0x0000000085c746f8,0x000000008d880000)
 Metaspace       used 94826K, capacity 98090K, committed 98304K, reserved 1136640K
  class space    used 11407K, capacity 11949K, committed 12032K, reserved 1048576K
2023-09-25T21:34:55.381+0600: 1162169.092: [GC (Allocation Failure) [PSYoungGen: 75201K->3968K(77824K)] 169874K->98689K(299520K), 0.0155964 secs] [Times: user=0.03 sys=0.00, real=0.02 secs] 
Heap after GC invocations=238 (full 3):
 PSYoungGen      total 77824K, used 3968K [0x00000000d5580000, 0x00000000daa80000, 0x0000000100000000)
  eden space 69120K, 0% used [0x00000000d5580000,0x00000000d5580000,0x00000000d9900000)
  from space 8704K, 45% used [0x00000000d9900000,0x00000000d9ce0020,0x00000000da180000)
  to   space 9216K, 0% used [0x00000000da180000,0x00000000da180000,0x00000000daa80000)
 ParOldGen       total 221696K, used 94721K [0x0000000080000000, 0x000000008d880000, 0x00000000d5580000)
  object space 221696K, 42% used [0x0000000080000000,0x0000000085c80728,0x000000008d880000)
 Metaspace       used 94826K, capacity 98090K, committed 98304K, reserved 1136640K
  class space    used 11407K, capacity 11949K, committed 12032K, reserved 1048576K
}
{Heap before GC invocations=239 (full 3):
 PSYoungGen      total 77824K, used 73088K [0x00000000d5580000, 0x00000000daa80000, 0x0000000100000000)
  eden space 69120K, 99% used [0x00000000d5580000,0x00000000d98fffe8,0x00000000d9900000)
  from space 8704K, 45% used [0x00000000d9900000,0x00000000d9ce0020,0x00000000da180000)
  to   space 9216K, 0% used [0x00000000da180000,0x00000000da180000,0x00000000daa80000)
 ParOldGen       total 221696K, used 94721K [0x0000000080000000, 0x000000008d880000, 0x00000000d5580000)
  object space 221696K, 42% used [0x0000000080000000,0x0000000085c80728,0x000000008d880000)
 Metaspace       used 94826K, capacity 98090K, committed 98304K, reserved 1136640K
  class space    used 11407K, capacity 11949K, committed 12032K, reserved 1048576K
2023-09-25T22:32:21.202+0600: 1165614.913: [GC (Allocation Failure) [PSYoungGen: 73088K->3072K(77824K)] 167809K->97817K(299520K), 0.0141347 secs] [Times: user=0.02 sys=0.00, real=0.02 secs] 
Heap after GC invocations=239 (full 3):
 PSYoungGen      total 77824K, used 3072K [0x00000000d5580000, 0x00000000daa80000, 0x0000000100000000)
  eden space 68608K, 0% used [0x00000000d5580000,0x00000000d5580000,0x00000000d9880000)
  from space 9216K, 33% used [0x00000000da180000,0x00000000da480000,0x00000000daa80000)
  to   space 9216K, 0% used [0x00000000d9880000,0x00000000d9880000,0x00000000da180000)
 ParOldGen       total 221696K, used 94745K [0x0000000080000000, 0x000000008d880000, 0x00000000d5580000)
  object space 221696K, 42% used [0x0000000080000000,0x0000000085c86728,0x000000008d880000)
 Metaspace       used 94826K, capacity 98090K, committed 98304K, reserved 1136640K
  class space    used 11407K, capacity 11949K, committed 12032K, reserved 1048576K
}
{Heap before GC invocations=240 (full 3):
 PSYoungGen      total 77824K, used 71680K [0x00000000d5580000, 0x00000000daa80000, 0x0000000100000000)
  eden space 68608K, 100% used [0x00000000d5580000,0x00000000d9880000,0x00000000d9880000)
  from space 9216K, 33% used [0x00000000da180000,0x00000000da480000,0x00000000daa80000)
  to   space 9216K, 0% used [0x00000000d9880000,0x00000000d9880000,0x00000000da180000)
 ParOldGen       total 221696K, used 94745K [0x0000000080000000, 0x000000008d880000, 0x00000000d5580000)
  object space 221696K, 42% used [0x0000000080000000,0x0000000085c86728,0x000000008d880000)
 Metaspace       used 94826K, capacity 98090K, committed 98304K, reserved 1136640K
  class space    used 11407K, capacity 11949K, committed 12032K, reserved 1048576K
2023-09-25T23:21:05.709+0600: 1168539.420: [GC (Allocation Failure) [PSYoungGen: 71680K->3232K(77824K)] 166425K->98061K(299520K), 0.0162477 secs] [Times: user=0.03 sys=0.00, real=0.01 secs] 
Heap after GC invocations=240 (full 3):
 PSYoungGen      total 77824K, used 3232K [0x00000000d5580000, 0x00000000daa80000, 0x0000000100000000)
  eden space 68608K, 0% used [0x00000000d5580000,0x00000000d5580000,0x00000000d9880000)
  from space 9216K, 35% used [0x00000000d9880000,0x00000000d9ba8020,0x00000000da180000)
  to   space 9216K, 0% used [0x00000000da180000,0x00000000da180000,0x00000000daa80000)
 ParOldGen       total 221696K, used 94829K [0x0000000080000000, 0x000000008d880000, 0x00000000d5580000)
  object space 221696K, 42% used [0x0000000080000000,0x0000000085c9b5d8,0x000000008d880000)
 Metaspace       used 94826K, capacity 98090K, committed 98304K, reserved 1136640K
  class space    used 11407K, capacity 11949K, committed 12032K, reserved 1048576K
}
{Heap before GC invocations=241 (full 3):
 PSYoungGen      total 77824K, used 71840K [0x00000000d5580000, 0x00000000daa80000, 0x0000000100000000)
  eden space 68608K, 100% used [0x00000000d5580000,0x00000000d9880000,0x00000000d9880000)
  from space 9216K, 35% used [0x00000000d9880000,0x00000000d9ba8020,0x00000000da180000)
  to   space 9216K, 0% used [0x00000000da180000,0x00000000da180000,0x00000000daa80000)
 ParOldGen       total 221696K, used 94829K [0x0000000080000000, 0x000000008d880000, 0x00000000d5580000)
  object space 221696K, 42% used [0x0000000080000000,0x0000000085c9b5d8,0x000000008d880000)
 Metaspace       used 94828K, capacity 98090K, committed 98304K, reserved 1136640K
  class space    used 11407K, capacity 11949K, committed 12032K, reserved 1048576K
2023-09-26T00:16:21.790+0600: 1171855.500: [GC (Allocation Failure) [PSYoungGen: 71840K->3008K(77824K)] 166669K->97853K(299520K), 0.0153269 secs] [Times: user=0.03 sys=0.00, real=0.01 secs] 
Heap after GC invocations=241 (full 3):
 PSYoungGen      total 77824K, used 3008K [0x00000000d5580000, 0x00000000daa80000, 0x0000000100000000)
  eden space 68608K, 0% used [0x00000000d5580000,0x00000000d5580000,0x00000000d9880000)
  from space 9216K, 32% used [0x00000000da180000,0x00000000da470000,0x00000000daa80000)
  to   space 9216K, 0% used [0x00000000d9880000,0x00000000d9880000,0x00000000da180000)
 ParOldGen       total 221696K, used 94845K [0x0000000080000000, 0x000000008d880000, 0x00000000d5580000)
  object space 221696K, 42% used [0x0000000080000000,0x0000000085c9f5d8,0x000000008d880000)
 Metaspace       used 94828K, capacity 98090K, committed 98304K, reserved 1136640K
  class space    used 11407K, capacity 11949K, committed 12032K, reserved 1048576K
}
{Heap before GC invocations=242 (full 3):
 PSYoungGen      total 77824K, used 71616K [0x00000000d5580000, 0x00000000daa80000, 0x0000000100000000)
  eden space 68608K, 100% used [0x00000000d5580000,0x00000000d9880000,0x00000000d9880000)
  from space 9216K, 32% used [0x00000000da180000,0x00000000da470000,0x00000000daa80000)
  to   space 9216K, 0% used [0x00000000d9880000,0x00000000d9880000,0x00000000da180000)
 ParOldGen       total 221696K, used 94845K [0x0000000080000000, 0x000000008d880000, 0x00000000d5580000)
  object space 221696K, 42% used [0x0000000080000000,0x0000000085c9f5d8,0x000000008d880000)
 Metaspace       used 94828K, capacity 98090K, committed 98304K, reserved 1136640K
  class space    used 11407K, capacity 11949K, committed 12032K, reserved 1048576K
2023-09-26T01:11:38.375+0600: 1175172.086: [GC (Allocation Failure) [PSYoungGen: 71616K->2976K(77824K)] 166461K->97861K(299520K), 0.0143609 secs] [Times: user=0.03 sys=0.00, real=0.02 secs] 
Heap after GC invocations=242 (full 3):
 PSYoungGen      total 77824K, used 2976K [0x00000000d5580000, 0x00000000daa80000, 0x0000000100000000)
  eden space 68608K, 0% used [0x00000000d5580000,0x00000000d5580000,0x00000000d9880000)
  from space 9216K, 32% used [0x00000000d9880000,0x00000000d9b68000,0x00000000da180000)
  to   space 9216K, 0% used [0x00000000da180000,0x00000000da180000,0x00000000daa80000)
 ParOldGen       total 221696K, used 94885K [0x0000000080000000, 0x000000008d880000, 0x00000000d5580000)
  object space 221696K, 42% used [0x0000000080000000,0x0000000085ca95e8,0x000000008d880000)
 Metaspace       used 94828K, capacity 98090K, committed 98304K, reserved 1136640K
  class space    used 11407K, capacity 11949K, committed 12032K, reserved 1048576K
}
{Heap before GC invocations=243 (full 3):
 PSYoungGen      total 77824K, used 71584K [0x00000000d5580000, 0x00000000daa80000, 0x0000000100000000)
  eden space 68608K, 100% used [0x00000000d5580000,0x00000000d9880000,0x00000000d9880000)
  from space 9216K, 32% used [0x00000000d9880000,0x00000000d9b68000,0x00000000da180000)
  to   space 9216K, 0% used [0x00000000da180000,0x00000000da180000,0x00000000daa80000)
 ParOldGen       total 221696K, used 94885K [0x0000000080000000, 0x000000008d880000, 0x00000000d5580000)
  object space 221696K, 42% used [0x0000000080000000,0x0000000085ca95e8,0x000000008d880000)
 Metaspace       used 94828K, capacity 98090K, committed 98304K, reserved 1136640K
  class space    used 11407K, capacity 11949K, committed 12032K, reserved 1048576K
2023-09-26T02:09:04.321+0600: 1178618.032: [GC (Allocation Failure) [PSYoungGen: 71584K->2930K(77824K)] 166469K->97831K(299520K), 0.0174326 secs] [Times: user=0.03 sys=0.00, real=0.02 secs] 
Heap after GC invocations=243 (full 3):
 PSYoungGen      total 77824K, used 2930K [0x00000000d5580000, 0x00000000daa80000, 0x0000000100000000)
  eden space 68608K, 0% used [0x00000000d5580000,0x00000000d5580000,0x00000000d9880000)
  from space 9216K, 31% used [0x00000000da180000,0x00000000da45c810,0x00000000daa80000)
  to   space 9216K, 0% used [0x00000000d9880000,0x00000000d9880000,0x00000000da180000)
 ParOldGen       total 221696K, used 94901K [0x0000000080000000, 0x000000008d880000, 0x00000000d5580000)
  object space 221696K, 42% used [0x0000000080000000,0x0000000085cad5e8,0x000000008d880000)
 Metaspace       used 94828K, capacity 98090K, committed 98304K, reserved 1136640K
  class space    used 11407K, capacity 11949K, committed 12032K, reserved 1048576K
}
{Heap before GC invocations=244 (full 3):
 PSYoungGen      total 77824K, used 71538K [0x00000000d5580000, 0x00000000daa80000, 0x0000000100000000)
  eden space 68608K, 100% used [0x00000000d5580000,0x00000000d9880000,0x00000000d9880000)
  from space 9216K, 31% used [0x00000000da180000,0x00000000da45c810,0x00000000daa80000)
  to   space 9216K, 0% used [0x00000000d9880000,0x00000000d9880000,0x00000000da180000)
 ParOldGen       total 221696K, used 94901K [0x0000000080000000, 0x000000008d880000, 0x00000000d5580000)
  object space 221696K, 42% used [0x0000000080000000,0x0000000085cad5e8,0x000000008d880000)
 Metaspace       used 94828K, capacity 98090K, committed 98304K, reserved 1136640K
  class space    used 11407K, capacity 11949K, committed 12032K, reserved 1048576K
2023-09-26T03:07:06.022+0600: 1182099.732: [GC (Allocation Failure) [PSYoungGen: 71538K->2912K(77824K)] 166439K->97837K(299520K), 0.0156673 secs] [Times: user=0.03 sys=0.00, real=0.02 secs] 
Heap after GC invocations=244 (full 3):
 PSYoungGen      total 77824K, used 2912K [0x00000000d5580000, 0x00000000daa80000, 0x0000000100000000)
  eden space 68608K, 0% used [0x00000000d5580000,0x00000000d5580000,0x00000000d9880000)
  from space 9216K, 31% used [0x00000000d9880000,0x00000000d9b58000,0x00000000da180000)
  to   space 8704K, 0% used [0x00000000da200000,0x00000000da200000,0x00000000daa80000)
 ParOldGen       total 221696K, used 94925K [0x0000000080000000, 0x000000008d880000, 0x00000000d5580000)
  object space 221696K, 42% used [0x0000000080000000,0x0000000085cb35e8,0x000000008d880000)
 Metaspace       used 94828K, capacity 98090K, committed 98304K, reserved 1136640K
  class space    used 11407K, capacity 11949K, committed 12032K, reserved 1048576K
}
{Heap before GC invocations=245 (full 3):
 PSYoungGen      total 77824K, used 71520K [0x00000000d5580000, 0x00000000daa80000, 0x0000000100000000)
  eden space 68608K, 100% used [0x00000000d5580000,0x00000000d9880000,0x00000000d9880000)
  from space 9216K, 31% used [0x00000000d9880000,0x00000000d9b58000,0x00000000da180000)
  to   space 8704K, 0% used [0x00000000da200000,0x00000000da200000,0x00000000daa80000)
 ParOldGen       total 221696K, used 94925K [0x0000000080000000, 0x000000008d880000, 0x00000000d5580000)
  object space 221696K, 42% used [0x0000000080000000,0x0000000085cb35e8,0x000000008d880000)
 Metaspace       used 94828K, capacity 98090K, committed 98304K, reserved 1136640K
  class space    used 11407K, capacity 11949K, committed 12032K, reserved 1048576K
2023-09-26T04:03:13.210+0600: 1185466.920: [GC (Allocation Failure) [PSYoungGen: 71520K->2898K(78336K)] 166445K->97871K(300032K), 0.0160366 secs] [Times: user=0.03 sys=0.00, real=0.02 secs] 
Heap after GC invocations=245 (full 3):
 PSYoungGen      total 78336K, used 2898K [0x00000000d5580000, 0x00000000daa80000, 0x0000000100000000)
  eden space 69632K, 0% used [0x00000000d5580000,0x00000000d5580000,0x00000000d9980000)
  from space 8704K, 33% used [0x00000000da200000,0x00000000da4d4810,0x00000000daa80000)
  to   space 8704K, 0% used [0x00000000d9980000,0x00000000d9980000,0x00000000da200000)
 ParOldGen       total 221696K, used 94973K [0x0000000080000000, 0x000000008d880000, 0x00000000d5580000)
  object space 221696K, 42% used [0x0000000080000000,0x0000000085cbf5e8,0x000000008d880000)
 Metaspace       used 94828K, capacity 98090K, committed 98304K, reserved 1136640K
  class space    used 11407K, capacity 11949K, committed 12032K, reserved 1048576K
}
{Heap before GC invocations=246 (full 3):
 PSYoungGen      total 78336K, used 72530K [0x00000000d5580000, 0x00000000daa80000, 0x0000000100000000)
  eden space 69632K, 100% used [0x00000000d5580000,0x00000000d9980000,0x00000000d9980000)
  from space 8704K, 33% used [0x00000000da200000,0x00000000da4d4810,0x00000000daa80000)
  to   space 8704K, 0% used [0x00000000d9980000,0x00000000d9980000,0x00000000da200000)
 ParOldGen       total 221696K, used 94973K [0x0000000080000000, 0x000000008d880000, 0x00000000d5580000)
  object space 221696K, 42% used [0x0000000080000000,0x0000000085cbf5e8,0x000000008d880000)
 Metaspace       used 94838K, capacity 98090K, committed 98304K, reserved 1136640K
  class space    used 11407K, capacity 11949K, committed 12032K, reserved 1048576K
2023-09-26T04:11:11.714+0600: 1185945.425: [GC (Allocation Failure) [PSYoungGen: 72530K->8677K(77824K)] 167503K->104810K(299520K), 0.0242846 secs] [Times: user=0.04 sys=0.00, real=0.03 secs] 
Heap after GC invocations=246 (full 3):
 PSYoungGen      total 77824K, used 8677K [0x00000000d5580000, 0x00000000dad00000, 0x0000000100000000)
  eden space 69120K, 0% used [0x00000000d5580000,0x00000000d5580000,0x00000000d9900000)
  from space 8704K, 99% used [0x00000000d9980000,0x00000000da1f9490,0x00000000da200000)
  to   space 10240K, 0% used [0x00000000da300000,0x00000000da300000,0x00000000dad00000)
 ParOldGen       total 221696K, used 96132K [0x0000000080000000, 0x000000008d880000, 0x00000000d5580000)
  object space 221696K, 43% used [0x0000000080000000,0x0000000085de1390,0x000000008d880000)
 Metaspace       used 94838K, capacity 98090K, committed 98304K, reserved 1136640K
  class space    used 11407K, capacity 11949K, committed 12032K, reserved 1048576K
}
{Heap before GC invocations=247 (full 3):
 PSYoungGen      total 77824K, used 77797K [0x00000000d5580000, 0x00000000dad00000, 0x0000000100000000)
  eden space 69120K, 100% used [0x00000000d5580000,0x00000000d9900000,0x00000000d9900000)
  from space 8704K, 99% used [0x00000000d9980000,0x00000000da1f9490,0x00000000da200000)
  to   space 10240K, 0% used [0x00000000da300000,0x00000000da300000,0x00000000dad00000)
 ParOldGen       total 221696K, used 96132K [0x0000000080000000, 0x000000008d880000, 0x00000000d5580000)
  object space 221696K, 43% used [0x0000000080000000,0x0000000085de1390,0x000000008d880000)
 Metaspace       used 94838K, capacity 98090K, committed 98304K, reserved 1136640K
  class space    used 11407K, capacity 11949K, committed 12032K, reserved 1048576K
2023-09-26T05:05:22.875+0600: 1189196.586: [GC (Allocation Failure) [PSYoungGen: 77797K->3440K(78336K)] 173930K->99851K(300032K), 0.0159417 secs] [Times: user=0.02 sys=0.00, real=0.02 secs] 
Heap after GC invocations=247 (full 3):
 PSYoungGen      total 78336K, used 3440K [0x00000000d5580000, 0x00000000dac80000, 0x0000000100000000)
  eden space 68608K, 0% used [0x00000000d5580000,0x00000000d5580000,0x00000000d9880000)
  from space 9728K, 35% used [0x00000000da300000,0x00000000da65c280,0x00000000dac80000)
  to   space 10240K, 0% used [0x00000000d9880000,0x00000000d9880000,0x00000000da280000)
 ParOldGen       total 221696K, used 96410K [0x0000000080000000, 0x000000008d880000, 0x00000000d5580000)
  object space 221696K, 43% used [0x0000000080000000,0x0000000085e26be0,0x000000008d880000)
 Metaspace       used 94838K, capacity 98090K, committed 98304K, reserved 1136640K
  class space    used 11407K, capacity 11949K, committed 12032K, reserved 1048576K
}
{Heap before GC invocations=248 (full 3):
 PSYoungGen      total 78336K, used 72048K [0x00000000d5580000, 0x00000000dac80000, 0x0000000100000000)
  eden space 68608K, 100% used [0x00000000d5580000,0x00000000d9880000,0x00000000d9880000)
  from space 9728K, 35% used [0x00000000da300000,0x00000000da65c280,0x00000000dac80000)
  to   space 10240K, 0% used [0x00000000d9880000,0x00000000d9880000,0x00000000da280000)
 ParOldGen       total 221696K, used 96410K [0x0000000080000000, 0x000000008d880000, 0x00000000d5580000)
  object space 221696K, 43% used [0x0000000080000000,0x0000000085e26be0,0x000000008d880000)
 Metaspace       used 94839K, capacity 98090K, committed 98304K, reserved 1136640K
  class space    used 11407K, capacity 11949K, committed 12032K, reserved 1048576K
2023-09-26T05:41:47.052+0600: 1191380.763: [GC (Allocation Failure) [PSYoungGen: 72048K->5197K(73728K)] 168459K->101608K(295424K), 0.0177911 secs] [Times: user=0.03 sys=0.00, real=0.02 secs] 
Heap after GC invocations=248 (full 3):
 PSYoungGen      total 73728K, used 5197K [0x00000000d5580000, 0x00000000dab00000, 0x0000000100000000)
  eden space 68096K, 0% used [0x00000000d5580000,0x00000000d5580000,0x00000000d9800000)
  from space 5632K, 92% used [0x00000000d9880000,0x00000000d9d93790,0x00000000d9e00000)
  to   space 9728K, 0% used [0x00000000da180000,0x00000000da180000,0x00000000dab00000)
 ParOldGen       total 221696K, used 96410K [0x0000000080000000, 0x000000008d880000, 0x00000000d5580000)
  object space 221696K, 43% used [0x0000000080000000,0x0000000085e26be0,0x000000008d880000)
 Metaspace       used 94839K, capacity 98090K, committed 98304K, reserved 1136640K
  class space    used 11407K, capacity 11949K, committed 12032K, reserved 1048576K
}
{Heap before GC invocations=249 (full 3):
 PSYoungGen      total 73728K, used 73293K [0x00000000d5580000, 0x00000000dab00000, 0x0000000100000000)
  eden space 68096K, 100% used [0x00000000d5580000,0x00000000d9800000,0x00000000d9800000)
  from space 5632K, 92% used [0x00000000d9880000,0x00000000d9d93790,0x00000000d9e00000)
  to   space 9728K, 0% used [0x00000000da180000,0x00000000da180000,0x00000000dab00000)
 ParOldGen       total 221696K, used 96410K [0x0000000080000000, 0x000000008d880000, 0x00000000d5580000)
  object space 221696K, 43% used [0x0000000080000000,0x0000000085e26be0,0x000000008d880000)
 Metaspace       used 94839K, capacity 98090K, committed 98304K, reserved 1136640K
  class space    used 11407K, capacity 11949K, committed 12032K, reserved 1048576K
2023-09-26T06:36:55.843+0600: 1194689.554: [GC (Allocation Failure) [PSYoungGen: 73293K->2736K(76800K)] 169704K->99235K(298496K), 0.0176774 secs] [Times: user=0.03 sys=0.00, real=0.02 secs] 
Heap after GC invocations=249 (full 3):
 PSYoungGen      total 76800K, used 2736K [0x00000000d5580000, 0x00000000daa80000, 0x0000000100000000)
  eden space 67584K, 0% used [0x00000000d5580000,0x00000000d5580000,0x00000000d9780000)
  from space 9216K, 29% used [0x00000000da180000,0x00000000da42c240,0x00000000daa80000)
  to   space 9728K, 0% used [0x00000000d9780000,0x00000000d9780000,0x00000000da100000)
 ParOldGen       total 221696K, used 96498K [0x0000000080000000, 0x000000008d880000, 0x00000000d5580000)
  object space 221696K, 43% used [0x0000000080000000,0x0000000085e3cbe0,0x000000008d880000)
 Metaspace       used 94839K, capacity 98090K, committed 98304K, reserved 1136640K
  class space    used 11407K, capacity 11949K, committed 12032K, reserved 1048576K
}
{Heap before GC invocations=250 (full 3):
 PSYoungGen      total 76800K, used 70320K [0x00000000d5580000, 0x00000000daa80000, 0x0000000100000000)
  eden space 67584K, 100% used [0x00000000d5580000,0x00000000d9780000,0x00000000d9780000)
  from space 9216K, 29% used [0x00000000da180000,0x00000000da42c240,0x00000000daa80000)
  to   space 9728K, 0% used [0x00000000d9780000,0x00000000d9780000,0x00000000da100000)
 ParOldGen       total 221696K, used 96498K [0x0000000080000000, 0x000000008d880000, 0x00000000d5580000)
  object space 221696K, 43% used [0x0000000080000000,0x0000000085e3cbe0,0x000000008d880000)
 Metaspace       used 94839K, capacity 98090K, committed 98304K, reserved 1136640K
  class space    used 11407K, capacity 11949K, committed 12032K, reserved 1048576K
2023-09-26T07:34:12.726+0600: 1198126.436: [GC (Allocation Failure) [PSYoungGen: 70320K->2672K(77312K)] 166819K->99243K(299008K), 0.0154660 secs] [Times: user=0.02 sys=0.00, real=0.02 secs] 
Heap after GC invocations=250 (full 3):
 PSYoungGen      total 77312K, used 2672K [0x00000000d5580000, 0x00000000daa80000, 0x0000000100000000)
  eden space 67584K, 0% used [0x00000000d5580000,0x00000000d5580000,0x00000000d9780000)
  from space 9728K, 27% used [0x00000000d9780000,0x00000000d9a1c240,0x00000000da100000)
  to   space 9728K, 0% used [0x00000000da100000,0x00000000da100000,0x00000000daa80000)
 ParOldGen       total 221696K, used 96570K [0x0000000080000000, 0x000000008d880000, 0x00000000d5580000)
  object space 221696K, 43% used [0x0000000080000000,0x0000000085e4ebe0,0x000000008d880000)
 Metaspace       used 94839K, capacity 98090K, committed 98304K, reserved 1136640K
  class space    used 11407K, capacity 11949K, committed 12032K, reserved 1048576K
}
{Heap before GC invocations=251 (full 3):
 PSYoungGen      total 77312K, used 70256K [0x00000000d5580000, 0x00000000daa80000, 0x0000000100000000)
  eden space 67584K, 100% used [0x00000000d5580000,0x00000000d9780000,0x00000000d9780000)
  from space 9728K, 27% used [0x00000000d9780000,0x00000000d9a1c240,0x00000000da100000)
  to   space 9728K, 0% used [0x00000000da100000,0x00000000da100000,0x00000000daa80000)
 ParOldGen       total 221696K, used 96570K [0x0000000080000000, 0x000000008d880000, 0x00000000d5580000)
  object space 221696K, 43% used [0x0000000080000000,0x0000000085e4ebe0,0x000000008d880000)
 Metaspace       used 94839K, capacity 98090K, committed 98304K, reserved 1136640K
  class space    used 11407K, capacity 11949K, committed 12032K, reserved 1048576K
2023-09-26T08:31:38.978+0600: 1201572.689: [GC (Allocation Failure) [PSYoungGen: 70256K->2656K(77824K)] 166827K->99250K(299520K), 0.0133786 secs] [Times: user=0.03 sys=0.00, real=0.01 secs] 
Heap after GC invocations=251 (full 3):
 PSYoungGen      total 77824K, used 2656K [0x00000000d5580000, 0x00000000daa80000, 0x0000000100000000)
  eden space 68096K, 0% used [0x00000000d5580000,0x00000000d5580000,0x00000000d9800000)
  from space 9728K, 27% used [0x00000000da100000,0x00000000da398010,0x00000000daa80000)
  to   space 9216K, 0% used [0x00000000d9800000,0x00000000d9800000,0x00000000da100000)
 ParOldGen       total 221696K, used 96594K [0x0000000080000000, 0x000000008d880000, 0x00000000d5580000)
  object space 221696K, 43% used [0x0000000080000000,0x0000000085e54be0,0x000000008d880000)
 Metaspace       used 94839K, capacity 98090K, committed 98304K, reserved 1136640K
  class space    used 11407K, capacity 11949K, committed 12032K, reserved 1048576K
}
{Heap before GC invocations=252 (full 3):
 PSYoungGen      total 77824K, used 70750K [0x00000000d5580000, 0x00000000daa80000, 0x0000000100000000)
  eden space 68096K, 99% used [0x00000000d5580000,0x00000000d97ffaf0,0x00000000d9800000)
  from space 9728K, 27% used [0x00000000da100000,0x00000000da398010,0x00000000daa80000)
  to   space 9216K, 0% used [0x00000000d9800000,0x00000000d9800000,0x00000000da100000)
 ParOldGen       total 221696K, used 96594K [0x0000000080000000, 0x000000008d880000, 0x00000000d5580000)
  object space 221696K, 43% used [0x0000000080000000,0x0000000085e54be0,0x000000008d880000)
 Metaspace       used 94839K, capacity 98090K, committed 98304K, reserved 1136640K
  class space    used 11407K, capacity 11949K, committed 12032K, reserved 1048576K
2023-09-26T09:27:15.550+0600: 1204909.260: [GC (Allocation Failure) [PSYoungGen: 70750K->2480K(77312K)] 167345K->99259K(299008K), 0.0153252 secs] [Times: user=0.03 sys=0.00, real=0.01 secs] 
Heap after GC invocations=252 (full 3):
 PSYoungGen      total 77312K, used 2480K [0x00000000d5580000, 0x00000000daa80000, 0x0000000100000000)
  eden space 68096K, 0% used [0x00000000d5580000,0x00000000d5580000,0x00000000d9800000)
  from space 9216K, 26% used [0x00000000d9800000,0x00000000d9a6c240,0x00000000da100000)
  to   space 9216K, 0% used [0x00000000da180000,0x00000000da180000,0x00000000daa80000)
 ParOldGen       total 221696K, used 96778K [0x0000000080000000, 0x000000008d880000, 0x00000000d5580000)
  object space 221696K, 43% used [0x0000000080000000,0x0000000085e82be0,0x000000008d880000)
 Metaspace       used 94839K, capacity 98090K, committed 98304K, reserved 1136640K
  class space    used 11407K, capacity 11949K, committed 12032K, reserved 1048576K
}
{Heap before GC invocations=253 (full 3):
 PSYoungGen      total 77312K, used 70576K [0x00000000d5580000, 0x00000000daa80000, 0x0000000100000000)
  eden space 68096K, 100% used [0x00000000d5580000,0x00000000d9800000,0x00000000d9800000)
  from space 9216K, 26% used [0x00000000d9800000,0x00000000d9a6c240,0x00000000da100000)
  to   space 9216K, 0% used [0x00000000da180000,0x00000000da180000,0x00000000daa80000)
 ParOldGen       total 221696K, used 96778K [0x0000000080000000, 0x000000008d880000, 0x00000000d5580000)
  object space 221696K, 43% used [0x0000000080000000,0x0000000085e82be0,0x000000008d880000)
 Metaspace       used 94839K, capacity 98090K, committed 98304K, reserved 1136640K
  class space    used 11407K, capacity 11949K, committed 12032K, reserved 1048576K
2023-09-26T10:18:15.581+0600: 1207969.292: [GC (Allocation Failure) [PSYoungGen: 70576K->2992K(78336K)] 167355K->99779K(300032K), 0.0126408 secs] [Times: user=0.02 sys=0.00, real=0.01 secs] 
Heap after GC invocations=253 (full 3):
 PSYoungGen      total 78336K, used 2992K [0x00000000d5580000, 0x00000000daa80000, 0x0000000100000000)
  eden space 69120K, 0% used [0x00000000d5580000,0x00000000d5580000,0x00000000d9900000)
  from space 9216K, 32% used [0x00000000da180000,0x00000000da46c280,0x00000000daa80000)
  to   space 8704K, 0% used [0x00000000d9900000,0x00000000d9900000,0x00000000da180000)
 ParOldGen       total 221696K, used 96786K [0x0000000080000000, 0x000000008d880000, 0x00000000d5580000)
  object space 221696K, 43% used [0x0000000080000000,0x0000000085e84be0,0x000000008d880000)
 Metaspace       used 94839K, capacity 98090K, committed 98304K, reserved 1136640K
  class space    used 11407K, capacity 11949K, committed 12032K, reserved 1048576K
}
{Heap before GC invocations=254 (full 3):
 PSYoungGen      total 78336K, used 72112K [0x00000000d5580000, 0x00000000daa80000, 0x0000000100000000)
  eden space 69120K, 100% used [0x00000000d5580000,0x00000000d9900000,0x00000000d9900000)
  from space 9216K, 32% used [0x00000000da180000,0x00000000da46c280,0x00000000daa80000)
  to   space 8704K, 0% used [0x00000000d9900000,0x00000000d9900000,0x00000000da180000)
 ParOldGen       total 221696K, used 96786K [0x0000000080000000, 0x000000008d880000, 0x00000000d5580000)
  object space 221696K, 43% used [0x0000000080000000,0x0000000085e84be0,0x000000008d880000)
 Metaspace       used 94839K, capacity 98090K, committed 98304K, reserved 1136640K
  class space    used 11407K, capacity 11949K, committed 12032K, reserved 1048576K
2023-09-26T11:06:30.667+0600: 1210864.377: [GC (Allocation Failure) [PSYoungGen: 72112K->2880K(77824K)] 168899K->99667K(299520K), 0.0154982 secs] [Times: user=0.02 sys=0.00, real=0.01 secs] 
Heap after GC invocations=254 (full 3):
 PSYoungGen      total 77824K, used 2880K [0x00000000d5580000, 0x00000000daa80000, 0x0000000100000000)
  eden space 69120K, 0% used [0x00000000d5580000,0x00000000d5580000,0x00000000d9900000)
  from space 8704K, 33% used [0x00000000d9900000,0x00000000d9bd0040,0x00000000da180000)
  to   space 8704K, 0% used [0x00000000da200000,0x00000000da200000,0x00000000daa80000)
 ParOldGen       total 221696K, used 96786K [0x0000000080000000, 0x000000008d880000, 0x00000000d5580000)
  object space 221696K, 43% used [0x0000000080000000,0x0000000085e84be0,0x000000008d880000)
 Metaspace       used 94839K, capacity 98090K, committed 98304K, reserved 1136640K
  class space    used 11407K, capacity 11949K, committed 12032K, reserved 1048576K
}
{Heap before GC invocations=255 (full 3):
 PSYoungGen      total 77824K, used 72000K [0x00000000d5580000, 0x00000000daa80000, 0x0000000100000000)
  eden space 69120K, 100% used [0x00000000d5580000,0x00000000d9900000,0x00000000d9900000)
  from space 8704K, 33% used [0x00000000d9900000,0x00000000d9bd0040,0x00000000da180000)
  to   space 8704K, 0% used [0x00000000da200000,0x00000000da200000,0x00000000daa80000)
 ParOldGen       total 221696K, used 96786K [0x0000000080000000, 0x000000008d880000, 0x00000000d5580000)
  object space 221696K, 43% used [0x0000000080000000,0x0000000085e84be0,0x000000008d880000)
 Metaspace       used 94849K, capacity 98154K, committed 98304K, reserved 1136640K
  class space    used 11407K, capacity 11949K, committed 12032K, reserved 1048576K
2023-09-26T11:31:56.222+0600: 1212389.933: [GC (Allocation Failure) [PSYoungGen: 72000K->2976K(78848K)] 168787K->99779K(300544K), 0.0146754 secs] [Times: user=0.02 sys=0.00, real=0.02 secs] 
Heap after GC invocations=255 (full 3):
 PSYoungGen      total 78848K, used 2976K [0x00000000d5580000, 0x00000000daa80000, 0x0000000100000000)
  eden space 70144K, 0% used [0x00000000d5580000,0x00000000d5580000,0x00000000d9a00000)
  from space 8704K, 34% used [0x00000000da200000,0x00000000da4e8050,0x00000000daa80000)
  to   space 8192K, 0% used [0x00000000d9a00000,0x00000000d9a00000,0x00000000da200000)
 ParOldGen       total 221696K, used 96802K [0x0000000080000000, 0x000000008d880000, 0x00000000d5580000)
  object space 221696K, 43% used [0x0000000080000000,0x0000000085e88be0,0x000000008d880000)
 Metaspace       used 94849K, capacity 98154K, committed 98304K, reserved 1136640K
  class space    used 11407K, capacity 11949K, committed 12032K, reserved 1048576K
}
{Heap before GC invocations=256 (full 3):
 PSYoungGen      total 78848K, used 73120K [0x00000000d5580000, 0x00000000daa80000, 0x0000000100000000)
  eden space 70144K, 100% used [0x00000000d5580000,0x00000000d9a00000,0x00000000d9a00000)
  from space 8704K, 34% used [0x00000000da200000,0x00000000da4e8050,0x00000000daa80000)
  to   space 8192K, 0% used [0x00000000d9a00000,0x00000000d9a00000,0x00000000da200000)
 ParOldGen       total 221696K, used 96802K [0x0000000080000000, 0x000000008d880000, 0x00000000d5580000)
  object space 221696K, 43% used [0x0000000080000000,0x0000000085e88be0,0x000000008d880000)
 Metaspace       used 94850K, capacity 98154K, committed 98304K, reserved 1136640K
  class space    used 11407K, capacity 11949K, committed 12032K, reserved 1048576K
2023-09-26T11:58:11.025+0600: 1213964.736: [GC (Allocation Failure) [PSYoungGen: 73120K->3808K(78336K)] 169923K->100611K(300032K), 0.0132969 secs] [Times: user=0.02 sys=0.00, real=0.02 secs] 
Heap after GC invocations=256 (full 3):
 PSYoungGen      total 78336K, used 3808K [0x00000000d5580000, 0x00000000daa80000, 0x0000000100000000)
  eden space 70144K, 0% used [0x00000000d5580000,0x00000000d5580000,0x00000000d9a00000)
  from space 8192K, 46% used [0x00000000d9a00000,0x00000000d9db8070,0x00000000da200000)
  to   space 7680K, 0% used [0x00000000da300000,0x00000000da300000,0x00000000daa80000)
 ParOldGen       total 221696K, used 96802K [0x0000000080000000, 0x000000008d880000, 0x00000000d5580000)
  object space 221696K, 43% used [0x0000000080000000,0x0000000085e88be0,0x000000008d880000)
 Metaspace       used 94850K, capacity 98154K, committed 98304K, reserved 1136640K
  class space    used 11407K, capacity 11949K, committed 12032K, reserved 1048576K
}
{Heap before GC invocations=257 (full 3):
 PSYoungGen      total 78336K, used 73952K [0x00000000d5580000, 0x00000000daa80000, 0x0000000100000000)
  eden space 70144K, 100% used [0x00000000d5580000,0x00000000d9a00000,0x00000000d9a00000)
  from space 8192K, 46% used [0x00000000d9a00000,0x00000000d9db8070,0x00000000da200000)
  to   space 7680K, 0% used [0x00000000da300000,0x00000000da300000,0x00000000daa80000)
 ParOldGen       total 221696K, used 96802K [0x0000000080000000, 0x000000008d880000, 0x00000000d5580000)
  object space 221696K, 43% used [0x0000000080000000,0x0000000085e88be0,0x000000008d880000)
 Metaspace       used 94857K, capacity 98154K, committed 98304K, reserved 1136640K
  class space    used 11407K, capacity 11949K, committed 12032K, reserved 1048576K
2023-09-26T12:14:26.824+0600: 1214940.534: [GC (Allocation Failure) [PSYoungGen: 73952K->5281K(78336K)] 170755K->102084K(300032K), 0.0153283 secs] [Times: user=0.02 sys=0.00, real=0.02 secs] 
Heap after GC invocations=257 (full 3):
 PSYoungGen      total 78336K, used 5281K [0x00000000d5580000, 0x00000000daa80000, 0x0000000100000000)
  eden space 70656K, 0% used [0x00000000d5580000,0x00000000d5580000,0x00000000d9a80000)
  from space 7680K, 68% used [0x00000000da300000,0x00000000da828760,0x00000000daa80000)
  to   space 8192K, 0% used [0x00000000d9a80000,0x00000000d9a80000,0x00000000da280000)
 ParOldGen       total 221696K, used 96802K [0x0000000080000000, 0x000000008d880000, 0x00000000d5580000)
  object space 221696K, 43% used [0x0000000080000000,0x0000000085e88be0,0x000000008d880000)
 Metaspace       used 94857K, capacity 98154K, committed 98304K, reserved 1136640K
  class space    used 11407K, capacity 11949K, committed 12032K, reserved 1048576K
}
{Heap before GC invocations=258 (full 3):
 PSYoungGen      total 78336K, used 75937K [0x00000000d5580000, 0x00000000daa80000, 0x0000000100000000)
  eden space 70656K, 100% used [0x00000000d5580000,0x00000000d9a80000,0x00000000d9a80000)
  from space 7680K, 68% used [0x00000000da300000,0x00000000da828760,0x00000000daa80000)
  to   space 8192K, 0% used [0x00000000d9a80000,0x00000000d9a80000,0x00000000da280000)
 ParOldGen       total 221696K, used 96802K [0x0000000080000000, 0x000000008d880000, 0x00000000d5580000)
  object space 221696K, 43% used [0x0000000080000000,0x0000000085e88be0,0x000000008d880000)
 Metaspace       used 94863K, capacity 98154K, committed 98304K, reserved 1136640K
  class space    used 11407K, capacity 11949K, committed 12032K, reserved 1048576K
2023-09-26T12:40:27.610+0600: 1216501.321: [GC (Allocation Failure) [PSYoungGen: 75937K->5364K(78848K)] 172740K->102174K(300544K), 0.0175243 secs] [Times: user=0.03 sys=0.00, real=0.02 secs] 
Heap after GC invocations=258 (full 3):
 PSYoungGen      total 78848K, used 5364K [0x00000000d5580000, 0x00000000daa80000, 0x0000000100000000)
  eden space 70656K, 0% used [0x00000000d5580000,0x00000000d5580000,0x00000000d9a80000)
  from space 8192K, 65% used [0x00000000d9a80000,0x00000000d9fbd010,0x00000000da280000)
  to   space 8192K, 0% used [0x00000000da280000,0x00000000da280000,0x00000000daa80000)
 ParOldGen       total 221696K, used 96810K [0x0000000080000000, 0x000000008d880000, 0x00000000d5580000)
  object space 221696K, 43% used [0x0000000080000000,0x0000000085e8abe0,0x000000008d880000)
 Metaspace       used 94863K, capacity 98154K, committed 98304K, reserved 1136640K
  class space    used 11407K, capacity 11949K, committed 12032K, reserved 1048576K
}
{Heap before GC invocations=259 (full 3):
 PSYoungGen      total 78848K, used 76020K [0x00000000d5580000, 0x00000000daa80000, 0x0000000100000000)
  eden space 70656K, 100% used [0x00000000d5580000,0x00000000d9a80000,0x00000000d9a80000)
  from space 8192K, 65% used [0x00000000d9a80000,0x00000000d9fbd010,0x00000000da280000)
  to   space 8192K, 0% used [0x00000000da280000,0x00000000da280000,0x00000000daa80000)
 ParOldGen       total 221696K, used 96810K [0x0000000080000000, 0x000000008d880000, 0x00000000d5580000)
  object space 221696K, 43% used [0x0000000080000000,0x0000000085e8abe0,0x000000008d880000)
 Metaspace       used 94877K, capacity 98154K, committed 98304K, reserved 1136640K
  class space    used 11408K, capacity 11949K, committed 12032K, reserved 1048576K
2023-09-26T13:10:48.456+0600: 1218322.166: [GC (Allocation Failure) [PSYoungGen: 76020K->5349K(78848K)] 172830K->102160K(300544K), 0.0184320 secs] [Times: user=0.03 sys=0.00, real=0.02 secs] 
Heap after GC invocations=259 (full 3):
 PSYoungGen      total 78848K, used 5349K [0x00000000d5580000, 0x00000000daa80000, 0x0000000100000000)
  eden space 70656K, 0% used [0x00000000d5580000,0x00000000d5580000,0x00000000d9a80000)
  from space 8192K, 65% used [0x00000000da280000,0x00000000da7b95f0,0x00000000daa80000)
  to   space 8192K, 0% used [0x00000000d9a80000,0x00000000d9a80000,0x00000000da280000)
 ParOldGen       total 221696K, used 96810K [0x0000000080000000, 0x000000008d880000, 0x00000000d5580000)
  object space 221696K, 43% used [0x0000000080000000,0x0000000085e8abe0,0x000000008d880000)
 Metaspace       used 94877K, capacity 98154K, committed 98304K, reserved 1136640K
  class space    used 11408K, capacity 11949K, committed 12032K, reserved 1048576K
}
{Heap before GC invocations=260 (full 3):
 PSYoungGen      total 78848K, used 76002K [0x00000000d5580000, 0x00000000daa80000, 0x0000000100000000)
  eden space 70656K, 99% used [0x00000000d5580000,0x00000000d9a7f450,0x00000000d9a80000)
  from space 8192K, 65% used [0x00000000da280000,0x00000000da7b95f0,0x00000000daa80000)
  to   space 8192K, 0% used [0x00000000d9a80000,0x00000000d9a80000,0x00000000da280000)
 ParOldGen       total 221696K, used 96810K [0x0000000080000000, 0x000000008d880000, 0x00000000d5580000)
  object space 221696K, 43% used [0x0000000080000000,0x0000000085e8abe0,0x000000008d880000)
 Metaspace       used 94877K, capacity 98154K, committed 98304K, reserved 1136640K
  class space    used 11408K, capacity 11949K, committed 12032K, reserved 1048576K
2023-09-26T13:31:33.601+0600: 1219567.312: [GC (Allocation Failure) [PSYoungGen: 76002K->5986K(76800K)] 172813K->102861K(298496K), 0.0165432 secs] [Times: user=0.03 sys=0.00, real=0.02 secs] 
Heap after GC invocations=260 (full 3):
 PSYoungGen      total 76800K, used 5986K [0x00000000d5580000, 0x00000000daa80000, 0x0000000100000000)
  eden space 70656K, 0% used [0x00000000d5580000,0x00000000d5580000,0x00000000d9a80000)
  from space 6144K, 97% used [0x00000000d9a80000,0x00000000da058ae0,0x00000000da080000)
  to   space 8704K, 0% used [0x00000000da200000,0x00000000da200000,0x00000000daa80000)
 ParOldGen       total 221696K, used 96875K [0x0000000080000000, 0x000000008d880000, 0x00000000d5580000)
  object space 221696K, 43% used [0x0000000080000000,0x0000000085e9ac10,0x000000008d880000)
 Metaspace       used 94877K, capacity 98154K, committed 98304K, reserved 1136640K
  class space    used 11408K, capacity 11949K, committed 12032K, reserved 1048576K
}
{Heap before GC invocations=261 (full 3):
 PSYoungGen      total 76800K, used 76642K [0x00000000d5580000, 0x00000000daa80000, 0x0000000100000000)
  eden space 70656K, 100% used [0x00000000d5580000,0x00000000d9a80000,0x00000000d9a80000)
  from space 6144K, 97% used [0x00000000d9a80000,0x00000000da058ae0,0x00000000da080000)
  to   space 8704K, 0% used [0x00000000da200000,0x00000000da200000,0x00000000daa80000)
 ParOldGen       total 221696K, used 96875K [0x0000000080000000, 0x000000008d880000, 0x00000000d5580000)
  object space 221696K, 43% used [0x0000000080000000,0x0000000085e9ac10,0x000000008d880000)
 Metaspace       used 94879K, capacity 98154K, committed 98304K, reserved 1136640K
  class space    used 11408K, capacity 11949K, committed 12032K, reserved 1048576K
2023-09-26T13:39:41.105+0600: 1220054.816: [GC (Allocation Failure) [PSYoungGen: 76642K->5874K(78336K)] 173517K->102869K(300032K), 0.0198896 secs] [Times: user=0.03 sys=0.00, real=0.02 secs] 
Heap after GC invocations=261 (full 3):
 PSYoungGen      total 78336K, used 5874K [0x00000000d5580000, 0x00000000daa80000, 0x0000000100000000)
  eden space 69632K, 0% used [0x00000000d5580000,0x00000000d5580000,0x00000000d9980000)
  from space 8704K, 67% used [0x00000000da200000,0x00000000da7bc880,0x00000000daa80000)
  to   space 8704K, 0% used [0x00000000d9980000,0x00000000d9980000,0x00000000da200000)
 ParOldGen       total 221696K, used 96995K [0x0000000080000000, 0x000000008d880000, 0x00000000d5580000)
  object space 221696K, 43% used [0x0000000080000000,0x0000000085eb8e50,0x000000008d880000)
 Metaspace       used 94879K, capacity 98154K, committed 98304K, reserved 1136640K
  class space    used 11408K, capacity 11949K, committed 12032K, reserved 1048576K
}
{Heap before GC invocations=262 (full 3):
 PSYoungGen      total 78336K, used 75506K [0x00000000d5580000, 0x00000000daa80000, 0x0000000100000000)
  eden space 69632K, 100% used [0x00000000d5580000,0x00000000d9980000,0x00000000d9980000)
  from space 8704K, 67% used [0x00000000da200000,0x00000000da7bc880,0x00000000daa80000)
  to   space 8704K, 0% used [0x00000000d9980000,0x00000000d9980000,0x00000000da200000)
 ParOldGen       total 221696K, used 96995K [0x0000000080000000, 0x000000008d880000, 0x00000000d5580000)
  object space 221696K, 43% used [0x0000000080000000,0x0000000085eb8e50,0x000000008d880000)
 Metaspace       used 94879K, capacity 98154K, committed 98304K, reserved 1136640K
  class space    used 11408K, capacity 11949K, committed 12032K, reserved 1048576K
2023-09-26T14:16:32.172+0600: 1222265.882: [GC (Allocation Failure) [PSYoungGen: 75506K->5536K(78336K)] 172501K->102547K(300032K), 0.0143881 secs] [Times: user=0.03 sys=0.00, real=0.02 secs] 
Heap after GC invocations=262 (full 3):
 PSYoungGen      total 78336K, used 5536K [0x00000000d5580000, 0x00000000daa80000, 0x0000000100000000)
  eden space 69632K, 0% used [0x00000000d5580000,0x00000000d5580000,0x00000000d9980000)
  from space 8704K, 63% used [0x00000000d9980000,0x00000000d9ee8050,0x00000000da200000)
  to   space 8704K, 0% used [0x00000000da200000,0x00000000da200000,0x00000000daa80000)
 ParOldGen       total 221696K, used 97011K [0x0000000080000000, 0x000000008d880000, 0x00000000d5580000)
  object space 221696K, 43% used [0x0000000080000000,0x0000000085ebce50,0x000000008d880000)
 Metaspace       used 94879K, capacity 98154K, committed 98304K, reserved 1136640K
  class space    used 11408K, capacity 11949K, committed 12032K, reserved 1048576K
}
{Heap before GC invocations=263 (full 3):
 PSYoungGen      total 78336K, used 75164K [0x00000000d5580000, 0x00000000daa80000, 0x0000000100000000)
  eden space 69632K, 99% used [0x00000000d5580000,0x00000000d997f248,0x00000000d9980000)
  from space 8704K, 63% used [0x00000000d9980000,0x00000000d9ee8050,0x00000000da200000)
  to   space 8704K, 0% used [0x00000000da200000,0x00000000da200000,0x00000000daa80000)
 ParOldGen       total 221696K, used 97011K [0x0000000080000000, 0x000000008d880000, 0x00000000d5580000)
  object space 221696K, 43% used [0x0000000080000000,0x0000000085ebce50,0x000000008d880000)
 Metaspace       used 94884K, capacity 98166K, committed 98304K, reserved 1136640K
  class space    used 11409K, capacity 11951K, committed 12032K, reserved 1048576K
2023-09-26T14:41:33.436+0600: 1223767.147: [GC (Allocation Failure) [PSYoungGen: 75164K->6707K(77824K)] 172176K->103735K(299520K), 0.0164011 secs] [Times: user=0.03 sys=0.00, real=0.01 secs] 
Heap after GC invocations=263 (full 3):
 PSYoungGen      total 77824K, used 6707K [0x00000000d5580000, 0x00000000dab00000, 0x0000000100000000)
  eden space 69120K, 0% used [0x00000000d5580000,0x00000000d5580000,0x00000000d9900000)
  from space 8704K, 77% used [0x00000000da200000,0x00000000da88cfc0,0x00000000daa80000)
  to   space 9216K, 0% used [0x00000000d9900000,0x00000000d9900000,0x00000000da200000)
 ParOldGen       total 221696K, used 97027K [0x0000000080000000, 0x000000008d880000, 0x00000000d5580000)
  object space 221696K, 43% used [0x0000000080000000,0x0000000085ec0e50,0x000000008d880000)
 Metaspace       used 94884K, capacity 98166K, committed 98304K, reserved 1136640K
  class space    used 11409K, capacity 11951K, committed 12032K, reserved 1048576K
}
{Heap before GC invocations=264 (full 3):
 PSYoungGen      total 77824K, used 75827K [0x00000000d5580000, 0x00000000dab00000, 0x0000000100000000)
  eden space 69120K, 99% used [0x00000000d5580000,0x00000000d98ffc40,0x00000000d9900000)
  from space 8704K, 77% used [0x00000000da200000,0x00000000da88cfc0,0x00000000daa80000)
  to   space 9216K, 0% used [0x00000000d9900000,0x00000000d9900000,0x00000000da200000)
 ParOldGen       total 221696K, used 97027K [0x0000000080000000, 0x000000008d880000, 0x00000000d5580000)
  object space 221696K, 43% used [0x0000000080000000,0x0000000085ec0e50,0x000000008d880000)
 Metaspace       used 94886K, capacity 98166K, committed 98304K, reserved 1136640K
  class space    used 11409K, capacity 11951K, committed 12032K, reserved 1048576K
2023-09-26T15:06:12.526+0600: 1225246.237: [GC (Allocation Failure) [PSYoungGen: 75827K->6688K(76288K)] 172854K->103723K(297984K), 0.0168167 secs] [Times: user=0.03 sys=0.00, real=0.01 secs] 
Heap after GC invocations=264 (full 3):
 PSYoungGen      total 76288K, used 6688K [0x00000000d5580000, 0x00000000daa80000, 0x0000000100000000)
  eden space 69120K, 0% used [0x00000000d5580000,0x00000000d5580000,0x00000000d9900000)
  from space 7168K, 93% used [0x00000000d9900000,0x00000000d9f880d0,0x00000000da000000)
  to   space 9216K, 0% used [0x00000000da180000,0x00000000da180000,0x00000000daa80000)
 ParOldGen       total 221696K, used 97035K [0x0000000080000000, 0x000000008d880000, 0x00000000d5580000)
  object space 221696K, 43% used [0x0000000080000000,0x0000000085ec2e50,0x000000008d880000)
 Metaspace       used 94886K, capacity 98166K, committed 98304K, reserved 1136640K
  class space    used 11409K, capacity 11951K, committed 12032K, reserved 1048576K
}
{Heap before GC invocations=265 (full 3):
 PSYoungGen      total 76288K, used 75808K [0x00000000d5580000, 0x00000000daa80000, 0x0000000100000000)
  eden space 69120K, 100% used [0x00000000d5580000,0x00000000d9900000,0x00000000d9900000)
  from space 7168K, 93% used [0x00000000d9900000,0x00000000d9f880d0,0x00000000da000000)
  to   space 9216K, 0% used [0x00000000da180000,0x00000000da180000,0x00000000daa80000)
 ParOldGen       total 221696K, used 97035K [0x0000000080000000, 0x000000008d880000, 0x00000000d5580000)
  object space 221696K, 43% used [0x0000000080000000,0x0000000085ec2e50,0x000000008d880000)
 Metaspace       used 94889K, capacity 98166K, committed 98304K, reserved 1136640K
  class space    used 11409K, capacity 11951K, committed 12032K, reserved 1048576K
2023-09-26T15:32:04.535+0600: 1226788.778: [GC (Allocation Failure) [PSYoungGen: 75808K->6306K(77824K)] 172843K->103342K(299520K), 0.0128408 secs] [Times: user=0.02 sys=0.00, real=0.01 secs] 
Heap after GC invocations=265 (full 3):
 PSYoungGen      total 77824K, used 6306K [0x00000000d5580000, 0x00000000daa80000, 0x0000000100000000)
  eden space 68608K, 0% used [0x00000000d5580000,0x00000000d5580000,0x00000000d9880000)
  from space 9216K, 68% used [0x00000000da180000,0x00000000da7a8ae0,0x00000000daa80000)
  to   space 9216K, 0% used [0x00000000d9880000,0x00000000d9880000,0x00000000da180000)
 ParOldGen       total 221696K, used 97035K [0x0000000080000000, 0x000000008d880000, 0x00000000d5580000)
  object space 221696K, 43% used [0x0000000080000000,0x0000000085ec2e50,0x000000008d880000)
 Metaspace       used 94889K, capacity 98166K, committed 98304K, reserved 1136640K
  class space    used 11409K, capacity 11951K, committed 12032K, reserved 1048576K
}
{Heap before GC invocations=266 (full 3):
 PSYoungGen      total 77824K, used 74914K [0x00000000d5580000, 0x00000000daa80000, 0x0000000100000000)
  eden space 68608K, 100% used [0x00000000d5580000,0x00000000d9880000,0x00000000d9880000)
  from space 9216K, 68% used [0x00000000da180000,0x00000000da7a8ae0,0x00000000daa80000)
  to   space 9216K, 0% used [0x00000000d9880000,0x00000000d9880000,0x00000000da180000)
 ParOldGen       total 221696K, used 97035K [0x0000000080000000, 0x000000008d880000, 0x00000000d5580000)
  object space 221696K, 43% used [0x0000000080000000,0x0000000085ec2e50,0x000000008d880000)
 Metaspace       used 94890K, capacity 98166K, committed 98304K, reserved 1136640K
  class space    used 11409K, capacity 11951K, committed 12032K, reserved 1048576K
2023-09-26T15:59:46.037+0600: 1228450.280: [GC (Allocation Failure) [PSYoungGen: 74914K->6432K(77312K)] 171950K->103467K(299008K), 0.0178022 secs] [Times: user=0.03 sys=0.00, real=0.02 secs] 
Heap after GC invocations=266 (full 3):
 PSYoungGen      total 77312K, used 6432K [0x00000000d5580000, 0x00000000dab00000, 0x0000000100000000)
  eden space 68096K, 0% used [0x00000000d5580000,0x00000000d5580000,0x00000000d9800000)
  from space 9216K, 69% used [0x00000000d9880000,0x00000000d9ec80b0,0x00000000da180000)
  to   space 9728K, 0% used [0x00000000da180000,0x00000000da180000,0x00000000dab00000)
 ParOldGen       total 221696K, used 97035K [0x0000000080000000, 0x000000008d880000, 0x00000000d5580000)
  object space 221696K, 43% used [0x0000000080000000,0x0000000085ec2e50,0x000000008d880000)
 Metaspace       used 94890K, capacity 98166K, committed 98304K, reserved 1136640K
  class space    used 11409K, capacity 11951K, committed 12032K, reserved 1048576K
}
{Heap before GC invocations=267 (full 3):
 PSYoungGen      total 77312K, used 74528K [0x00000000d5580000, 0x00000000dab00000, 0x0000000100000000)
  eden space 68096K, 100% used [0x00000000d5580000,0x00000000d9800000,0x00000000d9800000)
  from space 9216K, 69% used [0x00000000d9880000,0x00000000d9ec80b0,0x00000000da180000)
  to   space 9728K, 0% used [0x00000000da180000,0x00000000da180000,0x00000000dab00000)
 ParOldGen       total 221696K, used 97035K [0x0000000080000000, 0x000000008d880000, 0x00000000d5580000)
  object space 221696K, 43% used [0x0000000080000000,0x0000000085ec2e50,0x000000008d880000)
 Metaspace       used 94896K, capacity 98170K, committed 98304K, reserved 1136640K
  class space    used 11409K, capacity 11951K, committed 12032K, reserved 1048576K
2023-09-26T16:21:26.421+0600: 1229750.664: [GC (Allocation Failure) [PSYoungGen: 74528K->6945K(76800K)] 171563K->103980K(298496K), 0.0188732 secs] [Times: user=0.03 sys=0.00, real=0.02 secs] 
Heap after GC invocations=267 (full 3):
 PSYoungGen      total 76800K, used 6945K [0x00000000d5580000, 0x00000000daa80000, 0x0000000100000000)
  eden space 67584K, 0% used [0x00000000d5580000,0x00000000d5580000,0x00000000d9780000)
  from space 9216K, 75% used [0x00000000da180000,0x00000000da848510,0x00000000daa80000)
  to   space 9728K, 0% used [0x00000000d9780000,0x00000000d9780000,0x00000000da100000)
 ParOldGen       total 221696K, used 97035K [0x0000000080000000, 0x000000008d880000, 0x00000000d5580000)
  object space 221696K, 43% used [0x0000000080000000,0x0000000085ec2e50,0x000000008d880000)
 Metaspace       used 94896K, capacity 98170K, committed 98304K, reserved 1136640K
  class space    used 11409K, capacity 11951K, committed 12032K, reserved 1048576K
}
{Heap before GC invocations=268 (full 3):
 PSYoungGen      total 76800K, used 74516K [0x00000000d5580000, 0x00000000daa80000, 0x0000000100000000)
  eden space 67584K, 99% used [0x00000000d5580000,0x00000000d977ced8,0x00000000d9780000)
  from space 9216K, 75% used [0x00000000da180000,0x00000000da848510,0x00000000daa80000)
  to   space 9728K, 0% used [0x00000000d9780000,0x00000000d9780000,0x00000000da100000)
 ParOldGen       total 221696K, used 97035K [0x0000000080000000, 0x000000008d880000, 0x00000000d5580000)
  object space 221696K, 43% used [0x0000000080000000,0x0000000085ec2e50,0x000000008d880000)
 Metaspace       used 94910K, capacity 98176K, committed 98304K, reserved 1136640K
  class space    used 11410K, capacity 11952K, committed 12032K, reserved 1048576K
2023-09-26T16:39:33.051+0600: 1230837.294: [GC (Allocation Failure) [PSYoungGen: 74516K->7010K(77312K)] 171552K->104061K(299008K), 0.0188608 secs] [Times: user=0.03 sys=0.00, real=0.02 secs] 
Heap after GC invocations=268 (full 3):
 PSYoungGen      total 77312K, used 7010K [0x00000000d5580000, 0x00000000daa80000, 0x0000000100000000)
  eden space 67584K, 0% used [0x00000000d5580000,0x00000000d5580000,0x00000000d9780000)
  from space 9728K, 72% used [0x00000000d9780000,0x00000000d9e58990,0x00000000da100000)
  to   space 9728K, 0% used [0x00000000da100000,0x00000000da100000,0x00000000daa80000)
 ParOldGen       total 221696K, used 97051K [0x0000000080000000, 0x000000008d880000, 0x00000000d5580000)
  object space 221696K, 43% used [0x0000000080000000,0x0000000085ec6e50,0x000000008d880000)
 Metaspace       used 94910K, capacity 98176K, committed 98304K, reserved 1136640K
  class space    used 11410K, capacity 11952K, committed 12032K, reserved 1048576K
}
{Heap before GC invocations=269 (full 3):
 PSYoungGen      total 77312K, used 74586K [0x00000000d5580000, 0x00000000daa80000, 0x0000000100000000)
  eden space 67584K, 99% used [0x00000000d5580000,0x00000000d977e0b0,0x00000000d9780000)
  from space 9728K, 72% used [0x00000000d9780000,0x00000000d9e58990,0x00000000da100000)
  to   space 9728K, 0% used [0x00000000da100000,0x00000000da100000,0x00000000daa80000)
 ParOldGen       total 221696K, used 97051K [0x0000000080000000, 0x000000008d880000, 0x00000000d5580000)
  object space 221696K, 43% used [0x0000000080000000,0x0000000085ec6e50,0x000000008d880000)
 Metaspace       used 94917K, capacity 98176K, committed 98304K, reserved 1136640K
  class space    used 11410K, capacity 11952K, committed 12032K, reserved 1048576K
2023-09-26T17:01:51.825+0600: 1232176.068: [GC (Allocation Failure) [PSYoungGen: 74586K->6916K(76800K)] 171638K->103984K(298496K), 0.0204898 secs] [Times: user=0.04 sys=0.00, real=0.02 secs] 
Heap after GC invocations=269 (full 3):
 PSYoungGen      total 76800K, used 6916K [0x00000000d5580000, 0x00000000dab00000, 0x0000000100000000)
  eden space 67072K, 0% used [0x00000000d5580000,0x00000000d5580000,0x00000000d9700000)
  from space 9728K, 71% used [0x00000000da100000,0x00000000da7c1260,0x00000000daa80000)
  to   space 10240K, 0% used [0x00000000d9700000,0x00000000d9700000,0x00000000da100000)
 ParOldGen       total 221696K, used 97067K [0x0000000080000000, 0x000000008d880000, 0x00000000d5580000)
  object space 221696K, 43% used [0x0000000080000000,0x0000000085ecae50,0x000000008d880000)
 Metaspace       used 94917K, capacity 98176K, committed 98304K, reserved 1136640K
  class space    used 11410K, capacity 11952K, committed 12032K, reserved 1048576K
}
{Heap before GC invocations=270 (full 3):
 PSYoungGen      total 76800K, used 73988K [0x00000000d5580000, 0x00000000dab00000, 0x0000000100000000)
  eden space 67072K, 99% used [0x00000000d5580000,0x00000000d96fff18,0x00000000d9700000)
  from space 9728K, 71% used [0x00000000da100000,0x00000000da7c1260,0x00000000daa80000)
  to   space 10240K, 0% used [0x00000000d9700000,0x00000000d9700000,0x00000000da100000)
 ParOldGen       total 221696K, used 97067K [0x0000000080000000, 0x000000008d880000, 0x00000000d5580000)
  object space 221696K, 43% used [0x0000000080000000,0x0000000085ecae50,0x000000008d880000)
 Metaspace       used 94928K, capacity 98176K, committed 98304K, reserved 1136640K
  class space    used 11410K, capacity 11952K, committed 12032K, reserved 1048576K
2023-09-26T17:10:32.814+0600: 1232697.057: [GC (Allocation Failure) [PSYoungGen: 73988K->7684K(75264K)] 171055K->104776K(296960K), 0.0213125 secs] [Times: user=0.03 sys=0.00, real=0.02 secs] 
Heap after GC invocations=270 (full 3):
 PSYoungGen      total 75264K, used 7684K [0x00000000d5580000, 0x00000000daa80000, 0x0000000100000000)
  eden space 67072K, 0% used [0x00000000d5580000,0x00000000d5580000,0x00000000d9700000)
  from space 8192K, 93% used [0x00000000d9700000,0x00000000d9e81260,0x00000000d9f00000)
  to   space 10240K, 0% used [0x00000000da080000,0x00000000da080000,0x00000000daa80000)
 ParOldGen       total 221696K, used 97091K [0x0000000080000000, 0x000000008d880000, 0x00000000d5580000)
  object space 221696K, 43% used [0x0000000080000000,0x0000000085ed0e50,0x000000008d880000)
 Metaspace       used 94928K, capacity 98176K, committed 98304K, reserved 1136640K
  class space    used 11410K, capacity 11952K, committed 12032K, reserved 1048576K
}
{Heap before GC invocations=271 (full 3):
 PSYoungGen      total 75264K, used 74755K [0x00000000d5580000, 0x00000000daa80000, 0x0000000100000000)
  eden space 67072K, 99% used [0x00000000d5580000,0x00000000d96ffbe8,0x00000000d9700000)
  from space 8192K, 93% used [0x00000000d9700000,0x00000000d9e81260,0x00000000d9f00000)
  to   space 10240K, 0% used [0x00000000da080000,0x00000000da080000,0x00000000daa80000)
 ParOldGen       total 221696K, used 97091K [0x0000000080000000, 0x000000008d880000, 0x00000000d5580000)
  object space 221696K, 43% used [0x0000000080000000,0x0000000085ed0e50,0x000000008d880000)
 Metaspace       used 94934K, capacity 98240K, committed 98560K, reserved 1136640K
  class space    used 11410K, capacity 11952K, committed 12032K, reserved 1048576K
2023-09-26T17:16:27.587+0600: 1233051.830: [GC (Allocation Failure) [PSYoungGen: 74755K->7591K(76288K)] 171847K->104722K(297984K), 0.0095146 secs] [Times: user=0.02 sys=0.00, real=0.01 secs] 
Heap after GC invocations=271 (full 3):
 PSYoungGen      total 76288K, used 7591K [0x00000000d5580000, 0x00000000dab80000, 0x0000000100000000)
  eden space 66048K, 0% used [0x00000000d5580000,0x00000000d5580000,0x00000000d9600000)
  from space 10240K, 74% used [0x00000000da080000,0x00000000da7e9c40,0x00000000daa80000)
  to   space 10752K, 0% used [0x00000000d9600000,0x00000000d9600000,0x00000000da080000)
 ParOldGen       total 221696K, used 97131K [0x0000000080000000, 0x000000008d880000, 0x00000000d5580000)
  object space 221696K, 43% used [0x0000000080000000,0x0000000085edae50,0x000000008d880000)
 Metaspace       used 94934K, capacity 98240K, committed 98560K, reserved 1136640K
  class space    used 11410K, capacity 11952K, committed 12032K, reserved 1048576K
}
{Heap before GC invocations=272 (full 3):
 PSYoungGen      total 76288K, used 73638K [0x00000000d5580000, 0x00000000dab80000, 0x0000000100000000)
  eden space 66048K, 99% used [0x00000000d5580000,0x00000000d95ffdb8,0x00000000d9600000)
  from space 10240K, 74% used [0x00000000da080000,0x00000000da7e9c40,0x00000000daa80000)
  to   space 10752K, 0% used [0x00000000d9600000,0x00000000d9600000,0x00000000da080000)
 ParOldGen       total 221696K, used 97131K [0x0000000080000000, 0x000000008d880000, 0x00000000d5580000)
  object space 221696K, 43% used [0x0000000080000000,0x0000000085edae50,0x000000008d880000)
 Metaspace       used 94937K, capacity 98240K, committed 98560K, reserved 1136640K
  class space    used 11410K, capacity 11952K, committed 12032K, reserved 1048576K
2023-09-26T17:21:11.600+0600: 1233335.843: [GC (Allocation Failure) [PSYoungGen: 73638K->8052K(74240K)] 170770K->105232K(295936K), 0.0192980 secs] [Times: user=0.03 sys=0.00, real=0.02 secs] 
Heap after GC invocations=272 (full 3):
 PSYoungGen      total 74240K, used 8052K [0x00000000d5580000, 0x00000000daa80000, 0x0000000100000000)
  eden space 66048K, 0% used [0x00000000d5580000,0x00000000d5580000,0x00000000d9600000)
  from space 8192K, 98% used [0x00000000d9600000,0x00000000d9ddd3a0,0x00000000d9e00000)
  to   space 10752K, 0% used [0x00000000da000000,0x00000000da000000,0x00000000daa80000)
 ParOldGen       total 221696K, used 97179K [0x0000000080000000, 0x000000008d880000, 0x00000000d5580000)
  object space 221696K, 43% used [0x0000000080000000,0x0000000085ee6e50,0x000000008d880000)
 Metaspace       used 94937K, capacity 98240K, committed 98560K, reserved 1136640K
  class space    used 11410K, capacity 11952K, committed 12032K, reserved 1048576K
}
{Heap before GC invocations=273 (full 3):
 PSYoungGen      total 74240K, used 74100K [0x00000000d5580000, 0x00000000daa80000, 0x0000000100000000)
  eden space 66048K, 100% used [0x00000000d5580000,0x00000000d9600000,0x00000000d9600000)
  from space 8192K, 98% used [0x00000000d9600000,0x00000000d9ddd3a0,0x00000000d9e00000)
  to   space 10752K, 0% used [0x00000000da000000,0x00000000da000000,0x00000000daa80000)
 ParOldGen       total 221696K, used 97179K [0x0000000080000000, 0x000000008d880000, 0x00000000d5580000)
  object space 221696K, 43% used [0x0000000080000000,0x0000000085ee6e50,0x000000008d880000)
 Metaspace       used 94941K, capacity 98240K, committed 98560K, reserved 1136640K
  class space    used 11410K, capacity 11952K, committed 12032K, reserved 1048576K
2023-09-26T17:25:51.086+0600: 1233615.329: [GC (Allocation Failure) [PSYoungGen: 74100K->8036K(75776K)] 171280K->105256K(297472K), 0.0206041 secs] [Times: user=0.04 sys=0.00, real=0.02 secs] 
Heap after GC invocations=273 (full 3):
 PSYoungGen      total 75776K, used 8036K [0x00000000d5580000, 0x00000000dab80000, 0x0000000100000000)
  eden space 65024K, 0% used [0x00000000d5580000,0x00000000d5580000,0x00000000d9500000)
  from space 10752K, 74% used [0x00000000da000000,0x00000000da7d9380,0x00000000daa80000)
  to   space 11264K, 0% used [0x00000000d9500000,0x00000000d9500000,0x00000000da000000)
 ParOldGen       total 221696K, used 97219K [0x0000000080000000, 0x000000008d880000, 0x00000000d5580000)
  object space 221696K, 43% used [0x0000000080000000,0x0000000085ef0e50,0x000000008d880000)
 Metaspace       used 94941K, capacity 98240K, committed 98560K, reserved 1136640K
  class space    used 11410K, capacity 11952K, committed 12032K, reserved 1048576K
}
{Heap before GC invocations=274 (full 3):
 PSYoungGen      total 75776K, used 73060K [0x00000000d5580000, 0x00000000dab80000, 0x0000000100000000)
  eden space 65024K, 100% used [0x00000000d5580000,0x00000000d9500000,0x00000000d9500000)
  from space 10752K, 74% used [0x00000000da000000,0x00000000da7d9380,0x00000000daa80000)
  to   space 11264K, 0% used [0x00000000d9500000,0x00000000d9500000,0x00000000da000000)
 ParOldGen       total 221696K, used 97219K [0x0000000080000000, 0x000000008d880000, 0x00000000d5580000)
  object space 221696K, 43% used [0x0000000080000000,0x0000000085ef0e50,0x000000008d880000)
 Metaspace       used 94949K, capacity 98240K, committed 98560K, reserved 1136640K
  class space    used 11410K, capacity 11952K, committed 12032K, reserved 1048576K
2023-09-26T17:32:21.148+0600: 1234005.392: [GC (Allocation Failure) [PSYoungGen: 73060K->8562K(73728K)] 170280K->105934K(295424K), 0.0175471 secs] [Times: user=0.03 sys=0.01, real=0.02 secs] 
Heap after GC invocations=274 (full 3):
 PSYoungGen      total 73728K, used 8562K [0x00000000d5580000, 0x00000000daa80000, 0x0000000100000000)
  eden space 65024K, 0% used [0x00000000d5580000,0x00000000d5580000,0x00000000d9500000)
  from space 8704K, 98% used [0x00000000d9500000,0x00000000d9d5cba0,0x00000000d9d80000)
  to   space 11264K, 0% used [0x00000000d9f80000,0x00000000d9f80000,0x00000000daa80000)
 ParOldGen       total 221696K, used 97371K [0x0000000080000000, 0x000000008d880000, 0x00000000d5580000)
  object space 221696K, 43% used [0x0000000080000000,0x0000000085f16e50,0x000000008d880000)
 Metaspace       used 94949K, capacity 98240K, committed 98560K, reserved 1136640K
  class space    used 11410K, capacity 11952K, committed 12032K, reserved 1048576K
}
{Heap before GC invocations=275 (full 3):
 PSYoungGen      total 73728K, used 73586K [0x00000000d5580000, 0x00000000daa80000, 0x0000000100000000)
  eden space 65024K, 100% used [0x00000000d5580000,0x00000000d9500000,0x00000000d9500000)
  from space 8704K, 98% used [0x00000000d9500000,0x00000000d9d5cba0,0x00000000d9d80000)
  to   space 11264K, 0% used [0x00000000d9f80000,0x00000000d9f80000,0x00000000daa80000)
 ParOldGen       total 221696K, used 97371K [0x0000000080000000, 0x000000008d880000, 0x00000000d5580000)
  object space 221696K, 43% used [0x0000000080000000,0x0000000085f16e50,0x000000008d880000)
 Metaspace       used 94950K, capacity 98240K, committed 98560K, reserved 1136640K
  class space    used 11410K, capacity 11952K, committed 12032K, reserved 1048576K
2023-09-26T17:39:00.667+0600: 1234404.910: [GC (Allocation Failure) [PSYoungGen: 73586K->8724K(75264K)] 170958K->106202K(296960K), 0.0162685 secs] [Times: user=0.02 sys=0.01, real=0.02 secs] 
Heap after GC invocations=275 (full 3):
 PSYoungGen      total 75264K, used 8724K [0x00000000d5580000, 0x00000000dab80000, 0x0000000100000000)
  eden space 64000K, 0% used [0x00000000d5580000,0x00000000d5580000,0x00000000d9400000)
  from space 11264K, 77% used [0x00000000d9f80000,0x00000000da805390,0x00000000daa80000)
  to   space 11776K, 0% used [0x00000000d9400000,0x00000000d9400000,0x00000000d9f80000)
 ParOldGen       total 221696K, used 97477K [0x0000000080000000, 0x000000008d880000, 0x00000000d5580000)
  object space 221696K, 43% used [0x0000000080000000,0x0000000085f316b8,0x000000008d880000)
 Metaspace       used 94950K, capacity 98240K, committed 98560K, reserved 1136640K
  class space    used 11410K, capacity 11952K, committed 12032K, reserved 1048576K
}
{Heap before GC invocations=276 (full 3):
 PSYoungGen      total 75264K, used 72716K [0x00000000d5580000, 0x00000000dab80000, 0x0000000100000000)
  eden space 64000K, 99% used [0x00000000d5580000,0x00000000d93fdc88,0x00000000d9400000)
  from space 11264K, 77% used [0x00000000d9f80000,0x00000000da805390,0x00000000daa80000)
  to   space 11776K, 0% used [0x00000000d9400000,0x00000000d9400000,0x00000000d9f80000)
 ParOldGen       total 221696K, used 97477K [0x0000000080000000, 0x000000008d880000, 0x00000000d5580000)
  object space 221696K, 43% used [0x0000000080000000,0x0000000085f316b8,0x000000008d880000)
 Metaspace       used 94950K, capacity 98240K, committed 98560K, reserved 1136640K
  class space    used 11410K, capacity 11952K, committed 12032K, reserved 1048576K
2023-09-26T17:56:17.185+0600: 1235441.428: [GC (Allocation Failure) [PSYoungGen: 72716K->7716K(72192K)] 170193K->105279K(293888K), 0.0099451 secs] [Times: user=0.02 sys=0.00, real=0.01 secs] 
Heap after GC invocations=276 (full 3):
 PSYoungGen      total 72192K, used 7716K [0x00000000d5580000, 0x00000000daa80000, 0x0000000100000000)
  eden space 64000K, 0% used [0x00000000d5580000,0x00000000d5580000,0x00000000d9400000)
  from space 8192K, 94% used [0x00000000d9400000,0x00000000d9b89080,0x00000000d9c00000)
  to   space 11776K, 0% used [0x00000000d9f00000,0x00000000d9f00000,0x00000000daa80000)
 ParOldGen       total 221696K, used 97563K [0x0000000080000000, 0x000000008d880000, 0x00000000d5580000)
  object space 221696K, 44% used [0x0000000080000000,0x0000000085f46eb0,0x000000008d880000)
 Metaspace       used 94950K, capacity 98240K, committed 98560K, reserved 1136640K
  class space    used 11410K, capacity 11952K, committed 12032K, reserved 1048576K
}
{Heap before GC invocations=277 (full 3):
 PSYoungGen      total 72192K, used 71711K [0x00000000d5580000, 0x00000000daa80000, 0x0000000100000000)
  eden space 64000K, 99% used [0x00000000d5580000,0x00000000d93fecc0,0x00000000d9400000)
  from space 8192K, 94% used [0x00000000d9400000,0x00000000d9b89080,0x00000000d9c00000)
  to   space 11776K, 0% used [0x00000000d9f00000,0x00000000d9f00000,0x00000000daa80000)
 ParOldGen       total 221696K, used 97563K [0x0000000080000000, 0x000000008d880000, 0x00000000d5580000)
  object space 221696K, 44% used [0x0000000080000000,0x0000000085f46eb0,0x000000008d880000)
 Metaspace       used 94950K, capacity 98240K, committed 98560K, reserved 1136640K
  class space    used 11410K, capacity 11952K, committed 12032K, reserved 1048576K
2023-09-26T18:22:31.989+0600: 1237016.232: [GC (Allocation Failure) [PSYoungGen: 71711K->7141K(75776K)] 169274K->104761K(297472K), 0.0154430 secs] [Times: user=0.03 sys=0.00, real=0.02 secs] 
Heap after GC invocations=277 (full 3):
 PSYoungGen      total 75776K, used 7141K [0x00000000d5580000, 0x00000000daa80000, 0x0000000100000000)
  eden space 64000K, 0% used [0x00000000d5580000,0x00000000d5580000,0x00000000d9400000)
  from space 11776K, 60% used [0x00000000d9f00000,0x00000000da5f9730,0x00000000daa80000)
  to   space 11264K, 0% used [0x00000000d9400000,0x00000000d9400000,0x00000000d9f00000)
 ParOldGen       total 221696K, used 97619K [0x0000000080000000, 0x000000008d880000, 0x00000000d5580000)
  object space 221696K, 44% used [0x0000000080000000,0x0000000085f54ee0,0x000000008d880000)
 Metaspace       used 94950K, capacity 98240K, committed 98560K, reserved 1136640K
  class space    used 11410K, capacity 11952K, committed 12032K, reserved 1048576K
}
{Heap before GC invocations=278 (full 3):
 PSYoungGen      total 75776K, used 71141K [0x00000000d5580000, 0x00000000daa80000, 0x0000000100000000)
  eden space 64000K, 100% used [0x00000000d5580000,0x00000000d9400000,0x00000000d9400000)
  from space 11776K, 60% used [0x00000000d9f00000,0x00000000da5f9730,0x00000000daa80000)
  to   space 11264K, 0% used [0x00000000d9400000,0x00000000d9400000,0x00000000d9f00000)
 ParOldGen       total 221696K, used 97619K [0x0000000080000000, 0x000000008d880000, 0x00000000d5580000)
  object space 221696K, 44% used [0x0000000080000000,0x0000000085f54ee0,0x000000008d880000)
 Metaspace       used 94950K, capacity 98240K, committed 98560K, reserved 1136640K
  class space    used 11410K, capacity 11952K, committed 12032K, reserved 1048576K
2023-09-26T18:44:12.513+0600: 1238316.757: [GC (Allocation Failure) [PSYoungGen: 71141K->5719K(75264K)] 168761K->103530K(296960K), 0.0196550 secs] [Times: user=0.03 sys=0.00, real=0.01 secs] 
Heap after GC invocations=278 (full 3):
 PSYoungGen      total 75264K, used 5719K [0x00000000d5580000, 0x00000000daa80000, 0x0000000100000000)
  eden space 64000K, 0% used [0x00000000d5580000,0x00000000d5580000,0x00000000d9400000)
  from space 11264K, 50% used [0x00000000d9400000,0x00000000d9995cb0,0x00000000d9f00000)
  to   space 11264K, 0% used [0x00000000d9f80000,0x00000000d9f80000,0x00000000daa80000)
 ParOldGen       total 221696K, used 97811K [0x0000000080000000, 0x000000008d880000, 0x00000000d5580000)
  object space 221696K, 44% used [0x0000000080000000,0x0000000085f84ee0,0x000000008d880000)
 Metaspace       used 94950K, capacity 98240K, committed 98560K, reserved 1136640K
  class space    used 11410K, capacity 11952K, committed 12032K, reserved 1048576K
}
{Heap before GC invocations=279 (full 3):
 PSYoungGen      total 75264K, used 69719K [0x00000000d5580000, 0x00000000daa80000, 0x0000000100000000)
  eden space 64000K, 100% used [0x00000000d5580000,0x00000000d9400000,0x00000000d9400000)
  from space 11264K, 50% used [0x00000000d9400000,0x00000000d9995cb0,0x00000000d9f00000)
  to   space 11264K, 0% used [0x00000000d9f80000,0x00000000d9f80000,0x00000000daa80000)
 ParOldGen       total 221696K, used 97811K [0x0000000080000000, 0x000000008d880000, 0x00000000d5580000)
  object space 221696K, 44% used [0x0000000080000000,0x0000000085f84ee0,0x000000008d880000)
 Metaspace       used 94951K, capacity 98240K, committed 98560K, reserved 1136640K
  class space    used 11410K, capacity 11952K, committed 12032K, reserved 1048576K
2023-09-26T19:24:18.703+0600: 1240722.946: [GC (Allocation Failure) [PSYoungGen: 69719K->4678K(76288K)] 167530K->102505K(297984K), 0.0173607 secs] [Times: user=0.02 sys=0.00, real=0.02 secs] 
Heap after GC invocations=279 (full 3):
 PSYoungGen      total 76288K, used 4678K [0x00000000d5580000, 0x00000000daa80000, 0x0000000100000000)
  eden space 65024K, 0% used [0x00000000d5580000,0x00000000d5580000,0x00000000d9500000)
  from space 11264K, 41% used [0x00000000d9f80000,0x00000000da411800,0x00000000daa80000)
  to   space 10752K, 0% used [0x00000000d9500000,0x00000000d9500000,0x00000000d9f80000)
 ParOldGen       total 221696K, used 97827K [0x0000000080000000, 0x000000008d880000, 0x00000000d5580000)
  object space 221696K, 44% used [0x0000000080000000,0x0000000085f88ee0,0x000000008d880000)
 Metaspace       used 94951K, capacity 98240K, committed 98560K, reserved 1136640K
  class space    used 11410K, capacity 11952K, committed 12032K, reserved 1048576K
}
{Heap before GC invocations=280 (full 3):
 PSYoungGen      total 76288K, used 69702K [0x00000000d5580000, 0x00000000daa80000, 0x0000000100000000)
  eden space 65024K, 100% used [0x00000000d5580000,0x00000000d9500000,0x00000000d9500000)
  from space 11264K, 41% used [0x00000000d9f80000,0x00000000da411800,0x00000000daa80000)
  to   space 10752K, 0% used [0x00000000d9500000,0x00000000d9500000,0x00000000d9f80000)
 ParOldGen       total 221696K, used 97827K [0x0000000080000000, 0x000000008d880000, 0x00000000d5580000)
  object space 221696K, 44% used [0x0000000080000000,0x0000000085f88ee0,0x000000008d880000)
 Metaspace       used 94951K, capacity 98240K, committed 98560K, reserved 1136640K
  class space    used 11410K, capacity 11952K, committed 12032K, reserved 1048576K
2023-09-26T20:18:31.437+0600: 1243975.680: [GC (Allocation Failure) [PSYoungGen: 69702K->3301K(75776K)] 167529K->101145K(297472K), 0.0158413 secs] [Times: user=0.03 sys=0.00, real=0.01 secs] 
Heap after GC invocations=280 (full 3):
 PSYoungGen      total 75776K, used 3301K [0x00000000d5580000, 0x00000000daa80000, 0x0000000100000000)
  eden space 65024K, 0% used [0x00000000d5580000,0x00000000d5580000,0x00000000d9500000)
  from space 10752K, 30% used [0x00000000d9500000,0x00000000d9839790,0x00000000d9f80000)
  to   space 11264K, 0% used [0x00000000d9f80000,0x00000000d9f80000,0x00000000daa80000)
 ParOldGen       total 221696K, used 97843K [0x0000000080000000, 0x000000008d880000, 0x00000000d5580000)
  object space 221696K, 44% used [0x0000000080000000,0x0000000085f8cee0,0x000000008d880000)
 Metaspace       used 94951K, capacity 98240K, committed 98560K, reserved 1136640K
  class space    used 11410K, capacity 11952K, committed 12032K, reserved 1048576K
}
{Heap before GC invocations=281 (full 3):
 PSYoungGen      total 75776K, used 68325K [0x00000000d5580000, 0x00000000daa80000, 0x0000000100000000)
  eden space 65024K, 100% used [0x00000000d5580000,0x00000000d9500000,0x00000000d9500000)
  from space 10752K, 30% used [0x00000000d9500000,0x00000000d9839790,0x00000000d9f80000)
  to   space 11264K, 0% used [0x00000000d9f80000,0x00000000d9f80000,0x00000000daa80000)
 ParOldGen       total 221696K, used 97843K [0x0000000080000000, 0x000000008d880000, 0x00000000d5580000)
  object space 221696K, 44% used [0x0000000080000000,0x0000000085f8cee0,0x000000008d880000)
 Metaspace       used 94954K, capacity 98240K, committed 98560K, reserved 1136640K
  class space    used 11410K, capacity 11952K, committed 12032K, reserved 1048576K
2023-09-26T20:55:13.240+0600: 1246177.483: [GC (Allocation Failure) [PSYoungGen: 68325K->4005K(75776K)] 166169K->101857K(297472K), 0.0127206 secs] [Times: user=0.02 sys=0.00, real=0.01 secs] 
Heap after GC invocations=281 (full 3):
 PSYoungGen      total 75776K, used 4005K [0x00000000d5580000, 0x00000000daa80000, 0x0000000100000000)
  eden space 64512K, 0% used [0x00000000d5580000,0x00000000d5580000,0x00000000d9480000)
  from space 11264K, 35% used [0x00000000d9f80000,0x00000000da369760,0x00000000daa80000)
  to   space 11264K, 0% used [0x00000000d9480000,0x00000000d9480000,0x00000000d9f80000)
 ParOldGen       total 221696K, used 97851K [0x0000000080000000, 0x000000008d880000, 0x00000000d5580000)
  object space 221696K, 44% used [0x0000000080000000,0x0000000085f8eee0,0x000000008d880000)
 Metaspace       used 94954K, capacity 98240K, committed 98560K, reserved 1136640K
  class space    used 11410K, capacity 11952K, committed 12032K, reserved 1048576K
}
{Heap before GC invocations=282 (full 3):
 PSYoungGen      total 75776K, used 68517K [0x00000000d5580000, 0x00000000daa80000, 0x0000000100000000)
  eden space 64512K, 100% used [0x00000000d5580000,0x00000000d9480000,0x00000000d9480000)
  from space 11264K, 35% used [0x00000000d9f80000,0x00000000da369760,0x00000000daa80000)
  to   space 11264K, 0% used [0x00000000d9480000,0x00000000d9480000,0x00000000d9f80000)
 ParOldGen       total 221696K, used 97851K [0x0000000080000000, 0x000000008d880000, 0x00000000d5580000)
  object space 221696K, 44% used [0x0000000080000000,0x0000000085f8eee0,0x000000008d880000)
 Metaspace       used 94954K, capacity 98240K, committed 98560K, reserved 1136640K
  class space    used 11410K, capacity 11952K, committed 12032K, reserved 1048576K
2023-09-26T21:46:11.404+0600: 1249235.648: [GC (Allocation Failure) [PSYoungGen: 68517K->3762K(75776K)] 166369K->101645K(297472K), 0.0126513 secs] [Times: user=0.02 sys=0.00, real=0.01 secs] 
Heap after GC invocations=282 (full 3):
 PSYoungGen      total 75776K, used 3762K [0x00000000d5580000, 0x00000000daa80000, 0x0000000100000000)
  eden space 64512K, 0% used [0x00000000d5580000,0x00000000d5580000,0x00000000d9480000)
  from space 11264K, 33% used [0x00000000d9480000,0x00000000d982c840,0x00000000d9f80000)
  to   space 10752K, 0% used [0x00000000da000000,0x00000000da000000,0x00000000daa80000)
 ParOldGen       total 221696K, used 97883K [0x0000000080000000, 0x000000008d880000, 0x00000000d5580000)
  object space 221696K, 44% used [0x0000000080000000,0x0000000085f96ee0,0x000000008d880000)
 Metaspace       used 94954K, capacity 98240K, committed 98560K, reserved 1136640K
  class space    used 11410K, capacity 11952K, committed 12032K, reserved 1048576K
}
{Heap before GC invocations=283 (full 3):
 PSYoungGen      total 75776K, used 68274K [0x00000000d5580000, 0x00000000daa80000, 0x0000000100000000)
  eden space 64512K, 100% used [0x00000000d5580000,0x00000000d9480000,0x00000000d9480000)
  from space 11264K, 33% used [0x00000000d9480000,0x00000000d982c840,0x00000000d9f80000)
  to   space 10752K, 0% used [0x00000000da000000,0x00000000da000000,0x00000000daa80000)
 ParOldGen       total 221696K, used 97883K [0x0000000080000000, 0x000000008d880000, 0x00000000d5580000)
  object space 221696K, 44% used [0x0000000080000000,0x0000000085f96ee0,0x000000008d880000)
 Metaspace       used 94954K, capacity 98240K, committed 98560K, reserved 1136640K
  class space    used 11410K, capacity 11952K, committed 12032K, reserved 1048576K
2023-09-26T22:27:57.383+0600: 1251741.626: [GC (Allocation Failure) [PSYoungGen: 68274K->3891K(76288K)] 166157K->101799K(297984K), 0.0173089 secs] [Times: user=0.02 sys=0.00, real=0.02 secs] 
Heap after GC invocations=283 (full 3):
 PSYoungGen      total 76288K, used 3891K [0x00000000d5580000, 0x00000000daa80000, 0x0000000100000000)
  eden space 65536K, 0% used [0x00000000d5580000,0x00000000d5580000,0x00000000d9580000)
  from space 10752K, 36% used [0x00000000da000000,0x00000000da3ccfd0,0x00000000daa80000)
  to   space 10752K, 0% used [0x00000000d9580000,0x00000000d9580000,0x00000000da000000)
 ParOldGen       total 221696K, used 97907K [0x0000000080000000, 0x000000008d880000, 0x00000000d5580000)
  object space 221696K, 44% used [0x0000000080000000,0x0000000085f9cee0,0x000000008d880000)
 Metaspace       used 94954K, capacity 98240K, committed 98560K, reserved 1136640K
  class space    used 11410K, capacity 11952K, committed 12032K, reserved 1048576K
}
{Heap before GC invocations=284 (full 3):
 PSYoungGen      total 76288K, used 69427K [0x00000000d5580000, 0x00000000daa80000, 0x0000000100000000)
  eden space 65536K, 100% used [0x00000000d5580000,0x00000000d9580000,0x00000000d9580000)
  from space 10752K, 36% used [0x00000000da000000,0x00000000da3ccfd0,0x00000000daa80000)
  to   space 10752K, 0% used [0x00000000d9580000,0x00000000d9580000,0x00000000da000000)
 ParOldGen       total 221696K, used 97907K [0x0000000080000000, 0x000000008d880000, 0x00000000d5580000)
  object space 221696K, 44% used [0x0000000080000000,0x0000000085f9cee0,0x000000008d880000)
 Metaspace       used 94954K, capacity 98240K, committed 98560K, reserved 1136640K
  class space    used 11410K, capacity 11952K, committed 12032K, reserved 1048576K
2023-09-26T23:22:38.094+0600: 1255022.337: [GC (Allocation Failure) [PSYoungGen: 69427K->3251K(76288K)] 167335K->101199K(297984K), 0.0122191 secs] [Times: user=0.02 sys=0.00, real=0.01 secs] 
Heap after GC invocations=284 (full 3):
 PSYoungGen      total 76288K, used 3251K [0x00000000d5580000, 0x00000000daa80000, 0x0000000100000000)
  eden space 65536K, 0% used [0x00000000d5580000,0x00000000d5580000,0x00000000d9580000)
  from space 10752K, 30% used [0x00000000d9580000,0x00000000d98acf80,0x00000000da000000)
  to   space 10752K, 0% used [0x00000000da000000,0x00000000da000000,0x00000000daa80000)
 ParOldGen       total 221696K, used 97947K [0x0000000080000000, 0x000000008d880000, 0x00000000d5580000)
  object space 221696K, 44% used [0x0000000080000000,0x0000000085fa6ee0,0x000000008d880000)
 Metaspace       used 94954K, capacity 98240K, committed 98560K, reserved 1136640K
  class space    used 11410K, capacity 11952K, committed 12032K, reserved 1048576K
}
{Heap before GC invocations=285 (full 3):
 PSYoungGen      total 76288K, used 68787K [0x00000000d5580000, 0x00000000daa80000, 0x0000000100000000)
  eden space 65536K, 100% used [0x00000000d5580000,0x00000000d9580000,0x00000000d9580000)
  from space 10752K, 30% used [0x00000000d9580000,0x00000000d98acf80,0x00000000da000000)
  to   space 10752K, 0% used [0x00000000da000000,0x00000000da000000,0x00000000daa80000)
 ParOldGen       total 221696K, used 97947K [0x0000000080000000, 0x000000008d880000, 0x00000000d5580000)
  object space 221696K, 44% used [0x0000000080000000,0x0000000085fa6ee0,0x000000008d880000)
 Metaspace       used 94954K, capacity 98240K, committed 98560K, reserved 1136640K
  class space    used 11410K, capacity 11952K, committed 12032K, reserved 1048576K
2023-09-27T00:16:49.552+0600: 1258273.795: [GC (Allocation Failure) [PSYoungGen: 68787K->3173K(76288K)] 166735K->101169K(297984K), 0.0126350 secs] [Times: user=0.02 sys=0.00, real=0.02 secs] 
Heap after GC invocations=285 (full 3):
 PSYoungGen      total 76288K, used 3173K [0x00000000d5580000, 0x00000000daa80000, 0x0000000100000000)
  eden space 65536K, 0% used [0x00000000d5580000,0x00000000d5580000,0x00000000d9580000)
  from space 10752K, 29% used [0x00000000da000000,0x00000000da319790,0x00000000daa80000)
  to   space 10752K, 0% used [0x00000000d9580000,0x00000000d9580000,0x00000000da000000)
 ParOldGen       total 221696K, used 97995K [0x0000000080000000, 0x000000008d880000, 0x00000000d5580000)
  object space 221696K, 44% used [0x0000000080000000,0x0000000085fb2ee0,0x000000008d880000)
 Metaspace       used 94954K, capacity 98240K, committed 98560K, reserved 1136640K
  class space    used 11410K, capacity 11952K, committed 12032K, reserved 1048576K
}
{Heap before GC invocations=286 (full 3):
 PSYoungGen      total 76288K, used 68709K [0x00000000d5580000, 0x00000000daa80000, 0x0000000100000000)
  eden space 65536K, 100% used [0x00000000d5580000,0x00000000d9580000,0x00000000d9580000)
  from space 10752K, 29% used [0x00000000da000000,0x00000000da319790,0x00000000daa80000)
  to   space 10752K, 0% used [0x00000000d9580000,0x00000000d9580000,0x00000000da000000)
 ParOldGen       total 221696K, used 97995K [0x0000000080000000, 0x000000008d880000, 0x00000000d5580000)
  object space 221696K, 44% used [0x0000000080000000,0x0000000085fb2ee0,0x000000008d880000)
 Metaspace       used 94954K, capacity 98240K, committed 98560K, reserved 1136640K
  class space    used 11410K, capacity 11952K, committed 12032K, reserved 1048576K
2023-09-27T01:12:05.475+0600: 1261589.718: [GC (Allocation Failure) [PSYoungGen: 68709K->3155K(76288K)] 166705K->101217K(297984K), 0.0150081 secs] [Times: user=0.03 sys=0.00, real=0.01 secs] 
Heap after GC invocations=286 (full 3):
 PSYoungGen      total 76288K, used 3155K [0x00000000d5580000, 0x00000000daa80000, 0x0000000100000000)
  eden space 65536K, 0% used [0x00000000d5580000,0x00000000d5580000,0x00000000d9580000)
  from space 10752K, 29% used [0x00000000d9580000,0x00000000d9894f80,0x00000000da000000)
  to   space 10240K, 0% used [0x00000000da080000,0x00000000da080000,0x00000000daa80000)
 ParOldGen       total 221696K, used 98061K [0x0000000080000000, 0x000000008d880000, 0x00000000d5580000)
  object space 221696K, 44% used [0x0000000080000000,0x0000000085fc3700,0x000000008d880000)
 Metaspace       used 94954K, capacity 98240K, committed 98560K, reserved 1136640K
  class space    used 11410K, capacity 11952K, committed 12032K, reserved 1048576K
}
{Heap before GC invocations=287 (full 3):
 PSYoungGen      total 76288K, used 68691K [0x00000000d5580000, 0x00000000daa80000, 0x0000000100000000)
  eden space 65536K, 100% used [0x00000000d5580000,0x00000000d9580000,0x00000000d9580000)
  from space 10752K, 29% used [0x00000000d9580000,0x00000000d9894f80,0x00000000da000000)
  to   space 10240K, 0% used [0x00000000da080000,0x00000000da080000,0x00000000daa80000)
 ParOldGen       total 221696K, used 98061K [0x0000000080000000, 0x000000008d880000, 0x00000000d5580000)
  object space 221696K, 44% used [0x0000000080000000,0x0000000085fc3700,0x000000008d880000)
 Metaspace       used 94954K, capacity 98240K, committed 98560K, reserved 1136640K
  class space    used 11410K, capacity 11952K, committed 12032K, reserved 1048576K
2023-09-27T02:01:04.760+0600: 1264529.003: [GC (Allocation Failure) [PSYoungGen: 68691K->3139K(76800K)] 166753K->101241K(298496K), 0.0144335 secs] [Times: user=0.02 sys=0.00, real=0.02 secs] 
Heap after GC invocations=287 (full 3):
 PSYoungGen      total 76800K, used 3139K [0x00000000d5580000, 0x00000000daa80000, 0x0000000100000000)
  eden space 66560K, 0% used [0x00000000d5580000,0x00000000d5580000,0x00000000d9680000)
  from space 10240K, 30% used [0x00000000da080000,0x00000000da390fa0,0x00000000daa80000)
  to   space 10240K, 0% used [0x00000000d9680000,0x00000000d9680000,0x00000000da080000)
 ParOldGen       total 221696K, used 98101K [0x0000000080000000, 0x000000008d880000, 0x00000000d5580000)
  object space 221696K, 44% used [0x0000000080000000,0x0000000085fcd700,0x000000008d880000)
 Metaspace       used 94954K, capacity 98240K, committed 98560K, reserved 1136640K
  class space    used 11410K, capacity 11952K, committed 12032K, reserved 1048576K
}
{Heap before GC invocations=288 (full 3):
 PSYoungGen      total 76800K, used 69699K [0x00000000d5580000, 0x00000000daa80000, 0x0000000100000000)
  eden space 66560K, 100% used [0x00000000d5580000,0x00000000d9680000,0x00000000d9680000)
  from space 10240K, 30% used [0x00000000da080000,0x00000000da390fa0,0x00000000daa80000)
  to   space 10240K, 0% used [0x00000000d9680000,0x00000000d9680000,0x00000000da080000)
 ParOldGen       total 221696K, used 98101K [0x0000000080000000, 0x000000008d880000, 0x00000000d5580000)
  object space 221696K, 44% used [0x0000000080000000,0x0000000085fcd700,0x000000008d880000)
 Metaspace       used 94954K, capacity 98240K, committed 98560K, reserved 1136640K
  class space    used 11410K, capacity 11952K, committed 12032K, reserved 1048576K
2023-09-27T02:54:18.478+0600: 1267722.721: [GC (Allocation Failure) [PSYoungGen: 69699K->3075K(76800K)] 167801K->101249K(298496K), 0.0139897 secs] [Times: user=0.02 sys=0.00, real=0.01 secs] 
Heap after GC invocations=288 (full 3):
 PSYoungGen      total 76800K, used 3075K [0x00000000d5580000, 0x00000000daa80000, 0x0000000100000000)
  eden space 66560K, 0% used [0x00000000d5580000,0x00000000d5580000,0x00000000d9680000)
  from space 10240K, 30% used [0x00000000d9680000,0x00000000d9980fa0,0x00000000da080000)
  to   space 10240K, 0% used [0x00000000da080000,0x00000000da080000,0x00000000daa80000)
 ParOldGen       total 221696K, used 98173K [0x0000000080000000, 0x000000008d880000, 0x00000000d5580000)
  object space 221696K, 44% used [0x0000000080000000,0x0000000085fdf700,0x000000008d880000)
 Metaspace       used 94954K, capacity 98240K, committed 98560K, reserved 1136640K
  class space    used 11410K, capacity 11952K, committed 12032K, reserved 1048576K
}
{Heap before GC invocations=289 (full 3):
 PSYoungGen      total 76800K, used 69635K [0x00000000d5580000, 0x00000000daa80000, 0x0000000100000000)
  eden space 66560K, 100% used [0x00000000d5580000,0x00000000d9680000,0x00000000d9680000)
  from space 10240K, 30% used [0x00000000d9680000,0x00000000d9980fa0,0x00000000da080000)
  to   space 10240K, 0% used [0x00000000da080000,0x00000000da080000,0x00000000daa80000)
 ParOldGen       total 221696K, used 98173K [0x0000000080000000, 0x000000008d880000, 0x00000000d5580000)
  object space 221696K, 44% used [0x0000000080000000,0x0000000085fdf700,0x000000008d880000)
 Metaspace       used 94954K, capacity 98240K, committed 98560K, reserved 1136640K
  class space    used 11410K, capacity 11952K, committed 12032K, reserved 1048576K
2023-09-27T03:49:34.158+0600: 1271038.401: [GC (Allocation Failure) [PSYoungGen: 69635K->2883K(77312K)] 167809K->101236K(299008K), 0.0161618 secs] [Times: user=0.03 sys=0.00, real=0.02 secs] 
Heap after GC invocations=289 (full 3):
 PSYoungGen      total 77312K, used 2883K [0x00000000d5580000, 0x00000000daa80000, 0x0000000100000000)
  eden space 67072K, 0% used [0x00000000d5580000,0x00000000d5580000,0x00000000d9700000)
  from space 10240K, 28% used [0x00000000da080000,0x00000000da350fa0,0x00000000daa80000)
  to   space 9728K, 0% used [0x00000000d9700000,0x00000000d9700000,0x00000000da080000)
 ParOldGen       total 221696K, used 98352K [0x0000000080000000, 0x000000008d880000, 0x00000000d5580000)
  object space 221696K, 44% used [0x0000000080000000,0x000000008600c1c8,0x000000008d880000)
 Metaspace       used 94954K, capacity 98240K, committed 98560K, reserved 1136640K
  class space    used 11410K, capacity 11952K, committed 12032K, reserved 1048576K
}
{Heap before GC invocations=290 (full 3):
 PSYoungGen      total 77312K, used 69955K [0x00000000d5580000, 0x00000000daa80000, 0x0000000100000000)
  eden space 67072K, 100% used [0x00000000d5580000,0x00000000d9700000,0x00000000d9700000)
  from space 10240K, 28% used [0x00000000da080000,0x00000000da350fa0,0x00000000daa80000)
  to   space 9728K, 0% used [0x00000000d9700000,0x00000000d9700000,0x00000000da080000)
 ParOldGen       total 221696K, used 98352K [0x0000000080000000, 0x000000008d880000, 0x00000000d5580000)
  object space 221696K, 44% used [0x0000000080000000,0x000000008600c1c8,0x000000008d880000)
 Metaspace       used 94954K, capacity 98240K, committed 98560K, reserved 1136640K
  class space    used 11410K, capacity 11952K, committed 12032K, reserved 1048576K
2023-09-27T04:46:22.961+0600: 1274447.205: [GC (Allocation Failure) [PSYoungGen: 69955K->2707K(76800K)] 168308K->101238K(298496K), 0.0151151 secs] [Times: user=0.02 sys=0.00, real=0.02 secs] 
Heap after GC invocations=290 (full 3):
 PSYoungGen      total 76800K, used 2707K [0x00000000d5580000, 0x00000000daa80000, 0x0000000100000000)
  eden space 67072K, 0% used [0x00000000d5580000,0x00000000d5580000,0x00000000d9700000)
  from space 9728K, 27% used [0x00000000d9700000,0x00000000d99a4f80,0x00000000da080000)
  to   space 9728K, 0% used [0x00000000da100000,0x00000000da100000,0x00000000daa80000)
 ParOldGen       total 221696K, used 98530K [0x0000000080000000, 0x000000008d880000, 0x00000000d5580000)
  object space 221696K, 44% used [0x0000000080000000,0x0000000086038b10,0x000000008d880000)
 Metaspace       used 94954K, capacity 98240K, committed 98560K, reserved 1136640K
  class space    used 11410K, capacity 11952K, committed 12032K, reserved 1048576K
}
{Heap before GC invocations=291 (full 3):
 PSYoungGen      total 76800K, used 69779K [0x00000000d5580000, 0x00000000daa80000, 0x0000000100000000)
  eden space 67072K, 100% used [0x00000000d5580000,0x00000000d9700000,0x00000000d9700000)
  from space 9728K, 27% used [0x00000000d9700000,0x00000000d99a4f80,0x00000000da080000)
  to   space 9728K, 0% used [0x00000000da100000,0x00000000da100000,0x00000000daa80000)
 ParOldGen       total 221696K, used 98530K [0x0000000080000000, 0x000000008d880000, 0x00000000d5580000)
  object space 221696K, 44% used [0x0000000080000000,0x0000000086038b10,0x000000008d880000)
 Metaspace       used 94954K, capacity 98240K, committed 98560K, reserved 1136640K
  class space    used 11410K, capacity 11952K, committed 12032K, reserved 1048576K
2023-09-27T05:41:21.342+0600: 1277745.586: [GC (Allocation Failure) [PSYoungGen: 69779K->2611K(77824K)] 168310K->101255K(299520K), 0.0146201 secs] [Times: user=0.02 sys=0.00, real=0.02 secs] 
Heap after GC invocations=291 (full 3):
 PSYoungGen      total 77824K, used 2611K [0x00000000d5580000, 0x00000000daa80000, 0x0000000100000000)
  eden space 68096K, 0% used [0x00000000d5580000,0x00000000d5580000,0x00000000d9800000)
  from space 9728K, 26% used [0x00000000da100000,0x00000000da38cf80,0x00000000daa80000)
  to   space 9216K, 0% used [0x00000000d9800000,0x00000000d9800000,0x00000000da100000)
 ParOldGen       total 221696K, used 98644K [0x0000000080000000, 0x000000008d880000, 0x00000000d5580000)
  object space 221696K, 44% used [0x0000000080000000,0x0000000086055070,0x000000008d880000)
 Metaspace       used 94954K, capacity 98240K, committed 98560K, reserved 1136640K
  class space    used 11410K, capacity 11952K, committed 12032K, reserved 1048576K
}
{Heap before GC invocations=292 (full 3):
 PSYoungGen      total 77824K, used 70707K [0x00000000d5580000, 0x00000000daa80000, 0x0000000100000000)
  eden space 68096K, 100% used [0x00000000d5580000,0x00000000d9800000,0x00000000d9800000)
  from space 9728K, 26% used [0x00000000da100000,0x00000000da38cf80,0x00000000daa80000)
  to   space 9216K, 0% used [0x00000000d9800000,0x00000000d9800000,0x00000000da100000)
 ParOldGen       total 221696K, used 98644K [0x0000000080000000, 0x000000008d880000, 0x00000000d5580000)
  object space 221696K, 44% used [0x0000000080000000,0x0000000086055070,0x000000008d880000)
 Metaspace       used 94954K, capacity 98240K, committed 98560K, reserved 1136640K
  class space    used 11410K, capacity 11952K, committed 12032K, reserved 1048576K
2023-09-27T06:38:19.085+0600: 1281163.328: [GC (Allocation Failure) [PSYoungGen: 70707K->2496K(77312K)] 169351K->101257K(299008K), 0.0133334 secs] [Times: user=0.03 sys=0.00, real=0.01 secs] 
Heap after GC invocations=292 (full 3):
 PSYoungGen      total 77312K, used 2496K [0x00000000d5580000, 0x00000000daa80000, 0x0000000100000000)
  eden space 68096K, 0% used [0x00000000d5580000,0x00000000d5580000,0x00000000d9800000)
  from space 9216K, 27% used [0x00000000d9800000,0x00000000d9a70000,0x00000000da100000)
  to   space 9216K, 0% used [0x00000000da180000,0x00000000da180000,0x00000000daa80000)
 ParOldGen       total 221696K, used 98761K [0x0000000080000000, 0x000000008d880000, 0x00000000d5580000)
  object space 221696K, 44% used [0x0000000080000000,0x0000000086072408,0x000000008d880000)
 Metaspace       used 94954K, capacity 98240K, committed 98560K, reserved 1136640K
  class space    used 11410K, capacity 11952K, committed 12032K, reserved 1048576K
}
{Heap before GC invocations=293 (full 3):
 PSYoungGen      total 77312K, used 70592K [0x00000000d5580000, 0x00000000daa80000, 0x0000000100000000)
  eden space 68096K, 100% used [0x00000000d5580000,0x00000000d9800000,0x00000000d9800000)
  from space 9216K, 27% used [0x00000000d9800000,0x00000000d9a70000,0x00000000da100000)
  to   space 9216K, 0% used [0x00000000da180000,0x00000000da180000,0x00000000daa80000)
 ParOldGen       total 221696K, used 98761K [0x0000000080000000, 0x000000008d880000, 0x00000000d5580000)
  object space 221696K, 44% used [0x0000000080000000,0x0000000086072408,0x000000008d880000)
 Metaspace       used 94954K, capacity 98240K, committed 98560K, reserved 1136640K
  class space    used 11410K, capacity 11952K, committed 12032K, reserved 1048576K
2023-09-27T07:30:49.542+0600: 1284313.786: [GC (Allocation Failure) [PSYoungGen: 70592K->2336K(78336K)] 169353K->101214K(300032K), 0.0126513 secs] [Times: user=0.02 sys=0.00, real=0.02 secs] 
Heap after GC invocations=293 (full 3):
 PSYoungGen      total 78336K, used 2336K [0x00000000d5580000, 0x00000000daa80000, 0x0000000100000000)
  eden space 69120K, 0% used [0x00000000d5580000,0x00000000d5580000,0x00000000d9900000)
  from space 9216K, 25% used [0x00000000da180000,0x00000000da3c8000,0x00000000daa80000)
  to   space 8704K, 0% used [0x00000000d9900000,0x00000000d9900000,0x00000000da180000)
 ParOldGen       total 221696K, used 98878K [0x0000000080000000, 0x000000008d880000, 0x00000000d5580000)
  object space 221696K, 44% used [0x0000000080000000,0x000000008608f950,0x000000008d880000)
 Metaspace       used 94954K, capacity 98240K, committed 98560K, reserved 1136640K
  class space    used 11410K, capacity 11952K, committed 12032K, reserved 1048576K
}
{Heap before GC invocations=294 (full 3):
 PSYoungGen      total 78336K, used 71456K [0x00000000d5580000, 0x00000000daa80000, 0x0000000100000000)
  eden space 69120K, 100% used [0x00000000d5580000,0x00000000d9900000,0x00000000d9900000)
  from space 9216K, 25% used [0x00000000da180000,0x00000000da3c8000,0x00000000daa80000)
  to   space 8704K, 0% used [0x00000000d9900000,0x00000000d9900000,0x00000000da180000)
 ParOldGen       total 221696K, used 98878K [0x0000000080000000, 0x000000008d880000, 0x00000000d5580000)
  object space 221696K, 44% used [0x0000000080000000,0x000000008608f950,0x000000008d880000)
 Metaspace       used 94954K, capacity 98240K, committed 98560K, reserved 1136640K
  class space    used 11410K, capacity 11952K, committed 12032K, reserved 1048576K
2023-09-27T08:26:13.155+0600: 1287637.398: [GC (Allocation Failure) [PSYoungGen: 71456K->2336K(77824K)] 170334K->101249K(299520K), 0.0130939 secs] [Times: user=0.02 sys=0.01, real=0.01 secs] 
Heap after GC invocations=294 (full 3):
 PSYoungGen      total 77824K, used 2336K [0x00000000d5580000, 0x00000000daa80000, 0x0000000100000000)
  eden space 69120K, 0% used [0x00000000d5580000,0x00000000d5580000,0x00000000d9900000)
  from space 8704K, 26% used [0x00000000d9900000,0x00000000d9b48000,0x00000000da180000)
  to   space 8704K, 0% used [0x00000000da200000,0x00000000da200000,0x00000000daa80000)
 ParOldGen       total 221696K, used 98913K [0x0000000080000000, 0x000000008d880000, 0x00000000d5580000)
  object space 221696K, 44% used [0x0000000080000000,0x0000000086098548,0x000000008d880000)
 Metaspace       used 94954K, capacity 98240K, committed 98560K, reserved 1136640K
  class space    used 11410K, capacity 11952K, committed 12032K, reserved 1048576K
}
{Heap before GC invocations=295 (full 3):
 PSYoungGen      total 77824K, used 71456K [0x00000000d5580000, 0x00000000daa80000, 0x0000000100000000)
  eden space 69120K, 100% used [0x00000000d5580000,0x00000000d9900000,0x00000000d9900000)
  from space 8704K, 26% used [0x00000000d9900000,0x00000000d9b48000,0x00000000da180000)
  to   space 8704K, 0% used [0x00000000da200000,0x00000000da200000,0x00000000daa80000)
 ParOldGen       total 221696K, used 98913K [0x0000000080000000, 0x000000008d880000, 0x00000000d5580000)
  object space 221696K, 44% used [0x0000000080000000,0x0000000086098548,0x000000008d880000)
 Metaspace       used 94954K, capacity 98240K, committed 98560K, reserved 1136640K
  class space    used 11410K, capacity 11952K, committed 12032K, reserved 1048576K
2023-09-27T09:20:56.816+0600: 1290921.059: [GC (Allocation Failure) [PSYoungGen: 71456K->2368K(78848K)] 170369K->101281K(300544K), 0.0131731 secs] [Times: user=0.02 sys=0.00, real=0.01 secs] 
Heap after GC invocations=295 (full 3):
 PSYoungGen      total 78848K, used 2368K [0x00000000d5580000, 0x00000000daa80000, 0x0000000100000000)
  eden space 70144K, 0% used [0x00000000d5580000,0x00000000d5580000,0x00000000d9a00000)
  from space 8704K, 27% used [0x00000000da200000,0x00000000da450000,0x00000000daa80000)
  to   space 8192K, 0% used [0x00000000d9a00000,0x00000000d9a00000,0x00000000da200000)
 ParOldGen       total 221696K, used 98913K [0x0000000080000000, 0x000000008d880000, 0x00000000d5580000)
  object space 221696K, 44% used [0x0000000080000000,0x0000000086098548,0x000000008d880000)
 Metaspace       used 94954K, capacity 98240K, committed 98560K, reserved 1136640K
  class space    used 11410K, capacity 11952K, committed 12032K, reserved 1048576K
}
{Heap before GC invocations=296 (full 3):
 PSYoungGen      total 78848K, used 72512K [0x00000000d5580000, 0x00000000daa80000, 0x0000000100000000)
  eden space 70144K, 100% used [0x00000000d5580000,0x00000000d9a00000,0x00000000d9a00000)
  from space 8704K, 27% used [0x00000000da200000,0x00000000da450000,0x00000000daa80000)
  to   space 8192K, 0% used [0x00000000d9a00000,0x00000000d9a00000,0x00000000da200000)
 ParOldGen       total 221696K, used 98913K [0x0000000080000000, 0x000000008d880000, 0x00000000d5580000)
  object space 221696K, 44% used [0x0000000080000000,0x0000000086098548,0x000000008d880000)
 Metaspace       used 94954K, capacity 98240K, committed 98560K, reserved 1136640K
  class space    used 11410K, capacity 11952K, committed 12032K, reserved 1048576K
2023-09-27T10:09:41.796+0600: 1293846.039: [GC (Allocation Failure) [PSYoungGen: 72512K->3730K(78336K)] 171425K->102691K(300032K), 0.0152330 secs] [Times: user=0.02 sys=0.00, real=0.01 secs] 
Heap after GC invocations=296 (full 3):
 PSYoungGen      total 78336K, used 3730K [0x00000000d5580000, 0x00000000daa80000, 0x0000000100000000)
  eden space 70144K, 0% used [0x00000000d5580000,0x00000000d5580000,0x00000000d9a00000)
  from space 8192K, 45% used [0x00000000d9a00000,0x00000000d9da4970,0x00000000da200000)
  to   space 8192K, 0% used [0x00000000da280000,0x00000000da280000,0x00000000daa80000)
 ParOldGen       total 221696K, used 98961K [0x0000000080000000, 0x000000008d880000, 0x00000000d5580000)
  object space 221696K, 44% used [0x0000000080000000,0x00000000860a4548,0x000000008d880000)
 Metaspace       used 94954K, capacity 98240K, committed 98560K, reserved 1136640K
  class space    used 11410K, capacity 11952K, committed 12032K, reserved 1048576K
}
{Heap before GC invocations=297 (full 3):
 PSYoungGen      total 78336K, used 73874K [0x00000000d5580000, 0x00000000daa80000, 0x0000000100000000)
  eden space 70144K, 100% used [0x00000000d5580000,0x00000000d9a00000,0x00000000d9a00000)
  from space 8192K, 45% used [0x00000000d9a00000,0x00000000d9da4970,0x00000000da200000)
  to   space 8192K, 0% used [0x00000000da280000,0x00000000da280000,0x00000000daa80000)
 ParOldGen       total 221696K, used 98961K [0x0000000080000000, 0x000000008d880000, 0x00000000d5580000)
  object space 221696K, 44% used [0x0000000080000000,0x00000000860a4548,0x000000008d880000)
 Metaspace       used 94955K, capacity 98240K, committed 98560K, reserved 1136640K
  class space    used 11410K, capacity 11952K, committed 12032K, reserved 1048576K
2023-09-27T10:48:03.407+0600: 1296147.650: [GC (Allocation Failure) [PSYoungGen: 73874K->3216K(79360K)] 172835K->102217K(301056K), 0.0147732 secs] [Times: user=0.03 sys=0.00, real=0.01 secs] 
Heap after GC invocations=297 (full 3):
 PSYoungGen      total 79360K, used 3216K [0x00000000d5580000, 0x00000000daa80000, 0x0000000100000000)
  eden space 71168K, 0% used [0x00000000d5580000,0x00000000d5580000,0x00000000d9b00000)
  from space 8192K, 39% used [0x00000000da280000,0x00000000da5a4270,0x00000000daa80000)
  to   space 7680K, 0% used [0x00000000d9b00000,0x00000000d9b00000,0x00000000da280000)
 ParOldGen       total 221696K, used 99001K [0x0000000080000000, 0x000000008d880000, 0x00000000d5580000)
  object space 221696K, 44% used [0x0000000080000000,0x00000000860ae548,0x000000008d880000)
 Metaspace       used 94955K, capacity 98240K, committed 98560K, reserved 1136640K
  class space    used 11410K, capacity 11952K, committed 12032K, reserved 1048576K
}
{Heap before GC invocations=298 (full 3):
 PSYoungGen      total 79360K, used 74384K [0x00000000d5580000, 0x00000000daa80000, 0x0000000100000000)
  eden space 71168K, 100% used [0x00000000d5580000,0x00000000d9b00000,0x00000000d9b00000)
  from space 8192K, 39% used [0x00000000da280000,0x00000000da5a4270,0x00000000daa80000)
  to   space 7680K, 0% used [0x00000000d9b00000,0x00000000d9b00000,0x00000000da280000)
 ParOldGen       total 221696K, used 99001K [0x0000000080000000, 0x000000008d880000, 0x00000000d5580000)
  object space 221696K, 44% used [0x0000000080000000,0x00000000860ae548,0x000000008d880000)
 Metaspace       used 94960K, capacity 98240K, committed 98560K, reserved 1136640K
  class space    used 11410K, capacity 11952K, committed 12032K, reserved 1048576K
2023-09-27T11:29:14.543+0600: 1298618.786: [GC (Allocation Failure) [PSYoungGen: 74384K->4002K(78848K)] 173385K->103028K(300544K), 0.0141461 secs] [Times: user=0.02 sys=0.00, real=0.02 secs] 
Heap after GC invocations=298 (full 3):
 PSYoungGen      total 78848K, used 4002K [0x00000000d5580000, 0x00000000daa80000, 0x0000000100000000)
  eden space 71168K, 0% used [0x00000000d5580000,0x00000000d5580000,0x00000000d9b00000)
  from space 7680K, 52% used [0x00000000d9b00000,0x00000000d9ee8b90,0x00000000da280000)
  to   space 7680K, 0% used [0x00000000da300000,0x00000000da300000,0x00000000daa80000)
 ParOldGen       total 221696K, used 99025K [0x0000000080000000, 0x000000008d880000, 0x00000000d5580000)
  object space 221696K, 44% used [0x0000000080000000,0x00000000860b4548,0x000000008d880000)
 Metaspace       used 94960K, capacity 98240K, committed 98560K, reserved 1136640K
  class space    used 11410K, capacity 11952K, committed 12032K, reserved 1048576K
}
{Heap before GC invocations=299 (full 3):
 PSYoungGen      total 78848K, used 75170K [0x00000000d5580000, 0x00000000daa80000, 0x0000000100000000)
  eden space 71168K, 100% used [0x00000000d5580000,0x00000000d9b00000,0x00000000d9b00000)
  from space 7680K, 52% used [0x00000000d9b00000,0x00000000d9ee8b90,0x00000000da280000)
  to   space 7680K, 0% used [0x00000000da300000,0x00000000da300000,0x00000000daa80000)
 ParOldGen       total 221696K, used 99025K [0x0000000080000000, 0x000000008d880000, 0x00000000d5580000)
  object space 221696K, 44% used [0x0000000080000000,0x00000000860b4548,0x000000008d880000)
 Metaspace       used 94965K, capacity 98240K, committed 98560K, reserved 1136640K
  class space    used 11410K, capacity 11952K, committed 12032K, reserved 1048576K
2023-09-27T12:03:26.572+0600: 1300670.815: [GC (Allocation Failure) [PSYoungGen: 75170K->5491K(79360K)] 174196K->104516K(301056K), 0.0144219 secs] [Times: user=0.03 sys=0.00, real=0.02 secs] 
Heap after GC invocations=299 (full 3):
 PSYoungGen      total 79360K, used 5491K [0x00000000d5580000, 0x00000000daa80000, 0x0000000100000000)
  eden space 71680K, 0% used [0x00000000d5580000,0x00000000d5580000,0x00000000d9b80000)
  from space 7680K, 71% used [0x00000000da300000,0x00000000da85ce30,0x00000000daa80000)
  to   space 7680K, 0% used [0x00000000d9b80000,0x00000000d9b80000,0x00000000da300000)
 ParOldGen       total 221696K, used 99025K [0x0000000080000000, 0x000000008d880000, 0x00000000d5580000)
  object space 221696K, 44% used [0x0000000080000000,0x00000000860b4548,0x000000008d880000)
 Metaspace       used 94965K, capacity 98240K, committed 98560K, reserved 1136640K
  class space    used 11410K, capacity 11952K, committed 12032K, reserved 1048576K
}
{Heap before GC invocations=300 (full 3):
 PSYoungGen      total 79360K, used 77171K [0x00000000d5580000, 0x00000000daa80000, 0x0000000100000000)
  eden space 71680K, 100% used [0x00000000d5580000,0x00000000d9b80000,0x00000000d9b80000)
  from space 7680K, 71% used [0x00000000da300000,0x00000000da85ce30,0x00000000daa80000)
  to   space 7680K, 0% used [0x00000000d9b80000,0x00000000d9b80000,0x00000000da300000)
 ParOldGen       total 221696K, used 99025K [0x0000000080000000, 0x000000008d880000, 0x00000000d5580000)
  object space 221696K, 44% used [0x0000000080000000,0x00000000860b4548,0x000000008d880000)
 Metaspace       used 94968K, capacity 98240K, committed 98560K, reserved 1136640K
  class space    used 11411K, capacity 11952K, committed 12032K, reserved 1048576K
2023-09-27T12:29:33.788+0600: 1302238.031: [GC (Allocation Failure) [PSYoungGen: 77171K->5238K(77312K)] 176196K->104280K(299008K), 0.0174675 secs] [Times: user=0.03 sys=0.00, real=0.02 secs] 
Heap after GC invocations=300 (full 3):
 PSYoungGen      total 77312K, used 5238K [0x00000000d5580000, 0x00000000daa80000, 0x0000000100000000)
  eden space 71680K, 0% used [0x00000000d5580000,0x00000000d5580000,0x00000000d9b80000)
  from space 5632K, 93% used [0x00000000d9b80000,0x00000000da09db20,0x00000000da100000)
  to   space 8192K, 0% used [0x00000000da280000,0x00000000da280000,0x00000000daa80000)
 ParOldGen       total 221696K, used 99041K [0x0000000080000000, 0x000000008d880000, 0x00000000d5580000)
  object space 221696K, 44% used [0x0000000080000000,0x00000000860b8548,0x000000008d880000)
 Metaspace       used 94968K, capacity 98240K, committed 98560K, reserved 1136640K
  class space    used 11411K, capacity 11952K, committed 12032K, reserved 1048576K
}
{Heap before GC invocations=301 (full 3):
 PSYoungGen      total 77312K, used 76918K [0x00000000d5580000, 0x00000000daa80000, 0x0000000100000000)
  eden space 71680K, 100% used [0x00000000d5580000,0x00000000d9b80000,0x00000000d9b80000)
  from space 5632K, 93% used [0x00000000d9b80000,0x00000000da09db20,0x00000000da100000)
  to   space 8192K, 0% used [0x00000000da280000,0x00000000da280000,0x00000000daa80000)
 ParOldGen       total 221696K, used 99041K [0x0000000080000000, 0x000000008d880000, 0x00000000d5580000)
  object space 221696K, 44% used [0x0000000080000000,0x00000000860b8548,0x000000008d880000)
 Metaspace       used 94969K, capacity 98240K, committed 98560K, reserved 1136640K
  class space    used 11411K, capacity 11952K, committed 12032K, reserved 1048576K
2023-09-27T12:53:31.202+0600: 1303675.446: [GC (Allocation Failure) [PSYoungGen: 76918K->6419K(78336K)] 175960K->105460K(300032K), 0.0112227 secs] [Times: user=0.02 sys=0.00, real=0.02 secs] 
Heap after GC invocations=301 (full 3):
 PSYoungGen      total 78336K, used 6419K [0x00000000d5580000, 0x00000000dab80000, 0x0000000100000000)
  eden space 70144K, 0% used [0x00000000d5580000,0x00000000d5580000,0x00000000d9a00000)
  from space 8192K, 78% used [0x00000000da280000,0x00000000da8c4e70,0x00000000daa80000)
  to   space 8704K, 0% used [0x00000000d9a00000,0x00000000d9a00000,0x00000000da280000)
 ParOldGen       total 221696K, used 99041K [0x0000000080000000, 0x000000008d880000, 0x00000000d5580000)
  object space 221696K, 44% used [0x0000000080000000,0x00000000860b8548,0x000000008d880000)
 Metaspace       used 94969K, capacity 98240K, committed 98560K, reserved 1136640K
  class space    used 11411K, capacity 11952K, committed 12032K, reserved 1048576K
}
{Heap before GC invocations=302 (full 3):
 PSYoungGen      total 78336K, used 76563K [0x00000000d5580000, 0x00000000dab80000, 0x0000000100000000)
  eden space 70144K, 100% used [0x00000000d5580000,0x00000000d9a00000,0x00000000d9a00000)
  from space 8192K, 78% used [0x00000000da280000,0x00000000da8c4e70,0x00000000daa80000)
  to   space 8704K, 0% used [0x00000000d9a00000,0x00000000d9a00000,0x00000000da280000)
 ParOldGen       total 221696K, used 99041K [0x0000000080000000, 0x000000008d880000, 0x00000000d5580000)
  object space 221696K, 44% used [0x0000000080000000,0x00000000860b8548,0x000000008d880000)
 Metaspace       used 94969K, capacity 98240K, committed 98560K, reserved 1136640K
  class space    used 11411K, capacity 11952K, committed 12032K, reserved 1048576K
2023-09-27T13:37:57.515+0600: 1306341.758: [GC (Allocation Failure) [PSYoungGen: 76563K->5328K(75776K)] 175604K->104370K(297472K), 0.0166427 secs] [Times: user=0.02 sys=0.00, real=0.01 secs] 
Heap after GC invocations=302 (full 3):
 PSYoungGen      total 75776K, used 5328K [0x00000000d5580000, 0x00000000daa80000, 0x0000000100000000)
  eden space 70144K, 0% used [0x00000000d5580000,0x00000000d5580000,0x00000000d9a00000)
  from space 5632K, 94% used [0x00000000d9a00000,0x00000000d9f342d0,0x00000000d9f80000)
  to   space 8704K, 0% used [0x00000000da200000,0x00000000da200000,0x00000000daa80000)
 ParOldGen       total 221696K, used 99041K [0x0000000080000000, 0x000000008d880000, 0x00000000d5580000)
  object space 221696K, 44% used [0x0000000080000000,0x00000000860b8548,0x000000008d880000)
 Metaspace       used 94969K, capacity 98240K, committed 98560K, reserved 1136640K
  class space    used 11411K, capacity 11952K, committed 12032K, reserved 1048576K
}
{Heap before GC invocations=303 (full 3):
 PSYoungGen      total 75776K, used 75472K [0x00000000d5580000, 0x00000000daa80000, 0x0000000100000000)
  eden space 70144K, 100% used [0x00000000d5580000,0x00000000d9a00000,0x00000000d9a00000)
  from space 5632K, 94% used [0x00000000d9a00000,0x00000000d9f342d0,0x00000000d9f80000)
  to   space 8704K, 0% used [0x00000000da200000,0x00000000da200000,0x00000000daa80000)
 ParOldGen       total 221696K, used 99041K [0x0000000080000000, 0x000000008d880000, 0x00000000d5580000)
  object space 221696K, 44% used [0x0000000080000000,0x00000000860b8548,0x000000008d880000)
 Metaspace       used 94969K, capacity 98240K, committed 98560K, reserved 1136640K
  class space    used 11411K, capacity 11952K, committed 12032K, reserved 1048576K
2023-09-27T14:12:27.951+0600: 1308412.194: [GC (Allocation Failure) [PSYoungGen: 75472K->4096K(78848K)] 174514K->103145K(300544K), 0.0135349 secs] [Times: user=0.02 sys=0.00, real=0.02 secs] 
Heap after GC invocations=303 (full 3):
 PSYoungGen      total 78848K, used 4096K [0x00000000d5580000, 0x00000000daa80000, 0x0000000100000000)
  eden space 70144K, 0% used [0x00000000d5580000,0x00000000d5580000,0x00000000d9a00000)
  from space 8704K, 47% used [0x00000000da200000,0x00000000da600080,0x00000000daa80000)
  to   space 8192K, 0% used [0x00000000d9a00000,0x00000000d9a00000,0x00000000da200000)
 ParOldGen       total 221696K, used 99049K [0x0000000080000000, 0x000000008d880000, 0x00000000d5580000)
  object space 221696K, 44% used [0x0000000080000000,0x00000000860ba548,0x000000008d880000)
 Metaspace       used 94969K, capacity 98240K, committed 98560K, reserved 1136640K
  class space    used 11411K, capacity 11952K, committed 12032K, reserved 1048576K
}
{Heap before GC invocations=304 (full 3):
 PSYoungGen      total 78848K, used 74240K [0x00000000d5580000, 0x00000000daa80000, 0x0000000100000000)
  eden space 70144K, 100% used [0x00000000d5580000,0x00000000d9a00000,0x00000000d9a00000)
  from space 8704K, 47% used [0x00000000da200000,0x00000000da600080,0x00000000daa80000)
  to   space 8192K, 0% used [0x00000000d9a00000,0x00000000d9a00000,0x00000000da200000)
 ParOldGen       total 221696K, used 99049K [0x0000000080000000, 0x000000008d880000, 0x00000000d5580000)
  object space 221696K, 44% used [0x0000000080000000,0x00000000860ba548,0x000000008d880000)
 Metaspace       used 94969K, capacity 98240K, committed 98560K, reserved 1136640K
  class space    used 11411K, capacity 11952K, committed 12032K, reserved 1048576K
2023-09-27T14:47:16.486+0600: 1310500.729: [GC (Allocation Failure) [PSYoungGen: 74240K->4771K(78336K)] 173289K->103820K(300032K), 0.0139931 secs] [Times: user=0.02 sys=0.00, real=0.01 secs] 
Heap after GC invocations=304 (full 3):
 PSYoungGen      total 78336K, used 4771K [0x00000000d5580000, 0x00000000daa80000, 0x0000000100000000)
  eden space 70144K, 0% used [0x00000000d5580000,0x00000000d5580000,0x00000000d9a00000)
  from space 8192K, 58% used [0x00000000d9a00000,0x00000000d9ea8dd0,0x00000000da200000)
  to   space 8192K, 0% used [0x00000000da280000,0x00000000da280000,0x00000000daa80000)
 ParOldGen       total 221696K, used 99049K [0x0000000080000000, 0x000000008d880000, 0x00000000d5580000)
  object space 221696K, 44% used [0x0000000080000000,0x00000000860ba548,0x000000008d880000)
 Metaspace       used 94969K, capacity 98240K, committed 98560K, reserved 1136640K
  class space    used 11411K, capacity 11952K, committed 12032K, reserved 1048576K
}
{Heap before GC invocations=305 (full 3):
 PSYoungGen      total 78336K, used 74915K [0x00000000d5580000, 0x00000000daa80000, 0x0000000100000000)
  eden space 70144K, 100% used [0x00000000d5580000,0x00000000d9a00000,0x00000000d9a00000)
  from space 8192K, 58% used [0x00000000d9a00000,0x00000000d9ea8dd0,0x00000000da200000)
  to   space 8192K, 0% used [0x00000000da280000,0x00000000da280000,0x00000000daa80000)
 ParOldGen       total 221696K, used 99049K [0x0000000080000000, 0x000000008d880000, 0x00000000d5580000)
  object space 221696K, 44% used [0x0000000080000000,0x00000000860ba548,0x000000008d880000)
 Metaspace       used 94969K, capacity 98240K, committed 98560K, reserved 1136640K
  class space    used 11411K, capacity 11952K, committed 12032K, reserved 1048576K
2023-09-27T15:29:47.145+0600: 1313051.388: [GC (Allocation Failure) [PSYoungGen: 74915K->4274K(79360K)] 173964K->103323K(301056K), 0.0170512 secs] [Times: user=0.03 sys=0.01, real=0.01 secs] 
Heap after GC invocations=305 (full 3):
 PSYoungGen      total 79360K, used 4274K [0x00000000d5580000, 0x00000000daa80000, 0x0000000100000000)
  eden space 71168K, 0% used [0x00000000d5580000,0x00000000d5580000,0x00000000d9b00000)
  from space 8192K, 52% used [0x00000000da280000,0x00000000da6ac850,0x00000000daa80000)
  to   space 7680K, 0% used [0x00000000d9b00000,0x00000000d9b00000,0x00000000da280000)
 ParOldGen       total 221696K, used 99049K [0x0000000080000000, 0x000000008d880000, 0x00000000d5580000)
  object space 221696K, 44% used [0x0000000080000000,0x00000000860ba548,0x000000008d880000)
 Metaspace       used 94969K, capacity 98240K, committed 98560K, reserved 1136640K
  class space    used 11411K, capacity 11952K, committed 12032K, reserved 1048576K
}
{Heap before GC invocations=306 (full 3):
 PSYoungGen      total 79360K, used 75442K [0x00000000d5580000, 0x00000000daa80000, 0x0000000100000000)
  eden space 71168K, 99% used [0x00000000d5580000,0x00000000d9affff0,0x00000000d9b00000)
  from space 8192K, 52% used [0x00000000da280000,0x00000000da6ac850,0x00000000daa80000)
  to   space 7680K, 0% used [0x00000000d9b00000,0x00000000d9b00000,0x00000000da280000)
 ParOldGen       total 221696K, used 99049K [0x0000000080000000, 0x000000008d880000, 0x00000000d5580000)
  object space 221696K, 44% used [0x0000000080000000,0x00000000860ba548,0x000000008d880000)
 Metaspace       used 94969K, capacity 98240K, committed 98560K, reserved 1136640K
  class space    used 11411K, capacity 11952K, committed 12032K, reserved 1048576K
2023-09-27T16:01:01.007+0600: 1314925.250: [GC (Allocation Failure) [PSYoungGen: 75442K->5250K(78848K)] 174491K->104300K(300544K), 0.0175520 secs] [Times: user=0.02 sys=0.01, real=0.02 secs] 
Heap after GC invocations=306 (full 3):
 PSYoungGen      total 78848K, used 5250K [0x00000000d5580000, 0x00000000daa80000, 0x0000000100000000)
  eden space 71168K, 0% used [0x00000000d5580000,0x00000000d5580000,0x00000000d9b00000)
  from space 7680K, 68% used [0x00000000d9b00000,0x00000000da020bb0,0x00000000da280000)
  to   space 7680K, 0% used [0x00000000da300000,0x00000000da300000,0x00000000daa80000)
 ParOldGen       total 221696K, used 99049K [0x0000000080000000, 0x000000008d880000, 0x00000000d5580000)
  object space 221696K, 44% used [0x0000000080000000,0x00000000860ba548,0x000000008d880000)
 Metaspace       used 94969K, capacity 98240K, committed 98560K, reserved 1136640K
  class space    used 11411K, capacity 11952K, committed 12032K, reserved 1048576K
}
{Heap before GC invocations=307 (full 3):
 PSYoungGen      total 78848K, used 76418K [0x00000000d5580000, 0x00000000daa80000, 0x0000000100000000)
  eden space 71168K, 100% used [0x00000000d5580000,0x00000000d9b00000,0x00000000d9b00000)
  from space 7680K, 68% used [0x00000000d9b00000,0x00000000da020bb0,0x00000000da280000)
  to   space 7680K, 0% used [0x00000000da300000,0x00000000da300000,0x00000000daa80000)
 ParOldGen       total 221696K, used 99049K [0x0000000080000000, 0x000000008d880000, 0x00000000d5580000)
  object space 221696K, 44% used [0x0000000080000000,0x00000000860ba548,0x000000008d880000)
 Metaspace       used 94971K, capacity 98240K, committed 98560K, reserved 1136640K
  class space    used 11411K, capacity 11952K, committed 12032K, reserved 1048576K
2023-09-27T16:28:55.109+0600: 1316599.353: [GC (Allocation Failure) [PSYoungGen: 76418K->6529K(78336K)] 175468K->105579K(300032K), 0.0170083 secs] [Times: user=0.03 sys=0.00, real=0.02 secs] 
Heap after GC invocations=307 (full 3):
 PSYoungGen      total 78336K, used 6529K [0x00000000d5580000, 0x00000000daa80000, 0x0000000100000000)
  eden space 70656K, 0% used [0x00000000d5580000,0x00000000d5580000,0x00000000d9a80000)
  from space 7680K, 85% used [0x00000000da300000,0x00000000da960780,0x00000000daa80000)
  to   space 8192K, 0% used [0x00000000d9a80000,0x00000000d9a80000,0x00000000da280000)
 ParOldGen       total 221696K, used 99049K [0x0000000080000000, 0x000000008d880000, 0x00000000d5580000)
  object space 221696K, 44% used [0x0000000080000000,0x00000000860ba548,0x000000008d880000)
 Metaspace       used 94971K, capacity 98240K, committed 98560K, reserved 1136640K
  class space    used 11411K, capacity 11952K, committed 12032K, reserved 1048576K
}
{Heap before GC invocations=308 (full 3):
 PSYoungGen      total 78336K, used 77178K [0x00000000d5580000, 0x00000000daa80000, 0x0000000100000000)
  eden space 70656K, 99% used [0x00000000d5580000,0x00000000d9a7e0c0,0x00000000d9a80000)
  from space 7680K, 85% used [0x00000000da300000,0x00000000da960780,0x00000000daa80000)
  to   space 8192K, 0% used [0x00000000d9a80000,0x00000000d9a80000,0x00000000da280000)
 ParOldGen       total 221696K, used 99049K [0x0000000080000000, 0x000000008d880000, 0x00000000d5580000)
  object space 221696K, 44% used [0x0000000080000000,0x00000000860ba548,0x000000008d880000)
 Metaspace       used 94971K, capacity 98240K, committed 98560K, reserved 1136640K
  class space    used 11411K, capacity 11952K, committed 12032K, reserved 1048576K
2023-09-27T16:49:48.838+0600: 1317853.081: [GC (Allocation Failure) [PSYoungGen: 77178K->6883K(77824K)] 176227K->105932K(299520K), 0.0205496 secs] [Times: user=0.03 sys=0.00, real=0.02 secs] 
Heap after GC invocations=308 (full 3):
 PSYoungGen      total 77824K, used 6883K [0x00000000d5580000, 0x00000000daa80000, 0x0000000100000000)
  eden space 70656K, 0% used [0x00000000d5580000,0x00000000d5580000,0x00000000d9a80000)
  from space 7168K, 96% used [0x00000000d9a80000,0x00000000da138c20,0x00000000da180000)
  to   space 8704K, 0% used [0x00000000da200000,0x00000000da200000,0x00000000daa80000)
 ParOldGen       total 221696K, used 99049K [0x0000000080000000, 0x000000008d880000, 0x00000000d5580000)
  object space 221696K, 44% used [0x0000000080000000,0x00000000860ba548,0x000000008d880000)
 Metaspace       used 94971K, capacity 98240K, committed 98560K, reserved 1136640K
  class space    used 11411K, capacity 11952K, committed 12032K, reserved 1048576K
}
{Heap before GC invocations=309 (full 3):
 PSYoungGen      total 77824K, used 77539K [0x00000000d5580000, 0x00000000daa80000, 0x0000000100000000)
  eden space 70656K, 100% used [0x00000000d5580000,0x00000000d9a80000,0x00000000d9a80000)
  from space 7168K, 96% used [0x00000000d9a80000,0x00000000da138c20,0x00000000da180000)
  to   space 8704K, 0% used [0x00000000da200000,0x00000000da200000,0x00000000daa80000)
 ParOldGen       total 221696K, used 99049K [0x0000000080000000, 0x000000008d880000, 0x00000000d5580000)
  object space 221696K, 44% used [0x0000000080000000,0x00000000860ba548,0x000000008d880000)
 Metaspace       used 94971K, capacity 98240K, committed 98560K, reserved 1136640K
  class space    used 11411K, capacity 11952K, committed 12032K, reserved 1048576K
2023-09-27T17:19:26.063+0600: 1319630.306: [GC (Allocation Failure) [PSYoungGen: 77539K->6226K(78336K)] 176588K->105276K(300032K), 0.0114508 secs] [Times: user=0.02 sys=0.00, real=0.02 secs] 
Heap after GC invocations=309 (full 3):
 PSYoungGen      total 78336K, used 6226K [0x00000000d5580000, 0x00000000daa80000, 0x0000000100000000)
  eden space 69632K, 0% used [0x00000000d5580000,0x00000000d5580000,0x00000000d9980000)
  from space 8704K, 71% used [0x00000000da200000,0x00000000da814bd0,0x00000000daa80000)
  to   space 8704K, 0% used [0x00000000d9980000,0x00000000d9980000,0x00000000da200000)
 ParOldGen       total 221696K, used 99049K [0x0000000080000000, 0x000000008d880000, 0x00000000d5580000)
  object space 221696K, 44% used [0x0000000080000000,0x00000000860ba548,0x000000008d880000)
 Metaspace       used 94971K, capacity 98240K, committed 98560K, reserved 1136640K
  class space    used 11411K, capacity 11952K, committed 12032K, reserved 1048576K
}
{Heap before GC invocations=310 (full 3):
 PSYoungGen      total 78336K, used 75858K [0x00000000d5580000, 0x00000000daa80000, 0x0000000100000000)
  eden space 69632K, 100% used [0x00000000d5580000,0x00000000d9980000,0x00000000d9980000)
  from space 8704K, 71% used [0x00000000da200000,0x00000000da814bd0,0x00000000daa80000)
  to   space 8704K, 0% used [0x00000000d9980000,0x00000000d9980000,0x00000000da200000)
 ParOldGen       total 221696K, used 99049K [0x0000000080000000, 0x000000008d880000, 0x00000000d5580000)
  object space 221696K, 44% used [0x0000000080000000,0x00000000860ba548,0x000000008d880000)
 Metaspace       used 94971K, capacity 98240K, committed 98560K, reserved 1136640K
  class space    used 11411K, capacity 11952K, committed 12032K, reserved 1048576K
2023-09-27T18:07:03.662+0600: 1322487.905: [GC (Allocation Failure) [PSYoungGen: 75858K->4881K(78336K)] 174908K->103930K(300032K), 0.0163959 secs] [Times: user=0.03 sys=0.00, real=0.02 secs] 
Heap after GC invocations=310 (full 3):
 PSYoungGen      total 78336K, used 4881K [0x00000000d5580000, 0x00000000daa80000, 0x0000000100000000)
  eden space 69632K, 0% used [0x00000000d5580000,0x00000000d5580000,0x00000000d9980000)
  from space 8704K, 56% used [0x00000000d9980000,0x00000000d9e444e0,0x00000000da200000)
  to   space 8704K, 0% used [0x00000000da200000,0x00000000da200000,0x00000000daa80000)
 ParOldGen       total 221696K, used 99049K [0x0000000080000000, 0x000000008d880000, 0x00000000d5580000)
  object space 221696K, 44% used [0x0000000080000000,0x00000000860ba548,0x000000008d880000)
 Metaspace       used 94971K, capacity 98240K, committed 98560K, reserved 1136640K
  class space    used 11411K, capacity 11952K, committed 12032K, reserved 1048576K
}
{Heap before GC invocations=311 (full 3):
 PSYoungGen      total 78336K, used 74513K [0x00000000d5580000, 0x00000000daa80000, 0x0000000100000000)
  eden space 69632K, 100% used [0x00000000d5580000,0x00000000d9980000,0x00000000d9980000)
  from space 8704K, 56% used [0x00000000d9980000,0x00000000d9e444e0,0x00000000da200000)
  to   space 8704K, 0% used [0x00000000da200000,0x00000000da200000,0x00000000daa80000)
 ParOldGen       total 221696K, used 99049K [0x0000000080000000, 0x000000008d880000, 0x00000000d5580000)
  object space 221696K, 44% used [0x0000000080000000,0x00000000860ba548,0x000000008d880000)
 Metaspace       used 94971K, capacity 98240K, committed 98560K, reserved 1136640K
  class space    used 11411K, capacity 11952K, committed 12032K, reserved 1048576K
2023-09-27T18:59:35.289+0600: 1325639.532: [GC (Allocation Failure) [PSYoungGen: 74513K->4050K(78848K)] 173562K->103132K(300544K), 0.0180926 secs] [Times: user=0.03 sys=0.00, real=0.02 secs] 
Heap after GC invocations=311 (full 3):
 PSYoungGen      total 78848K, used 4050K [0x00000000d5580000, 0x00000000daa80000, 0x0000000100000000)
  eden space 70144K, 0% used [0x00000000d5580000,0x00000000d5580000,0x00000000d9a00000)
  from space 8704K, 46% used [0x00000000da200000,0x00000000da5f4b30,0x00000000daa80000)
  to   space 8192K, 0% used [0x00000000d9a00000,0x00000000d9a00000,0x00000000da200000)
 ParOldGen       total 221696K, used 99081K [0x0000000080000000, 0x000000008d880000, 0x00000000d5580000)
  object space 221696K, 44% used [0x0000000080000000,0x00000000860c2548,0x000000008d880000)
 Metaspace       used 94971K, capacity 98240K, committed 98560K, reserved 1136640K
  class space    used 11411K, capacity 11952K, committed 12032K, reserved 1048576K
}
{Heap before GC invocations=312 (full 3):
 PSYoungGen      total 78848K, used 74194K [0x00000000d5580000, 0x00000000daa80000, 0x0000000100000000)
  eden space 70144K, 100% used [0x00000000d5580000,0x00000000d9a00000,0x00000000d9a00000)
  from space 8704K, 46% used [0x00000000da200000,0x00000000da5f4b30,0x00000000daa80000)
  to   space 8192K, 0% used [0x00000000d9a00000,0x00000000d9a00000,0x00000000da200000)
 ParOldGen       total 221696K, used 99081K [0x0000000080000000, 0x000000008d880000, 0x00000000d5580000)
  object space 221696K, 44% used [0x0000000080000000,0x00000000860c2548,0x000000008d880000)
 Metaspace       used 94971K, capacity 98240K, committed 98560K, reserved 1136640K
  class space    used 11411K, capacity 11952K, committed 12032K, reserved 1048576K
2023-09-27T19:48:44.007+0600: 1328588.251: [GC (Allocation Failure) [PSYoungGen: 74194K->3680K(78336K)] 173276K->102793K(300032K), 0.0163415 secs] [Times: user=0.03 sys=0.00, real=0.02 secs] 
Heap after GC invocations=312 (full 3):
 PSYoungGen      total 78336K, used 3680K [0x00000000d5580000, 0x00000000daa80000, 0x0000000100000000)
  eden space 70144K, 0% used [0x00000000d5580000,0x00000000d5580000,0x00000000d9a00000)
  from space 8192K, 44% used [0x00000000d9a00000,0x00000000d9d98030,0x00000000da200000)
  to   space 8192K, 0% used [0x00000000da280000,0x00000000da280000,0x00000000daa80000)
 ParOldGen       total 221696K, used 99113K [0x0000000080000000, 0x000000008d880000, 0x00000000d5580000)
  object space 221696K, 44% used [0x0000000080000000,0x00000000860ca548,0x000000008d880000)
 Metaspace       used 94971K, capacity 98240K, committed 98560K, reserved 1136640K
  class space    used 11411K, capacity 11952K, committed 12032K, reserved 1048576K
}
{Heap before GC invocations=313 (full 3):
 PSYoungGen      total 78336K, used 73824K [0x00000000d5580000, 0x00000000daa80000, 0x0000000100000000)
  eden space 70144K, 100% used [0x00000000d5580000,0x00000000d9a00000,0x00000000d9a00000)
  from space 8192K, 44% used [0x00000000d9a00000,0x00000000d9d98030,0x00000000da200000)
  to   space 8192K, 0% used [0x00000000da280000,0x00000000da280000,0x00000000daa80000)
 ParOldGen       total 221696K, used 99113K [0x0000000080000000, 0x000000008d880000, 0x00000000d5580000)
  object space 221696K, 44% used [0x0000000080000000,0x00000000860ca548,0x000000008d880000)
 Metaspace       used 95005K, capacity 98240K, committed 98560K, reserved 1136640K
  class space    used 11411K, capacity 11952K, committed 12032K, reserved 1048576K
2023-09-27T20:34:50.692+0600: 1331354.935: [GC (Allocation Failure) [PSYoungGen: 73824K->3986K(78848K)] 172937K->103140K(300544K), 0.0118853 secs] [Times: user=0.02 sys=0.00, real=0.02 secs] 
Heap after GC invocations=313 (full 3):
 PSYoungGen      total 78848K, used 3986K [0x00000000d5580000, 0x00000000daa80000, 0x0000000100000000)
  eden space 70656K, 0% used [0x00000000d5580000,0x00000000d5580000,0x00000000d9a80000)
  from space 8192K, 48% used [0x00000000da280000,0x00000000da664af0,0x00000000daa80000)
  to   space 8192K, 0% used [0x00000000d9a80000,0x00000000d9a80000,0x00000000da280000)
 ParOldGen       total 221696K, used 99153K [0x0000000080000000, 0x000000008d880000, 0x00000000d5580000)
  object space 221696K, 44% used [0x0000000080000000,0x00000000860d4548,0x000000008d880000)
 Metaspace       used 95005K, capacity 98240K, committed 98560K, reserved 1136640K
  class space    used 11411K, capacity 11952K, committed 12032K, reserved 1048576K
}
{Heap before GC invocations=314 (full 3):
 PSYoungGen      total 78848K, used 74642K [0x00000000d5580000, 0x00000000daa80000, 0x0000000100000000)
  eden space 70656K, 100% used [0x00000000d5580000,0x00000000d9a80000,0x00000000d9a80000)
  from space 8192K, 48% used [0x00000000da280000,0x00000000da664af0,0x00000000daa80000)
  to   space 8192K, 0% used [0x00000000d9a80000,0x00000000d9a80000,0x00000000da280000)
 ParOldGen       total 221696K, used 99153K [0x0000000080000000, 0x000000008d880000, 0x00000000d5580000)
  object space 221696K, 44% used [0x0000000080000000,0x00000000860d4548,0x000000008d880000)
 Metaspace       used 95005K, capacity 98240K, committed 98560K, reserved 1136640K
  class space    used 11411K, capacity 11952K, committed 12032K, reserved 1048576K
2023-09-27T21:32:39.217+0600: 1334823.460: [GC (Allocation Failure) [PSYoungGen: 74642K->3200K(78848K)] 173796K->102425K(300544K), 0.0109321 secs] [Times: user=0.02 sys=0.00, real=0.01 secs] 
Heap after GC invocations=314 (full 3):
 PSYoungGen      total 78848K, used 3200K [0x00000000d5580000, 0x00000000daa80000, 0x0000000100000000)
  eden space 70656K, 0% used [0x00000000d5580000,0x00000000d5580000,0x00000000d9a80000)
  from space 8192K, 39% used [0x00000000d9a80000,0x00000000d9da0000,0x00000000da280000)
  to   space 8192K, 0% used [0x00000000da280000,0x00000000da280000,0x00000000daa80000)
 ParOldGen       total 221696K, used 99225K [0x0000000080000000, 0x000000008d880000, 0x00000000d5580000)
  object space 221696K, 44% used [0x0000000080000000,0x00000000860e6548,0x000000008d880000)
 Metaspace       used 95005K, capacity 98240K, committed 98560K, reserved 1136640K
  class space    used 11411K, capacity 11952K, committed 12032K, reserved 1048576K
}
{Heap before GC invocations=315 (full 3):
 PSYoungGen      total 78848K, used 73856K [0x00000000d5580000, 0x00000000daa80000, 0x0000000100000000)
  eden space 70656K, 100% used [0x00000000d5580000,0x00000000d9a80000,0x00000000d9a80000)
  from space 8192K, 39% used [0x00000000d9a80000,0x00000000d9da0000,0x00000000da280000)
  to   space 8192K, 0% used [0x00000000da280000,0x00000000da280000,0x00000000daa80000)
 ParOldGen       total 221696K, used 99225K [0x0000000080000000, 0x000000008d880000, 0x00000000d5580000)
  object space 221696K, 44% used [0x0000000080000000,0x00000000860e6548,0x000000008d880000)
 Metaspace       used 95005K, capacity 98240K, committed 98560K, reserved 1136640K
  class space    used 11411K, capacity 11952K, committed 12032K, reserved 1048576K
2023-09-27T22:14:07.312+0600: 1337311.556: [GC (Allocation Failure) [PSYoungGen: 73856K->4418K(79360K)] 173081K->103692K(301056K), 0.0169447 secs] [Times: user=0.02 sys=0.00, real=0.02 secs] 
Heap after GC invocations=315 (full 3):
 PSYoungGen      total 79360K, used 4418K [0x00000000d5580000, 0x00000000daa80000, 0x0000000100000000)
  eden space 71168K, 0% used [0x00000000d5580000,0x00000000d5580000,0x00000000d9b00000)
  from space 8192K, 53% used [0x00000000da280000,0x00000000da6d0b50,0x00000000daa80000)
  to   space 7680K, 0% used [0x00000000d9b00000,0x00000000d9b00000,0x00000000da280000)
 ParOldGen       total 221696K, used 99273K [0x0000000080000000, 0x000000008d880000, 0x00000000d5580000)
  object space 221696K, 44% used [0x0000000080000000,0x00000000860f2548,0x000000008d880000)
 Metaspace       used 95005K, capacity 98240K, committed 98560K, reserved 1136640K
  class space    used 11411K, capacity 11952K, committed 12032K, reserved 1048576K
}
{Heap before GC invocations=316 (full 3):
 PSYoungGen      total 79360K, used 75586K [0x00000000d5580000, 0x00000000daa80000, 0x0000000100000000)
  eden space 71168K, 100% used [0x00000000d5580000,0x00000000d9b00000,0x00000000d9b00000)
  from space 8192K, 53% used [0x00000000da280000,0x00000000da6d0b50,0x00000000daa80000)
  to   space 7680K, 0% used [0x00000000d9b00000,0x00000000d9b00000,0x00000000da280000)
 ParOldGen       total 221696K, used 99273K [0x0000000080000000, 0x000000008d880000, 0x00000000d5580000)
  object space 221696K, 44% used [0x0000000080000000,0x00000000860f2548,0x000000008d880000)
 Metaspace       used 95005K, capacity 98240K, committed 98560K, reserved 1136640K
  class space    used 11411K, capacity 11952K, committed 12032K, reserved 1048576K
2023-09-27T23:11:50.880+0600: 1340775.123: [GC (Allocation Failure) [PSYoungGen: 75586K->3072K(78848K)] 174860K->102409K(300544K), 0.0182754 secs] [Times: user=0.03 sys=0.00, real=0.02 secs] 
Heap after GC invocations=316 (full 3):
 PSYoungGen      total 78848K, used 3072K [0x00000000d5580000, 0x00000000daa80000, 0x0000000100000000)
  eden space 71168K, 0% used [0x00000000d5580000,0x00000000d5580000,0x00000000d9b00000)
  from space 7680K, 40% used [0x00000000d9b00000,0x00000000d9e00000,0x00000000da280000)
  to   space 7680K, 0% used [0x00000000da300000,0x00000000da300000,0x00000000daa80000)
 ParOldGen       total 221696K, used 99337K [0x0000000080000000, 0x000000008d880000, 0x00000000d5580000)
  object space 221696K, 44% used [0x0000000080000000,0x0000000086102548,0x000000008d880000)
 Metaspace       used 95005K, capacity 98240K, committed 98560K, reserved 1136640K
  class space    used 11411K, capacity 11952K, committed 12032K, reserved 1048576K
}
{Heap before GC invocations=317 (full 3):
 PSYoungGen      total 78848K, used 74240K [0x00000000d5580000, 0x00000000daa80000, 0x0000000100000000)
  eden space 71168K, 100% used [0x00000000d5580000,0x00000000d9b00000,0x00000000d9b00000)
  from space 7680K, 40% used [0x00000000d9b00000,0x00000000d9e00000,0x00000000da280000)
  to   space 7680K, 0% used [0x00000000da300000,0x00000000da300000,0x00000000daa80000)
 ParOldGen       total 221696K, used 99337K [0x0000000080000000, 0x000000008d880000, 0x00000000d5580000)
  object space 221696K, 44% used [0x0000000080000000,0x0000000086102548,0x000000008d880000)
 Metaspace       used 95005K, capacity 98240K, committed 98560K, reserved 1136640K
  class space    used 11411K, capacity 11952K, committed 12032K, reserved 1048576K
2023-09-28T00:09:16.732+0600: 1344220.975: [GC (Allocation Failure) [PSYoungGen: 74240K->3072K(79360K)] 173577K->102441K(301056K), 0.0142072 secs] [Times: user=0.03 sys=0.00, real=0.02 secs] 
Heap after GC invocations=317 (full 3):
 PSYoungGen      total 79360K, used 3072K [0x00000000d5580000, 0x00000000daa80000, 0x0000000100000000)
  eden space 71680K, 0% used [0x00000000d5580000,0x00000000d5580000,0x00000000d9b80000)
  from space 7680K, 40% used [0x00000000da300000,0x00000000da600000,0x00000000daa80000)
  to   space 7680K, 0% used [0x00000000d9b80000,0x00000000d9b80000,0x00000000da300000)
 ParOldGen       total 221696K, used 99369K [0x0000000080000000, 0x000000008d880000, 0x00000000d5580000)
  object space 221696K, 44% used [0x0000000080000000,0x000000008610a548,0x000000008d880000)
 Metaspace       used 95005K, capacity 98240K, committed 98560K, reserved 1136640K
  class space    used 11411K, capacity 11952K, committed 12032K, reserved 1048576K
}
{Heap before GC invocations=318 (full 3):
 PSYoungGen      total 79360K, used 74752K [0x00000000d5580000, 0x00000000daa80000, 0x0000000100000000)
  eden space 71680K, 100% used [0x00000000d5580000,0x00000000d9b80000,0x00000000d9b80000)
  from space 7680K, 40% used [0x00000000da300000,0x00000000da600000,0x00000000daa80000)
  to   space 7680K, 0% used [0x00000000d9b80000,0x00000000d9b80000,0x00000000da300000)
 ParOldGen       total 221696K, used 99369K [0x0000000080000000, 0x000000008d880000, 0x00000000d5580000)
  object space 221696K, 44% used [0x0000000080000000,0x000000008610a548,0x000000008d880000)
 Metaspace       used 95005K, capacity 98240K, committed 98560K, reserved 1136640K
  class space    used 11411K, capacity 11952K, committed 12032K, reserved 1048576K
2023-09-28T01:06:42.959+0600: 1347667.202: [GC (Allocation Failure) [PSYoungGen: 74752K->3040K(79360K)] 174121K->102465K(301056K), 0.0158700 secs] [Times: user=0.03 sys=0.00, real=0.02 secs] 
Heap after GC invocations=318 (full 3):
 PSYoungGen      total 79360K, used 3040K [0x00000000d5580000, 0x00000000daa80000, 0x0000000100000000)
  eden space 71680K, 0% used [0x00000000d5580000,0x00000000d5580000,0x00000000d9b80000)
  from space 7680K, 39% used [0x00000000d9b80000,0x00000000d9e78000,0x00000000da300000)
  to   space 7680K, 0% used [0x00000000da300000,0x00000000da300000,0x00000000daa80000)
 ParOldGen       total 221696K, used 99425K [0x0000000080000000, 0x000000008d880000, 0x00000000d5580000)
  object space 221696K, 44% used [0x0000000080000000,0x0000000086118578,0x000000008d880000)
 Metaspace       used 95005K, capacity 98240K, committed 98560K, reserved 1136640K
  class space    used 11411K, capacity 11952K, committed 12032K, reserved 1048576K
}
{Heap before GC invocations=319 (full 3):
 PSYoungGen      total 79360K, used 74720K [0x00000000d5580000, 0x00000000daa80000, 0x0000000100000000)
  eden space 71680K, 100% used [0x00000000d5580000,0x00000000d9b80000,0x00000000d9b80000)
  from space 7680K, 39% used [0x00000000d9b80000,0x00000000d9e78000,0x00000000da300000)
  to   space 7680K, 0% used [0x00000000da300000,0x00000000da300000,0x00000000daa80000)
 ParOldGen       total 221696K, used 99425K [0x0000000080000000, 0x000000008d880000, 0x00000000d5580000)
  object space 221696K, 44% used [0x0000000080000000,0x0000000086118578,0x000000008d880000)
 Metaspace       used 95005K, capacity 98240K, committed 98560K, reserved 1136640K
  class space    used 11411K, capacity 11952K, committed 12032K, reserved 1048576K
2023-09-28T02:04:49.036+0600: 1351153.279: [GC (Allocation Failure) [PSYoungGen: 74720K->2912K(79872K)] 174145K->102449K(301568K), 0.0153905 secs] [Times: user=0.02 sys=0.01, real=0.01 secs] 
Heap after GC invocations=319 (full 3):
 PSYoungGen      total 79872K, used 2912K [0x00000000d5580000, 0x00000000daa80000, 0x0000000100000000)
  eden space 72192K, 0% used [0x00000000d5580000,0x00000000d5580000,0x00000000d9c00000)
  from space 7680K, 37% used [0x00000000da300000,0x00000000da5d8000,0x00000000daa80000)
  to   space 7168K, 0% used [0x00000000d9c00000,0x00000000d9c00000,0x00000000da300000)
 ParOldGen       total 221696K, used 99537K [0x0000000080000000, 0x000000008d880000, 0x00000000d5580000)
  object space 221696K, 44% used [0x0000000080000000,0x0000000086134578,0x000000008d880000)
 Metaspace       used 95005K, capacity 98240K, committed 98560K, reserved 1136640K
  class space    used 11411K, capacity 11952K, committed 12032K, reserved 1048576K
}
{Heap before GC invocations=320 (full 3):
 PSYoungGen      total 79872K, used 75104K [0x00000000d5580000, 0x00000000daa80000, 0x0000000100000000)
  eden space 72192K, 100% used [0x00000000d5580000,0x00000000d9c00000,0x00000000d9c00000)
  from space 7680K, 37% used [0x00000000da300000,0x00000000da5d8000,0x00000000daa80000)
  to   space 7168K, 0% used [0x00000000d9c00000,0x00000000d9c00000,0x00000000da300000)
 ParOldGen       total 221696K, used 99537K [0x0000000080000000, 0x000000008d880000, 0x00000000d5580000)
  object space 221696K, 44% used [0x0000000080000000,0x0000000086134578,0x000000008d880000)
 Metaspace       used 95005K, capacity 98240K, committed 98560K, reserved 1136640K
  class space    used 11411K, capacity 11952K, committed 12032K, reserved 1048576K
2023-09-28T03:03:55.298+0600: 1354699.541: [GC (Allocation Failure) [PSYoungGen: 75104K->2816K(79360K)] 174641K->102464K(301056K), 0.0123168 secs] [Times: user=0.02 sys=0.00, real=0.01 secs] 
Heap after GC invocations=320 (full 3):
 PSYoungGen      total 79360K, used 2816K [0x00000000d5580000, 0x00000000daa80000, 0x0000000100000000)
  eden space 72192K, 0% used [0x00000000d5580000,0x00000000d5580000,0x00000000d9c00000)
  from space 7168K, 39% used [0x00000000d9c00000,0x00000000d9ec0000,0x00000000da300000)
  to   space 7168K, 0% used [0x00000000da380000,0x00000000da380000,0x00000000daa80000)
 ParOldGen       total 221696K, used 99648K [0x0000000080000000, 0x000000008d880000, 0x00000000d5580000)
  object space 221696K, 44% used [0x0000000080000000,0x00000000861502a0,0x000000008d880000)
 Metaspace       used 95005K, capacity 98240K, committed 98560K, reserved 1136640K
  class space    used 11411K, capacity 11952K, committed 12032K, reserved 1048576K
}
{Heap before GC invocations=321 (full 3):
 PSYoungGen      total 79360K, used 75008K [0x00000000d5580000, 0x00000000daa80000, 0x0000000100000000)
  eden space 72192K, 100% used [0x00000000d5580000,0x00000000d9c00000,0x00000000d9c00000)
  from space 7168K, 39% used [0x00000000d9c00000,0x00000000d9ec0000,0x00000000da300000)
  to   space 7168K, 0% used [0x00000000da380000,0x00000000da380000,0x00000000daa80000)
 ParOldGen       total 221696K, used 99648K [0x0000000080000000, 0x000000008d880000, 0x00000000d5580000)
  object space 221696K, 44% used [0x0000000080000000,0x00000000861502a0,0x000000008d880000)
 Metaspace       used 95005K, capacity 98240K, committed 98560K, reserved 1136640K
  class space    used 11411K, capacity 11952K, committed 12032K, reserved 1048576K
2023-09-28T04:02:57.479+0600: 1358241.723: [GC (Allocation Failure) [PSYoungGen: 75008K->2720K(79872K)] 174656K->102484K(301568K), 0.0143357 secs] [Times: user=0.03 sys=0.00, real=0.02 secs] 
Heap after GC invocations=321 (full 3):
 PSYoungGen      total 79872K, used 2720K [0x00000000d5580000, 0x00000000daa80000, 0x0000000100000000)
  eden space 72704K, 0% used [0x00000000d5580000,0x00000000d5580000,0x00000000d9c80000)
  from space 7168K, 37% used [0x00000000da380000,0x00000000da628000,0x00000000daa80000)
  to   space 7168K, 0% used [0x00000000d9c80000,0x00000000d9c80000,0x00000000da380000)
 ParOldGen       total 221696K, used 99764K [0x0000000080000000, 0x000000008d880000, 0x00000000d5580000)
  object space 221696K, 45% used [0x0000000080000000,0x000000008616d2b0,0x000000008d880000)
 Metaspace       used 95005K, capacity 98240K, committed 98560K, reserved 1136640K
  class space    used 11411K, capacity 11952K, committed 12032K, reserved 1048576K
}
{Heap before GC invocations=322 (full 3):
 PSYoungGen      total 79872K, used 75424K [0x00000000d5580000, 0x00000000daa80000, 0x0000000100000000)
  eden space 72704K, 100% used [0x00000000d5580000,0x00000000d9c80000,0x00000000d9c80000)
  from space 7168K, 37% used [0x00000000da380000,0x00000000da628000,0x00000000daa80000)
  to   space 7168K, 0% used [0x00000000d9c80000,0x00000000d9c80000,0x00000000da380000)
 ParOldGen       total 221696K, used 99764K [0x0000000080000000, 0x000000008d880000, 0x00000000d5580000)
  object space 221696K, 45% used [0x0000000080000000,0x000000008616d2b0,0x000000008d880000)
 Metaspace       used 95005K, capacity 98240K, committed 98560K, reserved 1136640K
  class space    used 11411K, capacity 11952K, committed 12032K, reserved 1048576K
2023-09-28T05:02:01.592+0600: 1361785.835: [GC (Allocation Failure) [PSYoungGen: 75424K->2560K(79872K)] 175188K->102500K(301568K), 0.0132016 secs] [Times: user=0.02 sys=0.00, real=0.02 secs] 
Heap after GC invocations=322 (full 3):
 PSYoungGen      total 79872K, used 2560K [0x00000000d5580000, 0x00000000daa80000, 0x0000000100000000)
  eden space 72704K, 0% used [0x00000000d5580000,0x00000000d5580000,0x00000000d9c80000)
  from space 7168K, 35% used [0x00000000d9c80000,0x00000000d9f00000,0x00000000da380000)
  to   space 7168K, 0% used [0x00000000da380000,0x00000000da380000,0x00000000daa80000)
 ParOldGen       total 221696K, used 99940K [0x0000000080000000, 0x000000008d880000, 0x00000000d5580000)
  object space 221696K, 45% used [0x0000000080000000,0x00000000861992c0,0x000000008d880000)
 Metaspace       used 95005K, capacity 98240K, committed 98560K, reserved 1136640K
  class space    used 11411K, capacity 11952K, committed 12032K, reserved 1048576K
}
{Heap before GC invocations=323 (full 3):
 PSYoungGen      total 79872K, used 75264K [0x00000000d5580000, 0x00000000daa80000, 0x0000000100000000)
  eden space 72704K, 100% used [0x00000000d5580000,0x00000000d9c80000,0x00000000d9c80000)
  from space 7168K, 35% used [0x00000000d9c80000,0x00000000d9f00000,0x00000000da380000)
  to   space 7168K, 0% used [0x00000000da380000,0x00000000da380000,0x00000000daa80000)
 ParOldGen       total 221696K, used 99940K [0x0000000080000000, 0x000000008d880000, 0x00000000d5580000)
  object space 221696K, 45% used [0x0000000080000000,0x00000000861992c0,0x000000008d880000)
 Metaspace       used 95005K, capacity 98240K, committed 98560K, reserved 1136640K
  class space    used 11411K, capacity 11952K, committed 12032K, reserved 1048576K
2023-09-28T06:01:12.857+0600: 1365337.100: [GC (Allocation Failure) [PSYoungGen: 75264K->2496K(80384K)] 175204K->102569K(302080K), 0.0160765 secs] [Times: user=0.03 sys=0.00, real=0.02 secs] 
Heap after GC invocations=323 (full 3):
 PSYoungGen      total 80384K, used 2496K [0x00000000d5580000, 0x00000000daa80000, 0x0000000100000000)
  eden space 73216K, 0% used [0x00000000d5580000,0x00000000d5580000,0x00000000d9d00000)
  from space 7168K, 34% used [0x00000000da380000,0x00000000da5f0000,0x00000000daa80000)
  to   space 6656K, 0% used [0x00000000d9d00000,0x00000000d9d00000,0x00000000da380000)
 ParOldGen       total 221696K, used 100073K [0x0000000080000000, 0x000000008d880000, 0x00000000d5580000)
  object space 221696K, 45% used [0x0000000080000000,0x00000000861ba5b8,0x000000008d880000)
 Metaspace       used 95005K, capacity 98240K, committed 98560K, reserved 1136640K
  class space    used 11411K, capacity 11952K, committed 12032K, reserved 1048576K
}
{Heap before GC invocations=324 (full 3):
 PSYoungGen      total 80384K, used 75712K [0x00000000d5580000, 0x00000000daa80000, 0x0000000100000000)
  eden space 73216K, 100% used [0x00000000d5580000,0x00000000d9d00000,0x00000000d9d00000)
  from space 7168K, 34% used [0x00000000da380000,0x00000000da5f0000,0x00000000daa80000)
  to   space 6656K, 0% used [0x00000000d9d00000,0x00000000d9d00000,0x00000000da380000)
 ParOldGen       total 221696K, used 100073K [0x0000000080000000, 0x000000008d880000, 0x00000000d5580000)
  object space 221696K, 45% used [0x0000000080000000,0x00000000861ba5b8,0x000000008d880000)
 Metaspace       used 95005K, capacity 98240K, committed 98560K, reserved 1136640K
  class space    used 11411K, capacity 11952K, committed 12032K, reserved 1048576K
2023-09-28T07:00:48.580+0600: 1368912.823: [GC (Allocation Failure) [PSYoungGen: 75712K->2400K(79872K)] 175785K->102569K(301568K), 0.0136401 secs] [Times: user=0.03 sys=0.00, real=0.02 secs] 
Heap after GC invocations=324 (full 3):
 PSYoungGen      total 79872K, used 2400K [0x00000000d5580000, 0x00000000daa80000, 0x0000000100000000)
  eden space 73216K, 0% used [0x00000000d5580000,0x00000000d5580000,0x00000000d9d00000)
  from space 6656K, 36% used [0x00000000d9d00000,0x00000000d9f58000,0x00000000da380000)
  to   space 6656K, 0% used [0x00000000da400000,0x00000000da400000,0x00000000daa80000)
 ParOldGen       total 221696K, used 100169K [0x0000000080000000, 0x000000008d880000, 0x00000000d5580000)
  object space 221696K, 45% used [0x0000000080000000,0x00000000861d25b8,0x000000008d880000)
 Metaspace       used 95005K, capacity 98240K, committed 98560K, reserved 1136640K
  class space    used 11411K, capacity 11952K, committed 12032K, reserved 1048576K
}
{Heap before GC invocations=325 (full 3):
 PSYoungGen      total 79872K, used 75616K [0x00000000d5580000, 0x00000000daa80000, 0x0000000100000000)
  eden space 73216K, 100% used [0x00000000d5580000,0x00000000d9d00000,0x00000000d9d00000)
  from space 6656K, 36% used [0x00000000d9d00000,0x00000000d9f58000,0x00000000da380000)
  to   space 6656K, 0% used [0x00000000da400000,0x00000000da400000,0x00000000daa80000)
 ParOldGen       total 221696K, used 100169K [0x0000000080000000, 0x000000008d880000, 0x00000000d5580000)
  object space 221696K, 45% used [0x0000000080000000,0x00000000861d25b8,0x000000008d880000)
 Metaspace       used 95005K, capacity 98240K, committed 98560K, reserved 1136640K
  class space    used 11411K, capacity 11952K, committed 12032K, reserved 1048576K
2023-09-28T08:00:01.633+0600: 1372465.876: [GC (Allocation Failure) [PSYoungGen: 75616K->2336K(80384K)] 175785K->102529K(302080K), 0.0136748 secs] [Times: user=0.03 sys=0.00, real=0.02 secs] 
Heap after GC invocations=325 (full 3):
 PSYoungGen      total 80384K, used 2336K [0x00000000d5580000, 0x00000000daa80000, 0x0000000100000000)
  eden space 73728K, 0% used [0x00000000d5580000,0x00000000d5580000,0x00000000d9d80000)
  from space 6656K, 35% used [0x00000000da400000,0x00000000da648000,0x00000000daa80000)
  to   space 6656K, 0% used [0x00000000d9d80000,0x00000000d9d80000,0x00000000da400000)
 ParOldGen       total 221696K, used 100193K [0x0000000080000000, 0x000000008d880000, 0x00000000d5580000)
  object space 221696K, 45% used [0x0000000080000000,0x00000000861d85b8,0x000000008d880000)
 Metaspace       used 95005K, capacity 98240K, committed 98560K, reserved 1136640K
  class space    used 11411K, capacity 11952K, committed 12032K, reserved 1048576K
}
{Heap before GC invocations=326 (full 3):
 PSYoungGen      total 80384K, used 76064K [0x00000000d5580000, 0x00000000daa80000, 0x0000000100000000)
  eden space 73728K, 100% used [0x00000000d5580000,0x00000000d9d80000,0x00000000d9d80000)
  from space 6656K, 35% used [0x00000000da400000,0x00000000da648000,0x00000000daa80000)
  to   space 6656K, 0% used [0x00000000d9d80000,0x00000000d9d80000,0x00000000da400000)
 ParOldGen       total 221696K, used 100193K [0x0000000080000000, 0x000000008d880000, 0x00000000d5580000)
  object space 221696K, 45% used [0x0000000080000000,0x00000000861d85b8,0x000000008d880000)
 Metaspace       used 95006K, capacity 98240K, committed 98560K, reserved 1136640K
  class space    used 11412K, capacity 11952K, committed 12032K, reserved 1048576K
2023-09-28T08:59:40.009+0600: 1376044.253: [GC (Allocation Failure) [PSYoungGen: 76064K->2368K(80384K)] 176257K->102609K(302080K), 0.0177093 secs] [Times: user=0.03 sys=0.00, real=0.02 secs] 
Heap after GC invocations=326 (full 3):
 PSYoungGen      total 80384K, used 2368K [0x00000000d5580000, 0x00000000daa80000, 0x0000000100000000)
  eden space 73728K, 0% used [0x00000000d5580000,0x00000000d5580000,0x00000000d9d80000)
  from space 6656K, 35% used [0x00000000d9d80000,0x00000000d9fd0000,0x00000000da400000)
  to   space 6656K, 0% used [0x00000000da400000,0x00000000da400000,0x00000000daa80000)
 ParOldGen       total 221696K, used 100241K [0x0000000080000000, 0x000000008d880000, 0x00000000d5580000)
  object space 221696K, 45% used [0x0000000080000000,0x00000000861e45b8,0x000000008d880000)
 Metaspace       used 95006K, capacity 98240K, committed 98560K, reserved 1136640K
  class space    used 11412K, capacity 11952K, committed 12032K, reserved 1048576K
}
{Heap before GC invocations=327 (full 3):
 PSYoungGen      total 80384K, used 76096K [0x00000000d5580000, 0x00000000daa80000, 0x0000000100000000)
  eden space 73728K, 100% used [0x00000000d5580000,0x00000000d9d80000,0x00000000d9d80000)
  from space 6656K, 35% used [0x00000000d9d80000,0x00000000d9fd0000,0x00000000da400000)
  to   space 6656K, 0% used [0x00000000da400000,0x00000000da400000,0x00000000daa80000)
 ParOldGen       total 221696K, used 100241K [0x0000000080000000, 0x000000008d880000, 0x00000000d5580000)
  object space 221696K, 45% used [0x0000000080000000,0x00000000861e45b8,0x000000008d880000)
 Metaspace       used 95006K, capacity 98240K, committed 98560K, reserved 1136640K
  class space    used 11412K, capacity 11952K, committed 12032K, reserved 1048576K
2023-09-28T09:59:40.046+0600: 1379644.289: [GC (Allocation Failure) [PSYoungGen: 76096K->2336K(80896K)] 176337K->102601K(302592K), 0.0169916 secs] [Times: user=0.03 sys=0.00, real=0.01 secs] 
Heap after GC invocations=327 (full 3):
 PSYoungGen      total 80896K, used 2336K [0x00000000d5580000, 0x00000000daa80000, 0x0000000100000000)
  eden space 74240K, 0% used [0x00000000d5580000,0x00000000d5580000,0x00000000d9e00000)
  from space 6656K, 35% used [0x00000000da400000,0x00000000da648000,0x00000000daa80000)
  to   space 6144K, 0% used [0x00000000d9e00000,0x00000000d9e00000,0x00000000da400000)
 ParOldGen       total 221696K, used 100265K [0x0000000080000000, 0x000000008d880000, 0x00000000d5580000)
  object space 221696K, 45% used [0x0000000080000000,0x00000000861ea5b8,0x000000008d880000)
 Metaspace       used 95006K, capacity 98240K, committed 98560K, reserved 1136640K
  class space    used 11412K, capacity 11952K, committed 12032K, reserved 1048576K
}
{Heap before GC invocations=328 (full 3):
 PSYoungGen      total 80896K, used 76576K [0x00000000d5580000, 0x00000000daa80000, 0x0000000100000000)
  eden space 74240K, 100% used [0x00000000d5580000,0x00000000d9e00000,0x00000000d9e00000)
  from space 6656K, 35% used [0x00000000da400000,0x00000000da648000,0x00000000daa80000)
  to   space 6144K, 0% used [0x00000000d9e00000,0x00000000d9e00000,0x00000000da400000)
 ParOldGen       total 221696K, used 100265K [0x0000000080000000, 0x000000008d880000, 0x00000000d5580000)
  object space 221696K, 45% used [0x0000000080000000,0x00000000861ea5b8,0x000000008d880000)
 Metaspace       used 95006K, capacity 98240K, committed 98560K, reserved 1136640K
  class space    used 11412K, capacity 11952K, committed 12032K, reserved 1048576K
2023-09-28T11:00:52.958+0600: 1383317.201: [GC (Allocation Failure) [PSYoungGen: 76576K->2336K(80384K)] 176841K->102641K(302080K), 0.0129566 secs] [Times: user=0.02 sys=0.00, real=0.01 secs] 
Heap after GC invocations=328 (full 3):
 PSYoungGen      total 80384K, used 2336K [0x00000000d5580000, 0x00000000daa80000, 0x0000000100000000)
  eden space 74240K, 0% used [0x00000000d5580000,0x00000000d5580000,0x00000000d9e00000)
  from space 6144K, 38% used [0x00000000d9e00000,0x00000000da048000,0x00000000da400000)
  to   space 6144K, 0% used [0x00000000da480000,0x00000000da480000,0x00000000daa80000)
 ParOldGen       total 221696K, used 100305K [0x0000000080000000, 0x000000008d880000, 0x00000000d5580000)
  object space 221696K, 45% used [0x0000000080000000,0x00000000861f45b8,0x000000008d880000)
 Metaspace       used 95006K, capacity 98240K, committed 98560K, reserved 1136640K
  class space    used 11412K, capacity 11952K, committed 12032K, reserved 1048576K
}
{Heap before GC invocations=329 (full 3):
 PSYoungGen      total 80384K, used 76576K [0x00000000d5580000, 0x00000000daa80000, 0x0000000100000000)
  eden space 74240K, 100% used [0x00000000d5580000,0x00000000d9e00000,0x00000000d9e00000)
  from space 6144K, 38% used [0x00000000d9e00000,0x00000000da048000,0x00000000da400000)
  to   space 6144K, 0% used [0x00000000da480000,0x00000000da480000,0x00000000daa80000)
 ParOldGen       total 221696K, used 100305K [0x0000000080000000, 0x000000008d880000, 0x00000000d5580000)
  object space 221696K, 45% used [0x0000000080000000,0x00000000861f45b8,0x000000008d880000)
 Metaspace       used 95006K, capacity 98240K, committed 98560K, reserved 1136640K
  class space    used 11412K, capacity 11952K, committed 12032K, reserved 1048576K
2023-09-28T12:02:06.018+0600: 1386990.262: [GC (Allocation Failure) [PSYoungGen: 76576K->2304K(80896K)] 176881K->102609K(302592K), 0.0138545 secs] [Times: user=0.02 sys=0.00, real=0.01 secs] 
Heap after GC invocations=329 (full 3):
 PSYoungGen      total 80896K, used 2304K [0x00000000d5580000, 0x00000000daa80000, 0x0000000100000000)
  eden space 74752K, 0% used [0x00000000d5580000,0x00000000d5580000,0x00000000d9e80000)
  from space 6144K, 37% used [0x00000000da480000,0x00000000da6c0000,0x00000000daa80000)
  to   space 6144K, 0% used [0x00000000d9e80000,0x00000000d9e80000,0x00000000da480000)
 ParOldGen       total 221696K, used 100305K [0x0000000080000000, 0x000000008d880000, 0x00000000d5580000)
  object space 221696K, 45% used [0x0000000080000000,0x00000000861f45b8,0x000000008d880000)
 Metaspace       used 95006K, capacity 98240K, committed 98560K, reserved 1136640K
  class space    used 11412K, capacity 11952K, committed 12032K, reserved 1048576K
}
{Heap before GC invocations=330 (full 3):
 PSYoungGen      total 80896K, used 77056K [0x00000000d5580000, 0x00000000daa80000, 0x0000000100000000)
  eden space 74752K, 100% used [0x00000000d5580000,0x00000000d9e80000,0x00000000d9e80000)
  from space 6144K, 37% used [0x00000000da480000,0x00000000da6c0000,0x00000000daa80000)
  to   space 6144K, 0% used [0x00000000d9e80000,0x00000000d9e80000,0x00000000da480000)
 ParOldGen       total 221696K, used 100305K [0x0000000080000000, 0x000000008d880000, 0x00000000d5580000)
  object space 221696K, 45% used [0x0000000080000000,0x00000000861f45b8,0x000000008d880000)
 Metaspace       used 95041K, capacity 98304K, committed 98560K, reserved 1136640K
  class space    used 11412K, capacity 11952K, committed 12032K, reserved 1048576K
2023-09-28T12:56:06.478+0600: 1390230.721: [GC (Allocation Failure) [PSYoungGen: 77056K->2896K(80896K)] 177361K->103266K(302592K), 0.0136565 secs] [Times: user=0.02 sys=0.00, real=0.01 secs] 
Heap after GC invocations=330 (full 3):
 PSYoungGen      total 80896K, used 2896K [0x00000000d5580000, 0x00000000daa80000, 0x0000000100000000)
  eden space 74752K, 0% used [0x00000000d5580000,0x00000000d5580000,0x00000000d9e80000)
  from space 6144K, 47% used [0x00000000d9e80000,0x00000000da154260,0x00000000da480000)
  to   space 5632K, 0% used [0x00000000da500000,0x00000000da500000,0x00000000daa80000)
 ParOldGen       total 221696K, used 100369K [0x0000000080000000, 0x000000008d880000, 0x00000000d5580000)
  object space 221696K, 45% used [0x0000000080000000,0x00000000862045b8,0x000000008d880000)
 Metaspace       used 95041K, capacity 98304K, committed 98560K, reserved 1136640K
  class space    used 11412K, capacity 11952K, committed 12032K, reserved 1048576K
}
{Heap before GC invocations=331 (full 3):
 PSYoungGen      total 80896K, used 77648K [0x00000000d5580000, 0x00000000daa80000, 0x0000000100000000)
  eden space 74752K, 100% used [0x00000000d5580000,0x00000000d9e80000,0x00000000d9e80000)
  from space 6144K, 47% used [0x00000000d9e80000,0x00000000da154260,0x00000000da480000)
  to   space 5632K, 0% used [0x00000000da500000,0x00000000da500000,0x00000000daa80000)
 ParOldGen       total 221696K, used 100369K [0x0000000080000000, 0x000000008d880000, 0x00000000d5580000)
  object space 221696K, 45% used [0x0000000080000000,0x00000000862045b8,0x000000008d880000)
 Metaspace       used 95041K, capacity 98304K, committed 98560K, reserved 1136640K
  class space    used 11412K, capacity 11952K, committed 12032K, reserved 1048576K
2023-09-28T13:56:34.544+0600: 1393858.787: [GC (Allocation Failure) [PSYoungGen: 77648K->2304K(81408K)] 178018K->102681K(303104K), 0.0095459 secs] [Times: user=0.02 sys=0.00, real=0.01 secs] 
Heap after GC invocations=331 (full 3):
 PSYoungGen      total 81408K, used 2304K [0x00000000d5580000, 0x00000000daa80000, 0x0000000100000000)
  eden space 75776K, 0% used [0x00000000d5580000,0x00000000d5580000,0x00000000d9f80000)
  from space 5632K, 40% used [0x00000000da500000,0x00000000da740000,0x00000000daa80000)
  to   space 5632K, 0% used [0x00000000d9f80000,0x00000000d9f80000,0x00000000da500000)
 ParOldGen       total 221696K, used 100377K [0x0000000080000000, 0x000000008d880000, 0x00000000d5580000)
  object space 221696K, 45% used [0x0000000080000000,0x00000000862065b8,0x000000008d880000)
 Metaspace       used 95041K, capacity 98304K, committed 98560K, reserved 1136640K
  class space    used 11412K, capacity 11952K, committed 12032K, reserved 1048576K
}
{Heap before GC invocations=332 (full 3):
 PSYoungGen      total 81408K, used 78080K [0x00000000d5580000, 0x00000000daa80000, 0x0000000100000000)
  eden space 75776K, 100% used [0x00000000d5580000,0x00000000d9f80000,0x00000000d9f80000)
  from space 5632K, 40% used [0x00000000da500000,0x00000000da740000,0x00000000daa80000)
  to   space 5632K, 0% used [0x00000000d9f80000,0x00000000d9f80000,0x00000000da500000)
 ParOldGen       total 221696K, used 100377K [0x0000000080000000, 0x000000008d880000, 0x00000000d5580000)
  object space 221696K, 45% used [0x0000000080000000,0x00000000862065b8,0x000000008d880000)
 Metaspace       used 95041K, capacity 98304K, committed 98560K, reserved 1136640K
  class space    used 11412K, capacity 11952K, committed 12032K, reserved 1048576K
2023-09-28T14:53:32.734+0600: 1397276.977: [GC (Allocation Failure) [PSYoungGen: 78080K->2913K(81408K)] 178457K->103290K(303104K), 0.0156252 secs] [Times: user=0.03 sys=0.00, real=0.01 secs] 
Heap after GC invocations=332 (full 3):
 PSYoungGen      total 81408K, used 2913K [0x00000000d5580000, 0x00000000daa80000, 0x0000000100000000)
  eden space 75776K, 0% used [0x00000000d5580000,0x00000000d5580000,0x00000000d9f80000)
  from space 5632K, 51% used [0x00000000d9f80000,0x00000000da2584b0,0x00000000da500000)
  to   space 5632K, 0% used [0x00000000da500000,0x00000000da500000,0x00000000daa80000)
 ParOldGen       total 221696K, used 100377K [0x0000000080000000, 0x000000008d880000, 0x00000000d5580000)
  object space 221696K, 45% used [0x0000000080000000,0x00000000862065b8,0x000000008d880000)
 Metaspace       used 95041K, capacity 98304K, committed 98560K, reserved 1136640K
  class space    used 11412K, capacity 11952K, committed 12032K, reserved 1048576K
}
{Heap before GC invocations=333 (full 3):
 PSYoungGen      total 81408K, used 78689K [0x00000000d5580000, 0x00000000daa80000, 0x0000000100000000)
  eden space 75776K, 100% used [0x00000000d5580000,0x00000000d9f80000,0x00000000d9f80000)
  from space 5632K, 51% used [0x00000000d9f80000,0x00000000da2584b0,0x00000000da500000)
  to   space 5632K, 0% used [0x00000000da500000,0x00000000da500000,0x00000000daa80000)
 ParOldGen       total 221696K, used 100377K [0x0000000080000000, 0x000000008d880000, 0x00000000d5580000)
  object space 221696K, 45% used [0x0000000080000000,0x00000000862065b8,0x000000008d880000)
 Metaspace       used 95041K, capacity 98304K, committed 98560K, reserved 1136640K
  class space    used 11412K, capacity 11952K, committed 12032K, reserved 1048576K
2023-09-28T15:52:43.871+0600: 1400828.114: [GC (Allocation Failure) [PSYoungGen: 78689K->2688K(81920K)] 179066K->103065K(303616K), 0.0141499 secs] [Times: user=0.02 sys=0.00, real=0.02 secs] 
Heap after GC invocations=333 (full 3):
 PSYoungGen      total 81920K, used 2688K [0x00000000d5580000, 0x00000000daa80000, 0x0000000100000000)
  eden space 76288K, 0% used [0x00000000d5580000,0x00000000d5580000,0x00000000da000000)
  from space 5632K, 47% used [0x00000000da500000,0x00000000da7a0030,0x00000000daa80000)
  to   space 5120K, 0% used [0x00000000da000000,0x00000000da000000,0x00000000da500000)
 ParOldGen       total 221696K, used 100377K [0x0000000080000000, 0x000000008d880000, 0x00000000d5580000)
  object space 221696K, 45% used [0x0000000080000000,0x00000000862065b8,0x000000008d880000)
 Metaspace       used 95041K, capacity 98304K, committed 98560K, reserved 1136640K
  class space    used 11412K, capacity 11952K, committed 12032K, reserved 1048576K
}
{Heap before GC invocations=334 (full 3):
 PSYoungGen      total 81920K, used 78976K [0x00000000d5580000, 0x00000000daa80000, 0x0000000100000000)
  eden space 76288K, 100% used [0x00000000d5580000,0x00000000da000000,0x00000000da000000)
  from space 5632K, 47% used [0x00000000da500000,0x00000000da7a0030,0x00000000daa80000)
  to   space 5120K, 0% used [0x00000000da000000,0x00000000da000000,0x00000000da500000)
 ParOldGen       total 221696K, used 100377K [0x0000000080000000, 0x000000008d880000, 0x00000000d5580000)
  object space 221696K, 45% used [0x0000000080000000,0x00000000862065b8,0x000000008d880000)
 Metaspace       used 95041K, capacity 98304K, committed 98560K, reserved 1136640K
  class space    used 11412K, capacity 11952K, committed 12032K, reserved 1048576K
2023-09-28T16:54:08.747+0600: 1404512.991: [GC (Allocation Failure) [PSYoungGen: 78976K->2368K(81408K)] 179353K->102745K(303104K), 0.0102341 secs] [Times: user=0.01 sys=0.00, real=0.01 secs] 
Heap after GC invocations=334 (full 3):
 PSYoungGen      total 81408K, used 2368K [0x00000000d5580000, 0x00000000daa80000, 0x0000000100000000)
  eden space 76288K, 0% used [0x00000000d5580000,0x00000000d5580000,0x00000000da000000)
  from space 5120K, 46% used [0x00000000da000000,0x00000000da250000,0x00000000da500000)
  to   space 5120K, 0% used [0x00000000da580000,0x00000000da580000,0x00000000daa80000)
 ParOldGen       total 221696K, used 100377K [0x0000000080000000, 0x000000008d880000, 0x00000000d5580000)
  object space 221696K, 45% used [0x0000000080000000,0x00000000862065b8,0x000000008d880000)
 Metaspace       used 95041K, capacity 98304K, committed 98560K, reserved 1136640K
  class space    used 11412K, capacity 11952K, committed 12032K, reserved 1048576K
}
{Heap before GC invocations=335 (full 3):
 PSYoungGen      total 81408K, used 78656K [0x00000000d5580000, 0x00000000daa80000, 0x0000000100000000)
  eden space 76288K, 100% used [0x00000000d5580000,0x00000000da000000,0x00000000da000000)
  from space 5120K, 46% used [0x00000000da000000,0x00000000da250000,0x00000000da500000)
  to   space 5120K, 0% used [0x00000000da580000,0x00000000da580000,0x00000000daa80000)
 ParOldGen       total 221696K, used 100377K [0x0000000080000000, 0x000000008d880000, 0x00000000d5580000)
  object space 221696K, 45% used [0x0000000080000000,0x00000000862065b8,0x000000008d880000)
 Metaspace       used 95041K, capacity 98304K, committed 98560K, reserved 1136640K
  class space    used 11412K, capacity 11952K, committed 12032K, reserved 1048576K
2023-09-28T17:56:34.241+0600: 1408258.484: [GC (Allocation Failure) [PSYoungGen: 78656K->2336K(81920K)] 179033K->102713K(303616K), 0.0129784 secs] [Times: user=0.02 sys=0.00, real=0.02 secs] 
Heap after GC invocations=335 (full 3):
 PSYoungGen      total 81920K, used 2336K [0x00000000d5580000, 0x00000000daa80000, 0x0000000100000000)
  eden space 76800K, 0% used [0x00000000d5580000,0x00000000d5580000,0x00000000da080000)
  from space 5120K, 45% used [0x00000000da580000,0x00000000da7c8000,0x00000000daa80000)
  to   space 5120K, 0% used [0x00000000da080000,0x00000000da080000,0x00000000da580000)
 ParOldGen       total 221696K, used 100377K [0x0000000080000000, 0x000000008d880000, 0x00000000d5580000)
  object space 221696K, 45% used [0x0000000080000000,0x00000000862065b8,0x000000008d880000)
 Metaspace       used 95041K, capacity 98304K, committed 98560K, reserved 1136640K
  class space    used 11412K, capacity 11952K, committed 12032K, reserved 1048576K
}
{Heap before GC invocations=336 (full 3):
 PSYoungGen      total 81920K, used 79136K [0x00000000d5580000, 0x00000000daa80000, 0x0000000100000000)
  eden space 76800K, 100% used [0x00000000d5580000,0x00000000da080000,0x00000000da080000)
  from space 5120K, 45% used [0x00000000da580000,0x00000000da7c8000,0x00000000daa80000)
  to   space 5120K, 0% used [0x00000000da080000,0x00000000da080000,0x00000000da580000)
 ParOldGen       total 221696K, used 100377K [0x0000000080000000, 0x000000008d880000, 0x00000000d5580000)
  object space 221696K, 45% used [0x0000000080000000,0x00000000862065b8,0x000000008d880000)
 Metaspace       used 95041K, capacity 98304K, committed 98560K, reserved 1136640K
  class space    used 11412K, capacity 11952K, committed 12032K, reserved 1048576K
2023-09-28T18:59:29.364+0600: 1412033.607: [GC (Allocation Failure) [PSYoungGen: 79136K->2336K(81920K)] 179513K->102729K(303616K), 0.0130828 secs] [Times: user=0.02 sys=0.00, real=0.01 secs] 
Heap after GC invocations=336 (full 3):
 PSYoungGen      total 81920K, used 2336K [0x00000000d5580000, 0x00000000daa80000, 0x0000000100000000)
  eden space 76800K, 0% used [0x00000000d5580000,0x00000000d5580000,0x00000000da080000)
  from space 5120K, 45% used [0x00000000da080000,0x00000000da2c8000,0x00000000da580000)
  to   space 4608K, 0% used [0x00000000da600000,0x00000000da600000,0x00000000daa80000)
 ParOldGen       total 221696K, used 100393K [0x0000000080000000, 0x000000008d880000, 0x00000000d5580000)
  object space 221696K, 45% used [0x0000000080000000,0x000000008620a5b8,0x000000008d880000)
 Metaspace       used 95041K, capacity 98304K, committed 98560K, reserved 1136640K
  class space    used 11412K, capacity 11952K, committed 12032K, reserved 1048576K
}
{Heap before GC invocations=337 (full 3):
 PSYoungGen      total 81920K, used 79136K [0x00000000d5580000, 0x00000000daa80000, 0x0000000100000000)
  eden space 76800K, 100% used [0x00000000d5580000,0x00000000da080000,0x00000000da080000)
  from space 5120K, 45% used [0x00000000da080000,0x00000000da2c8000,0x00000000da580000)
  to   space 4608K, 0% used [0x00000000da600000,0x00000000da600000,0x00000000daa80000)
 ParOldGen       total 221696K, used 100393K [0x0000000080000000, 0x000000008d880000, 0x00000000d5580000)
  object space 221696K, 45% used [0x0000000080000000,0x000000008620a5b8,0x000000008d880000)
 Metaspace       used 95042K, capacity 98304K, committed 98560K, reserved 1136640K
  class space    used 11412K, capacity 11952K, committed 12032K, reserved 1048576K
2023-09-28T19:58:34.808+0600: 1415579.051: [GC (Allocation Failure) [PSYoungGen: 79136K->2496K(82432K)] 179529K->102889K(304128K), 0.0130840 secs] [Times: user=0.02 sys=0.00, real=0.01 secs] 
Heap after GC invocations=337 (full 3):
 PSYoungGen      total 82432K, used 2496K [0x00000000d5580000, 0x00000000daa80000, 0x0000000100000000)
  eden space 77824K, 0% used [0x00000000d5580000,0x00000000d5580000,0x00000000da180000)
  from space 4608K, 54% used [0x00000000da600000,0x00000000da870000,0x00000000daa80000)
  to   space 4608K, 0% used [0x00000000da180000,0x00000000da180000,0x00000000da600000)
 ParOldGen       total 221696K, used 100393K [0x0000000080000000, 0x000000008d880000, 0x00000000d5580000)
  object space 221696K, 45% used [0x0000000080000000,0x000000008620a5b8,0x000000008d880000)
 Metaspace       used 95042K, capacity 98304K, committed 98560K, reserved 1136640K
  class space    used 11412K, capacity 11952K, committed 12032K, reserved 1048576K
}
{Heap before GC invocations=338 (full 3):
 PSYoungGen      total 82432K, used 80320K [0x00000000d5580000, 0x00000000daa80000, 0x0000000100000000)
  eden space 77824K, 100% used [0x00000000d5580000,0x00000000da180000,0x00000000da180000)
  from space 4608K, 54% used [0x00000000da600000,0x00000000da870000,0x00000000daa80000)
  to   space 4608K, 0% used [0x00000000da180000,0x00000000da180000,0x00000000da600000)
 ParOldGen       total 221696K, used 100393K [0x0000000080000000, 0x000000008d880000, 0x00000000d5580000)
  object space 221696K, 45% used [0x0000000080000000,0x000000008620a5b8,0x000000008d880000)
 Metaspace       used 95048K, capacity 98304K, committed 98560K, reserved 1136640K
  class space    used 11412K, capacity 11952K, committed 12032K, reserved 1048576K
2023-09-28T20:44:13.637+0600: 1418317.881: [GC (Allocation Failure) [PSYoungGen: 80320K->3810K(81920K)] 180713K->104203K(303616K), 0.0153834 secs] [Times: user=0.02 sys=0.01, real=0.01 secs] 
Heap after GC invocations=338 (full 3):
 PSYoungGen      total 81920K, used 3810K [0x00000000d5580000, 0x00000000daa80000, 0x0000000100000000)
  eden space 77824K, 0% used [0x00000000d5580000,0x00000000d5580000,0x00000000da180000)
  from space 4096K, 93% used [0x00000000da180000,0x00000000da538900,0x00000000da580000)
  to   space 5120K, 0% used [0x00000000da580000,0x00000000da580000,0x00000000daa80000)
 ParOldGen       total 221696K, used 100393K [0x0000000080000000, 0x000000008d880000, 0x00000000d5580000)
  object space 221696K, 45% used [0x0000000080000000,0x000000008620a5b8,0x000000008d880000)
 Metaspace       used 95048K, capacity 98304K, committed 98560K, reserved 1136640K
  class space    used 11412K, capacity 11952K, committed 12032K, reserved 1048576K
}
{Heap before GC invocations=339 (full 3):
 PSYoungGen      total 81920K, used 81634K [0x00000000d5580000, 0x00000000daa80000, 0x0000000100000000)
  eden space 77824K, 100% used [0x00000000d5580000,0x00000000da180000,0x00000000da180000)
  from space 4096K, 93% used [0x00000000da180000,0x00000000da538900,0x00000000da580000)
  to   space 5120K, 0% used [0x00000000da580000,0x00000000da580000,0x00000000daa80000)
 ParOldGen       total 221696K, used 100393K [0x0000000080000000, 0x000000008d880000, 0x00000000d5580000)
  object space 221696K, 45% used [0x0000000080000000,0x000000008620a5b8,0x000000008d880000)
 Metaspace       used 95048K, capacity 98304K, committed 98560K, reserved 1136640K
  class space    used 11412K, capacity 11952K, committed 12032K, reserved 1048576K
2023-09-28T21:44:45.090+0600: 1421949.333: [GC (Allocation Failure) [PSYoungGen: 81634K->2816K(82432K)] 182027K->103209K(304128K), 0.0139654 secs] [Times: user=0.03 sys=0.00, real=0.02 secs] 
Heap after GC invocations=339 (full 3):
 PSYoungGen      total 82432K, used 2816K [0x00000000d5580000, 0x00000000daa80000, 0x0000000100000000)
  eden space 77312K, 0% used [0x00000000d5580000,0x00000000d5580000,0x00000000da100000)
  from space 5120K, 55% used [0x00000000da580000,0x00000000da840030,0x00000000daa80000)
  to   space 4608K, 0% used [0x00000000da100000,0x00000000da100000,0x00000000da580000)
 ParOldGen       total 221696K, used 100393K [0x0000000080000000, 0x000000008d880000, 0x00000000d5580000)
  object space 221696K, 45% used [0x0000000080000000,0x000000008620a5b8,0x000000008d880000)
 Metaspace       used 95048K, capacity 98304K, committed 98560K, reserved 1136640K
  class space    used 11412K, capacity 11952K, committed 12032K, reserved 1048576K
}
{Heap before GC invocations=340 (full 3):
 PSYoungGen      total 82432K, used 80128K [0x00000000d5580000, 0x00000000daa80000, 0x0000000100000000)
  eden space 77312K, 100% used [0x00000000d5580000,0x00000000da100000,0x00000000da100000)
  from space 5120K, 55% used [0x00000000da580000,0x00000000da840030,0x00000000daa80000)
  to   space 4608K, 0% used [0x00000000da100000,0x00000000da100000,0x00000000da580000)
 ParOldGen       total 221696K, used 100393K [0x0000000080000000, 0x000000008d880000, 0x00000000d5580000)
  object space 221696K, 45% used [0x0000000080000000,0x000000008620a5b8,0x000000008d880000)
 Metaspace       used 95048K, capacity 98304K, committed 98560K, reserved 1136640K
  class space    used 11412K, capacity 11952K, committed 12032K, reserved 1048576K
2023-09-28T22:46:13.073+0600: 1425637.316: [GC (Allocation Failure) [PSYoungGen: 80128K->2464K(81920K)] 180521K->102857K(303616K), 0.0140127 secs] [Times: user=0.03 sys=0.00, real=0.02 secs] 
Heap after GC invocations=340 (full 3):
 PSYoungGen      total 81920K, used 2464K [0x00000000d5580000, 0x00000000daa80000, 0x0000000100000000)
  eden space 77312K, 0% used [0x00000000d5580000,0x00000000d5580000,0x00000000da100000)
  from space 4608K, 53% used [0x00000000da100000,0x00000000da368000,0x00000000da580000)
  to   space 4608K, 0% used [0x00000000da600000,0x00000000da600000,0x00000000daa80000)
 ParOldGen       total 221696K, used 100393K [0x0000000080000000, 0x000000008d880000, 0x00000000d5580000)
  object space 221696K, 45% used [0x0000000080000000,0x000000008620a5b8,0x000000008d880000)
 Metaspace       used 95048K, capacity 98304K, committed 98560K, reserved 1136640K
  class space    used 11412K, capacity 11952K, committed 12032K, reserved 1048576K
}
{Heap before GC invocations=341 (full 3):
 PSYoungGen      total 81920K, used 79776K [0x00000000d5580000, 0x00000000daa80000, 0x0000000100000000)
  eden space 77312K, 100% used [0x00000000d5580000,0x00000000da100000,0x00000000da100000)
  from space 4608K, 53% used [0x00000000da100000,0x00000000da368000,0x00000000da580000)
  to   space 4608K, 0% used [0x00000000da600000,0x00000000da600000,0x00000000daa80000)
 ParOldGen       total 221696K, used 100393K [0x0000000080000000, 0x000000008d880000, 0x00000000d5580000)
  object space 221696K, 45% used [0x0000000080000000,0x000000008620a5b8,0x000000008d880000)
 Metaspace       used 95048K, capacity 98304K, committed 98560K, reserved 1136640K
  class space    used 11412K, capacity 11952K, committed 12032K, reserved 1048576K
2023-09-28T23:48:04.285+0600: 1429348.528: [GC (Allocation Failure) [PSYoungGen: 79776K->2464K(82432K)] 180169K->102865K(304128K), 0.0123454 secs] [Times: user=0.03 sys=0.00, real=0.01 secs] 
Heap after GC invocations=341 (full 3):
 PSYoungGen      total 82432K, used 2464K [0x00000000d5580000, 0x00000000daa80000, 0x0000000100000000)
  eden space 77824K, 0% used [0x00000000d5580000,0x00000000d5580000,0x00000000da180000)
  from space 4608K, 53% used [0x00000000da600000,0x00000000da868000,0x00000000daa80000)
  to   space 4608K, 0% used [0x00000000da180000,0x00000000da180000,0x00000000da600000)
 ParOldGen       total 221696K, used 100401K [0x0000000080000000, 0x000000008d880000, 0x00000000d5580000)
  object space 221696K, 45% used [0x0000000080000000,0x000000008620c5b8,0x000000008d880000)
 Metaspace       used 95048K, capacity 98304K, committed 98560K, reserved 1136640K
  class space    used 11412K, capacity 11952K, committed 12032K, reserved 1048576K
}
{Heap before GC invocations=342 (full 3):
 PSYoungGen      total 82432K, used 80288K [0x00000000d5580000, 0x00000000daa80000, 0x0000000100000000)
  eden space 77824K, 100% used [0x00000000d5580000,0x00000000da180000,0x00000000da180000)
  from space 4608K, 53% used [0x00000000da600000,0x00000000da868000,0x00000000daa80000)
  to   space 4608K, 0% used [0x00000000da180000,0x00000000da180000,0x00000000da600000)
 ParOldGen       total 221696K, used 100401K [0x0000000080000000, 0x000000008d880000, 0x00000000d5580000)
  object space 221696K, 45% used [0x0000000080000000,0x000000008620c5b8,0x000000008d880000)
 Metaspace       used 95048K, capacity 98304K, committed 98560K, reserved 1136640K
  class space    used 11412K, capacity 11952K, committed 12032K, reserved 1048576K
2023-09-29T00:51:41.133+0600: 1433165.376: [GC (Allocation Failure) [PSYoungGen: 80288K->2464K(82432K)] 180689K->102865K(304128K), 0.0118315 secs] [Times: user=0.02 sys=0.00, real=0.02 secs] 
Heap after GC invocations=342 (full 3):
 PSYoungGen      total 82432K, used 2464K [0x00000000d5580000, 0x00000000daa80000, 0x0000000100000000)
  eden space 77824K, 0% used [0x00000000d5580000,0x00000000d5580000,0x00000000da180000)
  from space 4608K, 53% used [0x00000000da180000,0x00000000da3e8000,0x00000000da600000)
  to   space 4608K, 0% used [0x00000000da600000,0x00000000da600000,0x00000000daa80000)
 ParOldGen       total 221696K, used 100401K [0x0000000080000000, 0x000000008d880000, 0x00000000d5580000)
  object space 221696K, 45% used [0x0000000080000000,0x000000008620c5b8,0x000000008d880000)
 Metaspace       used 95048K, capacity 98304K, committed 98560K, reserved 1136640K
  class space    used 11412K, capacity 11952K, committed 12032K, reserved 1048576K
}
{Heap before GC invocations=343 (full 3):
 PSYoungGen      total 82432K, used 80288K [0x00000000d5580000, 0x00000000daa80000, 0x0000000100000000)
  eden space 77824K, 100% used [0x00000000d5580000,0x00000000da180000,0x00000000da180000)
  from space 4608K, 53% used [0x00000000da180000,0x00000000da3e8000,0x00000000da600000)
  to   space 4608K, 0% used [0x00000000da600000,0x00000000da600000,0x00000000daa80000)
 ParOldGen       total 221696K, used 100401K [0x0000000080000000, 0x000000008d880000, 0x00000000d5580000)
  object space 221696K, 45% used [0x0000000080000000,0x000000008620c5b8,0x000000008d880000)
 Metaspace       used 95048K, capacity 98304K, committed 98560K, reserved 1136640K
  class space    used 11412K, capacity 11952K, committed 12032K, reserved 1048576K
2023-09-29T01:46:27.576+0600: 1436451.820: [GC (Allocation Failure) [PSYoungGen: 80288K->3713K(82432K)] 180689K->104115K(304128K), 0.0146899 secs] [Times: user=0.03 sys=0.00, real=0.01 secs] 
Heap after GC invocations=343 (full 3):
 PSYoungGen      total 82432K, used 3713K [0x00000000d5580000, 0x00000000daa80000, 0x0000000100000000)
  eden space 77824K, 0% used [0x00000000d5580000,0x00000000d5580000,0x00000000da180000)
  from space 4608K, 80% used [0x00000000da600000,0x00000000da9a0730,0x00000000daa80000)
  to   space 4608K, 0% used [0x00000000da180000,0x00000000da180000,0x00000000da600000)
 ParOldGen       total 221696K, used 100401K [0x0000000080000000, 0x000000008d880000, 0x00000000d5580000)
  object space 221696K, 45% used [0x0000000080000000,0x000000008620c5b8,0x000000008d880000)
 Metaspace       used 95048K, capacity 98304K, committed 98560K, reserved 1136640K
  class space    used 11412K, capacity 11952K, committed 12032K, reserved 1048576K
}
{Heap before GC invocations=344 (full 3):
 PSYoungGen      total 82432K, used 81533K [0x00000000d5580000, 0x00000000daa80000, 0x0000000100000000)
  eden space 77824K, 99% used [0x00000000d5580000,0x00000000da17eda8,0x00000000da180000)
  from space 4608K, 80% used [0x00000000da600000,0x00000000da9a0730,0x00000000daa80000)
  to   space 4608K, 0% used [0x00000000da180000,0x00000000da180000,0x00000000da600000)
 ParOldGen       total 221696K, used 100401K [0x0000000080000000, 0x000000008d880000, 0x00000000d5580000)
  object space 221696K, 45% used [0x0000000080000000,0x000000008620c5b8,0x000000008d880000)
 Metaspace       used 95048K, capacity 98304K, committed 98560K, reserved 1136640K
  class space    used 11412K, capacity 11952K, committed 12032K, reserved 1048576K
2023-09-29T02:48:46.976+0600: 1440191.219: [GC (Allocation Failure) [PSYoungGen: 81533K->2656K(82432K)] 181934K->103057K(304128K), 0.0136928 secs] [Times: user=0.02 sys=0.00, real=0.01 secs] 
Heap after GC invocations=344 (full 3):
 PSYoungGen      total 82432K, used 2656K [0x00000000d5580000, 0x00000000daa80000, 0x0000000100000000)
  eden space 77824K, 0% used [0x00000000d5580000,0x00000000d5580000,0x00000000da180000)
  from space 4608K, 57% used [0x00000000da180000,0x00000000da418010,0x00000000da600000)
  to   space 4608K, 0% used [0x00000000da600000,0x00000000da600000,0x00000000daa80000)
 ParOldGen       total 221696K, used 100401K [0x0000000080000000, 0x000000008d880000, 0x00000000d5580000)
  object space 221696K, 45% used [0x0000000080000000,0x000000008620c5b8,0x000000008d880000)
 Metaspace       used 95048K, capacity 98304K, committed 98560K, reserved 1136640K
  class space    used 11412K, capacity 11952K, committed 12032K, reserved 1048576K
}
{Heap before GC invocations=345 (full 3):
 PSYoungGen      total 82432K, used 80480K [0x00000000d5580000, 0x00000000daa80000, 0x0000000100000000)
  eden space 77824K, 100% used [0x00000000d5580000,0x00000000da180000,0x00000000da180000)
  from space 4608K, 57% used [0x00000000da180000,0x00000000da418010,0x00000000da600000)
  to   space 4608K, 0% used [0x00000000da600000,0x00000000da600000,0x00000000daa80000)
 ParOldGen       total 221696K, used 100401K [0x0000000080000000, 0x000000008d880000, 0x00000000d5580000)
  object space 221696K, 45% used [0x0000000080000000,0x000000008620c5b8,0x000000008d880000)
 Metaspace       used 95055K, capacity 98304K, committed 98560K, reserved 1136640K
  class space    used 11412K, capacity 11952K, committed 12032K, reserved 1048576K
2023-09-29T03:49:59.911+0600: 1443864.154: [GC (Allocation Failure) [PSYoungGen: 80480K->2816K(82432K)] 180881K->103241K(304128K), 0.0142065 secs] [Times: user=0.02 sys=0.00, real=0.02 secs] 
Heap after GC invocations=345 (full 3):
 PSYoungGen      total 82432K, used 2816K [0x00000000d5580000, 0x00000000daa80000, 0x0000000100000000)
  eden space 77824K, 0% used [0x00000000d5580000,0x00000000d5580000,0x00000000da180000)
  from space 4608K, 61% used [0x00000000da600000,0x00000000da8c0030,0x00000000daa80000)
  to   space 4608K, 0% used [0x00000000da180000,0x00000000da180000,0x00000000da600000)
 ParOldGen       total 221696K, used 100425K [0x0000000080000000, 0x000000008d880000, 0x00000000d5580000)
  object space 221696K, 45% used [0x0000000080000000,0x00000000862125b8,0x000000008d880000)
 Metaspace       used 95055K, capacity 98304K, committed 98560K, reserved 1136640K
  class space    used 11412K, capacity 11952K, committed 12032K, reserved 1048576K
}
{Heap before GC invocations=346 (full 3):
 PSYoungGen      total 82432K, used 80640K [0x00000000d5580000, 0x00000000daa80000, 0x0000000100000000)
  eden space 77824K, 100% used [0x00000000d5580000,0x00000000da180000,0x00000000da180000)
  from space 4608K, 61% used [0x00000000da600000,0x00000000da8c0030,0x00000000daa80000)
  to   space 4608K, 0% used [0x00000000da180000,0x00000000da180000,0x00000000da600000)
 ParOldGen       total 221696K, used 100425K [0x0000000080000000, 0x000000008d880000, 0x00000000d5580000)
  object space 221696K, 45% used [0x0000000080000000,0x00000000862125b8,0x000000008d880000)
 Metaspace       used 95055K, capacity 98304K, committed 98560K, reserved 1136640K
  class space    used 11412K, capacity 11952K, committed 12032K, reserved 1048576K
2023-09-29T04:53:45.480+0600: 1447689.723: [GC (Allocation Failure) [PSYoungGen: 80640K->2528K(82432K)] 181065K->102961K(304128K), 0.0125492 secs] [Times: user=0.03 sys=0.00, real=0.01 secs] 
Heap after GC invocations=346 (full 3):
 PSYoungGen      total 82432K, used 2528K [0x00000000d5580000, 0x00000000daa80000, 0x0000000100000000)
  eden space 77824K, 0% used [0x00000000d5580000,0x00000000d5580000,0x00000000da180000)
  from space 4608K, 54% used [0x00000000da180000,0x00000000da3f8000,0x00000000da600000)
  to   space 4096K, 0% used [0x00000000da680000,0x00000000da680000,0x00000000daa80000)
 ParOldGen       total 221696K, used 100433K [0x0000000080000000, 0x000000008d880000, 0x00000000d5580000)
  object space 221696K, 45% used [0x0000000080000000,0x00000000862145b8,0x000000008d880000)
 Metaspace       used 95055K, capacity 98304K, committed 98560K, reserved 1136640K
  class space    used 11412K, capacity 11952K, committed 12032K, reserved 1048576K
}
{Heap before GC invocations=347 (full 3):
 PSYoungGen      total 82432K, used 80352K [0x00000000d5580000, 0x00000000daa80000, 0x0000000100000000)
  eden space 77824K, 100% used [0x00000000d5580000,0x00000000da180000,0x00000000da180000)
  from space 4608K, 54% used [0x00000000da180000,0x00000000da3f8000,0x00000000da600000)
  to   space 4096K, 0% used [0x00000000da680000,0x00000000da680000,0x00000000daa80000)
 ParOldGen       total 221696K, used 100433K [0x0000000080000000, 0x000000008d880000, 0x00000000d5580000)
  object space 221696K, 45% used [0x0000000080000000,0x00000000862145b8,0x000000008d880000)
 Metaspace       used 95055K, capacity 98304K, committed 98560K, reserved 1136640K
  class space    used 11412K, capacity 11952K, committed 12032K, reserved 1048576K
2023-09-29T05:59:12.126+0600: 1451616.369: [GC (Allocation Failure) [PSYoungGen: 80352K->2464K(82944K)] 180785K->102929K(304640K), 0.0115812 secs] [Times: user=0.02 sys=0.00, real=0.01 secs] 
Heap after GC invocations=347 (full 3):
 PSYoungGen      total 82944K, used 2464K [0x00000000d5580000, 0x00000000daa80000, 0x0000000100000000)
  eden space 78848K, 0% used [0x00000000d5580000,0x00000000d5580000,0x00000000da280000)
  from space 4096K, 60% used [0x00000000da680000,0x00000000da8e8000,0x00000000daa80000)
  to   space 4096K, 0% used [0x00000000da280000,0x00000000da280000,0x00000000da680000)
 ParOldGen       total 221696K, used 100465K [0x0000000080000000, 0x000000008d880000, 0x00000000d5580000)
  object space 221696K, 45% used [0x0000000080000000,0x000000008621c5b8,0x000000008d880000)
 Metaspace       used 95055K, capacity 98304K, committed 98560K, reserved 1136640K
  class space    used 11412K, capacity 11952K, committed 12032K, reserved 1048576K
}
{Heap before GC invocations=348 (full 3):
 PSYoungGen      total 82944K, used 81312K [0x00000000d5580000, 0x00000000daa80000, 0x0000000100000000)
  eden space 78848K, 100% used [0x00000000d5580000,0x00000000da280000,0x00000000da280000)
  from space 4096K, 60% used [0x00000000da680000,0x00000000da8e8000,0x00000000daa80000)
  to   space 4096K, 0% used [0x00000000da280000,0x00000000da280000,0x00000000da680000)
 ParOldGen       total 221696K, used 100465K [0x0000000080000000, 0x000000008d880000, 0x00000000d5580000)
  object space 221696K, 45% used [0x0000000080000000,0x000000008621c5b8,0x000000008d880000)
 Metaspace       used 95055K, capacity 98304K, committed 98560K, reserved 1136640K
  class space    used 11412K, capacity 11952K, committed 12032K, reserved 1048576K
2023-09-29T07:03:04.440+0600: 1455448.683: [GC (Allocation Failure) [PSYoungGen: 81312K->2464K(82944K)] 181777K->102945K(304640K), 0.0128812 secs] [Times: user=0.02 sys=0.00, real=0.01 secs] 
Heap after GC invocations=348 (full 3):
 PSYoungGen      total 82944K, used 2464K [0x00000000d5580000, 0x00000000daa80000, 0x0000000100000000)
  eden space 78848K, 0% used [0x00000000d5580000,0x00000000d5580000,0x00000000da280000)
  from space 4096K, 60% used [0x00000000da280000,0x00000000da4e8000,0x00000000da680000)
  to   space 4096K, 0% used [0x00000000da680000,0x00000000da680000,0x00000000daa80000)
 ParOldGen       total 221696K, used 100481K [0x0000000080000000, 0x000000008d880000, 0x00000000d5580000)
  object space 221696K, 45% used [0x0000000080000000,0x00000000862205b8,0x000000008d880000)
 Metaspace       used 95055K, capacity 98304K, committed 98560K, reserved 1136640K
  class space    used 11412K, capacity 11952K, committed 12032K, reserved 1048576K
}
{Heap before GC invocations=349 (full 3):
 PSYoungGen      total 82944K, used 81311K [0x00000000d5580000, 0x00000000daa80000, 0x0000000100000000)
  eden space 78848K, 99% used [0x00000000d5580000,0x00000000da27ffd8,0x00000000da280000)
  from space 4096K, 60% used [0x00000000da280000,0x00000000da4e8000,0x00000000da680000)
  to   space 4096K, 0% used [0x00000000da680000,0x00000000da680000,0x00000000daa80000)
 ParOldGen       total 221696K, used 100481K [0x0000000080000000, 0x000000008d880000, 0x00000000d5580000)
  object space 221696K, 45% used [0x0000000080000000,0x00000000862205b8,0x000000008d880000)
 Metaspace       used 95055K, capacity 98304K, committed 98560K, reserved 1136640K
  class space    used 11412K, capacity 11952K, committed 12032K, reserved 1048576K
2023-09-29T08:06:56.062+0600: 1459280.305: [GC (Allocation Failure) [PSYoungGen: 81311K->2464K(82944K)] 181793K->102945K(304640K), 0.0125015 secs] [Times: user=0.02 sys=0.00, real=0.02 secs] 
Heap after GC invocations=349 (full 3):
 PSYoungGen      total 82944K, used 2464K [0x00000000d5580000, 0x00000000daa80000, 0x0000000100000000)
  eden space 78848K, 0% used [0x00000000d5580000,0x00000000d5580000,0x00000000da280000)
  from space 4096K, 60% used [0x00000000da680000,0x00000000da8e8000,0x00000000daa80000)
  to   space 4096K, 0% used [0x00000000da280000,0x00000000da280000,0x00000000da680000)
 ParOldGen       total 221696K, used 100481K [0x0000000080000000, 0x000000008d880000, 0x00000000d5580000)
  object space 221696K, 45% used [0x0000000080000000,0x00000000862205b8,0x000000008d880000)
 Metaspace       used 95055K, capacity 98304K, committed 98560K, reserved 1136640K
  class space    used 11412K, capacity 11952K, committed 12032K, reserved 1048576K
}
{Heap before GC invocations=350 (full 3):
 PSYoungGen      total 82944K, used 81312K [0x00000000d5580000, 0x00000000daa80000, 0x0000000100000000)
  eden space 78848K, 100% used [0x00000000d5580000,0x00000000da280000,0x00000000da280000)
  from space 4096K, 60% used [0x00000000da680000,0x00000000da8e8000,0x00000000daa80000)
  to   space 4096K, 0% used [0x00000000da280000,0x00000000da280000,0x00000000da680000)
 ParOldGen       total 221696K, used 100481K [0x0000000080000000, 0x000000008d880000, 0x00000000d5580000)
  object space 221696K, 45% used [0x0000000080000000,0x00000000862205b8,0x000000008d880000)
 Metaspace       used 95055K, capacity 98304K, committed 98560K, reserved 1136640K
  class space    used 11412K, capacity 11952K, committed 12032K, reserved 1048576K
2023-09-29T09:08:51.546+0600: 1462995.789: [GC (Allocation Failure) [PSYoungGen: 81312K->2432K(82944K)] 181793K->102913K(304640K), 0.0112478 secs] [Times: user=0.02 sys=0.00, real=0.01 secs] 
Heap after GC invocations=350 (full 3):
 PSYoungGen      total 82944K, used 2432K [0x00000000d5580000, 0x00000000daa80000, 0x0000000100000000)
  eden space 78848K, 0% used [0x00000000d5580000,0x00000000d5580000,0x00000000da280000)
  from space 4096K, 59% used [0x00000000da280000,0x00000000da4e0000,0x00000000da680000)
  to   space 4096K, 0% used [0x00000000da680000,0x00000000da680000,0x00000000daa80000)
 ParOldGen       total 221696K, used 100481K [0x0000000080000000, 0x000000008d880000, 0x00000000d5580000)
  object space 221696K, 45% used [0x0000000080000000,0x00000000862205b8,0x000000008d880000)
 Metaspace       used 95055K, capacity 98304K, committed 98560K, reserved 1136640K
  class space    used 11412K, capacity 11952K, committed 12032K, reserved 1048576K
}
{Heap before GC invocations=351 (full 3):
 PSYoungGen      total 82944K, used 81280K [0x00000000d5580000, 0x00000000daa80000, 0x0000000100000000)
  eden space 78848K, 100% used [0x00000000d5580000,0x00000000da280000,0x00000000da280000)
  from space 4096K, 59% used [0x00000000da280000,0x00000000da4e0000,0x00000000da680000)
  to   space 4096K, 0% used [0x00000000da680000,0x00000000da680000,0x00000000daa80000)
 ParOldGen       total 221696K, used 100481K [0x0000000080000000, 0x000000008d880000, 0x00000000d5580000)
  object space 221696K, 45% used [0x0000000080000000,0x00000000862205b8,0x000000008d880000)
 Metaspace       used 95055K, capacity 98304K, committed 98560K, reserved 1136640K
  class space    used 11412K, capacity 11952K, committed 12032K, reserved 1048576K
2023-09-29T10:12:51.368+0600: 1466835.612: [GC (Allocation Failure) [PSYoungGen: 81280K->2464K(82944K)] 181761K->102945K(304640K), 0.0142761 secs] [Times: user=0.03 sys=0.00, real=0.01 secs] 
Heap after GC invocations=351 (full 3):
 PSYoungGen      total 82944K, used 2464K [0x00000000d5580000, 0x00000000daa80000, 0x0000000100000000)
  eden space 78848K, 0% used [0x00000000d5580000,0x00000000d5580000,0x00000000da280000)
  from space 4096K, 60% used [0x00000000da680000,0x00000000da8e8000,0x00000000daa80000)
  to   space 4096K, 0% used [0x00000000da280000,0x00000000da280000,0x00000000da680000)
 ParOldGen       total 221696K, used 100481K [0x0000000080000000, 0x000000008d880000, 0x00000000d5580000)
  object space 221696K, 45% used [0x0000000080000000,0x00000000862205b8,0x000000008d880000)
 Metaspace       used 95055K, capacity 98304K, committed 98560K, reserved 1136640K
  class space    used 11412K, capacity 11952K, committed 12032K, reserved 1048576K
}
{Heap before GC invocations=352 (full 3):
 PSYoungGen      total 82944K, used 81312K [0x00000000d5580000, 0x00000000daa80000, 0x0000000100000000)
  eden space 78848K, 100% used [0x00000000d5580000,0x00000000da280000,0x00000000da280000)
  from space 4096K, 60% used [0x00000000da680000,0x00000000da8e8000,0x00000000daa80000)
  to   space 4096K, 0% used [0x00000000da280000,0x00000000da280000,0x00000000da680000)
 ParOldGen       total 221696K, used 100481K [0x0000000080000000, 0x000000008d880000, 0x00000000d5580000)
  object space 221696K, 45% used [0x0000000080000000,0x00000000862205b8,0x000000008d880000)
 Metaspace       used 95055K, capacity 98304K, committed 98560K, reserved 1136640K
  class space    used 11412K, capacity 11952K, committed 12032K, reserved 1048576K
2023-09-29T11:17:28.515+0600: 1470712.758: [GC (Allocation Failure) [PSYoungGen: 81312K->2400K(82944K)] 181793K->102929K(304640K), 0.0131820 secs] [Times: user=0.03 sys=0.00, real=0.01 secs] 
Heap after GC invocations=352 (full 3):
 PSYoungGen      total 82944K, used 2400K [0x00000000d5580000, 0x00000000daa80000, 0x0000000100000000)
  eden space 78848K, 0% used [0x00000000d5580000,0x00000000d5580000,0x00000000da280000)
  from space 4096K, 58% used [0x00000000da280000,0x00000000da4d8000,0x00000000da680000)
  to   space 4096K, 0% used [0x00000000da680000,0x00000000da680000,0x00000000daa80000)
 ParOldGen       total 221696K, used 100529K [0x0000000080000000, 0x000000008d880000, 0x00000000d5580000)
  object space 221696K, 45% used [0x0000000080000000,0x000000008622c5e8,0x000000008d880000)
 Metaspace       used 95055K, capacity 98304K, committed 98560K, reserved 1136640K
  class space    used 11412K, capacity 11952K, committed 12032K, reserved 1048576K
}
{Heap before GC invocations=353 (full 3):
 PSYoungGen      total 82944K, used 81248K [0x00000000d5580000, 0x00000000daa80000, 0x0000000100000000)
  eden space 78848K, 100% used [0x00000000d5580000,0x00000000da280000,0x00000000da280000)
  from space 4096K, 58% used [0x00000000da280000,0x00000000da4d8000,0x00000000da680000)
  to   space 4096K, 0% used [0x00000000da680000,0x00000000da680000,0x00000000daa80000)
 ParOldGen       total 221696K, used 100529K [0x0000000080000000, 0x000000008d880000, 0x00000000d5580000)
  object space 221696K, 45% used [0x0000000080000000,0x000000008622c5e8,0x000000008d880000)
 Metaspace       used 95055K, capacity 98304K, committed 98560K, reserved 1136640K
  class space    used 11412K, capacity 11952K, committed 12032K, reserved 1048576K
2023-09-29T12:22:57.982+0600: 1474642.225: [GC (Allocation Failure) [PSYoungGen: 81248K->2416K(83456K)] 181777K->103030K(305152K), 0.0156306 secs] [Times: user=0.02 sys=0.00, real=0.02 secs] 
Heap after GC invocations=353 (full 3):
 PSYoungGen      total 83456K, used 2416K [0x00000000d5580000, 0x00000000daa80000, 0x0000000100000000)
  eden space 79360K, 0% used [0x00000000d5580000,0x00000000d5580000,0x00000000da300000)
  from space 4096K, 58% used [0x00000000da680000,0x00000000da8dc230,0x00000000daa80000)
  to   space 3584K, 0% used [0x00000000da300000,0x00000000da300000,0x00000000da680000)
 ParOldGen       total 221696K, used 100613K [0x0000000080000000, 0x000000008d880000, 0x00000000d5580000)
  object space 221696K, 45% used [0x0000000080000000,0x0000000086241600,0x000000008d880000)
 Metaspace       used 95055K, capacity 98304K, committed 98560K, reserved 1136640K
  class space    used 11412K, capacity 11952K, committed 12032K, reserved 1048576K
}
{Heap before GC invocations=354 (full 3):
 PSYoungGen      total 83456K, used 81776K [0x00000000d5580000, 0x00000000daa80000, 0x0000000100000000)
  eden space 79360K, 100% used [0x00000000d5580000,0x00000000da300000,0x00000000da300000)
  from space 4096K, 58% used [0x00000000da680000,0x00000000da8dc230,0x00000000daa80000)
  to   space 3584K, 0% used [0x00000000da300000,0x00000000da300000,0x00000000da680000)
 ParOldGen       total 221696K, used 100613K [0x0000000080000000, 0x000000008d880000, 0x00000000d5580000)
  object space 221696K, 45% used [0x0000000080000000,0x0000000086241600,0x000000008d880000)
 Metaspace       used 95056K, capacity 98304K, committed 98560K, reserved 1136640K
  class space    used 11412K, capacity 11952K, committed 12032K, reserved 1048576K
2023-09-29T13:25:55.474+0600: 1478419.717: [GC (Allocation Failure) [PSYoungGen: 81776K->2512K(82944K)] 182390K->103142K(304640K), 0.0134891 secs] [Times: user=0.02 sys=0.00, real=0.01 secs] 
Heap after GC invocations=354 (full 3):
 PSYoungGen      total 82944K, used 2512K [0x00000000d5580000, 0x00000000daa80000, 0x0000000100000000)
  eden space 79360K, 0% used [0x00000000d5580000,0x00000000d5580000,0x00000000da300000)
  from space 3584K, 70% used [0x00000000da300000,0x00000000da574230,0x00000000da680000)
  to   space 3584K, 0% used [0x00000000da700000,0x00000000da700000,0x00000000daa80000)
 ParOldGen       total 221696K, used 100629K [0x0000000080000000, 0x000000008d880000, 0x00000000d5580000)
  object space 221696K, 45% used [0x0000000080000000,0x0000000086245600,0x000000008d880000)
 Metaspace       used 95056K, capacity 98304K, committed 98560K, reserved 1136640K
  class space    used 11412K, capacity 11952K, committed 12032K, reserved 1048576K
}
{Heap before GC invocations=355 (full 3):
 PSYoungGen      total 82944K, used 81872K [0x00000000d5580000, 0x00000000daa80000, 0x0000000100000000)
  eden space 79360K, 100% used [0x00000000d5580000,0x00000000da300000,0x00000000da300000)
  from space 3584K, 70% used [0x00000000da300000,0x00000000da574230,0x00000000da680000)
  to   space 3584K, 0% used [0x00000000da700000,0x00000000da700000,0x00000000daa80000)
 ParOldGen       total 221696K, used 100629K [0x0000000080000000, 0x000000008d880000, 0x00000000d5580000)
  object space 221696K, 45% used [0x0000000080000000,0x0000000086245600,0x000000008d880000)
 Metaspace       used 95056K, capacity 98304K, committed 98560K, reserved 1136640K
  class space    used 11412K, capacity 11952K, committed 12032K, reserved 1048576K
2023-09-29T14:30:06.799+0600: 1482271.042: [GC (Allocation Failure) [PSYoungGen: 81872K->2336K(83456K)] 182502K->102965K(305152K), 0.0138605 secs] [Times: user=0.02 sys=0.00, real=0.01 secs] 
Heap after GC invocations=355 (full 3):
 PSYoungGen      total 83456K, used 2336K [0x00000000d5580000, 0x00000000daa80000, 0x0000000100000000)
  eden space 79872K, 0% used [0x00000000d5580000,0x00000000d5580000,0x00000000da380000)
  from space 3584K, 65% used [0x00000000da700000,0x00000000da948000,0x00000000daa80000)
  to   space 3584K, 0% used [0x00000000da380000,0x00000000da380000,0x00000000da700000)
 ParOldGen       total 221696K, used 100629K [0x0000000080000000, 0x000000008d880000, 0x00000000d5580000)
  object space 221696K, 45% used [0x0000000080000000,0x0000000086245600,0x000000008d880000)
 Metaspace       used 95056K, capacity 98304K, committed 98560K, reserved 1136640K
  class space    used 11412K, capacity 11952K, committed 12032K, reserved 1048576K
}
{Heap before GC invocations=356 (full 3):
 PSYoungGen      total 83456K, used 82208K [0x00000000d5580000, 0x00000000daa80000, 0x0000000100000000)
  eden space 79872K, 100% used [0x00000000d5580000,0x00000000da380000,0x00000000da380000)
  from space 3584K, 65% used [0x00000000da700000,0x00000000da948000,0x00000000daa80000)
  to   space 3584K, 0% used [0x00000000da380000,0x00000000da380000,0x00000000da700000)
 ParOldGen       total 221696K, used 100629K [0x0000000080000000, 0x000000008d880000, 0x00000000d5580000)
  object space 221696K, 45% used [0x0000000080000000,0x0000000086245600,0x000000008d880000)
 Metaspace       used 95056K, capacity 98304K, committed 98560K, reserved 1136640K
  class space    used 11412K, capacity 11952K, committed 12032K, reserved 1048576K
2023-09-29T15:33:09.560+0600: 1486053.804: [GC (Allocation Failure) [PSYoungGen: 82208K->2336K(83456K)] 182837K->102965K(305152K), 0.0159377 secs] [Times: user=0.03 sys=0.00, real=0.02 secs] 
Heap after GC invocations=356 (full 3):
 PSYoungGen      total 83456K, used 2336K [0x00000000d5580000, 0x00000000daa80000, 0x0000000100000000)
  eden space 79872K, 0% used [0x00000000d5580000,0x00000000d5580000,0x00000000da380000)
  from space 3584K, 65% used [0x00000000da380000,0x00000000da5c8000,0x00000000da700000)
  to   space 3584K, 0% used [0x00000000da700000,0x00000000da700000,0x00000000daa80000)
 ParOldGen       total 221696K, used 100629K [0x0000000080000000, 0x000000008d880000, 0x00000000d5580000)
  object space 221696K, 45% used [0x0000000080000000,0x0000000086245600,0x000000008d880000)
 Metaspace       used 95056K, capacity 98304K, committed 98560K, reserved 1136640K
  class space    used 11412K, capacity 11952K, committed 12032K, reserved 1048576K
}
{Heap before GC invocations=357 (full 3):
 PSYoungGen      total 83456K, used 82208K [0x00000000d5580000, 0x00000000daa80000, 0x0000000100000000)
  eden space 79872K, 100% used [0x00000000d5580000,0x00000000da380000,0x00000000da380000)
  from space 3584K, 65% used [0x00000000da380000,0x00000000da5c8000,0x00000000da700000)
  to   space 3584K, 0% used [0x00000000da700000,0x00000000da700000,0x00000000daa80000)
 ParOldGen       total 221696K, used 100629K [0x0000000080000000, 0x000000008d880000, 0x00000000d5580000)
  object space 221696K, 45% used [0x0000000080000000,0x0000000086245600,0x000000008d880000)
 Metaspace       used 95056K, capacity 98304K, committed 98560K, reserved 1136640K
  class space    used 11412K, capacity 11952K, committed 12032K, reserved 1048576K
2023-09-29T16:36:08.699+0600: 1489832.942: [GC (Allocation Failure) [PSYoungGen: 82208K->2496K(83456K)] 182837K->103125K(305152K), 0.0073910 secs] [Times: user=0.01 sys=0.00, real=0.01 secs] 
Heap after GC invocations=357 (full 3):
 PSYoungGen      total 83456K, used 2496K [0x00000000d5580000, 0x00000000daa80000, 0x0000000100000000)
  eden space 79872K, 0% used [0x00000000d5580000,0x00000000d5580000,0x00000000da380000)
  from space 3584K, 69% used [0x00000000da700000,0x00000000da970010,0x00000000daa80000)
  to   space 3584K, 0% used [0x00000000da380000,0x00000000da380000,0x00000000da700000)
 ParOldGen       total 221696K, used 100629K [0x0000000080000000, 0x000000008d880000, 0x00000000d5580000)
  object space 221696K, 45% used [0x0000000080000000,0x0000000086245600,0x000000008d880000)
 Metaspace       used 95056K, capacity 98304K, committed 98560K, reserved 1136640K
  class space    used 11412K, capacity 11952K, committed 12032K, reserved 1048576K
}
{Heap before GC invocations=358 (full 3):
 PSYoungGen      total 83456K, used 82368K [0x00000000d5580000, 0x00000000daa80000, 0x0000000100000000)
  eden space 79872K, 100% used [0x00000000d5580000,0x00000000da380000,0x00000000da380000)
  from space 3584K, 69% used [0x00000000da700000,0x00000000da970010,0x00000000daa80000)
  to   space 3584K, 0% used [0x00000000da380000,0x00000000da380000,0x00000000da700000)
 ParOldGen       total 221696K, used 100629K [0x0000000080000000, 0x000000008d880000, 0x00000000d5580000)
  object space 221696K, 45% used [0x0000000080000000,0x0000000086245600,0x000000008d880000)
 Metaspace       used 95056K, capacity 98304K, committed 98560K, reserved 1136640K
  class space    used 11412K, capacity 11952K, committed 12032K, reserved 1048576K
2023-09-29T17:37:45.887+0600: 1493530.130: [GC (Allocation Failure) [PSYoungGen: 82368K->2688K(83456K)] 182997K->103381K(305152K), 0.0137544 secs] [Times: user=0.02 sys=0.00, real=0.01 secs] 
Heap after GC invocations=358 (full 3):
 PSYoungGen      total 83456K, used 2688K [0x00000000d5580000, 0x00000000daa80000, 0x0000000100000000)
  eden space 79872K, 0% used [0x00000000d5580000,0x00000000d5580000,0x00000000da380000)
  from space 3584K, 75% used [0x00000000da380000,0x00000000da620030,0x00000000da700000)
  to   space 3584K, 0% used [0x00000000da700000,0x00000000da700000,0x00000000daa80000)
 ParOldGen       total 221696K, used 100693K [0x0000000080000000, 0x000000008d880000, 0x00000000d5580000)
  object space 221696K, 45% used [0x0000000080000000,0x0000000086255600,0x000000008d880000)
 Metaspace       used 95056K, capacity 98304K, committed 98560K, reserved 1136640K
  class space    used 11412K, capacity 11952K, committed 12032K, reserved 1048576K
}
{Heap before GC invocations=359 (full 3):
 PSYoungGen      total 83456K, used 82560K [0x00000000d5580000, 0x00000000daa80000, 0x0000000100000000)
  eden space 79872K, 100% used [0x00000000d5580000,0x00000000da380000,0x00000000da380000)
  from space 3584K, 75% used [0x00000000da380000,0x00000000da620030,0x00000000da700000)
  to   space 3584K, 0% used [0x00000000da700000,0x00000000da700000,0x00000000daa80000)
 ParOldGen       total 221696K, used 100693K [0x0000000080000000, 0x000000008d880000, 0x00000000d5580000)
  object space 221696K, 45% used [0x0000000080000000,0x0000000086255600,0x000000008d880000)
 Metaspace       used 95056K, capacity 98304K, committed 98560K, reserved 1136640K
  class space    used 11412K, capacity 11952K, committed 12032K, reserved 1048576K
2023-09-29T18:45:16.675+0600: 1497580.919: [GC (Allocation Failure) [PSYoungGen: 82560K->2304K(83456K)] 183253K->103013K(305152K), 0.0144592 secs] [Times: user=0.02 sys=0.00, real=0.01 secs] 
Heap after GC invocations=359 (full 3):
 PSYoungGen      total 83456K, used 2304K [0x00000000d5580000, 0x00000000daa80000, 0x0000000100000000)
  eden space 79872K, 0% used [0x00000000d5580000,0x00000000d5580000,0x00000000da380000)
  from space 3584K, 64% used [0x00000000da700000,0x00000000da940000,0x00000000daa80000)
  to   space 3584K, 0% used [0x00000000da380000,0x00000000da380000,0x00000000da700000)
 ParOldGen       total 221696K, used 100709K [0x0000000080000000, 0x000000008d880000, 0x00000000d5580000)
  object space 221696K, 45% used [0x0000000080000000,0x0000000086259600,0x000000008d880000)
 Metaspace       used 95056K, capacity 98304K, committed 98560K, reserved 1136640K
  class space    used 11412K, capacity 11952K, committed 12032K, reserved 1048576K
}
{Heap before GC invocations=360 (full 3):
 PSYoungGen      total 83456K, used 82176K [0x00000000d5580000, 0x00000000daa80000, 0x0000000100000000)
  eden space 79872K, 100% used [0x00000000d5580000,0x00000000da380000,0x00000000da380000)
  from space 3584K, 64% used [0x00000000da700000,0x00000000da940000,0x00000000daa80000)
  to   space 3584K, 0% used [0x00000000da380000,0x00000000da380000,0x00000000da700000)
 ParOldGen       total 221696K, used 100709K [0x0000000080000000, 0x000000008d880000, 0x00000000d5580000)
  object space 221696K, 45% used [0x0000000080000000,0x0000000086259600,0x000000008d880000)
 Metaspace       used 95056K, capacity 98304K, committed 98560K, reserved 1136640K
  class space    used 11412K, capacity 11952K, committed 12032K, reserved 1048576K
2023-09-29T19:52:01.913+0600: 1501586.157: [GC (Allocation Failure) [PSYoungGen: 82176K->2336K(83456K)] 182885K->103061K(305152K), 0.0125638 secs] [Times: user=0.03 sys=0.00, real=0.01 secs] 
Heap after GC invocations=360 (full 3):
 PSYoungGen      total 83456K, used 2336K [0x00000000d5580000, 0x00000000daa80000, 0x0000000100000000)
  eden space 79872K, 0% used [0x00000000d5580000,0x00000000d5580000,0x00000000da380000)
  from space 3584K, 65% used [0x00000000da380000,0x00000000da5c8000,0x00000000da700000)
  to   space 3584K, 0% used [0x00000000da700000,0x00000000da700000,0x00000000daa80000)
 ParOldGen       total 221696K, used 100725K [0x0000000080000000, 0x000000008d880000, 0x00000000d5580000)
  object space 221696K, 45% used [0x0000000080000000,0x000000008625d600,0x000000008d880000)
 Metaspace       used 95056K, capacity 98304K, committed 98560K, reserved 1136640K
  class space    used 11412K, capacity 11952K, committed 12032K, reserved 1048576K
}
{Heap before GC invocations=361 (full 3):
 PSYoungGen      total 83456K, used 82208K [0x00000000d5580000, 0x00000000daa80000, 0x0000000100000000)
  eden space 79872K, 100% used [0x00000000d5580000,0x00000000da380000,0x00000000da380000)
  from space 3584K, 65% used [0x00000000da380000,0x00000000da5c8000,0x00000000da700000)
  to   space 3584K, 0% used [0x00000000da700000,0x00000000da700000,0x00000000daa80000)
 ParOldGen       total 221696K, used 100725K [0x0000000080000000, 0x000000008d880000, 0x00000000d5580000)
  object space 221696K, 45% used [0x0000000080000000,0x000000008625d600,0x000000008d880000)
 Metaspace       used 95057K, capacity 98304K, committed 98560K, reserved 1136640K
  class space    used 11412K, capacity 11952K, committed 12032K, reserved 1048576K
2023-09-29T20:45:20.504+0600: 1504784.747: [GC (Allocation Failure) [PSYoungGen: 82208K->3057K(83456K)] 182933K->103783K(305152K), 0.0134911 secs] [Times: user=0.02 sys=0.00, real=0.01 secs] 
Heap after GC invocations=361 (full 3):
 PSYoungGen      total 83456K, used 3057K [0x00000000d5580000, 0x00000000daa80000, 0x0000000100000000)
  eden space 79872K, 0% used [0x00000000d5580000,0x00000000d5580000,0x00000000da380000)
  from space 3584K, 85% used [0x00000000da700000,0x00000000da9fc690,0x00000000daa80000)
  to   space 3584K, 0% used [0x00000000da380000,0x00000000da380000,0x00000000da700000)
 ParOldGen       total 221696K, used 100725K [0x0000000080000000, 0x000000008d880000, 0x00000000d5580000)
  object space 221696K, 45% used [0x0000000080000000,0x000000008625d600,0x000000008d880000)
 Metaspace       used 95057K, capacity 98304K, committed 98560K, reserved 1136640K
  class space    used 11412K, capacity 11952K, committed 12032K, reserved 1048576K
}
{Heap before GC invocations=362 (full 3):
 PSYoungGen      total 83456K, used 82929K [0x00000000d5580000, 0x00000000daa80000, 0x0000000100000000)
  eden space 79872K, 100% used [0x00000000d5580000,0x00000000da380000,0x00000000da380000)
  from space 3584K, 85% used [0x00000000da700000,0x00000000da9fc690,0x00000000daa80000)
  to   space 3584K, 0% used [0x00000000da380000,0x00000000da380000,0x00000000da700000)
 ParOldGen       total 221696K, used 100725K [0x0000000080000000, 0x000000008d880000, 0x00000000d5580000)
  object space 221696K, 45% used [0x0000000080000000,0x000000008625d600,0x000000008d880000)
 Metaspace       used 95057K, capacity 98304K, committed 98560K, reserved 1136640K
  class space    used 11412K, capacity 11952K, committed 12032K, reserved 1048576K
2023-09-29T21:51:05.051+0600: 1508729.294: [GC (Allocation Failure) [PSYoungGen: 82929K->2336K(83456K)] 183655K->103061K(305152K), 0.0132626 secs] [Times: user=0.02 sys=0.00, real=0.02 secs] 
Heap after GC invocations=362 (full 3):
 PSYoungGen      total 83456K, used 2336K [0x00000000d5580000, 0x00000000daa80000, 0x0000000100000000)
  eden space 79872K, 0% used [0x00000000d5580000,0x00000000d5580000,0x00000000da380000)
  from space 3584K, 65% used [0x00000000da380000,0x00000000da5c8000,0x00000000da700000)
  to   space 3584K, 0% used [0x00000000da700000,0x00000000da700000,0x00000000daa80000)
 ParOldGen       total 221696K, used 100725K [0x0000000080000000, 0x000000008d880000, 0x00000000d5580000)
  object space 221696K, 45% used [0x0000000080000000,0x000000008625d600,0x000000008d880000)
 Metaspace       used 95057K, capacity 98304K, committed 98560K, reserved 1136640K
  class space    used 11412K, capacity 11952K, committed 12032K, reserved 1048576K
}
{Heap before GC invocations=363 (full 3):
 PSYoungGen      total 83456K, used 82208K [0x00000000d5580000, 0x00000000daa80000, 0x0000000100000000)
  eden space 79872K, 100% used [0x00000000d5580000,0x00000000da380000,0x00000000da380000)
  from space 3584K, 65% used [0x00000000da380000,0x00000000da5c8000,0x00000000da700000)
  to   space 3584K, 0% used [0x00000000da700000,0x00000000da700000,0x00000000daa80000)
 ParOldGen       total 221696K, used 100725K [0x0000000080000000, 0x000000008d880000, 0x00000000d5580000)
  object space 221696K, 45% used [0x0000000080000000,0x000000008625d600,0x000000008d880000)
 Metaspace       used 95057K, capacity 98304K, committed 98560K, reserved 1136640K
  class space    used 11412K, capacity 11952K, committed 12032K, reserved 1048576K
2023-09-29T22:55:20.508+0600: 1512584.751: [GC (Allocation Failure) [PSYoungGen: 82208K->2336K(83456K)] 182933K->103061K(305152K), 0.0156696 secs] [Times: user=0.02 sys=0.00, real=0.02 secs] 
Heap after GC invocations=363 (full 3):
 PSYoungGen      total 83456K, used 2336K [0x00000000d5580000, 0x00000000daa80000, 0x0000000100000000)
  eden space 79872K, 0% used [0x00000000d5580000,0x00000000d5580000,0x00000000da380000)
  from space 3584K, 65% used [0x00000000da700000,0x00000000da948000,0x00000000daa80000)
  to   space 3584K, 0% used [0x00000000da380000,0x00000000da380000,0x00000000da700000)
 ParOldGen       total 221696K, used 100725K [0x0000000080000000, 0x000000008d880000, 0x00000000d5580000)
  object space 221696K, 45% used [0x0000000080000000,0x000000008625d600,0x000000008d880000)
 Metaspace       used 95057K, capacity 98304K, committed 98560K, reserved 1136640K
  class space    used 11412K, capacity 11952K, committed 12032K, reserved 1048576K
}
{Heap before GC invocations=364 (full 3):
 PSYoungGen      total 83456K, used 82208K [0x00000000d5580000, 0x00000000daa80000, 0x0000000100000000)
  eden space 79872K, 100% used [0x00000000d5580000,0x00000000da380000,0x00000000da380000)
  from space 3584K, 65% used [0x00000000da700000,0x00000000da948000,0x00000000daa80000)
  to   space 3584K, 0% used [0x00000000da380000,0x00000000da380000,0x00000000da700000)
 ParOldGen       total 221696K, used 100725K [0x0000000080000000, 0x000000008d880000, 0x00000000d5580000)
  object space 221696K, 45% used [0x0000000080000000,0x000000008625d600,0x000000008d880000)
 Metaspace       used 95057K, capacity 98304K, committed 98560K, reserved 1136640K
  class space    used 11412K, capacity 11952K, committed 12032K, reserved 1048576K
2023-09-29T23:58:30.356+0600: 1516374.599: [GC (Allocation Failure) [PSYoungGen: 82208K->2336K(83456K)] 182933K->103061K(305152K), 0.0128830 secs] [Times: user=0.02 sys=0.00, real=0.01 secs] 
Heap after GC invocations=364 (full 3):
 PSYoungGen      total 83456K, used 2336K [0x00000000d5580000, 0x00000000daa80000, 0x0000000100000000)
  eden space 79872K, 0% used [0x00000000d5580000,0x00000000d5580000,0x00000000da380000)
  from space 3584K, 65% used [0x00000000da380000,0x00000000da5c8000,0x00000000da700000)
  to   space 3584K, 0% used [0x00000000da700000,0x00000000da700000,0x00000000daa80000)
 ParOldGen       total 221696K, used 100725K [0x0000000080000000, 0x000000008d880000, 0x00000000d5580000)
  object space 221696K, 45% used [0x0000000080000000,0x000000008625d600,0x000000008d880000)
 Metaspace       used 95057K, capacity 98304K, committed 98560K, reserved 1136640K
  class space    used 11412K, capacity 11952K, committed 12032K, reserved 1048576K
}
{Heap before GC invocations=365 (full 3):
 PSYoungGen      total 83456K, used 82208K [0x00000000d5580000, 0x00000000daa80000, 0x0000000100000000)
  eden space 79872K, 100% used [0x00000000d5580000,0x00000000da380000,0x00000000da380000)
  from space 3584K, 65% used [0x00000000da380000,0x00000000da5c8000,0x00000000da700000)
  to   space 3584K, 0% used [0x00000000da700000,0x00000000da700000,0x00000000daa80000)
 ParOldGen       total 221696K, used 100725K [0x0000000080000000, 0x000000008d880000, 0x00000000d5580000)
  object space 221696K, 45% used [0x0000000080000000,0x000000008625d600,0x000000008d880000)
 Metaspace       used 95057K, capacity 98304K, committed 98560K, reserved 1136640K
  class space    used 11412K, capacity 11952K, committed 12032K, reserved 1048576K
2023-09-30T01:03:51.739+0600: 1520295.982: [GC (Allocation Failure) [PSYoungGen: 82208K->2368K(83456K)] 182933K->103093K(305152K), 0.0161317 secs] [Times: user=0.02 sys=0.00, real=0.02 secs] 
Heap after GC invocations=365 (full 3):
 PSYoungGen      total 83456K, used 2368K [0x00000000d5580000, 0x00000000daa80000, 0x0000000100000000)
  eden space 79872K, 0% used [0x00000000d5580000,0x00000000d5580000,0x00000000da380000)
  from space 3584K, 66% used [0x00000000da700000,0x00000000da950000,0x00000000daa80000)
  to   space 3584K, 0% used [0x00000000da380000,0x00000000da380000,0x00000000da700000)
 ParOldGen       total 221696K, used 100725K [0x0000000080000000, 0x000000008d880000, 0x00000000d5580000)
  object space 221696K, 45% used [0x0000000080000000,0x000000008625d600,0x000000008d880000)
 Metaspace       used 95057K, capacity 98304K, committed 98560K, reserved 1136640K
  class space    used 11412K, capacity 11952K, committed 12032K, reserved 1048576K
}
{Heap before GC invocations=366 (full 3):
 PSYoungGen      total 83456K, used 82240K [0x00000000d5580000, 0x00000000daa80000, 0x0000000100000000)
  eden space 79872K, 100% used [0x00000000d5580000,0x00000000da380000,0x00000000da380000)
  from space 3584K, 66% used [0x00000000da700000,0x00000000da950000,0x00000000daa80000)
  to   space 3584K, 0% used [0x00000000da380000,0x00000000da380000,0x00000000da700000)
 ParOldGen       total 221696K, used 100725K [0x0000000080000000, 0x000000008d880000, 0x00000000d5580000)
  object space 221696K, 45% used [0x0000000080000000,0x000000008625d600,0x000000008d880000)
 Metaspace       used 95057K, capacity 98304K, committed 98560K, reserved 1136640K
  class space    used 11412K, capacity 11952K, committed 12032K, reserved 1048576K
2023-09-30T02:10:37.411+0600: 1524301.655: [GC (Allocation Failure) [PSYoungGen: 82240K->2336K(83456K)] 182965K->103061K(305152K), 0.0151409 secs] [Times: user=0.02 sys=0.01, real=0.02 secs] 
Heap after GC invocations=366 (full 3):
 PSYoungGen      total 83456K, used 2336K [0x00000000d5580000, 0x00000000daa80000, 0x0000000100000000)
  eden space 79872K, 0% used [0x00000000d5580000,0x00000000d5580000,0x00000000da380000)
  from space 3584K, 65% used [0x00000000da380000,0x00000000da5c8000,0x00000000da700000)
  to   space 3584K, 0% used [0x00000000da700000,0x00000000da700000,0x00000000daa80000)
 ParOldGen       total 221696K, used 100725K [0x0000000080000000, 0x000000008d880000, 0x00000000d5580000)
  object space 221696K, 45% used [0x0000000080000000,0x000000008625d600,0x000000008d880000)
 Metaspace       used 95057K, capacity 98304K, committed 98560K, reserved 1136640K
  class space    used 11412K, capacity 11952K, committed 12032K, reserved 1048576K
}
{Heap before GC invocations=367 (full 3):
 PSYoungGen      total 83456K, used 82208K [0x00000000d5580000, 0x00000000daa80000, 0x0000000100000000)
  eden space 79872K, 100% used [0x00000000d5580000,0x00000000da380000,0x00000000da380000)
  from space 3584K, 65% used [0x00000000da380000,0x00000000da5c8000,0x00000000da700000)
  to   space 3584K, 0% used [0x00000000da700000,0x00000000da700000,0x00000000daa80000)
 ParOldGen       total 221696K, used 100725K [0x0000000080000000, 0x000000008d880000, 0x00000000d5580000)
  object space 221696K, 45% used [0x0000000080000000,0x000000008625d600,0x000000008d880000)
 Metaspace       used 95057K, capacity 98304K, committed 98560K, reserved 1136640K
  class space    used 11412K, capacity 11952K, committed 12032K, reserved 1048576K
2023-09-30T03:16:57.064+0600: 1528281.307: [GC (Allocation Failure) [PSYoungGen: 82208K->2336K(83456K)] 182933K->103061K(305152K), 0.0158160 secs] [Times: user=0.02 sys=0.00, real=0.01 secs] 
Heap after GC invocations=367 (full 3):
 PSYoungGen      total 83456K, used 2336K [0x00000000d5580000, 0x00000000daa80000, 0x0000000100000000)
  eden space 79872K, 0% used [0x00000000d5580000,0x00000000d5580000,0x00000000da380000)
  from space 3584K, 65% used [0x00000000da700000,0x00000000da948000,0x00000000daa80000)
  to   space 3584K, 0% used [0x00000000da380000,0x00000000da380000,0x00000000da700000)
 ParOldGen       total 221696K, used 100725K [0x0000000080000000, 0x000000008d880000, 0x00000000d5580000)
  object space 221696K, 45% used [0x0000000080000000,0x000000008625d600,0x000000008d880000)
 Metaspace       used 95057K, capacity 98304K, committed 98560K, reserved 1136640K
  class space    used 11412K, capacity 11952K, committed 12032K, reserved 1048576K
}
{Heap before GC invocations=368 (full 3):
 PSYoungGen      total 83456K, used 82208K [0x00000000d5580000, 0x00000000daa80000, 0x0000000100000000)
  eden space 79872K, 100% used [0x00000000d5580000,0x00000000da380000,0x00000000da380000)
  from space 3584K, 65% used [0x00000000da700000,0x00000000da948000,0x00000000daa80000)
  to   space 3584K, 0% used [0x00000000da380000,0x00000000da380000,0x00000000da700000)
 ParOldGen       total 221696K, used 100725K [0x0000000080000000, 0x000000008d880000, 0x00000000d5580000)
  object space 221696K, 45% used [0x0000000080000000,0x000000008625d600,0x000000008d880000)
 Metaspace       used 95057K, capacity 98304K, committed 98560K, reserved 1136640K
  class space    used 11412K, capacity 11952K, committed 12032K, reserved 1048576K
2023-09-30T04:20:29.073+0600: 1532093.316: [GC (Allocation Failure) [PSYoungGen: 82208K->2304K(83456K)] 182933K->103045K(305152K), 0.0161522 secs] [Times: user=0.03 sys=0.00, real=0.02 secs] 
Heap after GC invocations=368 (full 3):
 PSYoungGen      total 83456K, used 2304K [0x00000000d5580000, 0x00000000daa80000, 0x0000000100000000)
  eden space 79872K, 0% used [0x00000000d5580000,0x00000000d5580000,0x00000000da380000)
  from space 3584K, 64% used [0x00000000da380000,0x00000000da5c0000,0x00000000da700000)
  to   space 3072K, 0% used [0x00000000da780000,0x00000000da780000,0x00000000daa80000)
 ParOldGen       total 221696K, used 100741K [0x0000000080000000, 0x000000008d880000, 0x00000000d5580000)
  object space 221696K, 45% used [0x0000000080000000,0x0000000086261600,0x000000008d880000)
 Metaspace       used 95057K, capacity 98304K, committed 98560K, reserved 1136640K
  class space    used 11412K, capacity 11952K, committed 12032K, reserved 1048576K
}
{Heap before GC invocations=369 (full 3):
 PSYoungGen      total 83456K, used 82176K [0x00000000d5580000, 0x00000000daa80000, 0x0000000100000000)
  eden space 79872K, 100% used [0x00000000d5580000,0x00000000da380000,0x00000000da380000)
  from space 3584K, 64% used [0x00000000da380000,0x00000000da5c0000,0x00000000da700000)
  to   space 3072K, 0% used [0x00000000da780000,0x00000000da780000,0x00000000daa80000)
 ParOldGen       total 221696K, used 100741K [0x0000000080000000, 0x000000008d880000, 0x00000000d5580000)
  object space 221696K, 45% used [0x0000000080000000,0x0000000086261600,0x000000008d880000)
 Metaspace       used 95057K, capacity 98304K, committed 98560K, reserved 1136640K
  class space    used 11412K, capacity 11952K, committed 12032K, reserved 1048576K
2023-09-30T05:24:57.206+0600: 1535961.450: [GC (Allocation Failure) [PSYoungGen: 82176K->2336K(83968K)] 182917K->103093K(305664K), 0.0135727 secs] [Times: user=0.02 sys=0.00, real=0.01 secs] 
Heap after GC invocations=369 (full 3):
 PSYoungGen      total 83968K, used 2336K [0x00000000d5580000, 0x00000000daa80000, 0x0000000100000000)
  eden space 80896K, 0% used [0x00000000d5580000,0x00000000d5580000,0x00000000da480000)
  from space 3072K, 76% used [0x00000000da780000,0x00000000da9c8000,0x00000000daa80000)
  to   space 3072K, 0% used [0x00000000da480000,0x00000000da480000,0x00000000da780000)
 ParOldGen       total 221696K, used 100757K [0x0000000080000000, 0x000000008d880000, 0x00000000d5580000)
  object space 221696K, 45% used [0x0000000080000000,0x0000000086265600,0x000000008d880000)
 Metaspace       used 95057K, capacity 98304K, committed 98560K, reserved 1136640K
  class space    used 11412K, capacity 11952K, committed 12032K, reserved 1048576K
}
{Heap before GC invocations=370 (full 3):
 PSYoungGen      total 83968K, used 83232K [0x00000000d5580000, 0x00000000daa80000, 0x0000000100000000)
  eden space 80896K, 100% used [0x00000000d5580000,0x00000000da480000,0x00000000da480000)
  from space 3072K, 76% used [0x00000000da780000,0x00000000da9c8000,0x00000000daa80000)
  to   space 3072K, 0% used [0x00000000da480000,0x00000000da480000,0x00000000da780000)
 ParOldGen       total 221696K, used 100757K [0x0000000080000000, 0x000000008d880000, 0x00000000d5580000)
  object space 221696K, 45% used [0x0000000080000000,0x0000000086265600,0x000000008d880000)
 Metaspace       used 95057K, capacity 98304K, committed 98560K, reserved 1136640K
  class space    used 11412K, capacity 11952K, committed 12032K, reserved 1048576K
2023-09-30T06:29:58.871+0600: 1539863.115: [GC (Allocation Failure) [PSYoungGen: 83232K->2304K(83968K)] 183989K->103061K(305664K), 0.0143908 secs] [Times: user=0.01 sys=0.02, real=0.02 secs] 
Heap after GC invocations=370 (full 3):
 PSYoungGen      total 83968K, used 2304K [0x00000000d5580000, 0x00000000daa80000, 0x0000000100000000)
  eden space 80896K, 0% used [0x00000000d5580000,0x00000000d5580000,0x00000000da480000)
  from space 3072K, 75% used [0x00000000da480000,0x00000000da6c0000,0x00000000da780000)
  to   space 3072K, 0% used [0x00000000da780000,0x00000000da780000,0x00000000daa80000)
 ParOldGen       total 221696K, used 100757K [0x0000000080000000, 0x000000008d880000, 0x00000000d5580000)
  object space 221696K, 45% used [0x0000000080000000,0x0000000086265600,0x000000008d880000)
 Metaspace       used 95057K, capacity 98304K, committed 98560K, reserved 1136640K
  class space    used 11412K, capacity 11952K, committed 12032K, reserved 1048576K
}
{Heap before GC invocations=371 (full 3):
 PSYoungGen      total 83968K, used 83200K [0x00000000d5580000, 0x00000000daa80000, 0x0000000100000000)
  eden space 80896K, 100% used [0x00000000d5580000,0x00000000da480000,0x00000000da480000)
  from space 3072K, 75% used [0x00000000da480000,0x00000000da6c0000,0x00000000da780000)
  to   space 3072K, 0% used [0x00000000da780000,0x00000000da780000,0x00000000daa80000)
 ParOldGen       total 221696K, used 100757K [0x0000000080000000, 0x000000008d880000, 0x00000000d5580000)
  object space 221696K, 45% used [0x0000000080000000,0x0000000086265600,0x000000008d880000)
 Metaspace       used 95057K, capacity 98304K, committed 98560K, reserved 1136640K
  class space    used 11412K, capacity 11952K, committed 12032K, reserved 1048576K
2023-09-30T07:38:27.973+0600: 1543972.217: [GC (Allocation Failure) [PSYoungGen: 83200K->2336K(83968K)] 183957K->103093K(305664K), 0.0121766 secs] [Times: user=0.01 sys=0.02, real=0.01 secs] 
Heap after GC invocations=371 (full 3):
 PSYoungGen      total 83968K, used 2336K [0x00000000d5580000, 0x00000000daa80000, 0x0000000100000000)
  eden space 80896K, 0% used [0x00000000d5580000,0x00000000d5580000,0x00000000da480000)
  from space 3072K, 76% used [0x00000000da780000,0x00000000da9c8000,0x00000000daa80000)
  to   space 3072K, 0% used [0x00000000da480000,0x00000000da480000,0x00000000da780000)
 ParOldGen       total 221696K, used 100757K [0x0000000080000000, 0x000000008d880000, 0x00000000d5580000)
  object space 221696K, 45% used [0x0000000080000000,0x0000000086265600,0x000000008d880000)
 Metaspace       used 95057K, capacity 98304K, committed 98560K, reserved 1136640K
  class space    used 11412K, capacity 11952K, committed 12032K, reserved 1048576K
}
{Heap before GC invocations=372 (full 3):
 PSYoungGen      total 83968K, used 83232K [0x00000000d5580000, 0x00000000daa80000, 0x0000000100000000)
  eden space 80896K, 100% used [0x00000000d5580000,0x00000000da480000,0x00000000da480000)
  from space 3072K, 76% used [0x00000000da780000,0x00000000da9c8000,0x00000000daa80000)
  to   space 3072K, 0% used [0x00000000da480000,0x00000000da480000,0x00000000da780000)
 ParOldGen       total 221696K, used 100757K [0x0000000080000000, 0x000000008d880000, 0x00000000d5580000)
  object space 221696K, 45% used [0x0000000080000000,0x0000000086265600,0x000000008d880000)
 Metaspace       used 95057K, capacity 98304K, committed 98560K, reserved 1136640K
  class space    used 11412K, capacity 11952K, committed 12032K, reserved 1048576K
2023-09-30T08:43:49.652+0600: 1547893.895: [GC (Allocation Failure) [PSYoungGen: 83232K->2336K(83968K)] 183989K->103117K(305664K), 0.0136673 secs] [Times: user=0.02 sys=0.00, real=0.02 secs] 
Heap after GC invocations=372 (full 3):
 PSYoungGen      total 83968K, used 2336K [0x00000000d5580000, 0x00000000daa80000, 0x0000000100000000)
  eden space 80896K, 0% used [0x00000000d5580000,0x00000000d5580000,0x00000000da480000)
  from space 3072K, 76% used [0x00000000da480000,0x00000000da6c8000,0x00000000da780000)
  to   space 3072K, 0% used [0x00000000da780000,0x00000000da780000,0x00000000daa80000)
 ParOldGen       total 221696K, used 100781K [0x0000000080000000, 0x000000008d880000, 0x00000000d5580000)
  object space 221696K, 45% used [0x0000000080000000,0x000000008626b600,0x000000008d880000)
 Metaspace       used 95057K, capacity 98304K, committed 98560K, reserved 1136640K
  class space    used 11412K, capacity 11952K, committed 12032K, reserved 1048576K
}
{Heap before GC invocations=373 (full 3):
 PSYoungGen      total 83968K, used 83232K [0x00000000d5580000, 0x00000000daa80000, 0x0000000100000000)
  eden space 80896K, 100% used [0x00000000d5580000,0x00000000da480000,0x00000000da480000)
  from space 3072K, 76% used [0x00000000da480000,0x00000000da6c8000,0x00000000da780000)
  to   space 3072K, 0% used [0x00000000da780000,0x00000000da780000,0x00000000daa80000)
 ParOldGen       total 221696K, used 100781K [0x0000000080000000, 0x000000008d880000, 0x00000000d5580000)
  object space 221696K, 45% used [0x0000000080000000,0x000000008626b600,0x000000008d880000)
 Metaspace       used 95057K, capacity 98304K, committed 98560K, reserved 1136640K
  class space    used 11412K, capacity 11952K, committed 12032K, reserved 1048576K
2023-09-30T09:49:06.885+0600: 1551811.129: [GC (Allocation Failure) [PSYoungGen: 83232K->2304K(83968K)] 184013K->103125K(305664K), 0.0133287 secs] [Times: user=0.02 sys=0.00, real=0.01 secs] 
Heap after GC invocations=373 (full 3):
 PSYoungGen      total 83968K, used 2304K [0x00000000d5580000, 0x00000000daa80000, 0x0000000100000000)
  eden space 80896K, 0% used [0x00000000d5580000,0x00000000d5580000,0x00000000da480000)
  from space 3072K, 75% used [0x00000000da780000,0x00000000da9c0000,0x00000000daa80000)
  to   space 3072K, 0% used [0x00000000da480000,0x00000000da480000,0x00000000da780000)
 ParOldGen       total 221696K, used 100821K [0x0000000080000000, 0x000000008d880000, 0x00000000d5580000)
  object space 221696K, 45% used [0x0000000080000000,0x0000000086275630,0x000000008d880000)
 Metaspace       used 95057K, capacity 98304K, committed 98560K, reserved 1136640K
  class space    used 11412K, capacity 11952K, committed 12032K, reserved 1048576K
}
{Heap before GC invocations=374 (full 3):
 PSYoungGen      total 83968K, used 83200K [0x00000000d5580000, 0x00000000daa80000, 0x0000000100000000)
  eden space 80896K, 100% used [0x00000000d5580000,0x00000000da480000,0x00000000da480000)
  from space 3072K, 75% used [0x00000000da780000,0x00000000da9c0000,0x00000000daa80000)
  to   space 3072K, 0% used [0x00000000da480000,0x00000000da480000,0x00000000da780000)
 ParOldGen       total 221696K, used 100821K [0x0000000080000000, 0x000000008d880000, 0x00000000d5580000)
  object space 221696K, 45% used [0x0000000080000000,0x0000000086275630,0x000000008d880000)
 Metaspace       used 95057K, capacity 98304K, committed 98560K, reserved 1136640K
  class space    used 11412K, capacity 11952K, committed 12032K, reserved 1048576K
2023-09-30T10:52:44.988+0600: 1555629.232: [GC (Allocation Failure) [PSYoungGen: 83200K->2304K(83968K)] 184021K->103125K(305664K), 0.0130357 secs] [Times: user=0.00 sys=0.02, real=0.01 secs] 
Heap after GC invocations=374 (full 3):
 PSYoungGen      total 83968K, used 2304K [0x00000000d5580000, 0x00000000daa80000, 0x0000000100000000)
  eden space 80896K, 0% used [0x00000000d5580000,0x00000000d5580000,0x00000000da480000)
  from space 3072K, 75% used [0x00000000da480000,0x00000000da6c0000,0x00000000da780000)
  to   space 3072K, 0% used [0x00000000da780000,0x00000000da780000,0x00000000daa80000)
 ParOldGen       total 221696K, used 100821K [0x0000000080000000, 0x000000008d880000, 0x00000000d5580000)
  object space 221696K, 45% used [0x0000000080000000,0x0000000086275630,0x000000008d880000)
 Metaspace       used 95057K, capacity 98304K, committed 98560K, reserved 1136640K
  class space    used 11412K, capacity 11952K, committed 12032K, reserved 1048576K
}
{Heap before GC invocations=375 (full 3):
 PSYoungGen      total 83968K, used 83200K [0x00000000d5580000, 0x00000000daa80000, 0x0000000100000000)
  eden space 80896K, 100% used [0x00000000d5580000,0x00000000da480000,0x00000000da480000)
  from space 3072K, 75% used [0x00000000da480000,0x00000000da6c0000,0x00000000da780000)
  to   space 3072K, 0% used [0x00000000da780000,0x00000000da780000,0x00000000daa80000)
 ParOldGen       total 221696K, used 100821K [0x0000000080000000, 0x000000008d880000, 0x00000000d5580000)
  object space 221696K, 45% used [0x0000000080000000,0x0000000086275630,0x000000008d880000)
 Metaspace       used 95057K, capacity 98304K, committed 98560K, reserved 1136640K
  class space    used 11412K, capacity 11952K, committed 12032K, reserved 1048576K
2023-09-30T11:59:04.409+0600: 1559608.653: [GC (Allocation Failure) [PSYoungGen: 83200K->2272K(83968K)] 184021K->103093K(305664K), 0.0110774 secs] [Times: user=0.02 sys=0.00, real=0.01 secs] 
Heap after GC invocations=375 (full 3):
 PSYoungGen      total 83968K, used 2272K [0x00000000d5580000, 0x00000000daa80000, 0x0000000100000000)
  eden space 80896K, 0% used [0x00000000d5580000,0x00000000d5580000,0x00000000da480000)
  from space 3072K, 73% used [0x00000000da780000,0x00000000da9b8000,0x00000000daa80000)
  to   space 3072K, 0% used [0x00000000da480000,0x00000000da480000,0x00000000da780000)
 ParOldGen       total 221696K, used 100821K [0x0000000080000000, 0x000000008d880000, 0x00000000d5580000)
  object space 221696K, 45% used [0x0000000080000000,0x0000000086275630,0x000000008d880000)
 Metaspace       used 95057K, capacity 98304K, committed 98560K, reserved 1136640K
  class space    used 11412K, capacity 11952K, committed 12032K, reserved 1048576K
}
{Heap before GC invocations=376 (full 3):
 PSYoungGen      total 83968K, used 83165K [0x00000000d5580000, 0x00000000daa80000, 0x0000000100000000)
  eden space 80896K, 99% used [0x00000000d5580000,0x00000000da47f638,0x00000000da480000)
  from space 3072K, 73% used [0x00000000da780000,0x00000000da9b8000,0x00000000daa80000)
  to   space 3072K, 0% used [0x00000000da480000,0x00000000da480000,0x00000000da780000)
 ParOldGen       total 221696K, used 100821K [0x0000000080000000, 0x000000008d880000, 0x00000000d5580000)
  object space 221696K, 45% used [0x0000000080000000,0x0000000086275630,0x000000008d880000)
 Metaspace       used 95074K, capacity 98310K, committed 98560K, reserved 1136640K
  class space    used 11412K, capacity 11953K, committed 12032K, reserved 1048576K
2023-09-30T12:48:13.241+0600: 1562557.484: [GC (Allocation Failure) [PSYoungGen: 83165K->3059K(83968K)] 183987K->104584K(305664K), 0.0129330 secs] [Times: user=0.02 sys=0.00, real=0.02 secs] 
Heap after GC invocations=376 (full 3):
 PSYoungGen      total 83968K, used 3059K [0x00000000d5580000, 0x00000000daa80000, 0x0000000100000000)
  eden space 80896K, 0% used [0x00000000d5580000,0x00000000d5580000,0x00000000da480000)
  from space 3072K, 99% used [0x00000000da480000,0x00000000da77cca0,0x00000000da780000)
  to   space 3072K, 0% used [0x00000000da780000,0x00000000da780000,0x00000000daa80000)
 ParOldGen       total 221696K, used 101525K [0x0000000080000000, 0x000000008d880000, 0x00000000d5580000)
  object space 221696K, 45% used [0x0000000080000000,0x0000000086325740,0x000000008d880000)
 Metaspace       used 95074K, capacity 98310K, committed 98560K, reserved 1136640K
  class space    used 11412K, capacity 11953K, committed 12032K, reserved 1048576K
}
{Heap before GC invocations=377 (full 3):
 PSYoungGen      total 83968K, used 83955K [0x00000000d5580000, 0x00000000daa80000, 0x0000000100000000)
  eden space 80896K, 100% used [0x00000000d5580000,0x00000000da480000,0x00000000da480000)
  from space 3072K, 99% used [0x00000000da480000,0x00000000da77cca0,0x00000000da780000)
  to   space 3072K, 0% used [0x00000000da780000,0x00000000da780000,0x00000000daa80000)
 ParOldGen       total 221696K, used 101525K [0x0000000080000000, 0x000000008d880000, 0x00000000d5580000)
  object space 221696K, 45% used [0x0000000080000000,0x0000000086325740,0x000000008d880000)
 Metaspace       used 95074K, capacity 98310K, committed 98560K, reserved 1136640K
  class space    used 11412K, capacity 11953K, committed 12032K, reserved 1048576K
2023-09-30T13:38:04.831+0600: 1565549.075: [GC (Allocation Failure) [PSYoungGen: 83955K->3056K(82944K)] 185480K->105390K(304640K), 0.0123007 secs] [Times: user=0.02 sys=0.00, real=0.02 secs] 
Heap after GC invocations=377 (full 3):
 PSYoungGen      total 82944K, used 3056K [0x00000000d5580000, 0x00000000dab80000, 0x0000000100000000)
  eden space 79872K, 0% used [0x00000000d5580000,0x00000000d5580000,0x00000000da380000)
  from space 3072K, 99% used [0x00000000da780000,0x00000000daa7c270,0x00000000daa80000)
  to   space 4096K, 0% used [0x00000000da380000,0x00000000da380000,0x00000000da780000)
 ParOldGen       total 221696K, used 102334K [0x0000000080000000, 0x000000008d880000, 0x00000000d5580000)
  object space 221696K, 46% used [0x0000000080000000,0x00000000863ef8c0,0x000000008d880000)
 Metaspace       used 95074K, capacity 98310K, committed 98560K, reserved 1136640K
  class space    used 11412K, capacity 11953K, committed 12032K, reserved 1048576K
}
{Heap before GC invocations=378 (full 3):
 PSYoungGen      total 82944K, used 82928K [0x00000000d5580000, 0x00000000dab80000, 0x0000000100000000)
  eden space 79872K, 100% used [0x00000000d5580000,0x00000000da380000,0x00000000da380000)
  from space 3072K, 99% used [0x00000000da780000,0x00000000daa7c270,0x00000000daa80000)
  to   space 4096K, 0% used [0x00000000da380000,0x00000000da380000,0x00000000da780000)
 ParOldGen       total 221696K, used 102334K [0x0000000080000000, 0x000000008d880000, 0x00000000d5580000)
  object space 221696K, 46% used [0x0000000080000000,0x00000000863ef8c0,0x000000008d880000)
 Metaspace       used 95074K, capacity 98310K, committed 98560K, reserved 1136640K
  class space    used 11412K, capacity 11953K, committed 12032K, reserved 1048576K
2023-09-30T14:42:08.437+0600: 1569392.681: [GC (Allocation Failure) [PSYoungGen: 82928K->2832K(82944K)] 185262K->105182K(304640K), 0.0123077 secs] [Times: user=0.01 sys=0.02, real=0.01 secs] 
Heap after GC invocations=378 (full 3):
 PSYoungGen      total 82944K, used 2832K [0x00000000d5580000, 0x00000000daa80000, 0x0000000100000000)
  eden space 79872K, 0% used [0x00000000d5580000,0x00000000d5580000,0x00000000da380000)
  from space 3072K, 92% used [0x00000000da380000,0x00000000da644260,0x00000000da680000)
  to   space 4096K, 0% used [0x00000000da680000,0x00000000da680000,0x00000000daa80000)
 ParOldGen       total 221696K, used 102350K [0x0000000080000000, 0x000000008d880000, 0x00000000d5580000)
  object space 221696K, 46% used [0x0000000080000000,0x00000000863f38c0,0x000000008d880000)
 Metaspace       used 95074K, capacity 98310K, committed 98560K, reserved 1136640K
  class space    used 11412K, capacity 11953K, committed 12032K, reserved 1048576K
}
{Heap before GC invocations=379 (full 3):
 PSYoungGen      total 82944K, used 82704K [0x00000000d5580000, 0x00000000daa80000, 0x0000000100000000)
  eden space 79872K, 100% used [0x00000000d5580000,0x00000000da380000,0x00000000da380000)
  from space 3072K, 92% used [0x00000000da380000,0x00000000da644260,0x00000000da680000)
  to   space 4096K, 0% used [0x00000000da680000,0x00000000da680000,0x00000000daa80000)
 ParOldGen       total 221696K, used 102350K [0x0000000080000000, 0x000000008d880000, 0x00000000d5580000)
  object space 221696K, 46% used [0x0000000080000000,0x00000000863f38c0,0x000000008d880000)
 Metaspace       used 95074K, capacity 98310K, committed 98560K, reserved 1136640K
  class space    used 11412K, capacity 11953K, committed 12032K, reserved 1048576K
2023-09-30T15:42:29.088+0600: 1573013.331: [GC (Allocation Failure) [PSYoungGen: 82704K->3569K(82944K)] 185054K->105919K(304640K), 0.0157965 secs] [Times: user=0.01 sys=0.02, real=0.02 secs] 
Heap after GC invocations=379 (full 3):
 PSYoungGen      total 82944K, used 3569K [0x00000000d5580000, 0x00000000daa80000, 0x0000000100000000)
  eden space 78848K, 0% used [0x00000000d5580000,0x00000000d5580000,0x00000000da280000)
  from space 4096K, 87% used [0x00000000da680000,0x00000000da9fc720,0x00000000daa80000)
  to   space 4096K, 0% used [0x00000000da280000,0x00000000da280000,0x00000000da680000)
 ParOldGen       total 221696K, used 102350K [0x0000000080000000, 0x000000008d880000, 0x00000000d5580000)
  object space 221696K, 46% used [0x0000000080000000,0x00000000863f38c0,0x000000008d880000)
 Metaspace       used 95074K, capacity 98310K, committed 98560K, reserved 1136640K
  class space    used 11412K, capacity 11953K, committed 12032K, reserved 1048576K
}
{Heap before GC invocations=380 (full 3):
 PSYoungGen      total 82944K, used 82417K [0x00000000d5580000, 0x00000000daa80000, 0x0000000100000000)
  eden space 78848K, 99% used [0x00000000d5580000,0x00000000da27fd10,0x00000000da280000)
  from space 4096K, 87% used [0x00000000da680000,0x00000000da9fc720,0x00000000daa80000)
  to   space 4096K, 0% used [0x00000000da280000,0x00000000da280000,0x00000000da680000)
 ParOldGen       total 221696K, used 102350K [0x0000000080000000, 0x000000008d880000, 0x00000000d5580000)
  object space 221696K, 46% used [0x0000000080000000,0x00000000863f38c0,0x000000008d880000)
 Metaspace       used 95074K, capacity 98310K, committed 98560K, reserved 1136640K
  class space    used 11412K, capacity 11953K, committed 12032K, reserved 1048576K
2023-09-30T16:34:44.848+0600: 1576149.091: [GC (Allocation Failure) [PSYoungGen: 82417K->4066K(82944K)] 184767K->106656K(304640K), 0.0117141 secs] [Times: user=0.02 sys=0.00, real=0.01 secs] 
Heap after GC invocations=380 (full 3):
 PSYoungGen      total 82944K, used 4066K [0x00000000d5580000, 0x00000000daa80000, 0x0000000100000000)
  eden space 78848K, 0% used [0x00000000d5580000,0x00000000d5580000,0x00000000da280000)
  from space 4096K, 99% used [0x00000000da280000,0x00000000da678960,0x00000000da680000)
  to   space 4096K, 0% used [0x00000000da680000,0x00000000da680000,0x00000000daa80000)
 ParOldGen       total 221696K, used 102590K [0x0000000080000000, 0x000000008d880000, 0x00000000d5580000)
  object space 221696K, 46% used [0x0000000080000000,0x000000008642f900,0x000000008d880000)
 Metaspace       used 95074K, capacity 98310K, committed 98560K, reserved 1136640K
  class space    used 11412K, capacity 11953K, committed 12032K, reserved 1048576K
}
{Heap before GC invocations=381 (full 3):
 PSYoungGen      total 82944K, used 82914K [0x00000000d5580000, 0x00000000daa80000, 0x0000000100000000)
  eden space 78848K, 100% used [0x00000000d5580000,0x00000000da280000,0x00000000da280000)
  from space 4096K, 99% used [0x00000000da280000,0x00000000da678960,0x00000000da680000)
  to   space 4096K, 0% used [0x00000000da680000,0x00000000da680000,0x00000000daa80000)
 ParOldGen       total 221696K, used 102590K [0x0000000080000000, 0x000000008d880000, 0x00000000d5580000)
  object space 221696K, 46% used [0x0000000080000000,0x000000008642f900,0x000000008d880000)
 Metaspace       used 95074K, capacity 98310K, committed 98560K, reserved 1136640K
  class space    used 11412K, capacity 11953K, committed 12032K, reserved 1048576K
2023-09-30T17:07:57.849+0600: 1578142.092: [GC (Allocation Failure) [PSYoungGen: 82914K->4065K(81408K)] 185504K->107957K(303104K), 0.0158825 secs] [Times: user=0.00 sys=0.01, real=0.02 secs] 
Heap after GC invocations=381 (full 3):
 PSYoungGen      total 81408K, used 4065K [0x00000000d5580000, 0x00000000dac80000, 0x0000000100000000)
  eden space 77312K, 0% used [0x00000000d5580000,0x00000000d5580000,0x00000000da100000)
  from space 4096K, 99% used [0x00000000da680000,0x00000000daa784e0,0x00000000daa80000)
  to   space 5632K, 0% used [0x00000000da100000,0x00000000da100000,0x00000000da680000)
 ParOldGen       total 221696K, used 103891K [0x0000000080000000, 0x000000008d880000, 0x00000000d5580000)
  object space 221696K, 46% used [0x0000000080000000,0x0000000086574fd0,0x000000008d880000)
 Metaspace       used 95074K, capacity 98310K, committed 98560K, reserved 1136640K
  class space    used 11412K, capacity 11953K, committed 12032K, reserved 1048576K
}
{Heap before GC invocations=382 (full 3):
 PSYoungGen      total 81408K, used 81377K [0x00000000d5580000, 0x00000000dac80000, 0x0000000100000000)
  eden space 77312K, 100% used [0x00000000d5580000,0x00000000da100000,0x00000000da100000)
  from space 4096K, 99% used [0x00000000da680000,0x00000000daa784e0,0x00000000daa80000)
  to   space 5632K, 0% used [0x00000000da100000,0x00000000da100000,0x00000000da680000)
 ParOldGen       total 221696K, used 103891K [0x0000000080000000, 0x000000008d880000, 0x00000000d5580000)
  object space 221696K, 46% used [0x0000000080000000,0x0000000086574fd0,0x000000008d880000)
 Metaspace       used 95074K, capacity 98310K, committed 98560K, reserved 1136640K
  class space    used 11412K, capacity 11953K, committed 12032K, reserved 1048576K
2023-09-30T18:10:39.461+0600: 1581903.704: [GC (Allocation Failure) [PSYoungGen: 81377K->3824K(80384K)] 185269K->107716K(302080K), 0.0106539 secs] [Times: user=0.02 sys=0.00, real=0.01 secs] 
Heap after GC invocations=382 (full 3):
 PSYoungGen      total 80384K, used 3824K [0x00000000d5580000, 0x00000000dab00000, 0x0000000100000000)
  eden space 76288K, 0% used [0x00000000d5580000,0x00000000d5580000,0x00000000da000000)
  from space 4096K, 93% used [0x00000000da100000,0x00000000da4bc280,0x00000000da500000)
  to   space 5632K, 0% used [0x00000000da580000,0x00000000da580000,0x00000000dab00000)
 ParOldGen       total 221696K, used 103891K [0x0000000080000000, 0x000000008d880000, 0x00000000d5580000)
  object space 221696K, 46% used [0x0000000080000000,0x0000000086574fd0,0x000000008d880000)
 Metaspace       used 95074K, capacity 98310K, committed 98560K, reserved 1136640K
  class space    used 11412K, capacity 11953K, committed 12032K, reserved 1048576K
}
{Heap before GC invocations=383 (full 3):
 PSYoungGen      total 80384K, used 80112K [0x00000000d5580000, 0x00000000dab00000, 0x0000000100000000)
  eden space 76288K, 100% used [0x00000000d5580000,0x00000000da000000,0x00000000da000000)
  from space 4096K, 93% used [0x00000000da100000,0x00000000da4bc280,0x00000000da500000)
  to   space 5632K, 0% used [0x00000000da580000,0x00000000da580000,0x00000000dab00000)
 ParOldGen       total 221696K, used 103891K [0x0000000080000000, 0x000000008d880000, 0x00000000d5580000)
  object space 221696K, 46% used [0x0000000080000000,0x0000000086574fd0,0x000000008d880000)
 Metaspace       used 95074K, capacity 98310K, committed 98560K, reserved 1136640K
  class space    used 11412K, capacity 11953K, committed 12032K, reserved 1048576K
2023-09-30T19:12:02.348+0600: 1585586.591: [GC (Allocation Failure) [PSYoungGen: 80112K->3393K(81920K)] 184004K->107285K(303616K), 0.0157317 secs] [Times: user=0.02 sys=0.00, real=0.02 secs] 
Heap after GC invocations=383 (full 3):
 PSYoungGen      total 81920K, used 3393K [0x00000000d5580000, 0x00000000daa80000, 0x0000000100000000)
  eden space 76800K, 0% used [0x00000000d5580000,0x00000000d5580000,0x00000000da080000)
  from space 5120K, 66% used [0x00000000da580000,0x00000000da8d04b0,0x00000000daa80000)
  to   space 5120K, 0% used [0x00000000da080000,0x00000000da080000,0x00000000da580000)
 ParOldGen       total 221696K, used 103891K [0x0000000080000000, 0x000000008d880000, 0x00000000d5580000)
  object space 221696K, 46% used [0x0000000080000000,0x0000000086574fd0,0x000000008d880000)
 Metaspace       used 95074K, capacity 98310K, committed 98560K, reserved 1136640K
  class space    used 11412K, capacity 11953K, committed 12032K, reserved 1048576K
}
{Heap before GC invocations=384 (full 3):
 PSYoungGen      total 81920K, used 80193K [0x00000000d5580000, 0x00000000daa80000, 0x0000000100000000)
  eden space 76800K, 100% used [0x00000000d5580000,0x00000000da080000,0x00000000da080000)
  from space 5120K, 66% used [0x00000000da580000,0x00000000da8d04b0,0x00000000daa80000)
  to   space 5120K, 0% used [0x00000000da080000,0x00000000da080000,0x00000000da580000)
 ParOldGen       total 221696K, used 103891K [0x0000000080000000, 0x000000008d880000, 0x00000000d5580000)
  object space 221696K, 46% used [0x0000000080000000,0x0000000086574fd0,0x000000008d880000)
 Metaspace       used 95074K, capacity 98310K, committed 98560K, reserved 1136640K
  class space    used 11412K, capacity 11953K, committed 12032K, reserved 1048576K
2023-09-30T20:13:28.158+0600: 1589272.401: [GC (Allocation Failure) [PSYoungGen: 80193K->3393K(81920K)] 184085K->107285K(303616K), 0.0139205 secs] [Times: user=0.02 sys=0.00, real=0.01 secs] 
Heap after GC invocations=384 (full 3):
 PSYoungGen      total 81920K, used 3393K [0x00000000d5580000, 0x00000000daa80000, 0x0000000100000000)
  eden space 76800K, 0% used [0x00000000d5580000,0x00000000d5580000,0x00000000da080000)
  from space 5120K, 66% used [0x00000000da080000,0x00000000da3d04b0,0x00000000da580000)
  to   space 5120K, 0% used [0x00000000da580000,0x00000000da580000,0x00000000daa80000)
 ParOldGen       total 221696K, used 103891K [0x0000000080000000, 0x000000008d880000, 0x00000000d5580000)
  object space 221696K, 46% used [0x0000000080000000,0x0000000086574fd0,0x000000008d880000)
 Metaspace       used 95074K, capacity 98310K, committed 98560K, reserved 1136640K
  class space    used 11412K, capacity 11953K, committed 12032K, reserved 1048576K
}
{Heap before GC invocations=385 (full 3):
 PSYoungGen      total 81920K, used 80193K [0x00000000d5580000, 0x00000000daa80000, 0x0000000100000000)
  eden space 76800K, 100% used [0x00000000d5580000,0x00000000da080000,0x00000000da080000)
  from space 5120K, 66% used [0x00000000da080000,0x00000000da3d04b0,0x00000000da580000)
  to   space 5120K, 0% used [0x00000000da580000,0x00000000da580000,0x00000000daa80000)
 ParOldGen       total 221696K, used 103891K [0x0000000080000000, 0x000000008d880000, 0x00000000d5580000)
  object space 221696K, 46% used [0x0000000080000000,0x0000000086574fd0,0x000000008d880000)
 Metaspace       used 95075K, capacity 98310K, committed 98560K, reserved 1136640K
  class space    used 11412K, capacity 11953K, committed 12032K, reserved 1048576K
2023-09-30T21:07:29.694+0600: 1592513.937: [GC (Allocation Failure) [PSYoungGen: 80193K->4161K(81920K)] 184085K->108061K(303616K), 0.0115950 secs] [Times: user=0.02 sys=0.00, real=0.01 secs] 
Heap after GC invocations=385 (full 3):
 PSYoungGen      total 81920K, used 4161K [0x00000000d5580000, 0x00000000daa80000, 0x0000000100000000)
  eden space 76800K, 0% used [0x00000000d5580000,0x00000000d5580000,0x00000000da080000)
  from space 5120K, 81% used [0x00000000da580000,0x00000000da9904b0,0x00000000daa80000)
  to   space 5120K, 0% used [0x00000000da080000,0x00000000da080000,0x00000000da580000)
 ParOldGen       total 221696K, used 103899K [0x0000000080000000, 0x000000008d880000, 0x00000000d5580000)
  object space 221696K, 46% used [0x0000000080000000,0x0000000086576fd0,0x000000008d880000)
 Metaspace       used 95075K, capacity 98310K, committed 98560K, reserved 1136640K
  class space    used 11412K, capacity 11953K, committed 12032K, reserved 1048576K
}
{Heap before GC invocations=386 (full 3):
 PSYoungGen      total 81920K, used 80961K [0x00000000d5580000, 0x00000000daa80000, 0x0000000100000000)
  eden space 76800K, 100% used [0x00000000d5580000,0x00000000da080000,0x00000000da080000)
  from space 5120K, 81% used [0x00000000da580000,0x00000000da9904b0,0x00000000daa80000)
  to   space 5120K, 0% used [0x00000000da080000,0x00000000da080000,0x00000000da580000)
 ParOldGen       total 221696K, used 103899K [0x0000000080000000, 0x000000008d880000, 0x00000000d5580000)
  object space 221696K, 46% used [0x0000000080000000,0x0000000086576fd0,0x000000008d880000)
 Metaspace       used 95075K, capacity 98310K, committed 98560K, reserved 1136640K
  class space    used 11412K, capacity 11953K, committed 12032K, reserved 1048576K
2023-09-30T22:09:02.211+0600: 1596206.454: [GC (Allocation Failure) [PSYoungGen: 80961K->3408K(81920K)] 184861K->107308K(303616K), 0.0123909 secs] [Times: user=0.02 sys=0.00, real=0.01 secs] 
Heap after GC invocations=386 (full 3):
 PSYoungGen      total 81920K, used 3408K [0x00000000d5580000, 0x00000000daa80000, 0x0000000100000000)
  eden space 76800K, 0% used [0x00000000d5580000,0x00000000d5580000,0x00000000da080000)
  from space 5120K, 66% used [0x00000000da080000,0x00000000da3d4280,0x00000000da580000)
  to   space 5120K, 0% used [0x00000000da580000,0x00000000da580000,0x00000000daa80000)
 ParOldGen       total 221696K, used 103899K [0x0000000080000000, 0x000000008d880000, 0x00000000d5580000)
  object space 221696K, 46% used [0x0000000080000000,0x0000000086576fd0,0x000000008d880000)
 Metaspace       used 95075K, capacity 98310K, committed 98560K, reserved 1136640K
  class space    used 11412K, capacity 11953K, committed 12032K, reserved 1048576K
}
{Heap before GC invocations=387 (full 3):
 PSYoungGen      total 81920K, used 80208K [0x00000000d5580000, 0x00000000daa80000, 0x0000000100000000)
  eden space 76800K, 100% used [0x00000000d5580000,0x00000000da080000,0x00000000da080000)
  from space 5120K, 66% used [0x00000000da080000,0x00000000da3d4280,0x00000000da580000)
  to   space 5120K, 0% used [0x00000000da580000,0x00000000da580000,0x00000000daa80000)
 ParOldGen       total 221696K, used 103899K [0x0000000080000000, 0x000000008d880000, 0x00000000d5580000)
  object space 221696K, 46% used [0x0000000080000000,0x0000000086576fd0,0x000000008d880000)
 Metaspace       used 95163K, capacity 98412K, committed 98560K, reserved 1136640K
  class space    used 11421K, capacity 11986K, committed 12032K, reserved 1048576K
2023-09-30T23:01:27.929+0600: 1599352.172: [GC (Allocation Failure) [PSYoungGen: 80208K->3634K(81920K)] 184108K->107534K(303616K), 0.0173921 secs] [Times: user=0.03 sys=0.00, real=0.02 secs] 
Heap after GC invocations=387 (full 3):
 PSYoungGen      total 81920K, used 3634K [0x00000000d5580000, 0x00000000daa80000, 0x0000000100000000)
  eden space 76800K, 0% used [0x00000000d5580000,0x00000000d5580000,0x00000000da080000)
  from space 5120K, 70% used [0x00000000da580000,0x00000000da90c848,0x00000000daa80000)
  to   space 5120K, 0% used [0x00000000da080000,0x00000000da080000,0x00000000da580000)
 ParOldGen       total 221696K, used 103899K [0x0000000080000000, 0x000000008d880000, 0x00000000d5580000)
  object space 221696K, 46% used [0x0000000080000000,0x0000000086576fd0,0x000000008d880000)
 Metaspace       used 95163K, capacity 98412K, committed 98560K, reserved 1136640K
  class space    used 11421K, capacity 11986K, committed 12032K, reserved 1048576K
}
{Heap before GC invocations=388 (full 3):
 PSYoungGen      total 81920K, used 80434K [0x00000000d5580000, 0x00000000daa80000, 0x0000000100000000)
  eden space 76800K, 100% used [0x00000000d5580000,0x00000000da080000,0x00000000da080000)
  from space 5120K, 70% used [0x00000000da580000,0x00000000da90c848,0x00000000daa80000)
  to   space 5120K, 0% used [0x00000000da080000,0x00000000da080000,0x00000000da580000)
 ParOldGen       total 221696K, used 103899K [0x0000000080000000, 0x000000008d880000, 0x00000000d5580000)
  object space 221696K, 46% used [0x0000000080000000,0x0000000086576fd0,0x000000008d880000)
 Metaspace       used 95163K, capacity 98412K, committed 98560K, reserved 1136640K
  class space    used 11421K, capacity 11986K, committed 12032K, reserved 1048576K
2023-10-01T00:02:39.553+0600: 1603023.796: [GC (Allocation Failure) [PSYoungGen: 80434K->3616K(81920K)] 184334K->107516K(303616K), 0.0158077 secs] [Times: user=0.03 sys=0.00, real=0.02 secs] 
Heap after GC invocations=388 (full 3):
 PSYoungGen      total 81920K, used 3616K [0x00000000d5580000, 0x00000000daa80000, 0x0000000100000000)
  eden space 76800K, 0% used [0x00000000d5580000,0x00000000d5580000,0x00000000da080000)
  from space 5120K, 70% used [0x00000000da080000,0x00000000da408050,0x00000000da580000)
  to   space 5120K, 0% used [0x00000000da580000,0x00000000da580000,0x00000000daa80000)
 ParOldGen       total 221696K, used 103899K [0x0000000080000000, 0x000000008d880000, 0x00000000d5580000)
  object space 221696K, 46% used [0x0000000080000000,0x0000000086576fd0,0x000000008d880000)
 Metaspace       used 95163K, capacity 98412K, committed 98560K, reserved 1136640K
  class space    used 11421K, capacity 11986K, committed 12032K, reserved 1048576K
}
{Heap before GC invocations=389 (full 3):
 PSYoungGen      total 81920K, used 80416K [0x00000000d5580000, 0x00000000daa80000, 0x0000000100000000)
  eden space 76800K, 100% used [0x00000000d5580000,0x00000000da080000,0x00000000da080000)
  from space 5120K, 70% used [0x00000000da080000,0x00000000da408050,0x00000000da580000)
  to   space 5120K, 0% used [0x00000000da580000,0x00000000da580000,0x00000000daa80000)
 ParOldGen       total 221696K, used 103899K [0x0000000080000000, 0x000000008d880000, 0x00000000d5580000)
  object space 221696K, 46% used [0x0000000080000000,0x0000000086576fd0,0x000000008d880000)
 Metaspace       used 95163K, capacity 98412K, committed 98560K, reserved 1136640K
  class space    used 11421K, capacity 11986K, committed 12032K, reserved 1048576K
2023-10-01T01:04:46.972+0600: 1606751.215: [GC (Allocation Failure) [PSYoungGen: 80416K->3616K(81920K)] 184316K->107516K(303616K), 0.0138025 secs] [Times: user=0.02 sys=0.00, real=0.02 secs] 
Heap after GC invocations=389 (full 3):
 PSYoungGen      total 81920K, used 3616K [0x00000000d5580000, 0x00000000daa80000, 0x0000000100000000)
  eden space 76800K, 0% used [0x00000000d5580000,0x00000000d5580000,0x00000000da080000)
  from space 5120K, 70% used [0x00000000da580000,0x00000000da908050,0x00000000daa80000)
  to   space 5120K, 0% used [0x00000000da080000,0x00000000da080000,0x00000000da580000)
 ParOldGen       total 221696K, used 103899K [0x0000000080000000, 0x000000008d880000, 0x00000000d5580000)
  object space 221696K, 46% used [0x0000000080000000,0x0000000086576fd0,0x000000008d880000)
 Metaspace       used 95163K, capacity 98412K, committed 98560K, reserved 1136640K
  class space    used 11421K, capacity 11986K, committed 12032K, reserved 1048576K
}
{Heap before GC invocations=390 (full 3):
 PSYoungGen      total 81920K, used 80416K [0x00000000d5580000, 0x00000000daa80000, 0x0000000100000000)
  eden space 76800K, 100% used [0x00000000d5580000,0x00000000da080000,0x00000000da080000)
  from space 5120K, 70% used [0x00000000da580000,0x00000000da908050,0x00000000daa80000)
  to   space 5120K, 0% used [0x00000000da080000,0x00000000da080000,0x00000000da580000)
 ParOldGen       total 221696K, used 103899K [0x0000000080000000, 0x000000008d880000, 0x00000000d5580000)
  object space 221696K, 46% used [0x0000000080000000,0x0000000086576fd0,0x000000008d880000)
 Metaspace       used 95163K, capacity 98412K, committed 98560K, reserved 1136640K
  class space    used 11421K, capacity 11986K, committed 12032K, reserved 1048576K
2023-10-01T02:06:10.940+0600: 1610435.183: [GC (Allocation Failure) [PSYoungGen: 80416K->3616K(81920K)] 184316K->107516K(303616K), 0.0177935 secs] [Times: user=0.03 sys=0.00, real=0.02 secs] 
Heap after GC invocations=390 (full 3):
 PSYoungGen      total 81920K, used 3616K [0x00000000d5580000, 0x00000000daa80000, 0x0000000100000000)
  eden space 76800K, 0% used [0x00000000d5580000,0x00000000d5580000,0x00000000da080000)
  from space 5120K, 70% used [0x00000000da080000,0x00000000da408050,0x00000000da580000)
  to   space 5120K, 0% used [0x00000000da580000,0x00000000da580000,0x00000000daa80000)
 ParOldGen       total 221696K, used 103899K [0x0000000080000000, 0x000000008d880000, 0x00000000d5580000)
  object space 221696K, 46% used [0x0000000080000000,0x0000000086576fd0,0x000000008d880000)
 Metaspace       used 95163K, capacity 98412K, committed 98560K, reserved 1136640K
  class space    used 11421K, capacity 11986K, committed 12032K, reserved 1048576K
}
{Heap before GC invocations=391 (full 3):
 PSYoungGen      total 81920K, used 80416K [0x00000000d5580000, 0x00000000daa80000, 0x0000000100000000)
  eden space 76800K, 100% used [0x00000000d5580000,0x00000000da080000,0x00000000da080000)
  from space 5120K, 70% used [0x00000000da080000,0x00000000da408050,0x00000000da580000)
  to   space 5120K, 0% used [0x00000000da580000,0x00000000da580000,0x00000000daa80000)
 ParOldGen       total 221696K, used 103899K [0x0000000080000000, 0x000000008d880000, 0x00000000d5580000)
  object space 221696K, 46% used [0x0000000080000000,0x0000000086576fd0,0x000000008d880000)
 Metaspace       used 95163K, capacity 98412K, committed 98560K, reserved 1136640K
  class space    used 11421K, capacity 11986K, committed 12032K, reserved 1048576K
2023-10-01T03:07:42.425+0600: 1614126.668: [GC (Allocation Failure) [PSYoungGen: 80416K->3136K(81920K)] 184316K->107470K(303616K), 0.0169374 secs] [Times: user=0.03 sys=0.00, real=0.01 secs] 
Heap after GC invocations=391 (full 3):
 PSYoungGen      total 81920K, used 3136K [0x00000000d5580000, 0x00000000daa80000, 0x0000000100000000)
  eden space 76800K, 0% used [0x00000000d5580000,0x00000000d5580000,0x00000000da080000)
  from space 5120K, 61% used [0x00000000da580000,0x00000000da890030,0x00000000daa80000)
  to   space 5120K, 0% used [0x00000000da080000,0x00000000da080000,0x00000000da580000)
 ParOldGen       total 221696K, used 104334K [0x0000000080000000, 0x000000008d880000, 0x00000000d5580000)
  object space 221696K, 47% used [0x0000000080000000,0x00000000865e3a90,0x000000008d880000)
 Metaspace       used 95163K, capacity 98412K, committed 98560K, reserved 1136640K
  class space    used 11421K, capacity 11986K, committed 12032K, reserved 1048576K
}
{Heap before GC invocations=392 (full 3):
 PSYoungGen      total 81920K, used 79936K [0x00000000d5580000, 0x00000000daa80000, 0x0000000100000000)
  eden space 76800K, 100% used [0x00000000d5580000,0x00000000da080000,0x00000000da080000)
  from space 5120K, 61% used [0x00000000da580000,0x00000000da890030,0x00000000daa80000)
  to   space 5120K, 0% used [0x00000000da080000,0x00000000da080000,0x00000000da580000)
 ParOldGen       total 221696K, used 104334K [0x0000000080000000, 0x000000008d880000, 0x00000000d5580000)
  object space 221696K, 47% used [0x0000000080000000,0x00000000865e3a90,0x000000008d880000)
 Metaspace       used 95163K, capacity 98412K, committed 98560K, reserved 1136640K
  class space    used 11421K, capacity 11986K, committed 12032K, reserved 1048576K
2023-10-01T04:08:34.003+0600: 1617778.246: [GC (Allocation Failure) [PSYoungGen: 79936K->3008K(81920K)] 184270K->107468K(303616K), 0.0140382 secs] [Times: user=0.03 sys=0.00, real=0.02 secs] 
Heap after GC invocations=392 (full 3):
 PSYoungGen      total 81920K, used 3008K [0x00000000d5580000, 0x00000000daa80000, 0x0000000100000000)
  eden space 76800K, 0% used [0x00000000d5580000,0x00000000d5580000,0x00000000da080000)
  from space 5120K, 58% used [0x00000000da080000,0x00000000da370020,0x00000000da580000)
  to   space 4608K, 0% used [0x00000000da600000,0x00000000da600000,0x00000000daa80000)
 ParOldGen       total 221696K, used 104459K [0x0000000080000000, 0x000000008d880000, 0x00000000d5580000)
  object space 221696K, 47% used [0x0000000080000000,0x0000000086602ff0,0x000000008d880000)
 Metaspace       used 95163K, capacity 98412K, committed 98560K, reserved 1136640K
  class space    used 11421K, capacity 11986K, committed 12032K, reserved 1048576K
}
{Heap before GC invocations=393 (full 3):
 PSYoungGen      total 81920K, used 79808K [0x00000000d5580000, 0x00000000daa80000, 0x0000000100000000)
  eden space 76800K, 100% used [0x00000000d5580000,0x00000000da080000,0x00000000da080000)
  from space 5120K, 58% used [0x00000000da080000,0x00000000da370020,0x00000000da580000)
  to   space 4608K, 0% used [0x00000000da600000,0x00000000da600000,0x00000000daa80000)
 ParOldGen       total 221696K, used 104459K [0x0000000080000000, 0x000000008d880000, 0x00000000d5580000)
  object space 221696K, 47% used [0x0000000080000000,0x0000000086602ff0,0x000000008d880000)
 Metaspace       used 95163K, capacity 98412K, committed 98560K, reserved 1136640K
  class space    used 11421K, capacity 11986K, committed 12032K, reserved 1048576K
2023-10-01T05:11:50.954+0600: 1621575.197: [GC (Allocation Failure) [PSYoungGen: 79808K->3008K(82432K)] 184268K->107468K(304128K), 0.0153198 secs] [Times: user=0.02 sys=0.00, real=0.01 secs] 
Heap after GC invocations=393 (full 3):
 PSYoungGen      total 82432K, used 3008K [0x00000000d5580000, 0x00000000daa80000, 0x0000000100000000)
  eden space 77824K, 0% used [0x00000000d5580000,0x00000000d5580000,0x00000000da180000)
  from space 4608K, 65% used [0x00000000da600000,0x00000000da8f0020,0x00000000daa80000)
  to   space 4608K, 0% used [0x00000000da180000,0x00000000da180000,0x00000000da600000)
 ParOldGen       total 221696K, used 104459K [0x0000000080000000, 0x000000008d880000, 0x00000000d5580000)
  object space 221696K, 47% used [0x0000000080000000,0x0000000086602ff0,0x000000008d880000)
 Metaspace       used 95163K, capacity 98412K, committed 98560K, reserved 1136640K
  class space    used 11421K, capacity 11986K, committed 12032K, reserved 1048576K
}
{Heap before GC invocations=394 (full 3):
 PSYoungGen      total 82432K, used 80832K [0x00000000d5580000, 0x00000000daa80000, 0x0000000100000000)
  eden space 77824K, 100% used [0x00000000d5580000,0x00000000da180000,0x00000000da180000)
  from space 4608K, 65% used [0x00000000da600000,0x00000000da8f0020,0x00000000daa80000)
  to   space 4608K, 0% used [0x00000000da180000,0x00000000da180000,0x00000000da600000)
 ParOldGen       total 221696K, used 104459K [0x0000000080000000, 0x000000008d880000, 0x00000000d5580000)
  object space 221696K, 47% used [0x0000000080000000,0x0000000086602ff0,0x000000008d880000)
 Metaspace       used 95163K, capacity 98412K, committed 98560K, reserved 1136640K
  class space    used 11421K, capacity 11986K, committed 12032K, reserved 1048576K
2023-10-01T06:16:52.659+0600: 1625476.902: [GC (Allocation Failure) [PSYoungGen: 80832K->2976K(82432K)] 185292K->107468K(304128K), 0.0156902 secs] [Times: user=0.01 sys=0.02, real=0.02 secs] 
Heap after GC invocations=394 (full 3):
 PSYoungGen      total 82432K, used 2976K [0x00000000d5580000, 0x00000000daa80000, 0x0000000100000000)
  eden space 77824K, 0% used [0x00000000d5580000,0x00000000d5580000,0x00000000da180000)
  from space 4608K, 64% used [0x00000000da180000,0x00000000da468020,0x00000000da600000)
  to   space 4608K, 0% used [0x00000000da600000,0x00000000da600000,0x00000000daa80000)
 ParOldGen       total 221696K, used 104491K [0x0000000080000000, 0x000000008d880000, 0x00000000d5580000)
  object space 221696K, 47% used [0x0000000080000000,0x000000008660aff0,0x000000008d880000)
 Metaspace       used 95163K, capacity 98412K, committed 98560K, reserved 1136640K
  class space    used 11421K, capacity 11986K, committed 12032K, reserved 1048576K
}
{Heap before GC invocations=395 (full 3):
 PSYoungGen      total 82432K, used 80800K [0x00000000d5580000, 0x00000000daa80000, 0x0000000100000000)
  eden space 77824K, 100% used [0x00000000d5580000,0x00000000da180000,0x00000000da180000)
  from space 4608K, 64% used [0x00000000da180000,0x00000000da468020,0x00000000da600000)
  to   space 4608K, 0% used [0x00000000da600000,0x00000000da600000,0x00000000daa80000)
 ParOldGen       total 221696K, used 104491K [0x0000000080000000, 0x000000008d880000, 0x00000000d5580000)
  object space 221696K, 47% used [0x0000000080000000,0x000000008660aff0,0x000000008d880000)
 Metaspace       used 95163K, capacity 98412K, committed 98560K, reserved 1136640K
  class space    used 11421K, capacity 11986K, committed 12032K, reserved 1048576K
2023-10-01T07:22:46.061+0600: 1629430.304: [GC (Allocation Failure) [PSYoungGen: 80800K->2688K(82432K)] 185292K->107465K(304128K), 0.0120668 secs] [Times: user=0.02 sys=0.00, real=0.01 secs] 
Heap after GC invocations=395 (full 3):
 PSYoungGen      total 82432K, used 2688K [0x00000000d5580000, 0x00000000daa80000, 0x0000000100000000)
  eden space 77824K, 0% used [0x00000000d5580000,0x00000000d5580000,0x00000000da180000)
  from space 4608K, 58% used [0x00000000da600000,0x00000000da8a0020,0x00000000daa80000)
  to   space 4608K, 0% used [0x00000000da180000,0x00000000da180000,0x00000000da600000)
 ParOldGen       total 221696K, used 104777K [0x0000000080000000, 0x000000008d880000, 0x00000000d5580000)
  object space 221696K, 47% used [0x0000000080000000,0x0000000086652610,0x000000008d880000)
 Metaspace       used 95163K, capacity 98412K, committed 98560K, reserved 1136640K
  class space    used 11421K, capacity 11986K, committed 12032K, reserved 1048576K
}
{Heap before GC invocations=396 (full 3):
 PSYoungGen      total 82432K, used 80512K [0x00000000d5580000, 0x00000000daa80000, 0x0000000100000000)
  eden space 77824K, 100% used [0x00000000d5580000,0x00000000da180000,0x00000000da180000)
  from space 4608K, 58% used [0x00000000da600000,0x00000000da8a0020,0x00000000daa80000)
  to   space 4608K, 0% used [0x00000000da180000,0x00000000da180000,0x00000000da600000)
 ParOldGen       total 221696K, used 104777K [0x0000000080000000, 0x000000008d880000, 0x00000000d5580000)
  object space 221696K, 47% used [0x0000000080000000,0x0000000086652610,0x000000008d880000)
 Metaspace       used 95163K, capacity 98412K, committed 98560K, reserved 1136640K
  class space    used 11421K, capacity 11986K, committed 12032K, reserved 1048576K
2023-10-01T08:26:25.612+0600: 1633249.855: [GC (Allocation Failure) [PSYoungGen: 80512K->2496K(82432K)] 185289K->107508K(304128K), 0.0169028 secs] [Times: user=0.03 sys=0.00, real=0.02 secs] 
Heap after GC invocations=396 (full 3):
 PSYoungGen      total 82432K, used 2496K [0x00000000d5580000, 0x00000000daa80000, 0x0000000100000000)
  eden space 77824K, 0% used [0x00000000d5580000,0x00000000d5580000,0x00000000da180000)
  from space 4608K, 54% used [0x00000000da180000,0x00000000da3f0000,0x00000000da600000)
  to   space 4608K, 0% used [0x00000000da600000,0x00000000da600000,0x00000000daa80000)
 ParOldGen       total 221696K, used 105012K [0x0000000080000000, 0x000000008d880000, 0x00000000d5580000)
  object space 221696K, 47% used [0x0000000080000000,0x000000008668d358,0x000000008d880000)
 Metaspace       used 95163K, capacity 98412K, committed 98560K, reserved 1136640K
  class space    used 11421K, capacity 11986K, committed 12032K, reserved 1048576K
}
{Heap before GC invocations=397 (full 3):
 PSYoungGen      total 82432K, used 80320K [0x00000000d5580000, 0x00000000daa80000, 0x0000000100000000)
  eden space 77824K, 100% used [0x00000000d5580000,0x00000000da180000,0x00000000da180000)
  from space 4608K, 54% used [0x00000000da180000,0x00000000da3f0000,0x00000000da600000)
  to   space 4608K, 0% used [0x00000000da600000,0x00000000da600000,0x00000000daa80000)
 ParOldGen       total 221696K, used 105012K [0x0000000080000000, 0x000000008d880000, 0x00000000d5580000)
  object space 221696K, 47% used [0x0000000080000000,0x000000008668d358,0x000000008d880000)
 Metaspace       used 95163K, capacity 98412K, committed 98560K, reserved 1136640K
  class space    used 11421K, capacity 11986K, committed 12032K, reserved 1048576K
2023-10-01T09:25:28.650+0600: 1636792.893: [GC (Allocation Failure) [PSYoungGen: 80320K->3008K(82432K)] 185332K->108028K(304128K), 0.0156168 secs] [Times: user=0.02 sys=0.00, real=0.02 secs] 
Heap after GC invocations=397 (full 3):
 PSYoungGen      total 82432K, used 3008K [0x00000000d5580000, 0x00000000daa80000, 0x0000000100000000)
  eden space 77824K, 0% used [0x00000000d5580000,0x00000000d5580000,0x00000000da180000)
  from space 4608K, 65% used [0x00000000da600000,0x00000000da8f0040,0x00000000daa80000)
  to   space 4608K, 0% used [0x00000000da180000,0x00000000da180000,0x00000000da600000)
 ParOldGen       total 221696K, used 105020K [0x0000000080000000, 0x000000008d880000, 0x00000000d5580000)
  object space 221696K, 47% used [0x0000000080000000,0x000000008668f358,0x000000008d880000)
 Metaspace       used 95163K, capacity 98412K, committed 98560K, reserved 1136640K
  class space    used 11421K, capacity 11986K, committed 12032K, reserved 1048576K
}
{Heap before GC invocations=398 (full 3):
 PSYoungGen      total 82432K, used 80832K [0x00000000d5580000, 0x00000000daa80000, 0x0000000100000000)
  eden space 77824K, 100% used [0x00000000d5580000,0x00000000da180000,0x00000000da180000)
  from space 4608K, 65% used [0x00000000da600000,0x00000000da8f0040,0x00000000daa80000)
  to   space 4608K, 0% used [0x00000000da180000,0x00000000da180000,0x00000000da600000)
 ParOldGen       total 221696K, used 105020K [0x0000000080000000, 0x000000008d880000, 0x00000000d5580000)
  object space 221696K, 47% used [0x0000000080000000,0x000000008668f358,0x000000008d880000)
 Metaspace       used 95163K, capacity 98412K, committed 98560K, reserved 1136640K
  class space    used 11421K, capacity 11986K, committed 12032K, reserved 1048576K
2023-10-01T10:14:39.464+0600: 1639743.707: [GC (Allocation Failure) [PSYoungGen: 80832K->4096K(82432K)] 185852K->109117K(304128K), 0.0187229 secs] [Times: user=0.03 sys=0.00, real=0.01 secs] 
Heap after GC invocations=398 (full 3):
 PSYoungGen      total 82432K, used 4096K [0x00000000d5580000, 0x00000000daa80000, 0x0000000100000000)
  eden space 77824K, 0% used [0x00000000d5580000,0x00000000d5580000,0x00000000da180000)
  from space 4608K, 88% used [0x00000000da180000,0x00000000da5800e0,0x00000000da600000)
  to   space 4608K, 0% used [0x00000000da600000,0x00000000da600000,0x00000000daa80000)
 ParOldGen       total 221696K, used 105020K [0x0000000080000000, 0x000000008d880000, 0x00000000d5580000)
  object space 221696K, 47% used [0x0000000080000000,0x000000008668f358,0x000000008d880000)
 Metaspace       used 95163K, capacity 98412K, committed 98560K, reserved 1136640K
  class space    used 11421K, capacity 11986K, committed 12032K, reserved 1048576K
}
{Heap before GC invocations=399 (full 3):
 PSYoungGen      total 82432K, used 81920K [0x00000000d5580000, 0x00000000daa80000, 0x0000000100000000)
  eden space 77824K, 99% used [0x00000000d5580000,0x00000000da17ffa0,0x00000000da180000)
  from space 4608K, 88% used [0x00000000da180000,0x00000000da5800e0,0x00000000da600000)
  to   space 4608K, 0% used [0x00000000da600000,0x00000000da600000,0x00000000daa80000)
 ParOldGen       total 221696K, used 105020K [0x0000000080000000, 0x000000008d880000, 0x00000000d5580000)
  object space 221696K, 47% used [0x0000000080000000,0x000000008668f358,0x000000008d880000)
 Metaspace       used 95163K, capacity 98412K, committed 98560K, reserved 1136640K
  class space    used 11421K, capacity 11986K, committed 12032K, reserved 1048576K
2023-10-01T11:07:05.763+0600: 1642890.006: [GC (Allocation Failure) [PSYoungGen: 81920K->3712K(81408K)] 186940K->108732K(303104K), 0.0106061 secs] [Times: user=0.01 sys=0.01, real=0.02 secs] 
Heap after GC invocations=399 (full 3):
 PSYoungGen      total 81408K, used 3712K [0x00000000d5580000, 0x00000000daa80000, 0x0000000100000000)
  eden space 76800K, 0% used [0x00000000d5580000,0x00000000d5580000,0x00000000da080000)
  from space 4608K, 80% used [0x00000000da600000,0x00000000da9a0090,0x00000000daa80000)
  to   space 5120K, 0% used [0x00000000da080000,0x00000000da080000,0x00000000da580000)
 ParOldGen       total 221696K, used 105020K [0x0000000080000000, 0x000000008d880000, 0x00000000d5580000)
  object space 221696K, 47% used [0x0000000080000000,0x000000008668f358,0x000000008d880000)
 Metaspace       used 95163K, capacity 98412K, committed 98560K, reserved 1136640K
  class space    used 11421K, capacity 11986K, committed 12032K, reserved 1048576K
}
{Heap before GC invocations=400 (full 3):
 PSYoungGen      total 81408K, used 80512K [0x00000000d5580000, 0x00000000daa80000, 0x0000000100000000)
  eden space 76800K, 100% used [0x00000000d5580000,0x00000000da080000,0x00000000da080000)
  from space 4608K, 80% used [0x00000000da600000,0x00000000da9a0090,0x00000000daa80000)
  to   space 5120K, 0% used [0x00000000da080000,0x00000000da080000,0x00000000da580000)
 ParOldGen       total 221696K, used 105020K [0x0000000080000000, 0x000000008d880000, 0x00000000d5580000)
  object space 221696K, 47% used [0x0000000080000000,0x000000008668f358,0x000000008d880000)
 Metaspace       used 95179K, capacity 98476K, committed 98560K, reserved 1136640K
  class space    used 11421K, capacity 11986K, committed 12032K, reserved 1048576K
2023-10-01T11:49:37.268+0600: 1645441.511: [GC (Allocation Failure) [PSYoungGen: 80512K->4322K(81920K)] 185532K->109391K(303616K), 0.0171693 secs] [Times: user=0.03 sys=0.00, real=0.02 secs] 
Heap after GC invocations=400 (full 3):
 PSYoungGen      total 81920K, used 4322K [0x00000000d5580000, 0x00000000daa80000, 0x0000000100000000)
  eden space 76800K, 0% used [0x00000000d5580000,0x00000000d5580000,0x00000000da080000)
  from space 5120K, 84% used [0x00000000da080000,0x00000000da4b8960,0x00000000da580000)
  to   space 5120K, 0% used [0x00000000da580000,0x00000000da580000,0x00000000daa80000)
 ParOldGen       total 221696K, used 105068K [0x0000000080000000, 0x000000008d880000, 0x00000000d5580000)
  object space 221696K, 47% used [0x0000000080000000,0x000000008669b358,0x000000008d880000)
 Metaspace       used 95179K, capacity 98476K, committed 98560K, reserved 1136640K
  class space    used 11421K, capacity 11986K, committed 12032K, reserved 1048576K
}
{Heap before GC invocations=401 (full 3):
 PSYoungGen      total 81920K, used 34495K [0x00000000d5580000, 0x00000000daa80000, 0x0000000100000000)
  eden space 76800K, 39% used [0x00000000d5580000,0x00000000d72f7328,0x00000000da080000)
  from space 5120K, 84% used [0x00000000da080000,0x00000000da4b8960,0x00000000da580000)
  to   space 5120K, 0% used [0x00000000da580000,0x00000000da580000,0x00000000daa80000)
 ParOldGen       total 221696K, used 105068K [0x0000000080000000, 0x000000008d880000, 0x00000000d5580000)
  object space 221696K, 47% used [0x0000000080000000,0x000000008669b358,0x000000008d880000)
 Metaspace       used 95181K, capacity 98540K, committed 98816K, reserved 1136640K
  class space    used 11421K, capacity 11986K, committed 12032K, reserved 1048576K
2023-10-01T12:00:31.497+0600: 1646095.740: [GC (GCLocker Initiated GC) [PSYoungGen: 34495K->4145K(81920K)] 139563K->109214K(303616K), 0.0103894 secs] [Times: user=0.01 sys=0.01, real=0.01 secs] 
Heap after GC invocations=401 (full 3):
 PSYoungGen      total 81920K, used 4145K [0x00000000d5580000, 0x00000000daa80000, 0x0000000100000000)
  eden space 76800K, 0% used [0x00000000d5580000,0x00000000d5580000,0x00000000da080000)
  from space 5120K, 80% used [0x00000000da580000,0x00000000da98c730,0x00000000daa80000)
  to   space 5120K, 0% used [0x00000000da080000,0x00000000da080000,0x00000000da580000)
 ParOldGen       total 221696K, used 105068K [0x0000000080000000, 0x000000008d880000, 0x00000000d5580000)
  object space 221696K, 47% used [0x0000000080000000,0x000000008669b358,0x000000008d880000)
 Metaspace       used 95181K, capacity 98540K, committed 98816K, reserved 1136640K
  class space    used 11421K, capacity 11986K, committed 12032K, reserved 1048576K
}
{Heap before GC invocations=402 (full 3):
 PSYoungGen      total 81920K, used 80945K [0x00000000d5580000, 0x00000000daa80000, 0x0000000100000000)
  eden space 76800K, 100% used [0x00000000d5580000,0x00000000da080000,0x00000000da080000)
  from space 5120K, 80% used [0x00000000da580000,0x00000000da98c730,0x00000000daa80000)
  to   space 5120K, 0% used [0x00000000da080000,0x00000000da080000,0x00000000da580000)
 ParOldGen       total 221696K, used 105068K [0x0000000080000000, 0x000000008d880000, 0x00000000d5580000)
  object space 221696K, 47% used [0x0000000080000000,0x000000008669b358,0x000000008d880000)
 Metaspace       used 95188K, capacity 98540K, committed 98816K, reserved 1136640K
  class space    used 11421K, capacity 11986K, committed 12032K, reserved 1048576K
2023-10-01T12:43:52.809+0600: 1648697.052: [GC (Allocation Failure) [PSYoungGen: 80945K->5106K(81920K)] 186014K->110443K(303616K), 0.0173791 secs] [Times: user=0.03 sys=0.00, real=0.02 secs] 
Heap after GC invocations=402 (full 3):
 PSYoungGen      total 81920K, used 5106K [0x00000000d5580000, 0x00000000daa80000, 0x0000000100000000)
  eden space 76800K, 0% used [0x00000000d5580000,0x00000000d5580000,0x00000000da080000)
  from space 5120K, 99% used [0x00000000da080000,0x00000000da57c9a0,0x00000000da580000)
  to   space 5120K, 0% used [0x00000000da580000,0x00000000da580000,0x00000000daa80000)
 ParOldGen       total 221696K, used 105337K [0x0000000080000000, 0x000000008d880000, 0x00000000d5580000)
  object space 221696K, 47% used [0x0000000080000000,0x00000000866de4e8,0x000000008d880000)
 Metaspace       used 95188K, capacity 98540K, committed 98816K, reserved 1136640K
  class space    used 11421K, capacity 11986K, committed 12032K, reserved 1048576K
}
{Heap before GC invocations=403 (full 3):
 PSYoungGen      total 81920K, used 81900K [0x00000000d5580000, 0x00000000daa80000, 0x0000000100000000)
  eden space 76800K, 99% used [0x00000000d5580000,0x00000000da07e678,0x00000000da080000)
  from space 5120K, 99% used [0x00000000da080000,0x00000000da57c9a0,0x00000000da580000)
  to   space 5120K, 0% used [0x00000000da580000,0x00000000da580000,0x00000000daa80000)
 ParOldGen       total 221696K, used 105337K [0x0000000080000000, 0x000000008d880000, 0x00000000d5580000)
  object space 221696K, 47% used [0x0000000080000000,0x00000000866de4e8,0x000000008d880000)
 Metaspace       used 95189K, capacity 98540K, committed 98816K, reserved 1136640K
  class space    used 11421K, capacity 11986K, committed 12032K, reserved 1048576K
2023-10-01T13:33:50.057+0600: 1651694.300: [GC (Allocation Failure) [PSYoungGen: 81900K->3393K(80896K)] 187237K->108730K(302592K), 0.0128500 secs] [Times: user=0.01 sys=0.01, real=0.01 secs] 
Heap after GC invocations=403 (full 3):
 PSYoungGen      total 80896K, used 3393K [0x00000000d5580000, 0x00000000daa80000, 0x0000000100000000)
  eden space 75776K, 0% used [0x00000000d5580000,0x00000000d5580000,0x00000000d9f80000)
  from space 5120K, 66% used [0x00000000da580000,0x00000000da8d06e0,0x00000000daa80000)
  to   space 5632K, 0% used [0x00000000d9f80000,0x00000000d9f80000,0x00000000da500000)
 ParOldGen       total 221696K, used 105337K [0x0000000080000000, 0x000000008d880000, 0x00000000d5580000)
  object space 221696K, 47% used [0x0000000080000000,0x00000000866de4e8,0x000000008d880000)
 Metaspace       used 95189K, capacity 98540K, committed 98816K, reserved 1136640K
  class space    used 11421K, capacity 11986K, committed 12032K, reserved 1048576K
}
{Heap before GC invocations=404 (full 3):
 PSYoungGen      total 80896K, used 79169K [0x00000000d5580000, 0x00000000daa80000, 0x0000000100000000)
  eden space 75776K, 100% used [0x00000000d5580000,0x00000000d9f80000,0x00000000d9f80000)
  from space 5120K, 66% used [0x00000000da580000,0x00000000da8d06e0,0x00000000daa80000)
  to   space 5632K, 0% used [0x00000000d9f80000,0x00000000d9f80000,0x00000000da500000)
 ParOldGen       total 221696K, used 105337K [0x0000000080000000, 0x000000008d880000, 0x00000000d5580000)
  object space 221696K, 47% used [0x0000000080000000,0x00000000866de4e8,0x000000008d880000)
 Metaspace       used 95190K, capacity 98540K, committed 98816K, reserved 1136640K
  class space    used 11421K, capacity 11986K, committed 12032K, reserved 1048576K
2023-10-01T14:14:56.671+0600: 1654160.914: [GC (Allocation Failure) [PSYoungGen: 79169K->4850K(80896K)] 184506K->110188K(302592K), 0.0173300 secs] [Times: user=0.01 sys=0.02, real=0.02 secs] 
Heap after GC invocations=404 (full 3):
 PSYoungGen      total 80896K, used 4850K [0x00000000d5580000, 0x00000000daa80000, 0x0000000100000000)
  eden space 75776K, 0% used [0x00000000d5580000,0x00000000d5580000,0x00000000d9f80000)
  from space 5120K, 94% used [0x00000000d9f80000,0x00000000da43cba0,0x00000000da480000)
  to   space 6144K, 0% used [0x00000000da480000,0x00000000da480000,0x00000000daa80000)
 ParOldGen       total 221696K, used 105337K [0x0000000080000000, 0x000000008d880000, 0x00000000d5580000)
  object space 221696K, 47% used [0x0000000080000000,0x00000000866de4e8,0x000000008d880000)
 Metaspace       used 95190K, capacity 98540K, committed 98816K, reserved 1136640K
  class space    used 11421K, capacity 11986K, committed 12032K, reserved 1048576K
}
{Heap before GC invocations=405 (full 3):
 PSYoungGen      total 80896K, used 80626K [0x00000000d5580000, 0x00000000daa80000, 0x0000000100000000)
  eden space 75776K, 100% used [0x00000000d5580000,0x00000000d9f80000,0x00000000d9f80000)
  from space 5120K, 94% used [0x00000000d9f80000,0x00000000da43cba0,0x00000000da480000)
  to   space 6144K, 0% used [0x00000000da480000,0x00000000da480000,0x00000000daa80000)
 ParOldGen       total 221696K, used 105337K [0x0000000080000000, 0x000000008d880000, 0x00000000d5580000)
  object space 221696K, 47% used [0x0000000080000000,0x00000000866de4e8,0x000000008d880000)
 Metaspace       used 95194K, capacity 98540K, committed 98816K, reserved 1136640K
  class space    used 11421K, capacity 11986K, committed 12032K, reserved 1048576K
2023-10-01T14:50:07.011+0600: 1656271.254: [GC (Allocation Failure) [PSYoungGen: 80626K->4689K(80896K)] 185964K->110027K(302592K), 0.0137387 secs] [Times: user=0.02 sys=0.00, real=0.02 secs] 
Heap after GC invocations=405 (full 3):
 PSYoungGen      total 80896K, used 4689K [0x00000000d5580000, 0x00000000daa80000, 0x0000000100000000)
  eden space 74752K, 0% used [0x00000000d5580000,0x00000000d5580000,0x00000000d9e80000)
  from space 6144K, 76% used [0x00000000da480000,0x00000000da914730,0x00000000daa80000)
  to   space 6144K, 0% used [0x00000000d9e80000,0x00000000d9e80000,0x00000000da480000)
 ParOldGen       total 221696K, used 105337K [0x0000000080000000, 0x000000008d880000, 0x00000000d5580000)
  object space 221696K, 47% used [0x0000000080000000,0x00000000866de4e8,0x000000008d880000)
 Metaspace       used 95194K, capacity 98540K, committed 98816K, reserved 1136640K
  class space    used 11421K, capacity 11986K, committed 12032K, reserved 1048576K
}
{Heap before GC invocations=406 (full 3):
 PSYoungGen      total 80896K, used 79441K [0x00000000d5580000, 0x00000000daa80000, 0x0000000100000000)
  eden space 74752K, 100% used [0x00000000d5580000,0x00000000d9e80000,0x00000000d9e80000)
  from space 6144K, 76% used [0x00000000da480000,0x00000000da914730,0x00000000daa80000)
  to   space 6144K, 0% used [0x00000000d9e80000,0x00000000d9e80000,0x00000000da480000)
 ParOldGen       total 221696K, used 105337K [0x0000000080000000, 0x000000008d880000, 0x00000000d5580000)
  object space 221696K, 47% used [0x0000000080000000,0x00000000866de4e8,0x000000008d880000)
 Metaspace       used 95197K, capacity 98540K, committed 98816K, reserved 1136640K
  class space    used 11422K, capacity 11986K, committed 12032K, reserved 1048576K
2023-10-01T15:17:13.284+0600: 1657897.527: [GC (Allocation Failure) [PSYoungGen: 79441K->5089K(80896K)] 184779K->110426K(302592K), 0.0160699 secs] [Times: user=0.02 sys=0.00, real=0.01 secs] 
Heap after GC invocations=406 (full 3):
 PSYoungGen      total 80896K, used 5089K [0x00000000d5580000, 0x00000000daa80000, 0x0000000100000000)
  eden space 74752K, 0% used [0x00000000d5580000,0x00000000d5580000,0x00000000d9e80000)
  from space 6144K, 82% used [0x00000000d9e80000,0x00000000da378510,0x00000000da480000)
  to   space 6144K, 0% used [0x00000000da480000,0x00000000da480000,0x00000000daa80000)
 ParOldGen       total 221696K, used 105337K [0x0000000080000000, 0x000000008d880000, 0x00000000d5580000)
  object space 221696K, 47% used [0x0000000080000000,0x00000000866de4e8,0x000000008d880000)
 Metaspace       used 95197K, capacity 98540K, committed 98816K, reserved 1136640K
  class space    used 11422K, capacity 11986K, committed 12032K, reserved 1048576K
}
{Heap before GC invocations=407 (full 3):
 PSYoungGen      total 80896K, used 79841K [0x00000000d5580000, 0x00000000daa80000, 0x0000000100000000)
  eden space 74752K, 100% used [0x00000000d5580000,0x00000000d9e80000,0x00000000d9e80000)
  from space 6144K, 82% used [0x00000000d9e80000,0x00000000da378510,0x00000000da480000)
  to   space 6144K, 0% used [0x00000000da480000,0x00000000da480000,0x00000000daa80000)
 ParOldGen       total 221696K, used 105337K [0x0000000080000000, 0x000000008d880000, 0x00000000d5580000)
  object space 221696K, 47% used [0x0000000080000000,0x00000000866de4e8,0x000000008d880000)
 Metaspace       used 95204K, capacity 98564K, committed 98816K, reserved 1136640K
  class space    used 11424K, capacity 11990K, committed 12032K, reserved 1048576K
2023-10-01T15:49:44.632+0600: 1659848.876: [GC (Allocation Failure) [PSYoungGen: 79841K->5762K(79872K)] 185178K->111099K(301568K), 0.0185791 secs] [Times: user=0.03 sys=0.00, real=0.02 secs] 
Heap after GC invocations=407 (full 3):
 PSYoungGen      total 79872K, used 5762K [0x00000000d5580000, 0x00000000daa80000, 0x0000000100000000)
  eden space 73728K, 0% used [0x00000000d5580000,0x00000000d5580000,0x00000000d9d80000)
  from space 6144K, 93% used [0x00000000da480000,0x00000000daa20970,0x00000000daa80000)
  to   space 6656K, 0% used [0x00000000d9d80000,0x00000000d9d80000,0x00000000da400000)
 ParOldGen       total 221696K, used 105337K [0x0000000080000000, 0x000000008d880000, 0x00000000d5580000)
  object space 221696K, 47% used [0x0000000080000000,0x00000000866de4e8,0x000000008d880000)
 Metaspace       used 95204K, capacity 98564K, committed 98816K, reserved 1136640K
  class space    used 11424K, capacity 11990K, committed 12032K, reserved 1048576K
}
{Heap before GC invocations=408 (full 3):
 PSYoungGen      total 79872K, used 79474K [0x00000000d5580000, 0x00000000daa80000, 0x0000000100000000)
  eden space 73728K, 99% used [0x00000000d5580000,0x00000000d9d7c188,0x00000000d9d80000)
  from space 6144K, 93% used [0x00000000da480000,0x00000000daa20970,0x00000000daa80000)
  to   space 6656K, 0% used [0x00000000d9d80000,0x00000000d9d80000,0x00000000da400000)
 ParOldGen       total 221696K, used 105337K [0x0000000080000000, 0x000000008d880000, 0x00000000d5580000)
  object space 221696K, 47% used [0x0000000080000000,0x00000000866de4e8,0x000000008d880000)
 Metaspace       used 95206K, capacity 98564K, committed 98816K, reserved 1136640K
  class space    used 11424K, capacity 11990K, committed 12032K, reserved 1048576K
2023-10-01T16:23:49.493+0600: 1661893.736: [GC (Allocation Failure) [PSYoungGen: 79474K->5360K(79360K)] 184811K->110697K(301056K), 0.0135052 secs] [Times: user=0.03 sys=0.00, real=0.02 secs] 
Heap after GC invocations=408 (full 3):
 PSYoungGen      total 79360K, used 5360K [0x00000000d5580000, 0x00000000daa80000, 0x0000000100000000)
  eden space 73728K, 0% used [0x00000000d5580000,0x00000000d5580000,0x00000000d9d80000)
  from space 5632K, 95% used [0x00000000d9d80000,0x00000000da2bc2a0,0x00000000da300000)
  to   space 7168K, 0% used [0x00000000da380000,0x00000000da380000,0x00000000daa80000)
 ParOldGen       total 221696K, used 105337K [0x0000000080000000, 0x000000008d880000, 0x00000000d5580000)
  object space 221696K, 47% used [0x0000000080000000,0x00000000866de4e8,0x000000008d880000)
 Metaspace       used 95206K, capacity 98564K, committed 98816K, reserved 1136640K
  class space    used 11424K, capacity 11990K, committed 12032K, reserved 1048576K
}
{Heap before GC invocations=409 (full 3):
 PSYoungGen      total 79360K, used 79088K [0x00000000d5580000, 0x00000000daa80000, 0x0000000100000000)
  eden space 73728K, 100% used [0x00000000d5580000,0x00000000d9d80000,0x00000000d9d80000)
  from space 5632K, 95% used [0x00000000d9d80000,0x00000000da2bc2a0,0x00000000da300000)
  to   space 7168K, 0% used [0x00000000da380000,0x00000000da380000,0x00000000daa80000)
 ParOldGen       total 221696K, used 105337K [0x0000000080000000, 0x000000008d880000, 0x00000000d5580000)
  object space 221696K, 47% used [0x0000000080000000,0x00000000866de4e8,0x000000008d880000)
 Metaspace       used 95209K, capacity 98564K, committed 98816K, reserved 1136640K
  class space    used 11424K, capacity 11990K, committed 12032K, reserved 1048576K
2023-10-01T17:08:29.132+0600: 1664573.375: [GC (Allocation Failure) [PSYoungGen: 79088K->4817K(79872K)] 184425K->110162K(301568K), 0.0142854 secs] [Times: user=0.02 sys=0.00, real=0.02 secs] 
Heap after GC invocations=409 (full 3):
 PSYoungGen      total 79872K, used 4817K [0x00000000d5580000, 0x00000000daa80000, 0x0000000100000000)
  eden space 72704K, 0% used [0x00000000d5580000,0x00000000d5580000,0x00000000d9c80000)
  from space 7168K, 67% used [0x00000000da380000,0x00000000da8344f0,0x00000000daa80000)
  to   space 7168K, 0% used [0x00000000d9c80000,0x00000000d9c80000,0x00000000da380000)
 ParOldGen       total 221696K, used 105345K [0x0000000080000000, 0x000000008d880000, 0x00000000d5580000)
  object space 221696K, 47% used [0x0000000080000000,0x00000000866e04e8,0x000000008d880000)
 Metaspace       used 95209K, capacity 98564K, committed 98816K, reserved 1136640K
  class space    used 11424K, capacity 11990K, committed 12032K, reserved 1048576K
}
{Heap before GC invocations=410 (full 3):
 PSYoungGen      total 79872K, used 77521K [0x00000000d5580000, 0x00000000daa80000, 0x0000000100000000)
  eden space 72704K, 100% used [0x00000000d5580000,0x00000000d9c80000,0x00000000d9c80000)
  from space 7168K, 67% used [0x00000000da380000,0x00000000da8344f0,0x00000000daa80000)
  to   space 7168K, 0% used [0x00000000d9c80000,0x00000000d9c80000,0x00000000da380000)
 ParOldGen       total 221696K, used 105345K [0x0000000080000000, 0x000000008d880000, 0x00000000d5580000)
  object space 221696K, 47% used [0x0000000080000000,0x00000000866e04e8,0x000000008d880000)
 Metaspace       used 95219K, capacity 98564K, committed 98816K, reserved 1136640K
  class space    used 11424K, capacity 11990K, committed 12032K, reserved 1048576K
2023-10-01T17:50:42.409+0600: 1667106.652: [GC (Allocation Failure) [PSYoungGen: 77521K->5170K(79872K)] 182866K->110515K(301568K), 0.0109563 secs] [Times: user=0.02 sys=0.00, real=0.01 secs] 
Heap after GC invocations=410 (full 3):
 PSYoungGen      total 79872K, used 5170K [0x00000000d5580000, 0x00000000daa80000, 0x0000000100000000)
  eden space 72704K, 0% used [0x00000000d5580000,0x00000000d5580000,0x00000000d9c80000)
  from space 7168K, 72% used [0x00000000d9c80000,0x00000000da18c940,0x00000000da380000)
  to   space 7168K, 0% used [0x00000000da380000,0x00000000da380000,0x00000000daa80000)
 ParOldGen       total 221696K, used 105345K [0x0000000080000000, 0x000000008d880000, 0x00000000d5580000)
  object space 221696K, 47% used [0x0000000080000000,0x00000000866e04e8,0x000000008d880000)
 Metaspace       used 95219K, capacity 98564K, committed 98816K, reserved 1136640K
  class space    used 11424K, capacity 11990K, committed 12032K, reserved 1048576K
}
{Heap before GC invocations=411 (full 3):
 PSYoungGen      total 79872K, used 77874K [0x00000000d5580000, 0x00000000daa80000, 0x0000000100000000)
  eden space 72704K, 100% used [0x00000000d5580000,0x00000000d9c80000,0x00000000d9c80000)
  from space 7168K, 72% used [0x00000000d9c80000,0x00000000da18c940,0x00000000da380000)
  to   space 7168K, 0% used [0x00000000da380000,0x00000000da380000,0x00000000daa80000)
 ParOldGen       total 221696K, used 105345K [0x0000000080000000, 0x000000008d880000, 0x00000000d5580000)
  object space 221696K, 47% used [0x0000000080000000,0x00000000866e04e8,0x000000008d880000)
 Metaspace       used 95233K, capacity 98564K, committed 98816K, reserved 1136640K
  class space    used 11424K, capacity 11990K, committed 12032K, reserved 1048576K
2023-10-01T18:31:01.584+0600: 1669525.827: [GC (Allocation Failure) [PSYoungGen: 77874K->4822K(79872K)] 183219K->110167K(301568K), 0.0107775 secs] [Times: user=0.00 sys=0.02, real=0.01 secs] 
Heap after GC invocations=411 (full 3):
 PSYoungGen      total 79872K, used 4822K [0x00000000d5580000, 0x00000000daa80000, 0x0000000100000000)
  eden space 72704K, 0% used [0x00000000d5580000,0x00000000d5580000,0x00000000d9c80000)
  from space 7168K, 67% used [0x00000000da380000,0x00000000da8359f0,0x00000000daa80000)
  to   space 7168K, 0% used [0x00000000d9c80000,0x00000000d9c80000,0x00000000da380000)
 ParOldGen       total 221696K, used 105345K [0x0000000080000000, 0x000000008d880000, 0x00000000d5580000)
  object space 221696K, 47% used [0x0000000080000000,0x00000000866e04e8,0x000000008d880000)
 Metaspace       used 95233K, capacity 98564K, committed 98816K, reserved 1136640K
  class space    used 11424K, capacity 11990K, committed 12032K, reserved 1048576K
}
{Heap before GC invocations=412 (full 3):
 PSYoungGen      total 79872K, used 77526K [0x00000000d5580000, 0x00000000daa80000, 0x0000000100000000)
  eden space 72704K, 100% used [0x00000000d5580000,0x00000000d9c80000,0x00000000d9c80000)
  from space 7168K, 67% used [0x00000000da380000,0x00000000da8359f0,0x00000000daa80000)
  to   space 7168K, 0% used [0x00000000d9c80000,0x00000000d9c80000,0x00000000da380000)
 ParOldGen       total 221696K, used 105345K [0x0000000080000000, 0x000000008d880000, 0x00000000d5580000)
  object space 221696K, 47% used [0x0000000080000000,0x00000000866e04e8,0x000000008d880000)
 Metaspace       used 95242K, capacity 98564K, committed 98816K, reserved 1136640K
  class space    used 11424K, capacity 11990K, committed 12032K, reserved 1048576K
2023-10-01T19:14:32.076+0600: 1672136.319: [GC (Allocation Failure) [PSYoungGen: 77526K->5703K(79872K)] 182871K->111064K(301568K), 0.0182301 secs] [Times: user=0.03 sys=0.00, real=0.02 secs] 
Heap after GC invocations=412 (full 3):
 PSYoungGen      total 79872K, used 5703K [0x00000000d5580000, 0x00000000daa80000, 0x0000000100000000)
  eden space 72704K, 0% used [0x00000000d5580000,0x00000000d5580000,0x00000000d9c80000)
  from space 7168K, 79% used [0x00000000d9c80000,0x00000000da211c60,0x00000000da380000)
  to   space 7168K, 0% used [0x00000000da380000,0x00000000da380000,0x00000000daa80000)
 ParOldGen       total 221696K, used 105361K [0x0000000080000000, 0x000000008d880000, 0x00000000d5580000)
  object space 221696K, 47% used [0x0000000080000000,0x00000000866e44e8,0x000000008d880000)
 Metaspace       used 95242K, capacity 98564K, committed 98816K, reserved 1136640K
  class space    used 11424K, capacity 11990K, committed 12032K, reserved 1048576K
}
{Heap before GC invocations=413 (full 3):
 PSYoungGen      total 79872K, used 78377K [0x00000000d5580000, 0x00000000daa80000, 0x0000000100000000)
  eden space 72704K, 99% used [0x00000000d5580000,0x00000000d9c788d0,0x00000000d9c80000)
  from space 7168K, 79% used [0x00000000d9c80000,0x00000000da211c60,0x00000000da380000)
  to   space 7168K, 0% used [0x00000000da380000,0x00000000da380000,0x00000000daa80000)
 ParOldGen       total 221696K, used 105361K [0x0000000080000000, 0x000000008d880000, 0x00000000d5580000)
  object space 221696K, 47% used [0x0000000080000000,0x00000000866e44e8,0x000000008d880000)
 Metaspace       used 95251K, capacity 98564K, committed 98816K, reserved 1136640K
  class space    used 11424K, capacity 11990K, committed 12032K, reserved 1048576K
2023-10-01T19:50:49.672+0600: 1674313.915: [GC (Allocation Failure) [PSYoungGen: 78377K->5916K(78848K)] 183738K->111301K(300544K), 0.0120096 secs] [Times: user=0.01 sys=0.01, real=0.02 secs] 
Heap after GC invocations=413 (full 3):
 PSYoungGen      total 78848K, used 5916K [0x00000000d5580000, 0x00000000daa80000, 0x0000000100000000)
  eden space 71680K, 0% used [0x00000000d5580000,0x00000000d5580000,0x00000000d9b80000)
  from space 7168K, 82% used [0x00000000da380000,0x00000000da947220,0x00000000daa80000)
  to   space 7680K, 0% used [0x00000000d9b80000,0x00000000d9b80000,0x00000000da300000)
 ParOldGen       total 221696K, used 105385K [0x0000000080000000, 0x000000008d880000, 0x00000000d5580000)
  object space 221696K, 47% used [0x0000000080000000,0x00000000866ea4e8,0x000000008d880000)
 Metaspace       used 95251K, capacity 98564K, committed 98816K, reserved 1136640K
  class space    used 11424K, capacity 11990K, committed 12032K, reserved 1048576K
}
{Heap before GC invocations=414 (full 3):
 PSYoungGen      total 78848K, used 77596K [0x00000000d5580000, 0x00000000daa80000, 0x0000000100000000)
  eden space 71680K, 100% used [0x00000000d5580000,0x00000000d9b80000,0x00000000d9b80000)
  from space 7168K, 82% used [0x00000000da380000,0x00000000da947220,0x00000000daa80000)
  to   space 7680K, 0% used [0x00000000d9b80000,0x00000000d9b80000,0x00000000da300000)
 ParOldGen       total 221696K, used 105385K [0x0000000080000000, 0x000000008d880000, 0x00000000d5580000)
  object space 221696K, 47% used [0x0000000080000000,0x00000000866ea4e8,0x000000008d880000)
 Metaspace       used 95269K, capacity 98624K, committed 98816K, reserved 1136640K
  class space    used 11430K, capacity 12000K, committed 12032K, reserved 1048576K
2023-10-01T20:27:19.824+0600: 1676504.067: [GC (Allocation Failure) [PSYoungGen: 77596K->5618K(79360K)] 182981K->111028K(301056K), 0.0197429 secs] [Times: user=0.03 sys=0.00, real=0.02 secs] 
Heap after GC invocations=414 (full 3):
 PSYoungGen      total 79360K, used 5618K [0x00000000d5580000, 0x00000000daa80000, 0x0000000100000000)
  eden space 71680K, 0% used [0x00000000d5580000,0x00000000d5580000,0x00000000d9b80000)
  from space 7680K, 73% used [0x00000000d9b80000,0x00000000da0fcb60,0x00000000da300000)
  to   space 7680K, 0% used [0x00000000da300000,0x00000000da300000,0x00000000daa80000)
 ParOldGen       total 221696K, used 105409K [0x0000000080000000, 0x000000008d880000, 0x00000000d5580000)
  object space 221696K, 47% used [0x0000000080000000,0x00000000866f04e8,0x000000008d880000)
 Metaspace       used 95269K, capacity 98624K, committed 98816K, reserved 1136640K
  class space    used 11430K, capacity 12000K, committed 12032K, reserved 1048576K
}
{Heap before GC invocations=415 (full 3):
 PSYoungGen      total 79360K, used 77298K [0x00000000d5580000, 0x00000000daa80000, 0x0000000100000000)
  eden space 71680K, 100% used [0x00000000d5580000,0x00000000d9b80000,0x00000000d9b80000)
  from space 7680K, 73% used [0x00000000d9b80000,0x00000000da0fcb60,0x00000000da300000)
  to   space 7680K, 0% used [0x00000000da300000,0x00000000da300000,0x00000000daa80000)
 ParOldGen       total 221696K, used 105409K [0x0000000080000000, 0x000000008d880000, 0x00000000d5580000)
  object space 221696K, 47% used [0x0000000080000000,0x00000000866f04e8,0x000000008d880000)
 Metaspace       used 95274K, capacity 98624K, committed 98816K, reserved 1136640K
  class space    used 11430K, capacity 12000K, committed 12032K, reserved 1048576K
2023-10-01T21:18:16.193+0600: 1679560.436: [GC (Allocation Failure) [PSYoungGen: 77298K->4225K(79872K)] 182708K->109682K(301568K), 0.0146007 secs] [Times: user=0.01 sys=0.01, real=0.02 secs] 
Heap after GC invocations=415 (full 3):
 PSYoungGen      total 79872K, used 4225K [0x00000000d5580000, 0x00000000daa80000, 0x0000000100000000)
  eden space 72192K, 0% used [0x00000000d5580000,0x00000000d5580000,0x00000000d9c00000)
  from space 7680K, 55% used [0x00000000da300000,0x00000000da720460,0x00000000daa80000)
  to   space 7168K, 0% used [0x00000000d9c00000,0x00000000d9c00000,0x00000000da300000)
 ParOldGen       total 221696K, used 105457K [0x0000000080000000, 0x000000008d880000, 0x00000000d5580000)
  object space 221696K, 47% used [0x0000000080000000,0x00000000866fc4e8,0x000000008d880000)
 Metaspace       used 95274K, capacity 98624K, committed 98816K, reserved 1136640K
  class space    used 11430K, capacity 12000K, committed 12032K, reserved 1048576K
}
{Heap before GC invocations=416 (full 3):
 PSYoungGen      total 79872K, used 76417K [0x00000000d5580000, 0x00000000daa80000, 0x0000000100000000)
  eden space 72192K, 100% used [0x00000000d5580000,0x00000000d9c00000,0x00000000d9c00000)
  from space 7680K, 55% used [0x00000000da300000,0x00000000da720460,0x00000000daa80000)
  to   space 7168K, 0% used [0x00000000d9c00000,0x00000000d9c00000,0x00000000da300000)
 ParOldGen       total 221696K, used 105457K [0x0000000080000000, 0x000000008d880000, 0x00000000d5580000)
  object space 221696K, 47% used [0x0000000080000000,0x00000000866fc4e8,0x000000008d880000)
 Metaspace       used 95274K, capacity 98624K, committed 98816K, reserved 1136640K
  class space    used 11430K, capacity 12000K, committed 12032K, reserved 1048576K
2023-10-01T22:16:57.076+0600: 1683081.319: [GC (Allocation Failure) [PSYoungGen: 76417K->3488K(79360K)] 181874K->108977K(301056K), 0.0144999 secs] [Times: user=0.01 sys=0.01, real=0.01 secs] 
Heap after GC invocations=416 (full 3):
 PSYoungGen      total 79360K, used 3488K [0x00000000d5580000, 0x00000000daa80000, 0x0000000100000000)
  eden space 72192K, 0% used [0x00000000d5580000,0x00000000d5580000,0x00000000d9c00000)
  from space 7168K, 48% used [0x00000000d9c00000,0x00000000d9f68000,0x00000000da300000)
  to   space 7168K, 0% used [0x00000000da380000,0x00000000da380000,0x00000000daa80000)
 ParOldGen       total 221696K, used 105489K [0x0000000080000000, 0x000000008d880000, 0x00000000d5580000)
  object space 221696K, 47% used [0x0000000080000000,0x00000000867044e8,0x000000008d880000)
 Metaspace       used 95274K, capacity 98624K, committed 98816K, reserved 1136640K
  class space    used 11430K, capacity 12000K, committed 12032K, reserved 1048576K
}
{Heap before GC invocations=417 (full 3):
 PSYoungGen      total 79360K, used 75680K [0x00000000d5580000, 0x00000000daa80000, 0x0000000100000000)
  eden space 72192K, 100% used [0x00000000d5580000,0x00000000d9c00000,0x00000000d9c00000)
  from space 7168K, 48% used [0x00000000d9c00000,0x00000000d9f68000,0x00000000da300000)
  to   space 7168K, 0% used [0x00000000da380000,0x00000000da380000,0x00000000daa80000)
 ParOldGen       total 221696K, used 105489K [0x0000000080000000, 0x000000008d880000, 0x00000000d5580000)
  object space 221696K, 47% used [0x0000000080000000,0x00000000867044e8,0x000000008d880000)
 Metaspace       used 95274K, capacity 98624K, committed 98816K, reserved 1136640K
  class space    used 11430K, capacity 12000K, committed 12032K, reserved 1048576K
2023-10-01T23:15:54.372+0600: 1686618.616: [GC (Allocation Failure) [PSYoungGen: 75680K->3442K(79872K)] 181169K->109011K(301568K), 0.0151151 secs] [Times: user=0.02 sys=0.00, real=0.02 secs] 
Heap after GC invocations=417 (full 3):
 PSYoungGen      total 79872K, used 3442K [0x00000000d5580000, 0x00000000daa80000, 0x0000000100000000)
  eden space 72704K, 0% used [0x00000000d5580000,0x00000000d5580000,0x00000000d9c80000)
  from space 7168K, 48% used [0x00000000da380000,0x00000000da6dc810,0x00000000daa80000)
  to   space 7168K, 0% used [0x00000000d9c80000,0x00000000d9c80000,0x00000000da380000)
 ParOldGen       total 221696K, used 105569K [0x0000000080000000, 0x000000008d880000, 0x00000000d5580000)
  object space 221696K, 47% used [0x0000000080000000,0x0000000086718768,0x000000008d880000)
 Metaspace       used 95274K, capacity 98624K, committed 98816K, reserved 1136640K
  class space    used 11430K, capacity 12000K, committed 12032K, reserved 1048576K
}
{Heap before GC invocations=418 (full 3):
 PSYoungGen      total 79872K, used 76146K [0x00000000d5580000, 0x00000000daa80000, 0x0000000100000000)
  eden space 72704K, 100% used [0x00000000d5580000,0x00000000d9c80000,0x00000000d9c80000)
  from space 7168K, 48% used [0x00000000da380000,0x00000000da6dc810,0x00000000daa80000)
  to   space 7168K, 0% used [0x00000000d9c80000,0x00000000d9c80000,0x00000000da380000)
 ParOldGen       total 221696K, used 105569K [0x0000000080000000, 0x000000008d880000, 0x00000000d5580000)
  object space 221696K, 47% used [0x0000000080000000,0x0000000086718768,0x000000008d880000)
 Metaspace       used 95274K, capacity 98624K, committed 98816K, reserved 1136640K
  class space    used 11430K, capacity 12000K, committed 12032K, reserved 1048576K
2023-10-02T00:15:25.801+0600: 1690190.044: [GC (Allocation Failure) [PSYoungGen: 76146K->3410K(79872K)] 181715K->109003K(301568K), 0.0125302 secs] [Times: user=0.02 sys=0.00, real=0.02 secs] 
Heap after GC invocations=418 (full 3):
 PSYoungGen      total 79872K, used 3410K [0x00000000d5580000, 0x00000000daa80000, 0x0000000100000000)
  eden space 72704K, 0% used [0x00000000d5580000,0x00000000d5580000,0x00000000d9c80000)
  from space 7168K, 47% used [0x00000000d9c80000,0x00000000d9fd4810,0x00000000da380000)
  to   space 7168K, 0% used [0x00000000da380000,0x00000000da380000,0x00000000daa80000)
 ParOldGen       total 221696K, used 105593K [0x0000000080000000, 0x000000008d880000, 0x00000000d5580000)
  object space 221696K, 47% used [0x0000000080000000,0x000000008671e768,0x000000008d880000)
 Metaspace       used 95274K, capacity 98624K, committed 98816K, reserved 1136640K
  class space    used 11430K, capacity 12000K, committed 12032K, reserved 1048576K
}
{Heap before GC invocations=419 (full 3):
 PSYoungGen      total 79872K, used 76114K [0x00000000d5580000, 0x00000000daa80000, 0x0000000100000000)
  eden space 72704K, 100% used [0x00000000d5580000,0x00000000d9c80000,0x00000000d9c80000)
  from space 7168K, 47% used [0x00000000d9c80000,0x00000000d9fd4810,0x00000000da380000)
  to   space 7168K, 0% used [0x00000000da380000,0x00000000da380000,0x00000000daa80000)
 ParOldGen       total 221696K, used 105593K [0x0000000080000000, 0x000000008d880000, 0x00000000d5580000)
  object space 221696K, 47% used [0x0000000080000000,0x000000008671e768,0x000000008d880000)
 Metaspace       used 95274K, capacity 98624K, committed 98816K, reserved 1136640K
  class space    used 11430K, capacity 12000K, committed 12032K, reserved 1048576K
2023-10-02T01:14:50.515+0600: 1693754.758: [GC (Allocation Failure) [PSYoungGen: 76114K->3360K(79872K)] 181707K->109009K(301568K), 0.0178830 secs] [Times: user=0.03 sys=0.00, real=0.01 secs] 
Heap after GC invocations=419 (full 3):
 PSYoungGen      total 79872K, used 3360K [0x00000000d5580000, 0x00000000daa80000, 0x0000000100000000)
  eden space 72704K, 0% used [0x00000000d5580000,0x00000000d5580000,0x00000000d9c80000)
  from space 7168K, 46% used [0x00000000da380000,0x00000000da6c8000,0x00000000daa80000)
  to   space 7168K, 0% used [0x00000000d9c80000,0x00000000d9c80000,0x00000000da380000)
 ParOldGen       total 221696K, used 105649K [0x0000000080000000, 0x000000008d880000, 0x00000000d5580000)
  object space 221696K, 47% used [0x0000000080000000,0x000000008672c768,0x000000008d880000)
 Metaspace       used 95274K, capacity 98624K, committed 98816K, reserved 1136640K
  class space    used 11430K, capacity 12000K, committed 12032K, reserved 1048576K
}
{Heap before GC invocations=420 (full 3):
 PSYoungGen      total 79872K, used 76064K [0x00000000d5580000, 0x00000000daa80000, 0x0000000100000000)
  eden space 72704K, 100% used [0x00000000d5580000,0x00000000d9c80000,0x00000000d9c80000)
  from space 7168K, 46% used [0x00000000da380000,0x00000000da6c8000,0x00000000daa80000)
  to   space 7168K, 0% used [0x00000000d9c80000,0x00000000d9c80000,0x00000000da380000)
 ParOldGen       total 221696K, used 105649K [0x0000000080000000, 0x000000008d880000, 0x00000000d5580000)
  object space 221696K, 47% used [0x0000000080000000,0x000000008672c768,0x000000008d880000)
 Metaspace       used 95274K, capacity 98624K, committed 98816K, reserved 1136640K
  class space    used 11430K, capacity 12000K, committed 12032K, reserved 1048576K
2023-10-02T02:14:07.605+0600: 1697311.849: [GC (Allocation Failure) [PSYoungGen: 76064K->3296K(79872K)] 181713K->109001K(301568K), 0.0161332 secs] [Times: user=0.03 sys=0.00, real=0.01 secs] 
Heap after GC invocations=420 (full 3):
 PSYoungGen      total 79872K, used 3296K [0x00000000d5580000, 0x00000000daa80000, 0x0000000100000000)
  eden space 72704K, 0% used [0x00000000d5580000,0x00000000d5580000,0x00000000d9c80000)
  from space 7168K, 45% used [0x00000000d9c80000,0x00000000d9fb8000,0x00000000da380000)
  to   space 7168K, 0% used [0x00000000da380000,0x00000000da380000,0x00000000daa80000)
 ParOldGen       total 221696K, used 105705K [0x0000000080000000, 0x000000008d880000, 0x00000000d5580000)
  object space 221696K, 47% used [0x0000000080000000,0x000000008673a768,0x000000008d880000)
 Metaspace       used 95274K, capacity 98624K, committed 98816K, reserved 1136640K
  class space    used 11430K, capacity 12000K, committed 12032K, reserved 1048576K
}
{Heap before GC invocations=421 (full 3):
 PSYoungGen      total 79872K, used 76000K [0x00000000d5580000, 0x00000000daa80000, 0x0000000100000000)
  eden space 72704K, 100% used [0x00000000d5580000,0x00000000d9c80000,0x00000000d9c80000)
  from space 7168K, 45% used [0x00000000d9c80000,0x00000000d9fb8000,0x00000000da380000)
  to   space 7168K, 0% used [0x00000000da380000,0x00000000da380000,0x00000000daa80000)
 ParOldGen       total 221696K, used 105705K [0x0000000080000000, 0x000000008d880000, 0x00000000d5580000)
  object space 221696K, 47% used [0x0000000080000000,0x000000008673a768,0x000000008d880000)
 Metaspace       used 95274K, capacity 98624K, committed 98816K, reserved 1136640K
  class space    used 11430K, capacity 12000K, committed 12032K, reserved 1048576K
2023-10-02T03:13:37.083+0600: 1700881.326: [GC (Allocation Failure) [PSYoungGen: 76000K->3200K(79872K)] 181705K->108993K(301568K), 0.0170416 secs] [Times: user=0.03 sys=0.00, real=0.02 secs] 
Heap after GC invocations=421 (full 3):
 PSYoungGen      total 79872K, used 3200K [0x00000000d5580000, 0x00000000daa80000, 0x0000000100000000)
  eden space 72704K, 0% used [0x00000000d5580000,0x00000000d5580000,0x00000000d9c80000)
  from space 7168K, 44% used [0x00000000da380000,0x00000000da6a0000,0x00000000daa80000)
  to   space 7168K, 0% used [0x00000000d9c80000,0x00000000d9c80000,0x00000000da380000)
 ParOldGen       total 221696K, used 105793K [0x0000000080000000, 0x000000008d880000, 0x00000000d5580000)
  object space 221696K, 47% used [0x0000000080000000,0x0000000086750768,0x000000008d880000)
 Metaspace       used 95274K, capacity 98624K, committed 98816K, reserved 1136640K
  class space    used 11430K, capacity 12000K, committed 12032K, reserved 1048576K
}
{Heap before GC invocations=422 (full 3):
 PSYoungGen      total 79872K, used 75904K [0x00000000d5580000, 0x00000000daa80000, 0x0000000100000000)
  eden space 72704K, 100% used [0x00000000d5580000,0x00000000d9c80000,0x00000000d9c80000)
  from space 7168K, 44% used [0x00000000da380000,0x00000000da6a0000,0x00000000daa80000)
  to   space 7168K, 0% used [0x00000000d9c80000,0x00000000d9c80000,0x00000000da380000)
 ParOldGen       total 221696K, used 105793K [0x0000000080000000, 0x000000008d880000, 0x00000000d5580000)
  object space 221696K, 47% used [0x0000000080000000,0x0000000086750768,0x000000008d880000)
 Metaspace       used 95274K, capacity 98624K, committed 98816K, reserved 1136640K
  class space    used 11430K, capacity 12000K, committed 12032K, reserved 1048576K
2023-10-02T04:12:59.886+0600: 1704444.129: [GC (Allocation Failure) [PSYoungGen: 75904K->3232K(79872K)] 181697K->109081K(301568K), 0.0151880 secs] [Times: user=0.01 sys=0.02, real=0.01 secs] 
Heap after GC invocations=422 (full 3):
 PSYoungGen      total 79872K, used 3232K [0x00000000d5580000, 0x00000000daa80000, 0x0000000100000000)
  eden space 72704K, 0% used [0x00000000d5580000,0x00000000d5580000,0x00000000d9c80000)
  from space 7168K, 45% used [0x00000000d9c80000,0x00000000d9fa8000,0x00000000da380000)
  to   space 6656K, 0% used [0x00000000da400000,0x00000000da400000,0x00000000daa80000)
 ParOldGen       total 221696K, used 105849K [0x0000000080000000, 0x000000008d880000, 0x00000000d5580000)
  object space 221696K, 47% used [0x0000000080000000,0x000000008675e768,0x000000008d880000)
 Metaspace       used 95274K, capacity 98624K, committed 98816K, reserved 1136640K
  class space    used 11430K, capacity 12000K, committed 12032K, reserved 1048576K
}
{Heap before GC invocations=423 (full 3):
 PSYoungGen      total 79872K, used 75936K [0x00000000d5580000, 0x00000000daa80000, 0x0000000100000000)
  eden space 72704K, 100% used [0x00000000d5580000,0x00000000d9c80000,0x00000000d9c80000)
  from space 7168K, 45% used [0x00000000d9c80000,0x00000000d9fa8000,0x00000000da380000)
  to   space 6656K, 0% used [0x00000000da400000,0x00000000da400000,0x00000000daa80000)
 ParOldGen       total 221696K, used 105849K [0x0000000080000000, 0x000000008d880000, 0x00000000d5580000)
  object space 221696K, 47% used [0x0000000080000000,0x000000008675e768,0x000000008d880000)
 Metaspace       used 95274K, capacity 98624K, committed 98816K, reserved 1136640K
  class space    used 11430K, capacity 12000K, committed 12032K, reserved 1048576K
2023-10-02T05:12:28.834+0600: 1708013.077: [GC (Allocation Failure) [PSYoungGen: 75936K->3136K(80384K)] 181785K->109033K(302080K), 0.0132888 secs] [Times: user=0.02 sys=0.00, real=0.01 secs] 
Heap after GC invocations=423 (full 3):
 PSYoungGen      total 80384K, used 3136K [0x00000000d5580000, 0x00000000daa80000, 0x0000000100000000)
  eden space 73728K, 0% used [0x00000000d5580000,0x00000000d5580000,0x00000000d9d80000)
  from space 6656K, 47% used [0x00000000da400000,0x00000000da710000,0x00000000daa80000)
  to   space 6656K, 0% used [0x00000000d9d80000,0x00000000d9d80000,0x00000000da400000)
 ParOldGen       total 221696K, used 105897K [0x0000000080000000, 0x000000008d880000, 0x00000000d5580000)
  object space 221696K, 47% used [0x0000000080000000,0x000000008676a768,0x000000008d880000)
 Metaspace       used 95274K, capacity 98624K, committed 98816K, reserved 1136640K
  class space    used 11430K, capacity 12000K, committed 12032K, reserved 1048576K
}
{Heap before GC invocations=424 (full 3):
 PSYoungGen      total 80384K, used 76864K [0x00000000d5580000, 0x00000000daa80000, 0x0000000100000000)
  eden space 73728K, 100% used [0x00000000d5580000,0x00000000d9d80000,0x00000000d9d80000)
  from space 6656K, 47% used [0x00000000da400000,0x00000000da710000,0x00000000daa80000)
  to   space 6656K, 0% used [0x00000000d9d80000,0x00000000d9d80000,0x00000000da400000)
 ParOldGen       total 221696K, used 105897K [0x0000000080000000, 0x000000008d880000, 0x00000000d5580000)
  object space 221696K, 47% used [0x0000000080000000,0x000000008676a768,0x000000008d880000)
 Metaspace       used 95274K, capacity 98624K, committed 98816K, reserved 1136640K
  class space    used 11430K, capacity 12000K, committed 12032K, reserved 1048576K
2023-10-02T06:12:29.530+0600: 1711613.774: [GC (Allocation Failure) [PSYoungGen: 76864K->3136K(80384K)] 182761K->109049K(302080K), 0.0147742 secs] [Times: user=0.01 sys=0.02, real=0.02 secs] 
Heap after GC invocations=424 (full 3):
 PSYoungGen      total 80384K, used 3136K [0x00000000d5580000, 0x00000000daa80000, 0x0000000100000000)
  eden space 73728K, 0% used [0x00000000d5580000,0x00000000d5580000,0x00000000d9d80000)
  from space 6656K, 47% used [0x00000000d9d80000,0x00000000da090000,0x00000000da400000)
  to   space 6656K, 0% used [0x00000000da400000,0x00000000da400000,0x00000000daa80000)
 ParOldGen       total 221696K, used 105913K [0x0000000080000000, 0x000000008d880000, 0x00000000d5580000)
  object space 221696K, 47% used [0x0000000080000000,0x000000008676e768,0x000000008d880000)
 Metaspace       used 95274K, capacity 98624K, committed 98816K, reserved 1136640K
  class space    used 11430K, capacity 12000K, committed 12032K, reserved 1048576K
}
{Heap before GC invocations=425 (full 3):
 PSYoungGen      total 80384K, used 76864K [0x00000000d5580000, 0x00000000daa80000, 0x0000000100000000)
  eden space 73728K, 100% used [0x00000000d5580000,0x00000000d9d80000,0x00000000d9d80000)
  from space 6656K, 47% used [0x00000000d9d80000,0x00000000da090000,0x00000000da400000)
  to   space 6656K, 0% used [0x00000000da400000,0x00000000da400000,0x00000000daa80000)
 ParOldGen       total 221696K, used 105913K [0x0000000080000000, 0x000000008d880000, 0x00000000d5580000)
  object space 221696K, 47% used [0x0000000080000000,0x000000008676e768,0x000000008d880000)
 Metaspace       used 95274K, capacity 98624K, committed 98816K, reserved 1136640K
  class space    used 11430K, capacity 12000K, committed 12032K, reserved 1048576K
2023-10-02T07:11:54.453+0600: 1715178.696: [GC (Allocation Failure) [PSYoungGen: 76864K->3008K(80384K)] 182777K->109090K(302080K), 0.0154345 secs] [Times: user=0.01 sys=0.02, real=0.02 secs] 
Heap after GC invocations=425 (full 3):
 PSYoungGen      total 80384K, used 3008K [0x00000000d5580000, 0x00000000daa80000, 0x0000000100000000)
  eden space 73728K, 0% used [0x00000000d5580000,0x00000000d5580000,0x00000000d9d80000)
  from space 6656K, 45% used [0x00000000da400000,0x00000000da6f0000,0x00000000daa80000)
  to   space 6656K, 0% used [0x00000000d9d80000,0x00000000d9d80000,0x00000000da400000)
 ParOldGen       total 221696K, used 106082K [0x0000000080000000, 0x000000008d880000, 0x00000000d5580000)
  object space 221696K, 47% used [0x0000000080000000,0x00000000867989c0,0x000000008d880000)
 Metaspace       used 95274K, capacity 98624K, committed 98816K, reserved 1136640K
  class space    used 11430K, capacity 12000K, committed 12032K, reserved 1048576K
}
{Heap before GC invocations=426 (full 3):
 PSYoungGen      total 80384K, used 76736K [0x00000000d5580000, 0x00000000daa80000, 0x0000000100000000)
  eden space 73728K, 100% used [0x00000000d5580000,0x00000000d9d80000,0x00000000d9d80000)
  from space 6656K, 45% used [0x00000000da400000,0x00000000da6f0000,0x00000000daa80000)
  to   space 6656K, 0% used [0x00000000d9d80000,0x00000000d9d80000,0x00000000da400000)
 ParOldGen       total 221696K, used 106082K [0x0000000080000000, 0x000000008d880000, 0x00000000d5580000)
  object space 221696K, 47% used [0x0000000080000000,0x00000000867989c0,0x000000008d880000)
 Metaspace       used 95274K, capacity 98624K, committed 98816K, reserved 1136640K
  class space    used 11430K, capacity 12000K, committed 12032K, reserved 1048576K
2023-10-02T08:11:46.732+0600: 1718770.975: [GC (Allocation Failure) [PSYoungGen: 76736K->2912K(80384K)] 182818K->109090K(302080K), 0.0149843 secs] [Times: user=0.03 sys=0.00, real=0.02 secs] 
Heap after GC invocations=426 (full 3):
 PSYoungGen      total 80384K, used 2912K [0x00000000d5580000, 0x00000000daa80000, 0x0000000100000000)
  eden space 73728K, 0% used [0x00000000d5580000,0x00000000d5580000,0x00000000d9d80000)
  from space 6656K, 43% used [0x00000000d9d80000,0x00000000da058000,0x00000000da400000)
  to   space 6656K, 0% used [0x00000000da400000,0x00000000da400000,0x00000000daa80000)
 ParOldGen       total 221696K, used 106178K [0x0000000080000000, 0x000000008d880000, 0x00000000d5580000)
  object space 221696K, 47% used [0x0000000080000000,0x00000000867b0910,0x000000008d880000)
 Metaspace       used 95274K, capacity 98624K, committed 98816K, reserved 1136640K
  class space    used 11430K, capacity 12000K, committed 12032K, reserved 1048576K
}
{Heap before GC invocations=427 (full 3):
 PSYoungGen      total 80384K, used 76640K [0x00000000d5580000, 0x00000000daa80000, 0x0000000100000000)
  eden space 73728K, 100% used [0x00000000d5580000,0x00000000d9d80000,0x00000000d9d80000)
  from space 6656K, 43% used [0x00000000d9d80000,0x00000000da058000,0x00000000da400000)
  to   space 6656K, 0% used [0x00000000da400000,0x00000000da400000,0x00000000daa80000)
 ParOldGen       total 221696K, used 106178K [0x0000000080000000, 0x000000008d880000, 0x00000000d5580000)
  object space 221696K, 47% used [0x0000000080000000,0x00000000867b0910,0x000000008d880000)
 Metaspace       used 95274K, capacity 98624K, committed 98816K, reserved 1136640K
  class space    used 11430K, capacity 12000K, committed 12032K, reserved 1048576K
2023-10-02T09:11:35.996+0600: 1722360.239: [GC (Allocation Failure) [PSYoungGen: 76640K->2720K(80896K)] 182818K->109078K(302592K), 0.0155090 secs] [Times: user=0.02 sys=0.00, real=0.01 secs] 
Heap after GC invocations=427 (full 3):
 PSYoungGen      total 80896K, used 2720K [0x00000000d5580000, 0x00000000daa80000, 0x0000000100000000)
  eden space 74240K, 0% used [0x00000000d5580000,0x00000000d5580000,0x00000000d9e00000)
  from space 6656K, 40% used [0x00000000da400000,0x00000000da6a8000,0x00000000daa80000)
  to   space 6144K, 0% used [0x00000000d9e00000,0x00000000d9e00000,0x00000000da400000)
 ParOldGen       total 221696K, used 106358K [0x0000000080000000, 0x000000008d880000, 0x00000000d5580000)
  object space 221696K, 47% used [0x0000000080000000,0x00000000867dd970,0x000000008d880000)
 Metaspace       used 95274K, capacity 98624K, committed 98816K, reserved 1136640K
  class space    used 11430K, capacity 12000K, committed 12032K, reserved 1048576K
}
{Heap before GC invocations=428 (full 3):
 PSYoungGen      total 80896K, used 76960K [0x00000000d5580000, 0x00000000daa80000, 0x0000000100000000)
  eden space 74240K, 100% used [0x00000000d5580000,0x00000000d9e00000,0x00000000d9e00000)
  from space 6656K, 40% used [0x00000000da400000,0x00000000da6a8000,0x00000000daa80000)
  to   space 6144K, 0% used [0x00000000d9e00000,0x00000000d9e00000,0x00000000da400000)
 ParOldGen       total 221696K, used 106358K [0x0000000080000000, 0x000000008d880000, 0x00000000d5580000)
  object space 221696K, 47% used [0x0000000080000000,0x00000000867dd970,0x000000008d880000)
 Metaspace       used 95274K, capacity 98624K, committed 98816K, reserved 1136640K
  class space    used 11430K, capacity 12000K, committed 12032K, reserved 1048576K
2023-10-02T10:05:37.410+0600: 1725601.653: [GC (Allocation Failure) [PSYoungGen: 76960K->3409K(80384K)] 183318K->109985K(302080K), 0.0167691 secs] [Times: user=0.03 sys=0.00, real=0.02 secs] 
Heap after GC invocations=428 (full 3):
 PSYoungGen      total 80384K, used 3409K [0x00000000d5580000, 0x00000000daa80000, 0x0000000100000000)
  eden space 74240K, 0% used [0x00000000d5580000,0x00000000d5580000,0x00000000d9e00000)
  from space 6144K, 55% used [0x00000000d9e00000,0x00000000da154490,0x00000000da400000)
  to   space 6144K, 0% used [0x00000000da480000,0x00000000da480000,0x00000000daa80000)
 ParOldGen       total 221696K, used 106576K [0x0000000080000000, 0x000000008d880000, 0x00000000d5580000)
  object space 221696K, 48% used [0x0000000080000000,0x0000000086814090,0x000000008d880000)
 Metaspace       used 95274K, capacity 98624K, committed 98816K, reserved 1136640K
  class space    used 11430K, capacity 12000K, committed 12032K, reserved 1048576K
}
{Heap before GC invocations=429 (full 3):
 PSYoungGen      total 80384K, used 77649K [0x00000000d5580000, 0x00000000daa80000, 0x0000000100000000)
  eden space 74240K, 100% used [0x00000000d5580000,0x00000000d9e00000,0x00000000d9e00000)
  from space 6144K, 55% used [0x00000000d9e00000,0x00000000da154490,0x00000000da400000)
  to   space 6144K, 0% used [0x00000000da480000,0x00000000da480000,0x00000000daa80000)
 ParOldGen       total 221696K, used 106576K [0x0000000080000000, 0x000000008d880000, 0x00000000d5580000)
  object space 221696K, 48% used [0x0000000080000000,0x0000000086814090,0x000000008d880000)
 Metaspace       used 95276K, capacity 98624K, committed 98816K, reserved 1136640K
  class space    used 11430K, capacity 12000K, committed 12032K, reserved 1048576K
2023-10-02T10:43:57.935+0600: 1727902.178: [GC (Allocation Failure) [PSYoungGen: 77649K->5060K(79872K)] 184225K->111835K(301568K), 0.0169650 secs] [Times: user=0.01 sys=0.02, real=0.01 secs] 
Heap after GC invocations=429 (full 3):
 PSYoungGen      total 79872K, used 5060K [0x00000000d5580000, 0x00000000daa80000, 0x0000000100000000)
  eden space 73728K, 0% used [0x00000000d5580000,0x00000000d5580000,0x00000000d9d80000)
  from space 6144K, 82% used [0x00000000da480000,0x00000000da971030,0x00000000daa80000)
  to   space 6656K, 0% used [0x00000000d9d80000,0x00000000d9d80000,0x00000000da400000)
 ParOldGen       total 221696K, used 106775K [0x0000000080000000, 0x000000008d880000, 0x00000000d5580000)
  object space 221696K, 48% used [0x0000000080000000,0x0000000086845f20,0x000000008d880000)
 Metaspace       used 95276K, capacity 98624K, committed 98816K, reserved 1136640K
  class space    used 11430K, capacity 12000K, committed 12032K, reserved 1048576K
}
{Heap before GC invocations=430 (full 3):
 PSYoungGen      total 79872K, used 78788K [0x00000000d5580000, 0x00000000daa80000, 0x0000000100000000)
  eden space 73728K, 100% used [0x00000000d5580000,0x00000000d9d80000,0x00000000d9d80000)
  from space 6144K, 82% used [0x00000000da480000,0x00000000da971030,0x00000000daa80000)
  to   space 6656K, 0% used [0x00000000d9d80000,0x00000000d9d80000,0x00000000da400000)
 ParOldGen       total 221696K, used 106775K [0x0000000080000000, 0x000000008d880000, 0x00000000d5580000)
  object space 221696K, 48% used [0x0000000080000000,0x0000000086845f20,0x000000008d880000)
 Metaspace       used 95276K, capacity 98624K, committed 98816K, reserved 1136640K
  class space    used 11430K, capacity 12000K, committed 12032K, reserved 1048576K
2023-10-02T11:20:43.747+0600: 1730107.990: [GC (Allocation Failure) [PSYoungGen: 78788K->5842K(79872K)] 185563K->112658K(301568K), 0.0149208 secs] [Times: user=0.01 sys=0.02, real=0.01 secs] 
Heap after GC invocations=430 (full 3):
 PSYoungGen      total 79872K, used 5842K [0x00000000d5580000, 0x00000000daa80000, 0x0000000100000000)
  eden space 73728K, 0% used [0x00000000d5580000,0x00000000d5580000,0x00000000d9d80000)
  from space 6144K, 95% used [0x00000000d9d80000,0x00000000da334990,0x00000000da380000)
  to   space 7168K, 0% used [0x00000000da380000,0x00000000da380000,0x00000000daa80000)
 ParOldGen       total 221696K, used 106815K [0x0000000080000000, 0x000000008d880000, 0x00000000d5580000)
  object space 221696K, 48% used [0x0000000080000000,0x000000008684ff20,0x000000008d880000)
 Metaspace       used 95276K, capacity 98624K, committed 98816K, reserved 1136640K
  class space    used 11430K, capacity 12000K, committed 12032K, reserved 1048576K
}
{Heap before GC invocations=431 (full 3):
 PSYoungGen      total 79872K, used 79569K [0x00000000d5580000, 0x00000000daa80000, 0x0000000100000000)
  eden space 73728K, 99% used [0x00000000d5580000,0x00000000d9d7fd38,0x00000000d9d80000)
  from space 6144K, 95% used [0x00000000d9d80000,0x00000000da334990,0x00000000da380000)
  to   space 7168K, 0% used [0x00000000da380000,0x00000000da380000,0x00000000daa80000)
 ParOldGen       total 221696K, used 106815K [0x0000000080000000, 0x000000008d880000, 0x00000000d5580000)
  object space 221696K, 48% used [0x0000000080000000,0x000000008684ff20,0x000000008d880000)
 Metaspace       used 95298K, capacity 98684K, committed 98816K, reserved 1136640K
  class space    used 11436K, capacity 12010K, committed 12032K, reserved 1048576K
2023-10-02T11:39:23.859+0600: 1731228.102: [GC (Allocation Failure) [PSYoungGen: 79569K->6787K(79360K)] 186385K->113611K(301056K), 0.0170988 secs] [Times: user=0.03 sys=0.00, real=0.02 secs] 
Heap after GC invocations=431 (full 3):
 PSYoungGen      total 79360K, used 6787K [0x00000000d5580000, 0x00000000dab80000, 0x0000000100000000)
  eden space 72192K, 0% used [0x00000000d5580000,0x00000000d5580000,0x00000000d9c00000)
  from space 7168K, 94% used [0x00000000da380000,0x00000000daa20e00,0x00000000daa80000)
  to   space 7680K, 0% used [0x00000000d9c00000,0x00000000d9c00000,0x00000000da380000)
 ParOldGen       total 221696K, used 106823K [0x0000000080000000, 0x000000008d880000, 0x00000000d5580000)
  object space 221696K, 48% used [0x0000000080000000,0x0000000086851f20,0x000000008d880000)
 Metaspace       used 95298K, capacity 98684K, committed 98816K, reserved 1136640K
  class space    used 11436K, capacity 12010K, committed 12032K, reserved 1048576K
}
{Heap before GC invocations=432 (full 3):
 PSYoungGen      total 79360K, used 78979K [0x00000000d5580000, 0x00000000dab80000, 0x0000000100000000)
  eden space 72192K, 100% used [0x00000000d5580000,0x00000000d9c00000,0x00000000d9c00000)
  from space 7168K, 94% used [0x00000000da380000,0x00000000daa20e00,0x00000000daa80000)
  to   space 7680K, 0% used [0x00000000d9c00000,0x00000000d9c00000,0x00000000da380000)
 ParOldGen       total 221696K, used 106823K [0x0000000080000000, 0x000000008d880000, 0x00000000d5580000)
  object space 221696K, 48% used [0x0000000080000000,0x0000000086851f20,0x000000008d880000)
 Metaspace       used 95314K, capacity 98748K, committed 98816K, reserved 1136640K
  class space    used 11436K, capacity 12010K, committed 12032K, reserved 1048576K
2023-10-02T12:05:24.661+0600: 1732788.904: [GC (Allocation Failure) [PSYoungGen: 78979K->7137K(78848K)] 185803K->113969K(300544K), 0.0180831 secs] [Times: user=0.03 sys=0.00, real=0.02 secs] 
Heap after GC invocations=432 (full 3):
 PSYoungGen      total 78848K, used 7137K [0x00000000d5580000, 0x00000000dac00000, 0x0000000100000000)
  eden space 71168K, 0% used [0x00000000d5580000,0x00000000d5580000,0x00000000d9b00000)
  from space 7680K, 92% used [0x00000000d9c00000,0x00000000da2f8720,0x00000000da380000)
  to   space 8704K, 0% used [0x00000000da380000,0x00000000da380000,0x00000000dac00000)
 ParOldGen       total 221696K, used 106831K [0x0000000080000000, 0x000000008d880000, 0x00000000d5580000)
  object space 221696K, 48% used [0x0000000080000000,0x0000000086853f20,0x000000008d880000)
 Metaspace       used 95314K, capacity 98748K, committed 98816K, reserved 1136640K
  class space    used 11436K, capacity 12010K, committed 12032K, reserved 1048576K
}
{Heap before GC invocations=433 (full 3):
 PSYoungGen      total 78848K, used 78305K [0x00000000d5580000, 0x00000000dac00000, 0x0000000100000000)
  eden space 71168K, 100% used [0x00000000d5580000,0x00000000d9b00000,0x00000000d9b00000)
  from space 7680K, 92% used [0x00000000d9c00000,0x00000000da2f8720,0x00000000da380000)
  to   space 8704K, 0% used [0x00000000da380000,0x00000000da380000,0x00000000dac00000)
 ParOldGen       total 221696K, used 106831K [0x0000000080000000, 0x000000008d880000, 0x00000000d5580000)
  object space 221696K, 48% used [0x0000000080000000,0x0000000086853f20,0x000000008d880000)
 Metaspace       used 95316K, capacity 98748K, committed 98816K, reserved 1136640K
  class space    used 11436K, capacity 12010K, committed 12032K, reserved 1048576K
2023-10-02T12:42:32.409+0600: 1735016.652: [GC (Allocation Failure) [PSYoungGen: 78305K->6274K(77824K)] 185137K->113106K(299520K), 0.0179800 secs] [Times: user=0.03 sys=0.00, real=0.02 secs] 
Heap after GC invocations=433 (full 3):
 PSYoungGen      total 77824K, used 6274K [0x00000000d5580000, 0x00000000dab00000, 0x0000000100000000)
  eden space 70144K, 0% used [0x00000000d5580000,0x00000000d5580000,0x00000000d9a00000)
  from space 7680K, 81% used [0x00000000da380000,0x00000000da9a0b50,0x00000000dab00000)
  to   space 8704K, 0% used [0x00000000d9a00000,0x00000000d9a00000,0x00000000da280000)
 ParOldGen       total 221696K, used 106831K [0x0000000080000000, 0x000000008d880000, 0x00000000d5580000)
  object space 221696K, 48% used [0x0000000080000000,0x0000000086853f20,0x000000008d880000)
 Metaspace       used 95316K, capacity 98748K, committed 98816K, reserved 1136640K
  class space    used 11436K, capacity 12010K, committed 12032K, reserved 1048576K
}
{Heap before GC invocations=434 (full 3):
 PSYoungGen      total 77824K, used 76418K [0x00000000d5580000, 0x00000000dab00000, 0x0000000100000000)
  eden space 70144K, 100% used [0x00000000d5580000,0x00000000d9a00000,0x00000000d9a00000)
  from space 7680K, 81% used [0x00000000da380000,0x00000000da9a0b50,0x00000000dab00000)
  to   space 8704K, 0% used [0x00000000d9a00000,0x00000000d9a00000,0x00000000da280000)
 ParOldGen       total 221696K, used 106831K [0x0000000080000000, 0x000000008d880000, 0x00000000d5580000)
  object space 221696K, 48% used [0x0000000080000000,0x0000000086853f20,0x000000008d880000)
 Metaspace       used 95317K, capacity 98748K, committed 98816K, reserved 1136640K
  class space    used 11436K, capacity 12010K, committed 12032K, reserved 1048576K
2023-10-02T13:00:58.007+0600: 1736122.250: [GC (Allocation Failure) [PSYoungGen: 76418K->6386K(75776K)] 183250K->113218K(297472K), 0.0157661 secs] [Times: user=0.03 sys=0.00, real=0.01 secs] 
Heap after GC invocations=434 (full 3):
 PSYoungGen      total 75776K, used 6386K [0x00000000d5580000, 0x00000000dab00000, 0x0000000100000000)
  eden space 69120K, 0% used [0x00000000d5580000,0x00000000d5580000,0x00000000d9900000)
  from space 6656K, 95% used [0x00000000d9a00000,0x00000000da03cba0,0x00000000da080000)
  to   space 9216K, 0% used [0x00000000da200000,0x00000000da200000,0x00000000dab00000)
 ParOldGen       total 221696K, used 106831K [0x0000000080000000, 0x000000008d880000, 0x00000000d5580000)
  object space 221696K, 48% used [0x0000000080000000,0x0000000086853f20,0x000000008d880000)
 Metaspace       used 95317K, capacity 98748K, committed 98816K, reserved 1136640K
  class space    used 11436K, capacity 12010K, committed 12032K, reserved 1048576K
}
{Heap before GC invocations=435 (full 3):
 PSYoungGen      total 75776K, used 75504K [0x00000000d5580000, 0x00000000dab00000, 0x0000000100000000)
  eden space 69120K, 99% used [0x00000000d5580000,0x00000000d98ff708,0x00000000d9900000)
  from space 6656K, 95% used [0x00000000d9a00000,0x00000000da03cba0,0x00000000da080000)
  to   space 9216K, 0% used [0x00000000da200000,0x00000000da200000,0x00000000dab00000)
 ParOldGen       total 221696K, used 106831K [0x0000000080000000, 0x000000008d880000, 0x00000000d5580000)
  object space 221696K, 48% used [0x0000000080000000,0x0000000086853f20,0x000000008d880000)
 Metaspace       used 95320K, capacity 98748K, committed 98816K, reserved 1136640K
  class space    used 11436K, capacity 12010K, committed 12032K, reserved 1048576K
2023-10-02T13:20:25.612+0600: 1737289.855: [GC (Allocation Failure) [PSYoungGen: 75504K->8646K(77312K)] 182336K->115477K(299008K), 0.0111047 secs] [Times: user=0.02 sys=0.00, real=0.02 secs] 
Heap after GC invocations=435 (full 3):
 PSYoungGen      total 77312K, used 8646K [0x00000000d5580000, 0x00000000dac80000, 0x0000000100000000)
  eden space 68096K, 0% used [0x00000000d5580000,0x00000000d5580000,0x00000000d9800000)
  from space 9216K, 93% used [0x00000000da200000,0x00000000daa71880,0x00000000dab00000)
  to   space 10240K, 0% used [0x00000000d9800000,0x00000000d9800000,0x00000000da200000)
 ParOldGen       total 221696K, used 106831K [0x0000000080000000, 0x000000008d880000, 0x00000000d5580000)
  object space 221696K, 48% used [0x0000000080000000,0x0000000086853f20,0x000000008d880000)
 Metaspace       used 95320K, capacity 98748K, committed 98816K, reserved 1136640K
  class space    used 11436K, capacity 12010K, committed 12032K, reserved 1048576K
}
{Heap before GC invocations=436 (full 3):
 PSYoungGen      total 77312K, used 76742K [0x00000000d5580000, 0x00000000dac80000, 0x0000000100000000)
  eden space 68096K, 100% used [0x00000000d5580000,0x00000000d9800000,0x00000000d9800000)
  from space 9216K, 93% used [0x00000000da200000,0x00000000daa71880,0x00000000dab00000)
  to   space 10240K, 0% used [0x00000000d9800000,0x00000000d9800000,0x00000000da200000)
 ParOldGen       total 221696K, used 106831K [0x0000000080000000, 0x000000008d880000, 0x00000000d5580000)
  object space 221696K, 48% used [0x0000000080000000,0x0000000086853f20,0x000000008d880000)
 Metaspace       used 95320K, capacity 98748K, committed 98816K, reserved 1136640K
  class space    used 11436K, capacity 12010K, committed 12032K, reserved 1048576K
2023-10-02T13:54:23.665+0600: 1739327.908: [GC (Allocation Failure) [PSYoungGen: 76742K->7971K(77824K)] 183573K->114803K(299520K), 0.0119755 secs] [Times: user=0.02 sys=0.00, real=0.01 secs] 
Heap after GC invocations=436 (full 3):
 PSYoungGen      total 77824K, used 7971K [0x00000000d5580000, 0x00000000dac80000, 0x0000000100000000)
  eden space 67584K, 0% used [0x00000000d5580000,0x00000000d5580000,0x00000000d9780000)
  from space 10240K, 77% used [0x00000000d9800000,0x00000000d9fc8f70,0x00000000da200000)
  to   space 10752K, 0% used [0x00000000da200000,0x00000000da200000,0x00000000dac80000)
 ParOldGen       total 221696K, used 106831K [0x0000000080000000, 0x000000008d880000, 0x00000000d5580000)
  object space 221696K, 48% used [0x0000000080000000,0x0000000086853f20,0x000000008d880000)
 Metaspace       used 95320K, capacity 98748K, committed 98816K, reserved 1136640K
  class space    used 11436K, capacity 12010K, committed 12032K, reserved 1048576K
}
{Heap before GC invocations=437 (full 3):
 PSYoungGen      total 77824K, used 75555K [0x00000000d5580000, 0x00000000dac80000, 0x0000000100000000)
  eden space 67584K, 100% used [0x00000000d5580000,0x00000000d9780000,0x00000000d9780000)
  from space 10240K, 77% used [0x00000000d9800000,0x00000000d9fc8f70,0x00000000da200000)
  to   space 10752K, 0% used [0x00000000da200000,0x00000000da200000,0x00000000dac80000)
 ParOldGen       total 221696K, used 106831K [0x0000000080000000, 0x000000008d880000, 0x00000000d5580000)
  object space 221696K, 48% used [0x0000000080000000,0x0000000086853f20,0x000000008d880000)
 Metaspace       used 95326K, capacity 98748K, committed 98816K, reserved 1136640K
  class space    used 11436K, capacity 12010K, committed 12032K, reserved 1048576K
2023-10-02T14:13:11.804+0600: 1740456.047: [GC (Allocation Failure) [PSYoungGen: 75555K->6625K(77312K)] 182387K->113457K(299008K), 0.0210443 secs] [Times: user=0.04 sys=0.00, real=0.02 secs] 
Heap after GC invocations=437 (full 3):
 PSYoungGen      total 77312K, used 6625K [0x00000000d5580000, 0x00000000dac00000, 0x0000000100000000)
  eden space 67072K, 0% used [0x00000000d5580000,0x00000000d5580000,0x00000000d9700000)
  from space 10240K, 64% used [0x00000000da200000,0x00000000da8784f0,0x00000000dac00000)
  to   space 10752K, 0% used [0x00000000d9700000,0x00000000d9700000,0x00000000da180000)
 ParOldGen       total 221696K, used 106831K [0x0000000080000000, 0x000000008d880000, 0x00000000d5580000)
  object space 221696K, 48% used [0x0000000080000000,0x0000000086853f20,0x000000008d880000)
 Metaspace       used 95326K, capacity 98748K, committed 98816K, reserved 1136640K
  class space    used 11436K, capacity 12010K, committed 12032K, reserved 1048576K
}
{Heap before GC invocations=438 (full 3):
 PSYoungGen      total 77312K, used 73697K [0x00000000d5580000, 0x00000000dac00000, 0x0000000100000000)
  eden space 67072K, 100% used [0x00000000d5580000,0x00000000d9700000,0x00000000d9700000)
  from space 10240K, 64% used [0x00000000da200000,0x00000000da8784f0,0x00000000dac00000)
  to   space 10752K, 0% used [0x00000000d9700000,0x00000000d9700000,0x00000000da180000)
 ParOldGen       total 221696K, used 106831K [0x0000000080000000, 0x000000008d880000, 0x00000000d5580000)
  object space 221696K, 48% used [0x0000000080000000,0x0000000086853f20,0x000000008d880000)
 Metaspace       used 95326K, capacity 98748K, committed 98816K, reserved 1136640K
  class space    used 11436K, capacity 12010K, committed 12032K, reserved 1048576K
2023-10-02T14:40:58.141+0600: 1742122.384: [GC (Allocation Failure) [PSYoungGen: 73697K->7233K(74240K)] 180529K->114065K(295936K), 0.0186266 secs] [Times: user=0.03 sys=0.00, real=0.02 secs] 
Heap after GC invocations=438 (full 3):
 PSYoungGen      total 74240K, used 7233K [0x00000000d5580000, 0x00000000dab80000, 0x0000000100000000)
  eden space 66560K, 0% used [0x00000000d5580000,0x00000000d5580000,0x00000000d9680000)
  from space 7680K, 94% used [0x00000000d9700000,0x00000000d9e104f0,0x00000000d9e80000)
  to   space 10752K, 0% used [0x00000000da100000,0x00000000da100000,0x00000000dab80000)
 ParOldGen       total 221696K, used 106831K [0x0000000080000000, 0x000000008d880000, 0x00000000d5580000)
  object space 221696K, 48% used [0x0000000080000000,0x0000000086853f20,0x000000008d880000)
 Metaspace       used 95326K, capacity 98748K, committed 98816K, reserved 1136640K
  class space    used 11436K, capacity 12010K, committed 12032K, reserved 1048576K
}
{Heap before GC invocations=439 (full 3):
 PSYoungGen      total 74240K, used 73793K [0x00000000d5580000, 0x00000000dab80000, 0x0000000100000000)
  eden space 66560K, 100% used [0x00000000d5580000,0x00000000d9680000,0x00000000d9680000)
  from space 7680K, 94% used [0x00000000d9700000,0x00000000d9e104f0,0x00000000d9e80000)
  to   space 10752K, 0% used [0x00000000da100000,0x00000000da100000,0x00000000dab80000)
 ParOldGen       total 221696K, used 106831K [0x0000000080000000, 0x000000008d880000, 0x00000000d5580000)
  object space 221696K, 48% used [0x0000000080000000,0x0000000086853f20,0x000000008d880000)
 Metaspace       used 95327K, capacity 98748K, committed 98816K, reserved 1136640K
  class space    used 11436K, capacity 12010K, committed 12032K, reserved 1048576K
2023-10-02T15:19:07.166+0600: 1744411.409: [GC (Allocation Failure) [PSYoungGen: 73793K->5922K(76288K)] 180625K->112754K(297984K), 0.0181262 secs] [Times: user=0.03 sys=0.00, real=0.02 secs] 
Heap after GC invocations=439 (full 3):
 PSYoungGen      total 76288K, used 5922K [0x00000000d5580000, 0x00000000daa80000, 0x0000000100000000)
  eden space 66560K, 0% used [0x00000000d5580000,0x00000000d5580000,0x00000000d9680000)
  from space 9728K, 60% used [0x00000000da100000,0x00000000da6c8910,0x00000000daa80000)
  to   space 10240K, 0% used [0x00000000d9680000,0x00000000d9680000,0x00000000da080000)
 ParOldGen       total 221696K, used 106831K [0x0000000080000000, 0x000000008d880000, 0x00000000d5580000)
  object space 221696K, 48% used [0x0000000080000000,0x0000000086853f20,0x000000008d880000)
 Metaspace       used 95327K, capacity 98748K, committed 98816K, reserved 1136640K
  class space    used 11436K, capacity 12010K, committed 12032K, reserved 1048576K
}
{Heap before GC invocations=440 (full 3):
 PSYoungGen      total 76288K, used 72482K [0x00000000d5580000, 0x00000000daa80000, 0x0000000100000000)
  eden space 66560K, 99% used [0x00000000d5580000,0x00000000d967ffb0,0x00000000d9680000)
  from space 9728K, 60% used [0x00000000da100000,0x00000000da6c8910,0x00000000daa80000)
  to   space 10240K, 0% used [0x00000000d9680000,0x00000000d9680000,0x00000000da080000)
 ParOldGen       total 221696K, used 106833K [0x0000000080000000, 0x000000008d880000, 0x00000000d5580000)
  object space 221696K, 48% used [0x0000000080000000,0x0000000086854610,0x000000008d880000)
 Metaspace       used 95327K, capacity 98748K, committed 98816K, reserved 1136640K
  class space    used 11436K, capacity 12010K, committed 12032K, reserved 1048576K
2023-10-02T16:00:26.784+0600: 1746891.027: [GC (GCLocker Initiated GC) [PSYoungGen: 72482K->5298K(76800K)] 179315K->112131K(298496K), 0.0119669 secs] [Times: user=0.02 sys=0.00, real=0.01 secs] 
Heap after GC invocations=440 (full 3):
 PSYoungGen      total 76800K, used 5298K [0x00000000d5580000, 0x00000000daa80000, 0x0000000100000000)
  eden space 66560K, 0% used [0x00000000d5580000,0x00000000d5580000,0x00000000d9680000)
  from space 10240K, 51% used [0x00000000d9680000,0x00000000d9bac890,0x00000000da080000)
  to   space 9728K, 0% used [0x00000000da100000,0x00000000da100000,0x00000000daa80000)
 ParOldGen       total 221696K, used 106833K [0x0000000080000000, 0x000000008d880000, 0x00000000d5580000)
  object space 221696K, 48% used [0x0000000080000000,0x0000000086854610,0x000000008d880000)
 Metaspace       used 95327K, capacity 98748K, committed 98816K, reserved 1136640K
  class space    used 11436K, capacity 12010K, committed 12032K, reserved 1048576K
}
{Heap before GC invocations=441 (full 3):
 PSYoungGen      total 76800K, used 71858K [0x00000000d5580000, 0x00000000daa80000, 0x0000000100000000)
  eden space 66560K, 100% used [0x00000000d5580000,0x00000000d9680000,0x00000000d9680000)
  from space 10240K, 51% used [0x00000000d9680000,0x00000000d9bac890,0x00000000da080000)
  to   space 9728K, 0% used [0x00000000da100000,0x00000000da100000,0x00000000daa80000)
 ParOldGen       total 221696K, used 106842K [0x0000000080000000, 0x000000008d880000, 0x00000000d5580000)
  object space 221696K, 48% used [0x0000000080000000,0x0000000086856a88,0x000000008d880000)
 Metaspace       used 95334K, capacity 98748K, committed 98816K, reserved 1136640K
  class space    used 11436K, capacity 12010K, committed 12032K, reserved 1048576K
2023-10-02T16:20:57.064+0600: 1748121.307: [GC (Allocation Failure) [PSYoungGen: 71858K->6979K(76288K)] 178700K->113830K(297984K), 0.0192738 secs] [Times: user=0.04 sys=0.00, real=0.01 secs] 
Heap after GC invocations=441 (full 3):
 PSYoungGen      total 76288K, used 6979K [0x00000000d5580000, 0x00000000daa80000, 0x0000000100000000)
  eden space 66560K, 0% used [0x00000000d5580000,0x00000000d5580000,0x00000000d9680000)
  from space 9728K, 71% used [0x00000000da100000,0x00000000da7d0fa0,0x00000000daa80000)
  to   space 10240K, 0% used [0x00000000d9680000,0x00000000d9680000,0x00000000da080000)
 ParOldGen       total 221696K, used 106850K [0x0000000080000000, 0x000000008d880000, 0x00000000d5580000)
  object space 221696K, 48% used [0x0000000080000000,0x0000000086858a88,0x000000008d880000)
 Metaspace       used 95334K, capacity 98748K, committed 98816K, reserved 1136640K
  class space    used 11436K, capacity 12010K, committed 12032K, reserved 1048576K
}
{Heap before GC invocations=442 (full 3):
 PSYoungGen      total 76288K, used 73539K [0x00000000d5580000, 0x00000000daa80000, 0x0000000100000000)
  eden space 66560K, 100% used [0x00000000d5580000,0x00000000d9680000,0x00000000d9680000)
  from space 9728K, 71% used [0x00000000da100000,0x00000000da7d0fa0,0x00000000daa80000)
  to   space 10240K, 0% used [0x00000000d9680000,0x00000000d9680000,0x00000000da080000)
 ParOldGen       total 221696K, used 106850K [0x0000000080000000, 0x000000008d880000, 0x00000000d5580000)
  object space 221696K, 48% used [0x0000000080000000,0x0000000086858a88,0x000000008d880000)
 Metaspace       used 95344K, capacity 98748K, committed 98816K, reserved 1136640K
  class space    used 11436K, capacity 12010K, committed 12032K, reserved 1048576K
2023-10-02T16:42:39.645+0600: 1749423.888: [GC (Allocation Failure) [PSYoungGen: 73539K->8225K(76800K)] 180390K->115083K(298496K), 0.0149289 secs] [Times: user=0.03 sys=0.00, real=0.01 secs] 
Heap after GC invocations=442 (full 3):
 PSYoungGen      total 76800K, used 8225K [0x00000000d5580000, 0x00000000daa80000, 0x0000000100000000)
  eden space 66560K, 0% used [0x00000000d5580000,0x00000000d5580000,0x00000000d9680000)
  from space 10240K, 80% used [0x00000000d9680000,0x00000000d9e88530,0x00000000da080000)
  to   space 10240K, 0% used [0x00000000da080000,0x00000000da080000,0x00000000daa80000)
 ParOldGen       total 221696K, used 106858K [0x0000000080000000, 0x000000008d880000, 0x00000000d5580000)
  object space 221696K, 48% used [0x0000000080000000,0x000000008685aa88,0x000000008d880000)
 Metaspace       used 95344K, capacity 98748K, committed 98816K, reserved 1136640K
  class space    used 11436K, capacity 12010K, committed 12032K, reserved 1048576K
}
{Heap before GC invocations=443 (full 3):
 PSYoungGen      total 76800K, used 74785K [0x00000000d5580000, 0x00000000daa80000, 0x0000000100000000)
  eden space 66560K, 100% used [0x00000000d5580000,0x00000000d9680000,0x00000000d9680000)
  from space 10240K, 80% used [0x00000000d9680000,0x00000000d9e88530,0x00000000da080000)
  to   space 10240K, 0% used [0x00000000da080000,0x00000000da080000,0x00000000daa80000)
 ParOldGen       total 221696K, used 106858K [0x0000000080000000, 0x000000008d880000, 0x00000000d5580000)
  object space 221696K, 48% used [0x0000000080000000,0x000000008685aa88,0x000000008d880000)
 Metaspace       used 95344K, capacity 98748K, committed 98816K, reserved 1136640K
  class space    used 11436K, capacity 12010K, committed 12032K, reserved 1048576K
2023-10-02T17:28:13.844+0600: 1752158.087: [GC (Allocation Failure) [PSYoungGen: 74785K->6625K(76800K)] 181643K->113540K(298496K), 0.0146466 secs] [Times: user=0.02 sys=0.00, real=0.01 secs] 
Heap after GC invocations=443 (full 3):
 PSYoungGen      total 76800K, used 6625K [0x00000000d5580000, 0x00000000daa80000, 0x0000000100000000)
  eden space 66560K, 0% used [0x00000000d5580000,0x00000000d5580000,0x00000000d9680000)
  from space 10240K, 64% used [0x00000000da080000,0x00000000da6f8700,0x00000000daa80000)
  to   space 10240K, 0% used [0x00000000d9680000,0x00000000d9680000,0x00000000da080000)
 ParOldGen       total 221696K, used 106914K [0x0000000080000000, 0x000000008d880000, 0x00000000d5580000)
  object space 221696K, 48% used [0x0000000080000000,0x0000000086868a88,0x000000008d880000)
 Metaspace       used 95344K, capacity 98748K, committed 98816K, reserved 1136640K
  class space    used 11436K, capacity 12010K, committed 12032K, reserved 1048576K
}
{Heap before GC invocations=444 (full 3):
 PSYoungGen      total 76800K, used 73185K [0x00000000d5580000, 0x00000000daa80000, 0x0000000100000000)
  eden space 66560K, 100% used [0x00000000d5580000,0x00000000d9680000,0x00000000d9680000)
  from space 10240K, 64% used [0x00000000da080000,0x00000000da6f8700,0x00000000daa80000)
  to   space 10240K, 0% used [0x00000000d9680000,0x00000000d9680000,0x00000000da080000)
 ParOldGen       total 221696K, used 106914K [0x0000000080000000, 0x000000008d880000, 0x00000000d5580000)
  object space 221696K, 48% used [0x0000000080000000,0x0000000086868a88,0x000000008d880000)
 Metaspace       used 95344K, capacity 98748K, committed 98816K, reserved 1136640K
  class space    used 11436K, capacity 12010K, committed 12032K, reserved 1048576K
2023-10-02T18:05:05.938+0600: 1754370.182: [GC (Allocation Failure) [PSYoungGen: 73185K->5906K(76800K)] 180100K->112901K(298496K), 0.0203131 secs] [Times: user=0.04 sys=0.00, real=0.02 secs] 
Heap after GC invocations=444 (full 3):
 PSYoungGen      total 76800K, used 5906K [0x00000000d5580000, 0x00000000daa80000, 0x0000000100000000)
  eden space 66560K, 0% used [0x00000000d5580000,0x00000000d5580000,0x00000000d9680000)
  from space 10240K, 57% used [0x00000000d9680000,0x00000000d9c44bc0,0x00000000da080000)
  to   space 9728K, 0% used [0x00000000da100000,0x00000000da100000,0x00000000daa80000)
 ParOldGen       total 221696K, used 106994K [0x0000000080000000, 0x000000008d880000, 0x00000000d5580000)
  object space 221696K, 48% used [0x0000000080000000,0x000000008687ca88,0x000000008d880000)
 Metaspace       used 95344K, capacity 98748K, committed 98816K, reserved 1136640K
  class space    used 11436K, capacity 12010K, committed 12032K, reserved 1048576K
}
{Heap before GC invocations=445 (full 3):
 PSYoungGen      total 76800K, used 72466K [0x00000000d5580000, 0x00000000daa80000, 0x0000000100000000)
  eden space 66560K, 100% used [0x00000000d5580000,0x00000000d9680000,0x00000000d9680000)
  from space 10240K, 57% used [0x00000000d9680000,0x00000000d9c44bc0,0x00000000da080000)
  to   space 9728K, 0% used [0x00000000da100000,0x00000000da100000,0x00000000daa80000)
 ParOldGen       total 221696K, used 106994K [0x0000000080000000, 0x000000008d880000, 0x00000000d5580000)
  object space 221696K, 48% used [0x0000000080000000,0x000000008687ca88,0x000000008d880000)
 Metaspace       used 95344K, capacity 98748K, committed 98816K, reserved 1136640K
  class space    used 11436K, capacity 12010K, committed 12032K, reserved 1048576K
2023-10-02T18:53:51.598+0600: 1757295.841: [GC (Allocation Failure) [PSYoungGen: 72466K->4129K(77312K)] 179461K->111228K(299008K), 0.0173891 secs] [Times: user=0.03 sys=0.00, real=0.02 secs] 
Heap after GC invocations=445 (full 3):
 PSYoungGen      total 77312K, used 4129K [0x00000000d5580000, 0x00000000daa80000, 0x0000000100000000)
  eden space 67584K, 0% used [0x00000000d5580000,0x00000000d5580000,0x00000000d9780000)
  from space 9728K, 42% used [0x00000000da100000,0x00000000da5086d0,0x00000000daa80000)
  to   space 9728K, 0% used [0x00000000d9780000,0x00000000d9780000,0x00000000da100000)
 ParOldGen       total 221696K, used 107098K [0x0000000080000000, 0x000000008d880000, 0x00000000d5580000)
  object space 221696K, 48% used [0x0000000080000000,0x0000000086896a88,0x000000008d880000)
 Metaspace       used 95344K, capacity 98748K, committed 98816K, reserved 1136640K
  class space    used 11436K, capacity 12010K, committed 12032K, reserved 1048576K
}
{Heap before GC invocations=446 (full 3):
 PSYoungGen      total 77312K, used 71713K [0x00000000d5580000, 0x00000000daa80000, 0x0000000100000000)
  eden space 67584K, 100% used [0x00000000d5580000,0x00000000d9780000,0x00000000d9780000)
  from space 9728K, 42% used [0x00000000da100000,0x00000000da5086d0,0x00000000daa80000)
  to   space 9728K, 0% used [0x00000000d9780000,0x00000000d9780000,0x00000000da100000)
 ParOldGen       total 221696K, used 107098K [0x0000000080000000, 0x000000008d880000, 0x00000000d5580000)
  object space 221696K, 48% used [0x0000000080000000,0x0000000086896a88,0x000000008d880000)
 Metaspace       used 95344K, capacity 98748K, committed 98816K, reserved 1136640K
  class space    used 11436K, capacity 12010K, committed 12032K, reserved 1048576K
2023-10-02T19:24:37.207+0600: 1759141.451: [GC (Allocation Failure) [PSYoungGen: 71713K->5366K(77312K)] 178812K->112656K(299008K), 0.0128919 secs] [Times: user=0.01 sys=0.02, real=0.01 secs] 
Heap after GC invocations=446 (full 3):
 PSYoungGen      total 77312K, used 5366K [0x00000000d5580000, 0x00000000daa80000, 0x0000000100000000)
  eden space 67584K, 0% used [0x00000000d5580000,0x00000000d5580000,0x00000000d9780000)
  from space 9728K, 55% used [0x00000000d9780000,0x00000000d9cbd810,0x00000000da100000)
  to   space 9728K, 0% used [0x00000000da100000,0x00000000da100000,0x00000000daa80000)
 ParOldGen       total 221696K, used 107290K [0x0000000080000000, 0x000000008d880000, 0x00000000d5580000)
  object space 221696K, 48% used [0x0000000080000000,0x00000000868c6a88,0x000000008d880000)
 Metaspace       used 95344K, capacity 98748K, committed 98816K, reserved 1136640K
  class space    used 11436K, capacity 12010K, committed 12032K, reserved 1048576K
}
{Heap before GC invocations=447 (full 3):
 PSYoungGen      total 77312K, used 72950K [0x00000000d5580000, 0x00000000daa80000, 0x0000000100000000)
  eden space 67584K, 100% used [0x00000000d5580000,0x00000000d9780000,0x00000000d9780000)
  from space 9728K, 55% used [0x00000000d9780000,0x00000000d9cbd810,0x00000000da100000)
  to   space 9728K, 0% used [0x00000000da100000,0x00000000da100000,0x00000000daa80000)
 ParOldGen       total 221696K, used 107290K [0x0000000080000000, 0x000000008d880000, 0x00000000d5580000)
  object space 221696K, 48% used [0x0000000080000000,0x00000000868c6a88,0x000000008d880000)
 Metaspace       used 95344K, capacity 98748K, committed 98816K, reserved 1136640K
  class space    used 11436K, capacity 12010K, committed 12032K, reserved 1048576K
2023-10-02T20:05:05.102+0600: 1761569.345: [GC (Allocation Failure) [PSYoungGen: 72950K->5651K(77824K)] 180240K->112990K(299520K), 0.0139897 secs] [Times: user=0.01 sys=0.01, real=0.02 secs] 
Heap after GC invocations=447 (full 3):
 PSYoungGen      total 77824K, used 5651K [0x00000000d5580000, 0x00000000daa80000, 0x0000000100000000)
  eden space 68096K, 0% used [0x00000000d5580000,0x00000000d5580000,0x00000000d9800000)
  from space 9728K, 58% used [0x00000000da100000,0x00000000da684d90,0x00000000daa80000)
  to   space 9216K, 0% used [0x00000000d9800000,0x00000000d9800000,0x00000000da100000)
 ParOldGen       total 221696K, used 107338K [0x0000000080000000, 0x000000008d880000, 0x00000000d5580000)
  object space 221696K, 48% used [0x0000000080000000,0x00000000868d2a88,0x000000008d880000)
 Metaspace       used 95344K, capacity 98748K, committed 98816K, reserved 1136640K
  class space    used 11436K, capacity 12010K, committed 12032K, reserved 1048576K
}
{Heap before GC invocations=448 (full 3):
 PSYoungGen      total 77824K, used 73747K [0x00000000d5580000, 0x00000000daa80000, 0x0000000100000000)
  eden space 68096K, 100% used [0x00000000d5580000,0x00000000d9800000,0x00000000d9800000)
  from space 9728K, 58% used [0x00000000da100000,0x00000000da684d90,0x00000000daa80000)
  to   space 9216K, 0% used [0x00000000d9800000,0x00000000d9800000,0x00000000da100000)
 ParOldGen       total 221696K, used 107338K [0x0000000080000000, 0x000000008d880000, 0x00000000d5580000)
  object space 221696K, 48% used [0x0000000080000000,0x00000000868d2a88,0x000000008d880000)
 Metaspace       used 95350K, capacity 98748K, committed 98816K, reserved 1136640K
  class space    used 11436K, capacity 12010K, committed 12032K, reserved 1048576K
2023-10-02T20:31:10.650+0600: 1763134.893: [GC (Allocation Failure) [PSYoungGen: 73747K->6667K(77312K)] 181086K->114021K(299008K), 0.0192944 secs] [Times: user=0.03 sys=0.00, real=0.02 secs] 
Heap after GC invocations=448 (full 3):
 PSYoungGen      total 77312K, used 6667K [0x00000000d5580000, 0x00000000daa80000, 0x0000000100000000)
  eden space 68096K, 0% used [0x00000000d5580000,0x00000000d5580000,0x00000000d9800000)
  from space 9216K, 72% used [0x00000000d9800000,0x00000000d9e82cd0,0x00000000da100000)
  to   space 9216K, 0% used [0x00000000da180000,0x00000000da180000,0x00000000daa80000)
 ParOldGen       total 221696K, used 107354K [0x0000000080000000, 0x000000008d880000, 0x00000000d5580000)
  object space 221696K, 48% used [0x0000000080000000,0x00000000868d6a88,0x000000008d880000)
 Metaspace       used 95350K, capacity 98748K, committed 98816K, reserved 1136640K
  class space    used 11436K, capacity 12010K, committed 12032K, reserved 1048576K
}
{Heap before GC invocations=449 (full 3):
 PSYoungGen      total 77312K, used 74763K [0x00000000d5580000, 0x00000000daa80000, 0x0000000100000000)
  eden space 68096K, 100% used [0x00000000d5580000,0x00000000d9800000,0x00000000d9800000)
  from space 9216K, 72% used [0x00000000d9800000,0x00000000d9e82cd0,0x00000000da100000)
  to   space 9216K, 0% used [0x00000000da180000,0x00000000da180000,0x00000000daa80000)
 ParOldGen       total 221696K, used 107354K [0x0000000080000000, 0x000000008d880000, 0x00000000d5580000)
  object space 221696K, 48% used [0x0000000080000000,0x00000000868d6a88,0x000000008d880000)
 Metaspace       used 95350K, capacity 98748K, committed 98816K, reserved 1136640K
  class space    used 11436K, capacity 12010K, committed 12032K, reserved 1048576K
2023-10-02T21:23:25.164+0600: 1766269.407: [GC (Allocation Failure) [PSYoungGen: 74763K->4386K(77824K)] 182117K->111804K(299520K), 0.0131477 secs] [Times: user=0.02 sys=0.00, real=0.01 secs] 
Heap after GC invocations=449 (full 3):
 PSYoungGen      total 77824K, used 4386K [0x00000000d5580000, 0x00000000daa80000, 0x0000000100000000)
  eden space 68608K, 0% used [0x00000000d5580000,0x00000000d5580000,0x00000000d9880000)
  from space 9216K, 47% used [0x00000000da180000,0x00000000da5c88e0,0x00000000daa80000)
  to   space 9216K, 0% used [0x00000000d9880000,0x00000000d9880000,0x00000000da180000)
 ParOldGen       total 221696K, used 107418K [0x0000000080000000, 0x000000008d880000, 0x00000000d5580000)
  object space 221696K, 48% used [0x0000000080000000,0x00000000868e6ab8,0x000000008d880000)
 Metaspace       used 95350K, capacity 98748K, committed 98816K, reserved 1136640K
  class space    used 11436K, capacity 12010K, committed 12032K, reserved 1048576K
}
{Heap before GC invocations=450 (full 3):
 PSYoungGen      total 77824K, used 72994K [0x00000000d5580000, 0x00000000daa80000, 0x0000000100000000)
  eden space 68608K, 100% used [0x00000000d5580000,0x00000000d9880000,0x00000000d9880000)
  from space 9216K, 47% used [0x00000000da180000,0x00000000da5c88e0,0x00000000daa80000)
  to   space 9216K, 0% used [0x00000000d9880000,0x00000000d9880000,0x00000000da180000)
 ParOldGen       total 221696K, used 107418K [0x0000000080000000, 0x000000008d880000, 0x00000000d5580000)
  object space 221696K, 48% used [0x0000000080000000,0x00000000868e6ab8,0x000000008d880000)
 Metaspace       used 95350K, capacity 98748K, committed 98816K, reserved 1136640K
  class space    used 11436K, capacity 12010K, committed 12032K, reserved 1048576K
2023-10-02T22:17:36.470+0600: 1769520.714: [GC (Allocation Failure) [PSYoungGen: 72994K->3072K(77824K)] 180412K->110584K(299520K), 0.0152008 secs] [Times: user=0.01 sys=0.02, real=0.02 secs] 
Heap after GC invocations=450 (full 3):
 PSYoungGen      total 77824K, used 3072K [0x00000000d5580000, 0x00000000daa80000, 0x0000000100000000)
  eden space 68608K, 0% used [0x00000000d5580000,0x00000000d5580000,0x00000000d9880000)
  from space 9216K, 33% used [0x00000000d9880000,0x00000000d9b80000,0x00000000da180000)
  to   space 9216K, 0% used [0x00000000da180000,0x00000000da180000,0x00000000daa80000)
 ParOldGen       total 221696K, used 107512K [0x0000000080000000, 0x000000008d880000, 0x00000000d5580000)
  object space 221696K, 48% used [0x0000000080000000,0x00000000868fe3b8,0x000000008d880000)
 Metaspace       used 95350K, capacity 98748K, committed 98816K, reserved 1136640K
  class space    used 11436K, capacity 12010K, committed 12032K, reserved 1048576K
}
{Heap before GC invocations=451 (full 3):
 PSYoungGen      total 77824K, used 71680K [0x00000000d5580000, 0x00000000daa80000, 0x0000000100000000)
  eden space 68608K, 100% used [0x00000000d5580000,0x00000000d9880000,0x00000000d9880000)
  from space 9216K, 33% used [0x00000000d9880000,0x00000000d9b80000,0x00000000da180000)
  to   space 9216K, 0% used [0x00000000da180000,0x00000000da180000,0x00000000daa80000)
 ParOldGen       total 221696K, used 107512K [0x0000000080000000, 0x000000008d880000, 0x00000000d5580000)
  object space 221696K, 48% used [0x0000000080000000,0x00000000868fe3b8,0x000000008d880000)
 Metaspace       used 95350K, capacity 98748K, committed 98816K, reserved 1136640K
  class space    used 11436K, capacity 12010K, committed 12032K, reserved 1048576K
2023-10-02T23:12:57.278+0600: 1772841.521: [GC (Allocation Failure) [PSYoungGen: 71680K->3072K(77824K)] 179192K->110600K(299520K), 0.0156375 secs] [Times: user=0.01 sys=0.01, real=0.02 secs] 
Heap after GC invocations=451 (full 3):
 PSYoungGen      total 77824K, used 3072K [0x00000000d5580000, 0x00000000daa80000, 0x0000000100000000)
  eden space 68608K, 0% used [0x00000000d5580000,0x00000000d5580000,0x00000000d9880000)
  from space 9216K, 33% used [0x00000000da180000,0x00000000da480000,0x00000000daa80000)
  to   space 9216K, 0% used [0x00000000d9880000,0x00000000d9880000,0x00000000da180000)
 ParOldGen       total 221696K, used 107528K [0x0000000080000000, 0x000000008d880000, 0x00000000d5580000)
  object space 221696K, 48% used [0x0000000080000000,0x00000000869023b8,0x000000008d880000)
 Metaspace       used 95350K, capacity 98748K, committed 98816K, reserved 1136640K
  class space    used 11436K, capacity 12010K, committed 12032K, reserved 1048576K
}
{Heap before GC invocations=452 (full 3):
 PSYoungGen      total 77824K, used 71680K [0x00000000d5580000, 0x00000000daa80000, 0x0000000100000000)
  eden space 68608K, 100% used [0x00000000d5580000,0x00000000d9880000,0x00000000d9880000)
  from space 9216K, 33% used [0x00000000da180000,0x00000000da480000,0x00000000daa80000)
  to   space 9216K, 0% used [0x00000000d9880000,0x00000000d9880000,0x00000000da180000)
 ParOldGen       total 221696K, used 107528K [0x0000000080000000, 0x000000008d880000, 0x00000000d5580000)
  object space 221696K, 48% used [0x0000000080000000,0x00000000869023b8,0x000000008d880000)
 Metaspace       used 95350K, capacity 98748K, committed 98816K, reserved 1136640K
  class space    used 11436K, capacity 12010K, committed 12032K, reserved 1048576K
2023-10-03T00:03:19.054+0600: 1775863.297: [GC (Allocation Failure) [PSYoungGen: 71680K->3954K(77824K)] 179208K->111523K(299520K), 0.0158938 secs] [Times: user=0.01 sys=0.01, real=0.01 secs] 
Heap after GC invocations=452 (full 3):
 PSYoungGen      total 77824K, used 3954K [0x00000000d5580000, 0x00000000daa80000, 0x0000000100000000)
  eden space 68608K, 0% used [0x00000000d5580000,0x00000000d5580000,0x00000000d9880000)
  from space 9216K, 42% used [0x00000000d9880000,0x00000000d9c5c930,0x00000000da180000)
  to   space 9216K, 0% used [0x00000000da180000,0x00000000da180000,0x00000000daa80000)
 ParOldGen       total 221696K, used 107568K [0x0000000080000000, 0x000000008d880000, 0x00000000d5580000)
  object space 221696K, 48% used [0x0000000080000000,0x000000008690c3b8,0x000000008d880000)
 Metaspace       used 95350K, capacity 98748K, committed 98816K, reserved 1136640K
  class space    used 11436K, capacity 12010K, committed 12032K, reserved 1048576K
}
{Heap before GC invocations=453 (full 3):
 PSYoungGen      total 77824K, used 72562K [0x00000000d5580000, 0x00000000daa80000, 0x0000000100000000)
  eden space 68608K, 100% used [0x00000000d5580000,0x00000000d9880000,0x00000000d9880000)
  from space 9216K, 42% used [0x00000000d9880000,0x00000000d9c5c930,0x00000000da180000)
  to   space 9216K, 0% used [0x00000000da180000,0x00000000da180000,0x00000000daa80000)
 ParOldGen       total 221696K, used 107568K [0x0000000080000000, 0x000000008d880000, 0x00000000d5580000)
  object space 221696K, 48% used [0x0000000080000000,0x000000008690c3b8,0x000000008d880000)
 Metaspace       used 95350K, capacity 98748K, committed 98816K, reserved 1136640K
  class space    used 11436K, capacity 12010K, committed 12032K, reserved 1048576K
2023-10-03T01:00:45.566+0600: 1779309.809: [GC (Allocation Failure) [PSYoungGen: 72562K->3040K(77824K)] 180131K->110632K(299520K), 0.0152206 secs] [Times: user=0.02 sys=0.00, real=0.01 secs] 
Heap after GC invocations=453 (full 3):
 PSYoungGen      total 77824K, used 3040K [0x00000000d5580000, 0x00000000daa80000, 0x0000000100000000)
  eden space 68608K, 0% used [0x00000000d5580000,0x00000000d5580000,0x00000000d9880000)
  from space 9216K, 32% used [0x00000000da180000,0x00000000da478000,0x00000000daa80000)
  to   space 9216K, 0% used [0x00000000d9880000,0x00000000d9880000,0x00000000da180000)
 ParOldGen       total 221696K, used 107592K [0x0000000080000000, 0x000000008d880000, 0x00000000d5580000)
  object space 221696K, 48% used [0x0000000080000000,0x00000000869123b8,0x000000008d880000)
 Metaspace       used 95350K, capacity 98748K, committed 98816K, reserved 1136640K
  class space    used 11436K, capacity 12010K, committed 12032K, reserved 1048576K
}
{Heap before GC invocations=454 (full 3):
 PSYoungGen      total 77824K, used 71648K [0x00000000d5580000, 0x00000000daa80000, 0x0000000100000000)
  eden space 68608K, 100% used [0x00000000d5580000,0x00000000d9880000,0x00000000d9880000)
  from space 9216K, 32% used [0x00000000da180000,0x00000000da478000,0x00000000daa80000)
  to   space 9216K, 0% used [0x00000000d9880000,0x00000000d9880000,0x00000000da180000)
 ParOldGen       total 221696K, used 107592K [0x0000000080000000, 0x000000008d880000, 0x00000000d5580000)
  object space 221696K, 48% used [0x0000000080000000,0x00000000869123b8,0x000000008d880000)
 Metaspace       used 95350K, capacity 98748K, committed 98816K, reserved 1136640K
  class space    used 11436K, capacity 12010K, committed 12032K, reserved 1048576K
2023-10-03T01:57:06.733+0600: 1782690.977: [GC (Allocation Failure) [PSYoungGen: 71648K->3008K(77824K)] 179240K->110616K(299520K), 0.0128955 secs] [Times: user=0.03 sys=0.00, real=0.01 secs] 
Heap after GC invocations=454 (full 3):
 PSYoungGen      total 77824K, used 3008K [0x00000000d5580000, 0x00000000daa80000, 0x0000000100000000)
  eden space 68608K, 0% used [0x00000000d5580000,0x00000000d5580000,0x00000000d9880000)
  from space 9216K, 32% used [0x00000000d9880000,0x00000000d9b70000,0x00000000da180000)
  to   space 9216K, 0% used [0x00000000da180000,0x00000000da180000,0x00000000daa80000)
 ParOldGen       total 221696K, used 107608K [0x0000000080000000, 0x000000008d880000, 0x00000000d5580000)
  object space 221696K, 48% used [0x0000000080000000,0x00000000869163b8,0x000000008d880000)
 Metaspace       used 95350K, capacity 98748K, committed 98816K, reserved 1136640K
  class space    used 11436K, capacity 12010K, committed 12032K, reserved 1048576K
}
{Heap before GC invocations=455 (full 3):
 PSYoungGen      total 77824K, used 71616K [0x00000000d5580000, 0x00000000daa80000, 0x0000000100000000)
  eden space 68608K, 100% used [0x00000000d5580000,0x00000000d9880000,0x00000000d9880000)
  from space 9216K, 32% used [0x00000000d9880000,0x00000000d9b70000,0x00000000da180000)
  to   space 9216K, 0% used [0x00000000da180000,0x00000000da180000,0x00000000daa80000)
 ParOldGen       total 221696K, used 107608K [0x0000000080000000, 0x000000008d880000, 0x00000000d5580000)
  object space 221696K, 48% used [0x0000000080000000,0x00000000869163b8,0x000000008d880000)
 Metaspace       used 95350K, capacity 98748K, committed 98816K, reserved 1136640K
  class space    used 11436K, capacity 12010K, committed 12032K, reserved 1048576K
2023-10-03T02:52:51.385+0600: 1786035.628: [GC (Allocation Failure) [PSYoungGen: 71616K->2976K(77824K)] 179224K->110608K(299520K), 0.0153753 secs] [Times: user=0.03 sys=0.00, real=0.01 secs] 
Heap after GC invocations=455 (full 3):
 PSYoungGen      total 77824K, used 2976K [0x00000000d5580000, 0x00000000daa80000, 0x0000000100000000)
  eden space 68608K, 0% used [0x00000000d5580000,0x00000000d5580000,0x00000000d9880000)
  from space 9216K, 32% used [0x00000000da180000,0x00000000da468000,0x00000000daa80000)
  to   space 9216K, 0% used [0x00000000d9880000,0x00000000d9880000,0x00000000da180000)
 ParOldGen       total 221696K, used 107632K [0x0000000080000000, 0x000000008d880000, 0x00000000d5580000)
  object space 221696K, 48% used [0x0000000080000000,0x000000008691c3b8,0x000000008d880000)
 Metaspace       used 95350K, capacity 98748K, committed 98816K, reserved 1136640K
  class space    used 11436K, capacity 12010K, committed 12032K, reserved 1048576K
}
{Heap before GC invocations=456 (full 3):
 PSYoungGen      total 77824K, used 71584K [0x00000000d5580000, 0x00000000daa80000, 0x0000000100000000)
  eden space 68608K, 100% used [0x00000000d5580000,0x00000000d9880000,0x00000000d9880000)
  from space 9216K, 32% used [0x00000000da180000,0x00000000da468000,0x00000000daa80000)
  to   space 9216K, 0% used [0x00000000d9880000,0x00000000d9880000,0x00000000da180000)
 ParOldGen       total 221696K, used 107632K [0x0000000080000000, 0x000000008d880000, 0x00000000d5580000)
  object space 221696K, 48% used [0x0000000080000000,0x000000008691c3b8,0x000000008d880000)
 Metaspace       used 95350K, capacity 98748K, committed 98816K, reserved 1136640K
  class space    used 11436K, capacity 12010K, committed 12032K, reserved 1048576K
2023-10-03T03:40:13.177+0600: 1788877.421: [GC (Allocation Failure) [PSYoungGen: 71584K->3985K(77824K)] 179216K->111650K(299520K), 0.0150153 secs] [Times: user=0.03 sys=0.00, real=0.01 secs] 
Heap after GC invocations=456 (full 3):
 PSYoungGen      total 77824K, used 3985K [0x00000000d5580000, 0x00000000daa80000, 0x0000000100000000)
  eden space 68608K, 0% used [0x00000000d5580000,0x00000000d5580000,0x00000000d9880000)
  from space 9216K, 43% used [0x00000000d9880000,0x00000000d9c64700,0x00000000da180000)
  to   space 8704K, 0% used [0x00000000da200000,0x00000000da200000,0x00000000daa80000)
 ParOldGen       total 221696K, used 107664K [0x0000000080000000, 0x000000008d880000, 0x00000000d5580000)
  object space 221696K, 48% used [0x0000000080000000,0x00000000869243b8,0x000000008d880000)
 Metaspace       used 95350K, capacity 98748K, committed 98816K, reserved 1136640K
  class space    used 11436K, capacity 12010K, committed 12032K, reserved 1048576K
}
{Heap before GC invocations=457 (full 3):
 PSYoungGen      total 77824K, used 72593K [0x00000000d5580000, 0x00000000daa80000, 0x0000000100000000)
  eden space 68608K, 100% used [0x00000000d5580000,0x00000000d9880000,0x00000000d9880000)
  from space 9216K, 43% used [0x00000000d9880000,0x00000000d9c64700,0x00000000da180000)
  to   space 8704K, 0% used [0x00000000da200000,0x00000000da200000,0x00000000daa80000)
 ParOldGen       total 221696K, used 107664K [0x0000000080000000, 0x000000008d880000, 0x00000000d5580000)
  object space 221696K, 48% used [0x0000000080000000,0x00000000869243b8,0x000000008d880000)
 Metaspace       used 95350K, capacity 98748K, committed 98816K, reserved 1136640K
  class space    used 11436K, capacity 12010K, committed 12032K, reserved 1048576K
2023-10-03T04:30:41.324+0600: 1791905.567: [GC (Allocation Failure) [PSYoungGen: 72593K->3793K(78848K)] 180258K->111482K(300544K), 0.0163629 secs] [Times: user=0.03 sys=0.00, real=0.01 secs] 
Heap after GC invocations=457 (full 3):
 PSYoungGen      total 78848K, used 3793K [0x00000000d5580000, 0x00000000daa80000, 0x0000000100000000)
  eden space 70144K, 0% used [0x00000000d5580000,0x00000000d5580000,0x00000000d9a00000)
  from space 8704K, 43% used [0x00000000da200000,0x00000000da5b44b0,0x00000000daa80000)
  to   space 8192K, 0% used [0x00000000d9a00000,0x00000000d9a00000,0x00000000da200000)
 ParOldGen       total 221696K, used 107688K [0x0000000080000000, 0x000000008d880000, 0x00000000d5580000)
  object space 221696K, 48% used [0x0000000080000000,0x000000008692a3b8,0x000000008d880000)
 Metaspace       used 95350K, capacity 98748K, committed 98816K, reserved 1136640K
  class space    used 11436K, capacity 12010K, committed 12032K, reserved 1048576K
}
{Heap before GC invocations=458 (full 3):
 PSYoungGen      total 78848K, used 73937K [0x00000000d5580000, 0x00000000daa80000, 0x0000000100000000)
  eden space 70144K, 100% used [0x00000000d5580000,0x00000000d9a00000,0x00000000d9a00000)
  from space 8704K, 43% used [0x00000000da200000,0x00000000da5b44b0,0x00000000daa80000)
  to   space 8192K, 0% used [0x00000000d9a00000,0x00000000d9a00000,0x00000000da200000)
 ParOldGen       total 221696K, used 107688K [0x0000000080000000, 0x000000008d880000, 0x00000000d5580000)
  object space 221696K, 48% used [0x0000000080000000,0x000000008692a3b8,0x000000008d880000)
 Metaspace       used 95350K, capacity 98748K, committed 98816K, reserved 1136640K
  class space    used 11436K, capacity 12010K, committed 12032K, reserved 1048576K
2023-10-03T05:27:26.416+0600: 1795310.659: [GC (Allocation Failure) [PSYoungGen: 73937K->3072K(78336K)] 181626K->110832K(300032K), 0.0123558 secs] [Times: user=0.03 sys=0.00, real=0.01 secs] 
Heap after GC invocations=458 (full 3):
 PSYoungGen      total 78336K, used 3072K [0x00000000d5580000, 0x00000000daa80000, 0x0000000100000000)
  eden space 70144K, 0% used [0x00000000d5580000,0x00000000d5580000,0x00000000d9a00000)
  from space 8192K, 37% used [0x00000000d9a00000,0x00000000d9d00010,0x00000000da200000)
  to   space 8192K, 0% used [0x00000000da280000,0x00000000da280000,0x00000000daa80000)
 ParOldGen       total 221696K, used 107760K [0x0000000080000000, 0x000000008d880000, 0x00000000d5580000)
  object space 221696K, 48% used [0x0000000080000000,0x000000008693c3b8,0x000000008d880000)
 Metaspace       used 95350K, capacity 98748K, committed 98816K, reserved 1136640K
  class space    used 11436K, capacity 12010K, committed 12032K, reserved 1048576K
}
{Heap before GC invocations=459 (full 3):
 PSYoungGen      total 78336K, used 73216K [0x00000000d5580000, 0x00000000daa80000, 0x0000000100000000)
  eden space 70144K, 100% used [0x00000000d5580000,0x00000000d9a00000,0x00000000d9a00000)
  from space 8192K, 37% used [0x00000000d9a00000,0x00000000d9d00010,0x00000000da200000)
  to   space 8192K, 0% used [0x00000000da280000,0x00000000da280000,0x00000000daa80000)
 ParOldGen       total 221696K, used 107760K [0x0000000080000000, 0x000000008d880000, 0x00000000d5580000)
  object space 221696K, 48% used [0x0000000080000000,0x000000008693c3b8,0x000000008d880000)
 Metaspace       used 95350K, capacity 98748K, committed 98816K, reserved 1136640K
  class space    used 11436K, capacity 12010K, committed 12032K, reserved 1048576K
2023-10-03T06:25:38.144+0600: 1798802.387: [GC (Allocation Failure) [PSYoungGen: 73216K->2784K(78848K)] 180976K->110681K(300544K), 0.0142183 secs] [Times: user=0.02 sys=0.00, real=0.01 secs] 
Heap after GC invocations=459 (full 3):
 PSYoungGen      total 78848K, used 2784K [0x00000000d5580000, 0x00000000daa80000, 0x0000000100000000)
  eden space 70656K, 0% used [0x00000000d5580000,0x00000000d5580000,0x00000000d9a80000)
  from space 8192K, 33% used [0x00000000da280000,0x00000000da538000,0x00000000daa80000)
  to   space 8192K, 0% used [0x00000000d9a80000,0x00000000d9a80000,0x00000000da280000)
 ParOldGen       total 221696K, used 107897K [0x0000000080000000, 0x000000008d880000, 0x00000000d5580000)
  object space 221696K, 48% used [0x0000000080000000,0x000000008695e798,0x000000008d880000)
 Metaspace       used 95350K, capacity 98748K, committed 98816K, reserved 1136640K
  class space    used 11436K, capacity 12010K, committed 12032K, reserved 1048576K
}
{Heap before GC invocations=460 (full 3):
 PSYoungGen      total 78848K, used 73440K [0x00000000d5580000, 0x00000000daa80000, 0x0000000100000000)
  eden space 70656K, 100% used [0x00000000d5580000,0x00000000d9a80000,0x00000000d9a80000)
  from space 8192K, 33% used [0x00000000da280000,0x00000000da538000,0x00000000daa80000)
  to   space 8192K, 0% used [0x00000000d9a80000,0x00000000d9a80000,0x00000000da280000)
 ParOldGen       total 221696K, used 107897K [0x0000000080000000, 0x000000008d880000, 0x00000000d5580000)
  object space 221696K, 48% used [0x0000000080000000,0x000000008695e798,0x000000008d880000)
 Metaspace       used 95350K, capacity 98748K, committed 98816K, reserved 1136640K
  class space    used 11436K, capacity 12010K, committed 12032K, reserved 1048576K
2023-10-03T07:23:34.914+0600: 1802279.157: [GC (Allocation Failure) [PSYoungGen: 73440K->2752K(78848K)] 181337K->110689K(300544K), 0.0148099 secs] [Times: user=0.02 sys=0.01, real=0.01 secs] 
Heap after GC invocations=460 (full 3):
 PSYoungGen      total 78848K, used 2752K [0x00000000d5580000, 0x00000000daa80000, 0x0000000100000000)
  eden space 70656K, 0% used [0x00000000d5580000,0x00000000d5580000,0x00000000d9a80000)
  from space 8192K, 33% used [0x00000000d9a80000,0x00000000d9d30000,0x00000000da280000)
  to   space 8192K, 0% used [0x00000000da280000,0x00000000da280000,0x00000000daa80000)
 ParOldGen       total 221696K, used 107937K [0x0000000080000000, 0x000000008d880000, 0x00000000d5580000)
  object space 221696K, 48% used [0x0000000080000000,0x00000000869687b8,0x000000008d880000)
 Metaspace       used 95350K, capacity 98748K, committed 98816K, reserved 1136640K
  class space    used 11436K, capacity 12010K, committed 12032K, reserved 1048576K
}
{Heap before GC invocations=461 (full 3):
 PSYoungGen      total 78848K, used 73408K [0x00000000d5580000, 0x00000000daa80000, 0x0000000100000000)
  eden space 70656K, 100% used [0x00000000d5580000,0x00000000d9a80000,0x00000000d9a80000)
  from space 8192K, 33% used [0x00000000d9a80000,0x00000000d9d30000,0x00000000da280000)
  to   space 8192K, 0% used [0x00000000da280000,0x00000000da280000,0x00000000daa80000)
 ParOldGen       total 221696K, used 107937K [0x0000000080000000, 0x000000008d880000, 0x00000000d5580000)
  object space 221696K, 48% used [0x0000000080000000,0x00000000869687b8,0x000000008d880000)
 Metaspace       used 95350K, capacity 98748K, committed 98816K, reserved 1136640K
  class space    used 11436K, capacity 12010K, committed 12032K, reserved 1048576K
2023-10-03T08:21:19.711+0600: 1805743.954: [GC (Allocation Failure) [PSYoungGen: 73408K->2624K(79360K)] 181345K->110719K(301056K), 0.0119364 secs] [Times: user=0.01 sys=0.01, real=0.01 secs] 
Heap after GC invocations=461 (full 3):
 PSYoungGen      total 79360K, used 2624K [0x00000000d5580000, 0x00000000daa80000, 0x0000000100000000)
  eden space 71168K, 0% used [0x00000000d5580000,0x00000000d5580000,0x00000000d9b00000)
  from space 8192K, 32% used [0x00000000da280000,0x00000000da510000,0x00000000daa80000)
  to   space 7680K, 0% used [0x00000000d9b00000,0x00000000d9b00000,0x00000000da280000)
 ParOldGen       total 221696K, used 108095K [0x0000000080000000, 0x000000008d880000, 0x00000000d5580000)
  object space 221696K, 48% used [0x0000000080000000,0x000000008698ff30,0x000000008d880000)
 Metaspace       used 95350K, capacity 98748K, committed 98816K, reserved 1136640K
  class space    used 11436K, capacity 12010K, committed 12032K, reserved 1048576K
}
{Heap before GC invocations=462 (full 3):
 PSYoungGen      total 79360K, used 73792K [0x00000000d5580000, 0x00000000daa80000, 0x0000000100000000)
  eden space 71168K, 100% used [0x00000000d5580000,0x00000000d9b00000,0x00000000d9b00000)
  from space 8192K, 32% used [0x00000000da280000,0x00000000da510000,0x00000000daa80000)
  to   space 7680K, 0% used [0x00000000d9b00000,0x00000000d9b00000,0x00000000da280000)
 ParOldGen       total 221696K, used 108095K [0x0000000080000000, 0x000000008d880000, 0x00000000d5580000)
  object space 221696K, 48% used [0x0000000080000000,0x000000008698ff30,0x000000008d880000)
 Metaspace       used 95350K, capacity 98748K, committed 98816K, reserved 1136640K
  class space    used 11436K, capacity 12010K, committed 12032K, reserved 1048576K
2023-10-03T09:19:40.209+0600: 1809244.453: [GC (Allocation Failure) [PSYoungGen: 73792K->2528K(78848K)] 181887K->110720K(300544K), 0.0103635 secs] [Times: user=0.02 sys=0.00, real=0.01 secs] 
Heap after GC invocations=462 (full 3):
 PSYoungGen      total 78848K, used 2528K [0x00000000d5580000, 0x00000000daa80000, 0x0000000100000000)
  eden space 71168K, 0% used [0x00000000d5580000,0x00000000d5580000,0x00000000d9b00000)
  from space 7680K, 32% used [0x00000000d9b00000,0x00000000d9d78000,0x00000000da280000)
  to   space 7680K, 0% used [0x00000000da300000,0x00000000da300000,0x00000000daa80000)
 ParOldGen       total 221696K, used 108192K [0x0000000080000000, 0x000000008d880000, 0x00000000d5580000)
  object space 221696K, 48% used [0x0000000080000000,0x00000000869a8318,0x000000008d880000)
 Metaspace       used 95350K, capacity 98748K, committed 98816K, reserved 1136640K
  class space    used 11436K, capacity 12010K, committed 12032K, reserved 1048576K
}
{Heap before GC invocations=463 (full 3):
 PSYoungGen      total 78848K, used 73696K [0x00000000d5580000, 0x00000000daa80000, 0x0000000100000000)
  eden space 71168K, 100% used [0x00000000d5580000,0x00000000d9b00000,0x00000000d9b00000)
  from space 7680K, 32% used [0x00000000d9b00000,0x00000000d9d78000,0x00000000da280000)
  to   space 7680K, 0% used [0x00000000da300000,0x00000000da300000,0x00000000daa80000)
 ParOldGen       total 221696K, used 108192K [0x0000000080000000, 0x000000008d880000, 0x00000000d5580000)
  object space 221696K, 48% used [0x0000000080000000,0x00000000869a8318,0x000000008d880000)
 Metaspace       used 95350K, capacity 98748K, committed 98816K, reserved 1136640K
  class space    used 11436K, capacity 12010K, committed 12032K, reserved 1048576K
2023-10-03T10:16:08.415+0600: 1812632.658: [GC (Allocation Failure) [PSYoungGen: 73696K->2592K(79360K)] 181888K->110933K(301056K), 0.0137590 secs] [Times: user=0.02 sys=0.00, real=0.01 secs] 
Heap after GC invocations=463 (full 3):
 PSYoungGen      total 79360K, used 2592K [0x00000000d5580000, 0x00000000daa80000, 0x0000000100000000)
  eden space 71680K, 0% used [0x00000000d5580000,0x00000000d5580000,0x00000000d9b80000)
  from space 7680K, 33% used [0x00000000da300000,0x00000000da588010,0x00000000daa80000)
  to   space 7680K, 0% used [0x00000000d9b80000,0x00000000d9b80000,0x00000000da300000)
 ParOldGen       total 221696K, used 108341K [0x0000000080000000, 0x000000008d880000, 0x00000000d5580000)
  object space 221696K, 48% used [0x0000000080000000,0x00000000869cd6c0,0x000000008d880000)
 Metaspace       used 95350K, capacity 98748K, committed 98816K, reserved 1136640K
  class space    used 11436K, capacity 12010K, committed 12032K, reserved 1048576K
}
{Heap before GC invocations=464 (full 3):
 PSYoungGen      total 79360K, used 74272K [0x00000000d5580000, 0x00000000daa80000, 0x0000000100000000)
  eden space 71680K, 100% used [0x00000000d5580000,0x00000000d9b80000,0x00000000d9b80000)
  from space 7680K, 33% used [0x00000000da300000,0x00000000da588010,0x00000000daa80000)
  to   space 7680K, 0% used [0x00000000d9b80000,0x00000000d9b80000,0x00000000da300000)
 ParOldGen       total 221696K, used 108341K [0x0000000080000000, 0x000000008d880000, 0x00000000d5580000)
  object space 221696K, 48% used [0x0000000080000000,0x00000000869cd6c0,0x000000008d880000)
 Metaspace       used 95350K, capacity 98748K, committed 98816K, reserved 1136640K
  class space    used 11436K, capacity 12010K, committed 12032K, reserved 1048576K
2023-10-03T11:10:59.148+0600: 1815923.392: [GC (Allocation Failure) [PSYoungGen: 74272K->2752K(79360K)] 182613K->111117K(301056K), 0.0138443 secs] [Times: user=0.02 sys=0.00, real=0.01 secs] 
Heap after GC invocations=464 (full 3):
 PSYoungGen      total 79360K, used 2752K [0x00000000d5580000, 0x00000000daa80000, 0x0000000100000000)
  eden space 71680K, 0% used [0x00000000d5580000,0x00000000d5580000,0x00000000d9b80000)
  from space 7680K, 35% used [0x00000000d9b80000,0x00000000d9e30020,0x00000000da300000)
  to   space 7168K, 0% used [0x00000000da380000,0x00000000da380000,0x00000000daa80000)
 ParOldGen       total 221696K, used 108365K [0x0000000080000000, 0x000000008d880000, 0x00000000d5580000)
  object space 221696K, 48% used [0x0000000080000000,0x00000000869d36c0,0x000000008d880000)
 Metaspace       used 95350K, capacity 98748K, committed 98816K, reserved 1136640K
  class space    used 11436K, capacity 12010K, committed 12032K, reserved 1048576K
}
{Heap before GC invocations=465 (full 3):
 PSYoungGen      total 79360K, used 74432K [0x00000000d5580000, 0x00000000daa80000, 0x0000000100000000)
  eden space 71680K, 100% used [0x00000000d5580000,0x00000000d9b80000,0x00000000d9b80000)
  from space 7680K, 35% used [0x00000000d9b80000,0x00000000d9e30020,0x00000000da300000)
  to   space 7168K, 0% used [0x00000000da380000,0x00000000da380000,0x00000000daa80000)
 ParOldGen       total 221696K, used 108365K [0x0000000080000000, 0x000000008d880000, 0x00000000d5580000)
  object space 221696K, 48% used [0x0000000080000000,0x00000000869d36c0,0x000000008d880000)
 Metaspace       used 95350K, capacity 98748K, committed 98816K, reserved 1136640K
  class space    used 11436K, capacity 12010K, committed 12032K, reserved 1048576K
2023-10-03T12:02:44.722+0600: 1819028.965: [GC (Allocation Failure) [PSYoungGen: 74432K->3344K(79872K)] 182797K->111710K(301568K), 0.0110392 secs] [Times: user=0.02 sys=0.00, real=0.01 secs] 
Heap after GC invocations=465 (full 3):
 PSYoungGen      total 79872K, used 3344K [0x00000000d5580000, 0x00000000daa80000, 0x0000000100000000)
  eden space 72704K, 0% used [0x00000000d5580000,0x00000000d5580000,0x00000000d9c80000)
  from space 7168K, 46% used [0x00000000da380000,0x00000000da6c4270,0x00000000daa80000)
  to   space 7168K, 0% used [0x00000000d9c80000,0x00000000d9c80000,0x00000000da380000)
 ParOldGen       total 221696K, used 108365K [0x0000000080000000, 0x000000008d880000, 0x00000000d5580000)
  object space 221696K, 48% used [0x0000000080000000,0x00000000869d36c0,0x000000008d880000)
 Metaspace       used 95350K, capacity 98748K, committed 98816K, reserved 1136640K
  class space    used 11436K, capacity 12010K, committed 12032K, reserved 1048576K
}
{Heap before GC invocations=466 (full 3):
 PSYoungGen      total 79872K, used 76048K [0x00000000d5580000, 0x00000000daa80000, 0x0000000100000000)
  eden space 72704K, 100% used [0x00000000d5580000,0x00000000d9c80000,0x00000000d9c80000)
  from space 7168K, 46% used [0x00000000da380000,0x00000000da6c4270,0x00000000daa80000)
  to   space 7168K, 0% used [0x00000000d9c80000,0x00000000d9c80000,0x00000000da380000)
 ParOldGen       total 221696K, used 108365K [0x0000000080000000, 0x000000008d880000, 0x00000000d5580000)
  object space 221696K, 48% used [0x0000000080000000,0x00000000869d36c0,0x000000008d880000)
 Metaspace       used 95353K, capacity 98748K, committed 98816K, reserved 1136640K
  class space    used 11436K, capacity 12010K, committed 12032K, reserved 1048576K
2023-10-03T12:36:59.189+0600: 1821083.432: [GC (Allocation Failure) [PSYoungGen: 76048K->5639K(78848K)] 184414K->114005K(300544K), 0.0163683 secs] [Times: user=0.02 sys=0.00, real=0.02 secs] 
Heap after GC invocations=466 (full 3):
 PSYoungGen      total 78848K, used 5639K [0x00000000d5580000, 0x00000000daa80000, 0x0000000100000000)
  eden space 72704K, 0% used [0x00000000d5580000,0x00000000d5580000,0x00000000d9c80000)
  from space 6144K, 91% used [0x00000000d9c80000,0x00000000da201d50,0x00000000da280000)
  to   space 7680K, 0% used [0x00000000da300000,0x00000000da300000,0x00000000daa80000)
 ParOldGen       total 221696K, used 108365K [0x0000000080000000, 0x000000008d880000, 0x00000000d5580000)
  object space 221696K, 48% used [0x0000000080000000,0x00000000869d36c0,0x000000008d880000)
 Metaspace       used 95353K, capacity 98748K, committed 98816K, reserved 1136640K
  class space    used 11436K, capacity 12010K, committed 12032K, reserved 1048576K
}
{Heap before GC invocations=467 (full 3):
 PSYoungGen      total 78848K, used 78343K [0x00000000d5580000, 0x00000000daa80000, 0x0000000100000000)
  eden space 72704K, 100% used [0x00000000d5580000,0x00000000d9c80000,0x00000000d9c80000)
  from space 6144K, 91% used [0x00000000d9c80000,0x00000000da201d50,0x00000000da280000)
  to   space 7680K, 0% used [0x00000000da300000,0x00000000da300000,0x00000000daa80000)
 ParOldGen       total 221696K, used 108365K [0x0000000080000000, 0x000000008d880000, 0x00000000d5580000)
  object space 221696K, 48% used [0x0000000080000000,0x00000000869d36c0,0x000000008d880000)
 Metaspace       used 95354K, capacity 98748K, committed 98816K, reserved 1136640K
  class space    used 11436K, capacity 12010K, committed 12032K, reserved 1048576K
2023-10-03T13:13:29.966+0600: 1823274.209: [GC (Allocation Failure) [PSYoungGen: 78343K->5956K(78848K)] 186709K->114358K(300544K), 0.0211962 secs] [Times: user=0.03 sys=0.00, real=0.02 secs] 
Heap after GC invocations=467 (full 3):
 PSYoungGen      total 78848K, used 5956K [0x00000000d5580000, 0x00000000dab80000, 0x0000000100000000)
  eden space 71168K, 0% used [0x00000000d5580000,0x00000000d5580000,0x00000000d9b00000)
  from space 7680K, 77% used [0x00000000da300000,0x00000000da8d1030,0x00000000daa80000)
  to   space 8192K, 0% used [0x00000000d9b00000,0x00000000d9b00000,0x00000000da300000)
 ParOldGen       total 221696K, used 108402K [0x0000000080000000, 0x000000008d880000, 0x00000000d5580000)
  object space 221696K, 48% used [0x0000000080000000,0x00000000869dca50,0x000000008d880000)
 Metaspace       used 95354K, capacity 98748K, committed 98816K, reserved 1136640K
  class space    used 11436K, capacity 12010K, committed 12032K, reserved 1048576K
}
{Heap before GC invocations=468 (full 3):
 PSYoungGen      total 78848K, used 77118K [0x00000000d5580000, 0x00000000dab80000, 0x0000000100000000)
  eden space 71168K, 99% used [0x00000000d5580000,0x00000000d9afe920,0x00000000d9b00000)
  from space 7680K, 77% used [0x00000000da300000,0x00000000da8d1030,0x00000000daa80000)
  to   space 8192K, 0% used [0x00000000d9b00000,0x00000000d9b00000,0x00000000da300000)
 ParOldGen       total 221696K, used 108402K [0x0000000080000000, 0x000000008d880000, 0x00000000d5580000)
  object space 221696K, 48% used [0x0000000080000000,0x00000000869dca50,0x000000008d880000)
 Metaspace       used 95354K, capacity 98748K, committed 98816K, reserved 1136640K
  class space    used 11436K, capacity 12010K, committed 12032K, reserved 1048576K
2023-10-03T13:44:44.326+0600: 1825148.569: [GC (Allocation Failure) [PSYoungGen: 77118K->6470K(76800K)] 185520K->114873K(298496K), 0.0152679 secs] [Times: user=0.03 sys=0.00, real=0.01 secs] 
Heap after GC invocations=468 (full 3):
 PSYoungGen      total 76800K, used 6470K [0x00000000d5580000, 0x00000000dab00000, 0x0000000100000000)
  eden space 70144K, 0% used [0x00000000d5580000,0x00000000d5580000,0x00000000d9a00000)
  from space 6656K, 97% used [0x00000000d9b00000,0x00000000da151ab0,0x00000000da180000)
  to   space 8704K, 0% used [0x00000000da280000,0x00000000da280000,0x00000000dab00000)
 ParOldGen       total 221696K, used 108402K [0x0000000080000000, 0x000000008d880000, 0x00000000d5580000)
  object space 221696K, 48% used [0x0000000080000000,0x00000000869dca50,0x000000008d880000)
 Metaspace       used 95354K, capacity 98748K, committed 98816K, reserved 1136640K
  class space    used 11436K, capacity 12010K, committed 12032K, reserved 1048576K
}
{Heap before GC invocations=469 (full 3):
 PSYoungGen      total 76800K, used 76614K [0x00000000d5580000, 0x00000000dab00000, 0x0000000100000000)
  eden space 70144K, 100% used [0x00000000d5580000,0x00000000d9a00000,0x00000000d9a00000)
  from space 6656K, 97% used [0x00000000d9b00000,0x00000000da151ab0,0x00000000da180000)
  to   space 8704K, 0% used [0x00000000da280000,0x00000000da280000,0x00000000dab00000)
 ParOldGen       total 221696K, used 108402K [0x0000000080000000, 0x000000008d880000, 0x00000000d5580000)
  object space 221696K, 48% used [0x0000000080000000,0x00000000869dca50,0x000000008d880000)
 Metaspace       used 95354K, capacity 98748K, committed 98816K, reserved 1136640K
  class space    used 11436K, capacity 12010K, committed 12032K, reserved 1048576K
2023-10-03T14:19:23.695+0600: 1827227.938: [GC (Allocation Failure) [PSYoungGen: 76614K->6740K(77824K)] 185017K->115143K(299520K), 0.0176045 secs] [Times: user=0.03 sys=0.00, real=0.01 secs] 
Heap after GC invocations=469 (full 3):
 PSYoungGen      total 77824K, used 6740K [0x00000000d5580000, 0x00000000dab00000, 0x0000000100000000)
  eden space 69120K, 0% used [0x00000000d5580000,0x00000000d5580000,0x00000000d9900000)
  from space 8704K, 77% used [0x00000000da280000,0x00000000da9151b0,0x00000000dab00000)
  to   space 9216K, 0% used [0x00000000d9900000,0x00000000d9900000,0x00000000da200000)
 ParOldGen       total 221696K, used 108402K [0x0000000080000000, 0x000000008d880000, 0x00000000d5580000)
  object space 221696K, 48% used [0x0000000080000000,0x00000000869dca50,0x000000008d880000)
 Metaspace       used 95354K, capacity 98748K, committed 98816K, reserved 1136640K
  class space    used 11436K, capacity 12010K, committed 12032K, reserved 1048576K
}
{Heap before GC invocations=470 (full 3):
 PSYoungGen      total 77824K, used 75860K [0x00000000d5580000, 0x00000000dab00000, 0x0000000100000000)
  eden space 69120K, 100% used [0x00000000d5580000,0x00000000d9900000,0x00000000d9900000)
  from space 8704K, 77% used [0x00000000da280000,0x00000000da9151b0,0x00000000dab00000)
  to   space 9216K, 0% used [0x00000000d9900000,0x00000000d9900000,0x00000000da200000)
 ParOldGen       total 221696K, used 108402K [0x0000000080000000, 0x000000008d880000, 0x00000000d5580000)
  object space 221696K, 48% used [0x0000000080000000,0x00000000869dca50,0x000000008d880000)
 Metaspace       used 95354K, capacity 98748K, committed 98816K, reserved 1136640K
  class space    used 11436K, capacity 12010K, committed 12032K, reserved 1048576K
2023-10-03T15:03:44.441+0600: 1829888.684: [GC (Allocation Failure) [PSYoungGen: 75860K->4721K(78336K)] 184263K->113123K(300032K), 0.0199883 secs] [Times: user=0.03 sys=0.00, real=0.02 secs] 
Heap after GC invocations=470 (full 3):
 PSYoungGen      total 78336K, used 4721K [0x00000000d5580000, 0x00000000daa80000, 0x0000000100000000)
  eden space 69120K, 0% used [0x00000000d5580000,0x00000000d5580000,0x00000000d9900000)
  from space 9216K, 51% used [0x00000000d9900000,0x00000000d9d9c4e0,0x00000000da200000)
  to   space 8704K, 0% used [0x00000000da200000,0x00000000da200000,0x00000000daa80000)
 ParOldGen       total 221696K, used 108402K [0x0000000080000000, 0x000000008d880000, 0x00000000d5580000)
  object space 221696K, 48% used [0x0000000080000000,0x00000000869dca50,0x000000008d880000)
 Metaspace       used 95354K, capacity 98748K, committed 98816K, reserved 1136640K
  class space    used 11436K, capacity 12010K, committed 12032K, reserved 1048576K
}
{Heap before GC invocations=471 (full 3):
 PSYoungGen      total 78336K, used 73841K [0x00000000d5580000, 0x00000000daa80000, 0x0000000100000000)
  eden space 69120K, 100% used [0x00000000d5580000,0x00000000d9900000,0x00000000d9900000)
  from space 9216K, 51% used [0x00000000d9900000,0x00000000d9d9c4e0,0x00000000da200000)
  to   space 8704K, 0% used [0x00000000da200000,0x00000000da200000,0x00000000daa80000)
 ParOldGen       total 221696K, used 108402K [0x0000000080000000, 0x000000008d880000, 0x00000000d5580000)
  object space 221696K, 48% used [0x0000000080000000,0x00000000869dca50,0x000000008d880000)
 Metaspace       used 95354K, capacity 98748K, committed 98816K, reserved 1136640K
  class space    used 11436K, capacity 12010K, committed 12032K, reserved 1048576K
2023-10-03T15:37:06.841+0600: 1831891.085: [GC (Allocation Failure) [PSYoungGen: 73841K->6085K(78336K)] 182243K->114504K(300032K), 0.0185543 secs] [Times: user=0.03 sys=0.00, real=0.02 secs] 
Heap after GC invocations=471 (full 3):
 PSYoungGen      total 78336K, used 6085K [0x00000000d5580000, 0x00000000daa80000, 0x0000000100000000)
  eden space 69632K, 0% used [0x00000000d5580000,0x00000000d5580000,0x00000000d9980000)
  from space 8704K, 69% used [0x00000000da200000,0x00000000da7f16b0,0x00000000daa80000)
  to   space 8704K, 0% used [0x00000000d9980000,0x00000000d9980000,0x00000000da200000)
 ParOldGen       total 221696K, used 108418K [0x0000000080000000, 0x000000008d880000, 0x00000000d5580000)
  object space 221696K, 48% used [0x0000000080000000,0x00000000869e0a50,0x000000008d880000)
 Metaspace       used 95354K, capacity 98748K, committed 98816K, reserved 1136640K
  class space    used 11436K, capacity 12010K, committed 12032K, reserved 1048576K
}
{Heap before GC invocations=472 (full 3):
 PSYoungGen      total 78336K, used 75717K [0x00000000d5580000, 0x00000000daa80000, 0x0000000100000000)
  eden space 69632K, 100% used [0x00000000d5580000,0x00000000d9980000,0x00000000d9980000)
  from space 8704K, 69% used [0x00000000da200000,0x00000000da7f16b0,0x00000000daa80000)
  to   space 8704K, 0% used [0x00000000d9980000,0x00000000d9980000,0x00000000da200000)
 ParOldGen       total 221696K, used 108418K [0x0000000080000000, 0x000000008d880000, 0x00000000d5580000)
  object space 221696K, 48% used [0x0000000080000000,0x00000000869e0a50,0x000000008d880000)
 Metaspace       used 95355K, capacity 98748K, committed 98816K, reserved 1136640K
  class space    used 11436K, capacity 12010K, committed 12032K, reserved 1048576K
2023-10-03T16:21:32.942+0600: 1834557.186: [GC (Allocation Failure) [PSYoungGen: 75717K->4867K(78336K)] 184136K->113302K(300032K), 0.0162954 secs] [Times: user=0.02 sys=0.00, real=0.02 secs] 
Heap after GC invocations=472 (full 3):
 PSYoungGen      total 78336K, used 4867K [0x00000000d5580000, 0x00000000daa80000, 0x0000000100000000)
  eden space 69632K, 0% used [0x00000000d5580000,0x00000000d5580000,0x00000000d9980000)
  from space 8704K, 55% used [0x00000000d9980000,0x00000000d9e40fd0,0x00000000da200000)
  to   space 8704K, 0% used [0x00000000da200000,0x00000000da200000,0x00000000daa80000)
 ParOldGen       total 221696K, used 108434K [0x0000000080000000, 0x000000008d880000, 0x00000000d5580000)
  object space 221696K, 48% used [0x0000000080000000,0x00000000869e4a50,0x000000008d880000)
 Metaspace       used 95355K, capacity 98748K, committed 98816K, reserved 1136640K
  class space    used 11436K, capacity 12010K, committed 12032K, reserved 1048576K
}
{Heap before GC invocations=473 (full 3):
 PSYoungGen      total 78336K, used 74499K [0x00000000d5580000, 0x00000000daa80000, 0x0000000100000000)
  eden space 69632K, 100% used [0x00000000d5580000,0x00000000d9980000,0x00000000d9980000)
  from space 8704K, 55% used [0x00000000d9980000,0x00000000d9e40fd0,0x00000000da200000)
  to   space 8704K, 0% used [0x00000000da200000,0x00000000da200000,0x00000000daa80000)
 ParOldGen       total 221696K, used 108434K [0x0000000080000000, 0x000000008d880000, 0x00000000d5580000)
  object space 221696K, 48% used [0x0000000080000000,0x00000000869e4a50,0x000000008d880000)
 Metaspace       used 95356K, capacity 98748K, committed 98816K, reserved 1136640K
  class space    used 11436K, capacity 12010K, committed 12032K, reserved 1048576K
2023-10-03T17:02:43.836+0600: 1837028.080: [GC (Allocation Failure) [PSYoungGen: 74499K->5297K(78336K)] 182934K->113739K(300032K), 0.0202607 secs] [Times: user=0.03 sys=0.00, real=0.02 secs] 
Heap after GC invocations=473 (full 3):
 PSYoungGen      total 78336K, used 5297K [0x00000000d5580000, 0x00000000daa80000, 0x0000000100000000)
  eden space 69632K, 0% used [0x00000000d5580000,0x00000000d5580000,0x00000000d9980000)
  from space 8704K, 60% used [0x00000000da200000,0x00000000da72c4f0,0x00000000daa80000)
  to   space 8704K, 0% used [0x00000000d9980000,0x00000000d9980000,0x00000000da200000)
 ParOldGen       total 221696K, used 108442K [0x0000000080000000, 0x000000008d880000, 0x00000000d5580000)
  object space 221696K, 48% used [0x0000000080000000,0x00000000869e6a50,0x000000008d880000)
 Metaspace       used 95356K, capacity 98748K, committed 98816K, reserved 1136640K
  class space    used 11436K, capacity 12010K, committed 12032K, reserved 1048576K
}
{Heap before GC invocations=474 (full 3):
 PSYoungGen      total 78336K, used 74929K [0x00000000d5580000, 0x00000000daa80000, 0x0000000100000000)
  eden space 69632K, 100% used [0x00000000d5580000,0x00000000d9980000,0x00000000d9980000)
  from space 8704K, 60% used [0x00000000da200000,0x00000000da72c4f0,0x00000000daa80000)
  to   space 8704K, 0% used [0x00000000d9980000,0x00000000d9980000,0x00000000da200000)
 ParOldGen       total 221696K, used 108442K [0x0000000080000000, 0x000000008d880000, 0x00000000d5580000)
  object space 221696K, 48% used [0x0000000080000000,0x00000000869e6a50,0x000000008d880000)
 Metaspace       used 95361K, capacity 98748K, committed 98816K, reserved 1136640K
  class space    used 11436K, capacity 12010K, committed 12032K, reserved 1048576K
2023-10-03T17:30:41.983+0600: 1838706.226: [GC (Allocation Failure) [PSYoungGen: 74929K->6902K(78336K)] 183371K->115352K(300032K), 0.0150279 secs] [Times: user=0.01 sys=0.01, real=0.02 secs] 
Heap after GC invocations=474 (full 3):
 PSYoungGen      total 78336K, used 6902K [0x00000000d5580000, 0x00000000daa80000, 0x0000000100000000)
  eden space 69632K, 0% used [0x00000000d5580000,0x00000000d5580000,0x00000000d9980000)
  from space 8704K, 79% used [0x00000000d9980000,0x00000000da03d850,0x00000000da200000)
  to   space 8704K, 0% used [0x00000000da200000,0x00000000da200000,0x00000000daa80000)
 ParOldGen       total 221696K, used 108450K [0x0000000080000000, 0x000000008d880000, 0x00000000d5580000)
  object space 221696K, 48% used [0x0000000080000000,0x00000000869e8a50,0x000000008d880000)
 Metaspace       used 95361K, capacity 98748K, committed 98816K, reserved 1136640K
  class space    used 11436K, capacity 12010K, committed 12032K, reserved 1048576K
}
{Heap before GC invocations=475 (full 3):
 PSYoungGen      total 78336K, used 76532K [0x00000000d5580000, 0x00000000daa80000, 0x0000000100000000)
  eden space 69632K, 99% used [0x00000000d5580000,0x00000000d997f888,0x00000000d9980000)
  from space 8704K, 79% used [0x00000000d9980000,0x00000000da03d850,0x00000000da200000)
  to   space 8704K, 0% used [0x00000000da200000,0x00000000da200000,0x00000000daa80000)
 ParOldGen       total 221696K, used 108450K [0x0000000080000000, 0x000000008d880000, 0x00000000d5580000)
  object space 221696K, 48% used [0x0000000080000000,0x00000000869e8a50,0x000000008d880000)
 Metaspace       used 95361K, capacity 98748K, committed 98816K, reserved 1136640K
  class space    used 11436K, capacity 12010K, committed 12032K, reserved 1048576K
2023-10-03T18:21:16.981+0600: 1841741.224: [GC (Allocation Failure) [PSYoungGen: 76532K->5794K(78336K)] 184982K->114252K(300032K), 0.0135695 secs] [Times: user=0.02 sys=0.00, real=0.02 secs] 
Heap after GC invocations=475 (full 3):
 PSYoungGen      total 78336K, used 5794K [0x00000000d5580000, 0x00000000daa80000, 0x0000000100000000)
  eden space 69632K, 0% used [0x00000000d5580000,0x00000000d5580000,0x00000000d9980000)
  from space 8704K, 66% used [0x00000000da200000,0x00000000da7a8920,0x00000000daa80000)
  to   space 8704K, 0% used [0x00000000d9980000,0x00000000d9980000,0x00000000da200000)
 ParOldGen       total 221696K, used 108458K [0x0000000080000000, 0x000000008d880000, 0x00000000d5580000)
  object space 221696K, 48% used [0x0000000080000000,0x00000000869eaa50,0x000000008d880000)
 Metaspace       used 95361K, capacity 98748K, committed 98816K, reserved 1136640K
  class space    used 11436K, capacity 12010K, committed 12032K, reserved 1048576K
}
{Heap before GC invocations=476 (full 3):
 PSYoungGen      total 78336K, used 75420K [0x00000000d5580000, 0x00000000daa80000, 0x0000000100000000)
  eden space 69632K, 99% used [0x00000000d5580000,0x00000000d997e9d8,0x00000000d9980000)
  from space 8704K, 66% used [0x00000000da200000,0x00000000da7a8920,0x00000000daa80000)
  to   space 8704K, 0% used [0x00000000d9980000,0x00000000d9980000,0x00000000da200000)
 ParOldGen       total 221696K, used 108458K [0x0000000080000000, 0x000000008d880000, 0x00000000d5580000)
  object space 221696K, 48% used [0x0000000080000000,0x00000000869eaa50,0x000000008d880000)
 Metaspace       used 95361K, capacity 98748K, committed 98816K, reserved 1136640K
  class space    used 11436K, capacity 12010K, committed 12032K, reserved 1048576K
2023-10-03T19:08:18.835+0600: 1844563.078: [GC (Allocation Failure) [PSYoungGen: 75420K->4768K(78336K)] 183879K->113234K(300032K), 0.0187367 secs] [Times: user=0.03 sys=0.00, real=0.02 secs] 
Heap after GC invocations=476 (full 3):
 PSYoungGen      total 78336K, used 4768K [0x00000000d5580000, 0x00000000daa80000, 0x0000000100000000)
  eden space 69632K, 0% used [0x00000000d5580000,0x00000000d5580000,0x00000000d9980000)
  from space 8704K, 54% used [0x00000000d9980000,0x00000000d9e28060,0x00000000da200000)
  to   space 8704K, 0% used [0x00000000da200000,0x00000000da200000,0x00000000daa80000)
 ParOldGen       total 221696K, used 108466K [0x0000000080000000, 0x000000008d880000, 0x00000000d5580000)
  object space 221696K, 48% used [0x0000000080000000,0x00000000869eca50,0x000000008d880000)
 Metaspace       used 95361K, capacity 98748K, committed 98816K, reserved 1136640K
  class space    used 11436K, capacity 12010K, committed 12032K, reserved 1048576K
}
{Heap before GC invocations=477 (full 3):
 PSYoungGen      total 78336K, used 74400K [0x00000000d5580000, 0x00000000daa80000, 0x0000000100000000)
  eden space 69632K, 100% used [0x00000000d5580000,0x00000000d9980000,0x00000000d9980000)
  from space 8704K, 54% used [0x00000000d9980000,0x00000000d9e28060,0x00000000da200000)
  to   space 8704K, 0% used [0x00000000da200000,0x00000000da200000,0x00000000daa80000)
 ParOldGen       total 221696K, used 108466K [0x0000000080000000, 0x000000008d880000, 0x00000000d5580000)
  object space 221696K, 48% used [0x0000000080000000,0x00000000869eca50,0x000000008d880000)
 Metaspace       used 95369K, capacity 98748K, committed 98816K, reserved 1136640K
  class space    used 11436K, capacity 12010K, committed 12032K, reserved 1048576K
2023-10-03T19:47:10.296+0600: 1846894.539: [GC (Allocation Failure) [PSYoungGen: 74400K->5282K(78848K)] 182866K->113749K(300544K), 0.0179409 secs] [Times: user=0.03 sys=0.00, real=0.02 secs] 
Heap after GC invocations=477 (full 3):
 PSYoungGen      total 78848K, used 5282K [0x00000000d5580000, 0x00000000daa80000, 0x0000000100000000)
  eden space 70144K, 0% used [0x00000000d5580000,0x00000000d5580000,0x00000000d9a00000)
  from space 8704K, 60% used [0x00000000da200000,0x00000000da728b90,0x00000000daa80000)
  to   space 8192K, 0% used [0x00000000d9a00000,0x00000000d9a00000,0x00000000da200000)
 ParOldGen       total 221696K, used 108466K [0x0000000080000000, 0x000000008d880000, 0x00000000d5580000)
  object space 221696K, 48% used [0x0000000080000000,0x00000000869eca50,0x000000008d880000)
 Metaspace       used 95369K, capacity 98748K, committed 98816K, reserved 1136640K
  class space    used 11436K, capacity 12010K, committed 12032K, reserved 1048576K
}
{Heap before GC invocations=478 (full 3):
 PSYoungGen      total 78848K, used 75426K [0x00000000d5580000, 0x00000000daa80000, 0x0000000100000000)
  eden space 70144K, 100% used [0x00000000d5580000,0x00000000d9a00000,0x00000000d9a00000)
  from space 8704K, 60% used [0x00000000da200000,0x00000000da728b90,0x00000000daa80000)
  to   space 8192K, 0% used [0x00000000d9a00000,0x00000000d9a00000,0x00000000da200000)
 ParOldGen       total 221696K, used 108466K [0x0000000080000000, 0x000000008d880000, 0x00000000d5580000)
  object space 221696K, 48% used [0x0000000080000000,0x00000000869eca50,0x000000008d880000)
 Metaspace       used 95377K, capacity 98812K, committed 98892K, reserved 1136640K
  class space    used 11436K, capacity 12010K, committed 12032K, reserved 1048576K
2023-10-03T20:09:51.121+0600: 1848255.364: [GC (Allocation Failure) [PSYoungGen: 75426K->7574K(78336K)] 183893K->116056K(300032K), 0.0163703 secs] [Times: user=0.01 sys=0.02, real=0.02 secs] 
Heap after GC invocations=478 (full 3):
 PSYoungGen      total 78336K, used 7574K [0x00000000d5580000, 0x00000000daa80000, 0x0000000100000000)
  eden space 70144K, 0% used [0x00000000d5580000,0x00000000d5580000,0x00000000d9a00000)
  from space 8192K, 92% used [0x00000000d9a00000,0x00000000da165910,0x00000000da200000)
  to   space 8704K, 0% used [0x00000000da200000,0x00000000da200000,0x00000000daa80000)
 ParOldGen       total 221696K, used 108482K [0x0000000080000000, 0x000000008d880000, 0x00000000d5580000)
  object space 221696K, 48% used [0x0000000080000000,0x00000000869f0a50,0x000000008d880000)
 Metaspace       used 95377K, capacity 98812K, committed 98892K, reserved 1136640K
  class space    used 11436K, capacity 12010K, committed 12032K, reserved 1048576K
}
{Heap before GC invocations=479 (full 3):
 PSYoungGen      total 78336K, used 77718K [0x00000000d5580000, 0x00000000daa80000, 0x0000000100000000)
  eden space 70144K, 100% used [0x00000000d5580000,0x00000000d9a00000,0x00000000d9a00000)
  from space 8192K, 92% used [0x00000000d9a00000,0x00000000da165910,0x00000000da200000)
  to   space 8704K, 0% used [0x00000000da200000,0x00000000da200000,0x00000000daa80000)
 ParOldGen       total 221696K, used 108482K [0x0000000080000000, 0x000000008d880000, 0x00000000d5580000)
  object space 221696K, 48% used [0x0000000080000000,0x00000000869f0a50,0x000000008d880000)
 Metaspace       used 95377K, capacity 98812K, committed 98892K, reserved 1136640K
  class space    used 11436K, capacity 12010K, committed 12032K, reserved 1048576K
2023-10-03T20:43:08.306+0600: 1850252.549: [GC (Allocation Failure) [PSYoungGen: 77718K->7476K(77824K)] 186200K->115982K(299520K), 0.0119979 secs] [Times: user=0.02 sys=0.00, real=0.01 secs] 
Heap after GC invocations=479 (full 3):
 PSYoungGen      total 77824K, used 7476K [0x00000000d5580000, 0x00000000dab00000, 0x0000000100000000)
  eden space 69120K, 0% used [0x00000000d5580000,0x00000000d5580000,0x00000000d9900000)
  from space 8704K, 85% used [0x00000000da200000,0x00000000da94d0b8,0x00000000daa80000)
  to   space 9216K, 0% used [0x00000000d9900000,0x00000000d9900000,0x00000000da200000)
 ParOldGen       total 221696K, used 108506K [0x0000000080000000, 0x000000008d880000, 0x00000000d5580000)
  object space 221696K, 48% used [0x0000000080000000,0x00000000869f6a50,0x000000008d880000)
 Metaspace       used 95377K, capacity 98812K, committed 98892K, reserved 1136640K
  class space    used 11436K, capacity 12010K, committed 12032K, reserved 1048576K
}
{Heap before GC invocations=480 (full 3):
 PSYoungGen      total 77824K, used 76596K [0x00000000d5580000, 0x00000000dab00000, 0x0000000100000000)
  eden space 69120K, 100% used [0x00000000d5580000,0x00000000d9900000,0x00000000d9900000)
  from space 8704K, 85% used [0x00000000da200000,0x00000000da94d0b8,0x00000000daa80000)
  to   space 9216K, 0% used [0x00000000d9900000,0x00000000d9900000,0x00000000da200000)
 ParOldGen       total 221696K, used 108506K [0x0000000080000000, 0x000000008d880000, 0x00000000d5580000)
  object space 221696K, 48% used [0x0000000080000000,0x00000000869f6a50,0x000000008d880000)
 Metaspace       used 95377K, capacity 98812K, committed 98892K, reserved 1136640K
  class space    used 11436K, capacity 12010K, committed 12032K, reserved 1048576K
2023-10-03T21:03:43.655+0600: 1851487.898: [GC (Allocation Failure) [PSYoungGen: 76596K->7799K(77824K)] 185102K->116337K(299520K), 0.0132362 secs] [Times: user=0.01 sys=0.01, real=0.01 secs] 
Heap after GC invocations=480 (full 3):
 PSYoungGen      total 77824K, used 7799K [0x00000000d5580000, 0x00000000dab80000, 0x0000000100000000)
  eden space 68608K, 0% used [0x00000000d5580000,0x00000000d5580000,0x00000000d9880000)
  from space 9216K, 84% used [0x00000000d9900000,0x00000000da09dc28,0x00000000da200000)
  to   space 9728K, 0% used [0x00000000da200000,0x00000000da200000,0x00000000dab80000)
 ParOldGen       total 221696K, used 108538K [0x0000000080000000, 0x000000008d880000, 0x00000000d5580000)
  object space 221696K, 48% used [0x0000000080000000,0x00000000869fea50,0x000000008d880000)
 Metaspace       used 95377K, capacity 98812K, committed 98892K, reserved 1136640K
  class space    used 11436K, capacity 12010K, committed 12032K, reserved 1048576K
}
{Heap before GC invocations=481 (full 3):
 PSYoungGen      total 77824K, used 76407K [0x00000000d5580000, 0x00000000dab80000, 0x0000000100000000)
  eden space 68608K, 100% used [0x00000000d5580000,0x00000000d9880000,0x00000000d9880000)
  from space 9216K, 84% used [0x00000000d9900000,0x00000000da09dc28,0x00000000da200000)
  to   space 9728K, 0% used [0x00000000da200000,0x00000000da200000,0x00000000dab80000)
 ParOldGen       total 221696K, used 108538K [0x0000000080000000, 0x000000008d880000, 0x00000000d5580000)
  object space 221696K, 48% used [0x0000000080000000,0x00000000869fea50,0x000000008d880000)
 Metaspace       used 95377K, capacity 98812K, committed 98892K, reserved 1136640K
  class space    used 11436K, capacity 12010K, committed 12032K, reserved 1048576K
2023-10-03T21:48:28.229+0600: 1854172.472: [GC (Allocation Failure) [PSYoungGen: 76407K->6034K(77312K)] 184945K->114674K(299008K), 0.0177175 secs] [Times: user=0.03 sys=0.00, real=0.02 secs] 
Heap after GC invocations=481 (full 3):
 PSYoungGen      total 77312K, used 6034K [0x00000000d5580000, 0x00000000dab00000, 0x0000000100000000)
  eden space 68096K, 0% used [0x00000000d5580000,0x00000000d5580000,0x00000000d9800000)
  from space 9216K, 65% used [0x00000000da200000,0x00000000da7e4b30,0x00000000dab00000)
  to   space 9728K, 0% used [0x00000000d9800000,0x00000000d9800000,0x00000000da180000)
 ParOldGen       total 221696K, used 108640K [0x0000000080000000, 0x000000008d880000, 0x00000000d5580000)
  object space 221696K, 49% used [0x0000000080000000,0x0000000086a18010,0x000000008d880000)
 Metaspace       used 95377K, capacity 98812K, committed 98892K, reserved 1136640K
  class space    used 11436K, capacity 12010K, committed 12032K, reserved 1048576K
}
{Heap before GC invocations=482 (full 3):
 PSYoungGen      total 77312K, used 74130K [0x00000000d5580000, 0x00000000dab00000, 0x0000000100000000)
  eden space 68096K, 100% used [0x00000000d5580000,0x00000000d9800000,0x00000000d9800000)
  from space 9216K, 65% used [0x00000000da200000,0x00000000da7e4b30,0x00000000dab00000)
  to   space 9728K, 0% used [0x00000000d9800000,0x00000000d9800000,0x00000000da180000)
 ParOldGen       total 221696K, used 108640K [0x0000000080000000, 0x000000008d880000, 0x00000000d5580000)
  object space 221696K, 49% used [0x0000000080000000,0x0000000086a18010,0x000000008d880000)
 Metaspace       used 95377K, capacity 98812K, committed 98892K, reserved 1136640K
  class space    used 11436K, capacity 12010K, committed 12032K, reserved 1048576K
2023-10-03T22:44:49.550+0600: 1857553.794: [GC (Allocation Failure) [PSYoungGen: 74130K->3360K(71680K)] 182770K->112104K(293376K), 0.0177408 secs] [Times: user=0.03 sys=0.00, real=0.02 secs] 
Heap after GC invocations=482 (full 3):
 PSYoungGen      total 71680K, used 3360K [0x00000000d5580000, 0x00000000daa80000, 0x0000000100000000)
  eden space 68096K, 0% used [0x00000000d5580000,0x00000000d5580000,0x00000000d9800000)
  from space 3584K, 93% used [0x00000000d9800000,0x00000000d9b48000,0x00000000d9b80000)
  to   space 9728K, 0% used [0x00000000da100000,0x00000000da100000,0x00000000daa80000)
 ParOldGen       total 221696K, used 108744K [0x0000000080000000, 0x000000008d880000, 0x00000000d5580000)
  object space 221696K, 49% used [0x0000000080000000,0x0000000086a32010,0x000000008d880000)
 Metaspace       used 95377K, capacity 98812K, committed 98892K, reserved 1136640K
  class space    used 11436K, capacity 12010K, committed 12032K, reserved 1048576K
}
{Heap before GC invocations=483 (full 3):
 PSYoungGen      total 71680K, used 71456K [0x00000000d5580000, 0x00000000daa80000, 0x0000000100000000)
  eden space 68096K, 100% used [0x00000000d5580000,0x00000000d9800000,0x00000000d9800000)
  from space 3584K, 93% used [0x00000000d9800000,0x00000000d9b48000,0x00000000d9b80000)
  to   space 9728K, 0% used [0x00000000da100000,0x00000000da100000,0x00000000daa80000)
 ParOldGen       total 221696K, used 108744K [0x0000000080000000, 0x000000008d880000, 0x00000000d5580000)
  object space 221696K, 49% used [0x0000000080000000,0x0000000086a32010,0x000000008d880000)
 Metaspace       used 95377K, capacity 98812K, committed 98892K, reserved 1136640K
  class space    used 11436K, capacity 12010K, committed 12032K, reserved 1048576K
2023-10-03T23:41:11.190+0600: 1860935.433: [GC (Allocation Failure) [PSYoungGen: 71456K->3232K(77312K)] 180200K->112080K(299008K), 0.0145773 secs] [Times: user=0.02 sys=0.00, real=0.02 secs] 
Heap after GC invocations=483 (full 3):
 PSYoungGen      total 77312K, used 3232K [0x00000000d5580000, 0x00000000daa80000, 0x0000000100000000)
  eden space 67584K, 0% used [0x00000000d5580000,0x00000000d5580000,0x00000000d9780000)
  from space 9728K, 33% used [0x00000000da100000,0x00000000da428000,0x00000000daa80000)
  to   space 9728K, 0% used [0x00000000d9780000,0x00000000d9780000,0x00000000da100000)
 ParOldGen       total 221696K, used 108848K [0x0000000080000000, 0x000000008d880000, 0x00000000d5580000)
  object space 221696K, 49% used [0x0000000080000000,0x0000000086a4c010,0x000000008d880000)
 Metaspace       used 95377K, capacity 98812K, committed 98892K, reserved 1136640K
  class space    used 11436K, capacity 12010K, committed 12032K, reserved 1048576K
}
{Heap before GC invocations=484 (full 3):
 PSYoungGen      total 77312K, used 70816K [0x00000000d5580000, 0x00000000daa80000, 0x0000000100000000)
  eden space 67584K, 100% used [0x00000000d5580000,0x00000000d9780000,0x00000000d9780000)
  from space 9728K, 33% used [0x00000000da100000,0x00000000da428000,0x00000000daa80000)
  to   space 9728K, 0% used [0x00000000d9780000,0x00000000d9780000,0x00000000da100000)
 ParOldGen       total 221696K, used 108848K [0x0000000080000000, 0x000000008d880000, 0x00000000d5580000)
  object space 221696K, 49% used [0x0000000080000000,0x0000000086a4c010,0x000000008d880000)
 Metaspace       used 95377K, capacity 98812K, committed 98892K, reserved 1136640K
  class space    used 11436K, capacity 12010K, committed 12032K, reserved 1048576K
2023-10-04T00:36:29.810+0600: 1864254.053: [GC (Allocation Failure) [PSYoungGen: 70816K->3232K(77312K)] 179664K->112128K(299008K), 0.0159038 secs] [Times: user=0.03 sys=0.00, real=0.02 secs] 
Heap after GC invocations=484 (full 3):
 PSYoungGen      total 77312K, used 3232K [0x00000000d5580000, 0x00000000daa80000, 0x0000000100000000)
  eden space 67584K, 0% used [0x00000000d5580000,0x00000000d5580000,0x00000000d9780000)
  from space 9728K, 33% used [0x00000000d9780000,0x00000000d9aa8000,0x00000000da100000)
  to   space 9728K, 0% used [0x00000000da100000,0x00000000da100000,0x00000000daa80000)
 ParOldGen       total 221696K, used 108896K [0x0000000080000000, 0x000000008d880000, 0x00000000d5580000)
  object space 221696K, 49% used [0x0000000080000000,0x0000000086a58010,0x000000008d880000)
 Metaspace       used 95377K, capacity 98812K, committed 98892K, reserved 1136640K
  class space    used 11436K, capacity 12010K, committed 12032K, reserved 1048576K
}
{Heap before GC invocations=485 (full 3):
 PSYoungGen      total 77312K, used 70816K [0x00000000d5580000, 0x00000000daa80000, 0x0000000100000000)
  eden space 67584K, 100% used [0x00000000d5580000,0x00000000d9780000,0x00000000d9780000)
  from space 9728K, 33% used [0x00000000d9780000,0x00000000d9aa8000,0x00000000da100000)
  to   space 9728K, 0% used [0x00000000da100000,0x00000000da100000,0x00000000daa80000)
 ParOldGen       total 221696K, used 108896K [0x0000000080000000, 0x000000008d880000, 0x00000000d5580000)
  object space 221696K, 49% used [0x0000000080000000,0x0000000086a58010,0x000000008d880000)
 Metaspace       used 95377K, capacity 98812K, committed 98892K, reserved 1136640K
  class space    used 11436K, capacity 12010K, committed 12032K, reserved 1048576K
2023-10-04T01:30:38.883+0600: 1867503.126: [GC (Allocation Failure) [PSYoungGen: 70816K->3232K(77312K)] 179712K->112144K(299008K), 0.0152539 secs] [Times: user=0.03 sys=0.00, real=0.02 secs] 
Heap after GC invocations=485 (full 3):
 PSYoungGen      total 77312K, used 3232K [0x00000000d5580000, 0x00000000daa80000, 0x0000000100000000)
  eden space 67584K, 0% used [0x00000000d5580000,0x00000000d5580000,0x00000000d9780000)
  from space 9728K, 33% used [0x00000000da100000,0x00000000da428000,0x00000000daa80000)
  to   space 9728K, 0% used [0x00000000d9780000,0x00000000d9780000,0x00000000da100000)
 ParOldGen       total 221696K, used 108912K [0x0000000080000000, 0x000000008d880000, 0x00000000d5580000)
  object space 221696K, 49% used [0x0000000080000000,0x0000000086a5c010,0x000000008d880000)
 Metaspace       used 95377K, capacity 98812K, committed 98892K, reserved 1136640K
  class space    used 11436K, capacity 12010K, committed 12032K, reserved 1048576K
}
{Heap before GC invocations=486 (full 3):
 PSYoungGen      total 77312K, used 70816K [0x00000000d5580000, 0x00000000daa80000, 0x0000000100000000)
  eden space 67584K, 100% used [0x00000000d5580000,0x00000000d9780000,0x00000000d9780000)
  from space 9728K, 33% used [0x00000000da100000,0x00000000da428000,0x00000000daa80000)
  to   space 9728K, 0% used [0x00000000d9780000,0x00000000d9780000,0x00000000da100000)
 ParOldGen       total 221696K, used 108912K [0x0000000080000000, 0x000000008d880000, 0x00000000d5580000)
  object space 221696K, 49% used [0x0000000080000000,0x0000000086a5c010,0x000000008d880000)
 Metaspace       used 95377K, capacity 98812K, committed 98892K, reserved 1136640K
  class space    used 11436K, capacity 12010K, committed 12032K, reserved 1048576K
2023-10-04T02:24:28.627+0600: 1870732.870: [GC (Allocation Failure) [PSYoungGen: 70816K->3136K(77312K)] 179728K->112104K(299008K), 0.0165296 secs] [Times: user=0.03 sys=0.00, real=0.02 secs] 
Heap after GC invocations=486 (full 3):
 PSYoungGen      total 77312K, used 3136K [0x00000000d5580000, 0x00000000daa80000, 0x0000000100000000)
  eden space 67584K, 0% used [0x00000000d5580000,0x00000000d5580000,0x00000000d9780000)
  from space 9728K, 32% used [0x00000000d9780000,0x00000000d9a90000,0x00000000da100000)
  to   space 9216K, 0% used [0x00000000da180000,0x00000000da180000,0x00000000daa80000)
 ParOldGen       total 221696K, used 108968K [0x0000000080000000, 0x000000008d880000, 0x00000000d5580000)
  object space 221696K, 49% used [0x0000000080000000,0x0000000086a6a010,0x000000008d880000)
 Metaspace       used 95377K, capacity 98812K, committed 98892K, reserved 1136640K
  class space    used 11436K, capacity 12010K, committed 12032K, reserved 1048576K
}
{Heap before GC invocations=487 (full 3):
 PSYoungGen      total 77312K, used 70720K [0x00000000d5580000, 0x00000000daa80000, 0x0000000100000000)
  eden space 67584K, 100% used [0x00000000d5580000,0x00000000d9780000,0x00000000d9780000)
  from space 9728K, 32% used [0x00000000d9780000,0x00000000d9a90000,0x00000000da100000)
  to   space 9216K, 0% used [0x00000000da180000,0x00000000da180000,0x00000000daa80000)
 ParOldGen       total 221696K, used 108968K [0x0000000080000000, 0x000000008d880000, 0x00000000d5580000)
  object space 221696K, 49% used [0x0000000080000000,0x0000000086a6a010,0x000000008d880000)
 Metaspace       used 95377K, capacity 98812K, committed 98892K, reserved 1136640K
  class space    used 11436K, capacity 12010K, committed 12032K, reserved 1048576K
2023-10-04T03:18:03.868+0600: 1873948.112: [GC (Allocation Failure) [PSYoungGen: 70720K->3168K(77824K)] 179688K->112160K(299520K), 0.0136731 secs] [Times: user=0.02 sys=0.00, real=0.01 secs] 
Heap after GC invocations=487 (full 3):
 PSYoungGen      total 77824K, used 3168K [0x00000000d5580000, 0x00000000daa80000, 0x0000000100000000)
  eden space 68608K, 0% used [0x00000000d5580000,0x00000000d5580000,0x00000000d9880000)
  from space 9216K, 34% used [0x00000000da180000,0x00000000da498000,0x00000000daa80000)
  to   space 9216K, 0% used [0x00000000d9880000,0x00000000d9880000,0x00000000da180000)
 ParOldGen       total 221696K, used 108992K [0x0000000080000000, 0x000000008d880000, 0x00000000d5580000)
  object space 221696K, 49% used [0x0000000080000000,0x0000000086a70010,0x000000008d880000)
 Metaspace       used 95377K, capacity 98812K, committed 98892K, reserved 1136640K
  class space    used 11436K, capacity 12010K, committed 12032K, reserved 1048576K
}
{Heap before GC invocations=488 (full 3):
 PSYoungGen      total 77824K, used 71776K [0x00000000d5580000, 0x00000000daa80000, 0x0000000100000000)
  eden space 68608K, 100% used [0x00000000d5580000,0x00000000d9880000,0x00000000d9880000)
  from space 9216K, 34% used [0x00000000da180000,0x00000000da498000,0x00000000daa80000)
  to   space 9216K, 0% used [0x00000000d9880000,0x00000000d9880000,0x00000000da180000)
 ParOldGen       total 221696K, used 108992K [0x0000000080000000, 0x000000008d880000, 0x00000000d5580000)
  object space 221696K, 49% used [0x0000000080000000,0x0000000086a70010,0x000000008d880000)
 Metaspace       used 95377K, capacity 98812K, committed 98892K, reserved 1136640K
  class space    used 11436K, capacity 12010K, committed 12032K, reserved 1048576K
2023-10-04T04:14:33.651+0600: 1877337.894: [GC (Allocation Failure) [PSYoungGen: 71776K->3104K(77824K)] 180768K->112144K(299520K), 0.0197882 secs] [Times: user=0.04 sys=0.00, real=0.02 secs] 
Heap after GC invocations=488 (full 3):
 PSYoungGen      total 77824K, used 3104K [0x00000000d5580000, 0x00000000daa80000, 0x0000000100000000)
  eden space 68608K, 0% used [0x00000000d5580000,0x00000000d5580000,0x00000000d9880000)
  from space 9216K, 33% used [0x00000000d9880000,0x00000000d9b88000,0x00000000da180000)
  to   space 9216K, 0% used [0x00000000da180000,0x00000000da180000,0x00000000daa80000)
 ParOldGen       total 221696K, used 109040K [0x0000000080000000, 0x000000008d880000, 0x00000000d5580000)
  object space 221696K, 49% used [0x0000000080000000,0x0000000086a7c040,0x000000008d880000)
 Metaspace       used 95377K, capacity 98812K, committed 98892K, reserved 1136640K
  class space    used 11436K, capacity 12010K, committed 12032K, reserved 1048576K
}
{Heap before GC invocations=489 (full 3):
 PSYoungGen      total 77824K, used 71712K [0x00000000d5580000, 0x00000000daa80000, 0x0000000100000000)
  eden space 68608K, 100% used [0x00000000d5580000,0x00000000d9880000,0x00000000d9880000)
  from space 9216K, 33% used [0x00000000d9880000,0x00000000d9b88000,0x00000000da180000)
  to   space 9216K, 0% used [0x00000000da180000,0x00000000da180000,0x00000000daa80000)
 ParOldGen       total 221696K, used 109040K [0x0000000080000000, 0x000000008d880000, 0x00000000d5580000)
  object space 221696K, 49% used [0x0000000080000000,0x0000000086a7c040,0x000000008d880000)
 Metaspace       used 95377K, capacity 98812K, committed 98892K, reserved 1136640K
  class space    used 11436K, capacity 12010K, committed 12032K, reserved 1048576K
2023-10-04T05:11:14.256+0600: 1880738.499: [GC (Allocation Failure) [PSYoungGen: 71712K->3040K(78336K)] 180752K->112144K(300032K), 0.0164884 secs] [Times: user=0.01 sys=0.02, real=0.01 secs] 
Heap after GC invocations=489 (full 3):
 PSYoungGen      total 78336K, used 3040K [0x00000000d5580000, 0x00000000daa80000, 0x0000000100000000)
  eden space 69120K, 0% used [0x00000000d5580000,0x00000000d5580000,0x00000000d9900000)
  from space 9216K, 32% used [0x00000000da180000,0x00000000da478000,0x00000000daa80000)
  to   space 8704K, 0% used [0x00000000d9900000,0x00000000d9900000,0x00000000da180000)
 ParOldGen       total 221696K, used 109104K [0x0000000080000000, 0x000000008d880000, 0x00000000d5580000)
  object space 221696K, 49% used [0x0000000080000000,0x0000000086a8c040,0x000000008d880000)
 Metaspace       used 95377K, capacity 98812K, committed 98892K, reserved 1136640K
  class space    used 11436K, capacity 12010K, committed 12032K, reserved 1048576K
}
{Heap before GC invocations=490 (full 3):
 PSYoungGen      total 78336K, used 72160K [0x00000000d5580000, 0x00000000daa80000, 0x0000000100000000)
  eden space 69120K, 100% used [0x00000000d5580000,0x00000000d9900000,0x00000000d9900000)
  from space 9216K, 32% used [0x00000000da180000,0x00000000da478000,0x00000000daa80000)
  to   space 8704K, 0% used [0x00000000d9900000,0x00000000d9900000,0x00000000da180000)
 ParOldGen       total 221696K, used 109104K [0x0000000080000000, 0x000000008d880000, 0x00000000d5580000)
  object space 221696K, 49% used [0x0000000080000000,0x0000000086a8c040,0x000000008d880000)
 Metaspace       used 95377K, capacity 98812K, committed 98892K, reserved 1136640K
  class space    used 11436K, capacity 12010K, committed 12032K, reserved 1048576K
2023-10-04T06:08:20.233+0600: 1884164.477: [GC (Allocation Failure) [PSYoungGen: 72160K->3040K(77824K)] 181264K->112168K(299520K), 0.0156757 secs] [Times: user=0.03 sys=0.00, real=0.01 secs] 
Heap after GC invocations=490 (full 3):
 PSYoungGen      total 77824K, used 3040K [0x00000000d5580000, 0x00000000daa80000, 0x0000000100000000)
  eden space 69120K, 0% used [0x00000000d5580000,0x00000000d5580000,0x00000000d9900000)
  from space 8704K, 34% used [0x00000000d9900000,0x00000000d9bf8000,0x00000000da180000)
  to   space 8704K, 0% used [0x00000000da200000,0x00000000da200000,0x00000000daa80000)
 ParOldGen       total 221696K, used 109128K [0x0000000080000000, 0x000000008d880000, 0x00000000d5580000)
  object space 221696K, 49% used [0x0000000080000000,0x0000000086a92040,0x000000008d880000)
 Metaspace       used 95377K, capacity 98812K, committed 98892K, reserved 1136640K
  class space    used 11436K, capacity 12010K, committed 12032K, reserved 1048576K
}
{Heap before GC invocations=491 (full 3):
 PSYoungGen      total 77824K, used 72160K [0x00000000d5580000, 0x00000000daa80000, 0x0000000100000000)
  eden space 69120K, 100% used [0x00000000d5580000,0x00000000d9900000,0x00000000d9900000)
  from space 8704K, 34% used [0x00000000d9900000,0x00000000d9bf8000,0x00000000da180000)
  to   space 8704K, 0% used [0x00000000da200000,0x00000000da200000,0x00000000daa80000)
 ParOldGen       total 221696K, used 109128K [0x0000000080000000, 0x000000008d880000, 0x00000000d5580000)
  object space 221696K, 49% used [0x0000000080000000,0x0000000086a92040,0x000000008d880000)
 Metaspace       used 95377K, capacity 98812K, committed 98892K, reserved 1136640K
  class space    used 11436K, capacity 12010K, committed 12032K, reserved 1048576K
2023-10-04T07:05:12.805+0600: 1887577.048: [GC (Allocation Failure) [PSYoungGen: 72160K->3008K(78848K)] 181288K->112160K(300544K), 0.0108418 secs] [Times: user=0.01 sys=0.01, real=0.01 secs] 
Heap after GC invocations=491 (full 3):
 PSYoungGen      total 78848K, used 3008K [0x00000000d5580000, 0x00000000daa80000, 0x0000000100000000)
  eden space 70144K, 0% used [0x00000000d5580000,0x00000000d5580000,0x00000000d9a00000)
  from space 8704K, 34% used [0x00000000da200000,0x00000000da4f0000,0x00000000daa80000)
  to   space 8192K, 0% used [0x00000000d9a00000,0x00000000d9a00000,0x00000000da200000)
 ParOldGen       total 221696K, used 109152K [0x0000000080000000, 0x000000008d880000, 0x00000000d5580000)
  object space 221696K, 49% used [0x0000000080000000,0x0000000086a98040,0x000000008d880000)
 Metaspace       used 95377K, capacity 98812K, committed 98892K, reserved 1136640K
  class space    used 11436K, capacity 12010K, committed 12032K, reserved 1048576K
}
{Heap before GC invocations=492 (full 3):
 PSYoungGen      total 78848K, used 73152K [0x00000000d5580000, 0x00000000daa80000, 0x0000000100000000)
  eden space 70144K, 100% used [0x00000000d5580000,0x00000000d9a00000,0x00000000d9a00000)
  from space 8704K, 34% used [0x00000000da200000,0x00000000da4f0000,0x00000000daa80000)
  to   space 8192K, 0% used [0x00000000d9a00000,0x00000000d9a00000,0x00000000da200000)
 ParOldGen       total 221696K, used 109152K [0x0000000080000000, 0x000000008d880000, 0x00000000d5580000)
  object space 221696K, 49% used [0x0000000080000000,0x0000000086a98040,0x000000008d880000)
 Metaspace       used 95377K, capacity 98812K, committed 98892K, reserved 1136640K
  class space    used 11436K, capacity 12010K, committed 12032K, reserved 1048576K
2023-10-04T08:02:44.007+0600: 1891028.250: [GC (Allocation Failure) [PSYoungGen: 73152K->3008K(78336K)] 182304K->112200K(300032K), 0.0170735 secs] [Times: user=0.02 sys=0.00, real=0.02 secs] 
Heap after GC invocations=492 (full 3):
 PSYoungGen      total 78336K, used 3008K [0x00000000d5580000, 0x00000000daa80000, 0x0000000100000000)
  eden space 70144K, 0% used [0x00000000d5580000,0x00000000d5580000,0x00000000d9a00000)
  from space 8192K, 36% used [0x00000000d9a00000,0x00000000d9cf0000,0x00000000da200000)
  to   space 8192K, 0% used [0x00000000da280000,0x00000000da280000,0x00000000daa80000)
 ParOldGen       total 221696K, used 109192K [0x0000000080000000, 0x000000008d880000, 0x00000000d5580000)
  object space 221696K, 49% used [0x0000000080000000,0x0000000086aa2040,0x000000008d880000)
 Metaspace       used 95377K, capacity 98812K, committed 98892K, reserved 1136640K
  class space    used 11436K, capacity 12010K, committed 12032K, reserved 1048576K
}
{Heap before GC invocations=493 (full 3):
 PSYoungGen      total 78336K, used 73152K [0x00000000d5580000, 0x00000000daa80000, 0x0000000100000000)
  eden space 70144K, 100% used [0x00000000d5580000,0x00000000d9a00000,0x00000000d9a00000)
  from space 8192K, 36% used [0x00000000d9a00000,0x00000000d9cf0000,0x00000000da200000)
  to   space 8192K, 0% used [0x00000000da280000,0x00000000da280000,0x00000000daa80000)
 ParOldGen       total 221696K, used 109192K [0x0000000080000000, 0x000000008d880000, 0x00000000d5580000)
  object space 221696K, 49% used [0x0000000080000000,0x0000000086aa2040,0x000000008d880000)
 Metaspace       used 95377K, capacity 98812K, committed 98892K, reserved 1136640K
  class space    used 11436K, capacity 12010K, committed 12032K, reserved 1048576K
2023-10-04T08:59:24.920+0600: 1894429.164: [GC (Allocation Failure) [PSYoungGen: 73152K->2720K(78848K)] 182344K->112240K(300544K), 0.0156849 secs] [Times: user=0.02 sys=0.00, real=0.02 secs] 
Heap after GC invocations=493 (full 3):
 PSYoungGen      total 78848K, used 2720K [0x00000000d5580000, 0x00000000daa80000, 0x0000000100000000)
  eden space 70656K, 0% used [0x00000000d5580000,0x00000000d5580000,0x00000000d9a80000)
  from space 8192K, 33% used [0x00000000da280000,0x00000000da528000,0x00000000daa80000)
  to   space 8192K, 0% used [0x00000000d9a80000,0x00000000d9a80000,0x00000000da280000)
 ParOldGen       total 221696K, used 109520K [0x0000000080000000, 0x000000008d880000, 0x00000000d5580000)
  object space 221696K, 49% used [0x0000000080000000,0x0000000086af4050,0x000000008d880000)
 Metaspace       used 95377K, capacity 98812K, committed 98892K, reserved 1136640K
  class space    used 11436K, capacity 12010K, committed 12032K, reserved 1048576K
}
{Heap before GC invocations=494 (full 3):
 PSYoungGen      total 78848K, used 73376K [0x00000000d5580000, 0x00000000daa80000, 0x0000000100000000)
  eden space 70656K, 100% used [0x00000000d5580000,0x00000000d9a80000,0x00000000d9a80000)
  from space 8192K, 33% used [0x00000000da280000,0x00000000da528000,0x00000000daa80000)
  to   space 8192K, 0% used [0x00000000d9a80000,0x00000000d9a80000,0x00000000da280000)
 ParOldGen       total 221696K, used 109520K [0x0000000080000000, 0x000000008d880000, 0x00000000d5580000)
  object space 221696K, 49% used [0x0000000080000000,0x0000000086af4050,0x000000008d880000)
 Metaspace       used 95377K, capacity 98812K, committed 98892K, reserved 1136640K
  class space    used 11436K, capacity 12010K, committed 12032K, reserved 1048576K
2023-10-04T09:56:56.487+0600: 1897880.730: [GC (Allocation Failure) [PSYoungGen: 73376K->2560K(78848K)] 182896K->112248K(300544K), 0.0161114 secs] [Times: user=0.03 sys=0.00, real=0.01 secs] 
Heap after GC invocations=494 (full 3):
 PSYoungGen      total 78848K, used 2560K [0x00000000d5580000, 0x00000000daa80000, 0x0000000100000000)
  eden space 70656K, 0% used [0x00000000d5580000,0x00000000d5580000,0x00000000d9a80000)
  from space 8192K, 31% used [0x00000000d9a80000,0x00000000d9d00000,0x00000000da280000)
  to   space 7680K, 0% used [0x00000000da300000,0x00000000da300000,0x00000000daa80000)
 ParOldGen       total 221696K, used 109688K [0x0000000080000000, 0x000000008d880000, 0x00000000d5580000)
  object space 221696K, 49% used [0x0000000080000000,0x0000000086b1e080,0x000000008d880000)
 Metaspace       used 95377K, capacity 98812K, committed 98892K, reserved 1136640K
  class space    used 11436K, capacity 12010K, committed 12032K, reserved 1048576K
}
{Heap before GC invocations=495 (full 3):
 PSYoungGen      total 78848K, used 73216K [0x00000000d5580000, 0x00000000daa80000, 0x0000000100000000)
  eden space 70656K, 100% used [0x00000000d5580000,0x00000000d9a80000,0x00000000d9a80000)
  from space 8192K, 31% used [0x00000000d9a80000,0x00000000d9d00000,0x00000000da280000)
  to   space 7680K, 0% used [0x00000000da300000,0x00000000da300000,0x00000000daa80000)
 ParOldGen       total 221696K, used 109688K [0x0000000080000000, 0x000000008d880000, 0x00000000d5580000)
  object space 221696K, 49% used [0x0000000080000000,0x0000000086b1e080,0x000000008d880000)
 Metaspace       used 95378K, capacity 98812K, committed 98892K, reserved 1136640K
  class space    used 11436K, capacity 12010K, committed 12032K, reserved 1048576K
2023-10-04T10:39:29.948+0600: 1900434.192: [GC (Allocation Failure) [PSYoungGen: 73216K->3745K(79872K)] 182904K->113736K(301568K), 0.0165150 secs] [Times: user=0.03 sys=0.00, real=0.02 secs] 
Heap after GC invocations=495 (full 3):
 PSYoungGen      total 79872K, used 3745K [0x00000000d5580000, 0x00000000daa80000, 0x0000000100000000)
  eden space 72192K, 0% used [0x00000000d5580000,0x00000000d5580000,0x00000000d9c00000)
  from space 7680K, 48% used [0x00000000da300000,0x00000000da6a84c0,0x00000000daa80000)
  to   space 7168K, 0% used [0x00000000d9c00000,0x00000000d9c00000,0x00000000da300000)
 ParOldGen       total 221696K, used 109991K [0x0000000080000000, 0x000000008d880000, 0x00000000d5580000)
  object space 221696K, 49% used [0x0000000080000000,0x0000000086b69dc8,0x000000008d880000)
 Metaspace       used 95378K, capacity 98812K, committed 98892K, reserved 1136640K
  class space    used 11436K, capacity 12010K, committed 12032K, reserved 1048576K
}
{Heap before GC invocations=496 (full 3):
 PSYoungGen      total 79872K, used 75937K [0x00000000d5580000, 0x00000000daa80000, 0x0000000100000000)
  eden space 72192K, 100% used [0x00000000d5580000,0x00000000d9c00000,0x00000000d9c00000)
  from space 7680K, 48% used [0x00000000da300000,0x00000000da6a84c0,0x00000000daa80000)
  to   space 7168K, 0% used [0x00000000d9c00000,0x00000000d9c00000,0x00000000da300000)
 ParOldGen       total 221696K, used 109991K [0x0000000080000000, 0x000000008d880000, 0x00000000d5580000)
  object space 221696K, 49% used [0x0000000080000000,0x0000000086b69dc8,0x000000008d880000)
 Metaspace       used 95378K, capacity 98812K, committed 98892K, reserved 1136640K
  class space    used 11436K, capacity 12010K, committed 12032K, reserved 1048576K
2023-10-04T11:13:39.787+0600: 1902484.030: [GC (Allocation Failure) [PSYoungGen: 75937K->5860K(79360K)] 185928K->115916K(301056K), 0.0143431 secs] [Times: user=0.02 sys=0.00, real=0.01 secs] 
Heap after GC invocations=496 (full 3):
 PSYoungGen      total 79360K, used 5860K [0x00000000d5580000, 0x00000000daa80000, 0x0000000100000000)
  eden space 72192K, 0% used [0x00000000d5580000,0x00000000d5580000,0x00000000d9c00000)
  from space 7168K, 81% used [0x00000000d9c00000,0x00000000da1b9270,0x00000000da300000)
  to   space 7680K, 0% used [0x00000000da300000,0x00000000da300000,0x00000000daa80000)
 ParOldGen       total 221696K, used 110055K [0x0000000080000000, 0x000000008d880000, 0x00000000d5580000)
  object space 221696K, 49% used [0x0000000080000000,0x0000000086b79dc8,0x000000008d880000)
 Metaspace       used 95378K, capacity 98812K, committed 98892K, reserved 1136640K
  class space    used 11436K, capacity 12010K, committed 12032K, reserved 1048576K
}
{Heap before GC invocations=497 (full 3):
 PSYoungGen      total 79360K, used 78052K [0x00000000d5580000, 0x00000000daa80000, 0x0000000100000000)
  eden space 72192K, 100% used [0x00000000d5580000,0x00000000d9c00000,0x00000000d9c00000)
  from space 7168K, 81% used [0x00000000d9c00000,0x00000000da1b9270,0x00000000da300000)
  to   space 7680K, 0% used [0x00000000da300000,0x00000000da300000,0x00000000daa80000)
 ParOldGen       total 221696K, used 110055K [0x0000000080000000, 0x000000008d880000, 0x00000000d5580000)
  object space 221696K, 49% used [0x0000000080000000,0x0000000086b79dc8,0x000000008d880000)
 Metaspace       used 95378K, capacity 98812K, committed 98892K, reserved 1136640K
  class space    used 11436K, capacity 12010K, committed 12032K, reserved 1048576K
2023-10-04T11:40:45.135+0600: 1904109.378: [GC (Allocation Failure) [PSYoungGen: 78052K->7015K(78336K)] 188108K->117070K(300032K), 0.0170417 secs] [Times: user=0.01 sys=0.02, real=0.01 secs] 
Heap after GC invocations=497 (full 3):
 PSYoungGen      total 78336K, used 7015K [0x00000000d5580000, 0x00000000dac00000, 0x0000000100000000)
  eden space 70656K, 0% used [0x00000000d5580000,0x00000000d5580000,0x00000000d9a80000)
  from space 7680K, 91% used [0x00000000da300000,0x00000000da9d9db0,0x00000000daa80000)
  to   space 8704K, 0% used [0x00000000d9a80000,0x00000000d9a80000,0x00000000da300000)
 ParOldGen       total 221696K, used 110055K [0x0000000080000000, 0x000000008d880000, 0x00000000d5580000)
  object space 221696K, 49% used [0x0000000080000000,0x0000000086b79dc8,0x000000008d880000)
 Metaspace       used 95378K, capacity 98812K, committed 98892K, reserved 1136640K
  class space    used 11436K, capacity 12010K, committed 12032K, reserved 1048576K
}
{Heap before GC invocations=498 (full 3):
 PSYoungGen      total 78336K, used 77671K [0x00000000d5580000, 0x00000000dac00000, 0x0000000100000000)
  eden space 70656K, 100% used [0x00000000d5580000,0x00000000d9a80000,0x00000000d9a80000)
  from space 7680K, 91% used [0x00000000da300000,0x00000000da9d9db0,0x00000000daa80000)
  to   space 8704K, 0% used [0x00000000d9a80000,0x00000000d9a80000,0x00000000da300000)
 ParOldGen       total 221696K, used 110055K [0x0000000080000000, 0x000000008d880000, 0x00000000d5580000)
  object space 221696K, 49% used [0x0000000080000000,0x0000000086b79dc8,0x000000008d880000)
 Metaspace       used 95379K, capacity 98812K, committed 98892K, reserved 1136640K
  class space    used 11436K, capacity 12010K, committed 12032K, reserved 1048576K
2023-10-04T12:23:16.491+0600: 1906660.734: [GC (Allocation Failure) [PSYoungGen: 77671K->7010K(76800K)] 187726K->117065K(298496K), 0.0181081 secs] [Times: user=0.03 sys=0.00, real=0.02 secs] 
Heap after GC invocations=498 (full 3):
 PSYoungGen      total 76800K, used 7010K [0x00000000d5580000, 0x00000000dab80000, 0x0000000100000000)
  eden space 69632K, 0% used [0x00000000d5580000,0x00000000d5580000,0x00000000d9980000)
  from space 7168K, 97% used [0x00000000d9a80000,0x00000000da158990,0x00000000da180000)
  to   space 9216K, 0% used [0x00000000da280000,0x00000000da280000,0x00000000dab80000)
 ParOldGen       total 221696K, used 110055K [0x0000000080000000, 0x000000008d880000, 0x00000000d5580000)
  object space 221696K, 49% used [0x0000000080000000,0x0000000086b79dc8,0x000000008d880000)
 Metaspace       used 95379K, capacity 98812K, committed 98892K, reserved 1136640K
  class space    used 11436K, capacity 12010K, committed 12032K, reserved 1048576K
}
{Heap before GC invocations=499 (full 3):
 PSYoungGen      total 76800K, used 76642K [0x00000000d5580000, 0x00000000dab80000, 0x0000000100000000)
  eden space 69632K, 99% used [0x00000000d5580000,0x00000000d997fff8,0x00000000d9980000)
  from space 7168K, 97% used [0x00000000d9a80000,0x00000000da158990,0x00000000da180000)
  to   space 9216K, 0% used [0x00000000da280000,0x00000000da280000,0x00000000dab80000)
 ParOldGen       total 221696K, used 110055K [0x0000000080000000, 0x000000008d880000, 0x00000000d5580000)
  object space 221696K, 49% used [0x0000000080000000,0x0000000086b79dc8,0x000000008d880000)
 Metaspace       used 95379K, capacity 98812K, committed 98892K, reserved 1136640K
  class space    used 11436K, capacity 12010K, committed 12032K, reserved 1048576K
2023-10-04T12:43:54.717+0600: 1907898.960: [GC (Allocation Failure) [PSYoungGen: 76642K->7383K(78336K)] 186697K->117438K(300032K), 0.0107846 secs] [Times: user=0.01 sys=0.01, real=0.01 secs] 
Heap after GC invocations=499 (full 3):
 PSYoungGen      total 78336K, used 7383K [0x00000000d5580000, 0x00000000dac00000, 0x0000000100000000)
  eden space 69120K, 0% used [0x00000000d5580000,0x00000000d5580000,0x00000000d9900000)
  from space 9216K, 80% used [0x00000000da280000,0x00000000da9b5de0,0x00000000dab80000)
  to   space 9728K, 0% used [0x00000000d9900000,0x00000000d9900000,0x00000000da280000)
 ParOldGen       total 221696K, used 110055K [0x0000000080000000, 0x000000008d880000, 0x00000000d5580000)
  object space 221696K, 49% used [0x0000000080000000,0x0000000086b79dc8,0x000000008d880000)
 Metaspace       used 95379K, capacity 98812K, committed 98892K, reserved 1136640K
  class space    used 11436K, capacity 12010K, committed 12032K, reserved 1048576K
}
{Heap before GC invocations=500 (full 3):
 PSYoungGen      total 78336K, used 76503K [0x00000000d5580000, 0x00000000dac00000, 0x0000000100000000)
  eden space 69120K, 100% used [0x00000000d5580000,0x00000000d9900000,0x00000000d9900000)
  from space 9216K, 80% used [0x00000000da280000,0x00000000da9b5de0,0x00000000dab80000)
  to   space 9728K, 0% used [0x00000000d9900000,0x00000000d9900000,0x00000000da280000)
 ParOldGen       total 221696K, used 110055K [0x0000000080000000, 0x000000008d880000, 0x00000000d5580000)
  object space 221696K, 49% used [0x0000000080000000,0x0000000086b79dc8,0x000000008d880000)
 Metaspace       used 95380K, capacity 98812K, committed 98892K, reserved 1136640K
  class space    used 11436K, capacity 12010K, committed 12032K, reserved 1048576K
2023-10-04T13:29:51.902+0600: 1910656.145: [GC (Allocation Failure) [PSYoungGen: 76503K->6241K(75264K)] 186558K->116297K(296960K), 0.0171861 secs] [Times: user=0.03 sys=0.00, real=0.02 secs] 
Heap after GC invocations=500 (full 3):
 PSYoungGen      total 75264K, used 6241K [0x00000000d5580000, 0x00000000dab80000, 0x0000000100000000)
  eden space 68608K, 0% used [0x00000000d5580000,0x00000000d5580000,0x00000000d9880000)
  from space 6656K, 93% used [0x00000000d9900000,0x00000000d9f18700,0x00000000d9f80000)
  to   space 9728K, 0% used [0x00000000da200000,0x00000000da200000,0x00000000dab80000)
 ParOldGen       total 221696K, used 110055K [0x0000000080000000, 0x000000008d880000, 0x00000000d5580000)
  object space 221696K, 49% used [0x0000000080000000,0x0000000086b79dc8,0x000000008d880000)
 Metaspace       used 95380K, capacity 98812K, committed 98892K, reserved 1136640K
  class space    used 11436K, capacity 12010K, committed 12032K, reserved 1048576K
}
{Heap before GC invocations=501 (full 3):
 PSYoungGen      total 75264K, used 74849K [0x00000000d5580000, 0x00000000dab80000, 0x0000000100000000)
  eden space 68608K, 100% used [0x00000000d5580000,0x00000000d9880000,0x00000000d9880000)
  from space 6656K, 93% used [0x00000000d9900000,0x00000000d9f18700,0x00000000d9f80000)
  to   space 9728K, 0% used [0x00000000da200000,0x00000000da200000,0x00000000dab80000)
 ParOldGen       total 221696K, used 110055K [0x0000000080000000, 0x000000008d880000, 0x00000000d5580000)
  object space 221696K, 49% used [0x0000000080000000,0x0000000086b79dc8,0x000000008d880000)
 Metaspace       used 95381K, capacity 98812K, committed 98892K, reserved 1136640K
  class space    used 11436K, capacity 12010K, committed 12032K, reserved 1048576K
2023-10-04T13:50:07.658+0600: 1911871.901: [GC (Allocation Failure) [PSYoungGen: 74849K->7206K(77824K)] 184905K->117270K(299520K), 0.0167917 secs] [Times: user=0.01 sys=0.01, real=0.02 secs] 
Heap after GC invocations=501 (full 3):
 PSYoungGen      total 77824K, used 7206K [0x00000000d5580000, 0x00000000dac00000, 0x0000000100000000)
  eden space 68096K, 0% used [0x00000000d5580000,0x00000000d5580000,0x00000000d9800000)
  from space 9728K, 74% used [0x00000000da200000,0x00000000da909b70,0x00000000dab80000)
  to   space 10240K, 0% used [0x00000000d9800000,0x00000000d9800000,0x00000000da200000)
 ParOldGen       total 221696K, used 110063K [0x0000000080000000, 0x000000008d880000, 0x00000000d5580000)
  object space 221696K, 49% used [0x0000000080000000,0x0000000086b7bdc8,0x000000008d880000)
 Metaspace       used 95381K, capacity 98812K, committed 98892K, reserved 1136640K
  class space    used 11436K, capacity 12010K, committed 12032K, reserved 1048576K
}
{Heap before GC invocations=502 (full 3):
 PSYoungGen      total 77824K, used 75302K [0x00000000d5580000, 0x00000000dac00000, 0x0000000100000000)
  eden space 68096K, 100% used [0x00000000d5580000,0x00000000d9800000,0x00000000d9800000)
  from space 9728K, 74% used [0x00000000da200000,0x00000000da909b70,0x00000000dab80000)
  to   space 10240K, 0% used [0x00000000d9800000,0x00000000d9800000,0x00000000da200000)
 ParOldGen       total 221696K, used 110063K [0x0000000080000000, 0x000000008d880000, 0x00000000d5580000)
  object space 221696K, 49% used [0x0000000080000000,0x0000000086b7bdc8,0x000000008d880000)
 Metaspace       used 95381K, capacity 98812K, committed 98892K, reserved 1136640K
  class space    used 11436K, capacity 12010K, committed 12032K, reserved 1048576K
2023-10-04T14:34:54.410+0600: 1914558.653: [GC (Allocation Failure) [PSYoungGen: 75302K->5872K(73728K)] 185366K->115936K(295424K), 0.0170822 secs] [Times: user=0.03 sys=0.00, real=0.02 secs] 
Heap after GC invocations=502 (full 3):
 PSYoungGen      total 73728K, used 5872K [0x00000000d5580000, 0x00000000dab80000, 0x0000000100000000)
  eden space 67584K, 0% used [0x00000000d5580000,0x00000000d5580000,0x00000000d9780000)
  from space 6144K, 95% used [0x00000000d9800000,0x00000000d9dbc280,0x00000000d9e00000)
  to   space 10240K, 0% used [0x00000000da180000,0x00000000da180000,0x00000000dab80000)
 ParOldGen       total 221696K, used 110063K [0x0000000080000000, 0x000000008d880000, 0x00000000d5580000)
  object space 221696K, 49% used [0x0000000080000000,0x0000000086b7bdc8,0x000000008d880000)
 Metaspace       used 95381K, capacity 98812K, committed 98892K, reserved 1136640K
  class space    used 11436K, capacity 12010K, committed 12032K, reserved 1048576K
}
{Heap before GC invocations=503 (full 3):
 PSYoungGen      total 73728K, used 73456K [0x00000000d5580000, 0x00000000dab80000, 0x0000000100000000)
  eden space 67584K, 100% used [0x00000000d5580000,0x00000000d9780000,0x00000000d9780000)
  from space 6144K, 95% used [0x00000000d9800000,0x00000000d9dbc280,0x00000000d9e00000)
  to   space 10240K, 0% used [0x00000000da180000,0x00000000da180000,0x00000000dab80000)
 ParOldGen       total 221696K, used 110063K [0x0000000080000000, 0x000000008d880000, 0x00000000d5580000)
  object space 221696K, 49% used [0x0000000080000000,0x0000000086b7bdc8,0x000000008d880000)
 Metaspace       used 95381K, capacity 98812K, committed 98892K, reserved 1136640K
  class space    used 11436K, capacity 12010K, committed 12032K, reserved 1048576K
2023-10-04T15:14:26.187+0600: 1916930.430: [GC (Allocation Failure) [PSYoungGen: 73456K->5321K(76800K)] 183520K->115384K(298496K), 0.0192652 secs] [Times: user=0.03 sys=0.00, real=0.02 secs] 
Heap after GC invocations=503 (full 3):
 PSYoungGen      total 76800K, used 5321K [0x00000000d5580000, 0x00000000daa80000, 0x0000000100000000)
  eden space 67584K, 0% used [0x00000000d5580000,0x00000000d5580000,0x00000000d9780000)
  from space 9216K, 57% used [0x00000000da180000,0x00000000da6b2530,0x00000000daa80000)
  to   space 9728K, 0% used [0x00000000d9780000,0x00000000d9780000,0x00000000da100000)
 ParOldGen       total 221696K, used 110063K [0x0000000080000000, 0x000000008d880000, 0x00000000d5580000)
  object space 221696K, 49% used [0x0000000080000000,0x0000000086b7bdc8,0x000000008d880000)
 Metaspace       used 95381K, capacity 98812K, committed 98892K, reserved 1136640K
  class space    used 11436K, capacity 12010K, committed 12032K, reserved 1048576K
}
{Heap before GC invocations=504 (full 3):
 PSYoungGen      total 76800K, used 72905K [0x00000000d5580000, 0x00000000daa80000, 0x0000000100000000)
  eden space 67584K, 100% used [0x00000000d5580000,0x00000000d9780000,0x00000000d9780000)
  from space 9216K, 57% used [0x00000000da180000,0x00000000da6b2530,0x00000000daa80000)
  to   space 9728K, 0% used [0x00000000d9780000,0x00000000d9780000,0x00000000da100000)
 ParOldGen       total 221696K, used 110063K [0x0000000080000000, 0x000000008d880000, 0x00000000d5580000)
  object space 221696K, 49% used [0x0000000080000000,0x0000000086b7bdc8,0x000000008d880000)
 Metaspace       used 95381K, capacity 98812K, committed 98892K, reserved 1136640K
  class space    used 11436K, capacity 12010K, committed 12032K, reserved 1048576K
2023-10-04T15:55:49.825+0600: 1919414.068: [GC (Allocation Failure) [PSYoungGen: 72905K->5531K(77312K)] 182968K->115594K(299008K), 0.0173577 secs] [Times: user=0.03 sys=0.00, real=0.01 secs] 
Heap after GC invocations=504 (full 3):
 PSYoungGen      total 77312K, used 5531K [0x00000000d5580000, 0x00000000daa80000, 0x0000000100000000)
  eden space 67584K, 0% used [0x00000000d5580000,0x00000000d5580000,0x00000000d9780000)
  from space 9728K, 56% used [0x00000000d9780000,0x00000000d9ce6ce8,0x00000000da100000)
  to   space 9216K, 0% used [0x00000000da180000,0x00000000da180000,0x00000000daa80000)
 ParOldGen       total 221696K, used 110063K [0x0000000080000000, 0x000000008d880000, 0x00000000d5580000)
  object space 221696K, 49% used [0x0000000080000000,0x0000000086b7bdc8,0x000000008d880000)
 Metaspace       used 95381K, capacity 98812K, committed 98892K, reserved 1136640K
  class space    used 11436K, capacity 12010K, committed 12032K, reserved 1048576K
}
{Heap before GC invocations=505 (full 3):
 PSYoungGen      total 77312K, used 73115K [0x00000000d5580000, 0x00000000daa80000, 0x0000000100000000)
  eden space 67584K, 100% used [0x00000000d5580000,0x00000000d9780000,0x00000000d9780000)
  from space 9728K, 56% used [0x00000000d9780000,0x00000000d9ce6ce8,0x00000000da100000)
  to   space 9216K, 0% used [0x00000000da180000,0x00000000da180000,0x00000000daa80000)
 ParOldGen       total 221696K, used 110063K [0x0000000080000000, 0x000000008d880000, 0x00000000d5580000)
  object space 221696K, 49% used [0x0000000080000000,0x0000000086b7bdc8,0x000000008d880000)
 Metaspace       used 95381K, capacity 98812K, committed 98892K, reserved 1136640K
  class space    used 11436K, capacity 12010K, committed 12032K, reserved 1048576K
2023-10-04T16:34:21.592+0600: 1921725.836: [GC (Allocation Failure) [PSYoungGen: 73115K->4400K(77824K)] 183178K->114463K(299520K), 0.0153158 secs] [Times: user=0.02 sys=0.00, real=0.02 secs] 
Heap after GC invocations=505 (full 3):
 PSYoungGen      total 77824K, used 4400K [0x00000000d5580000, 0x00000000daa80000, 0x0000000100000000)
  eden space 68608K, 0% used [0x00000000d5580000,0x00000000d5580000,0x00000000d9880000)
  from space 9216K, 47% used [0x00000000da180000,0x00000000da5cc0b8,0x00000000daa80000)
  to   space 9216K, 0% used [0x00000000d9880000,0x00000000d9880000,0x00000000da180000)
 ParOldGen       total 221696K, used 110063K [0x0000000080000000, 0x000000008d880000, 0x00000000d5580000)
  object space 221696K, 49% used [0x0000000080000000,0x0000000086b7bdc8,0x000000008d880000)
 Metaspace       used 95381K, capacity 98812K, committed 98892K, reserved 1136640K
  class space    used 11436K, capacity 12010K, committed 12032K, reserved 1048576K
}
{Heap before GC invocations=506 (full 3):
 PSYoungGen      total 77824K, used 73001K [0x00000000d5580000, 0x00000000daa80000, 0x0000000100000000)
  eden space 68608K, 99% used [0x00000000d5580000,0x00000000d987e398,0x00000000d9880000)
  from space 9216K, 47% used [0x00000000da180000,0x00000000da5cc0b8,0x00000000daa80000)
  to   space 9216K, 0% used [0x00000000d9880000,0x00000000d9880000,0x00000000da180000)
 ParOldGen       total 221696K, used 110063K [0x0000000080000000, 0x000000008d880000, 0x00000000d5580000)
  object space 221696K, 49% used [0x0000000080000000,0x0000000086b7bdc8,0x000000008d880000)
 Metaspace       used 95381K, capacity 98812K, committed 98892K, reserved 1136640K
  class space    used 11436K, capacity 12010K, committed 12032K, reserved 1048576K
2023-10-04T17:09:03.393+0600: 1923807.636: [GC (Allocation Failure) [PSYoungGen: 73001K->4416K(77824K)] 183064K->114479K(299520K), 0.0095595 secs] [Times: user=0.01 sys=0.00, real=0.01 secs] 
Heap after GC invocations=506 (full 3):
 PSYoungGen      total 77824K, used 4416K [0x00000000d5580000, 0x00000000daa80000, 0x0000000100000000)
  eden space 68608K, 0% used [0x00000000d5580000,0x00000000d5580000,0x00000000d9880000)
  from space 9216K, 47% used [0x00000000d9880000,0x00000000d9cd0030,0x00000000da180000)
  to   space 8704K, 0% used [0x00000000da200000,0x00000000da200000,0x00000000daa80000)
 ParOldGen       total 221696K, used 110063K [0x0000000080000000, 0x000000008d880000, 0x00000000d5580000)
  object space 221696K, 49% used [0x0000000080000000,0x0000000086b7bdc8,0x000000008d880000)
 Metaspace       used 95381K, capacity 98812K, committed 98892K, reserved 1136640K
  class space    used 11436K, capacity 12010K, committed 12032K, reserved 1048576K
}
{Heap before GC invocations=507 (full 3):
 PSYoungGen      total 77824K, used 73024K [0x00000000d5580000, 0x00000000daa80000, 0x0000000100000000)
  eden space 68608K, 100% used [0x00000000d5580000,0x00000000d9880000,0x00000000d9880000)
  from space 9216K, 47% used [0x00000000d9880000,0x00000000d9cd0030,0x00000000da180000)
  to   space 8704K, 0% used [0x00000000da200000,0x00000000da200000,0x00000000daa80000)
 ParOldGen       total 221696K, used 110063K [0x0000000080000000, 0x000000008d880000, 0x00000000d5580000)
  object space 221696K, 49% used [0x0000000080000000,0x0000000086b7bdc8,0x000000008d880000)
 Metaspace       used 95382K, capacity 98812K, committed 98892K, reserved 1136640K
  class space    used 11436K, capacity 12010K, committed 12032K, reserved 1048576K
2023-10-04T17:34:33.967+0600: 1925338.210: [GC (Allocation Failure) [PSYoungGen: 73024K->7020K(77312K)] 183087K->117084K(299008K), 0.0202401 secs] [Times: user=0.03 sys=0.00, real=0.02 secs] 
Heap after GC invocations=507 (full 3):
 PSYoungGen      total 77312K, used 7020K [0x00000000d5580000, 0x00000000daa80000, 0x0000000100000000)
  eden space 68608K, 0% used [0x00000000d5580000,0x00000000d5580000,0x00000000d9880000)
  from space 8704K, 80% used [0x00000000da200000,0x00000000da8db280,0x00000000daa80000)
  to   space 9216K, 0% used [0x00000000d9880000,0x00000000d9880000,0x00000000da180000)
 ParOldGen       total 221696K, used 110063K [0x0000000080000000, 0x000000008d880000, 0x00000000d5580000)
  object space 221696K, 49% used [0x0000000080000000,0x0000000086b7bdc8,0x000000008d880000)
 Metaspace       used 95382K, capacity 98812K, committed 98892K, reserved 1136640K
  class space    used 11436K, capacity 12010K, committed 12032K, reserved 1048576K
}
{Heap before GC invocations=508 (full 3):
 PSYoungGen      total 77312K, used 75627K [0x00000000d5580000, 0x00000000daa80000, 0x0000000100000000)
  eden space 68608K, 99% used [0x00000000d5580000,0x00000000d987f990,0x00000000d9880000)
  from space 8704K, 80% used [0x00000000da200000,0x00000000da8db280,0x00000000daa80000)
  to   space 9216K, 0% used [0x00000000d9880000,0x00000000d9880000,0x00000000da180000)
 ParOldGen       total 221696K, used 110063K [0x0000000080000000, 0x000000008d880000, 0x00000000d5580000)
  object space 221696K, 49% used [0x0000000080000000,0x0000000086b7bdc8,0x000000008d880000)
 Metaspace       used 95387K, capacity 98812K, committed 98892K, reserved 1136640K
  class space    used 11436K, capacity 12010K, committed 12032K, reserved 1048576K
2023-10-04T17:59:53.765+0600: 1926858.008: [GC (Allocation Failure) [PSYoungGen: 75627K->7527K(77312K)] 185690K->117598K(299008K), 0.0128409 secs] [Times: user=0.02 sys=0.00, real=0.01 secs] 
Heap after GC invocations=508 (full 3):
 PSYoungGen      total 77312K, used 7527K [0x00000000d5580000, 0x00000000dab00000, 0x0000000100000000)
  eden space 68096K, 0% used [0x00000000d5580000,0x00000000d5580000,0x00000000d9800000)
  from space 9216K, 81% used [0x00000000d9880000,0x00000000d9fd9c58,0x00000000da180000)
  to   space 9728K, 0% used [0x00000000da180000,0x00000000da180000,0x00000000dab00000)
 ParOldGen       total 221696K, used 110071K [0x0000000080000000, 0x000000008d880000, 0x00000000d5580000)
  object space 221696K, 49% used [0x0000000080000000,0x0000000086b7ddc8,0x000000008d880000)
 Metaspace       used 95387K, capacity 98812K, committed 98892K, reserved 1136640K
  class space    used 11436K, capacity 12010K, committed 12032K, reserved 1048576K
}
{Heap before GC invocations=509 (full 3):
 PSYoungGen      total 77312K, used 75623K [0x00000000d5580000, 0x00000000dab00000, 0x0000000100000000)
  eden space 68096K, 100% used [0x00000000d5580000,0x00000000d9800000,0x00000000d9800000)
  from space 9216K, 81% used [0x00000000d9880000,0x00000000d9fd9c58,0x00000000da180000)
  to   space 9728K, 0% used [0x00000000da180000,0x00000000da180000,0x00000000dab00000)
 ParOldGen       total 221696K, used 110071K [0x0000000080000000, 0x000000008d880000, 0x00000000d5580000)
  object space 221696K, 49% used [0x0000000080000000,0x0000000086b7ddc8,0x000000008d880000)
 Metaspace       used 95387K, capacity 98812K, committed 98892K, reserved 1136640K
  class space    used 11436K, capacity 12010K, committed 12032K, reserved 1048576K
2023-10-04T18:31:10.187+0600: 1928734.431: [GC (Allocation Failure) [PSYoungGen: 75623K->7205K(76800K)] 185694K->117277K(298496K), 0.0180640 secs] [Times: user=0.02 sys=0.00, real=0.02 secs] 
Heap after GC invocations=509 (full 3):
 PSYoungGen      total 76800K, used 7205K [0x00000000d5580000, 0x00000000daa80000, 0x0000000100000000)
  eden space 67584K, 0% used [0x00000000d5580000,0x00000000d5580000,0x00000000d9780000)
  from space 9216K, 78% used [0x00000000da180000,0x00000000da889760,0x00000000daa80000)
  to   space 9728K, 0% used [0x00000000d9780000,0x00000000d9780000,0x00000000da100000)
 ParOldGen       total 221696K, used 110071K [0x0000000080000000, 0x000000008d880000, 0x00000000d5580000)
  object space 221696K, 49% used [0x0000000080000000,0x0000000086b7ddc8,0x000000008d880000)
 Metaspace       used 95387K, capacity 98812K, committed 98892K, reserved 1136640K
  class space    used 11436K, capacity 12010K, committed 12032K, reserved 1048576K
}
{Heap before GC invocations=510 (full 3):
 PSYoungGen      total 76800K, used 74789K [0x00000000d5580000, 0x00000000daa80000, 0x0000000100000000)
  eden space 67584K, 100% used [0x00000000d5580000,0x00000000d9780000,0x00000000d9780000)
  from space 9216K, 78% used [0x00000000da180000,0x00000000da889760,0x00000000daa80000)
  to   space 9728K, 0% used [0x00000000d9780000,0x00000000d9780000,0x00000000da100000)
 ParOldGen       total 221696K, used 110071K [0x0000000080000000, 0x000000008d880000, 0x00000000d5580000)
  object space 221696K, 49% used [0x0000000080000000,0x0000000086b7ddc8,0x000000008d880000)
 Metaspace       used 95387K, capacity 98812K, committed 98892K, reserved 1136640K
  class space    used 11436K, capacity 12010K, committed 12032K, reserved 1048576K
2023-10-04T19:21:20.309+0600: 1931744.552: [GC (Allocation Failure) [PSYoungGen: 74789K->5056K(77312K)] 184861K->115167K(299008K), 0.0184182 secs] [Times: user=0.03 sys=0.00, real=0.02 secs] 
Heap after GC invocations=510 (full 3):
 PSYoungGen      total 77312K, used 5056K [0x00000000d5580000, 0x00000000daa80000, 0x0000000100000000)
  eden space 67584K, 0% used [0x00000000d5580000,0x00000000d5580000,0x00000000d9780000)
  from space 9728K, 51% used [0x00000000d9780000,0x00000000d9c70030,0x00000000da100000)
  to   space 9728K, 0% used [0x00000000da100000,0x00000000da100000,0x00000000daa80000)
 ParOldGen       total 221696K, used 110111K [0x0000000080000000, 0x000000008d880000, 0x00000000d5580000)
  object space 221696K, 49% used [0x0000000080000000,0x0000000086b87dc8,0x000000008d880000)
 Metaspace       used 95387K, capacity 98812K, committed 98892K, reserved 1136640K
  class space    used 11436K, capacity 12010K, committed 12032K, reserved 1048576K
}
{Heap before GC invocations=511 (full 3):
 PSYoungGen      total 77312K, used 72639K [0x00000000d5580000, 0x00000000daa80000, 0x0000000100000000)
  eden space 67584K, 99% used [0x00000000d5580000,0x00000000d977fc98,0x00000000d9780000)
  from space 9728K, 51% used [0x00000000d9780000,0x00000000d9c70030,0x00000000da100000)
  to   space 9728K, 0% used [0x00000000da100000,0x00000000da100000,0x00000000daa80000)
 ParOldGen       total 221696K, used 110111K [0x0000000080000000, 0x000000008d880000, 0x00000000d5580000)
  object space 221696K, 49% used [0x0000000080000000,0x0000000086b87dc8,0x000000008d880000)
 Metaspace       used 95387K, capacity 98812K, committed 98892K, reserved 1136640K
  class space    used 11436K, capacity 12010K, committed 12032K, reserved 1048576K
2023-10-04T20:15:51.420+0600: 1935015.663: [GC (Allocation Failure) [PSYoungGen: 72639K->3616K(77312K)] 182750K->113831K(299008K), 0.0152280 secs] [Times: user=0.02 sys=0.00, real=0.02 secs] 
Heap after GC invocations=511 (full 3):
 PSYoungGen      total 77312K, used 3616K [0x00000000d5580000, 0x00000000daa80000, 0x0000000100000000)
  eden space 67584K, 0% used [0x00000000d5580000,0x00000000d5580000,0x00000000d9780000)
  from space 9728K, 37% used [0x00000000da100000,0x00000000da488000,0x00000000daa80000)
  to   space 9728K, 0% used [0x00000000d9780000,0x00000000d9780000,0x00000000da100000)
 ParOldGen       total 221696K, used 110215K [0x0000000080000000, 0x000000008d880000, 0x00000000d5580000)
  object space 221696K, 49% used [0x0000000080000000,0x0000000086ba1dc8,0x000000008d880000)
 Metaspace       used 95387K, capacity 98812K, committed 98892K, reserved 1136640K
  class space    used 11436K, capacity 12010K, committed 12032K, reserved 1048576K
}
{Heap before GC invocations=512 (full 3):
 PSYoungGen      total 77312K, used 71199K [0x00000000d5580000, 0x00000000daa80000, 0x0000000100000000)
  eden space 67584K, 99% used [0x00000000d5580000,0x00000000d977fec0,0x00000000d9780000)
  from space 9728K, 37% used [0x00000000da100000,0x00000000da488000,0x00000000daa80000)
  to   space 9728K, 0% used [0x00000000d9780000,0x00000000d9780000,0x00000000da100000)
 ParOldGen       total 221696K, used 110215K [0x0000000080000000, 0x000000008d880000, 0x00000000d5580000)
  object space 221696K, 49% used [0x0000000080000000,0x0000000086ba1dc8,0x000000008d880000)
 Metaspace       used 95387K, capacity 98812K, committed 98892K, reserved 1136640K
  class space    used 11436K, capacity 12010K, committed 12032K, reserved 1048576K
2023-10-04T20:58:37.890+0600: 1937582.133: [GC (Allocation Failure) [PSYoungGen: 71199K->4260K(77312K)] 181415K->114595K(299008K), 0.0147060 secs] [Times: user=0.02 sys=0.00, real=0.02 secs] 
Heap after GC invocations=512 (full 3):
 PSYoungGen      total 77312K, used 4260K [0x00000000d5580000, 0x00000000daa80000, 0x0000000100000000)
  eden space 67584K, 0% used [0x00000000d5580000,0x00000000d5580000,0x00000000d9780000)
  from space 9728K, 43% used [0x00000000d9780000,0x00000000d9ba91b0,0x00000000da100000)
  to   space 9216K, 0% used [0x00000000da180000,0x00000000da180000,0x00000000daa80000)
 ParOldGen       total 221696K, used 110335K [0x0000000080000000, 0x000000008d880000, 0x00000000d5580000)
  object space 221696K, 49% used [0x0000000080000000,0x0000000086bbfdc8,0x000000008d880000)
 Metaspace       used 95387K, capacity 98812K, committed 98892K, reserved 1136640K
  class space    used 11436K, capacity 12010K, committed 12032K, reserved 1048576K
}
{Heap before GC invocations=513 (full 3):
 PSYoungGen      total 77312K, used 71844K [0x00000000d5580000, 0x00000000daa80000, 0x0000000100000000)
  eden space 67584K, 100% used [0x00000000d5580000,0x00000000d9780000,0x00000000d9780000)
  from space 9728K, 43% used [0x00000000d9780000,0x00000000d9ba91b0,0x00000000da100000)
  to   space 9216K, 0% used [0x00000000da180000,0x00000000da180000,0x00000000daa80000)
 ParOldGen       total 221696K, used 110335K [0x0000000080000000, 0x000000008d880000, 0x00000000d5580000)
  object space 221696K, 49% used [0x0000000080000000,0x0000000086bbfdc8,0x000000008d880000)
 Metaspace       used 95387K, capacity 98812K, committed 98892K, reserved 1136640K
  class space    used 11436K, capacity 12010K, committed 12032K, reserved 1048576K
2023-10-04T21:53:54.279+0600: 1940898.523: [GC (Allocation Failure) [PSYoungGen: 71844K->3456K(77824K)] 182179K->113855K(299520K), 0.0151808 secs] [Times: user=0.03 sys=0.00, real=0.02 secs] 
Heap after GC invocations=513 (full 3):
 PSYoungGen      total 77824K, used 3456K [0x00000000d5580000, 0x00000000daa80000, 0x0000000100000000)
  eden space 68608K, 0% used [0x00000000d5580000,0x00000000d5580000,0x00000000d9880000)
  from space 9216K, 37% used [0x00000000da180000,0x00000000da4e0000,0x00000000daa80000)
  to   space 9216K, 0% used [0x00000000d9880000,0x00000000d9880000,0x00000000da180000)
 ParOldGen       total 221696K, used 110399K [0x0000000080000000, 0x000000008d880000, 0x00000000d5580000)
  object space 221696K, 49% used [0x0000000080000000,0x0000000086bcfdc8,0x000000008d880000)
 Metaspace       used 95387K, capacity 98812K, committed 98892K, reserved 1136640K
  class space    used 11436K, capacity 12010K, committed 12032K, reserved 1048576K
}
{Heap before GC invocations=514 (full 3):
 PSYoungGen      total 77824K, used 72064K [0x00000000d5580000, 0x00000000daa80000, 0x0000000100000000)
  eden space 68608K, 100% used [0x00000000d5580000,0x00000000d9880000,0x00000000d9880000)
  from space 9216K, 37% used [0x00000000da180000,0x00000000da4e0000,0x00000000daa80000)
  to   space 9216K, 0% used [0x00000000d9880000,0x00000000d9880000,0x00000000da180000)
 ParOldGen       total 221696K, used 110399K [0x0000000080000000, 0x000000008d880000, 0x00000000d5580000)
  object space 221696K, 49% used [0x0000000080000000,0x0000000086bcfdc8,0x000000008d880000)
 Metaspace       used 95387K, capacity 98812K, committed 98892K, reserved 1136640K
  class space    used 11436K, capacity 12010K, committed 12032K, reserved 1048576K
2023-10-04T22:49:22.911+0600: 1944227.154: [GC (Allocation Failure) [PSYoungGen: 72064K->3378K(77824K)] 182463K->113857K(299520K), 0.0166232 secs] [Times: user=0.03 sys=0.00, real=0.02 secs] 
Heap after GC invocations=514 (full 3):
 PSYoungGen      total 77824K, used 3378K [0x00000000d5580000, 0x00000000daa80000, 0x0000000100000000)
  eden space 68608K, 0% used [0x00000000d5580000,0x00000000d5580000,0x00000000d9880000)
  from space 9216K, 36% used [0x00000000d9880000,0x00000000d9bcc810,0x00000000da180000)
  to   space 9216K, 0% used [0x00000000da180000,0x00000000da180000,0x00000000daa80000)
 ParOldGen       total 221696K, used 110479K [0x0000000080000000, 0x000000008d880000, 0x00000000d5580000)
  object space 221696K, 49% used [0x0000000080000000,0x0000000086be3dc8,0x000000008d880000)
 Metaspace       used 95387K, capacity 98812K, committed 98892K, reserved 1136640K
  class space    used 11436K, capacity 12010K, committed 12032K, reserved 1048576K
}
{Heap before GC invocations=515 (full 3):
 PSYoungGen      total 77824K, used 71986K [0x00000000d5580000, 0x00000000daa80000, 0x0000000100000000)
  eden space 68608K, 100% used [0x00000000d5580000,0x00000000d9880000,0x00000000d9880000)
  from space 9216K, 36% used [0x00000000d9880000,0x00000000d9bcc810,0x00000000da180000)
  to   space 9216K, 0% used [0x00000000da180000,0x00000000da180000,0x00000000daa80000)
 ParOldGen       total 221696K, used 110479K [0x0000000080000000, 0x000000008d880000, 0x00000000d5580000)
  object space 221696K, 49% used [0x0000000080000000,0x0000000086be3dc8,0x000000008d880000)
 Metaspace       used 95387K, capacity 98812K, committed 98892K, reserved 1136640K
  class space    used 11436K, capacity 12010K, committed 12032K, reserved 1048576K
2023-10-04T23:45:12.280+0600: 1947576.523: [GC (Allocation Failure) [PSYoungGen: 71986K->3346K(77824K)] 182465K->113865K(299520K), 0.0122858 secs] [Times: user=0.02 sys=0.00, real=0.01 secs] 
Heap after GC invocations=515 (full 3):
 PSYoungGen      total 77824K, used 3346K [0x00000000d5580000, 0x00000000daa80000, 0x0000000100000000)
  eden space 68608K, 0% used [0x00000000d5580000,0x00000000d5580000,0x00000000d9880000)
  from space 9216K, 36% used [0x00000000da180000,0x00000000da4c4810,0x00000000daa80000)
  to   space 9216K, 0% used [0x00000000d9880000,0x00000000d9880000,0x00000000da180000)
 ParOldGen       total 221696K, used 110519K [0x0000000080000000, 0x000000008d880000, 0x00000000d5580000)
  object space 221696K, 49% used [0x0000000080000000,0x0000000086beddc8,0x000000008d880000)
 Metaspace       used 95387K, capacity 98812K, committed 98892K, reserved 1136640K
  class space    used 11436K, capacity 12010K, committed 12032K, reserved 1048576K
}
{Heap before GC invocations=516 (full 3):
 PSYoungGen      total 77824K, used 71954K [0x00000000d5580000, 0x00000000daa80000, 0x0000000100000000)
  eden space 68608K, 99% used [0x00000000d5580000,0x00000000d987fff8,0x00000000d9880000)
  from space 9216K, 36% used [0x00000000da180000,0x00000000da4c4810,0x00000000daa80000)
  to   space 9216K, 0% used [0x00000000d9880000,0x00000000d9880000,0x00000000da180000)
 ParOldGen       total 221696K, used 110519K [0x0000000080000000, 0x000000008d880000, 0x00000000d5580000)
  object space 221696K, 49% used [0x0000000080000000,0x0000000086beddc8,0x000000008d880000)
 Metaspace       used 95387K, capacity 98812K, committed 98892K, reserved 1136640K
  class space    used 11436K, capacity 12010K, committed 12032K, reserved 1048576K
2023-10-05T00:39:37.666+0600: 1950841.910: [GC (Allocation Failure) [PSYoungGen: 71954K->3282K(77824K)] 182473K->113857K(299520K), 0.0168381 secs] [Times: user=0.03 sys=0.00, real=0.02 secs] 
Heap after GC invocations=516 (full 3):
 PSYoungGen      total 77824K, used 3282K [0x00000000d5580000, 0x00000000daa80000, 0x0000000100000000)
  eden space 68608K, 0% used [0x00000000d5580000,0x00000000d5580000,0x00000000d9880000)
  from space 9216K, 35% used [0x00000000d9880000,0x00000000d9bb4810,0x00000000da180000)
  to   space 8704K, 0% used [0x00000000da200000,0x00000000da200000,0x00000000daa80000)
 ParOldGen       total 221696K, used 110575K [0x0000000080000000, 0x000000008d880000, 0x00000000d5580000)
  object space 221696K, 49% used [0x0000000080000000,0x0000000086bfbdc8,0x000000008d880000)
 Metaspace       used 95387K, capacity 98812K, committed 98892K, reserved 1136640K
  class space    used 11436K, capacity 12010K, committed 12032K, reserved 1048576K
}
{Heap before GC invocations=517 (full 3):
 PSYoungGen      total 77824K, used 71890K [0x00000000d5580000, 0x00000000daa80000, 0x0000000100000000)
  eden space 68608K, 100% used [0x00000000d5580000,0x00000000d9880000,0x00000000d9880000)
  from space 9216K, 35% used [0x00000000d9880000,0x00000000d9bb4810,0x00000000da180000)
  to   space 8704K, 0% used [0x00000000da200000,0x00000000da200000,0x00000000daa80000)
 ParOldGen       total 221696K, used 110575K [0x0000000080000000, 0x000000008d880000, 0x00000000d5580000)
  object space 221696K, 49% used [0x0000000080000000,0x0000000086bfbdc8,0x000000008d880000)
 Metaspace       used 95387K, capacity 98812K, committed 98892K, reserved 1136640K
  class space    used 11436K, capacity 12010K, committed 12032K, reserved 1048576K
2023-10-05T01:33:02.781+0600: 1954047.024: [GC (Allocation Failure) [PSYoungGen: 71890K->3330K(78336K)] 182465K->113921K(300032K), 0.0136699 secs] [Times: user=0.02 sys=0.00, real=0.02 secs] 
Heap after GC invocations=517 (full 3):
 PSYoungGen      total 78336K, used 3330K [0x00000000d5580000, 0x00000000daa80000, 0x0000000100000000)
  eden space 69632K, 0% used [0x00000000d5580000,0x00000000d5580000,0x00000000d9980000)
  from space 8704K, 38% used [0x00000000da200000,0x00000000da5408f0,0x00000000daa80000)
  to   space 8704K, 0% used [0x00000000d9980000,0x00000000d9980000,0x00000000da200000)
 ParOldGen       total 221696K, used 110591K [0x0000000080000000, 0x000000008d880000, 0x00000000d5580000)
  object space 221696K, 49% used [0x0000000080000000,0x0000000086bffdc8,0x000000008d880000)
 Metaspace       used 95387K, capacity 98812K, committed 98892K, reserved 1136640K
  class space    used 11436K, capacity 12010K, committed 12032K, reserved 1048576K
}
{Heap before GC invocations=518 (full 3):
 PSYoungGen      total 78336K, used 72962K [0x00000000d5580000, 0x00000000daa80000, 0x0000000100000000)
  eden space 69632K, 100% used [0x00000000d5580000,0x00000000d9980000,0x00000000d9980000)
  from space 8704K, 38% used [0x00000000da200000,0x00000000da5408f0,0x00000000daa80000)
  to   space 8704K, 0% used [0x00000000d9980000,0x00000000d9980000,0x00000000da200000)
 ParOldGen       total 221696K, used 110591K [0x0000000080000000, 0x000000008d880000, 0x00000000d5580000)
  object space 221696K, 49% used [0x0000000080000000,0x0000000086bffdc8,0x000000008d880000)
 Metaspace       used 95387K, capacity 98812K, committed 98892K, reserved 1136640K
  class space    used 11436K, capacity 12010K, committed 12032K, reserved 1048576K
2023-10-05T02:29:23.821+0600: 1957428.064: [GC (Allocation Failure) [PSYoungGen: 72962K->3312K(78336K)] 183553K->113927K(300032K), 0.0146836 secs] [Times: user=0.03 sys=0.00, real=0.02 secs] 
Heap after GC invocations=518 (full 3):
 PSYoungGen      total 78336K, used 3312K [0x00000000d5580000, 0x00000000daa80000, 0x0000000100000000)
  eden space 69632K, 0% used [0x00000000d5580000,0x00000000d5580000,0x00000000d9980000)
  from space 8704K, 38% used [0x00000000d9980000,0x00000000d9cbc0e0,0x00000000da200000)
  to   space 8704K, 0% used [0x00000000da200000,0x00000000da200000,0x00000000daa80000)
 ParOldGen       total 221696K, used 110615K [0x0000000080000000, 0x000000008d880000, 0x00000000d5580000)
  object space 221696K, 49% used [0x0000000080000000,0x0000000086c05d18,0x000000008d880000)
 Metaspace       used 95387K, capacity 98812K, committed 98892K, reserved 1136640K
  class space    used 11436K, capacity 12010K, committed 12032K, reserved 1048576K
}
{Heap before GC invocations=519 (full 3):
 PSYoungGen      total 78336K, used 72944K [0x00000000d5580000, 0x00000000daa80000, 0x0000000100000000)
  eden space 69632K, 100% used [0x00000000d5580000,0x00000000d9980000,0x00000000d9980000)
  from space 8704K, 38% used [0x00000000d9980000,0x00000000d9cbc0e0,0x00000000da200000)
  to   space 8704K, 0% used [0x00000000da200000,0x00000000da200000,0x00000000daa80000)
 ParOldGen       total 221696K, used 110615K [0x0000000080000000, 0x000000008d880000, 0x00000000d5580000)
  object space 221696K, 49% used [0x0000000080000000,0x0000000086c05d18,0x000000008d880000)
 Metaspace       used 95387K, capacity 98812K, committed 98892K, reserved 1136640K
  class space    used 11436K, capacity 12010K, committed 12032K, reserved 1048576K
2023-10-05T03:26:03.936+0600: 1960828.179: [GC (Allocation Failure) [PSYoungGen: 72944K->3298K(78848K)] 183559K->113929K(300544K), 0.0112455 secs] [Times: user=0.01 sys=0.02, real=0.01 secs] 
Heap after GC invocations=519 (full 3):
 PSYoungGen      total 78848K, used 3298K [0x00000000d5580000, 0x00000000daa80000, 0x0000000100000000)
  eden space 70144K, 0% used [0x00000000d5580000,0x00000000d5580000,0x00000000d9a00000)
  from space 8704K, 37% used [0x00000000da200000,0x00000000da5388f0,0x00000000daa80000)
  to   space 8192K, 0% used [0x00000000d9a00000,0x00000000d9a00000,0x00000000da200000)
 ParOldGen       total 221696K, used 110631K [0x0000000080000000, 0x000000008d880000, 0x00000000d5580000)
  object space 221696K, 49% used [0x0000000080000000,0x0000000086c09d18,0x000000008d880000)
 Metaspace       used 95387K, capacity 98812K, committed 98892K, reserved 1136640K
  class space    used 11436K, capacity 12010K, committed 12032K, reserved 1048576K
}
{Heap before GC invocations=520 (full 3):
 PSYoungGen      total 78848K, used 73442K [0x00000000d5580000, 0x00000000daa80000, 0x0000000100000000)
  eden space 70144K, 100% used [0x00000000d5580000,0x00000000d9a00000,0x00000000d9a00000)
  from space 8704K, 37% used [0x00000000da200000,0x00000000da5388f0,0x00000000daa80000)
  to   space 8192K, 0% used [0x00000000d9a00000,0x00000000d9a00000,0x00000000da200000)
 ParOldGen       total 221696K, used 110631K [0x0000000080000000, 0x000000008d880000, 0x00000000d5580000)
  object space 221696K, 49% used [0x0000000080000000,0x0000000086c09d18,0x000000008d880000)
 Metaspace       used 95387K, capacity 98812K, committed 98892K, reserved 1136640K
  class space    used 11436K, capacity 12010K, committed 12032K, reserved 1048576K
2023-10-05T04:24:15.495+0600: 1964319.738: [GC (Allocation Failure) [PSYoungGen: 73442K->3248K(78336K)] 184073K->113895K(300032K), 0.0132279 secs] [Times: user=0.03 sys=0.00, real=0.01 secs] 
Heap after GC invocations=520 (full 3):
 PSYoungGen      total 78336K, used 3248K [0x00000000d5580000, 0x00000000daa80000, 0x0000000100000000)
  eden space 70144K, 0% used [0x00000000d5580000,0x00000000d5580000,0x00000000d9a00000)
  from space 8192K, 39% used [0x00000000d9a00000,0x00000000d9d2c0e0,0x00000000da200000)
  to   space 8192K, 0% used [0x00000000da280000,0x00000000da280000,0x00000000daa80000)
 ParOldGen       total 221696K, used 110647K [0x0000000080000000, 0x000000008d880000, 0x00000000d5580000)
  object space 221696K, 49% used [0x0000000080000000,0x0000000086c0dd18,0x000000008d880000)
 Metaspace       used 95387K, capacity 98812K, committed 98892K, reserved 1136640K
  class space    used 11436K, capacity 12010K, committed 12032K, reserved 1048576K
}
{Heap before GC invocations=521 (full 3):
 PSYoungGen      total 78336K, used 73392K [0x00000000d5580000, 0x00000000daa80000, 0x0000000100000000)
  eden space 70144K, 100% used [0x00000000d5580000,0x00000000d9a00000,0x00000000d9a00000)
  from space 8192K, 39% used [0x00000000d9a00000,0x00000000d9d2c0e0,0x00000000da200000)
  to   space 8192K, 0% used [0x00000000da280000,0x00000000da280000,0x00000000daa80000)
 ParOldGen       total 221696K, used 110647K [0x0000000080000000, 0x000000008d880000, 0x00000000d5580000)
  object space 221696K, 49% used [0x0000000080000000,0x0000000086c0dd18,0x000000008d880000)
 Metaspace       used 95387K, capacity 98812K, committed 98892K, reserved 1136640K
  class space    used 11436K, capacity 12010K, committed 12032K, reserved 1048576K
2023-10-05T05:22:07.550+0600: 1967791.793: [GC (Allocation Failure) [PSYoungGen: 73392K->3248K(78848K)] 184039K->113975K(300544K), 0.0146290 secs] [Times: user=0.01 sys=0.01, real=0.02 secs] 
Heap after GC invocations=521 (full 3):
 PSYoungGen      total 78848K, used 3248K [0x00000000d5580000, 0x00000000daa80000, 0x0000000100000000)
  eden space 70656K, 0% used [0x00000000d5580000,0x00000000d5580000,0x00000000d9a80000)
  from space 8192K, 39% used [0x00000000da280000,0x00000000da5ac0e0,0x00000000daa80000)
  to   space 8192K, 0% used [0x00000000d9a80000,0x00000000d9a80000,0x00000000da280000)
 ParOldGen       total 221696K, used 110727K [0x0000000080000000, 0x000000008d880000, 0x00000000d5580000)
  object space 221696K, 49% used [0x0000000080000000,0x0000000086c21d28,0x000000008d880000)
 Metaspace       used 95387K, capacity 98812K, committed 98892K, reserved 1136640K
  class space    used 11436K, capacity 12010K, committed 12032K, reserved 1048576K
}
{Heap before GC invocations=522 (full 3):
 PSYoungGen      total 78848K, used 73904K [0x00000000d5580000, 0x00000000daa80000, 0x0000000100000000)
  eden space 70656K, 100% used [0x00000000d5580000,0x00000000d9a80000,0x00000000d9a80000)
  from space 8192K, 39% used [0x00000000da280000,0x00000000da5ac0e0,0x00000000daa80000)
  to   space 8192K, 0% used [0x00000000d9a80000,0x00000000d9a80000,0x00000000da280000)
 ParOldGen       total 221696K, used 110727K [0x0000000080000000, 0x000000008d880000, 0x00000000d5580000)
  object space 221696K, 49% used [0x0000000080000000,0x0000000086c21d28,0x000000008d880000)
 Metaspace       used 95387K, capacity 98812K, committed 98892K, reserved 1136640K
  class space    used 11436K, capacity 12010K, committed 12032K, reserved 1048576K
2023-10-05T06:19:38.247+0600: 1971242.490: [GC (Allocation Failure) [PSYoungGen: 73904K->2928K(78848K)] 184631K->113958K(300544K), 0.0132124 secs] [Times: user=0.03 sys=0.00, real=0.01 secs] 
Heap after GC invocations=522 (full 3):
 PSYoungGen      total 78848K, used 2928K [0x00000000d5580000, 0x00000000daa80000, 0x0000000100000000)
  eden space 70656K, 0% used [0x00000000d5580000,0x00000000d5580000,0x00000000d9a80000)
  from space 8192K, 35% used [0x00000000d9a80000,0x00000000d9d5c0e0,0x00000000da280000)
  to   space 7680K, 0% used [0x00000000da300000,0x00000000da300000,0x00000000daa80000)
 ParOldGen       total 221696K, used 111030K [0x0000000080000000, 0x000000008d880000, 0x00000000d5580000)
  object space 221696K, 50% used [0x0000000080000000,0x0000000086c6d920,0x000000008d880000)
 Metaspace       used 95387K, capacity 98812K, committed 98892K, reserved 1136640K
  class space    used 11436K, capacity 12010K, committed 12032K, reserved 1048576K
}
{Heap before GC invocations=523 (full 3):
 PSYoungGen      total 78848K, used 73584K [0x00000000d5580000, 0x00000000daa80000, 0x0000000100000000)
  eden space 70656K, 100% used [0x00000000d5580000,0x00000000d9a80000,0x00000000d9a80000)
  from space 8192K, 35% used [0x00000000d9a80000,0x00000000d9d5c0e0,0x00000000da280000)
  to   space 7680K, 0% used [0x00000000da300000,0x00000000da300000,0x00000000daa80000)
 ParOldGen       total 221696K, used 111030K [0x0000000080000000, 0x000000008d880000, 0x00000000d5580000)
  object space 221696K, 50% used [0x0000000080000000,0x0000000086c6d920,0x000000008d880000)
 Metaspace       used 95387K, capacity 98812K, committed 98892K, reserved 1136640K
  class space    used 11436K, capacity 12010K, committed 12032K, reserved 1048576K
2023-10-05T07:17:18.502+0600: 1974702.745: [GC (Allocation Failure) [PSYoungGen: 73584K->2624K(79360K)] 184614K->113958K(301056K), 0.0143772 secs] [Times: user=0.02 sys=0.00, real=0.02 secs] 
Heap after GC invocations=523 (full 3):
 PSYoungGen      total 79360K, used 2624K [0x00000000d5580000, 0x00000000daa80000, 0x0000000100000000)
  eden space 71680K, 0% used [0x00000000d5580000,0x00000000d5580000,0x00000000d9b80000)
  from space 7680K, 34% used [0x00000000da300000,0x00000000da590000,0x00000000daa80000)
  to   space 7680K, 0% used [0x00000000d9b80000,0x00000000d9b80000,0x00000000da300000)
 ParOldGen       total 221696K, used 111334K [0x0000000080000000, 0x000000008d880000, 0x00000000d5580000)
  object space 221696K, 50% used [0x0000000080000000,0x0000000086cb9970,0x000000008d880000)
 Metaspace       used 95387K, capacity 98812K, committed 98892K, reserved 1136640K
  class space    used 11436K, capacity 12010K, committed 12032K, reserved 1048576K
}
{Heap before GC invocations=524 (full 3):
 PSYoungGen      total 79360K, used 74304K [0x00000000d5580000, 0x00000000daa80000, 0x0000000100000000)
  eden space 71680K, 100% used [0x00000000d5580000,0x00000000d9b80000,0x00000000d9b80000)
  from space 7680K, 34% used [0x00000000da300000,0x00000000da590000,0x00000000daa80000)
  to   space 7680K, 0% used [0x00000000d9b80000,0x00000000d9b80000,0x00000000da300000)
 ParOldGen       total 221696K, used 111334K [0x0000000080000000, 0x000000008d880000, 0x00000000d5580000)
  object space 221696K, 50% used [0x0000000080000000,0x0000000086cb9970,0x000000008d880000)
 Metaspace       used 95387K, capacity 98812K, committed 98892K, reserved 1136640K
  class space    used 11436K, capacity 12010K, committed 12032K, reserved 1048576K
2023-10-05T08:15:42.706+0600: 1978206.949: [GC (Allocation Failure) [PSYoungGen: 74304K->2400K(79360K)] 185638K->113947K(301056K), 0.0149496 secs] [Times: user=0.03 sys=0.00, real=0.01 secs] 
Heap after GC invocations=524 (full 3):
 PSYoungGen      total 79360K, used 2400K [0x00000000d5580000, 0x00000000daa80000, 0x0000000100000000)
  eden space 71680K, 0% used [0x00000000d5580000,0x00000000d5580000,0x00000000d9b80000)
  from space 7680K, 31% used [0x00000000d9b80000,0x00000000d9dd8000,0x00000000da300000)
  to   space 7680K, 0% used [0x00000000da300000,0x00000000da300000,0x00000000daa80000)
 ParOldGen       total 221696K, used 111547K [0x0000000080000000, 0x000000008d880000, 0x00000000d5580000)
  object space 221696K, 50% used [0x0000000080000000,0x0000000086ceed90,0x000000008d880000)
 Metaspace       used 95387K, capacity 98812K, committed 98892K, reserved 1136640K
  class space    used 11436K, capacity 12010K, committed 12032K, reserved 1048576K
}
{Heap before GC invocations=525 (full 3):
 PSYoungGen      total 79360K, used 74080K [0x00000000d5580000, 0x00000000daa80000, 0x0000000100000000)
  eden space 71680K, 100% used [0x00000000d5580000,0x00000000d9b80000,0x00000000d9b80000)
  from space 7680K, 31% used [0x00000000d9b80000,0x00000000d9dd8000,0x00000000da300000)
  to   space 7680K, 0% used [0x00000000da300000,0x00000000da300000,0x00000000daa80000)
 ParOldGen       total 221696K, used 111547K [0x0000000080000000, 0x000000008d880000, 0x00000000d5580000)
  object space 221696K, 50% used [0x0000000080000000,0x0000000086ceed90,0x000000008d880000)
 Metaspace       used 95387K, capacity 98812K, committed 98892K, reserved 1136640K
  class space    used 11436K, capacity 12010K, committed 12032K, reserved 1048576K
2023-10-05T09:14:24.988+0600: 1981729.231: [GC (Allocation Failure) [PSYoungGen: 74080K->2272K(79872K)] 185627K->113944K(301568K), 0.0139907 secs] [Times: user=0.02 sys=0.00, real=0.01 secs] 
Heap after GC invocations=525 (full 3):
 PSYoungGen      total 79872K, used 2272K [0x00000000d5580000, 0x00000000daa80000, 0x0000000100000000)
  eden space 72192K, 0% used [0x00000000d5580000,0x00000000d5580000,0x00000000d9c00000)
  from space 7680K, 29% used [0x00000000da300000,0x00000000da538000,0x00000000daa80000)
  to   space 7168K, 0% used [0x00000000d9c00000,0x00000000d9c00000,0x00000000da300000)
 ParOldGen       total 221696K, used 111672K [0x0000000080000000, 0x000000008d880000, 0x00000000d5580000)
  object space 221696K, 50% used [0x0000000080000000,0x0000000086d0e0f8,0x000000008d880000)
 Metaspace       used 95387K, capacity 98812K, committed 98892K, reserved 1136640K
  class space    used 11436K, capacity 12010K, committed 12032K, reserved 1048576K
}
{Heap before GC invocations=526 (full 3):
 PSYoungGen      total 79872K, used 74464K [0x00000000d5580000, 0x00000000daa80000, 0x0000000100000000)
  eden space 72192K, 100% used [0x00000000d5580000,0x00000000d9c00000,0x00000000d9c00000)
  from space 7680K, 29% used [0x00000000da300000,0x00000000da538000,0x00000000daa80000)
  to   space 7168K, 0% used [0x00000000d9c00000,0x00000000d9c00000,0x00000000da300000)
 ParOldGen       total 221696K, used 111672K [0x0000000080000000, 0x000000008d880000, 0x00000000d5580000)
  object space 221696K, 50% used [0x0000000080000000,0x0000000086d0e0f8,0x000000008d880000)
 Metaspace       used 95387K, capacity 98812K, committed 98892K, reserved 1136640K
  class space    used 11436K, capacity 12010K, committed 12032K, reserved 1048576K
2023-10-05T10:13:30.289+0600: 1985274.533: [GC (Allocation Failure) [PSYoungGen: 74464K->2240K(79360K)] 186136K->113912K(301056K), 0.0106481 secs] [Times: user=0.02 sys=0.00, real=0.01 secs] 
Heap after GC invocations=526 (full 3):
 PSYoungGen      total 79360K, used 2240K [0x00000000d5580000, 0x00000000daa80000, 0x0000000100000000)
  eden space 72192K, 0% used [0x00000000d5580000,0x00000000d5580000,0x00000000d9c00000)
  from space 7168K, 31% used [0x00000000d9c00000,0x00000000d9e30000,0x00000000da300000)
  to   space 7168K, 0% used [0x00000000da380000,0x00000000da380000,0x00000000daa80000)
 ParOldGen       total 221696K, used 111672K [0x0000000080000000, 0x000000008d880000, 0x00000000d5580000)
  object space 221696K, 50% used [0x0000000080000000,0x0000000086d0e0f8,0x000000008d880000)
 Metaspace       used 95387K, capacity 98812K, committed 98892K, reserved 1136640K
  class space    used 11436K, capacity 12010K, committed 12032K, reserved 1048576K
}
{Heap before GC invocations=527 (full 3):
 PSYoungGen      total 79360K, used 74432K [0x00000000d5580000, 0x00000000daa80000, 0x0000000100000000)
  eden space 72192K, 100% used [0x00000000d5580000,0x00000000d9c00000,0x00000000d9c00000)
  from space 7168K, 31% used [0x00000000d9c00000,0x00000000d9e30000,0x00000000da300000)
  to   space 7168K, 0% used [0x00000000da380000,0x00000000da380000,0x00000000daa80000)
 ParOldGen       total 221696K, used 111672K [0x0000000080000000, 0x000000008d880000, 0x00000000d5580000)
  object space 221696K, 50% used [0x0000000080000000,0x0000000086d0e0f8,0x000000008d880000)
 Metaspace       used 95387K, capacity 98812K, committed 98892K, reserved 1136640K
  class space    used 11436K, capacity 12010K, committed 12032K, reserved 1048576K
2023-10-05T10:40:41.894+0600: 1986906.137: [GC (Allocation Failure) [PSYoungGen: 74432K->6073K(78848K)] 186104K->117793K(300544K), 0.0177846 secs] [Times: user=0.02 sys=0.00, real=0.01 secs] 
Heap after GC invocations=527 (full 3):
 PSYoungGen      total 78848K, used 6073K [0x00000000d5580000, 0x00000000daa80000, 0x0000000100000000)
  eden space 71680K, 0% used [0x00000000d5580000,0x00000000d5580000,0x00000000d9b80000)
  from space 7168K, 84% used [0x00000000da380000,0x00000000da96e400,0x00000000daa80000)
  to   space 7680K, 0% used [0x00000000d9b80000,0x00000000d9b80000,0x00000000da300000)
 ParOldGen       total 221696K, used 111720K [0x0000000080000000, 0x000000008d880000, 0x00000000d5580000)
  object space 221696K, 50% used [0x0000000080000000,0x0000000086d1a0f8,0x000000008d880000)
 Metaspace       used 95387K, capacity 98812K, committed 98892K, reserved 1136640K
  class space    used 11436K, capacity 12010K, committed 12032K, reserved 1048576K
}
{Heap before GC invocations=528 (full 3):
 PSYoungGen      total 78848K, used 77753K [0x00000000d5580000, 0x00000000daa80000, 0x0000000100000000)
  eden space 71680K, 100% used [0x00000000d5580000,0x00000000d9b80000,0x00000000d9b80000)
  from space 7168K, 84% used [0x00000000da380000,0x00000000da96e400,0x00000000daa80000)
  to   space 7680K, 0% used [0x00000000d9b80000,0x00000000d9b80000,0x00000000da300000)
 ParOldGen       total 221696K, used 111720K [0x0000000080000000, 0x000000008d880000, 0x00000000d5580000)
  object space 221696K, 50% used [0x0000000080000000,0x0000000086d1a0f8,0x000000008d880000)
 Metaspace       used 95406K, capacity 98812K, committed 98892K, reserved 1136640K
  class space    used 11436K, capacity 12010K, committed 12032K, reserved 1048576K
2023-10-05T11:08:28.097+0600: 1988572.341: [GC (Allocation Failure) [PSYoungGen: 77753K->7671K(78336K)] 189473K->120189K(300032K), 0.0189337 secs] [Times: user=0.03 sys=0.00, real=0.02 secs] 
Heap after GC invocations=528 (full 3):
 PSYoungGen      total 78336K, used 7671K [0x00000000d5580000, 0x00000000dac80000, 0x0000000100000000)
  eden space 70656K, 0% used [0x00000000d5580000,0x00000000d5580000,0x00000000d9a80000)
  from space 7680K, 99% used [0x00000000d9b80000,0x00000000da2fdcb0,0x00000000da300000)
  to   space 9216K, 0% used [0x00000000da380000,0x00000000da380000,0x00000000dac80000)
 ParOldGen       total 221696K, used 112518K [0x0000000080000000, 0x000000008d880000, 0x00000000d5580000)
  object space 221696K, 50% used [0x0000000080000000,0x0000000086de1908,0x000000008d880000)
 Metaspace       used 95406K, capacity 98812K, committed 98892K, reserved 1136640K
  class space    used 11436K, capacity 12010K, committed 12032K, reserved 1048576K
}
{Heap before GC invocations=529 (full 3):
 PSYoungGen      total 78336K, used 78327K [0x00000000d5580000, 0x00000000dac80000, 0x0000000100000000)
  eden space 70656K, 100% used [0x00000000d5580000,0x00000000d9a80000,0x00000000d9a80000)
  from space 7680K, 99% used [0x00000000d9b80000,0x00000000da2fdcb0,0x00000000da300000)
  to   space 9216K, 0% used [0x00000000da380000,0x00000000da380000,0x00000000dac80000)
 ParOldGen       total 221696K, used 112518K [0x0000000080000000, 0x000000008d880000, 0x00000000d5580000)
  object space 221696K, 50% used [0x0000000080000000,0x0000000086de1908,0x000000008d880000)
 Metaspace       used 95407K, capacity 98812K, committed 98892K, reserved 1136640K
  class space    used 11436K, capacity 12010K, committed 12032K, reserved 1048576K
2023-10-05T11:34:28.533+0600: 1990132.776: [GC (Allocation Failure) [PSYoungGen: 78327K->8502K(78848K)] 190845K->121021K(300544K), 0.0187343 secs] [Times: user=0.03 sys=0.00, real=0.02 secs] 
Heap after GC invocations=529 (full 3):
 PSYoungGen      total 78848K, used 8502K [0x00000000d5580000, 0x00000000dad80000, 0x0000000100000000)
  eden space 69632K, 0% used [0x00000000d5580000,0x00000000d5580000,0x00000000d9980000)
  from space 9216K, 92% used [0x00000000da380000,0x00000000dabcdb90,0x00000000dac80000)
  to   space 10240K, 0% used [0x00000000d9980000,0x00000000d9980000,0x00000000da380000)
 ParOldGen       total 221696K, used 112518K [0x0000000080000000, 0x000000008d880000, 0x00000000d5580000)
  object space 221696K, 50% used [0x0000000080000000,0x0000000086de1908,0x000000008d880000)
 Metaspace       used 95407K, capacity 98812K, committed 98892K, reserved 1136640K
  class space    used 11436K, capacity 12010K, committed 12032K, reserved 1048576K
}
{Heap before GC invocations=530 (full 3):
 PSYoungGen      total 78848K, used 78134K [0x00000000d5580000, 0x00000000dad80000, 0x0000000100000000)
  eden space 69632K, 100% used [0x00000000d5580000,0x00000000d9980000,0x00000000d9980000)
  from space 9216K, 92% used [0x00000000da380000,0x00000000dabcdb90,0x00000000dac80000)
  to   space 10240K, 0% used [0x00000000d9980000,0x00000000d9980000,0x00000000da380000)
 ParOldGen       total 221696K, used 112518K [0x0000000080000000, 0x000000008d880000, 0x00000000d5580000)
  object space 221696K, 50% used [0x0000000080000000,0x0000000086de1908,0x000000008d880000)
 Metaspace       used 95407K, capacity 98812K, committed 98892K, reserved 1136640K
  class space    used 11436K, capacity 12010K, committed 12032K, reserved 1048576K
2023-10-05T11:48:07.240+0600: 1990951.484: [GC (Allocation Failure) [PSYoungGen: 78134K->9627K(79360K)] 190653K->122145K(301056K), 0.0165664 secs] [Times: user=0.03 sys=0.00, real=0.02 secs] 
Heap after GC invocations=530 (full 3):
 PSYoungGen      total 79360K, used 9627K [0x00000000d5580000, 0x00000000db000000, 0x0000000100000000)
  eden space 69120K, 0% used [0x00000000d5580000,0x00000000d5580000,0x00000000d9900000)
  from space 10240K, 94% used [0x00000000d9980000,0x00000000da2e6d10,0x00000000da380000)
  to   space 11776K, 0% used [0x00000000da480000,0x00000000da480000,0x00000000db000000)
 ParOldGen       total 221696K, used 112518K [0x0000000080000000, 0x000000008d880000, 0x00000000d5580000)
  object space 221696K, 50% used [0x0000000080000000,0x0000000086de1908,0x000000008d880000)
 Metaspace       used 95407K, capacity 98812K, committed 98892K, reserved 1136640K
  class space    used 11436K, capacity 12010K, committed 12032K, reserved 1048576K
}
{Heap before GC invocations=531 (full 3):
 PSYoungGen      total 79360K, used 78747K [0x00000000d5580000, 0x00000000db000000, 0x0000000100000000)
  eden space 69120K, 100% used [0x00000000d5580000,0x00000000d9900000,0x00000000d9900000)
  from space 10240K, 94% used [0x00000000d9980000,0x00000000da2e6d10,0x00000000da380000)
  to   space 11776K, 0% used [0x00000000da480000,0x00000000da480000,0x00000000db000000)
 ParOldGen       total 221696K, used 112518K [0x0000000080000000, 0x000000008d880000, 0x00000000d5580000)
  object space 221696K, 50% used [0x0000000080000000,0x0000000086de1908,0x000000008d880000)
 Metaspace       used 95409K, capacity 98812K, committed 98892K, reserved 1136640K
  class space    used 11436K, capacity 12010K, committed 12032K, reserved 1048576K
2023-10-05T12:23:38.840+0600: 1993083.083: [GC (Allocation Failure) [PSYoungGen: 78747K->7763K(80384K)] 191265K->120281K(302080K), 0.0194570 secs] [Times: user=0.03 sys=0.00, real=0.02 secs] 
Heap after GC invocations=531 (full 3):
 PSYoungGen      total 80384K, used 7763K [0x00000000d5580000, 0x00000000db080000, 0x0000000100000000)
  eden space 68608K, 0% used [0x00000000d5580000,0x00000000d5580000,0x00000000d9880000)
  from space 11776K, 65% used [0x00000000da480000,0x00000000dac14de0,0x00000000db000000)
  to   space 12288K, 0% used [0x00000000d9880000,0x00000000d9880000,0x00000000da480000)
 ParOldGen       total 221696K, used 112518K [0x0000000080000000, 0x000000008d880000, 0x00000000d5580000)
  object space 221696K, 50% used [0x0000000080000000,0x0000000086de1908,0x000000008d880000)
 Metaspace       used 95409K, capacity 98812K, committed 98892K, reserved 1136640K
  class space    used 11436K, capacity 12010K, committed 12032K, reserved 1048576K
}
{Heap before GC invocations=532 (full 3):
 PSYoungGen      total 80384K, used 76371K [0x00000000d5580000, 0x00000000db080000, 0x0000000100000000)
  eden space 68608K, 100% used [0x00000000d5580000,0x00000000d9880000,0x00000000d9880000)
  from space 11776K, 65% used [0x00000000da480000,0x00000000dac14de0,0x00000000db000000)
  to   space 12288K, 0% used [0x00000000d9880000,0x00000000d9880000,0x00000000da480000)
 ParOldGen       total 221696K, used 112518K [0x0000000080000000, 0x000000008d880000, 0x00000000d5580000)
  object space 221696K, 50% used [0x0000000080000000,0x0000000086de1908,0x000000008d880000)
 Metaspace       used 95420K, capacity 98812K, committed 98892K, reserved 1136640K
  class space    used 11436K, capacity 12010K, committed 12032K, reserved 1048576K
2023-10-05T13:00:24.382+0600: 1995288.625: [GC (Allocation Failure) [PSYoungGen: 76371K->5874K(74240K)] 188889K->118409K(295936K), 0.0175894 secs] [Times: user=0.03 sys=0.00, real=0.02 secs] 
Heap after GC invocations=532 (full 3):
 PSYoungGen      total 74240K, used 5874K [0x00000000d5580000, 0x00000000daf00000, 0x0000000100000000)
  eden space 68096K, 0% used [0x00000000d5580000,0x00000000d5580000,0x00000000d9800000)
  from space 6144K, 95% used [0x00000000d9880000,0x00000000d9e3cba0,0x00000000d9e80000)
  to   space 11776K, 0% used [0x00000000da380000,0x00000000da380000,0x00000000daf00000)
 ParOldGen       total 221696K, used 112534K [0x0000000080000000, 0x000000008d880000, 0x00000000d5580000)
  object space 221696K, 50% used [0x0000000080000000,0x0000000086de5908,0x000000008d880000)
 Metaspace       used 95420K, capacity 98812K, committed 98892K, reserved 1136640K
  class space    used 11436K, capacity 12010K, committed 12032K, reserved 1048576K
}
{Heap before GC invocations=533 (full 3):
 PSYoungGen      total 74240K, used 73970K [0x00000000d5580000, 0x00000000daf00000, 0x0000000100000000)
  eden space 68096K, 100% used [0x00000000d5580000,0x00000000d9800000,0x00000000d9800000)
  from space 6144K, 95% used [0x00000000d9880000,0x00000000d9e3cba0,0x00000000d9e80000)
  to   space 11776K, 0% used [0x00000000da380000,0x00000000da380000,0x00000000daf00000)
 ParOldGen       total 221696K, used 112534K [0x0000000080000000, 0x000000008d880000, 0x00000000d5580000)
  object space 221696K, 50% used [0x0000000080000000,0x0000000086de5908,0x000000008d880000)
 Metaspace       used 95420K, capacity 98812K, committed 98892K, reserved 1136640K
  class space    used 11436K, capacity 12010K, committed 12032K, reserved 1048576K
2023-10-05T13:24:15.320+0600: 1996719.563: [GC (Allocation Failure) [PSYoungGen: 73970K->7568K(78848K)] 186505K->120103K(300544K), 0.0205942 secs] [Times: user=0.04 sys=0.00, real=0.02 secs] 
Heap after GC invocations=533 (full 3):
 PSYoungGen      total 78848K, used 7568K [0x00000000d5580000, 0x00000000dae80000, 0x0000000100000000)
  eden space 67584K, 0% used [0x00000000d5580000,0x00000000d5580000,0x00000000d9780000)
  from space 11264K, 67% used [0x00000000da380000,0x00000000daae4320,0x00000000dae80000)
  to   space 11776K, 0% used [0x00000000d9780000,0x00000000d9780000,0x00000000da300000)
 ParOldGen       total 221696K, used 112534K [0x0000000080000000, 0x000000008d880000, 0x00000000d5580000)
  object space 221696K, 50% used [0x0000000080000000,0x0000000086de5908,0x000000008d880000)
 Metaspace       used 95420K, capacity 98812K, committed 98892K, reserved 1136640K
  class space    used 11436K, capacity 12010K, committed 12032K, reserved 1048576K
}
{Heap before GC invocations=534 (full 3):
 PSYoungGen      total 78848K, used 75152K [0x00000000d5580000, 0x00000000dae80000, 0x0000000100000000)
  eden space 67584K, 100% used [0x00000000d5580000,0x00000000d9780000,0x00000000d9780000)
  from space 11264K, 67% used [0x00000000da380000,0x00000000daae4320,0x00000000dae80000)
  to   space 11776K, 0% used [0x00000000d9780000,0x00000000d9780000,0x00000000da300000)
 ParOldGen       total 221696K, used 112534K [0x0000000080000000, 0x000000008d880000, 0x00000000d5580000)
  object space 221696K, 50% used [0x0000000080000000,0x0000000086de5908,0x000000008d880000)
 Metaspace       used 95420K, capacity 98812K, committed 98892K, reserved 1136640K
  class space    used 11436K, capacity 12010K, committed 12032K, reserved 1048576K
2023-10-05T14:03:16.759+0600: 1999061.002: [GC (Allocation Failure) [PSYoungGen: 75152K->6789K(74240K)] 187687K->119323K(295936K), 0.0202582 secs] [Times: user=0.03 sys=0.00, real=0.02 secs] 
Heap after GC invocations=534 (full 3):
 PSYoungGen      total 74240K, used 6789K [0x00000000d5580000, 0x00000000dae00000, 0x0000000100000000)
  eden space 67072K, 0% used [0x00000000d5580000,0x00000000d5580000,0x00000000d9700000)
  from space 7168K, 94% used [0x00000000d9780000,0x00000000d9e214d0,0x00000000d9e80000)
  to   space 11776K, 0% used [0x00000000da280000,0x00000000da280000,0x00000000dae00000)
 ParOldGen       total 221696K, used 112534K [0x0000000080000000, 0x000000008d880000, 0x00000000d5580000)
  object space 221696K, 50% used [0x0000000080000000,0x0000000086de5908,0x000000008d880000)
 Metaspace       used 95420K, capacity 98812K, committed 98892K, reserved 1136640K
  class space    used 11436K, capacity 12010K, committed 12032K, reserved 1048576K
}
{Heap before GC invocations=535 (full 3):
 PSYoungGen      total 74240K, used 73861K [0x00000000d5580000, 0x00000000dae00000, 0x0000000100000000)
  eden space 67072K, 100% used [0x00000000d5580000,0x00000000d9700000,0x00000000d9700000)
  from space 7168K, 94% used [0x00000000d9780000,0x00000000d9e214d0,0x00000000d9e80000)
  to   space 11776K, 0% used [0x00000000da280000,0x00000000da280000,0x00000000dae00000)
 ParOldGen       total 221696K, used 112534K [0x0000000080000000, 0x000000008d880000, 0x00000000d5580000)
  object space 221696K, 50% used [0x0000000080000000,0x0000000086de5908,0x000000008d880000)
 Metaspace       used 95420K, capacity 98812K, committed 98892K, reserved 1136640K
  class space    used 11436K, capacity 12010K, committed 12032K, reserved 1048576K
2023-10-05T14:52:02.305+0600: 2001986.548: [GC (Allocation Failure) [PSYoungGen: 73861K->4000K(76800K)] 186395K->116534K(298496K), 0.0162148 secs] [Times: user=0.03 sys=0.00, real=0.01 secs] 
Heap after GC invocations=535 (full 3):
 PSYoungGen      total 76800K, used 4000K [0x00000000d5580000, 0x00000000dac80000, 0x0000000100000000)
  eden space 66560K, 0% used [0x00000000d5580000,0x00000000d5580000,0x00000000d9680000)
  from space 10240K, 39% used [0x00000000da280000,0x00000000da668270,0x00000000dac80000)
  to   space 11264K, 0% used [0x00000000d9680000,0x00000000d9680000,0x00000000da180000)
 ParOldGen       total 221696K, used 112534K [0x0000000080000000, 0x000000008d880000, 0x00000000d5580000)
  object space 221696K, 50% used [0x0000000080000000,0x0000000086de5908,0x000000008d880000)
 Metaspace       used 95420K, capacity 98812K, committed 98892K, reserved 1136640K
  class space    used 11436K, capacity 12010K, committed 12032K, reserved 1048576K
}
{Heap before GC invocations=536 (full 3):
 PSYoungGen      total 76800K, used 70560K [0x00000000d5580000, 0x00000000dac80000, 0x0000000100000000)
  eden space 66560K, 100% used [0x00000000d5580000,0x00000000d9680000,0x00000000d9680000)
  from space 10240K, 39% used [0x00000000da280000,0x00000000da668270,0x00000000dac80000)
  to   space 11264K, 0% used [0x00000000d9680000,0x00000000d9680000,0x00000000da180000)
 ParOldGen       total 221696K, used 112534K [0x0000000080000000, 0x000000008d880000, 0x00000000d5580000)
  object space 221696K, 50% used [0x0000000080000000,0x0000000086de5908,0x000000008d880000)
 Metaspace       used 95420K, capacity 98812K, committed 98892K, reserved 1136640K
  class space    used 11436K, capacity 12010K, committed 12032K, reserved 1048576K
2023-10-05T15:38:53.222+0600: 2004797.465: [GC (Allocation Failure) [PSYoungGen: 70560K->4866K(71168K)] 183094K->117401K(292864K), 0.0108012 secs] [Times: user=0.02 sys=0.00, real=0.01 secs] 
Heap after GC invocations=536 (full 3):
 PSYoungGen      total 71168K, used 4866K [0x00000000d5580000, 0x00000000dab00000, 0x0000000100000000)
  eden space 66048K, 0% used [0x00000000d5580000,0x00000000d5580000,0x00000000d9600000)
  from space 5120K, 95% used [0x00000000d9680000,0x00000000d9b40b90,0x00000000d9b80000)
  to   space 10752K, 0% used [0x00000000da080000,0x00000000da080000,0x00000000dab00000)
 ParOldGen       total 221696K, used 112534K [0x0000000080000000, 0x000000008d880000, 0x00000000d5580000)
  object space 221696K, 50% used [0x0000000080000000,0x0000000086de5908,0x000000008d880000)
 Metaspace       used 95420K, capacity 98812K, committed 98892K, reserved 1136640K
  class space    used 11436K, capacity 12010K, committed 12032K, reserved 1048576K
}
{Heap before GC invocations=537 (full 3):
 PSYoungGen      total 71168K, used 70914K [0x00000000d5580000, 0x00000000dab00000, 0x0000000100000000)
  eden space 66048K, 100% used [0x00000000d5580000,0x00000000d9600000,0x00000000d9600000)
  from space 5120K, 95% used [0x00000000d9680000,0x00000000d9b40b90,0x00000000d9b80000)
  to   space 10752K, 0% used [0x00000000da080000,0x00000000da080000,0x00000000dab00000)
 ParOldGen       total 221696K, used 112534K [0x0000000080000000, 0x000000008d880000, 0x00000000d5580000)
  object space 221696K, 50% used [0x0000000080000000,0x0000000086de5908,0x000000008d880000)
 Metaspace       used 95421K, capacity 98812K, committed 98892K, reserved 1136640K
  class space    used 11436K, capacity 12010K, committed 12032K, reserved 1048576K
2023-10-05T16:08:08.612+0600: 2006552.856: [GC (Allocation Failure) [PSYoungGen: 70914K->6516K(75776K)] 183449K->119050K(297472K), 0.0173281 secs] [Times: user=0.03 sys=0.00, real=0.02 secs] 
Heap after GC invocations=537 (full 3):
 PSYoungGen      total 75776K, used 6516K [0x00000000d5580000, 0x00000000daa80000, 0x0000000100000000)
  eden space 65536K, 0% used [0x00000000d5580000,0x00000000d5580000,0x00000000d9580000)
  from space 10240K, 63% used [0x00000000da080000,0x00000000da6dd290,0x00000000daa80000)
  to   space 10752K, 0% used [0x00000000d9580000,0x00000000d9580000,0x00000000da000000)
 ParOldGen       total 221696K, used 112534K [0x0000000080000000, 0x000000008d880000, 0x00000000d5580000)
  object space 221696K, 50% used [0x0000000080000000,0x0000000086de5908,0x000000008d880000)
 Metaspace       used 95421K, capacity 98812K, committed 98892K, reserved 1136640K
  class space    used 11436K, capacity 12010K, committed 12032K, reserved 1048576K
}
{Heap before GC invocations=538 (full 3):
 PSYoungGen      total 75776K, used 72052K [0x00000000d5580000, 0x00000000daa80000, 0x0000000100000000)
  eden space 65536K, 100% used [0x00000000d5580000,0x00000000d9580000,0x00000000d9580000)
  from space 10240K, 63% used [0x00000000da080000,0x00000000da6dd290,0x00000000daa80000)
  to   space 10752K, 0% used [0x00000000d9580000,0x00000000d9580000,0x00000000da000000)
 ParOldGen       total 221696K, used 112534K [0x0000000080000000, 0x000000008d880000, 0x00000000d5580000)
  object space 221696K, 50% used [0x0000000080000000,0x0000000086de5908,0x000000008d880000)
 Metaspace       used 95421K, capacity 98812K, committed 98892K, reserved 1136640K
  class space    used 11436K, capacity 12010K, committed 12032K, reserved 1048576K
2023-10-05T16:35:14.405+0600: 2008178.648: [GC (Allocation Failure) [PSYoungGen: 72052K->7524K(75776K)] 184586K->120058K(297472K), 0.0139841 secs] [Times: user=0.03 sys=0.00, real=0.01 secs] 
Heap after GC invocations=538 (full 3):
 PSYoungGen      total 75776K, used 7524K [0x00000000d5580000, 0x00000000dab00000, 0x0000000100000000)
  eden space 65024K, 0% used [0x00000000d5580000,0x00000000d5580000,0x00000000d9500000)
  from space 10752K, 69% used [0x00000000d9580000,0x00000000d9cd9260,0x00000000da000000)
  to   space 11264K, 0% used [0x00000000da000000,0x00000000da000000,0x00000000dab00000)
 ParOldGen       total 221696K, used 112534K [0x0000000080000000, 0x000000008d880000, 0x00000000d5580000)
  object space 221696K, 50% used [0x0000000080000000,0x0000000086de5908,0x000000008d880000)
 Metaspace       used 95421K, capacity 98812K, committed 98892K, reserved 1136640K
  class space    used 11436K, capacity 12010K, committed 12032K, reserved 1048576K
}
{Heap before GC invocations=539 (full 3):
 PSYoungGen      total 75776K, used 72548K [0x00000000d5580000, 0x00000000dab00000, 0x0000000100000000)
  eden space 65024K, 100% used [0x00000000d5580000,0x00000000d9500000,0x00000000d9500000)
  from space 10752K, 69% used [0x00000000d9580000,0x00000000d9cd9260,0x00000000da000000)
  to   space 11264K, 0% used [0x00000000da000000,0x00000000da000000,0x00000000dab00000)
 ParOldGen       total 221696K, used 112534K [0x0000000080000000, 0x000000008d880000, 0x00000000d5580000)
  object space 221696K, 50% used [0x0000000080000000,0x0000000086de5908,0x000000008d880000)
 Metaspace       used 95421K, capacity 98812K, committed 98892K, reserved 1136640K
  class space    used 11436K, capacity 12010K, committed 12032K, reserved 1048576K
2023-10-05T17:08:50.250+0600: 2010194.493: [GC (Allocation Failure) [PSYoungGen: 72548K->7637K(75264K)] 185082K->120171K(296960K), 0.0220144 secs] [Times: user=0.04 sys=0.00, real=0.02 secs] 
Heap after GC invocations=539 (full 3):
 PSYoungGen      total 75264K, used 7637K [0x00000000d5580000, 0x00000000daa80000, 0x0000000100000000)
  eden space 64512K, 0% used [0x00000000d5580000,0x00000000d5580000,0x00000000d9480000)
  from space 10752K, 71% used [0x00000000da000000,0x00000000da775630,0x00000000daa80000)
  to   space 11264K, 0% used [0x00000000d9480000,0x00000000d9480000,0x00000000d9f80000)
 ParOldGen       total 221696K, used 112534K [0x0000000080000000, 0x000000008d880000, 0x00000000d5580000)
  object space 221696K, 50% used [0x0000000080000000,0x0000000086de5908,0x000000008d880000)
 Metaspace       used 95421K, capacity 98812K, committed 98892K, reserved 1136640K
  class space    used 11436K, capacity 12010K, committed 12032K, reserved 1048576K
}
{Heap before GC invocations=540 (full 3):
 PSYoungGen      total 75264K, used 72149K [0x00000000d5580000, 0x00000000daa80000, 0x0000000100000000)
  eden space 64512K, 100% used [0x00000000d5580000,0x00000000d9480000,0x00000000d9480000)
  from space 10752K, 71% used [0x00000000da000000,0x00000000da775630,0x00000000daa80000)
  to   space 11264K, 0% used [0x00000000d9480000,0x00000000d9480000,0x00000000d9f80000)
 ParOldGen       total 221696K, used 112534K [0x0000000080000000, 0x000000008d880000, 0x00000000d5580000)
  object space 221696K, 50% used [0x0000000080000000,0x0000000086de5908,0x000000008d880000)
 Metaspace       used 95424K, capacity 98812K, committed 98892K, reserved 1136640K
  class space    used 11436K, capacity 12010K, committed 12032K, reserved 1048576K
2023-10-05T17:25:15.530+0600: 2011179.773: [GC (Allocation Failure) [PSYoungGen: 72149K->8001K(75776K)] 184683K->120535K(297472K), 0.0131382 secs] [Times: user=0.03 sys=0.00, real=0.02 secs] 
Heap after GC invocations=540 (full 3):
 PSYoungGen      total 75776K, used 8001K [0x00000000d5580000, 0x00000000daa80000, 0x0000000100000000)
  eden space 64512K, 0% used [0x00000000d5580000,0x00000000d5580000,0x00000000d9480000)
  from space 11264K, 71% used [0x00000000d9480000,0x00000000d9c506b0,0x00000000d9f80000)
  to   space 11264K, 0% used [0x00000000d9f80000,0x00000000d9f80000,0x00000000daa80000)
 ParOldGen       total 221696K, used 112534K [0x0000000080000000, 0x000000008d880000, 0x00000000d5580000)
  object space 221696K, 50% used [0x0000000080000000,0x0000000086de5908,0x000000008d880000)
 Metaspace       used 95424K, capacity 98812K, committed 98892K, reserved 1136640K
  class space    used 11436K, capacity 12010K, committed 12032K, reserved 1048576K
}
{Heap before GC invocations=541 (full 3):
 PSYoungGen      total 75776K, used 72513K [0x00000000d5580000, 0x00000000daa80000, 0x0000000100000000)
  eden space 64512K, 100% used [0x00000000d5580000,0x00000000d9480000,0x00000000d9480000)
  from space 11264K, 71% used [0x00000000d9480000,0x00000000d9c506b0,0x00000000d9f80000)
  to   space 11264K, 0% used [0x00000000d9f80000,0x00000000d9f80000,0x00000000daa80000)
 ParOldGen       total 221696K, used 112534K [0x0000000080000000, 0x000000008d880000, 0x00000000d5580000)
  object space 221696K, 50% used [0x0000000080000000,0x0000000086de5908,0x000000008d880000)
 Metaspace       used 95424K, capacity 98812K, committed 98892K, reserved 1136640K
  class space    used 11436K, capacity 12010K, committed 12032K, reserved 1048576K
2023-10-05T17:52:41.431+0600: 2012825.674: [GC (Allocation Failure) [PSYoungGen: 72513K->8199K(75264K)] 185047K->120733K(296960K), 0.0218834 secs] [Times: user=0.03 sys=0.00, real=0.02 secs] 
Heap after GC invocations=541 (full 3):
 PSYoungGen      total 75264K, used 8199K [0x00000000d5580000, 0x00000000dab00000, 0x0000000100000000)
  eden space 64000K, 0% used [0x00000000d5580000,0x00000000d5580000,0x00000000d9400000)
  from space 11264K, 72% used [0x00000000d9f80000,0x00000000da781da0,0x00000000daa80000)
  to   space 11776K, 0% used [0x00000000d9400000,0x00000000d9400000,0x00000000d9f80000)
 ParOldGen       total 221696K, used 112534K [0x0000000080000000, 0x000000008d880000, 0x00000000d5580000)
  object space 221696K, 50% used [0x0000000080000000,0x0000000086de5908,0x000000008d880000)
 Metaspace       used 95424K, capacity 98812K, committed 98892K, reserved 1136640K
  class space    used 11436K, capacity 12010K, committed 12032K, reserved 1048576K
}
{Heap before GC invocations=542 (full 3):
 PSYoungGen      total 75264K, used 72199K [0x00000000d5580000, 0x00000000dab00000, 0x0000000100000000)
  eden space 64000K, 100% used [0x00000000d5580000,0x00000000d9400000,0x00000000d9400000)
  from space 11264K, 72% used [0x00000000d9f80000,0x00000000da781da0,0x00000000daa80000)
  to   space 11776K, 0% used [0x00000000d9400000,0x00000000d9400000,0x00000000d9f80000)
 ParOldGen       total 221696K, used 112534K [0x0000000080000000, 0x000000008d880000, 0x00000000d5580000)
  object space 221696K, 50% used [0x0000000080000000,0x0000000086de5908,0x000000008d880000)
 Metaspace       used 95424K, capacity 98812K, committed 98892K, reserved 1136640K
  class space    used 11436K, capacity 12010K, committed 12032K, reserved 1048576K
2023-10-05T18:13:59.696+0600: 2014103.939: [GC (Allocation Failure) [PSYoungGen: 72199K->8263K(72704K)] 184733K->120997K(294400K), 0.0178895 secs] [Times: user=0.03 sys=0.00, real=0.02 secs] 
Heap after GC invocations=542 (full 3):
 PSYoungGen      total 72704K, used 8263K [0x00000000d5580000, 0x00000000daa80000, 0x0000000100000000)
  eden space 64000K, 0% used [0x00000000d5580000,0x00000000d5580000,0x00000000d9400000)
  from space 8704K, 94% used [0x00000000d9400000,0x00000000d9c11cc0,0x00000000d9c80000)
  to   space 11776K, 0% used [0x00000000d9f00000,0x00000000d9f00000,0x00000000daa80000)
 ParOldGen       total 221696K, used 112734K [0x0000000080000000, 0x000000008d880000, 0x00000000d5580000)
  object space 221696K, 50% used [0x0000000080000000,0x0000000086e17938,0x000000008d880000)
 Metaspace       used 95424K, capacity 98812K, committed 98892K, reserved 1136640K
  class space    used 11436K, capacity 12010K, committed 12032K, reserved 1048576K
}
{Heap before GC invocations=543 (full 3):
 PSYoungGen      total 72704K, used 72263K [0x00000000d5580000, 0x00000000daa80000, 0x0000000100000000)
  eden space 64000K, 100% used [0x00000000d5580000,0x00000000d9400000,0x00000000d9400000)
  from space 8704K, 94% used [0x00000000d9400000,0x00000000d9c11cc0,0x00000000d9c80000)
  to   space 11776K, 0% used [0x00000000d9f00000,0x00000000d9f00000,0x00000000daa80000)
 ParOldGen       total 221696K, used 112734K [0x0000000080000000, 0x000000008d880000, 0x00000000d5580000)
  object space 221696K, 50% used [0x0000000080000000,0x0000000086e17938,0x000000008d880000)
 Metaspace       used 95424K, capacity 98812K, committed 98892K, reserved 1136640K
  class space    used 11436K, capacity 12010K, committed 12032K, reserved 1048576K
2023-10-05T18:56:37.396+0600: 2016661.639: [GC (Allocation Failure) [PSYoungGen: 72263K->6226K(75776K)] 184997K->119211K(297472K), 0.0145894 secs] [Times: user=0.01 sys=0.01, real=0.01 secs] 
Heap after GC invocations=543 (full 3):
 PSYoungGen      total 75776K, used 6226K [0x00000000d5580000, 0x00000000daa80000, 0x0000000100000000)
  eden space 64000K, 0% used [0x00000000d5580000,0x00000000d5580000,0x00000000d9400000)
  from space 11776K, 52% used [0x00000000d9f00000,0x00000000da514890,0x00000000daa80000)
  to   space 11264K, 0% used [0x00000000d9400000,0x00000000d9400000,0x00000000d9f00000)
 ParOldGen       total 221696K, used 112985K [0x0000000080000000, 0x000000008d880000, 0x00000000d5580000)
  object space 221696K, 50% used [0x0000000080000000,0x0000000086e56638,0x000000008d880000)
 Metaspace       used 95424K, capacity 98812K, committed 98892K, reserved 1136640K
  class space    used 11436K, capacity 12010K, committed 12032K, reserved 1048576K
}
{Heap before GC invocations=544 (full 3):
 PSYoungGen      total 75776K, used 70226K [0x00000000d5580000, 0x00000000daa80000, 0x0000000100000000)
  eden space 64000K, 99% used [0x00000000d5580000,0x00000000d93ffff8,0x00000000d9400000)
  from space 11776K, 52% used [0x00000000d9f00000,0x00000000da514890,0x00000000daa80000)
  to   space 11264K, 0% used [0x00000000d9400000,0x00000000d9400000,0x00000000d9f00000)
 ParOldGen       total 221696K, used 112985K [0x0000000080000000, 0x000000008d880000, 0x00000000d5580000)
  object space 221696K, 50% used [0x0000000080000000,0x0000000086e56638,0x000000008d880000)
 Metaspace       used 95436K, capacity 98812K, committed 98892K, reserved 1136640K
  class space    used 11436K, capacity 12010K, committed 12032K, reserved 1048576K
2023-10-05T19:35:46.956+0600: 2019011.200: [GC (Allocation Failure) [PSYoungGen: 70226K->5347K(75264K)] 183211K->118454K(296960K), 0.0181017 secs] [Times: user=0.02 sys=0.00, real=0.02 secs] 
Heap after GC invocations=544 (full 3):
 PSYoungGen      total 75264K, used 5347K [0x00000000d5580000, 0x00000000daa80000, 0x0000000100000000)
  eden space 64000K, 0% used [0x00000000d5580000,0x00000000d5580000,0x00000000d9400000)
  from space 11264K, 47% used [0x00000000d9400000,0x00000000d9938d10,0x00000000d9f00000)
  to   space 11264K, 0% used [0x00000000d9f80000,0x00000000d9f80000,0x00000000daa80000)
 ParOldGen       total 221696K, used 113107K [0x0000000080000000, 0x000000008d880000, 0x00000000d5580000)
  object space 221696K, 51% used [0x0000000080000000,0x0000000086e74c78,0x000000008d880000)
 Metaspace       used 95436K, capacity 98812K, committed 98892K, reserved 1136640K
  class space    used 11436K, capacity 12010K, committed 12032K, reserved 1048576K
}
{Heap before GC invocations=545 (full 3):
 PSYoungGen      total 75264K, used 69347K [0x00000000d5580000, 0x00000000daa80000, 0x0000000100000000)
  eden space 64000K, 100% used [0x00000000d5580000,0x00000000d9400000,0x00000000d9400000)
  from space 11264K, 47% used [0x00000000d9400000,0x00000000d9938d10,0x00000000d9f00000)
  to   space 11264K, 0% used [0x00000000d9f80000,0x00000000d9f80000,0x00000000daa80000)
 ParOldGen       total 221696K, used 113107K [0x0000000080000000, 0x000000008d880000, 0x00000000d5580000)
  object space 221696K, 51% used [0x0000000080000000,0x0000000086e74c78,0x000000008d880000)
 Metaspace       used 95438K, capacity 98812K, committed 98892K, reserved 1136640K
  class space    used 11437K, capacity 12010K, committed 12032K, reserved 1048576K
2023-10-05T20:12:48.648+0600: 2021232.891: [GC (Allocation Failure) [PSYoungGen: 69347K->4739K(75776K)] 182454K->117918K(297472K), 0.0171294 secs] [Times: user=0.03 sys=0.00, real=0.02 secs] 
Heap after GC invocations=545 (full 3):
 PSYoungGen      total 75776K, used 4739K [0x00000000d5580000, 0x00000000daa80000, 0x0000000100000000)
  eden space 64512K, 0% used [0x00000000d5580000,0x00000000d5580000,0x00000000d9480000)
  from space 11264K, 42% used [0x00000000d9f80000,0x00000000da420cd0,0x00000000daa80000)
  to   space 11264K, 0% used [0x00000000d9480000,0x00000000d9480000,0x00000000d9f80000)
 ParOldGen       total 221696K, used 113179K [0x0000000080000000, 0x000000008d880000, 0x00000000d5580000)
  object space 221696K, 51% used [0x0000000080000000,0x0000000086e86c78,0x000000008d880000)
 Metaspace       used 95438K, capacity 98812K, committed 98892K, reserved 1136640K
  class space    used 11437K, capacity 12010K, committed 12032K, reserved 1048576K
}
{Heap before GC invocations=546 (full 3):
 PSYoungGen      total 75776K, used 33939K [0x00000000d5580000, 0x00000000daa80000, 0x0000000100000000)
  eden space 64512K, 45% used [0x00000000d5580000,0x00000000d7203f40,0x00000000d9480000)
  from space 11264K, 42% used [0x00000000d9f80000,0x00000000da420cd0,0x00000000daa80000)
  to   space 11264K, 0% used [0x00000000d9480000,0x00000000d9480000,0x00000000d9f80000)
 ParOldGen       total 221696K, used 113179K [0x0000000080000000, 0x000000008d880000, 0x00000000d5580000)
  object space 221696K, 51% used [0x0000000080000000,0x0000000086e86c78,0x000000008d880000)
 Metaspace       used 95455K, capacity 98812K, committed 98892K, reserved 1136640K
  class space    used 11437K, capacity 12010K, committed 12032K, reserved 1048576K
2023-10-05T20:30:32.305+0600: 2022296.548: [GC (Metadata GC Threshold) [PSYoungGen: 33939K->4033K(75776K)] 147118K->117228K(297472K), 0.0189238 secs] [Times: user=0.03 sys=0.00, real=0.02 secs] 
Heap after GC invocations=546 (full 3):
 PSYoungGen      total 75776K, used 4033K [0x00000000d5580000, 0x00000000daa80000, 0x0000000100000000)
  eden space 64512K, 0% used [0x00000000d5580000,0x00000000d5580000,0x00000000d9480000)
  from space 11264K, 35% used [0x00000000d9480000,0x00000000d9870480,0x00000000d9f80000)
  to   space 10752K, 0% used [0x00000000da000000,0x00000000da000000,0x00000000daa80000)
 ParOldGen       total 221696K, used 113195K [0x0000000080000000, 0x000000008d880000, 0x00000000d5580000)
  object space 221696K, 51% used [0x0000000080000000,0x0000000086e8ac78,0x000000008d880000)
 Metaspace       used 95455K, capacity 98812K, committed 98892K, reserved 1136640K
  class space    used 11437K, capacity 12010K, committed 12032K, reserved 1048576K
}
{Heap before GC invocations=547 (full 4):
 PSYoungGen      total 75776K, used 4033K [0x00000000d5580000, 0x00000000daa80000, 0x0000000100000000)
  eden space 64512K, 0% used [0x00000000d5580000,0x00000000d5580000,0x00000000d9480000)
  from space 11264K, 35% used [0x00000000d9480000,0x00000000d9870480,0x00000000d9f80000)
  to   space 10752K, 0% used [0x00000000da000000,0x00000000da000000,0x00000000daa80000)
 ParOldGen       total 221696K, used 113195K [0x0000000080000000, 0x000000008d880000, 0x00000000d5580000)
  object space 221696K, 51% used [0x0000000080000000,0x0000000086e8ac78,0x000000008d880000)
 Metaspace       used 95455K, capacity 98812K, committed 98892K, reserved 1136640K
  class space    used 11437K, capacity 12010K, committed 12032K, reserved 1048576K
2023-10-05T20:30:32.325+0600: 2022296.568: [Full GC (Metadata GC Threshold) [PSYoungGen: 4033K->0K(75776K)] [ParOldGen: 113195K->60484K(329728K)] 117228K->60484K(405504K), [Metaspace: 95455K->93934K(1136640K)], 0.4611335 secs] [Times: user=0.68 sys=0.00, real=0.46 secs] 
Heap after GC invocations=547 (full 4):
 PSYoungGen      total 75776K, used 0K [0x00000000d5580000, 0x00000000daa80000, 0x0000000100000000)
  eden space 64512K, 0% used [0x00000000d5580000,0x00000000d5580000,0x00000000d9480000)
  from space 11264K, 0% used [0x00000000d9480000,0x00000000d9480000,0x00000000d9f80000)
  to   space 10752K, 0% used [0x00000000da000000,0x00000000da000000,0x00000000daa80000)
 ParOldGen       total 329728K, used 60484K [0x0000000080000000, 0x0000000094200000, 0x00000000d5580000)
  object space 329728K, 18% used [0x0000000080000000,0x0000000083b11148,0x0000000094200000)
 Metaspace       used 93934K, capacity 95852K, committed 98892K, reserved 1136640K
  class space    used 11160K, capacity 11512K, committed 12032K, reserved 1048576K
}
{Heap before GC invocations=548 (full 4):
 PSYoungGen      total 75776K, used 64512K [0x00000000d5580000, 0x00000000daa80000, 0x0000000100000000)
  eden space 64512K, 100% used [0x00000000d5580000,0x00000000d9480000,0x00000000d9480000)
  from space 11264K, 0% used [0x00000000d9480000,0x00000000d9480000,0x00000000d9f80000)
  to   space 10752K, 0% used [0x00000000da000000,0x00000000da000000,0x00000000daa80000)
 ParOldGen       total 329728K, used 60484K [0x0000000080000000, 0x0000000094200000, 0x00000000d5580000)
  object space 329728K, 18% used [0x0000000080000000,0x0000000083b11148,0x0000000094200000)
 Metaspace       used 93934K, capacity 95916K, committed 99148K, reserved 1136640K
  class space    used 11160K, capacity 11512K, committed 12032K, reserved 1048576K
2023-10-05T21:12:29.591+0600: 2024813.835: [GC (Allocation Failure) [PSYoungGen: 64512K->2912K(76288K)] 124996K->63396K(406016K), 0.0153706 secs] [Times: user=0.03 sys=0.00, real=0.02 secs] 
Heap after GC invocations=548 (full 4):
 PSYoungGen      total 76288K, used 2912K [0x00000000d5580000, 0x00000000daa80000, 0x0000000100000000)
  eden space 65536K, 0% used [0x00000000d5580000,0x00000000d5580000,0x00000000d9580000)
  from space 10752K, 27% used [0x00000000da000000,0x00000000da2d8010,0x00000000daa80000)
  to   space 10752K, 0% used [0x00000000d9580000,0x00000000d9580000,0x00000000da000000)
 ParOldGen       total 329728K, used 60484K [0x0000000080000000, 0x0000000094200000, 0x00000000d5580000)
  object space 329728K, 18% used [0x0000000080000000,0x0000000083b11148,0x0000000094200000)
 Metaspace       used 93934K, capacity 95916K, committed 99148K, reserved 1136640K
  class space    used 11160K, capacity 11512K, committed 12032K, reserved 1048576K
}
{Heap before GC invocations=549 (full 4):
 PSYoungGen      total 76288K, used 68448K [0x00000000d5580000, 0x00000000daa80000, 0x0000000100000000)
  eden space 65536K, 100% used [0x00000000d5580000,0x00000000d9580000,0x00000000d9580000)
  from space 10752K, 27% used [0x00000000da000000,0x00000000da2d8010,0x00000000daa80000)
  to   space 10752K, 0% used [0x00000000d9580000,0x00000000d9580000,0x00000000da000000)
 ParOldGen       total 329728K, used 60484K [0x0000000080000000, 0x0000000094200000, 0x00000000d5580000)
  object space 329728K, 18% used [0x0000000080000000,0x0000000083b11148,0x0000000094200000)
 Metaspace       used 93937K, capacity 95916K, committed 99148K, reserved 1136640K
  class space    used 11160K, capacity 11512K, committed 12032K, reserved 1048576K
2023-10-05T21:58:00.804+0600: 2027545.047: [GC (Allocation Failure) [PSYoungGen: 68448K->3681K(76288K)] 128932K->64166K(406016K), 0.0124698 secs] [Times: user=0.01 sys=0.01, real=0.01 secs] 
Heap after GC invocations=549 (full 4):
 PSYoungGen      total 76288K, used 3681K [0x00000000d5580000, 0x00000000dab00000, 0x0000000100000000)
  eden space 65536K, 0% used [0x00000000d5580000,0x00000000d5580000,0x00000000d9580000)
  from space 10752K, 34% used [0x00000000d9580000,0x00000000d9918700,0x00000000da000000)
  to   space 10752K, 0% used [0x00000000da080000,0x00000000da080000,0x00000000dab00000)
 ParOldGen       total 329728K, used 60484K [0x0000000080000000, 0x0000000094200000, 0x00000000d5580000)
  object space 329728K, 18% used [0x0000000080000000,0x0000000083b11148,0x0000000094200000)
 Metaspace       used 93937K, capacity 95916K, committed 99148K, reserved 1136640K
  class space    used 11160K, capacity 11512K, committed 12032K, reserved 1048576K
}
{Heap before GC invocations=550 (full 4):
 PSYoungGen      total 76288K, used 69217K [0x00000000d5580000, 0x00000000dab00000, 0x0000000100000000)
  eden space 65536K, 100% used [0x00000000d5580000,0x00000000d9580000,0x00000000d9580000)
  from space 10752K, 34% used [0x00000000d9580000,0x00000000d9918700,0x00000000da000000)
  to   space 10752K, 0% used [0x00000000da080000,0x00000000da080000,0x00000000dab00000)
 ParOldGen       total 329728K, used 60484K [0x0000000080000000, 0x0000000094200000, 0x00000000d5580000)
  object space 329728K, 18% used [0x0000000080000000,0x0000000083b11148,0x0000000094200000)
 Metaspace       used 93937K, capacity 95916K, committed 99148K, reserved 1136640K
  class space    used 11160K, capacity 11512K, committed 12032K, reserved 1048576K
2023-10-05T22:50:12.678+0600: 2030676.922: [GC (Allocation Failure) [PSYoungGen: 69217K->2432K(76800K)] 129702K->62916K(406528K), 0.0111424 secs] [Times: user=0.01 sys=0.01, real=0.01 secs] 
Heap after GC invocations=550 (full 4):
 PSYoungGen      total 76800K, used 2432K [0x00000000d5580000, 0x00000000dab00000, 0x0000000100000000)
  eden space 66048K, 0% used [0x00000000d5580000,0x00000000d5580000,0x00000000d9600000)
  from space 10752K, 22% used [0x00000000da080000,0x00000000da2e0010,0x00000000dab00000)
  to   space 10752K, 0% used [0x00000000d9600000,0x00000000d9600000,0x00000000da080000)
 ParOldGen       total 329728K, used 60484K [0x0000000080000000, 0x0000000094200000, 0x00000000d5580000)
  object space 329728K, 18% used [0x0000000080000000,0x0000000083b11148,0x0000000094200000)
 Metaspace       used 93937K, capacity 95916K, committed 99148K, reserved 1136640K
  class space    used 11160K, capacity 11512K, committed 12032K, reserved 1048576K
}
{Heap before GC invocations=551 (full 4):
 PSYoungGen      total 76800K, used 68480K [0x00000000d5580000, 0x00000000dab00000, 0x0000000100000000)
  eden space 66048K, 100% used [0x00000000d5580000,0x00000000d9600000,0x00000000d9600000)
  from space 10752K, 22% used [0x00000000da080000,0x00000000da2e0010,0x00000000dab00000)
  to   space 10752K, 0% used [0x00000000d9600000,0x00000000d9600000,0x00000000da080000)
 ParOldGen       total 329728K, used 60484K [0x0000000080000000, 0x0000000094200000, 0x00000000d5580000)
  object space 329728K, 18% used [0x0000000080000000,0x0000000083b11148,0x0000000094200000)
 Metaspace       used 93942K, capacity 95916K, committed 99148K, reserved 1136640K
  class space    used 11160K, capacity 11512K, committed 12032K, reserved 1048576K
2023-10-05T23:38:52.682+0600: 2033596.926: [GC (Allocation Failure) [PSYoungGen: 68480K->3441K(76800K)] 128964K->63933K(406528K), 0.0121380 secs] [Times: user=0.01 sys=0.01, real=0.02 secs] 
Heap after GC invocations=551 (full 4):
 PSYoungGen      total 76800K, used 3441K [0x00000000d5580000, 0x00000000dab80000, 0x0000000100000000)
  eden space 66048K, 0% used [0x00000000d5580000,0x00000000d5580000,0x00000000d9600000)
  from space 10752K, 32% used [0x00000000d9600000,0x00000000d995c4c0,0x00000000da080000)
  to   space 10752K, 0% used [0x00000000da100000,0x00000000da100000,0x00000000dab80000)
 ParOldGen       total 329728K, used 60492K [0x0000000080000000, 0x0000000094200000, 0x00000000d5580000)
  object space 329728K, 18% used [0x0000000080000000,0x0000000083b13148,0x0000000094200000)
 Metaspace       used 93942K, capacity 95916K, committed 99148K, reserved 1136640K
  class space    used 11160K, capacity 11512K, committed 12032K, reserved 1048576K
}
{Heap before GC invocations=552 (full 4):
 PSYoungGen      total 76800K, used 69489K [0x00000000d5580000, 0x00000000dab80000, 0x0000000100000000)
  eden space 66048K, 100% used [0x00000000d5580000,0x00000000d9600000,0x00000000d9600000)
  from space 10752K, 32% used [0x00000000d9600000,0x00000000d995c4c0,0x00000000da080000)
  to   space 10752K, 0% used [0x00000000da100000,0x00000000da100000,0x00000000dab80000)
 ParOldGen       total 329728K, used 60492K [0x0000000080000000, 0x0000000094200000, 0x00000000d5580000)
  object space 329728K, 18% used [0x0000000080000000,0x0000000083b13148,0x0000000094200000)
 Metaspace       used 93962K, capacity 95958K, committed 99148K, reserved 1136640K
  class space    used 11164K, capacity 11519K, committed 12032K, reserved 1048576K
2023-10-06T00:28:45.733+0600: 2036589.977: [GC (Allocation Failure) [PSYoungGen: 69489K->3216K(76288K)] 129981K->63716K(406016K), 0.0124567 secs] [Times: user=0.00 sys=0.02, real=0.01 secs] 
Heap after GC invocations=552 (full 4):
 PSYoungGen      total 76288K, used 3216K [0x00000000d5580000, 0x00000000daa80000, 0x0000000100000000)
  eden space 66560K, 0% used [0x00000000d5580000,0x00000000d5580000,0x00000000d9680000)
  from space 9728K, 33% used [0x00000000da100000,0x00000000da424250,0x00000000daa80000)
  to   space 10240K, 0% used [0x00000000d9680000,0x00000000d9680000,0x00000000da080000)
 ParOldGen       total 329728K, used 60500K [0x0000000080000000, 0x0000000094200000, 0x00000000d5580000)
  object space 329728K, 18% used [0x0000000080000000,0x0000000083b15148,0x0000000094200000)
 Metaspace       used 93962K, capacity 95958K, committed 99148K, reserved 1136640K
  class space    used 11164K, capacity 11519K, committed 12032K, reserved 1048576K
}
{Heap before GC invocations=553 (full 4):
 PSYoungGen      total 76288K, used 69776K [0x00000000d5580000, 0x00000000daa80000, 0x0000000100000000)
  eden space 66560K, 100% used [0x00000000d5580000,0x00000000d9680000,0x00000000d9680000)
  from space 9728K, 33% used [0x00000000da100000,0x00000000da424250,0x00000000daa80000)
  to   space 10240K, 0% used [0x00000000d9680000,0x00000000d9680000,0x00000000da080000)
 ParOldGen       total 329728K, used 60500K [0x0000000080000000, 0x0000000094200000, 0x00000000d5580000)
  object space 329728K, 18% used [0x0000000080000000,0x0000000083b15148,0x0000000094200000)
 Metaspace       used 93962K, capacity 95958K, committed 99148K, reserved 1136640K
  class space    used 11164K, capacity 11519K, committed 12032K, reserved 1048576K
2023-10-06T01:22:17.389+0600: 2039801.632: [GC (Allocation Failure) [PSYoungGen: 69776K->2496K(76800K)] 130276K->62996K(406528K), 0.0130328 secs] [Times: user=0.02 sys=0.00, real=0.01 secs] 
Heap after GC invocations=553 (full 4):
 PSYoungGen      total 76800K, used 2496K [0x00000000d5580000, 0x00000000dab00000, 0x0000000100000000)
  eden space 66560K, 0% used [0x00000000d5580000,0x00000000d5580000,0x00000000d9680000)
  from space 10240K, 24% used [0x00000000d9680000,0x00000000d98f0010,0x00000000da080000)
  to   space 10240K, 0% used [0x00000000da100000,0x00000000da100000,0x00000000dab00000)
 ParOldGen       total 329728K, used 60500K [0x0000000080000000, 0x0000000094200000, 0x00000000d5580000)
  object space 329728K, 18% used [0x0000000080000000,0x0000000083b15148,0x0000000094200000)
 Metaspace       used 93962K, capacity 95958K, committed 99148K, reserved 1136640K
  class space    used 11164K, capacity 11519K, committed 12032K, reserved 1048576K
}
{Heap before GC invocations=554 (full 4):
 PSYoungGen      total 76800K, used 69056K [0x00000000d5580000, 0x00000000dab00000, 0x0000000100000000)
  eden space 66560K, 100% used [0x00000000d5580000,0x00000000d9680000,0x00000000d9680000)
  from space 10240K, 24% used [0x00000000d9680000,0x00000000d98f0010,0x00000000da080000)
  to   space 10240K, 0% used [0x00000000da100000,0x00000000da100000,0x00000000dab00000)
 ParOldGen       total 329728K, used 60500K [0x0000000080000000, 0x0000000094200000, 0x00000000d5580000)
  object space 329728K, 18% used [0x0000000080000000,0x0000000083b15148,0x0000000094200000)
 Metaspace       used 93962K, capacity 95958K, committed 99148K, reserved 1136640K
  class space    used 11164K, capacity 11519K, committed 12032K, reserved 1048576K
2023-10-06T02:15:23.366+0600: 2042987.609: [GC (Allocation Failure) [PSYoungGen: 69056K->2496K(77312K)] 129556K->62996K(407040K), 0.0122061 secs] [Times: user=0.02 sys=0.00, real=0.01 secs] 
Heap after GC invocations=554 (full 4):
 PSYoungGen      total 77312K, used 2496K [0x00000000d5580000, 0x00000000dab00000, 0x0000000100000000)
  eden space 67072K, 0% used [0x00000000d5580000,0x00000000d5580000,0x00000000d9700000)
  from space 10240K, 24% used [0x00000000da100000,0x00000000da370010,0x00000000dab00000)
  to   space 10240K, 0% used [0x00000000d9700000,0x00000000d9700000,0x00000000da100000)
 ParOldGen       total 329728K, used 60500K [0x0000000080000000, 0x0000000094200000, 0x00000000d5580000)
  object space 329728K, 18% used [0x0000000080000000,0x0000000083b15148,0x0000000094200000)
 Metaspace       used 93962K, capacity 95958K, committed 99148K, reserved 1136640K
  class space    used 11164K, capacity 11519K, committed 12032K, reserved 1048576K
}
{Heap before GC invocations=555 (full 4):
 PSYoungGen      total 77312K, used 69568K [0x00000000d5580000, 0x00000000dab00000, 0x0000000100000000)
  eden space 67072K, 100% used [0x00000000d5580000,0x00000000d9700000,0x00000000d9700000)
  from space 10240K, 24% used [0x00000000da100000,0x00000000da370010,0x00000000dab00000)
  to   space 10240K, 0% used [0x00000000d9700000,0x00000000d9700000,0x00000000da100000)
 ParOldGen       total 329728K, used 60500K [0x0000000080000000, 0x0000000094200000, 0x00000000d5580000)
  object space 329728K, 18% used [0x0000000080000000,0x0000000083b15148,0x0000000094200000)
 Metaspace       used 93962K, capacity 95958K, committed 99148K, reserved 1136640K
  class space    used 11164K, capacity 11519K, committed 12032K, reserved 1048576K
2023-10-06T03:08:29.932+0600: 2046174.175: [GC (Allocation Failure) [PSYoungGen: 69568K->2496K(77312K)] 130068K->62996K(407040K), 0.0130214 secs] [Times: user=0.02 sys=0.00, real=0.02 secs] 
Heap after GC invocations=555 (full 4):
 PSYoungGen      total 77312K, used 2496K [0x00000000d5580000, 0x00000000daa80000, 0x0000000100000000)
  eden space 67072K, 0% used [0x00000000d5580000,0x00000000d5580000,0x00000000d9700000)
  from space 10240K, 24% used [0x00000000d9700000,0x00000000d9970010,0x00000000da100000)
  to   space 9728K, 0% used [0x00000000da100000,0x00000000da100000,0x00000000daa80000)
 ParOldGen       total 329728K, used 60500K [0x0000000080000000, 0x0000000094200000, 0x00000000d5580000)
  object space 329728K, 18% used [0x0000000080000000,0x0000000083b15148,0x0000000094200000)
 Metaspace       used 93962K, capacity 95958K, committed 99148K, reserved 1136640K
  class space    used 11164K, capacity 11519K, committed 12032K, reserved 1048576K
}
{Heap before GC invocations=556 (full 4):
 PSYoungGen      total 77312K, used 69568K [0x00000000d5580000, 0x00000000daa80000, 0x0000000100000000)
  eden space 67072K, 100% used [0x00000000d5580000,0x00000000d9700000,0x00000000d9700000)
  from space 10240K, 24% used [0x00000000d9700000,0x00000000d9970010,0x00000000da100000)
  to   space 9728K, 0% used [0x00000000da100000,0x00000000da100000,0x00000000daa80000)
 ParOldGen       total 329728K, used 60500K [0x0000000080000000, 0x0000000094200000, 0x00000000d5580000)
  object space 329728K, 18% used [0x0000000080000000,0x0000000083b15148,0x0000000094200000)
 Metaspace       used 93963K, capacity 95958K, committed 99148K, reserved 1136640K
  class space    used 11164K, capacity 11519K, committed 12032K, reserved 1048576K
2023-10-06T04:05:10.980+0600: 2049575.224: [GC (Allocation Failure) [PSYoungGen: 69568K->2528K(77312K)] 130068K->63028K(407040K), 0.0136789 secs] [Times: user=0.01 sys=0.01, real=0.02 secs] 
Heap after GC invocations=556 (full 4):
 PSYoungGen      total 77312K, used 2528K [0x00000000d5580000, 0x00000000daa80000, 0x0000000100000000)
  eden space 67584K, 0% used [0x00000000d5580000,0x00000000d5580000,0x00000000d9780000)
  from space 9728K, 25% used [0x00000000da100000,0x00000000da378010,0x00000000daa80000)
  to   space 9728K, 0% used [0x00000000d9780000,0x00000000d9780000,0x00000000da100000)
 ParOldGen       total 329728K, used 60500K [0x0000000080000000, 0x0000000094200000, 0x00000000d5580000)
  object space 329728K, 18% used [0x0000000080000000,0x0000000083b15148,0x0000000094200000)
 Metaspace       used 93963K, capacity 95958K, committed 99148K, reserved 1136640K
  class space    used 11164K, capacity 11519K, committed 12032K, reserved 1048576K
}
{Heap before GC invocations=557 (full 4):
 PSYoungGen      total 77312K, used 70112K [0x00000000d5580000, 0x00000000daa80000, 0x0000000100000000)
  eden space 67584K, 100% used [0x00000000d5580000,0x00000000d9780000,0x00000000d9780000)
  from space 9728K, 25% used [0x00000000da100000,0x00000000da378010,0x00000000daa80000)
  to   space 9728K, 0% used [0x00000000d9780000,0x00000000d9780000,0x00000000da100000)
 ParOldGen       total 329728K, used 60500K [0x0000000080000000, 0x0000000094200000, 0x00000000d5580000)
  object space 329728K, 18% used [0x0000000080000000,0x0000000083b15148,0x0000000094200000)
 Metaspace       used 93963K, capacity 95958K, committed 99148K, reserved 1136640K
  class space    used 11164K, capacity 11519K, committed 12032K, reserved 1048576K
2023-10-06T05:00:27.185+0600: 2052891.428: [GC (Allocation Failure) [PSYoungGen: 70112K->2528K(77312K)] 130612K->63028K(407040K), 0.0129938 secs] [Times: user=0.02 sys=0.00, real=0.01 secs] 
Heap after GC invocations=557 (full 4):
 PSYoungGen      total 77312K, used 2528K [0x00000000d5580000, 0x00000000daa80000, 0x0000000100000000)
  eden space 67584K, 0% used [0x00000000d5580000,0x00000000d5580000,0x00000000d9780000)
  from space 9728K, 25% used [0x00000000d9780000,0x00000000d99f8010,0x00000000da100000)
  to   space 9216K, 0% used [0x00000000da180000,0x00000000da180000,0x00000000daa80000)
 ParOldGen       total 329728K, used 60500K [0x0000000080000000, 0x0000000094200000, 0x00000000d5580000)
  object space 329728K, 18% used [0x0000000080000000,0x0000000083b15148,0x0000000094200000)
 Metaspace       used 93963K, capacity 95958K, committed 99148K, reserved 1136640K
  class space    used 11164K, capacity 11519K, committed 12032K, reserved 1048576K
}
{Heap before GC invocations=558 (full 4):
 PSYoungGen      total 77312K, used 70112K [0x00000000d5580000, 0x00000000daa80000, 0x0000000100000000)
  eden space 67584K, 100% used [0x00000000d5580000,0x00000000d9780000,0x00000000d9780000)
  from space 9728K, 25% used [0x00000000d9780000,0x00000000d99f8010,0x00000000da100000)
  to   space 9216K, 0% used [0x00000000da180000,0x00000000da180000,0x00000000daa80000)
 ParOldGen       total 329728K, used 60500K [0x0000000080000000, 0x0000000094200000, 0x00000000d5580000)
  object space 329728K, 18% used [0x0000000080000000,0x0000000083b15148,0x0000000094200000)
 Metaspace       used 93963K, capacity 95958K, committed 99148K, reserved 1136640K
  class space    used 11164K, capacity 11519K, committed 12032K, reserved 1048576K
2023-10-06T05:56:02.918+0600: 2056227.161: [GC (Allocation Failure) [PSYoungGen: 70112K->2528K(77824K)] 130612K->63028K(407552K), 0.0138020 secs] [Times: user=0.02 sys=0.00, real=0.01 secs] 
Heap after GC invocations=558 (full 4):
 PSYoungGen      total 77824K, used 2528K [0x00000000d5580000, 0x00000000daa80000, 0x0000000100000000)
  eden space 68608K, 0% used [0x00000000d5580000,0x00000000d5580000,0x00000000d9880000)
  from space 9216K, 27% used [0x00000000da180000,0x00000000da3f8010,0x00000000daa80000)
  to   space 9216K, 0% used [0x00000000d9880000,0x00000000d9880000,0x00000000da180000)
 ParOldGen       total 329728K, used 60500K [0x0000000080000000, 0x0000000094200000, 0x00000000d5580000)
  object space 329728K, 18% used [0x0000000080000000,0x0000000083b15148,0x0000000094200000)
 Metaspace       used 93963K, capacity 95958K, committed 99148K, reserved 1136640K
  class space    used 11164K, capacity 11519K, committed 12032K, reserved 1048576K
}
{Heap before GC invocations=559 (full 4):
 PSYoungGen      total 77824K, used 71136K [0x00000000d5580000, 0x00000000daa80000, 0x0000000100000000)
  eden space 68608K, 100% used [0x00000000d5580000,0x00000000d9880000,0x00000000d9880000)
  from space 9216K, 27% used [0x00000000da180000,0x00000000da3f8010,0x00000000daa80000)
  to   space 9216K, 0% used [0x00000000d9880000,0x00000000d9880000,0x00000000da180000)
 ParOldGen       total 329728K, used 60500K [0x0000000080000000, 0x0000000094200000, 0x00000000d5580000)
  object space 329728K, 18% used [0x0000000080000000,0x0000000083b15148,0x0000000094200000)
 Metaspace       used 93963K, capacity 95958K, committed 99148K, reserved 1136640K
  class space    used 11164K, capacity 11519K, committed 12032K, reserved 1048576K
2023-10-06T06:51:24.439+0600: 2059548.682: [GC (Allocation Failure) [PSYoungGen: 71136K->2496K(77824K)] 131636K->62996K(407552K), 0.0133348 secs] [Times: user=0.02 sys=0.00, real=0.01 secs] 
Heap after GC invocations=559 (full 4):
 PSYoungGen      total 77824K, used 2496K [0x00000000d5580000, 0x00000000daa80000, 0x0000000100000000)
  eden space 68608K, 0% used [0x00000000d5580000,0x00000000d5580000,0x00000000d9880000)
  from space 9216K, 27% used [0x00000000d9880000,0x00000000d9af0010,0x00000000da180000)
  to   space 8704K, 0% used [0x00000000da200000,0x00000000da200000,0x00000000daa80000)
 ParOldGen       total 329728K, used 60500K [0x0000000080000000, 0x0000000094200000, 0x00000000d5580000)
  object space 329728K, 18% used [0x0000000080000000,0x0000000083b15148,0x0000000094200000)
 Metaspace       used 93963K, capacity 95958K, committed 99148K, reserved 1136640K
  class space    used 11164K, capacity 11519K, committed 12032K, reserved 1048576K
}
{Heap before GC invocations=560 (full 4):
 PSYoungGen      total 77824K, used 71104K [0x00000000d5580000, 0x00000000daa80000, 0x0000000100000000)
  eden space 68608K, 100% used [0x00000000d5580000,0x00000000d9880000,0x00000000d9880000)
  from space 9216K, 27% used [0x00000000d9880000,0x00000000d9af0010,0x00000000da180000)
  to   space 8704K, 0% used [0x00000000da200000,0x00000000da200000,0x00000000daa80000)
 ParOldGen       total 329728K, used 60500K [0x0000000080000000, 0x0000000094200000, 0x00000000d5580000)
  object space 329728K, 18% used [0x0000000080000000,0x0000000083b15148,0x0000000094200000)
 Metaspace       used 93963K, capacity 95958K, committed 99148K, reserved 1136640K
  class space    used 11164K, capacity 11519K, committed 12032K, reserved 1048576K
2023-10-06T07:47:24.242+0600: 2062908.485: [GC (Allocation Failure) [PSYoungGen: 71104K->2496K(78336K)] 131604K->62996K(408064K), 0.0149923 secs] [Times: user=0.01 sys=0.02, real=0.02 secs] 
Heap after GC invocations=560 (full 4):
 PSYoungGen      total 78336K, used 2496K [0x00000000d5580000, 0x00000000daa80000, 0x0000000100000000)
  eden space 69632K, 0% used [0x00000000d5580000,0x00000000d5580000,0x00000000d9980000)
  from space 8704K, 28% used [0x00000000da200000,0x00000000da470010,0x00000000daa80000)
  to   space 8704K, 0% used [0x00000000d9980000,0x00000000d9980000,0x00000000da200000)
 ParOldGen       total 329728K, used 60500K [0x0000000080000000, 0x0000000094200000, 0x00000000d5580000)
  object space 329728K, 18% used [0x0000000080000000,0x0000000083b15148,0x0000000094200000)
 Metaspace       used 93963K, capacity 95958K, committed 99148K, reserved 1136640K
  class space    used 11164K, capacity 11519K, committed 12032K, reserved 1048576K
}
{Heap before GC invocations=561 (full 4):
 PSYoungGen      total 78336K, used 72128K [0x00000000d5580000, 0x00000000daa80000, 0x0000000100000000)
  eden space 69632K, 100% used [0x00000000d5580000,0x00000000d9980000,0x00000000d9980000)
  from space 8704K, 28% used [0x00000000da200000,0x00000000da470010,0x00000000daa80000)
  to   space 8704K, 0% used [0x00000000d9980000,0x00000000d9980000,0x00000000da200000)
 ParOldGen       total 329728K, used 60500K [0x0000000080000000, 0x0000000094200000, 0x00000000d5580000)
  object space 329728K, 18% used [0x0000000080000000,0x0000000083b15148,0x0000000094200000)
 Metaspace       used 93963K, capacity 95958K, committed 99148K, reserved 1136640K
  class space    used 11164K, capacity 11519K, committed 12032K, reserved 1048576K
2023-10-06T08:44:05.243+0600: 2066309.487: [GC (Allocation Failure) [PSYoungGen: 72128K->2528K(78336K)] 132628K->63028K(408064K), 0.0139620 secs] [Times: user=0.02 sys=0.00, real=0.01 secs] 
Heap after GC invocations=561 (full 4):
 PSYoungGen      total 78336K, used 2528K [0x00000000d5580000, 0x00000000daa80000, 0x0000000100000000)
  eden space 69632K, 0% used [0x00000000d5580000,0x00000000d5580000,0x00000000d9980000)
  from space 8704K, 29% used [0x00000000d9980000,0x00000000d9bf8010,0x00000000da200000)
  to   space 8192K, 0% used [0x00000000da280000,0x00000000da280000,0x00000000daa80000)
 ParOldGen       total 329728K, used 60500K [0x0000000080000000, 0x0000000094200000, 0x00000000d5580000)
  object space 329728K, 18% used [0x0000000080000000,0x0000000083b15148,0x0000000094200000)
 Metaspace       used 93963K, capacity 95958K, committed 99148K, reserved 1136640K
  class space    used 11164K, capacity 11519K, committed 12032K, reserved 1048576K
}
{Heap before GC invocations=562 (full 4):
 PSYoungGen      total 78336K, used 72160K [0x00000000d5580000, 0x00000000daa80000, 0x0000000100000000)
  eden space 69632K, 100% used [0x00000000d5580000,0x00000000d9980000,0x00000000d9980000)
  from space 8704K, 29% used [0x00000000d9980000,0x00000000d9bf8010,0x00000000da200000)
  to   space 8192K, 0% used [0x00000000da280000,0x00000000da280000,0x00000000daa80000)
 ParOldGen       total 329728K, used 60500K [0x0000000080000000, 0x0000000094200000, 0x00000000d5580000)
  object space 329728K, 18% used [0x0000000080000000,0x0000000083b15148,0x0000000094200000)
 Metaspace       used 93963K, capacity 95958K, committed 99148K, reserved 1136640K
  class space    used 11164K, capacity 11519K, committed 12032K, reserved 1048576K
2023-10-06T09:39:38.265+0600: 2069642.508: [GC (Allocation Failure) [PSYoungGen: 72160K->2528K(79360K)] 132660K->63028K(409088K), 0.0147033 secs] [Times: user=0.01 sys=0.02, real=0.01 secs] 
Heap after GC invocations=562 (full 4):
 PSYoungGen      total 79360K, used 2528K [0x00000000d5580000, 0x00000000daa80000, 0x0000000100000000)
  eden space 71168K, 0% used [0x00000000d5580000,0x00000000d5580000,0x00000000d9b00000)
  from space 8192K, 30% used [0x00000000da280000,0x00000000da4f8010,0x00000000daa80000)
  to   space 7680K, 0% used [0x00000000d9b00000,0x00000000d9b00000,0x00000000da280000)
 ParOldGen       total 329728K, used 60500K [0x0000000080000000, 0x0000000094200000, 0x00000000d5580000)
  object space 329728K, 18% used [0x0000000080000000,0x0000000083b15148,0x0000000094200000)
 Metaspace       used 93963K, capacity 95958K, committed 99148K, reserved 1136640K
  class space    used 11164K, capacity 11519K, committed 12032K, reserved 1048576K
}
{Heap before GC invocations=563 (full 4):
 PSYoungGen      total 79360K, used 73696K [0x00000000d5580000, 0x00000000daa80000, 0x0000000100000000)
  eden space 71168K, 100% used [0x00000000d5580000,0x00000000d9b00000,0x00000000d9b00000)
  from space 8192K, 30% used [0x00000000da280000,0x00000000da4f8010,0x00000000daa80000)
  to   space 7680K, 0% used [0x00000000d9b00000,0x00000000d9b00000,0x00000000da280000)
 ParOldGen       total 329728K, used 60500K [0x0000000080000000, 0x0000000094200000, 0x00000000d5580000)
  object space 329728K, 18% used [0x0000000080000000,0x0000000083b15148,0x0000000094200000)
 Metaspace       used 93963K, capacity 95958K, committed 99148K, reserved 1136640K
  class space    used 11164K, capacity 11519K, committed 12032K, reserved 1048576K
2023-10-06T10:36:04.120+0600: 2073028.363: [GC (Allocation Failure) [PSYoungGen: 73696K->2432K(78848K)] 134196K->63012K(408576K), 0.0105809 secs] [Times: user=0.01 sys=0.01, real=0.01 secs] 
Heap after GC invocations=563 (full 4):
 PSYoungGen      total 78848K, used 2432K [0x00000000d5580000, 0x00000000daa80000, 0x0000000100000000)
  eden space 71168K, 0% used [0x00000000d5580000,0x00000000d5580000,0x00000000d9b00000)
  from space 7680K, 31% used [0x00000000d9b00000,0x00000000d9d60000,0x00000000da280000)
  to   space 7680K, 0% used [0x00000000da300000,0x00000000da300000,0x00000000daa80000)
 ParOldGen       total 329728K, used 60580K [0x0000000080000000, 0x0000000094200000, 0x00000000d5580000)
  object space 329728K, 18% used [0x0000000080000000,0x0000000083b29158,0x0000000094200000)
 Metaspace       used 93963K, capacity 95958K, committed 99148K, reserved 1136640K
  class space    used 11164K, capacity 11519K, committed 12032K, reserved 1048576K
}
{Heap before GC invocations=564 (full 4):
 PSYoungGen      total 78848K, used 73600K [0x00000000d5580000, 0x00000000daa80000, 0x0000000100000000)
  eden space 71168K, 100% used [0x00000000d5580000,0x00000000d9b00000,0x00000000d9b00000)
  from space 7680K, 31% used [0x00000000d9b00000,0x00000000d9d60000,0x00000000da280000)
  to   space 7680K, 0% used [0x00000000da300000,0x00000000da300000,0x00000000daa80000)
 ParOldGen       total 329728K, used 60580K [0x0000000080000000, 0x0000000094200000, 0x00000000d5580000)
  object space 329728K, 18% used [0x0000000080000000,0x0000000083b29158,0x0000000094200000)
 Metaspace       used 93963K, capacity 95958K, committed 99148K, reserved 1136640K
  class space    used 11164K, capacity 11519K, committed 12032K, reserved 1048576K
2023-10-06T11:34:18.798+0600: 2076523.042: [GC (Allocation Failure) [PSYoungGen: 73600K->2336K(79872K)] 134180K->63035K(409600K), 0.0097755 secs] [Times: user=0.02 sys=0.00, real=0.01 secs] 
Heap after GC invocations=564 (full 4):
 PSYoungGen      total 79872K, used 2336K [0x00000000d5580000, 0x00000000daa80000, 0x0000000100000000)
  eden space 72192K, 0% used [0x00000000d5580000,0x00000000d5580000,0x00000000d9c00000)
  from space 7680K, 30% used [0x00000000da300000,0x00000000da548000,0x00000000daa80000)
  to   space 7168K, 0% used [0x00000000d9c00000,0x00000000d9c00000,0x00000000da300000)
 ParOldGen       total 329728K, used 60699K [0x0000000080000000, 0x0000000094200000, 0x00000000d5580000)
  object space 329728K, 18% used [0x0000000080000000,0x0000000083b46fd0,0x0000000094200000)
 Metaspace       used 93963K, capacity 95958K, committed 99148K, reserved 1136640K
  class space    used 11164K, capacity 11519K, committed 12032K, reserved 1048576K
}
{Heap before GC invocations=565 (full 4):
 PSYoungGen      total 79872K, used 74528K [0x00000000d5580000, 0x00000000daa80000, 0x0000000100000000)
  eden space 72192K, 100% used [0x00000000d5580000,0x00000000d9c00000,0x00000000d9c00000)
  from space 7680K, 30% used [0x00000000da300000,0x00000000da548000,0x00000000daa80000)
  to   space 7168K, 0% used [0x00000000d9c00000,0x00000000d9c00000,0x00000000da300000)
 ParOldGen       total 329728K, used 60699K [0x0000000080000000, 0x0000000094200000, 0x00000000d5580000)
  object space 329728K, 18% used [0x0000000080000000,0x0000000083b46fd0,0x0000000094200000)
 Metaspace       used 93967K, capacity 95964K, committed 99148K, reserved 1136640K
  class space    used 11165K, capacity 11520K, committed 12032K, reserved 1048576K
2023-10-06T12:26:20.505+0600: 2079644.748: [GC (Allocation Failure) [PSYoungGen: 74528K->3184K(79360K)] 135227K->63884K(409088K), 0.0152781 secs] [Times: user=0.02 sys=0.00, real=0.01 secs] 
Heap after GC invocations=565 (full 4):
 PSYoungGen      total 79360K, used 3184K [0x00000000d5580000, 0x00000000daa80000, 0x0000000100000000)
  eden space 72192K, 0% used [0x00000000d5580000,0x00000000d5580000,0x00000000d9c00000)
  from space 7168K, 44% used [0x00000000d9c00000,0x00000000d9f1c250,0x00000000da300000)
  to   space 7168K, 0% used [0x00000000da380000,0x00000000da380000,0x00000000daa80000)
 ParOldGen       total 329728K, used 60699K [0x0000000080000000, 0x0000000094200000, 0x00000000d5580000)
  object space 329728K, 18% used [0x0000000080000000,0x0000000083b46fd0,0x0000000094200000)
 Metaspace       used 93967K, capacity 95964K, committed 99148K, reserved 1136640K
  class space    used 11165K, capacity 11520K, committed 12032K, reserved 1048576K
}
{Heap before GC invocations=566 (full 4):
 PSYoungGen      total 79360K, used 75376K [0x00000000d5580000, 0x00000000daa80000, 0x0000000100000000)
  eden space 72192K, 100% used [0x00000000d5580000,0x00000000d9c00000,0x00000000d9c00000)
  from space 7168K, 44% used [0x00000000d9c00000,0x00000000d9f1c250,0x00000000da300000)
  to   space 7168K, 0% used [0x00000000da380000,0x00000000da380000,0x00000000daa80000)
 ParOldGen       total 329728K, used 60699K [0x0000000080000000, 0x0000000094200000, 0x00000000d5580000)
  object space 329728K, 18% used [0x0000000080000000,0x0000000083b46fd0,0x0000000094200000)
 Metaspace       used 93967K, capacity 95964K, committed 99148K, reserved 1136640K
  class space    used 11165K, capacity 11520K, committed 12032K, reserved 1048576K
2023-10-06T13:19:25.374+0600: 2082829.617: [GC (Allocation Failure) [PSYoungGen: 75376K->3441K(80384K)] 136076K->64194K(410112K), 0.0145869 secs] [Times: user=0.02 sys=0.00, real=0.01 secs] 
Heap after GC invocations=566 (full 4):
 PSYoungGen      total 80384K, used 3441K [0x00000000d5580000, 0x00000000daa80000, 0x0000000100000000)
  eden space 73216K, 0% used [0x00000000d5580000,0x00000000d5580000,0x00000000d9d00000)
  from space 7168K, 48% used [0x00000000da380000,0x00000000da6dc4b0,0x00000000daa80000)
  to   space 6656K, 0% used [0x00000000d9d00000,0x00000000d9d00000,0x00000000da380000)
 ParOldGen       total 329728K, used 60752K [0x0000000080000000, 0x0000000094200000, 0x00000000d5580000)
  object space 329728K, 18% used [0x0000000080000000,0x0000000083b54360,0x0000000094200000)
 Metaspace       used 93967K, capacity 95964K, committed 99148K, reserved 1136640K
  class space    used 11165K, capacity 11520K, committed 12032K, reserved 1048576K
}
{Heap before GC invocations=567 (full 4):
 PSYoungGen      total 80384K, used 76657K [0x00000000d5580000, 0x00000000daa80000, 0x0000000100000000)
  eden space 73216K, 100% used [0x00000000d5580000,0x00000000d9d00000,0x00000000d9d00000)
  from space 7168K, 48% used [0x00000000da380000,0x00000000da6dc4b0,0x00000000daa80000)
  to   space 6656K, 0% used [0x00000000d9d00000,0x00000000d9d00000,0x00000000da380000)
 ParOldGen       total 329728K, used 60752K [0x0000000080000000, 0x0000000094200000, 0x00000000d5580000)
  object space 329728K, 18% used [0x0000000080000000,0x0000000083b54360,0x0000000094200000)
 Metaspace       used 93967K, capacity 95964K, committed 99148K, reserved 1136640K
  class space    used 11165K, capacity 11520K, committed 12032K, reserved 1048576K
2023-10-06T14:18:20.277+0600: 2086364.521: [GC (Allocation Failure) [PSYoungGen: 76657K->2464K(79872K)] 137410K->63264K(409600K), 0.0153602 secs] [Times: user=0.01 sys=0.01, real=0.01 secs] 
Heap after GC invocations=567 (full 4):
 PSYoungGen      total 79872K, used 2464K [0x00000000d5580000, 0x00000000daa80000, 0x0000000100000000)
  eden space 73216K, 0% used [0x00000000d5580000,0x00000000d5580000,0x00000000d9d00000)
  from space 6656K, 37% used [0x00000000d9d00000,0x00000000d9f68000,0x00000000da380000)
  to   space 6656K, 0% used [0x00000000da400000,0x00000000da400000,0x00000000daa80000)
 ParOldGen       total 329728K, used 60800K [0x0000000080000000, 0x0000000094200000, 0x00000000d5580000)
  object space 329728K, 18% used [0x0000000080000000,0x0000000083b60360,0x0000000094200000)
 Metaspace       used 93967K, capacity 95964K, committed 99148K, reserved 1136640K
  class space    used 11165K, capacity 11520K, committed 12032K, reserved 1048576K
}
{Heap before GC invocations=568 (full 4):
 PSYoungGen      total 79872K, used 75680K [0x00000000d5580000, 0x00000000daa80000, 0x0000000100000000)
  eden space 73216K, 100% used [0x00000000d5580000,0x00000000d9d00000,0x00000000d9d00000)
  from space 6656K, 37% used [0x00000000d9d00000,0x00000000d9f68000,0x00000000da380000)
  to   space 6656K, 0% used [0x00000000da400000,0x00000000da400000,0x00000000daa80000)
 ParOldGen       total 329728K, used 60800K [0x0000000080000000, 0x0000000094200000, 0x00000000d5580000)
  object space 329728K, 18% used [0x0000000080000000,0x0000000083b60360,0x0000000094200000)
 Metaspace       used 93967K, capacity 95964K, committed 99148K, reserved 1136640K
  class space    used 11165K, capacity 11520K, committed 12032K, reserved 1048576K
2023-10-06T15:17:52.675+0600: 2089936.918: [GC (Allocation Failure) [PSYoungGen: 75680K->2432K(80896K)] 136480K->63232K(410624K), 0.0123432 secs] [Times: user=0.01 sys=0.02, real=0.01 secs] 
Heap after GC invocations=568 (full 4):
 PSYoungGen      total 80896K, used 2432K [0x00000000d5580000, 0x00000000daa80000, 0x0000000100000000)
  eden space 74240K, 0% used [0x00000000d5580000,0x00000000d5580000,0x00000000d9e00000)
  from space 6656K, 36% used [0x00000000da400000,0x00000000da660000,0x00000000daa80000)
  to   space 6144K, 0% used [0x00000000d9e00000,0x00000000d9e00000,0x00000000da400000)
 ParOldGen       total 329728K, used 60800K [0x0000000080000000, 0x0000000094200000, 0x00000000d5580000)
  object space 329728K, 18% used [0x0000000080000000,0x0000000083b60360,0x0000000094200000)
 Metaspace       used 93967K, capacity 95964K, committed 99148K, reserved 1136640K
  class space    used 11165K, capacity 11520K, committed 12032K, reserved 1048576K
}
{Heap before GC invocations=569 (full 4):
 PSYoungGen      total 80896K, used 76672K [0x00000000d5580000, 0x00000000daa80000, 0x0000000100000000)
  eden space 74240K, 100% used [0x00000000d5580000,0x00000000d9e00000,0x00000000d9e00000)
  from space 6656K, 36% used [0x00000000da400000,0x00000000da660000,0x00000000daa80000)
  to   space 6144K, 0% used [0x00000000d9e00000,0x00000000d9e00000,0x00000000da400000)
 ParOldGen       total 329728K, used 60800K [0x0000000080000000, 0x0000000094200000, 0x00000000d5580000)
  object space 329728K, 18% used [0x0000000080000000,0x0000000083b60360,0x0000000094200000)
 Metaspace       used 93967K, capacity 95964K, committed 99148K, reserved 1136640K
  class space    used 11165K, capacity 11520K, committed 12032K, reserved 1048576K
2023-10-06T16:02:28.691+0600: 2092612.934: [GC (Allocation Failure) [PSYoungGen: 76672K->4226K(80384K)] 137472K->65027K(410112K), 0.0160504 secs] [Times: user=0.03 sys=0.00, real=0.02 secs] 
Heap after GC invocations=569 (full 4):
 PSYoungGen      total 80384K, used 4226K [0x00000000d5580000, 0x00000000dab80000, 0x0000000100000000)
  eden space 74240K, 0% used [0x00000000d5580000,0x00000000d5580000,0x00000000d9e00000)
  from space 6144K, 68% used [0x00000000d9e00000,0x00000000da220940,0x00000000da400000)
  to   space 6656K, 0% used [0x00000000da500000,0x00000000da500000,0x00000000dab80000)
 ParOldGen       total 329728K, used 60800K [0x0000000080000000, 0x0000000094200000, 0x00000000d5580000)
  object space 329728K, 18% used [0x0000000080000000,0x0000000083b60360,0x0000000094200000)
 Metaspace       used 93967K, capacity 95964K, committed 99148K, reserved 1136640K
  class space    used 11165K, capacity 11520K, committed 12032K, reserved 1048576K
}
{Heap before GC invocations=570 (full 4):
 PSYoungGen      total 80384K, used 78466K [0x00000000d5580000, 0x00000000dab80000, 0x0000000100000000)
  eden space 74240K, 100% used [0x00000000d5580000,0x00000000d9e00000,0x00000000d9e00000)
  from space 6144K, 68% used [0x00000000d9e00000,0x00000000da220940,0x00000000da400000)
  to   space 6656K, 0% used [0x00000000da500000,0x00000000da500000,0x00000000dab80000)
 ParOldGen       total 329728K, used 60800K [0x0000000080000000, 0x0000000094200000, 0x00000000d5580000)
  object space 329728K, 18% used [0x0000000080000000,0x0000000083b60360,0x0000000094200000)
 Metaspace       used 93984K, capacity 96006K, committed 99148K, reserved 1136640K
  class space    used 11169K, capacity 11527K, committed 12032K, reserved 1048576K
2023-10-06T16:37:48.683+0600: 2094732.926: [GC (Allocation Failure) [PSYoungGen: 78466K->6418K(80896K)] 139267K->67219K(410624K), 0.0196929 secs] [Times: user=0.03 sys=0.00, real=0.02 secs] 
Heap after GC invocations=570 (full 4):
 PSYoungGen      total 80896K, used 6418K [0x00000000d5580000, 0x00000000dac80000, 0x0000000100000000)
  eden space 74240K, 0% used [0x00000000d5580000,0x00000000d5580000,0x00000000d9e00000)
  from space 6656K, 96% used [0x00000000da500000,0x00000000dab449a0,0x00000000dab80000)
  to   space 7168K, 0% used [0x00000000d9e00000,0x00000000d9e00000,0x00000000da500000)
 ParOldGen       total 329728K, used 60800K [0x0000000080000000, 0x0000000094200000, 0x00000000d5580000)
  object space 329728K, 18% used [0x0000000080000000,0x0000000083b60360,0x0000000094200000)
 Metaspace       used 93984K, capacity 96006K, committed 99148K, reserved 1136640K
  class space    used 11169K, capacity 11527K, committed 12032K, reserved 1048576K
}
{Heap before GC invocations=571 (full 4):
 PSYoungGen      total 80896K, used 80658K [0x00000000d5580000, 0x00000000dac80000, 0x0000000100000000)
  eden space 74240K, 100% used [0x00000000d5580000,0x00000000d9e00000,0x00000000d9e00000)
  from space 6656K, 96% used [0x00000000da500000,0x00000000dab449a0,0x00000000dab80000)
  to   space 7168K, 0% used [0x00000000d9e00000,0x00000000d9e00000,0x00000000da500000)
 ParOldGen       total 329728K, used 60800K [0x0000000080000000, 0x0000000094200000, 0x00000000d5580000)
  object space 329728K, 18% used [0x0000000080000000,0x0000000083b60360,0x0000000094200000)
 Metaspace       used 93984K, capacity 96006K, committed 99148K, reserved 1136640K
  class space    used 11169K, capacity 11527K, committed 12032K, reserved 1048576K
2023-10-06T17:30:28.288+0600: 2097892.531: [GC (Allocation Failure) [PSYoungGen: 80658K->3825K(81408K)] 141459K->64642K(411136K), 0.0163643 secs] [Times: user=0.03 sys=0.00, real=0.02 secs] 
Heap after GC invocations=571 (full 4):
 PSYoungGen      total 81408K, used 3825K [0x00000000d5580000, 0x00000000dac80000, 0x0000000100000000)
  eden space 74240K, 0% used [0x00000000d5580000,0x00000000d5580000,0x00000000d9e00000)
  from space 7168K, 53% used [0x00000000d9e00000,0x00000000da1bc6f0,0x00000000da500000)
  to   space 7168K, 0% used [0x00000000da580000,0x00000000da580000,0x00000000dac80000)
 ParOldGen       total 329728K, used 60816K [0x0000000080000000, 0x0000000094200000, 0x00000000d5580000)
  object space 329728K, 18% used [0x0000000080000000,0x0000000083b64360,0x0000000094200000)
 Metaspace       used 93984K, capacity 96006K, committed 99148K, reserved 1136640K
  class space    used 11169K, capacity 11527K, committed 12032K, reserved 1048576K
}
{Heap before GC invocations=572 (full 4):
 PSYoungGen      total 81408K, used 78065K [0x00000000d5580000, 0x00000000dac80000, 0x0000000100000000)
  eden space 74240K, 100% used [0x00000000d5580000,0x00000000d9e00000,0x00000000d9e00000)
  from space 7168K, 53% used [0x00000000d9e00000,0x00000000da1bc6f0,0x00000000da500000)
  to   space 7168K, 0% used [0x00000000da580000,0x00000000da580000,0x00000000dac80000)
 ParOldGen       total 329728K, used 60816K [0x0000000080000000, 0x0000000094200000, 0x00000000d5580000)
  object space 329728K, 18% used [0x0000000080000000,0x0000000083b64360,0x0000000094200000)
 Metaspace       used 93984K, capacity 96006K, committed 99148K, reserved 1136640K
  class space    used 11169K, capacity 11527K, committed 12032K, reserved 1048576K
2023-10-06T18:30:29.051+0600: 2101493.295: [GC (Allocation Failure) [PSYoungGen: 78065K->2912K(80896K)] 138882K->63728K(410624K), 0.0146167 secs] [Times: user=0.03 sys=0.00, real=0.02 secs] 
Heap after GC invocations=572 (full 4):
 PSYoungGen      total 80896K, used 2912K [0x00000000d5580000, 0x00000000dab80000, 0x0000000100000000)
  eden space 74752K, 0% used [0x00000000d5580000,0x00000000d5580000,0x00000000d9e80000)
  from space 6144K, 47% used [0x00000000da580000,0x00000000da858000,0x00000000dab80000)
  to   space 6656K, 0% used [0x00000000d9e80000,0x00000000d9e80000,0x00000000da500000)
 ParOldGen       total 329728K, used 60816K [0x0000000080000000, 0x0000000094200000, 0x00000000d5580000)
  object space 329728K, 18% used [0x0000000080000000,0x0000000083b64360,0x0000000094200000)
 Metaspace       used 93984K, capacity 96006K, committed 99148K, reserved 1136640K
  class space    used 11169K, capacity 11527K, committed 12032K, reserved 1048576K
}
{Heap before GC invocations=573 (full 4):
 PSYoungGen      total 80896K, used 77664K [0x00000000d5580000, 0x00000000dab80000, 0x0000000100000000)
  eden space 74752K, 100% used [0x00000000d5580000,0x00000000d9e80000,0x00000000d9e80000)
  from space 6144K, 47% used [0x00000000da580000,0x00000000da858000,0x00000000dab80000)
  to   space 6656K, 0% used [0x00000000d9e80000,0x00000000d9e80000,0x00000000da500000)
 ParOldGen       total 329728K, used 60816K [0x0000000080000000, 0x0000000094200000, 0x00000000d5580000)
  object space 329728K, 18% used [0x0000000080000000,0x0000000083b64360,0x0000000094200000)
 Metaspace       used 93984K, capacity 96006K, committed 99148K, reserved 1136640K
  class space    used 11169K, capacity 11527K, committed 12032K, reserved 1048576K
2023-10-06T19:32:53.953+0600: 2105238.196: [GC (Allocation Failure) [PSYoungGen: 77664K->2848K(81408K)] 138480K->63664K(411136K), 0.0145652 secs] [Times: user=0.02 sys=0.00, real=0.02 secs] 
Heap after GC invocations=573 (full 4):
 PSYoungGen      total 81408K, used 2848K [0x00000000d5580000, 0x00000000dac00000, 0x0000000100000000)
  eden space 74752K, 0% used [0x00000000d5580000,0x00000000d5580000,0x00000000d9e80000)
  from space 6656K, 42% used [0x00000000d9e80000,0x00000000da148000,0x00000000da500000)
  to   space 6656K, 0% used [0x00000000da580000,0x00000000da580000,0x00000000dac00000)
 ParOldGen       total 329728K, used 60816K [0x0000000080000000, 0x0000000094200000, 0x00000000d5580000)
  object space 329728K, 18% used [0x0000000080000000,0x0000000083b64360,0x0000000094200000)
 Metaspace       used 93984K, capacity 96006K, committed 99148K, reserved 1136640K
  class space    used 11169K, capacity 11527K, committed 12032K, reserved 1048576K
}
{Heap before GC invocations=574 (full 4):
 PSYoungGen      total 81408K, used 77594K [0x00000000d5580000, 0x00000000dac00000, 0x0000000100000000)
  eden space 74752K, 99% used [0x00000000d5580000,0x00000000d9e7ea48,0x00000000d9e80000)
  from space 6656K, 42% used [0x00000000d9e80000,0x00000000da148000,0x00000000da500000)
  to   space 6656K, 0% used [0x00000000da580000,0x00000000da580000,0x00000000dac00000)
 ParOldGen       total 329728K, used 60816K [0x0000000080000000, 0x0000000094200000, 0x00000000d5580000)
  object space 329728K, 18% used [0x0000000080000000,0x0000000083b64360,0x0000000094200000)
 Metaspace       used 93984K, capacity 96006K, committed 99148K, reserved 1136640K
  class space    used 11169K, capacity 11527K, committed 12032K, reserved 1048576K
2023-10-06T20:08:06.001+0600: 2107350.245: [GC (Allocation Failure) [PSYoungGen: 77594K->6306K(80896K)] 138411K->67123K(410624K), 0.0112921 secs] [Times: user=0.01 sys=0.01, real=0.01 secs] 
Heap after GC invocations=574 (full 4):
 PSYoungGen      total 80896K, used 6306K [0x00000000d5580000, 0x00000000dae00000, 0x0000000100000000)
  eden space 74240K, 0% used [0x00000000d5580000,0x00000000d5580000,0x00000000d9e00000)
  from space 6656K, 94% used [0x00000000da580000,0x00000000daba8990,0x00000000dac00000)
  to   space 7680K, 0% used [0x00000000d9e00000,0x00000000d9e00000,0x00000000da580000)
 ParOldGen       total 329728K, used 60816K [0x0000000080000000, 0x0000000094200000, 0x00000000d5580000)
  object space 329728K, 18% used [0x0000000080000000,0x0000000083b64360,0x0000000094200000)
 Metaspace       used 93984K, capacity 96006K, committed 99148K, reserved 1136640K
  class space    used 11169K, capacity 11527K, committed 12032K, reserved 1048576K
}
{Heap before GC invocations=575 (full 4):
 PSYoungGen      total 80896K, used 80546K [0x00000000d5580000, 0x00000000dae00000, 0x0000000100000000)
  eden space 74240K, 99% used [0x00000000d5580000,0x00000000d9dffeb0,0x00000000d9e00000)
  from space 6656K, 94% used [0x00000000da580000,0x00000000daba8990,0x00000000dac00000)
  to   space 7680K, 0% used [0x00000000d9e00000,0x00000000d9e00000,0x00000000da580000)
 ParOldGen       total 329728K, used 60816K [0x0000000080000000, 0x0000000094200000, 0x00000000d5580000)
  object space 329728K, 18% used [0x0000000080000000,0x0000000083b64360,0x0000000094200000)
 Metaspace       used 93984K, capacity 96006K, committed 99148K, reserved 1136640K
  class space    used 11169K, capacity 11527K, committed 12032K, reserved 1048576K
2023-10-06T20:32:46.935+0600: 2108831.178: [GC (Allocation Failure) [PSYoungGen: 80546K->7608K(81920K)] 141362K->68425K(411648K), 0.0108057 secs] [Times: user=0.02 sys=0.00, real=0.01 secs] 
Heap after GC invocations=575 (full 4):
 PSYoungGen      total 81920K, used 7608K [0x00000000d5580000, 0x00000000daf80000, 0x0000000100000000)
  eden space 74240K, 0% used [0x00000000d5580000,0x00000000d5580000,0x00000000d9e00000)
  from space 7680K, 99% used [0x00000000d9e00000,0x00000000da56e390,0x00000000da580000)
  to   space 8704K, 0% used [0x00000000da700000,0x00000000da700000,0x00000000daf80000)
 ParOldGen       total 329728K, used 60816K [0x0000000080000000, 0x0000000094200000, 0x00000000d5580000)
  object space 329728K, 18% used [0x0000000080000000,0x0000000083b64360,0x0000000094200000)
 Metaspace       used 93984K, capacity 96006K, committed 99148K, reserved 1136640K
  class space    used 11169K, capacity 11527K, committed 12032K, reserved 1048576K
}
{Heap before GC invocations=576 (full 4):
 PSYoungGen      total 81920K, used 81848K [0x00000000d5580000, 0x00000000daf80000, 0x0000000100000000)
  eden space 74240K, 99% used [0x00000000d5580000,0x00000000d9dffe38,0x00000000d9e00000)
  from space 7680K, 99% used [0x00000000d9e00000,0x00000000da56e390,0x00000000da580000)
  to   space 8704K, 0% used [0x00000000da700000,0x00000000da700000,0x00000000daf80000)
 ParOldGen       total 329728K, used 60816K [0x0000000080000000, 0x0000000094200000, 0x00000000d5580000)
  object space 329728K, 18% used [0x0000000080000000,0x0000000083b64360,0x0000000094200000)
 Metaspace       used 93985K, capacity 96006K, committed 99148K, reserved 1136640K
  class space    used 11169K, capacity 11527K, committed 12032K, reserved 1048576K
2023-10-06T21:17:35.984+0600: 2111520.227: [GC (Allocation Failure) [PSYoungGen: 81848K->6371K(82944K)] 142665K->67188K(412672K), 0.0136748 secs] [Times: user=0.00 sys=0.02, real=0.01 secs] 
Heap after GC invocations=576 (full 4):
 PSYoungGen      total 82944K, used 6371K [0x00000000d5580000, 0x00000000db080000, 0x0000000100000000)
  eden space 74240K, 0% used [0x00000000d5580000,0x00000000d5580000,0x00000000d9e00000)
  from space 8704K, 73% used [0x00000000da700000,0x00000000dad38de0,0x00000000daf80000)
  to   space 9216K, 0% used [0x00000000d9e00000,0x00000000d9e00000,0x00000000da700000)
 ParOldGen       total 329728K, used 60816K [0x0000000080000000, 0x0000000094200000, 0x00000000d5580000)
  object space 329728K, 18% used [0x0000000080000000,0x0000000083b64360,0x0000000094200000)
 Metaspace       used 93985K, capacity 96006K, committed 99148K, reserved 1136640K
  class space    used 11169K, capacity 11527K, committed 12032K, reserved 1048576K
}
{Heap before GC invocations=577 (full 4):
 PSYoungGen      total 82944K, used 80611K [0x00000000d5580000, 0x00000000db080000, 0x0000000100000000)
  eden space 74240K, 100% used [0x00000000d5580000,0x00000000d9e00000,0x00000000d9e00000)
  from space 8704K, 73% used [0x00000000da700000,0x00000000dad38de0,0x00000000daf80000)
  to   space 9216K, 0% used [0x00000000d9e00000,0x00000000d9e00000,0x00000000da700000)
 ParOldGen       total 329728K, used 60816K [0x0000000080000000, 0x0000000094200000, 0x00000000d5580000)
  object space 329728K, 18% used [0x0000000080000000,0x0000000083b64360,0x0000000094200000)
 Metaspace       used 93985K, capacity 96006K, committed 99148K, reserved 1136640K
  class space    used 11169K, capacity 11527K, committed 12032K, reserved 1048576K
2023-10-06T22:09:38.549+0600: 2114642.792: [GC (Allocation Failure) [PSYoungGen: 80611K->4130K(83456K)] 141428K->64947K(413184K), 0.0170209 secs] [Times: user=0.03 sys=0.00, real=0.02 secs] 
Heap after GC invocations=577 (full 4):
 PSYoungGen      total 83456K, used 4130K [0x00000000d5580000, 0x00000000daf80000, 0x0000000100000000)
  eden space 74240K, 0% used [0x00000000d5580000,0x00000000d5580000,0x00000000d9e00000)
  from space 9216K, 44% used [0x00000000d9e00000,0x00000000da208910,0x00000000da700000)
  to   space 8704K, 0% used [0x00000000da700000,0x00000000da700000,0x00000000daf80000)
 ParOldGen       total 329728K, used 60816K [0x0000000080000000, 0x0000000094200000, 0x00000000d5580000)
  object space 329728K, 18% used [0x0000000080000000,0x0000000083b64360,0x0000000094200000)
 Metaspace       used 93985K, capacity 96006K, committed 99148K, reserved 1136640K
  class space    used 11169K, capacity 11527K, committed 12032K, reserved 1048576K
}
{Heap before GC invocations=578 (full 4):
 PSYoungGen      total 83456K, used 78370K [0x00000000d5580000, 0x00000000daf80000, 0x0000000100000000)
  eden space 74240K, 100% used [0x00000000d5580000,0x00000000d9e00000,0x00000000d9e00000)
  from space 9216K, 44% used [0x00000000d9e00000,0x00000000da208910,0x00000000da700000)
  to   space 8704K, 0% used [0x00000000da700000,0x00000000da700000,0x00000000daf80000)
 ParOldGen       total 329728K, used 60816K [0x0000000080000000, 0x0000000094200000, 0x00000000d5580000)
  object space 329728K, 18% used [0x0000000080000000,0x0000000083b64360,0x0000000094200000)
 Metaspace       used 93985K, capacity 96006K, committed 99148K, reserved 1136640K
  class space    used 11169K, capacity 11527K, committed 12032K, reserved 1048576K
2023-10-06T23:10:51.369+0600: 2118315.612: [GC (Allocation Failure) [PSYoungGen: 78370K->3520K(82432K)] 139187K->64336K(412160K), 0.0163956 secs] [Times: user=0.02 sys=0.00, real=0.02 secs] 
Heap after GC invocations=578 (full 4):
 PSYoungGen      total 82432K, used 3520K [0x00000000d5580000, 0x00000000dae80000, 0x0000000100000000)
  eden space 74752K, 0% used [0x00000000d5580000,0x00000000d5580000,0x00000000d9e80000)
  from space 7680K, 45% used [0x00000000da700000,0x00000000daa70000,0x00000000dae80000)
  to   space 8192K, 0% used [0x00000000d9e80000,0x00000000d9e80000,0x00000000da680000)
 ParOldGen       total 329728K, used 60816K [0x0000000080000000, 0x0000000094200000, 0x00000000d5580000)
  object space 329728K, 18% used [0x0000000080000000,0x0000000083b64360,0x0000000094200000)
 Metaspace       used 93985K, capacity 96006K, committed 99148K, reserved 1136640K
  class space    used 11169K, capacity 11527K, committed 12032K, reserved 1048576K
}
{Heap before GC invocations=579 (full 4):
 PSYoungGen      total 82432K, used 78272K [0x00000000d5580000, 0x00000000dae80000, 0x0000000100000000)
  eden space 74752K, 100% used [0x00000000d5580000,0x00000000d9e80000,0x00000000d9e80000)
  from space 7680K, 45% used [0x00000000da700000,0x00000000daa70000,0x00000000dae80000)
  to   space 8192K, 0% used [0x00000000d9e80000,0x00000000d9e80000,0x00000000da680000)
 ParOldGen       total 329728K, used 60816K [0x0000000080000000, 0x0000000094200000, 0x00000000d5580000)
  object space 329728K, 18% used [0x0000000080000000,0x0000000083b64360,0x0000000094200000)
 Metaspace       used 93985K, capacity 96006K, committed 99148K, reserved 1136640K
  class space    used 11169K, capacity 11527K, committed 12032K, reserved 1048576K
2023-10-07T00:11:51.970+0600: 2121976.213: [GC (Allocation Failure) [PSYoungGen: 78272K->3456K(82944K)] 139088K->64272K(412672K), 0.0154757 secs] [Times: user=0.03 sys=0.00, real=0.02 secs] 
Heap after GC invocations=579 (full 4):
 PSYoungGen      total 82944K, used 3456K [0x00000000d5580000, 0x00000000daf00000, 0x0000000100000000)
  eden space 74752K, 0% used [0x00000000d5580000,0x00000000d5580000,0x00000000d9e80000)
  from space 8192K, 42% used [0x00000000d9e80000,0x00000000da1e0000,0x00000000da680000)
  to   space 8192K, 0% used [0x00000000da700000,0x00000000da700000,0x00000000daf00000)
 ParOldGen       total 329728K, used 60816K [0x0000000080000000, 0x0000000094200000, 0x00000000d5580000)
  object space 329728K, 18% used [0x0000000080000000,0x0000000083b64360,0x0000000094200000)
 Metaspace       used 93985K, capacity 96006K, committed 99148K, reserved 1136640K
  class space    used 11169K, capacity 11527K, committed 12032K, reserved 1048576K
}
{Heap before GC invocations=580 (full 4):
 PSYoungGen      total 82944K, used 78208K [0x00000000d5580000, 0x00000000daf00000, 0x0000000100000000)
  eden space 74752K, 100% used [0x00000000d5580000,0x00000000d9e80000,0x00000000d9e80000)
  from space 8192K, 42% used [0x00000000d9e80000,0x00000000da1e0000,0x00000000da680000)
  to   space 8192K, 0% used [0x00000000da700000,0x00000000da700000,0x00000000daf00000)
 ParOldGen       total 329728K, used 60816K [0x0000000080000000, 0x0000000094200000, 0x00000000d5580000)
  object space 329728K, 18% used [0x0000000080000000,0x0000000083b64360,0x0000000094200000)
 Metaspace       used 93985K, capacity 96006K, committed 99148K, reserved 1136640K
  class space    used 11169K, capacity 11527K, committed 12032K, reserved 1048576K
2023-10-07T01:11:50.549+0600: 2125574.792: [GC (Allocation Failure) [PSYoungGen: 78208K->3456K(82432K)] 139024K->64312K(412160K), 0.0163879 secs] [Times: user=0.03 sys=0.00, real=0.02 secs] 
Heap after GC invocations=580 (full 4):
 PSYoungGen      total 82432K, used 3456K [0x00000000d5580000, 0x00000000dae00000, 0x0000000100000000)
  eden space 75264K, 0% used [0x00000000d5580000,0x00000000d5580000,0x00000000d9f00000)
  from space 7168K, 48% used [0x00000000da700000,0x00000000daa60000,0x00000000dae00000)
  to   space 7680K, 0% used [0x00000000d9f00000,0x00000000d9f00000,0x00000000da680000)
 ParOldGen       total 329728K, used 60856K [0x0000000080000000, 0x0000000094200000, 0x00000000d5580000)
  object space 329728K, 18% used [0x0000000080000000,0x0000000083b6e360,0x0000000094200000)
 Metaspace       used 93985K, capacity 96006K, committed 99148K, reserved 1136640K
  class space    used 11169K, capacity 11527K, committed 12032K, reserved 1048576K
}
{Heap before GC invocations=581 (full 4):
 PSYoungGen      total 82432K, used 78720K [0x00000000d5580000, 0x00000000dae00000, 0x0000000100000000)
  eden space 75264K, 100% used [0x00000000d5580000,0x00000000d9f00000,0x00000000d9f00000)
  from space 7168K, 48% used [0x00000000da700000,0x00000000daa60000,0x00000000dae00000)
  to   space 7680K, 0% used [0x00000000d9f00000,0x00000000d9f00000,0x00000000da680000)
 ParOldGen       total 329728K, used 60856K [0x0000000080000000, 0x0000000094200000, 0x00000000d5580000)
  object space 329728K, 18% used [0x0000000080000000,0x0000000083b6e360,0x0000000094200000)
 Metaspace       used 93985K, capacity 96006K, committed 99148K, reserved 1136640K
  class space    used 11169K, capacity 11527K, committed 12032K, reserved 1048576K
2023-10-07T02:13:22.040+0600: 2129266.283: [GC (Allocation Failure) [PSYoungGen: 78720K->3424K(82944K)] 139576K->64304K(412672K), 0.0153004 secs] [Times: user=0.02 sys=0.01, real=0.02 secs] 
Heap after GC invocations=581 (full 4):
 PSYoungGen      total 82944K, used 3424K [0x00000000d5580000, 0x00000000dae80000, 0x0000000100000000)
  eden space 75264K, 0% used [0x00000000d5580000,0x00000000d5580000,0x00000000d9f00000)
  from space 7680K, 44% used [0x00000000d9f00000,0x00000000da258000,0x00000000da680000)
  to   space 7680K, 0% used [0x00000000da700000,0x00000000da700000,0x00000000dae80000)
 ParOldGen       total 329728K, used 60880K [0x0000000080000000, 0x0000000094200000, 0x00000000d5580000)
  object space 329728K, 18% used [0x0000000080000000,0x0000000083b74360,0x0000000094200000)
 Metaspace       used 93985K, capacity 96006K, committed 99148K, reserved 1136640K
  class space    used 11169K, capacity 11527K, committed 12032K, reserved 1048576K
}
{Heap before GC invocations=582 (full 4):
 PSYoungGen      total 82944K, used 78688K [0x00000000d5580000, 0x00000000dae80000, 0x0000000100000000)
  eden space 75264K, 100% used [0x00000000d5580000,0x00000000d9f00000,0x00000000d9f00000)
  from space 7680K, 44% used [0x00000000d9f00000,0x00000000da258000,0x00000000da680000)
  to   space 7680K, 0% used [0x00000000da700000,0x00000000da700000,0x00000000dae80000)
 ParOldGen       total 329728K, used 60880K [0x0000000080000000, 0x0000000094200000, 0x00000000d5580000)
  object space 329728K, 18% used [0x0000000080000000,0x0000000083b74360,0x0000000094200000)
 Metaspace       used 93985K, capacity 96006K, committed 99148K, reserved 1136640K
  class space    used 11169K, capacity 11527K, committed 12032K, reserved 1048576K
2023-10-07T03:14:54.949+0600: 2132959.192: [GC (Allocation Failure) [PSYoungGen: 78688K->3456K(82432K)] 139568K->64336K(412160K), 0.0126727 secs] [Times: user=0.01 sys=0.02, real=0.01 secs] 
Heap after GC invocations=582 (full 4):
 PSYoungGen      total 82432K, used 3456K [0x00000000d5580000, 0x00000000dad80000, 0x0000000100000000)
  eden space 75776K, 0% used [0x00000000d5580000,0x00000000d5580000,0x00000000d9f80000)
  from space 6656K, 51% used [0x00000000da700000,0x00000000daa60000,0x00000000dad80000)
  to   space 7168K, 0% used [0x00000000d9f80000,0x00000000d9f80000,0x00000000da680000)
 ParOldGen       total 329728K, used 60880K [0x0000000080000000, 0x0000000094200000, 0x00000000d5580000)
  object space 329728K, 18% used [0x0000000080000000,0x0000000083b74360,0x0000000094200000)
 Metaspace       used 93985K, capacity 96006K, committed 99148K, reserved 1136640K
  class space    used 11169K, capacity 11527K, committed 12032K, reserved 1048576K
}
{Heap before GC invocations=583 (full 4):
 PSYoungGen      total 82432K, used 79232K [0x00000000d5580000, 0x00000000dad80000, 0x0000000100000000)
  eden space 75776K, 100% used [0x00000000d5580000,0x00000000d9f80000,0x00000000d9f80000)
  from space 6656K, 51% used [0x00000000da700000,0x00000000daa60000,0x00000000dad80000)
  to   space 7168K, 0% used [0x00000000d9f80000,0x00000000d9f80000,0x00000000da680000)
 ParOldGen       total 329728K, used 60880K [0x0000000080000000, 0x0000000094200000, 0x00000000d5580000)
  object space 329728K, 18% used [0x0000000080000000,0x0000000083b74360,0x0000000094200000)
 Metaspace       used 93985K, capacity 96006K, committed 99148K, reserved 1136640K
  class space    used 11169K, capacity 11527K, committed 12032K, reserved 1048576K
2023-10-07T04:15:46.026+0600: 2136610.269: [GC (Allocation Failure) [PSYoungGen: 79232K->3424K(82944K)] 140112K->64304K(412672K), 0.0154103 secs] [Times: user=0.02 sys=0.00, real=0.01 secs] 
Heap after GC invocations=583 (full 4):
 PSYoungGen      total 82944K, used 3424K [0x00000000d5580000, 0x00000000dae00000, 0x0000000100000000)
  eden space 75776K, 0% used [0x00000000d5580000,0x00000000d5580000,0x00000000d9f80000)
  from space 7168K, 47% used [0x00000000d9f80000,0x00000000da2d8000,0x00000000da680000)
  to   space 7168K, 0% used [0x00000000da700000,0x00000000da700000,0x00000000dae00000)
 ParOldGen       total 329728K, used 60880K [0x0000000080000000, 0x0000000094200000, 0x00000000d5580000)
  object space 329728K, 18% used [0x0000000080000000,0x0000000083b74360,0x0000000094200000)
 Metaspace       used 93985K, capacity 96006K, committed 99148K, reserved 1136640K
  class space    used 11169K, capacity 11527K, committed 12032K, reserved 1048576K
}
{Heap before GC invocations=584 (full 4):
 PSYoungGen      total 82944K, used 79200K [0x00000000d5580000, 0x00000000dae00000, 0x0000000100000000)
  eden space 75776K, 100% used [0x00000000d5580000,0x00000000d9f80000,0x00000000d9f80000)
  from space 7168K, 47% used [0x00000000d9f80000,0x00000000da2d8000,0x00000000da680000)
  to   space 7168K, 0% used [0x00000000da700000,0x00000000da700000,0x00000000dae00000)
 ParOldGen       total 329728K, used 60880K [0x0000000080000000, 0x0000000094200000, 0x00000000d5580000)
  object space 329728K, 18% used [0x0000000080000000,0x0000000083b74360,0x0000000094200000)
 Metaspace       used 93985K, capacity 96006K, committed 99148K, reserved 1136640K
  class space    used 11169K, capacity 11527K, committed 12032K, reserved 1048576K
2023-10-07T05:16:36.177+0600: 2140260.420: [GC (Allocation Failure) [PSYoungGen: 79200K->3392K(82432K)] 140080K->64352K(412160K), 0.0144692 secs] [Times: user=0.03 sys=0.00, real=0.01 secs] 
Heap after GC invocations=584 (full 4):
 PSYoungGen      total 82432K, used 3392K [0x00000000d5580000, 0x00000000dad00000, 0x0000000100000000)
  eden space 76288K, 0% used [0x00000000d5580000,0x00000000d5580000,0x00000000da000000)
  from space 6144K, 55% used [0x00000000da700000,0x00000000daa50000,0x00000000dad00000)
  to   space 6656K, 0% used [0x00000000da000000,0x00000000da000000,0x00000000da680000)
 ParOldGen       total 329728K, used 60960K [0x0000000080000000, 0x0000000094200000, 0x00000000d5580000)
  object space 329728K, 18% used [0x0000000080000000,0x0000000083b88360,0x0000000094200000)
 Metaspace       used 93985K, capacity 96006K, committed 99148K, reserved 1136640K
  class space    used 11169K, capacity 11527K, committed 12032K, reserved 1048576K
}
{Heap before GC invocations=585 (full 4):
 PSYoungGen      total 82432K, used 79680K [0x00000000d5580000, 0x00000000dad00000, 0x0000000100000000)
  eden space 76288K, 100% used [0x00000000d5580000,0x00000000da000000,0x00000000da000000)
  from space 6144K, 55% used [0x00000000da700000,0x00000000daa50000,0x00000000dad00000)
  to   space 6656K, 0% used [0x00000000da000000,0x00000000da000000,0x00000000da680000)
 ParOldGen       total 329728K, used 60960K [0x0000000080000000, 0x0000000094200000, 0x00000000d5580000)
  object space 329728K, 18% used [0x0000000080000000,0x0000000083b88360,0x0000000094200000)
 Metaspace       used 93985K, capacity 96006K, committed 99148K, reserved 1136640K
  class space    used 11169K, capacity 11527K, committed 12032K, reserved 1048576K
2023-10-07T06:18:40.082+0600: 2143984.325: [GC (Allocation Failure) [PSYoungGen: 79680K->3136K(82944K)] 140640K->64340K(412672K), 0.0118858 secs] [Times: user=0.01 sys=0.02, real=0.02 secs] 
Heap after GC invocations=585 (full 4):
 PSYoungGen      total 82944K, used 3136K [0x00000000d5580000, 0x00000000dad80000, 0x0000000100000000)
  eden space 76288K, 0% used [0x00000000d5580000,0x00000000d5580000,0x00000000da000000)
  from space 6656K, 47% used [0x00000000da000000,0x00000000da310000,0x00000000da680000)
  to   space 6656K, 0% used [0x00000000da700000,0x00000000da700000,0x00000000dad80000)
 ParOldGen       total 329728K, used 61204K [0x0000000080000000, 0x0000000094200000, 0x00000000d5580000)
  object space 329728K, 18% used [0x0000000080000000,0x0000000083bc5210,0x0000000094200000)
 Metaspace       used 93985K, capacity 96006K, committed 99148K, reserved 1136640K
  class space    used 11169K, capacity 11527K, committed 12032K, reserved 1048576K
}
{Heap before GC invocations=586 (full 4):
 PSYoungGen      total 82944K, used 79424K [0x00000000d5580000, 0x00000000dad80000, 0x0000000100000000)
  eden space 76288K, 100% used [0x00000000d5580000,0x00000000da000000,0x00000000da000000)
  from space 6656K, 47% used [0x00000000da000000,0x00000000da310000,0x00000000da680000)
  to   space 6656K, 0% used [0x00000000da700000,0x00000000da700000,0x00000000dad80000)
 ParOldGen       total 329728K, used 61204K [0x0000000080000000, 0x0000000094200000, 0x00000000d5580000)
  object space 329728K, 18% used [0x0000000080000000,0x0000000083bc5210,0x0000000094200000)
 Metaspace       used 93985K, capacity 96006K, committed 99148K, reserved 1136640K
  class space    used 11169K, capacity 11527K, committed 12032K, reserved 1048576K
2023-10-07T07:20:44.088+0600: 2147708.331: [GC (Allocation Failure) [PSYoungGen: 79424K->3072K(83456K)] 140628K->64356K(413184K), 0.0127011 secs] [Times: user=0.03 sys=0.00, real=0.01 secs] 
Heap after GC invocations=586 (full 4):
 PSYoungGen      total 83456K, used 3072K [0x00000000d5580000, 0x00000000dad80000, 0x0000000100000000)
  eden space 76800K, 0% used [0x00000000d5580000,0x00000000d5580000,0x00000000da080000)
  from space 6656K, 46% used [0x00000000da700000,0x00000000daa00000,0x00000000dad80000)
  to   space 6656K, 0% used [0x00000000da080000,0x00000000da080000,0x00000000da700000)
 ParOldGen       total 329728K, used 61284K [0x0000000080000000, 0x0000000094200000, 0x00000000d5580000)
  object space 329728K, 18% used [0x0000000080000000,0x0000000083bd9210,0x0000000094200000)
 Metaspace       used 93985K, capacity 96006K, committed 99148K, reserved 1136640K
  class space    used 11169K, capacity 11527K, committed 12032K, reserved 1048576K
}
{Heap before GC invocations=587 (full 4):
 PSYoungGen      total 83456K, used 79872K [0x00000000d5580000, 0x00000000dad80000, 0x0000000100000000)
  eden space 76800K, 100% used [0x00000000d5580000,0x00000000da080000,0x00000000da080000)
  from space 6656K, 46% used [0x00000000da700000,0x00000000daa00000,0x00000000dad80000)
  to   space 6656K, 0% used [0x00000000da080000,0x00000000da080000,0x00000000da700000)
 ParOldGen       total 329728K, used 61284K [0x0000000080000000, 0x0000000094200000, 0x00000000d5580000)
  object space 329728K, 18% used [0x0000000080000000,0x0000000083bd9210,0x0000000094200000)
 Metaspace       used 93985K, capacity 96006K, committed 99148K, reserved 1136640K
  class space    used 11169K, capacity 11527K, committed 12032K, reserved 1048576K
2023-10-07T08:23:15.764+0600: 2151460.007: [GC (Allocation Failure) [PSYoungGen: 79872K->3104K(83456K)] 141156K->64404K(413184K), 0.0136952 secs] [Times: user=0.01 sys=0.02, real=0.01 secs] 
Heap after GC invocations=587 (full 4):
 PSYoungGen      total 83456K, used 3104K [0x00000000d5580000, 0x00000000dae00000, 0x0000000100000000)
  eden space 76800K, 0% used [0x00000000d5580000,0x00000000d5580000,0x00000000da080000)
  from space 6656K, 46% used [0x00000000da080000,0x00000000da388000,0x00000000da700000)
  to   space 6656K, 0% used [0x00000000da780000,0x00000000da780000,0x00000000dae00000)
 ParOldGen       total 329728K, used 61300K [0x0000000080000000, 0x0000000094200000, 0x00000000d5580000)
  object space 329728K, 18% used [0x0000000080000000,0x0000000083bdd210,0x0000000094200000)
 Metaspace       used 93985K, capacity 96006K, committed 99148K, reserved 1136640K
  class space    used 11169K, capacity 11527K, committed 12032K, reserved 1048576K
}
{Heap before GC invocations=588 (full 4):
 PSYoungGen      total 83456K, used 79904K [0x00000000d5580000, 0x00000000dae00000, 0x0000000100000000)
  eden space 76800K, 100% used [0x00000000d5580000,0x00000000da080000,0x00000000da080000)
  from space 6656K, 46% used [0x00000000da080000,0x00000000da388000,0x00000000da700000)
  to   space 6656K, 0% used [0x00000000da780000,0x00000000da780000,0x00000000dae00000)
 ParOldGen       total 329728K, used 61300K [0x0000000080000000, 0x0000000094200000, 0x00000000d5580000)
  object space 329728K, 18% used [0x0000000080000000,0x0000000083bdd210,0x0000000094200000)
 Metaspace       used 93985K, capacity 96006K, committed 99148K, reserved 1136640K
  class space    used 11169K, capacity 11527K, committed 12032K, reserved 1048576K
2023-10-07T09:27:23.177+0600: 2155307.420: [GC (Allocation Failure) [PSYoungGen: 79904K->3104K(82944K)] 141204K->64404K(412672K), 0.0120977 secs] [Times: user=0.02 sys=0.00, real=0.01 secs] 
Heap after GC invocations=588 (full 4):
 PSYoungGen      total 82944K, used 3104K [0x00000000d5580000, 0x00000000dad00000, 0x0000000100000000)
  eden space 77312K, 0% used [0x00000000d5580000,0x00000000d5580000,0x00000000da100000)
  from space 5632K, 55% used [0x00000000da780000,0x00000000daa88000,0x00000000dad00000)
  to   space 6144K, 0% used [0x00000000da100000,0x00000000da100000,0x00000000da700000)
 ParOldGen       total 329728K, used 61300K [0x0000000080000000, 0x0000000094200000, 0x00000000d5580000)
  object space 329728K, 18% used [0x0000000080000000,0x0000000083bdd210,0x0000000094200000)
 Metaspace       used 93985K, capacity 96006K, committed 99148K, reserved 1136640K
  class space    used 11169K, capacity 11527K, committed 12032K, reserved 1048576K
}
{Heap before GC invocations=589 (full 4):
 PSYoungGen      total 82944K, used 80416K [0x00000000d5580000, 0x00000000dad00000, 0x0000000100000000)
  eden space 77312K, 100% used [0x00000000d5580000,0x00000000da100000,0x00000000da100000)
  from space 5632K, 55% used [0x00000000da780000,0x00000000daa88000,0x00000000dad00000)
  to   space 6144K, 0% used [0x00000000da100000,0x00000000da100000,0x00000000da700000)
 ParOldGen       total 329728K, used 61300K [0x0000000080000000, 0x0000000094200000, 0x00000000d5580000)
  object space 329728K, 18% used [0x0000000080000000,0x0000000083bdd210,0x0000000094200000)
 Metaspace       used 93985K, capacity 96006K, committed 99148K, reserved 1136640K
  class space    used 11169K, capacity 11527K, committed 12032K, reserved 1048576K
2023-10-07T10:30:08.080+0600: 2159072.324: [GC (Allocation Failure) [PSYoungGen: 80416K->2784K(83456K)] 141716K->64377K(413184K), 0.0136805 secs] [Times: user=0.03 sys=0.00, real=0.02 secs] 
Heap after GC invocations=589 (full 4):
 PSYoungGen      total 83456K, used 2784K [0x00000000d5580000, 0x00000000dad80000, 0x0000000100000000)
  eden space 77312K, 0% used [0x00000000d5580000,0x00000000d5580000,0x00000000da100000)
  from space 6144K, 45% used [0x00000000da100000,0x00000000da3b8000,0x00000000da700000)
  to   space 6144K, 0% used [0x00000000da780000,0x00000000da780000,0x00000000dad80000)
 ParOldGen       total 329728K, used 61593K [0x0000000080000000, 0x0000000094200000, 0x00000000d5580000)
  object space 329728K, 18% used [0x0000000080000000,0x0000000083c267f8,0x0000000094200000)
 Metaspace       used 93985K, capacity 96006K, committed 99148K, reserved 1136640K
  class space    used 11169K, capacity 11527K, committed 12032K, reserved 1048576K
}
{Heap before GC invocations=590 (full 4):
 PSYoungGen      total 83456K, used 80096K [0x00000000d5580000, 0x00000000dad80000, 0x0000000100000000)
  eden space 77312K, 100% used [0x00000000d5580000,0x00000000da100000,0x00000000da100000)
  from space 6144K, 45% used [0x00000000da100000,0x00000000da3b8000,0x00000000da700000)
  to   space 6144K, 0% used [0x00000000da780000,0x00000000da780000,0x00000000dad80000)
 ParOldGen       total 329728K, used 61593K [0x0000000080000000, 0x0000000094200000, 0x00000000d5580000)
  object space 329728K, 18% used [0x0000000080000000,0x0000000083c267f8,0x0000000094200000)
 Metaspace       used 93985K, capacity 96006K, committed 99148K, reserved 1136640K
  class space    used 11169K, capacity 11527K, committed 12032K, reserved 1048576K
2023-10-07T11:32:58.280+0600: 2162842.523: [GC (Allocation Failure) [PSYoungGen: 80096K->2528K(83968K)] 141689K->64451K(413696K), 0.0132642 secs] [Times: user=0.03 sys=0.00, real=0.01 secs] 
Heap after GC invocations=590 (full 4):
 PSYoungGen      total 83968K, used 2528K [0x00000000d5580000, 0x00000000dad80000, 0x0000000100000000)
  eden space 77824K, 0% used [0x00000000d5580000,0x00000000d5580000,0x00000000da180000)
  from space 6144K, 41% used [0x00000000da780000,0x00000000da9f8000,0x00000000dad80000)
  to   space 6144K, 0% used [0x00000000da180000,0x00000000da180000,0x00000000da780000)
 ParOldGen       total 329728K, used 61923K [0x0000000080000000, 0x0000000094200000, 0x00000000d5580000)
  object space 329728K, 18% used [0x0000000080000000,0x0000000083c78f60,0x0000000094200000)
 Metaspace       used 93985K, capacity 96006K, committed 99148K, reserved 1136640K
  class space    used 11169K, capacity 11527K, committed 12032K, reserved 1048576K
}
{Heap before GC invocations=591 (full 4):
 PSYoungGen      total 83968K, used 80352K [0x00000000d5580000, 0x00000000dad80000, 0x0000000100000000)
  eden space 77824K, 100% used [0x00000000d5580000,0x00000000da180000,0x00000000da180000)
  from space 6144K, 41% used [0x00000000da780000,0x00000000da9f8000,0x00000000dad80000)
  to   space 6144K, 0% used [0x00000000da180000,0x00000000da180000,0x00000000da780000)
 ParOldGen       total 329728K, used 61923K [0x0000000080000000, 0x0000000094200000, 0x00000000d5580000)
  object space 329728K, 18% used [0x0000000080000000,0x0000000083c78f60,0x0000000094200000)
 Metaspace       used 93985K, capacity 96006K, committed 99148K, reserved 1136640K
  class space    used 11169K, capacity 11527K, committed 12032K, reserved 1048576K
2023-10-07T12:28:23.284+0600: 2166167.527: [GC (Allocation Failure) [PSYoungGen: 80352K->3216K(83968K)] 142275K->65327K(413696K), 0.0138292 secs] [Times: user=0.00 sys=0.01, real=0.01 secs] 
Heap after GC invocations=591 (full 4):
 PSYoungGen      total 83968K, used 3216K [0x00000000d5580000, 0x00000000dad00000, 0x0000000100000000)
  eden space 77824K, 0% used [0x00000000d5580000,0x00000000d5580000,0x00000000da180000)
  from space 6144K, 52% used [0x00000000da180000,0x00000000da4a4260,0x00000000da780000)
  to   space 5632K, 0% used [0x00000000da780000,0x00000000da780000,0x00000000dad00000)
 ParOldGen       total 329728K, used 62110K [0x0000000080000000, 0x0000000094200000, 0x00000000d5580000)
  object space 329728K, 18% used [0x0000000080000000,0x0000000083ca7bb8,0x0000000094200000)
 Metaspace       used 93985K, capacity 96006K, committed 99148K, reserved 1136640K
  class space    used 11169K, capacity 11527K, committed 12032K, reserved 1048576K
}
{Heap before GC invocations=592 (full 4):
 PSYoungGen      total 83968K, used 81040K [0x00000000d5580000, 0x00000000dad00000, 0x0000000100000000)
  eden space 77824K, 100% used [0x00000000d5580000,0x00000000da180000,0x00000000da180000)
  from space 6144K, 52% used [0x00000000da180000,0x00000000da4a4260,0x00000000da780000)
  to   space 5632K, 0% used [0x00000000da780000,0x00000000da780000,0x00000000dad00000)
 ParOldGen       total 329728K, used 62110K [0x0000000080000000, 0x0000000094200000, 0x00000000d5580000)
  object space 329728K, 18% used [0x0000000080000000,0x0000000083ca7bb8,0x0000000094200000)
 Metaspace       used 93985K, capacity 96006K, committed 99148K, reserved 1136640K
  class space    used 11169K, capacity 11527K, committed 12032K, reserved 1048576K
2023-10-07T13:32:17.586+0600: 2170001.829: [GC (Allocation Failure) [PSYoungGen: 81040K->2336K(83968K)] 143151K->64502K(413696K), 0.0117182 secs] [Times: user=0.02 sys=0.00, real=0.01 secs] 
Heap after GC invocations=592 (full 4):
 PSYoungGen      total 83968K, used 2336K [0x00000000d5580000, 0x00000000dad00000, 0x0000000100000000)
  eden space 78336K, 0% used [0x00000000d5580000,0x00000000d5580000,0x00000000da200000)
  from space 5632K, 41% used [0x00000000da780000,0x00000000da9c8000,0x00000000dad00000)
  to   space 5632K, 0% used [0x00000000da200000,0x00000000da200000,0x00000000da780000)
 ParOldGen       total 329728K, used 62166K [0x0000000080000000, 0x0000000094200000, 0x00000000d5580000)
  object space 329728K, 18% used [0x0000000080000000,0x0000000083cb5bb8,0x0000000094200000)
 Metaspace       used 93985K, capacity 96006K, committed 99148K, reserved 1136640K
  class space    used 11169K, capacity 11527K, committed 12032K, reserved 1048576K
}
{Heap before GC invocations=593 (full 4):
 PSYoungGen      total 83968K, used 80672K [0x00000000d5580000, 0x00000000dad00000, 0x0000000100000000)
  eden space 78336K, 100% used [0x00000000d5580000,0x00000000da200000,0x00000000da200000)
  from space 5632K, 41% used [0x00000000da780000,0x00000000da9c8000,0x00000000dad00000)
  to   space 5632K, 0% used [0x00000000da200000,0x00000000da200000,0x00000000da780000)
 ParOldGen       total 329728K, used 62166K [0x0000000080000000, 0x0000000094200000, 0x00000000d5580000)
  object space 329728K, 18% used [0x0000000080000000,0x0000000083cb5bb8,0x0000000094200000)
 Metaspace       used 93985K, capacity 96006K, committed 99148K, reserved 1136640K
  class space    used 11169K, capacity 11527K, committed 12032K, reserved 1048576K
2023-10-07T14:36:04.133+0600: 2173828.377: [GC (Allocation Failure) [PSYoungGen: 80672K->2336K(83968K)] 142838K->64502K(413696K), 0.0125791 secs] [Times: user=0.01 sys=0.02, real=0.01 secs] 
Heap after GC invocations=593 (full 4):
 PSYoungGen      total 83968K, used 2336K [0x00000000d5580000, 0x00000000dad80000, 0x0000000100000000)
  eden space 78336K, 0% used [0x00000000d5580000,0x00000000d5580000,0x00000000da200000)
  from space 5632K, 41% used [0x00000000da200000,0x00000000da448000,0x00000000da780000)
  to   space 5632K, 0% used [0x00000000da800000,0x00000000da800000,0x00000000dad80000)
 ParOldGen       total 329728K, used 62166K [0x0000000080000000, 0x0000000094200000, 0x00000000d5580000)
  object space 329728K, 18% used [0x0000000080000000,0x0000000083cb5bb8,0x0000000094200000)
 Metaspace       used 93985K, capacity 96006K, committed 99148K, reserved 1136640K
  class space    used 11169K, capacity 11527K, committed 12032K, reserved 1048576K
}
{Heap before GC invocations=594 (full 4):
 PSYoungGen      total 83968K, used 80672K [0x00000000d5580000, 0x00000000dad80000, 0x0000000100000000)
  eden space 78336K, 100% used [0x00000000d5580000,0x00000000da200000,0x00000000da200000)
  from space 5632K, 41% used [0x00000000da200000,0x00000000da448000,0x00000000da780000)
  to   space 5632K, 0% used [0x00000000da800000,0x00000000da800000,0x00000000dad80000)
 ParOldGen       total 329728K, used 62166K [0x0000000080000000, 0x0000000094200000, 0x00000000d5580000)
  object space 329728K, 18% used [0x0000000080000000,0x0000000083cb5bb8,0x0000000094200000)
 Metaspace       used 93986K, capacity 96006K, committed 99148K, reserved 1136640K
  class space    used 11170K, capacity 11527K, committed 12032K, reserved 1048576K
2023-10-07T15:35:51.526+0600: 2177415.769: [GC (Allocation Failure) [PSYoungGen: 80672K->2738K(84480K)] 142838K->64904K(414208K), 0.0138134 secs] [Times: user=0.03 sys=0.00, real=0.01 secs] 
Heap after GC invocations=594 (full 4):
 PSYoungGen      total 84480K, used 2738K [0x00000000d5580000, 0x00000000dad80000, 0x0000000100000000)
  eden space 78848K, 0% used [0x00000000d5580000,0x00000000d5580000,0x00000000da280000)
  from space 5632K, 48% used [0x00000000da800000,0x00000000daaac830,0x00000000dad80000)
  to   space 5632K, 0% used [0x00000000da280000,0x00000000da280000,0x00000000da800000)
 ParOldGen       total 329728K, used 62166K [0x0000000080000000, 0x0000000094200000, 0x00000000d5580000)
  object space 329728K, 18% used [0x0000000080000000,0x0000000083cb5bb8,0x0000000094200000)
 Metaspace       used 93986K, capacity 96006K, committed 99148K, reserved 1136640K
  class space    used 11170K, capacity 11527K, committed 12032K, reserved 1048576K
}
{Heap before GC invocations=595 (full 4):
 PSYoungGen      total 84480K, used 81586K [0x00000000d5580000, 0x00000000dad80000, 0x0000000100000000)
  eden space 78848K, 100% used [0x00000000d5580000,0x00000000da280000,0x00000000da280000)
  from space 5632K, 48% used [0x00000000da800000,0x00000000daaac830,0x00000000dad80000)
  to   space 5632K, 0% used [0x00000000da280000,0x00000000da280000,0x00000000da800000)
 ParOldGen       total 329728K, used 62166K [0x0000000080000000, 0x0000000094200000, 0x00000000d5580000)
  object space 329728K, 18% used [0x0000000080000000,0x0000000083cb5bb8,0x0000000094200000)
 Metaspace       used 93987K, capacity 96006K, committed 99148K, reserved 1136640K
  class space    used 11170K, capacity 11527K, committed 12032K, reserved 1048576K
2023-10-07T16:30:53.561+0600: 2180717.804: [GC (Allocation Failure) [PSYoungGen: 81586K->3296K(84480K)] 143752K->65462K(414208K), 0.0080198 secs] [Times: user=0.00 sys=0.01, real=0.01 secs] 
Heap after GC invocations=595 (full 4):
 PSYoungGen      total 84480K, used 3296K [0x00000000d5580000, 0x00000000dae00000, 0x0000000100000000)
  eden space 78848K, 0% used [0x00000000d5580000,0x00000000d5580000,0x00000000da280000)
  from space 5632K, 58% used [0x00000000da280000,0x00000000da5b8040,0x00000000da800000)
  to   space 5632K, 0% used [0x00000000da880000,0x00000000da880000,0x00000000dae00000)
 ParOldGen       total 329728K, used 62166K [0x0000000080000000, 0x0000000094200000, 0x00000000d5580000)
  object space 329728K, 18% used [0x0000000080000000,0x0000000083cb5bb8,0x0000000094200000)
 Metaspace       used 93987K, capacity 96006K, committed 99148K, reserved 1136640K
  class space    used 11170K, capacity 11527K, committed 12032K, reserved 1048576K
}
{Heap before GC invocations=596 (full 4):
 PSYoungGen      total 84480K, used 82144K [0x00000000d5580000, 0x00000000dae00000, 0x0000000100000000)
  eden space 78848K, 100% used [0x00000000d5580000,0x00000000da280000,0x00000000da280000)
  from space 5632K, 58% used [0x00000000da280000,0x00000000da5b8040,0x00000000da800000)
  to   space 5632K, 0% used [0x00000000da880000,0x00000000da880000,0x00000000dae00000)
 ParOldGen       total 329728K, used 62166K [0x0000000080000000, 0x0000000094200000, 0x00000000d5580000)
  object space 329728K, 18% used [0x0000000080000000,0x0000000083cb5bb8,0x0000000094200000)
 Metaspace       used 93987K, capacity 96006K, committed 99148K, reserved 1136640K
  class space    used 11170K, capacity 11527K, committed 12032K, reserved 1048576K
2023-10-07T17:33:00.383+0600: 2184444.626: [GC (Allocation Failure) [PSYoungGen: 82144K->3057K(83968K)] 144310K->65224K(413696K), 0.0139339 secs] [Times: user=0.02 sys=0.00, real=0.02 secs] 
Heap after GC invocations=596 (full 4):
 PSYoungGen      total 83968K, used 3057K [0x00000000d5580000, 0x00000000dad00000, 0x0000000100000000)
  eden space 79360K, 0% used [0x00000000d5580000,0x00000000d5580000,0x00000000da300000)
  from space 4608K, 66% used [0x00000000da880000,0x00000000dab7c490,0x00000000dad00000)
  to   space 5120K, 0% used [0x00000000da300000,0x00000000da300000,0x00000000da800000)
 ParOldGen       total 329728K, used 62166K [0x0000000080000000, 0x0000000094200000, 0x00000000d5580000)
  object space 329728K, 18% used [0x0000000080000000,0x0000000083cb5bb8,0x0000000094200000)
 Metaspace       used 93987K, capacity 96006K, committed 99148K, reserved 1136640K
  class space    used 11170K, capacity 11527K, committed 12032K, reserved 1048576K
}
{Heap before GC invocations=597 (full 4):
 PSYoungGen      total 83968K, used 82417K [0x00000000d5580000, 0x00000000dad00000, 0x0000000100000000)
  eden space 79360K, 100% used [0x00000000d5580000,0x00000000da300000,0x00000000da300000)
  from space 4608K, 66% used [0x00000000da880000,0x00000000dab7c490,0x00000000dad00000)
  to   space 5120K, 0% used [0x00000000da300000,0x00000000da300000,0x00000000da800000)
 ParOldGen       total 329728K, used 62166K [0x0000000080000000, 0x0000000094200000, 0x00000000d5580000)
  object space 329728K, 18% used [0x0000000080000000,0x0000000083cb5bb8,0x0000000094200000)
 Metaspace       used 93991K, capacity 96006K, committed 99148K, reserved 1136640K
  class space    used 11171K, capacity 11527K, committed 12032K, reserved 1048576K
2023-10-07T18:25:31.509+0600: 2187595.752: [GC (Allocation Failure) [PSYoungGen: 82417K->4417K(84480K)] 144584K->66584K(414208K), 0.0159083 secs] [Times: user=0.03 sys=0.00, real=0.02 secs] 
Heap after GC invocations=597 (full 4):
 PSYoungGen      total 84480K, used 4417K [0x00000000d5580000, 0x00000000dae80000, 0x0000000100000000)
  eden space 79360K, 0% used [0x00000000d5580000,0x00000000d5580000,0x00000000da300000)
  from space 5120K, 86% used [0x00000000da300000,0x00000000da7504d0,0x00000000da800000)
  to   space 5632K, 0% used [0x00000000da900000,0x00000000da900000,0x00000000dae80000)
 ParOldGen       total 329728K, used 62166K [0x0000000080000000, 0x0000000094200000, 0x00000000d5580000)
  object space 329728K, 18% used [0x0000000080000000,0x0000000083cb5bb8,0x0000000094200000)
 Metaspace       used 93991K, capacity 96006K, committed 99148K, reserved 1136640K
  class space    used 11171K, capacity 11527K, committed 12032K, reserved 1048576K
}
{Heap before GC invocations=598 (full 4):
 PSYoungGen      total 84480K, used 83777K [0x00000000d5580000, 0x00000000dae80000, 0x0000000100000000)
  eden space 79360K, 100% used [0x00000000d5580000,0x00000000da300000,0x00000000da300000)
  from space 5120K, 86% used [0x00000000da300000,0x00000000da7504d0,0x00000000da800000)
  to   space 5632K, 0% used [0x00000000da900000,0x00000000da900000,0x00000000dae80000)
 ParOldGen       total 329728K, used 62166K [0x0000000080000000, 0x0000000094200000, 0x00000000d5580000)
  object space 329728K, 18% used [0x0000000080000000,0x0000000083cb5bb8,0x0000000094200000)
 Metaspace       used 93995K, capacity 96006K, committed 99148K, reserved 1136640K
  class space    used 11171K, capacity 11527K, committed 12032K, reserved 1048576K
2023-10-07T19:20:22.232+0600: 2190886.475: [GC (Allocation Failure) [PSYoungGen: 83777K->4436K(85504K)] 145944K->66602K(415232K), 0.0144889 secs] [Times: user=0.02 sys=0.00, real=0.02 secs] 
Heap after GC invocations=598 (full 4):
 PSYoungGen      total 85504K, used 4436K [0x00000000d5580000, 0x00000000dae80000, 0x0000000100000000)
  eden space 79872K, 0% used [0x00000000d5580000,0x00000000d5580000,0x00000000da380000)
  from space 5632K, 78% used [0x00000000da900000,0x00000000dad55000,0x00000000dae80000)
  to   space 5632K, 0% used [0x00000000da380000,0x00000000da380000,0x00000000da900000)
 ParOldGen       total 329728K, used 62166K [0x0000000080000000, 0x0000000094200000, 0x00000000d5580000)
  object space 329728K, 18% used [0x0000000080000000,0x0000000083cb5bb8,0x0000000094200000)
 Metaspace       used 93995K, capacity 96006K, committed 99148K, reserved 1136640K
  class space    used 11171K, capacity 11527K, committed 12032K, reserved 1048576K
}
{Heap before GC invocations=599 (full 4):
 PSYoungGen      total 85504K, used 84303K [0x00000000d5580000, 0x00000000dae80000, 0x0000000100000000)
  eden space 79872K, 99% used [0x00000000d5580000,0x00000000da37edb8,0x00000000da380000)
  from space 5632K, 78% used [0x00000000da900000,0x00000000dad55000,0x00000000dae80000)
  to   space 5632K, 0% used [0x00000000da380000,0x00000000da380000,0x00000000da900000)
 ParOldGen       total 329728K, used 62166K [0x0000000080000000, 0x0000000094200000, 0x00000000d5580000)
  object space 329728K, 18% used [0x0000000080000000,0x0000000083cb5bb8,0x0000000094200000)
 Metaspace       used 93995K, capacity 96006K, committed 99148K, reserved 1136640K
  class space    used 11171K, capacity 11527K, committed 12032K, reserved 1048576K
2023-10-07T20:25:25.169+0600: 2194789.412: [GC (Allocation Failure) [PSYoungGen: 84303K->2752K(85504K)] 146470K->64918K(415232K), 0.0140386 secs] [Times: user=0.01 sys=0.01, real=0.01 secs] 
Heap after GC invocations=599 (full 4):
 PSYoungGen      total 85504K, used 2752K [0x00000000d5580000, 0x00000000daf00000, 0x0000000100000000)
  eden space 79872K, 0% used [0x00000000d5580000,0x00000000d5580000,0x00000000da380000)
  from space 5632K, 48% used [0x00000000da380000,0x00000000da630000,0x00000000da900000)
  to   space 5632K, 0% used [0x00000000da980000,0x00000000da980000,0x00000000daf00000)
 ParOldGen       total 329728K, used 62166K [0x0000000080000000, 0x0000000094200000, 0x00000000d5580000)
  object space 329728K, 18% used [0x0000000080000000,0x0000000083cb5bb8,0x0000000094200000)
 Metaspace       used 93995K, capacity 96006K, committed 99148K, reserved 1136640K
  class space    used 11171K, capacity 11527K, committed 12032K, reserved 1048576K
}
{Heap before GC invocations=600 (full 4):
 PSYoungGen      total 85504K, used 82624K [0x00000000d5580000, 0x00000000daf00000, 0x0000000100000000)
  eden space 79872K, 100% used [0x00000000d5580000,0x00000000da380000,0x00000000da380000)
  from space 5632K, 48% used [0x00000000da380000,0x00000000da630000,0x00000000da900000)
  to   space 5632K, 0% used [0x00000000da980000,0x00000000da980000,0x00000000daf00000)
 ParOldGen       total 329728K, used 62166K [0x0000000080000000, 0x0000000094200000, 0x00000000d5580000)
  object space 329728K, 18% used [0x0000000080000000,0x0000000083cb5bb8,0x0000000094200000)
 Metaspace       used 94001K, capacity 96006K, committed 99148K, reserved 1136640K
  class space    used 11171K, capacity 11527K, committed 12032K, reserved 1048576K
2023-10-07T21:19:12.636+0600: 2198016.879: [GC (Allocation Failure) [PSYoungGen: 82624K->3489K(86016K)] 144790K->65664K(415744K), 0.0179285 secs] [Times: user=0.03 sys=0.00, real=0.02 secs] 
Heap after GC invocations=600 (full 4):
 PSYoungGen      total 86016K, used 3489K [0x00000000d5580000, 0x00000000daf00000, 0x0000000100000000)
  eden space 80384K, 0% used [0x00000000d5580000,0x00000000d5580000,0x00000000da400000)
  from space 5632K, 61% used [0x00000000da980000,0x00000000dace8460,0x00000000daf00000)
  to   space 5632K, 0% used [0x00000000da400000,0x00000000da400000,0x00000000da980000)
 ParOldGen       total 329728K, used 62174K [0x0000000080000000, 0x0000000094200000, 0x00000000d5580000)
  object space 329728K, 18% used [0x0000000080000000,0x0000000083cb7bb8,0x0000000094200000)
 Metaspace       used 94001K, capacity 96006K, committed 99148K, reserved 1136640K
  class space    used 11171K, capacity 11527K, committed 12032K, reserved 1048576K
}
{Heap before GC invocations=601 (full 4):
 PSYoungGen      total 86016K, used 83873K [0x00000000d5580000, 0x00000000daf00000, 0x0000000100000000)
  eden space 80384K, 100% used [0x00000000d5580000,0x00000000da400000,0x00000000da400000)
  from space 5632K, 61% used [0x00000000da980000,0x00000000dace8460,0x00000000daf00000)
  to   space 5632K, 0% used [0x00000000da400000,0x00000000da400000,0x00000000da980000)
 ParOldGen       total 329728K, used 62174K [0x0000000080000000, 0x0000000094200000, 0x00000000d5580000)
  object space 329728K, 18% used [0x0000000080000000,0x0000000083cb7bb8,0x0000000094200000)
 Metaspace       used 94001K, capacity 96006K, committed 99148K, reserved 1136640K
  class space    used 11171K, capacity 11527K, committed 12032K, reserved 1048576K
2023-10-07T22:25:29.861+0600: 2201994.104: [GC (Allocation Failure) [PSYoungGen: 83873K->2784K(86016K)] 146048K->64958K(415744K), 0.0145696 secs] [Times: user=0.03 sys=0.00, real=0.02 secs] 
Heap after GC invocations=601 (full 4):
 PSYoungGen      total 86016K, used 2784K [0x00000000d5580000, 0x00000000daf80000, 0x0000000100000000)
  eden space 80384K, 0% used [0x00000000d5580000,0x00000000d5580000,0x00000000da400000)
  from space 5632K, 49% used [0x00000000da400000,0x00000000da6b8000,0x00000000da980000)
  to   space 5632K, 0% used [0x00000000daa00000,0x00000000daa00000,0x00000000daf80000)
 ParOldGen       total 329728K, used 62174K [0x0000000080000000, 0x0000000094200000, 0x00000000d5580000)
  object space 329728K, 18% used [0x0000000080000000,0x0000000083cb7bb8,0x0000000094200000)
 Metaspace       used 94001K, capacity 96006K, committed 99148K, reserved 1136640K
  class space    used 11171K, capacity 11527K, committed 12032K, reserved 1048576K
}
{Heap before GC invocations=602 (full 4):
 PSYoungGen      total 86016K, used 83168K [0x00000000d5580000, 0x00000000daf80000, 0x0000000100000000)
  eden space 80384K, 100% used [0x00000000d5580000,0x00000000da400000,0x00000000da400000)
  from space 5632K, 49% used [0x00000000da400000,0x00000000da6b8000,0x00000000da980000)
  to   space 5632K, 0% used [0x00000000daa00000,0x00000000daa00000,0x00000000daf80000)
 ParOldGen       total 329728K, used 62174K [0x0000000080000000, 0x0000000094200000, 0x00000000d5580000)
  object space 329728K, 18% used [0x0000000080000000,0x0000000083cb7bb8,0x0000000094200000)
 Metaspace       used 94001K, capacity 96006K, committed 99148K, reserved 1136640K
  class space    used 11171K, capacity 11527K, committed 12032K, reserved 1048576K
2023-10-07T23:30:00.500+0600: 2205864.743: [GC (Allocation Failure) [PSYoungGen: 83168K->2784K(85504K)] 145342K->64958K(415232K), 0.0142954 secs] [Times: user=0.03 sys=0.00, real=0.02 secs] 
Heap after GC invocations=602 (full 4):
 PSYoungGen      total 85504K, used 2784K [0x00000000d5580000, 0x00000000dae80000, 0x0000000100000000)
  eden space 80896K, 0% used [0x00000000d5580000,0x00000000d5580000,0x00000000da480000)
  from space 4608K, 60% used [0x00000000daa00000,0x00000000dacb8000,0x00000000dae80000)
  to   space 5120K, 0% used [0x00000000da480000,0x00000000da480000,0x00000000da980000)
 ParOldGen       total 329728K, used 62174K [0x0000000080000000, 0x0000000094200000, 0x00000000d5580000)
  object space 329728K, 18% used [0x0000000080000000,0x0000000083cb7bb8,0x0000000094200000)
 Metaspace       used 94001K, capacity 96006K, committed 99148K, reserved 1136640K
  class space    used 11171K, capacity 11527K, committed 12032K, reserved 1048576K
}
{Heap before GC invocations=603 (full 4):
 PSYoungGen      total 85504K, used 83680K [0x00000000d5580000, 0x00000000dae80000, 0x0000000100000000)
  eden space 80896K, 100% used [0x00000000d5580000,0x00000000da480000,0x00000000da480000)
  from space 4608K, 60% used [0x00000000daa00000,0x00000000dacb8000,0x00000000dae80000)
  to   space 5120K, 0% used [0x00000000da480000,0x00000000da480000,0x00000000da980000)
 ParOldGen       total 329728K, used 62174K [0x0000000080000000, 0x0000000094200000, 0x00000000d5580000)
  object space 329728K, 18% used [0x0000000080000000,0x0000000083cb7bb8,0x0000000094200000)
 Metaspace       used 94001K, capacity 96006K, committed 99148K, reserved 1136640K
  class space    used 11171K, capacity 11527K, committed 12032K, reserved 1048576K
2023-10-08T00:35:01.280+0600: 2209765.524: [GC (Allocation Failure) [PSYoungGen: 83680K->2784K(86016K)] 145854K->64958K(415744K), 0.0147543 secs] [Times: user=0.03 sys=0.00, real=0.02 secs] 
Heap after GC invocations=603 (full 4):
 PSYoungGen      total 86016K, used 2784K [0x00000000d5580000, 0x00000000daf00000, 0x0000000100000000)
  eden space 80896K, 0% used [0x00000000d5580000,0x00000000d5580000,0x00000000da480000)
  from space 5120K, 54% used [0x00000000da480000,0x00000000da738000,0x00000000da980000)
  to   space 5120K, 0% used [0x00000000daa00000,0x00000000daa00000,0x00000000daf00000)
 ParOldGen       total 329728K, used 62174K [0x0000000080000000, 0x0000000094200000, 0x00000000d5580000)
  object space 329728K, 18% used [0x0000000080000000,0x0000000083cb7bb8,0x0000000094200000)
 Metaspace       used 94001K, capacity 96006K, committed 99148K, reserved 1136640K
  class space    used 11171K, capacity 11527K, committed 12032K, reserved 1048576K
}
{Heap before GC invocations=604 (full 4):
 PSYoungGen      total 86016K, used 83680K [0x00000000d5580000, 0x00000000daf00000, 0x0000000100000000)
  eden space 80896K, 100% used [0x00000000d5580000,0x00000000da480000,0x00000000da480000)
  from space 5120K, 54% used [0x00000000da480000,0x00000000da738000,0x00000000da980000)
  to   space 5120K, 0% used [0x00000000daa00000,0x00000000daa00000,0x00000000daf00000)
 ParOldGen       total 329728K, used 62174K [0x0000000080000000, 0x0000000094200000, 0x00000000d5580000)
  object space 329728K, 18% used [0x0000000080000000,0x0000000083cb7bb8,0x0000000094200000)
 Metaspace       used 94001K, capacity 96006K, committed 99148K, reserved 1136640K
  class space    used 11171K, capacity 11527K, committed 12032K, reserved 1048576K
2023-10-08T01:41:31.102+0600: 2213755.345: [GC (Allocation Failure) [PSYoungGen: 83680K->2816K(86528K)] 145854K->64990K(416256K), 0.0143230 secs] [Times: user=0.01 sys=0.01, real=0.02 secs] 
Heap after GC invocations=604 (full 4):
 PSYoungGen      total 86528K, used 2816K [0x00000000d5580000, 0x00000000daf00000, 0x0000000100000000)
  eden space 81408K, 0% used [0x00000000d5580000,0x00000000d5580000,0x00000000da500000)
  from space 5120K, 55% used [0x00000000daa00000,0x00000000dacc0000,0x00000000daf00000)
  to   space 5120K, 0% used [0x00000000da500000,0x00000000da500000,0x00000000daa00000)
 ParOldGen       total 329728K, used 62174K [0x0000000080000000, 0x0000000094200000, 0x00000000d5580000)
  object space 329728K, 18% used [0x0000000080000000,0x0000000083cb7bb8,0x0000000094200000)
 Metaspace       used 94001K, capacity 96006K, committed 99148K, reserved 1136640K
  class space    used 11171K, capacity 11527K, committed 12032K, reserved 1048576K
}
{Heap before GC invocations=605 (full 4):
 PSYoungGen      total 86528K, used 84224K [0x00000000d5580000, 0x00000000daf00000, 0x0000000100000000)
  eden space 81408K, 100% used [0x00000000d5580000,0x00000000da500000,0x00000000da500000)
  from space 5120K, 55% used [0x00000000daa00000,0x00000000dacc0000,0x00000000daf00000)
  to   space 5120K, 0% used [0x00000000da500000,0x00000000da500000,0x00000000daa00000)
 ParOldGen       total 329728K, used 62174K [0x0000000080000000, 0x0000000094200000, 0x00000000d5580000)
  object space 329728K, 18% used [0x0000000080000000,0x0000000083cb7bb8,0x0000000094200000)
 Metaspace       used 94001K, capacity 96006K, committed 99148K, reserved 1136640K
  class space    used 11171K, capacity 11527K, committed 12032K, reserved 1048576K
2023-10-08T02:48:06.866+0600: 2217751.110: [GC (Allocation Failure) [PSYoungGen: 84224K->2784K(86528K)] 146398K->64958K(416256K), 0.0134386 secs] [Times: user=0.02 sys=0.00, real=0.01 secs] 
Heap after GC invocations=605 (full 4):
 PSYoungGen      total 86528K, used 2784K [0x00000000d5580000, 0x00000000daf80000, 0x0000000100000000)
  eden space 81408K, 0% used [0x00000000d5580000,0x00000000d5580000,0x00000000da500000)
  from space 5120K, 54% used [0x00000000da500000,0x00000000da7b8000,0x00000000daa00000)
  to   space 5120K, 0% used [0x00000000daa80000,0x00000000daa80000,0x00000000daf80000)
 ParOldGen       total 329728K, used 62174K [0x0000000080000000, 0x0000000094200000, 0x00000000d5580000)
  object space 329728K, 18% used [0x0000000080000000,0x0000000083cb7bb8,0x0000000094200000)
 Metaspace       used 94001K, capacity 96006K, committed 99148K, reserved 1136640K
  class space    used 11171K, capacity 11527K, committed 12032K, reserved 1048576K
}
{Heap before GC invocations=606 (full 4):
 PSYoungGen      total 86528K, used 84192K [0x00000000d5580000, 0x00000000daf80000, 0x0000000100000000)
  eden space 81408K, 100% used [0x00000000d5580000,0x00000000da500000,0x00000000da500000)
  from space 5120K, 54% used [0x00000000da500000,0x00000000da7b8000,0x00000000daa00000)
  to   space 5120K, 0% used [0x00000000daa80000,0x00000000daa80000,0x00000000daf80000)
 ParOldGen       total 329728K, used 62174K [0x0000000080000000, 0x0000000094200000, 0x00000000d5580000)
  object space 329728K, 18% used [0x0000000080000000,0x0000000083cb7bb8,0x0000000094200000)
 Metaspace       used 94001K, capacity 96006K, committed 99148K, reserved 1136640K
  class space    used 11171K, capacity 11527K, committed 12032K, reserved 1048576K
2023-10-08T03:55:00.529+0600: 2221764.773: [GC (Allocation Failure) [PSYoungGen: 84192K->2720K(87040K)] 146366K->64966K(416768K), 0.0128474 secs] [Times: user=0.01 sys=0.02, real=0.01 secs] 
Heap after GC invocations=606 (full 4):
 PSYoungGen      total 87040K, used 2720K [0x00000000d5580000, 0x00000000daf80000, 0x0000000100000000)
  eden space 81920K, 0% used [0x00000000d5580000,0x00000000d5580000,0x00000000da580000)
  from space 5120K, 53% used [0x00000000daa80000,0x00000000dad28000,0x00000000daf80000)
  to   space 5120K, 0% used [0x00000000da580000,0x00000000da580000,0x00000000daa80000)
 ParOldGen       total 329728K, used 62246K [0x0000000080000000, 0x0000000094200000, 0x00000000d5580000)
  object space 329728K, 18% used [0x0000000080000000,0x0000000083cc9bb8,0x0000000094200000)
 Metaspace       used 94001K, capacity 96006K, committed 99148K, reserved 1136640K
  class space    used 11171K, capacity 11527K, committed 12032K, reserved 1048576K
}
{Heap before GC invocations=607 (full 4):
 PSYoungGen      total 87040K, used 84640K [0x00000000d5580000, 0x00000000daf80000, 0x0000000100000000)
  eden space 81920K, 100% used [0x00000000d5580000,0x00000000da580000,0x00000000da580000)
  from space 5120K, 53% used [0x00000000daa80000,0x00000000dad28000,0x00000000daf80000)
  to   space 5120K, 0% used [0x00000000da580000,0x00000000da580000,0x00000000daa80000)
 ParOldGen       total 329728K, used 62246K [0x0000000080000000, 0x0000000094200000, 0x00000000d5580000)
  object space 329728K, 18% used [0x0000000080000000,0x0000000083cc9bb8,0x0000000094200000)
 Metaspace       used 94001K, capacity 96006K, committed 99148K, reserved 1136640K
  class space    used 11171K, capacity 11527K, committed 12032K, reserved 1048576K
2023-10-08T04:59:30.334+0600: 2225634.577: [GC (Allocation Failure) [PSYoungGen: 84640K->2752K(87040K)] 146886K->64998K(416768K), 0.0135771 secs] [Times: user=0.01 sys=0.01, real=0.01 secs] 
Heap after GC invocations=607 (full 4):
 PSYoungGen      total 87040K, used 2752K [0x00000000d5580000, 0x00000000daf00000, 0x0000000100000000)
  eden space 81920K, 0% used [0x00000000d5580000,0x00000000d5580000,0x00000000da580000)
  from space 5120K, 53% used [0x00000000da580000,0x00000000da830000,0x00000000daa80000)
  to   space 4608K, 0% used [0x00000000daa80000,0x00000000daa80000,0x00000000daf00000)
 ParOldGen       total 329728K, used 62246K [0x0000000080000000, 0x0000000094200000, 0x00000000d5580000)
  object space 329728K, 18% used [0x0000000080000000,0x0000000083cc9bb8,0x0000000094200000)
 Metaspace       used 94001K, capacity 96006K, committed 99148K, reserved 1136640K
  class space    used 11171K, capacity 11527K, committed 12032K, reserved 1048576K
}
{Heap before GC invocations=608 (full 4):
 PSYoungGen      total 87040K, used 84672K [0x00000000d5580000, 0x00000000daf00000, 0x0000000100000000)
  eden space 81920K, 100% used [0x00000000d5580000,0x00000000da580000,0x00000000da580000)
  from space 5120K, 53% used [0x00000000da580000,0x00000000da830000,0x00000000daa80000)
  to   space 4608K, 0% used [0x00000000daa80000,0x00000000daa80000,0x00000000daf00000)
 ParOldGen       total 329728K, used 62246K [0x0000000080000000, 0x0000000094200000, 0x00000000d5580000)
  object space 329728K, 18% used [0x0000000080000000,0x0000000083cc9bb8,0x0000000094200000)
 Metaspace       used 94001K, capacity 96006K, committed 99148K, reserved 1136640K
  class space    used 11171K, capacity 11527K, committed 12032K, reserved 1048576K
2023-10-08T06:06:40.154+0600: 2229664.397: [GC (Allocation Failure) [PSYoungGen: 84672K->2720K(87040K)] 146918K->64966K(416768K), 0.0140273 secs] [Times: user=0.01 sys=0.01, real=0.01 secs] 
Heap after GC invocations=608 (full 4):
 PSYoungGen      total 87040K, used 2720K [0x00000000d5580000, 0x00000000daf00000, 0x0000000100000000)
  eden space 82432K, 0% used [0x00000000d5580000,0x00000000d5580000,0x00000000da600000)
  from space 4608K, 59% used [0x00000000daa80000,0x00000000dad28000,0x00000000daf00000)
  to   space 4608K, 0% used [0x00000000da600000,0x00000000da600000,0x00000000daa80000)
 ParOldGen       total 329728K, used 62246K [0x0000000080000000, 0x0000000094200000, 0x00000000d5580000)
  object space 329728K, 18% used [0x0000000080000000,0x0000000083cc9bb8,0x0000000094200000)
 Metaspace       used 94001K, capacity 96006K, committed 99148K, reserved 1136640K
  class space    used 11171K, capacity 11527K, committed 12032K, reserved 1048576K
}
{Heap before GC invocations=609 (full 4):
 PSYoungGen      total 87040K, used 85152K [0x00000000d5580000, 0x00000000daf00000, 0x0000000100000000)
  eden space 82432K, 100% used [0x00000000d5580000,0x00000000da600000,0x00000000da600000)
  from space 4608K, 59% used [0x00000000daa80000,0x00000000dad28000,0x00000000daf00000)
  to   space 4608K, 0% used [0x00000000da600000,0x00000000da600000,0x00000000daa80000)
 ParOldGen       total 329728K, used 62246K [0x0000000080000000, 0x0000000094200000, 0x00000000d5580000)
  object space 329728K, 18% used [0x0000000080000000,0x0000000083cc9bb8,0x0000000094200000)
 Metaspace       used 94001K, capacity 96006K, committed 99148K, reserved 1136640K
  class space    used 11171K, capacity 11527K, committed 12032K, reserved 1048576K
2023-10-08T07:15:06.674+0600: 2233770.918: [GC (Allocation Failure) [PSYoungGen: 85152K->2656K(87040K)] 147398K->64964K(416768K), 0.0152668 secs] [Times: user=0.03 sys=0.00, real=0.01 secs] 
Heap after GC invocations=609 (full 4):
 PSYoungGen      total 87040K, used 2656K [0x00000000d5580000, 0x00000000daf80000, 0x0000000100000000)
  eden space 82432K, 0% used [0x00000000d5580000,0x00000000d5580000,0x00000000da600000)
  from space 4608K, 57% used [0x00000000da600000,0x00000000da898000,0x00000000daa80000)
  to   space 4608K, 0% used [0x00000000dab00000,0x00000000dab00000,0x00000000daf80000)
 ParOldGen       total 329728K, used 62308K [0x0000000080000000, 0x0000000094200000, 0x00000000d5580000)
  object space 329728K, 18% used [0x0000000080000000,0x0000000083cd90f8,0x0000000094200000)
 Metaspace       used 94001K, capacity 96006K, committed 99148K, reserved 1136640K
  class space    used 11171K, capacity 11527K, committed 12032K, reserved 1048576K
}
{Heap before GC invocations=610 (full 4):
 PSYoungGen      total 87040K, used 85088K [0x00000000d5580000, 0x00000000daf80000, 0x0000000100000000)
  eden space 82432K, 100% used [0x00000000d5580000,0x00000000da600000,0x00000000da600000)
  from space 4608K, 57% used [0x00000000da600000,0x00000000da898000,0x00000000daa80000)
  to   space 4608K, 0% used [0x00000000dab00000,0x00000000dab00000,0x00000000daf80000)
 ParOldGen       total 329728K, used 62308K [0x0000000080000000, 0x0000000094200000, 0x00000000d5580000)
  object space 329728K, 18% used [0x0000000080000000,0x0000000083cd90f8,0x0000000094200000)
 Metaspace       used 94001K, capacity 96006K, committed 99148K, reserved 1136640K
  class space    used 11171K, capacity 11527K, committed 12032K, reserved 1048576K
2023-10-08T08:22:32.117+0600: 2237816.360: [GC (Allocation Failure) [PSYoungGen: 85088K->2496K(87552K)] 147396K->64958K(417280K), 0.0127644 secs] [Times: user=0.02 sys=0.00, real=0.01 secs] 
Heap after GC invocations=610 (full 4):
 PSYoungGen      total 87552K, used 2496K [0x00000000d5580000, 0x00000000daf80000, 0x0000000100000000)
  eden space 82944K, 0% used [0x00000000d5580000,0x00000000d5580000,0x00000000da680000)
  from space 4608K, 54% used [0x00000000dab00000,0x00000000dad70000,0x00000000daf80000)
  to   space 4608K, 0% used [0x00000000da680000,0x00000000da680000,0x00000000dab00000)
 ParOldGen       total 329728K, used 62462K [0x0000000080000000, 0x0000000094200000, 0x00000000d5580000)
  object space 329728K, 18% used [0x0000000080000000,0x0000000083cffac8,0x0000000094200000)
 Metaspace       used 94001K, capacity 96006K, committed 99148K, reserved 1136640K
  class space    used 11171K, capacity 11527K, committed 12032K, reserved 1048576K
}
{Heap before GC invocations=611 (full 4):
 PSYoungGen      total 87552K, used 85440K [0x00000000d5580000, 0x00000000daf80000, 0x0000000100000000)
  eden space 82944K, 100% used [0x00000000d5580000,0x00000000da680000,0x00000000da680000)
  from space 4608K, 54% used [0x00000000dab00000,0x00000000dad70000,0x00000000daf80000)
  to   space 4608K, 0% used [0x00000000da680000,0x00000000da680000,0x00000000dab00000)
 ParOldGen       total 329728K, used 62462K [0x0000000080000000, 0x0000000094200000, 0x00000000d5580000)
  object space 329728K, 18% used [0x0000000080000000,0x0000000083cffac8,0x0000000094200000)
 Metaspace       used 94001K, capacity 96006K, committed 99148K, reserved 1136640K
  class space    used 11171K, capacity 11527K, committed 12032K, reserved 1048576K
2023-10-08T09:28:36.263+0600: 2241780.506: [GC (Allocation Failure) [PSYoungGen: 85440K->2528K(87552K)] 147902K->65014K(417280K), 0.0135263 secs] [Times: user=0.02 sys=0.00, real=0.02 secs] 
Heap after GC invocations=611 (full 4):
 PSYoungGen      total 87552K, used 2528K [0x00000000d5580000, 0x00000000db000000, 0x0000000100000000)
  eden space 82944K, 0% used [0x00000000d5580000,0x00000000d5580000,0x00000000da680000)
  from space 4608K, 54% used [0x00000000da680000,0x00000000da8f8000,0x00000000dab00000)
  to   space 4608K, 0% used [0x00000000dab80000,0x00000000dab80000,0x00000000db000000)
 ParOldGen       total 329728K, used 62486K [0x0000000080000000, 0x0000000094200000, 0x00000000d5580000)
  object space 329728K, 18% used [0x0000000080000000,0x0000000083d05ac8,0x0000000094200000)
 Metaspace       used 94001K, capacity 96006K, committed 99148K, reserved 1136640K
  class space    used 11171K, capacity 11527K, committed 12032K, reserved 1048576K
}
{Heap before GC invocations=612 (full 4):
 PSYoungGen      total 87552K, used 85472K [0x00000000d5580000, 0x00000000db000000, 0x0000000100000000)
  eden space 82944K, 100% used [0x00000000d5580000,0x00000000da680000,0x00000000da680000)
  from space 4608K, 54% used [0x00000000da680000,0x00000000da8f8000,0x00000000dab00000)
  to   space 4608K, 0% used [0x00000000dab80000,0x00000000dab80000,0x00000000db000000)
 ParOldGen       total 329728K, used 62486K [0x0000000080000000, 0x0000000094200000, 0x00000000d5580000)
  object space 329728K, 18% used [0x0000000080000000,0x0000000083d05ac8,0x0000000094200000)
 Metaspace       used 94001K, capacity 96006K, committed 99148K, reserved 1136640K
  class space    used 11171K, capacity 11527K, committed 12032K, reserved 1048576K
2023-10-08T10:37:43.532+0600: 2245927.775: [GC (Allocation Failure) [PSYoungGen: 85472K->2400K(88064K)] 147958K->64987K(417792K), 0.0157234 secs] [Times: user=0.02 sys=0.00, real=0.02 secs] 
Heap after GC invocations=612 (full 4):
 PSYoungGen      total 88064K, used 2400K [0x00000000d5580000, 0x00000000db000000, 0x0000000100000000)
  eden space 83456K, 0% used [0x00000000d5580000,0x00000000d5580000,0x00000000da700000)
  from space 4608K, 52% used [0x00000000dab80000,0x00000000dadd8000,0x00000000db000000)
  to   space 4608K, 0% used [0x00000000da700000,0x00000000da700000,0x00000000dab80000)
 ParOldGen       total 329728K, used 62587K [0x0000000080000000, 0x0000000094200000, 0x00000000d5580000)
  object space 329728K, 18% used [0x0000000080000000,0x0000000083d1ee50,0x0000000094200000)
 Metaspace       used 94001K, capacity 96006K, committed 99148K, reserved 1136640K
  class space    used 11171K, capacity 11527K, committed 12032K, reserved 1048576K
}
{Heap before GC invocations=613 (full 4):
 PSYoungGen      total 88064K, used 85856K [0x00000000d5580000, 0x00000000db000000, 0x0000000100000000)
  eden space 83456K, 100% used [0x00000000d5580000,0x00000000da700000,0x00000000da700000)
  from space 4608K, 52% used [0x00000000dab80000,0x00000000dadd8000,0x00000000db000000)
  to   space 4608K, 0% used [0x00000000da700000,0x00000000da700000,0x00000000dab80000)
 ParOldGen       total 329728K, used 62587K [0x0000000080000000, 0x0000000094200000, 0x00000000d5580000)
  object space 329728K, 18% used [0x0000000080000000,0x0000000083d1ee50,0x0000000094200000)
 Metaspace       used 94001K, capacity 96006K, committed 99148K, reserved 1136640K
  class space    used 11171K, capacity 11527K, committed 12032K, reserved 1048576K
2023-10-08T11:41:11.274+0600: 2249735.517: [GC (Allocation Failure) [PSYoungGen: 85856K->3168K(88064K)] 148443K->65843K(417792K), 0.0163594 secs] [Times: user=0.03 sys=0.00, real=0.01 secs] 
Heap after GC invocations=613 (full 4):
 PSYoungGen      total 88064K, used 3168K [0x00000000d5580000, 0x00000000db080000, 0x0000000100000000)
  eden space 83456K, 0% used [0x00000000d5580000,0x00000000d5580000,0x00000000da700000)
  from space 4608K, 68% used [0x00000000da700000,0x00000000daa18030,0x00000000dab80000)
  to   space 4608K, 0% used [0x00000000dac00000,0x00000000dac00000,0x00000000db080000)
 ParOldGen       total 329728K, used 62675K [0x0000000080000000, 0x0000000094200000, 0x00000000d5580000)
  object space 329728K, 19% used [0x0000000080000000,0x0000000083d34e50,0x0000000094200000)
 Metaspace       used 94001K, capacity 96006K, committed 99148K, reserved 1136640K
  class space    used 11171K, capacity 11527K, committed 12032K, reserved 1048576K
}
{Heap before GC invocations=614 (full 4):
 PSYoungGen      total 88064K, used 86624K [0x00000000d5580000, 0x00000000db080000, 0x0000000100000000)
  eden space 83456K, 100% used [0x00000000d5580000,0x00000000da700000,0x00000000da700000)
  from space 4608K, 68% used [0x00000000da700000,0x00000000daa18030,0x00000000dab80000)
  to   space 4608K, 0% used [0x00000000dac00000,0x00000000dac00000,0x00000000db080000)
 ParOldGen       total 329728K, used 62675K [0x0000000080000000, 0x0000000094200000, 0x00000000d5580000)
  object space 329728K, 19% used [0x0000000080000000,0x0000000083d34e50,0x0000000094200000)
 Metaspace       used 94001K, capacity 96006K, committed 99148K, reserved 1136640K
  class space    used 11171K, capacity 11527K, committed 12032K, reserved 1048576K
2023-10-08T12:23:50.938+0600: 2252295.181: [GC (Allocation Failure) [PSYoungGen: 86624K->4578K(88064K)] 149299K->68266K(417792K), 0.0171918 secs] [Times: user=0.03 sys=0.00, real=0.02 secs] 
Heap after GC invocations=614 (full 4):
 PSYoungGen      total 88064K, used 4578K [0x00000000d5580000, 0x00000000db180000, 0x0000000100000000)
  eden space 83456K, 0% used [0x00000000d5580000,0x00000000d5580000,0x00000000da700000)
  from space 4608K, 99% used [0x00000000dac00000,0x00000000db078950,0x00000000db080000)
  to   space 5120K, 0% used [0x00000000da700000,0x00000000da700000,0x00000000dac00000)
 ParOldGen       total 329728K, used 63688K [0x0000000080000000, 0x0000000094200000, 0x00000000d5580000)
  object space 329728K, 19% used [0x0000000080000000,0x0000000083e32290,0x0000000094200000)
 Metaspace       used 94001K, capacity 96006K, committed 99148K, reserved 1136640K
  class space    used 11171K, capacity 11527K, committed 12032K, reserved 1048576K
}
{Heap before GC invocations=615 (full 4):
 PSYoungGen      total 88064K, used 88034K [0x00000000d5580000, 0x00000000db180000, 0x0000000100000000)
  eden space 83456K, 100% used [0x00000000d5580000,0x00000000da700000,0x00000000da700000)
  from space 4608K, 99% used [0x00000000dac00000,0x00000000db078950,0x00000000db080000)
  to   space 5120K, 0% used [0x00000000da700000,0x00000000da700000,0x00000000dac00000)
 ParOldGen       total 329728K, used 63688K [0x0000000080000000, 0x0000000094200000, 0x00000000d5580000)
  object space 329728K, 19% used [0x0000000080000000,0x0000000083e32290,0x0000000094200000)
 Metaspace       used 94002K, capacity 96006K, committed 99148K, reserved 1136640K
  class space    used 11171K, capacity 11527K, committed 12032K, reserved 1048576K
2023-10-08T13:21:05.071+0600: 2255729.314: [GC (Allocation Failure) [PSYoungGen: 88034K->4497K(88576K)] 151722K->68226K(418304K), 0.0147347 secs] [Times: user=0.03 sys=0.00, real=0.02 secs] 
Heap after GC invocations=615 (full 4):
 PSYoungGen      total 88576K, used 4497K [0x00000000d5580000, 0x00000000db280000, 0x0000000100000000)
  eden space 83456K, 0% used [0x00000000d5580000,0x00000000d5580000,0x00000000da700000)
  from space 5120K, 87% used [0x00000000da700000,0x00000000dab64730,0x00000000dac00000)
  to   space 5632K, 0% used [0x00000000dad00000,0x00000000dad00000,0x00000000db280000)
 ParOldGen       total 329728K, used 63728K [0x0000000080000000, 0x0000000094200000, 0x00000000d5580000)
  object space 329728K, 19% used [0x0000000080000000,0x0000000083e3c290,0x0000000094200000)
 Metaspace       used 94002K, capacity 96006K, committed 99148K, reserved 1136640K
  class space    used 11171K, capacity 11527K, committed 12032K, reserved 1048576K
}
{Heap before GC invocations=616 (full 4):
 PSYoungGen      total 88576K, used 87953K [0x00000000d5580000, 0x00000000db280000, 0x0000000100000000)
  eden space 83456K, 100% used [0x00000000d5580000,0x00000000da700000,0x00000000da700000)
  from space 5120K, 87% used [0x00000000da700000,0x00000000dab64730,0x00000000dac00000)
  to   space 5632K, 0% used [0x00000000dad00000,0x00000000dad00000,0x00000000db280000)
 ParOldGen       total 329728K, used 63728K [0x0000000080000000, 0x0000000094200000, 0x00000000d5580000)
  object space 329728K, 19% used [0x0000000080000000,0x0000000083e3c290,0x0000000094200000)
 Metaspace       used 94010K, capacity 96030K, committed 99148K, reserved 1136640K
  class space    used 11174K, capacity 11531K, committed 12032K, reserved 1048576K
2023-10-08T14:20:23.477+0600: 2259287.720: [GC (Allocation Failure) [PSYoungGen: 87953K->3552K(89600K)] 151682K->67280K(419328K), 0.0171833 secs] [Times: user=0.03 sys=0.00, real=0.02 secs] 
Heap after GC invocations=616 (full 4):
 PSYoungGen      total 89600K, used 3552K [0x00000000d5580000, 0x00000000db280000, 0x0000000100000000)
  eden space 83968K, 0% used [0x00000000d5580000,0x00000000d5580000,0x00000000da780000)
  from space 5632K, 63% used [0x00000000dad00000,0x00000000db078040,0x00000000db280000)
  to   space 5632K, 0% used [0x00000000da780000,0x00000000da780000,0x00000000dad00000)
 ParOldGen       total 329728K, used 63728K [0x0000000080000000, 0x0000000094200000, 0x00000000d5580000)
  object space 329728K, 19% used [0x0000000080000000,0x0000000083e3c290,0x0000000094200000)
 Metaspace       used 94010K, capacity 96030K, committed 99148K, reserved 1136640K
  class space    used 11174K, capacity 11531K, committed 12032K, reserved 1048576K
}
{Heap before GC invocations=617 (full 4):
 PSYoungGen      total 89600K, used 87520K [0x00000000d5580000, 0x00000000db280000, 0x0000000100000000)
  eden space 83968K, 100% used [0x00000000d5580000,0x00000000da780000,0x00000000da780000)
  from space 5632K, 63% used [0x00000000dad00000,0x00000000db078040,0x00000000db280000)
  to   space 5632K, 0% used [0x00000000da780000,0x00000000da780000,0x00000000dad00000)
 ParOldGen       total 329728K, used 63728K [0x0000000080000000, 0x0000000094200000, 0x00000000d5580000)
  object space 329728K, 19% used [0x0000000080000000,0x0000000083e3c290,0x0000000094200000)
 Metaspace       used 94042K, capacity 96102K, committed 99148K, reserved 1136640K
  class space    used 11180K, capacity 11543K, committed 12032K, reserved 1048576K
2023-10-08T15:14:31.832+0600: 2262536.075: [GC (Allocation Failure) [PSYoungGen: 87520K->5316K(89600K)] 151248K->69044K(419328K), 0.0129822 secs] [Times: user=0.01 sys=0.01, real=0.02 secs] 
Heap after GC invocations=617 (full 4):
 PSYoungGen      total 89600K, used 5316K [0x00000000d5580000, 0x00000000db400000, 0x0000000100000000)
  eden space 83968K, 0% used [0x00000000d5580000,0x00000000d5580000,0x00000000da780000)
  from space 5632K, 94% used [0x00000000da780000,0x00000000dacb1010,0x00000000dad00000)
  to   space 6144K, 0% used [0x00000000dae00000,0x00000000dae00000,0x00000000db400000)
 ParOldGen       total 329728K, used 63728K [0x0000000080000000, 0x0000000094200000, 0x00000000d5580000)
  object space 329728K, 19% used [0x0000000080000000,0x0000000083e3c290,0x0000000094200000)
 Metaspace       used 94042K, capacity 96102K, committed 99148K, reserved 1136640K
  class space    used 11180K, capacity 11543K, committed 12032K, reserved 1048576K
}
{Heap before GC invocations=618 (full 4):
 PSYoungGen      total 89600K, used 89284K [0x00000000d5580000, 0x00000000db400000, 0x0000000100000000)
  eden space 83968K, 100% used [0x00000000d5580000,0x00000000da780000,0x00000000da780000)
  from space 5632K, 94% used [0x00000000da780000,0x00000000dacb1010,0x00000000dad00000)
  to   space 6144K, 0% used [0x00000000dae00000,0x00000000dae00000,0x00000000db400000)
 ParOldGen       total 329728K, used 63728K [0x0000000080000000, 0x0000000094200000, 0x00000000d5580000)
  object space 329728K, 19% used [0x0000000080000000,0x0000000083e3c290,0x0000000094200000)
 Metaspace       used 94047K, capacity 96102K, committed 99148K, reserved 1136640K
  class space    used 11180K, capacity 11543K, committed 12032K, reserved 1048576K
2023-10-08T16:02:12.486+0600: 2265396.729: [GC (Allocation Failure) [PSYoungGen: 89284K->5779K(90112K)] 153012K->69508K(419840K), 0.0181259 secs] [Times: user=0.01 sys=0.02, real=0.02 secs] 
Heap after GC invocations=618 (full 4):
 PSYoungGen      total 90112K, used 5779K [0x00000000d5580000, 0x00000000db500000, 0x0000000100000000)
  eden space 83968K, 0% used [0x00000000d5580000,0x00000000d5580000,0x00000000da780000)
  from space 6144K, 94% used [0x00000000dae00000,0x00000000db3a4df0,0x00000000db400000)
  to   space 6656K, 0% used [0x00000000da780000,0x00000000da780000,0x00000000dae00000)
 ParOldGen       total 329728K, used 63728K [0x0000000080000000, 0x0000000094200000, 0x00000000d5580000)
  object space 329728K, 19% used [0x0000000080000000,0x0000000083e3c290,0x0000000094200000)
 Metaspace       used 94047K, capacity 96102K, committed 99148K, reserved 1136640K
  class space    used 11180K, capacity 11543K, committed 12032K, reserved 1048576K
}
{Heap before GC invocations=619 (full 4):
 PSYoungGen      total 90112K, used 89747K [0x00000000d5580000, 0x00000000db500000, 0x0000000100000000)
  eden space 83968K, 100% used [0x00000000d5580000,0x00000000da780000,0x00000000da780000)
  from space 6144K, 94% used [0x00000000dae00000,0x00000000db3a4df0,0x00000000db400000)
  to   space 6656K, 0% used [0x00000000da780000,0x00000000da780000,0x00000000dae00000)
 ParOldGen       total 329728K, used 63728K [0x0000000080000000, 0x0000000094200000, 0x00000000d5580000)
  object space 329728K, 19% used [0x0000000080000000,0x0000000083e3c290,0x0000000094200000)
 Metaspace       used 94050K, capacity 96102K, committed 99148K, reserved 1136640K
  class space    used 11180K, capacity 11543K, committed 12032K, reserved 1048576K
2023-10-08T16:28:41.783+0600: 2266986.026: [GC (Allocation Failure) [PSYoungGen: 89747K->6646K(90624K)] 153476K->72459K(420352K), 0.0232161 secs] [Times: user=0.04 sys=0.00, real=0.03 secs] 
Heap after GC invocations=619 (full 4):
 PSYoungGen      total 90624K, used 6646K [0x00000000d5580000, 0x00000000db800000, 0x0000000100000000)
  eden space 83968K, 0% used [0x00000000d5580000,0x00000000d5580000,0x00000000da780000)
  from space 6656K, 99% used [0x00000000da780000,0x00000000dadfd860,0x00000000dae00000)
  to   space 8192K, 0% used [0x00000000db000000,0x00000000db000000,0x00000000db800000)
 ParOldGen       total 329728K, used 65813K [0x0000000080000000, 0x0000000094200000, 0x00000000d5580000)
  object space 329728K, 19% used [0x0000000080000000,0x00000000840454a8,0x0000000094200000)
 Metaspace       used 94050K, capacity 96102K, committed 99148K, reserved 1136640K
  class space    used 11180K, capacity 11543K, committed 12032K, reserved 1048576K
}
{Heap before GC invocations=620 (full 4):
 PSYoungGen      total 90624K, used 90608K [0x00000000d5580000, 0x00000000db800000, 0x0000000100000000)
  eden space 83968K, 99% used [0x00000000d5580000,0x00000000da77e7f0,0x00000000da780000)
  from space 6656K, 99% used [0x00000000da780000,0x00000000dadfd860,0x00000000dae00000)
  to   space 8192K, 0% used [0x00000000db000000,0x00000000db000000,0x00000000db800000)
 ParOldGen       total 329728K, used 65813K [0x0000000080000000, 0x0000000094200000, 0x00000000d5580000)
  object space 329728K, 19% used [0x0000000080000000,0x00000000840454a8,0x0000000094200000)
 Metaspace       used 94088K, capacity 96144K, committed 99148K, reserved 1136640K
  class space    used 11184K, capacity 11550K, committed 12032K, reserved 1048576K
2023-10-08T16:28:48.984+0600: 2266993.228: [GC (Allocation Failure) [PSYoungGen: 90608K->8184K(91136K)] 156421K->74941K(420864K), 0.0149727 secs] [Times: user=0.02 sys=0.00, real=0.01 secs] 
Heap after GC invocations=620 (full 4):
 PSYoungGen      total 91136K, used 8184K [0x00000000d5580000, 0x00000000dbb00000, 0x0000000100000000)
  eden space 82944K, 0% used [0x00000000d5580000,0x00000000d5580000,0x00000000da680000)
  from space 8192K, 99% used [0x00000000db000000,0x00000000db7fe110,0x00000000db800000)
  to   space 9728K, 0% used [0x00000000da680000,0x00000000da680000,0x00000000db000000)
 ParOldGen       total 329728K, used 66757K [0x0000000080000000, 0x0000000094200000, 0x00000000d5580000)
  object space 329728K, 20% used [0x0000000080000000,0x00000000841316c8,0x0000000094200000)
 Metaspace       used 94088K, capacity 96144K, committed 99148K, reserved 1136640K
  class space    used 11184K, capacity 11550K, committed 12032K, reserved 1048576K
}
{Heap before GC invocations=621 (full 4):
 PSYoungGen      total 91136K, used 91124K [0x00000000d5580000, 0x00000000dbb00000, 0x0000000100000000)
  eden space 82944K, 99% used [0x00000000d5580000,0x00000000da67f0e0,0x00000000da680000)
  from space 8192K, 99% used [0x00000000db000000,0x00000000db7fe110,0x00000000db800000)
  to   space 9728K, 0% used [0x00000000da680000,0x00000000da680000,0x00000000db000000)
 ParOldGen       total 329728K, used 66757K [0x0000000080000000, 0x0000000094200000, 0x00000000d5580000)
  object space 329728K, 20% used [0x0000000080000000,0x00000000841316c8,0x0000000094200000)
 Metaspace       used 94116K, capacity 96208K, committed 99148K, reserved 1136640K
  class space    used 11185K, capacity 11550K, committed 12032K, reserved 1048576K
2023-10-08T16:28:55.466+0600: 2266999.709: [GC (Allocation Failure) [PSYoungGen: 91124K->9525K(92672K)] 157882K->76299K(422400K), 0.0128847 secs] [Times: user=0.02 sys=0.00, real=0.01 secs] 
Heap after GC invocations=621 (full 4):
 PSYoungGen      total 92672K, used 9525K [0x00000000d5580000, 0x00000000dbc80000, 0x0000000100000000)
  eden space 82944K, 0% used [0x00000000d5580000,0x00000000d5580000,0x00000000da680000)
  from space 9728K, 97% used [0x00000000da680000,0x00000000dafcd5b8,0x00000000db000000)
  to   space 10752K, 0% used [0x00000000db200000,0x00000000db200000,0x00000000dbc80000)
 ParOldGen       total 329728K, used 66773K [0x0000000080000000, 0x0000000094200000, 0x00000000d5580000)
  object space 329728K, 20% used [0x0000000080000000,0x00000000841356c8,0x0000000094200000)
 Metaspace       used 94116K, capacity 96208K, committed 99148K, reserved 1136640K
  class space    used 11185K, capacity 11550K, committed 12032K, reserved 1048576K
}
{Heap before GC invocations=622 (full 4):
 PSYoungGen      total 92672K, used 92469K [0x00000000d5580000, 0x00000000dbc80000, 0x0000000100000000)
  eden space 82944K, 100% used [0x00000000d5580000,0x00000000da680000,0x00000000da680000)
  from space 9728K, 97% used [0x00000000da680000,0x00000000dafcd5b8,0x00000000db000000)
  to   space 10752K, 0% used [0x00000000db200000,0x00000000db200000,0x00000000dbc80000)
 ParOldGen       total 329728K, used 66773K [0x0000000080000000, 0x0000000094200000, 0x00000000d5580000)
  object space 329728K, 20% used [0x0000000080000000,0x00000000841356c8,0x0000000094200000)
 Metaspace       used 94143K, capacity 96250K, committed 99148K, reserved 1136640K
  class space    used 11190K, capacity 11557K, committed 12032K, reserved 1048576K
2023-10-08T17:01:09.816+0600: 2268934.059: [GC (Allocation Failure) [PSYoungGen: 92469K->9964K(93184K)] 159243K->76737K(422912K), 0.0213043 secs] [Times: user=0.03 sys=0.00, real=0.02 secs] 
Heap after GC invocations=622 (full 4):
 PSYoungGen      total 93184K, used 9964K [0x00000000d5580000, 0x00000000dbf00000, 0x0000000100000000)
  eden space 82432K, 0% used [0x00000000d5580000,0x00000000d5580000,0x00000000da600000)
  from space 10752K, 92% used [0x00000000db200000,0x00000000dbbbb130,0x00000000dbc80000)
  to   space 12288K, 0% used [0x00000000da600000,0x00000000da600000,0x00000000db200000)
 ParOldGen       total 329728K, used 66773K [0x0000000080000000, 0x0000000094200000, 0x00000000d5580000)
  object space 329728K, 20% used [0x0000000080000000,0x00000000841356c8,0x0000000094200000)
 Metaspace       used 94143K, capacity 96250K, committed 99148K, reserved 1136640K
  class space    used 11190K, capacity 11557K, committed 12032K, reserved 1048576K
}
{Heap before GC invocations=623 (full 4):
 PSYoungGen      total 93184K, used 92396K [0x00000000d5580000, 0x00000000dbf00000, 0x0000000100000000)
  eden space 82432K, 100% used [0x00000000d5580000,0x00000000da600000,0x00000000da600000)
  from space 10752K, 92% used [0x00000000db200000,0x00000000dbbbb130,0x00000000dbc80000)
  to   space 12288K, 0% used [0x00000000da600000,0x00000000da600000,0x00000000db200000)
 ParOldGen       total 329728K, used 66773K [0x0000000080000000, 0x0000000094200000, 0x00000000d5580000)
  object space 329728K, 20% used [0x0000000080000000,0x00000000841356c8,0x0000000094200000)
 Metaspace       used 94166K, capacity 96250K, committed 99148K, reserved 1136640K
  class space    used 11190K, capacity 11557K, committed 12032K, reserved 1048576K
2023-10-08T17:06:53.694+0600: 2269277.937: [GC (Allocation Failure) [PSYoungGen: 92396K->9825K(94720K)] 159169K->76606K(424448K), 0.0187029 secs] [Times: user=0.01 sys=0.02, real=0.01 secs] 
Heap after GC invocations=623 (full 4):
 PSYoungGen      total 94720K, used 9825K [0x00000000d5580000, 0x00000000dc080000, 0x0000000100000000)
  eden space 82432K, 0% used [0x00000000d5580000,0x00000000d5580000,0x00000000da600000)
  from space 12288K, 79% used [0x00000000da600000,0x00000000daf98460,0x00000000db200000)
  to   space 13312K, 0% used [0x00000000db380000,0x00000000db380000,0x00000000dc080000)
 ParOldGen       total 329728K, used 66781K [0x0000000080000000, 0x0000000094200000, 0x00000000d5580000)
  object space 329728K, 20% used [0x0000000080000000,0x00000000841376c8,0x0000000094200000)
 Metaspace       used 94166K, capacity 96250K, committed 99148K, reserved 1136640K
  class space    used 11190K, capacity 11557K, committed 12032K, reserved 1048576K
}
{Heap before GC invocations=624 (full 4):
 PSYoungGen      total 94720K, used 92257K [0x00000000d5580000, 0x00000000dc080000, 0x0000000100000000)
  eden space 82432K, 100% used [0x00000000d5580000,0x00000000da600000,0x00000000da600000)
  from space 12288K, 79% used [0x00000000da600000,0x00000000daf98460,0x00000000db200000)
  to   space 13312K, 0% used [0x00000000db380000,0x00000000db380000,0x00000000dc080000)
 ParOldGen       total 329728K, used 66781K [0x0000000080000000, 0x0000000094200000, 0x00000000d5580000)
  object space 329728K, 20% used [0x0000000080000000,0x00000000841376c8,0x0000000094200000)
 Metaspace       used 94204K, capacity 96314K, committed 99148K, reserved 1136640K
  class space    used 11190K, capacity 11557K, committed 12032K, reserved 1048576K
2023-10-08T17:07:00.076+0600: 2269284.320: [GC (Allocation Failure) [PSYoungGen: 92257K->9543K(95744K)] 159038K->76325K(425472K), 0.0187977 secs] [Times: user=0.03 sys=0.00, real=0.02 secs] 
Heap after GC invocations=624 (full 4):
 PSYoungGen      total 95744K, used 9543K [0x00000000d5580000, 0x00000000dc200000, 0x0000000100000000)
  eden space 82432K, 0% used [0x00000000d5580000,0x00000000d5580000,0x00000000da600000)
  from space 13312K, 71% used [0x00000000db380000,0x00000000dbcd1e70,0x00000000dc080000)
  to   space 13824K, 0% used [0x00000000da600000,0x00000000da600000,0x00000000db380000)
 ParOldGen       total 329728K, used 66781K [0x0000000080000000, 0x0000000094200000, 0x00000000d5580000)
  object space 329728K, 20% used [0x0000000080000000,0x00000000841376c8,0x0000000094200000)
 Metaspace       used 94204K, capacity 96314K, committed 99148K, reserved 1136640K
  class space    used 11190K, capacity 11557K, committed 12032K, reserved 1048576K
}
{Heap before GC invocations=625 (full 4):
 PSYoungGen      total 95744K, used 91975K [0x00000000d5580000, 0x00000000dc200000, 0x0000000100000000)
  eden space 82432K, 100% used [0x00000000d5580000,0x00000000da600000,0x00000000da600000)
  from space 13312K, 71% used [0x00000000db380000,0x00000000dbcd1e70,0x00000000dc080000)
  to   space 13824K, 0% used [0x00000000da600000,0x00000000da600000,0x00000000db380000)
 ParOldGen       total 329728K, used 66781K [0x0000000080000000, 0x0000000094200000, 0x00000000d5580000)
  object space 329728K, 20% used [0x0000000080000000,0x00000000841376c8,0x0000000094200000)
 Metaspace       used 94231K, capacity 96314K, committed 99148K, reserved 1136640K
  class space    used 11190K, capacity 11557K, committed 12032K, reserved 1048576K
2023-10-08T17:27:56.369+0600: 2270540.612: [GC (Allocation Failure) [PSYoungGen: 91975K->8508K(96256K)] 158757K->75298K(425984K), 0.0176446 secs] [Times: user=0.02 sys=0.02, real=0.02 secs] 
Heap after GC invocations=625 (full 4):
 PSYoungGen      total 96256K, used 8508K [0x00000000d5580000, 0x00000000dc180000, 0x0000000100000000)
  eden space 82432K, 0% used [0x00000000d5580000,0x00000000d5580000,0x00000000da600000)
  from space 13824K, 61% used [0x00000000da600000,0x00000000dae4f2e0,0x00000000db380000)
  to   space 13824K, 0% used [0x00000000db400000,0x00000000db400000,0x00000000dc180000)
 ParOldGen       total 329728K, used 66789K [0x0000000080000000, 0x0000000094200000, 0x00000000d5580000)
  object space 329728K, 20% used [0x0000000080000000,0x00000000841396c8,0x0000000094200000)
 Metaspace       used 94231K, capacity 96314K, committed 99148K, reserved 1136640K
  class space    used 11190K, capacity 11557K, committed 12032K, reserved 1048576K
}
{Heap before GC invocations=626 (full 4):
 PSYoungGen      total 96256K, used 90940K [0x00000000d5580000, 0x00000000dc180000, 0x0000000100000000)
  eden space 82432K, 100% used [0x00000000d5580000,0x00000000da600000,0x00000000da600000)
  from space 13824K, 61% used [0x00000000da600000,0x00000000dae4f2e0,0x00000000db380000)
  to   space 13824K, 0% used [0x00000000db400000,0x00000000db400000,0x00000000dc180000)
 ParOldGen       total 329728K, used 66789K [0x0000000080000000, 0x0000000094200000, 0x00000000d5580000)
  object space 329728K, 20% used [0x0000000080000000,0x00000000841396c8,0x0000000094200000)
 Metaspace       used 94232K, capacity 96314K, committed 99148K, reserved 1136640K
  class space    used 11190K, capacity 11557K, committed 12032K, reserved 1048576K
2023-10-08T18:24:17.465+0600: 2273921.708: [GC (Allocation Failure) [PSYoungGen: 90940K->7632K(95744K)] 157730K->74422K(425472K), 0.0244216 secs] [Times: user=0.03 sys=0.00, real=0.02 secs] 
Heap after GC invocations=626 (full 4):
 PSYoungGen      total 95744K, used 7632K [0x00000000d5580000, 0x00000000dc080000, 0x0000000100000000)
  eden space 82944K, 0% used [0x00000000d5580000,0x00000000d5580000,0x00000000da680000)
  from space 12800K, 59% used [0x00000000db400000,0x00000000dbb742b0,0x00000000dc080000)
  to   space 13312K, 0% used [0x00000000da680000,0x00000000da680000,0x00000000db380000)
 ParOldGen       total 329728K, used 66789K [0x0000000080000000, 0x0000000094200000, 0x00000000d5580000)
  object space 329728K, 20% used [0x0000000080000000,0x00000000841396c8,0x0000000094200000)
 Metaspace       used 94232K, capacity 96314K, committed 99148K, reserved 1136640K
  class space    used 11190K, capacity 11557K, committed 12032K, reserved 1048576K
}
{Heap before GC invocations=627 (full 4):
 PSYoungGen      total 95744K, used 90576K [0x00000000d5580000, 0x00000000dc080000, 0x0000000100000000)
  eden space 82944K, 100% used [0x00000000d5580000,0x00000000da680000,0x00000000da680000)
  from space 12800K, 59% used [0x00000000db400000,0x00000000dbb742b0,0x00000000dc080000)
  to   space 13312K, 0% used [0x00000000da680000,0x00000000da680000,0x00000000db380000)
 ParOldGen       total 329728K, used 66789K [0x0000000080000000, 0x0000000094200000, 0x00000000d5580000)
  object space 329728K, 20% used [0x0000000080000000,0x00000000841396c8,0x0000000094200000)
 Metaspace       used 94245K, capacity 96314K, committed 99148K, reserved 1136640K
  class space    used 11191K, capacity 11557K, committed 12032K, reserved 1048576K
2023-10-08T19:05:44.442+0600: 2276408.685: [GC (Allocation Failure) [PSYoungGen: 90576K->6693K(96256K)] 157366K->73491K(425984K), 0.0174785 secs] [Times: user=0.03 sys=0.00, real=0.02 secs] 
Heap after GC invocations=627 (full 4):
 PSYoungGen      total 96256K, used 6693K [0x00000000d5580000, 0x00000000dc000000, 0x0000000100000000)
  eden space 82944K, 0% used [0x00000000d5580000,0x00000000d5580000,0x00000000da680000)
  from space 13312K, 50% used [0x00000000da680000,0x00000000dad09650,0x00000000db380000)
  to   space 12800K, 0% used [0x00000000db380000,0x00000000db380000,0x00000000dc000000)
 ParOldGen       total 329728K, used 66797K [0x0000000080000000, 0x0000000094200000, 0x00000000d5580000)
  object space 329728K, 20% used [0x0000000080000000,0x000000008413b6c8,0x0000000094200000)
 Metaspace       used 94245K, capacity 96314K, committed 99148K, reserved 1136640K
  class space    used 11191K, capacity 11557K, committed 12032K, reserved 1048576K
}
{Heap before GC invocations=628 (full 4):
 PSYoungGen      total 96256K, used 89637K [0x00000000d5580000, 0x00000000dc000000, 0x0000000100000000)
  eden space 82944K, 100% used [0x00000000d5580000,0x00000000da680000,0x00000000da680000)
  from space 13312K, 50% used [0x00000000da680000,0x00000000dad09650,0x00000000db380000)
  to   space 12800K, 0% used [0x00000000db380000,0x00000000db380000,0x00000000dc000000)
 ParOldGen       total 329728K, used 66797K [0x0000000080000000, 0x0000000094200000, 0x00000000d5580000)
  object space 329728K, 20% used [0x0000000080000000,0x000000008413b6c8,0x0000000094200000)
 Metaspace       used 94245K, capacity 96314K, committed 99148K, reserved 1136640K
  class space    used 11191K, capacity 11557K, committed 12032K, reserved 1048576K
2023-10-08T20:07:30.127+0600: 2280114.370: [GC (Allocation Failure) [PSYoungGen: 89637K->4611K(96256K)] 156435K->71521K(425984K), 0.0177417 secs] [Times: user=0.03 sys=0.00, real=0.02 secs] 
Heap after GC invocations=628 (full 4):
 PSYoungGen      total 96256K, used 4611K [0x00000000d5580000, 0x00000000dc000000, 0x0000000100000000)
  eden space 83456K, 0% used [0x00000000d5580000,0x00000000d5580000,0x00000000da700000)
  from space 12800K, 36% used [0x00000000db380000,0x00000000db800f10,0x00000000dc000000)
  to   space 12800K, 0% used [0x00000000da700000,0x00000000da700000,0x00000000db380000)
 ParOldGen       total 329728K, used 66909K [0x0000000080000000, 0x0000000094200000, 0x00000000d5580000)
  object space 329728K, 20% used [0x0000000080000000,0x00000000841576f8,0x0000000094200000)
 Metaspace       used 94245K, capacity 96314K, committed 99148K, reserved 1136640K
  class space    used 11191K, capacity 11557K, committed 12032K, reserved 1048576K
}
{Heap before GC invocations=629 (full 4):
 PSYoungGen      total 96256K, used 88064K [0x00000000d5580000, 0x00000000dc000000, 0x0000000100000000)
  eden space 83456K, 99% used [0x00000000d5580000,0x00000000da6ff1e8,0x00000000da700000)
  from space 12800K, 36% used [0x00000000db380000,0x00000000db800f10,0x00000000dc000000)
  to   space 12800K, 0% used [0x00000000da700000,0x00000000da700000,0x00000000db380000)
 ParOldGen       total 329728K, used 66909K [0x0000000080000000, 0x0000000094200000, 0x00000000d5580000)
  object space 329728K, 20% used [0x0000000080000000,0x00000000841576f8,0x0000000094200000)
 Metaspace       used 94245K, capacity 96314K, committed 99148K, reserved 1136640K
  class space    used 11191K, capacity 11557K, committed 12032K, reserved 1048576K
2023-10-08T21:02:52.153+0600: 2283436.396: [GC (Allocation Failure) [PSYoungGen: 88064K->4644K(96256K)] 154973K->71682K(425984K), 0.0190991 secs] [Times: user=0.03 sys=0.00, real=0.02 secs] 
Heap after GC invocations=629 (full 4):
 PSYoungGen      total 96256K, used 4644K [0x00000000d5580000, 0x00000000dbf80000, 0x0000000100000000)
  eden space 83456K, 0% used [0x00000000d5580000,0x00000000d5580000,0x00000000da700000)
  from space 12800K, 36% used [0x00000000da700000,0x00000000dab891c0,0x00000000db380000)
  to   space 12288K, 0% used [0x00000000db380000,0x00000000db380000,0x00000000dbf80000)
 ParOldGen       total 329728K, used 67037K [0x0000000080000000, 0x0000000094200000, 0x00000000d5580000)
  object space 329728K, 20% used [0x0000000080000000,0x0000000084177708,0x0000000094200000)
 Metaspace       used 94245K, capacity 96314K, committed 99148K, reserved 1136640K
  class space    used 11191K, capacity 11557K, committed 12032K, reserved 1048576K
}
{Heap before GC invocations=630 (full 4):
 PSYoungGen      total 96256K, used 88100K [0x00000000d5580000, 0x00000000dbf80000, 0x0000000100000000)
  eden space 83456K, 100% used [0x00000000d5580000,0x00000000da700000,0x00000000da700000)
  from space 12800K, 36% used [0x00000000da700000,0x00000000dab891c0,0x00000000db380000)
  to   space 12288K, 0% used [0x00000000db380000,0x00000000db380000,0x00000000dbf80000)
 ParOldGen       total 329728K, used 67037K [0x0000000080000000, 0x0000000094200000, 0x00000000d5580000)
  object space 329728K, 20% used [0x0000000080000000,0x0000000084177708,0x0000000094200000)
 Metaspace       used 94245K, capacity 96314K, committed 99148K, reserved 1136640K
  class space    used 11191K, capacity 11557K, committed 12032K, reserved 1048576K
2023-10-08T22:10:08.507+0600: 2287472.750: [GC (Allocation Failure) [PSYoungGen: 88100K->3760K(96256K)] 155138K->70846K(425984K), 0.0114297 secs] [Times: user=0.01 sys=0.01, real=0.01 secs] 
Heap after GC invocations=630 (full 4):
 PSYoungGen      total 96256K, used 3760K [0x00000000d5580000, 0x00000000dbf80000, 0x0000000100000000)
  eden space 83968K, 0% used [0x00000000d5580000,0x00000000d5580000,0x00000000da780000)
  from space 12288K, 30% used [0x00000000db380000,0x00000000db72c260,0x00000000dbf80000)
  to   space 12288K, 0% used [0x00000000da780000,0x00000000da780000,0x00000000db380000)
 ParOldGen       total 329728K, used 67085K [0x0000000080000000, 0x0000000094200000, 0x00000000d5580000)
  object space 329728K, 20% used [0x0000000080000000,0x0000000084183708,0x0000000094200000)
 Metaspace       used 94245K, capacity 96314K, committed 99148K, reserved 1136640K
  class space    used 11191K, capacity 11557K, committed 12032K, reserved 1048576K
}
{Heap before GC invocations=631 (full 4):
 PSYoungGen      total 96256K, used 87728K [0x00000000d5580000, 0x00000000dbf80000, 0x0000000100000000)
  eden space 83968K, 100% used [0x00000000d5580000,0x00000000da780000,0x00000000da780000)
  from space 12288K, 30% used [0x00000000db380000,0x00000000db72c260,0x00000000dbf80000)
  to   space 12288K, 0% used [0x00000000da780000,0x00000000da780000,0x00000000db380000)
 ParOldGen       total 329728K, used 67085K [0x0000000080000000, 0x0000000094200000, 0x00000000d5580000)
  object space 329728K, 20% used [0x0000000080000000,0x0000000084183708,0x0000000094200000)
 Metaspace       used 94245K, capacity 96314K, committed 99148K, reserved 1136640K
  class space    used 11191K, capacity 11557K, committed 12032K, reserved 1048576K
2023-10-08T23:17:09.205+0600: 2291493.448: [GC (Allocation Failure) [PSYoungGen: 87728K->3760K(96256K)] 154814K->70870K(425984K), 0.0170478 secs] [Times: user=0.03 sys=0.00, real=0.01 secs] 
Heap after GC invocations=631 (full 4):
 PSYoungGen      total 96256K, used 3760K [0x00000000d5580000, 0x00000000dbf00000, 0x0000000100000000)
  eden space 83968K, 0% used [0x00000000d5580000,0x00000000d5580000,0x00000000da780000)
  from space 12288K, 30% used [0x00000000da780000,0x00000000dab2c260,0x00000000db380000)
  to   space 11776K, 0% used [0x00000000db380000,0x00000000db380000,0x00000000dbf00000)
 ParOldGen       total 329728K, used 67109K [0x0000000080000000, 0x0000000094200000, 0x00000000d5580000)
  object space 329728K, 20% used [0x0000000080000000,0x0000000084189708,0x0000000094200000)
 Metaspace       used 94245K, capacity 96314K, committed 99148K, reserved 1136640K
  class space    used 11191K, capacity 11557K, committed 12032K, reserved 1048576K
}
{Heap before GC invocations=632 (full 4):
 PSYoungGen      total 96256K, used 87728K [0x00000000d5580000, 0x00000000dbf00000, 0x0000000100000000)
  eden space 83968K, 100% used [0x00000000d5580000,0x00000000da780000,0x00000000da780000)
  from space 12288K, 30% used [0x00000000da780000,0x00000000dab2c260,0x00000000db380000)
  to   space 11776K, 0% used [0x00000000db380000,0x00000000db380000,0x00000000dbf00000)
 ParOldGen       total 329728K, used 67109K [0x0000000080000000, 0x0000000094200000, 0x00000000d5580000)
  object space 329728K, 20% used [0x0000000080000000,0x0000000084189708,0x0000000094200000)
 Metaspace       used 94245K, capacity 96314K, committed 99148K, reserved 1136640K
  class space    used 11191K, capacity 11557K, committed 12032K, reserved 1048576K
2023-10-09T00:27:18.541+0600: 2295702.784: [GC (Allocation Failure) [PSYoungGen: 87728K->3632K(96256K)] 154838K->70822K(425984K), 0.0177210 secs] [Times: user=0.03 sys=0.00, real=0.02 secs] 
Heap after GC invocations=632 (full 4):
 PSYoungGen      total 96256K, used 3632K [0x00000000d5580000, 0x00000000dbf00000, 0x0000000100000000)
  eden space 84480K, 0% used [0x00000000d5580000,0x00000000d5580000,0x00000000da800000)
  from space 11776K, 30% used [0x00000000db380000,0x00000000db70c260,0x00000000dbf00000)
  to   space 11776K, 0% used [0x00000000da800000,0x00000000da800000,0x00000000db380000)
 ParOldGen       total 329728K, used 67189K [0x0000000080000000, 0x0000000094200000, 0x00000000d5580000)
  object space 329728K, 20% used [0x0000000080000000,0x000000008419d708,0x0000000094200000)
 Metaspace       used 94245K, capacity 96314K, committed 99148K, reserved 1136640K
  class space    used 11191K, capacity 11557K, committed 12032K, reserved 1048576K
}
{Heap before GC invocations=633 (full 4):
 PSYoungGen      total 96256K, used 88112K [0x00000000d5580000, 0x00000000dbf00000, 0x0000000100000000)
  eden space 84480K, 100% used [0x00000000d5580000,0x00000000da800000,0x00000000da800000)
  from space 11776K, 30% used [0x00000000db380000,0x00000000db70c260,0x00000000dbf00000)
  to   space 11776K, 0% used [0x00000000da800000,0x00000000da800000,0x00000000db380000)
 ParOldGen       total 329728K, used 67189K [0x0000000080000000, 0x0000000094200000, 0x00000000d5580000)
  object space 329728K, 20% used [0x0000000080000000,0x000000008419d708,0x0000000094200000)
 Metaspace       used 94245K, capacity 96314K, committed 99148K, reserved 1136640K
  class space    used 11191K, capacity 11557K, committed 12032K, reserved 1048576K
2023-10-09T01:23:03.925+0600: 2299048.168: [GC (Allocation Failure) [PSYoungGen: 88112K->4544K(96256K)] 155302K->72008K(425984K), 0.0165774 secs] [Times: user=0.03 sys=0.00, real=0.01 secs] 
Heap after GC invocations=633 (full 4):
 PSYoungGen      total 96256K, used 4544K [0x00000000d5580000, 0x00000000dbe80000, 0x0000000100000000)
  eden space 84480K, 0% used [0x00000000d5580000,0x00000000d5580000,0x00000000da800000)
  from space 11776K, 38% used [0x00000000da800000,0x00000000dac70090,0x00000000db380000)
  to   space 11264K, 0% used [0x00000000db380000,0x00000000db380000,0x00000000dbe80000)
 ParOldGen       total 329728K, used 67464K [0x0000000080000000, 0x0000000094200000, 0x00000000d5580000)
  object space 329728K, 20% used [0x0000000080000000,0x00000000841e2080,0x0000000094200000)
 Metaspace       used 94245K, capacity 96314K, committed 99148K, reserved 1136640K
  class space    used 11191K, capacity 11557K, committed 12032K, reserved 1048576K
}
{Heap before GC invocations=634 (full 4):
 PSYoungGen      total 96256K, used 89024K [0x00000000d5580000, 0x00000000dbe80000, 0x0000000100000000)
  eden space 84480K, 100% used [0x00000000d5580000,0x00000000da800000,0x00000000da800000)
  from space 11776K, 38% used [0x00000000da800000,0x00000000dac70090,0x00000000db380000)
  to   space 11264K, 0% used [0x00000000db380000,0x00000000db380000,0x00000000dbe80000)
 ParOldGen       total 329728K, used 67464K [0x0000000080000000, 0x0000000094200000, 0x00000000d5580000)
  object space 329728K, 20% used [0x0000000080000000,0x00000000841e2080,0x0000000094200000)
 Metaspace       used 94245K, capacity 96314K, committed 99148K, reserved 1136640K
  class space    used 11191K, capacity 11557K, committed 12032K, reserved 1048576K
2023-10-09T02:32:26.652+0600: 2303210.895: [GC (Allocation Failure) [PSYoungGen: 89024K->3216K(96256K)] 156488K->70936K(425984K), 0.0151912 secs] [Times: user=0.02 sys=0.00, real=0.02 secs] 
Heap after GC invocations=634 (full 4):
 PSYoungGen      total 96256K, used 3216K [0x00000000d5580000, 0x00000000dbe80000, 0x0000000100000000)
  eden space 84992K, 0% used [0x00000000d5580000,0x00000000d5580000,0x00000000da880000)
  from space 11264K, 28% used [0x00000000db380000,0x00000000db6a4230,0x00000000dbe80000)
  to   space 11264K, 0% used [0x00000000da880000,0x00000000da880000,0x00000000db380000)
 ParOldGen       total 329728K, used 67720K [0x0000000080000000, 0x0000000094200000, 0x00000000d5580000)
  object space 329728K, 20% used [0x0000000080000000,0x00000000842220d0,0x0000000094200000)
 Metaspace       used 94245K, capacity 96314K, committed 99148K, reserved 1136640K
  class space    used 11191K, capacity 11557K, committed 12032K, reserved 1048576K
}
{Heap before GC invocations=635 (full 4):
 PSYoungGen      total 96256K, used 88208K [0x00000000d5580000, 0x00000000dbe80000, 0x0000000100000000)
  eden space 84992K, 100% used [0x00000000d5580000,0x00000000da880000,0x00000000da880000)
  from space 11264K, 28% used [0x00000000db380000,0x00000000db6a4230,0x00000000dbe80000)
  to   space 11264K, 0% used [0x00000000da880000,0x00000000da880000,0x00000000db380000)
 ParOldGen       total 329728K, used 67720K [0x0000000080000000, 0x0000000094200000, 0x00000000d5580000)
  object space 329728K, 20% used [0x0000000080000000,0x00000000842220d0,0x0000000094200000)
 Metaspace       used 94245K, capacity 96314K, committed 99148K, reserved 1136640K
  class space    used 11191K, capacity 11557K, committed 12032K, reserved 1048576K
2023-10-09T03:40:31.360+0600: 2307295.603: [GC (Allocation Failure) [PSYoungGen: 88208K->3136K(96256K)] 155928K->70952K(425984K), 0.0170356 secs] [Times: user=0.03 sys=0.00, real=0.02 secs] 
Heap after GC invocations=635 (full 4):
 PSYoungGen      total 96256K, used 3136K [0x00000000d5580000, 0x00000000dbf00000, 0x0000000100000000)
  eden space 84992K, 0% used [0x00000000d5580000,0x00000000d5580000,0x00000000da880000)
  from space 11264K, 27% used [0x00000000da880000,0x00000000dab90000,0x00000000db380000)
  to   space 11264K, 0% used [0x00000000db400000,0x00000000db400000,0x00000000dbf00000)
 ParOldGen       total 329728K, used 67816K [0x0000000080000000, 0x0000000094200000, 0x00000000d5580000)
  object space 329728K, 20% used [0x0000000080000000,0x000000008423a2a0,0x0000000094200000)
 Metaspace       used 94245K, capacity 96314K, committed 99148K, reserved 1136640K
  class space    used 11191K, capacity 11557K, committed 12032K, reserved 1048576K
}
{Heap before GC invocations=636 (full 4):
 PSYoungGen      total 96256K, used 88128K [0x00000000d5580000, 0x00000000dbf00000, 0x0000000100000000)
  eden space 84992K, 100% used [0x00000000d5580000,0x00000000da880000,0x00000000da880000)
  from space 11264K, 27% used [0x00000000da880000,0x00000000dab90000,0x00000000db380000)
  to   space 11264K, 0% used [0x00000000db400000,0x00000000db400000,0x00000000dbf00000)
 ParOldGen       total 329728K, used 67816K [0x0000000080000000, 0x0000000094200000, 0x00000000d5580000)
  object space 329728K, 20% used [0x0000000080000000,0x000000008423a2a0,0x0000000094200000)
 Metaspace       used 94245K, capacity 96314K, committed 99148K, reserved 1136640K
  class space    used 11191K, capacity 11557K, committed 12032K, reserved 1048576K
2023-10-09T04:50:19.787+0600: 2311484.030: [GC (Allocation Failure) [PSYoungGen: 88128K->3136K(95744K)] 155944K->70968K(425472K), 0.0149535 secs] [Times: user=0.03 sys=0.00, real=0.01 secs] 
Heap after GC invocations=636 (full 4):
 PSYoungGen      total 95744K, used 3136K [0x00000000d5580000, 0x00000000dbe00000, 0x0000000100000000)
  eden space 85504K, 0% used [0x00000000d5580000,0x00000000d5580000,0x00000000da900000)
  from space 10240K, 30% used [0x00000000db400000,0x00000000db710000,0x00000000dbe00000)
  to   space 10752K, 0% used [0x00000000da900000,0x00000000da900000,0x00000000db380000)
 ParOldGen       total 329728K, used 67832K [0x0000000080000000, 0x0000000094200000, 0x00000000d5580000)
  object space 329728K, 20% used [0x0000000080000000,0x000000008423e2a0,0x0000000094200000)
 Metaspace       used 94245K, capacity 96314K, committed 99148K, reserved 1136640K
  class space    used 11191K, capacity 11557K, committed 12032K, reserved 1048576K
}
{Heap before GC invocations=637 (full 4):
 PSYoungGen      total 95744K, used 88640K [0x00000000d5580000, 0x00000000dbe00000, 0x0000000100000000)
  eden space 85504K, 100% used [0x00000000d5580000,0x00000000da900000,0x00000000da900000)
  from space 10240K, 30% used [0x00000000db400000,0x00000000db710000,0x00000000dbe00000)
  to   space 10752K, 0% used [0x00000000da900000,0x00000000da900000,0x00000000db380000)
 ParOldGen       total 329728K, used 67832K [0x0000000080000000, 0x0000000094200000, 0x00000000d5580000)
  object space 329728K, 20% used [0x0000000080000000,0x000000008423e2a0,0x0000000094200000)
 Metaspace       used 94245K, capacity 96314K, committed 99148K, reserved 1136640K
  class space    used 11191K, capacity 11557K, committed 12032K, reserved 1048576K
2023-10-09T05:59:31.278+0600: 2315635.521: [GC (Allocation Failure) [PSYoungGen: 88640K->3040K(96256K)] 156472K->70952K(425984K), 0.0146086 secs] [Times: user=0.03 sys=0.00, real=0.01 secs] 
Heap after GC invocations=637 (full 4):
 PSYoungGen      total 96256K, used 3040K [0x00000000d5580000, 0x00000000dbe80000, 0x0000000100000000)
  eden space 85504K, 0% used [0x00000000d5580000,0x00000000d5580000,0x00000000da900000)
  from space 10752K, 28% used [0x00000000da900000,0x00000000dabf8000,0x00000000db380000)
  to   space 10752K, 0% used [0x00000000db400000,0x00000000db400000,0x00000000dbe80000)
 ParOldGen       total 329728K, used 67912K [0x0000000080000000, 0x0000000094200000, 0x00000000d5580000)
  object space 329728K, 20% used [0x0000000080000000,0x00000000842521f0,0x0000000094200000)
 Metaspace       used 94245K, capacity 96314K, committed 99148K, reserved 1136640K
  class space    used 11191K, capacity 11557K, committed 12032K, reserved 1048576K
}
{Heap before GC invocations=638 (full 4):
 PSYoungGen      total 96256K, used 88544K [0x00000000d5580000, 0x00000000dbe80000, 0x0000000100000000)
  eden space 85504K, 100% used [0x00000000d5580000,0x00000000da900000,0x00000000da900000)
  from space 10752K, 28% used [0x00000000da900000,0x00000000dabf8000,0x00000000db380000)
  to   space 10752K, 0% used [0x00000000db400000,0x00000000db400000,0x00000000dbe80000)
 ParOldGen       total 329728K, used 67912K [0x0000000080000000, 0x0000000094200000, 0x00000000d5580000)
  object space 329728K, 20% used [0x0000000080000000,0x00000000842521f0,0x0000000094200000)
 Metaspace       used 94245K, capacity 96314K, committed 99148K, reserved 1136640K
  class space    used 11191K, capacity 11557K, committed 12032K, reserved 1048576K
2023-10-09T07:07:52.773+0600: 2319737.016: [GC (Allocation Failure) [PSYoungGen: 88544K->3040K(95744K)] 156456K->70984K(425472K), 0.0153870 secs] [Times: user=0.03 sys=0.00, real=0.02 secs] 
Heap after GC invocations=638 (full 4):
 PSYoungGen      total 95744K, used 3040K [0x00000000d5580000, 0x00000000dbd80000, 0x0000000100000000)
  eden space 86016K, 0% used [0x00000000d5580000,0x00000000d5580000,0x00000000da980000)
  from space 9728K, 31% used [0x00000000db400000,0x00000000db6f8000,0x00000000dbd80000)
  to   space 10240K, 0% used [0x00000000da980000,0x00000000da980000,0x00000000db380000)
 ParOldGen       total 329728K, used 67944K [0x0000000080000000, 0x0000000094200000, 0x00000000d5580000)
  object space 329728K, 20% used [0x0000000080000000,0x000000008425a1f0,0x0000000094200000)
 Metaspace       used 94245K, capacity 96314K, committed 99148K, reserved 1136640K
  class space    used 11191K, capacity 11557K, committed 12032K, reserved 1048576K
}
{Heap before GC invocations=639 (full 4):
 PSYoungGen      total 95744K, used 89056K [0x00000000d5580000, 0x00000000dbd80000, 0x0000000100000000)
  eden space 86016K, 100% used [0x00000000d5580000,0x00000000da980000,0x00000000da980000)
  from space 9728K, 31% used [0x00000000db400000,0x00000000db6f8000,0x00000000dbd80000)
  to   space 10240K, 0% used [0x00000000da980000,0x00000000da980000,0x00000000db380000)
 ParOldGen       total 329728K, used 67944K [0x0000000080000000, 0x0000000094200000, 0x00000000d5580000)
  object space 329728K, 20% used [0x0000000080000000,0x000000008425a1f0,0x0000000094200000)
 Metaspace       used 94245K, capacity 96314K, committed 99148K, reserved 1136640K
  class space    used 11191K, capacity 11557K, committed 12032K, reserved 1048576K
2023-10-09T08:18:25.792+0600: 2323970.035: [GC (Allocation Failure) [PSYoungGen: 89056K->3008K(96256K)] 157000K->71048K(425984K), 0.0137884 secs] [Times: user=0.02 sys=0.00, real=0.02 secs] 
Heap after GC invocations=639 (full 4):
 PSYoungGen      total 96256K, used 3008K [0x00000000d5580000, 0x00000000dbd00000, 0x0000000100000000)
  eden space 86016K, 0% used [0x00000000d5580000,0x00000000d5580000,0x00000000da980000)
  from space 10240K, 29% used [0x00000000da980000,0x00000000dac70000,0x00000000db380000)
  to   space 9728K, 0% used [0x00000000db380000,0x00000000db380000,0x00000000dbd00000)
 ParOldGen       total 329728K, used 68040K [0x0000000080000000, 0x0000000094200000, 0x00000000d5580000)
  object space 329728K, 20% used [0x0000000080000000,0x0000000084272140,0x0000000094200000)
 Metaspace       used 94245K, capacity 96314K, committed 99148K, reserved 1136640K
  class space    used 11191K, capacity 11557K, committed 12032K, reserved 1048576K
}
{Heap before GC invocations=640 (full 4):
 PSYoungGen      total 96256K, used 89024K [0x00000000d5580000, 0x00000000dbd00000, 0x0000000100000000)
  eden space 86016K, 100% used [0x00000000d5580000,0x00000000da980000,0x00000000da980000)
  from space 10240K, 29% used [0x00000000da980000,0x00000000dac70000,0x00000000db380000)
  to   space 9728K, 0% used [0x00000000db380000,0x00000000db380000,0x00000000dbd00000)
 ParOldGen       total 329728K, used 68040K [0x0000000080000000, 0x0000000094200000, 0x00000000d5580000)
  object space 329728K, 20% used [0x0000000080000000,0x0000000084272140,0x0000000094200000)
 Metaspace       used 94245K, capacity 96314K, committed 99148K, reserved 1136640K
  class space    used 11191K, capacity 11557K, committed 12032K, reserved 1048576K
2023-10-09T09:26:09.785+0600: 2328034.029: [GC (Allocation Failure) [PSYoungGen: 89024K->3232K(96256K)] 157064K->71440K(425984K), 0.0127141 secs] [Times: user=0.01 sys=0.02, real=0.01 secs] 
Heap after GC invocations=640 (full 4):
 PSYoungGen      total 96256K, used 3232K [0x00000000d5580000, 0x00000000dbd00000, 0x0000000100000000)
  eden space 86528K, 0% used [0x00000000d5580000,0x00000000d5580000,0x00000000daa00000)
  from space 9728K, 33% used [0x00000000db380000,0x00000000db6a8010,0x00000000dbd00000)
  to   space 9728K, 0% used [0x00000000daa00000,0x00000000daa00000,0x00000000db380000)
 ParOldGen       total 329728K, used 68208K [0x0000000080000000, 0x0000000094200000, 0x00000000d5580000)
  object space 329728K, 20% used [0x0000000080000000,0x000000008429c090,0x0000000094200000)
 Metaspace       used 94245K, capacity 96314K, committed 99148K, reserved 1136640K
  class space    used 11191K, capacity 11557K, committed 12032K, reserved 1048576K
}
{Heap before GC invocations=641 (full 4):
 PSYoungGen      total 96256K, used 89760K [0x00000000d5580000, 0x00000000dbd00000, 0x0000000100000000)
  eden space 86528K, 100% used [0x00000000d5580000,0x00000000daa00000,0x00000000daa00000)
  from space 9728K, 33% used [0x00000000db380000,0x00000000db6a8010,0x00000000dbd00000)
  to   space 9728K, 0% used [0x00000000daa00000,0x00000000daa00000,0x00000000db380000)
 ParOldGen       total 329728K, used 68208K [0x0000000080000000, 0x0000000094200000, 0x00000000d5580000)
  object space 329728K, 20% used [0x0000000080000000,0x000000008429c090,0x0000000094200000)
 Metaspace       used 94251K, capacity 96314K, committed 99148K, reserved 1136640K
  class space    used 11191K, capacity 11557K, committed 12032K, reserved 1048576K
2023-10-09T09:26:18.403+0600: 2328042.646: [GC (Allocation Failure) [PSYoungGen: 89760K->8223K(96256K)] 157968K->76448K(425984K), 0.0172825 secs] [Times: user=0.05 sys=0.00, real=0.02 secs] 
Heap after GC invocations=641 (full 4):
 PSYoungGen      total 96256K, used 8223K [0x00000000d5580000, 0x00000000dbf80000, 0x0000000100000000)
  eden space 86528K, 0% used [0x00000000d5580000,0x00000000d5580000,0x00000000daa00000)
  from space 9728K, 84% used [0x00000000daa00000,0x00000000db207f90,0x00000000db380000)
  to   space 10752K, 0% used [0x00000000db500000,0x00000000db500000,0x00000000dbf80000)
 ParOldGen       total 329728K, used 68224K [0x0000000080000000, 0x0000000094200000, 0x00000000d5580000)
  object space 329728K, 20% used [0x0000000080000000,0x00000000842a0090,0x0000000094200000)
 Metaspace       used 94251K, capacity 96314K, committed 99148K, reserved 1136640K
  class space    used 11191K, capacity 11557K, committed 12032K, reserved 1048576K
}
{Heap before GC invocations=642 (full 4):
 PSYoungGen      total 96256K, used 94751K [0x00000000d5580000, 0x00000000dbf80000, 0x0000000100000000)
  eden space 86528K, 100% used [0x00000000d5580000,0x00000000daa00000,0x00000000daa00000)
  from space 9728K, 84% used [0x00000000daa00000,0x00000000db207f90,0x00000000db380000)
  to   space 10752K, 0% used [0x00000000db500000,0x00000000db500000,0x00000000dbf80000)
 ParOldGen       total 329728K, used 68224K [0x0000000080000000, 0x0000000094200000, 0x00000000d5580000)
  object space 329728K, 20% used [0x0000000080000000,0x00000000842a0090,0x0000000094200000)
 Metaspace       used 94258K, capacity 96378K, committed 99148K, reserved 1136640K
  class space    used 11192K, capacity 11557K, committed 12032K, reserved 1048576K
2023-10-09T09:26:27.125+0600: 2328051.368: [GC (Allocation Failure) [PSYoungGen: 94751K->9058K(96768K)] 162976K->77298K(426496K), 0.0194674 secs] [Times: user=0.03 sys=0.00, real=0.02 secs] 
Heap after GC invocations=642 (full 4):
 PSYoungGen      total 96768K, used 9058K [0x00000000d5580000, 0x00000000dc200000, 0x0000000100000000)
  eden space 86016K, 0% used [0x00000000d5580000,0x00000000d5580000,0x00000000da980000)
  from space 10752K, 84% used [0x00000000db500000,0x00000000dbdd8850,0x00000000dbf80000)
  to   space 11776K, 0% used [0x00000000da980000,0x00000000da980000,0x00000000db500000)
 ParOldGen       total 329728K, used 68240K [0x0000000080000000, 0x0000000094200000, 0x00000000d5580000)
  object space 329728K, 20% used [0x0000000080000000,0x00000000842a4090,0x0000000094200000)
 Metaspace       used 94258K, capacity 96378K, committed 99148K, reserved 1136640K
  class space    used 11192K, capacity 11557K, committed 12032K, reserved 1048576K
}
{Heap before GC invocations=643 (full 4):
 PSYoungGen      total 96768K, used 95074K [0x00000000d5580000, 0x00000000dc200000, 0x0000000100000000)
  eden space 86016K, 100% used [0x00000000d5580000,0x00000000da980000,0x00000000da980000)
  from space 10752K, 84% used [0x00000000db500000,0x00000000dbdd8850,0x00000000dbf80000)
  to   space 11776K, 0% used [0x00000000da980000,0x00000000da980000,0x00000000db500000)
 ParOldGen       total 329728K, used 68240K [0x0000000080000000, 0x0000000094200000, 0x00000000d5580000)
  object space 329728K, 20% used [0x0000000080000000,0x00000000842a4090,0x0000000094200000)
 Metaspace       used 94264K, capacity 96378K, committed 99148K, reserved 1136640K
  class space    used 11192K, capacity 11557K, committed 12032K, reserved 1048576K
2023-10-09T09:26:35.487+0600: 2328059.730: [GC (Allocation Failure) [PSYoungGen: 95074K->9171K(97792K)] 163314K->77427K(427520K), 0.0166804 secs] [Times: user=0.03 sys=0.00, real=0.02 secs] 
Heap after GC invocations=643 (full 4):
 PSYoungGen      total 97792K, used 9171K [0x00000000d5580000, 0x00000000dc280000, 0x0000000100000000)
  eden space 86016K, 0% used [0x00000000d5580000,0x00000000d5580000,0x00000000da980000)
  from space 11776K, 77% used [0x00000000da980000,0x00000000db274ee0,0x00000000db500000)
  to   space 12288K, 0% used [0x00000000db680000,0x00000000db680000,0x00000000dc280000)
 ParOldGen       total 329728K, used 68256K [0x0000000080000000, 0x0000000094200000, 0x00000000d5580000)
  object space 329728K, 20% used [0x0000000080000000,0x00000000842a8090,0x0000000094200000)
 Metaspace       used 94264K, capacity 96378K, committed 99148K, reserved 1136640K
  class space    used 11192K, capacity 11557K, committed 12032K, reserved 1048576K
}
{Heap before GC invocations=644 (full 4):
 PSYoungGen      total 97792K, used 95187K [0x00000000d5580000, 0x00000000dc280000, 0x0000000100000000)
  eden space 86016K, 100% used [0x00000000d5580000,0x00000000da980000,0x00000000da980000)
  from space 11776K, 77% used [0x00000000da980000,0x00000000db274ee0,0x00000000db500000)
  to   space 12288K, 0% used [0x00000000db680000,0x00000000db680000,0x00000000dc280000)
 ParOldGen       total 329728K, used 68256K [0x0000000080000000, 0x0000000094200000, 0x00000000d5580000)
  object space 329728K, 20% used [0x0000000080000000,0x00000000842a8090,0x0000000094200000)
 Metaspace       used 94276K, capacity 96378K, committed 99148K, reserved 1136640K
  class space    used 11192K, capacity 11557K, committed 12032K, reserved 1048576K
2023-10-09T09:26:43.961+0600: 2328068.204: [GC (Allocation Failure) [PSYoungGen: 95187K->8947K(98304K)] 163443K->77219K(428032K), 0.0190001 secs] [Times: user=0.03 sys=0.00, real=0.02 secs] 
Heap after GC invocations=644 (full 4):
 PSYoungGen      total 98304K, used 8947K [0x00000000d5580000, 0x00000000dc480000, 0x0000000100000000)
  eden space 86016K, 0% used [0x00000000d5580000,0x00000000d5580000,0x00000000da980000)
  from space 12288K, 72% used [0x00000000db680000,0x00000000dbf3cee0,0x00000000dc280000)
  to   space 13312K, 0% used [0x00000000da980000,0x00000000da980000,0x00000000db680000)
 ParOldGen       total 329728K, used 68272K [0x0000000080000000, 0x0000000094200000, 0x00000000d5580000)
  object space 329728K, 20% used [0x0000000080000000,0x00000000842ac090,0x0000000094200000)
 Metaspace       used 94276K, capacity 96378K, committed 99148K, reserved 1136640K
  class space    used 11192K, capacity 11557K, committed 12032K, reserved 1048576K
}
{Heap before GC invocations=645 (full 4):
 PSYoungGen      total 98304K, used 94963K [0x00000000d5580000, 0x00000000dc480000, 0x0000000100000000)
  eden space 86016K, 100% used [0x00000000d5580000,0x00000000da980000,0x00000000da980000)
  from space 12288K, 72% used [0x00000000db680000,0x00000000dbf3cee0,0x00000000dc280000)
  to   space 13312K, 0% used [0x00000000da980000,0x00000000da980000,0x00000000db680000)
 ParOldGen       total 329728K, used 68272K [0x0000000080000000, 0x0000000094200000, 0x00000000d5580000)
  object space 329728K, 20% used [0x0000000080000000,0x00000000842ac090,0x0000000094200000)
 Metaspace       used 94286K, capacity 96378K, committed 99148K, reserved 1136640K
  class space    used 11192K, capacity 11557K, committed 12032K, reserved 1048576K
2023-10-09T09:26:53.380+0600: 2328077.623: [GC (Allocation Failure) [PSYoungGen: 94963K->8576K(99328K)] 163235K->76857K(429056K), 0.0150025 secs] [Times: user=0.02 sys=0.00, real=0.02 secs] 
Heap after GC invocations=645 (full 4):
 PSYoungGen      total 99328K, used 8576K [0x00000000d5580000, 0x00000000dc480000, 0x0000000100000000)
  eden space 86016K, 0% used [0x00000000d5580000,0x00000000d5580000,0x00000000da980000)
  from space 13312K, 64% used [0x00000000da980000,0x00000000db1e03f0,0x00000000db680000)
  to   space 13312K, 0% used [0x00000000db780000,0x00000000db780000,0x00000000dc480000)
 ParOldGen       total 329728K, used 68280K [0x0000000080000000, 0x0000000094200000, 0x00000000d5580000)
  object space 329728K, 20% used [0x0000000080000000,0x00000000842ae090,0x0000000094200000)
 Metaspace       used 94286K, capacity 96378K, committed 99148K, reserved 1136640K
  class space    used 11192K, capacity 11557K, committed 12032K, reserved 1048576K
}
{Heap before GC invocations=646 (full 4):
 PSYoungGen      total 99328K, used 94592K [0x00000000d5580000, 0x00000000dc480000, 0x0000000100000000)
  eden space 86016K, 100% used [0x00000000d5580000,0x00000000da980000,0x00000000da980000)
  from space 13312K, 64% used [0x00000000da980000,0x00000000db1e03f0,0x00000000db680000)
  to   space 13312K, 0% used [0x00000000db780000,0x00000000db780000,0x00000000dc480000)
 ParOldGen       total 329728K, used 68280K [0x0000000080000000, 0x0000000094200000, 0x00000000d5580000)
  object space 329728K, 20% used [0x0000000080000000,0x00000000842ae090,0x0000000094200000)
 Metaspace       used 94286K, capacity 96378K, committed 99148K, reserved 1136640K
  class space    used 11192K, capacity 11557K, committed 12032K, reserved 1048576K
2023-10-09T09:27:02.021+0600: 2328086.264: [GC (Allocation Failure) [PSYoungGen: 94592K->8721K(99840K)] 162873K->77001K(429568K), 0.0124393 secs] [Times: user=0.02 sys=0.00, real=0.02 secs] 
Heap after GC invocations=646 (full 4):
 PSYoungGen      total 99840K, used 8721K [0x00000000d5580000, 0x00000000dc580000, 0x0000000100000000)
  eden space 86528K, 0% used [0x00000000d5580000,0x00000000d5580000,0x00000000daa00000)
  from space 13312K, 65% used [0x00000000db780000,0x00000000dc004610,0x00000000dc480000)
  to   space 13824K, 0% used [0x00000000daa00000,0x00000000daa00000,0x00000000db780000)
 ParOldGen       total 329728K, used 68280K [0x0000000080000000, 0x0000000094200000, 0x00000000d5580000)
  object space 329728K, 20% used [0x0000000080000000,0x00000000842ae090,0x0000000094200000)
 Metaspace       used 94286K, capacity 96378K, committed 99148K, reserved 1136640K
  class space    used 11192K, capacity 11557K, committed 12032K, reserved 1048576K
}
{Heap before GC invocations=647 (full 4):
 PSYoungGen      total 99840K, used 95249K [0x00000000d5580000, 0x00000000dc580000, 0x0000000100000000)
  eden space 86528K, 100% used [0x00000000d5580000,0x00000000daa00000,0x00000000daa00000)
  from space 13312K, 65% used [0x00000000db780000,0x00000000dc004610,0x00000000dc480000)
  to   space 13824K, 0% used [0x00000000daa00000,0x00000000daa00000,0x00000000db780000)
 ParOldGen       total 329728K, used 68280K [0x0000000080000000, 0x0000000094200000, 0x00000000d5580000)
  object space 329728K, 20% used [0x0000000080000000,0x00000000842ae090,0x0000000094200000)
 Metaspace       used 94291K, capacity 96378K, committed 99148K, reserved 1136640K
  class space    used 11192K, capacity 11557K, committed 12032K, reserved 1048576K
2023-10-09T09:33:01.768+0600: 2328446.012: [GC (Allocation Failure) [PSYoungGen: 95249K->9153K(100352K)] 163529K->77433K(430080K), 0.0163847 secs] [Times: user=0.03 sys=0.00, real=0.02 secs] 
Heap after GC invocations=647 (full 4):
 PSYoungGen      total 100352K, used 9153K [0x00000000d5580000, 0x00000000dc600000, 0x0000000100000000)
  eden space 86528K, 0% used [0x00000000d5580000,0x00000000d5580000,0x00000000daa00000)
  from space 13824K, 66% used [0x00000000daa00000,0x00000000db2f0410,0x00000000db780000)
  to   space 13824K, 0% used [0x00000000db880000,0x00000000db880000,0x00000000dc600000)
 ParOldGen       total 329728K, used 68280K [0x0000000080000000, 0x0000000094200000, 0x00000000d5580000)
  object space 329728K, 20% used [0x0000000080000000,0x00000000842ae090,0x0000000094200000)
 Metaspace       used 94291K, capacity 96378K, committed 99148K, reserved 1136640K
  class space    used 11192K, capacity 11557K, committed 12032K, reserved 1048576K
}
{Heap before GC invocations=648 (full 4):
 PSYoungGen      total 100352K, used 95681K [0x00000000d5580000, 0x00000000dc600000, 0x0000000100000000)
  eden space 86528K, 100% used [0x00000000d5580000,0x00000000daa00000,0x00000000daa00000)
  from space 13824K, 66% used [0x00000000daa00000,0x00000000db2f0410,0x00000000db780000)
  to   space 13824K, 0% used [0x00000000db880000,0x00000000db880000,0x00000000dc600000)
 ParOldGen       total 329728K, used 68280K [0x0000000080000000, 0x0000000094200000, 0x00000000d5580000)
  object space 329728K, 20% used [0x0000000080000000,0x00000000842ae090,0x0000000094200000)
 Metaspace       used 94291K, capacity 96378K, committed 99148K, reserved 1136640K
  class space    used 11192K, capacity 11557K, committed 12032K, reserved 1048576K
2023-10-09T10:01:19.835+0600: 2330144.078: [GC (Allocation Failure) [PSYoungGen: 95681K->8507K(101376K)] 163961K->76803K(431104K), 0.0202368 secs] [Times: user=0.03 sys=0.00, real=0.02 secs] 
Heap after GC invocations=648 (full 4):
 PSYoungGen      total 101376K, used 8507K [0x00000000d5580000, 0x00000000dc600000, 0x0000000100000000)
  eden space 87552K, 0% used [0x00000000d5580000,0x00000000d5580000,0x00000000dab00000)
  from space 13824K, 61% used [0x00000000db880000,0x00000000dc0cec10,0x00000000dc600000)
  to   space 13824K, 0% used [0x00000000dab00000,0x00000000dab00000,0x00000000db880000)
 ParOldGen       total 329728K, used 68296K [0x0000000080000000, 0x0000000094200000, 0x00000000d5580000)
  object space 329728K, 20% used [0x0000000080000000,0x00000000842b2090,0x0000000094200000)
 Metaspace       used 94291K, capacity 96378K, committed 99148K, reserved 1136640K
  class space    used 11192K, capacity 11557K, committed 12032K, reserved 1048576K
}
{Heap before GC invocations=649 (full 4):
 PSYoungGen      total 101376K, used 96059K [0x00000000d5580000, 0x00000000dc600000, 0x0000000100000000)
  eden space 87552K, 100% used [0x00000000d5580000,0x00000000dab00000,0x00000000dab00000)
  from space 13824K, 61% used [0x00000000db880000,0x00000000dc0cec10,0x00000000dc600000)
  to   space 13824K, 0% used [0x00000000dab00000,0x00000000dab00000,0x00000000db880000)
 ParOldGen       total 329728K, used 68296K [0x0000000080000000, 0x0000000094200000, 0x00000000d5580000)
  object space 329728K, 20% used [0x0000000080000000,0x00000000842b2090,0x0000000094200000)
 Metaspace       used 94301K, capacity 96408K, committed 99148K, reserved 1136640K
  class space    used 11195K, capacity 11562K, committed 12032K, reserved 1048576K
2023-10-09T10:52:52.170+0600: 2333236.413: [GC (Allocation Failure) [PSYoungGen: 96059K->8226K(101376K)] 164355K->76522K(431104K), 0.0200970 secs] [Times: user=0.03 sys=0.00, real=0.02 secs] 
Heap after GC invocations=649 (full 4):
 PSYoungGen      total 101376K, used 8226K [0x00000000d5580000, 0x00000000dc680000, 0x0000000100000000)
  eden space 87552K, 0% used [0x00000000d5580000,0x00000000d5580000,0x00000000dab00000)
  from space 13824K, 59% used [0x00000000dab00000,0x00000000db3089c0,0x00000000db880000)
  to   space 13824K, 0% used [0x00000000db900000,0x00000000db900000,0x00000000dc680000)
 ParOldGen       total 329728K, used 68296K [0x0000000080000000, 0x0000000094200000, 0x00000000d5580000)
  object space 329728K, 20% used [0x0000000080000000,0x00000000842b2090,0x0000000094200000)
 Metaspace       used 94301K, capacity 96408K, committed 99148K, reserved 1136640K
  class space    used 11195K, capacity 11562K, committed 12032K, reserved 1048576K
}
{Heap before GC invocations=650 (full 4):
 PSYoungGen      total 101376K, used 95778K [0x00000000d5580000, 0x00000000dc680000, 0x0000000100000000)
  eden space 87552K, 100% used [0x00000000d5580000,0x00000000dab00000,0x00000000dab00000)
  from space 13824K, 59% used [0x00000000dab00000,0x00000000db3089c0,0x00000000db880000)
  to   space 13824K, 0% used [0x00000000db900000,0x00000000db900000,0x00000000dc680000)
 ParOldGen       total 329728K, used 68296K [0x0000000080000000, 0x0000000094200000, 0x00000000d5580000)
  object space 329728K, 20% used [0x0000000080000000,0x00000000842b2090,0x0000000094200000)
 Metaspace       used 94302K, capacity 96408K, committed 99148K, reserved 1136640K
  class space    used 11195K, capacity 11562K, committed 12032K, reserved 1048576K
2023-10-09T11:47:20.976+0600: 2336505.220: [GC (Allocation Failure) [PSYoungGen: 95778K->5330K(100864K)] 164074K->73627K(430592K), 0.0171624 secs] [Times: user=0.03 sys=0.00, real=0.02 secs] 
Heap after GC invocations=650 (full 4):
 PSYoungGen      total 100864K, used 5330K [0x00000000d5580000, 0x00000000dc580000, 0x0000000100000000)
  eden space 88064K, 0% used [0x00000000d5580000,0x00000000d5580000,0x00000000dab80000)
  from space 12800K, 41% used [0x00000000db900000,0x00000000dbe34b90,0x00000000dc580000)
  to   space 13312K, 0% used [0x00000000dab80000,0x00000000dab80000,0x00000000db880000)
 ParOldGen       total 329728K, used 68296K [0x0000000080000000, 0x0000000094200000, 0x00000000d5580000)
  object space 329728K, 20% used [0x0000000080000000,0x00000000842b2090,0x0000000094200000)
 Metaspace       used 94302K, capacity 96408K, committed 99148K, reserved 1136640K
  class space    used 11195K, capacity 11562K, committed 12032K, reserved 1048576K
}
{Heap before GC invocations=651 (full 4):
 PSYoungGen      total 100864K, used 93391K [0x00000000d5580000, 0x00000000dc580000, 0x0000000100000000)
  eden space 88064K, 99% used [0x00000000d5580000,0x00000000dab7f288,0x00000000dab80000)
  from space 12800K, 41% used [0x00000000db900000,0x00000000dbe34b90,0x00000000dc580000)
  to   space 13312K, 0% used [0x00000000dab80000,0x00000000dab80000,0x00000000db880000)
 ParOldGen       total 329728K, used 68296K [0x0000000080000000, 0x0000000094200000, 0x00000000d5580000)
  object space 329728K, 20% used [0x0000000080000000,0x00000000842b2090,0x0000000094200000)
 Metaspace       used 94303K, capacity 96408K, committed 99148K, reserved 1136640K
  class space    used 11195K, capacity 11562K, committed 12032K, reserved 1048576K
2023-10-09T12:38:05.228+0600: 2339549.471: [GC (Allocation Failure) [PSYoungGen: 93391K->5571K(101376K)] 161687K->73867K(431104K), 0.0176838 secs] [Times: user=0.03 sys=0.00, real=0.02 secs] 
Heap after GC invocations=651 (full 4):
 PSYoungGen      total 101376K, used 5571K [0x00000000d5580000, 0x00000000dc500000, 0x0000000100000000)
  eden space 88064K, 0% used [0x00000000d5580000,0x00000000d5580000,0x00000000dab80000)
  from space 13312K, 41% used [0x00000000dab80000,0x00000000db0f0e10,0x00000000db880000)
  to   space 12800K, 0% used [0x00000000db880000,0x00000000db880000,0x00000000dc500000)
 ParOldGen       total 329728K, used 68296K [0x0000000080000000, 0x0000000094200000, 0x00000000d5580000)
  object space 329728K, 20% used [0x0000000080000000,0x00000000842b2090,0x0000000094200000)
 Metaspace       used 94303K, capacity 96408K, committed 99148K, reserved 1136640K
  class space    used 11195K, capacity 11562K, committed 12032K, reserved 1048576K
}
{Heap before GC invocations=652 (full 4):
 PSYoungGen      total 101376K, used 93635K [0x00000000d5580000, 0x00000000dc500000, 0x0000000100000000)
  eden space 88064K, 100% used [0x00000000d5580000,0x00000000dab80000,0x00000000dab80000)
  from space 13312K, 41% used [0x00000000dab80000,0x00000000db0f0e10,0x00000000db880000)
  to   space 12800K, 0% used [0x00000000db880000,0x00000000db880000,0x00000000dc500000)
 ParOldGen       total 329728K, used 68296K [0x0000000080000000, 0x0000000094200000, 0x00000000d5580000)
  object space 329728K, 20% used [0x0000000080000000,0x00000000842b2090,0x0000000094200000)
 Metaspace       used 94303K, capacity 96408K, committed 99148K, reserved 1136640K
  class space    used 11195K, capacity 11562K, committed 12032K, reserved 1048576K
2023-10-09T13:31:26.418+0600: 2342750.662: [GC (Allocation Failure) [PSYoungGen: 93635K->5923K(100352K)] 161931K->74219K(430080K), 0.0206831 secs] [Times: user=0.03 sys=0.00, real=0.02 secs] 
Heap after GC invocations=652 (full 4):
 PSYoungGen      total 100352K, used 5923K [0x00000000d5580000, 0x00000000dc400000, 0x0000000100000000)
  eden space 88576K, 0% used [0x00000000d5580000,0x00000000d5580000,0x00000000dac00000)
  from space 11776K, 50% used [0x00000000db880000,0x00000000dbe48dd0,0x00000000dc400000)
  to   space 12288K, 0% used [0x00000000dac00000,0x00000000dac00000,0x00000000db800000)
 ParOldGen       total 329728K, used 68296K [0x0000000080000000, 0x0000000094200000, 0x00000000d5580000)
  object space 329728K, 20% used [0x0000000080000000,0x00000000842b2090,0x0000000094200000)
 Metaspace       used 94303K, capacity 96408K, committed 99148K, reserved 1136640K
  class space    used 11195K, capacity 11562K, committed 12032K, reserved 1048576K
}
{Heap before GC invocations=653 (full 4):
 PSYoungGen      total 100352K, used 94499K [0x00000000d5580000, 0x00000000dc400000, 0x0000000100000000)
  eden space 88576K, 100% used [0x00000000d5580000,0x00000000dac00000,0x00000000dac00000)
  from space 11776K, 50% used [0x00000000db880000,0x00000000dbe48dd0,0x00000000dc400000)
  to   space 12288K, 0% used [0x00000000dac00000,0x00000000dac00000,0x00000000db800000)
 ParOldGen       total 329728K, used 68296K [0x0000000080000000, 0x0000000094200000, 0x00000000d5580000)
  object space 329728K, 20% used [0x0000000080000000,0x00000000842b2090,0x0000000094200000)
 Metaspace       used 94335K, capacity 96498K, committed 99148K, reserved 1136640K
  class space    used 11204K, capacity 11577K, committed 12032K, reserved 1048576K
2023-10-09T14:00:25.459+0600: 2344489.702: [GC (Allocation Failure) [PSYoungGen: 94499K->9084K(100864K)] 162795K->77380K(430592K), 0.0194876 secs] [Times: user=0.03 sys=0.00, real=0.02 secs] 
Heap after GC invocations=653 (full 4):
 PSYoungGen      total 100864K, used 9084K [0x00000000d5580000, 0x00000000dc580000, 0x0000000100000000)
  eden space 88576K, 0% used [0x00000000d5580000,0x00000000d5580000,0x00000000dac00000)
  from space 12288K, 73% used [0x00000000dac00000,0x00000000db4df200,0x00000000db800000)
  to   space 12800K, 0% used [0x00000000db900000,0x00000000db900000,0x00000000dc580000)
 ParOldGen       total 329728K, used 68296K [0x0000000080000000, 0x0000000094200000, 0x00000000d5580000)
  object space 329728K, 20% used [0x0000000080000000,0x00000000842b2090,0x0000000094200000)
 Metaspace       used 94335K, capacity 96498K, committed 99148K, reserved 1136640K
  class space    used 11204K, capacity 11577K, committed 12032K, reserved 1048576K
}
{Heap before GC invocations=654 (full 4):
 PSYoungGen      total 100864K, used 97660K [0x00000000d5580000, 0x00000000dc580000, 0x0000000100000000)
  eden space 88576K, 100% used [0x00000000d5580000,0x00000000dac00000,0x00000000dac00000)
  from space 12288K, 73% used [0x00000000dac00000,0x00000000db4df200,0x00000000db800000)
  to   space 12800K, 0% used [0x00000000db900000,0x00000000db900000,0x00000000dc580000)
 ParOldGen       total 329728K, used 68296K [0x0000000080000000, 0x0000000094200000, 0x00000000d5580000)
  object space 329728K, 20% used [0x0000000080000000,0x00000000842b2090,0x0000000094200000)
 Metaspace       used 94336K, capacity 96498K, committed 99148K, reserved 1136640K
  class space    used 11204K, capacity 11577K, committed 12032K, reserved 1048576K
2023-10-09T14:15:13.383+0600: 2345377.626: [GC (Allocation Failure) [PSYoungGen: 97660K->9076K(101376K)] 165956K->77372K(431104K), 0.0210899 secs] [Times: user=0.03 sys=0.00, real=0.03 secs] 
Heap after GC invocations=654 (full 4):
 PSYoungGen      total 101376K, used 9076K [0x00000000d5580000, 0x00000000dc680000, 0x0000000100000000)
  eden space 88576K, 0% used [0x00000000d5580000,0x00000000d5580000,0x00000000dac00000)
  from space 12800K, 70% used [0x00000000db900000,0x00000000dc1dd270,0x00000000dc580000)
  to   space 13312K, 0% used [0x00000000dac00000,0x00000000dac00000,0x00000000db900000)
 ParOldGen       total 329728K, used 68296K [0x0000000080000000, 0x0000000094200000, 0x00000000d5580000)
  object space 329728K, 20% used [0x0000000080000000,0x00000000842b2090,0x0000000094200000)
 Metaspace       used 94336K, capacity 96498K, committed 99148K, reserved 1136640K
  class space    used 11204K, capacity 11577K, committed 12032K, reserved 1048576K
}
{Heap before GC invocations=655 (full 4):
 PSYoungGen      total 101376K, used 97652K [0x00000000d5580000, 0x00000000dc680000, 0x0000000100000000)
  eden space 88576K, 100% used [0x00000000d5580000,0x00000000dac00000,0x00000000dac00000)
  from space 12800K, 70% used [0x00000000db900000,0x00000000dc1dd270,0x00000000dc580000)
  to   space 13312K, 0% used [0x00000000dac00000,0x00000000dac00000,0x00000000db900000)
 ParOldGen       total 329728K, used 68296K [0x0000000080000000, 0x0000000094200000, 0x00000000d5580000)
  object space 329728K, 20% used [0x0000000080000000,0x00000000842b2090,0x0000000094200000)
 Metaspace       used 94342K, capacity 96510K, committed 99148K, reserved 1136640K
  class space    used 11205K, capacity 11579K, committed 12032K, reserved 1048576K
2023-10-09T14:51:42.862+0600: 2347567.105: [GC (Allocation Failure) [PSYoungGen: 97652K->7588K(101888K)] 165948K->75901K(431616K), 0.0171834 secs] [Times: user=0.03 sys=0.00, real=0.02 secs] 
Heap after GC invocations=655 (full 4):
 PSYoungGen      total 101888K, used 7588K [0x00000000d5580000, 0x00000000dc580000, 0x0000000100000000)
  eden space 88576K, 0% used [0x00000000d5580000,0x00000000d5580000,0x00000000dac00000)
  from space 13312K, 57% used [0x00000000dac00000,0x00000000db369390,0x00000000db900000)
  to   space 12800K, 0% used [0x00000000db900000,0x00000000db900000,0x00000000dc580000)
 ParOldGen       total 329728K, used 68312K [0x0000000080000000, 0x0000000094200000, 0x00000000d5580000)
  object space 329728K, 20% used [0x0000000080000000,0x00000000842b6090,0x0000000094200000)
 Metaspace       used 94342K, capacity 96510K, committed 99148K, reserved 1136640K
  class space    used 11205K, capacity 11579K, committed 12032K, reserved 1048576K
}
{Heap before GC invocations=656 (full 4):
 PSYoungGen      total 101888K, used 96164K [0x00000000d5580000, 0x00000000dc580000, 0x0000000100000000)
  eden space 88576K, 100% used [0x00000000d5580000,0x00000000dac00000,0x00000000dac00000)
  from space 13312K, 57% used [0x00000000dac00000,0x00000000db369390,0x00000000db900000)
  to   space 12800K, 0% used [0x00000000db900000,0x00000000db900000,0x00000000dc580000)
 ParOldGen       total 329728K, used 68312K [0x0000000080000000, 0x0000000094200000, 0x00000000d5580000)
  object space 329728K, 20% used [0x0000000080000000,0x00000000842b6090,0x0000000094200000)
 Metaspace       used 94351K, capacity 96540K, committed 99148K, reserved 1136640K
  class space    used 11208K, capacity 11584K, committed 12032K, reserved 1048576K
2023-10-09T15:41:51.494+0600: 2350575.737: [GC (Allocation Failure) [PSYoungGen: 96164K->6689K(100864K)] 164477K->75049K(430592K), 0.0188310 secs] [Times: user=0.01 sys=0.02, real=0.01 secs] 
Heap after GC invocations=656 (full 4):
 PSYoungGen      total 100864K, used 6689K [0x00000000d5580000, 0x00000000dc480000, 0x0000000100000000)
  eden space 89088K, 0% used [0x00000000d5580000,0x00000000d5580000,0x00000000dac80000)
  from space 11776K, 56% used [0x00000000db900000,0x00000000dbf88560,0x00000000dc480000)
  to   space 12288K, 0% used [0x00000000dac80000,0x00000000dac80000,0x00000000db880000)
 ParOldGen       total 329728K, used 68360K [0x0000000080000000, 0x0000000094200000, 0x00000000d5580000)
  object space 329728K, 20% used [0x0000000080000000,0x00000000842c2090,0x0000000094200000)
 Metaspace       used 94351K, capacity 96540K, committed 99148K, reserved 1136640K
  class space    used 11208K, capacity 11584K, committed 12032K, reserved 1048576K
}
{Heap before GC invocations=657 (full 4):
 PSYoungGen      total 100864K, used 95777K [0x00000000d5580000, 0x00000000dc480000, 0x0000000100000000)
  eden space 89088K, 100% used [0x00000000d5580000,0x00000000dac80000,0x00000000dac80000)
  from space 11776K, 56% used [0x00000000db900000,0x00000000dbf88560,0x00000000dc480000)
  to   space 12288K, 0% used [0x00000000dac80000,0x00000000dac80000,0x00000000db880000)
 ParOldGen       total 329728K, used 68360K [0x0000000080000000, 0x0000000094200000, 0x00000000d5580000)
  object space 329728K, 20% used [0x0000000080000000,0x00000000842c2090,0x0000000094200000)
 Metaspace       used 94351K, capacity 96540K, committed 99148K, reserved 1136640K
  class space    used 11208K, capacity 11584K, committed 12032K, reserved 1048576K
2023-10-09T16:22:25.041+0600: 2353009.284: [GC (Allocation Failure) [PSYoungGen: 95777K->7791K(101376K)] 164137K->76167K(431104K), 0.0146803 secs] [Times: user=0.03 sys=0.00, real=0.02 secs] 
Heap after GC invocations=657 (full 4):
 PSYoungGen      total 101376K, used 7791K [0x00000000d5580000, 0x00000000dc500000, 0x0000000100000000)
  eden space 89088K, 0% used [0x00000000d5580000,0x00000000d5580000,0x00000000dac80000)
  from space 12288K, 63% used [0x00000000dac80000,0x00000000db41bdc0,0x00000000db880000)
  to   space 12288K, 0% used [0x00000000db900000,0x00000000db900000,0x00000000dc500000)
 ParOldGen       total 329728K, used 68376K [0x0000000080000000, 0x0000000094200000, 0x00000000d5580000)
  object space 329728K, 20% used [0x0000000080000000,0x00000000842c6090,0x0000000094200000)
 Metaspace       used 94351K, capacity 96540K, committed 99148K, reserved 1136640K
  class space    used 11208K, capacity 11584K, committed 12032K, reserved 1048576K
}
{Heap before GC invocations=658 (full 4):
 PSYoungGen      total 101376K, used 96879K [0x00000000d5580000, 0x00000000dc500000, 0x0000000100000000)
  eden space 89088K, 100% used [0x00000000d5580000,0x00000000dac80000,0x00000000dac80000)
  from space 12288K, 63% used [0x00000000dac80000,0x00000000db41bdc0,0x00000000db880000)
  to   space 12288K, 0% used [0x00000000db900000,0x00000000db900000,0x00000000dc500000)
 ParOldGen       total 329728K, used 68376K [0x0000000080000000, 0x0000000094200000, 0x00000000d5580000)
  object space 329728K, 20% used [0x0000000080000000,0x00000000842c6090,0x0000000094200000)
 Metaspace       used 94351K, capacity 96540K, committed 99148K, reserved 1136640K
  class space    used 11208K, capacity 11584K, committed 12032K, reserved 1048576K
2023-10-09T17:19:03.631+0600: 2356407.874: [GC (Allocation Failure) [PSYoungGen: 96879K->5860K(100864K)] 165255K->74252K(430592K), 0.0212580 secs] [Times: user=0.03 sys=0.00, real=0.02 secs] 
Heap after GC invocations=658 (full 4):
 PSYoungGen      total 100864K, used 5860K [0x00000000d5580000, 0x00000000dc400000, 0x0000000100000000)
  eden space 89600K, 0% used [0x00000000d5580000,0x00000000d5580000,0x00000000dad00000)
  from space 11264K, 52% used [0x00000000db900000,0x00000000dbeb9020,0x00000000dc400000)
  to   space 11776K, 0% used [0x00000000dad00000,0x00000000dad00000,0x00000000db880000)
 ParOldGen       total 329728K, used 68392K [0x0000000080000000, 0x0000000094200000, 0x00000000d5580000)
  object space 329728K, 20% used [0x0000000080000000,0x00000000842ca090,0x0000000094200000)
 Metaspace       used 94351K, capacity 96540K, committed 99148K, reserved 1136640K
  class space    used 11208K, capacity 11584K, committed 12032K, reserved 1048576K
}
{Heap before GC invocations=659 (full 4):
 PSYoungGen      total 100864K, used 95460K [0x00000000d5580000, 0x00000000dc400000, 0x0000000100000000)
  eden space 89600K, 100% used [0x00000000d5580000,0x00000000dad00000,0x00000000dad00000)
  from space 11264K, 52% used [0x00000000db900000,0x00000000dbeb9020,0x00000000dc400000)
  to   space 11776K, 0% used [0x00000000dad00000,0x00000000dad00000,0x00000000db880000)
 ParOldGen       total 329728K, used 68392K [0x0000000080000000, 0x0000000094200000, 0x00000000d5580000)
  object space 329728K, 20% used [0x0000000080000000,0x00000000842ca090,0x0000000094200000)
 Metaspace       used 94351K, capacity 96540K, committed 99148K, reserved 1136640K
  class space    used 11208K, capacity 11584K, committed 12032K, reserved 1048576K
2023-10-09T18:17:04.179+0600: 2359888.422: [GC (Allocation Failure) [PSYoungGen: 95460K->5828K(101376K)] 163852K->74236K(431104K), 0.0174039 secs] [Times: user=0.03 sys=0.00, real=0.02 secs] 
Heap after GC invocations=659 (full 4):
 PSYoungGen      total 101376K, used 5828K [0x00000000d5580000, 0x00000000dc480000, 0x0000000100000000)
  eden space 89600K, 0% used [0x00000000d5580000,0x00000000d5580000,0x00000000dad00000)
  from space 11776K, 49% used [0x00000000dad00000,0x00000000db2b11a0,0x00000000db880000)
  to   space 11776K, 0% used [0x00000000db900000,0x00000000db900000,0x00000000dc480000)
 ParOldGen       total 329728K, used 68408K [0x0000000080000000, 0x0000000094200000, 0x00000000d5580000)
  object space 329728K, 20% used [0x0000000080000000,0x00000000842ce090,0x0000000094200000)
 Metaspace       used 94351K, capacity 96540K, committed 99148K, reserved 1136640K
  class space    used 11208K, capacity 11584K, committed 12032K, reserved 1048576K
}
{Heap before GC invocations=660 (full 4):
 PSYoungGen      total 101376K, used 95428K [0x00000000d5580000, 0x00000000dc480000, 0x0000000100000000)
  eden space 89600K, 100% used [0x00000000d5580000,0x00000000dad00000,0x00000000dad00000)
  from space 11776K, 49% used [0x00000000dad00000,0x00000000db2b11a0,0x00000000db880000)
  to   space 11776K, 0% used [0x00000000db900000,0x00000000db900000,0x00000000dc480000)
 ParOldGen       total 329728K, used 68408K [0x0000000080000000, 0x0000000094200000, 0x00000000d5580000)
  object space 329728K, 20% used [0x0000000080000000,0x00000000842ce090,0x0000000094200000)
 Metaspace       used 94385K, capacity 96624K, committed 99148K, reserved 1136640K
  class space    used 11215K, capacity 11598K, committed 12032K, reserved 1048576K
2023-10-09T19:15:17.535+0600: 2363381.778: [GC (Allocation Failure) [PSYoungGen: 95428K->5314K(100864K)] 163836K->73738K(430592K), 0.0186158 secs] [Times: user=0.03 sys=0.00, real=0.02 secs] 
Heap after GC invocations=660 (full 4):
 PSYoungGen      total 100864K, used 5314K [0x00000000d5580000, 0x00000000dc380000, 0x0000000100000000)
  eden space 90112K, 0% used [0x00000000d5580000,0x00000000d5580000,0x00000000dad80000)
  from space 10752K, 49% used [0x00000000db900000,0x00000000dbe30ad0,0x00000000dc380000)
  to   space 11264K, 0% used [0x00000000dad80000,0x00000000dad80000,0x00000000db880000)
 ParOldGen       total 329728K, used 68424K [0x0000000080000000, 0x0000000094200000, 0x00000000d5580000)
  object space 329728K, 20% used [0x0000000080000000,0x00000000842d2090,0x0000000094200000)
 Metaspace       used 94385K, capacity 96624K, committed 99148K, reserved 1136640K
  class space    used 11215K, capacity 11598K, committed 12032K, reserved 1048576K
}
{Heap before GC invocations=661 (full 4):
 PSYoungGen      total 100864K, used 95426K [0x00000000d5580000, 0x00000000dc380000, 0x0000000100000000)
  eden space 90112K, 100% used [0x00000000d5580000,0x00000000dad80000,0x00000000dad80000)
  from space 10752K, 49% used [0x00000000db900000,0x00000000dbe30ad0,0x00000000dc380000)
  to   space 11264K, 0% used [0x00000000dad80000,0x00000000dad80000,0x00000000db880000)
 ParOldGen       total 329728K, used 68424K [0x0000000080000000, 0x0000000094200000, 0x00000000d5580000)
  object space 329728K, 20% used [0x0000000080000000,0x00000000842d2090,0x0000000094200000)
 Metaspace       used 94389K, capacity 96624K, committed 99148K, reserved 1136640K
  class space    used 11215K, capacity 11598K, committed 12032K, reserved 1048576K
2023-10-09T20:06:05.915+0600: 2366430.158: [GC (Allocation Failure) [PSYoungGen: 95426K->6482K(101376K)] 163850K->74922K(431104K), 0.0192978 secs] [Times: user=0.03 sys=0.00, real=0.02 secs] 
Heap after GC invocations=661 (full 4):
 PSYoungGen      total 101376K, used 6482K [0x00000000d5580000, 0x00000000dc300000, 0x0000000100000000)
  eden space 90112K, 0% used [0x00000000d5580000,0x00000000d5580000,0x00000000dad80000)
  from space 11264K, 57% used [0x00000000dad80000,0x00000000db3d4890,0x00000000db880000)
  to   space 10752K, 0% used [0x00000000db880000,0x00000000db880000,0x00000000dc300000)
 ParOldGen       total 329728K, used 68440K [0x0000000080000000, 0x0000000094200000, 0x00000000d5580000)
  object space 329728K, 20% used [0x0000000080000000,0x00000000842d6090,0x0000000094200000)
 Metaspace       used 94389K, capacity 96624K, committed 99148K, reserved 1136640K
  class space    used 11215K, capacity 11598K, committed 12032K, reserved 1048576K
}
{Heap before GC invocations=662 (full 4):
 PSYoungGen      total 101376K, used 96594K [0x00000000d5580000, 0x00000000dc300000, 0x0000000100000000)
  eden space 90112K, 99% used [0x00000000d5580000,0x00000000dad7fff8,0x00000000dad80000)
  from space 11264K, 57% used [0x00000000dad80000,0x00000000db3d4890,0x00000000db880000)
  to   space 10752K, 0% used [0x00000000db880000,0x00000000db880000,0x00000000dc300000)
 ParOldGen       total 329728K, used 68440K [0x0000000080000000, 0x0000000094200000, 0x00000000d5580000)
  object space 329728K, 20% used [0x0000000080000000,0x00000000842d6090,0x0000000094200000)
 Metaspace       used 94389K, capacity 96624K, committed 99148K, reserved 1136640K
  class space    used 11215K, capacity 11598K, committed 12032K, reserved 1048576K
2023-10-09T21:04:08.283+0600: 2369912.526: [GC (Allocation Failure) [PSYoungGen: 96594K->4467K(101376K)] 165034K->72923K(431104K), 0.0187408 secs] [Times: user=0.03 sys=0.00, real=0.02 secs] 
Heap after GC invocations=662 (full 4):
 PSYoungGen      total 101376K, used 4467K [0x00000000d5580000, 0x00000000dc300000, 0x0000000100000000)
  eden space 90624K, 0% used [0x00000000d5580000,0x00000000d5580000,0x00000000dae00000)
  from space 10752K, 41% used [0x00000000db880000,0x00000000dbcdcc90,0x00000000dc300000)
  to   space 10752K, 0% used [0x00000000dae00000,0x00000000dae00000,0x00000000db880000)
 ParOldGen       total 329728K, used 68456K [0x0000000080000000, 0x0000000094200000, 0x00000000d5580000)
  object space 329728K, 20% used [0x0000000080000000,0x00000000842da090,0x0000000094200000)
 Metaspace       used 94389K, capacity 96624K, committed 99148K, reserved 1136640K
  class space    used 11215K, capacity 11598K, committed 12032K, reserved 1048576K
}
{Heap before GC invocations=663 (full 4):
 PSYoungGen      total 101376K, used 95091K [0x00000000d5580000, 0x00000000dc300000, 0x0000000100000000)
  eden space 90624K, 100% used [0x00000000d5580000,0x00000000dae00000,0x00000000dae00000)
  from space 10752K, 41% used [0x00000000db880000,0x00000000dbcdcc90,0x00000000dc300000)
  to   space 10752K, 0% used [0x00000000dae00000,0x00000000dae00000,0x00000000db880000)
 ParOldGen       total 329728K, used 68456K [0x0000000080000000, 0x0000000094200000, 0x00000000d5580000)
  object space 329728K, 20% used [0x0000000080000000,0x00000000842da090,0x0000000094200000)
 Metaspace       used 94389K, capacity 96624K, committed 99148K, reserved 1136640K
  class space    used 11215K, capacity 11598K, committed 12032K, reserved 1048576K
2023-10-09T22:18:57.401+0600: 2374401.644: [GC (Allocation Failure) [PSYoungGen: 95091K->3378K(101376K)] 163547K->71858K(431104K), 0.0166497 secs] [Times: user=0.03 sys=0.00, real=0.02 secs] 
Heap after GC invocations=663 (full 4):
 PSYoungGen      total 101376K, used 3378K [0x00000000d5580000, 0x00000000dc480000, 0x0000000100000000)
  eden space 90624K, 0% used [0x00000000d5580000,0x00000000d5580000,0x00000000dae00000)
  from space 10752K, 31% used [0x00000000dae00000,0x00000000db14c810,0x00000000db880000)
  to   space 11264K, 0% used [0x00000000db980000,0x00000000db980000,0x00000000dc480000)
 ParOldGen       total 329728K, used 68480K [0x0000000080000000, 0x0000000094200000, 0x00000000d5580000)
  object space 329728K, 20% used [0x0000000080000000,0x00000000842e0090,0x0000000094200000)
 Metaspace       used 94389K, capacity 96624K, committed 99148K, reserved 1136640K
  class space    used 11215K, capacity 11598K, committed 12032K, reserved 1048576K
}
{Heap before GC invocations=664 (full 4):
 PSYoungGen      total 101376K, used 94000K [0x00000000d5580000, 0x00000000dc480000, 0x0000000100000000)
  eden space 90624K, 99% used [0x00000000d5580000,0x00000000dadffac8,0x00000000dae00000)
  from space 10752K, 31% used [0x00000000dae00000,0x00000000db14c810,0x00000000db880000)
  to   space 11264K, 0% used [0x00000000db980000,0x00000000db980000,0x00000000dc480000)
 ParOldGen       total 329728K, used 68480K [0x0000000080000000, 0x0000000094200000, 0x00000000d5580000)
  object space 329728K, 20% used [0x0000000080000000,0x00000000842e0090,0x0000000094200000)
 Metaspace       used 94389K, capacity 96624K, committed 99148K, reserved 1136640K
  class space    used 11215K, capacity 11598K, committed 12032K, reserved 1048576K
2023-10-09T23:31:50.165+0600: 2378774.408: [GC (Allocation Failure) [PSYoungGen: 94000K->3346K(102400K)] 162480K->71890K(432128K), 0.0129535 secs] [Times: user=0.03 sys=0.00, real=0.01 secs] 
Heap after GC invocations=664 (full 4):
 PSYoungGen      total 102400K, used 3346K [0x00000000d5580000, 0x00000000dc480000, 0x0000000100000000)
  eden space 91136K, 0% used [0x00000000d5580000,0x00000000d5580000,0x00000000dae80000)
  from space 11264K, 29% used [0x00000000db980000,0x00000000dbcc4810,0x00000000dc480000)
  to   space 11264K, 0% used [0x00000000dae80000,0x00000000dae80000,0x00000000db980000)
 ParOldGen       total 329728K, used 68544K [0x0000000080000000, 0x0000000094200000, 0x00000000d5580000)
  object space 329728K, 20% used [0x0000000080000000,0x00000000842f0090,0x0000000094200000)
 Metaspace       used 94389K, capacity 96624K, committed 99148K, reserved 1136640K
  class space    used 11215K, capacity 11598K, committed 12032K, reserved 1048576K
}
{Heap before GC invocations=665 (full 4):
 PSYoungGen      total 102400K, used 94482K [0x00000000d5580000, 0x00000000dc480000, 0x0000000100000000)
  eden space 91136K, 100% used [0x00000000d5580000,0x00000000dae80000,0x00000000dae80000)
  from space 11264K, 29% used [0x00000000db980000,0x00000000dbcc4810,0x00000000dc480000)
  to   space 11264K, 0% used [0x00000000dae80000,0x00000000dae80000,0x00000000db980000)
 ParOldGen       total 329728K, used 68544K [0x0000000080000000, 0x0000000094200000, 0x00000000d5580000)
  object space 329728K, 20% used [0x0000000080000000,0x00000000842f0090,0x0000000094200000)
 Metaspace       used 94389K, capacity 96624K, committed 99148K, reserved 1136640K
  class space    used 11215K, capacity 11598K, committed 12032K, reserved 1048576K
2023-10-10T00:45:41.747+0600: 2383205.991: [GC (Allocation Failure) [PSYoungGen: 94482K->3282K(102400K)] 163026K->71866K(432128K), 0.0172930 secs] [Times: user=0.03 sys=0.00, real=0.02 secs] 
Heap after GC invocations=665 (full 4):
 PSYoungGen      total 102400K, used 3282K [0x00000000d5580000, 0x00000000dc500000, 0x0000000100000000)
  eden space 91136K, 0% used [0x00000000d5580000,0x00000000d5580000,0x00000000dae80000)
  from space 11264K, 29% used [0x00000000dae80000,0x00000000db1b4810,0x00000000db980000)
  to   space 11264K, 0% used [0x00000000dba00000,0x00000000dba00000,0x00000000dc500000)
 ParOldGen       total 329728K, used 68584K [0x0000000080000000, 0x0000000094200000, 0x00000000d5580000)
  object space 329728K, 20% used [0x0000000080000000,0x00000000842fa090,0x0000000094200000)
 Metaspace       used 94389K, capacity 96624K, committed 99148K, reserved 1136640K
  class space    used 11215K, capacity 11598K, committed 12032K, reserved 1048576K
}
{Heap before GC invocations=666 (full 4):
 PSYoungGen      total 102400K, used 94418K [0x00000000d5580000, 0x00000000dc500000, 0x0000000100000000)
  eden space 91136K, 100% used [0x00000000d5580000,0x00000000dae80000,0x00000000dae80000)
  from space 11264K, 29% used [0x00000000dae80000,0x00000000db1b4810,0x00000000db980000)
  to   space 11264K, 0% used [0x00000000dba00000,0x00000000dba00000,0x00000000dc500000)
 ParOldGen       total 329728K, used 68584K [0x0000000080000000, 0x0000000094200000, 0x00000000d5580000)
  object space 329728K, 20% used [0x0000000080000000,0x00000000842fa090,0x0000000094200000)
 Metaspace       used 94389K, capacity 96624K, committed 99148K, reserved 1136640K
  class space    used 11215K, capacity 11598K, committed 12032K, reserved 1048576K
2023-10-10T02:00:22.492+0600: 2387686.735: [GC (Allocation Failure) [PSYoungGen: 94418K->3296K(101888K)] 163002K->71912K(431616K), 0.0184546 secs] [Times: user=0.03 sys=0.00, real=0.02 secs] 
Heap after GC invocations=666 (full 4):
 PSYoungGen      total 101888K, used 3296K [0x00000000d5580000, 0x00000000dc400000, 0x0000000100000000)
  eden space 91648K, 0% used [0x00000000d5580000,0x00000000d5580000,0x00000000daf00000)
  from space 10240K, 32% used [0x00000000dba00000,0x00000000dbd38000,0x00000000dc400000)
  to   space 10752K, 0% used [0x00000000daf00000,0x00000000daf00000,0x00000000db980000)
 ParOldGen       total 329728K, used 68616K [0x0000000080000000, 0x0000000094200000, 0x00000000d5580000)
  object space 329728K, 20% used [0x0000000080000000,0x0000000084302090,0x0000000094200000)
 Metaspace       used 94389K, capacity 96624K, committed 99148K, reserved 1136640K
  class space    used 11215K, capacity 11598K, committed 12032K, reserved 1048576K
}
{Heap before GC invocations=667 (full 4):
 PSYoungGen      total 101888K, used 94944K [0x00000000d5580000, 0x00000000dc400000, 0x0000000100000000)
  eden space 91648K, 100% used [0x00000000d5580000,0x00000000daf00000,0x00000000daf00000)
  from space 10240K, 32% used [0x00000000dba00000,0x00000000dbd38000,0x00000000dc400000)
  to   space 10752K, 0% used [0x00000000daf00000,0x00000000daf00000,0x00000000db980000)
 ParOldGen       total 329728K, used 68616K [0x0000000080000000, 0x0000000094200000, 0x00000000d5580000)
  object space 329728K, 20% used [0x0000000080000000,0x0000000084302090,0x0000000094200000)
 Metaspace       used 94389K, capacity 96624K, committed 99148K, reserved 1136640K
  class space    used 11215K, capacity 11598K, committed 12032K, reserved 1048576K
2023-10-10T03:15:28.521+0600: 2392192.765: [GC (Allocation Failure) [PSYoungGen: 94944K->3264K(102400K)] 163560K->71912K(432128K), 0.0170906 secs] [Times: user=0.03 sys=0.00, real=0.02 secs] 
Heap after GC invocations=667 (full 4):
 PSYoungGen      total 102400K, used 3264K [0x00000000d5580000, 0x00000000dc480000, 0x0000000100000000)
  eden space 91648K, 0% used [0x00000000d5580000,0x00000000d5580000,0x00000000daf00000)
  from space 10752K, 30% used [0x00000000daf00000,0x00000000db230000,0x00000000db980000)
  to   space 10752K, 0% used [0x00000000dba00000,0x00000000dba00000,0x00000000dc480000)
 ParOldGen       total 329728K, used 68648K [0x0000000080000000, 0x0000000094200000, 0x00000000d5580000)
  object space 329728K, 20% used [0x0000000080000000,0x000000008430a090,0x0000000094200000)
 Metaspace       used 94389K, capacity 96624K, committed 99148K, reserved 1136640K
  class space    used 11215K, capacity 11598K, committed 12032K, reserved 1048576K
}
{Heap before GC invocations=668 (full 4):
 PSYoungGen      total 102400K, used 94912K [0x00000000d5580000, 0x00000000dc480000, 0x0000000100000000)
  eden space 91648K, 100% used [0x00000000d5580000,0x00000000daf00000,0x00000000daf00000)
  from space 10752K, 30% used [0x00000000daf00000,0x00000000db230000,0x00000000db980000)
  to   space 10752K, 0% used [0x00000000dba00000,0x00000000dba00000,0x00000000dc480000)
 ParOldGen       total 329728K, used 68648K [0x0000000080000000, 0x0000000094200000, 0x00000000d5580000)
  object space 329728K, 20% used [0x0000000080000000,0x000000008430a090,0x0000000094200000)
 Metaspace       used 94389K, capacity 96624K, committed 99148K, reserved 1136640K
  class space    used 11215K, capacity 11598K, committed 12032K, reserved 1048576K
2023-10-10T04:29:02.515+0600: 2396606.758: [GC (Allocation Failure) [PSYoungGen: 94912K->3136K(102912K)] 163560K->71896K(432640K), 0.0160022 secs] [Times: user=0.03 sys=0.00, real=0.01 secs] 
Heap after GC invocations=668 (full 4):
 PSYoungGen      total 102912K, used 3136K [0x00000000d5580000, 0x00000000dc480000, 0x0000000100000000)
  eden space 92160K, 0% used [0x00000000d5580000,0x00000000d5580000,0x00000000daf80000)
  from space 10752K, 29% used [0x00000000dba00000,0x00000000dbd10000,0x00000000dc480000)
  to   space 10752K, 0% used [0x00000000daf80000,0x00000000daf80000,0x00000000dba00000)
 ParOldGen       total 329728K, used 68760K [0x0000000080000000, 0x0000000094200000, 0x00000000d5580000)
  object space 329728K, 20% used [0x0000000080000000,0x0000000084326090,0x0000000094200000)
 Metaspace       used 94389K, capacity 96624K, committed 99148K, reserved 1136640K
  class space    used 11215K, capacity 11598K, committed 12032K, reserved 1048576K
}
{Heap before GC invocations=669 (full 4):
 PSYoungGen      total 102912K, used 95296K [0x00000000d5580000, 0x00000000dc480000, 0x0000000100000000)
  eden space 92160K, 100% used [0x00000000d5580000,0x00000000daf80000,0x00000000daf80000)
  from space 10752K, 29% used [0x00000000dba00000,0x00000000dbd10000,0x00000000dc480000)
  to   space 10752K, 0% used [0x00000000daf80000,0x00000000daf80000,0x00000000dba00000)
 ParOldGen       total 329728K, used 68760K [0x0000000080000000, 0x0000000094200000, 0x00000000d5580000)
  object space 329728K, 20% used [0x0000000080000000,0x0000000084326090,0x0000000094200000)
 Metaspace       used 94389K, capacity 96624K, committed 99148K, reserved 1136640K
  class space    used 11215K, capacity 11598K, committed 12032K, reserved 1048576K
2023-10-10T05:44:13.314+0600: 2401117.557: [GC (Allocation Failure) [PSYoungGen: 95296K->3136K(102912K)] 164056K->71952K(432640K), 0.0157289 secs] [Times: user=0.02 sys=0.00, real=0.01 secs] 
Heap after GC invocations=669 (full 4):
 PSYoungGen      total 102912K, used 3136K [0x00000000d5580000, 0x00000000dc400000, 0x0000000100000000)
  eden space 92160K, 0% used [0x00000000d5580000,0x00000000d5580000,0x00000000daf80000)
  from space 10752K, 29% used [0x00000000daf80000,0x00000000db290000,0x00000000dba00000)
  to   space 10240K, 0% used [0x00000000dba00000,0x00000000dba00000,0x00000000dc400000)
 ParOldGen       total 329728K, used 68816K [0x0000000080000000, 0x0000000094200000, 0x00000000d5580000)
  object space 329728K, 20% used [0x0000000080000000,0x0000000084334090,0x0000000094200000)
 Metaspace       used 94389K, capacity 96624K, committed 99148K, reserved 1136640K
  class space    used 11215K, capacity 11598K, committed 12032K, reserved 1048576K
}
{Heap before GC invocations=670 (full 4):
 PSYoungGen      total 102912K, used 95296K [0x00000000d5580000, 0x00000000dc400000, 0x0000000100000000)
  eden space 92160K, 100% used [0x00000000d5580000,0x00000000daf80000,0x00000000daf80000)
  from space 10752K, 29% used [0x00000000daf80000,0x00000000db290000,0x00000000dba00000)
  to   space 10240K, 0% used [0x00000000dba00000,0x00000000dba00000,0x00000000dc400000)
 ParOldGen       total 329728K, used 68816K [0x0000000080000000, 0x0000000094200000, 0x00000000d5580000)
  object space 329728K, 20% used [0x0000000080000000,0x0000000084334090,0x0000000094200000)
 Metaspace       used 94389K, capacity 96624K, committed 99148K, reserved 1136640K
  class space    used 11215K, capacity 11598K, committed 12032K, reserved 1048576K
2023-10-10T06:58:52.154+0600: 2405596.397: [GC (Allocation Failure) [PSYoungGen: 95296K->3040K(102912K)] 164112K->71930K(432640K), 0.0167457 secs] [Times: user=0.02 sys=0.02, real=0.01 secs] 
Heap after GC invocations=670 (full 4):
 PSYoungGen      total 102912K, used 3040K [0x00000000d5580000, 0x00000000dc400000, 0x0000000100000000)
  eden space 92672K, 0% used [0x00000000d5580000,0x00000000d5580000,0x00000000db000000)
  from space 10240K, 29% used [0x00000000dba00000,0x00000000dbcf8000,0x00000000dc400000)
  to   space 10240K, 0% used [0x00000000db000000,0x00000000db000000,0x00000000dba00000)
 ParOldGen       total 329728K, used 68890K [0x0000000080000000, 0x0000000094200000, 0x00000000d5580000)
  object space 329728K, 20% used [0x0000000080000000,0x00000000843468d0,0x0000000094200000)
 Metaspace       used 94389K, capacity 96624K, committed 99148K, reserved 1136640K
  class space    used 11215K, capacity 11598K, committed 12032K, reserved 1048576K
}
{Heap before GC invocations=671 (full 4):
 PSYoungGen      total 102912K, used 95712K [0x00000000d5580000, 0x00000000dc400000, 0x0000000100000000)
  eden space 92672K, 100% used [0x00000000d5580000,0x00000000db000000,0x00000000db000000)
  from space 10240K, 29% used [0x00000000dba00000,0x00000000dbcf8000,0x00000000dc400000)
  to   space 10240K, 0% used [0x00000000db000000,0x00000000db000000,0x00000000dba00000)
 ParOldGen       total 329728K, used 68890K [0x0000000080000000, 0x0000000094200000, 0x00000000d5580000)
  object space 329728K, 20% used [0x0000000080000000,0x00000000843468d0,0x0000000094200000)
 Metaspace       used 94391K, capacity 96624K, committed 99148K, reserved 1136640K
  class space    used 11215K, capacity 11598K, committed 12032K, reserved 1048576K
2023-10-10T08:14:35.774+0600: 2410140.017: [GC (Allocation Failure) [PSYoungGen: 95712K->2976K(102912K)] 164602K->71922K(432640K), 0.0151786 secs] [Times: user=0.02 sys=0.00, real=0.01 secs] 
Heap after GC invocations=671 (full 4):
 PSYoungGen      total 102912K, used 2976K [0x00000000d5580000, 0x00000000dc380000, 0x0000000100000000)
  eden space 92672K, 0% used [0x00000000d5580000,0x00000000d5580000,0x00000000db000000)
  from space 10240K, 29% used [0x00000000db000000,0x00000000db2e8000,0x00000000dba00000)
  to   space 9728K, 0% used [0x00000000dba00000,0x00000000dba00000,0x00000000dc380000)
 ParOldGen       total 329728K, used 68946K [0x0000000080000000, 0x0000000094200000, 0x00000000d5580000)
  object space 329728K, 20% used [0x0000000080000000,0x00000000843548d0,0x0000000094200000)
 Metaspace       used 94391K, capacity 96624K, committed 99148K, reserved 1136640K
  class space    used 11215K, capacity 11598K, committed 12032K, reserved 1048576K
}
{Heap before GC invocations=672 (full 4):
 PSYoungGen      total 102912K, used 95648K [0x00000000d5580000, 0x00000000dc380000, 0x0000000100000000)
  eden space 92672K, 100% used [0x00000000d5580000,0x00000000db000000,0x00000000db000000)
  from space 10240K, 29% used [0x00000000db000000,0x00000000db2e8000,0x00000000dba00000)
  to   space 9728K, 0% used [0x00000000dba00000,0x00000000dba00000,0x00000000dc380000)
 ParOldGen       total 329728K, used 68946K [0x0000000080000000, 0x0000000094200000, 0x00000000d5580000)
  object space 329728K, 20% used [0x0000000080000000,0x00000000843548d0,0x0000000094200000)
 Metaspace       used 94391K, capacity 96624K, committed 99148K, reserved 1136640K
  class space    used 11215K, capacity 11598K, committed 12032K, reserved 1048576K
2023-10-10T09:29:34.343+0600: 2414638.586: [GC (Allocation Failure) [PSYoungGen: 95648K->2816K(102912K)] 164594K->71959K(432640K), 0.0141397 secs] [Times: user=0.03 sys=0.00, real=0.02 secs] 
Heap after GC invocations=672 (full 4):
 PSYoungGen      total 102912K, used 2816K [0x00000000d5580000, 0x00000000dc380000, 0x0000000100000000)
  eden space 93184K, 0% used [0x00000000d5580000,0x00000000d5580000,0x00000000db080000)
  from space 9728K, 28% used [0x00000000dba00000,0x00000000dbcc0000,0x00000000dc380000)
  to   space 9728K, 0% used [0x00000000db080000,0x00000000db080000,0x00000000dba00000)
 ParOldGen       total 329728K, used 69143K [0x0000000080000000, 0x0000000094200000, 0x00000000d5580000)
  object space 329728K, 20% used [0x0000000080000000,0x0000000084385c58,0x0000000094200000)
 Metaspace       used 94391K, capacity 96624K, committed 99148K, reserved 1136640K
  class space    used 11215K, capacity 11598K, committed 12032K, reserved 1048576K
}
{Heap before GC invocations=673 (full 4):
 PSYoungGen      total 102912K, used 95995K [0x00000000d5580000, 0x00000000dc380000, 0x0000000100000000)
  eden space 93184K, 99% used [0x00000000d5580000,0x00000000db07ed50,0x00000000db080000)
  from space 9728K, 28% used [0x00000000dba00000,0x00000000dbcc0000,0x00000000dc380000)
  to   space 9728K, 0% used [0x00000000db080000,0x00000000db080000,0x00000000dba00000)
 ParOldGen       total 329728K, used 69143K [0x0000000080000000, 0x0000000094200000, 0x00000000d5580000)
  object space 329728K, 20% used [0x0000000080000000,0x0000000084385c58,0x0000000094200000)
 Metaspace       used 94406K, capacity 96660K, committed 99148K, reserved 1136640K
  class space    used 11219K, capacity 11604K, committed 12032K, reserved 1048576K
2023-10-10T10:34:09.463+0600: 2418513.706: [GC (Allocation Failure) [PSYoungGen: 95995K->4130K(102912K)] 165138K->73358K(432640K), 0.0174941 secs] [Times: user=0.03 sys=0.00, real=0.02 secs] 
Heap after GC invocations=673 (full 4):
 PSYoungGen      total 102912K, used 4130K [0x00000000d5580000, 0x00000000dc300000, 0x0000000100000000)
  eden space 93184K, 0% used [0x00000000d5580000,0x00000000d5580000,0x00000000db080000)
  from space 9728K, 42% used [0x00000000db080000,0x00000000db488910,0x00000000dba00000)
  to   space 9216K, 0% used [0x00000000dba00000,0x00000000dba00000,0x00000000dc300000)
 ParOldGen       total 329728K, used 69228K [0x0000000080000000, 0x0000000094200000, 0x00000000d5580000)
  object space 329728K, 20% used [0x0000000080000000,0x000000008439b008,0x0000000094200000)
 Metaspace       used 94406K, capacity 96660K, committed 99148K, reserved 1136640K
  class space    used 11219K, capacity 11604K, committed 12032K, reserved 1048576K
}
{Heap before GC invocations=674 (full 4):
 PSYoungGen      total 102912K, used 97314K [0x00000000d5580000, 0x00000000dc300000, 0x0000000100000000)
  eden space 93184K, 100% used [0x00000000d5580000,0x00000000db080000,0x00000000db080000)
  from space 9728K, 42% used [0x00000000db080000,0x00000000db488910,0x00000000dba00000)
  to   space 9216K, 0% used [0x00000000dba00000,0x00000000dba00000,0x00000000dc300000)
 ParOldGen       total 329728K, used 69228K [0x0000000080000000, 0x0000000094200000, 0x00000000d5580000)
  object space 329728K, 20% used [0x0000000080000000,0x000000008439b008,0x0000000094200000)
 Metaspace       used 94425K, capacity 96708K, committed 99148K, reserved 1136640K
  class space    used 11223K, capacity 11612K, committed 12032K, reserved 1048576K
2023-10-10T11:29:56.658+0600: 2421860.901: [GC (Allocation Failure) [PSYoungGen: 97314K->4832K(101888K)] 166542K->74181K(431616K), 0.0136273 secs] [Times: user=0.03 sys=0.00, real=0.01 secs] 
Heap after GC invocations=674 (full 4):
 PSYoungGen      total 101888K, used 4832K [0x00000000d5580000, 0x00000000dc200000, 0x0000000100000000)
  eden space 93696K, 0% used [0x00000000d5580000,0x00000000d5580000,0x00000000db100000)
  from space 8192K, 58% used [0x00000000dba00000,0x00000000dbeb8080,0x00000000dc200000)
  to   space 8704K, 0% used [0x00000000db100000,0x00000000db100000,0x00000000db980000)
 ParOldGen       total 329728K, used 69349K [0x0000000080000000, 0x0000000094200000, 0x00000000d5580000)
  object space 329728K, 21% used [0x0000000080000000,0x00000000843b9688,0x0000000094200000)
 Metaspace       used 94425K, capacity 96708K, committed 99148K, reserved 1136640K
  class space    used 11223K, capacity 11612K, committed 12032K, reserved 1048576K
}
{Heap before GC invocations=675 (full 4):
 PSYoungGen      total 101888K, used 98528K [0x00000000d5580000, 0x00000000dc200000, 0x0000000100000000)
  eden space 93696K, 100% used [0x00000000d5580000,0x00000000db100000,0x00000000db100000)
  from space 8192K, 58% used [0x00000000dba00000,0x00000000dbeb8080,0x00000000dc200000)
  to   space 8704K, 0% used [0x00000000db100000,0x00000000db100000,0x00000000db980000)
 ParOldGen       total 329728K, used 69349K [0x0000000080000000, 0x0000000094200000, 0x00000000d5580000)
  object space 329728K, 21% used [0x0000000080000000,0x00000000843b9688,0x0000000094200000)
 Metaspace       used 94435K, capacity 96708K, committed 99148K, reserved 1136640K
  class space    used 11224K, capacity 11612K, committed 12032K, reserved 1048576K
2023-10-10T12:29:13.263+0600: 2425417.506: [GC (Allocation Failure) [PSYoungGen: 98528K->5346K(102400K)] 167877K->74813K(432128K), 0.0183779 secs] [Times: user=0.03 sys=0.00, real=0.02 secs] 
Heap after GC invocations=675 (full 4):
 PSYoungGen      total 102400K, used 5346K [0x00000000d5580000, 0x00000000dc280000, 0x0000000100000000)
  eden space 93696K, 0% used [0x00000000d5580000,0x00000000d5580000,0x00000000db100000)
  from space 8704K, 61% used [0x00000000db100000,0x00000000db638970,0x00000000db980000)
  to   space 8704K, 0% used [0x00000000dba00000,0x00000000dba00000,0x00000000dc280000)
 ParOldGen       total 329728K, used 69466K [0x0000000080000000, 0x0000000094200000, 0x00000000d5580000)
  object space 329728K, 21% used [0x0000000080000000,0x00000000843d6be8,0x0000000094200000)
 Metaspace       used 94435K, capacity 96708K, committed 99148K, reserved 1136640K
  class space    used 11224K, capacity 11612K, committed 12032K, reserved 1048576K
}
{Heap before GC invocations=676 (full 4):
 PSYoungGen      total 102400K, used 99042K [0x00000000d5580000, 0x00000000dc280000, 0x0000000100000000)
  eden space 93696K, 100% used [0x00000000d5580000,0x00000000db100000,0x00000000db100000)
  from space 8704K, 61% used [0x00000000db100000,0x00000000db638970,0x00000000db980000)
  to   space 8704K, 0% used [0x00000000dba00000,0x00000000dba00000,0x00000000dc280000)
 ParOldGen       total 329728K, used 69466K [0x0000000080000000, 0x0000000094200000, 0x00000000d5580000)
  object space 329728K, 21% used [0x0000000080000000,0x00000000843d6be8,0x0000000094200000)
 Metaspace       used 94442K, capacity 96708K, committed 99148K, reserved 1136640K
  class space    used 11224K, capacity 11612K, committed 12032K, reserved 1048576K
2023-10-10T13:32:54.358+0600: 2429238.602: [GC (Allocation Failure) [PSYoungGen: 99042K->5155K(102912K)] 168509K->74715K(432640K), 0.0199019 secs] [Times: user=0.03 sys=0.00, real=0.02 secs] 
Heap after GC invocations=676 (full 4):
 PSYoungGen      total 102912K, used 5155K [0x00000000d5580000, 0x00000000dc280000, 0x0000000100000000)
  eden space 94208K, 0% used [0x00000000d5580000,0x00000000d5580000,0x00000000db180000)
  from space 8704K, 59% used [0x00000000dba00000,0x00000000dbf08dd0,0x00000000dc280000)
  to   space 8704K, 0% used [0x00000000db180000,0x00000000db180000,0x00000000dba00000)
 ParOldGen       total 329728K, used 69560K [0x0000000080000000, 0x0000000094200000, 0x00000000d5580000)
  object space 329728K, 21% used [0x0000000080000000,0x00000000843ee118,0x0000000094200000)
 Metaspace       used 94442K, capacity 96708K, committed 99148K, reserved 1136640K
  class space    used 11224K, capacity 11612K, committed 12032K, reserved 1048576K
}
{Heap before GC invocations=677 (full 4):
 PSYoungGen      total 102912K, used 99363K [0x00000000d5580000, 0x00000000dc280000, 0x0000000100000000)
  eden space 94208K, 100% used [0x00000000d5580000,0x00000000db180000,0x00000000db180000)
  from space 8704K, 59% used [0x00000000dba00000,0x00000000dbf08dd0,0x00000000dc280000)
  to   space 8704K, 0% used [0x00000000db180000,0x00000000db180000,0x00000000dba00000)
 ParOldGen       total 329728K, used 69560K [0x0000000080000000, 0x0000000094200000, 0x00000000d5580000)
  object space 329728K, 21% used [0x0000000080000000,0x00000000843ee118,0x0000000094200000)
 Metaspace       used 94442K, capacity 96708K, committed 99148K, reserved 1136640K
  class space    used 11224K, capacity 11612K, committed 12032K, reserved 1048576K
2023-10-10T14:24:15.880+0600: 2432320.123: [GC (Allocation Failure) [PSYoungGen: 99363K->6082K(102912K)] 168923K->75710K(432640K), 0.0153225 secs] [Times: user=0.01 sys=0.01, real=0.02 secs] 
Heap after GC invocations=677 (full 4):
 PSYoungGen      total 102912K, used 6082K [0x00000000d5580000, 0x00000000dc300000, 0x0000000100000000)
  eden space 94208K, 0% used [0x00000000d5580000,0x00000000d5580000,0x00000000db180000)
  from space 8704K, 69% used [0x00000000db180000,0x00000000db770be0,0x00000000dba00000)
  to   space 8704K, 0% used [0x00000000dba80000,0x00000000dba80000,0x00000000dc300000)
 ParOldGen       total 329728K, used 69627K [0x0000000080000000, 0x0000000094200000, 0x00000000d5580000)
  object space 329728K, 21% used [0x0000000080000000,0x00000000843fec60,0x0000000094200000)
 Metaspace       used 94442K, capacity 96708K, committed 99148K, reserved 1136640K
  class space    used 11224K, capacity 11612K, committed 12032K, reserved 1048576K
}
{Heap before GC invocations=678 (full 4):
 PSYoungGen      total 102912K, used 100290K [0x00000000d5580000, 0x00000000dc300000, 0x0000000100000000)
  eden space 94208K, 100% used [0x00000000d5580000,0x00000000db180000,0x00000000db180000)
  from space 8704K, 69% used [0x00000000db180000,0x00000000db770be0,0x00000000dba00000)
  to   space 8704K, 0% used [0x00000000dba80000,0x00000000dba80000,0x00000000dc300000)
 ParOldGen       total 329728K, used 69627K [0x0000000080000000, 0x0000000094200000, 0x00000000d5580000)
  object space 329728K, 21% used [0x0000000080000000,0x00000000843fec60,0x0000000094200000)
 Metaspace       used 94462K, capacity 96744K, committed 99148K, reserved 1136640K
  class space    used 11227K, capacity 11618K, committed 12032K, reserved 1048576K
2023-10-10T15:13:58.439+0600: 2435302.682: [GC (Allocation Failure) [PSYoungGen: 100290K->6497K(102912K)] 169918K->76124K(432640K), 0.0201790 secs] [Times: user=0.04 sys=0.00, real=0.02 secs] 
Heap after GC invocations=678 (full 4):
 PSYoungGen      total 102912K, used 6497K [0x00000000d5580000, 0x00000000dc400000, 0x0000000100000000)
  eden space 94208K, 0% used [0x00000000d5580000,0x00000000d5580000,0x00000000db180000)
  from space 8704K, 74% used [0x00000000dba80000,0x00000000dc0d8770,0x00000000dc300000)
  to   space 9216K, 0% used [0x00000000db180000,0x00000000db180000,0x00000000dba80000)
 ParOldGen       total 329728K, used 69627K [0x0000000080000000, 0x0000000094200000, 0x00000000d5580000)
  object space 329728K, 21% used [0x0000000080000000,0x00000000843fec60,0x0000000094200000)
 Metaspace       used 94462K, capacity 96744K, committed 99148K, reserved 1136640K
  class space    used 11227K, capacity 11618K, committed 12032K, reserved 1048576K
}
{Heap before GC invocations=679 (full 4):
 PSYoungGen      total 102912K, used 100705K [0x00000000d5580000, 0x00000000dc400000, 0x0000000100000000)
  eden space 94208K, 100% used [0x00000000d5580000,0x00000000db180000,0x00000000db180000)
  from space 8704K, 74% used [0x00000000dba80000,0x00000000dc0d8770,0x00000000dc300000)
  to   space 9216K, 0% used [0x00000000db180000,0x00000000db180000,0x00000000dba80000)
 ParOldGen       total 329728K, used 69627K [0x0000000080000000, 0x0000000094200000, 0x00000000d5580000)
  object space 329728K, 21% used [0x0000000080000000,0x00000000843fec60,0x0000000094200000)
 Metaspace       used 94465K, capacity 96808K, committed 99404K, reserved 1136640K
  class space    used 11227K, capacity 11618K, committed 12032K, reserved 1048576K
2023-10-10T15:57:32.346+0600: 2437916.589: [GC (Allocation Failure) [PSYoungGen: 100705K->7319K(103424K)] 170332K->76946K(433152K), 0.0176985 secs] [Times: user=0.03 sys=0.00, real=0.02 secs] 
Heap after GC invocations=679 (full 4):
 PSYoungGen      total 103424K, used 7319K [0x00000000d5580000, 0x00000000dc500000, 0x0000000100000000)
  eden space 94208K, 0% used [0x00000000d5580000,0x00000000d5580000,0x00000000db180000)
  from space 9216K, 79% used [0x00000000db180000,0x00000000db8a5cc0,0x00000000dba80000)
  to   space 9728K, 0% used [0x00000000dbb80000,0x00000000dbb80000,0x00000000dc500000)
 ParOldGen       total 329728K, used 69627K [0x0000000080000000, 0x0000000094200000, 0x00000000d5580000)
  object space 329728K, 21% used [0x0000000080000000,0x00000000843fec60,0x0000000094200000)
 Metaspace       used 94465K, capacity 96808K, committed 99404K, reserved 1136640K
  class space    used 11227K, capacity 11618K, committed 12032K, reserved 1048576K
}
{Heap before GC invocations=680 (full 4):
 PSYoungGen      total 103424K, used 101527K [0x00000000d5580000, 0x00000000dc500000, 0x0000000100000000)
  eden space 94208K, 100% used [0x00000000d5580000,0x00000000db180000,0x00000000db180000)
  from space 9216K, 79% used [0x00000000db180000,0x00000000db8a5cc0,0x00000000dba80000)
  to   space 9728K, 0% used [0x00000000dbb80000,0x00000000dbb80000,0x00000000dc500000)
 ParOldGen       total 329728K, used 69627K [0x0000000080000000, 0x0000000094200000, 0x00000000d5580000)
  object space 329728K, 21% used [0x0000000080000000,0x00000000843fec60,0x0000000094200000)
 Metaspace       used 94465K, capacity 96808K, committed 99404K, reserved 1136640K
  class space    used 11227K, capacity 11618K, committed 12032K, reserved 1048576K
2023-10-10T16:36:49.822+0600: 2440274.066: [GC (Allocation Failure) [PSYoungGen: 101527K->7921K(103936K)] 171154K->77549K(433664K), 0.0107874 secs] [Times: user=0.01 sys=0.01, real=0.01 secs] 
Heap after GC invocations=680 (full 4):
 PSYoungGen      total 103936K, used 7921K [0x00000000d5580000, 0x00000000dc600000, 0x0000000100000000)
  eden space 94208K, 0% used [0x00000000d5580000,0x00000000d5580000,0x00000000db180000)
  from space 9728K, 81% used [0x00000000dbb80000,0x00000000dc33c7c0,0x00000000dc500000)
  to   space 10240K, 0% used [0x00000000db180000,0x00000000db180000,0x00000000dbb80000)
 ParOldGen       total 329728K, used 69627K [0x0000000080000000, 0x0000000094200000, 0x00000000d5580000)
  object space 329728K, 21% used [0x0000000080000000,0x00000000843fec60,0x0000000094200000)
 Metaspace       used 94465K, capacity 96808K, committed 99404K, reserved 1136640K
  class space    used 11227K, capacity 11618K, committed 12032K, reserved 1048576K
}
{Heap before GC invocations=681 (full 4):
 PSYoungGen      total 103936K, used 102129K [0x00000000d5580000, 0x00000000dc600000, 0x0000000100000000)
  eden space 94208K, 100% used [0x00000000d5580000,0x00000000db180000,0x00000000db180000)
  from space 9728K, 81% used [0x00000000dbb80000,0x00000000dc33c7c0,0x00000000dc500000)
  to   space 10240K, 0% used [0x00000000db180000,0x00000000db180000,0x00000000dbb80000)
 ParOldGen       total 329728K, used 69627K [0x0000000080000000, 0x0000000094200000, 0x00000000d5580000)
  object space 329728K, 21% used [0x0000000080000000,0x00000000843fec60,0x0000000094200000)
 Metaspace       used 94496K, capacity 96904K, committed 99404K, reserved 1136640K
  class space    used 11236K, capacity 11634K, committed 12032K, reserved 1048576K
2023-10-10T17:14:20.311+0600: 2442524.554: [GC (Allocation Failure) [PSYoungGen: 102129K->9188K(104448K)] 171757K->78815K(434176K), 0.0230992 secs] [Times: user=0.03 sys=0.00, real=0.03 secs] 
Heap after GC invocations=681 (full 4):
 PSYoungGen      total 104448K, used 9188K [0x00000000d5580000, 0x00000000dc800000, 0x0000000100000000)
  eden space 94208K, 0% used [0x00000000d5580000,0x00000000d5580000,0x00000000db180000)
  from space 10240K, 89% used [0x00000000db180000,0x00000000dba79310,0x00000000dbb80000)
  to   space 11264K, 0% used [0x00000000dbd00000,0x00000000dbd00000,0x00000000dc800000)
 ParOldGen       total 329728K, used 69627K [0x0000000080000000, 0x0000000094200000, 0x00000000d5580000)
  object space 329728K, 21% used [0x0000000080000000,0x00000000843fec60,0x0000000094200000)
 Metaspace       used 94496K, capacity 96904K, committed 99404K, reserved 1136640K
  class space    used 11236K, capacity 11634K, committed 12032K, reserved 1048576K
}
{Heap before GC invocations=682 (full 4):
 PSYoungGen      total 104448K, used 103396K [0x00000000d5580000, 0x00000000dc800000, 0x0000000100000000)
  eden space 94208K, 100% used [0x00000000d5580000,0x00000000db180000,0x00000000db180000)
  from space 10240K, 89% used [0x00000000db180000,0x00000000dba79310,0x00000000dbb80000)
  to   space 11264K, 0% used [0x00000000dbd00000,0x00000000dbd00000,0x00000000dc800000)
 ParOldGen       total 329728K, used 69627K [0x0000000080000000, 0x0000000094200000, 0x00000000d5580000)
  object space 329728K, 21% used [0x0000000080000000,0x00000000843fec60,0x0000000094200000)
 Metaspace       used 94515K, capacity 96952K, committed 99404K, reserved 1136640K
  class space    used 11241K, capacity 11642K, committed 12032K, reserved 1048576K
2023-10-10T17:57:41.751+0600: 2445125.994: [GC (Allocation Failure) [PSYoungGen: 103396K->7506K(105984K)] 173023K->77133K(435712K), 0.0215388 secs] [Times: user=0.04 sys=0.00, real=0.02 secs] 
Heap after GC invocations=682 (full 4):
 PSYoungGen      total 105984K, used 7506K [0x00000000d5580000, 0x00000000dc800000, 0x0000000100000000)
  eden space 94720K, 0% used [0x00000000d5580000,0x00000000d5580000,0x00000000db200000)
  from space 11264K, 66% used [0x00000000dbd00000,0x00000000dc4549c0,0x00000000dc800000)
  to   space 11264K, 0% used [0x00000000db200000,0x00000000db200000,0x00000000dbd00000)
 ParOldGen       total 329728K, used 69627K [0x0000000080000000, 0x0000000094200000, 0x00000000d5580000)
  object space 329728K, 21% used [0x0000000080000000,0x00000000843fec60,0x0000000094200000)
 Metaspace       used 94515K, capacity 96952K, committed 99404K, reserved 1136640K
  class space    used 11241K, capacity 11642K, committed 12032K, reserved 1048576K
}
{Heap before GC invocations=683 (full 4):
 PSYoungGen      total 105984K, used 102226K [0x00000000d5580000, 0x00000000dc800000, 0x0000000100000000)
  eden space 94720K, 100% used [0x00000000d5580000,0x00000000db200000,0x00000000db200000)
  from space 11264K, 66% used [0x00000000dbd00000,0x00000000dc4549c0,0x00000000dc800000)
  to   space 11264K, 0% used [0x00000000db200000,0x00000000db200000,0x00000000dbd00000)
 ParOldGen       total 329728K, used 69627K [0x0000000080000000, 0x0000000094200000, 0x00000000d5580000)
  object space 329728K, 21% used [0x0000000080000000,0x00000000843fec60,0x0000000094200000)
 Metaspace       used 94516K, capacity 96952K, committed 99404K, reserved 1136640K
  class space    used 11241K, capacity 11642K, committed 12032K, reserved 1048576K
2023-10-10T19:00:32.757+0600: 2448897.000: [GC (Allocation Failure) [PSYoungGen: 102226K->5570K(105984K)] 171853K->75197K(435712K), 0.0159199 secs] [Times: user=0.02 sys=0.02, real=0.01 secs] 
Heap after GC invocations=683 (full 4):
 PSYoungGen      total 105984K, used 5570K [0x00000000d5580000, 0x00000000dc780000, 0x0000000100000000)
  eden space 94720K, 0% used [0x00000000d5580000,0x00000000d5580000,0x00000000db200000)
  from space 11264K, 49% used [0x00000000db200000,0x00000000db770950,0x00000000dbd00000)
  to   space 10752K, 0% used [0x00000000dbd00000,0x00000000dbd00000,0x00000000dc780000)
 ParOldGen       total 329728K, used 69627K [0x0000000080000000, 0x0000000094200000, 0x00000000d5580000)
  object space 329728K, 21% used [0x0000000080000000,0x00000000843fec60,0x0000000094200000)
 Metaspace       used 94516K, capacity 96952K, committed 99404K, reserved 1136640K
  class space    used 11241K, capacity 11642K, committed 12032K, reserved 1048576K
}
{Heap before GC invocations=684 (full 4):
 PSYoungGen      total 105984K, used 100290K [0x00000000d5580000, 0x00000000dc780000, 0x0000000100000000)
  eden space 94720K, 100% used [0x00000000d5580000,0x00000000db200000,0x00000000db200000)
  from space 11264K, 49% used [0x00000000db200000,0x00000000db770950,0x00000000dbd00000)
  to   space 10752K, 0% used [0x00000000dbd00000,0x00000000dbd00000,0x00000000dc780000)
 ParOldGen       total 329728K, used 69627K [0x0000000080000000, 0x0000000094200000, 0x00000000d5580000)
  object space 329728K, 21% used [0x0000000080000000,0x00000000843fec60,0x0000000094200000)
 Metaspace       used 94531K, capacity 96988K, committed 99404K, reserved 1136640K
  class space    used 11244K, capacity 11648K, committed 12032K, reserved 1048576K
2023-10-10T20:09:54.165+0600: 2453058.408: [GC (Allocation Failure) [PSYoungGen: 100290K->4689K(105984K)] 169917K->74316K(435712K), 0.0174428 secs] [Times: user=0.01 sys=0.02, real=0.01 secs] 
Heap after GC invocations=684 (full 4):
 PSYoungGen      total 105984K, used 4689K [0x00000000d5580000, 0x00000000dc780000, 0x0000000100000000)
  eden space 95232K, 0% used [0x00000000d5580000,0x00000000d5580000,0x00000000db280000)
  from space 10752K, 43% used [0x00000000dbd00000,0x00000000dc194490,0x00000000dc780000)
  to   space 10752K, 0% used [0x00000000db280000,0x00000000db280000,0x00000000dbd00000)
 ParOldGen       total 329728K, used 69627K [0x0000000080000000, 0x0000000094200000, 0x00000000d5580000)
  object space 329728K, 21% used [0x0000000080000000,0x00000000843fec60,0x0000000094200000)
 Metaspace       used 94531K, capacity 96988K, committed 99404K, reserved 1136640K
  class space    used 11244K, capacity 11648K, committed 12032K, reserved 1048576K
}
{Heap before GC invocations=685 (full 4):
 PSYoungGen      total 105984K, used 99921K [0x00000000d5580000, 0x00000000dc780000, 0x0000000100000000)
  eden space 95232K, 100% used [0x00000000d5580000,0x00000000db280000,0x00000000db280000)
  from space 10752K, 43% used [0x00000000dbd00000,0x00000000dc194490,0x00000000dc780000)
  to   space 10752K, 0% used [0x00000000db280000,0x00000000db280000,0x00000000dbd00000)
 ParOldGen       total 329728K, used 69627K [0x0000000080000000, 0x0000000094200000, 0x00000000d5580000)
  object space 329728K, 21% used [0x0000000080000000,0x00000000843fec60,0x0000000094200000)
 Metaspace       used 94531K, capacity 96988K, committed 99404K, reserved 1136640K
  class space    used 11244K, capacity 11648K, committed 12032K, reserved 1048576K
2023-10-10T21:11:37.573+0600: 2456761.816: [GC (Allocation Failure) [PSYoungGen: 99921K->4851K(105984K)] 169548K->74478K(435712K), 0.0152131 secs] [Times: user=0.02 sys=0.02, real=0.02 secs] 
Heap after GC invocations=685 (full 4):
 PSYoungGen      total 105984K, used 4851K [0x00000000d5580000, 0x00000000dc700000, 0x0000000100000000)
  eden space 95232K, 0% used [0x00000000d5580000,0x00000000d5580000,0x00000000db280000)
  from space 10752K, 45% used [0x00000000db280000,0x00000000db73cf70,0x00000000dbd00000)
  to   space 10240K, 0% used [0x00000000dbd00000,0x00000000dbd00000,0x00000000dc700000)
 ParOldGen       total 329728K, used 69627K [0x0000000080000000, 0x0000000094200000, 0x00000000d5580000)
  object space 329728K, 21% used [0x0000000080000000,0x00000000843fec60,0x0000000094200000)
 Metaspace       used 94531K, capacity 96988K, committed 99404K, reserved 1136640K
  class space    used 11244K, capacity 11648K, committed 12032K, reserved 1048576K
}
{Heap before GC invocations=686 (full 4):
 PSYoungGen      total 105984K, used 100083K [0x00000000d5580000, 0x00000000dc700000, 0x0000000100000000)
  eden space 95232K, 100% used [0x00000000d5580000,0x00000000db280000,0x00000000db280000)
  from space 10752K, 45% used [0x00000000db280000,0x00000000db73cf70,0x00000000dbd00000)
  to   space 10240K, 0% used [0x00000000dbd00000,0x00000000dbd00000,0x00000000dc700000)
 ParOldGen       total 329728K, used 69627K [0x0000000080000000, 0x0000000094200000, 0x00000000d5580000)
  object space 329728K, 21% used [0x0000000080000000,0x00000000843fec60,0x0000000094200000)
 Metaspace       used 94531K, capacity 96988K, committed 99404K, reserved 1136640K
  class space    used 11244K, capacity 11648K, committed 12032K, reserved 1048576K
2023-10-10T22:30:28.673+0600: 2461492.916: [GC (Allocation Failure) [PSYoungGen: 100083K->3744K(105984K)] 169710K->73387K(435712K), 0.0140840 secs] [Times: user=0.01 sys=0.01, real=0.02 secs] 
Heap after GC invocations=686 (full 4):
 PSYoungGen      total 105984K, used 3744K [0x00000000d5580000, 0x00000000dc700000, 0x0000000100000000)
  eden space 95744K, 0% used [0x00000000d5580000,0x00000000d5580000,0x00000000db300000)
  from space 10240K, 36% used [0x00000000dbd00000,0x00000000dc0a8000,0x00000000dc700000)
  to   space 10240K, 0% used [0x00000000db300000,0x00000000db300000,0x00000000dbd00000)
 ParOldGen       total 329728K, used 69643K [0x0000000080000000, 0x0000000094200000, 0x00000000d5580000)
  object space 329728K, 21% used [0x0000000080000000,0x0000000084402c60,0x0000000094200000)
 Metaspace       used 94531K, capacity 96988K, committed 99404K, reserved 1136640K
  class space    used 11244K, capacity 11648K, committed 12032K, reserved 1048576K
}
{Heap before GC invocations=687 (full 4):
 PSYoungGen      total 105984K, used 99488K [0x00000000d5580000, 0x00000000dc700000, 0x0000000100000000)
  eden space 95744K, 100% used [0x00000000d5580000,0x00000000db300000,0x00000000db300000)
  from space 10240K, 36% used [0x00000000dbd00000,0x00000000dc0a8000,0x00000000dc700000)
  to   space 10240K, 0% used [0x00000000db300000,0x00000000db300000,0x00000000dbd00000)
 ParOldGen       total 329728K, used 69643K [0x0000000080000000, 0x0000000094200000, 0x00000000d5580000)
  object space 329728K, 21% used [0x0000000080000000,0x0000000084402c60,0x0000000094200000)
 Metaspace       used 94531K, capacity 96988K, committed 99404K, reserved 1136640K
  class space    used 11244K, capacity 11648K, committed 12032K, reserved 1048576K
2023-10-10T23:47:29.554+0600: 2466113.797: [GC (Allocation Failure) [PSYoungGen: 99488K->3808K(105984K)] 169131K->73451K(435712K), 0.0142603 secs] [Times: user=0.01 sys=0.01, real=0.01 secs] 
Heap after GC invocations=687 (full 4):
 PSYoungGen      total 105984K, used 3808K [0x00000000d5580000, 0x00000000dc780000, 0x0000000100000000)
  eden space 95744K, 0% used [0x00000000d5580000,0x00000000d5580000,0x00000000db300000)
  from space 10240K, 37% used [0x00000000db300000,0x00000000db6b8000,0x00000000dbd00000)
  to   space 10240K, 0% used [0x00000000dbd80000,0x00000000dbd80000,0x00000000dc780000)
 ParOldGen       total 329728K, used 69643K [0x0000000080000000, 0x0000000094200000, 0x00000000d5580000)
  object space 329728K, 21% used [0x0000000080000000,0x0000000084402c60,0x0000000094200000)
 Metaspace       used 94531K, capacity 96988K, committed 99404K, reserved 1136640K
  class space    used 11244K, capacity 11648K, committed 12032K, reserved 1048576K
}
{Heap before GC invocations=688 (full 4):
 PSYoungGen      total 105984K, used 99552K [0x00000000d5580000, 0x00000000dc780000, 0x0000000100000000)
  eden space 95744K, 100% used [0x00000000d5580000,0x00000000db300000,0x00000000db300000)
  from space 10240K, 37% used [0x00000000db300000,0x00000000db6b8000,0x00000000dbd00000)
  to   space 10240K, 0% used [0x00000000dbd80000,0x00000000dbd80000,0x00000000dc780000)
 ParOldGen       total 329728K, used 69643K [0x0000000080000000, 0x0000000094200000, 0x00000000d5580000)
  object space 329728K, 21% used [0x0000000080000000,0x0000000084402c60,0x0000000094200000)
 Metaspace       used 94531K, capacity 96988K, committed 99404K, reserved 1136640K
  class space    used 11244K, capacity 11648K, committed 12032K, reserved 1048576K
2023-10-11T01:02:07.815+0600: 2470592.058: [GC (Allocation Failure) [PSYoungGen: 99552K->4193K(105472K)] 169195K->73881K(435200K), 0.0162934 secs] [Times: user=0.02 sys=0.01, real=0.01 secs] 
Heap after GC invocations=688 (full 4):
 PSYoungGen      total 105472K, used 4193K [0x00000000d5580000, 0x00000000dc680000, 0x0000000100000000)
  eden space 96256K, 0% used [0x00000000d5580000,0x00000000d5580000,0x00000000db380000)
  from space 9216K, 45% used [0x00000000dbd80000,0x00000000dc1984a0,0x00000000dc680000)
  to   space 9728K, 0% used [0x00000000db380000,0x00000000db380000,0x00000000dbd00000)
 ParOldGen       total 329728K, used 69688K [0x0000000080000000, 0x0000000094200000, 0x00000000d5580000)
  object space 329728K, 21% used [0x0000000080000000,0x000000008440e1b0,0x0000000094200000)
 Metaspace       used 94531K, capacity 96988K, committed 99404K, reserved 1136640K
  class space    used 11244K, capacity 11648K, committed 12032K, reserved 1048576K
}
{Heap before GC invocations=689 (full 4):
 PSYoungGen      total 105472K, used 100449K [0x00000000d5580000, 0x00000000dc680000, 0x0000000100000000)
  eden space 96256K, 99% used [0x00000000d5580000,0x00000000db37fff0,0x00000000db380000)
  from space 9216K, 45% used [0x00000000dbd80000,0x00000000dc1984a0,0x00000000dc680000)
  to   space 9728K, 0% used [0x00000000db380000,0x00000000db380000,0x00000000dbd00000)
 ParOldGen       total 329728K, used 69688K [0x0000000080000000, 0x0000000094200000, 0x00000000d5580000)
  object space 329728K, 21% used [0x0000000080000000,0x000000008440e1b0,0x0000000094200000)
 Metaspace       used 94531K, capacity 96988K, committed 99404K, reserved 1136640K
  class space    used 11244K, capacity 11648K, committed 12032K, reserved 1048576K
2023-10-11T02:20:37.444+0600: 2475301.687: [GC (Allocation Failure) [PSYoungGen: 100449K->3648K(105984K)] 170137K->73440K(435712K), 0.0126262 secs] [Times: user=0.01 sys=0.01, real=0.01 secs] 
Heap after GC invocations=689 (full 4):
 PSYoungGen      total 105984K, used 3648K [0x00000000d5580000, 0x00000000dc700000, 0x0000000100000000)
  eden space 96256K, 0% used [0x00000000d5580000,0x00000000d5580000,0x00000000db380000)
  from space 9728K, 37% used [0x00000000db380000,0x00000000db710000,0x00000000dbd00000)
  to   space 9728K, 0% used [0x00000000dbd80000,0x00000000dbd80000,0x00000000dc700000)
 ParOldGen       total 329728K, used 69792K [0x0000000080000000, 0x0000000094200000, 0x00000000d5580000)
  object space 329728K, 21% used [0x0000000080000000,0x0000000084428390,0x0000000094200000)
 Metaspace       used 94531K, capacity 96988K, committed 99404K, reserved 1136640K
  class space    used 11244K, capacity 11648K, committed 12032K, reserved 1048576K
}
{Heap before GC invocations=690 (full 4):
 PSYoungGen      total 105984K, used 99904K [0x00000000d5580000, 0x00000000dc700000, 0x0000000100000000)
  eden space 96256K, 100% used [0x00000000d5580000,0x00000000db380000,0x00000000db380000)
  from space 9728K, 37% used [0x00000000db380000,0x00000000db710000,0x00000000dbd00000)
  to   space 9728K, 0% used [0x00000000dbd80000,0x00000000dbd80000,0x00000000dc700000)
 ParOldGen       total 329728K, used 69792K [0x0000000080000000, 0x0000000094200000, 0x00000000d5580000)
  object space 329728K, 21% used [0x0000000080000000,0x0000000084428390,0x0000000094200000)
 Metaspace       used 94531K, capacity 96988K, committed 99404K, reserved 1136640K
  class space    used 11244K, capacity 11648K, committed 12032K, reserved 1048576K
2023-10-11T03:39:15.876+0600: 2480020.119: [GC (Allocation Failure) [PSYoungGen: 99904K->3616K(105472K)] 169696K->73464K(435200K), 0.0155921 secs] [Times: user=0.03 sys=0.00, real=0.01 secs] 
Heap after GC invocations=690 (full 4):
 PSYoungGen      total 105472K, used 3616K [0x00000000d5580000, 0x00000000dc600000, 0x0000000100000000)
  eden space 96768K, 0% used [0x00000000d5580000,0x00000000d5580000,0x00000000db400000)
  from space 8704K, 41% used [0x00000000dbd80000,0x00000000dc108000,0x00000000dc600000)
  to   space 9216K, 0% used [0x00000000db400000,0x00000000db400000,0x00000000dbd00000)
 ParOldGen       total 329728K, used 69848K [0x0000000080000000, 0x0000000094200000, 0x00000000d5580000)
  object space 329728K, 21% used [0x0000000080000000,0x0000000084436390,0x0000000094200000)
 Metaspace       used 94531K, capacity 96988K, committed 99404K, reserved 1136640K
  class space    used 11244K, capacity 11648K, committed 12032K, reserved 1048576K
}
{Heap before GC invocations=691 (full 4):
 PSYoungGen      total 105472K, used 100384K [0x00000000d5580000, 0x00000000dc600000, 0x0000000100000000)
  eden space 96768K, 100% used [0x00000000d5580000,0x00000000db400000,0x00000000db400000)
  from space 8704K, 41% used [0x00000000dbd80000,0x00000000dc108000,0x00000000dc600000)
  to   space 9216K, 0% used [0x00000000db400000,0x00000000db400000,0x00000000dbd00000)
 ParOldGen       total 329728K, used 69848K [0x0000000080000000, 0x0000000094200000, 0x00000000d5580000)
  object space 329728K, 21% used [0x0000000080000000,0x0000000084436390,0x0000000094200000)
 Metaspace       used 94531K, capacity 96988K, committed 99404K, reserved 1136640K
  class space    used 11244K, capacity 11648K, committed 12032K, reserved 1048576K
2023-10-11T04:58:22.292+0600: 2484766.535: [GC (Allocation Failure) [PSYoungGen: 100384K->3488K(105984K)] 170232K->73392K(435712K), 0.0092792 secs] [Times: user=0.01 sys=0.01, real=0.01 secs] 
Heap after GC invocations=691 (full 4):
 PSYoungGen      total 105984K, used 3488K [0x00000000d5580000, 0x00000000dc680000, 0x0000000100000000)
  eden space 96768K, 0% used [0x00000000d5580000,0x00000000d5580000,0x00000000db400000)
  from space 9216K, 37% used [0x00000000db400000,0x00000000db768000,0x00000000dbd00000)
  to   space 9216K, 0% used [0x00000000dbd80000,0x00000000dbd80000,0x00000000dc680000)
 ParOldGen       total 329728K, used 69904K [0x0000000080000000, 0x0000000094200000, 0x00000000d5580000)
  object space 329728K, 21% used [0x0000000080000000,0x00000000844442e0,0x0000000094200000)
 Metaspace       used 94531K, capacity 96988K, committed 99404K, reserved 1136640K
  class space    used 11244K, capacity 11648K, committed 12032K, reserved 1048576K
}
{Heap before GC invocations=692 (full 4):
 PSYoungGen      total 105984K, used 100256K [0x00000000d5580000, 0x00000000dc680000, 0x0000000100000000)
  eden space 96768K, 100% used [0x00000000d5580000,0x00000000db400000,0x00000000db400000)
  from space 9216K, 37% used [0x00000000db400000,0x00000000db768000,0x00000000dbd00000)
  to   space 9216K, 0% used [0x00000000dbd80000,0x00000000dbd80000,0x00000000dc680000)
 ParOldGen       total 329728K, used 69904K [0x0000000080000000, 0x0000000094200000, 0x00000000d5580000)
  object space 329728K, 21% used [0x0000000080000000,0x00000000844442e0,0x0000000094200000)
 Metaspace       used 94531K, capacity 96988K, committed 99404K, reserved 1136640K
  class space    used 11244K, capacity 11648K, committed 12032K, reserved 1048576K
2023-10-11T06:16:03.521+0600: 2489427.764: [GC (Allocation Failure) [PSYoungGen: 100256K->3424K(106496K)] 170160K->73424K(436224K), 0.0158335 secs] [Times: user=0.01 sys=0.01, real=0.02 secs] 
Heap after GC invocations=692 (full 4):
 PSYoungGen      total 106496K, used 3424K [0x00000000d5580000, 0x00000000dc680000, 0x0000000100000000)
  eden space 97280K, 0% used [0x00000000d5580000,0x00000000d5580000,0x00000000db480000)
  from space 9216K, 37% used [0x00000000dbd80000,0x00000000dc0d8000,0x00000000dc680000)
  to   space 9216K, 0% used [0x00000000db480000,0x00000000db480000,0x00000000dbd80000)
 ParOldGen       total 329728K, used 70000K [0x0000000080000000, 0x0000000094200000, 0x00000000d5580000)
  object space 329728K, 21% used [0x0000000080000000,0x000000008445c0b0,0x0000000094200000)
 Metaspace       used 94531K, capacity 96988K, committed 99404K, reserved 1136640K
  class space    used 11244K, capacity 11648K, committed 12032K, reserved 1048576K
}
{Heap before GC invocations=693 (full 4):
 PSYoungGen      total 106496K, used 100704K [0x00000000d5580000, 0x00000000dc680000, 0x0000000100000000)
  eden space 97280K, 100% used [0x00000000d5580000,0x00000000db480000,0x00000000db480000)
  from space 9216K, 37% used [0x00000000dbd80000,0x00000000dc0d8000,0x00000000dc680000)
  to   space 9216K, 0% used [0x00000000db480000,0x00000000db480000,0x00000000dbd80000)
 ParOldGen       total 329728K, used 70000K [0x0000000080000000, 0x0000000094200000, 0x00000000d5580000)
  object space 329728K, 21% used [0x0000000080000000,0x000000008445c0b0,0x0000000094200000)
 Metaspace       used 94531K, capacity 96988K, committed 99404K, reserved 1136640K
  class space    used 11244K, capacity 11648K, committed 12032K, reserved 1048576K
2023-10-11T07:35:58.466+0600: 2494222.710: [GC (Allocation Failure) [PSYoungGen: 100704K->3360K(106496K)] 170704K->73453K(436224K), 0.0143023 secs] [Times: user=0.01 sys=0.01, real=0.01 secs] 
Heap after GC invocations=693 (full 4):
 PSYoungGen      total 106496K, used 3360K [0x00000000d5580000, 0x00000000dc600000, 0x0000000100000000)
  eden space 97280K, 0% used [0x00000000d5580000,0x00000000d5580000,0x00000000db480000)
  from space 9216K, 36% used [0x00000000db480000,0x00000000db7c8000,0x00000000dbd80000)
  to   space 8704K, 0% used [0x00000000dbd80000,0x00000000dbd80000,0x00000000dc600000)
 ParOldGen       total 329728K, used 70093K [0x0000000080000000, 0x0000000094200000, 0x00000000d5580000)
  object space 329728K, 21% used [0x0000000080000000,0x0000000084473598,0x0000000094200000)
 Metaspace       used 94531K, capacity 96988K, committed 99404K, reserved 1136640K
  class space    used 11244K, capacity 11648K, committed 12032K, reserved 1048576K
}
{Heap before GC invocations=694 (full 4):
 PSYoungGen      total 106496K, used 100640K [0x00000000d5580000, 0x00000000dc600000, 0x0000000100000000)
  eden space 97280K, 100% used [0x00000000d5580000,0x00000000db480000,0x00000000db480000)
  from space 9216K, 36% used [0x00000000db480000,0x00000000db7c8000,0x00000000dbd80000)
  to   space 8704K, 0% used [0x00000000dbd80000,0x00000000dbd80000,0x00000000dc600000)
 ParOldGen       total 329728K, used 70093K [0x0000000080000000, 0x0000000094200000, 0x00000000d5580000)
  object space 329728K, 21% used [0x0000000080000000,0x0000000084473598,0x0000000094200000)
 Metaspace       used 94531K, capacity 96988K, committed 99404K, reserved 1136640K
  class space    used 11244K, capacity 11648K, committed 12032K, reserved 1048576K
2023-10-11T08:55:35.073+0600: 2498999.317: [GC (Allocation Failure) [PSYoungGen: 100640K->3296K(106496K)] 170733K->73457K(436224K), 0.0153520 secs] [Times: user=0.01 sys=0.01, real=0.01 secs] 
Heap after GC invocations=694 (full 4):
 PSYoungGen      total 106496K, used 3296K [0x00000000d5580000, 0x00000000dc600000, 0x0000000100000000)
  eden space 97792K, 0% used [0x00000000d5580000,0x00000000d5580000,0x00000000db500000)
  from space 8704K, 37% used [0x00000000dbd80000,0x00000000dc0b8000,0x00000000dc600000)
  to   space 8704K, 0% used [0x00000000db500000,0x00000000db500000,0x00000000dbd80000)
 ParOldGen       total 329728K, used 70161K [0x0000000080000000, 0x0000000094200000, 0x00000000d5580000)
  object space 329728K, 21% used [0x0000000080000000,0x0000000084484488,0x0000000094200000)
 Metaspace       used 94531K, capacity 96988K, committed 99404K, reserved 1136640K
  class space    used 11244K, capacity 11648K, committed 12032K, reserved 1048576K
}
{Heap before GC invocations=695 (full 4):
 PSYoungGen      total 106496K, used 101088K [0x00000000d5580000, 0x00000000dc600000, 0x0000000100000000)
  eden space 97792K, 100% used [0x00000000d5580000,0x00000000db500000,0x00000000db500000)
  from space 8704K, 37% used [0x00000000dbd80000,0x00000000dc0b8000,0x00000000dc600000)
  to   space 8704K, 0% used [0x00000000db500000,0x00000000db500000,0x00000000dbd80000)
 ParOldGen       total 329728K, used 70161K [0x0000000080000000, 0x0000000094200000, 0x00000000d5580000)
  object space 329728K, 21% used [0x0000000080000000,0x0000000084484488,0x0000000094200000)
 Metaspace       used 94567K, capacity 97078K, committed 99404K, reserved 1136640K
  class space    used 11253K, capacity 11663K, committed 12032K, reserved 1048576K
2023-10-11T09:32:25.097+0600: 2501209.340: [GC (Allocation Failure) [PSYoungGen: 101088K->7298K(106496K)] 171249K->77539K(436224K), 0.0169860 secs] [Times: user=0.01 sys=0.01, real=0.02 secs] 
Heap after GC invocations=695 (full 4):
 PSYoungGen      total 106496K, used 7298K [0x00000000d5580000, 0x00000000dc780000, 0x0000000100000000)
  eden space 97792K, 0% used [0x00000000d5580000,0x00000000d5580000,0x00000000db500000)
  from space 8704K, 83% used [0x00000000db500000,0x00000000dbc20990,0x00000000dbd80000)
  to   space 9216K, 0% used [0x00000000dbe80000,0x00000000dbe80000,0x00000000dc780000)
 ParOldGen       total 329728K, used 70241K [0x0000000080000000, 0x0000000094200000, 0x00000000d5580000)
  object space 329728K, 21% used [0x0000000080000000,0x0000000084498488,0x0000000094200000)
 Metaspace       used 94567K, capacity 97078K, committed 99404K, reserved 1136640K
  class space    used 11253K, capacity 11663K, committed 12032K, reserved 1048576K
}
{Heap before GC invocations=696 (full 4):
 PSYoungGen      total 106496K, used 105090K [0x00000000d5580000, 0x00000000dc780000, 0x0000000100000000)
  eden space 97792K, 100% used [0x00000000d5580000,0x00000000db500000,0x00000000db500000)
  from space 8704K, 83% used [0x00000000db500000,0x00000000dbc20990,0x00000000dbd80000)
  to   space 9216K, 0% used [0x00000000dbe80000,0x00000000dbe80000,0x00000000dc780000)
 ParOldGen       total 329728K, used 70241K [0x0000000080000000, 0x0000000094200000, 0x00000000d5580000)
  object space 329728K, 21% used [0x0000000080000000,0x0000000084498488,0x0000000094200000)
 Metaspace       used 94585K, capacity 97138K, committed 99404K, reserved 1136640K
  class space    used 11258K, capacity 11673K, committed 12032K, reserved 1048576K
2023-10-11T10:04:08.268+0600: 2503112.511: [GC (Allocation Failure) [PSYoungGen: 105090K->8563K(106496K)] 175331K->78876K(436224K), 0.0258519 secs] [Times: user=0.04 sys=0.00, real=0.03 secs] 
Heap after GC invocations=696 (full 4):
 PSYoungGen      total 106496K, used 8563K [0x00000000d5580000, 0x00000000dc980000, 0x0000000100000000)
  eden space 97280K, 0% used [0x00000000d5580000,0x00000000d5580000,0x00000000db480000)
  from space 9216K, 92% used [0x00000000dbe80000,0x00000000dc6dce90,0x00000000dc780000)
  to   space 10240K, 0% used [0x00000000db480000,0x00000000db480000,0x00000000dbe80000)
 ParOldGen       total 329728K, used 70313K [0x0000000080000000, 0x0000000094200000, 0x00000000d5580000)
  object space 329728K, 21% used [0x0000000080000000,0x00000000844aa488,0x0000000094200000)
 Metaspace       used 94585K, capacity 97138K, committed 99404K, reserved 1136640K
  class space    used 11258K, capacity 11673K, committed 12032K, reserved 1048576K
}
{Heap before GC invocations=697 (full 4):
 PSYoungGen      total 106496K, used 105843K [0x00000000d5580000, 0x00000000dc980000, 0x0000000100000000)
  eden space 97280K, 100% used [0x00000000d5580000,0x00000000db480000,0x00000000db480000)
  from space 9216K, 92% used [0x00000000dbe80000,0x00000000dc6dce90,0x00000000dc780000)
  to   space 10240K, 0% used [0x00000000db480000,0x00000000db480000,0x00000000dbe80000)
 ParOldGen       total 329728K, used 70313K [0x0000000080000000, 0x0000000094200000, 0x00000000d5580000)
  object space 329728K, 21% used [0x0000000080000000,0x00000000844aa488,0x0000000094200000)
 Metaspace       used 94594K, capacity 97162K, committed 99404K, reserved 1136640K
  class space    used 11261K, capacity 11677K, committed 12032K, reserved 1048576K
2023-10-11T10:35:52.623+0600: 2505016.866: [GC (Allocation Failure) [PSYoungGen: 105843K->9831K(107520K)] 176156K->80216K(437248K), 0.0123569 secs] [Times: user=0.01 sys=0.02, real=0.02 secs] 
Heap after GC invocations=697 (full 4):
 PSYoungGen      total 107520K, used 9831K [0x00000000d5580000, 0x00000000dcc00000, 0x0000000100000000)
  eden space 97280K, 0% used [0x00000000d5580000,0x00000000d5580000,0x00000000db480000)
  from space 10240K, 96% used [0x00000000db480000,0x00000000dbe19cf0,0x00000000dbe80000)
  to   space 11776K, 0% used [0x00000000dc080000,0x00000000dc080000,0x00000000dcc00000)
 ParOldGen       total 329728K, used 70385K [0x0000000080000000, 0x0000000094200000, 0x00000000d5580000)
  object space 329728K, 21% used [0x0000000080000000,0x00000000844bc488,0x0000000094200000)
 Metaspace       used 94594K, capacity 97162K, committed 99404K, reserved 1136640K
  class space    used 11261K, capacity 11677K, committed 12032K, reserved 1048576K
}
{Heap before GC invocations=698 (full 4):
 PSYoungGen      total 107520K, used 107110K [0x00000000d5580000, 0x00000000dcc00000, 0x0000000100000000)
  eden space 97280K, 99% used [0x00000000d5580000,0x00000000db47fe40,0x00000000db480000)
  from space 10240K, 96% used [0x00000000db480000,0x00000000dbe19cf0,0x00000000dbe80000)
  to   space 11776K, 0% used [0x00000000dc080000,0x00000000dc080000,0x00000000dcc00000)
 ParOldGen       total 329728K, used 70385K [0x0000000080000000, 0x0000000094200000, 0x00000000d5580000)
  object space 329728K, 21% used [0x0000000080000000,0x00000000844bc488,0x0000000094200000)
 Metaspace       used 94594K, capacity 97162K, committed 99404K, reserved 1136640K
  class space    used 11261K, capacity 11677K, committed 12032K, reserved 1048576K
2023-10-11T11:23:59.392+0600: 2507903.635: [GC (Allocation Failure) [PSYoungGen: 107110K->9701K(108544K)] 177495K->80110K(438272K), 0.0237192 secs] [Times: user=0.01 sys=0.02, real=0.03 secs] 
Heap after GC invocations=698 (full 4):
 PSYoungGen      total 108544K, used 9701K [0x00000000d5580000, 0x00000000dce00000, 0x0000000100000000)
  eden space 96768K, 0% used [0x00000000d5580000,0x00000000d5580000,0x00000000db400000)
  from space 11776K, 82% used [0x00000000dc080000,0x00000000dc9f9730,0x00000000dcc00000)
  to   space 12800K, 0% used [0x00000000db400000,0x00000000db400000,0x00000000dc080000)
 ParOldGen       total 329728K, used 70409K [0x0000000080000000, 0x0000000094200000, 0x00000000d5580000)
  object space 329728K, 21% used [0x0000000080000000,0x00000000844c2488,0x0000000094200000)
 Metaspace       used 94594K, capacity 97162K, committed 99404K, reserved 1136640K
  class space    used 11261K, capacity 11677K, committed 12032K, reserved 1048576K
}
{Heap before GC invocations=699 (full 4):
 PSYoungGen      total 108544K, used 106469K [0x00000000d5580000, 0x00000000dce00000, 0x0000000100000000)
  eden space 96768K, 100% used [0x00000000d5580000,0x00000000db400000,0x00000000db400000)
  from space 11776K, 82% used [0x00000000dc080000,0x00000000dc9f9730,0x00000000dcc00000)
  to   space 12800K, 0% used [0x00000000db400000,0x00000000db400000,0x00000000dc080000)
 ParOldGen       total 329728K, used 70409K [0x0000000080000000, 0x0000000094200000, 0x00000000d5580000)
  object space 329728K, 21% used [0x0000000080000000,0x00000000844c2488,0x0000000094200000)
 Metaspace       used 94594K, capacity 97162K, committed 99404K, reserved 1136640K
  class space    used 11261K, capacity 11677K, committed 12032K, reserved 1048576K
2023-10-11T12:23:57.802+0600: 2511502.045: [GC (Allocation Failure) [PSYoungGen: 106469K->6050K(102912K)] 176878K->76476K(432640K), 0.0202245 secs] [Times: user=0.02 sys=0.01, real=0.02 secs] 
Heap after GC invocations=699 (full 4):
 PSYoungGen      total 102912K, used 6050K [0x00000000d5580000, 0x00000000dcb80000, 0x0000000100000000)
  eden space 96768K, 0% used [0x00000000d5580000,0x00000000d5580000,0x00000000db400000)
  from space 6144K, 98% used [0x00000000db400000,0x00000000db9e8bb0,0x00000000dba00000)
  to   space 11776K, 0% used [0x00000000dc000000,0x00000000dc000000,0x00000000dcb80000)
 ParOldGen       total 329728K, used 70425K [0x0000000080000000, 0x0000000094200000, 0x00000000d5580000)
  object space 329728K, 21% used [0x0000000080000000,0x00000000844c6488,0x0000000094200000)
 Metaspace       used 94594K, capacity 97162K, committed 99404K, reserved 1136640K
  class space    used 11261K, capacity 11677K, committed 12032K, reserved 1048576K
}
{Heap before GC invocations=700 (full 4):
 PSYoungGen      total 102912K, used 102818K [0x00000000d5580000, 0x00000000dcb80000, 0x0000000100000000)
  eden space 96768K, 100% used [0x00000000d5580000,0x00000000db400000,0x00000000db400000)
  from space 6144K, 98% used [0x00000000db400000,0x00000000db9e8bb0,0x00000000dba00000)
  to   space 11776K, 0% used [0x00000000dc000000,0x00000000dc000000,0x00000000dcb80000)
 ParOldGen       total 329728K, used 70425K [0x0000000080000000, 0x0000000094200000, 0x00000000d5580000)
  object space 329728K, 21% used [0x0000000080000000,0x00000000844c6488,0x0000000094200000)
 Metaspace       used 94618K, capacity 97216K, committed 99404K, reserved 1136640K
  class space    used 11266K, capacity 11686K, committed 12032K, reserved 1048576K
2023-10-11T13:16:48.495+0600: 2514672.738: [GC (Allocation Failure) [PSYoungGen: 102818K->6627K(109056K)] 173244K->77068K(438784K), 0.0145035 secs] [Times: user=0.01 sys=0.02, real=0.01 secs] 
Heap after GC invocations=700 (full 4):
 PSYoungGen      total 109056K, used 6627K [0x00000000d5580000, 0x00000000dcb80000, 0x0000000100000000)
  eden space 97280K, 0% used [0x00000000d5580000,0x00000000d5580000,0x00000000db480000)
  from space 11776K, 56% used [0x00000000dc000000,0x00000000dc678e20,0x00000000dcb80000)
  to   space 11776K, 0% used [0x00000000db480000,0x00000000db480000,0x00000000dc000000)
 ParOldGen       total 329728K, used 70441K [0x0000000080000000, 0x0000000094200000, 0x00000000d5580000)
  object space 329728K, 21% used [0x0000000080000000,0x00000000844ca488,0x0000000094200000)
 Metaspace       used 94618K, capacity 97216K, committed 99404K, reserved 1136640K
  class space    used 11266K, capacity 11686K, committed 12032K, reserved 1048576K
}
{Heap before GC invocations=701 (full 4):
 PSYoungGen      total 109056K, used 103907K [0x00000000d5580000, 0x00000000dcb80000, 0x0000000100000000)
  eden space 97280K, 100% used [0x00000000d5580000,0x00000000db480000,0x00000000db480000)
  from space 11776K, 56% used [0x00000000dc000000,0x00000000dc678e20,0x00000000dcb80000)
  to   space 11776K, 0% used [0x00000000db480000,0x00000000db480000,0x00000000dc000000)
 ParOldGen       total 329728K, used 70441K [0x0000000080000000, 0x0000000094200000, 0x00000000d5580000)
  object space 329728K, 21% used [0x0000000080000000,0x00000000844ca488,0x0000000094200000)
 Metaspace       used 94622K, capacity 97222K, committed 99404K, reserved 1136640K
  class space    used 11267K, capacity 11687K, committed 12032K, reserved 1048576K
2023-10-11T14:21:22.072+0600: 2518546.315: [GC (Allocation Failure) [PSYoungGen: 103907K->5889K(109056K)] 174348K->76331K(438784K), 0.0194309 secs] [Times: user=0.02 sys=0.01, real=0.02 secs] 
Heap after GC invocations=701 (full 4):
 PSYoungGen      total 109056K, used 5889K [0x00000000d5580000, 0x00000000dcb00000, 0x0000000100000000)
  eden space 97280K, 0% used [0x00000000d5580000,0x00000000d5580000,0x00000000db480000)
  from space 11776K, 50% used [0x00000000db480000,0x00000000dba40780,0x00000000dc000000)
  to   space 11264K, 0% used [0x00000000dc000000,0x00000000dc000000,0x00000000dcb00000)
 ParOldGen       total 329728K, used 70441K [0x0000000080000000, 0x0000000094200000, 0x00000000d5580000)
  object space 329728K, 21% used [0x0000000080000000,0x00000000844ca488,0x0000000094200000)
 Metaspace       used 94622K, capacity 97222K, committed 99404K, reserved 1136640K
  class space    used 11267K, capacity 11687K, committed 12032K, reserved 1048576K
}
{Heap before GC invocations=702 (full 4):
 PSYoungGen      total 109056K, used 103169K [0x00000000d5580000, 0x00000000dcb00000, 0x0000000100000000)
  eden space 97280K, 100% used [0x00000000d5580000,0x00000000db480000,0x00000000db480000)
  from space 11776K, 50% used [0x00000000db480000,0x00000000dba40780,0x00000000dc000000)
  to   space 11264K, 0% used [0x00000000dc000000,0x00000000dc000000,0x00000000dcb00000)
 ParOldGen       total 329728K, used 70441K [0x0000000080000000, 0x0000000094200000, 0x00000000d5580000)
  object space 329728K, 21% used [0x0000000080000000,0x00000000844ca488,0x0000000094200000)
 Metaspace       used 94632K, capacity 97286K, committed 99404K, reserved 1136640K
  class space    used 11267K, capacity 11687K, committed 12032K, reserved 1048576K
2023-10-11T15:14:37.281+0600: 2521741.525: [GC (Allocation Failure) [PSYoungGen: 103169K->6611K(108032K)] 173611K->77052K(437760K), 0.0190940 secs] [Times: user=0.03 sys=0.00, real=0.02 secs] 
Heap after GC invocations=702 (full 4):
 PSYoungGen      total 108032K, used 6611K [0x00000000d5580000, 0x00000000dca00000, 0x0000000100000000)
  eden space 97792K, 0% used [0x00000000d5580000,0x00000000d5580000,0x00000000db500000)
  from space 10240K, 64% used [0x00000000dc000000,0x00000000dc674e10,0x00000000dca00000)
  to   space 10752K, 0% used [0x00000000db500000,0x00000000db500000,0x00000000dbf80000)
 ParOldGen       total 329728K, used 70441K [0x0000000080000000, 0x0000000094200000, 0x00000000d5580000)
  object space 329728K, 21% used [0x0000000080000000,0x00000000844ca488,0x0000000094200000)
 Metaspace       used 94632K, capacity 97286K, committed 99404K, reserved 1136640K
  class space    used 11267K, capacity 11687K, committed 12032K, reserved 1048576K
}
{Heap before GC invocations=703 (full 4):
 PSYoungGen      total 108032K, used 104403K [0x00000000d5580000, 0x00000000dca00000, 0x0000000100000000)
  eden space 97792K, 100% used [0x00000000d5580000,0x00000000db500000,0x00000000db500000)
  from space 10240K, 64% used [0x00000000dc000000,0x00000000dc674e10,0x00000000dca00000)
  to   space 10752K, 0% used [0x00000000db500000,0x00000000db500000,0x00000000dbf80000)
 ParOldGen       total 329728K, used 70441K [0x0000000080000000, 0x0000000094200000, 0x00000000d5580000)
  object space 329728K, 21% used [0x0000000080000000,0x00000000844ca488,0x0000000094200000)
 Metaspace       used 94633K, capacity 97286K, committed 99404K, reserved 1136640K
  class space    used 11267K, capacity 11687K, committed 12032K, reserved 1048576K
2023-10-11T16:14:12.293+0600: 2525316.536: [GC (Allocation Failure) [PSYoungGen: 104403K->5634K(108544K)] 174844K->76092K(438272K), 0.0182318 secs] [Times: user=0.01 sys=0.02, real=0.02 secs] 
Heap after GC invocations=703 (full 4):
 PSYoungGen      total 108544K, used 5634K [0x00000000d5580000, 0x00000000dc980000, 0x0000000100000000)
  eden space 97792K, 0% used [0x00000000d5580000,0x00000000d5580000,0x00000000db500000)
  from space 10752K, 52% used [0x00000000db500000,0x00000000dba80be0,0x00000000dbf80000)
  to   space 10240K, 0% used [0x00000000dbf80000,0x00000000dbf80000,0x00000000dc980000)
 ParOldGen       total 329728K, used 70457K [0x0000000080000000, 0x0000000094200000, 0x00000000d5580000)
  object space 329728K, 21% used [0x0000000080000000,0x00000000844ce488,0x0000000094200000)
 Metaspace       used 94633K, capacity 97286K, committed 99404K, reserved 1136640K
  class space    used 11267K, capacity 11687K, committed 12032K, reserved 1048576K
}
{Heap before GC invocations=704 (full 4):
 PSYoungGen      total 108544K, used 103426K [0x00000000d5580000, 0x00000000dc980000, 0x0000000100000000)
  eden space 97792K, 100% used [0x00000000d5580000,0x00000000db500000,0x00000000db500000)
  from space 10752K, 52% used [0x00000000db500000,0x00000000dba80be0,0x00000000dbf80000)
  to   space 10240K, 0% used [0x00000000dbf80000,0x00000000dbf80000,0x00000000dc980000)
 ParOldGen       total 329728K, used 70457K [0x0000000080000000, 0x0000000094200000, 0x00000000d5580000)
  object space 329728K, 21% used [0x0000000080000000,0x00000000844ce488,0x0000000094200000)
 Metaspace       used 94633K, capacity 97286K, committed 99404K, reserved 1136640K
  class space    used 11267K, capacity 11687K, committed 12032K, reserved 1048576K
2023-10-11T16:55:53.377+0600: 2527817.620: [GC (Allocation Failure) [PSYoungGen: 103426K->7352K(108032K)] 173884K->77809K(437760K), 0.0209775 secs] [Times: user=0.02 sys=0.02, real=0.02 secs] 
Heap after GC invocations=704 (full 4):
 PSYoungGen      total 108032K, used 7352K [0x00000000d5580000, 0x00000000dca80000, 0x0000000100000000)
  eden space 97792K, 0% used [0x00000000d5580000,0x00000000d5580000,0x00000000db500000)
  from space 10240K, 71% used [0x00000000dbf80000,0x00000000dc6ae210,0x00000000dc980000)
  to   space 10752K, 0% used [0x00000000db500000,0x00000000db500000,0x00000000dbf80000)
 ParOldGen       total 329728K, used 70457K [0x0000000080000000, 0x0000000094200000, 0x00000000d5580000)
  object space 329728K, 21% used [0x0000000080000000,0x00000000844ce488,0x0000000094200000)
 Metaspace       used 94633K, capacity 97286K, committed 99404K, reserved 1136640K
  class space    used 11267K, capacity 11687K, committed 12032K, reserved 1048576K
}
{Heap before GC invocations=705 (full 4):
 PSYoungGen      total 108032K, used 105144K [0x00000000d5580000, 0x00000000dca80000, 0x0000000100000000)
  eden space 97792K, 100% used [0x00000000d5580000,0x00000000db500000,0x00000000db500000)
  from space 10240K, 71% used [0x00000000dbf80000,0x00000000dc6ae210,0x00000000dc980000)
  to   space 10752K, 0% used [0x00000000db500000,0x00000000db500000,0x00000000dbf80000)
 ParOldGen       total 329728K, used 70457K [0x0000000080000000, 0x0000000094200000, 0x00000000d5580000)
  object space 329728K, 21% used [0x0000000080000000,0x00000000844ce488,0x0000000094200000)
 Metaspace       used 94654K, capacity 97352K, committed 99404K, reserved 1136640K
  class space    used 11273K, capacity 11698K, committed 12032K, reserved 1048576K
2023-10-11T17:43:06.462+0600: 2530650.705: [GC (Allocation Failure) [PSYoungGen: 105144K->6226K(108544K)] 175601K->76683K(438272K), 0.0197738 secs] [Times: user=0.04 sys=0.00, real=0.02 secs] 
Heap after GC invocations=705 (full 4):
 PSYoungGen      total 108544K, used 6226K [0x00000000d5580000, 0x00000000dc980000, 0x0000000100000000)
  eden space 97792K, 0% used [0x00000000d5580000,0x00000000d5580000,0x00000000db500000)
  from space 10752K, 57% used [0x00000000db500000,0x00000000dbb14990,0x00000000dbf80000)
  to   space 10240K, 0% used [0x00000000dbf80000,0x00000000dbf80000,0x00000000dc980000)
 ParOldGen       total 329728K, used 70457K [0x0000000080000000, 0x0000000094200000, 0x00000000d5580000)
  object space 329728K, 21% used [0x0000000080000000,0x00000000844ce488,0x0000000094200000)
 Metaspace       used 94654K, capacity 97352K, committed 99404K, reserved 1136640K
  class space    used 11273K, capacity 11698K, committed 12032K, reserved 1048576K
}
{Heap before GC invocations=706 (full 4):
 PSYoungGen      total 108544K, used 104018K [0x00000000d5580000, 0x00000000dc980000, 0x0000000100000000)
  eden space 97792K, 100% used [0x00000000d5580000,0x00000000db500000,0x00000000db500000)
  from space 10752K, 57% used [0x00000000db500000,0x00000000dbb14990,0x00000000dbf80000)
  to   space 10240K, 0% used [0x00000000dbf80000,0x00000000dbf80000,0x00000000dc980000)
 ParOldGen       total 329728K, used 70457K [0x0000000080000000, 0x0000000094200000, 0x00000000d5580000)
  object space 329728K, 21% used [0x0000000080000000,0x00000000844ce488,0x0000000094200000)
 Metaspace       used 94654K, capacity 97352K, committed 99404K, reserved 1136640K
  class space    used 11273K, capacity 11698K, committed 12032K, reserved 1048576K
2023-10-11T18:56:49.044+0600: 2535073.288: [GC (Allocation Failure) [PSYoungGen: 104018K->3680K(108544K)] 174475K->74137K(438272K), 0.0157262 secs] [Times: user=0.01 sys=0.02, real=0.01 secs] 
Heap after GC invocations=706 (full 4):
 PSYoungGen      total 108544K, used 3680K [0x00000000d5580000, 0x00000000dc980000, 0x0000000100000000)
  eden space 98304K, 0% used [0x00000000d5580000,0x00000000d5580000,0x00000000db580000)
  from space 10240K, 35% used [0x00000000dbf80000,0x00000000dc318020,0x00000000dc980000)
  to   space 10240K, 0% used [0x00000000db580000,0x00000000db580000,0x00000000dbf80000)
 ParOldGen       total 329728K, used 70457K [0x0000000080000000, 0x0000000094200000, 0x00000000d5580000)
  object space 329728K, 21% used [0x0000000080000000,0x00000000844ce488,0x0000000094200000)
 Metaspace       used 94654K, capacity 97352K, committed 99404K, reserved 1136640K
  class space    used 11273K, capacity 11698K, committed 12032K, reserved 1048576K
}
{Heap before GC invocations=707 (full 4):
 PSYoungGen      total 108544K, used 101984K [0x00000000d5580000, 0x00000000dc980000, 0x0000000100000000)
  eden space 98304K, 100% used [0x00000000d5580000,0x00000000db580000,0x00000000db580000)
  from space 10240K, 35% used [0x00000000dbf80000,0x00000000dc318020,0x00000000dc980000)
  to   space 10240K, 0% used [0x00000000db580000,0x00000000db580000,0x00000000dbf80000)
 ParOldGen       total 329728K, used 70457K [0x0000000080000000, 0x0000000094200000, 0x00000000d5580000)
  object space 329728K, 21% used [0x0000000080000000,0x00000000844ce488,0x0000000094200000)
 Metaspace       used 94659K, capacity 97352K, committed 99404K, reserved 1136640K
  class space    used 11273K, capacity 11698K, committed 12032K, reserved 1048576K
2023-10-11T20:10:13.388+0600: 2539477.631: [GC (Allocation Failure) [PSYoungGen: 101984K->4306K(108544K)] 172441K->74771K(438272K), 0.0192707 secs] [Times: user=0.04 sys=0.00, real=0.02 secs] 
Heap after GC invocations=707 (full 4):
 PSYoungGen      total 108544K, used 4306K [0x00000000d5580000, 0x00000000dca00000, 0x0000000100000000)
  eden space 98304K, 0% used [0x00000000d5580000,0x00000000d5580000,0x00000000db580000)
  from space 10240K, 42% used [0x00000000db580000,0x00000000db9b4930,0x00000000dbf80000)
  to   space 10240K, 0% used [0x00000000dc000000,0x00000000dc000000,0x00000000dca00000)
 ParOldGen       total 329728K, used 70465K [0x0000000080000000, 0x0000000094200000, 0x00000000d5580000)
  object space 329728K, 21% used [0x0000000080000000,0x00000000844d0488,0x0000000094200000)
 Metaspace       used 94659K, capacity 97352K, committed 99404K, reserved 1136640K
  class space    used 11273K, capacity 11698K, committed 12032K, reserved 1048576K
}
{Heap before GC invocations=708 (full 4):
 PSYoungGen      total 108544K, used 102610K [0x00000000d5580000, 0x00000000dca00000, 0x0000000100000000)
  eden space 98304K, 100% used [0x00000000d5580000,0x00000000db580000,0x00000000db580000)
  from space 10240K, 42% used [0x00000000db580000,0x00000000db9b4930,0x00000000dbf80000)
  to   space 10240K, 0% used [0x00000000dc000000,0x00000000dc000000,0x00000000dca00000)
 ParOldGen       total 329728K, used 70465K [0x0000000080000000, 0x0000000094200000, 0x00000000d5580000)
  object space 329728K, 21% used [0x0000000080000000,0x00000000844d0488,0x0000000094200000)
 Metaspace       used 94659K, capacity 97352K, committed 99404K, reserved 1136640K
  class space    used 11273K, capacity 11698K, committed 12032K, reserved 1048576K
2023-10-11T21:19:32.878+0600: 2543637.121: [GC (Allocation Failure) [PSYoungGen: 102610K->4113K(108032K)] 173075K->74578K(437760K), 0.0169530 secs] [Times: user=0.03 sys=0.00, real=0.02 secs] 
Heap after GC invocations=708 (full 4):
 PSYoungGen      total 108032K, used 4113K [0x00000000d5580000, 0x00000000dc900000, 0x0000000100000000)
  eden space 98816K, 0% used [0x00000000d5580000,0x00000000d5580000,0x00000000db600000)
  from space 9216K, 44% used [0x00000000dc000000,0x00000000dc404690,0x00000000dc900000)
  to   space 9728K, 0% used [0x00000000db600000,0x00000000db600000,0x00000000dbf80000)
 ParOldGen       total 329728K, used 70465K [0x0000000080000000, 0x0000000094200000, 0x00000000d5580000)
  object space 329728K, 21% used [0x0000000080000000,0x00000000844d0488,0x0000000094200000)
 Metaspace       used 94659K, capacity 97352K, committed 99404K, reserved 1136640K
  class space    used 11273K, capacity 11698K, committed 12032K, reserved 1048576K
}
{Heap before GC invocations=709 (full 4):
 PSYoungGen      total 108032K, used 102929K [0x00000000d5580000, 0x00000000dc900000, 0x0000000100000000)
  eden space 98816K, 100% used [0x00000000d5580000,0x00000000db600000,0x00000000db600000)
  from space 9216K, 44% used [0x00000000dc000000,0x00000000dc404690,0x00000000dc900000)
  to   space 9728K, 0% used [0x00000000db600000,0x00000000db600000,0x00000000dbf80000)
 ParOldGen       total 329728K, used 70465K [0x0000000080000000, 0x0000000094200000, 0x00000000d5580000)
  object space 329728K, 21% used [0x0000000080000000,0x00000000844d0488,0x0000000094200000)
 Metaspace       used 94659K, capacity 97352K, committed 99404K, reserved 1136640K
  class space    used 11273K, capacity 11698K, committed 12032K, reserved 1048576K
2023-10-11T22:39:53.761+0600: 2548458.004: [GC (Allocation Failure) [PSYoungGen: 102929K->3392K(108544K)] 173394K->73857K(438272K), 0.0164376 secs] [Times: user=0.01 sys=0.01, real=0.02 secs] 
Heap after GC invocations=709 (full 4):
 PSYoungGen      total 108544K, used 3392K [0x00000000d5580000, 0x00000000dc980000, 0x0000000100000000)
  eden space 98816K, 0% used [0x00000000d5580000,0x00000000d5580000,0x00000000db600000)
  from space 9728K, 34% used [0x00000000db600000,0x00000000db950000,0x00000000dbf80000)
  to   space 9728K, 0% used [0x00000000dc000000,0x00000000dc000000,0x00000000dc980000)
 ParOldGen       total 329728K, used 70465K [0x0000000080000000, 0x0000000094200000, 0x00000000d5580000)
  object space 329728K, 21% used [0x0000000080000000,0x00000000844d0488,0x0000000094200000)
 Metaspace       used 94659K, capacity 97352K, committed 99404K, reserved 1136640K
  class space    used 11273K, capacity 11698K, committed 12032K, reserved 1048576K
}
{Heap before GC invocations=710 (full 4):
 PSYoungGen      total 108544K, used 102207K [0x00000000d5580000, 0x00000000dc980000, 0x0000000100000000)
  eden space 98816K, 99% used [0x00000000d5580000,0x00000000db5fffe0,0x00000000db600000)
  from space 9728K, 34% used [0x00000000db600000,0x00000000db950000,0x00000000dbf80000)
  to   space 9728K, 0% used [0x00000000dc000000,0x00000000dc000000,0x00000000dc980000)
 ParOldGen       total 329728K, used 70465K [0x0000000080000000, 0x0000000094200000, 0x00000000d5580000)
  object space 329728K, 21% used [0x0000000080000000,0x00000000844d0488,0x0000000094200000)
 Metaspace       used 94659K, capacity 97352K, committed 99404K, reserved 1136640K
  class space    used 11273K, capacity 11698K, committed 12032K, reserved 1048576K
2023-10-11T23:54:13.815+0600: 2552918.058: [GC (Allocation Failure) [PSYoungGen: 102207K->4242K(109056K)] 172673K->74779K(438784K), 0.0189420 secs] [Times: user=0.02 sys=0.02, real=0.02 secs] 
Heap after GC invocations=710 (full 4):
 PSYoungGen      total 109056K, used 4242K [0x00000000d5580000, 0x00000000dc980000, 0x0000000100000000)
  eden space 99328K, 0% used [0x00000000d5580000,0x00000000d5580000,0x00000000db680000)
  from space 9728K, 43% used [0x00000000dc000000,0x00000000dc424930,0x00000000dc980000)
  to   space 9728K, 0% used [0x00000000db680000,0x00000000db680000,0x00000000dc000000)
 ParOldGen       total 329728K, used 70537K [0x0000000080000000, 0x0000000094200000, 0x00000000d5580000)
  object space 329728K, 21% used [0x0000000080000000,0x00000000844e2488,0x0000000094200000)
 Metaspace       used 94659K, capacity 97352K, committed 99404K, reserved 1136640K
  class space    used 11273K, capacity 11698K, committed 12032K, reserved 1048576K
}
{Heap before GC invocations=711 (full 4):
 PSYoungGen      total 109056K, used 103570K [0x00000000d5580000, 0x00000000dc980000, 0x0000000100000000)
  eden space 99328K, 100% used [0x00000000d5580000,0x00000000db680000,0x00000000db680000)
  from space 9728K, 43% used [0x00000000dc000000,0x00000000dc424930,0x00000000dc980000)
  to   space 9728K, 0% used [0x00000000db680000,0x00000000db680000,0x00000000dc000000)
 ParOldGen       total 329728K, used 70537K [0x0000000080000000, 0x0000000094200000, 0x00000000d5580000)
  object space 329728K, 21% used [0x0000000080000000,0x00000000844e2488,0x0000000094200000)
 Metaspace       used 94659K, capacity 97352K, committed 99404K, reserved 1136640K
  class space    used 11273K, capacity 11698K, committed 12032K, reserved 1048576K
2023-10-12T01:15:03.928+0600: 2557768.171: [GC (Allocation Failure) [PSYoungGen: 103570K->3200K(109056K)] 174107K->73825K(438784K), 0.0159787 secs] [Times: user=0.01 sys=0.02, real=0.02 secs] 
Heap after GC invocations=711 (full 4):
 PSYoungGen      total 109056K, used 3200K [0x00000000d5580000, 0x00000000dca00000, 0x0000000100000000)
  eden space 99328K, 0% used [0x00000000d5580000,0x00000000d5580000,0x00000000db680000)
  from space 9728K, 32% used [0x00000000db680000,0x00000000db9a0000,0x00000000dc000000)
  to   space 9728K, 0% used [0x00000000dc080000,0x00000000dc080000,0x00000000dca00000)
 ParOldGen       total 329728K, used 70625K [0x0000000080000000, 0x0000000094200000, 0x00000000d5580000)
  object space 329728K, 21% used [0x0000000080000000,0x00000000844f8488,0x0000000094200000)
 Metaspace       used 94659K, capacity 97352K, committed 99404K, reserved 1136640K
  class space    used 11273K, capacity 11698K, committed 12032K, reserved 1048576K
}
{Heap before GC invocations=712 (full 4):
 PSYoungGen      total 109056K, used 102528K [0x00000000d5580000, 0x00000000dca00000, 0x0000000100000000)
  eden space 99328K, 100% used [0x00000000d5580000,0x00000000db680000,0x00000000db680000)
  from space 9728K, 32% used [0x00000000db680000,0x00000000db9a0000,0x00000000dc000000)
  to   space 9728K, 0% used [0x00000000dc080000,0x00000000dc080000,0x00000000dca00000)
 ParOldGen       total 329728K, used 70625K [0x0000000080000000, 0x0000000094200000, 0x00000000d5580000)
  object space 329728K, 21% used [0x0000000080000000,0x00000000844f8488,0x0000000094200000)
 Metaspace       used 94659K, capacity 97352K, committed 99404K, reserved 1136640K
  class space    used 11273K, capacity 11698K, committed 12032K, reserved 1048576K
2023-10-12T02:36:09.743+0600: 2562633.986: [GC (Allocation Failure) [PSYoungGen: 102528K->3168K(109568K)] 173153K->73848K(439296K), 0.0151239 secs] [Times: user=0.01 sys=0.01, real=0.02 secs] 
Heap after GC invocations=712 (full 4):
 PSYoungGen      total 109568K, used 3168K [0x00000000d5580000, 0x00000000dca00000, 0x0000000100000000)
  eden space 99840K, 0% used [0x00000000d5580000,0x00000000d5580000,0x00000000db700000)
  from space 9728K, 32% used [0x00000000dc080000,0x00000000dc398000,0x00000000dca00000)
  to   space 9728K, 0% used [0x00000000db700000,0x00000000db700000,0x00000000dc080000)
 ParOldGen       total 329728K, used 70680K [0x0000000080000000, 0x0000000094200000, 0x00000000d5580000)
  object space 329728K, 21% used [0x0000000080000000,0x00000000845063d8,0x0000000094200000)
 Metaspace       used 94659K, capacity 97352K, committed 99404K, reserved 1136640K
  class space    used 11273K, capacity 11698K, committed 12032K, reserved 1048576K
}
{Heap before GC invocations=713 (full 4):
 PSYoungGen      total 109568K, used 103008K [0x00000000d5580000, 0x00000000dca00000, 0x0000000100000000)
  eden space 99840K, 100% used [0x00000000d5580000,0x00000000db700000,0x00000000db700000)
  from space 9728K, 32% used [0x00000000dc080000,0x00000000dc398000,0x00000000dca00000)
  to   space 9728K, 0% used [0x00000000db700000,0x00000000db700000,0x00000000dc080000)
 ParOldGen       total 329728K, used 70680K [0x0000000080000000, 0x0000000094200000, 0x00000000d5580000)
  object space 329728K, 21% used [0x0000000080000000,0x00000000845063d8,0x0000000094200000)
 Metaspace       used 94659K, capacity 97352K, committed 99404K, reserved 1136640K
  class space    used 11273K, capacity 11698K, committed 12032K, reserved 1048576K
2023-10-12T03:57:07.772+0600: 2567492.015: [GC (Allocation Failure) [PSYoungGen: 103008K->3136K(109568K)] 173688K->73856K(439296K), 0.0136999 secs] [Times: user=0.01 sys=0.01, real=0.02 secs] 
Heap after GC invocations=713 (full 4):
 PSYoungGen      total 109568K, used 3136K [0x00000000d5580000, 0x00000000dc980000, 0x0000000100000000)
  eden space 99840K, 0% used [0x00000000d5580000,0x00000000d5580000,0x00000000db700000)
  from space 9728K, 32% used [0x00000000db700000,0x00000000dba10000,0x00000000dc080000)
  to   space 9216K, 0% used [0x00000000dc080000,0x00000000dc080000,0x00000000dc980000)
 ParOldGen       total 329728K, used 70720K [0x0000000080000000, 0x0000000094200000, 0x00000000d5580000)
  object space 329728K, 21% used [0x0000000080000000,0x00000000845103d8,0x0000000094200000)
 Metaspace       used 94659K, capacity 97352K, committed 99404K, reserved 1136640K
  class space    used 11273K, capacity 11698K, committed 12032K, reserved 1048576K
}
{Heap before GC invocations=714 (full 4):
 PSYoungGen      total 109568K, used 102976K [0x00000000d5580000, 0x00000000dc980000, 0x0000000100000000)
  eden space 99840K, 100% used [0x00000000d5580000,0x00000000db700000,0x00000000db700000)
  from space 9728K, 32% used [0x00000000db700000,0x00000000dba10000,0x00000000dc080000)
  to   space 9216K, 0% used [0x00000000dc080000,0x00000000dc080000,0x00000000dc980000)
 ParOldGen       total 329728K, used 70720K [0x0000000080000000, 0x0000000094200000, 0x00000000d5580000)
  object space 329728K, 21% used [0x0000000080000000,0x00000000845103d8,0x0000000094200000)
 Metaspace       used 94659K, capacity 97352K, committed 99404K, reserved 1136640K
  class space    used 11273K, capacity 11698K, committed 12032K, reserved 1048576K
2023-10-12T05:17:58.892+0600: 2572343.136: [GC (Allocation Failure) [PSYoungGen: 102976K->3136K(109568K)] 173696K->73872K(439296K), 0.0131004 secs] [Times: user=0.02 sys=0.00, real=0.02 secs] 
Heap after GC invocations=714 (full 4):
 PSYoungGen      total 109568K, used 3136K [0x00000000d5580000, 0x00000000dc980000, 0x0000000100000000)
  eden space 100352K, 0% used [0x00000000d5580000,0x00000000d5580000,0x00000000db780000)
  from space 9216K, 34% used [0x00000000dc080000,0x00000000dc390000,0x00000000dc980000)
  to   space 9216K, 0% used [0x00000000db780000,0x00000000db780000,0x00000000dc080000)
 ParOldGen       total 329728K, used 70736K [0x0000000080000000, 0x0000000094200000, 0x00000000d5580000)
  object space 329728K, 21% used [0x0000000080000000,0x00000000845143d8,0x0000000094200000)
 Metaspace       used 94659K, capacity 97352K, committed 99404K, reserved 1136640K
  class space    used 11273K, capacity 11698K, committed 12032K, reserved 1048576K
}
{Heap before GC invocations=715 (full 4):
 PSYoungGen      total 109568K, used 103488K [0x00000000d5580000, 0x00000000dc980000, 0x0000000100000000)
  eden space 100352K, 100% used [0x00000000d5580000,0x00000000db780000,0x00000000db780000)
  from space 9216K, 34% used [0x00000000dc080000,0x00000000dc390000,0x00000000dc980000)
  to   space 9216K, 0% used [0x00000000db780000,0x00000000db780000,0x00000000dc080000)
 ParOldGen       total 329728K, used 70736K [0x0000000080000000, 0x0000000094200000, 0x00000000d5580000)
  object space 329728K, 21% used [0x0000000080000000,0x00000000845143d8,0x0000000094200000)
 Metaspace       used 94659K, capacity 97352K, committed 99404K, reserved 1136640K
  class space    used 11273K, capacity 11698K, committed 12032K, reserved 1048576K
2023-10-12T06:33:51.702+0600: 2576895.945: [GC (Allocation Failure) [PSYoungGen: 103488K->4130K(109568K)] 174224K->74891K(439296K), 0.0177605 secs] [Times: user=0.02 sys=0.01, real=0.02 secs] 
Heap after GC invocations=715 (full 4):
 PSYoungGen      total 109568K, used 4130K [0x00000000d5580000, 0x00000000dc900000, 0x0000000100000000)
  eden space 100352K, 0% used [0x00000000d5580000,0x00000000d5580000,0x00000000db780000)
  from space 9216K, 44% used [0x00000000db780000,0x00000000dbb88920,0x00000000dc080000)
  to   space 8704K, 0% used [0x00000000dc080000,0x00000000dc080000,0x00000000dc900000)
 ParOldGen       total 329728K, used 70760K [0x0000000080000000, 0x0000000094200000, 0x00000000d5580000)
  object space 329728K, 21% used [0x0000000080000000,0x000000008451a3d8,0x0000000094200000)
 Metaspace       used 94659K, capacity 97352K, committed 99404K, reserved 1136640K
  class space    used 11273K, capacity 11698K, committed 12032K, reserved 1048576K
}
{Heap before GC invocations=716 (full 4):
 PSYoungGen      total 109568K, used 104482K [0x00000000d5580000, 0x00000000dc900000, 0x0000000100000000)
  eden space 100352K, 100% used [0x00000000d5580000,0x00000000db780000,0x00000000db780000)
  from space 9216K, 44% used [0x00000000db780000,0x00000000dbb88920,0x00000000dc080000)
  to   space 8704K, 0% used [0x00000000dc080000,0x00000000dc080000,0x00000000dc900000)
 ParOldGen       total 329728K, used 70760K [0x0000000080000000, 0x0000000094200000, 0x00000000d5580000)
  object space 329728K, 21% used [0x0000000080000000,0x000000008451a3d8,0x0000000094200000)
 Metaspace       used 94659K, capacity 97352K, committed 99404K, reserved 1136640K
  class space    used 11273K, capacity 11698K, committed 12032K, reserved 1048576K
2023-10-12T07:55:04.919+0600: 2581769.163: [GC (Allocation Failure) [PSYoungGen: 104482K->3168K(109568K)] 175243K->73952K(439296K), 0.0145702 secs] [Times: user=0.01 sys=0.02, real=0.02 secs] 
Heap after GC invocations=716 (full 4):
 PSYoungGen      total 109568K, used 3168K [0x00000000d5580000, 0x00000000dc900000, 0x0000000100000000)
  eden space 100864K, 0% used [0x00000000d5580000,0x00000000d5580000,0x00000000db800000)
  from space 8704K, 36% used [0x00000000dc080000,0x00000000dc398000,0x00000000dc900000)
  to   space 8704K, 0% used [0x00000000db800000,0x00000000db800000,0x00000000dc080000)
 ParOldGen       total 329728K, used 70784K [0x0000000080000000, 0x0000000094200000, 0x00000000d5580000)
  object space 329728K, 21% used [0x0000000080000000,0x00000000845203d8,0x0000000094200000)
 Metaspace       used 94659K, capacity 97352K, committed 99404K, reserved 1136640K
  class space    used 11273K, capacity 11698K, committed 12032K, reserved 1048576K
}
{Heap before GC invocations=717 (full 4):
 PSYoungGen      total 109568K, used 104032K [0x00000000d5580000, 0x00000000dc900000, 0x0000000100000000)
  eden space 100864K, 100% used [0x00000000d5580000,0x00000000db800000,0x00000000db800000)
  from space 8704K, 36% used [0x00000000dc080000,0x00000000dc398000,0x00000000dc900000)
  to   space 8704K, 0% used [0x00000000db800000,0x00000000db800000,0x00000000dc080000)
 ParOldGen       total 329728K, used 70784K [0x0000000080000000, 0x0000000094200000, 0x00000000d5580000)
  object space 329728K, 21% used [0x0000000080000000,0x00000000845203d8,0x0000000094200000)
 Metaspace       used 94659K, capacity 97352K, committed 99404K, reserved 1136640K
  class space    used 11273K, capacity 11698K, committed 12032K, reserved 1048576K
2023-10-12T09:01:29.536+0600: 2585753.779: [GC (Allocation Failure) [PSYoungGen: 104032K->4530K(109568K)] 174816K->75339K(439296K), 0.0122954 secs] [Times: user=0.01 sys=0.01, real=0.01 secs] 
Heap after GC invocations=717 (full 4):
 PSYoungGen      total 109568K, used 4530K [0x00000000d5580000, 0x00000000dc880000, 0x0000000100000000)
  eden space 100864K, 0% used [0x00000000d5580000,0x00000000d5580000,0x00000000db800000)
  from space 8704K, 52% used [0x00000000db800000,0x00000000dbc6cb60,0x00000000dc080000)
  to   space 8192K, 0% used [0x00000000dc080000,0x00000000dc080000,0x00000000dc880000)
 ParOldGen       total 329728K, used 70808K [0x0000000080000000, 0x0000000094200000, 0x00000000d5580000)
  object space 329728K, 21% used [0x0000000080000000,0x00000000845263d8,0x0000000094200000)
 Metaspace       used 94659K, capacity 97352K, committed 99404K, reserved 1136640K
  class space    used 11273K, capacity 11698K, committed 12032K, reserved 1048576K
}
{Heap before GC invocations=718 (full 4):
 PSYoungGen      total 109568K, used 105394K [0x00000000d5580000, 0x00000000dc880000, 0x0000000100000000)
  eden space 100864K, 100% used [0x00000000d5580000,0x00000000db800000,0x00000000db800000)
  from space 8704K, 52% used [0x00000000db800000,0x00000000dbc6cb60,0x00000000dc080000)
  to   space 8192K, 0% used [0x00000000dc080000,0x00000000dc080000,0x00000000dc880000)
 ParOldGen       total 329728K, used 70808K [0x0000000080000000, 0x0000000094200000, 0x00000000d5580000)
  object space 329728K, 21% used [0x0000000080000000,0x00000000845263d8,0x0000000094200000)
 Metaspace       used 94660K, capacity 97352K, committed 99404K, reserved 1136640K
  class space    used 11274K, capacity 11698K, committed 12032K, reserved 1048576K
2023-10-12T10:10:30.933+0600: 2589895.177: [GC (Allocation Failure) [PSYoungGen: 105394K->4571K(109568K)] 176203K->75404K(439296K), 0.0180289 secs] [Times: user=0.01 sys=0.01, real=0.01 secs] 
Heap after GC invocations=718 (full 4):
 PSYoungGen      total 109568K, used 4571K [0x00000000d5580000, 0x00000000dc880000, 0x0000000100000000)
  eden space 101376K, 0% used [0x00000000d5580000,0x00000000d5580000,0x00000000db880000)
  from space 8192K, 55% used [0x00000000dc080000,0x00000000dc4f6e60,0x00000000dc880000)
  to   space 8192K, 0% used [0x00000000db880000,0x00000000db880000,0x00000000dc080000)
 ParOldGen       total 329728K, used 70832K [0x0000000080000000, 0x0000000094200000, 0x00000000d5580000)
  object space 329728K, 21% used [0x0000000080000000,0x000000008452c3d8,0x0000000094200000)
 Metaspace       used 94660K, capacity 97352K, committed 99404K, reserved 1136640K
  class space    used 11274K, capacity 11698K, committed 12032K, reserved 1048576K
}
{Heap before GC invocations=719 (full 4):
 PSYoungGen      total 109568K, used 105947K [0x00000000d5580000, 0x00000000dc880000, 0x0000000100000000)
  eden space 101376K, 100% used [0x00000000d5580000,0x00000000db880000,0x00000000db880000)
  from space 8192K, 55% used [0x00000000dc080000,0x00000000dc4f6e60,0x00000000dc880000)
  to   space 8192K, 0% used [0x00000000db880000,0x00000000db880000,0x00000000dc080000)
 ParOldGen       total 329728K, used 70832K [0x0000000080000000, 0x0000000094200000, 0x00000000d5580000)
  object space 329728K, 21% used [0x0000000080000000,0x000000008452c3d8,0x0000000094200000)
 Metaspace       used 94662K, capacity 97358K, committed 99404K, reserved 1136640K
  class space    used 11274K, capacity 11699K, committed 12032K, reserved 1048576K
2023-10-12T10:54:32.402+0600: 2592536.645: [GC (Allocation Failure) [PSYoungGen: 105947K->5988K(109568K)] 176780K->76892K(439296K), 0.0133563 secs] [Times: user=0.01 sys=0.01, real=0.02 secs] 
Heap after GC invocations=719 (full 4):
 PSYoungGen      total 109568K, used 5988K [0x00000000d5580000, 0x00000000dc900000, 0x0000000100000000)
  eden space 101376K, 0% used [0x00000000d5580000,0x00000000d5580000,0x00000000db880000)
  from space 8192K, 73% used [0x00000000db880000,0x00000000dbe59030,0x00000000dc080000)
  to   space 8192K, 0% used [0x00000000dc100000,0x00000000dc100000,0x00000000dc900000)
 ParOldGen       total 329728K, used 70904K [0x0000000080000000, 0x0000000094200000, 0x00000000d5580000)
  object space 329728K, 21% used [0x0000000080000000,0x000000008453e328,0x0000000094200000)
 Metaspace       used 94662K, capacity 97358K, committed 99404K, reserved 1136640K
  class space    used 11274K, capacity 11699K, committed 12032K, reserved 1048576K
}
{Heap before GC invocations=720 (full 4):
 PSYoungGen      total 109568K, used 107349K [0x00000000d5580000, 0x00000000dc900000, 0x0000000100000000)
  eden space 101376K, 99% used [0x00000000d5580000,0x00000000db87c5f8,0x00000000db880000)
  from space 8192K, 73% used [0x00000000db880000,0x00000000dbe59030,0x00000000dc080000)
  to   space 8192K, 0% used [0x00000000dc100000,0x00000000dc100000,0x00000000dc900000)
 ParOldGen       total 329728K, used 70904K [0x0000000080000000, 0x0000000094200000, 0x00000000d5580000)
  object space 329728K, 21% used [0x0000000080000000,0x000000008453e328,0x0000000094200000)
 Metaspace       used 94663K, capacity 97358K, committed 99404K, reserved 1136640K
  class space    used 11275K, capacity 11699K, committed 12032K, reserved 1048576K
2023-10-12T11:44:04.584+0600: 2595508.827: [GC (Allocation Failure) [PSYoungGen: 107349K->4900K(110080K)] 178254K->75917K(439808K), 0.0126110 secs] [Times: user=0.01 sys=0.01, real=0.01 secs] 
Heap after GC invocations=720 (full 4):
 PSYoungGen      total 110080K, used 4900K [0x00000000d5580000, 0x00000000dc900000, 0x0000000100000000)
  eden space 101888K, 0% used [0x00000000d5580000,0x00000000d5580000,0x00000000db900000)
  from space 8192K, 59% used [0x00000000dc100000,0x00000000dc5c91e0,0x00000000dc900000)
  to   space 8192K, 0% used [0x00000000db900000,0x00000000db900000,0x00000000dc100000)
 ParOldGen       total 329728K, used 71016K [0x0000000080000000, 0x0000000094200000, 0x00000000d5580000)
  object space 329728K, 21% used [0x0000000080000000,0x000000008455a358,0x0000000094200000)
 Metaspace       used 94663K, capacity 97358K, committed 99404K, reserved 1136640K
  class space    used 11275K, capacity 11699K, committed 12032K, reserved 1048576K
}
{Heap before GC invocations=721 (full 4):
 PSYoungGen      total 110080K, used 106788K [0x00000000d5580000, 0x00000000dc900000, 0x0000000100000000)
  eden space 101888K, 100% used [0x00000000d5580000,0x00000000db900000,0x00000000db900000)
  from space 8192K, 59% used [0x00000000dc100000,0x00000000dc5c91e0,0x00000000dc900000)
  to   space 8192K, 0% used [0x00000000db900000,0x00000000db900000,0x00000000dc100000)
 ParOldGen       total 329728K, used 71016K [0x0000000080000000, 0x0000000094200000, 0x00000000d5580000)
  object space 329728K, 21% used [0x0000000080000000,0x000000008455a358,0x0000000094200000)
 Metaspace       used 94682K, capacity 97400K, committed 99404K, reserved 1136640K
  class space    used 11279K, capacity 11706K, committed 12032K, reserved 1048576K
2023-10-12T12:34:49.892+0600: 2598554.135: [GC (Allocation Failure) [PSYoungGen: 106788K->7270K(110080K)] 177805K->78303K(439808K), 0.0163290 secs] [Times: user=0.01 sys=0.02, real=0.02 secs] 
Heap after GC invocations=721 (full 4):
 PSYoungGen      total 110080K, used 7270K [0x00000000d5580000, 0x00000000dca80000, 0x0000000100000000)
  eden space 101888K, 0% used [0x00000000d5580000,0x00000000d5580000,0x00000000db900000)
  from space 8192K, 88% used [0x00000000db900000,0x00000000dc019920,0x00000000dc100000)
  to   space 8704K, 0% used [0x00000000dc200000,0x00000000dc200000,0x00000000dca80000)
 ParOldGen       total 329728K, used 71032K [0x0000000080000000, 0x0000000094200000, 0x00000000d5580000)
  object space 329728K, 21% used [0x0000000080000000,0x000000008455e358,0x0000000094200000)
 Metaspace       used 94682K, capacity 97400K, committed 99404K, reserved 1136640K
  class space    used 11279K, capacity 11706K, committed 12032K, reserved 1048576K
}
{Heap before GC invocations=722 (full 4):
 PSYoungGen      total 110080K, used 109158K [0x00000000d5580000, 0x00000000dca80000, 0x0000000100000000)
  eden space 101888K, 100% used [0x00000000d5580000,0x00000000db900000,0x00000000db900000)
  from space 8192K, 88% used [0x00000000db900000,0x00000000dc019920,0x00000000dc100000)
  to   space 8704K, 0% used [0x00000000dc200000,0x00000000dc200000,0x00000000dca80000)
 ParOldGen       total 329728K, used 71032K [0x0000000080000000, 0x0000000094200000, 0x00000000d5580000)
  object space 329728K, 21% used [0x0000000080000000,0x000000008455e358,0x0000000094200000)
 Metaspace       used 94682K, capacity 97400K, committed 99404K, reserved 1136640K
  class space    used 11279K, capacity 11706K, committed 12032K, reserved 1048576K
2023-10-12T13:32:24.171+0600: 2602008.414: [GC (Allocation Failure) [PSYoungGen: 109158K->6373K(111104K)] 180191K->77422K(440832K), 0.0204026 secs] [Times: user=0.01 sys=0.02, real=0.02 secs] 
Heap after GC invocations=722 (full 4):
 PSYoungGen      total 111104K, used 6373K [0x00000000d5580000, 0x00000000dca80000, 0x0000000100000000)
  eden space 102400K, 0% used [0x00000000d5580000,0x00000000d5580000,0x00000000db980000)
  from space 8704K, 73% used [0x00000000dc200000,0x00000000dc8396c0,0x00000000dca80000)
  to   space 8704K, 0% used [0x00000000db980000,0x00000000db980000,0x00000000dc200000)
 ParOldGen       total 329728K, used 71048K [0x0000000080000000, 0x0000000094200000, 0x00000000d5580000)
  object space 329728K, 21% used [0x0000000080000000,0x0000000084562358,0x0000000094200000)
 Metaspace       used 94682K, capacity 97400K, committed 99404K, reserved 1136640K
  class space    used 11279K, capacity 11706K, committed 12032K, reserved 1048576K
}
{Heap before GC invocations=723 (full 4):
 PSYoungGen      total 111104K, used 108770K [0x00000000d5580000, 0x00000000dca80000, 0x0000000100000000)
  eden space 102400K, 99% used [0x00000000d5580000,0x00000000db97f1f0,0x00000000db980000)
  from space 8704K, 73% used [0x00000000dc200000,0x00000000dc8396c0,0x00000000dca80000)
  to   space 8704K, 0% used [0x00000000db980000,0x00000000db980000,0x00000000dc200000)
 ParOldGen       total 329728K, used 71048K [0x0000000080000000, 0x0000000094200000, 0x00000000d5580000)
  object space 329728K, 21% used [0x0000000080000000,0x0000000084562358,0x0000000094200000)
 Metaspace       used 94682K, capacity 97400K, committed 99404K, reserved 1136640K
  class space    used 11279K, capacity 11706K, committed 12032K, reserved 1048576K
2023-10-12T14:30:20.907+0600: 2605485.150: [GC (Allocation Failure) [PSYoungGen: 108770K->5337K(111104K)] 179819K->76402K(440832K), 0.0198290 secs] [Times: user=0.03 sys=0.00, real=0.02 secs] 
Heap after GC invocations=723 (full 4):
 PSYoungGen      total 111104K, used 5337K [0x00000000d5580000, 0x00000000dcb00000, 0x0000000100000000)
  eden space 102400K, 0% used [0x00000000d5580000,0x00000000d5580000,0x00000000db980000)
  from space 8704K, 61% used [0x00000000db980000,0x00000000dbeb67e0,0x00000000dc200000)
  to   space 8704K, 0% used [0x00000000dc280000,0x00000000dc280000,0x00000000dcb00000)
 ParOldGen       total 329728K, used 71064K [0x0000000080000000, 0x0000000094200000, 0x00000000d5580000)
  object space 329728K, 21% used [0x0000000080000000,0x0000000084566358,0x0000000094200000)
 Metaspace       used 94682K, capacity 97400K, committed 99404K, reserved 1136640K
  class space    used 11279K, capacity 11706K, committed 12032K, reserved 1048576K
}
{Heap before GC invocations=724 (full 4):
 PSYoungGen      total 111104K, used 107733K [0x00000000d5580000, 0x00000000dcb00000, 0x0000000100000000)
  eden space 102400K, 99% used [0x00000000d5580000,0x00000000db97ede0,0x00000000db980000)
  from space 8704K, 61% used [0x00000000db980000,0x00000000dbeb67e0,0x00000000dc200000)
  to   space 8704K, 0% used [0x00000000dc280000,0x00000000dc280000,0x00000000dcb00000)
 ParOldGen       total 329728K, used 71064K [0x0000000080000000, 0x0000000094200000, 0x00000000d5580000)
  object space 329728K, 21% used [0x0000000080000000,0x0000000084566358,0x0000000094200000)
 Metaspace       used 94685K, capacity 97400K, committed 99404K, reserved 1136640K
  class space    used 11279K, capacity 11706K, committed 12032K, reserved 1048576K
2023-10-12T15:25:03.520+0600: 2608767.763: [GC (Allocation Failure) [PSYoungGen: 107733K->7238K(111104K)] 178798K->78311K(440832K), 0.0156714 secs] [Times: user=0.01 sys=0.02, real=0.02 secs] 
Heap after GC invocations=724 (full 4):
 PSYoungGen      total 111104K, used 7238K [0x00000000d5580000, 0x00000000dcc00000, 0x0000000100000000)
  eden space 102400K, 0% used [0x00000000d5580000,0x00000000d5580000,0x00000000db980000)
  from space 8704K, 83% used [0x00000000dc280000,0x00000000dc991950,0x00000000dcb00000)
  to   space 9216K, 0% used [0x00000000db980000,0x00000000db980000,0x00000000dc280000)
 ParOldGen       total 329728K, used 71072K [0x0000000080000000, 0x0000000094200000, 0x00000000d5580000)
  object space 329728K, 21% used [0x0000000080000000,0x0000000084568358,0x0000000094200000)
 Metaspace       used 94685K, capacity 97400K, committed 99404K, reserved 1136640K
  class space    used 11279K, capacity 11706K, committed 12032K, reserved 1048576K
}
{Heap before GC invocations=725 (full 4):
 PSYoungGen      total 111104K, used 109638K [0x00000000d5580000, 0x00000000dcc00000, 0x0000000100000000)
  eden space 102400K, 100% used [0x00000000d5580000,0x00000000db980000,0x00000000db980000)
  from space 8704K, 83% used [0x00000000dc280000,0x00000000dc991950,0x00000000dcb00000)
  to   space 9216K, 0% used [0x00000000db980000,0x00000000db980000,0x00000000dc280000)
 ParOldGen       total 329728K, used 71072K [0x0000000080000000, 0x0000000094200000, 0x00000000d5580000)
  object space 329728K, 21% used [0x0000000080000000,0x0000000084568358,0x0000000094200000)
 Metaspace       used 94687K, capacity 97400K, committed 99404K, reserved 1136640K
  class space    used 11279K, capacity 11706K, committed 12032K, reserved 1048576K
2023-10-12T16:19:14.138+0600: 2612018.381: [GC (Allocation Failure) [PSYoungGen: 109638K->7203K(111616K)] 180711K->78291K(441344K), 0.0206300 secs] [Times: user=0.04 sys=0.00, real=0.02 secs] 
Heap after GC invocations=725 (full 4):
 PSYoungGen      total 111616K, used 7203K [0x00000000d5580000, 0x00000000dcd00000, 0x0000000100000000)
  eden space 102400K, 0% used [0x00000000d5580000,0x00000000d5580000,0x00000000db980000)
  from space 9216K, 78% used [0x00000000db980000,0x00000000dc088c10,0x00000000dc280000)
  to   space 9728K, 0% used [0x00000000dc380000,0x00000000dc380000,0x00000000dcd00000)
 ParOldGen       total 329728K, used 71088K [0x0000000080000000, 0x0000000094200000, 0x00000000d5580000)
  object space 329728K, 21% used [0x0000000080000000,0x000000008456c358,0x0000000094200000)
 Metaspace       used 94687K, capacity 97400K, committed 99404K, reserved 1136640K
  class space    used 11279K, capacity 11706K, committed 12032K, reserved 1048576K
}
{Heap before GC invocations=726 (full 4):
 PSYoungGen      total 111616K, used 109603K [0x00000000d5580000, 0x00000000dcd00000, 0x0000000100000000)
  eden space 102400K, 100% used [0x00000000d5580000,0x00000000db980000,0x00000000db980000)
  from space 9216K, 78% used [0x00000000db980000,0x00000000dc088c10,0x00000000dc280000)
  to   space 9728K, 0% used [0x00000000dc380000,0x00000000dc380000,0x00000000dcd00000)
 ParOldGen       total 329728K, used 71088K [0x0000000080000000, 0x0000000094200000, 0x00000000d5580000)
  object space 329728K, 21% used [0x0000000080000000,0x000000008456c358,0x0000000094200000)
 Metaspace       used 94688K, capacity 97400K, committed 99404K, reserved 1136640K
  class space    used 11279K, capacity 11706K, committed 12032K, reserved 1048576K
2023-10-12T17:08:22.810+0600: 2614967.054: [GC (Allocation Failure) [PSYoungGen: 109603K->7607K(112640K)] 180691K->78712K(442368K), 0.0215279 secs] [Times: user=0.04 sys=0.00, real=0.02 secs] 
Heap after GC invocations=726 (full 4):
 PSYoungGen      total 112640K, used 7607K [0x00000000d5580000, 0x00000000dcd00000, 0x0000000100000000)
  eden space 102912K, 0% used [0x00000000d5580000,0x00000000d5580000,0x00000000dba00000)
  from space 9728K, 78% used [0x00000000dc380000,0x00000000dcaedfb0,0x00000000dcd00000)
  to   space 9728K, 0% used [0x00000000dba00000,0x00000000dba00000,0x00000000dc380000)
 ParOldGen       total 329728K, used 71104K [0x0000000080000000, 0x0000000094200000, 0x00000000d5580000)
  object space 329728K, 21% used [0x0000000080000000,0x0000000084570358,0x0000000094200000)
 Metaspace       used 94688K, capacity 97400K, committed 99404K, reserved 1136640K
  class space    used 11279K, capacity 11706K, committed 12032K, reserved 1048576K
}
{Heap before GC invocations=727 (full 4):
 PSYoungGen      total 112640K, used 110519K [0x00000000d5580000, 0x00000000dcd00000, 0x0000000100000000)
  eden space 102912K, 100% used [0x00000000d5580000,0x00000000dba00000,0x00000000dba00000)
  from space 9728K, 78% used [0x00000000dc380000,0x00000000dcaedfb0,0x00000000dcd00000)
  to   space 9728K, 0% used [0x00000000dba00000,0x00000000dba00000,0x00000000dc380000)
 ParOldGen       total 329728K, used 71104K [0x0000000080000000, 0x0000000094200000, 0x00000000d5580000)
  object space 329728K, 21% used [0x0000000080000000,0x0000000084570358,0x0000000094200000)
 Metaspace       used 94706K, capacity 97460K, committed 99404K, reserved 1136640K
  class space    used 11285K, capacity 11716K, committed 12032K, reserved 1048576K
2023-10-12T18:23:36.534+0600: 2619480.777: [GC (Allocation Failure) [PSYoungGen: 110519K->4288K(112640K)] 181624K->75392K(442368K), 0.0158234 secs] [Times: user=0.01 sys=0.02, real=0.01 secs] 
Heap after GC invocations=727 (full 4):
 PSYoungGen      total 112640K, used 4288K [0x00000000d5580000, 0x00000000dcd80000, 0x0000000100000000)
  eden space 102912K, 0% used [0x00000000d5580000,0x00000000d5580000,0x00000000dba00000)
  from space 9728K, 44% used [0x00000000dba00000,0x00000000dbe30050,0x00000000dc380000)
  to   space 9728K, 0% used [0x00000000dc400000,0x00000000dc400000,0x00000000dcd80000)
 ParOldGen       total 329728K, used 71104K [0x0000000080000000, 0x0000000094200000, 0x00000000d5580000)
  object space 329728K, 21% used [0x0000000080000000,0x0000000084570358,0x0000000094200000)
 Metaspace       used 94706K, capacity 97460K, committed 99404K, reserved 1136640K
  class space    used 11285K, capacity 11716K, committed 12032K, reserved 1048576K
}
{Heap before GC invocations=728 (full 4):
 PSYoungGen      total 112640K, used 107200K [0x00000000d5580000, 0x00000000dcd80000, 0x0000000100000000)
  eden space 102912K, 100% used [0x00000000d5580000,0x00000000dba00000,0x00000000dba00000)
  from space 9728K, 44% used [0x00000000dba00000,0x00000000dbe30050,0x00000000dc380000)
  to   space 9728K, 0% used [0x00000000dc400000,0x00000000dc400000,0x00000000dcd80000)
 ParOldGen       total 329728K, used 71104K [0x0000000080000000, 0x0000000094200000, 0x00000000d5580000)
  object space 329728K, 21% used [0x0000000080000000,0x0000000084570358,0x0000000094200000)
 Metaspace       used 94707K, capacity 97460K, committed 99404K, reserved 1136640K
  class space    used 11285K, capacity 11716K, committed 12032K, reserved 1048576K
2023-10-12T19:34:54.374+0600: 2623758.617: [GC (Allocation Failure) [PSYoungGen: 107200K->5089K(112128K)] 178304K->76194K(441856K), 0.0121720 secs] [Times: user=0.01 sys=0.01, real=0.01 secs] 
Heap after GC invocations=728 (full 4):
 PSYoungGen      total 112128K, used 5089K [0x00000000d5580000, 0x00000000dcc80000, 0x0000000100000000)
  eden space 103424K, 0% used [0x00000000d5580000,0x00000000d5580000,0x00000000dba80000)
  from space 8704K, 58% used [0x00000000dc400000,0x00000000dc8f8740,0x00000000dcc80000)
  to   space 9216K, 0% used [0x00000000dba80000,0x00000000dba80000,0x00000000dc380000)
 ParOldGen       total 329728K, used 71104K [0x0000000080000000, 0x0000000094200000, 0x00000000d5580000)
  object space 329728K, 21% used [0x0000000080000000,0x0000000084570358,0x0000000094200000)
 Metaspace       used 94707K, capacity 97460K, committed 99404K, reserved 1136640K
  class space    used 11285K, capacity 11716K, committed 12032K, reserved 1048576K
}
{Heap before GC invocations=729 (full 4):
 PSYoungGen      total 112128K, used 108513K [0x00000000d5580000, 0x00000000dcc80000, 0x0000000100000000)
  eden space 103424K, 100% used [0x00000000d5580000,0x00000000dba80000,0x00000000dba80000)
  from space 8704K, 58% used [0x00000000dc400000,0x00000000dc8f8740,0x00000000dcc80000)
  to   space 9216K, 0% used [0x00000000dba80000,0x00000000dba80000,0x00000000dc380000)
 ParOldGen       total 329728K, used 71104K [0x0000000080000000, 0x0000000094200000, 0x00000000d5580000)
  object space 329728K, 21% used [0x0000000080000000,0x0000000084570358,0x0000000094200000)
 Metaspace       used 94707K, capacity 97460K, committed 99404K, reserved 1136640K
  class space    used 11285K, capacity 11716K, committed 12032K, reserved 1048576K
2023-10-12T20:39:21.247+0600: 2627625.490: [GC (Allocation Failure) [PSYoungGen: 108513K->5505K(112640K)] 179618K->76610K(442368K), 0.0168728 secs] [Times: user=0.03 sys=0.00, real=0.02 secs] 
Heap after GC invocations=729 (full 4):
 PSYoungGen      total 112640K, used 5505K [0x00000000d5580000, 0x00000000dcd00000, 0x0000000100000000)
  eden space 103424K, 0% used [0x00000000d5580000,0x00000000d5580000,0x00000000dba80000)
  from space 9216K, 59% used [0x00000000dba80000,0x00000000dbfe04d0,0x00000000dc380000)
  to   space 9216K, 0% used [0x00000000dc400000,0x00000000dc400000,0x00000000dcd00000)
 ParOldGen       total 329728K, used 71104K [0x0000000080000000, 0x0000000094200000, 0x00000000d5580000)
  object space 329728K, 21% used [0x0000000080000000,0x0000000084570358,0x0000000094200000)
 Metaspace       used 94707K, capacity 97460K, committed 99404K, reserved 1136640K
  class space    used 11285K, capacity 11716K, committed 12032K, reserved 1048576K
}
{Heap before GC invocations=730 (full 4):
 PSYoungGen      total 112640K, used 108929K [0x00000000d5580000, 0x00000000dcd00000, 0x0000000100000000)
  eden space 103424K, 100% used [0x00000000d5580000,0x00000000dba80000,0x00000000dba80000)
  from space 9216K, 59% used [0x00000000dba80000,0x00000000dbfe04d0,0x00000000dc380000)
  to   space 9216K, 0% used [0x00000000dc400000,0x00000000dc400000,0x00000000dcd00000)
 ParOldGen       total 329728K, used 71104K [0x0000000080000000, 0x0000000094200000, 0x00000000d5580000)
  object space 329728K, 21% used [0x0000000080000000,0x0000000084570358,0x0000000094200000)
 Metaspace       used 94707K, capacity 97460K, committed 99404K, reserved 1136640K
  class space    used 11285K, capacity 11716K, committed 12032K, reserved 1048576K
2023-10-12T21:46:29.256+0600: 2631653.499: [GC (Allocation Failure) [PSYoungGen: 108929K->5396K(112128K)] 180034K->76517K(441856K), 0.0190539 secs] [Times: user=0.01 sys=0.02, real=0.02 secs] 
Heap after GC invocations=730 (full 4):
 PSYoungGen      total 112128K, used 5396K [0x00000000d5580000, 0x00000000dcc00000, 0x0000000100000000)
  eden space 103936K, 0% used [0x00000000d5580000,0x00000000d5580000,0x00000000dbb00000)
  from space 8192K, 65% used [0x00000000dc400000,0x00000000dc945220,0x00000000dcc00000)
  to   space 8704K, 0% used [0x00000000dbb00000,0x00000000dbb00000,0x00000000dc380000)
 ParOldGen       total 329728K, used 71120K [0x0000000080000000, 0x0000000094200000, 0x00000000d5580000)
  object space 329728K, 21% used [0x0000000080000000,0x0000000084574358,0x0000000094200000)
 Metaspace       used 94707K, capacity 97460K, committed 99404K, reserved 1136640K
  class space    used 11285K, capacity 11716K, committed 12032K, reserved 1048576K
}
{Heap before GC invocations=731 (full 4):
 PSYoungGen      total 112128K, used 109332K [0x00000000d5580000, 0x00000000dcc00000, 0x0000000100000000)
  eden space 103936K, 100% used [0x00000000d5580000,0x00000000dbb00000,0x00000000dbb00000)
  from space 8192K, 65% used [0x00000000dc400000,0x00000000dc945220,0x00000000dcc00000)
  to   space 8704K, 0% used [0x00000000dbb00000,0x00000000dbb00000,0x00000000dc380000)
 ParOldGen       total 329728K, used 71120K [0x0000000080000000, 0x0000000094200000, 0x00000000d5580000)
  object space 329728K, 21% used [0x0000000080000000,0x0000000084574358,0x0000000094200000)
 Metaspace       used 94707K, capacity 97460K, committed 99404K, reserved 1136640K
  class space    used 11285K, capacity 11716K, committed 12032K, reserved 1048576K
2023-10-12T22:53:42.230+0600: 2635686.474: [GC (Allocation Failure) [PSYoungGen: 109332K->5843K(112640K)] 180453K->76964K(442368K), 0.0174028 secs] [Times: user=0.01 sys=0.02, real=0.02 secs] 
Heap after GC invocations=731 (full 4):
 PSYoungGen      total 112640K, used 5843K [0x00000000d5580000, 0x00000000dcc80000, 0x0000000100000000)
  eden space 103936K, 0% used [0x00000000d5580000,0x00000000d5580000,0x00000000dbb00000)
  from space 8704K, 67% used [0x00000000dbb00000,0x00000000dc0b4ff0,0x00000000dc380000)
  to   space 8704K, 0% used [0x00000000dc400000,0x00000000dc400000,0x00000000dcc80000)
 ParOldGen       total 329728K, used 71120K [0x0000000080000000, 0x0000000094200000, 0x00000000d5580000)
  object space 329728K, 21% used [0x0000000080000000,0x0000000084574358,0x0000000094200000)
 Metaspace       used 94707K, capacity 97460K, committed 99404K, reserved 1136640K
  class space    used 11285K, capacity 11716K, committed 12032K, reserved 1048576K
}
{Heap before GC invocations=732 (full 4):
 PSYoungGen      total 112640K, used 109779K [0x00000000d5580000, 0x00000000dcc80000, 0x0000000100000000)
  eden space 103936K, 100% used [0x00000000d5580000,0x00000000dbb00000,0x00000000dbb00000)
  from space 8704K, 67% used [0x00000000dbb00000,0x00000000dc0b4ff0,0x00000000dc380000)
  to   space 8704K, 0% used [0x00000000dc400000,0x00000000dc400000,0x00000000dcc80000)
 ParOldGen       total 329728K, used 71120K [0x0000000080000000, 0x0000000094200000, 0x00000000d5580000)
  object space 329728K, 21% used [0x0000000080000000,0x0000000084574358,0x0000000094200000)
 Metaspace       used 94707K, capacity 97460K, committed 99404K, reserved 1136640K
  class space    used 11285K, capacity 11716K, committed 12032K, reserved 1048576K
2023-10-13T00:12:13.696+0600: 2640397.939: [GC (Allocation Failure) [PSYoungGen: 109779K->4305K(113152K)] 180900K->75442K(442880K), 0.0191941 secs] [Times: user=0.02 sys=0.02, real=0.02 secs] 
Heap after GC invocations=732 (full 4):
 PSYoungGen      total 113152K, used 4305K [0x00000000d5580000, 0x00000000dcc80000, 0x0000000100000000)
  eden space 104448K, 0% used [0x00000000d5580000,0x00000000d5580000,0x00000000dbb80000)
  from space 8704K, 49% used [0x00000000dc400000,0x00000000dc8344b0,0x00000000dcc80000)
  to   space 8704K, 0% used [0x00000000dbb80000,0x00000000dbb80000,0x00000000dc400000)
 ParOldGen       total 329728K, used 71136K [0x0000000080000000, 0x0000000094200000, 0x00000000d5580000)
  object space 329728K, 21% used [0x0000000080000000,0x0000000084578358,0x0000000094200000)
 Metaspace       used 94707K, capacity 97460K, committed 99404K, reserved 1136640K
  class space    used 11285K, capacity 11716K, committed 12032K, reserved 1048576K
}
{Heap before GC invocations=733 (full 4):
 PSYoungGen      total 113152K, used 108753K [0x00000000d5580000, 0x00000000dcc80000, 0x0000000100000000)
  eden space 104448K, 100% used [0x00000000d5580000,0x00000000dbb80000,0x00000000dbb80000)
  from space 8704K, 49% used [0x00000000dc400000,0x00000000dc8344b0,0x00000000dcc80000)
  to   space 8704K, 0% used [0x00000000dbb80000,0x00000000dbb80000,0x00000000dc400000)
 ParOldGen       total 329728K, used 71136K [0x0000000080000000, 0x0000000094200000, 0x00000000d5580000)
  object space 329728K, 21% used [0x0000000080000000,0x0000000084578358,0x0000000094200000)
 Metaspace       used 94707K, capacity 97460K, committed 99404K, reserved 1136640K
  class space    used 11285K, capacity 11716K, committed 12032K, reserved 1048576K
2023-10-13T01:35:40.140+0600: 2645404.384: [GC (Allocation Failure) [PSYoungGen: 108753K->3456K(113152K)] 179890K->74637K(442880K), 0.0161147 secs] [Times: user=0.03 sys=0.00, real=0.02 secs] 
Heap after GC invocations=733 (full 4):
 PSYoungGen      total 113152K, used 3456K [0x00000000d5580000, 0x00000000dcd00000, 0x0000000100000000)
  eden space 104448K, 0% used [0x00000000d5580000,0x00000000d5580000,0x00000000dbb80000)
  from space 8704K, 39% used [0x00000000dbb80000,0x00000000dbee0000,0x00000000dc400000)
  to   space 8704K, 0% used [0x00000000dc480000,0x00000000dc480000,0x00000000dcd00000)
 ParOldGen       total 329728K, used 71181K [0x0000000080000000, 0x0000000094200000, 0x00000000d5580000)
  object space 329728K, 21% used [0x0000000080000000,0x00000000845837c8,0x0000000094200000)
 Metaspace       used 94707K, capacity 97460K, committed 99404K, reserved 1136640K
  class space    used 11285K, capacity 11716K, committed 12032K, reserved 1048576K
}
{Heap before GC invocations=734 (full 4):
 PSYoungGen      total 113152K, used 107904K [0x00000000d5580000, 0x00000000dcd00000, 0x0000000100000000)
  eden space 104448K, 100% used [0x00000000d5580000,0x00000000dbb80000,0x00000000dbb80000)
  from space 8704K, 39% used [0x00000000dbb80000,0x00000000dbee0000,0x00000000dc400000)
  to   space 8704K, 0% used [0x00000000dc480000,0x00000000dc480000,0x00000000dcd00000)
 ParOldGen       total 329728K, used 71181K [0x0000000080000000, 0x0000000094200000, 0x00000000d5580000)
  object space 329728K, 21% used [0x0000000080000000,0x00000000845837c8,0x0000000094200000)
 Metaspace       used 94707K, capacity 97460K, committed 99404K, reserved 1136640K
  class space    used 11285K, capacity 11716K, committed 12032K, reserved 1048576K
2023-10-13T03:00:10.356+0600: 2650474.599: [GC (Allocation Failure) [PSYoungGen: 107904K->3392K(113664K)] 179085K->74653K(443392K), 0.0183592 secs] [Times: user=0.04 sys=0.00, real=0.02 secs] 
Heap after GC invocations=734 (full 4):
 PSYoungGen      total 113664K, used 3392K [0x00000000d5580000, 0x00000000dcd00000, 0x0000000100000000)
  eden space 104960K, 0% used [0x00000000d5580000,0x00000000d5580000,0x00000000dbc00000)
  from space 8704K, 38% used [0x00000000dc480000,0x00000000dc7d0000,0x00000000dcd00000)
  to   space 8704K, 0% used [0x00000000dbc00000,0x00000000dbc00000,0x00000000dc480000)
 ParOldGen       total 329728K, used 71261K [0x0000000080000000, 0x0000000094200000, 0x00000000d5580000)
  object space 329728K, 21% used [0x0000000080000000,0x00000000845977c8,0x0000000094200000)
 Metaspace       used 94707K, capacity 97460K, committed 99404K, reserved 1136640K
  class space    used 11285K, capacity 11716K, committed 12032K, reserved 1048576K
}
{Heap before GC invocations=735 (full 4):
 PSYoungGen      total 113664K, used 108352K [0x00000000d5580000, 0x00000000dcd00000, 0x0000000100000000)
  eden space 104960K, 100% used [0x00000000d5580000,0x00000000dbc00000,0x00000000dbc00000)
  from space 8704K, 38% used [0x00000000dc480000,0x00000000dc7d0000,0x00000000dcd00000)
  to   space 8704K, 0% used [0x00000000dbc00000,0x00000000dbc00000,0x00000000dc480000)
 ParOldGen       total 329728K, used 71261K [0x0000000080000000, 0x0000000094200000, 0x00000000d5580000)
  object space 329728K, 21% used [0x0000000080000000,0x00000000845977c8,0x0000000094200000)
 Metaspace       used 94707K, capacity 97460K, committed 99404K, reserved 1136640K
  class space    used 11285K, capacity 11716K, committed 12032K, reserved 1048576K
2023-10-13T04:26:15.756+0600: 2655639.999: [GC (Allocation Failure) [PSYoungGen: 108352K->3296K(113664K)] 179613K->74629K(443392K), 0.0159585 secs] [Times: user=0.01 sys=0.02, real=0.01 secs] 
Heap after GC invocations=735 (full 4):
 PSYoungGen      total 113664K, used 3296K [0x00000000d5580000, 0x00000000dcd80000, 0x0000000100000000)
  eden space 104960K, 0% used [0x00000000d5580000,0x00000000d5580000,0x00000000dbc00000)
  from space 8704K, 37% used [0x00000000dbc00000,0x00000000dbf38000,0x00000000dc480000)
  to   space 8704K, 0% used [0x00000000dc500000,0x00000000dc500000,0x00000000dcd80000)
 ParOldGen       total 329728K, used 71333K [0x0000000080000000, 0x0000000094200000, 0x00000000d5580000)
  object space 329728K, 21% used [0x0000000080000000,0x00000000845a97c8,0x0000000094200000)
 Metaspace       used 94707K, capacity 97460K, committed 99404K, reserved 1136640K
  class space    used 11285K, capacity 11716K, committed 12032K, reserved 1048576K
}
{Heap before GC invocations=736 (full 4):
 PSYoungGen      total 113664K, used 108256K [0x00000000d5580000, 0x00000000dcd80000, 0x0000000100000000)
  eden space 104960K, 100% used [0x00000000d5580000,0x00000000dbc00000,0x00000000dbc00000)
  from space 8704K, 37% used [0x00000000dbc00000,0x00000000dbf38000,0x00000000dc480000)
  to   space 8704K, 0% used [0x00000000dc500000,0x00000000dc500000,0x00000000dcd80000)
 ParOldGen       total 329728K, used 71333K [0x0000000080000000, 0x0000000094200000, 0x00000000d5580000)
  object space 329728K, 21% used [0x0000000080000000,0x00000000845a97c8,0x0000000094200000)
 Metaspace       used 94707K, capacity 97460K, committed 99404K, reserved 1136640K
  class space    used 11285K, capacity 11716K, committed 12032K, reserved 1048576K
2023-10-13T05:52:20.611+0600: 2660804.854: [GC (Allocation Failure) [PSYoungGen: 108256K->3168K(114176K)] 179589K->74603K(443904K), 0.0133516 secs] [Times: user=0.01 sys=0.01, real=0.02 secs] 
Heap after GC invocations=736 (full 4):
 PSYoungGen      total 114176K, used 3168K [0x00000000d5580000, 0x00000000dcd80000, 0x0000000100000000)
  eden space 105472K, 0% used [0x00000000d5580000,0x00000000d5580000,0x00000000dbc80000)
  from space 8704K, 36% used [0x00000000dc500000,0x00000000dc818000,0x00000000dcd80000)
  to   space 8704K, 0% used [0x00000000dbc80000,0x00000000dbc80000,0x00000000dc500000)
 ParOldGen       total 329728K, used 71435K [0x0000000080000000, 0x0000000094200000, 0x00000000d5580000)
  object space 329728K, 21% used [0x0000000080000000,0x00000000845c2c30,0x0000000094200000)
 Metaspace       used 94707K, capacity 97460K, committed 99404K, reserved 1136640K
  class space    used 11285K, capacity 11716K, committed 12032K, reserved 1048576K
}
{Heap before GC invocations=737 (full 4):
 PSYoungGen      total 114176K, used 108640K [0x00000000d5580000, 0x00000000dcd80000, 0x0000000100000000)
  eden space 105472K, 100% used [0x00000000d5580000,0x00000000dbc80000,0x00000000dbc80000)
  from space 8704K, 36% used [0x00000000dc500000,0x00000000dc818000,0x00000000dcd80000)
  to   space 8704K, 0% used [0x00000000dbc80000,0x00000000dbc80000,0x00000000dc500000)
 ParOldGen       total 329728K, used 71435K [0x0000000080000000, 0x0000000094200000, 0x00000000d5580000)
  object space 329728K, 21% used [0x0000000080000000,0x00000000845c2c30,0x0000000094200000)
 Metaspace       used 94707K, capacity 97460K, committed 99404K, reserved 1136640K
  class space    used 11285K, capacity 11716K, committed 12032K, reserved 1048576K
2023-10-13T07:19:21.536+0600: 2666025.780: [GC (Allocation Failure) [PSYoungGen: 108640K->3136K(114176K)] 180075K->74626K(443904K), 0.0159935 secs] [Times: user=0.03 sys=0.00, real=0.01 secs] 
Heap after GC invocations=737 (full 4):
 PSYoungGen      total 114176K, used 3136K [0x00000000d5580000, 0x00000000dcd00000, 0x0000000100000000)
  eden space 105472K, 0% used [0x00000000d5580000,0x00000000d5580000,0x00000000dbc80000)
  from space 8704K, 36% used [0x00000000dbc80000,0x00000000dbf90000,0x00000000dc500000)
  to   space 8192K, 0% used [0x00000000dc500000,0x00000000dc500000,0x00000000dcd00000)
 ParOldGen       total 329728K, used 71490K [0x0000000080000000, 0x0000000094200000, 0x00000000d5580000)
  object space 329728K, 21% used [0x0000000080000000,0x00000000845d0b80,0x0000000094200000)
 Metaspace       used 94707K, capacity 97460K, committed 99404K, reserved 1136640K
  class space    used 11285K, capacity 11716K, committed 12032K, reserved 1048576K
}
{Heap before GC invocations=738 (full 4):
 PSYoungGen      total 114176K, used 108608K [0x00000000d5580000, 0x00000000dcd00000, 0x0000000100000000)
  eden space 105472K, 100% used [0x00000000d5580000,0x00000000dbc80000,0x00000000dbc80000)
  from space 8704K, 36% used [0x00000000dbc80000,0x00000000dbf90000,0x00000000dc500000)
  to   space 8192K, 0% used [0x00000000dc500000,0x00000000dc500000,0x00000000dcd00000)
 ParOldGen       total 329728K, used 71490K [0x0000000080000000, 0x0000000094200000, 0x00000000d5580000)
  object space 329728K, 21% used [0x0000000080000000,0x00000000845d0b80,0x0000000094200000)
 Metaspace       used 94707K, capacity 97460K, committed 99404K, reserved 1136640K
  class space    used 11285K, capacity 11716K, committed 12032K, reserved 1048576K
2023-10-13T08:44:22.466+0600: 2671126.710: [GC (Allocation Failure) [PSYoungGen: 108608K->3136K(114176K)] 180098K->74658K(443904K), 0.0151848 secs] [Times: user=0.03 sys=0.00, real=0.01 secs] 
Heap after GC invocations=738 (full 4):
 PSYoungGen      total 114176K, used 3136K [0x00000000d5580000, 0x00000000dcd00000, 0x0000000100000000)
  eden space 105984K, 0% used [0x00000000d5580000,0x00000000d5580000,0x00000000dbd00000)
  from space 8192K, 38% used [0x00000000dc500000,0x00000000dc810000,0x00000000dcd00000)
  to   space 8192K, 0% used [0x00000000dbd00000,0x00000000dbd00000,0x00000000dc500000)
 ParOldGen       total 329728K, used 71522K [0x0000000080000000, 0x0000000094200000, 0x00000000d5580000)
  object space 329728K, 21% used [0x0000000080000000,0x00000000845d8b80,0x0000000094200000)
 Metaspace       used 94707K, capacity 97460K, committed 99404K, reserved 1136640K
  class space    used 11285K, capacity 11716K, committed 12032K, reserved 1048576K
}
{Heap before GC invocations=739 (full 4):
 PSYoungGen      total 114176K, used 109120K [0x00000000d5580000, 0x00000000dcd00000, 0x0000000100000000)
  eden space 105984K, 100% used [0x00000000d5580000,0x00000000dbd00000,0x00000000dbd00000)
  from space 8192K, 38% used [0x00000000dc500000,0x00000000dc810000,0x00000000dcd00000)
  to   space 8192K, 0% used [0x00000000dbd00000,0x00000000dbd00000,0x00000000dc500000)
 ParOldGen       total 329728K, used 71522K [0x0000000080000000, 0x0000000094200000, 0x00000000d5580000)
  object space 329728K, 21% used [0x0000000080000000,0x00000000845d8b80,0x0000000094200000)
 Metaspace       used 94707K, capacity 97460K, committed 99404K, reserved 1136640K
  class space    used 11285K, capacity 11716K, committed 12032K, reserved 1048576K
2023-10-13T10:10:13.906+0600: 2676278.150: [GC (Allocation Failure) [PSYoungGen: 109120K->3136K(114176K)] 180642K->74682K(443904K), 0.0143980 secs] [Times: user=0.03 sys=0.00, real=0.01 secs] 
Heap after GC invocations=739 (full 4):
 PSYoungGen      total 114176K, used 3136K [0x00000000d5580000, 0x00000000dcd80000, 0x0000000100000000)
  eden space 105984K, 0% used [0x00000000d5580000,0x00000000d5580000,0x00000000dbd00000)
  from space 8192K, 38% used [0x00000000dbd00000,0x00000000dc010000,0x00000000dc500000)
  to   space 8192K, 0% used [0x00000000dc580000,0x00000000dc580000,0x00000000dcd80000)
 ParOldGen       total 329728K, used 71546K [0x0000000080000000, 0x0000000094200000, 0x00000000d5580000)
  object space 329728K, 21% used [0x0000000080000000,0x00000000845deb80,0x0000000094200000)
 Metaspace       used 94707K, capacity 97460K, committed 99404K, reserved 1136640K
  class space    used 11285K, capacity 11716K, committed 12032K, reserved 1048576K
}
{Heap before GC invocations=740 (full 4):
 PSYoungGen      total 114176K, used 109118K [0x00000000d5580000, 0x00000000dcd80000, 0x0000000100000000)
  eden space 105984K, 99% used [0x00000000d5580000,0x00000000dbcff950,0x00000000dbd00000)
  from space 8192K, 38% used [0x00000000dbd00000,0x00000000dc010000,0x00000000dc500000)
  to   space 8192K, 0% used [0x00000000dc580000,0x00000000dc580000,0x00000000dcd80000)
 ParOldGen       total 329728K, used 71546K [0x0000000080000000, 0x0000000094200000, 0x00000000d5580000)
  object space 329728K, 21% used [0x0000000080000000,0x00000000845deb80,0x0000000094200000)
 Metaspace       used 94707K, capacity 97460K, committed 99404K, reserved 1136640K
  class space    used 11285K, capacity 11716K, committed 12032K, reserved 1048576K
2023-10-13T11:20:54.008+0600: 2680518.251: [GC (Allocation Failure) [PSYoungGen: 109118K->4961K(114688K)] 180665K->76596K(444416K), 0.0166741 secs] [Times: user=0.03 sys=0.00, real=0.02 secs] 
Heap after GC invocations=740 (full 4):
 PSYoungGen      total 114688K, used 4961K [0x00000000d5580000, 0x00000000dcd80000, 0x0000000100000000)
  eden space 106496K, 0% used [0x00000000d5580000,0x00000000d5580000,0x00000000dbd80000)
  from space 8192K, 60% used [0x00000000dc580000,0x00000000dca58710,0x00000000dcd80000)
  to   space 8192K, 0% used [0x00000000dbd80000,0x00000000dbd80000,0x00000000dc580000)
 ParOldGen       total 329728K, used 71634K [0x0000000080000000, 0x0000000094200000, 0x00000000d5580000)
  object space 329728K, 21% used [0x0000000080000000,0x00000000845f4b30,0x0000000094200000)
 Metaspace       used 94707K, capacity 97460K, committed 99404K, reserved 1136640K
  class space    used 11285K, capacity 11716K, committed 12032K, reserved 1048576K
}
{Heap before GC invocations=741 (full 4):
 PSYoungGen      total 114688K, used 111457K [0x00000000d5580000, 0x00000000dcd80000, 0x0000000100000000)
  eden space 106496K, 100% used [0x00000000d5580000,0x00000000dbd80000,0x00000000dbd80000)
  from space 8192K, 60% used [0x00000000dc580000,0x00000000dca58710,0x00000000dcd80000)
  to   space 8192K, 0% used [0x00000000dbd80000,0x00000000dbd80000,0x00000000dc580000)
 ParOldGen       total 329728K, used 71634K [0x0000000080000000, 0x0000000094200000, 0x00000000d5580000)
  object space 329728K, 21% used [0x0000000080000000,0x00000000845f4b30,0x0000000094200000)
 Metaspace       used 94707K, capacity 97460K, committed 99404K, reserved 1136640K
  class space    used 11285K, capacity 11716K, committed 12032K, reserved 1048576K
2023-10-13T12:38:31.209+0600: 2685175.452: [GC (Allocation Failure) [PSYoungGen: 111457K->3778K(114688K)] 183092K->75481K(444416K), 0.0158661 secs] [Times: user=0.01 sys=0.01, real=0.02 secs] 
Heap after GC invocations=741 (full 4):
 PSYoungGen      total 114688K, used 3778K [0x00000000d5580000, 0x00000000dcd00000, 0x0000000100000000)
  eden space 106496K, 0% used [0x00000000d5580000,0x00000000d5580000,0x00000000dbd80000)
  from space 8192K, 46% used [0x00000000dbd80000,0x00000000dc1308e0,0x00000000dc580000)
  to   space 7680K, 0% used [0x00000000dc580000,0x00000000dc580000,0x00000000dcd00000)
 ParOldGen       total 329728K, used 71703K [0x0000000080000000, 0x0000000094200000, 0x00000000d5580000)
  object space 329728K, 21% used [0x0000000080000000,0x0000000084605eb8,0x0000000094200000)
 Metaspace       used 94707K, capacity 97460K, committed 99404K, reserved 1136640K
  class space    used 11285K, capacity 11716K, committed 12032K, reserved 1048576K
}
{Heap before GC invocations=742 (full 4):
 PSYoungGen      total 114688K, used 110274K [0x00000000d5580000, 0x00000000dcd00000, 0x0000000100000000)
  eden space 106496K, 100% used [0x00000000d5580000,0x00000000dbd80000,0x00000000dbd80000)
  from space 8192K, 46% used [0x00000000dbd80000,0x00000000dc1308e0,0x00000000dc580000)
  to   space 7680K, 0% used [0x00000000dc580000,0x00000000dc580000,0x00000000dcd00000)
 ParOldGen       total 329728K, used 71703K [0x0000000080000000, 0x0000000094200000, 0x00000000d5580000)
  object space 329728K, 21% used [0x0000000080000000,0x0000000084605eb8,0x0000000094200000)
 Metaspace       used 94707K, capacity 97460K, committed 99404K, reserved 1136640K
  class space    used 11285K, capacity 11716K, committed 12032K, reserved 1048576K
2023-10-13T14:05:14.676+0600: 2690378.919: [GC (Allocation Failure) [PSYoungGen: 110274K->2944K(114688K)] 181977K->74732K(444416K), 0.0152838 secs] [Times: user=0.00 sys=0.01, real=0.01 secs] 
Heap after GC invocations=742 (full 4):
 PSYoungGen      total 114688K, used 2944K [0x00000000d5580000, 0x00000000dcd00000, 0x0000000100000000)
  eden space 107008K, 0% used [0x00000000d5580000,0x00000000d5580000,0x00000000dbe00000)
  from space 7680K, 38% used [0x00000000dc580000,0x00000000dc860000,0x00000000dcd00000)
  to   space 7680K, 0% used [0x00000000dbe00000,0x00000000dbe00000,0x00000000dc580000)
 ParOldGen       total 329728K, used 71788K [0x0000000080000000, 0x0000000094200000, 0x00000000d5580000)
  object space 329728K, 21% used [0x0000000080000000,0x000000008461b240,0x0000000094200000)
 Metaspace       used 94707K, capacity 97460K, committed 99404K, reserved 1136640K
  class space    used 11285K, capacity 11716K, committed 12032K, reserved 1048576K
}
{Heap before GC invocations=743 (full 4):
 PSYoungGen      total 114688K, used 109952K [0x00000000d5580000, 0x00000000dcd00000, 0x0000000100000000)
  eden space 107008K, 100% used [0x00000000d5580000,0x00000000dbe00000,0x00000000dbe00000)
  from space 7680K, 38% used [0x00000000dc580000,0x00000000dc860000,0x00000000dcd00000)
  to   space 7680K, 0% used [0x00000000dbe00000,0x00000000dbe00000,0x00000000dc580000)
 ParOldGen       total 329728K, used 71788K [0x0000000080000000, 0x0000000094200000, 0x00000000d5580000)
  object space 329728K, 21% used [0x0000000080000000,0x000000008461b240,0x0000000094200000)
 Metaspace       used 94707K, capacity 97460K, committed 99404K, reserved 1136640K
  class space    used 11285K, capacity 11716K, committed 12032K, reserved 1048576K
2023-10-13T15:31:36.124+0600: 2695560.367: [GC (Allocation Failure) [PSYoungGen: 109952K->2880K(114688K)] 181740K->74756K(444416K), 0.0151779 secs] [Times: user=0.01 sys=0.02, real=0.01 secs] 
Heap after GC invocations=743 (full 4):
 PSYoungGen      total 114688K, used 2880K [0x00000000d5580000, 0x00000000dcd80000, 0x0000000100000000)
  eden space 107008K, 0% used [0x00000000d5580000,0x00000000d5580000,0x00000000dbe00000)
  from space 7680K, 37% used [0x00000000dbe00000,0x00000000dc0d0000,0x00000000dc580000)
  to   space 7680K, 0% used [0x00000000dc600000,0x00000000dc600000,0x00000000dcd80000)
 ParOldGen       total 329728K, used 71876K [0x0000000080000000, 0x0000000094200000, 0x00000000d5580000)
  object space 329728K, 21% used [0x0000000080000000,0x0000000084631240,0x0000000094200000)
 Metaspace       used 94707K, capacity 97460K, committed 99404K, reserved 1136640K
  class space    used 11285K, capacity 11716K, committed 12032K, reserved 1048576K
}
{Heap before GC invocations=744 (full 4):
 PSYoungGen      total 114688K, used 109888K [0x00000000d5580000, 0x00000000dcd80000, 0x0000000100000000)
  eden space 107008K, 100% used [0x00000000d5580000,0x00000000dbe00000,0x00000000dbe00000)
  from space 7680K, 37% used [0x00000000dbe00000,0x00000000dc0d0000,0x00000000dc580000)
  to   space 7680K, 0% used [0x00000000dc600000,0x00000000dc600000,0x00000000dcd80000)
 ParOldGen       total 329728K, used 71876K [0x0000000080000000, 0x0000000094200000, 0x00000000d5580000)
  object space 329728K, 21% used [0x0000000080000000,0x0000000084631240,0x0000000094200000)
 Metaspace       used 94707K, capacity 97460K, committed 99404K, reserved 1136640K
  class space    used 11285K, capacity 11716K, committed 12032K, reserved 1048576K
2023-10-13T16:57:28.787+0600: 2700713.031: [GC (Allocation Failure) [PSYoungGen: 109888K->3104K(114176K)] 181764K->75089K(443904K), 0.0170316 secs] [Times: user=0.03 sys=0.00, real=0.02 secs] 
Heap after GC invocations=744 (full 4):
 PSYoungGen      total 114176K, used 3104K [0x00000000d5580000, 0x00000000dcc80000, 0x0000000100000000)
  eden space 107520K, 0% used [0x00000000d5580000,0x00000000d5580000,0x00000000dbe80000)
  from space 6656K, 46% used [0x00000000dc600000,0x00000000dc908020,0x00000000dcc80000)
  to   space 7168K, 0% used [0x00000000dbe80000,0x00000000dbe80000,0x00000000dc580000)
 ParOldGen       total 329728K, used 71985K [0x0000000080000000, 0x0000000094200000, 0x00000000d5580000)
  object space 329728K, 21% used [0x0000000080000000,0x000000008464c5b0,0x0000000094200000)
 Metaspace       used 94707K, capacity 97460K, committed 99404K, reserved 1136640K
  class space    used 11285K, capacity 11716K, committed 12032K, reserved 1048576K
}
{Heap before GC invocations=745 (full 4):
 PSYoungGen      total 114176K, used 110624K [0x00000000d5580000, 0x00000000dcc80000, 0x0000000100000000)
  eden space 107520K, 100% used [0x00000000d5580000,0x00000000dbe80000,0x00000000dbe80000)
  from space 6656K, 46% used [0x00000000dc600000,0x00000000dc908020,0x00000000dcc80000)
  to   space 7168K, 0% used [0x00000000dbe80000,0x00000000dbe80000,0x00000000dc580000)
 ParOldGen       total 329728K, used 71985K [0x0000000080000000, 0x0000000094200000, 0x00000000d5580000)
  object space 329728K, 21% used [0x0000000080000000,0x000000008464c5b0,0x0000000094200000)
 Metaspace       used 94707K, capacity 97460K, committed 99404K, reserved 1136640K
  class space    used 11285K, capacity 11716K, committed 12032K, reserved 1048576K
2023-10-13T18:24:53.960+0600: 2705958.203: [GC (Allocation Failure) [PSYoungGen: 110624K->2688K(114688K)] 182609K->74783K(444416K), 0.0145091 secs] [Times: user=0.01 sys=0.02, real=0.02 secs] 
Heap after GC invocations=745 (full 4):
 PSYoungGen      total 114688K, used 2688K [0x00000000d5580000, 0x00000000dcd00000, 0x0000000100000000)
  eden space 107520K, 0% used [0x00000000d5580000,0x00000000d5580000,0x00000000dbe80000)
  from space 7168K, 37% used [0x00000000dbe80000,0x00000000dc120000,0x00000000dc580000)
  to   space 7168K, 0% used [0x00000000dc600000,0x00000000dc600000,0x00000000dcd00000)
 ParOldGen       total 329728K, used 72095K [0x0000000080000000, 0x0000000094200000, 0x00000000d5580000)
  object space 329728K, 21% used [0x0000000080000000,0x0000000084667f98,0x0000000094200000)
 Metaspace       used 94707K, capacity 97460K, committed 99404K, reserved 1136640K
  class space    used 11285K, capacity 11716K, committed 12032K, reserved 1048576K
}
{Heap before GC invocations=746 (full 4):
 PSYoungGen      total 114688K, used 110208K [0x00000000d5580000, 0x00000000dcd00000, 0x0000000100000000)
  eden space 107520K, 100% used [0x00000000d5580000,0x00000000dbe80000,0x00000000dbe80000)
  from space 7168K, 37% used [0x00000000dbe80000,0x00000000dc120000,0x00000000dc580000)
  to   space 7168K, 0% used [0x00000000dc600000,0x00000000dc600000,0x00000000dcd00000)
 ParOldGen       total 329728K, used 72095K [0x0000000080000000, 0x0000000094200000, 0x00000000d5580000)
  object space 329728K, 21% used [0x0000000080000000,0x0000000084667f98,0x0000000094200000)
 Metaspace       used 94707K, capacity 97460K, committed 99404K, reserved 1136640K
  class space    used 11285K, capacity 11716K, committed 12032K, reserved 1048576K
2023-10-13T19:52:28.531+0600: 2711212.774: [GC (Allocation Failure) [PSYoungGen: 110208K->2592K(115200K)] 182303K->74787K(444928K), 0.0157378 secs] [Times: user=0.02 sys=0.02, real=0.02 secs] 
Heap after GC invocations=746 (full 4):
 PSYoungGen      total 115200K, used 2592K [0x00000000d5580000, 0x00000000dcd00000, 0x0000000100000000)
  eden space 108032K, 0% used [0x00000000d5580000,0x00000000d5580000,0x00000000dbf00000)
  from space 7168K, 36% used [0x00000000dc600000,0x00000000dc888000,0x00000000dcd00000)
  to   space 7168K, 0% used [0x00000000dbf00000,0x00000000dbf00000,0x00000000dc600000)
 ParOldGen       total 329728K, used 72195K [0x0000000080000000, 0x0000000094200000, 0x00000000d5580000)
  object space 329728K, 21% used [0x0000000080000000,0x0000000084680fc8,0x0000000094200000)
 Metaspace       used 94707K, capacity 97460K, committed 99404K, reserved 1136640K
  class space    used 11285K, capacity 11716K, committed 12032K, reserved 1048576K
}
{Heap before GC invocations=747 (full 4):
 PSYoungGen      total 115200K, used 110623K [0x00000000d5580000, 0x00000000dcd00000, 0x0000000100000000)
  eden space 108032K, 99% used [0x00000000d5580000,0x00000000dbeffff8,0x00000000dbf00000)
  from space 7168K, 36% used [0x00000000dc600000,0x00000000dc888000,0x00000000dcd00000)
  to   space 7168K, 0% used [0x00000000dbf00000,0x00000000dbf00000,0x00000000dc600000)
 ParOldGen       total 329728K, used 72195K [0x0000000080000000, 0x0000000094200000, 0x00000000d5580000)
  object space 329728K, 21% used [0x0000000080000000,0x0000000084680fc8,0x0000000094200000)
 Metaspace       used 94707K, capacity 97460K, committed 99404K, reserved 1136640K
  class space    used 11285K, capacity 11716K, committed 12032K, reserved 1048576K
2023-10-13T21:09:49.770+0600: 2715854.013: [GC (Allocation Failure) [PSYoungGen: 110623K->3345K(115200K)] 182819K->75578K(444928K), 0.0169970 secs] [Times: user=0.02 sys=0.02, real=0.02 secs] 
Heap after GC invocations=747 (full 4):
 PSYoungGen      total 115200K, used 3345K [0x00000000d5580000, 0x00000000dcc80000, 0x0000000100000000)
  eden space 108032K, 0% used [0x00000000d5580000,0x00000000d5580000,0x00000000dbf00000)
  from space 7168K, 46% used [0x00000000dbf00000,0x00000000dc244690,0x00000000dc600000)
  to   space 6656K, 0% used [0x00000000dc600000,0x00000000dc600000,0x00000000dcc80000)
 ParOldGen       total 329728K, used 72232K [0x0000000080000000, 0x0000000094200000, 0x00000000d5580000)
  object space 329728K, 21% used [0x0000000080000000,0x000000008468a370,0x0000000094200000)
 Metaspace       used 94707K, capacity 97460K, committed 99404K, reserved 1136640K
  class space    used 11285K, capacity 11716K, committed 12032K, reserved 1048576K
}
{Heap before GC invocations=748 (full 4):
 PSYoungGen      total 115200K, used 111377K [0x00000000d5580000, 0x00000000dcc80000, 0x0000000100000000)
  eden space 108032K, 100% used [0x00000000d5580000,0x00000000dbf00000,0x00000000dbf00000)
  from space 7168K, 46% used [0x00000000dbf00000,0x00000000dc244690,0x00000000dc600000)
  to   space 6656K, 0% used [0x00000000dc600000,0x00000000dc600000,0x00000000dcc80000)
 ParOldGen       total 329728K, used 72232K [0x0000000080000000, 0x0000000094200000, 0x00000000d5580000)
  object space 329728K, 21% used [0x0000000080000000,0x000000008468a370,0x0000000094200000)
 Metaspace       used 94707K, capacity 97460K, committed 99404K, reserved 1136640K
  class space    used 11285K, capacity 11716K, committed 12032K, reserved 1048576K
2023-10-13T22:36:31.488+0600: 2721055.731: [GC (Allocation Failure) [PSYoungGen: 111377K->2624K(115200K)] 183610K->74856K(444928K), 0.0123230 secs] [Times: user=0.01 sys=0.02, real=0.01 secs] 
Heap after GC invocations=748 (full 4):
 PSYoungGen      total 115200K, used 2624K [0x00000000d5580000, 0x00000000dcc80000, 0x0000000100000000)
  eden space 108544K, 0% used [0x00000000d5580000,0x00000000d5580000,0x00000000dbf80000)
  from space 6656K, 39% used [0x00000000dc600000,0x00000000dc890000,0x00000000dcc80000)
  to   space 6656K, 0% used [0x00000000dbf80000,0x00000000dbf80000,0x00000000dc600000)
 ParOldGen       total 329728K, used 72232K [0x0000000080000000, 0x0000000094200000, 0x00000000d5580000)
  object space 329728K, 21% used [0x0000000080000000,0x000000008468a370,0x0000000094200000)
 Metaspace       used 94707K, capacity 97460K, committed 99404K, reserved 1136640K
  class space    used 11285K, capacity 11716K, committed 12032K, reserved 1048576K
}
{Heap before GC invocations=749 (full 4):
 PSYoungGen      total 115200K, used 111168K [0x00000000d5580000, 0x00000000dcc80000, 0x0000000100000000)
  eden space 108544K, 100% used [0x00000000d5580000,0x00000000dbf80000,0x00000000dbf80000)
  from space 6656K, 39% used [0x00000000dc600000,0x00000000dc890000,0x00000000dcc80000)
  to   space 6656K, 0% used [0x00000000dbf80000,0x00000000dbf80000,0x00000000dc600000)
 ParOldGen       total 329728K, used 72232K [0x0000000080000000, 0x0000000094200000, 0x00000000d5580000)
  object space 329728K, 21% used [0x0000000080000000,0x000000008468a370,0x0000000094200000)
 Metaspace       used 94707K, capacity 97460K, committed 99404K, reserved 1136640K
  class space    used 11285K, capacity 11716K, committed 12032K, reserved 1048576K
2023-10-14T00:05:28.624+0600: 2726392.868: [GC (Allocation Failure) [PSYoungGen: 111168K->2624K(115200K)] 183400K->74856K(444928K), 0.0150146 secs] [Times: user=0.02 sys=0.01, real=0.01 secs] 
Heap after GC invocations=749 (full 4):
 PSYoungGen      total 115200K, used 2624K [0x00000000d5580000, 0x00000000dcd00000, 0x0000000100000000)
  eden space 108544K, 0% used [0x00000000d5580000,0x00000000d5580000,0x00000000dbf80000)
  from space 6656K, 39% used [0x00000000dbf80000,0x00000000dc210000,0x00000000dc600000)
  to   space 6656K, 0% used [0x00000000dc680000,0x00000000dc680000,0x00000000dcd00000)
 ParOldGen       total 329728K, used 72232K [0x0000000080000000, 0x0000000094200000, 0x00000000d5580000)
  object space 329728K, 21% used [0x0000000080000000,0x000000008468a370,0x0000000094200000)
 Metaspace       used 94707K, capacity 97460K, committed 99404K, reserved 1136640K
  class space    used 11285K, capacity 11716K, committed 12032K, reserved 1048576K
}
{Heap before GC invocations=750 (full 4):
 PSYoungGen      total 115200K, used 111168K [0x00000000d5580000, 0x00000000dcd00000, 0x0000000100000000)
  eden space 108544K, 100% used [0x00000000d5580000,0x00000000dbf80000,0x00000000dbf80000)
  from space 6656K, 39% used [0x00000000dbf80000,0x00000000dc210000,0x00000000dc600000)
  to   space 6656K, 0% used [0x00000000dc680000,0x00000000dc680000,0x00000000dcd00000)
 ParOldGen       total 329728K, used 72232K [0x0000000080000000, 0x0000000094200000, 0x00000000d5580000)
  object space 329728K, 21% used [0x0000000080000000,0x000000008468a370,0x0000000094200000)
 Metaspace       used 94707K, capacity 97460K, committed 99404K, reserved 1136640K
  class space    used 11285K, capacity 11716K, committed 12032K, reserved 1048576K
2023-10-14T01:34:00.981+0600: 2731705.224: [GC (Allocation Failure) [PSYoungGen: 111168K->2624K(115712K)] 183400K->74856K(445440K), 0.0123842 secs] [Times: user=0.01 sys=0.01, real=0.01 secs] 
Heap after GC invocations=750 (full 4):
 PSYoungGen      total 115712K, used 2624K [0x00000000d5580000, 0x00000000dcd00000, 0x0000000100000000)
  eden space 109056K, 0% used [0x00000000d5580000,0x00000000d5580000,0x00000000dc000000)
  from space 6656K, 39% used [0x00000000dc680000,0x00000000dc910000,0x00000000dcd00000)
  to   space 6656K, 0% used [0x00000000dc000000,0x00000000dc000000,0x00000000dc680000)
 ParOldGen       total 329728K, used 72232K [0x0000000080000000, 0x0000000094200000, 0x00000000d5580000)
  object space 329728K, 21% used [0x0000000080000000,0x000000008468a370,0x0000000094200000)
 Metaspace       used 94707K, capacity 97460K, committed 99404K, reserved 1136640K
  class space    used 11285K, capacity 11716K, committed 12032K, reserved 1048576K
}
{Heap before GC invocations=751 (full 4):
 PSYoungGen      total 115712K, used 111680K [0x00000000d5580000, 0x00000000dcd00000, 0x0000000100000000)
  eden space 109056K, 100% used [0x00000000d5580000,0x00000000dc000000,0x00000000dc000000)
  from space 6656K, 39% used [0x00000000dc680000,0x00000000dc910000,0x00000000dcd00000)
  to   space 6656K, 0% used [0x00000000dc000000,0x00000000dc000000,0x00000000dc680000)
 ParOldGen       total 329728K, used 72232K [0x0000000080000000, 0x0000000094200000, 0x00000000d5580000)
  object space 329728K, 21% used [0x0000000080000000,0x000000008468a370,0x0000000094200000)
 Metaspace       used 94707K, capacity 97460K, committed 99404K, reserved 1136640K
  class space    used 11285K, capacity 11716K, committed 12032K, reserved 1048576K
2023-10-14T03:02:22.384+0600: 2737006.627: [GC (Allocation Failure) [PSYoungGen: 111680K->2624K(115712K)] 183912K->74856K(445440K), 0.0156370 secs] [Times: user=0.01 sys=0.02, real=0.01 secs] 
Heap after GC invocations=751 (full 4):
 PSYoungGen      total 115712K, used 2624K [0x00000000d5580000, 0x00000000dcc80000, 0x0000000100000000)
  eden space 109056K, 0% used [0x00000000d5580000,0x00000000d5580000,0x00000000dc000000)
  from space 6656K, 39% used [0x00000000dc000000,0x00000000dc290000,0x00000000dc680000)
  to   space 6144K, 0% used [0x00000000dc680000,0x00000000dc680000,0x00000000dcc80000)
 ParOldGen       total 329728K, used 72232K [0x0000000080000000, 0x0000000094200000, 0x00000000d5580000)
  object space 329728K, 21% used [0x0000000080000000,0x000000008468a370,0x0000000094200000)
 Metaspace       used 94707K, capacity 97460K, committed 99404K, reserved 1136640K
  class space    used 11285K, capacity 11716K, committed 12032K, reserved 1048576K
}
{Heap before GC invocations=752 (full 4):
 PSYoungGen      total 115712K, used 111680K [0x00000000d5580000, 0x00000000dcc80000, 0x0000000100000000)
  eden space 109056K, 100% used [0x00000000d5580000,0x00000000dc000000,0x00000000dc000000)
  from space 6656K, 39% used [0x00000000dc000000,0x00000000dc290000,0x00000000dc680000)
  to   space 6144K, 0% used [0x00000000dc680000,0x00000000dc680000,0x00000000dcc80000)
 ParOldGen       total 329728K, used 72232K [0x0000000080000000, 0x0000000094200000, 0x00000000d5580000)
  object space 329728K, 21% used [0x0000000080000000,0x000000008468a370,0x0000000094200000)
 Metaspace       used 94707K, capacity 97460K, committed 99404K, reserved 1136640K
  class space    used 11285K, capacity 11716K, committed 12032K, reserved 1048576K
2023-10-14T04:30:50.667+0600: 2742314.910: [GC (Allocation Failure) [PSYoungGen: 111680K->2560K(115712K)] 183912K->74792K(445440K), 0.0110392 secs] [Times: user=0.00 sys=0.01, real=0.01 secs] 
Heap after GC invocations=752 (full 4):
 PSYoungGen      total 115712K, used 2560K [0x00000000d5580000, 0x00000000dcc80000, 0x0000000100000000)
  eden space 109568K, 0% used [0x00000000d5580000,0x00000000d5580000,0x00000000dc080000)
  from space 6144K, 41% used [0x00000000dc680000,0x00000000dc900000,0x00000000dcc80000)
  to   space 6144K, 0% used [0x00000000dc080000,0x00000000dc080000,0x00000000dc680000)
 ParOldGen       total 329728K, used 72232K [0x0000000080000000, 0x0000000094200000, 0x00000000d5580000)
  object space 329728K, 21% used [0x0000000080000000,0x000000008468a370,0x0000000094200000)
 Metaspace       used 94707K, capacity 97460K, committed 99404K, reserved 1136640K
  class space    used 11285K, capacity 11716K, committed 12032K, reserved 1048576K
}
{Heap before GC invocations=753 (full 4):
 PSYoungGen      total 115712K, used 112126K [0x00000000d5580000, 0x00000000dcc80000, 0x0000000100000000)
  eden space 109568K, 99% used [0x00000000d5580000,0x00000000dc07fb78,0x00000000dc080000)
  from space 6144K, 41% used [0x00000000dc680000,0x00000000dc900000,0x00000000dcc80000)
  to   space 6144K, 0% used [0x00000000dc080000,0x00000000dc080000,0x00000000dc680000)
 ParOldGen       total 329728K, used 72232K [0x0000000080000000, 0x0000000094200000, 0x00000000d5580000)
  object space 329728K, 21% used [0x0000000080000000,0x000000008468a370,0x0000000094200000)
 Metaspace       used 94707K, capacity 97460K, committed 99404K, reserved 1136640K
  class space    used 11285K, capacity 11716K, committed 12032K, reserved 1048576K
2023-10-14T06:00:06.168+0600: 2747670.411: [GC (Allocation Failure) [PSYoungGen: 112126K->2592K(115712K)] 184359K->74824K(445440K), 0.0153750 secs] [Times: user=0.03 sys=0.00, real=0.02 secs] 
Heap after GC invocations=753 (full 4):
 PSYoungGen      total 115712K, used 2592K [0x00000000d5580000, 0x00000000dcd00000, 0x0000000100000000)
  eden space 109568K, 0% used [0x00000000d5580000,0x00000000d5580000,0x00000000dc080000)
  from space 6144K, 42% used [0x00000000dc080000,0x00000000dc308000,0x00000000dc680000)
  to   space 6144K, 0% used [0x00000000dc700000,0x00000000dc700000,0x00000000dcd00000)
 ParOldGen       total 329728K, used 72232K [0x0000000080000000, 0x0000000094200000, 0x00000000d5580000)
  object space 329728K, 21% used [0x0000000080000000,0x000000008468a370,0x0000000094200000)
 Metaspace       used 94707K, capacity 97460K, committed 99404K, reserved 1136640K
  class space    used 11285K, capacity 11716K, committed 12032K, reserved 1048576K
}
{Heap before GC invocations=754 (full 4):
 PSYoungGen      total 115712K, used 112160K [0x00000000d5580000, 0x00000000dcd00000, 0x0000000100000000)
  eden space 109568K, 100% used [0x00000000d5580000,0x00000000dc080000,0x00000000dc080000)
  from space 6144K, 42% used [0x00000000dc080000,0x00000000dc308000,0x00000000dc680000)
  to   space 6144K, 0% used [0x00000000dc700000,0x00000000dc700000,0x00000000dcd00000)
 ParOldGen       total 329728K, used 72232K [0x0000000080000000, 0x0000000094200000, 0x00000000d5580000)
  object space 329728K, 21% used [0x0000000080000000,0x000000008468a370,0x0000000094200000)
 Metaspace       used 94707K, capacity 97460K, committed 99404K, reserved 1136640K
  class space    used 11285K, capacity 11716K, committed 12032K, reserved 1048576K
2023-10-14T07:29:07.718+0600: 2753011.961: [GC (Allocation Failure) [PSYoungGen: 112160K->2624K(115200K)] 184392K->74856K(444928K), 0.0146178 secs] [Times: user=0.01 sys=0.01, real=0.01 secs] 
Heap after GC invocations=754 (full 4):
 PSYoungGen      total 115200K, used 2624K [0x00000000d5580000, 0x00000000dcc00000, 0x0000000100000000)
  eden space 110080K, 0% used [0x00000000d5580000,0x00000000d5580000,0x00000000dc100000)
  from space 5120K, 51% used [0x00000000dc700000,0x00000000dc990000,0x00000000dcc00000)
  to   space 5632K, 0% used [0x00000000dc100000,0x00000000dc100000,0x00000000dc680000)
 ParOldGen       total 329728K, used 72232K [0x0000000080000000, 0x0000000094200000, 0x00000000d5580000)
  object space 329728K, 21% used [0x0000000080000000,0x000000008468a370,0x0000000094200000)
 Metaspace       used 94707K, capacity 97460K, committed 99404K, reserved 1136640K
  class space    used 11285K, capacity 11716K, committed 12032K, reserved 1048576K
}
{Heap before GC invocations=755 (full 4):
 PSYoungGen      total 115200K, used 112704K [0x00000000d5580000, 0x00000000dcc00000, 0x0000000100000000)
  eden space 110080K, 100% used [0x00000000d5580000,0x00000000dc100000,0x00000000dc100000)
  from space 5120K, 51% used [0x00000000dc700000,0x00000000dc990000,0x00000000dcc00000)
  to   space 5632K, 0% used [0x00000000dc100000,0x00000000dc100000,0x00000000dc680000)
 ParOldGen       total 329728K, used 72232K [0x0000000080000000, 0x0000000094200000, 0x00000000d5580000)
  object space 329728K, 21% used [0x0000000080000000,0x000000008468a370,0x0000000094200000)
 Metaspace       used 94707K, capacity 97460K, committed 99404K, reserved 1136640K
  class space    used 11285K, capacity 11716K, committed 12032K, reserved 1048576K
2023-10-14T08:58:19.493+0600: 2758363.736: [GC (Allocation Failure) [PSYoungGen: 112704K->2528K(115712K)] 184936K->74875K(445440K), 0.0129956 secs] [Times: user=0.02 sys=0.00, real=0.02 secs] 
Heap after GC invocations=755 (full 4):
 PSYoungGen      total 115712K, used 2528K [0x00000000d5580000, 0x00000000dcc80000, 0x0000000100000000)
  eden space 110080K, 0% used [0x00000000d5580000,0x00000000d5580000,0x00000000dc100000)
  from space 5632K, 44% used [0x00000000dc100000,0x00000000dc378000,0x00000000dc680000)
  to   space 5632K, 0% used [0x00000000dc700000,0x00000000dc700000,0x00000000dcc80000)
 ParOldGen       total 329728K, used 72347K [0x0000000080000000, 0x0000000094200000, 0x00000000d5580000)
  object space 329728K, 21% used [0x0000000080000000,0x00000000846a6eb8,0x0000000094200000)
 Metaspace       used 94707K, capacity 97460K, committed 99404K, reserved 1136640K
  class space    used 11285K, capacity 11716K, committed 12032K, reserved 1048576K
}
{Heap before GC invocations=756 (full 4):
 PSYoungGen      total 115712K, used 112606K [0x00000000d5580000, 0x00000000dcc80000, 0x0000000100000000)
  eden space 110080K, 99% used [0x00000000d5580000,0x00000000dc0ffa80,0x00000000dc100000)
  from space 5632K, 44% used [0x00000000dc100000,0x00000000dc378000,0x00000000dc680000)
  to   space 5632K, 0% used [0x00000000dc700000,0x00000000dc700000,0x00000000dcc80000)
 ParOldGen       total 329728K, used 72347K [0x0000000080000000, 0x0000000094200000, 0x00000000d5580000)
  object space 329728K, 21% used [0x0000000080000000,0x00000000846a6eb8,0x0000000094200000)
 Metaspace       used 94707K, capacity 97460K, committed 99404K, reserved 1136640K
  class space    used 11285K, capacity 11716K, committed 12032K, reserved 1048576K
2023-10-14T10:17:45.182+0600: 2763129.425: [GC (Allocation Failure) [PSYoungGen: 112606K->3810K(116224K)] 184954K->76228K(445952K), 0.0135297 secs] [Times: user=0.02 sys=0.00, real=0.02 secs] 
Heap after GC invocations=756 (full 4):
 PSYoungGen      total 116224K, used 3810K [0x00000000d5580000, 0x00000000dcc80000, 0x0000000100000000)
  eden space 110592K, 0% used [0x00000000d5580000,0x00000000d5580000,0x00000000dc180000)
  from space 5632K, 67% used [0x00000000dc700000,0x00000000dcab8930,0x00000000dcc80000)
  to   space 5632K, 0% used [0x00000000dc180000,0x00000000dc180000,0x00000000dc700000)
 ParOldGen       total 329728K, used 72418K [0x0000000080000000, 0x0000000094200000, 0x00000000d5580000)
  object space 329728K, 21% used [0x0000000080000000,0x00000000846b8a90,0x0000000094200000)
 Metaspace       used 94707K, capacity 97460K, committed 99404K, reserved 1136640K
  class space    used 11285K, capacity 11716K, committed 12032K, reserved 1048576K
}
{Heap before GC invocations=757 (full 4):
 PSYoungGen      total 116224K, used 114402K [0x00000000d5580000, 0x00000000dcc80000, 0x0000000100000000)
  eden space 110592K, 100% used [0x00000000d5580000,0x00000000dc180000,0x00000000dc180000)
  from space 5632K, 67% used [0x00000000dc700000,0x00000000dcab8930,0x00000000dcc80000)
  to   space 5632K, 0% used [0x00000000dc180000,0x00000000dc180000,0x00000000dc700000)
 ParOldGen       total 329728K, used 72418K [0x0000000080000000, 0x0000000094200000, 0x00000000d5580000)
  object space 329728K, 21% used [0x0000000080000000,0x00000000846b8a90,0x0000000094200000)
 Metaspace       used 94707K, capacity 97460K, committed 99404K, reserved 1136640K
  class space    used 11285K, capacity 11716K, committed 12032K, reserved 1048576K
2023-10-14T11:38:44.500+0600: 2767988.743: [GC (Allocation Failure) [PSYoungGen: 114402K->4000K(116224K)] 186820K->76419K(445952K), 0.0133655 secs] [Times: user=0.01 sys=0.02, real=0.02 secs] 
Heap after GC invocations=757 (full 4):
 PSYoungGen      total 116224K, used 4000K [0x00000000d5580000, 0x00000000dcd00000, 0x0000000100000000)
  eden space 110592K, 0% used [0x00000000d5580000,0x00000000d5580000,0x00000000dc180000)
  from space 5632K, 71% used [0x00000000dc180000,0x00000000dc5682a0,0x00000000dc700000)
  to   space 5632K, 0% used [0x00000000dc780000,0x00000000dc780000,0x00000000dcd00000)
 ParOldGen       total 329728K, used 72418K [0x0000000080000000, 0x0000000094200000, 0x00000000d5580000)
  object space 329728K, 21% used [0x0000000080000000,0x00000000846b8a90,0x0000000094200000)
 Metaspace       used 94707K, capacity 97460K, committed 99404K, reserved 1136640K
  class space    used 11285K, capacity 11716K, committed 12032K, reserved 1048576K
}
{Heap before GC invocations=758 (full 4):
 PSYoungGen      total 116224K, used 114592K [0x00000000d5580000, 0x00000000dcd00000, 0x0000000100000000)
  eden space 110592K, 100% used [0x00000000d5580000,0x00000000dc180000,0x00000000dc180000)
  from space 5632K, 71% used [0x00000000dc180000,0x00000000dc5682a0,0x00000000dc700000)
  to   space 5632K, 0% used [0x00000000dc780000,0x00000000dc780000,0x00000000dcd00000)
 ParOldGen       total 329728K, used 72418K [0x0000000080000000, 0x0000000094200000, 0x00000000d5580000)
  object space 329728K, 21% used [0x0000000080000000,0x00000000846b8a90,0x0000000094200000)
 Metaspace       used 94707K, capacity 97460K, committed 99404K, reserved 1136640K
  class space    used 11285K, capacity 11716K, committed 12032K, reserved 1048576K
2023-10-14T12:57:52.896+0600: 2772737.140: [GC (Allocation Failure) [PSYoungGen: 114592K->3825K(116736K)] 187011K->76244K(446464K), 0.0186363 secs] [Times: user=0.02 sys=0.01, real=0.02 secs] 
Heap after GC invocations=758 (full 4):
 PSYoungGen      total 116736K, used 3825K [0x00000000d5580000, 0x00000000dcd00000, 0x0000000100000000)
  eden space 111104K, 0% used [0x00000000d5580000,0x00000000d5580000,0x00000000dc200000)
  from space 5632K, 67% used [0x00000000dc780000,0x00000000dcb3c6e0,0x00000000dcd00000)
  to   space 5632K, 0% used [0x00000000dc200000,0x00000000dc200000,0x00000000dc780000)
 ParOldGen       total 329728K, used 72418K [0x0000000080000000, 0x0000000094200000, 0x00000000d5580000)
  object space 329728K, 21% used [0x0000000080000000,0x00000000846b8a90,0x0000000094200000)
 Metaspace       used 94707K, capacity 97460K, committed 99404K, reserved 1136640K
  class space    used 11285K, capacity 11716K, committed 12032K, reserved 1048576K
}
{Heap before GC invocations=759 (full 4):
 PSYoungGen      total 116736K, used 114929K [0x00000000d5580000, 0x00000000dcd00000, 0x0000000100000000)
  eden space 111104K, 100% used [0x00000000d5580000,0x00000000dc200000,0x00000000dc200000)
  from space 5632K, 67% used [0x00000000dc780000,0x00000000dcb3c6e0,0x00000000dcd00000)
  to   space 5632K, 0% used [0x00000000dc200000,0x00000000dc200000,0x00000000dc780000)
 ParOldGen       total 329728K, used 72418K [0x0000000080000000, 0x0000000094200000, 0x00000000d5580000)
  object space 329728K, 21% used [0x0000000080000000,0x00000000846b8a90,0x0000000094200000)
 Metaspace       used 94707K, capacity 97460K, committed 99404K, reserved 1136640K
  class space    used 11285K, capacity 11716K, committed 12032K, reserved 1048576K
2023-10-14T14:28:02.183+0600: 2778146.426: [GC (Allocation Failure) [PSYoungGen: 114929K->2752K(116736K)] 187348K->75186K(446464K), 0.0131333 secs] [Times: user=0.02 sys=0.00, real=0.02 secs] 
Heap after GC invocations=759 (full 4):
 PSYoungGen      total 116736K, used 2752K [0x00000000d5580000, 0x00000000dcd80000, 0x0000000100000000)
  eden space 111104K, 0% used [0x00000000d5580000,0x00000000d5580000,0x00000000dc200000)
  from space 5632K, 48% used [0x00000000dc200000,0x00000000dc4b0000,0x00000000dc780000)
  to   space 5632K, 0% used [0x00000000dc800000,0x00000000dc800000,0x00000000dcd80000)
 ParOldGen       total 329728K, used 72434K [0x0000000080000000, 0x0000000094200000, 0x00000000d5580000)
  object space 329728K, 21% used [0x0000000080000000,0x00000000846bca90,0x0000000094200000)
 Metaspace       used 94707K, capacity 97460K, committed 99404K, reserved 1136640K
  class space    used 11285K, capacity 11716K, committed 12032K, reserved 1048576K
}
{Heap before GC invocations=760 (full 4):
 PSYoungGen      total 116736K, used 113856K [0x00000000d5580000, 0x00000000dcd80000, 0x0000000100000000)
  eden space 111104K, 100% used [0x00000000d5580000,0x00000000dc200000,0x00000000dc200000)
  from space 5632K, 48% used [0x00000000dc200000,0x00000000dc4b0000,0x00000000dc780000)
  to   space 5632K, 0% used [0x00000000dc800000,0x00000000dc800000,0x00000000dcd80000)
 ParOldGen       total 329728K, used 72434K [0x0000000080000000, 0x0000000094200000, 0x00000000d5580000)
  object space 329728K, 21% used [0x0000000080000000,0x00000000846bca90,0x0000000094200000)
 Metaspace       used 94707K, capacity 97460K, committed 99404K, reserved 1136640K
  class space    used 11285K, capacity 11716K, committed 12032K, reserved 1048576K
2023-10-14T15:52:10.427+0600: 2783194.670: [GC (Allocation Failure) [PSYoungGen: 113856K->3825K(117248K)] 186290K->76259K(446976K), 0.0160296 secs] [Times: user=0.01 sys=0.02, real=0.01 secs] 
Heap after GC invocations=760 (full 4):
 PSYoungGen      total 117248K, used 3825K [0x00000000d5580000, 0x00000000dcd80000, 0x0000000100000000)
  eden space 111616K, 0% used [0x00000000d5580000,0x00000000d5580000,0x00000000dc280000)
  from space 5632K, 67% used [0x00000000dc800000,0x00000000dcbbc4b0,0x00000000dcd80000)
  to   space 5632K, 0% used [0x00000000dc280000,0x00000000dc280000,0x00000000dc800000)
 ParOldGen       total 329728K, used 72434K [0x0000000080000000, 0x0000000094200000, 0x00000000d5580000)
  object space 329728K, 21% used [0x0000000080000000,0x00000000846bca90,0x0000000094200000)
 Metaspace       used 94707K, capacity 97460K, committed 99404K, reserved 1136640K
  class space    used 11285K, capacity 11716K, committed 12032K, reserved 1048576K
}
{Heap before GC invocations=761 (full 4):
 PSYoungGen      total 117248K, used 115441K [0x00000000d5580000, 0x00000000dcd80000, 0x0000000100000000)
  eden space 111616K, 100% used [0x00000000d5580000,0x00000000dc280000,0x00000000dc280000)
  from space 5632K, 67% used [0x00000000dc800000,0x00000000dcbbc4b0,0x00000000dcd80000)
  to   space 5632K, 0% used [0x00000000dc280000,0x00000000dc280000,0x00000000dc800000)
 ParOldGen       total 329728K, used 72434K [0x0000000080000000, 0x0000000094200000, 0x00000000d5580000)
  object space 329728K, 21% used [0x0000000080000000,0x00000000846bca90,0x0000000094200000)
 Metaspace       used 94707K, capacity 97460K, committed 99404K, reserved 1136640K
  class space    used 11285K, capacity 11716K, committed 12032K, reserved 1048576K
2023-10-14T17:22:17.975+0600: 2788602.218: [GC (Allocation Failure) [PSYoungGen: 115441K->2848K(117248K)] 187875K->75282K(446976K), 0.0156771 secs] [Times: user=0.03 sys=0.00, real=0.01 secs] 
Heap after GC invocations=761 (full 4):
 PSYoungGen      total 117248K, used 2848K [0x00000000d5580000, 0x00000000dce00000, 0x0000000100000000)
  eden space 111616K, 0% used [0x00000000d5580000,0x00000000d5580000,0x00000000dc280000)
  from space 5632K, 50% used [0x00000000dc280000,0x00000000dc548000,0x00000000dc800000)
  to   space 5632K, 0% used [0x00000000dc880000,0x00000000dc880000,0x00000000dce00000)
 ParOldGen       total 329728K, used 72434K [0x0000000080000000, 0x0000000094200000, 0x00000000d5580000)
  object space 329728K, 21% used [0x0000000080000000,0x00000000846bca90,0x0000000094200000)
 Metaspace       used 94707K, capacity 97460K, committed 99404K, reserved 1136640K
  class space    used 11285K, capacity 11716K, committed 12032K, reserved 1048576K
}
{Heap before GC invocations=762 (full 4):
 PSYoungGen      total 117248K, used 114464K [0x00000000d5580000, 0x00000000dce00000, 0x0000000100000000)
  eden space 111616K, 100% used [0x00000000d5580000,0x00000000dc280000,0x00000000dc280000)
  from space 5632K, 50% used [0x00000000dc280000,0x00000000dc548000,0x00000000dc800000)
  to   space 5632K, 0% used [0x00000000dc880000,0x00000000dc880000,0x00000000dce00000)
 ParOldGen       total 329728K, used 72434K [0x0000000080000000, 0x0000000094200000, 0x00000000d5580000)
  object space 329728K, 21% used [0x0000000080000000,0x00000000846bca90,0x0000000094200000)
 Metaspace       used 94707K, capacity 97460K, committed 99404K, reserved 1136640K
  class space    used 11285K, capacity 11716K, committed 12032K, reserved 1048576K
2023-10-14T18:53:57.094+0600: 2794101.337: [GC (Allocation Failure) [PSYoungGen: 114464K->2752K(117760K)] 186898K->75226K(447488K), 0.0134048 secs] [Times: user=0.01 sys=0.01, real=0.01 secs] 
Heap after GC invocations=762 (full 4):
 PSYoungGen      total 117760K, used 2752K [0x00000000d5580000, 0x00000000dce00000, 0x0000000100000000)
  eden space 112128K, 0% used [0x00000000d5580000,0x00000000d5580000,0x00000000dc300000)
  from space 5632K, 48% used [0x00000000dc880000,0x00000000dcb30000,0x00000000dce00000)
  to   space 5632K, 0% used [0x00000000dc300000,0x00000000dc300000,0x00000000dc880000)
 ParOldGen       total 329728K, used 72474K [0x0000000080000000, 0x0000000094200000, 0x00000000d5580000)
  object space 329728K, 21% used [0x0000000080000000,0x00000000846c6a90,0x0000000094200000)
 Metaspace       used 94707K, capacity 97460K, committed 99404K, reserved 1136640K
  class space    used 11285K, capacity 11716K, committed 12032K, reserved 1048576K
}
{Heap before GC invocations=763 (full 4):
 PSYoungGen      total 117760K, used 114880K [0x00000000d5580000, 0x00000000dce00000, 0x0000000100000000)
  eden space 112128K, 100% used [0x00000000d5580000,0x00000000dc300000,0x00000000dc300000)
  from space 5632K, 48% used [0x00000000dc880000,0x00000000dcb30000,0x00000000dce00000)
  to   space 5632K, 0% used [0x00000000dc300000,0x00000000dc300000,0x00000000dc880000)
 ParOldGen       total 329728K, used 72474K [0x0000000080000000, 0x0000000094200000, 0x00000000d5580000)
  object space 329728K, 21% used [0x0000000080000000,0x00000000846c6a90,0x0000000094200000)
 Metaspace       used 94707K, capacity 97460K, committed 99404K, reserved 1136640K
  class space    used 11285K, capacity 11716K, committed 12032K, reserved 1048576K
2023-10-14T20:17:00.295+0600: 2799084.538: [GC (Allocation Failure) [PSYoungGen: 114880K->4003K(117760K)] 187354K->76494K(447488K), 0.0171371 secs] [Times: user=0.03 sys=0.00, real=0.01 secs] 
Heap after GC invocations=763 (full 4):
 PSYoungGen      total 117760K, used 4003K [0x00000000d5580000, 0x00000000dce80000, 0x0000000100000000)
  eden space 112128K, 0% used [0x00000000d5580000,0x00000000d5580000,0x00000000dc300000)
  from space 5632K, 71% used [0x00000000dc300000,0x00000000dc6e8d80,0x00000000dc880000)
  to   space 5632K, 0% used [0x00000000dc900000,0x00000000dc900000,0x00000000dce80000)
 ParOldGen       total 329728K, used 72490K [0x0000000080000000, 0x0000000094200000, 0x00000000d5580000)
  object space 329728K, 21% used [0x0000000080000000,0x00000000846caa90,0x0000000094200000)
 Metaspace       used 94707K, capacity 97460K, committed 99404K, reserved 1136640K
  class space    used 11285K, capacity 11716K, committed 12032K, reserved 1048576K
}
{Heap before GC invocations=764 (full 4):
 PSYoungGen      total 117760K, used 116131K [0x00000000d5580000, 0x00000000dce80000, 0x0000000100000000)
  eden space 112128K, 100% used [0x00000000d5580000,0x00000000dc300000,0x00000000dc300000)
  from space 5632K, 71% used [0x00000000dc300000,0x00000000dc6e8d80,0x00000000dc880000)
  to   space 5632K, 0% used [0x00000000dc900000,0x00000000dc900000,0x00000000dce80000)
 ParOldGen       total 329728K, used 72490K [0x0000000080000000, 0x0000000094200000, 0x00000000d5580000)
  object space 329728K, 21% used [0x0000000080000000,0x00000000846caa90,0x0000000094200000)
 Metaspace       used 94707K, capacity 97460K, committed 99404K, reserved 1136640K
  class space    used 11285K, capacity 11716K, committed 12032K, reserved 1048576K
2023-10-14T21:27:45.108+0600: 2803329.352: [GC (Allocation Failure) [PSYoungGen: 116131K->4242K(118272K)] 188622K->76733K(448000K), 0.0167199 secs] [Times: user=0.01 sys=0.02, real=0.02 secs] 
Heap after GC invocations=764 (full 4):
 PSYoungGen      total 118272K, used 4242K [0x00000000d5580000, 0x00000000dce80000, 0x0000000100000000)
  eden space 112640K, 0% used [0x00000000d5580000,0x00000000d5580000,0x00000000dc380000)
  from space 5632K, 75% used [0x00000000dc900000,0x00000000dcd24b30,0x00000000dce80000)
  to   space 5632K, 0% used [0x00000000dc380000,0x00000000dc380000,0x00000000dc900000)
 ParOldGen       total 329728K, used 72490K [0x0000000080000000, 0x0000000094200000, 0x00000000d5580000)
  object space 329728K, 21% used [0x0000000080000000,0x00000000846caa90,0x0000000094200000)
 Metaspace       used 94707K, capacity 97460K, committed 99404K, reserved 1136640K
  class space    used 11285K, capacity 11716K, committed 12032K, reserved 1048576K
}
{Heap before GC invocations=765 (full 4):
 PSYoungGen      total 118272K, used 116882K [0x00000000d5580000, 0x00000000dce80000, 0x0000000100000000)
  eden space 112640K, 100% used [0x00000000d5580000,0x00000000dc380000,0x00000000dc380000)
  from space 5632K, 75% used [0x00000000dc900000,0x00000000dcd24b30,0x00000000dce80000)
  to   space 5632K, 0% used [0x00000000dc380000,0x00000000dc380000,0x00000000dc900000)
 ParOldGen       total 329728K, used 72490K [0x0000000080000000, 0x0000000094200000, 0x00000000d5580000)
  object space 329728K, 21% used [0x0000000080000000,0x00000000846caa90,0x0000000094200000)
 Metaspace       used 94707K, capacity 97460K, committed 99404K, reserved 1136640K
  class space    used 11285K, capacity 11716K, committed 12032K, reserved 1048576K
2023-10-14T23:00:02.085+0600: 2808866.328: [GC (Allocation Failure) [PSYoungGen: 116882K->2944K(118272K)] 189373K->75434K(448000K), 0.0163449 secs] [Times: user=0.02 sys=0.01, real=0.01 secs] 
Heap after GC invocations=765 (full 4):
 PSYoungGen      total 118272K, used 2944K [0x00000000d5580000, 0x00000000dcf00000, 0x0000000100000000)
  eden space 112640K, 0% used [0x00000000d5580000,0x00000000d5580000,0x00000000dc380000)
  from space 5632K, 52% used [0x00000000dc380000,0x00000000dc660000,0x00000000dc900000)
  to   space 5632K, 0% used [0x00000000dc980000,0x00000000dc980000,0x00000000dcf00000)
 ParOldGen       total 329728K, used 72490K [0x0000000080000000, 0x0000000094200000, 0x00000000d5580000)
  object space 329728K, 21% used [0x0000000080000000,0x00000000846caa90,0x0000000094200000)
 Metaspace       used 94707K, capacity 97460K, committed 99404K, reserved 1136640K
  class space    used 11285K, capacity 11716K, committed 12032K, reserved 1048576K
}
{Heap before GC invocations=766 (full 4):
 PSYoungGen      total 118272K, used 115584K [0x00000000d5580000, 0x00000000dcf00000, 0x0000000100000000)
  eden space 112640K, 100% used [0x00000000d5580000,0x00000000dc380000,0x00000000dc380000)
  from space 5632K, 52% used [0x00000000dc380000,0x00000000dc660000,0x00000000dc900000)
  to   space 5632K, 0% used [0x00000000dc980000,0x00000000dc980000,0x00000000dcf00000)
 ParOldGen       total 329728K, used 72490K [0x0000000080000000, 0x0000000094200000, 0x00000000d5580000)
  object space 329728K, 21% used [0x0000000080000000,0x00000000846caa90,0x0000000094200000)
 Metaspace       used 94707K, capacity 97460K, committed 99404K, reserved 1136640K
  class space    used 11285K, capacity 11716K, committed 12032K, reserved 1048576K
2023-10-15T00:27:28.878+0600: 2814113.122: [GC (Allocation Failure) [PSYoungGen: 115584K->3281K(117760K)] 188074K->75772K(447488K), 0.0142227 secs] [Times: user=0.01 sys=0.01, real=0.01 secs] 
Heap after GC invocations=766 (full 4):
 PSYoungGen      total 117760K, used 3281K [0x00000000d5580000, 0x00000000dce00000, 0x0000000100000000)
  eden space 113152K, 0% used [0x00000000d5580000,0x00000000d5580000,0x00000000dc400000)
  from space 4608K, 71% used [0x00000000dc980000,0x00000000dccb46c0,0x00000000dce00000)
  to   space 5120K, 0% used [0x00000000dc400000,0x00000000dc400000,0x00000000dc900000)
 ParOldGen       total 329728K, used 72490K [0x0000000080000000, 0x0000000094200000, 0x00000000d5580000)
  object space 329728K, 21% used [0x0000000080000000,0x00000000846caa90,0x0000000094200000)
 Metaspace       used 94707K, capacity 97460K, committed 99404K, reserved 1136640K
  class space    used 11285K, capacity 11716K, committed 12032K, reserved 1048576K
}
{Heap before GC invocations=767 (full 4):
 PSYoungGen      total 117760K, used 116433K [0x00000000d5580000, 0x00000000dce00000, 0x0000000100000000)
  eden space 113152K, 100% used [0x00000000d5580000,0x00000000dc400000,0x00000000dc400000)
  from space 4608K, 71% used [0x00000000dc980000,0x00000000dccb46c0,0x00000000dce00000)
  to   space 5120K, 0% used [0x00000000dc400000,0x00000000dc400000,0x00000000dc900000)
 ParOldGen       total 329728K, used 72490K [0x0000000080000000, 0x0000000094200000, 0x00000000d5580000)
  object space 329728K, 21% used [0x0000000080000000,0x00000000846caa90,0x0000000094200000)
 Metaspace       used 94707K, capacity 97460K, committed 99404K, reserved 1136640K
  class space    used 11285K, capacity 11716K, committed 12032K, reserved 1048576K
2023-10-15T02:01:06.096+0600: 2819730.339: [GC (Allocation Failure) [PSYoungGen: 116433K->2944K(118272K)] 188924K->75434K(448000K), 0.0132439 secs] [Times: user=0.01 sys=0.01, real=0.01 secs] 
Heap after GC invocations=767 (full 4):
 PSYoungGen      total 118272K, used 2944K [0x00000000d5580000, 0x00000000dce80000, 0x0000000100000000)
  eden space 113152K, 0% used [0x00000000d5580000,0x00000000d5580000,0x00000000dc400000)
  from space 5120K, 57% used [0x00000000dc400000,0x00000000dc6e0000,0x00000000dc900000)
  to   space 5120K, 0% used [0x00000000dc980000,0x00000000dc980000,0x00000000dce80000)
 ParOldGen       total 329728K, used 72490K [0x0000000080000000, 0x0000000094200000, 0x00000000d5580000)
  object space 329728K, 21% used [0x0000000080000000,0x00000000846caa90,0x0000000094200000)
 Metaspace       used 94707K, capacity 97460K, committed 99404K, reserved 1136640K
  class space    used 11285K, capacity 11716K, committed 12032K, reserved 1048576K
}
{Heap before GC invocations=768 (full 4):
 PSYoungGen      total 118272K, used 116096K [0x00000000d5580000, 0x00000000dce80000, 0x0000000100000000)
  eden space 113152K, 100% used [0x00000000d5580000,0x00000000dc400000,0x00000000dc400000)
  from space 5120K, 57% used [0x00000000dc400000,0x00000000dc6e0000,0x00000000dc900000)
  to   space 5120K, 0% used [0x00000000dc980000,0x00000000dc980000,0x00000000dce80000)
 ParOldGen       total 329728K, used 72490K [0x0000000080000000, 0x0000000094200000, 0x00000000d5580000)
  object space 329728K, 21% used [0x0000000080000000,0x00000000846caa90,0x0000000094200000)
 Metaspace       used 94707K, capacity 97460K, committed 99404K, reserved 1136640K
  class space    used 11285K, capacity 11716K, committed 12032K, reserved 1048576K
2023-10-15T03:33:06.327+0600: 2825250.570: [GC (Allocation Failure) [PSYoungGen: 116096K->2912K(118784K)] 188586K->75402K(448512K), 0.0161292 secs] [Times: user=0.02 sys=0.00, real=0.01 secs] 
Heap after GC invocations=768 (full 4):
 PSYoungGen      total 118784K, used 2912K [0x00000000d5580000, 0x00000000dce80000, 0x0000000100000000)
  eden space 113664K, 0% used [0x00000000d5580000,0x00000000d5580000,0x00000000dc480000)
  from space 5120K, 56% used [0x00000000dc980000,0x00000000dcc58000,0x00000000dce80000)
  to   space 5120K, 0% used [0x00000000dc480000,0x00000000dc480000,0x00000000dc980000)
 ParOldGen       total 329728K, used 72490K [0x0000000080000000, 0x0000000094200000, 0x00000000d5580000)
  object space 329728K, 21% used [0x0000000080000000,0x00000000846caa90,0x0000000094200000)
 Metaspace       used 94707K, capacity 97460K, committed 99404K, reserved 1136640K
  class space    used 11285K, capacity 11716K, committed 12032K, reserved 1048576K
}
{Heap before GC invocations=769 (full 4):
 PSYoungGen      total 118784K, used 116576K [0x00000000d5580000, 0x00000000dce80000, 0x0000000100000000)
  eden space 113664K, 100% used [0x00000000d5580000,0x00000000dc480000,0x00000000dc480000)
  from space 5120K, 56% used [0x00000000dc980000,0x00000000dcc58000,0x00000000dce80000)
  to   space 5120K, 0% used [0x00000000dc480000,0x00000000dc480000,0x00000000dc980000)
 ParOldGen       total 329728K, used 72490K [0x0000000080000000, 0x0000000094200000, 0x00000000d5580000)
  object space 329728K, 21% used [0x0000000080000000,0x00000000846caa90,0x0000000094200000)
 Metaspace       used 94707K, capacity 97460K, committed 99404K, reserved 1136640K
  class space    used 11285K, capacity 11716K, committed 12032K, reserved 1048576K
2023-10-15T05:06:43.958+0600: 2830868.202: [GC (Allocation Failure) [PSYoungGen: 116576K->2912K(118784K)] 189066K->75402K(448512K), 0.0141921 secs] [Times: user=0.02 sys=0.00, real=0.01 secs] 
Heap after GC invocations=769 (full 4):
 PSYoungGen      total 118784K, used 2912K [0x00000000d5580000, 0x00000000dcf00000, 0x0000000100000000)
  eden space 113664K, 0% used [0x00000000d5580000,0x00000000d5580000,0x00000000dc480000)
  from space 5120K, 56% used [0x00000000dc480000,0x00000000dc758000,0x00000000dc980000)
  to   space 5120K, 0% used [0x00000000dca00000,0x00000000dca00000,0x00000000dcf00000)
 ParOldGen       total 329728K, used 72490K [0x0000000080000000, 0x0000000094200000, 0x00000000d5580000)
  object space 329728K, 21% used [0x0000000080000000,0x00000000846caa90,0x0000000094200000)
 Metaspace       used 94707K, capacity 97460K, committed 99404K, reserved 1136640K
  class space    used 11285K, capacity 11716K, committed 12032K, reserved 1048576K
}
{Heap before GC invocations=770 (full 4):
 PSYoungGen      total 118784K, used 116576K [0x00000000d5580000, 0x00000000dcf00000, 0x0000000100000000)
  eden space 113664K, 100% used [0x00000000d5580000,0x00000000dc480000,0x00000000dc480000)
  from space 5120K, 56% used [0x00000000dc480000,0x00000000dc758000,0x00000000dc980000)
  to   space 5120K, 0% used [0x00000000dca00000,0x00000000dca00000,0x00000000dcf00000)
 ParOldGen       total 329728K, used 72490K [0x0000000080000000, 0x0000000094200000, 0x00000000d5580000)
  object space 329728K, 21% used [0x0000000080000000,0x00000000846caa90,0x0000000094200000)
 Metaspace       used 94707K, capacity 97460K, committed 99404K, reserved 1136640K
  class space    used 11285K, capacity 11716K, committed 12032K, reserved 1048576K
2023-10-15T06:35:52.344+0600: 2836216.588: [GC (Allocation Failure) [PSYoungGen: 116576K->3168K(119296K)] 189066K->75658K(449024K), 0.0135567 secs] [Times: user=0.02 sys=0.00, real=0.01 secs] 
Heap after GC invocations=770 (full 4):
 PSYoungGen      total 119296K, used 3168K [0x00000000d5580000, 0x00000000dcf00000, 0x0000000100000000)
  eden space 114176K, 0% used [0x00000000d5580000,0x00000000d5580000,0x00000000dc500000)
  from space 5120K, 61% used [0x00000000dca00000,0x00000000dcd18010,0x00000000dcf00000)
  to   space 5120K, 0% used [0x00000000dc500000,0x00000000dc500000,0x00000000dca00000)
 ParOldGen       total 329728K, used 72490K [0x0000000080000000, 0x0000000094200000, 0x00000000d5580000)
  object space 329728K, 21% used [0x0000000080000000,0x00000000846caa90,0x0000000094200000)
 Metaspace       used 94707K, capacity 97460K, committed 99404K, reserved 1136640K
  class space    used 11285K, capacity 11716K, committed 12032K, reserved 1048576K
}
{Heap before GC invocations=771 (full 4):
 PSYoungGen      total 119296K, used 117336K [0x00000000d5580000, 0x00000000dcf00000, 0x0000000100000000)
  eden space 114176K, 99% used [0x00000000d5580000,0x00000000dc4fe030,0x00000000dc500000)
  from space 5120K, 61% used [0x00000000dca00000,0x00000000dcd18010,0x00000000dcf00000)
  to   space 5120K, 0% used [0x00000000dc500000,0x00000000dc500000,0x00000000dca00000)
 ParOldGen       total 329728K, used 72490K [0x0000000080000000, 0x0000000094200000, 0x00000000d5580000)
  object space 329728K, 21% used [0x0000000080000000,0x00000000846caa90,0x0000000094200000)
 Metaspace       used 94707K, capacity 97460K, committed 99404K, reserved 1136640K
  class space    used 11285K, capacity 11716K, committed 12032K, reserved 1048576K
2023-10-15T08:04:45.985+0600: 2841550.229: [GC (Allocation Failure) [PSYoungGen: 117336K->3424K(119296K)] 189826K->76007K(449024K), 0.0122055 secs] [Times: user=0.01 sys=0.01, real=0.01 secs] 
Heap after GC invocations=771 (full 4):
 PSYoungGen      total 119296K, used 3424K [0x00000000d5580000, 0x00000000dce80000, 0x0000000100000000)
  eden space 114176K, 0% used [0x00000000d5580000,0x00000000d5580000,0x00000000dc500000)
  from space 5120K, 66% used [0x00000000dc500000,0x00000000dc858030,0x00000000dca00000)
  to   space 4608K, 0% used [0x00000000dca00000,0x00000000dca00000,0x00000000dce80000)
 ParOldGen       total 329728K, used 72583K [0x0000000080000000, 0x0000000094200000, 0x00000000d5580000)
  object space 329728K, 22% used [0x0000000080000000,0x00000000846e1e30,0x0000000094200000)
 Metaspace       used 94707K, capacity 97460K, committed 99404K, reserved 1136640K
  class space    used 11285K, capacity 11716K, committed 12032K, reserved 1048576K
}
{Heap before GC invocations=772 (full 4):
 PSYoungGen      total 119296K, used 117600K [0x00000000d5580000, 0x00000000dce80000, 0x0000000100000000)
  eden space 114176K, 100% used [0x00000000d5580000,0x00000000dc500000,0x00000000dc500000)
  from space 5120K, 66% used [0x00000000dc500000,0x00000000dc858030,0x00000000dca00000)
  to   space 4608K, 0% used [0x00000000dca00000,0x00000000dca00000,0x00000000dce80000)
 ParOldGen       total 329728K, used 72583K [0x0000000080000000, 0x0000000094200000, 0x00000000d5580000)
  object space 329728K, 22% used [0x0000000080000000,0x00000000846e1e30,0x0000000094200000)
 Metaspace       used 94707K, capacity 97460K, committed 99404K, reserved 1136640K
  class space    used 11285K, capacity 11716K, committed 12032K, reserved 1048576K
2023-10-15T09:23:59.704+0600: 2846303.947: [GC (Allocation Failure) [PSYoungGen: 117600K->4020K(118784K)] 190183K->76684K(448512K), 0.0165582 secs] [Times: user=0.01 sys=0.01, real=0.01 secs] 
Heap after GC invocations=772 (full 4):
 PSYoungGen      total 118784K, used 4020K [0x00000000d5580000, 0x00000000dcf80000, 0x0000000100000000)
  eden space 114176K, 0% used [0x00000000d5580000,0x00000000d5580000,0x00000000dc500000)
  from space 4608K, 87% used [0x00000000dca00000,0x00000000dcded1f0,0x00000000dce80000)
  to   space 5120K, 0% used [0x00000000dc500000,0x00000000dc500000,0x00000000dca00000)
 ParOldGen       total 329728K, used 72663K [0x0000000080000000, 0x0000000094200000, 0x00000000d5580000)
  object space 329728K, 22% used [0x0000000080000000,0x00000000846f5e30,0x0000000094200000)
 Metaspace       used 94707K, capacity 97460K, committed 99404K, reserved 1136640K
  class space    used 11285K, capacity 11716K, committed 12032K, reserved 1048576K
}
{Heap before GC invocations=773 (full 4):
 PSYoungGen      total 118784K, used 118196K [0x00000000d5580000, 0x00000000dcf80000, 0x0000000100000000)
  eden space 114176K, 100% used [0x00000000d5580000,0x00000000dc500000,0x00000000dc500000)
  from space 4608K, 87% used [0x00000000dca00000,0x00000000dcded1f0,0x00000000dce80000)
  to   space 5120K, 0% used [0x00000000dc500000,0x00000000dc500000,0x00000000dca00000)
 ParOldGen       total 329728K, used 72663K [0x0000000080000000, 0x0000000094200000, 0x00000000d5580000)
  object space 329728K, 22% used [0x0000000080000000,0x00000000846f5e30,0x0000000094200000)
 Metaspace       used 94707K, capacity 97460K, committed 99404K, reserved 1136640K
  class space    used 11285K, capacity 11716K, committed 12032K, reserved 1048576K
2023-10-15T10:42:01.581+0600: 2850985.825: [GC (Allocation Failure) [PSYoungGen: 118196K->4280K(119296K)] 190860K->77069K(449024K), 0.0150172 secs] [Times: user=0.03 sys=0.00, real=0.02 secs] 
Heap after GC invocations=773 (full 4):
 PSYoungGen      total 119296K, used 4280K [0x00000000d5580000, 0x00000000dcf80000, 0x0000000100000000)
  eden space 114176K, 0% used [0x00000000d5580000,0x00000000d5580000,0x00000000dc500000)
  from space 5120K, 83% used [0x00000000dc500000,0x00000000dc92e110,0x00000000dca00000)
  to   space 5120K, 0% used [0x00000000dca80000,0x00000000dca80000,0x00000000dcf80000)
 ParOldGen       total 329728K, used 72789K [0x0000000080000000, 0x0000000094200000, 0x00000000d5580000)
  object space 329728K, 22% used [0x0000000080000000,0x00000000847155d0,0x0000000094200000)
 Metaspace       used 94707K, capacity 97460K, committed 99404K, reserved 1136640K
  class space    used 11285K, capacity 11716K, committed 12032K, reserved 1048576K
}
{Heap before GC invocations=774 (full 4):
 PSYoungGen      total 119296K, used 118453K [0x00000000d5580000, 0x00000000dcf80000, 0x0000000100000000)
  eden space 114176K, 99% used [0x00000000d5580000,0x00000000dc4ff300,0x00000000dc500000)
  from space 5120K, 83% used [0x00000000dc500000,0x00000000dc92e110,0x00000000dca00000)
  to   space 5120K, 0% used [0x00000000dca80000,0x00000000dca80000,0x00000000dcf80000)
 ParOldGen       total 329728K, used 72789K [0x0000000080000000, 0x0000000094200000, 0x00000000d5580000)
  object space 329728K, 22% used [0x0000000080000000,0x00000000847155d0,0x0000000094200000)
 Metaspace       used 94708K, capacity 97460K, committed 99404K, reserved 1136640K
  class space    used 11285K, capacity 11716K, committed 12032K, reserved 1048576K
2023-10-15T12:05:05.674+0600: 2855969.917: [GC (Allocation Failure) [PSYoungGen: 118453K->4854K(119296K)] 191242K->77643K(449024K), 0.0137339 secs] [Times: user=0.01 sys=0.02, real=0.01 secs] 
Heap after GC invocations=774 (full 4):
 PSYoungGen      total 119296K, used 4854K [0x00000000d5580000, 0x00000000dd080000, 0x0000000100000000)
  eden space 114176K, 0% used [0x00000000d5580000,0x00000000d5580000,0x00000000dc500000)
  from space 5120K, 94% used [0x00000000dca80000,0x00000000dcf3d810,0x00000000dcf80000)
  to   space 5632K, 0% used [0x00000000dc500000,0x00000000dc500000,0x00000000dca80000)
 ParOldGen       total 329728K, used 72789K [0x0000000080000000, 0x0000000094200000, 0x00000000d5580000)
  object space 329728K, 22% used [0x0000000080000000,0x00000000847155d0,0x0000000094200000)
 Metaspace       used 94708K, capacity 97460K, committed 99404K, reserved 1136640K
  class space    used 11285K, capacity 11716K, committed 12032K, reserved 1048576K
}
{Heap before GC invocations=775 (full 4):
 PSYoungGen      total 119296K, used 119024K [0x00000000d5580000, 0x00000000dd080000, 0x0000000100000000)
  eden space 114176K, 99% used [0x00000000d5580000,0x00000000dc4fe858,0x00000000dc500000)
  from space 5120K, 94% used [0x00000000dca80000,0x00000000dcf3d810,0x00000000dcf80000)
  to   space 5632K, 0% used [0x00000000dc500000,0x00000000dc500000,0x00000000dca80000)
 ParOldGen       total 329728K, used 72789K [0x0000000080000000, 0x0000000094200000, 0x00000000d5580000)
  object space 329728K, 22% used [0x0000000080000000,0x00000000847155d0,0x0000000094200000)
 Metaspace       used 94742K, capacity 97544K, committed 99404K, reserved 1136640K
  class space    used 11293K, capacity 11730K, committed 12032K, reserved 1048576K
2023-10-15T12:39:32.110+0600: 2858036.353: [GC (Allocation Failure) [PSYoungGen: 119024K->5618K(119808K)] 191813K->80790K(449536K), 0.0155934 secs] [Times: user=0.01 sys=0.02, real=0.02 secs] 
Heap after GC invocations=775 (full 4):
 PSYoungGen      total 119808K, used 5618K [0x00000000d5580000, 0x00000000dd380000, 0x0000000100000000)
  eden space 114176K, 0% used [0x00000000d5580000,0x00000000d5580000,0x00000000dc500000)
  from space 5632K, 99% used [0x00000000dc500000,0x00000000dca7c860,0x00000000dca80000)
  to   space 7168K, 0% used [0x00000000dcc80000,0x00000000dcc80000,0x00000000dd380000)
 ParOldGen       total 329728K, used 75172K [0x0000000080000000, 0x0000000094200000, 0x00000000d5580000)
  object space 329728K, 22% used [0x0000000080000000,0x0000000084969168,0x0000000094200000)
 Metaspace       used 94742K, capacity 97544K, committed 99404K, reserved 1136640K
  class space    used 11293K, capacity 11730K, committed 12032K, reserved 1048576K
}
{Heap before GC invocations=776 (full 4):
 PSYoungGen      total 119808K, used 119792K [0x00000000d5580000, 0x00000000dd380000, 0x0000000100000000)
  eden space 114176K, 99% used [0x00000000d5580000,0x00000000dc4ff8b8,0x00000000dc500000)
  from space 5632K, 99% used [0x00000000dc500000,0x00000000dca7c860,0x00000000dca80000)
  to   space 7168K, 0% used [0x00000000dcc80000,0x00000000dcc80000,0x00000000dd380000)
 ParOldGen       total 329728K, used 75172K [0x0000000080000000, 0x0000000094200000, 0x00000000d5580000)
  object space 329728K, 22% used [0x0000000080000000,0x0000000084969168,0x0000000094200000)
 Metaspace       used 94744K, capacity 97550K, committed 99404K, reserved 1136640K
  class space    used 11294K, capacity 11731K, committed 12032K, reserved 1048576K
2023-10-15T13:24:59.397+0600: 2860763.640: [GC (Allocation Failure) [PSYoungGen: 119792K->7142K(120832K)] 194964K->82494K(450560K), 0.0205055 secs] [Times: user=0.00 sys=0.03, real=0.02 secs] 
Heap after GC invocations=776 (full 4):
 PSYoungGen      total 120832K, used 7142K [0x00000000d5580000, 0x00000000dd580000, 0x0000000100000000)
  eden space 113664K, 0% used [0x00000000d5580000,0x00000000d5580000,0x00000000dc480000)
  from space 7168K, 99% used [0x00000000dcc80000,0x00000000dd379b30,0x00000000dd380000)
  to   space 8192K, 0% used [0x00000000dc480000,0x00000000dc480000,0x00000000dcc80000)
 ParOldGen       total 329728K, used 75352K [0x0000000080000000, 0x0000000094200000, 0x00000000d5580000)
  object space 329728K, 22% used [0x0000000080000000,0x0000000084996038,0x0000000094200000)
 Metaspace       used 94744K, capacity 97550K, committed 99404K, reserved 1136640K
  class space    used 11294K, capacity 11731K, committed 12032K, reserved 1048576K
}
{Heap before GC invocations=777 (full 4):
 PSYoungGen      total 120832K, used 120806K [0x00000000d5580000, 0x00000000dd580000, 0x0000000100000000)
  eden space 113664K, 100% used [0x00000000d5580000,0x00000000dc480000,0x00000000dc480000)
  from space 7168K, 99% used [0x00000000dcc80000,0x00000000dd379b30,0x00000000dd380000)
  to   space 8192K, 0% used [0x00000000dc480000,0x00000000dc480000,0x00000000dcc80000)
 ParOldGen       total 329728K, used 75352K [0x0000000080000000, 0x0000000094200000, 0x00000000d5580000)
  object space 329728K, 22% used [0x0000000080000000,0x0000000084996038,0x0000000094200000)
 Metaspace       used 94744K, capacity 97550K, committed 99404K, reserved 1136640K
  class space    used 11294K, capacity 11731K, committed 12032K, reserved 1048576K
2023-10-15T13:56:56.973+0600: 2862681.216: [GC (Allocation Failure) [PSYoungGen: 120806K->7738K(121856K)] 196158K->83138K(451584K), 0.0186444 secs] [Times: user=0.02 sys=0.02, real=0.02 secs] 
Heap after GC invocations=777 (full 4):
 PSYoungGen      total 121856K, used 7738K [0x00000000d5580000, 0x00000000dd600000, 0x0000000100000000)
  eden space 113664K, 0% used [0x00000000d5580000,0x00000000d5580000,0x00000000dc480000)
  from space 8192K, 94% used [0x00000000dc480000,0x00000000dcc0e8b0,0x00000000dcc80000)
  to   space 8704K, 0% used [0x00000000dcd80000,0x00000000dcd80000,0x00000000dd600000)
 ParOldGen       total 329728K, used 75400K [0x0000000080000000, 0x0000000094200000, 0x00000000d5580000)
  object space 329728K, 22% used [0x0000000080000000,0x00000000849a2038,0x0000000094200000)
 Metaspace       used 94744K, capacity 97550K, committed 99404K, reserved 1136640K
  class space    used 11294K, capacity 11731K, committed 12032K, reserved 1048576K
}
{Heap before GC invocations=778 (full 4):
 PSYoungGen      total 121856K, used 121402K [0x00000000d5580000, 0x00000000dd600000, 0x0000000100000000)
  eden space 113664K, 100% used [0x00000000d5580000,0x00000000dc480000,0x00000000dc480000)
  from space 8192K, 94% used [0x00000000dc480000,0x00000000dcc0e8b0,0x00000000dcc80000)
  to   space 8704K, 0% used [0x00000000dcd80000,0x00000000dcd80000,0x00000000dd600000)
 ParOldGen       total 329728K, used 75400K [0x0000000080000000, 0x0000000094200000, 0x00000000d5580000)
  object space 329728K, 22% used [0x0000000080000000,0x00000000849a2038,0x0000000094200000)
 Metaspace       used 94744K, capacity 97550K, committed 99404K, reserved 1136640K
  class space    used 11294K, capacity 11731K, committed 12032K, reserved 1048576K
2023-10-15T14:30:59.449+0600: 2864723.692: [GC (Allocation Failure) [PSYoungGen: 121402K->8697K(121344K)] 196802K->84616K(451072K), 0.0207399 secs] [Times: user=0.01 sys=0.02, real=0.02 secs] 
Heap after GC invocations=778 (full 4):
 PSYoungGen      total 121344K, used 8697K [0x00000000d5580000, 0x00000000dd900000, 0x0000000100000000)
  eden space 112640K, 0% used [0x00000000d5580000,0x00000000d5580000,0x00000000dc380000)
  from space 8704K, 99% used [0x00000000dcd80000,0x00000000dd5fe640,0x00000000dd600000)
  to   space 10240K, 0% used [0x00000000dc380000,0x00000000dc380000,0x00000000dcd80000)
 ParOldGen       total 329728K, used 75919K [0x0000000080000000, 0x0000000094200000, 0x00000000d5580000)
  object space 329728K, 23% used [0x0000000080000000,0x0000000084a23d90,0x0000000094200000)
 Metaspace       used 94744K, capacity 97550K, committed 99404K, reserved 1136640K
  class space    used 11294K, capacity 11731K, committed 12032K, reserved 1048576K
}
{Heap before GC invocations=779 (full 4):
 PSYoungGen      total 121344K, used 121332K [0x00000000d5580000, 0x00000000dd900000, 0x0000000100000000)
  eden space 112640K, 99% used [0x00000000d5580000,0x00000000dc37ec20,0x00000000dc380000)
  from space 8704K, 99% used [0x00000000dcd80000,0x00000000dd5fe640,0x00000000dd600000)
  to   space 10240K, 0% used [0x00000000dc380000,0x00000000dc380000,0x00000000dcd80000)
 ParOldGen       total 329728K, used 75919K [0x0000000080000000, 0x0000000094200000, 0x00000000d5580000)
  object space 329728K, 23% used [0x0000000080000000,0x0000000084a23d90,0x0000000094200000)
 Metaspace       used 94744K, capacity 97550K, committed 99404K, reserved 1136640K
  class space    used 11294K, capacity 11731K, committed 12032K, reserved 1048576K
2023-10-15T14:56:59.627+0600: 2866283.870: [GC (Allocation Failure) [PSYoungGen: 121332K->9435K(122880K)] 197251K->85371K(452608K), 0.0216480 secs] [Times: user=0.01 sys=0.02, real=0.02 secs] 
Heap after GC invocations=779 (full 4):
 PSYoungGen      total 122880K, used 9435K [0x00000000d5580000, 0x00000000dda00000, 0x0000000100000000)
  eden space 112640K, 0% used [0x00000000d5580000,0x00000000d5580000,0x00000000dc380000)
  from space 10240K, 92% used [0x00000000dc380000,0x00000000dccb6f50,0x00000000dcd80000)
  to   space 11264K, 0% used [0x00000000dcf00000,0x00000000dcf00000,0x00000000dda00000)
 ParOldGen       total 329728K, used 75935K [0x0000000080000000, 0x0000000094200000, 0x00000000d5580000)
  object space 329728K, 23% used [0x0000000080000000,0x0000000084a27d90,0x0000000094200000)
 Metaspace       used 94744K, capacity 97550K, committed 99404K, reserved 1136640K
  class space    used 11294K, capacity 11731K, committed 12032K, reserved 1048576K
}
{Heap before GC invocations=780 (full 4):
 PSYoungGen      total 122880K, used 122075K [0x00000000d5580000, 0x00000000dda00000, 0x0000000100000000)
  eden space 112640K, 100% used [0x00000000d5580000,0x00000000dc380000,0x00000000dc380000)
  from space 10240K, 92% used [0x00000000dc380000,0x00000000dccb6f50,0x00000000dcd80000)
  to   space 11264K, 0% used [0x00000000dcf00000,0x00000000dcf00000,0x00000000dda00000)
 ParOldGen       total 329728K, used 75935K [0x0000000080000000, 0x0000000094200000, 0x00000000d5580000)
  object space 329728K, 23% used [0x0000000080000000,0x0000000084a27d90,0x0000000094200000)
 Metaspace       used 94744K, capacity 97550K, committed 99404K, reserved 1136640K
  class space    used 11294K, capacity 11731K, committed 12032K, reserved 1048576K
2023-10-15T15:45:46.501+0600: 2869210.744: [GC (Allocation Failure) [PSYoungGen: 122075K->8584K(123904K)] 198011K->84519K(453632K), 0.0161331 secs] [Times: user=0.01 sys=0.01, real=0.02 secs] 
Heap after GC invocations=780 (full 4):
 PSYoungGen      total 123904K, used 8584K [0x00000000d5580000, 0x00000000ddb00000, 0x0000000100000000)
  eden space 112640K, 0% used [0x00000000d5580000,0x00000000d5580000,0x00000000dc380000)
  from space 11264K, 76% used [0x00000000dcf00000,0x00000000dd7621d0,0x00000000dda00000)
  to   space 11776K, 0% used [0x00000000dc380000,0x00000000dc380000,0x00000000dcf00000)
 ParOldGen       total 329728K, used 75935K [0x0000000080000000, 0x0000000094200000, 0x00000000d5580000)
  object space 329728K, 23% used [0x0000000080000000,0x0000000084a27d90,0x0000000094200000)
 Metaspace       used 94744K, capacity 97550K, committed 99404K, reserved 1136640K
  class space    used 11294K, capacity 11731K, committed 12032K, reserved 1048576K
}
{Heap before GC invocations=781 (full 4):
 PSYoungGen      total 123904K, used 121224K [0x00000000d5580000, 0x00000000ddb00000, 0x0000000100000000)
  eden space 112640K, 100% used [0x00000000d5580000,0x00000000dc380000,0x00000000dc380000)
  from space 11264K, 76% used [0x00000000dcf00000,0x00000000dd7621d0,0x00000000dda00000)
  to   space 11776K, 0% used [0x00000000dc380000,0x00000000dc380000,0x00000000dcf00000)
 ParOldGen       total 329728K, used 75935K [0x0000000080000000, 0x0000000094200000, 0x00000000d5580000)
  object space 329728K, 23% used [0x0000000080000000,0x0000000084a27d90,0x0000000094200000)
 Metaspace       used 94744K, capacity 97550K, committed 99404K, reserved 1136640K
  class space    used 11294K, capacity 11731K, committed 12032K, reserved 1048576K
2023-10-15T17:10:17.785+0600: 2874282.028: [GC (Allocation Failure) [PSYoungGen: 121224K->4802K(124416K)] 197159K->80738K(454144K), 0.0151463 secs] [Times: user=0.02 sys=0.00, real=0.01 secs] 
Heap after GC invocations=781 (full 4):
 PSYoungGen      total 124416K, used 4802K [0x00000000d5580000, 0x00000000dda00000, 0x0000000100000000)
  eden space 112640K, 0% used [0x00000000d5580000,0x00000000d5580000,0x00000000dc380000)
  from space 11776K, 40% used [0x00000000dc380000,0x00000000dc830b50,0x00000000dcf00000)
  to   space 11264K, 0% used [0x00000000dcf00000,0x00000000dcf00000,0x00000000dda00000)
 ParOldGen       total 329728K, used 75935K [0x0000000080000000, 0x0000000094200000, 0x00000000d5580000)
  object space 329728K, 23% used [0x0000000080000000,0x0000000084a27d90,0x0000000094200000)
 Metaspace       used 94744K, capacity 97550K, committed 99404K, reserved 1136640K
  class space    used 11294K, capacity 11731K, committed 12032K, reserved 1048576K
}
{Heap before GC invocations=782 (full 4):
 PSYoungGen      total 124416K, used 117441K [0x00000000d5580000, 0x00000000dda00000, 0x0000000100000000)
  eden space 112640K, 99% used [0x00000000d5580000,0x00000000dc37fb98,0x00000000dc380000)
  from space 11776K, 40% used [0x00000000dc380000,0x00000000dc830b50,0x00000000dcf00000)
  to   space 11264K, 0% used [0x00000000dcf00000,0x00000000dcf00000,0x00000000dda00000)
 ParOldGen       total 329728K, used 75935K [0x0000000080000000, 0x0000000094200000, 0x00000000d5580000)
  object space 329728K, 23% used [0x0000000080000000,0x0000000084a27d90,0x0000000094200000)
 Metaspace       used 94751K, capacity 97574K, committed 99404K, reserved 1136640K
  class space    used 11296K, capacity 11735K, committed 12032K, reserved 1048576K
2023-10-15T18:31:31.426+0600: 2879155.669: [GC (Allocation Failure) [PSYoungGen: 117441K->4833K(124416K)] 193377K->80768K(454144K), 0.0161368 secs] [Times: user=0.03 sys=0.00, real=0.01 secs] 
Heap after GC invocations=782 (full 4):
 PSYoungGen      total 124416K, used 4833K [0x00000000d5580000, 0x00000000dda00000, 0x0000000100000000)
  eden space 113152K, 0% used [0x00000000d5580000,0x00000000d5580000,0x00000000dc400000)
  from space 11264K, 42% used [0x00000000dcf00000,0x00000000dd3b84a0,0x00000000dda00000)
  to   space 11264K, 0% used [0x00000000dc400000,0x00000000dc400000,0x00000000dcf00000)
 ParOldGen       total 329728K, used 75935K [0x0000000080000000, 0x0000000094200000, 0x00000000d5580000)
  object space 329728K, 23% used [0x0000000080000000,0x0000000084a27d90,0x0000000094200000)
 Metaspace       used 94751K, capacity 97574K, committed 99404K, reserved 1136640K
  class space    used 11296K, capacity 11735K, committed 12032K, reserved 1048576K
}
{Heap before GC invocations=783 (full 4):
 PSYoungGen      total 124416K, used 117985K [0x00000000d5580000, 0x00000000dda00000, 0x0000000100000000)
  eden space 113152K, 100% used [0x00000000d5580000,0x00000000dc400000,0x00000000dc400000)
  from space 11264K, 42% used [0x00000000dcf00000,0x00000000dd3b84a0,0x00000000dda00000)
  to   space 11264K, 0% used [0x00000000dc400000,0x00000000dc400000,0x00000000dcf00000)
 ParOldGen       total 329728K, used 75935K [0x0000000080000000, 0x0000000094200000, 0x00000000d5580000)
  object space 329728K, 23% used [0x0000000080000000,0x0000000084a27d90,0x0000000094200000)
 Metaspace       used 94751K, capacity 97574K, committed 99404K, reserved 1136640K
  class space    used 11296K, capacity 11735K, committed 12032K, reserved 1048576K
2023-10-15T20:02:46.809+0600: 2884631.053: [GC (Allocation Failure) [PSYoungGen: 117985K->3681K(124416K)] 193920K->79616K(454144K), 0.0164059 secs] [Times: user=0.01 sys=0.02, real=0.02 secs] 
Heap after GC invocations=783 (full 4):
 PSYoungGen      total 124416K, used 3681K [0x00000000d5580000, 0x00000000dd980000, 0x0000000100000000)
  eden space 113152K, 0% used [0x00000000d5580000,0x00000000d5580000,0x00000000dc400000)
  from space 11264K, 32% used [0x00000000dc400000,0x00000000dc798460,0x00000000dcf00000)
  to   space 10752K, 0% used [0x00000000dcf00000,0x00000000dcf00000,0x00000000dd980000)
 ParOldGen       total 329728K, used 75935K [0x0000000080000000, 0x0000000094200000, 0x00000000d5580000)
  object space 329728K, 23% used [0x0000000080000000,0x0000000084a27d90,0x0000000094200000)
 Metaspace       used 94751K, capacity 97574K, committed 99404K, reserved 1136640K
  class space    used 11296K, capacity 11735K, committed 12032K, reserved 1048576K
}
{Heap before GC invocations=784 (full 4):
 PSYoungGen      total 124416K, used 116833K [0x00000000d5580000, 0x00000000dd980000, 0x0000000100000000)
  eden space 113152K, 100% used [0x00000000d5580000,0x00000000dc400000,0x00000000dc400000)
  from space 11264K, 32% used [0x00000000dc400000,0x00000000dc798460,0x00000000dcf00000)
  to   space 10752K, 0% used [0x00000000dcf00000,0x00000000dcf00000,0x00000000dd980000)
 ParOldGen       total 329728K, used 75935K [0x0000000080000000, 0x0000000094200000, 0x00000000d5580000)
  object space 329728K, 23% used [0x0000000080000000,0x0000000084a27d90,0x0000000094200000)
 Metaspace       used 94751K, capacity 97574K, committed 99404K, reserved 1136640K
  class space    used 11296K, capacity 11735K, committed 12032K, reserved 1048576K
2023-10-15T21:25:17.982+0600: 2889582.225: [GC (Allocation Failure) [PSYoungGen: 116833K->4421K(124416K)] 192768K->80356K(454144K), 0.0135072 secs] [Times: user=0.01 sys=0.01, real=0.02 secs] 
Heap after GC invocations=784 (full 4):
 PSYoungGen      total 124416K, used 4421K [0x00000000d5580000, 0x00000000dd980000, 0x0000000100000000)
  eden space 113664K, 0% used [0x00000000d5580000,0x00000000d5580000,0x00000000dc480000)
  from space 10752K, 41% used [0x00000000dcf00000,0x00000000dd3515e0,0x00000000dd980000)
  to   space 10752K, 0% used [0x00000000dc480000,0x00000000dc480000,0x00000000dcf00000)
 ParOldGen       total 329728K, used 75935K [0x0000000080000000, 0x0000000094200000, 0x00000000d5580000)
  object space 329728K, 23% used [0x0000000080000000,0x0000000084a27d90,0x0000000094200000)
 Metaspace       used 94751K, capacity 97574K, committed 99404K, reserved 1136640K
  class space    used 11296K, capacity 11735K, committed 12032K, reserved 1048576K
}
{Heap before GC invocations=785 (full 4):
 PSYoungGen      total 124416K, used 118085K [0x00000000d5580000, 0x00000000dd980000, 0x0000000100000000)
  eden space 113664K, 100% used [0x00000000d5580000,0x00000000dc480000,0x00000000dc480000)
  from space 10752K, 41% used [0x00000000dcf00000,0x00000000dd3515e0,0x00000000dd980000)
  to   space 10752K, 0% used [0x00000000dc480000,0x00000000dc480000,0x00000000dcf00000)
 ParOldGen       total 329728K, used 75935K [0x0000000080000000, 0x0000000094200000, 0x00000000d5580000)
  object space 329728K, 23% used [0x0000000080000000,0x0000000084a27d90,0x0000000094200000)
 Metaspace       used 94751K, capacity 97574K, committed 99404K, reserved 1136640K
  class space    used 11296K, capacity 11735K, committed 12032K, reserved 1048576K
2023-10-15T22:57:19.643+0600: 2895103.886: [GC (Allocation Failure) [PSYoungGen: 118085K->3649K(124416K)] 194020K->79592K(454144K), 0.0176684 secs] [Times: user=0.01 sys=0.02, real=0.02 secs] 
Heap after GC invocations=785 (full 4):
 PSYoungGen      total 124416K, used 3649K [0x00000000d5580000, 0x00000000dd900000, 0x0000000100000000)
  eden space 113664K, 0% used [0x00000000d5580000,0x00000000d5580000,0x00000000dc480000)
  from space 10752K, 33% used [0x00000000dc480000,0x00000000dc810460,0x00000000dcf00000)
  to   space 10240K, 0% used [0x00000000dcf00000,0x00000000dcf00000,0x00000000dd900000)
 ParOldGen       total 329728K, used 75943K [0x0000000080000000, 0x0000000094200000, 0x00000000d5580000)
  object space 329728K, 23% used [0x0000000080000000,0x0000000084a29d90,0x0000000094200000)
 Metaspace       used 94751K, capacity 97574K, committed 99404K, reserved 1136640K
  class space    used 11296K, capacity 11735K, committed 12032K, reserved 1048576K
}
{Heap before GC invocations=786 (full 4):
 PSYoungGen      total 124416K, used 117313K [0x00000000d5580000, 0x00000000dd900000, 0x0000000100000000)
  eden space 113664K, 100% used [0x00000000d5580000,0x00000000dc480000,0x00000000dc480000)
  from space 10752K, 33% used [0x00000000dc480000,0x00000000dc810460,0x00000000dcf00000)
  to   space 10240K, 0% used [0x00000000dcf00000,0x00000000dcf00000,0x00000000dd900000)
 ParOldGen       total 329728K, used 75943K [0x0000000080000000, 0x0000000094200000, 0x00000000d5580000)
  object space 329728K, 23% used [0x0000000080000000,0x0000000084a29d90,0x0000000094200000)
 Metaspace       used 94751K, capacity 97574K, committed 99404K, reserved 1136640K
  class space    used 11296K, capacity 11735K, committed 12032K, reserved 1048576K
2023-10-16T00:28:27.336+0600: 2900571.580: [GC (Allocation Failure) [PSYoungGen: 117313K->3681K(124416K)] 193256K->79656K(454144K), 0.0180517 secs] [Times: user=0.01 sys=0.01, real=0.02 secs] 
Heap after GC invocations=786 (full 4):
 PSYoungGen      total 124416K, used 3681K [0x00000000d5580000, 0x00000000dd900000, 0x0000000100000000)
  eden space 114176K, 0% used [0x00000000d5580000,0x00000000d5580000,0x00000000dc500000)
  from space 10240K, 35% used [0x00000000dcf00000,0x00000000dd298460,0x00000000dd900000)
  to   space 10240K, 0% used [0x00000000dc500000,0x00000000dc500000,0x00000000dcf00000)
 ParOldGen       total 329728K, used 75975K [0x0000000080000000, 0x0000000094200000, 0x00000000d5580000)
  object space 329728K, 23% used [0x0000000080000000,0x0000000084a31d90,0x0000000094200000)
 Metaspace       used 94751K, capacity 97574K, committed 99404K, reserved 1136640K
  class space    used 11296K, capacity 11735K, committed 12032K, reserved 1048576K
}
{Heap before GC invocations=787 (full 4):
 PSYoungGen      total 124416K, used 117857K [0x00000000d5580000, 0x00000000dd900000, 0x0000000100000000)
  eden space 114176K, 100% used [0x00000000d5580000,0x00000000dc500000,0x00000000dc500000)
  from space 10240K, 35% used [0x00000000dcf00000,0x00000000dd298460,0x00000000dd900000)
  to   space 10240K, 0% used [0x00000000dc500000,0x00000000dc500000,0x00000000dcf00000)
 ParOldGen       total 329728K, used 75975K [0x0000000080000000, 0x0000000094200000, 0x00000000d5580000)
  object space 329728K, 23% used [0x0000000080000000,0x0000000084a31d90,0x0000000094200000)
 Metaspace       used 94751K, capacity 97574K, committed 99404K, reserved 1136640K
  class space    used 11296K, capacity 11735K, committed 12032K, reserved 1048576K
2023-10-16T01:48:52.163+0600: 2905396.406: [GC (Allocation Failure) [PSYoungGen: 117857K->5507K(124416K)] 193832K->81514K(454144K), 0.0190420 secs] [Times: user=0.02 sys=0.02, real=0.02 secs] 
Heap after GC invocations=787 (full 4):
 PSYoungGen      total 124416K, used 5507K [0x00000000d5580000, 0x00000000dd880000, 0x0000000100000000)
  eden space 114176K, 0% used [0x00000000d5580000,0x00000000d5580000,0x00000000dc500000)
  from space 10240K, 53% used [0x00000000dc500000,0x00000000dca60de0,0x00000000dcf00000)
  to   space 9728K, 0% used [0x00000000dcf00000,0x00000000dcf00000,0x00000000dd880000)
 ParOldGen       total 329728K, used 76007K [0x0000000080000000, 0x0000000094200000, 0x00000000d5580000)
  object space 329728K, 23% used [0x0000000080000000,0x0000000084a39d90,0x0000000094200000)
 Metaspace       used 94751K, capacity 97574K, committed 99404K, reserved 1136640K
  class space    used 11296K, capacity 11735K, committed 12032K, reserved 1048576K
}
{Heap before GC invocations=788 (full 4):
 PSYoungGen      total 124416K, used 119683K [0x00000000d5580000, 0x00000000dd880000, 0x0000000100000000)
  eden space 114176K, 100% used [0x00000000d5580000,0x00000000dc500000,0x00000000dc500000)
  from space 10240K, 53% used [0x00000000dc500000,0x00000000dca60de0,0x00000000dcf00000)
  to   space 9728K, 0% used [0x00000000dcf00000,0x00000000dcf00000,0x00000000dd880000)
 ParOldGen       total 329728K, used 76007K [0x0000000080000000, 0x0000000094200000, 0x00000000d5580000)
  object space 329728K, 23% used [0x0000000080000000,0x0000000084a39d90,0x0000000094200000)
 Metaspace       used 94751K, capacity 97574K, committed 99404K, reserved 1136640K
  class space    used 11296K, capacity 11735K, committed 12032K, reserved 1048576K
2023-10-16T03:22:06.494+0600: 2910990.737: [GC (Allocation Failure) [PSYoungGen: 119683K->3585K(124416K)] 195690K->79632K(454144K), 0.0150757 secs] [Times: user=0.03 sys=0.00, real=0.01 secs] 
Heap after GC invocations=788 (full 4):
 PSYoungGen      total 124416K, used 3585K [0x00000000d5580000, 0x00000000dd880000, 0x0000000100000000)
  eden space 114688K, 0% used [0x00000000d5580000,0x00000000d5580000,0x00000000dc580000)
  from space 9728K, 36% used [0x00000000dcf00000,0x00000000dd280460,0x00000000dd880000)
  to   space 9728K, 0% used [0x00000000dc580000,0x00000000dc580000,0x00000000dcf00000)
 ParOldGen       total 329728K, used 76047K [0x0000000080000000, 0x0000000094200000, 0x00000000d5580000)
  object space 329728K, 23% used [0x0000000080000000,0x0000000084a43d90,0x0000000094200000)
 Metaspace       used 94751K, capacity 97574K, committed 99404K, reserved 1136640K
  class space    used 11296K, capacity 11735K, committed 12032K, reserved 1048576K
}
{Heap before GC invocations=789 (full 4):
 PSYoungGen      total 124416K, used 118273K [0x00000000d5580000, 0x00000000dd880000, 0x0000000100000000)
  eden space 114688K, 100% used [0x00000000d5580000,0x00000000dc580000,0x00000000dc580000)
  from space 9728K, 36% used [0x00000000dcf00000,0x00000000dd280460,0x00000000dd880000)
  to   space 9728K, 0% used [0x00000000dc580000,0x00000000dc580000,0x00000000dcf00000)
 ParOldGen       total 329728K, used 76047K [0x0000000080000000, 0x0000000094200000, 0x00000000d5580000)
  object space 329728K, 23% used [0x0000000080000000,0x0000000084a43d90,0x0000000094200000)
 Metaspace       used 94751K, capacity 97574K, committed 99404K, reserved 1136640K
  class space    used 11296K, capacity 11735K, committed 12032K, reserved 1048576K
2023-10-16T04:51:34.823+0600: 2916359.066: [GC (Allocation Failure) [PSYoungGen: 118273K->3760K(124416K)] 194320K->79920K(454144K), 0.0138353 secs] [Times: user=0.02 sys=0.00, real=0.02 secs] 
Heap after GC invocations=789 (full 4):
 PSYoungGen      total 124416K, used 3760K [0x00000000d5580000, 0x00000000dd800000, 0x0000000100000000)
  eden space 114688K, 0% used [0x00000000d5580000,0x00000000d5580000,0x00000000dc580000)
  from space 9728K, 38% used [0x00000000dc580000,0x00000000dc92c240,0x00000000dcf00000)
  to   space 9216K, 0% used [0x00000000dcf00000,0x00000000dcf00000,0x00000000dd800000)
 ParOldGen       total 329728K, used 76159K [0x0000000080000000, 0x0000000094200000, 0x00000000d5580000)
  object space 329728K, 23% used [0x0000000080000000,0x0000000084a5fdc0,0x0000000094200000)
 Metaspace       used 94751K, capacity 97574K, committed 99404K, reserved 1136640K
  class space    used 11296K, capacity 11735K, committed 12032K, reserved 1048576K
}
{Heap before GC invocations=790 (full 4):
 PSYoungGen      total 124416K, used 118448K [0x00000000d5580000, 0x00000000dd800000, 0x0000000100000000)
  eden space 114688K, 100% used [0x00000000d5580000,0x00000000dc580000,0x00000000dc580000)
  from space 9728K, 38% used [0x00000000dc580000,0x00000000dc92c240,0x00000000dcf00000)
  to   space 9216K, 0% used [0x00000000dcf00000,0x00000000dcf00000,0x00000000dd800000)
 ParOldGen       total 329728K, used 76159K [0x0000000080000000, 0x0000000094200000, 0x00000000d5580000)
  object space 329728K, 23% used [0x0000000080000000,0x0000000084a5fdc0,0x0000000094200000)
 Metaspace       used 94751K, capacity 97574K, committed 99404K, reserved 1136640K
  class space    used 11296K, capacity 11735K, committed 12032K, reserved 1048576K
2023-10-16T06:24:53.828+0600: 2921958.071: [GC (Allocation Failure) [PSYoungGen: 118448K->3393K(124416K)] 194608K->79739K(454144K), 0.0169477 secs] [Times: user=0.01 sys=0.02, real=0.02 secs] 
Heap after GC invocations=790 (full 4):
 PSYoungGen      total 124416K, used 3393K [0x00000000d5580000, 0x00000000dd800000, 0x0000000100000000)
  eden space 115200K, 0% used [0x00000000d5580000,0x00000000d5580000,0x00000000dc600000)
  from space 9216K, 36% used [0x00000000dcf00000,0x00000000dd250460,0x00000000dd800000)
  to   space 9216K, 0% used [0x00000000dc600000,0x00000000dc600000,0x00000000dcf00000)
 ParOldGen       total 329728K, used 76346K [0x0000000080000000, 0x0000000094200000, 0x00000000d5580000)
  object space 329728K, 23% used [0x0000000080000000,0x0000000084a8eb40,0x0000000094200000)
 Metaspace       used 94751K, capacity 97574K, committed 99404K, reserved 1136640K
  class space    used 11296K, capacity 11735K, committed 12032K, reserved 1048576K
}
{Heap before GC invocations=791 (full 4):
 PSYoungGen      total 124416K, used 118593K [0x00000000d5580000, 0x00000000dd800000, 0x0000000100000000)
  eden space 115200K, 100% used [0x00000000d5580000,0x00000000dc600000,0x00000000dc600000)
  from space 9216K, 36% used [0x00000000dcf00000,0x00000000dd250460,0x00000000dd800000)
  to   space 9216K, 0% used [0x00000000dc600000,0x00000000dc600000,0x00000000dcf00000)
 ParOldGen       total 329728K, used 76346K [0x0000000080000000, 0x0000000094200000, 0x00000000d5580000)
  object space 329728K, 23% used [0x0000000080000000,0x0000000084a8eb40,0x0000000094200000)
 Metaspace       used 94751K, capacity 97574K, committed 99404K, reserved 1136640K
  class space    used 11296K, capacity 11735K, committed 12032K, reserved 1048576K
2023-10-16T07:56:43.443+0600: 2927467.686: [GC (Allocation Failure) [PSYoungGen: 118593K->3456K(124416K)] 194939K->79947K(454144K), 0.0099553 secs] [Times: user=0.00 sys=0.01, real=0.01 secs] 
Heap after GC invocations=791 (full 4):
 PSYoungGen      total 124416K, used 3456K [0x00000000d5580000, 0x00000000dd880000, 0x0000000100000000)
  eden space 115200K, 0% used [0x00000000d5580000,0x00000000d5580000,0x00000000dc600000)
  from space 9216K, 37% used [0x00000000dc600000,0x00000000dc960010,0x00000000dcf00000)
  to   space 9216K, 0% used [0x00000000dcf80000,0x00000000dcf80000,0x00000000dd880000)
 ParOldGen       total 329728K, used 76491K [0x0000000080000000, 0x0000000094200000, 0x00000000d5580000)
  object space 329728K, 23% used [0x0000000080000000,0x0000000084ab2d80,0x0000000094200000)
 Metaspace       used 94751K, capacity 97574K, committed 99404K, reserved 1136640K
  class space    used 11296K, capacity 11735K, committed 12032K, reserved 1048576K
}
{Heap before GC invocations=792 (full 4):
 PSYoungGen      total 124416K, used 118656K [0x00000000d5580000, 0x00000000dd880000, 0x0000000100000000)
  eden space 115200K, 99% used [0x00000000d5580000,0x00000000dc5ffff8,0x00000000dc600000)
  from space 9216K, 37% used [0x00000000dc600000,0x00000000dc960010,0x00000000dcf00000)
  to   space 9216K, 0% used [0x00000000dcf80000,0x00000000dcf80000,0x00000000dd880000)
 ParOldGen       total 329728K, used 76491K [0x0000000080000000, 0x0000000094200000, 0x00000000d5580000)
  object space 329728K, 23% used [0x0000000080000000,0x0000000084ab2d80,0x0000000094200000)
 Metaspace       used 94751K, capacity 97574K, committed 99404K, reserved 1136640K
  class space    used 11296K, capacity 11735K, committed 12032K, reserved 1048576K
2023-10-16T09:26:33.877+0600: 2932858.120: [GC (Allocation Failure) [PSYoungGen: 118656K->3858K(123904K)] 195147K->80365K(453632K), 0.0179371 secs] [Times: user=0.03 sys=0.00, real=0.02 secs] 
Heap after GC invocations=792 (full 4):
 PSYoungGen      total 123904K, used 3858K [0x00000000d5580000, 0x00000000dd780000, 0x0000000100000000)
  eden space 115712K, 0% used [0x00000000d5580000,0x00000000d5580000,0x00000000dc680000)
  from space 8192K, 47% used [0x00000000dcf80000,0x00000000dd344900,0x00000000dd780000)
  to   space 8704K, 0% used [0x00000000dc680000,0x00000000dc680000,0x00000000dcf00000)
 ParOldGen       total 329728K, used 76507K [0x0000000080000000, 0x0000000094200000, 0x00000000d5580000)
  object space 329728K, 23% used [0x0000000080000000,0x0000000084ab6d80,0x0000000094200000)
 Metaspace       used 94751K, capacity 97574K, committed 99404K, reserved 1136640K
  class space    used 11296K, capacity 11735K, committed 12032K, reserved 1048576K
}
{Heap before GC invocations=793 (full 4):
 PSYoungGen      total 123904K, used 119570K [0x00000000d5580000, 0x00000000dd780000, 0x0000000100000000)
  eden space 115712K, 100% used [0x00000000d5580000,0x00000000dc680000,0x00000000dc680000)
  from space 8192K, 47% used [0x00000000dcf80000,0x00000000dd344900,0x00000000dd780000)
  to   space 8704K, 0% used [0x00000000dc680000,0x00000000dc680000,0x00000000dcf00000)
 ParOldGen       total 329728K, used 76507K [0x0000000080000000, 0x0000000094200000, 0x00000000d5580000)
  object space 329728K, 23% used [0x0000000080000000,0x0000000084ab6d80,0x0000000094200000)
 Metaspace       used 94751K, capacity 97574K, committed 99404K, reserved 1136640K
  class space    used 11296K, capacity 11735K, committed 12032K, reserved 1048576K
2023-10-16T10:58:59.482+0600: 2938403.726: [GC (Allocation Failure) [PSYoungGen: 119570K->3296K(124416K)] 196077K->79843K(454144K), 0.0140328 secs] [Times: user=0.01 sys=0.02, real=0.02 secs] 
Heap after GC invocations=793 (full 4):
 PSYoungGen      total 124416K, used 3296K [0x00000000d5580000, 0x00000000dd800000, 0x0000000100000000)
  eden space 115712K, 0% used [0x00000000d5580000,0x00000000d5580000,0x00000000dc680000)
  from space 8704K, 37% used [0x00000000dc680000,0x00000000dc9b8010,0x00000000dcf00000)
  to   space 8704K, 0% used [0x00000000dcf80000,0x00000000dcf80000,0x00000000dd800000)
 ParOldGen       total 329728K, used 76547K [0x0000000080000000, 0x0000000094200000, 0x00000000d5580000)
  object space 329728K, 23% used [0x0000000080000000,0x0000000084ac0fc0,0x0000000094200000)
 Metaspace       used 94751K, capacity 97574K, committed 99404K, reserved 1136640K
  class space    used 11296K, capacity 11735K, committed 12032K, reserved 1048576K
}
{Heap before GC invocations=794 (full 4):
 PSYoungGen      total 124416K, used 119008K [0x00000000d5580000, 0x00000000dd800000, 0x0000000100000000)
  eden space 115712K, 100% used [0x00000000d5580000,0x00000000dc680000,0x00000000dc680000)
  from space 8704K, 37% used [0x00000000dc680000,0x00000000dc9b8010,0x00000000dcf00000)
  to   space 8704K, 0% used [0x00000000dcf80000,0x00000000dcf80000,0x00000000dd800000)
 ParOldGen       total 329728K, used 76547K [0x0000000080000000, 0x0000000094200000, 0x00000000d5580000)
  object space 329728K, 23% used [0x0000000080000000,0x0000000084ac0fc0,0x0000000094200000)
 Metaspace       used 94751K, capacity 97574K, committed 99404K, reserved 1136640K
  class space    used 11296K, capacity 11735K, committed 12032K, reserved 1048576K
2023-10-16T12:23:46.961+0600: 2943491.204: [GC (Allocation Failure) [PSYoungGen: 119008K->4449K(123904K)] 195555K->81151K(453632K), 0.0195425 secs] [Times: user=0.03 sys=0.00, real=0.02 secs] 
Heap after GC invocations=794 (full 4):
 PSYoungGen      total 123904K, used 4449K [0x00000000d5580000, 0x00000000dd700000, 0x0000000100000000)
  eden space 116224K, 0% used [0x00000000d5580000,0x00000000d5580000,0x00000000dc700000)
  from space 7680K, 57% used [0x00000000dcf80000,0x00000000dd3d84d0,0x00000000dd700000)
  to   space 8192K, 0% used [0x00000000dc700000,0x00000000dc700000,0x00000000dcf00000)
 ParOldGen       total 329728K, used 76702K [0x0000000080000000, 0x0000000094200000, 0x00000000d5580000)
  object space 329728K, 23% used [0x0000000080000000,0x0000000084ae7940,0x0000000094200000)
 Metaspace       used 94751K, capacity 97574K, committed 99404K, reserved 1136640K
  class space    used 11296K, capacity 11735K, committed 12032K, reserved 1048576K
}
{Heap before GC invocations=795 (full 4):
 PSYoungGen      total 123904K, used 120673K [0x00000000d5580000, 0x00000000dd700000, 0x0000000100000000)
  eden space 116224K, 100% used [0x00000000d5580000,0x00000000dc700000,0x00000000dc700000)
  from space 7680K, 57% used [0x00000000dcf80000,0x00000000dd3d84d0,0x00000000dd700000)
  to   space 8192K, 0% used [0x00000000dc700000,0x00000000dc700000,0x00000000dcf00000)
 ParOldGen       total 329728K, used 76702K [0x0000000080000000, 0x0000000094200000, 0x00000000d5580000)
  object space 329728K, 23% used [0x0000000080000000,0x0000000084ae7940,0x0000000094200000)
 Metaspace       used 94759K, capacity 97592K, committed 99404K, reserved 1136640K
  class space    used 11298K, capacity 11738K, committed 12032K, reserved 1048576K
2023-10-16T13:28:20.822+0600: 2947365.065: [GC (Allocation Failure) [PSYoungGen: 120673K->7416K(124416K)] 197375K->84242K(454144K), 0.0206275 secs] [Times: user=0.03 sys=0.00, real=0.02 secs] 
Heap after GC invocations=795 (full 4):
 PSYoungGen      total 124416K, used 7416K [0x00000000d5580000, 0x00000000dd880000, 0x0000000100000000)
  eden space 116224K, 0% used [0x00000000d5580000,0x00000000d5580000,0x00000000dc700000)
  from space 8192K, 90% used [0x00000000dc700000,0x00000000dce3e230,0x00000000dcf00000)
  to   space 8704K, 0% used [0x00000000dd000000,0x00000000dd000000,0x00000000dd880000)
 ParOldGen       total 329728K, used 76826K [0x0000000080000000, 0x0000000094200000, 0x00000000d5580000)
  object space 329728K, 23% used [0x0000000080000000,0x0000000084b06960,0x0000000094200000)
 Metaspace       used 94759K, capacity 97592K, committed 99404K, reserved 1136640K
  class space    used 11298K, capacity 11738K, committed 12032K, reserved 1048576K
}
{Heap before GC invocations=796 (full 4):
 PSYoungGen      total 124416K, used 123640K [0x00000000d5580000, 0x00000000dd880000, 0x0000000100000000)
  eden space 116224K, 100% used [0x00000000d5580000,0x00000000dc700000,0x00000000dc700000)
  from space 8192K, 90% used [0x00000000dc700000,0x00000000dce3e230,0x00000000dcf00000)
  to   space 8704K, 0% used [0x00000000dd000000,0x00000000dd000000,0x00000000dd880000)
 ParOldGen       total 329728K, used 76826K [0x0000000080000000, 0x0000000094200000, 0x00000000d5580000)
  object space 329728K, 23% used [0x0000000080000000,0x0000000084b06960,0x0000000094200000)
 Metaspace       used 94759K, capacity 97592K, committed 99404K, reserved 1136640K
  class space    used 11298K, capacity 11738K, committed 12032K, reserved 1048576K
2023-10-16T14:24:56.726+0600: 2950760.969: [GC (Allocation Failure) [PSYoungGen: 123640K->7640K(124416K)] 200466K->84490K(454144K), 0.0205973 secs] [Times: user=0.02 sys=0.01, real=0.02 secs] 
Heap after GC invocations=796 (full 4):
 PSYoungGen      total 124416K, used 7640K [0x00000000d5580000, 0x00000000dda80000, 0x0000000100000000)
  eden space 115712K, 0% used [0x00000000d5580000,0x00000000d5580000,0x00000000dc680000)
  from space 8704K, 87% used [0x00000000dd000000,0x00000000dd776010,0x00000000dd880000)
  to   space 9728K, 0% used [0x00000000dc680000,0x00000000dc680000,0x00000000dd000000)
 ParOldGen       total 329728K, used 76850K [0x0000000080000000, 0x0000000094200000, 0x00000000d5580000)
  object space 329728K, 23% used [0x0000000080000000,0x0000000084b0c960,0x0000000094200000)
 Metaspace       used 94759K, capacity 97592K, committed 99404K, reserved 1136640K
  class space    used 11298K, capacity 11738K, committed 12032K, reserved 1048576K
}
{Heap before GC invocations=797 (full 4):
 PSYoungGen      total 124416K, used 123351K [0x00000000d5580000, 0x00000000dda80000, 0x0000000100000000)
  eden space 115712K, 99% used [0x00000000d5580000,0x00000000dc67fd38,0x00000000dc680000)
  from space 8704K, 87% used [0x00000000dd000000,0x00000000dd776010,0x00000000dd880000)
  to   space 9728K, 0% used [0x00000000dc680000,0x00000000dc680000,0x00000000dd000000)
 ParOldGen       total 329728K, used 76850K [0x0000000080000000, 0x0000000094200000, 0x00000000d5580000)
  object space 329728K, 23% used [0x0000000080000000,0x0000000084b0c960,0x0000000094200000)
 Metaspace       used 94759K, capacity 97592K, committed 99404K, reserved 1136640K
  class space    used 11298K, capacity 11738K, committed 12032K, reserved 1048576K
2023-10-16T15:24:59.479+0600: 2954363.722: [GC (Allocation Failure) [PSYoungGen: 123351K->5650K(125440K)] 200201K->82517K(455168K), 0.0140085 secs] [Times: user=0.03 sys=0.00, real=0.01 secs] 
Heap after GC invocations=797 (full 4):
 PSYoungGen      total 125440K, used 5650K [0x00000000d5580000, 0x00000000dd900000, 0x0000000100000000)
  eden space 115712K, 0% used [0x00000000d5580000,0x00000000d5580000,0x00000000dc680000)
  from space 9728K, 58% used [0x00000000dc680000,0x00000000dcc04ba0,0x00000000dd000000)
  to   space 9216K, 0% used [0x00000000dd000000,0x00000000dd000000,0x00000000dd900000)
 ParOldGen       total 329728K, used 76866K [0x0000000080000000, 0x0000000094200000, 0x00000000d5580000)
  object space 329728K, 23% used [0x0000000080000000,0x0000000084b10960,0x0000000094200000)
 Metaspace       used 94759K, capacity 97592K, committed 99404K, reserved 1136640K
  class space    used 11298K, capacity 11738K, committed 12032K, reserved 1048576K
}
{Heap before GC invocations=798 (full 4):
 PSYoungGen      total 125440K, used 121362K [0x00000000d5580000, 0x00000000dd900000, 0x0000000100000000)
  eden space 115712K, 100% used [0x00000000d5580000,0x00000000dc680000,0x00000000dc680000)
  from space 9728K, 58% used [0x00000000dc680000,0x00000000dcc04ba0,0x00000000dd000000)
  to   space 9216K, 0% used [0x00000000dd000000,0x00000000dd000000,0x00000000dd900000)
 ParOldGen       total 329728K, used 76866K [0x0000000080000000, 0x0000000094200000, 0x00000000d5580000)
  object space 329728K, 23% used [0x0000000080000000,0x0000000084b10960,0x0000000094200000)
 Metaspace       used 94768K, capacity 97622K, committed 99404K, reserved 1136640K
  class space    used 11300K, capacity 11743K, committed 12032K, reserved 1048576K
2023-10-16T16:37:19.470+0600: 2958703.713: [GC (Allocation Failure) [PSYoungGen: 121362K->6548K(124928K)] 198229K->83414K(454656K), 0.0138779 secs] [Times: user=0.02 sys=0.00, real=0.02 secs] 
Heap after GC invocations=798 (full 4):
 PSYoungGen      total 124928K, used 6548K [0x00000000d5580000, 0x00000000dda00000, 0x0000000100000000)
  eden space 115712K, 0% used [0x00000000d5580000,0x00000000d5580000,0x00000000dc680000)
  from space 9216K, 71% used [0x00000000dd000000,0x00000000dd665280,0x00000000dd900000)
  to   space 9728K, 0% used [0x00000000dc680000,0x00000000dc680000,0x00000000dd000000)
 ParOldGen       total 329728K, used 76866K [0x0000000080000000, 0x0000000094200000, 0x00000000d5580000)
  object space 329728K, 23% used [0x0000000080000000,0x0000000084b10960,0x0000000094200000)
 Metaspace       used 94768K, capacity 97622K, committed 99404K, reserved 1136640K
  class space    used 11300K, capacity 11743K, committed 12032K, reserved 1048576K
}
{Heap before GC invocations=799 (full 4):
 PSYoungGen      total 124928K, used 122260K [0x00000000d5580000, 0x00000000dda00000, 0x0000000100000000)
  eden space 115712K, 100% used [0x00000000d5580000,0x00000000dc680000,0x00000000dc680000)
  from space 9216K, 71% used [0x00000000dd000000,0x00000000dd665280,0x00000000dd900000)
  to   space 9728K, 0% used [0x00000000dc680000,0x00000000dc680000,0x00000000dd000000)
 ParOldGen       total 329728K, used 76866K [0x0000000080000000, 0x0000000094200000, 0x00000000d5580000)
  object space 329728K, 23% used [0x0000000080000000,0x0000000084b10960,0x0000000094200000)
 Metaspace       used 94834K, capacity 97746K, committed 99404K, reserved 1136640K
  class space    used 11309K, capacity 11753K, committed 12032K, reserved 1048576K
2023-10-16T17:12:44.622+0600: 2960828.866: [GC (Allocation Failure) [PSYoungGen: 122260K->9703K(125440K)] 199126K->86736K(455168K), 0.0223114 secs] [Times: user=0.02 sys=0.03, real=0.03 secs] 
Heap after GC invocations=799 (full 4):
 PSYoungGen      total 125440K, used 9703K [0x00000000d5580000, 0x00000000ddc00000, 0x0000000100000000)
  eden space 115712K, 0% used [0x00000000d5580000,0x00000000d5580000,0x00000000dc680000)
  from space 9728K, 99% used [0x00000000dc680000,0x00000000dcff9e20,0x00000000dd000000)
  to   space 10752K, 0% used [0x00000000dd180000,0x00000000dd180000,0x00000000ddc00000)
 ParOldGen       total 329728K, used 77032K [0x0000000080000000, 0x0000000094200000, 0x00000000d5580000)
  object space 329728K, 23% used [0x0000000080000000,0x0000000084b3a3d8,0x0000000094200000)
 Metaspace       used 94834K, capacity 97746K, committed 99404K, reserved 1136640K
  class space    used 11309K, capacity 11753K, committed 12032K, reserved 1048576K
}
{Heap before GC invocations=800 (full 4):
 PSYoungGen      total 125440K, used 125415K [0x00000000d5580000, 0x00000000ddc00000, 0x0000000100000000)
  eden space 115712K, 100% used [0x00000000d5580000,0x00000000dc680000,0x00000000dc680000)
  from space 9728K, 99% used [0x00000000dc680000,0x00000000dcff9e20,0x00000000dd000000)
  to   space 10752K, 0% used [0x00000000dd180000,0x00000000dd180000,0x00000000ddc00000)
 ParOldGen       total 329728K, used 77032K [0x0000000080000000, 0x0000000094200000, 0x00000000d5580000)
  object space 329728K, 23% used [0x0000000080000000,0x0000000084b3a3d8,0x0000000094200000)
 Metaspace       used 94941K, capacity 97858K, committed 99404K, reserved 1136640K
  class space    used 11324K, capacity 11761K, committed 12032K, reserved 1048576K
2023-10-16T17:46:06.007+0600: 2962830.250: [GC (Allocation Failure) [PSYoungGen: 125415K->5925K(125952K)] 202448K->82974K(455680K), 0.0192613 secs] [Times: user=0.01 sys=0.02, real=0.02 secs] 
Heap after GC invocations=800 (full 4):
 PSYoungGen      total 125952K, used 5925K [0x00000000d5580000, 0x00000000ddb00000, 0x0000000100000000)
  eden space 116224K, 0% used [0x00000000d5580000,0x00000000d5580000,0x00000000dc700000)
  from space 9728K, 60% used [0x00000000dd180000,0x00000000dd7495d0,0x00000000ddb00000)
  to   space 10240K, 0% used [0x00000000dc700000,0x00000000dc700000,0x00000000dd100000)
 ParOldGen       total 329728K, used 77048K [0x0000000080000000, 0x0000000094200000, 0x00000000d5580000)
  object space 329728K, 23% used [0x0000000080000000,0x0000000084b3e3d8,0x0000000094200000)
 Metaspace       used 94941K, capacity 97858K, committed 99404K, reserved 1136640K
  class space    used 11324K, capacity 11761K, committed 12032K, reserved 1048576K
}
{Heap before GC invocations=801 (full 4):
 PSYoungGen      total 125952K, used 122149K [0x00000000d5580000, 0x00000000ddb00000, 0x0000000100000000)
  eden space 116224K, 99% used [0x00000000d5580000,0x00000000dc6fffe8,0x00000000dc700000)
  from space 9728K, 60% used [0x00000000dd180000,0x00000000dd7495d0,0x00000000ddb00000)
  to   space 10240K, 0% used [0x00000000dc700000,0x00000000dc700000,0x00000000dd100000)
 ParOldGen       total 329728K, used 77048K [0x0000000080000000, 0x0000000094200000, 0x00000000d5580000)
  object space 329728K, 23% used [0x0000000080000000,0x0000000084b3e3d8,0x0000000094200000)
 Metaspace       used 94963K, capacity 97938K, committed 99532K, reserved 1136640K
  class space    used 11329K, capacity 11801K, committed 12160K, reserved 1048576K
2023-10-16T18:52:12.643+0600: 2966796.887: [GC (Allocation Failure) [PSYoungGen: 122149K->6035K(126464K)] 199198K->83084K(456192K), 0.0206928 secs] [Times: user=0.01 sys=0.02, real=0.02 secs] 
Heap after GC invocations=801 (full 4):
 PSYoungGen      total 126464K, used 6035K [0x00000000d5580000, 0x00000000ddb80000, 0x0000000100000000)
  eden space 116224K, 0% used [0x00000000d5580000,0x00000000d5580000,0x00000000dc700000)
  from space 10240K, 58% used [0x00000000dc700000,0x00000000dcce4d40,0x00000000dd100000)
  to   space 10240K, 0% used [0x00000000dd180000,0x00000000dd180000,0x00000000ddb80000)
 ParOldGen       total 329728K, used 77048K [0x0000000080000000, 0x0000000094200000, 0x00000000d5580000)
  object space 329728K, 23% used [0x0000000080000000,0x0000000084b3e3d8,0x0000000094200000)
 Metaspace       used 94963K, capacity 97938K, committed 99532K, reserved 1136640K
  class space    used 11329K, capacity 11801K, committed 12160K, reserved 1048576K
}
{Heap before GC invocations=802 (full 4):
 PSYoungGen      total 126464K, used 122259K [0x00000000d5580000, 0x00000000ddb80000, 0x0000000100000000)
  eden space 116224K, 100% used [0x00000000d5580000,0x00000000dc700000,0x00000000dc700000)
  from space 10240K, 58% used [0x00000000dc700000,0x00000000dcce4d40,0x00000000dd100000)
  to   space 10240K, 0% used [0x00000000dd180000,0x00000000dd180000,0x00000000ddb80000)
 ParOldGen       total 329728K, used 77048K [0x0000000080000000, 0x0000000094200000, 0x00000000d5580000)
  object space 329728K, 23% used [0x0000000080000000,0x0000000084b3e3d8,0x0000000094200000)
 Metaspace       used 94963K, capacity 97938K, committed 99532K, reserved 1136640K
  class space    used 11329K, capacity 11801K, committed 12160K, reserved 1048576K
2023-10-16T20:24:35.148+0600: 2972339.391: [GC (Allocation Failure) [PSYoungGen: 122259K->4128K(126976K)] 199308K->81200K(456704K), 0.0195297 secs] [Times: user=0.03 sys=0.00, real=0.02 secs] 
Heap after GC invocations=802 (full 4):
 PSYoungGen      total 126976K, used 4128K [0x00000000d5580000, 0x00000000ddb80000, 0x0000000100000000)
  eden space 116736K, 0% used [0x00000000d5580000,0x00000000d5580000,0x00000000dc780000)
  from space 10240K, 40% used [0x00000000dd180000,0x00000000dd588020,0x00000000ddb80000)
  to   space 10240K, 0% used [0x00000000dc780000,0x00000000dc780000,0x00000000dd180000)
 ParOldGen       total 329728K, used 77072K [0x0000000080000000, 0x0000000094200000, 0x00000000d5580000)
  object space 329728K, 23% used [0x0000000080000000,0x0000000084b443d8,0x0000000094200000)
 Metaspace       used 94963K, capacity 97938K, committed 99532K, reserved 1136640K
  class space    used 11329K, capacity 11801K, committed 12160K, reserved 1048576K
}
{Heap before GC invocations=803 (full 4):
 PSYoungGen      total 126976K, used 120864K [0x00000000d5580000, 0x00000000ddb80000, 0x0000000100000000)
  eden space 116736K, 100% used [0x00000000d5580000,0x00000000dc780000,0x00000000dc780000)
  from space 10240K, 40% used [0x00000000dd180000,0x00000000dd588020,0x00000000ddb80000)
  to   space 10240K, 0% used [0x00000000dc780000,0x00000000dc780000,0x00000000dd180000)
 ParOldGen       total 329728K, used 77072K [0x0000000080000000, 0x0000000094200000, 0x00000000d5580000)
  object space 329728K, 23% used [0x0000000080000000,0x0000000084b443d8,0x0000000094200000)
 Metaspace       used 94963K, capacity 97938K, committed 99532K, reserved 1136640K
  class space    used 11329K, capacity 11801K, committed 12160K, reserved 1048576K
2023-10-16T21:43:06.618+0600: 2977050.862: [GC (Allocation Failure) [PSYoungGen: 120864K->5683K(126976K)] 197936K->82756K(456704K), 0.0209238 secs] [Times: user=0.03 sys=0.00, real=0.02 secs] 
Heap after GC invocations=803 (full 4):
 PSYoungGen      total 126976K, used 5683K [0x00000000d5580000, 0x00000000ddb00000, 0x0000000100000000)
  eden space 116736K, 0% used [0x00000000d5580000,0x00000000d5580000,0x00000000dc780000)
  from space 10240K, 55% used [0x00000000dc780000,0x00000000dcd0cfc0,0x00000000dd180000)
  to   space 9728K, 0% used [0x00000000dd180000,0x00000000dd180000,0x00000000ddb00000)
 ParOldGen       total 329728K, used 77072K [0x0000000080000000, 0x0000000094200000, 0x00000000d5580000)
  object space 329728K, 23% used [0x0000000080000000,0x0000000084b443d8,0x0000000094200000)
 Metaspace       used 94963K, capacity 97938K, committed 99532K, reserved 1136640K
  class space    used 11329K, capacity 11801K, committed 12160K, reserved 1048576K
}
{Heap before GC invocations=804 (full 4):
 PSYoungGen      total 126976K, used 122419K [0x00000000d5580000, 0x00000000ddb00000, 0x0000000100000000)
  eden space 116736K, 100% used [0x00000000d5580000,0x00000000dc780000,0x00000000dc780000)
  from space 10240K, 55% used [0x00000000dc780000,0x00000000dcd0cfc0,0x00000000dd180000)
  to   space 9728K, 0% used [0x00000000dd180000,0x00000000dd180000,0x00000000ddb00000)
 ParOldGen       total 329728K, used 77072K [0x0000000080000000, 0x0000000094200000, 0x00000000d5580000)
  object space 329728K, 23% used [0x0000000080000000,0x0000000084b443d8,0x0000000094200000)
 Metaspace       used 94963K, capacity 97938K, committed 99532K, reserved 1136640K
  class space    used 11329K, capacity 11801K, committed 12160K, reserved 1048576K
2023-10-16T23:08:29.883+0600: 2982174.126: [GC (Allocation Failure) [PSYoungGen: 122419K->5458K(125952K)] 199492K->82547K(455680K), 0.0192851 secs] [Times: user=0.02 sys=0.02, real=0.02 secs] 
Heap after GC invocations=804 (full 4):
 PSYoungGen      total 125952K, used 5458K [0x00000000d5580000, 0x00000000dda00000, 0x0000000100000000)
  eden space 117248K, 0% used [0x00000000d5580000,0x00000000d5580000,0x00000000dc800000)
  from space 8704K, 62% used [0x00000000dd180000,0x00000000dd6d4970,0x00000000dda00000)
  to   space 9216K, 0% used [0x00000000dc800000,0x00000000dc800000,0x00000000dd100000)
 ParOldGen       total 329728K, used 77088K [0x0000000080000000, 0x0000000094200000, 0x00000000d5580000)
  object space 329728K, 23% used [0x0000000080000000,0x0000000084b483d8,0x0000000094200000)
 Metaspace       used 94963K, capacity 97938K, committed 99532K, reserved 1136640K
  class space    used 11329K, capacity 11801K, committed 12160K, reserved 1048576K
}
{Heap before GC invocations=805 (full 4):
 PSYoungGen      total 125952K, used 122706K [0x00000000d5580000, 0x00000000dda00000, 0x0000000100000000)
  eden space 117248K, 100% used [0x00000000d5580000,0x00000000dc800000,0x00000000dc800000)
  from space 8704K, 62% used [0x00000000dd180000,0x00000000dd6d4970,0x00000000dda00000)
  to   space 9216K, 0% used [0x00000000dc800000,0x00000000dc800000,0x00000000dd100000)
 ParOldGen       total 329728K, used 77088K [0x0000000080000000, 0x0000000094200000, 0x00000000d5580000)
  object space 329728K, 23% used [0x0000000080000000,0x0000000084b483d8,0x0000000094200000)
 Metaspace       used 94963K, capacity 97938K, committed 99532K, reserved 1136640K
  class space    used 11329K, capacity 11801K, committed 12160K, reserved 1048576K
2023-10-17T00:38:59.456+0600: 2987603.699: [GC (Allocation Failure) [PSYoungGen: 122706K->5105K(126464K)] 199795K->82194K(456192K), 0.0192781 secs] [Times: user=0.03 sys=0.00, real=0.02 secs] 
Heap after GC invocations=805 (full 4):
 PSYoungGen      total 126464K, used 5105K [0x00000000d5580000, 0x00000000dda80000, 0x0000000100000000)
  eden space 117248K, 0% used [0x00000000d5580000,0x00000000d5580000,0x00000000dc800000)
  from space 9216K, 55% used [0x00000000dc800000,0x00000000dccfc720,0x00000000dd100000)
  to   space 9216K, 0% used [0x00000000dd180000,0x00000000dd180000,0x00000000dda80000)
 ParOldGen       total 329728K, used 77088K [0x0000000080000000, 0x0000000094200000, 0x00000000d5580000)
  object space 329728K, 23% used [0x0000000080000000,0x0000000084b483d8,0x0000000094200000)
 Metaspace       used 94963K, capacity 97938K, committed 99532K, reserved 1136640K
  class space    used 11329K, capacity 11801K, committed 12160K, reserved 1048576K
}
{Heap before GC invocations=806 (full 4):
 PSYoungGen      total 126464K, used 122353K [0x00000000d5580000, 0x00000000dda80000, 0x0000000100000000)
  eden space 117248K, 100% used [0x00000000d5580000,0x00000000dc800000,0x00000000dc800000)
  from space 9216K, 55% used [0x00000000dc800000,0x00000000dccfc720,0x00000000dd100000)
  to   space 9216K, 0% used [0x00000000dd180000,0x00000000dd180000,0x00000000dda80000)
 ParOldGen       total 329728K, used 77088K [0x0000000080000000, 0x0000000094200000, 0x00000000d5580000)
  object space 329728K, 23% used [0x0000000080000000,0x0000000084b483d8,0x0000000094200000)
 Metaspace       used 94963K, capacity 97938K, committed 99532K, reserved 1136640K
  class space    used 11329K, capacity 11801K, committed 12160K, reserved 1048576K
2023-10-17T02:08:30.028+0600: 2992974.272: [GC (Allocation Failure) [PSYoungGen: 122353K->5025K(125952K)] 199442K->82130K(455680K), 0.0214404 secs] [Times: user=0.03 sys=0.00, real=0.02 secs] 
Heap after GC invocations=806 (full 4):
 PSYoungGen      total 125952K, used 5025K [0x00000000d5580000, 0x00000000dd980000, 0x0000000100000000)
  eden space 117760K, 0% used [0x00000000d5580000,0x00000000d5580000,0x00000000dc880000)
  from space 8192K, 61% used [0x00000000dd180000,0x00000000dd668720,0x00000000dd980000)
  to   space 8704K, 0% used [0x00000000dc880000,0x00000000dc880000,0x00000000dd100000)
 ParOldGen       total 329728K, used 77104K [0x0000000080000000, 0x0000000094200000, 0x00000000d5580000)
  object space 329728K, 23% used [0x0000000080000000,0x0000000084b4c3d8,0x0000000094200000)
 Metaspace       used 94963K, capacity 97938K, committed 99532K, reserved 1136640K
  class space    used 11329K, capacity 11801K, committed 12160K, reserved 1048576K
}
{Heap before GC invocations=807 (full 4):
 PSYoungGen      total 125952K, used 122785K [0x00000000d5580000, 0x00000000dd980000, 0x0000000100000000)
  eden space 117760K, 100% used [0x00000000d5580000,0x00000000dc880000,0x00000000dc880000)
  from space 8192K, 61% used [0x00000000dd180000,0x00000000dd668720,0x00000000dd980000)
  to   space 8704K, 0% used [0x00000000dc880000,0x00000000dc880000,0x00000000dd100000)
 ParOldGen       total 329728K, used 77104K [0x0000000080000000, 0x0000000094200000, 0x00000000d5580000)
  object space 329728K, 23% used [0x0000000080000000,0x0000000084b4c3d8,0x0000000094200000)
 Metaspace       used 94963K, capacity 97938K, committed 99532K, reserved 1136640K
  class space    used 11329K, capacity 11801K, committed 12160K, reserved 1048576K
2023-10-17T03:42:39.186+0600: 2998623.430: [GC (Allocation Failure) [PSYoungGen: 122785K->4146K(126464K)] 199890K->81267K(456192K), 0.0111694 secs] [Times: user=0.01 sys=0.01, real=0.01 secs] 
Heap after GC invocations=807 (full 4):
 PSYoungGen      total 126464K, used 4146K [0x00000000d5580000, 0x00000000dda00000, 0x0000000100000000)
  eden space 117760K, 0% used [0x00000000d5580000,0x00000000d5580000,0x00000000dc880000)
  from space 8704K, 47% used [0x00000000dc880000,0x00000000dcc8c830,0x00000000dd100000)
  to   space 8704K, 0% used [0x00000000dd180000,0x00000000dd180000,0x00000000dda00000)
 ParOldGen       total 329728K, used 77120K [0x0000000080000000, 0x0000000094200000, 0x00000000d5580000)
  object space 329728K, 23% used [0x0000000080000000,0x0000000084b503d8,0x0000000094200000)
 Metaspace       used 94963K, capacity 97938K, committed 99532K, reserved 1136640K
  class space    used 11329K, capacity 11801K, committed 12160K, reserved 1048576K
}
{Heap before GC invocations=808 (full 4):
 PSYoungGen      total 126464K, used 121906K [0x00000000d5580000, 0x00000000dda00000, 0x0000000100000000)
  eden space 117760K, 100% used [0x00000000d5580000,0x00000000dc880000,0x00000000dc880000)
  from space 8704K, 47% used [0x00000000dc880000,0x00000000dcc8c830,0x00000000dd100000)
  to   space 8704K, 0% used [0x00000000dd180000,0x00000000dd180000,0x00000000dda00000)
 ParOldGen       total 329728K, used 77120K [0x0000000080000000, 0x0000000094200000, 0x00000000d5580000)
  object space 329728K, 23% used [0x0000000080000000,0x0000000084b503d8,0x0000000094200000)
 Metaspace       used 94963K, capacity 97938K, committed 99532K, reserved 1136640K
  class space    used 11329K, capacity 11801K, committed 12160K, reserved 1048576K
2023-10-17T05:18:22.954+0600: 3004367.197: [GC (Allocation Failure) [PSYoungGen: 121906K->4146K(126976K)] 199027K->81283K(456704K), 0.0150963 secs] [Times: user=0.02 sys=0.00, real=0.01 secs] 
Heap after GC invocations=808 (full 4):
 PSYoungGen      total 126976K, used 4146K [0x00000000d5580000, 0x00000000dda00000, 0x0000000100000000)
  eden space 118272K, 0% used [0x00000000d5580000,0x00000000d5580000,0x00000000dc900000)
  from space 8704K, 47% used [0x00000000dd180000,0x00000000dd58c830,0x00000000dda00000)
  to   space 8704K, 0% used [0x00000000dc900000,0x00000000dc900000,0x00000000dd180000)
 ParOldGen       total 329728K, used 77136K [0x0000000080000000, 0x0000000094200000, 0x00000000d5580000)
  object space 329728K, 23% used [0x0000000080000000,0x0000000084b543d8,0x0000000094200000)
 Metaspace       used 94963K, capacity 97938K, committed 99532K, reserved 1136640K
  class space    used 11329K, capacity 11801K, committed 12160K, reserved 1048576K
}
{Heap before GC invocations=809 (full 4):
 PSYoungGen      total 126976K, used 122418K [0x00000000d5580000, 0x00000000dda00000, 0x0000000100000000)
  eden space 118272K, 100% used [0x00000000d5580000,0x00000000dc900000,0x00000000dc900000)
  from space 8704K, 47% used [0x00000000dd180000,0x00000000dd58c830,0x00000000dda00000)
  to   space 8704K, 0% used [0x00000000dc900000,0x00000000dc900000,0x00000000dd180000)
 ParOldGen       total 329728K, used 77136K [0x0000000080000000, 0x0000000094200000, 0x00000000d5580000)
  object space 329728K, 23% used [0x0000000080000000,0x0000000084b543d8,0x0000000094200000)
 Metaspace       used 94963K, capacity 97938K, committed 99532K, reserved 1136640K
  class space    used 11329K, capacity 11801K, committed 12160K, reserved 1048576K
2023-10-17T06:55:34.546+0600: 3010198.789: [GC (Allocation Failure) [PSYoungGen: 122418K->4064K(126976K)] 199555K->81241K(456704K), 0.0173125 secs] [Times: user=0.03 sys=0.00, real=0.02 secs] 
Heap after GC invocations=809 (full 4):
 PSYoungGen      total 126976K, used 4064K [0x00000000d5580000, 0x00000000dda80000, 0x0000000100000000)
  eden space 118272K, 0% used [0x00000000d5580000,0x00000000d5580000,0x00000000dc900000)
  from space 8704K, 46% used [0x00000000dc900000,0x00000000dccf8020,0x00000000dd180000)
  to   space 8704K, 0% used [0x00000000dd200000,0x00000000dd200000,0x00000000dda80000)
 ParOldGen       total 329728K, used 77177K [0x0000000080000000, 0x0000000094200000, 0x00000000d5580000)
  object space 329728K, 23% used [0x0000000080000000,0x0000000084b5e408,0x0000000094200000)
 Metaspace       used 94963K, capacity 97938K, committed 99532K, reserved 1136640K
  class space    used 11329K, capacity 11801K, committed 12160K, reserved 1048576K
}
{Heap before GC invocations=810 (full 4):
 PSYoungGen      total 126976K, used 122336K [0x00000000d5580000, 0x00000000dda80000, 0x0000000100000000)
  eden space 118272K, 100% used [0x00000000d5580000,0x00000000dc900000,0x00000000dc900000)
  from space 8704K, 46% used [0x00000000dc900000,0x00000000dccf8020,0x00000000dd180000)
  to   space 8704K, 0% used [0x00000000dd200000,0x00000000dd200000,0x00000000dda80000)
 ParOldGen       total 329728K, used 77177K [0x0000000080000000, 0x0000000094200000, 0x00000000d5580000)
  object space 329728K, 23% used [0x0000000080000000,0x0000000084b5e408,0x0000000094200000)
 Metaspace       used 94963K, capacity 97938K, committed 99532K, reserved 1136640K
  class space    used 11329K, capacity 11801K, committed 12160K, reserved 1048576K
2023-10-17T08:32:15.659+0600: 3015999.903: [GC (Allocation Failure) [PSYoungGen: 122336K->4000K(126464K)] 199513K->81265K(456192K), 0.0191228 secs] [Times: user=0.02 sys=0.02, real=0.02 secs] 
Heap after GC invocations=810 (full 4):
 PSYoungGen      total 126464K, used 4000K [0x00000000d5580000, 0x00000000dd980000, 0x0000000100000000)
  eden space 118784K, 0% used [0x00000000d5580000,0x00000000d5580000,0x00000000dc980000)
  from space 7680K, 52% used [0x00000000dd200000,0x00000000dd5e8020,0x00000000dd980000)
  to   space 8192K, 0% used [0x00000000dc980000,0x00000000dc980000,0x00000000dd180000)
 ParOldGen       total 329728K, used 77265K [0x0000000080000000, 0x0000000094200000, 0x00000000d5580000)
  object space 329728K, 23% used [0x0000000080000000,0x0000000084b74408,0x0000000094200000)
 Metaspace       used 94963K, capacity 97938K, committed 99532K, reserved 1136640K
  class space    used 11329K, capacity 11801K, committed 12160K, reserved 1048576K
}
{Heap before GC invocations=811 (full 4):
 PSYoungGen      total 126464K, used 122784K [0x00000000d5580000, 0x00000000dd980000, 0x0000000100000000)
  eden space 118784K, 100% used [0x00000000d5580000,0x00000000dc980000,0x00000000dc980000)
  from space 7680K, 52% used [0x00000000dd200000,0x00000000dd5e8020,0x00000000dd980000)
  to   space 8192K, 0% used [0x00000000dc980000,0x00000000dc980000,0x00000000dd180000)
 ParOldGen       total 329728K, used 77265K [0x0000000080000000, 0x0000000094200000, 0x00000000d5580000)
  object space 329728K, 23% used [0x0000000080000000,0x0000000084b74408,0x0000000094200000)
 Metaspace       used 94963K, capacity 97938K, committed 99532K, reserved 1136640K
  class space    used 11329K, capacity 11801K, committed 12160K, reserved 1048576K
2023-10-17T10:07:17.610+0600: 3021701.853: [GC (Allocation Failure) [PSYoungGen: 122784K->3936K(126976K)] 200049K->81305K(456704K), 0.0201002 secs] [Times: user=0.04 sys=0.00, real=0.02 secs] 
Heap after GC invocations=811 (full 4):
 PSYoungGen      total 126976K, used 3936K [0x00000000d5580000, 0x00000000dda00000, 0x0000000100000000)
  eden space 118784K, 0% used [0x00000000d5580000,0x00000000d5580000,0x00000000dc980000)
  from space 8192K, 48% used [0x00000000dc980000,0x00000000dcd58020,0x00000000dd180000)
  to   space 8192K, 0% used [0x00000000dd200000,0x00000000dd200000,0x00000000dda00000)
 ParOldGen       total 329728K, used 77369K [0x0000000080000000, 0x0000000094200000, 0x00000000d5580000)
  object space 329728K, 23% used [0x0000000080000000,0x0000000084b8e408,0x0000000094200000)
 Metaspace       used 94963K, capacity 97938K, committed 99532K, reserved 1136640K
  class space    used 11329K, capacity 11801K, committed 12160K, reserved 1048576K
}
{Heap before GC invocations=812 (full 4):
 PSYoungGen      total 126976K, used 122720K [0x00000000d5580000, 0x00000000dda00000, 0x0000000100000000)
  eden space 118784K, 100% used [0x00000000d5580000,0x00000000dc980000,0x00000000dc980000)
  from space 8192K, 48% used [0x00000000dc980000,0x00000000dcd58020,0x00000000dd180000)
  to   space 8192K, 0% used [0x00000000dd200000,0x00000000dd200000,0x00000000dda00000)
 ParOldGen       total 329728K, used 77369K [0x0000000080000000, 0x0000000094200000, 0x00000000d5580000)
  object space 329728K, 23% used [0x0000000080000000,0x0000000084b8e408,0x0000000094200000)
 Metaspace       used 94964K, capacity 97938K, committed 99532K, reserved 1136640K
  class space    used 11329K, capacity 11801K, committed 12160K, reserved 1048576K
2023-10-17T11:30:55.510+0600: 3026719.753: [GC (Allocation Failure) [PSYoungGen: 122720K->5521K(127488K)] 200089K->82914K(457216K), 0.0196134 secs] [Times: user=0.03 sys=0.00, real=0.02 secs] 
Heap after GC invocations=812 (full 4):
 PSYoungGen      total 127488K, used 5521K [0x00000000d5580000, 0x00000000dda00000, 0x0000000100000000)
  eden space 119296K, 0% used [0x00000000d5580000,0x00000000d5580000,0x00000000dca00000)
  from space 8192K, 67% used [0x00000000dd200000,0x00000000dd764740,0x00000000dda00000)
  to   space 8192K, 0% used [0x00000000dca00000,0x00000000dca00000,0x00000000dd200000)
 ParOldGen       total 329728K, used 77393K [0x0000000080000000, 0x0000000094200000, 0x00000000d5580000)
  object space 329728K, 23% used [0x0000000080000000,0x0000000084b94408,0x0000000094200000)
 Metaspace       used 94964K, capacity 97938K, committed 99532K, reserved 1136640K
  class space    used 11329K, capacity 11801K, committed 12160K, reserved 1048576K
}
{Heap before GC invocations=813 (full 4):
 PSYoungGen      total 127488K, used 124817K [0x00000000d5580000, 0x00000000dda00000, 0x0000000100000000)
  eden space 119296K, 100% used [0x00000000d5580000,0x00000000dca00000,0x00000000dca00000)
  from space 8192K, 67% used [0x00000000dd200000,0x00000000dd764740,0x00000000dda00000)
  to   space 8192K, 0% used [0x00000000dca00000,0x00000000dca00000,0x00000000dd200000)
 ParOldGen       total 329728K, used 77393K [0x0000000080000000, 0x0000000094200000, 0x00000000d5580000)
  object space 329728K, 23% used [0x0000000080000000,0x0000000084b94408,0x0000000094200000)
 Metaspace       used 94964K, capacity 97938K, committed 99532K, reserved 1136640K
  class space    used 11329K, capacity 11801K, committed 12160K, reserved 1048576K
2023-10-17T12:12:31.997+0600: 3029216.241: [GC (Allocation Failure) [PSYoungGen: 124817K->8191K(127488K)] 202210K->85827K(457216K), 0.0225918 secs] [Times: user=0.04 sys=0.00, real=0.02 secs] 
Heap after GC invocations=813 (full 4):
 PSYoungGen      total 127488K, used 8191K [0x00000000d5580000, 0x00000000ddc80000, 0x0000000100000000)
  eden space 119296K, 0% used [0x00000000d5580000,0x00000000d5580000,0x00000000dca00000)
  from space 8192K, 99% used [0x00000000dca00000,0x00000000dd1ffe00,0x00000000dd200000)
  to   space 9216K, 0% used [0x00000000dd380000,0x00000000dd380000,0x00000000ddc80000)
 ParOldGen       total 329728K, used 77635K [0x0000000080000000, 0x0000000094200000, 0x00000000d5580000)
  object space 329728K, 23% used [0x0000000080000000,0x0000000084bd0eb0,0x0000000094200000)
 Metaspace       used 94964K, capacity 97938K, committed 99532K, reserved 1136640K
  class space    used 11329K, capacity 11801K, committed 12160K, reserved 1048576K
}
{Heap before GC invocations=814 (full 4):
 PSYoungGen      total 127488K, used 127487K [0x00000000d5580000, 0x00000000ddc80000, 0x0000000100000000)
  eden space 119296K, 100% used [0x00000000d5580000,0x00000000dca00000,0x00000000dca00000)
  from space 8192K, 99% used [0x00000000dca00000,0x00000000dd1ffe00,0x00000000dd200000)
  to   space 9216K, 0% used [0x00000000dd380000,0x00000000dd380000,0x00000000ddc80000)
 ParOldGen       total 329728K, used 77635K [0x0000000080000000, 0x0000000094200000, 0x00000000d5580000)
  object space 329728K, 23% used [0x0000000080000000,0x0000000084bd0eb0,0x0000000094200000)
 Metaspace       used 94964K, capacity 97938K, committed 99532K, reserved 1136640K
  class space    used 11329K, capacity 11801K, committed 12160K, reserved 1048576K
2023-10-17T12:49:02.151+0600: 3031406.394: [GC (Allocation Failure) [PSYoungGen: 127487K->8461K(128512K)] 205123K->86827K(458240K), 0.0192215 secs] [Times: user=0.03 sys=0.00, real=0.02 secs] 
Heap after GC invocations=814 (full 4):
 PSYoungGen      total 128512K, used 8461K [0x00000000d5580000, 0x00000000ddd80000, 0x0000000100000000)
  eden space 119296K, 0% used [0x00000000d5580000,0x00000000d5580000,0x00000000dca00000)
  from space 9216K, 91% used [0x00000000dd380000,0x00000000ddbc3610,0x00000000ddc80000)
  to   space 9728K, 0% used [0x00000000dca00000,0x00000000dca00000,0x00000000dd380000)
 ParOldGen       total 329728K, used 78365K [0x0000000080000000, 0x0000000094200000, 0x00000000d5580000)
  object space 329728K, 23% used [0x0000000080000000,0x0000000084c876e0,0x0000000094200000)
 Metaspace       used 94964K, capacity 97938K, committed 99532K, reserved 1136640K
  class space    used 11329K, capacity 11801K, committed 12160K, reserved 1048576K
}
{Heap before GC invocations=815 (full 4):
 PSYoungGen      total 128512K, used 127752K [0x00000000d5580000, 0x00000000ddd80000, 0x0000000100000000)
  eden space 119296K, 99% used [0x00000000d5580000,0x00000000dc9fea28,0x00000000dca00000)
  from space 9216K, 91% used [0x00000000dd380000,0x00000000ddbc3610,0x00000000ddc80000)
  to   space 9728K, 0% used [0x00000000dca00000,0x00000000dca00000,0x00000000dd380000)
 ParOldGen       total 329728K, used 78365K [0x0000000080000000, 0x0000000094200000, 0x00000000d5580000)
  object space 329728K, 23% used [0x0000000080000000,0x0000000084c876e0,0x0000000094200000)
 Metaspace       used 94965K, capacity 97938K, committed 99532K, reserved 1136640K
  class space    used 11329K, capacity 11801K, committed 12160K, reserved 1048576K
2023-10-17T13:23:55.833+0600: 3033500.076: [GC (Allocation Failure) [PSYoungGen: 127752K->8508K(129024K)] 206117K->86874K(458752K), 0.0191640 secs] [Times: user=0.02 sys=0.02, real=0.02 secs] 
Heap after GC invocations=815 (full 4):
 PSYoungGen      total 129024K, used 8508K [0x00000000d5580000, 0x00000000ddf80000, 0x0000000100000000)
  eden space 119296K, 0% used [0x00000000d5580000,0x00000000d5580000,0x00000000dca00000)
  from space 9728K, 87% used [0x00000000dca00000,0x00000000dd24f350,0x00000000dd380000)
  to   space 10752K, 0% used [0x00000000dd500000,0x00000000dd500000,0x00000000ddf80000)
 ParOldGen       total 329728K, used 78365K [0x0000000080000000, 0x0000000094200000, 0x00000000d5580000)
  object space 329728K, 23% used [0x0000000080000000,0x0000000084c876e0,0x0000000094200000)
 Metaspace       used 94965K, capacity 97938K, committed 99532K, reserved 1136640K
  class space    used 11329K, capacity 11801K, committed 12160K, reserved 1048576K
}
{Heap before GC invocations=816 (full 4):
 PSYoungGen      total 129024K, used 127804K [0x00000000d5580000, 0x00000000ddf80000, 0x0000000100000000)
  eden space 119296K, 100% used [0x00000000d5580000,0x00000000dca00000,0x00000000dca00000)
  from space 9728K, 87% used [0x00000000dca00000,0x00000000dd24f350,0x00000000dd380000)
  to   space 10752K, 0% used [0x00000000dd500000,0x00000000dd500000,0x00000000ddf80000)
 ParOldGen       total 329728K, used 78365K [0x0000000080000000, 0x0000000094200000, 0x00000000d5580000)
  object space 329728K, 23% used [0x0000000080000000,0x0000000084c876e0,0x0000000094200000)
 Metaspace       used 94974K, capacity 97962K, committed 99532K, reserved 1136640K
  class space    used 11331K, capacity 11805K, committed 12160K, reserved 1048576K
2023-10-17T13:52:08.430+0600: 3035192.673: [GC (Allocation Failure) [PSYoungGen: 127804K->9312K(130048K)] 206170K->87717K(459776K), 0.0228006 secs] [Times: user=0.01 sys=0.03, real=0.02 secs] 
Heap after GC invocations=816 (full 4):
 PSYoungGen      total 130048K, used 9312K [0x00000000d5580000, 0x00000000de080000, 0x0000000100000000)
  eden space 119296K, 0% used [0x00000000d5580000,0x00000000d5580000,0x00000000dca00000)
  from space 10752K, 86% used [0x00000000dd500000,0x00000000dde18060,0x00000000ddf80000)
  to   space 11264K, 0% used [0x00000000dca00000,0x00000000dca00000,0x00000000dd500000)
 ParOldGen       total 329728K, used 78405K [0x0000000080000000, 0x0000000094200000, 0x00000000d5580000)
  object space 329728K, 23% used [0x0000000080000000,0x0000000084c916e0,0x0000000094200000)
 Metaspace       used 94974K, capacity 97962K, committed 99532K, reserved 1136640K
  class space    used 11331K, capacity 11805K, committed 12160K, reserved 1048576K
}
{Heap before GC invocations=817 (full 4):
 PSYoungGen      total 130048K, used 128608K [0x00000000d5580000, 0x00000000de080000, 0x0000000100000000)
  eden space 119296K, 100% used [0x00000000d5580000,0x00000000dca00000,0x00000000dca00000)
  from space 10752K, 86% used [0x00000000dd500000,0x00000000dde18060,0x00000000ddf80000)
  to   space 11264K, 0% used [0x00000000dca00000,0x00000000dca00000,0x00000000dd500000)
 ParOldGen       total 329728K, used 78405K [0x0000000080000000, 0x0000000094200000, 0x00000000d5580000)
  object space 329728K, 23% used [0x0000000080000000,0x0000000084c916e0,0x0000000094200000)
 Metaspace       used 94974K, capacity 97962K, committed 99532K, reserved 1136640K
  class space    used 11331K, capacity 11805K, committed 12160K, reserved 1048576K
2023-10-17T15:12:19.525+0600: 3040003.768: [GC (Allocation Failure) [PSYoungGen: 128608K->6048K(130560K)] 207013K->84470K(460288K), 0.0147906 secs] [Times: user=0.01 sys=0.02, real=0.01 secs] 
Heap after GC invocations=817 (full 4):
 PSYoungGen      total 130560K, used 6048K [0x00000000d5580000, 0x00000000ddf80000, 0x0000000100000000)
  eden space 119296K, 0% used [0x00000000d5580000,0x00000000d5580000,0x00000000dca00000)
  from space 11264K, 53% used [0x00000000dca00000,0x00000000dcfe8270,0x00000000dd500000)
  to   space 10752K, 0% used [0x00000000dd500000,0x00000000dd500000,0x00000000ddf80000)
 ParOldGen       total 329728K, used 78421K [0x0000000080000000, 0x0000000094200000, 0x00000000d5580000)
  object space 329728K, 23% used [0x0000000080000000,0x0000000084c956e0,0x0000000094200000)
 Metaspace       used 94974K, capacity 97962K, committed 99532K, reserved 1136640K
  class space    used 11331K, capacity 11805K, committed 12160K, reserved 1048576K
}
{Heap before GC invocations=818 (full 4):
 PSYoungGen      total 130560K, used 125344K [0x00000000d5580000, 0x00000000ddf80000, 0x0000000100000000)
  eden space 119296K, 100% used [0x00000000d5580000,0x00000000dca00000,0x00000000dca00000)
  from space 11264K, 53% used [0x00000000dca00000,0x00000000dcfe8270,0x00000000dd500000)
  to   space 10752K, 0% used [0x00000000dd500000,0x00000000dd500000,0x00000000ddf80000)
 ParOldGen       total 329728K, used 78421K [0x0000000080000000, 0x0000000094200000, 0x00000000d5580000)
  object space 329728K, 23% used [0x0000000080000000,0x0000000084c956e0,0x0000000094200000)
 Metaspace       used 95004K, capacity 98034K, committed 99532K, reserved 1136640K
  class space    used 11338K, capacity 11817K, committed 12160K, reserved 1048576K
2023-10-17T16:20:51.761+0600: 3044116.004: [GC (Allocation Failure) [PSYoungGen: 125344K->6765K(130560K)] 203766K->85203K(460288K), 0.0192068 secs] [Times: user=0.01 sys=0.02, real=0.02 secs] 
Heap after GC invocations=818 (full 4):
 PSYoungGen      total 130560K, used 6765K [0x00000000d5580000, 0x00000000ddf80000, 0x0000000100000000)
  eden space 119808K, 0% used [0x00000000d5580000,0x00000000d5580000,0x00000000dca80000)
  from space 10752K, 62% used [0x00000000dd500000,0x00000000ddb9b710,0x00000000ddf80000)
  to   space 10752K, 0% used [0x00000000dca80000,0x00000000dca80000,0x00000000dd500000)
 ParOldGen       total 329728K, used 78437K [0x0000000080000000, 0x0000000094200000, 0x00000000d5580000)
  object space 329728K, 23% used [0x0000000080000000,0x0000000084c996e0,0x0000000094200000)
 Metaspace       used 95004K, capacity 98034K, committed 99532K, reserved 1136640K
  class space    used 11338K, capacity 11817K, committed 12160K, reserved 1048576K
}
{Heap before GC invocations=819 (full 4):
 PSYoungGen      total 130560K, used 126573K [0x00000000d5580000, 0x00000000ddf80000, 0x0000000100000000)
  eden space 119808K, 100% used [0x00000000d5580000,0x00000000dca80000,0x00000000dca80000)
  from space 10752K, 62% used [0x00000000dd500000,0x00000000ddb9b710,0x00000000ddf80000)
  to   space 10752K, 0% used [0x00000000dca80000,0x00000000dca80000,0x00000000dd500000)
 ParOldGen       total 329728K, used 78437K [0x0000000080000000, 0x0000000094200000, 0x00000000d5580000)
  object space 329728K, 23% used [0x0000000080000000,0x0000000084c996e0,0x0000000094200000)
 Metaspace       used 95011K, capacity 98034K, committed 99532K, reserved 1136640K
  class space    used 11339K, capacity 11817K, committed 12160K, reserved 1048576K
2023-10-17T17:34:53.536+0600: 3048557.779: [GC (Allocation Failure) [PSYoungGen: 126573K->5123K(130560K)] 205011K->83577K(460288K), 0.0187101 secs] [Times: user=0.03 sys=0.00, real=0.02 secs] 
Heap after GC invocations=819 (full 4):
 PSYoungGen      total 130560K, used 5123K [0x00000000d5580000, 0x00000000de000000, 0x0000000100000000)
  eden space 119808K, 0% used [0x00000000d5580000,0x00000000d5580000,0x00000000dca80000)
  from space 10752K, 47% used [0x00000000dca80000,0x00000000dcf80f10,0x00000000dd500000)
  to   space 10752K, 0% used [0x00000000dd580000,0x00000000dd580000,0x00000000de000000)
 ParOldGen       total 329728K, used 78453K [0x0000000080000000, 0x0000000094200000, 0x00000000d5580000)
  object space 329728K, 23% used [0x0000000080000000,0x0000000084c9d6e0,0x0000000094200000)
 Metaspace       used 95011K, capacity 98034K, committed 99532K, reserved 1136640K
  class space    used 11339K, capacity 11817K, committed 12160K, reserved 1048576K
}
{Heap before GC invocations=820 (full 4):
 PSYoungGen      total 130560K, used 124927K [0x00000000d5580000, 0x00000000de000000, 0x0000000100000000)
  eden space 119808K, 99% used [0x00000000d5580000,0x00000000dca7eef0,0x00000000dca80000)
  from space 10752K, 47% used [0x00000000dca80000,0x00000000dcf80f10,0x00000000dd500000)
  to   space 10752K, 0% used [0x00000000dd580000,0x00000000dd580000,0x00000000de000000)
 ParOldGen       total 329728K, used 78453K [0x0000000080000000, 0x0000000094200000, 0x00000000d5580000)
  object space 329728K, 23% used [0x0000000080000000,0x0000000084c9d6e0,0x0000000094200000)
 Metaspace       used 95060K, capacity 98166K, committed 99532K, reserved 1136640K
  class space    used 11351K, capacity 11839K, committed 12160K, reserved 1048576K
2023-10-17T18:40:44.777+0600: 3052509.020: [GC (Allocation Failure) [PSYoungGen: 124927K->6229K(130048K)] 203381K->84699K(459776K), 0.0187979 secs] [Times: user=0.04 sys=0.00, real=0.02 secs] 
Heap after GC invocations=820 (full 4):
 PSYoungGen      total 130048K, used 6229K [0x00000000d5580000, 0x00000000ddf00000, 0x0000000100000000)
  eden space 120320K, 0% used [0x00000000d5580000,0x00000000d5580000,0x00000000dcb00000)
  from space 9728K, 64% used [0x00000000dd580000,0x00000000ddb95620,0x00000000ddf00000)
  to   space 10240K, 0% used [0x00000000dcb00000,0x00000000dcb00000,0x00000000dd500000)
 ParOldGen       total 329728K, used 78469K [0x0000000080000000, 0x0000000094200000, 0x00000000d5580000)
  object space 329728K, 23% used [0x0000000080000000,0x0000000084ca16e0,0x0000000094200000)
 Metaspace       used 95060K, capacity 98166K, committed 99532K, reserved 1136640K
  class space    used 11351K, capacity 11839K, committed 12160K, reserved 1048576K
}
{Heap before GC invocations=821 (full 4):
 PSYoungGen      total 130048K, used 126549K [0x00000000d5580000, 0x00000000ddf00000, 0x0000000100000000)
  eden space 120320K, 100% used [0x00000000d5580000,0x00000000dcb00000,0x00000000dcb00000)
  from space 9728K, 64% used [0x00000000dd580000,0x00000000ddb95620,0x00000000ddf00000)
  to   space 10240K, 0% used [0x00000000dcb00000,0x00000000dcb00000,0x00000000dd500000)
 ParOldGen       total 329728K, used 78469K [0x0000000080000000, 0x0000000094200000, 0x00000000d5580000)
  object space 329728K, 23% used [0x0000000080000000,0x0000000084ca16e0,0x0000000094200000)
 Metaspace       used 95080K, capacity 98214K, committed 99532K, reserved 1136640K
  class space    used 11355K, capacity 11847K, committed 12160K, reserved 1048576K
2023-10-17T19:29:35.026+0600: 3055439.269: [GC (Allocation Failure) [PSYoungGen: 126549K->7785K(130560K)] 205019K->86271K(460288K), 0.0206194 secs] [Times: user=0.01 sys=0.02, real=0.02 secs] 
Heap after GC invocations=821 (full 4):
 PSYoungGen      total 130560K, used 7785K [0x00000000d5580000, 0x00000000ddf80000, 0x0000000100000000)
  eden space 120320K, 0% used [0x00000000d5580000,0x00000000d5580000,0x00000000dcb00000)
  from space 10240K, 76% used [0x00000000dcb00000,0x00000000dd29a5c0,0x00000000dd500000)
  to   space 10240K, 0% used [0x00000000dd580000,0x00000000dd580000,0x00000000ddf80000)
 ParOldGen       total 329728K, used 78485K [0x0000000080000000, 0x0000000094200000, 0x00000000d5580000)
  object space 329728K, 23% used [0x0000000080000000,0x0000000084ca56e0,0x0000000094200000)
 Metaspace       used 95080K, capacity 98214K, committed 99532K, reserved 1136640K
  class space    used 11355K, capacity 11847K, committed 12160K, reserved 1048576K
}
{Heap before GC invocations=822 (full 4):
 PSYoungGen      total 130560K, used 128105K [0x00000000d5580000, 0x00000000ddf80000, 0x0000000100000000)
  eden space 120320K, 100% used [0x00000000d5580000,0x00000000dcb00000,0x00000000dcb00000)
  from space 10240K, 76% used [0x00000000dcb00000,0x00000000dd29a5c0,0x00000000dd500000)
  to   space 10240K, 0% used [0x00000000dd580000,0x00000000dd580000,0x00000000ddf80000)
 ParOldGen       total 329728K, used 78485K [0x0000000080000000, 0x0000000094200000, 0x00000000d5580000)
  object space 329728K, 23% used [0x0000000080000000,0x0000000084ca56e0,0x0000000094200000)
 Metaspace       used 95080K, capacity 98214K, committed 99532K, reserved 1136640K
  class space    used 11355K, capacity 11847K, committed 12160K, reserved 1048576K
2023-10-17T20:35:10.179+0600: 3059374.422: [GC (Allocation Failure) [PSYoungGen: 128105K->5589K(131072K)] 206591K->84074K(460800K), 0.0190439 secs] [Times: user=0.01 sys=0.02, real=0.02 secs] 
Heap after GC invocations=822 (full 4):
 PSYoungGen      total 131072K, used 5589K [0x00000000d5580000, 0x00000000ddf80000, 0x0000000100000000)
  eden space 120832K, 0% used [0x00000000d5580000,0x00000000d5580000,0x00000000dcb80000)
  from space 10240K, 54% used [0x00000000dd580000,0x00000000ddaf5420,0x00000000ddf80000)
  to   space 10240K, 0% used [0x00000000dcb80000,0x00000000dcb80000,0x00000000dd580000)
 ParOldGen       total 329728K, used 78485K [0x0000000080000000, 0x0000000094200000, 0x00000000d5580000)
  object space 329728K, 23% used [0x0000000080000000,0x0000000084ca56e0,0x0000000094200000)
 Metaspace       used 95080K, capacity 98214K, committed 99532K, reserved 1136640K
  class space    used 11355K, capacity 11847K, committed 12160K, reserved 1048576K
}
{Heap before GC invocations=823 (full 4):
 PSYoungGen      total 131072K, used 126421K [0x00000000d5580000, 0x00000000ddf80000, 0x0000000100000000)
  eden space 120832K, 100% used [0x00000000d5580000,0x00000000dcb80000,0x00000000dcb80000)
  from space 10240K, 54% used [0x00000000dd580000,0x00000000ddaf5420,0x00000000ddf80000)
  to   space 10240K, 0% used [0x00000000dcb80000,0x00000000dcb80000,0x00000000dd580000)
 ParOldGen       total 329728K, used 78485K [0x0000000080000000, 0x0000000094200000, 0x00000000d5580000)
  object space 329728K, 23% used [0x0000000080000000,0x0000000084ca56e0,0x0000000094200000)
 Metaspace       used 95080K, capacity 98214K, committed 99532K, reserved 1136640K
  class space    used 11355K, capacity 11847K, committed 12160K, reserved 1048576K
2023-10-17T22:14:55.585+0600: 3065359.828: [GC (Allocation Failure) [PSYoungGen: 126421K->3392K(131072K)] 204906K->81877K(460800K), 0.0203766 secs] [Times: user=0.04 sys=0.00, real=0.02 secs] 
Heap after GC invocations=823 (full 4):
 PSYoungGen      total 131072K, used 3392K [0x00000000d5580000, 0x00000000de000000, 0x0000000100000000)
  eden space 120832K, 0% used [0x00000000d5580000,0x00000000d5580000,0x00000000dcb80000)
  from space 10240K, 33% used [0x00000000dcb80000,0x00000000dced0000,0x00000000dd580000)
  to   space 10240K, 0% used [0x00000000dd600000,0x00000000dd600000,0x00000000de000000)
 ParOldGen       total 329728K, used 78485K [0x0000000080000000, 0x0000000094200000, 0x00000000d5580000)
  object space 329728K, 23% used [0x0000000080000000,0x0000000084ca56e0,0x0000000094200000)
 Metaspace       used 95080K, capacity 98214K, committed 99532K, reserved 1136640K
  class space    used 11355K, capacity 11847K, committed 12160K, reserved 1048576K
}
{Heap before GC invocations=824 (full 4):
 PSYoungGen      total 131072K, used 124224K [0x00000000d5580000, 0x00000000de000000, 0x0000000100000000)
  eden space 120832K, 100% used [0x00000000d5580000,0x00000000dcb80000,0x00000000dcb80000)
  from space 10240K, 33% used [0x00000000dcb80000,0x00000000dced0000,0x00000000dd580000)
  to   space 10240K, 0% used [0x00000000dd600000,0x00000000dd600000,0x00000000de000000)
 ParOldGen       total 329728K, used 78485K [0x0000000080000000, 0x0000000094200000, 0x00000000d5580000)
  object space 329728K, 23% used [0x0000000080000000,0x0000000084ca56e0,0x0000000094200000)
 Metaspace       used 95080K, capacity 98214K, committed 99532K, reserved 1136640K
  class space    used 11355K, capacity 11847K, committed 12160K, reserved 1048576K
2023-10-17T23:52:56.980+0600: 3071241.223: [GC (Allocation Failure) [PSYoungGen: 124224K->3392K(131584K)] 202709K->81877K(461312K), 0.0169160 secs] [Times: user=0.02 sys=0.02, real=0.02 secs] 
Heap after GC invocations=824 (full 4):
 PSYoungGen      total 131584K, used 3392K [0x00000000d5580000, 0x00000000de000000, 0x0000000100000000)
  eden space 121344K, 0% used [0x00000000d5580000,0x00000000d5580000,0x00000000dcc00000)
  from space 10240K, 33% used [0x00000000dd600000,0x00000000dd950000,0x00000000de000000)
  to   space 10240K, 0% used [0x00000000dcc00000,0x00000000dcc00000,0x00000000dd600000)
 ParOldGen       total 329728K, used 78485K [0x0000000080000000, 0x0000000094200000, 0x00000000d5580000)
  object space 329728K, 23% used [0x0000000080000000,0x0000000084ca56e0,0x0000000094200000)
 Metaspace       used 95080K, capacity 98214K, committed 99532K, reserved 1136640K
  class space    used 11355K, capacity 11847K, committed 12160K, reserved 1048576K
}
{Heap before GC invocations=825 (full 4):
 PSYoungGen      total 131584K, used 124736K [0x00000000d5580000, 0x00000000de000000, 0x0000000100000000)
  eden space 121344K, 100% used [0x00000000d5580000,0x00000000dcc00000,0x00000000dcc00000)
  from space 10240K, 33% used [0x00000000dd600000,0x00000000dd950000,0x00000000de000000)
  to   space 10240K, 0% used [0x00000000dcc00000,0x00000000dcc00000,0x00000000dd600000)
 ParOldGen       total 329728K, used 78485K [0x0000000080000000, 0x0000000094200000, 0x00000000d5580000)
  object space 329728K, 23% used [0x0000000080000000,0x0000000084ca56e0,0x0000000094200000)
 Metaspace       used 95080K, capacity 98214K, committed 99532K, reserved 1136640K
  class space    used 11355K, capacity 11847K, committed 12160K, reserved 1048576K
2023-10-18T01:30:52.801+0600: 3077117.044: [GC (Allocation Failure) [PSYoungGen: 124736K->3392K(131584K)] 203221K->81877K(461312K), 0.0155799 secs] [Times: user=0.01 sys=0.02, real=0.02 secs] 
Heap after GC invocations=825 (full 4):
 PSYoungGen      total 131584K, used 3392K [0x00000000d5580000, 0x00000000de080000, 0x0000000100000000)
  eden space 121344K, 0% used [0x00000000d5580000,0x00000000d5580000,0x00000000dcc00000)
  from space 10240K, 33% used [0x00000000dcc00000,0x00000000dcf50000,0x00000000dd600000)
  to   space 10240K, 0% used [0x00000000dd680000,0x00000000dd680000,0x00000000de080000)
 ParOldGen       total 329728K, used 78485K [0x0000000080000000, 0x0000000094200000, 0x00000000d5580000)
  object space 329728K, 23% used [0x0000000080000000,0x0000000084ca56e0,0x0000000094200000)
 Metaspace       used 95080K, capacity 98214K, committed 99532K, reserved 1136640K
  class space    used 11355K, capacity 11847K, committed 12160K, reserved 1048576K
}
{Heap before GC invocations=826 (full 4):
 PSYoungGen      total 131584K, used 124736K [0x00000000d5580000, 0x00000000de080000, 0x0000000100000000)
  eden space 121344K, 100% used [0x00000000d5580000,0x00000000dcc00000,0x00000000dcc00000)
  from space 10240K, 33% used [0x00000000dcc00000,0x00000000dcf50000,0x00000000dd600000)
  to   space 10240K, 0% used [0x00000000dd680000,0x00000000dd680000,0x00000000de080000)
 ParOldGen       total 329728K, used 78485K [0x0000000080000000, 0x0000000094200000, 0x00000000d5580000)
  object space 329728K, 23% used [0x0000000080000000,0x0000000084ca56e0,0x0000000094200000)
 Metaspace       used 95080K, capacity 98214K, committed 99532K, reserved 1136640K
  class space    used 11355K, capacity 11847K, committed 12160K, reserved 1048576K
2023-10-18T03:09:50.775+0600: 3083055.018: [GC (Allocation Failure) [PSYoungGen: 124736K->3378K(132096K)] 203221K->81863K(461824K), 0.0165002 secs] [Times: user=0.02 sys=0.01, real=0.01 secs] 
Heap after GC invocations=826 (full 4):
 PSYoungGen      total 132096K, used 3378K [0x00000000d5580000, 0x00000000de080000, 0x0000000100000000)
  eden space 121856K, 0% used [0x00000000d5580000,0x00000000d5580000,0x00000000dcc80000)
  from space 10240K, 32% used [0x00000000dd680000,0x00000000dd9cc810,0x00000000de080000)
  to   space 10240K, 0% used [0x00000000dcc80000,0x00000000dcc80000,0x00000000dd680000)
 ParOldGen       total 329728K, used 78485K [0x0000000080000000, 0x0000000094200000, 0x00000000d5580000)
  object space 329728K, 23% used [0x0000000080000000,0x0000000084ca56e0,0x0000000094200000)
 Metaspace       used 95080K, capacity 98214K, committed 99532K, reserved 1136640K
  class space    used 11355K, capacity 11847K, committed 12160K, reserved 1048576K
}
{Heap before GC invocations=827 (full 4):
 PSYoungGen      total 132096K, used 125234K [0x00000000d5580000, 0x00000000de080000, 0x0000000100000000)
  eden space 121856K, 100% used [0x00000000d5580000,0x00000000dcc80000,0x00000000dcc80000)
  from space 10240K, 32% used [0x00000000dd680000,0x00000000dd9cc810,0x00000000de080000)
  to   space 10240K, 0% used [0x00000000dcc80000,0x00000000dcc80000,0x00000000dd680000)
 ParOldGen       total 329728K, used 78485K [0x0000000080000000, 0x0000000094200000, 0x00000000d5580000)
  object space 329728K, 23% used [0x0000000080000000,0x0000000084ca56e0,0x0000000094200000)
 Metaspace       used 95080K, capacity 98214K, committed 99532K, reserved 1136640K
  class space    used 11355K, capacity 11847K, committed 12160K, reserved 1048576K
2023-10-18T04:48:48.638+0600: 3088992.881: [GC (Allocation Failure) [PSYoungGen: 125234K->3378K(132096K)] 203719K->81895K(461824K), 0.0143156 secs] [Times: user=0.01 sys=0.01, real=0.01 secs] 
Heap after GC invocations=827 (full 4):
 PSYoungGen      total 132096K, used 3378K [0x00000000d5580000, 0x00000000de100000, 0x0000000100000000)
  eden space 121856K, 0% used [0x00000000d5580000,0x00000000d5580000,0x00000000dcc80000)
  from space 10240K, 32% used [0x00000000dcc80000,0x00000000dcfcc810,0x00000000dd680000)
  to   space 10240K, 0% used [0x00000000dd700000,0x00000000dd700000,0x00000000de100000)
 ParOldGen       total 329728K, used 78517K [0x0000000080000000, 0x0000000094200000, 0x00000000d5580000)
  object space 329728K, 23% used [0x0000000080000000,0x0000000084cad630,0x0000000094200000)
 Metaspace       used 95080K, capacity 98214K, committed 99532K, reserved 1136640K
  class space    used 11355K, capacity 11847K, committed 12160K, reserved 1048576K
}
{Heap before GC invocations=828 (full 4):
 PSYoungGen      total 132096K, used 125234K [0x00000000d5580000, 0x00000000de100000, 0x0000000100000000)
  eden space 121856K, 100% used [0x00000000d5580000,0x00000000dcc80000,0x00000000dcc80000)
  from space 10240K, 32% used [0x00000000dcc80000,0x00000000dcfcc810,0x00000000dd680000)
  to   space 10240K, 0% used [0x00000000dd700000,0x00000000dd700000,0x00000000de100000)
 ParOldGen       total 329728K, used 78517K [0x0000000080000000, 0x0000000094200000, 0x00000000d5580000)
  object space 329728K, 23% used [0x0000000080000000,0x0000000084cad630,0x0000000094200000)
 Metaspace       used 95080K, capacity 98214K, committed 99532K, reserved 1136640K
  class space    used 11355K, capacity 11847K, committed 12160K, reserved 1048576K
2023-10-18T06:27:42.941+0600: 3094927.185: [GC (Allocation Failure) [PSYoungGen: 125234K->3346K(131584K)] 203751K->81887K(461312K), 0.0164261 secs] [Times: user=0.01 sys=0.02, real=0.02 secs] 
Heap after GC invocations=828 (full 4):
 PSYoungGen      total 131584K, used 3346K [0x00000000d5580000, 0x00000000de000000, 0x0000000100000000)
  eden space 122368K, 0% used [0x00000000d5580000,0x00000000d5580000,0x00000000dcd00000)
  from space 9216K, 36% used [0x00000000dd700000,0x00000000dda44810,0x00000000de000000)
  to   space 9728K, 0% used [0x00000000dcd00000,0x00000000dcd00000,0x00000000dd680000)
 ParOldGen       total 329728K, used 78541K [0x0000000080000000, 0x0000000094200000, 0x00000000d5580000)
  object space 329728K, 23% used [0x0000000080000000,0x0000000084cb3640,0x0000000094200000)
 Metaspace       used 95080K, capacity 98214K, committed 99532K, reserved 1136640K
  class space    used 11355K, capacity 11847K, committed 12160K, reserved 1048576K
}
{Heap before GC invocations=829 (full 4):
 PSYoungGen      total 131584K, used 125708K [0x00000000d5580000, 0x00000000de000000, 0x0000000100000000)
  eden space 122368K, 99% used [0x00000000d5580000,0x00000000dccfe988,0x00000000dcd00000)
  from space 9216K, 36% used [0x00000000dd700000,0x00000000dda44810,0x00000000de000000)
  to   space 9728K, 0% used [0x00000000dcd00000,0x00000000dcd00000,0x00000000dd680000)
 ParOldGen       total 329728K, used 78541K [0x0000000080000000, 0x0000000094200000, 0x00000000d5580000)
  object space 329728K, 23% used [0x0000000080000000,0x0000000084cb3640,0x0000000094200000)
 Metaspace       used 95080K, capacity 98214K, committed 99532K, reserved 1136640K
  class space    used 11355K, capacity 11847K, committed 12160K, reserved 1048576K
2023-10-18T08:08:45.320+0600: 3100989.564: [GC (Allocation Failure) [PSYoungGen: 125708K->3296K(132096K)] 204249K->81853K(461824K), 0.0155323 secs] [Times: user=0.01 sys=0.02, real=0.02 secs] 
Heap after GC invocations=829 (full 4):
 PSYoungGen      total 132096K, used 3296K [0x00000000d5580000, 0x00000000de080000, 0x0000000100000000)
  eden space 122368K, 0% used [0x00000000d5580000,0x00000000d5580000,0x00000000dcd00000)
  from space 9728K, 33% used [0x00000000dcd00000,0x00000000dd038000,0x00000000dd680000)
  to   space 9728K, 0% used [0x00000000dd700000,0x00000000dd700000,0x00000000de080000)
 ParOldGen       total 329728K, used 78557K [0x0000000080000000, 0x0000000094200000, 0x00000000d5580000)
  object space 329728K, 23% used [0x0000000080000000,0x0000000084cb7640,0x0000000094200000)
 Metaspace       used 95080K, capacity 98214K, committed 99532K, reserved 1136640K
  class space    used 11355K, capacity 11847K, committed 12160K, reserved 1048576K
}
{Heap before GC invocations=830 (full 4):
 PSYoungGen      total 132096K, used 125664K [0x00000000d5580000, 0x00000000de080000, 0x0000000100000000)
  eden space 122368K, 100% used [0x00000000d5580000,0x00000000dcd00000,0x00000000dcd00000)
  from space 9728K, 33% used [0x00000000dcd00000,0x00000000dd038000,0x00000000dd680000)
  to   space 9728K, 0% used [0x00000000dd700000,0x00000000dd700000,0x00000000de080000)
 ParOldGen       total 329728K, used 78557K [0x0000000080000000, 0x0000000094200000, 0x00000000d5580000)
  object space 329728K, 23% used [0x0000000080000000,0x0000000084cb7640,0x0000000094200000)
 Metaspace       used 95080K, capacity 98214K, committed 99532K, reserved 1136640K
  class space    used 11355K, capacity 11847K, committed 12160K, reserved 1048576K
2023-10-18T09:39:04.726+0600: 3106408.969: [GC (Allocation Failure) [PSYoungGen: 125664K->4433K(131584K)] 204221K->83015K(461312K), 0.0196159 secs] [Times: user=0.01 sys=0.02, real=0.02 secs] 
Heap after GC invocations=830 (full 4):
 PSYoungGen      total 131584K, used 4433K [0x00000000d5580000, 0x00000000ddf80000, 0x0000000100000000)
  eden space 122880K, 0% used [0x00000000d5580000,0x00000000d5580000,0x00000000dcd80000)
  from space 8704K, 50% used [0x00000000dd700000,0x00000000ddb546f0,0x00000000ddf80000)
  to   space 9216K, 0% used [0x00000000dcd80000,0x00000000dcd80000,0x00000000dd680000)
 ParOldGen       total 329728K, used 78581K [0x0000000080000000, 0x0000000094200000, 0x00000000d5580000)
  object space 329728K, 23% used [0x0000000080000000,0x0000000084cbd590,0x0000000094200000)
 Metaspace       used 95080K, capacity 98214K, committed 99532K, reserved 1136640K
  class space    used 11355K, capacity 11847K, committed 12160K, reserved 1048576K
}
{Heap before GC invocations=831 (full 4):
 PSYoungGen      total 131584K, used 127313K [0x00000000d5580000, 0x00000000ddf80000, 0x0000000100000000)
  eden space 122880K, 100% used [0x00000000d5580000,0x00000000dcd80000,0x00000000dcd80000)
  from space 8704K, 50% used [0x00000000dd700000,0x00000000ddb546f0,0x00000000ddf80000)
  to   space 9216K, 0% used [0x00000000dcd80000,0x00000000dcd80000,0x00000000dd680000)
 ParOldGen       total 329728K, used 78581K [0x0000000080000000, 0x0000000094200000, 0x00000000d5580000)
  object space 329728K, 23% used [0x0000000080000000,0x0000000084cbd590,0x0000000094200000)
 Metaspace       used 95080K, capacity 98214K, committed 99532K, reserved 1136640K
  class space    used 11355K, capacity 11847K, committed 12160K, reserved 1048576K
2023-10-18T11:15:45.546+0600: 3112209.789: [GC (Allocation Failure) [PSYoungGen: 127313K->3648K(132096K)] 205895K->82261K(461824K), 0.0187556 secs] [Times: user=0.02 sys=0.01, real=0.02 secs] 
Heap after GC invocations=831 (full 4):
 PSYoungGen      total 132096K, used 3648K [0x00000000d5580000, 0x00000000de000000, 0x0000000100000000)
  eden space 122880K, 0% used [0x00000000d5580000,0x00000000d5580000,0x00000000dcd80000)
  from space 9216K, 39% used [0x00000000dcd80000,0x00000000dd110020,0x00000000dd680000)
  to   space 9216K, 0% used [0x00000000dd700000,0x00000000dd700000,0x00000000de000000)
 ParOldGen       total 329728K, used 78613K [0x0000000080000000, 0x0000000094200000, 0x00000000d5580000)
  object space 329728K, 23% used [0x0000000080000000,0x0000000084cc5590,0x0000000094200000)
 Metaspace       used 95080K, capacity 98214K, committed 99532K, reserved 1136640K
  class space    used 11355K, capacity 11847K, committed 12160K, reserved 1048576K
}
{Heap before GC invocations=832 (full 4):
 PSYoungGen      total 132096K, used 126528K [0x00000000d5580000, 0x00000000de000000, 0x0000000100000000)
  eden space 122880K, 100% used [0x00000000d5580000,0x00000000dcd80000,0x00000000dcd80000)
  from space 9216K, 39% used [0x00000000dcd80000,0x00000000dd110020,0x00000000dd680000)
  to   space 9216K, 0% used [0x00000000dd700000,0x00000000dd700000,0x00000000de000000)
 ParOldGen       total 329728K, used 78613K [0x0000000080000000, 0x0000000094200000, 0x00000000d5580000)
  object space 329728K, 23% used [0x0000000080000000,0x0000000084cc5590,0x0000000094200000)
 Metaspace       used 95080K, capacity 98214K, committed 99532K, reserved 1136640K
  class space    used 11355K, capacity 11847K, committed 12160K, reserved 1048576K
2023-10-18T12:26:34.147+0600: 3116458.390: [GC (Allocation Failure) [PSYoungGen: 126528K->5620K(131584K)] 205141K->84250K(461312K), 0.0192906 secs] [Times: user=0.03 sys=0.00, real=0.02 secs] 
Heap after GC invocations=832 (full 4):
 PSYoungGen      total 131584K, used 5620K [0x00000000d5580000, 0x00000000ddf00000, 0x0000000100000000)
  eden space 123392K, 0% used [0x00000000d5580000,0x00000000d5580000,0x00000000dce00000)
  from space 8192K, 68% used [0x00000000dd700000,0x00000000ddc7d3d0,0x00000000ddf00000)
  to   space 8704K, 0% used [0x00000000dce00000,0x00000000dce00000,0x00000000dd680000)
 ParOldGen       total 329728K, used 78629K [0x0000000080000000, 0x0000000094200000, 0x00000000d5580000)
  object space 329728K, 23% used [0x0000000080000000,0x0000000084cc9590,0x0000000094200000)
 Metaspace       used 95080K, capacity 98214K, committed 99532K, reserved 1136640K
  class space    used 11355K, capacity 11847K, committed 12160K, reserved 1048576K
}
{Heap before GC invocations=833 (full 4):
 PSYoungGen      total 131584K, used 129012K [0x00000000d5580000, 0x00000000ddf00000, 0x0000000100000000)
  eden space 123392K, 100% used [0x00000000d5580000,0x00000000dce00000,0x00000000dce00000)
  from space 8192K, 68% used [0x00000000dd700000,0x00000000ddc7d3d0,0x00000000ddf00000)
  to   space 8704K, 0% used [0x00000000dce00000,0x00000000dce00000,0x00000000dd680000)
 ParOldGen       total 329728K, used 78629K [0x0000000080000000, 0x0000000094200000, 0x00000000d5580000)
  object space 329728K, 23% used [0x0000000080000000,0x0000000084cc9590,0x0000000094200000)
 Metaspace       used 95123K, capacity 98310K, committed 99532K, reserved 1136640K
  class space    used 11364K, capacity 11863K, committed 12160K, reserved 1048576K
2023-10-18T13:13:50.300+0600: 3119294.543: [GC (Allocation Failure) [PSYoungGen: 129012K->8677K(132096K)] 207642K->87459K(461824K), 0.0202337 secs] [Times: user=0.01 sys=0.02, real=0.02 secs] 
Heap after GC invocations=833 (full 4):
 PSYoungGen      total 132096K, used 8677K [0x00000000d5580000, 0x00000000de280000, 0x0000000100000000)
  eden space 123392K, 0% used [0x00000000d5580000,0x00000000d5580000,0x00000000dce00000)
  from space 8704K, 99% used [0x00000000dce00000,0x00000000dd6794f0,0x00000000dd680000)
  to   space 10240K, 0% used [0x00000000dd880000,0x00000000dd880000,0x00000000de280000)
 ParOldGen       total 329728K, used 78782K [0x0000000080000000, 0x0000000094200000, 0x00000000d5580000)
  object space 329728K, 23% used [0x0000000080000000,0x0000000084cef800,0x0000000094200000)
 Metaspace       used 95123K, capacity 98310K, committed 99532K, reserved 1136640K
  class space    used 11364K, capacity 11863K, committed 12160K, reserved 1048576K
}
{Heap before GC invocations=834 (full 4):
 PSYoungGen      total 132096K, used 132069K [0x00000000d5580000, 0x00000000de280000, 0x0000000100000000)
  eden space 123392K, 100% used [0x00000000d5580000,0x00000000dce00000,0x00000000dce00000)
  from space 8704K, 99% used [0x00000000dce00000,0x00000000dd6794f0,0x00000000dd680000)
  to   space 10240K, 0% used [0x00000000dd880000,0x00000000dd880000,0x00000000de280000)
 ParOldGen       total 329728K, used 78782K [0x0000000080000000, 0x0000000094200000, 0x00000000d5580000)
  object space 329728K, 23% used [0x0000000080000000,0x0000000084cef800,0x0000000094200000)
 Metaspace       used 95125K, capacity 98310K, committed 99532K, reserved 1136640K
  class space    used 11364K, capacity 11863K, committed 12160K, reserved 1048576K
2023-10-18T14:23:28.570+0600: 3123472.814: [GC (Allocation Failure) [PSYoungGen: 132069K->6261K(134144K)] 210851K->85185K(463872K), 0.0213395 secs] [Times: user=0.02 sys=0.02, real=0.02 secs] 
Heap after GC invocations=834 (full 4):
 PSYoungGen      total 134144K, used 6261K [0x00000000d5580000, 0x00000000de280000, 0x0000000100000000)
  eden space 123904K, 0% used [0x00000000d5580000,0x00000000d5580000,0x00000000dce80000)
  from space 10240K, 61% used [0x00000000dd880000,0x00000000dde9d4d0,0x00000000de280000)
  to   space 10240K, 0% used [0x00000000dce80000,0x00000000dce80000,0x00000000dd880000)
 ParOldGen       total 329728K, used 78924K [0x0000000080000000, 0x0000000094200000, 0x00000000d5580000)
  object space 329728K, 23% used [0x0000000080000000,0x0000000084d13020,0x0000000094200000)
 Metaspace       used 95125K, capacity 98310K, committed 99532K, reserved 1136640K
  class space    used 11364K, capacity 11863K, committed 12160K, reserved 1048576K
}
{Heap before GC invocations=835 (full 4):
 PSYoungGen      total 134144K, used 130165K [0x00000000d5580000, 0x00000000de280000, 0x0000000100000000)
  eden space 123904K, 100% used [0x00000000d5580000,0x00000000dce80000,0x00000000dce80000)
  from space 10240K, 61% used [0x00000000dd880000,0x00000000dde9d4d0,0x00000000de280000)
  to   space 10240K, 0% used [0x00000000dce80000,0x00000000dce80000,0x00000000dd880000)
 ParOldGen       total 329728K, used 78924K [0x0000000080000000, 0x0000000094200000, 0x00000000d5580000)
  object space 329728K, 23% used [0x0000000080000000,0x0000000084d13020,0x0000000094200000)
 Metaspace       used 95161K, capacity 98382K, committed 99532K, reserved 1136640K
  class space    used 11371K, capacity 11875K, committed 12160K, reserved 1048576K
2023-10-18T14:59:03.362+0600: 3125607.605: [GC (Allocation Failure) [PSYoungGen: 130165K->8533K(134144K)] 209089K->87457K(463872K), 0.0128489 secs] [Times: user=0.01 sys=0.01, real=0.02 secs] 
Heap after GC invocations=835 (full 4):
 PSYoungGen      total 134144K, used 8533K [0x00000000d5580000, 0x00000000de400000, 0x0000000100000000)
  eden space 123904K, 0% used [0x00000000d5580000,0x00000000d5580000,0x00000000dce80000)
  from space 10240K, 83% used [0x00000000dce80000,0x00000000dd6d56f0,0x00000000dd880000)
  to   space 10752K, 0% used [0x00000000dd980000,0x00000000dd980000,0x00000000de400000)
 ParOldGen       total 329728K, used 78924K [0x0000000080000000, 0x0000000094200000, 0x00000000d5580000)
  object space 329728K, 23% used [0x0000000080000000,0x0000000084d13020,0x0000000094200000)
 Metaspace       used 95161K, capacity 98382K, committed 99532K, reserved 1136640K
  class space    used 11371K, capacity 11875K, committed 12160K, reserved 1048576K
}
{Heap before GC invocations=836 (full 4):
 PSYoungGen      total 134144K, used 132437K [0x00000000d5580000, 0x00000000de400000, 0x0000000100000000)
  eden space 123904K, 100% used [0x00000000d5580000,0x00000000dce80000,0x00000000dce80000)
  from space 10240K, 83% used [0x00000000dce80000,0x00000000dd6d56f0,0x00000000dd880000)
  to   space 10752K, 0% used [0x00000000dd980000,0x00000000dd980000,0x00000000de400000)
 ParOldGen       total 329728K, used 78924K [0x0000000080000000, 0x0000000094200000, 0x00000000d5580000)
  object space 329728K, 23% used [0x0000000080000000,0x0000000084d13020,0x0000000094200000)
 Metaspace       used 95161K, capacity 98382K, committed 99532K, reserved 1136640K
  class space    used 11371K, capacity 11875K, committed 12160K, reserved 1048576K
2023-10-18T15:37:23.955+0600: 3127908.199: [GC (Allocation Failure) [PSYoungGen: 132437K->9898K(134144K)] 211361K->88846K(463872K), 0.0271711 secs] [Times: user=0.01 sys=0.03, real=0.02 secs] 
Heap after GC invocations=836 (full 4):
 PSYoungGen      total 134144K, used 9898K [0x00000000d5580000, 0x00000000de600000, 0x0000000100000000)
  eden space 123392K, 0% used [0x00000000d5580000,0x00000000d5580000,0x00000000dce00000)
  from space 10752K, 92% used [0x00000000dd980000,0x00000000de32ab50,0x00000000de400000)
  to   space 11776K, 0% used [0x00000000dce00000,0x00000000dce00000,0x00000000dd980000)
 ParOldGen       total 329728K, used 78948K [0x0000000080000000, 0x0000000094200000, 0x00000000d5580000)
  object space 329728K, 23% used [0x0000000080000000,0x0000000084d19020,0x0000000094200000)
 Metaspace       used 95161K, capacity 98382K, committed 99532K, reserved 1136640K
  class space    used 11371K, capacity 11875K, committed 12160K, reserved 1048576K
}
{Heap before GC invocations=837 (full 4):
 PSYoungGen      total 134144K, used 133285K [0x00000000d5580000, 0x00000000de600000, 0x0000000100000000)
  eden space 123392K, 99% used [0x00000000d5580000,0x00000000dcdfec08,0x00000000dce00000)
  from space 10752K, 92% used [0x00000000dd980000,0x00000000de32ab50,0x00000000de400000)
  to   space 11776K, 0% used [0x00000000dce00000,0x00000000dce00000,0x00000000dd980000)
 ParOldGen       total 329728K, used 78948K [0x0000000080000000, 0x0000000094200000, 0x00000000d5580000)
  object space 329728K, 23% used [0x0000000080000000,0x0000000084d19020,0x0000000094200000)
 Metaspace       used 95179K, capacity 98442K, committed 99532K, reserved 1136640K
  class space    used 11376K, capacity 11885K, committed 12160K, reserved 1048576K
2023-10-18T16:57:57.476+0600: 3132741.719: [GC (Allocation Failure) [PSYoungGen: 133285K->4529K(135168K)] 212233K->83493K(464896K), 0.0133679 secs] [Times: user=0.01 sys=0.02, real=0.01 secs] 
Heap after GC invocations=837 (full 4):
 PSYoungGen      total 135168K, used 4529K [0x00000000d5580000, 0x00000000de580000, 0x0000000100000000)
  eden space 123392K, 0% used [0x00000000d5580000,0x00000000d5580000,0x00000000dce00000)
  from space 11776K, 38% used [0x00000000dce00000,0x00000000dd26c4b0,0x00000000dd980000)
  to   space 11776K, 0% used [0x00000000dda00000,0x00000000dda00000,0x00000000de580000)
 ParOldGen       total 329728K, used 78964K [0x0000000080000000, 0x0000000094200000, 0x00000000d5580000)
  object space 329728K, 23% used [0x0000000080000000,0x0000000084d1d020,0x0000000094200000)
 Metaspace       used 95179K, capacity 98442K, committed 99532K, reserved 1136640K
  class space    used 11376K, capacity 11885K, committed 12160K, reserved 1048576K
}
{Heap before GC invocations=838 (full 4):
 PSYoungGen      total 135168K, used 127921K [0x00000000d5580000, 0x00000000de580000, 0x0000000100000000)
  eden space 123392K, 100% used [0x00000000d5580000,0x00000000dce00000,0x00000000dce00000)
  from space 11776K, 38% used [0x00000000dce00000,0x00000000dd26c4b0,0x00000000dd980000)
  to   space 11776K, 0% used [0x00000000dda00000,0x00000000dda00000,0x00000000de580000)
 ParOldGen       total 329728K, used 78964K [0x0000000080000000, 0x0000000094200000, 0x00000000d5580000)
  object space 329728K, 23% used [0x0000000080000000,0x0000000084d1d020,0x0000000094200000)
 Metaspace       used 95214K, capacity 98526K, committed 99532K, reserved 1136640K
  class space    used 11384K, capacity 11899K, committed 12160K, reserved 1048576K
2023-10-18T17:59:13.791+0600: 3136418.034: [GC (Allocation Failure) [PSYoungGen: 127921K->6996K(134656K)] 206885K->85960K(464384K), 0.0188492 secs] [Times: user=0.01 sys=0.02, real=0.02 secs] 
Heap after GC invocations=838 (full 4):
 PSYoungGen      total 134656K, used 6996K [0x00000000d5580000, 0x00000000de480000, 0x0000000100000000)
  eden space 123904K, 0% used [0x00000000d5580000,0x00000000d5580000,0x00000000dce80000)
  from space 10752K, 65% used [0x00000000dda00000,0x00000000de0d5280,0x00000000de480000)
  to   space 11264K, 0% used [0x00000000dce80000,0x00000000dce80000,0x00000000dd980000)
 ParOldGen       total 329728K, used 78964K [0x0000000080000000, 0x0000000094200000, 0x00000000d5580000)
  object space 329728K, 23% used [0x0000000080000000,0x0000000084d1d020,0x0000000094200000)
 Metaspace       used 95214K, capacity 98526K, committed 99532K, reserved 1136640K
  class space    used 11384K, capacity 11899K, committed 12160K, reserved 1048576K
}
{Heap before GC invocations=839 (full 4):
 PSYoungGen      total 134656K, used 130900K [0x00000000d5580000, 0x00000000de480000, 0x0000000100000000)
  eden space 123904K, 100% used [0x00000000d5580000,0x00000000dce80000,0x00000000dce80000)
  from space 10752K, 65% used [0x00000000dda00000,0x00000000de0d5280,0x00000000de480000)
  to   space 11264K, 0% used [0x00000000dce80000,0x00000000dce80000,0x00000000dd980000)
 ParOldGen       total 329728K, used 78964K [0x0000000080000000, 0x0000000094200000, 0x00000000d5580000)
  object space 329728K, 23% used [0x0000000080000000,0x0000000084d1d020,0x0000000094200000)
 Metaspace       used 95214K, capacity 98526K, committed 99532K, reserved 1136640K
  class space    used 11384K, capacity 11899K, committed 12160K, reserved 1048576K
2023-10-18T18:55:04.055+0600: 3139768.298: [GC (Allocation Failure) [PSYoungGen: 130900K->7640K(135168K)] 209864K->86604K(464896K), 0.0233172 secs] [Times: user=0.01 sys=0.02, real=0.02 secs] 
Heap after GC invocations=839 (full 4):
 PSYoungGen      total 135168K, used 7640K [0x00000000d5580000, 0x00000000de600000, 0x0000000100000000)
  eden space 123904K, 0% used [0x00000000d5580000,0x00000000d5580000,0x00000000dce80000)
  from space 11264K, 67% used [0x00000000dce80000,0x00000000dd5f63d0,0x00000000dd980000)
  to   space 11776K, 0% used [0x00000000dda80000,0x00000000dda80000,0x00000000de600000)
 ParOldGen       total 329728K, used 78964K [0x0000000080000000, 0x0000000094200000, 0x00000000d5580000)
  object space 329728K, 23% used [0x0000000080000000,0x0000000084d1d020,0x0000000094200000)
 Metaspace       used 95214K, capacity 98526K, committed 99532K, reserved 1136640K
  class space    used 11384K, capacity 11899K, committed 12160K, reserved 1048576K
}
{Heap before GC invocations=840 (full 4):
 PSYoungGen      total 135168K, used 131544K [0x00000000d5580000, 0x00000000de600000, 0x0000000100000000)
  eden space 123904K, 100% used [0x00000000d5580000,0x00000000dce80000,0x00000000dce80000)
  from space 11264K, 67% used [0x00000000dce80000,0x00000000dd5f63d0,0x00000000dd980000)
  to   space 11776K, 0% used [0x00000000dda80000,0x00000000dda80000,0x00000000de600000)
 ParOldGen       total 329728K, used 78964K [0x0000000080000000, 0x0000000094200000, 0x00000000d5580000)
  object space 329728K, 23% used [0x0000000080000000,0x0000000084d1d020,0x0000000094200000)
 Metaspace       used 95214K, capacity 98526K, committed 99532K, reserved 1136640K
  class space    used 11384K, capacity 11899K, committed 12160K, reserved 1048576K
2023-10-18T20:29:37.087+0600: 3145441.331: [GC (Allocation Failure) [PSYoungGen: 131544K->4273K(135168K)] 210508K->83237K(464896K), 0.0177762 secs] [Times: user=0.03 sys=0.00, real=0.02 secs] 
Heap after GC invocations=840 (full 4):
 PSYoungGen      total 135168K, used 4273K [0x00000000d5580000, 0x00000000de500000, 0x0000000100000000)
  eden space 124416K, 0% used [0x00000000d5580000,0x00000000d5580000,0x00000000dcf00000)
  from space 10752K, 39% used [0x00000000dda80000,0x00000000ddeac4a0,0x00000000de500000)
  to   space 11264K, 0% used [0x00000000dcf00000,0x00000000dcf00000,0x00000000dda00000)
 ParOldGen       total 329728K, used 78964K [0x0000000080000000, 0x0000000094200000, 0x00000000d5580000)
  object space 329728K, 23% used [0x0000000080000000,0x0000000084d1d020,0x0000000094200000)
 Metaspace       used 95214K, capacity 98526K, committed 99532K, reserved 1136640K
  class space    used 11384K, capacity 11899K, committed 12160K, reserved 1048576K
}
{Heap before GC invocations=841 (full 4):
 PSYoungGen      total 135168K, used 128689K [0x00000000d5580000, 0x00000000de500000, 0x0000000100000000)
  eden space 124416K, 100% used [0x00000000d5580000,0x00000000dcf00000,0x00000000dcf00000)
  from space 10752K, 39% used [0x00000000dda80000,0x00000000ddeac4a0,0x00000000de500000)
  to   space 11264K, 0% used [0x00000000dcf00000,0x00000000dcf00000,0x00000000dda00000)
 ParOldGen       total 329728K, used 78964K [0x0000000080000000, 0x0000000094200000, 0x00000000d5580000)
  object space 329728K, 23% used [0x0000000080000000,0x0000000084d1d020,0x0000000094200000)
 Metaspace       used 95215K, capacity 98526K, committed 99532K, reserved 1136640K
  class space    used 11385K, capacity 11899K, committed 12160K, reserved 1048576K
2023-10-18T21:59:39.333+0600: 3150843.577: [GC (Allocation Failure) [PSYoungGen: 128689K->4194K(135680K)] 207653K->83174K(465408K), 0.0169505 secs] [Times: user=0.01 sys=0.01, real=0.01 secs] 
Heap after GC invocations=841 (full 4):
 PSYoungGen      total 135680K, used 4194K [0x00000000d5580000, 0x00000000de580000, 0x0000000100000000)
  eden space 124416K, 0% used [0x00000000d5580000,0x00000000d5580000,0x00000000dcf00000)
  from space 11264K, 37% used [0x00000000dcf00000,0x00000000dd3188c0,0x00000000dda00000)
  to   space 11264K, 0% used [0x00000000dda80000,0x00000000dda80000,0x00000000de580000)
 ParOldGen       total 329728K, used 78980K [0x0000000080000000, 0x0000000094200000, 0x00000000d5580000)
  object space 329728K, 23% used [0x0000000080000000,0x0000000084d21020,0x0000000094200000)
 Metaspace       used 95215K, capacity 98526K, committed 99532K, reserved 1136640K
  class space    used 11385K, capacity 11899K, committed 12160K, reserved 1048576K
}
{Heap before GC invocations=842 (full 4):
 PSYoungGen      total 135680K, used 128610K [0x00000000d5580000, 0x00000000de580000, 0x0000000100000000)
  eden space 124416K, 100% used [0x00000000d5580000,0x00000000dcf00000,0x00000000dcf00000)
  from space 11264K, 37% used [0x00000000dcf00000,0x00000000dd3188c0,0x00000000dda00000)
  to   space 11264K, 0% used [0x00000000dda80000,0x00000000dda80000,0x00000000de580000)
 ParOldGen       total 329728K, used 78980K [0x0000000080000000, 0x0000000094200000, 0x00000000d5580000)
  object space 329728K, 23% used [0x0000000080000000,0x0000000084d21020,0x0000000094200000)
 Metaspace       used 95215K, capacity 98526K, committed 99532K, reserved 1136640K
  class space    used 11385K, capacity 11899K, committed 12160K, reserved 1048576K
2023-10-18T23:31:30.959+0600: 3156355.202: [GC (Allocation Failure) [PSYoungGen: 128610K->4705K(135168K)] 207590K->83685K(464896K), 0.0188534 secs] [Times: user=0.01 sys=0.02, real=0.02 secs] 
Heap after GC invocations=842 (full 4):
 PSYoungGen      total 135168K, used 4705K [0x00000000d5580000, 0x00000000de480000, 0x0000000100000000)
  eden space 124928K, 0% used [0x00000000d5580000,0x00000000d5580000,0x00000000dcf80000)
  from space 10240K, 45% used [0x00000000dda80000,0x00000000ddf186f0,0x00000000de480000)
  to   space 10752K, 0% used [0x00000000dcf80000,0x00000000dcf80000,0x00000000dda00000)
 ParOldGen       total 329728K, used 78980K [0x0000000080000000, 0x0000000094200000, 0x00000000d5580000)
  object space 329728K, 23% used [0x0000000080000000,0x0000000084d21020,0x0000000094200000)
 Metaspace       used 95215K, capacity 98526K, committed 99532K, reserved 1136640K
  class space    used 11385K, capacity 11899K, committed 12160K, reserved 1048576K
}
{Heap before GC invocations=843 (full 4):
 PSYoungGen      total 135168K, used 129633K [0x00000000d5580000, 0x00000000de480000, 0x0000000100000000)
  eden space 124928K, 100% used [0x00000000d5580000,0x00000000dcf80000,0x00000000dcf80000)
  from space 10240K, 45% used [0x00000000dda80000,0x00000000ddf186f0,0x00000000de480000)
  to   space 10752K, 0% used [0x00000000dcf80000,0x00000000dcf80000,0x00000000dda00000)
 ParOldGen       total 329728K, used 78980K [0x0000000080000000, 0x0000000094200000, 0x00000000d5580000)
  object space 329728K, 23% used [0x0000000080000000,0x0000000084d21020,0x0000000094200000)
 Metaspace       used 95215K, capacity 98526K, committed 99532K, reserved 1136640K
  class space    used 11385K, capacity 11899K, committed 12160K, reserved 1048576K
2023-10-19T01:13:01.191+0600: 3162445.434: [GC (Allocation Failure) [PSYoungGen: 129633K->3488K(135680K)] 208613K->82468K(465408K), 0.0144956 secs] [Times: user=0.01 sys=0.02, real=0.02 secs] 
Heap after GC invocations=843 (full 4):
 PSYoungGen      total 135680K, used 3488K [0x00000000d5580000, 0x00000000de500000, 0x0000000100000000)
  eden space 124928K, 0% used [0x00000000d5580000,0x00000000d5580000,0x00000000dcf80000)
  from space 10752K, 32% used [0x00000000dcf80000,0x00000000dd2e8000,0x00000000dda00000)
  to   space 10752K, 0% used [0x00000000dda80000,0x00000000dda80000,0x00000000de500000)
 ParOldGen       total 329728K, used 78980K [0x0000000080000000, 0x0000000094200000, 0x00000000d5580000)
  object space 329728K, 23% used [0x0000000080000000,0x0000000084d21020,0x0000000094200000)
 Metaspace       used 95215K, capacity 98526K, committed 99532K, reserved 1136640K
  class space    used 11385K, capacity 11899K, committed 12160K, reserved 1048576K
}
{Heap before GC invocations=844 (full 4):
 PSYoungGen      total 135680K, used 128416K [0x00000000d5580000, 0x00000000de500000, 0x0000000100000000)
  eden space 124928K, 100% used [0x00000000d5580000,0x00000000dcf80000,0x00000000dcf80000)
  from space 10752K, 32% used [0x00000000dcf80000,0x00000000dd2e8000,0x00000000dda00000)
  to   space 10752K, 0% used [0x00000000dda80000,0x00000000dda80000,0x00000000de500000)
 ParOldGen       total 329728K, used 78980K [0x0000000080000000, 0x0000000094200000, 0x00000000d5580000)
  object space 329728K, 23% used [0x0000000080000000,0x0000000084d21020,0x0000000094200000)
 Metaspace       used 95215K, capacity 98526K, committed 99532K, reserved 1136640K
  class space    used 11385K, capacity 11899K, committed 12160K, reserved 1048576K
2023-10-19T02:55:58.564+0600: 3168622.808: [GC (Allocation Failure) [PSYoungGen: 128416K->3456K(136192K)] 207396K->82436K(465920K), 0.0141272 secs] [Times: user=0.01 sys=0.01, real=0.01 secs] 
Heap after GC invocations=844 (full 4):
 PSYoungGen      total 136192K, used 3456K [0x00000000d5580000, 0x00000000de500000, 0x0000000100000000)
  eden space 125440K, 0% used [0x00000000d5580000,0x00000000d5580000,0x00000000dd000000)
  from space 10752K, 32% used [0x00000000dda80000,0x00000000ddde0000,0x00000000de500000)
  to   space 10752K, 0% used [0x00000000dd000000,0x00000000dd000000,0x00000000dda80000)
 ParOldGen       total 329728K, used 78980K [0x0000000080000000, 0x0000000094200000, 0x00000000d5580000)
  object space 329728K, 23% used [0x0000000080000000,0x0000000084d21020,0x0000000094200000)
 Metaspace       used 95215K, capacity 98526K, committed 99532K, reserved 1136640K
  class space    used 11385K, capacity 11899K, committed 12160K, reserved 1048576K
}
{Heap before GC invocations=845 (full 4):
 PSYoungGen      total 136192K, used 128896K [0x00000000d5580000, 0x00000000de500000, 0x0000000100000000)
  eden space 125440K, 100% used [0x00000000d5580000,0x00000000dd000000,0x00000000dd000000)
  from space 10752K, 32% used [0x00000000dda80000,0x00000000ddde0000,0x00000000de500000)
  to   space 10752K, 0% used [0x00000000dd000000,0x00000000dd000000,0x00000000dda80000)
 ParOldGen       total 329728K, used 78980K [0x0000000080000000, 0x0000000094200000, 0x00000000d5580000)
  object space 329728K, 23% used [0x0000000080000000,0x0000000084d21020,0x0000000094200000)
 Metaspace       used 95215K, capacity 98526K, committed 99532K, reserved 1136640K
  class space    used 11385K, capacity 11899K, committed 12160K, reserved 1048576K
2023-10-19T04:36:32.632+0600: 3174656.875: [GC (Allocation Failure) [PSYoungGen: 128896K->3488K(136192K)] 207876K->82492K(465920K), 0.0161763 secs] [Times: user=0.02 sys=0.00, real=0.02 secs] 
Heap after GC invocations=845 (full 4):
 PSYoungGen      total 136192K, used 3488K [0x00000000d5580000, 0x00000000de480000, 0x0000000100000000)
  eden space 125440K, 0% used [0x00000000d5580000,0x00000000d5580000,0x00000000dd000000)
  from space 10752K, 32% used [0x00000000dd000000,0x00000000dd368000,0x00000000dda80000)
  to   space 10240K, 0% used [0x00000000dda80000,0x00000000dda80000,0x00000000de480000)
 ParOldGen       total 329728K, used 79004K [0x0000000080000000, 0x0000000094200000, 0x00000000d5580000)
  object space 329728K, 23% used [0x0000000080000000,0x0000000084d27020,0x0000000094200000)
 Metaspace       used 95215K, capacity 98526K, committed 99532K, reserved 1136640K
  class space    used 11385K, capacity 11899K, committed 12160K, reserved 1048576K
}
{Heap before GC invocations=846 (full 4):
 PSYoungGen      total 136192K, used 128928K [0x00000000d5580000, 0x00000000de480000, 0x0000000100000000)
  eden space 125440K, 100% used [0x00000000d5580000,0x00000000dd000000,0x00000000dd000000)
  from space 10752K, 32% used [0x00000000dd000000,0x00000000dd368000,0x00000000dda80000)
  to   space 10240K, 0% used [0x00000000dda80000,0x00000000dda80000,0x00000000de480000)
 ParOldGen       total 329728K, used 79004K [0x0000000080000000, 0x0000000094200000, 0x00000000d5580000)
  object space 329728K, 23% used [0x0000000080000000,0x0000000084d27020,0x0000000094200000)
 Metaspace       used 95215K, capacity 98526K, committed 99532K, reserved 1136640K
  class space    used 11385K, capacity 11899K, committed 12160K, reserved 1048576K
2023-10-19T06:20:52.855+0600: 3180917.098: [GC (Allocation Failure) [PSYoungGen: 128928K->3456K(136192K)] 207932K->82476K(465920K), 0.0190510 secs] [Times: user=0.03 sys=0.00, real=0.02 secs] 
Heap after GC invocations=846 (full 4):
 PSYoungGen      total 136192K, used 3456K [0x00000000d5580000, 0x00000000de480000, 0x0000000100000000)
  eden space 125952K, 0% used [0x00000000d5580000,0x00000000d5580000,0x00000000dd080000)
  from space 10240K, 33% used [0x00000000dda80000,0x00000000ddde0000,0x00000000de480000)
  to   space 10240K, 0% used [0x00000000dd080000,0x00000000dd080000,0x00000000dda80000)
 ParOldGen       total 329728K, used 79020K [0x0000000080000000, 0x0000000094200000, 0x00000000d5580000)
  object space 329728K, 23% used [0x0000000080000000,0x0000000084d2b020,0x0000000094200000)
 Metaspace       used 95215K, capacity 98526K, committed 99532K, reserved 1136640K
  class space    used 11385K, capacity 11899K, committed 12160K, reserved 1048576K
}
{Heap before GC invocations=847 (full 4):
 PSYoungGen      total 136192K, used 129408K [0x00000000d5580000, 0x00000000de480000, 0x0000000100000000)
  eden space 125952K, 100% used [0x00000000d5580000,0x00000000dd080000,0x00000000dd080000)
  from space 10240K, 33% used [0x00000000dda80000,0x00000000ddde0000,0x00000000de480000)
  to   space 10240K, 0% used [0x00000000dd080000,0x00000000dd080000,0x00000000dda80000)
 ParOldGen       total 329728K, used 79020K [0x0000000080000000, 0x0000000094200000, 0x00000000d5580000)
  object space 329728K, 23% used [0x0000000080000000,0x0000000084d2b020,0x0000000094200000)
 Metaspace       used 95215K, capacity 98526K, committed 99532K, reserved 1136640K
  class space    used 11385K, capacity 11899K, committed 12160K, reserved 1048576K
2023-10-19T07:56:54.628+0600: 3186678.871: [GC (Allocation Failure) [PSYoungGen: 129408K->4369K(136192K)] 208428K->83413K(465920K), 0.0162689 secs] [Times: user=0.02 sys=0.02, real=0.02 secs] 
Heap after GC invocations=847 (full 4):
 PSYoungGen      total 136192K, used 4369K [0x00000000d5580000, 0x00000000de400000, 0x0000000100000000)
  eden space 125952K, 0% used [0x00000000d5580000,0x00000000d5580000,0x00000000dd080000)
  from space 10240K, 42% used [0x00000000dd080000,0x00000000dd4c44b0,0x00000000dda80000)
  to   space 9728K, 0% used [0x00000000dda80000,0x00000000dda80000,0x00000000de400000)
 ParOldGen       total 329728K, used 79044K [0x0000000080000000, 0x0000000094200000, 0x00000000d5580000)
  object space 329728K, 23% used [0x0000000080000000,0x0000000084d31020,0x0000000094200000)
 Metaspace       used 95215K, capacity 98526K, committed 99532K, reserved 1136640K
  class space    used 11385K, capacity 11899K, committed 12160K, reserved 1048576K
}
{Heap before GC invocations=848 (full 4):
 PSYoungGen      total 136192K, used 130321K [0x00000000d5580000, 0x00000000de400000, 0x0000000100000000)
  eden space 125952K, 100% used [0x00000000d5580000,0x00000000dd080000,0x00000000dd080000)
  from space 10240K, 42% used [0x00000000dd080000,0x00000000dd4c44b0,0x00000000dda80000)
  to   space 9728K, 0% used [0x00000000dda80000,0x00000000dda80000,0x00000000de400000)
 ParOldGen       total 329728K, used 79044K [0x0000000080000000, 0x0000000094200000, 0x00000000d5580000)
  object space 329728K, 23% used [0x0000000080000000,0x0000000084d31020,0x0000000094200000)
 Metaspace       used 95215K, capacity 98526K, committed 99532K, reserved 1136640K
  class space    used 11385K, capacity 11899K, committed 12160K, reserved 1048576K
2023-10-19T09:38:05.569+0600: 3192749.813: [GC (Allocation Failure) [PSYoungGen: 130321K->3392K(136192K)] 209365K->82536K(465920K), 0.0162556 secs] [Times: user=0.01 sys=0.02, real=0.02 secs] 
Heap after GC invocations=848 (full 4):
 PSYoungGen      total 136192K, used 3392K [0x00000000d5580000, 0x00000000de400000, 0x0000000100000000)
  eden space 126464K, 0% used [0x00000000d5580000,0x00000000d5580000,0x00000000dd100000)
  from space 9728K, 34% used [0x00000000dda80000,0x00000000dddd0000,0x00000000de400000)
  to   space 9728K, 0% used [0x00000000dd100000,0x00000000dd100000,0x00000000dda80000)
 ParOldGen       total 329728K, used 79144K [0x0000000080000000, 0x0000000094200000, 0x00000000d5580000)
  object space 329728K, 24% used [0x0000000080000000,0x0000000084d4a290,0x0000000094200000)
 Metaspace       used 95215K, capacity 98526K, committed 99532K, reserved 1136640K
  class space    used 11385K, capacity 11899K, committed 12160K, reserved 1048576K
}
{Heap before GC invocations=849 (full 4):
 PSYoungGen      total 136192K, used 129856K [0x00000000d5580000, 0x00000000de400000, 0x0000000100000000)
  eden space 126464K, 100% used [0x00000000d5580000,0x00000000dd100000,0x00000000dd100000)
  from space 9728K, 34% used [0x00000000dda80000,0x00000000dddd0000,0x00000000de400000)
  to   space 9728K, 0% used [0x00000000dd100000,0x00000000dd100000,0x00000000dda80000)
 ParOldGen       total 329728K, used 79144K [0x0000000080000000, 0x0000000094200000, 0x00000000d5580000)
  object space 329728K, 24% used [0x0000000080000000,0x0000000084d4a290,0x0000000094200000)
 Metaspace       used 95215K, capacity 98526K, committed 99532K, reserved 1136640K
  class space    used 11385K, capacity 11899K, committed 12160K, reserved 1048576K
2023-10-19T11:02:06.780+0600: 3197791.023: [GC (Allocation Failure) [PSYoungGen: 129856K->4994K(136192K)] 209000K->84171K(465920K), 0.0158226 secs] [Times: user=0.01 sys=0.01, real=0.02 secs] 
Heap after GC invocations=849 (full 4):
 PSYoungGen      total 136192K, used 4994K [0x00000000d5580000, 0x00000000de380000, 0x0000000100000000)
  eden space 126464K, 0% used [0x00000000d5580000,0x00000000d5580000,0x00000000dd100000)
  from space 9728K, 51% used [0x00000000dd100000,0x00000000dd5e0b80,0x00000000dda80000)
  to   space 9216K, 0% used [0x00000000dda80000,0x00000000dda80000,0x00000000de380000)
 ParOldGen       total 329728K, used 79176K [0x0000000080000000, 0x0000000094200000, 0x00000000d5580000)
  object space 329728K, 24% used [0x0000000080000000,0x0000000084d52290,0x0000000094200000)
 Metaspace       used 95215K, capacity 98526K, committed 99532K, reserved 1136640K
  class space    used 11385K, capacity 11899K, committed 12160K, reserved 1048576K
}
{Heap before GC invocations=850 (full 4):
 PSYoungGen      total 136192K, used 131458K [0x00000000d5580000, 0x00000000de380000, 0x0000000100000000)
  eden space 126464K, 100% used [0x00000000d5580000,0x00000000dd100000,0x00000000dd100000)
  from space 9728K, 51% used [0x00000000dd100000,0x00000000dd5e0b80,0x00000000dda80000)
  to   space 9216K, 0% used [0x00000000dda80000,0x00000000dda80000,0x00000000de380000)
 ParOldGen       total 329728K, used 79176K [0x0000000080000000, 0x0000000094200000, 0x00000000d5580000)
  object space 329728K, 24% used [0x0000000080000000,0x0000000084d52290,0x0000000094200000)
 Metaspace       used 95250K, capacity 98616K, committed 99532K, reserved 1136640K
  class space    used 11393K, capacity 11914K, committed 12160K, reserved 1048576K
2023-10-19T12:05:59.699+0600: 3201623.942: [GC (Allocation Failure) [PSYoungGen: 131458K->7603K(135680K)] 210635K->86828K(465408K), 0.0230774 secs] [Times: user=0.01 sys=0.02, real=0.02 secs] 
Heap after GC invocations=850 (full 4):
 PSYoungGen      total 135680K, used 7603K [0x00000000d5580000, 0x00000000de480000, 0x0000000100000000)
  eden space 126464K, 0% used [0x00000000d5580000,0x00000000d5580000,0x00000000dd100000)
  from space 9216K, 82% used [0x00000000dda80000,0x00000000de1ece50,0x00000000de380000)
  to   space 9728K, 0% used [0x00000000dd100000,0x00000000dd100000,0x00000000dda80000)
 ParOldGen       total 329728K, used 79224K [0x0000000080000000, 0x0000000094200000, 0x00000000d5580000)
  object space 329728K, 24% used [0x0000000080000000,0x0000000084d5e1e0,0x0000000094200000)
 Metaspace       used 95250K, capacity 98616K, committed 99532K, reserved 1136640K
  class space    used 11393K, capacity 11914K, committed 12160K, reserved 1048576K
}
{Heap before GC invocations=851 (full 4):
 PSYoungGen      total 135680K, used 134067K [0x00000000d5580000, 0x00000000de480000, 0x0000000100000000)
  eden space 126464K, 100% used [0x00000000d5580000,0x00000000dd100000,0x00000000dd100000)
  from space 9216K, 82% used [0x00000000dda80000,0x00000000de1ece50,0x00000000de380000)
  to   space 9728K, 0% used [0x00000000dd100000,0x00000000dd100000,0x00000000dda80000)
 ParOldGen       total 329728K, used 79224K [0x0000000080000000, 0x0000000094200000, 0x00000000d5580000)
  object space 329728K, 24% used [0x0000000080000000,0x0000000084d5e1e0,0x0000000094200000)
 Metaspace       used 95252K, capacity 98622K, committed 99532K, reserved 1136640K
  class space    used 11394K, capacity 11915K, committed 12160K, reserved 1048576K
2023-10-19T12:55:04.629+0600: 3204568.872: [GC (Allocation Failure) [PSYoungGen: 134067K->8311K(136192K)] 213292K->87568K(465920K), 0.0167742 secs] [Times: user=0.01 sys=0.02, real=0.02 secs] 
Heap after GC invocations=851 (full 4):
 PSYoungGen      total 136192K, used 8311K [0x00000000d5580000, 0x00000000de680000, 0x0000000100000000)
  eden space 126464K, 0% used [0x00000000d5580000,0x00000000d5580000,0x00000000dd100000)
  from space 9728K, 85% used [0x00000000dd100000,0x00000000dd91dfd0,0x00000000dda80000)
  to   space 10752K, 0% used [0x00000000ddc00000,0x00000000ddc00000,0x00000000de680000)
 ParOldGen       total 329728K, used 79256K [0x0000000080000000, 0x0000000094200000, 0x00000000d5580000)
  object space 329728K, 24% used [0x0000000080000000,0x0000000084d661e0,0x0000000094200000)
 Metaspace       used 95252K, capacity 98622K, committed 99532K, reserved 1136640K
  class space    used 11394K, capacity 11915K, committed 12160K, reserved 1048576K
}
{Heap before GC invocations=852 (full 4):
 PSYoungGen      total 136192K, used 134775K [0x00000000d5580000, 0x00000000de680000, 0x0000000100000000)
  eden space 126464K, 100% used [0x00000000d5580000,0x00000000dd100000,0x00000000dd100000)
  from space 9728K, 85% used [0x00000000dd100000,0x00000000dd91dfd0,0x00000000dda80000)
  to   space 10752K, 0% used [0x00000000ddc00000,0x00000000ddc00000,0x00000000de680000)
 ParOldGen       total 329728K, used 79256K [0x0000000080000000, 0x0000000094200000, 0x00000000d5580000)
  object space 329728K, 24% used [0x0000000080000000,0x0000000084d661e0,0x0000000094200000)
 Metaspace       used 95253K, capacity 98622K, committed 99532K, reserved 1136640K
  class space    used 11394K, capacity 11915K, committed 12160K, reserved 1048576K
2023-10-19T14:06:53.779+0600: 3208878.022: [GC (Allocation Failure) [PSYoungGen: 134775K->7238K(137728K)] 214032K->86519K(467456K), 0.0203950 secs] [Times: user=0.01 sys=0.02, real=0.02 secs] 
Heap after GC invocations=852 (full 4):
 PSYoungGen      total 137728K, used 7238K [0x00000000d5580000, 0x00000000de680000, 0x0000000100000000)
  eden space 126976K, 0% used [0x00000000d5580000,0x00000000d5580000,0x00000000dd180000)
  from space 10752K, 67% used [0x00000000ddc00000,0x00000000de311b70,0x00000000de680000)
  to   space 10752K, 0% used [0x00000000dd180000,0x00000000dd180000,0x00000000ddc00000)
 ParOldGen       total 329728K, used 79280K [0x0000000080000000, 0x0000000094200000, 0x00000000d5580000)
  object space 329728K, 24% used [0x0000000080000000,0x0000000084d6c1e0,0x0000000094200000)
 Metaspace       used 95253K, capacity 98622K, committed 99532K, reserved 1136640K
  class space    used 11394K, capacity 11915K, committed 12160K, reserved 1048576K
}
{Heap before GC invocations=853 (full 4):
 PSYoungGen      total 137728K, used 134214K [0x00000000d5580000, 0x00000000de680000, 0x0000000100000000)
  eden space 126976K, 100% used [0x00000000d5580000,0x00000000dd180000,0x00000000dd180000)
  from space 10752K, 67% used [0x00000000ddc00000,0x00000000de311b70,0x00000000de680000)
  to   space 10752K, 0% used [0x00000000dd180000,0x00000000dd180000,0x00000000ddc00000)
 ParOldGen       total 329728K, used 79280K [0x0000000080000000, 0x0000000094200000, 0x00000000d5580000)
  object space 329728K, 24% used [0x0000000080000000,0x0000000084d6c1e0,0x0000000094200000)
 Metaspace       used 95287K, capacity 98706K, committed 99532K, reserved 1136640K
  class space    used 11402K, capacity 11929K, committed 12160K, reserved 1048576K
2023-10-19T15:28:11.077+0600: 3213755.321: [GC (Allocation Failure) [PSYoungGen: 134214K->5233K(137728K)] 213495K->84545K(467456K), 0.0190428 secs] [Times: user=0.02 sys=0.02, real=0.02 secs] 
Heap after GC invocations=853 (full 4):
 PSYoungGen      total 137728K, used 5233K [0x00000000d5580000, 0x00000000de600000, 0x0000000100000000)
  eden space 126976K, 0% used [0x00000000d5580000,0x00000000d5580000,0x00000000dd180000)
  from space 10752K, 48% used [0x00000000dd180000,0x00000000dd69c4f0,0x00000000ddc00000)
  to   space 10240K, 0% used [0x00000000ddc00000,0x00000000ddc00000,0x00000000de600000)
 ParOldGen       total 329728K, used 79312K [0x0000000080000000, 0x0000000094200000, 0x00000000d5580000)
  object space 329728K, 24% used [0x0000000080000000,0x0000000084d741e0,0x0000000094200000)
 Metaspace       used 95287K, capacity 98706K, committed 99532K, reserved 1136640K
  class space    used 11402K, capacity 11929K, committed 12160K, reserved 1048576K
}
{Heap before GC invocations=854 (full 4):
 PSYoungGen      total 137728K, used 132209K [0x00000000d5580000, 0x00000000de600000, 0x0000000100000000)
  eden space 126976K, 100% used [0x00000000d5580000,0x00000000dd180000,0x00000000dd180000)
  from space 10752K, 48% used [0x00000000dd180000,0x00000000dd69c4f0,0x00000000ddc00000)
  to   space 10240K, 0% used [0x00000000ddc00000,0x00000000ddc00000,0x00000000de600000)
 ParOldGen       total 329728K, used 79312K [0x0000000080000000, 0x0000000094200000, 0x00000000d5580000)
  object space 329728K, 24% used [0x0000000080000000,0x0000000084d741e0,0x0000000094200000)
 Metaspace       used 95291K, capacity 98712K, committed 99532K, reserved 1136640K
  class space    used 11402K, capacity 11930K, committed 12160K, reserved 1048576K
2023-10-19T17:03:45.222+0600: 3219489.465: [GC (Allocation Failure) [PSYoungGen: 132209K->4769K(137728K)] 211521K->84105K(467456K), 0.0173776 secs] [Times: user=0.01 sys=0.02, real=0.02 secs] 
Heap after GC invocations=854 (full 4):
 PSYoungGen      total 137728K, used 4769K [0x00000000d5580000, 0x00000000de600000, 0x0000000100000000)
  eden space 127488K, 0% used [0x00000000d5580000,0x00000000d5580000,0x00000000dd200000)
  from space 10240K, 46% used [0x00000000ddc00000,0x00000000de0a84f0,0x00000000de600000)
  to   space 10240K, 0% used [0x00000000dd200000,0x00000000dd200000,0x00000000ddc00000)
 ParOldGen       total 329728K, used 79336K [0x0000000080000000, 0x0000000094200000, 0x00000000d5580000)
  object space 329728K, 24% used [0x0000000080000000,0x0000000084d7a130,0x0000000094200000)
 Metaspace       used 95291K, capacity 98712K, committed 99532K, reserved 1136640K
  class space    used 11402K, capacity 11930K, committed 12160K, reserved 1048576K
}
{Heap before GC invocations=855 (full 4):
 PSYoungGen      total 137728K, used 132257K [0x00000000d5580000, 0x00000000de600000, 0x0000000100000000)
  eden space 127488K, 100% used [0x00000000d5580000,0x00000000dd200000,0x00000000dd200000)
  from space 10240K, 46% used [0x00000000ddc00000,0x00000000de0a84f0,0x00000000de600000)
  to   space 10240K, 0% used [0x00000000dd200000,0x00000000dd200000,0x00000000ddc00000)
 ParOldGen       total 329728K, used 79336K [0x0000000080000000, 0x0000000094200000, 0x00000000d5580000)
  object space 329728K, 24% used [0x0000000080000000,0x0000000084d7a130,0x0000000094200000)
 Metaspace       used 95291K, capacity 98712K, committed 99532K, reserved 1136640K
  class space    used 11402K, capacity 11930K, committed 12160K, reserved 1048576K
2023-10-19T18:44:58.323+0600: 3225562.566: [GC (Allocation Failure) [PSYoungGen: 132257K->3872K(137728K)] 211593K->83224K(467456K), 0.0183117 secs] [Times: user=0.03 sys=0.00, real=0.02 secs] 
Heap after GC invocations=855 (full 4):
 PSYoungGen      total 137728K, used 3872K [0x00000000d5580000, 0x00000000de580000, 0x0000000100000000)
  eden space 127488K, 0% used [0x00000000d5580000,0x00000000d5580000,0x00000000dd200000)
  from space 10240K, 37% used [0x00000000dd200000,0x00000000dd5c8030,0x00000000ddc00000)
  to   space 9728K, 0% used [0x00000000ddc00000,0x00000000ddc00000,0x00000000de580000)
 ParOldGen       total 329728K, used 79352K [0x0000000080000000, 0x0000000094200000, 0x00000000d5580000)
  object space 329728K, 24% used [0x0000000080000000,0x0000000084d7e130,0x0000000094200000)
 Metaspace       used 95291K, capacity 98712K, committed 99532K, reserved 1136640K
  class space    used 11402K, capacity 11930K, committed 12160K, reserved 1048576K
}
{Heap before GC invocations=856 (full 4):
 PSYoungGen      total 137728K, used 131360K [0x00000000d5580000, 0x00000000de580000, 0x0000000100000000)
  eden space 127488K, 100% used [0x00000000d5580000,0x00000000dd200000,0x00000000dd200000)
  from space 10240K, 37% used [0x00000000dd200000,0x00000000dd5c8030,0x00000000ddc00000)
  to   space 9728K, 0% used [0x00000000ddc00000,0x00000000ddc00000,0x00000000de580000)
 ParOldGen       total 329728K, used 79352K [0x0000000080000000, 0x0000000094200000, 0x00000000d5580000)
  object space 329728K, 24% used [0x0000000080000000,0x0000000084d7e130,0x0000000094200000)
 Metaspace       used 95291K, capacity 98712K, committed 99532K, reserved 1136640K
  class space    used 11402K, capacity 11930K, committed 12160K, reserved 1048576K
2023-10-19T20:21:17.765+0600: 3231342.009: [GC (Allocation Failure) [PSYoungGen: 131360K->3953K(137728K)] 210712K->83322K(467456K), 0.0177872 secs] [Times: user=0.03 sys=0.00, real=0.02 secs] 
Heap after GC invocations=856 (full 4):
 PSYoungGen      total 137728K, used 3953K [0x00000000d5580000, 0x00000000de580000, 0x0000000100000000)
  eden space 128000K, 0% used [0x00000000d5580000,0x00000000d5580000,0x00000000dd280000)
  from space 9728K, 40% used [0x00000000ddc00000,0x00000000ddfdc6d0,0x00000000de580000)
  to   space 9728K, 0% used [0x00000000dd280000,0x00000000dd280000,0x00000000ddc00000)
 ParOldGen       total 329728K, used 79368K [0x0000000080000000, 0x0000000094200000, 0x00000000d5580000)
  object space 329728K, 24% used [0x0000000080000000,0x0000000084d82130,0x0000000094200000)
 Metaspace       used 95291K, capacity 98712K, committed 99532K, reserved 1136640K
  class space    used 11402K, capacity 11930K, committed 12160K, reserved 1048576K
}
{Heap before GC invocations=857 (full 4):
 PSYoungGen      total 137728K, used 131953K [0x00000000d5580000, 0x00000000de580000, 0x0000000100000000)
  eden space 128000K, 100% used [0x00000000d5580000,0x00000000dd280000,0x00000000dd280000)
  from space 9728K, 40% used [0x00000000ddc00000,0x00000000ddfdc6d0,0x00000000de580000)
  to   space 9728K, 0% used [0x00000000dd280000,0x00000000dd280000,0x00000000ddc00000)
 ParOldGen       total 329728K, used 79368K [0x0000000080000000, 0x0000000094200000, 0x00000000d5580000)
  object space 329728K, 24% used [0x0000000080000000,0x0000000084d82130,0x0000000094200000)
 Metaspace       used 95291K, capacity 98712K, committed 99532K, reserved 1136640K
  class space    used 11402K, capacity 11930K, committed 12160K, reserved 1048576K
2023-10-19T21:55:16.372+0600: 3236980.615: [GC (Allocation Failure) [PSYoungGen: 131953K->4048K(137728K)] 211322K->83456K(467456K), 0.0183862 secs] [Times: user=0.01 sys=0.02, real=0.02 secs] 
Heap after GC invocations=857 (full 4):
 PSYoungGen      total 137728K, used 4048K [0x00000000d5580000, 0x00000000de500000, 0x0000000100000000)
  eden space 128000K, 0% used [0x00000000d5580000,0x00000000d5580000,0x00000000dd280000)
  from space 9728K, 41% used [0x00000000dd280000,0x00000000dd674230,0x00000000ddc00000)
  to   space 9216K, 0% used [0x00000000ddc00000,0x00000000ddc00000,0x00000000de500000)
 ParOldGen       total 329728K, used 79408K [0x0000000080000000, 0x0000000094200000, 0x00000000d5580000)
  object space 329728K, 24% used [0x0000000080000000,0x0000000084d8c160,0x0000000094200000)
 Metaspace       used 95291K, capacity 98712K, committed 99532K, reserved 1136640K
  class space    used 11402K, capacity 11930K, committed 12160K, reserved 1048576K
}
{Heap before GC invocations=858 (full 4):
 PSYoungGen      total 137728K, used 132041K [0x00000000d5580000, 0x00000000de500000, 0x0000000100000000)
  eden space 128000K, 99% used [0x00000000d5580000,0x00000000dd27e290,0x00000000dd280000)
  from space 9728K, 41% used [0x00000000dd280000,0x00000000dd674230,0x00000000ddc00000)
  to   space 9216K, 0% used [0x00000000ddc00000,0x00000000ddc00000,0x00000000de500000)
 ParOldGen       total 329728K, used 79408K [0x0000000080000000, 0x0000000094200000, 0x00000000d5580000)
  object space 329728K, 24% used [0x0000000080000000,0x0000000084d8c160,0x0000000094200000)
 Metaspace       used 95291K, capacity 98712K, committed 99532K, reserved 1136640K
  class space    used 11402K, capacity 11930K, committed 12160K, reserved 1048576K
2023-10-19T23:40:56.002+0600: 3243320.245: [GC (Allocation Failure) [PSYoungGen: 132041K->3296K(137728K)] 211449K->82704K(467456K), 0.0141059 secs] [Times: user=0.01 sys=0.01, real=0.02 secs] 
Heap after GC invocations=858 (full 4):
 PSYoungGen      total 137728K, used 3296K [0x00000000d5580000, 0x00000000de500000, 0x0000000100000000)
  eden space 128512K, 0% used [0x00000000d5580000,0x00000000d5580000,0x00000000dd300000)
  from space 9216K, 35% used [0x00000000ddc00000,0x00000000ddf38000,0x00000000de500000)
  to   space 9216K, 0% used [0x00000000dd300000,0x00000000dd300000,0x00000000ddc00000)
 ParOldGen       total 329728K, used 79408K [0x0000000080000000, 0x0000000094200000, 0x00000000d5580000)
  object space 329728K, 24% used [0x0000000080000000,0x0000000084d8c160,0x0000000094200000)
 Metaspace       used 95291K, capacity 98712K, committed 99532K, reserved 1136640K
  class space    used 11402K, capacity 11930K, committed 12160K, reserved 1048576K
}
{Heap before GC invocations=859 (full 4):
 PSYoungGen      total 137728K, used 131808K [0x00000000d5580000, 0x00000000de500000, 0x0000000100000000)
  eden space 128512K, 100% used [0x00000000d5580000,0x00000000dd300000,0x00000000dd300000)
  from space 9216K, 35% used [0x00000000ddc00000,0x00000000ddf38000,0x00000000de500000)
  to   space 9216K, 0% used [0x00000000dd300000,0x00000000dd300000,0x00000000ddc00000)
 ParOldGen       total 329728K, used 79408K [0x0000000080000000, 0x0000000094200000, 0x00000000d5580000)
  object space 329728K, 24% used [0x0000000080000000,0x0000000084d8c160,0x0000000094200000)
 Metaspace       used 95291K, capacity 98712K, committed 99532K, reserved 1136640K
  class space    used 11402K, capacity 11930K, committed 12160K, reserved 1048576K
2023-10-20T01:23:22.791+0600: 3249467.034: [GC (Allocation Failure) [PSYoungGen: 131808K->3328K(137728K)] 211216K->82736K(467456K), 0.0170401 secs] [Times: user=0.01 sys=0.01, real=0.02 secs] 
Heap after GC invocations=859 (full 4):
 PSYoungGen      total 137728K, used 3328K [0x00000000d5580000, 0x00000000de580000, 0x0000000100000000)
  eden space 128512K, 0% used [0x00000000d5580000,0x00000000d5580000,0x00000000dd300000)
  from space 9216K, 36% used [0x00000000dd300000,0x00000000dd640000,0x00000000ddc00000)
  to   space 9216K, 0% used [0x00000000ddc80000,0x00000000ddc80000,0x00000000de580000)
 ParOldGen       total 329728K, used 79408K [0x0000000080000000, 0x0000000094200000, 0x00000000d5580000)
  object space 329728K, 24% used [0x0000000080000000,0x0000000084d8c160,0x0000000094200000)
 Metaspace       used 95291K, capacity 98712K, committed 99532K, reserved 1136640K
  class space    used 11402K, capacity 11930K, committed 12160K, reserved 1048576K
}
{Heap before GC invocations=860 (full 4):
 PSYoungGen      total 137728K, used 131840K [0x00000000d5580000, 0x00000000de580000, 0x0000000100000000)
  eden space 128512K, 100% used [0x00000000d5580000,0x00000000dd300000,0x00000000dd300000)
  from space 9216K, 36% used [0x00000000dd300000,0x00000000dd640000,0x00000000ddc00000)
  to   space 9216K, 0% used [0x00000000ddc80000,0x00000000ddc80000,0x00000000de580000)
 ParOldGen       total 329728K, used 79408K [0x0000000080000000, 0x0000000094200000, 0x00000000d5580000)
  object space 329728K, 24% used [0x0000000080000000,0x0000000084d8c160,0x0000000094200000)
 Metaspace       used 95291K, capacity 98712K, committed 99532K, reserved 1136640K
  class space    used 11402K, capacity 11930K, committed 12160K, reserved 1048576K
2023-10-20T03:08:31.441+0600: 3255775.684: [GC (Allocation Failure) [PSYoungGen: 131840K->3488K(137216K)] 211248K->82896K(466944K), 0.0162580 secs] [Times: user=0.02 sys=0.02, real=0.02 secs] 
Heap after GC invocations=860 (full 4):
 PSYoungGen      total 137216K, used 3488K [0x00000000d5580000, 0x00000000de480000, 0x0000000100000000)
  eden space 129024K, 0% used [0x00000000d5580000,0x00000000d5580000,0x00000000dd380000)
  from space 8192K, 42% used [0x00000000ddc80000,0x00000000ddfe8010,0x00000000de480000)
  to   space 8704K, 0% used [0x00000000dd380000,0x00000000dd380000,0x00000000ddc00000)
 ParOldGen       total 329728K, used 79408K [0x0000000080000000, 0x0000000094200000, 0x00000000d5580000)
  object space 329728K, 24% used [0x0000000080000000,0x0000000084d8c160,0x0000000094200000)
 Metaspace       used 95291K, capacity 98712K, committed 99532K, reserved 1136640K
  class space    used 11402K, capacity 11930K, committed 12160K, reserved 1048576K
}
{Heap before GC invocations=861 (full 4):
 PSYoungGen      total 137216K, used 132507K [0x00000000d5580000, 0x00000000de480000, 0x0000000100000000)
  eden space 129024K, 99% used [0x00000000d5580000,0x00000000dd37eed0,0x00000000dd380000)
  from space 8192K, 42% used [0x00000000ddc80000,0x00000000ddfe8010,0x00000000de480000)
  to   space 8704K, 0% used [0x00000000dd380000,0x00000000dd380000,0x00000000ddc00000)
 ParOldGen       total 329728K, used 79408K [0x0000000080000000, 0x0000000094200000, 0x00000000d5580000)
  object space 329728K, 24% used [0x0000000080000000,0x0000000084d8c160,0x0000000094200000)
 Metaspace       used 95291K, capacity 98712K, committed 99532K, reserved 1136640K
  class space    used 11402K, capacity 11930K, committed 12160K, reserved 1048576K
2023-10-20T04:45:43.601+0600: 3261607.844: [GC (Allocation Failure) [PSYoungGen: 132507K->4192K(137728K)] 211916K->83600K(467456K), 0.0154236 secs] [Times: user=0.01 sys=0.01, real=0.02 secs] 
Heap after GC invocations=861 (full 4):
 PSYoungGen      total 137728K, used 4192K [0x00000000d5580000, 0x00000000de500000, 0x0000000100000000)
  eden space 129024K, 0% used [0x00000000d5580000,0x00000000d5580000,0x00000000dd380000)
  from space 8704K, 48% used [0x00000000dd380000,0x00000000dd798030,0x00000000ddc00000)
  to   space 8704K, 0% used [0x00000000ddc80000,0x00000000ddc80000,0x00000000de500000)
 ParOldGen       total 329728K, used 79408K [0x0000000080000000, 0x0000000094200000, 0x00000000d5580000)
  object space 329728K, 24% used [0x0000000080000000,0x0000000084d8c160,0x0000000094200000)
 Metaspace       used 95291K, capacity 98712K, committed 99532K, reserved 1136640K
  class space    used 11402K, capacity 11930K, committed 12160K, reserved 1048576K
}
{Heap before GC invocations=862 (full 4):
 PSYoungGen      total 137728K, used 133216K [0x00000000d5580000, 0x00000000de500000, 0x0000000100000000)
  eden space 129024K, 100% used [0x00000000d5580000,0x00000000dd380000,0x00000000dd380000)
  from space 8704K, 48% used [0x00000000dd380000,0x00000000dd798030,0x00000000ddc00000)
  to   space 8704K, 0% used [0x00000000ddc80000,0x00000000ddc80000,0x00000000de500000)
 ParOldGen       total 329728K, used 79408K [0x0000000080000000, 0x0000000094200000, 0x00000000d5580000)
  object space 329728K, 24% used [0x0000000080000000,0x0000000084d8c160,0x0000000094200000)
 Metaspace       used 95291K, capacity 98712K, committed 99532K, reserved 1136640K
  class space    used 11402K, capacity 11930K, committed 12160K, reserved 1048576K
2023-10-20T06:32:25.182+0600: 3268009.426: [GC (Allocation Failure) [PSYoungGen: 133216K->3360K(137216K)] 212624K->82784K(466944K), 0.0163790 secs] [Times: user=0.02 sys=0.00, real=0.02 secs] 
Heap after GC invocations=862 (full 4):
 PSYoungGen      total 137216K, used 3360K [0x00000000d5580000, 0x00000000de400000, 0x0000000100000000)
  eden space 129536K, 0% used [0x00000000d5580000,0x00000000d5580000,0x00000000dd400000)
  from space 7680K, 43% used [0x00000000ddc80000,0x00000000ddfc8000,0x00000000de400000)
  to   space 8192K, 0% used [0x00000000dd400000,0x00000000dd400000,0x00000000ddc00000)
 ParOldGen       total 329728K, used 79424K [0x0000000080000000, 0x0000000094200000, 0x00000000d5580000)
  object space 329728K, 24% used [0x0000000080000000,0x0000000084d90160,0x0000000094200000)
 Metaspace       used 95291K, capacity 98712K, committed 99532K, reserved 1136640K
  class space    used 11402K, capacity 11930K, committed 12160K, reserved 1048576K
}
{Heap before GC invocations=863 (full 4):
 PSYoungGen      total 137216K, used 132890K [0x00000000d5580000, 0x00000000de400000, 0x0000000100000000)
  eden space 129536K, 99% used [0x00000000d5580000,0x00000000dd3fe9c8,0x00000000dd400000)
  from space 7680K, 43% used [0x00000000ddc80000,0x00000000ddfc8000,0x00000000de400000)
  to   space 8192K, 0% used [0x00000000dd400000,0x00000000dd400000,0x00000000ddc00000)
 ParOldGen       total 329728K, used 79424K [0x0000000080000000, 0x0000000094200000, 0x00000000d5580000)
  object space 329728K, 24% used [0x0000000080000000,0x0000000084d90160,0x0000000094200000)
 Metaspace       used 95291K, capacity 98712K, committed 99532K, reserved 1136640K
  class space    used 11402K, capacity 11930K, committed 12160K, reserved 1048576K
2023-10-20T08:16:26.242+0600: 3274250.485: [GC (Allocation Failure) [PSYoungGen: 132890K->3360K(137728K)] 212314K->82784K(467456K), 0.0157724 secs] [Times: user=0.03 sys=0.00, real=0.02 secs] 
Heap after GC invocations=863 (full 4):
 PSYoungGen      total 137728K, used 3360K [0x00000000d5580000, 0x00000000de480000, 0x0000000100000000)
  eden space 129536K, 0% used [0x00000000d5580000,0x00000000d5580000,0x00000000dd400000)
  from space 8192K, 41% used [0x00000000dd400000,0x00000000dd748000,0x00000000ddc00000)
  to   space 8192K, 0% used [0x00000000ddc80000,0x00000000ddc80000,0x00000000de480000)
 ParOldGen       total 329728K, used 79424K [0x0000000080000000, 0x0000000094200000, 0x00000000d5580000)
  object space 329728K, 24% used [0x0000000080000000,0x0000000084d90160,0x0000000094200000)
 Metaspace       used 95291K, capacity 98712K, committed 99532K, reserved 1136640K
  class space    used 11402K, capacity 11930K, committed 12160K, reserved 1048576K
}
{Heap before GC invocations=864 (full 4):
 PSYoungGen      total 137728K, used 132896K [0x00000000d5580000, 0x00000000de480000, 0x0000000100000000)
  eden space 129536K, 100% used [0x00000000d5580000,0x00000000dd400000,0x00000000dd400000)
  from space 8192K, 41% used [0x00000000dd400000,0x00000000dd748000,0x00000000ddc00000)
  to   space 8192K, 0% used [0x00000000ddc80000,0x00000000ddc80000,0x00000000de480000)
 ParOldGen       total 329728K, used 79424K [0x0000000080000000, 0x0000000094200000, 0x00000000d5580000)
  object space 329728K, 24% used [0x0000000080000000,0x0000000084d90160,0x0000000094200000)
 Metaspace       used 95291K, capacity 98712K, committed 99532K, reserved 1136640K
  class space    used 11402K, capacity 11930K, committed 12160K, reserved 1048576K
2023-10-20T10:03:08.916+0600: 3280653.159: [GC (Allocation Failure) [PSYoungGen: 132896K->3328K(138240K)] 212320K->82776K(467968K), 0.0147050 secs] [Times: user=0.01 sys=0.01, real=0.01 secs] 
Heap after GC invocations=864 (full 4):
 PSYoungGen      total 138240K, used 3328K [0x00000000d5580000, 0x00000000de480000, 0x0000000100000000)
  eden space 130048K, 0% used [0x00000000d5580000,0x00000000d5580000,0x00000000dd480000)
  from space 8192K, 40% used [0x00000000ddc80000,0x00000000ddfc0000,0x00000000de480000)
  to   space 8192K, 0% used [0x00000000dd480000,0x00000000dd480000,0x00000000ddc80000)
 ParOldGen       total 329728K, used 79448K [0x0000000080000000, 0x0000000094200000, 0x00000000d5580000)
  object space 329728K, 24% used [0x0000000080000000,0x0000000084d96160,0x0000000094200000)
 Metaspace       used 95291K, capacity 98712K, committed 99532K, reserved 1136640K
  class space    used 11402K, capacity 11930K, committed 12160K, reserved 1048576K
}
{Heap before GC invocations=865 (full 4):
 PSYoungGen      total 138240K, used 133376K [0x00000000d5580000, 0x00000000de480000, 0x0000000100000000)
  eden space 130048K, 100% used [0x00000000d5580000,0x00000000dd480000,0x00000000dd480000)
  from space 8192K, 40% used [0x00000000ddc80000,0x00000000ddfc0000,0x00000000de480000)
  to   space 8192K, 0% used [0x00000000dd480000,0x00000000dd480000,0x00000000ddc80000)
 ParOldGen       total 329728K, used 79448K [0x0000000080000000, 0x0000000094200000, 0x00000000d5580000)
  object space 329728K, 24% used [0x0000000080000000,0x0000000084d96160,0x0000000094200000)
 Metaspace       used 95291K, capacity 98712K, committed 99532K, reserved 1136640K
  class space    used 11402K, capacity 11930K, committed 12160K, reserved 1048576K
2023-10-20T11:47:07.613+0600: 3286891.857: [GC (Allocation Failure) [PSYoungGen: 133376K->3264K(138240K)] 212824K->82752K(467968K), 0.0174171 secs] [Times: user=0.01 sys=0.02, real=0.01 secs] 
Heap after GC invocations=865 (full 4):
 PSYoungGen      total 138240K, used 3264K [0x00000000d5580000, 0x00000000de400000, 0x0000000100000000)
  eden space 130048K, 0% used [0x00000000d5580000,0x00000000d5580000,0x00000000dd480000)
  from space 8192K, 39% used [0x00000000dd480000,0x00000000dd7b0000,0x00000000ddc80000)
  to   space 7680K, 0% used [0x00000000ddc80000,0x00000000ddc80000,0x00000000de400000)
 ParOldGen       total 329728K, used 79488K [0x0000000080000000, 0x0000000094200000, 0x00000000d5580000)
  object space 329728K, 24% used [0x0000000080000000,0x0000000084da0160,0x0000000094200000)
 Metaspace       used 95291K, capacity 98712K, committed 99532K, reserved 1136640K
  class space    used 11402K, capacity 11930K, committed 12160K, reserved 1048576K
}
{Heap before GC invocations=866 (full 4):
 PSYoungGen      total 138240K, used 133312K [0x00000000d5580000, 0x00000000de400000, 0x0000000100000000)
  eden space 130048K, 100% used [0x00000000d5580000,0x00000000dd480000,0x00000000dd480000)
  from space 8192K, 39% used [0x00000000dd480000,0x00000000dd7b0000,0x00000000ddc80000)
  to   space 7680K, 0% used [0x00000000ddc80000,0x00000000ddc80000,0x00000000de400000)
 ParOldGen       total 329728K, used 79488K [0x0000000080000000, 0x0000000094200000, 0x00000000d5580000)
  object space 329728K, 24% used [0x0000000080000000,0x0000000084da0160,0x0000000094200000)
 Metaspace       used 95291K, capacity 98712K, committed 99532K, reserved 1136640K
  class space    used 11402K, capacity 11930K, committed 12160K, reserved 1048576K
2023-10-20T13:28:27.714+0600: 3292971.958: [GC (Allocation Failure) [PSYoungGen: 133312K->3728K(138240K)] 212800K->83361K(467968K), 0.0149387 secs] [Times: user=0.01 sys=0.02, real=0.01 secs] 
Heap after GC invocations=866 (full 4):
 PSYoungGen      total 138240K, used 3728K [0x00000000d5580000, 0x00000000de400000, 0x0000000100000000)
  eden space 130560K, 0% used [0x00000000d5580000,0x00000000d5580000,0x00000000dd500000)
  from space 7680K, 48% used [0x00000000ddc80000,0x00000000de024250,0x00000000de400000)
  to   space 7680K, 0% used [0x00000000dd500000,0x00000000dd500000,0x00000000ddc80000)
 ParOldGen       total 329728K, used 79632K [0x0000000080000000, 0x0000000094200000, 0x00000000d5580000)
  object space 329728K, 24% used [0x0000000080000000,0x0000000084dc42e0,0x0000000094200000)
 Metaspace       used 95291K, capacity 98712K, committed 99532K, reserved 1136640K
  class space    used 11402K, capacity 11930K, committed 12160K, reserved 1048576K
}
{Heap before GC invocations=867 (full 4):
 PSYoungGen      total 138240K, used 134288K [0x00000000d5580000, 0x00000000de400000, 0x0000000100000000)
  eden space 130560K, 99% used [0x00000000d5580000,0x00000000dd4ffff8,0x00000000dd500000)
  from space 7680K, 48% used [0x00000000ddc80000,0x00000000de024250,0x00000000de400000)
  to   space 7680K, 0% used [0x00000000dd500000,0x00000000dd500000,0x00000000ddc80000)
 ParOldGen       total 329728K, used 79632K [0x0000000080000000, 0x0000000094200000, 0x00000000d5580000)
  object space 329728K, 24% used [0x0000000080000000,0x0000000084dc42e0,0x0000000094200000)
 Metaspace       used 95291K, capacity 98712K, committed 99532K, reserved 1136640K
  class space    used 11402K, capacity 11930K, committed 12160K, reserved 1048576K
2023-10-20T15:13:12.438+0600: 3299256.681: [GC (Allocation Failure) [PSYoungGen: 134288K->2912K(138240K)] 213921K->82769K(467968K), 0.0130525 secs] [Times: user=0.01 sys=0.01, real=0.01 secs] 
Heap after GC invocations=867 (full 4):
 PSYoungGen      total 138240K, used 2912K [0x00000000d5580000, 0x00000000de480000, 0x0000000100000000)
  eden space 130560K, 0% used [0x00000000d5580000,0x00000000d5580000,0x00000000dd500000)
  from space 7680K, 37% used [0x00000000dd500000,0x00000000dd7d8000,0x00000000ddc80000)
  to   space 7680K, 0% used [0x00000000ddd00000,0x00000000ddd00000,0x00000000de480000)
 ParOldGen       total 329728K, used 79857K [0x0000000080000000, 0x0000000094200000, 0x00000000d5580000)
  object space 329728K, 24% used [0x0000000080000000,0x0000000084dfc578,0x0000000094200000)
 Metaspace       used 95291K, capacity 98712K, committed 99532K, reserved 1136640K
  class space    used 11402K, capacity 11930K, committed 12160K, reserved 1048576K
}
{Heap before GC invocations=868 (full 4):
 PSYoungGen      total 138240K, used 133472K [0x00000000d5580000, 0x00000000de480000, 0x0000000100000000)
  eden space 130560K, 100% used [0x00000000d5580000,0x00000000dd500000,0x00000000dd500000)
  from space 7680K, 37% used [0x00000000dd500000,0x00000000dd7d8000,0x00000000ddc80000)
  to   space 7680K, 0% used [0x00000000ddd00000,0x00000000ddd00000,0x00000000de480000)
 ParOldGen       total 329728K, used 79857K [0x0000000080000000, 0x0000000094200000, 0x00000000d5580000)
  object space 329728K, 24% used [0x0000000080000000,0x0000000084dfc578,0x0000000094200000)
 Metaspace       used 95291K, capacity 98712K, committed 99532K, reserved 1136640K
  class space    used 11402K, capacity 11930K, committed 12160K, reserved 1048576K
2023-10-20T16:57:58.267+0600: 3305542.510: [GC (Allocation Failure) [PSYoungGen: 133472K->2912K(137728K)] 213329K->82974K(467456K), 0.0108592 secs] [Times: user=0.01 sys=0.01, real=0.01 secs] 
Heap after GC invocations=868 (full 4):
 PSYoungGen      total 137728K, used 2912K [0x00000000d5580000, 0x00000000de380000, 0x0000000100000000)
  eden space 131072K, 0% used [0x00000000d5580000,0x00000000d5580000,0x00000000dd580000)
  from space 6656K, 43% used [0x00000000ddd00000,0x00000000ddfd8010,0x00000000de380000)
  to   space 7168K, 0% used [0x00000000dd580000,0x00000000dd580000,0x00000000ddc80000)
 ParOldGen       total 329728K, used 80062K [0x0000000080000000, 0x0000000094200000, 0x00000000d5580000)
  object space 329728K, 24% used [0x0000000080000000,0x0000000084e2faf0,0x0000000094200000)
 Metaspace       used 95291K, capacity 98712K, committed 99532K, reserved 1136640K
  class space    used 11402K, capacity 11930K, committed 12160K, reserved 1048576K
}
{Heap before GC invocations=869 (full 4):
 PSYoungGen      total 137728K, used 133984K [0x00000000d5580000, 0x00000000de380000, 0x0000000100000000)
  eden space 131072K, 100% used [0x00000000d5580000,0x00000000dd580000,0x00000000dd580000)
  from space 6656K, 43% used [0x00000000ddd00000,0x00000000ddfd8010,0x00000000de380000)
  to   space 7168K, 0% used [0x00000000dd580000,0x00000000dd580000,0x00000000ddc80000)
 ParOldGen       total 329728K, used 80062K [0x0000000080000000, 0x0000000094200000, 0x00000000d5580000)
  object space 329728K, 24% used [0x0000000080000000,0x0000000084e2faf0,0x0000000094200000)
 Metaspace       used 95291K, capacity 98712K, committed 99532K, reserved 1136640K
  class space    used 11402K, capacity 11930K, committed 12160K, reserved 1048576K
2023-10-20T18:35:14.247+0600: 3311378.490: [GC (Allocation Failure) [PSYoungGen: 133984K->3506K(138240K)] 214046K->83632K(467968K), 0.0176729 secs] [Times: user=0.01 sys=0.02, real=0.02 secs] 
Heap after GC invocations=869 (full 4):
 PSYoungGen      total 138240K, used 3506K [0x00000000d5580000, 0x00000000de400000, 0x0000000100000000)
  eden space 131072K, 0% used [0x00000000d5580000,0x00000000d5580000,0x00000000dd580000)
  from space 7168K, 48% used [0x00000000dd580000,0x00000000dd8ec868,0x00000000ddc80000)
  to   space 7168K, 0% used [0x00000000ddd00000,0x00000000ddd00000,0x00000000de400000)
 ParOldGen       total 329728K, used 80126K [0x0000000080000000, 0x0000000094200000, 0x00000000d5580000)
  object space 329728K, 24% used [0x0000000080000000,0x0000000084e3faf0,0x0000000094200000)
 Metaspace       used 95291K, capacity 98712K, committed 99532K, reserved 1136640K
  class space    used 11402K, capacity 11930K, committed 12160K, reserved 1048576K
}
{Heap before GC invocations=870 (full 4):
 PSYoungGen      total 138240K, used 134578K [0x00000000d5580000, 0x00000000de400000, 0x0000000100000000)
  eden space 131072K, 100% used [0x00000000d5580000,0x00000000dd580000,0x00000000dd580000)
  from space 7168K, 48% used [0x00000000dd580000,0x00000000dd8ec868,0x00000000ddc80000)
  to   space 7168K, 0% used [0x00000000ddd00000,0x00000000ddd00000,0x00000000de400000)
 ParOldGen       total 329728K, used 80126K [0x0000000080000000, 0x0000000094200000, 0x00000000d5580000)
  object space 329728K, 24% used [0x0000000080000000,0x0000000084e3faf0,0x0000000094200000)
 Metaspace       used 95291K, capacity 98712K, committed 99532K, reserved 1136640K
  class space    used 11402K, capacity 11930K, committed 12160K, reserved 1048576K
2023-10-20T20:16:41.326+0600: 3317465.569: [GC (Allocation Failure) [PSYoungGen: 134578K->3752K(137728K)] 214704K->83924K(467456K), 0.0148217 secs] [Times: user=0.02 sys=0.01, real=0.01 secs] 
Heap after GC invocations=870 (full 4):
 PSYoungGen      total 137728K, used 3752K [0x00000000d5580000, 0x00000000de300000, 0x0000000100000000)
  eden space 131584K, 0% used [0x00000000d5580000,0x00000000d5580000,0x00000000dd600000)
  from space 6144K, 61% used [0x00000000ddd00000,0x00000000de0aa2a8,0x00000000de300000)
  to   space 6656K, 0% used [0x00000000dd600000,0x00000000dd600000,0x00000000ddc80000)
 ParOldGen       total 329728K, used 80172K [0x0000000080000000, 0x0000000094200000, 0x00000000d5580000)
  object space 329728K, 24% used [0x0000000080000000,0x0000000084e4b000,0x0000000094200000)
 Metaspace       used 95291K, capacity 98712K, committed 99532K, reserved 1136640K
  class space    used 11402K, capacity 11930K, committed 12160K, reserved 1048576K
}
{Heap before GC invocations=871 (full 4):
 PSYoungGen      total 137728K, used 135336K [0x00000000d5580000, 0x00000000de300000, 0x0000000100000000)
  eden space 131584K, 100% used [0x00000000d5580000,0x00000000dd600000,0x00000000dd600000)
  from space 6144K, 61% used [0x00000000ddd00000,0x00000000de0aa2a8,0x00000000de300000)
  to   space 6656K, 0% used [0x00000000dd600000,0x00000000dd600000,0x00000000ddc80000)
 ParOldGen       total 329728K, used 80172K [0x0000000080000000, 0x0000000094200000, 0x00000000d5580000)
  object space 329728K, 24% used [0x0000000080000000,0x0000000084e4b000,0x0000000094200000)
 Metaspace       used 95291K, capacity 98712K, committed 99532K, reserved 1136640K
  class space    used 11402K, capacity 11930K, committed 12160K, reserved 1048576K
2023-10-20T21:48:57.550+0600: 3323001.793: [GC (Allocation Failure) [PSYoungGen: 135336K->4504K(138240K)] 215508K->84742K(467968K), 0.0190737 secs] [Times: user=0.01 sys=0.01, real=0.02 secs] 
Heap after GC invocations=871 (full 4):
 PSYoungGen      total 138240K, used 4504K [0x00000000d5580000, 0x00000000de380000, 0x0000000100000000)
  eden space 131584K, 0% used [0x00000000d5580000,0x00000000d5580000,0x00000000dd600000)
  from space 6656K, 67% used [0x00000000dd600000,0x00000000dda662c8,0x00000000ddc80000)
  to   space 6656K, 0% used [0x00000000ddd00000,0x00000000ddd00000,0x00000000de380000)
 ParOldGen       total 329728K, used 80238K [0x0000000080000000, 0x0000000094200000, 0x00000000d5580000)
  object space 329728K, 24% used [0x0000000080000000,0x0000000084e5b8f0,0x0000000094200000)
 Metaspace       used 95291K, capacity 98712K, committed 99532K, reserved 1136640K
  class space    used 11402K, capacity 11930K, committed 12160K, reserved 1048576K
}
{Heap before GC invocations=872 (full 4):
 PSYoungGen      total 138240K, used 136088K [0x00000000d5580000, 0x00000000de380000, 0x0000000100000000)
  eden space 131584K, 100% used [0x00000000d5580000,0x00000000dd600000,0x00000000dd600000)
  from space 6656K, 67% used [0x00000000dd600000,0x00000000dda662c8,0x00000000ddc80000)
  to   space 6656K, 0% used [0x00000000ddd00000,0x00000000ddd00000,0x00000000de380000)
 ParOldGen       total 329728K, used 80238K [0x0000000080000000, 0x0000000094200000, 0x00000000d5580000)
  object space 329728K, 24% used [0x0000000080000000,0x0000000084e5b8f0,0x0000000094200000)
 Metaspace       used 95291K, capacity 98712K, committed 99532K, reserved 1136640K
  class space    used 11402K, capacity 11930K, committed 12160K, reserved 1048576K
2023-10-20T23:27:23.581+0600: 3328907.824: [GC (Allocation Failure) [PSYoungGen: 136088K->3751K(138752K)] 216326K->84029K(468480K), 0.0148995 secs] [Times: user=0.01 sys=0.01, real=0.02 secs] 
Heap after GC invocations=872 (full 4):
 PSYoungGen      total 138752K, used 3751K [0x00000000d5580000, 0x00000000de380000, 0x0000000100000000)
  eden space 132096K, 0% used [0x00000000d5580000,0x00000000d5580000,0x00000000dd680000)
  from space 6656K, 56% used [0x00000000ddd00000,0x00000000de0a9cf0,0x00000000de380000)
  to   space 6656K, 0% used [0x00000000dd680000,0x00000000dd680000,0x00000000ddd00000)
 ParOldGen       total 329728K, used 80278K [0x0000000080000000, 0x0000000094200000, 0x00000000d5580000)
  object space 329728K, 24% used [0x0000000080000000,0x0000000084e658f0,0x0000000094200000)
 Metaspace       used 95291K, capacity 98712K, committed 99532K, reserved 1136640K
  class space    used 11402K, capacity 11930K, committed 12160K, reserved 1048576K
}
{Heap before GC invocations=873 (full 4):
 PSYoungGen      total 138752K, used 135847K [0x00000000d5580000, 0x00000000de380000, 0x0000000100000000)
  eden space 132096K, 100% used [0x00000000d5580000,0x00000000dd680000,0x00000000dd680000)
  from space 6656K, 56% used [0x00000000ddd00000,0x00000000de0a9cf0,0x00000000de380000)
  to   space 6656K, 0% used [0x00000000dd680000,0x00000000dd680000,0x00000000ddd00000)
 ParOldGen       total 329728K, used 80278K [0x0000000080000000, 0x0000000094200000, 0x00000000d5580000)
  object space 329728K, 24% used [0x0000000080000000,0x0000000084e658f0,0x0000000094200000)
 Metaspace       used 95292K, capacity 98712K, committed 99532K, reserved 1136640K
  class space    used 11402K, capacity 11930K, committed 12160K, reserved 1048576K
2023-10-21T01:08:11.082+0600: 3334955.325: [GC (Allocation Failure) [PSYoungGen: 135847K->3831K(138752K)] 216125K->84109K(468480K), 0.0180944 secs] [Times: user=0.01 sys=0.01, real=0.02 secs] 
Heap after GC invocations=873 (full 4):
 PSYoungGen      total 138752K, used 3831K [0x00000000d5580000, 0x00000000de300000, 0x0000000100000000)
  eden space 132096K, 0% used [0x00000000d5580000,0x00000000d5580000,0x00000000dd680000)
  from space 6656K, 57% used [0x00000000dd680000,0x00000000dda3df00,0x00000000ddd00000)
  to   space 6144K, 0% used [0x00000000ddd00000,0x00000000ddd00000,0x00000000de300000)
 ParOldGen       total 329728K, used 80278K [0x0000000080000000, 0x0000000094200000, 0x00000000d5580000)
  object space 329728K, 24% used [0x0000000080000000,0x0000000084e658f0,0x0000000094200000)
 Metaspace       used 95292K, capacity 98712K, committed 99532K, reserved 1136640K
  class space    used 11402K, capacity 11930K, committed 12160K, reserved 1048576K
}
{Heap before GC invocations=874 (full 4):
 PSYoungGen      total 138752K, used 135927K [0x00000000d5580000, 0x00000000de300000, 0x0000000100000000)
  eden space 132096K, 100% used [0x00000000d5580000,0x00000000dd680000,0x00000000dd680000)
  from space 6656K, 57% used [0x00000000dd680000,0x00000000dda3df00,0x00000000ddd00000)
  to   space 6144K, 0% used [0x00000000ddd00000,0x00000000ddd00000,0x00000000de300000)
 ParOldGen       total 329728K, used 80278K [0x0000000080000000, 0x0000000094200000, 0x00000000d5580000)
  object space 329728K, 24% used [0x0000000080000000,0x0000000084e658f0,0x0000000094200000)
 Metaspace       used 95292K, capacity 98712K, committed 99532K, reserved 1136640K
  class space    used 11402K, capacity 11930K, committed 12160K, reserved 1048576K
2023-10-21T02:57:17.848+0600: 3341502.091: [GC (Allocation Failure) [PSYoungGen: 135927K->2983K(138752K)] 216205K->83261K(468480K), 0.0157479 secs] [Times: user=0.03 sys=0.00, real=0.02 secs] 
Heap after GC invocations=874 (full 4):
 PSYoungGen      total 138752K, used 2983K [0x00000000d5580000, 0x00000000de300000, 0x0000000100000000)
  eden space 132608K, 0% used [0x00000000d5580000,0x00000000d5580000,0x00000000dd700000)
  from space 6144K, 48% used [0x00000000ddd00000,0x00000000ddfe9ca0,0x00000000de300000)
  to   space 6144K, 0% used [0x00000000dd700000,0x00000000dd700000,0x00000000ddd00000)
 ParOldGen       total 329728K, used 80278K [0x0000000080000000, 0x0000000094200000, 0x00000000d5580000)
  object space 329728K, 24% used [0x0000000080000000,0x0000000084e658f0,0x0000000094200000)
 Metaspace       used 95292K, capacity 98712K, committed 99532K, reserved 1136640K
  class space    used 11402K, capacity 11930K, committed 12160K, reserved 1048576K
}
{Heap before GC invocations=875 (full 4):
 PSYoungGen      total 138752K, used 135591K [0x00000000d5580000, 0x00000000de300000, 0x0000000100000000)
  eden space 132608K, 100% used [0x00000000d5580000,0x00000000dd700000,0x00000000dd700000)
  from space 6144K, 48% used [0x00000000ddd00000,0x00000000ddfe9ca0,0x00000000de300000)
  to   space 6144K, 0% used [0x00000000dd700000,0x00000000dd700000,0x00000000ddd00000)
 ParOldGen       total 329728K, used 80278K [0x0000000080000000, 0x0000000094200000, 0x00000000d5580000)
  object space 329728K, 24% used [0x0000000080000000,0x0000000084e658f0,0x0000000094200000)
 Metaspace       used 95292K, capacity 98712K, committed 99532K, reserved 1136640K
  class space    used 11402K, capacity 11930K, committed 12160K, reserved 1048576K
2023-10-21T04:30:18.164+0600: 3347082.407: [GC (Allocation Failure) [PSYoungGen: 135591K->5592K(138752K)] 215869K->85886K(468480K), 0.0163832 secs] [Times: user=0.02 sys=0.00, real=0.01 secs] 
Heap after GC invocations=875 (full 4):
 PSYoungGen      total 138752K, used 5592K [0x00000000d5580000, 0x00000000de480000, 0x0000000100000000)
  eden space 132608K, 0% used [0x00000000d5580000,0x00000000d5580000,0x00000000dd700000)
  from space 6144K, 91% used [0x00000000dd700000,0x00000000ddc761d0,0x00000000ddd00000)
  to   space 6656K, 0% used [0x00000000dde00000,0x00000000dde00000,0x00000000de480000)
 ParOldGen       total 329728K, used 80294K [0x0000000080000000, 0x0000000094200000, 0x00000000d5580000)
  object space 329728K, 24% used [0x0000000080000000,0x0000000084e698f0,0x0000000094200000)
 Metaspace       used 95292K, capacity 98712K, committed 99532K, reserved 1136640K
  class space    used 11402K, capacity 11930K, committed 12160K, reserved 1048576K
}
{Heap before GC invocations=876 (full 4):
 PSYoungGen      total 138752K, used 138200K [0x00000000d5580000, 0x00000000de480000, 0x0000000100000000)
  eden space 132608K, 100% used [0x00000000d5580000,0x00000000dd700000,0x00000000dd700000)
  from space 6144K, 91% used [0x00000000dd700000,0x00000000ddc761d0,0x00000000ddd00000)
  to   space 6656K, 0% used [0x00000000dde00000,0x00000000dde00000,0x00000000de480000)
 ParOldGen       total 329728K, used 80294K [0x0000000080000000, 0x0000000094200000, 0x00000000d5580000)
  object space 329728K, 24% used [0x0000000080000000,0x0000000084e698f0,0x0000000094200000)
 Metaspace       used 95292K, capacity 98712K, committed 99532K, reserved 1136640K
  class space    used 11402K, capacity 11930K, committed 12160K, reserved 1048576K
2023-10-21T05:59:17.121+0600: 3352421.364: [GC (Allocation Failure) [PSYoungGen: 138200K->6127K(139264K)] 218494K->86461K(468992K), 0.0174224 secs] [Times: user=0.01 sys=0.02, real=0.02 secs] 
Heap after GC invocations=876 (full 4):
 PSYoungGen      total 139264K, used 6127K [0x00000000d5580000, 0x00000000de580000, 0x0000000100000000)
  eden space 132608K, 0% used [0x00000000d5580000,0x00000000d5580000,0x00000000dd700000)
  from space 6656K, 92% used [0x00000000dde00000,0x00000000de3fbc80,0x00000000de480000)
  to   space 7168K, 0% used [0x00000000dd700000,0x00000000dd700000,0x00000000dde00000)
 ParOldGen       total 329728K, used 80334K [0x0000000080000000, 0x0000000094200000, 0x00000000d5580000)
  object space 329728K, 24% used [0x0000000080000000,0x0000000084e738f0,0x0000000094200000)
 Metaspace       used 95292K, capacity 98712K, committed 99532K, reserved 1136640K
  class space    used 11402K, capacity 11930K, committed 12160K, reserved 1048576K
}
{Heap before GC invocations=877 (full 4):
 PSYoungGen      total 139264K, used 138735K [0x00000000d5580000, 0x00000000de580000, 0x0000000100000000)
  eden space 132608K, 100% used [0x00000000d5580000,0x00000000dd700000,0x00000000dd700000)
  from space 6656K, 92% used [0x00000000dde00000,0x00000000de3fbc80,0x00000000de480000)
  to   space 7168K, 0% used [0x00000000dd700000,0x00000000dd700000,0x00000000dde00000)
 ParOldGen       total 329728K, used 80334K [0x0000000080000000, 0x0000000094200000, 0x00000000d5580000)
  object space 329728K, 24% used [0x0000000080000000,0x0000000084e738f0,0x0000000094200000)
 Metaspace       used 95292K, capacity 98712K, committed 99532K, reserved 1136640K
  class space    used 11402K, capacity 11930K, committed 12160K, reserved 1048576K
2023-10-21T07:47:57.925+0600: 3358942.168: [GC (Allocation Failure) [PSYoungGen: 138735K->3239K(139776K)] 219069K->83573K(469504K), 0.0160166 secs] [Times: user=0.01 sys=0.02, real=0.01 secs] 
Heap after GC invocations=877 (full 4):
 PSYoungGen      total 139776K, used 3239K [0x00000000d5580000, 0x00000000de580000, 0x0000000100000000)
  eden space 132608K, 0% used [0x00000000d5580000,0x00000000d5580000,0x00000000dd700000)
  from space 7168K, 45% used [0x00000000dd700000,0x00000000dda29ca0,0x00000000dde00000)
  to   space 7168K, 0% used [0x00000000dde80000,0x00000000dde80000,0x00000000de580000)
 ParOldGen       total 329728K, used 80334K [0x0000000080000000, 0x0000000094200000, 0x00000000d5580000)
  object space 329728K, 24% used [0x0000000080000000,0x0000000084e738f0,0x0000000094200000)
 Metaspace       used 95292K, capacity 98712K, committed 99532K, reserved 1136640K
  class space    used 11402K, capacity 11930K, committed 12160K, reserved 1048576K
}
{Heap before GC invocations=878 (full 4):
 PSYoungGen      total 139776K, used 135847K [0x00000000d5580000, 0x00000000de580000, 0x0000000100000000)
  eden space 132608K, 100% used [0x00000000d5580000,0x00000000dd700000,0x00000000dd700000)
  from space 7168K, 45% used [0x00000000dd700000,0x00000000dda29ca0,0x00000000dde00000)
  to   space 7168K, 0% used [0x00000000dde80000,0x00000000dde80000,0x00000000de580000)
 ParOldGen       total 329728K, used 80334K [0x0000000080000000, 0x0000000094200000, 0x00000000d5580000)
  object space 329728K, 24% used [0x0000000080000000,0x0000000084e738f0,0x0000000094200000)
 Metaspace       used 95292K, capacity 98712K, committed 99532K, reserved 1136640K
  class space    used 11402K, capacity 11930K, committed 12160K, reserved 1048576K
2023-10-21T09:34:52.732+0600: 3365356.975: [GC (Allocation Failure) [PSYoungGen: 135847K->3239K(140288K)] 216181K->83573K(470016K), 0.0172245 secs] [Times: user=0.01 sys=0.01, real=0.02 secs] 
Heap after GC invocations=878 (full 4):
 PSYoungGen      total 140288K, used 3239K [0x00000000d5580000, 0x00000000de580000, 0x0000000100000000)
  eden space 133120K, 0% used [0x00000000d5580000,0x00000000d5580000,0x00000000dd780000)
  from space 7168K, 45% used [0x00000000dde80000,0x00000000de1a9ca0,0x00000000de580000)
  to   space 7168K, 0% used [0x00000000dd780000,0x00000000dd780000,0x00000000dde80000)
 ParOldGen       total 329728K, used 80334K [0x0000000080000000, 0x0000000094200000, 0x00000000d5580000)
  object space 329728K, 24% used [0x0000000080000000,0x0000000084e738f0,0x0000000094200000)
 Metaspace       used 95292K, capacity 98712K, committed 99532K, reserved 1136640K
  class space    used 11402K, capacity 11930K, committed 12160K, reserved 1048576K
}
{Heap before GC invocations=879 (full 4):
 PSYoungGen      total 140288K, used 136359K [0x00000000d5580000, 0x00000000de580000, 0x0000000100000000)
  eden space 133120K, 100% used [0x00000000d5580000,0x00000000dd780000,0x00000000dd780000)
  from space 7168K, 45% used [0x00000000dde80000,0x00000000de1a9ca0,0x00000000de580000)
  to   space 7168K, 0% used [0x00000000dd780000,0x00000000dd780000,0x00000000dde80000)
 ParOldGen       total 329728K, used 80334K [0x0000000080000000, 0x0000000094200000, 0x00000000d5580000)
  object space 329728K, 24% used [0x0000000080000000,0x0000000084e738f0,0x0000000094200000)
 Metaspace       used 95292K, capacity 98712K, committed 99532K, reserved 1136640K
  class space    used 11402K, capacity 11930K, committed 12160K, reserved 1048576K
2023-10-21T11:24:23.711+0600: 3371927.954: [GC (Allocation Failure) [PSYoungGen: 136359K->3207K(140288K)] 216693K->83541K(470016K), 0.0186550 secs] [Times: user=0.02 sys=0.02, real=0.02 secs] 
Heap after GC invocations=879 (full 4):
 PSYoungGen      total 140288K, used 3207K [0x00000000d5580000, 0x00000000de500000, 0x0000000100000000)
  eden space 133120K, 0% used [0x00000000d5580000,0x00000000d5580000,0x00000000dd780000)
  from space 7168K, 44% used [0x00000000dd780000,0x00000000ddaa1ca0,0x00000000dde80000)
  to   space 6656K, 0% used [0x00000000dde80000,0x00000000dde80000,0x00000000de500000)
 ParOldGen       total 329728K, used 80334K [0x0000000080000000, 0x0000000094200000, 0x00000000d5580000)
  object space 329728K, 24% used [0x0000000080000000,0x0000000084e738f0,0x0000000094200000)
 Metaspace       used 95292K, capacity 98712K, committed 99532K, reserved 1136640K
  class space    used 11402K, capacity 11930K, committed 12160K, reserved 1048576K
}
{Heap before GC invocations=880 (full 4):
 PSYoungGen      total 140288K, used 136327K [0x00000000d5580000, 0x00000000de500000, 0x0000000100000000)
  eden space 133120K, 100% used [0x00000000d5580000,0x00000000dd780000,0x00000000dd780000)
  from space 7168K, 44% used [0x00000000dd780000,0x00000000ddaa1ca0,0x00000000dde80000)
  to   space 6656K, 0% used [0x00000000dde80000,0x00000000dde80000,0x00000000de500000)
 ParOldGen       total 329728K, used 80334K [0x0000000080000000, 0x0000000094200000, 0x00000000d5580000)
  object space 329728K, 24% used [0x0000000080000000,0x0000000084e738f0,0x0000000094200000)
 Metaspace       used 95292K, capacity 98712K, committed 99532K, reserved 1136640K
  class space    used 11402K, capacity 11930K, committed 12160K, reserved 1048576K
2023-10-21T13:07:19.341+0600: 3378103.584: [GC (Allocation Failure) [PSYoungGen: 136327K->3477K(140288K)] 216661K->83811K(470016K), 0.0159534 secs] [Times: user=0.01 sys=0.01, real=0.02 secs] 
Heap after GC invocations=880 (full 4):
 PSYoungGen      total 140288K, used 3477K [0x00000000d5580000, 0x00000000de500000, 0x0000000100000000)
  eden space 133632K, 0% used [0x00000000d5580000,0x00000000d5580000,0x00000000dd800000)
  from space 6656K, 52% used [0x00000000dde80000,0x00000000de1e5630,0x00000000de500000)
  to   space 6656K, 0% used [0x00000000dd800000,0x00000000dd800000,0x00000000dde80000)
 ParOldGen       total 329728K, used 80334K [0x0000000080000000, 0x0000000094200000, 0x00000000d5580000)
  object space 329728K, 24% used [0x0000000080000000,0x0000000084e738f0,0x0000000094200000)
 Metaspace       used 95292K, capacity 98712K, committed 99532K, reserved 1136640K
  class space    used 11402K, capacity 11930K, committed 12160K, reserved 1048576K
}
{Heap before GC invocations=881 (full 4):
 PSYoungGen      total 140288K, used 137109K [0x00000000d5580000, 0x00000000de500000, 0x0000000100000000)
  eden space 133632K, 100% used [0x00000000d5580000,0x00000000dd800000,0x00000000dd800000)
  from space 6656K, 52% used [0x00000000dde80000,0x00000000de1e5630,0x00000000de500000)
  to   space 6656K, 0% used [0x00000000dd800000,0x00000000dd800000,0x00000000dde80000)
 ParOldGen       total 329728K, used 80334K [0x0000000080000000, 0x0000000094200000, 0x00000000d5580000)
  object space 329728K, 24% used [0x0000000080000000,0x0000000084e738f0,0x0000000094200000)
 Metaspace       used 95292K, capacity 98712K, committed 99532K, reserved 1136640K
  class space    used 11402K, capacity 11930K, committed 12160K, reserved 1048576K
2023-10-21T14:54:26.549+0600: 3384530.792: [GC (Allocation Failure) [PSYoungGen: 137109K->3399K(140288K)] 217443K->83773K(470016K), 0.0173752 secs] [Times: user=0.02 sys=0.02, real=0.02 secs] 
Heap after GC invocations=881 (full 4):
 PSYoungGen      total 140288K, used 3399K [0x00000000d5580000, 0x00000000de580000, 0x0000000100000000)
  eden space 133632K, 0% used [0x00000000d5580000,0x00000000d5580000,0x00000000dd800000)
  from space 6656K, 51% used [0x00000000dd800000,0x00000000ddb51cb0,0x00000000dde80000)
  to   space 6656K, 0% used [0x00000000ddf00000,0x00000000ddf00000,0x00000000de580000)
 ParOldGen       total 329728K, used 80374K [0x0000000080000000, 0x0000000094200000, 0x00000000d5580000)
  object space 329728K, 24% used [0x0000000080000000,0x0000000084e7d8f0,0x0000000094200000)
 Metaspace       used 95292K, capacity 98712K, committed 99532K, reserved 1136640K
  class space    used 11402K, capacity 11930K, committed 12160K, reserved 1048576K
}
{Heap before GC invocations=882 (full 4):
 PSYoungGen      total 140288K, used 137031K [0x00000000d5580000, 0x00000000de580000, 0x0000000100000000)
  eden space 133632K, 100% used [0x00000000d5580000,0x00000000dd800000,0x00000000dd800000)
  from space 6656K, 51% used [0x00000000dd800000,0x00000000ddb51cb0,0x00000000dde80000)
  to   space 6656K, 0% used [0x00000000ddf00000,0x00000000ddf00000,0x00000000de580000)
 ParOldGen       total 329728K, used 80374K [0x0000000080000000, 0x0000000094200000, 0x00000000d5580000)
  object space 329728K, 24% used [0x0000000080000000,0x0000000084e7d8f0,0x0000000094200000)
 Metaspace       used 95292K, capacity 98712K, committed 99532K, reserved 1136640K
  class space    used 11402K, capacity 11930K, committed 12160K, reserved 1048576K
2023-10-21T16:39:14.461+0600: 3390818.704: [GC (Allocation Failure) [PSYoungGen: 137031K->3863K(139776K)] 217405K->84237K(469504K), 0.0155014 secs] [Times: user=0.01 sys=0.02, real=0.02 secs] 
Heap after GC invocations=882 (full 4):
 PSYoungGen      total 139776K, used 3863K [0x00000000d5580000, 0x00000000de480000, 0x0000000100000000)
  eden space 134144K, 0% used [0x00000000d5580000,0x00000000d5580000,0x00000000dd880000)
  from space 5632K, 68% used [0x00000000ddf00000,0x00000000de2c5e78,0x00000000de480000)
  to   space 6144K, 0% used [0x00000000dd880000,0x00000000dd880000,0x00000000dde80000)
 ParOldGen       total 329728K, used 80374K [0x0000000080000000, 0x0000000094200000, 0x00000000d5580000)
  object space 329728K, 24% used [0x0000000080000000,0x0000000084e7d8f0,0x0000000094200000)
 Metaspace       used 95292K, capacity 98712K, committed 99532K, reserved 1136640K
  class space    used 11402K, capacity 11930K, committed 12160K, reserved 1048576K
}
{Heap before GC invocations=883 (full 4):
 PSYoungGen      total 139776K, used 138007K [0x00000000d5580000, 0x00000000de480000, 0x0000000100000000)
  eden space 134144K, 100% used [0x00000000d5580000,0x00000000dd880000,0x00000000dd880000)
  from space 5632K, 68% used [0x00000000ddf00000,0x00000000de2c5e78,0x00000000de480000)
  to   space 6144K, 0% used [0x00000000dd880000,0x00000000dd880000,0x00000000dde80000)
 ParOldGen       total 329728K, used 80374K [0x0000000080000000, 0x0000000094200000, 0x00000000d5580000)
  object space 329728K, 24% used [0x0000000080000000,0x0000000084e7d8f0,0x0000000094200000)
 Metaspace       used 95292K, capacity 98712K, committed 99532K, reserved 1136640K
  class space    used 11402K, capacity 11930K, committed 12160K, reserved 1048576K
2023-10-21T18:25:55.857+0600: 3397220.100: [GC (Allocation Failure) [PSYoungGen: 138007K->3319K(140288K)] 218381K->83729K(470016K), 0.0170322 secs] [Times: user=0.01 sys=0.01, real=0.02 secs] 
Heap after GC invocations=883 (full 4):
 PSYoungGen      total 140288K, used 3319K [0x00000000d5580000, 0x00000000de500000, 0x0000000100000000)
  eden space 134144K, 0% used [0x00000000d5580000,0x00000000d5580000,0x00000000dd880000)
  from space 6144K, 54% used [0x00000000dd880000,0x00000000ddbbde48,0x00000000dde80000)
  to   space 6144K, 0% used [0x00000000ddf00000,0x00000000ddf00000,0x00000000de500000)
 ParOldGen       total 329728K, used 80410K [0x0000000080000000, 0x0000000094200000, 0x00000000d5580000)
  object space 329728K, 24% used [0x0000000080000000,0x0000000084e86800,0x0000000094200000)
 Metaspace       used 95292K, capacity 98712K, committed 99532K, reserved 1136640K
  class space    used 11402K, capacity 11930K, committed 12160K, reserved 1048576K
}
{Heap before GC invocations=884 (full 4):
 PSYoungGen      total 140288K, used 137463K [0x00000000d5580000, 0x00000000de500000, 0x0000000100000000)
  eden space 134144K, 100% used [0x00000000d5580000,0x00000000dd880000,0x00000000dd880000)
  from space 6144K, 54% used [0x00000000dd880000,0x00000000ddbbde48,0x00000000dde80000)
  to   space 6144K, 0% used [0x00000000ddf00000,0x00000000ddf00000,0x00000000de500000)
 ParOldGen       total 329728K, used 80410K [0x0000000080000000, 0x0000000094200000, 0x00000000d5580000)
  object space 329728K, 24% used [0x0000000080000000,0x0000000084e86800,0x0000000094200000)
 Metaspace       used 95292K, capacity 98712K, committed 99532K, reserved 1136640K
  class space    used 11402K, capacity 11930K, committed 12160K, reserved 1048576K
2023-10-21T20:14:11.999+0600: 3403716.242: [GC (Allocation Failure) [PSYoungGen: 137463K->3554K(140800K)] 217873K->84089K(470528K), 0.0178506 secs] [Times: user=0.01 sys=0.02, real=0.02 secs] 
Heap after GC invocations=884 (full 4):
 PSYoungGen      total 140800K, used 3554K [0x00000000d5580000, 0x00000000de500000, 0x0000000100000000)
  eden space 134656K, 0% used [0x00000000d5580000,0x00000000d5580000,0x00000000dd900000)
  from space 6144K, 57% used [0x00000000ddf00000,0x00000000de278998,0x00000000de500000)
  to   space 6144K, 0% used [0x00000000dd900000,0x00000000dd900000,0x00000000ddf00000)
 ParOldGen       total 329728K, used 80534K [0x0000000080000000, 0x0000000094200000, 0x00000000d5580000)
  object space 329728K, 24% used [0x0000000080000000,0x0000000084ea5a68,0x0000000094200000)
 Metaspace       used 95292K, capacity 98712K, committed 99532K, reserved 1136640K
  class space    used 11402K, capacity 11930K, committed 12160K, reserved 1048576K
}
{Heap before GC invocations=885 (full 4):
 PSYoungGen      total 140800K, used 138210K [0x00000000d5580000, 0x00000000de500000, 0x0000000100000000)
  eden space 134656K, 100% used [0x00000000d5580000,0x00000000dd900000,0x00000000dd900000)
  from space 6144K, 57% used [0x00000000ddf00000,0x00000000de278998,0x00000000de500000)
  to   space 6144K, 0% used [0x00000000dd900000,0x00000000dd900000,0x00000000ddf00000)
 ParOldGen       total 329728K, used 80534K [0x0000000080000000, 0x0000000094200000, 0x00000000d5580000)
  object space 329728K, 24% used [0x0000000080000000,0x0000000084ea5a68,0x0000000094200000)
 Metaspace       used 95292K, capacity 98712K, committed 99532K, reserved 1136640K
  class space    used 11402K, capacity 11930K, committed 12160K, reserved 1048576K
2023-10-21T21:51:25.598+0600: 3409549.841: [GC (Allocation Failure) [PSYoungGen: 138210K->3908K(140800K)] 218745K->84499K(470528K), 0.0181106 secs] [Times: user=0.01 sys=0.02, real=0.02 secs] 
Heap after GC invocations=885 (full 4):
 PSYoungGen      total 140800K, used 3908K [0x00000000d5580000, 0x00000000de480000, 0x0000000100000000)
  eden space 134656K, 0% used [0x00000000d5580000,0x00000000d5580000,0x00000000dd900000)
  from space 6144K, 63% used [0x00000000dd900000,0x00000000ddcd11d0,0x00000000ddf00000)
  to   space 5632K, 0% used [0x00000000ddf00000,0x00000000ddf00000,0x00000000de480000)
 ParOldGen       total 329728K, used 80590K [0x0000000080000000, 0x0000000094200000, 0x00000000d5580000)
  object space 329728K, 24% used [0x0000000080000000,0x0000000084eb3a68,0x0000000094200000)
 Metaspace       used 95292K, capacity 98712K, committed 99532K, reserved 1136640K
  class space    used 11402K, capacity 11930K, committed 12160K, reserved 1048576K
}
{Heap before GC invocations=886 (full 4):
 PSYoungGen      total 140800K, used 138564K [0x00000000d5580000, 0x00000000de480000, 0x0000000100000000)
  eden space 134656K, 100% used [0x00000000d5580000,0x00000000dd900000,0x00000000dd900000)
  from space 6144K, 63% used [0x00000000dd900000,0x00000000ddcd11d0,0x00000000ddf00000)
  to   space 5632K, 0% used [0x00000000ddf00000,0x00000000ddf00000,0x00000000de480000)
 ParOldGen       total 329728K, used 80590K [0x0000000080000000, 0x0000000094200000, 0x00000000d5580000)
  object space 329728K, 24% used [0x0000000080000000,0x0000000084eb3a68,0x0000000094200000)
 Metaspace       used 95292K, capacity 98712K, committed 99532K, reserved 1136640K
  class space    used 11402K, capacity 11930K, committed 12160K, reserved 1048576K
2023-10-21T23:41:52.285+0600: 3416176.529: [GC (Allocation Failure) [PSYoungGen: 138564K->3059K(140800K)] 219155K->83722K(470528K), 0.0154374 secs] [Times: user=0.01 sys=0.01, real=0.01 secs] 
Heap after GC invocations=886 (full 4):
 PSYoungGen      total 140800K, used 3059K [0x00000000d5580000, 0x00000000de480000, 0x0000000100000000)
  eden space 135168K, 0% used [0x00000000d5580000,0x00000000d5580000,0x00000000dd980000)
  from space 5632K, 54% used [0x00000000ddf00000,0x00000000de1fcfa0,0x00000000de480000)
  to   space 5632K, 0% used [0x00000000dd980000,0x00000000dd980000,0x00000000ddf00000)
 ParOldGen       total 329728K, used 80662K [0x0000000080000000, 0x0000000094200000, 0x00000000d5580000)
  object space 329728K, 24% used [0x0000000080000000,0x0000000084ec5a68,0x0000000094200000)
 Metaspace       used 95292K, capacity 98712K, committed 99532K, reserved 1136640K
  class space    used 11402K, capacity 11930K, committed 12160K, reserved 1048576K
}
{Heap before GC invocations=887 (full 4):
 PSYoungGen      total 140800K, used 138227K [0x00000000d5580000, 0x00000000de480000, 0x0000000100000000)
  eden space 135168K, 100% used [0x00000000d5580000,0x00000000dd980000,0x00000000dd980000)
  from space 5632K, 54% used [0x00000000ddf00000,0x00000000de1fcfa0,0x00000000de480000)
  to   space 5632K, 0% used [0x00000000dd980000,0x00000000dd980000,0x00000000ddf00000)
 ParOldGen       total 329728K, used 80662K [0x0000000080000000, 0x0000000094200000, 0x00000000d5580000)
  object space 329728K, 24% used [0x0000000080000000,0x0000000084ec5a68,0x0000000094200000)
 Metaspace       used 95292K, capacity 98712K, committed 99532K, reserved 1136640K
  class space    used 11402K, capacity 11930K, committed 12160K, reserved 1048576K
2023-10-22T01:29:50.947+0600: 3422655.190: [GC (Allocation Failure) [PSYoungGen: 138227K->3250K(140800K)] 218890K->84040K(470528K), 0.0164298 secs] [Times: user=0.02 sys=0.02, real=0.01 secs] 
Heap after GC invocations=887 (full 4):
 PSYoungGen      total 140800K, used 3250K [0x00000000d5580000, 0x00000000de500000, 0x0000000100000000)
  eden space 135168K, 0% used [0x00000000d5580000,0x00000000d5580000,0x00000000dd980000)
  from space 5632K, 57% used [0x00000000dd980000,0x00000000ddcac820,0x00000000ddf00000)
  to   space 5632K, 0% used [0x00000000ddf80000,0x00000000ddf80000,0x00000000de500000)
 ParOldGen       total 329728K, used 80790K [0x0000000080000000, 0x0000000094200000, 0x00000000d5580000)
  object space 329728K, 24% used [0x0000000080000000,0x0000000084ee58a8,0x0000000094200000)
 Metaspace       used 95292K, capacity 98712K, committed 99532K, reserved 1136640K
  class space    used 11402K, capacity 11930K, committed 12160K, reserved 1048576K
}
{Heap before GC invocations=888 (full 4):
 PSYoungGen      total 140800K, used 138418K [0x00000000d5580000, 0x00000000de500000, 0x0000000100000000)
  eden space 135168K, 100% used [0x00000000d5580000,0x00000000dd980000,0x00000000dd980000)
  from space 5632K, 57% used [0x00000000dd980000,0x00000000ddcac820,0x00000000ddf00000)
  to   space 5632K, 0% used [0x00000000ddf80000,0x00000000ddf80000,0x00000000de500000)
 ParOldGen       total 329728K, used 80790K [0x0000000080000000, 0x0000000094200000, 0x00000000d5580000)
  object space 329728K, 24% used [0x0000000080000000,0x0000000084ee58a8,0x0000000094200000)
 Metaspace       used 95292K, capacity 98712K, committed 99532K, reserved 1136640K
  class space    used 11402K, capacity 11930K, committed 12160K, reserved 1048576K
2023-10-22T03:17:07.686+0600: 3429091.929: [GC (Allocation Failure) [PSYoungGen: 138418K->3008K(141312K)] 219208K->83851K(471040K), 0.0108910 secs] [Times: user=0.00 sys=0.01, real=0.01 secs] 
Heap after GC invocations=888 (full 4):
 PSYoungGen      total 141312K, used 3008K [0x00000000d5580000, 0x00000000de500000, 0x0000000100000000)
  eden space 135680K, 0% used [0x00000000d5580000,0x00000000d5580000,0x00000000dda00000)
  from space 5632K, 53% used [0x00000000ddf80000,0x00000000de270000,0x00000000de500000)
  to   space 5632K, 0% used [0x00000000dda00000,0x00000000dda00000,0x00000000ddf80000)
 ParOldGen       total 329728K, used 80843K [0x0000000080000000, 0x0000000094200000, 0x00000000d5580000)
  object space 329728K, 24% used [0x0000000080000000,0x0000000084ef2c48,0x0000000094200000)
 Metaspace       used 95292K, capacity 98712K, committed 99532K, reserved 1136640K
  class space    used 11402K, capacity 11930K, committed 12160K, reserved 1048576K
}
{Heap before GC invocations=889 (full 4):
 PSYoungGen      total 141312K, used 138688K [0x00000000d5580000, 0x00000000de500000, 0x0000000100000000)
  eden space 135680K, 100% used [0x00000000d5580000,0x00000000dda00000,0x00000000dda00000)
  from space 5632K, 53% used [0x00000000ddf80000,0x00000000de270000,0x00000000de500000)
  to   space 5632K, 0% used [0x00000000dda00000,0x00000000dda00000,0x00000000ddf80000)
 ParOldGen       total 329728K, used 80843K [0x0000000080000000, 0x0000000094200000, 0x00000000d5580000)
  object space 329728K, 24% used [0x0000000080000000,0x0000000084ef2c48,0x0000000094200000)
 Metaspace       used 95292K, capacity 98712K, committed 99532K, reserved 1136640K
  class space    used 11402K, capacity 11930K, committed 12160K, reserved 1048576K
2023-10-22T05:08:37.359+0600: 3435781.602: [GC (Allocation Failure) [PSYoungGen: 138688K->2944K(141312K)] 219531K->83787K(471040K), 0.0170425 secs] [Times: user=0.02 sys=0.02, real=0.02 secs] 
Heap after GC invocations=889 (full 4):
 PSYoungGen      total 141312K, used 2944K [0x00000000d5580000, 0x00000000de580000, 0x0000000100000000)
  eden space 135680K, 0% used [0x00000000d5580000,0x00000000d5580000,0x00000000dda00000)
  from space 5632K, 52% used [0x00000000dda00000,0x00000000ddce0000,0x00000000ddf80000)
  to   space 5632K, 0% used [0x00000000de000000,0x00000000de000000,0x00000000de580000)
 ParOldGen       total 329728K, used 80843K [0x0000000080000000, 0x0000000094200000, 0x00000000d5580000)
  object space 329728K, 24% used [0x0000000080000000,0x0000000084ef2c48,0x0000000094200000)
 Metaspace       used 95292K, capacity 98712K, committed 99532K, reserved 1136640K
  class space    used 11402K, capacity 11930K, committed 12160K, reserved 1048576K
}
{Heap before GC invocations=890 (full 4):
 PSYoungGen      total 141312K, used 138624K [0x00000000d5580000, 0x00000000de580000, 0x0000000100000000)
  eden space 135680K, 100% used [0x00000000d5580000,0x00000000dda00000,0x00000000dda00000)
  from space 5632K, 52% used [0x00000000dda00000,0x00000000ddce0000,0x00000000ddf80000)
  to   space 5632K, 0% used [0x00000000de000000,0x00000000de000000,0x00000000de580000)
 ParOldGen       total 329728K, used 80843K [0x0000000080000000, 0x0000000094200000, 0x00000000d5580000)
  object space 329728K, 24% used [0x0000000080000000,0x0000000084ef2c48,0x0000000094200000)
 Metaspace       used 95292K, capacity 98712K, committed 99532K, reserved 1136640K
  class space    used 11402K, capacity 11930K, committed 12160K, reserved 1048576K
2023-10-22T06:59:09.580+0600: 3442413.823: [GC (Allocation Failure) [PSYoungGen: 138624K->2848K(141824K)] 219467K->83835K(471552K), 0.0154866 secs] [Times: user=0.03 sys=0.00, real=0.02 secs] 
Heap after GC invocations=890 (full 4):
 PSYoungGen      total 141824K, used 2848K [0x00000000d5580000, 0x00000000de580000, 0x0000000100000000)
  eden space 136192K, 0% used [0x00000000d5580000,0x00000000d5580000,0x00000000dda80000)
  from space 5632K, 50% used [0x00000000de000000,0x00000000de2c8000,0x00000000de580000)
  to   space 5632K, 0% used [0x00000000dda80000,0x00000000dda80000,0x00000000de000000)
 ParOldGen       total 329728K, used 80987K [0x0000000080000000, 0x0000000094200000, 0x00000000d5580000)
  object space 329728K, 24% used [0x0000000080000000,0x0000000084f16c48,0x0000000094200000)
 Metaspace       used 95292K, capacity 98712K, committed 99532K, reserved 1136640K
  class space    used 11402K, capacity 11930K, committed 12160K, reserved 1048576K
}
{Heap before GC invocations=891 (full 4):
 PSYoungGen      total 141824K, used 139040K [0x00000000d5580000, 0x00000000de580000, 0x0000000100000000)
  eden space 136192K, 100% used [0x00000000d5580000,0x00000000dda80000,0x00000000dda80000)
  from space 5632K, 50% used [0x00000000de000000,0x00000000de2c8000,0x00000000de580000)
  to   space 5632K, 0% used [0x00000000dda80000,0x00000000dda80000,0x00000000de000000)
 ParOldGen       total 329728K, used 80987K [0x0000000080000000, 0x0000000094200000, 0x00000000d5580000)
  object space 329728K, 24% used [0x0000000080000000,0x0000000084f16c48,0x0000000094200000)
 Metaspace       used 95292K, capacity 98712K, committed 99532K, reserved 1136640K
  class space    used 11402K, capacity 11930K, committed 12160K, reserved 1048576K
2023-10-22T08:49:11.159+0600: 3449015.402: [GC (Allocation Failure) [PSYoungGen: 139040K->2704K(141824K)] 220027K->83883K(471552K), 0.0126103 secs] [Times: user=0.01 sys=0.01, real=0.01 secs] 
Heap after GC invocations=891 (full 4):
 PSYoungGen      total 141824K, used 2704K [0x00000000d5580000, 0x00000000de600000, 0x0000000100000000)
  eden space 136192K, 0% used [0x00000000d5580000,0x00000000d5580000,0x00000000dda80000)
  from space 5632K, 48% used [0x00000000dda80000,0x00000000ddd241a8,0x00000000de000000)
  to   space 5632K, 0% used [0x00000000de080000,0x00000000de080000,0x00000000de600000)
 ParOldGen       total 329728K, used 81179K [0x0000000080000000, 0x0000000094200000, 0x00000000d5580000)
  object space 329728K, 24% used [0x0000000080000000,0x0000000084f46c48,0x0000000094200000)
 Metaspace       used 95292K, capacity 98712K, committed 99532K, reserved 1136640K
  class space    used 11402K, capacity 11930K, committed 12160K, reserved 1048576K
}
{Heap before GC invocations=892 (full 4):
 PSYoungGen      total 141824K, used 138896K [0x00000000d5580000, 0x00000000de600000, 0x0000000100000000)
  eden space 136192K, 100% used [0x00000000d5580000,0x00000000dda80000,0x00000000dda80000)
  from space 5632K, 48% used [0x00000000dda80000,0x00000000ddd241a8,0x00000000de000000)
  to   space 5632K, 0% used [0x00000000de080000,0x00000000de080000,0x00000000de600000)
 ParOldGen       total 329728K, used 81179K [0x0000000080000000, 0x0000000094200000, 0x00000000d5580000)
  object space 329728K, 24% used [0x0000000080000000,0x0000000084f46c48,0x0000000094200000)
 Metaspace       used 95292K, capacity 98712K, committed 99532K, reserved 1136640K
  class space    used 11402K, capacity 11930K, committed 12160K, reserved 1048576K
2023-10-22T10:34:49.298+0600: 3455353.541: [GC (Allocation Failure) [PSYoungGen: 138896K->3616K(141312K)] 220075K->84795K(471040K), 0.0150340 secs] [Times: user=0.02 sys=0.01, real=0.01 secs] 
Heap after GC invocations=892 (full 4):
 PSYoungGen      total 141312K, used 3616K [0x00000000d5580000, 0x00000000de500000, 0x0000000100000000)
  eden space 136704K, 0% used [0x00000000d5580000,0x00000000d5580000,0x00000000ddb00000)
  from space 4608K, 78% used [0x00000000de080000,0x00000000de408030,0x00000000de500000)
  to   space 5120K, 0% used [0x00000000ddb00000,0x00000000ddb00000,0x00000000de000000)
 ParOldGen       total 329728K, used 81179K [0x0000000080000000, 0x0000000094200000, 0x00000000d5580000)
  object space 329728K, 24% used [0x0000000080000000,0x0000000084f46c48,0x0000000094200000)
 Metaspace       used 95292K, capacity 98712K, committed 99532K, reserved 1136640K
  class space    used 11402K, capacity 11930K, committed 12160K, reserved 1048576K
}
{Heap before GC invocations=893 (full 4):
 PSYoungGen      total 141312K, used 140320K [0x00000000d5580000, 0x00000000de500000, 0x0000000100000000)
  eden space 136704K, 100% used [0x00000000d5580000,0x00000000ddb00000,0x00000000ddb00000)
  from space 4608K, 78% used [0x00000000de080000,0x00000000de408030,0x00000000de500000)
  to   space 5120K, 0% used [0x00000000ddb00000,0x00000000ddb00000,0x00000000de000000)
 ParOldGen       total 329728K, used 81179K [0x0000000080000000, 0x0000000094200000, 0x00000000d5580000)
  object space 329728K, 24% used [0x0000000080000000,0x0000000084f46c48,0x0000000094200000)
 Metaspace       used 95327K, capacity 98802K, committed 99532K, reserved 1136640K
  class space    used 11411K, capacity 11945K, committed 12160K, reserved 1048576K
2023-10-22T11:39:12.766+0600: 3459217.009: [GC (Allocation Failure) [PSYoungGen: 140320K->5104K(141824K)] 221499K->90293K(471552K), 0.0183286 secs] [Times: user=0.02 sys=0.02, real=0.02 secs] 
Heap after GC invocations=893 (full 4):
 PSYoungGen      total 141824K, used 5104K [0x00000000d5580000, 0x00000000de980000, 0x0000000100000000)
  eden space 136704K, 0% used [0x00000000d5580000,0x00000000d5580000,0x00000000ddb00000)
  from space 5120K, 99% used [0x00000000ddb00000,0x00000000ddffc1c8,0x00000000de000000)
  to   space 7168K, 0% used [0x00000000de280000,0x00000000de280000,0x00000000de980000)
 ParOldGen       total 329728K, used 85189K [0x0000000080000000, 0x0000000094200000, 0x00000000d5580000)
  object space 329728K, 25% used [0x0000000080000000,0x00000000853315c8,0x0000000094200000)
 Metaspace       used 95327K, capacity 98802K, committed 99532K, reserved 1136640K
  class space    used 11411K, capacity 11945K, committed 12160K, reserved 1048576K
}
{Heap before GC invocations=894 (full 4):
 PSYoungGen      total 141824K, used 141808K [0x00000000d5580000, 0x00000000de980000, 0x0000000100000000)
  eden space 136704K, 100% used [0x00000000d5580000,0x00000000ddb00000,0x00000000ddb00000)
  from space 5120K, 99% used [0x00000000ddb00000,0x00000000ddffc1c8,0x00000000de000000)
  to   space 7168K, 0% used [0x00000000de280000,0x00000000de280000,0x00000000de980000)
 ParOldGen       total 329728K, used 85190K [0x0000000080000000, 0x0000000094200000, 0x00000000d5580000)
  object space 329728K, 25% used [0x0000000080000000,0x0000000085331848,0x0000000094200000)
 Metaspace       used 95327K, capacity 98802K, committed 99532K, reserved 1136640K
  class space    used 11411K, capacity 11945K, committed 12160K, reserved 1048576K
2023-10-22T13:10:19.948+0600: 3464684.191: [GC (GCLocker Initiated GC) [PSYoungGen: 141808K->5990K(143872K)] 226998K->91212K(473600K), 0.0168392 secs] [Times: user=0.00 sys=0.02, real=0.02 secs] 
Heap after GC invocations=894 (full 4):
 PSYoungGen      total 143872K, used 5990K [0x00000000d5580000, 0x00000000dea80000, 0x0000000100000000)
  eden space 136704K, 0% used [0x00000000d5580000,0x00000000d5580000,0x00000000ddb00000)
  from space 7168K, 83% used [0x00000000de280000,0x00000000de859930,0x00000000de980000)
  to   space 7680K, 0% used [0x00000000ddb00000,0x00000000ddb00000,0x00000000de280000)
 ParOldGen       total 329728K, used 85222K [0x0000000080000000, 0x0000000094200000, 0x00000000d5580000)
  object space 329728K, 25% used [0x0000000080000000,0x0000000085339848,0x0000000094200000)
 Metaspace       used 95327K, capacity 98802K, committed 99532K, reserved 1136640K
  class space    used 11411K, capacity 11945K, committed 12160K, reserved 1048576K
}
{Heap before GC invocations=895 (full 4):
 PSYoungGen      total 143872K, used 142694K [0x00000000d5580000, 0x00000000dea80000, 0x0000000100000000)
  eden space 136704K, 100% used [0x00000000d5580000,0x00000000ddb00000,0x00000000ddb00000)
  from space 7168K, 83% used [0x00000000de280000,0x00000000de859930,0x00000000de980000)
  to   space 7680K, 0% used [0x00000000ddb00000,0x00000000ddb00000,0x00000000de280000)
 ParOldGen       total 329728K, used 85226K [0x0000000080000000, 0x0000000094200000, 0x00000000d5580000)
  object space 329728K, 25% used [0x0000000080000000,0x000000008533abf8,0x0000000094200000)
 Metaspace       used 95338K, capacity 98802K, committed 99532K, reserved 1136640K
  class space    used 11411K, capacity 11945K, committed 12160K, reserved 1048576K
2023-10-22T14:37:57.505+0600: 3469941.748: [GC (Allocation Failure) [PSYoungGen: 142694K->6532K(144384K)] 227921K->91759K(474112K), 0.0214661 secs] [Times: user=0.01 sys=0.02, real=0.02 secs] 
Heap after GC invocations=895 (full 4):
 PSYoungGen      total 144384K, used 6532K [0x00000000d5580000, 0x00000000deb80000, 0x0000000100000000)
  eden space 136704K, 0% used [0x00000000d5580000,0x00000000d5580000,0x00000000ddb00000)
  from space 7680K, 85% used [0x00000000ddb00000,0x00000000de161090,0x00000000de280000)
  to   space 8192K, 0% used [0x00000000de380000,0x00000000de380000,0x00000000deb80000)
 ParOldGen       total 329728K, used 85226K [0x0000000080000000, 0x0000000094200000, 0x00000000d5580000)
  object space 329728K, 25% used [0x0000000080000000,0x000000008533abf8,0x0000000094200000)
 Metaspace       used 95338K, capacity 98802K, committed 99532K, reserved 1136640K
  class space    used 11411K, capacity 11945K, committed 12160K, reserved 1048576K
}
{Heap before GC invocations=896 (full 4):
 PSYoungGen      total 144384K, used 143236K [0x00000000d5580000, 0x00000000deb80000, 0x0000000100000000)
  eden space 136704K, 100% used [0x00000000d5580000,0x00000000ddb00000,0x00000000ddb00000)
  from space 7680K, 85% used [0x00000000ddb00000,0x00000000de161090,0x00000000de280000)
  to   space 8192K, 0% used [0x00000000de380000,0x00000000de380000,0x00000000deb80000)
 ParOldGen       total 329728K, used 85226K [0x0000000080000000, 0x0000000094200000, 0x00000000d5580000)
  object space 329728K, 25% used [0x0000000080000000,0x000000008533abf8,0x0000000094200000)
 Metaspace       used 95346K, capacity 98820K, committed 99532K, reserved 1136640K
  class space    used 11412K, capacity 11948K, committed 12160K, reserved 1048576K
2023-10-22T16:06:03.830+0600: 3475228.073: [GC (Allocation Failure) [PSYoungGen: 143236K->6564K(144896K)] 228463K->91799K(474624K), 0.0175460 secs] [Times: user=0.01 sys=0.01, real=0.02 secs] 
Heap after GC invocations=896 (full 4):
 PSYoungGen      total 144896K, used 6564K [0x00000000d5580000, 0x00000000dec80000, 0x0000000100000000)
  eden space 136704K, 0% used [0x00000000d5580000,0x00000000d5580000,0x00000000ddb00000)
  from space 8192K, 80% used [0x00000000de380000,0x00000000de9e9040,0x00000000deb80000)
  to   space 8704K, 0% used [0x00000000ddb00000,0x00000000ddb00000,0x00000000de380000)
 ParOldGen       total 329728K, used 85234K [0x0000000080000000, 0x0000000094200000, 0x00000000d5580000)
  object space 329728K, 25% used [0x0000000080000000,0x000000008533cbf8,0x0000000094200000)
 Metaspace       used 95346K, capacity 98820K, committed 99532K, reserved 1136640K
  class space    used 11412K, capacity 11948K, committed 12160K, reserved 1048576K
}
{Heap before GC invocations=897 (full 4):
 PSYoungGen      total 144896K, used 143268K [0x00000000d5580000, 0x00000000dec80000, 0x0000000100000000)
  eden space 136704K, 100% used [0x00000000d5580000,0x00000000ddb00000,0x00000000ddb00000)
  from space 8192K, 80% used [0x00000000de380000,0x00000000de9e9040,0x00000000deb80000)
  to   space 8704K, 0% used [0x00000000ddb00000,0x00000000ddb00000,0x00000000de380000)
 ParOldGen       total 329728K, used 85234K [0x0000000080000000, 0x0000000094200000, 0x00000000d5580000)
  object space 329728K, 25% used [0x0000000080000000,0x000000008533cbf8,0x0000000094200000)
 Metaspace       used 95365K, capacity 98880K, committed 99532K, reserved 1136640K
  class space    used 11418K, capacity 11958K, committed 12160K, reserved 1048576K
2023-10-22T17:21:40.833+0600: 3479765.077: [GC (Allocation Failure) [PSYoungGen: 143268K->7400K(145408K)] 228503K->92651K(475136K), 0.0197637 secs] [Times: user=0.03 sys=0.00, real=0.01 secs] 
Heap after GC invocations=897 (full 4):
 PSYoungGen      total 145408K, used 7400K [0x00000000d5580000, 0x00000000ded80000, 0x0000000100000000)
  eden space 136704K, 0% used [0x00000000d5580000,0x00000000d5580000,0x00000000ddb00000)
  from space 8704K, 85% used [0x00000000ddb00000,0x00000000de23a020,0x00000000de380000)
  to   space 9216K, 0% used [0x00000000de480000,0x00000000de480000,0x00000000ded80000)
 ParOldGen       total 329728K, used 85250K [0x0000000080000000, 0x0000000094200000, 0x00000000d5580000)
  object space 329728K, 25% used [0x0000000080000000,0x0000000085340bf8,0x0000000094200000)
 Metaspace       used 95365K, capacity 98880K, committed 99532K, reserved 1136640K
  class space    used 11418K, capacity 11958K, committed 12160K, reserved 1048576K
}
{Heap before GC invocations=898 (full 4):
 PSYoungGen      total 145408K, used 144104K [0x00000000d5580000, 0x00000000ded80000, 0x0000000100000000)
  eden space 136704K, 100% used [0x00000000d5580000,0x00000000ddb00000,0x00000000ddb00000)
  from space 8704K, 85% used [0x00000000ddb00000,0x00000000de23a020,0x00000000de380000)
  to   space 9216K, 0% used [0x00000000de480000,0x00000000de480000,0x00000000ded80000)
 ParOldGen       total 329728K, used 85250K [0x0000000080000000, 0x0000000094200000, 0x00000000d5580000)
  object space 329728K, 25% used [0x0000000080000000,0x0000000085340bf8,0x0000000094200000)
 Metaspace       used 95367K, capacity 98886K, committed 99532K, reserved 1136640K
  class space    used 11418K, capacity 11959K, committed 12160K, reserved 1048576K
2023-10-22T18:41:56.046+0600: 3484580.289: [GC (Allocation Failure) [PSYoungGen: 144104K->6180K(146432K)] 229355K->91431K(476160K), 0.0153707 secs] [Times: user=0.01 sys=0.02, real=0.01 secs] 
Heap after GC invocations=898 (full 4):
 PSYoungGen      total 146432K, used 6180K [0x00000000d5580000, 0x00000000ded80000, 0x0000000100000000)
  eden space 137216K, 0% used [0x00000000d5580000,0x00000000d5580000,0x00000000ddb80000)
  from space 9216K, 67% used [0x00000000de480000,0x00000000dea891c0,0x00000000ded80000)
  to   space 9216K, 0% used [0x00000000ddb80000,0x00000000ddb80000,0x00000000de480000)
 ParOldGen       total 329728K, used 85250K [0x0000000080000000, 0x0000000094200000, 0x00000000d5580000)
  object space 329728K, 25% used [0x0000000080000000,0x0000000085340bf8,0x0000000094200000)
 Metaspace       used 95367K, capacity 98886K, committed 99532K, reserved 1136640K
  class space    used 11418K, capacity 11959K, committed 12160K, reserved 1048576K
}
{Heap before GC invocations=899 (full 4):
 PSYoungGen      total 146432K, used 143396K [0x00000000d5580000, 0x00000000ded80000, 0x0000000100000000)
  eden space 137216K, 100% used [0x00000000d5580000,0x00000000ddb80000,0x00000000ddb80000)
  from space 9216K, 67% used [0x00000000de480000,0x00000000dea891c0,0x00000000ded80000)
  to   space 9216K, 0% used [0x00000000ddb80000,0x00000000ddb80000,0x00000000de480000)
 ParOldGen       total 329728K, used 85250K [0x0000000080000000, 0x0000000094200000, 0x00000000d5580000)
  object space 329728K, 25% used [0x0000000080000000,0x0000000085340bf8,0x0000000094200000)
 Metaspace       used 95367K, capacity 98886K, committed 99532K, reserved 1136640K
  class space    used 11418K, capacity 11959K, committed 12160K, reserved 1048576K
2023-10-22T20:00:41.939+0600: 3489306.182: [GC (Allocation Failure) [PSYoungGen: 143396K->8885K(146432K)] 228647K->94144K(476160K), 0.0228405 secs] [Times: user=0.03 sys=0.00, real=0.02 secs] 
Heap after GC invocations=899 (full 4):
 PSYoungGen      total 146432K, used 8885K [0x00000000d5580000, 0x00000000df000000, 0x0000000100000000)
  eden space 137216K, 0% used [0x00000000d5580000,0x00000000d5580000,0x00000000ddb80000)
  from space 9216K, 96% used [0x00000000ddb80000,0x00000000de42d7d0,0x00000000de480000)
  to   space 10240K, 0% used [0x00000000de600000,0x00000000de600000,0x00000000df000000)
 ParOldGen       total 329728K, used 85258K [0x0000000080000000, 0x0000000094200000, 0x00000000d5580000)
  object space 329728K, 25% used [0x0000000080000000,0x0000000085342bf8,0x0000000094200000)
 Metaspace       used 95367K, capacity 98886K, committed 99532K, reserved 1136640K
  class space    used 11418K, capacity 11959K, committed 12160K, reserved 1048576K
}
{Heap before GC invocations=900 (full 4):
 PSYoungGen      total 146432K, used 146101K [0x00000000d5580000, 0x00000000df000000, 0x0000000100000000)
  eden space 137216K, 100% used [0x00000000d5580000,0x00000000ddb80000,0x00000000ddb80000)
  from space 9216K, 96% used [0x00000000ddb80000,0x00000000de42d7d0,0x00000000de480000)
  to   space 10240K, 0% used [0x00000000de600000,0x00000000de600000,0x00000000df000000)
 ParOldGen       total 329728K, used 85258K [0x0000000080000000, 0x0000000094200000, 0x00000000d5580000)
  object space 329728K, 25% used [0x0000000080000000,0x0000000085342bf8,0x0000000094200000)
 Metaspace       used 95367K, capacity 98886K, committed 99532K, reserved 1136640K
  class space    used 11418K, capacity 11959K, committed 12160K, reserved 1048576K
2023-10-22T21:41:55.086+0600: 3495379.329: [GC (Allocation Failure) [PSYoungGen: 146101K->4657K(147968K)] 231360K->89932K(477696K), 0.0183973 secs] [Times: user=0.02 sys=0.01, real=0.02 secs] 
Heap after GC invocations=900 (full 4):
 PSYoungGen      total 147968K, used 4657K [0x00000000d5580000, 0x00000000df000000, 0x0000000100000000)
  eden space 137728K, 0% used [0x00000000d5580000,0x00000000d5580000,0x00000000ddc00000)
  from space 10240K, 45% used [0x00000000de600000,0x00000000dea8c6b0,0x00000000df000000)
  to   space 10240K, 0% used [0x00000000ddc00000,0x00000000ddc00000,0x00000000de600000)
 ParOldGen       total 329728K, used 85274K [0x0000000080000000, 0x0000000094200000, 0x00000000d5580000)
  object space 329728K, 25% used [0x0000000080000000,0x0000000085346bf8,0x0000000094200000)
 Metaspace       used 95367K, capacity 98886K, committed 99532K, reserved 1136640K
  class space    used 11418K, capacity 11959K, committed 12160K, reserved 1048576K
}
{Heap before GC invocations=901 (full 4):
 PSYoungGen      total 147968K, used 142385K [0x00000000d5580000, 0x00000000df000000, 0x0000000100000000)
  eden space 137728K, 100% used [0x00000000d5580000,0x00000000ddc00000,0x00000000ddc00000)
  from space 10240K, 45% used [0x00000000de600000,0x00000000dea8c6b0,0x00000000df000000)
  to   space 10240K, 0% used [0x00000000ddc00000,0x00000000ddc00000,0x00000000de600000)
 ParOldGen       total 329728K, used 85274K [0x0000000080000000, 0x0000000094200000, 0x00000000d5580000)
  object space 329728K, 25% used [0x0000000080000000,0x0000000085346bf8,0x0000000094200000)
 Metaspace       used 95367K, capacity 98886K, committed 99532K, reserved 1136640K
  class space    used 11418K, capacity 11959K, committed 12160K, reserved 1048576K
2023-10-22T23:26:10.920+0600: 3501635.163: [GC (Allocation Failure) [PSYoungGen: 142385K->4544K(147968K)] 227660K->89819K(477696K), 0.0144044 secs] [Times: user=0.01 sys=0.01, real=0.02 secs] 
Heap after GC invocations=901 (full 4):
 PSYoungGen      total 147968K, used 4544K [0x00000000d5580000, 0x00000000def80000, 0x0000000100000000)
  eden space 137728K, 0% used [0x00000000d5580000,0x00000000d5580000,0x00000000ddc00000)
  from space 10240K, 44% used [0x00000000ddc00000,0x00000000de070050,0x00000000de600000)
  to   space 9728K, 0% used [0x00000000de600000,0x00000000de600000,0x00000000def80000)
 ParOldGen       total 329728K, used 85274K [0x0000000080000000, 0x0000000094200000, 0x00000000d5580000)
  object space 329728K, 25% used [0x0000000080000000,0x0000000085346bf8,0x0000000094200000)
 Metaspace       used 95367K, capacity 98886K, committed 99532K, reserved 1136640K
  class space    used 11418K, capacity 11959K, committed 12160K, reserved 1048576K
}
{Heap before GC invocations=902 (full 4):
 PSYoungGen      total 147968K, used 142272K [0x00000000d5580000, 0x00000000def80000, 0x0000000100000000)
  eden space 137728K, 100% used [0x00000000d5580000,0x00000000ddc00000,0x00000000ddc00000)
  from space 10240K, 44% used [0x00000000ddc00000,0x00000000de070050,0x00000000de600000)
  to   space 9728K, 0% used [0x00000000de600000,0x00000000de600000,0x00000000def80000)
 ParOldGen       total 329728K, used 85274K [0x0000000080000000, 0x0000000094200000, 0x00000000d5580000)
  object space 329728K, 25% used [0x0000000080000000,0x0000000085346bf8,0x0000000094200000)
 Metaspace       used 95367K, capacity 98886K, committed 99532K, reserved 1136640K
  class space    used 11418K, capacity 11959K, committed 12160K, reserved 1048576K
2023-10-23T01:18:48.943+0600: 3508393.186: [GC (Allocation Failure) [PSYoungGen: 142272K->3968K(147968K)] 227547K->89267K(477696K), 0.0193315 secs] [Times: user=0.01 sys=0.02, real=0.02 secs] 
Heap after GC invocations=902 (full 4):
 PSYoungGen      total 147968K, used 3968K [0x00000000d5580000, 0x00000000def80000, 0x0000000100000000)
  eden space 138240K, 0% used [0x00000000d5580000,0x00000000d5580000,0x00000000ddc80000)
  from space 9728K, 40% used [0x00000000de600000,0x00000000de9e0020,0x00000000def80000)
  to   space 9728K, 0% used [0x00000000ddc80000,0x00000000ddc80000,0x00000000de600000)
 ParOldGen       total 329728K, used 85298K [0x0000000080000000, 0x0000000094200000, 0x00000000d5580000)
  object space 329728K, 25% used [0x0000000080000000,0x000000008534cbf8,0x0000000094200000)
 Metaspace       used 95367K, capacity 98886K, committed 99532K, reserved 1136640K
  class space    used 11418K, capacity 11959K, committed 12160K, reserved 1048576K
}
{Heap before GC invocations=903 (full 4):
 PSYoungGen      total 147968K, used 142208K [0x00000000d5580000, 0x00000000def80000, 0x0000000100000000)
  eden space 138240K, 100% used [0x00000000d5580000,0x00000000ddc80000,0x00000000ddc80000)
  from space 9728K, 40% used [0x00000000de600000,0x00000000de9e0020,0x00000000def80000)
  to   space 9728K, 0% used [0x00000000ddc80000,0x00000000ddc80000,0x00000000de600000)
 ParOldGen       total 329728K, used 85298K [0x0000000080000000, 0x0000000094200000, 0x00000000d5580000)
  object space 329728K, 25% used [0x0000000080000000,0x000000008534cbf8,0x0000000094200000)
 Metaspace       used 95367K, capacity 98886K, committed 99532K, reserved 1136640K
  class space    used 11418K, capacity 11959K, committed 12160K, reserved 1048576K
2023-10-23T03:11:23.640+0600: 3515147.884: [GC (Allocation Failure) [PSYoungGen: 142208K->4000K(147968K)] 227507K->89299K(477696K), 0.0122007 secs] [Times: user=0.01 sys=0.01, real=0.01 secs] 
Heap after GC invocations=903 (full 4):
 PSYoungGen      total 147968K, used 4000K [0x00000000d5580000, 0x00000000def00000, 0x0000000100000000)
  eden space 138240K, 0% used [0x00000000d5580000,0x00000000d5580000,0x00000000ddc80000)
  from space 9728K, 41% used [0x00000000ddc80000,0x00000000de068030,0x00000000de600000)
  to   space 9216K, 0% used [0x00000000de600000,0x00000000de600000,0x00000000def00000)
 ParOldGen       total 329728K, used 85298K [0x0000000080000000, 0x0000000094200000, 0x00000000d5580000)
  object space 329728K, 25% used [0x0000000080000000,0x000000008534cbf8,0x0000000094200000)
 Metaspace       used 95367K, capacity 98886K, committed 99532K, reserved 1136640K
  class space    used 11418K, capacity 11959K, committed 12160K, reserved 1048576K
}
{Heap before GC invocations=904 (full 4):
 PSYoungGen      total 147968K, used 142240K [0x00000000d5580000, 0x00000000def00000, 0x0000000100000000)
  eden space 138240K, 100% used [0x00000000d5580000,0x00000000ddc80000,0x00000000ddc80000)
  from space 9728K, 41% used [0x00000000ddc80000,0x00000000de068030,0x00000000de600000)
  to   space 9216K, 0% used [0x00000000de600000,0x00000000de600000,0x00000000def00000)
 ParOldGen       total 329728K, used 85298K [0x0000000080000000, 0x0000000094200000, 0x00000000d5580000)
  object space 329728K, 25% used [0x0000000080000000,0x000000008534cbf8,0x0000000094200000)
 Metaspace       used 95367K, capacity 98886K, committed 99532K, reserved 1136640K
  class space    used 11418K, capacity 11959K, committed 12160K, reserved 1048576K
2023-10-23T05:02:43.411+0600: 3521827.655: [GC (Allocation Failure) [PSYoungGen: 142240K->4000K(147968K)] 227539K->89299K(477696K), 0.0167617 secs] [Times: user=0.02 sys=0.00, real=0.02 secs] 
Heap after GC invocations=904 (full 4):
 PSYoungGen      total 147968K, used 4000K [0x00000000d5580000, 0x00000000def00000, 0x0000000100000000)
  eden space 138752K, 0% used [0x00000000d5580000,0x00000000d5580000,0x00000000ddd00000)
  from space 9216K, 43% used [0x00000000de600000,0x00000000de9e8020,0x00000000def00000)
  to   space 9216K, 0% used [0x00000000ddd00000,0x00000000ddd00000,0x00000000de600000)
 ParOldGen       total 329728K, used 85298K [0x0000000080000000, 0x0000000094200000, 0x00000000d5580000)
  object space 329728K, 25% used [0x0000000080000000,0x000000008534cbf8,0x0000000094200000)
 Metaspace       used 95367K, capacity 98886K, committed 99532K, reserved 1136640K
  class space    used 11418K, capacity 11959K, committed 12160K, reserved 1048576K
}
{Heap before GC invocations=905 (full 4):
 PSYoungGen      total 147968K, used 142752K [0x00000000d5580000, 0x00000000def00000, 0x0000000100000000)
  eden space 138752K, 100% used [0x00000000d5580000,0x00000000ddd00000,0x00000000ddd00000)
  from space 9216K, 43% used [0x00000000de600000,0x00000000de9e8020,0x00000000def00000)
  to   space 9216K, 0% used [0x00000000ddd00000,0x00000000ddd00000,0x00000000de600000)
 ParOldGen       total 329728K, used 85298K [0x0000000080000000, 0x0000000094200000, 0x00000000d5580000)
  object space 329728K, 25% used [0x0000000080000000,0x000000008534cbf8,0x0000000094200000)
 Metaspace       used 95367K, capacity 98886K, committed 99532K, reserved 1136640K
  class space    used 11418K, capacity 11959K, committed 12160K, reserved 1048576K
2023-10-23T06:55:25.579+0600: 3528589.822: [GC (Allocation Failure) [PSYoungGen: 142752K->3968K(147968K)] 228051K->89267K(477696K), 0.0158821 secs] [Times: user=0.01 sys=0.02, real=0.02 secs] 
Heap after GC invocations=905 (full 4):
 PSYoungGen      total 147968K, used 3968K [0x00000000d5580000, 0x00000000dee80000, 0x0000000100000000)
  eden space 138752K, 0% used [0x00000000d5580000,0x00000000d5580000,0x00000000ddd00000)
  from space 9216K, 43% used [0x00000000ddd00000,0x00000000de0e0020,0x00000000de600000)
  to   space 8704K, 0% used [0x00000000de600000,0x00000000de600000,0x00000000dee80000)
 ParOldGen       total 329728K, used 85298K [0x0000000080000000, 0x0000000094200000, 0x00000000d5580000)
  object space 329728K, 25% used [0x0000000080000000,0x000000008534cbf8,0x0000000094200000)
 Metaspace       used 95367K, capacity 98886K, committed 99532K, reserved 1136640K
  class space    used 11418K, capacity 11959K, committed 12160K, reserved 1048576K
}
{Heap before GC invocations=906 (full 4):
 PSYoungGen      total 147968K, used 142720K [0x00000000d5580000, 0x00000000dee80000, 0x0000000100000000)
  eden space 138752K, 100% used [0x00000000d5580000,0x00000000ddd00000,0x00000000ddd00000)
  from space 9216K, 43% used [0x00000000ddd00000,0x00000000de0e0020,0x00000000de600000)
  to   space 8704K, 0% used [0x00000000de600000,0x00000000de600000,0x00000000dee80000)
 ParOldGen       total 329728K, used 85298K [0x0000000080000000, 0x0000000094200000, 0x00000000d5580000)
  object space 329728K, 25% used [0x0000000080000000,0x000000008534cbf8,0x0000000094200000)
 Metaspace       used 95367K, capacity 98886K, committed 99532K, reserved 1136640K
  class space    used 11418K, capacity 11959K, committed 12160K, reserved 1048576K
2023-10-23T08:48:57.226+0600: 3535401.470: [GC (Allocation Failure) [PSYoungGen: 142720K->4000K(147968K)] 228019K->89299K(477696K), 0.0143009 secs] [Times: user=0.01 sys=0.02, real=0.01 secs] 
Heap after GC invocations=906 (full 4):
 PSYoungGen      total 147968K, used 4000K [0x00000000d5580000, 0x00000000dee80000, 0x0000000100000000)
  eden space 139264K, 0% used [0x00000000d5580000,0x00000000d5580000,0x00000000ddd80000)
  from space 8704K, 45% used [0x00000000de600000,0x00000000de9e8020,0x00000000dee80000)
  to   space 8704K, 0% used [0x00000000ddd80000,0x00000000ddd80000,0x00000000de600000)
 ParOldGen       total 329728K, used 85298K [0x0000000080000000, 0x0000000094200000, 0x00000000d5580000)
  object space 329728K, 25% used [0x0000000080000000,0x000000008534cbf8,0x0000000094200000)
 Metaspace       used 95367K, capacity 98886K, committed 99532K, reserved 1136640K
  class space    used 11418K, capacity 11959K, committed 12160K, reserved 1048576K
}
{Heap before GC invocations=907 (full 4):
 PSYoungGen      total 147968K, used 143264K [0x00000000d5580000, 0x00000000dee80000, 0x0000000100000000)
  eden space 139264K, 100% used [0x00000000d5580000,0x00000000ddd80000,0x00000000ddd80000)
  from space 8704K, 45% used [0x00000000de600000,0x00000000de9e8020,0x00000000dee80000)
  to   space 8704K, 0% used [0x00000000ddd80000,0x00000000ddd80000,0x00000000de600000)
 ParOldGen       total 329728K, used 85298K [0x0000000080000000, 0x0000000094200000, 0x00000000d5580000)
  object space 329728K, 25% used [0x0000000080000000,0x000000008534cbf8,0x0000000094200000)
 Metaspace       used 95369K, capacity 98886K, committed 99532K, reserved 1136640K
  class space    used 11418K, capacity 11959K, committed 12160K, reserved 1048576K
2023-10-23T10:19:51.830+0600: 3540856.074: [GC (Allocation Failure) [PSYoungGen: 143264K->6629K(147968K)] 228563K->91984K(477696K), 0.0182905 secs] [Times: user=0.01 sys=0.02, real=0.02 secs] 
Heap after GC invocations=907 (full 4):
 PSYoungGen      total 147968K, used 6629K [0x00000000d5580000, 0x00000000df000000, 0x0000000100000000)
  eden space 139264K, 0% used [0x00000000d5580000,0x00000000d5580000,0x00000000ddd80000)
  from space 8704K, 76% used [0x00000000ddd80000,0x00000000de3f94d0,0x00000000de600000)
  to   space 9216K, 0% used [0x00000000de700000,0x00000000de700000,0x00000000df000000)
 ParOldGen       total 329728K, used 85354K [0x0000000080000000, 0x0000000094200000, 0x00000000d5580000)
  object space 329728K, 25% used [0x0000000080000000,0x000000008535abf8,0x0000000094200000)
 Metaspace       used 95369K, capacity 98886K, committed 99532K, reserved 1136640K
  class space    used 11418K, capacity 11959K, committed 12160K, reserved 1048576K
}
{Heap before GC invocations=908 (full 4):
 PSYoungGen      total 147968K, used 145893K [0x00000000d5580000, 0x00000000df000000, 0x0000000100000000)
  eden space 139264K, 100% used [0x00000000d5580000,0x00000000ddd80000,0x00000000ddd80000)
  from space 8704K, 76% used [0x00000000ddd80000,0x00000000de3f94d0,0x00000000de600000)
  to   space 9216K, 0% used [0x00000000de700000,0x00000000de700000,0x00000000df000000)
 ParOldGen       total 329728K, used 85354K [0x0000000080000000, 0x0000000094200000, 0x00000000d5580000)
  object space 329728K, 25% used [0x0000000080000000,0x000000008535abf8,0x0000000094200000)
 Metaspace       used 95376K, capacity 98904K, committed 99532K, reserved 1136640K
  class space    used 11420K, capacity 11962K, committed 12160K, reserved 1048576K
2023-10-23T11:26:52.644+0600: 3544876.887: [GC (Allocation Failure) [PSYoungGen: 145893K->8789K(147968K)] 231248K->94504K(477696K), 0.0272348 secs] [Times: user=0.02 sys=0.03, real=0.02 secs] 
Heap after GC invocations=908 (full 4):
 PSYoungGen      total 147968K, used 8789K [0x00000000d5580000, 0x00000000df200000, 0x0000000100000000)
  eden space 138752K, 0% used [0x00000000d5580000,0x00000000d5580000,0x00000000ddd00000)
  from space 9216K, 95% used [0x00000000de700000,0x00000000def95530,0x00000000df000000)
  to   space 10240K, 0% used [0x00000000ddd00000,0x00000000ddd00000,0x00000000de700000)
 ParOldGen       total 329728K, used 85715K [0x0000000080000000, 0x0000000094200000, 0x00000000d5580000)
  object space 329728K, 25% used [0x0000000080000000,0x00000000853b4c78,0x0000000094200000)
 Metaspace       used 95376K, capacity 98904K, committed 99532K, reserved 1136640K
  class space    used 11420K, capacity 11962K, committed 12160K, reserved 1048576K
}
{Heap before GC invocations=909 (full 4):
 PSYoungGen      total 147968K, used 147541K [0x00000000d5580000, 0x00000000df200000, 0x0000000100000000)
  eden space 138752K, 100% used [0x00000000d5580000,0x00000000ddd00000,0x00000000ddd00000)
  from space 9216K, 95% used [0x00000000de700000,0x00000000def95530,0x00000000df000000)
  to   space 10240K, 0% used [0x00000000ddd00000,0x00000000ddd00000,0x00000000de700000)
 ParOldGen       total 329728K, used 85715K [0x0000000080000000, 0x0000000094200000, 0x00000000d5580000)
  object space 329728K, 25% used [0x0000000080000000,0x00000000853b4c78,0x0000000094200000)
 Metaspace       used 95378K, capacity 98910K, committed 99532K, reserved 1136640K
  class space    used 11421K, capacity 11963K, committed 12160K, reserved 1048576K
2023-10-23T12:50:08.413+0600: 3549872.656: [GC (Allocation Failure) [PSYoungGen: 147541K->6376K(148992K)] 233256K->92156K(478720K), 0.0138976 secs] [Times: user=0.03 sys=0.00, real=0.02 secs] 
Heap after GC invocations=909 (full 4):
 PSYoungGen      total 148992K, used 6376K [0x00000000d5580000, 0x00000000df080000, 0x0000000100000000)
  eden space 138752K, 0% used [0x00000000d5580000,0x00000000d5580000,0x00000000ddd00000)
  from space 10240K, 62% used [0x00000000ddd00000,0x00000000de33a3b0,0x00000000de700000)
  to   space 9728K, 0% used [0x00000000de700000,0x00000000de700000,0x00000000df080000)
 ParOldGen       total 329728K, used 85779K [0x0000000080000000, 0x0000000094200000, 0x00000000d5580000)
  object space 329728K, 26% used [0x0000000080000000,0x00000000853c4c78,0x0000000094200000)
 Metaspace       used 95378K, capacity 98910K, committed 99532K, reserved 1136640K
  class space    used 11421K, capacity 11963K, committed 12160K, reserved 1048576K
}
{Heap before GC invocations=910 (full 4):
 PSYoungGen      total 148992K, used 145128K [0x00000000d5580000, 0x00000000df080000, 0x0000000100000000)
  eden space 138752K, 100% used [0x00000000d5580000,0x00000000ddd00000,0x00000000ddd00000)
  from space 10240K, 62% used [0x00000000ddd00000,0x00000000de33a3b0,0x00000000de700000)
  to   space 9728K, 0% used [0x00000000de700000,0x00000000de700000,0x00000000df080000)
 ParOldGen       total 329728K, used 85779K [0x0000000080000000, 0x0000000094200000, 0x00000000d5580000)
  object space 329728K, 26% used [0x0000000080000000,0x00000000853c4c78,0x0000000094200000)
 Metaspace       used 95378K, capacity 98910K, committed 99532K, reserved 1136640K
  class space    used 11421K, capacity 11963K, committed 12160K, reserved 1048576K
2023-10-23T14:17:23.986+0600: 3555108.229: [GC (Allocation Failure) [PSYoungGen: 145128K->6180K(148992K)] 230908K->92047K(478720K), 0.0201213 secs] [Times: user=0.02 sys=0.01, real=0.02 secs] 
Heap after GC invocations=910 (full 4):
 PSYoungGen      total 148992K, used 6180K [0x00000000d5580000, 0x00000000df080000, 0x0000000100000000)
  eden space 139264K, 0% used [0x00000000d5580000,0x00000000d5580000,0x00000000ddd80000)
  from space 9728K, 63% used [0x00000000de700000,0x00000000ded09060,0x00000000df080000)
  to   space 9728K, 0% used [0x00000000ddd80000,0x00000000ddd80000,0x00000000de700000)
 ParOldGen       total 329728K, used 85867K [0x0000000080000000, 0x0000000094200000, 0x00000000d5580000)
  object space 329728K, 26% used [0x0000000080000000,0x00000000853dac78,0x0000000094200000)
 Metaspace       used 95378K, capacity 98910K, committed 99532K, reserved 1136640K
  class space    used 11421K, capacity 11963K, committed 12160K, reserved 1048576K
}
{Heap before GC invocations=911 (full 4):
 PSYoungGen      total 148992K, used 145444K [0x00000000d5580000, 0x00000000df080000, 0x0000000100000000)
  eden space 139264K, 100% used [0x00000000d5580000,0x00000000ddd80000,0x00000000ddd80000)
  from space 9728K, 63% used [0x00000000de700000,0x00000000ded09060,0x00000000df080000)
  to   space 9728K, 0% used [0x00000000ddd80000,0x00000000ddd80000,0x00000000de700000)
 ParOldGen       total 329728K, used 85867K [0x0000000080000000, 0x0000000094200000, 0x00000000d5580000)
  object space 329728K, 26% used [0x0000000080000000,0x00000000853dac78,0x0000000094200000)
 Metaspace       used 95378K, capacity 98910K, committed 99532K, reserved 1136640K
  class space    used 11421K, capacity 11963K, committed 12160K, reserved 1048576K
2023-10-23T15:55:13.579+0600: 3560977.822: [GC (Allocation Failure) [PSYoungGen: 145444K->5682K(148992K)] 231311K->91613K(478720K), 0.0194517 secs] [Times: user=0.01 sys=0.02, real=0.02 secs] 
Heap after GC invocations=911 (full 4):
 PSYoungGen      total 148992K, used 5682K [0x00000000d5580000, 0x00000000df100000, 0x0000000100000000)
  eden space 139264K, 0% used [0x00000000d5580000,0x00000000d5580000,0x00000000ddd80000)
  from space 9728K, 58% used [0x00000000ddd80000,0x00000000de30cbd0,0x00000000de700000)
  to   space 9728K, 0% used [0x00000000de780000,0x00000000de780000,0x00000000df100000)
 ParOldGen       total 329728K, used 85930K [0x0000000080000000, 0x0000000094200000, 0x00000000d5580000)
  object space 329728K, 26% used [0x0000000080000000,0x00000000853eabc8,0x0000000094200000)
 Metaspace       used 95378K, capacity 98910K, committed 99532K, reserved 1136640K
  class space    used 11421K, capacity 11963K, committed 12160K, reserved 1048576K
}
{Heap before GC invocations=912 (full 4):
 PSYoungGen      total 148992K, used 144946K [0x00000000d5580000, 0x00000000df100000, 0x0000000100000000)
  eden space 139264K, 100% used [0x00000000d5580000,0x00000000ddd80000,0x00000000ddd80000)
  from space 9728K, 58% used [0x00000000ddd80000,0x00000000de30cbd0,0x00000000de700000)
  to   space 9728K, 0% used [0x00000000de780000,0x00000000de780000,0x00000000df100000)
 ParOldGen       total 329728K, used 85930K [0x0000000080000000, 0x0000000094200000, 0x00000000d5580000)
  object space 329728K, 26% used [0x0000000080000000,0x00000000853eabc8,0x0000000094200000)
 Metaspace       used 95378K, capacity 98910K, committed 99532K, reserved 1136640K
  class space    used 11421K, capacity 11963K, committed 12160K, reserved 1048576K
2023-10-23T17:18:49.060+0600: 3565993.304: [GC (Allocation Failure) [PSYoungGen: 144946K->7076K(149504K)] 230877K->93071K(479232K), 0.0214688 secs] [Times: user=0.03 sys=0.00, real=0.02 secs] 
Heap after GC invocations=912 (full 4):
 PSYoungGen      total 149504K, used 7076K [0x00000000d5580000, 0x00000000df100000, 0x0000000100000000)
  eden space 139776K, 0% used [0x00000000d5580000,0x00000000d5580000,0x00000000dde00000)
  from space 9728K, 72% used [0x00000000de780000,0x00000000dee690b0,0x00000000df100000)
  to   space 9728K, 0% used [0x00000000dde00000,0x00000000dde00000,0x00000000de780000)
 ParOldGen       total 329728K, used 85994K [0x0000000080000000, 0x0000000094200000, 0x00000000d5580000)
  object space 329728K, 26% used [0x0000000080000000,0x00000000853fabc8,0x0000000094200000)
 Metaspace       used 95378K, capacity 98910K, committed 99532K, reserved 1136640K
  class space    used 11421K, capacity 11963K, committed 12160K, reserved 1048576K
}
{Heap before GC invocations=913 (full 4):
 PSYoungGen      total 149504K, used 146852K [0x00000000d5580000, 0x00000000df100000, 0x0000000100000000)
  eden space 139776K, 100% used [0x00000000d5580000,0x00000000dde00000,0x00000000dde00000)
  from space 9728K, 72% used [0x00000000de780000,0x00000000dee690b0,0x00000000df100000)
  to   space 9728K, 0% used [0x00000000dde00000,0x00000000dde00000,0x00000000de780000)
 ParOldGen       total 329728K, used 85994K [0x0000000080000000, 0x0000000094200000, 0x00000000d5580000)
  object space 329728K, 26% used [0x0000000080000000,0x00000000853fabc8,0x0000000094200000)
 Metaspace       used 95396K, capacity 98970K, committed 99532K, reserved 1136640K
  class space    used 11426K, capacity 11973K, committed 12160K, reserved 1048576K
2023-10-23T18:49:58.625+0600: 3571462.868: [GC (Allocation Failure) [PSYoungGen: 146852K->6307K(149504K)] 232847K->92317K(479232K), 0.0166553 secs] [Times: user=0.01 sys=0.02, real=0.01 secs] 
Heap after GC invocations=913 (full 4):
 PSYoungGen      total 149504K, used 6307K [0x00000000d5580000, 0x00000000df180000, 0x0000000100000000)
  eden space 139776K, 0% used [0x00000000d5580000,0x00000000d5580000,0x00000000dde00000)
  from space 9728K, 64% used [0x00000000dde00000,0x00000000de428c00,0x00000000de780000)
  to   space 9728K, 0% used [0x00000000de800000,0x00000000de800000,0x00000000df180000)
 ParOldGen       total 329728K, used 86010K [0x0000000080000000, 0x0000000094200000, 0x00000000d5580000)
  object space 329728K, 26% used [0x0000000080000000,0x00000000853febc8,0x0000000094200000)
 Metaspace       used 95396K, capacity 98970K, committed 99532K, reserved 1136640K
  class space    used 11426K, capacity 11973K, committed 12160K, reserved 1048576K
}
{Heap before GC invocations=914 (full 4):
 PSYoungGen      total 149504K, used 146083K [0x00000000d5580000, 0x00000000df180000, 0x0000000100000000)
  eden space 139776K, 100% used [0x00000000d5580000,0x00000000dde00000,0x00000000dde00000)
  from space 9728K, 64% used [0x00000000dde00000,0x00000000de428c00,0x00000000de780000)
  to   space 9728K, 0% used [0x00000000de800000,0x00000000de800000,0x00000000df180000)
 ParOldGen       total 329728K, used 86010K [0x0000000080000000, 0x0000000094200000, 0x00000000d5580000)
  object space 329728K, 26% used [0x0000000080000000,0x00000000853febc8,0x0000000094200000)
 Metaspace       used 95396K, capacity 98970K, committed 99532K, reserved 1136640K
  class space    used 11426K, capacity 11973K, committed 12160K, reserved 1048576K
2023-10-23T20:32:24.235+0600: 3577608.478: [GC (Allocation Failure) [PSYoungGen: 146083K->4176K(148992K)] 232093K->90219K(478720K), 0.0161512 secs] [Times: user=0.01 sys=0.02, real=0.01 secs] 
Heap after GC invocations=914 (full 4):
 PSYoungGen      total 148992K, used 4176K [0x00000000d5580000, 0x00000000df080000, 0x0000000100000000)
  eden space 140288K, 0% used [0x00000000d5580000,0x00000000d5580000,0x00000000dde80000)
  from space 8704K, 47% used [0x00000000de800000,0x00000000dec14230,0x00000000df080000)
  to   space 9216K, 0% used [0x00000000dde80000,0x00000000dde80000,0x00000000de780000)
 ParOldGen       total 329728K, used 86042K [0x0000000080000000, 0x0000000094200000, 0x00000000d5580000)
  object space 329728K, 26% used [0x0000000080000000,0x0000000085406bc8,0x0000000094200000)
 Metaspace       used 95396K, capacity 98970K, committed 99532K, reserved 1136640K
  class space    used 11426K, capacity 11973K, committed 12160K, reserved 1048576K
}
{Heap before GC invocations=915 (full 4):
 PSYoungGen      total 148992K, used 144461K [0x00000000d5580000, 0x00000000df080000, 0x0000000100000000)
  eden space 140288K, 99% used [0x00000000d5580000,0x00000000dde7f228,0x00000000dde80000)
  from space 8704K, 47% used [0x00000000de800000,0x00000000dec14230,0x00000000df080000)
  to   space 9216K, 0% used [0x00000000dde80000,0x00000000dde80000,0x00000000de780000)
 ParOldGen       total 329728K, used 86042K [0x0000000080000000, 0x0000000094200000, 0x00000000d5580000)
  object space 329728K, 26% used [0x0000000080000000,0x0000000085406bc8,0x0000000094200000)
 Metaspace       used 95396K, capacity 98970K, committed 99532K, reserved 1136640K
  class space    used 11426K, capacity 11973K, committed 12160K, reserved 1048576K
2023-10-23T22:24:57.931+0600: 3584362.174: [GC (Allocation Failure) [PSYoungGen: 144461K->3634K(149504K)] 230504K->89692K(479232K), 0.0180101 secs] [Times: user=0.01 sys=0.02, real=0.02 secs] 
Heap after GC invocations=915 (full 4):
 PSYoungGen      total 149504K, used 3634K [0x00000000d5580000, 0x00000000df100000, 0x0000000100000000)
  eden space 140288K, 0% used [0x00000000d5580000,0x00000000d5580000,0x00000000dde80000)
  from space 9216K, 39% used [0x00000000dde80000,0x00000000de20c820,0x00000000de780000)
  to   space 9216K, 0% used [0x00000000de800000,0x00000000de800000,0x00000000df100000)
 ParOldGen       total 329728K, used 86058K [0x0000000080000000, 0x0000000094200000, 0x00000000d5580000)
  object space 329728K, 26% used [0x0000000080000000,0x000000008540abc8,0x0000000094200000)
 Metaspace       used 95396K, capacity 98970K, committed 99532K, reserved 1136640K
  class space    used 11426K, capacity 11973K, committed 12160K, reserved 1048576K
}
{Heap before GC invocations=916 (full 4):
 PSYoungGen      total 149504K, used 143922K [0x00000000d5580000, 0x00000000df100000, 0x0000000100000000)
  eden space 140288K, 100% used [0x00000000d5580000,0x00000000dde80000,0x00000000dde80000)
  from space 9216K, 39% used [0x00000000dde80000,0x00000000de20c820,0x00000000de780000)
  to   space 9216K, 0% used [0x00000000de800000,0x00000000de800000,0x00000000df100000)
 ParOldGen       total 329728K, used 86058K [0x0000000080000000, 0x0000000094200000, 0x00000000d5580000)
  object space 329728K, 26% used [0x0000000080000000,0x000000008540abc8,0x0000000094200000)
 Metaspace       used 95396K, capacity 98970K, committed 99532K, reserved 1136640K
  class space    used 11426K, capacity 11973K, committed 12160K, reserved 1048576K
2023-10-24T00:14:04.500+0600: 3590908.743: [GC (Allocation Failure) [PSYoungGen: 143922K->3712K(150016K)] 229980K->89786K(479744K), 0.0156226 secs] [Times: user=0.03 sys=0.00, real=0.02 secs] 
Heap after GC invocations=916 (full 4):
 PSYoungGen      total 150016K, used 3712K [0x00000000d5580000, 0x00000000df100000, 0x0000000100000000)
  eden space 140800K, 0% used [0x00000000d5580000,0x00000000d5580000,0x00000000ddf00000)
  from space 9216K, 40% used [0x00000000de800000,0x00000000deba0010,0x00000000df100000)
  to   space 9216K, 0% used [0x00000000ddf00000,0x00000000ddf00000,0x00000000de800000)
 ParOldGen       total 329728K, used 86074K [0x0000000080000000, 0x0000000094200000, 0x00000000d5580000)
  object space 329728K, 26% used [0x0000000080000000,0x000000008540ebc8,0x0000000094200000)
 Metaspace       used 95396K, capacity 98970K, committed 99532K, reserved 1136640K
  class space    used 11426K, capacity 11973K, committed 12160K, reserved 1048576K
}
{Heap before GC invocations=917 (full 4):
 PSYoungGen      total 150016K, used 144512K [0x00000000d5580000, 0x00000000df100000, 0x0000000100000000)
  eden space 140800K, 100% used [0x00000000d5580000,0x00000000ddf00000,0x00000000ddf00000)
  from space 9216K, 40% used [0x00000000de800000,0x00000000deba0010,0x00000000df100000)
  to   space 9216K, 0% used [0x00000000ddf00000,0x00000000ddf00000,0x00000000de800000)
 ParOldGen       total 329728K, used 86074K [0x0000000080000000, 0x0000000094200000, 0x00000000d5580000)
  object space 329728K, 26% used [0x0000000080000000,0x000000008540ebc8,0x0000000094200000)
 Metaspace       used 95396K, capacity 98970K, committed 99532K, reserved 1136640K
  class space    used 11426K, capacity 11973K, committed 12160K, reserved 1048576K
2023-10-24T02:09:02.673+0600: 3597806.917: [GC (Allocation Failure) [PSYoungGen: 144512K->3744K(150016K)] 230586K->89818K(479744K), 0.0172505 secs] [Times: user=0.01 sys=0.02, real=0.02 secs] 
Heap after GC invocations=917 (full 4):
 PSYoungGen      total 150016K, used 3744K [0x00000000d5580000, 0x00000000df180000, 0x0000000100000000)
  eden space 140800K, 0% used [0x00000000d5580000,0x00000000d5580000,0x00000000ddf00000)
  from space 9216K, 40% used [0x00000000ddf00000,0x00000000de2a8020,0x00000000de800000)
  to   space 9216K, 0% used [0x00000000de880000,0x00000000de880000,0x00000000df180000)
 ParOldGen       total 329728K, used 86074K [0x0000000080000000, 0x0000000094200000, 0x00000000d5580000)
  object space 329728K, 26% used [0x0000000080000000,0x000000008540ebc8,0x0000000094200000)
 Metaspace       used 95396K, capacity 98970K, committed 99532K, reserved 1136640K
  class space    used 11426K, capacity 11973K, committed 12160K, reserved 1048576K
}
{Heap before GC invocations=918 (full 4):
 PSYoungGen      total 150016K, used 144544K [0x00000000d5580000, 0x00000000df180000, 0x0000000100000000)
  eden space 140800K, 100% used [0x00000000d5580000,0x00000000ddf00000,0x00000000ddf00000)
  from space 9216K, 40% used [0x00000000ddf00000,0x00000000de2a8020,0x00000000de800000)
  to   space 9216K, 0% used [0x00000000de880000,0x00000000de880000,0x00000000df180000)
 ParOldGen       total 329728K, used 86074K [0x0000000080000000, 0x0000000094200000, 0x00000000d5580000)
  object space 329728K, 26% used [0x0000000080000000,0x000000008540ebc8,0x0000000094200000)
 Metaspace       used 95396K, capacity 98970K, committed 99532K, reserved 1136640K
  class space    used 11426K, capacity 11973K, committed 12160K, reserved 1048576K
2023-10-24T04:01:50.360+0600: 3604574.603: [GC (Allocation Failure) [PSYoungGen: 144544K->3456K(150528K)] 230618K->89530K(480256K), 0.0169484 secs] [Times: user=0.02 sys=0.02, real=0.02 secs] 
Heap after GC invocations=918 (full 4):
 PSYoungGen      total 150528K, used 3456K [0x00000000d5580000, 0x00000000df180000, 0x0000000100000000)
  eden space 141312K, 0% used [0x00000000d5580000,0x00000000d5580000,0x00000000ddf80000)
  from space 9216K, 37% used [0x00000000de880000,0x00000000debe0000,0x00000000df180000)
  to   space 9216K, 0% used [0x00000000ddf80000,0x00000000ddf80000,0x00000000de880000)
 ParOldGen       total 329728K, used 86074K [0x0000000080000000, 0x0000000094200000, 0x00000000d5580000)
  object space 329728K, 26% used [0x0000000080000000,0x000000008540ebc8,0x0000000094200000)
 Metaspace       used 95396K, capacity 98970K, committed 99532K, reserved 1136640K
  class space    used 11426K, capacity 11973K, committed 12160K, reserved 1048576K
}
{Heap before GC invocations=919 (full 4):
 PSYoungGen      total 150528K, used 144768K [0x00000000d5580000, 0x00000000df180000, 0x0000000100000000)
  eden space 141312K, 100% used [0x00000000d5580000,0x00000000ddf80000,0x00000000ddf80000)
  from space 9216K, 37% used [0x00000000de880000,0x00000000debe0000,0x00000000df180000)
  to   space 9216K, 0% used [0x00000000ddf80000,0x00000000ddf80000,0x00000000de880000)
 ParOldGen       total 329728K, used 86074K [0x0000000080000000, 0x0000000094200000, 0x00000000d5580000)
  object space 329728K, 26% used [0x0000000080000000,0x000000008540ebc8,0x0000000094200000)
 Metaspace       used 95396K, capacity 98970K, committed 99532K, reserved 1136640K
  class space    used 11426K, capacity 11973K, committed 12160K, reserved 1048576K
2023-10-24T05:56:50.188+0600: 3611474.431: [GC (Allocation Failure) [PSYoungGen: 144768K->3424K(150528K)] 230842K->89498K(480256K), 0.0141720 secs] [Times: user=0.02 sys=0.00, real=0.01 secs] 
Heap after GC invocations=919 (full 4):
 PSYoungGen      total 150528K, used 3424K [0x00000000d5580000, 0x00000000df100000, 0x0000000100000000)
  eden space 141312K, 0% used [0x00000000d5580000,0x00000000d5580000,0x00000000ddf80000)
  from space 9216K, 37% used [0x00000000ddf80000,0x00000000de2d8000,0x00000000de880000)
  to   space 8704K, 0% used [0x00000000de880000,0x00000000de880000,0x00000000df100000)
 ParOldGen       total 329728K, used 86074K [0x0000000080000000, 0x0000000094200000, 0x00000000d5580000)
  object space 329728K, 26% used [0x0000000080000000,0x000000008540ebc8,0x0000000094200000)
 Metaspace       used 95396K, capacity 98970K, committed 99532K, reserved 1136640K
  class space    used 11426K, capacity 11973K, committed 12160K, reserved 1048576K
}
{Heap before GC invocations=920 (full 4):
 PSYoungGen      total 150528K, used 144736K [0x00000000d5580000, 0x00000000df100000, 0x0000000100000000)
  eden space 141312K, 100% used [0x00000000d5580000,0x00000000ddf80000,0x00000000ddf80000)
  from space 9216K, 37% used [0x00000000ddf80000,0x00000000de2d8000,0x00000000de880000)
  to   space 8704K, 0% used [0x00000000de880000,0x00000000de880000,0x00000000df100000)
 ParOldGen       total 329728K, used 86074K [0x0000000080000000, 0x0000000094200000, 0x00000000d5580000)
  object space 329728K, 26% used [0x0000000080000000,0x000000008540ebc8,0x0000000094200000)
 Metaspace       used 95397K, capacity 98970K, committed 99532K, reserved 1136640K
  class space    used 11426K, capacity 11973K, committed 12160K, reserved 1048576K
2023-10-24T07:52:30.157+0600: 3618414.400: [GC (Allocation Failure) [PSYoungGen: 144736K->3424K(150528K)] 230810K->89498K(480256K), 0.0173638 secs] [Times: user=0.01 sys=0.02, real=0.02 secs] 
Heap after GC invocations=920 (full 4):
 PSYoungGen      total 150528K, used 3424K [0x00000000d5580000, 0x00000000df100000, 0x0000000100000000)
  eden space 141824K, 0% used [0x00000000d5580000,0x00000000d5580000,0x00000000de000000)
  from space 8704K, 39% used [0x00000000de880000,0x00000000debd8000,0x00000000df100000)
  to   space 8704K, 0% used [0x00000000de000000,0x00000000de000000,0x00000000de880000)
 ParOldGen       total 329728K, used 86074K [0x0000000080000000, 0x0000000094200000, 0x00000000d5580000)
  object space 329728K, 26% used [0x0000000080000000,0x000000008540ebc8,0x0000000094200000)
 Metaspace       used 95397K, capacity 98970K, committed 99532K, reserved 1136640K
  class space    used 11426K, capacity 11973K, committed 12160K, reserved 1048576K
}
{Heap before GC invocations=921 (full 4):
 PSYoungGen      total 150528K, used 145248K [0x00000000d5580000, 0x00000000df100000, 0x0000000100000000)
  eden space 141824K, 100% used [0x00000000d5580000,0x00000000de000000,0x00000000de000000)
  from space 8704K, 39% used [0x00000000de880000,0x00000000debd8000,0x00000000df100000)
  to   space 8704K, 0% used [0x00000000de000000,0x00000000de000000,0x00000000de880000)
 ParOldGen       total 329728K, used 86074K [0x0000000080000000, 0x0000000094200000, 0x00000000d5580000)
  object space 329728K, 26% used [0x0000000080000000,0x000000008540ebc8,0x0000000094200000)
 Metaspace       used 95397K, capacity 98970K, committed 99532K, reserved 1136640K
  class space    used 11426K, capacity 11973K, committed 12160K, reserved 1048576K
2023-10-24T09:43:36.209+0600: 3625080.452: [GC (Allocation Failure) [PSYoungGen: 145248K->4064K(150528K)] 231322K->90155K(480256K), 0.0153428 secs] [Times: user=0.01 sys=0.01, real=0.02 secs] 
Heap after GC invocations=921 (full 4):
 PSYoungGen      total 150528K, used 4064K [0x00000000d5580000, 0x00000000df180000, 0x0000000100000000)
  eden space 141824K, 0% used [0x00000000d5580000,0x00000000d5580000,0x00000000de000000)
  from space 8704K, 46% used [0x00000000de000000,0x00000000de3f8040,0x00000000de880000)
  to   space 8704K, 0% used [0x00000000de900000,0x00000000de900000,0x00000000df180000)
 ParOldGen       total 329728K, used 86090K [0x0000000080000000, 0x0000000094200000, 0x00000000d5580000)
  object space 329728K, 26% used [0x0000000080000000,0x0000000085412bc8,0x0000000094200000)
 Metaspace       used 95397K, capacity 98970K, committed 99532K, reserved 1136640K
  class space    used 11426K, capacity 11973K, committed 12160K, reserved 1048576K
}
{Heap before GC invocations=922 (full 4):
 PSYoungGen      total 150528K, used 145888K [0x00000000d5580000, 0x00000000df180000, 0x0000000100000000)
  eden space 141824K, 100% used [0x00000000d5580000,0x00000000de000000,0x00000000de000000)
  from space 8704K, 46% used [0x00000000de000000,0x00000000de3f8040,0x00000000de880000)
  to   space 8704K, 0% used [0x00000000de900000,0x00000000de900000,0x00000000df180000)
 ParOldGen       total 329728K, used 86090K [0x0000000080000000, 0x0000000094200000, 0x00000000d5580000)
  object space 329728K, 26% used [0x0000000080000000,0x0000000085412bc8,0x0000000094200000)
 Metaspace       used 95397K, capacity 98970K, committed 99532K, reserved 1136640K
  class space    used 11426K, capacity 11973K, committed 12160K, reserved 1048576K
2023-10-24T11:38:23.448+0600: 3631967.691: [GC (Allocation Failure) [PSYoungGen: 145888K->3456K(150016K)] 231979K->89578K(479744K), 0.0168724 secs] [Times: user=0.01 sys=0.01, real=0.02 secs] 
Heap after GC invocations=922 (full 4):
 PSYoungGen      total 150016K, used 3456K [0x00000000d5580000, 0x00000000df080000, 0x0000000100000000)
  eden space 142336K, 0% used [0x00000000d5580000,0x00000000d5580000,0x00000000de080000)
  from space 7680K, 45% used [0x00000000de900000,0x00000000dec60000,0x00000000df080000)
  to   space 8192K, 0% used [0x00000000de080000,0x00000000de080000,0x00000000de880000)
 ParOldGen       total 329728K, used 86122K [0x0000000080000000, 0x0000000094200000, 0x00000000d5580000)
  object space 329728K, 26% used [0x0000000080000000,0x000000008541abc8,0x0000000094200000)
 Metaspace       used 95397K, capacity 98970K, committed 99532K, reserved 1136640K
  class space    used 11426K, capacity 11973K, committed 12160K, reserved 1048576K
}
{Heap before GC invocations=923 (full 4):
 PSYoungGen      total 150016K, used 145792K [0x00000000d5580000, 0x00000000df080000, 0x0000000100000000)
  eden space 142336K, 100% used [0x00000000d5580000,0x00000000de080000,0x00000000de080000)
  from space 7680K, 45% used [0x00000000de900000,0x00000000dec60000,0x00000000df080000)
  to   space 8192K, 0% used [0x00000000de080000,0x00000000de080000,0x00000000de880000)
 ParOldGen       total 329728K, used 86122K [0x0000000080000000, 0x0000000094200000, 0x00000000d5580000)
  object space 329728K, 26% used [0x0000000080000000,0x000000008541abc8,0x0000000094200000)
 Metaspace       used 95397K, capacity 98970K, committed 99532K, reserved 1136640K
  class space    used 11426K, capacity 11973K, committed 12160K, reserved 1048576K
2023-10-24T13:20:20.957+0600: 3638085.200: [GC (Allocation Failure) [PSYoungGen: 145792K->4499K(150528K)] 231914K->90670K(480256K), 0.0157279 secs] [Times: user=0.02 sys=0.00, real=0.01 secs] 
Heap after GC invocations=923 (full 4):
 PSYoungGen      total 150528K, used 4499K [0x00000000d5580000, 0x00000000df100000, 0x0000000100000000)
  eden space 142336K, 0% used [0x00000000d5580000,0x00000000d5580000,0x00000000de080000)
  from space 8192K, 54% used [0x00000000de080000,0x00000000de4e4ff8,0x00000000de880000)
  to   space 8192K, 0% used [0x00000000de900000,0x00000000de900000,0x00000000df100000)
 ParOldGen       total 329728K, used 86170K [0x0000000080000000, 0x0000000094200000, 0x00000000d5580000)
  object space 329728K, 26% used [0x0000000080000000,0x0000000085426bc8,0x0000000094200000)
 Metaspace       used 95397K, capacity 98970K, committed 99532K, reserved 1136640K
  class space    used 11426K, capacity 11973K, committed 12160K, reserved 1048576K
}
{Heap before GC invocations=924 (full 4):
 PSYoungGen      total 150528K, used 146835K [0x00000000d5580000, 0x00000000df100000, 0x0000000100000000)
  eden space 142336K, 100% used [0x00000000d5580000,0x00000000de080000,0x00000000de080000)
  from space 8192K, 54% used [0x00000000de080000,0x00000000de4e4ff8,0x00000000de880000)
  to   space 8192K, 0% used [0x00000000de900000,0x00000000de900000,0x00000000df100000)
 ParOldGen       total 329728K, used 86170K [0x0000000080000000, 0x0000000094200000, 0x00000000d5580000)
  object space 329728K, 26% used [0x0000000080000000,0x0000000085426bc8,0x0000000094200000)
 Metaspace       used 95397K, capacity 98970K, committed 99532K, reserved 1136640K
  class space    used 11426K, capacity 11973K, committed 12160K, reserved 1048576K
2023-10-24T15:07:21.996+0600: 3644506.240: [GC (Allocation Failure) [PSYoungGen: 146835K->4193K(150016K)] 233006K->90388K(479744K), 0.0149153 secs] [Times: user=0.01 sys=0.02, real=0.01 secs] 
Heap after GC invocations=924 (full 4):
 PSYoungGen      total 150016K, used 4193K [0x00000000d5580000, 0x00000000df000000, 0x0000000100000000)
  eden space 142848K, 0% used [0x00000000d5580000,0x00000000d5580000,0x00000000de100000)
  from space 7168K, 58% used [0x00000000de900000,0x00000000ded18508,0x00000000df000000)
  to   space 7680K, 0% used [0x00000000de100000,0x00000000de100000,0x00000000de880000)
 ParOldGen       total 329728K, used 86194K [0x0000000080000000, 0x0000000094200000, 0x00000000d5580000)
  object space 329728K, 26% used [0x0000000080000000,0x000000008542cbc8,0x0000000094200000)
 Metaspace       used 95397K, capacity 98970K, committed 99532K, reserved 1136640K
  class space    used 11426K, capacity 11973K, committed 12160K, reserved 1048576K
}
{Heap before GC invocations=925 (full 4):
 PSYoungGen      total 150016K, used 147041K [0x00000000d5580000, 0x00000000df000000, 0x0000000100000000)
  eden space 142848K, 100% used [0x00000000d5580000,0x00000000de100000,0x00000000de100000)
  from space 7168K, 58% used [0x00000000de900000,0x00000000ded18508,0x00000000df000000)
  to   space 7680K, 0% used [0x00000000de100000,0x00000000de100000,0x00000000de880000)
 ParOldGen       total 329728K, used 86194K [0x0000000080000000, 0x0000000094200000, 0x00000000d5580000)
  object space 329728K, 26% used [0x0000000080000000,0x000000008542cbc8,0x0000000094200000)
 Metaspace       used 95397K, capacity 98970K, committed 99532K, reserved 1136640K
  class space    used 11426K, capacity 11973K, committed 12160K, reserved 1048576K
2023-10-24T16:55:11.801+0600: 3650976.044: [GC (Allocation Failure) [PSYoungGen: 147041K->4321K(150528K)] 233236K->90572K(480256K), 0.0144839 secs] [Times: user=0.01 sys=0.01, real=0.02 secs] 
Heap after GC invocations=925 (full 4):
 PSYoungGen      total 150528K, used 4321K [0x00000000d5580000, 0x00000000def80000, 0x0000000100000000)
  eden space 142848K, 0% used [0x00000000d5580000,0x00000000d5580000,0x00000000de100000)
  from space 7680K, 56% used [0x00000000de100000,0x00000000de538518,0x00000000de880000)
  to   space 7168K, 0% used [0x00000000de880000,0x00000000de880000,0x00000000def80000)
 ParOldGen       total 329728K, used 86250K [0x0000000080000000, 0x0000000094200000, 0x00000000d5580000)
  object space 329728K, 26% used [0x0000000080000000,0x000000008543abf8,0x0000000094200000)
 Metaspace       used 95397K, capacity 98970K, committed 99532K, reserved 1136640K
  class space    used 11426K, capacity 11973K, committed 12160K, reserved 1048576K
}
{Heap before GC invocations=926 (full 4):
 PSYoungGen      total 150528K, used 147163K [0x00000000d5580000, 0x00000000def80000, 0x0000000100000000)
  eden space 142848K, 99% used [0x00000000d5580000,0x00000000de0fe8d8,0x00000000de100000)
  from space 7680K, 56% used [0x00000000de100000,0x00000000de538518,0x00000000de880000)
  to   space 7168K, 0% used [0x00000000de880000,0x00000000de880000,0x00000000def80000)
 ParOldGen       total 329728K, used 86250K [0x0000000080000000, 0x0000000094200000, 0x00000000d5580000)
  object space 329728K, 26% used [0x0000000080000000,0x000000008543abf8,0x0000000094200000)
 Metaspace       used 95397K, capacity 98970K, committed 99532K, reserved 1136640K
  class space    used 11426K, capacity 11973K, committed 12160K, reserved 1048576K
2023-10-24T18:51:04.648+0600: 3657928.891: [GC (Allocation Failure) [PSYoungGen: 147163K->3265K(150528K)] 233414K->89606K(480256K), 0.0150226 secs] [Times: user=0.01 sys=0.01, real=0.02 secs] 
Heap after GC invocations=926 (full 4):
 PSYoungGen      total 150528K, used 3265K [0x00000000d5580000, 0x00000000def80000, 0x0000000100000000)
  eden space 143360K, 0% used [0x00000000d5580000,0x00000000d5580000,0x00000000de180000)
  from space 7168K, 45% used [0x00000000de880000,0x00000000debb04c8,0x00000000def80000)
  to   space 7168K, 0% used [0x00000000de180000,0x00000000de180000,0x00000000de880000)
 ParOldGen       total 329728K, used 86340K [0x0000000080000000, 0x0000000094200000, 0x00000000d5580000)
  object space 329728K, 26% used [0x0000000080000000,0x0000000085451360,0x0000000094200000)
 Metaspace       used 95397K, capacity 98970K, committed 99532K, reserved 1136640K
  class space    used 11426K, capacity 11973K, committed 12160K, reserved 1048576K
}
{Heap before GC invocations=927 (full 4):
 PSYoungGen      total 150528K, used 146625K [0x00000000d5580000, 0x00000000def80000, 0x0000000100000000)
  eden space 143360K, 100% used [0x00000000d5580000,0x00000000de180000,0x00000000de180000)
  from space 7168K, 45% used [0x00000000de880000,0x00000000debb04c8,0x00000000def80000)
  to   space 7168K, 0% used [0x00000000de180000,0x00000000de180000,0x00000000de880000)
 ParOldGen       total 329728K, used 86340K [0x0000000080000000, 0x0000000094200000, 0x00000000d5580000)
  object space 329728K, 26% used [0x0000000080000000,0x0000000085451360,0x0000000094200000)
 Metaspace       used 95397K, capacity 98970K, committed 99532K, reserved 1136640K
  class space    used 11426K, capacity 11973K, committed 12160K, reserved 1048576K
2023-10-24T20:33:50.364+0600: 3664094.607: [GC (Allocation Failure) [PSYoungGen: 146625K->3857K(150528K)] 232966K->90396K(480256K), 0.0134850 secs] [Times: user=0.01 sys=0.02, real=0.01 secs] 
Heap after GC invocations=927 (full 4):
 PSYoungGen      total 150528K, used 3857K [0x00000000d5580000, 0x00000000df000000, 0x0000000100000000)
  eden space 143360K, 0% used [0x00000000d5580000,0x00000000d5580000,0x00000000de180000)
  from space 7168K, 53% used [0x00000000de180000,0x00000000de5446f8,0x00000000de880000)
  to   space 7168K, 0% used [0x00000000de900000,0x00000000de900000,0x00000000df000000)
 ParOldGen       total 329728K, used 86538K [0x0000000080000000, 0x0000000094200000, 0x00000000d5580000)
  object space 329728K, 26% used [0x0000000080000000,0x0000000085482b20,0x0000000094200000)
 Metaspace       used 95397K, capacity 98970K, committed 99532K, reserved 1136640K
  class space    used 11426K, capacity 11973K, committed 12160K, reserved 1048576K
}
{Heap before GC invocations=928 (full 4):
 PSYoungGen      total 150528K, used 147217K [0x00000000d5580000, 0x00000000df000000, 0x0000000100000000)
  eden space 143360K, 100% used [0x00000000d5580000,0x00000000de180000,0x00000000de180000)
  from space 7168K, 53% used [0x00000000de180000,0x00000000de5446f8,0x00000000de880000)
  to   space 7168K, 0% used [0x00000000de900000,0x00000000de900000,0x00000000df000000)
 ParOldGen       total 329728K, used 86538K [0x0000000080000000, 0x0000000094200000, 0x00000000d5580000)
  object space 329728K, 26% used [0x0000000080000000,0x0000000085482b20,0x0000000094200000)
 Metaspace       used 95397K, capacity 98970K, committed 99532K, reserved 1136640K
  class space    used 11426K, capacity 11973K, committed 12160K, reserved 1048576K
2023-10-24T22:24:14.482+0600: 3670718.725: [GC (Allocation Failure) [PSYoungGen: 147217K->3938K(151040K)] 233756K->90665K(480768K), 0.0182598 secs] [Times: user=0.01 sys=0.02, real=0.02 secs] 
Heap after GC invocations=928 (full 4):
 PSYoungGen      total 151040K, used 3938K [0x00000000d5580000, 0x00000000df000000, 0x0000000100000000)
  eden space 143872K, 0% used [0x00000000d5580000,0x00000000d5580000,0x00000000de200000)
  from space 7168K, 54% used [0x00000000de900000,0x00000000decd8920,0x00000000df000000)
  to   space 7168K, 0% used [0x00000000de200000,0x00000000de200000,0x00000000de900000)
 ParOldGen       total 329728K, used 86727K [0x0000000080000000, 0x0000000094200000, 0x00000000d5580000)
  object space 329728K, 26% used [0x0000000080000000,0x00000000854b1ce0,0x0000000094200000)
 Metaspace       used 95397K, capacity 98970K, committed 99532K, reserved 1136640K
  class space    used 11426K, capacity 11973K, committed 12160K, reserved 1048576K
}
{Heap before GC invocations=929 (full 4):
 PSYoungGen      total 151040K, used 147810K [0x00000000d5580000, 0x00000000df000000, 0x0000000100000000)
  eden space 143872K, 100% used [0x00000000d5580000,0x00000000de200000,0x00000000de200000)
  from space 7168K, 54% used [0x00000000de900000,0x00000000decd8920,0x00000000df000000)
  to   space 7168K, 0% used [0x00000000de200000,0x00000000de200000,0x00000000de900000)
 ParOldGen       total 329728K, used 86727K [0x0000000080000000, 0x0000000094200000, 0x00000000d5580000)
  object space 329728K, 26% used [0x0000000080000000,0x00000000854b1ce0,0x0000000094200000)
 Metaspace       used 95397K, capacity 98970K, committed 99532K, reserved 1136640K
  class space    used 11426K, capacity 11973K, committed 12160K, reserved 1048576K
2023-10-25T00:15:42.384+0600: 3677406.627: [GC (Allocation Failure) [PSYoungGen: 147810K->3040K(151040K)] 234537K->89807K(480768K), 0.0153343 secs] [Times: user=0.02 sys=0.01, real=0.01 secs] 
Heap after GC invocations=929 (full 4):
 PSYoungGen      total 151040K, used 3040K [0x00000000d5580000, 0x00000000def80000, 0x0000000100000000)
  eden space 143872K, 0% used [0x00000000d5580000,0x00000000d5580000,0x00000000de200000)
  from space 7168K, 42% used [0x00000000de200000,0x00000000de4f8000,0x00000000de900000)
  to   space 6656K, 0% used [0x00000000de900000,0x00000000de900000,0x00000000def80000)
 ParOldGen       total 329728K, used 86767K [0x0000000080000000, 0x0000000094200000, 0x00000000d5580000)
  object space 329728K, 26% used [0x0000000080000000,0x00000000854bbce0,0x0000000094200000)
 Metaspace       used 95397K, capacity 98970K, committed 99532K, reserved 1136640K
  class space    used 11426K, capacity 11973K, committed 12160K, reserved 1048576K
}
{Heap before GC invocations=930 (full 4):
 PSYoungGen      total 151040K, used 146912K [0x00000000d5580000, 0x00000000def80000, 0x0000000100000000)
  eden space 143872K, 100% used [0x00000000d5580000,0x00000000de200000,0x00000000de200000)
  from space 7168K, 42% used [0x00000000de200000,0x00000000de4f8000,0x00000000de900000)
  to   space 6656K, 0% used [0x00000000de900000,0x00000000de900000,0x00000000def80000)
 ParOldGen       total 329728K, used 86767K [0x0000000080000000, 0x0000000094200000, 0x00000000d5580000)
  object space 329728K, 26% used [0x0000000080000000,0x00000000854bbce0,0x0000000094200000)
 Metaspace       used 95397K, capacity 98970K, committed 99532K, reserved 1136640K
  class space    used 11426K, capacity 11973K, committed 12160K, reserved 1048576K
2023-10-25T02:12:38.082+0600: 3684422.326: [GC (Allocation Failure) [PSYoungGen: 146912K->2945K(151040K)] 233679K->89743K(480768K), 0.0150461 secs] [Times: user=0.01 sys=0.01, real=0.02 secs] 
Heap after GC invocations=930 (full 4):
 PSYoungGen      total 151040K, used 2945K [0x00000000d5580000, 0x00000000def80000, 0x0000000100000000)
  eden space 144384K, 0% used [0x00000000d5580000,0x00000000d5580000,0x00000000de280000)
  from space 6656K, 44% used [0x00000000de900000,0x00000000debe04c8,0x00000000def80000)
  to   space 6656K, 0% used [0x00000000de280000,0x00000000de280000,0x00000000de900000)
 ParOldGen       total 329728K, used 86797K [0x0000000080000000, 0x0000000094200000, 0x00000000d5580000)
  object space 329728K, 26% used [0x0000000080000000,0x00000000854c37c8,0x0000000094200000)
 Metaspace       used 95397K, capacity 98970K, committed 99532K, reserved 1136640K
  class space    used 11426K, capacity 11973K, committed 12160K, reserved 1048576K
}
{Heap before GC invocations=931 (full 4):
 PSYoungGen      total 151040K, used 147329K [0x00000000d5580000, 0x00000000def80000, 0x0000000100000000)
  eden space 144384K, 100% used [0x00000000d5580000,0x00000000de280000,0x00000000de280000)
  from space 6656K, 44% used [0x00000000de900000,0x00000000debe04c8,0x00000000def80000)
  to   space 6656K, 0% used [0x00000000de280000,0x00000000de280000,0x00000000de900000)
 ParOldGen       total 329728K, used 86797K [0x0000000080000000, 0x0000000094200000, 0x00000000d5580000)
  object space 329728K, 26% used [0x0000000080000000,0x00000000854c37c8,0x0000000094200000)
 Metaspace       used 95397K, capacity 98970K, committed 99532K, reserved 1136640K
  class space    used 11426K, capacity 11973K, committed 12160K, reserved 1048576K
2023-10-25T04:09:36.439+0600: 3691440.683: [GC (Allocation Failure) [PSYoungGen: 147329K->2928K(151040K)] 234127K->89757K(480768K), 0.0153612 secs] [Times: user=0.01 sys=0.01, real=0.02 secs] 
Heap after GC invocations=931 (full 4):
 PSYoungGen      total 151040K, used 2928K [0x00000000d5580000, 0x00000000df000000, 0x0000000100000000)
  eden space 144384K, 0% used [0x00000000d5580000,0x00000000d5580000,0x00000000de280000)
  from space 6656K, 44% used [0x00000000de280000,0x00000000de55c320,0x00000000de900000)
  to   space 6656K, 0% used [0x00000000de980000,0x00000000de980000,0x00000000df000000)
 ParOldGen       total 329728K, used 86829K [0x0000000080000000, 0x0000000094200000, 0x00000000d5580000)
  object space 329728K, 26% used [0x0000000080000000,0x00000000854cb418,0x0000000094200000)
 Metaspace       used 95397K, capacity 98970K, committed 99532K, reserved 1136640K
  class space    used 11426K, capacity 11973K, committed 12160K, reserved 1048576K
}
{Heap before GC invocations=932 (full 4):
 PSYoungGen      total 151040K, used 147312K [0x00000000d5580000, 0x00000000df000000, 0x0000000100000000)
  eden space 144384K, 100% used [0x00000000d5580000,0x00000000de280000,0x00000000de280000)
  from space 6656K, 44% used [0x00000000de280000,0x00000000de55c320,0x00000000de900000)
  to   space 6656K, 0% used [0x00000000de980000,0x00000000de980000,0x00000000df000000)
 ParOldGen       total 329728K, used 86829K [0x0000000080000000, 0x0000000094200000, 0x00000000d5580000)
  object space 329728K, 26% used [0x0000000080000000,0x00000000854cb418,0x0000000094200000)
 Metaspace       used 95397K, capacity 98970K, committed 99532K, reserved 1136640K
  class space    used 11426K, capacity 11973K, committed 12160K, reserved 1048576K
2023-10-25T06:07:29.715+0600: 3698513.958: [GC (Allocation Failure) [PSYoungGen: 147312K->2928K(151552K)] 234141K->89773K(481280K), 0.0132927 secs] [Times: user=0.01 sys=0.02, real=0.01 secs] 
Heap after GC invocations=932 (full 4):
 PSYoungGen      total 151552K, used 2928K [0x00000000d5580000, 0x00000000df000000, 0x0000000100000000)
  eden space 144896K, 0% used [0x00000000d5580000,0x00000000d5580000,0x00000000de300000)
  from space 6656K, 44% used [0x00000000de980000,0x00000000dec5c320,0x00000000df000000)
  to   space 6656K, 0% used [0x00000000de300000,0x00000000de300000,0x00000000de980000)
 ParOldGen       total 329728K, used 86845K [0x0000000080000000, 0x0000000094200000, 0x00000000d5580000)
  object space 329728K, 26% used [0x0000000080000000,0x00000000854cf418,0x0000000094200000)
 Metaspace       used 95397K, capacity 98970K, committed 99532K, reserved 1136640K
  class space    used 11426K, capacity 11973K, committed 12160K, reserved 1048576K
}
{Heap before GC invocations=933 (full 4):
 PSYoungGen      total 151552K, used 147824K [0x00000000d5580000, 0x00000000df000000, 0x0000000100000000)
  eden space 144896K, 100% used [0x00000000d5580000,0x00000000de300000,0x00000000de300000)
  from space 6656K, 44% used [0x00000000de980000,0x00000000dec5c320,0x00000000df000000)
  to   space 6656K, 0% used [0x00000000de300000,0x00000000de300000,0x00000000de980000)
 ParOldGen       total 329728K, used 86845K [0x0000000080000000, 0x0000000094200000, 0x00000000d5580000)
  object space 329728K, 26% used [0x0000000080000000,0x00000000854cf418,0x0000000094200000)
 Metaspace       used 95397K, capacity 98970K, committed 99532K, reserved 1136640K
  class space    used 11426K, capacity 11973K, committed 12160K, reserved 1048576K
2023-10-25T08:05:40.654+0600: 3705604.897: [GC (Allocation Failure) [PSYoungGen: 147824K->2928K(151552K)] 234669K->89781K(481280K), 0.0148555 secs] [Times: user=0.01 sys=0.02, real=0.01 secs] 
Heap after GC invocations=933 (full 4):
 PSYoungGen      total 151552K, used 2928K [0x00000000d5580000, 0x00000000df080000, 0x0000000100000000)
  eden space 144896K, 0% used [0x00000000d5580000,0x00000000d5580000,0x00000000de300000)
  from space 6656K, 44% used [0x00000000de300000,0x00000000de5dc320,0x00000000de980000)
  to   space 6656K, 0% used [0x00000000dea00000,0x00000000dea00000,0x00000000df080000)
 ParOldGen       total 329728K, used 86853K [0x0000000080000000, 0x0000000094200000, 0x00000000d5580000)
  object space 329728K, 26% used [0x0000000080000000,0x00000000854d1418,0x0000000094200000)
 Metaspace       used 95397K, capacity 98970K, committed 99532K, reserved 1136640K
  class space    used 11426K, capacity 11973K, committed 12160K, reserved 1048576K
}
{Heap before GC invocations=934 (full 4):
 PSYoungGen      total 151552K, used 147824K [0x00000000d5580000, 0x00000000df080000, 0x0000000100000000)
  eden space 144896K, 100% used [0x00000000d5580000,0x00000000de300000,0x00000000de300000)
  from space 6656K, 44% used [0x00000000de300000,0x00000000de5dc320,0x00000000de980000)
  to   space 6656K, 0% used [0x00000000dea00000,0x00000000dea00000,0x00000000df080000)
 ParOldGen       total 329728K, used 86853K [0x0000000080000000, 0x0000000094200000, 0x00000000d5580000)
  object space 329728K, 26% used [0x0000000080000000,0x00000000854d1418,0x0000000094200000)
 Metaspace       used 95397K, capacity 98970K, committed 99532K, reserved 1136640K
  class space    used 11426K, capacity 11973K, committed 12160K, reserved 1048576K
2023-10-25T09:57:47.536+0600: 3712331.779: [GC (Allocation Failure) [PSYoungGen: 147824K->3811K(151040K)] 234677K->90664K(480768K), 0.0172873 secs] [Times: user=0.03 sys=0.00, real=0.02 secs] 
Heap after GC invocations=934 (full 4):
 PSYoungGen      total 151040K, used 3811K [0x00000000d5580000, 0x00000000def80000, 0x0000000100000000)
  eden space 145408K, 0% used [0x00000000d5580000,0x00000000d5580000,0x00000000de380000)
  from space 5632K, 67% used [0x00000000dea00000,0x00000000dedb8dd8,0x00000000def80000)
  to   space 6144K, 0% used [0x00000000de380000,0x00000000de380000,0x00000000de980000)
 ParOldGen       total 329728K, used 86853K [0x0000000080000000, 0x0000000094200000, 0x00000000d5580000)
  object space 329728K, 26% used [0x0000000080000000,0x00000000854d1418,0x0000000094200000)
 Metaspace       used 95397K, capacity 98970K, committed 99532K, reserved 1136640K
  class space    used 11426K, capacity 11973K, committed 12160K, reserved 1048576K
}
{Heap before GC invocations=935 (full 4):
 PSYoungGen      total 151040K, used 149211K [0x00000000d5580000, 0x00000000def80000, 0x0000000100000000)
  eden space 145408K, 99% used [0x00000000d5580000,0x00000000de37e0c0,0x00000000de380000)
  from space 5632K, 67% used [0x00000000dea00000,0x00000000dedb8dd8,0x00000000def80000)
  to   space 6144K, 0% used [0x00000000de380000,0x00000000de380000,0x00000000de980000)
 ParOldGen       total 329728K, used 86853K [0x0000000080000000, 0x0000000094200000, 0x00000000d5580000)
  object space 329728K, 26% used [0x0000000080000000,0x00000000854d1418,0x0000000094200000)
 Metaspace       used 95397K, capacity 98970K, committed 99532K, reserved 1136640K
  class space    used 11426K, capacity 11973K, committed 12160K, reserved 1048576K
2023-10-25T11:48:14.947+0600: 3718959.191: [GC (Allocation Failure) [PSYoungGen: 149211K->4083K(151552K)] 236064K->90944K(481280K), 0.0153327 secs] [Times: user=0.02 sys=0.02, real=0.01 secs] 
Heap after GC invocations=935 (full 4):
 PSYoungGen      total 151552K, used 4083K [0x00000000d5580000, 0x00000000df000000, 0x0000000100000000)
  eden space 145408K, 0% used [0x00000000d5580000,0x00000000d5580000,0x00000000de380000)
  from space 6144K, 66% used [0x00000000de380000,0x00000000de77ce08,0x00000000de980000)
  to   space 6144K, 0% used [0x00000000dea00000,0x00000000dea00000,0x00000000df000000)
 ParOldGen       total 329728K, used 86861K [0x0000000080000000, 0x0000000094200000, 0x00000000d5580000)
  object space 329728K, 26% used [0x0000000080000000,0x00000000854d3418,0x0000000094200000)
 Metaspace       used 95397K, capacity 98970K, committed 99532K, reserved 1136640K
  class space    used 11426K, capacity 11973K, committed 12160K, reserved 1048576K
}
{Heap before GC invocations=936 (full 4):
 PSYoungGen      total 151552K, used 149491K [0x00000000d5580000, 0x00000000df000000, 0x0000000100000000)
  eden space 145408K, 100% used [0x00000000d5580000,0x00000000de380000,0x00000000de380000)
  from space 6144K, 66% used [0x00000000de380000,0x00000000de77ce08,0x00000000de980000)
  to   space 6144K, 0% used [0x00000000dea00000,0x00000000dea00000,0x00000000df000000)
 ParOldGen       total 329728K, used 86861K [0x0000000080000000, 0x0000000094200000, 0x00000000d5580000)
  object space 329728K, 26% used [0x0000000080000000,0x00000000854d3418,0x0000000094200000)
 Metaspace       used 95397K, capacity 98970K, committed 99532K, reserved 1136640K
  class space    used 11426K, capacity 11973K, committed 12160K, reserved 1048576K
2023-10-25T13:41:56.370+0600: 3725780.614: [GC (Allocation Failure) [PSYoungGen: 149491K->3441K(152064K)] 236352K->90326K(481792K), 0.0164014 secs] [Times: user=0.02 sys=0.01, real=0.02 secs] 
Heap after GC invocations=936 (full 4):
 PSYoungGen      total 152064K, used 3441K [0x00000000d5580000, 0x00000000df000000, 0x0000000100000000)
  eden space 145920K, 0% used [0x00000000d5580000,0x00000000d5580000,0x00000000de400000)
  from space 6144K, 56% used [0x00000000dea00000,0x00000000ded5c708,0x00000000df000000)
  to   space 6144K, 0% used [0x00000000de400000,0x00000000de400000,0x00000000dea00000)
 ParOldGen       total 329728K, used 86885K [0x0000000080000000, 0x0000000094200000, 0x00000000d5580000)
  object space 329728K, 26% used [0x0000000080000000,0x00000000854d9418,0x0000000094200000)
 Metaspace       used 95397K, capacity 98970K, committed 99532K, reserved 1136640K
  class space    used 11426K, capacity 11973K, committed 12160K, reserved 1048576K
}
{Heap before GC invocations=937 (full 4):
 PSYoungGen      total 152064K, used 149361K [0x00000000d5580000, 0x00000000df000000, 0x0000000100000000)
  eden space 145920K, 100% used [0x00000000d5580000,0x00000000de400000,0x00000000de400000)
  from space 6144K, 56% used [0x00000000dea00000,0x00000000ded5c708,0x00000000df000000)
  to   space 6144K, 0% used [0x00000000de400000,0x00000000de400000,0x00000000dea00000)
 ParOldGen       total 329728K, used 86885K [0x0000000080000000, 0x0000000094200000, 0x00000000d5580000)
  object space 329728K, 26% used [0x0000000080000000,0x00000000854d9418,0x0000000094200000)
 Metaspace       used 95398K, capacity 98970K, committed 99532K, reserved 1136640K
  class space    used 11426K, capacity 11973K, committed 12160K, reserved 1048576K
2023-10-25T15:10:46.460+0600: 3731110.703: [GC (Allocation Failure) [PSYoungGen: 149361K->6132K(152064K)] 236246K->94197K(481792K), 0.0220563 secs] [Times: user=0.02 sys=0.02, real=0.02 secs] 
Heap after GC invocations=937 (full 4):
 PSYoungGen      total 152064K, used 6132K [0x00000000d5580000, 0x00000000df280000, 0x0000000100000000)
  eden space 145920K, 0% used [0x00000000d5580000,0x00000000d5580000,0x00000000de400000)
  from space 6144K, 99% used [0x00000000de400000,0x00000000de9fd2a8,0x00000000dea00000)
  to   space 7168K, 0% used [0x00000000deb80000,0x00000000deb80000,0x00000000df280000)
 ParOldGen       total 329728K, used 88064K [0x0000000080000000, 0x0000000094200000, 0x00000000d5580000)
  object space 329728K, 26% used [0x0000000080000000,0x0000000085600340,0x0000000094200000)
 Metaspace       used 95398K, capacity 98970K, committed 99532K, reserved 1136640K
  class space    used 11426K, capacity 11973K, committed 12160K, reserved 1048576K
}
{Heap before GC invocations=938 (full 4):
 PSYoungGen      total 152064K, used 152051K [0x00000000d5580000, 0x00000000df280000, 0x0000000100000000)
  eden space 145920K, 99% used [0x00000000d5580000,0x00000000de3ffae0,0x00000000de400000)
  from space 6144K, 99% used [0x00000000de400000,0x00000000de9fd2a8,0x00000000dea00000)
  to   space 7168K, 0% used [0x00000000deb80000,0x00000000deb80000,0x00000000df280000)
 ParOldGen       total 329728K, used 88064K [0x0000000080000000, 0x0000000094200000, 0x00000000d5580000)
  object space 329728K, 26% used [0x0000000080000000,0x0000000085600340,0x0000000094200000)
 Metaspace       used 95415K, capacity 99070K, committed 99788K, reserved 1136640K
  class space    used 11429K, capacity 11979K, committed 12160K, reserved 1048576K
2023-10-25T16:26:45.196+0600: 3735669.440: [GC (Allocation Failure) [PSYoungGen: 152051K->7140K(152064K)] 240116K->96428K(481792K), 0.0235294 secs] [Times: user=0.01 sys=0.03, real=0.02 secs] 
Heap after GC invocations=938 (full 4):
 PSYoungGen      total 152064K, used 7140K [0x00000000d5580000, 0x00000000df580000, 0x0000000100000000)
  eden space 144896K, 0% used [0x00000000d5580000,0x00000000d5580000,0x00000000de300000)
  from space 7168K, 99% used [0x00000000deb80000,0x00000000df279060,0x00000000df280000)
  to   space 8704K, 0% used [0x00000000de300000,0x00000000de300000,0x00000000deb80000)
 ParOldGen       total 329728K, used 89288K [0x0000000080000000, 0x0000000094200000, 0x00000000d5580000)
  object space 329728K, 27% used [0x0000000080000000,0x0000000085732250,0x0000000094200000)
 Metaspace       used 95415K, capacity 99070K, committed 99788K, reserved 1136640K
  class space    used 11429K, capacity 11979K, committed 12160K, reserved 1048576K
}
{Heap before GC invocations=939 (full 4):
 PSYoungGen      total 152064K, used 152036K [0x00000000d5580000, 0x00000000df580000, 0x0000000100000000)
  eden space 144896K, 100% used [0x00000000d5580000,0x00000000de300000,0x00000000de300000)
  from space 7168K, 99% used [0x00000000deb80000,0x00000000df279060,0x00000000df280000)
  to   space 8704K, 0% used [0x00000000de300000,0x00000000de300000,0x00000000deb80000)
 ParOldGen       total 329728K, used 89288K [0x0000000080000000, 0x0000000094200000, 0x00000000d5580000)
  object space 329728K, 27% used [0x0000000080000000,0x0000000085732250,0x0000000094200000)
 Metaspace       used 95417K, capacity 99076K, committed 99788K, reserved 1136640K
  class space    used 11430K, capacity 11980K, committed 12160K, reserved 1048576K
2023-10-25T17:55:47.449+0600: 3741011.692: [GC (Allocation Failure) [PSYoungGen: 152036K->6659K(153600K)] 241324K->95964K(483328K), 0.0206836 secs] [Times: user=0.01 sys=0.02, real=0.02 secs] 
Heap after GC invocations=939 (full 4):
 PSYoungGen      total 153600K, used 6659K [0x00000000d5580000, 0x00000000df480000, 0x0000000100000000)
  eden space 144896K, 0% used [0x00000000d5580000,0x00000000d5580000,0x00000000de300000)
  from space 8704K, 76% used [0x00000000de300000,0x00000000de980e40,0x00000000deb80000)
  to   space 8704K, 0% used [0x00000000dec00000,0x00000000dec00000,0x00000000df480000)
 ParOldGen       total 329728K, used 89304K [0x0000000080000000, 0x0000000094200000, 0x00000000d5580000)
  object space 329728K, 27% used [0x0000000080000000,0x0000000085736250,0x0000000094200000)
 Metaspace       used 95417K, capacity 99076K, committed 99788K, reserved 1136640K
  class space    used 11430K, capacity 11980K, committed 12160K, reserved 1048576K
}
{Heap before GC invocations=940 (full 4):
 PSYoungGen      total 153600K, used 151555K [0x00000000d5580000, 0x00000000df480000, 0x0000000100000000)
  eden space 144896K, 100% used [0x00000000d5580000,0x00000000de300000,0x00000000de300000)
  from space 8704K, 76% used [0x00000000de300000,0x00000000de980e40,0x00000000deb80000)
  to   space 8704K, 0% used [0x00000000dec00000,0x00000000dec00000,0x00000000df480000)
 ParOldGen       total 329728K, used 89304K [0x0000000080000000, 0x0000000094200000, 0x00000000d5580000)
  object space 329728K, 27% used [0x0000000080000000,0x0000000085736250,0x0000000094200000)
 Metaspace       used 95417K, capacity 99076K, committed 99788K, reserved 1136640K
  class space    used 11430K, capacity 11980K, committed 12160K, reserved 1048576K
2023-10-25T19:36:58.757+0600: 3747083.000: [GC (Allocation Failure) [PSYoungGen: 151555K->6245K(153600K)] 240860K->95549K(483328K), 0.0147487 secs] [Times: user=0.02 sys=0.00, real=0.01 secs] 
Heap after GC invocations=940 (full 4):
 PSYoungGen      total 153600K, used 6245K [0x00000000d5580000, 0x00000000df580000, 0x0000000100000000)
  eden space 144896K, 0% used [0x00000000d5580000,0x00000000d5580000,0x00000000de300000)
  from space 8704K, 71% used [0x00000000dec00000,0x00000000df2194b0,0x00000000df480000)
  to   space 9216K, 0% used [0x00000000de300000,0x00000000de300000,0x00000000dec00000)
 ParOldGen       total 329728K, used 89304K [0x0000000080000000, 0x0000000094200000, 0x00000000d5580000)
  object space 329728K, 27% used [0x0000000080000000,0x0000000085736250,0x0000000094200000)
 Metaspace       used 95417K, capacity 99076K, committed 99788K, reserved 1136640K
  class space    used 11430K, capacity 11980K, committed 12160K, reserved 1048576K
}
{Heap before GC invocations=941 (full 4):
 PSYoungGen      total 153600K, used 151141K [0x00000000d5580000, 0x00000000df580000, 0x0000000100000000)
  eden space 144896K, 100% used [0x00000000d5580000,0x00000000de300000,0x00000000de300000)
  from space 8704K, 71% used [0x00000000dec00000,0x00000000df2194b0,0x00000000df480000)
  to   space 9216K, 0% used [0x00000000de300000,0x00000000de300000,0x00000000dec00000)
 ParOldGen       total 329728K, used 89304K [0x0000000080000000, 0x0000000094200000, 0x00000000d5580000)
  object space 329728K, 27% used [0x0000000080000000,0x0000000085736250,0x0000000094200000)
 Metaspace       used 95417K, capacity 99076K, committed 99788K, reserved 1136640K
  class space    used 11430K, capacity 11980K, committed 12160K, reserved 1048576K
2023-10-25T21:21:56.753+0600: 3753380.996: [GC (Allocation Failure) [PSYoungGen: 151141K->4914K(154112K)] 240445K->94219K(483840K), 0.0199156 secs] [Times: user=0.01 sys=0.02, real=0.02 secs] 
Heap after GC invocations=941 (full 4):
 PSYoungGen      total 154112K, used 4914K [0x00000000d5580000, 0x00000000df480000, 0x0000000100000000)
  eden space 144896K, 0% used [0x00000000d5580000,0x00000000d5580000,0x00000000de300000)
  from space 9216K, 53% used [0x00000000de300000,0x00000000de7ccb40,0x00000000dec00000)
  to   space 8704K, 0% used [0x00000000dec00000,0x00000000dec00000,0x00000000df480000)
 ParOldGen       total 329728K, used 89304K [0x0000000080000000, 0x0000000094200000, 0x00000000d5580000)
  object space 329728K, 27% used [0x0000000080000000,0x0000000085736250,0x0000000094200000)
 Metaspace       used 95417K, capacity 99076K, committed 99788K, reserved 1136640K
  class space    used 11430K, capacity 11980K, committed 12160K, reserved 1048576K
}
{Heap before GC invocations=942 (full 4):
 PSYoungGen      total 154112K, used 149810K [0x00000000d5580000, 0x00000000df480000, 0x0000000100000000)
  eden space 144896K, 100% used [0x00000000d5580000,0x00000000de300000,0x00000000de300000)
  from space 9216K, 53% used [0x00000000de300000,0x00000000de7ccb40,0x00000000dec00000)
  to   space 8704K, 0% used [0x00000000dec00000,0x00000000dec00000,0x00000000df480000)
 ParOldGen       total 329728K, used 89304K [0x0000000080000000, 0x0000000094200000, 0x00000000d5580000)
  object space 329728K, 27% used [0x0000000080000000,0x0000000085736250,0x0000000094200000)
 Metaspace       used 95417K, capacity 99076K, committed 99788K, reserved 1136640K
  class space    used 11430K, capacity 11980K, committed 12160K, reserved 1048576K
2023-10-25T23:04:07.684+0600: 3759511.927: [GC (Allocation Failure) [PSYoungGen: 149810K->6082K(154112K)] 239115K->95402K(483840K), 0.0175180 secs] [Times: user=0.03 sys=0.00, real=0.01 secs] 
Heap after GC invocations=942 (full 4):
 PSYoungGen      total 154112K, used 6082K [0x00000000d5580000, 0x00000000df480000, 0x0000000100000000)
  eden space 145408K, 0% used [0x00000000d5580000,0x00000000d5580000,0x00000000de380000)
  from space 8704K, 69% used [0x00000000dec00000,0x00000000df1f0990,0x00000000df480000)
  to   space 8704K, 0% used [0x00000000de380000,0x00000000de380000,0x00000000dec00000)
 ParOldGen       total 329728K, used 89320K [0x0000000080000000, 0x0000000094200000, 0x00000000d5580000)
  object space 329728K, 27% used [0x0000000080000000,0x000000008573a250,0x0000000094200000)
 Metaspace       used 95417K, capacity 99076K, committed 99788K, reserved 1136640K
  class space    used 11430K, capacity 11980K, committed 12160K, reserved 1048576K
}
{Heap before GC invocations=943 (full 4):
 PSYoungGen      total 154112K, used 151490K [0x00000000d5580000, 0x00000000df480000, 0x0000000100000000)
  eden space 145408K, 100% used [0x00000000d5580000,0x00000000de380000,0x00000000de380000)
  from space 8704K, 69% used [0x00000000dec00000,0x00000000df1f0990,0x00000000df480000)
  to   space 8704K, 0% used [0x00000000de380000,0x00000000de380000,0x00000000dec00000)
 ParOldGen       total 329728K, used 89320K [0x0000000080000000, 0x0000000094200000, 0x00000000d5580000)
  object space 329728K, 27% used [0x0000000080000000,0x000000008573a250,0x0000000094200000)
 Metaspace       used 95430K, capacity 99112K, committed 99788K, reserved 1136640K
  class space    used 11433K, capacity 11986K, committed 12160K, reserved 1048576K
2023-10-26T00:54:24.255+0600: 3766128.498: [GC (Allocation Failure) [PSYoungGen: 151490K->4754K(154112K)] 240810K->94106K(483840K), 0.0199570 secs] [Times: user=0.01 sys=0.02, real=0.02 secs] 
Heap after GC invocations=943 (full 4):
 PSYoungGen      total 154112K, used 4754K [0x00000000d5580000, 0x00000000df500000, 0x0000000100000000)
  eden space 145408K, 0% used [0x00000000d5580000,0x00000000d5580000,0x00000000de380000)
  from space 8704K, 54% used [0x00000000de380000,0x00000000de824940,0x00000000dec00000)
  to   space 8704K, 0% used [0x00000000dec80000,0x00000000dec80000,0x00000000df500000)
 ParOldGen       total 329728K, used 89352K [0x0000000080000000, 0x0000000094200000, 0x00000000d5580000)
  object space 329728K, 27% used [0x0000000080000000,0x0000000085742250,0x0000000094200000)
 Metaspace       used 95430K, capacity 99112K, committed 99788K, reserved 1136640K
  class space    used 11433K, capacity 11986K, committed 12160K, reserved 1048576K
}
{Heap before GC invocations=944 (full 4):
 PSYoungGen      total 154112K, used 150162K [0x00000000d5580000, 0x00000000df500000, 0x0000000100000000)
  eden space 145408K, 100% used [0x00000000d5580000,0x00000000de380000,0x00000000de380000)
  from space 8704K, 54% used [0x00000000de380000,0x00000000de824940,0x00000000dec00000)
  to   space 8704K, 0% used [0x00000000dec80000,0x00000000dec80000,0x00000000df500000)
 ParOldGen       total 329728K, used 89352K [0x0000000080000000, 0x0000000094200000, 0x00000000d5580000)
  object space 329728K, 27% used [0x0000000080000000,0x0000000085742250,0x0000000094200000)
 Metaspace       used 95432K, capacity 99118K, committed 99788K, reserved 1136640K
  class space    used 11434K, capacity 11987K, committed 12160K, reserved 1048576K
2023-10-26T02:46:37.022+0600: 3772861.265: [GC (Allocation Failure) [PSYoungGen: 150162K->3888K(153600K)] 239514K->93257K(483328K), 0.0148667 secs] [Times: user=0.01 sys=0.01, real=0.02 secs] 
Heap after GC invocations=944 (full 4):
 PSYoungGen      total 153600K, used 3888K [0x00000000d5580000, 0x00000000df400000, 0x0000000100000000)
  eden space 145920K, 0% used [0x00000000d5580000,0x00000000d5580000,0x00000000de400000)
  from space 7680K, 50% used [0x00000000dec80000,0x00000000df04c250,0x00000000df400000)
  to   space 8192K, 0% used [0x00000000de400000,0x00000000de400000,0x00000000dec00000)
 ParOldGen       total 329728K, used 89368K [0x0000000080000000, 0x0000000094200000, 0x00000000d5580000)
  object space 329728K, 27% used [0x0000000080000000,0x0000000085746250,0x0000000094200000)
 Metaspace       used 95432K, capacity 99118K, committed 99788K, reserved 1136640K
  class space    used 11434K, capacity 11987K, committed 12160K, reserved 1048576K
}
{Heap before GC invocations=945 (full 4):
 PSYoungGen      total 153600K, used 149808K [0x00000000d5580000, 0x00000000df400000, 0x0000000100000000)
  eden space 145920K, 100% used [0x00000000d5580000,0x00000000de400000,0x00000000de400000)
  from space 7680K, 50% used [0x00000000dec80000,0x00000000df04c250,0x00000000df400000)
  to   space 8192K, 0% used [0x00000000de400000,0x00000000de400000,0x00000000dec00000)
 ParOldGen       total 329728K, used 89368K [0x0000000080000000, 0x0000000094200000, 0x00000000d5580000)
  object space 329728K, 27% used [0x0000000080000000,0x0000000085746250,0x0000000094200000)
 Metaspace       used 95432K, capacity 99118K, committed 99788K, reserved 1136640K
  class space    used 11434K, capacity 11987K, committed 12160K, reserved 1048576K
2023-10-26T04:44:24.111+0600: 3779928.354: [GC (Allocation Failure) [PSYoungGen: 149808K->3744K(154112K)] 239177K->93112K(483840K), 0.0146202 secs] [Times: user=0.01 sys=0.01, real=0.02 secs] 
Heap after GC invocations=945 (full 4):
 PSYoungGen      total 154112K, used 3744K [0x00000000d5580000, 0x00000000df480000, 0x0000000100000000)
  eden space 145920K, 0% used [0x00000000d5580000,0x00000000d5580000,0x00000000de400000)
  from space 8192K, 45% used [0x00000000de400000,0x00000000de7a8010,0x00000000dec00000)
  to   space 8192K, 0% used [0x00000000dec80000,0x00000000dec80000,0x00000000df480000)
 ParOldGen       total 329728K, used 89368K [0x0000000080000000, 0x0000000094200000, 0x00000000d5580000)
  object space 329728K, 27% used [0x0000000080000000,0x0000000085746250,0x0000000094200000)
 Metaspace       used 95432K, capacity 99118K, committed 99788K, reserved 1136640K
  class space    used 11434K, capacity 11987K, committed 12160K, reserved 1048576K
}
{Heap before GC invocations=946 (full 4):
 PSYoungGen      total 154112K, used 149664K [0x00000000d5580000, 0x00000000df480000, 0x0000000100000000)
  eden space 145920K, 100% used [0x00000000d5580000,0x00000000de400000,0x00000000de400000)
  from space 8192K, 45% used [0x00000000de400000,0x00000000de7a8010,0x00000000dec00000)
  to   space 8192K, 0% used [0x00000000dec80000,0x00000000dec80000,0x00000000df480000)
 ParOldGen       total 329728K, used 89368K [0x0000000080000000, 0x0000000094200000, 0x00000000d5580000)
  object space 329728K, 27% used [0x0000000080000000,0x0000000085746250,0x0000000094200000)
 Metaspace       used 95432K, capacity 99118K, committed 99788K, reserved 1136640K
  class space    used 11434K, capacity 11987K, committed 12160K, reserved 1048576K
2023-10-26T06:41:54.626+0600: 3786978.869: [GC (Allocation Failure) [PSYoungGen: 149664K->3744K(154624K)] 239032K->93112K(484352K), 0.0173030 secs] [Times: user=0.03 sys=0.00, real=0.02 secs] 
Heap after GC invocations=946 (full 4):
 PSYoungGen      total 154624K, used 3744K [0x00000000d5580000, 0x00000000df480000, 0x0000000100000000)
  eden space 146432K, 0% used [0x00000000d5580000,0x00000000d5580000,0x00000000de480000)
  from space 8192K, 45% used [0x00000000dec80000,0x00000000df028010,0x00000000df480000)
  to   space 8192K, 0% used [0x00000000de480000,0x00000000de480000,0x00000000dec80000)
 ParOldGen       total 329728K, used 89368K [0x0000000080000000, 0x0000000094200000, 0x00000000d5580000)
  object space 329728K, 27% used [0x0000000080000000,0x0000000085746250,0x0000000094200000)
 Metaspace       used 95432K, capacity 99118K, committed 99788K, reserved 1136640K
  class space    used 11434K, capacity 11987K, committed 12160K, reserved 1048576K
}
{Heap before GC invocations=947 (full 4):
 PSYoungGen      total 154624K, used 150176K [0x00000000d5580000, 0x00000000df480000, 0x0000000100000000)
  eden space 146432K, 100% used [0x00000000d5580000,0x00000000de480000,0x00000000de480000)
  from space 8192K, 45% used [0x00000000dec80000,0x00000000df028010,0x00000000df480000)
  to   space 8192K, 0% used [0x00000000de480000,0x00000000de480000,0x00000000dec80000)
 ParOldGen       total 329728K, used 89368K [0x0000000080000000, 0x0000000094200000, 0x00000000d5580000)
  object space 329728K, 27% used [0x0000000080000000,0x0000000085746250,0x0000000094200000)
 Metaspace       used 95432K, capacity 99118K, committed 99788K, reserved 1136640K
  class space    used 11434K, capacity 11987K, committed 12160K, reserved 1048576K
2023-10-26T08:28:27.907+0600: 3793372.151: [GC (Allocation Failure) [PSYoungGen: 150176K->5411K(154624K)] 239544K->94780K(484352K), 0.0201535 secs] [Times: user=0.04 sys=0.00, real=0.02 secs] 
Heap after GC invocations=947 (full 4):
 PSYoungGen      total 154624K, used 5411K [0x00000000d5580000, 0x00000000df500000, 0x0000000100000000)
  eden space 146432K, 0% used [0x00000000d5580000,0x00000000d5580000,0x00000000de480000)
  from space 8192K, 66% used [0x00000000de480000,0x00000000de9c8ff0,0x00000000dec80000)
  to   space 8192K, 0% used [0x00000000ded00000,0x00000000ded00000,0x00000000df500000)
 ParOldGen       total 329728K, used 89368K [0x0000000080000000, 0x0000000094200000, 0x00000000d5580000)
  object space 329728K, 27% used [0x0000000080000000,0x0000000085746250,0x0000000094200000)
 Metaspace       used 95432K, capacity 99118K, committed 99788K, reserved 1136640K
  class space    used 11434K, capacity 11987K, committed 12160K, reserved 1048576K
}
{Heap before GC invocations=948 (full 4):
 PSYoungGen      total 154624K, used 151843K [0x00000000d5580000, 0x00000000df500000, 0x0000000100000000)
  eden space 146432K, 100% used [0x00000000d5580000,0x00000000de480000,0x00000000de480000)
  from space 8192K, 66% used [0x00000000de480000,0x00000000de9c8ff0,0x00000000dec80000)
  to   space 8192K, 0% used [0x00000000ded00000,0x00000000ded00000,0x00000000df500000)
 ParOldGen       total 329728K, used 89368K [0x0000000080000000, 0x0000000094200000, 0x00000000d5580000)
  object space 329728K, 27% used [0x0000000080000000,0x0000000085746250,0x0000000094200000)
 Metaspace       used 95432K, capacity 99118K, committed 99788K, reserved 1136640K
  class space    used 11434K, capacity 11987K, committed 12160K, reserved 1048576K
2023-10-26T09:54:56.714+0600: 3798560.957: [GC (Allocation Failure) [PSYoungGen: 151843K->8182K(154112K)] 241212K->98155K(483840K), 0.0232402 secs] [Times: user=0.01 sys=0.02, real=0.02 secs] 
Heap after GC invocations=948 (full 4):
 PSYoungGen      total 154112K, used 8182K [0x00000000d5580000, 0x00000000df700000, 0x0000000100000000)
  eden space 145920K, 0% used [0x00000000d5580000,0x00000000d5580000,0x00000000de400000)
  from space 8192K, 99% used [0x00000000ded00000,0x00000000df4fd9a0,0x00000000df500000)
  to   space 9216K, 0% used [0x00000000de400000,0x00000000de400000,0x00000000ded00000)
 ParOldGen       total 329728K, used 89973K [0x0000000080000000, 0x0000000094200000, 0x00000000d5580000)
  object space 329728K, 27% used [0x0000000080000000,0x00000000857dd550,0x0000000094200000)
 Metaspace       used 95432K, capacity 99118K, committed 99788K, reserved 1136640K
  class space    used 11434K, capacity 11987K, committed 12160K, reserved 1048576K
}
{Heap before GC invocations=949 (full 4):
 PSYoungGen      total 154112K, used 154101K [0x00000000d5580000, 0x00000000df700000, 0x0000000100000000)
  eden space 145920K, 99% used [0x00000000d5580000,0x00000000de3ffc30,0x00000000de400000)
  from space 8192K, 99% used [0x00000000ded00000,0x00000000df4fd9a0,0x00000000df500000)
  to   space 9216K, 0% used [0x00000000de400000,0x00000000de400000,0x00000000ded00000)
 ParOldGen       total 329728K, used 89973K [0x0000000080000000, 0x0000000094200000, 0x00000000d5580000)
  object space 329728K, 27% used [0x0000000080000000,0x00000000857dd550,0x0000000094200000)
 Metaspace       used 95440K, capacity 99136K, committed 99788K, reserved 1136640K
  class space    used 11436K, capacity 11990K, committed 12160K, reserved 1048576K
2023-10-26T11:29:05.851+0600: 3804210.095: [GC (Allocation Failure) [PSYoungGen: 154101K->6338K(155136K)] 244074K->96360K(484864K), 0.0161583 secs] [Times: user=0.01 sys=0.01, real=0.02 secs] 
Heap after GC invocations=949 (full 4):
 PSYoungGen      total 155136K, used 6338K [0x00000000d5580000, 0x00000000df680000, 0x0000000100000000)
  eden space 145920K, 0% used [0x00000000d5580000,0x00000000d5580000,0x00000000de400000)
  from space 9216K, 68% used [0x00000000de400000,0x00000000dea30bd0,0x00000000ded00000)
  to   space 9216K, 0% used [0x00000000ded80000,0x00000000ded80000,0x00000000df680000)
 ParOldGen       total 329728K, used 90021K [0x0000000080000000, 0x0000000094200000, 0x00000000d5580000)
  object space 329728K, 27% used [0x0000000080000000,0x00000000857e9550,0x0000000094200000)
 Metaspace       used 95440K, capacity 99136K, committed 99788K, reserved 1136640K
  class space    used 11436K, capacity 11990K, committed 12160K, reserved 1048576K
}
{Heap before GC invocations=950 (full 4):
 PSYoungGen      total 155136K, used 152258K [0x00000000d5580000, 0x00000000df680000, 0x0000000100000000)
  eden space 145920K, 100% used [0x00000000d5580000,0x00000000de400000,0x00000000de400000)
  from space 9216K, 68% used [0x00000000de400000,0x00000000dea30bd0,0x00000000ded00000)
  to   space 9216K, 0% used [0x00000000ded80000,0x00000000ded80000,0x00000000df680000)
 ParOldGen       total 329728K, used 90021K [0x0000000080000000, 0x0000000094200000, 0x00000000d5580000)
  object space 329728K, 27% used [0x0000000080000000,0x00000000857e9550,0x0000000094200000)
 Metaspace       used 95440K, capacity 99136K, committed 99788K, reserved 1136640K
  class space    used 11436K, capacity 11990K, committed 12160K, reserved 1048576K
2023-10-26T13:05:11.701+0600: 3809975.944: [GC (Allocation Failure) [PSYoungGen: 152258K->5923K(155648K)] 242280K->95945K(485376K), 0.0186453 secs] [Times: user=0.01 sys=0.02, real=0.02 secs] 
Heap after GC invocations=950 (full 4):
 PSYoungGen      total 155648K, used 5923K [0x00000000d5580000, 0x00000000df680000, 0x0000000100000000)
  eden space 146432K, 0% used [0x00000000d5580000,0x00000000d5580000,0x00000000de480000)
  from space 9216K, 64% used [0x00000000ded80000,0x00000000df348fe0,0x00000000df680000)
  to   space 9216K, 0% used [0x00000000de480000,0x00000000de480000,0x00000000ded80000)
 ParOldGen       total 329728K, used 90021K [0x0000000080000000, 0x0000000094200000, 0x00000000d5580000)
  object space 329728K, 27% used [0x0000000080000000,0x00000000857e9550,0x0000000094200000)
 Metaspace       used 95440K, capacity 99136K, committed 99788K, reserved 1136640K
  class space    used 11436K, capacity 11990K, committed 12160K, reserved 1048576K
}
{Heap before GC invocations=951 (full 4):
 PSYoungGen      total 155648K, used 152355K [0x00000000d5580000, 0x00000000df680000, 0x0000000100000000)
  eden space 146432K, 100% used [0x00000000d5580000,0x00000000de480000,0x00000000de480000)
  from space 9216K, 64% used [0x00000000ded80000,0x00000000df348fe0,0x00000000df680000)
  to   space 9216K, 0% used [0x00000000de480000,0x00000000de480000,0x00000000ded80000)
 ParOldGen       total 329728K, used 90021K [0x0000000080000000, 0x0000000094200000, 0x00000000d5580000)
  object space 329728K, 27% used [0x0000000080000000,0x00000000857e9550,0x0000000094200000)
 Metaspace       used 95455K, capacity 99160K, committed 99788K, reserved 1136640K
  class space    used 11438K, capacity 11994K, committed 12160K, reserved 1048576K
2023-10-26T13:39:47.799+0600: 3812052.042: [GC (Allocation Failure) [PSYoungGen: 152355K->9209K(155648K)] 242377K->100708K(485376K), 0.0217932 secs] [Times: user=0.04 sys=0.00, real=0.02 secs] 
Heap after GC invocations=951 (full 4):
 PSYoungGen      total 155648K, used 9209K [0x00000000d5580000, 0x00000000dfa00000, 0x0000000100000000)
  eden space 146432K, 0% used [0x00000000d5580000,0x00000000d5580000,0x00000000de480000)
  from space 9216K, 99% used [0x00000000de480000,0x00000000ded7e690,0x00000000ded80000)
  to   space 10752K, 0% used [0x00000000def80000,0x00000000def80000,0x00000000dfa00000)
 ParOldGen       total 329728K, used 91498K [0x0000000080000000, 0x0000000094200000, 0x00000000d5580000)
  object space 329728K, 27% used [0x0000000080000000,0x000000008595abc0,0x0000000094200000)
 Metaspace       used 95455K, capacity 99160K, committed 99788K, reserved 1136640K
  class space    used 11438K, capacity 11994K, committed 12160K, reserved 1048576K
}
{Heap before GC invocations=952 (full 4):
 PSYoungGen      total 155648K, used 155641K [0x00000000d5580000, 0x00000000dfa00000, 0x0000000100000000)
  eden space 146432K, 100% used [0x00000000d5580000,0x00000000de480000,0x00000000de480000)
  from space 9216K, 99% used [0x00000000de480000,0x00000000ded7e690,0x00000000ded80000)
  to   space 10752K, 0% used [0x00000000def80000,0x00000000def80000,0x00000000dfa00000)
 ParOldGen       total 329728K, used 91498K [0x0000000080000000, 0x0000000094200000, 0x00000000d5580000)
  object space 329728K, 27% used [0x0000000080000000,0x000000008595abc0,0x0000000094200000)
 Metaspace       used 95455K, capacity 99160K, committed 99788K, reserved 1136640K
  class space    used 11438K, capacity 11994K, committed 12160K, reserved 1048576K
2023-10-26T14:58:58.848+0600: 3816803.092: [GC (Allocation Failure) [PSYoungGen: 155641K->8781K(157184K)] 247140K->100693K(486912K), 0.0247552 secs] [Times: user=0.01 sys=0.03, real=0.03 secs] 
Heap after GC invocations=952 (full 4):
 PSYoungGen      total 157184K, used 8781K [0x00000000d5580000, 0x00000000dfb00000, 0x0000000100000000)
  eden space 146432K, 0% used [0x00000000d5580000,0x00000000d5580000,0x00000000de480000)
  from space 10752K, 81% used [0x00000000def80000,0x00000000df813660,0x00000000dfa00000)
  to   space 11264K, 0% used [0x00000000de480000,0x00000000de480000,0x00000000def80000)
 ParOldGen       total 329728K, used 91911K [0x0000000080000000, 0x0000000094200000, 0x00000000d5580000)
  object space 329728K, 27% used [0x0000000080000000,0x00000000859c1f10,0x0000000094200000)
 Metaspace       used 95455K, capacity 99160K, committed 99788K, reserved 1136640K
  class space    used 11438K, capacity 11994K, committed 12160K, reserved 1048576K
}
{Heap before GC invocations=953 (full 4):
 PSYoungGen      total 157184K, used 155213K [0x00000000d5580000, 0x00000000dfb00000, 0x0000000100000000)
  eden space 146432K, 100% used [0x00000000d5580000,0x00000000de480000,0x00000000de480000)
  from space 10752K, 81% used [0x00000000def80000,0x00000000df813660,0x00000000dfa00000)
  to   space 11264K, 0% used [0x00000000de480000,0x00000000de480000,0x00000000def80000)
 ParOldGen       total 329728K, used 91911K [0x0000000080000000, 0x0000000094200000, 0x00000000d5580000)
  object space 329728K, 27% used [0x0000000080000000,0x00000000859c1f10,0x0000000094200000)
 Metaspace       used 95455K, capacity 99160K, committed 99788K, reserved 1136640K
  class space    used 11438K, capacity 11994K, committed 12160K, reserved 1048576K
2023-10-26T16:34:40.168+0600: 3822544.411: [GC (Allocation Failure) [PSYoungGen: 155213K->7284K(157696K)] 247125K->99195K(487424K), 0.0180457 secs] [Times: user=0.01 sys=0.02, real=0.02 secs] 
Heap after GC invocations=953 (full 4):
 PSYoungGen      total 157696K, used 7284K [0x00000000d5580000, 0x00000000dfb00000, 0x0000000100000000)
  eden space 146432K, 0% used [0x00000000d5580000,0x00000000d5580000,0x00000000de480000)
  from space 11264K, 64% used [0x00000000de480000,0x00000000deb9d090,0x00000000def80000)
  to   space 11264K, 0% used [0x00000000df000000,0x00000000df000000,0x00000000dfb00000)
 ParOldGen       total 329728K, used 91911K [0x0000000080000000, 0x0000000094200000, 0x00000000d5580000)
  object space 329728K, 27% used [0x0000000080000000,0x00000000859c1f10,0x0000000094200000)
 Metaspace       used 95455K, capacity 99160K, committed 99788K, reserved 1136640K
  class space    used 11438K, capacity 11994K, committed 12160K, reserved 1048576K
}
{Heap before GC invocations=954 (full 4):
 PSYoungGen      total 157696K, used 153716K [0x00000000d5580000, 0x00000000dfb00000, 0x0000000100000000)
  eden space 146432K, 100% used [0x00000000d5580000,0x00000000de480000,0x00000000de480000)
  from space 11264K, 64% used [0x00000000de480000,0x00000000deb9d090,0x00000000def80000)
  to   space 11264K, 0% used [0x00000000df000000,0x00000000df000000,0x00000000dfb00000)
 ParOldGen       total 329728K, used 91911K [0x0000000080000000, 0x0000000094200000, 0x00000000d5580000)
  object space 329728K, 27% used [0x0000000080000000,0x00000000859c1f10,0x0000000094200000)
 Metaspace       used 95456K, capacity 99160K, committed 99788K, reserved 1136640K
  class space    used 11438K, capacity 11994K, committed 12160K, reserved 1048576K
2023-10-26T18:19:42.145+0600: 3828846.388: [GC (Allocation Failure) [PSYoungGen: 153716K->5911K(157184K)] 245627K->97871K(486912K), 0.0216176 secs] [Times: user=0.03 sys=0.00, real=0.02 secs] 
Heap after GC invocations=954 (full 4):
 PSYoungGen      total 157184K, used 5911K [0x00000000d5580000, 0x00000000dfa00000, 0x0000000100000000)
  eden space 146944K, 0% used [0x00000000d5580000,0x00000000d5580000,0x00000000de500000)
  from space 10240K, 57% used [0x00000000df000000,0x00000000df5c5eb0,0x00000000dfa00000)
  to   space 10752K, 0% used [0x00000000de500000,0x00000000de500000,0x00000000def80000)
 ParOldGen       total 329728K, used 91959K [0x0000000080000000, 0x0000000094200000, 0x00000000d5580000)
  object space 329728K, 27% used [0x0000000080000000,0x00000000859cdf10,0x0000000094200000)
 Metaspace       used 95456K, capacity 99160K, committed 99788K, reserved 1136640K
  class space    used 11438K, capacity 11994K, committed 12160K, reserved 1048576K
}
{Heap before GC invocations=955 (full 4):
 PSYoungGen      total 157184K, used 152855K [0x00000000d5580000, 0x00000000dfa00000, 0x0000000100000000)
  eden space 146944K, 100% used [0x00000000d5580000,0x00000000de500000,0x00000000de500000)
  from space 10240K, 57% used [0x00000000df000000,0x00000000df5c5eb0,0x00000000dfa00000)
  to   space 10752K, 0% used [0x00000000de500000,0x00000000de500000,0x00000000def80000)
 ParOldGen       total 329728K, used 91959K [0x0000000080000000, 0x0000000094200000, 0x00000000d5580000)
  object space 329728K, 27% used [0x0000000080000000,0x00000000859cdf10,0x0000000094200000)
 Metaspace       used 95456K, capacity 99160K, committed 99788K, reserved 1136640K
  class space    used 11438K, capacity 11994K, committed 12160K, reserved 1048576K
2023-10-26T20:08:18.302+0600: 3835362.545: [GC (Allocation Failure) [PSYoungGen: 152855K->5493K(157696K)] 244815K->97484K(487424K), 0.0198422 secs] [Times: user=0.00 sys=0.02, real=0.02 secs] 
Heap after GC invocations=955 (full 4):
 PSYoungGen      total 157696K, used 5493K [0x00000000d5580000, 0x00000000dfa80000, 0x0000000100000000)
  eden space 146944K, 0% used [0x00000000d5580000,0x00000000d5580000,0x00000000de500000)
  from space 10752K, 51% used [0x00000000de500000,0x00000000dea5d480,0x00000000def80000)
  to   space 10752K, 0% used [0x00000000df000000,0x00000000df000000,0x00000000dfa80000)
 ParOldGen       total 329728K, used 91991K [0x0000000080000000, 0x0000000094200000, 0x00000000d5580000)
  object space 329728K, 27% used [0x0000000080000000,0x00000000859d5f10,0x0000000094200000)
 Metaspace       used 95456K, capacity 99160K, committed 99788K, reserved 1136640K
  class space    used 11438K, capacity 11994K, committed 12160K, reserved 1048576K
}
{Heap before GC invocations=956 (full 4):
 PSYoungGen      total 157696K, used 152437K [0x00000000d5580000, 0x00000000dfa80000, 0x0000000100000000)
  eden space 146944K, 100% used [0x00000000d5580000,0x00000000de500000,0x00000000de500000)
  from space 10752K, 51% used [0x00000000de500000,0x00000000dea5d480,0x00000000def80000)
  to   space 10752K, 0% used [0x00000000df000000,0x00000000df000000,0x00000000dfa80000)
 ParOldGen       total 329728K, used 91991K [0x0000000080000000, 0x0000000094200000, 0x00000000d5580000)
  object space 329728K, 27% used [0x0000000080000000,0x00000000859d5f10,0x0000000094200000)
 Metaspace       used 95474K, capacity 99220K, committed 99788K, reserved 1136640K
  class space    used 11443K, capacity 12004K, committed 12160K, reserved 1048576K
2023-10-26T21:33:23.448+0600: 3840467.691: [GC (Allocation Failure) [PSYoungGen: 152437K->8341K(158208K)] 244428K->100349K(487936K), 0.0156777 secs] [Times: user=0.03 sys=0.00, real=0.02 secs] 
Heap after GC invocations=956 (full 4):
 PSYoungGen      total 158208K, used 8341K [0x00000000d5580000, 0x00000000dfa80000, 0x0000000100000000)
  eden space 147456K, 0% used [0x00000000d5580000,0x00000000d5580000,0x00000000de580000)
  from space 10752K, 77% used [0x00000000df000000,0x00000000df825520,0x00000000dfa80000)
  to   space 10752K, 0% used [0x00000000de580000,0x00000000de580000,0x00000000df000000)
 ParOldGen       total 329728K, used 92007K [0x0000000080000000, 0x0000000094200000, 0x00000000d5580000)
  object space 329728K, 27% used [0x0000000080000000,0x00000000859d9f10,0x0000000094200000)
 Metaspace       used 95474K, capacity 99220K, committed 99788K, reserved 1136640K
  class space    used 11443K, capacity 12004K, committed 12160K, reserved 1048576K
}
{Heap before GC invocations=957 (full 4):
 PSYoungGen      total 158208K, used 155797K [0x00000000d5580000, 0x00000000dfa80000, 0x0000000100000000)
  eden space 147456K, 100% used [0x00000000d5580000,0x00000000de580000,0x00000000de580000)
  from space 10752K, 77% used [0x00000000df000000,0x00000000df825520,0x00000000dfa80000)
  to   space 10752K, 0% used [0x00000000de580000,0x00000000de580000,0x00000000df000000)
 ParOldGen       total 329728K, used 92007K [0x0000000080000000, 0x0000000094200000, 0x00000000d5580000)
  object space 329728K, 27% used [0x0000000080000000,0x00000000859d9f10,0x0000000094200000)
 Metaspace       used 95474K, capacity 99220K, committed 99788K, reserved 1136640K
  class space    used 11443K, capacity 12004K, committed 12160K, reserved 1048576K
2023-10-26T23:15:16.556+0600: 3846580.800: [GC (Allocation Failure) [PSYoungGen: 155797K->7034K(158208K)] 247805K->99073K(487936K), 0.0224276 secs] [Times: user=0.03 sys=0.00, real=0.02 secs] 
Heap after GC invocations=957 (full 4):
 PSYoungGen      total 158208K, used 7034K [0x00000000d5580000, 0x00000000dfb00000, 0x0000000100000000)
  eden space 147456K, 0% used [0x00000000d5580000,0x00000000d5580000,0x00000000de580000)
  from space 10752K, 65% used [0x00000000de580000,0x00000000dec5e8d0,0x00000000df000000)
  to   space 10752K, 0% used [0x00000000df080000,0x00000000df080000,0x00000000dfb00000)
 ParOldGen       total 329728K, used 92039K [0x0000000080000000, 0x0000000094200000, 0x00000000d5580000)
  object space 329728K, 27% used [0x0000000080000000,0x00000000859e1f10,0x0000000094200000)
 Metaspace       used 95474K, capacity 99220K, committed 99788K, reserved 1136640K
  class space    used 11443K, capacity 12004K, committed 12160K, reserved 1048576K
}
{Heap before GC invocations=958 (full 4):
 PSYoungGen      total 158208K, used 154490K [0x00000000d5580000, 0x00000000dfb00000, 0x0000000100000000)
  eden space 147456K, 100% used [0x00000000d5580000,0x00000000de580000,0x00000000de580000)
  from space 10752K, 65% used [0x00000000de580000,0x00000000dec5e8d0,0x00000000df000000)
  to   space 10752K, 0% used [0x00000000df080000,0x00000000df080000,0x00000000dfb00000)
 ParOldGen       total 329728K, used 92039K [0x0000000080000000, 0x0000000094200000, 0x00000000d5580000)
  object space 329728K, 27% used [0x0000000080000000,0x00000000859e1f10,0x0000000094200000)
 Metaspace       used 95474K, capacity 99220K, committed 99788K, reserved 1136640K
  class space    used 11443K, capacity 12004K, committed 12160K, reserved 1048576K
2023-10-27T01:14:35.535+0600: 3853739.778: [GC (Allocation Failure) [PSYoungGen: 154490K->3921K(158720K)] 246529K->95985K(488448K), 0.0149325 secs] [Times: user=0.01 sys=0.01, real=0.01 secs] 
Heap after GC invocations=958 (full 4):
 PSYoungGen      total 158720K, used 3921K [0x00000000d5580000, 0x00000000dfb00000, 0x0000000100000000)
  eden space 147968K, 0% used [0x00000000d5580000,0x00000000d5580000,0x00000000de600000)
  from space 10752K, 36% used [0x00000000df080000,0x00000000df4546e0,0x00000000dfb00000)
  to   space 10752K, 0% used [0x00000000de600000,0x00000000de600000,0x00000000df080000)
 ParOldGen       total 329728K, used 92063K [0x0000000080000000, 0x0000000094200000, 0x00000000d5580000)
  object space 329728K, 27% used [0x0000000080000000,0x00000000859e7f10,0x0000000094200000)
 Metaspace       used 95474K, capacity 99220K, committed 99788K, reserved 1136640K
  class space    used 11443K, capacity 12004K, committed 12160K, reserved 1048576K
}
{Heap before GC invocations=959 (full 4):
 PSYoungGen      total 158720K, used 151889K [0x00000000d5580000, 0x00000000dfb00000, 0x0000000100000000)
  eden space 147968K, 100% used [0x00000000d5580000,0x00000000de600000,0x00000000de600000)
  from space 10752K, 36% used [0x00000000df080000,0x00000000df4546e0,0x00000000dfb00000)
  to   space 10752K, 0% used [0x00000000de600000,0x00000000de600000,0x00000000df080000)
 ParOldGen       total 329728K, used 92063K [0x0000000080000000, 0x0000000094200000, 0x00000000d5580000)
  object space 329728K, 27% used [0x0000000080000000,0x00000000859e7f10,0x0000000094200000)
 Metaspace       used 95474K, capacity 99220K, committed 99788K, reserved 1136640K
  class space    used 11443K, capacity 12004K, committed 12160K, reserved 1048576K
2023-10-27T03:14:19.743+0600: 3860923.986: [GC (Allocation Failure) [PSYoungGen: 151889K->3953K(158720K)] 243953K->96033K(488448K), 0.0166990 secs] [Times: user=0.02 sys=0.02, real=0.02 secs] 
Heap after GC invocations=959 (full 4):
 PSYoungGen      total 158720K, used 3953K [0x00000000d5580000, 0x00000000dfb80000, 0x0000000100000000)
  eden space 147968K, 0% used [0x00000000d5580000,0x00000000d5580000,0x00000000de600000)
  from space 10752K, 36% used [0x00000000de600000,0x00000000de9dc6e0,0x00000000df080000)
  to   space 10752K, 0% used [0x00000000df100000,0x00000000df100000,0x00000000dfb80000)
 ParOldGen       total 329728K, used 92079K [0x0000000080000000, 0x0000000094200000, 0x00000000d5580000)
  object space 329728K, 27% used [0x0000000080000000,0x00000000859ebf10,0x0000000094200000)
 Metaspace       used 95474K, capacity 99220K, committed 99788K, reserved 1136640K
  class space    used 11443K, capacity 12004K, committed 12160K, reserved 1048576K
}
{Heap before GC invocations=960 (full 4):
 PSYoungGen      total 158720K, used 151921K [0x00000000d5580000, 0x00000000dfb80000, 0x0000000100000000)
  eden space 147968K, 100% used [0x00000000d5580000,0x00000000de600000,0x00000000de600000)
  from space 10752K, 36% used [0x00000000de600000,0x00000000de9dc6e0,0x00000000df080000)
  to   space 10752K, 0% used [0x00000000df100000,0x00000000df100000,0x00000000dfb80000)
 ParOldGen       total 329728K, used 92079K [0x0000000080000000, 0x0000000094200000, 0x00000000d5580000)
  object space 329728K, 27% used [0x0000000080000000,0x00000000859ebf10,0x0000000094200000)
 Metaspace       used 95474K, capacity 99220K, committed 99788K, reserved 1136640K
  class space    used 11443K, capacity 12004K, committed 12160K, reserved 1048576K
2023-10-27T05:12:30.028+0600: 3868014.271: [GC (Allocation Failure) [PSYoungGen: 151921K->4097K(159232K)] 244001K->96176K(488960K), 0.0188535 secs] [Times: user=0.01 sys=0.02, real=0.02 secs] 
Heap after GC invocations=960 (full 4):
 PSYoungGen      total 159232K, used 4097K [0x00000000d5580000, 0x00000000dfb80000, 0x0000000100000000)
  eden space 148480K, 0% used [0x00000000d5580000,0x00000000d5580000,0x00000000de680000)
  from space 10752K, 38% used [0x00000000df100000,0x00000000df5004c0,0x00000000dfb80000)
  to   space 10752K, 0% used [0x00000000de680000,0x00000000de680000,0x00000000df100000)
 ParOldGen       total 329728K, used 92079K [0x0000000080000000, 0x0000000094200000, 0x00000000d5580000)
  object space 329728K, 27% used [0x0000000080000000,0x00000000859ebf10,0x0000000094200000)
 Metaspace       used 95474K, capacity 99220K, committed 99788K, reserved 1136640K
  class space    used 11443K, capacity 12004K, committed 12160K, reserved 1048576K
}
{Heap before GC invocations=961 (full 4):
 PSYoungGen      total 159232K, used 152577K [0x00000000d5580000, 0x00000000dfb80000, 0x0000000100000000)
  eden space 148480K, 100% used [0x00000000d5580000,0x00000000de680000,0x00000000de680000)
  from space 10752K, 38% used [0x00000000df100000,0x00000000df5004c0,0x00000000dfb80000)
  to   space 10752K, 0% used [0x00000000de680000,0x00000000de680000,0x00000000df100000)
 ParOldGen       total 329728K, used 92079K [0x0000000080000000, 0x0000000094200000, 0x00000000d5580000)
  object space 329728K, 27% used [0x0000000080000000,0x00000000859ebf10,0x0000000094200000)
 Metaspace       used 95474K, capacity 99220K, committed 99788K, reserved 1136640K
  class space    used 11443K, capacity 12004K, committed 12160K, reserved 1048576K
2023-10-27T07:13:08.452+0600: 3875252.695: [GC (Allocation Failure) [PSYoungGen: 152577K->3953K(159232K)] 244656K->96041K(488960K), 0.0183082 secs] [Times: user=0.01 sys=0.02, real=0.02 secs] 
Heap after GC invocations=961 (full 4):
 PSYoungGen      total 159232K, used 3953K [0x00000000d5580000, 0x00000000dfb00000, 0x0000000100000000)
  eden space 148480K, 0% used [0x00000000d5580000,0x00000000d5580000,0x00000000de680000)
  from space 10752K, 36% used [0x00000000de680000,0x00000000dea5c6e0,0x00000000df100000)
  to   space 10240K, 0% used [0x00000000df100000,0x00000000df100000,0x00000000dfb00000)
 ParOldGen       total 329728K, used 92087K [0x0000000080000000, 0x0000000094200000, 0x00000000d5580000)
  object space 329728K, 27% used [0x0000000080000000,0x00000000859edf10,0x0000000094200000)
 Metaspace       used 95474K, capacity 99220K, committed 99788K, reserved 1136640K
  class space    used 11443K, capacity 12004K, committed 12160K, reserved 1048576K
}
{Heap before GC invocations=962 (full 4):
 PSYoungGen      total 159232K, used 152433K [0x00000000d5580000, 0x00000000dfb00000, 0x0000000100000000)
  eden space 148480K, 100% used [0x00000000d5580000,0x00000000de680000,0x00000000de680000)
  from space 10752K, 36% used [0x00000000de680000,0x00000000dea5c6e0,0x00000000df100000)
  to   space 10240K, 0% used [0x00000000df100000,0x00000000df100000,0x00000000dfb00000)
 ParOldGen       total 329728K, used 92087K [0x0000000080000000, 0x0000000094200000, 0x00000000d5580000)
  object space 329728K, 27% used [0x0000000080000000,0x00000000859edf10,0x0000000094200000)
 Metaspace       used 95474K, capacity 99220K, committed 99788K, reserved 1136640K
  class space    used 11443K, capacity 12004K, committed 12160K, reserved 1048576K
2023-10-27T09:13:51.809+0600: 3882496.052: [GC (Allocation Failure) [PSYoungGen: 152433K->3938K(159232K)] 244521K->96042K(488960K), 0.0150182 secs] [Times: user=0.01 sys=0.02, real=0.02 secs] 
Heap after GC invocations=962 (full 4):
 PSYoungGen      total 159232K, used 3938K [0x00000000d5580000, 0x00000000dfb00000, 0x0000000100000000)
  eden space 148992K, 0% used [0x00000000d5580000,0x00000000d5580000,0x00000000de700000)
  from space 10240K, 38% used [0x00000000df100000,0x00000000df4d8910,0x00000000dfb00000)
  to   space 10240K, 0% used [0x00000000de700000,0x00000000de700000,0x00000000df100000)
 ParOldGen       total 329728K, used 92103K [0x0000000080000000, 0x0000000094200000, 0x00000000d5580000)
  object space 329728K, 27% used [0x0000000080000000,0x00000000859f1f10,0x0000000094200000)
 Metaspace       used 95474K, capacity 99220K, committed 99788K, reserved 1136640K
  class space    used 11443K, capacity 12004K, committed 12160K, reserved 1048576K
}
{Heap before GC invocations=963 (full 4):
 PSYoungGen      total 159232K, used 152930K [0x00000000d5580000, 0x00000000dfb00000, 0x0000000100000000)
  eden space 148992K, 100% used [0x00000000d5580000,0x00000000de700000,0x00000000de700000)
  from space 10240K, 38% used [0x00000000df100000,0x00000000df4d8910,0x00000000dfb00000)
  to   space 10240K, 0% used [0x00000000de700000,0x00000000de700000,0x00000000df100000)
 ParOldGen       total 329728K, used 92103K [0x0000000080000000, 0x0000000094200000, 0x00000000d5580000)
  object space 329728K, 27% used [0x0000000080000000,0x00000000859f1f10,0x0000000094200000)
 Metaspace       used 95474K, capacity 99220K, committed 99788K, reserved 1136640K
  class space    used 11443K, capacity 12004K, committed 12160K, reserved 1048576K
2023-10-27T11:14:29.187+0600: 3889733.430: [GC (Allocation Failure) [PSYoungGen: 152930K->3745K(159232K)] 245034K->96054K(488960K), 0.0168876 secs] [Times: user=0.02 sys=0.02, real=0.02 secs] 
Heap after GC invocations=963 (full 4):
 PSYoungGen      total 159232K, used 3745K [0x00000000d5580000, 0x00000000dfb80000, 0x0000000100000000)
  eden space 148992K, 0% used [0x00000000d5580000,0x00000000d5580000,0x00000000de700000)
  from space 10240K, 36% used [0x00000000de700000,0x00000000deaa86c0,0x00000000df100000)
  to   space 10240K, 0% used [0x00000000df180000,0x00000000df180000,0x00000000dfb80000)
 ParOldGen       total 329728K, used 92308K [0x0000000080000000, 0x0000000094200000, 0x00000000d5580000)
  object space 329728K, 27% used [0x0000000080000000,0x0000000085a251c0,0x0000000094200000)
 Metaspace       used 95474K, capacity 99220K, committed 99788K, reserved 1136640K
  class space    used 11443K, capacity 12004K, committed 12160K, reserved 1048576K
}
{Heap before GC invocations=964 (full 4):
 PSYoungGen      total 159232K, used 152737K [0x00000000d5580000, 0x00000000dfb80000, 0x0000000100000000)
  eden space 148992K, 100% used [0x00000000d5580000,0x00000000de700000,0x00000000de700000)
  from space 10240K, 36% used [0x00000000de700000,0x00000000deaa86c0,0x00000000df100000)
  to   space 10240K, 0% used [0x00000000df180000,0x00000000df180000,0x00000000dfb80000)
 ParOldGen       total 329728K, used 92308K [0x0000000080000000, 0x0000000094200000, 0x00000000d5580000)
  object space 329728K, 27% used [0x0000000080000000,0x0000000085a251c0,0x0000000094200000)
 Metaspace       used 95474K, capacity 99220K, committed 99788K, reserved 1136640K
  class space    used 11443K, capacity 12004K, committed 12160K, reserved 1048576K
2023-10-27T13:08:38.071+0600: 3896582.314: [GC (Allocation Failure) [PSYoungGen: 152737K->4257K(158720K)] 245046K->96606K(488448K), 0.0153575 secs] [Times: user=0.02 sys=0.02, real=0.02 secs] 
Heap after GC invocations=964 (full 4):
 PSYoungGen      total 158720K, used 4257K [0x00000000d5580000, 0x00000000dfa80000, 0x0000000100000000)
  eden space 149504K, 0% used [0x00000000d5580000,0x00000000d5580000,0x00000000de780000)
  from space 9216K, 46% used [0x00000000df180000,0x00000000df5a86e0,0x00000000dfa80000)
  to   space 9728K, 0% used [0x00000000de780000,0x00000000de780000,0x00000000df100000)
 ParOldGen       total 329728K, used 92348K [0x0000000080000000, 0x0000000094200000, 0x00000000d5580000)
  object space 329728K, 28% used [0x0000000080000000,0x0000000085a2f1f0,0x0000000094200000)
 Metaspace       used 95474K, capacity 99220K, committed 99788K, reserved 1136640K
  class space    used 11443K, capacity 12004K, committed 12160K, reserved 1048576K
}
{Heap before GC invocations=965 (full 4):
 PSYoungGen      total 158720K, used 153761K [0x00000000d5580000, 0x00000000dfa80000, 0x0000000100000000)
  eden space 149504K, 100% used [0x00000000d5580000,0x00000000de780000,0x00000000de780000)
  from space 9216K, 46% used [0x00000000df180000,0x00000000df5a86e0,0x00000000dfa80000)
  to   space 9728K, 0% used [0x00000000de780000,0x00000000de780000,0x00000000df100000)
 ParOldGen       total 329728K, used 92348K [0x0000000080000000, 0x0000000094200000, 0x00000000d5580000)
  object space 329728K, 28% used [0x0000000080000000,0x0000000085a2f1f0,0x0000000094200000)
 Metaspace       used 95474K, capacity 99220K, committed 99788K, reserved 1136640K
  class space    used 11443K, capacity 12004K, committed 12160K, reserved 1048576K
2023-10-27T15:10:50.101+0600: 3903914.344: [GC (Allocation Failure) [PSYoungGen: 153761K->3584K(159232K)] 246110K->96077K(488960K), 0.0130808 secs] [Times: user=0.01 sys=0.01, real=0.02 secs] 
Heap after GC invocations=965 (full 4):
 PSYoungGen      total 159232K, used 3584K [0x00000000d5580000, 0x00000000dfb00000, 0x0000000100000000)
  eden space 149504K, 0% used [0x00000000d5580000,0x00000000d5580000,0x00000000de780000)
  from space 9728K, 36% used [0x00000000de780000,0x00000000deb00260,0x00000000df100000)
  to   space 9728K, 0% used [0x00000000df180000,0x00000000df180000,0x00000000dfb00000)
 ParOldGen       total 329728K, used 92492K [0x0000000080000000, 0x0000000094200000, 0x00000000d5580000)
  object space 329728K, 28% used [0x0000000080000000,0x0000000085a53250,0x0000000094200000)
 Metaspace       used 95474K, capacity 99220K, committed 99788K, reserved 1136640K
  class space    used 11443K, capacity 12004K, committed 12160K, reserved 1048576K
}
{Heap before GC invocations=966 (full 4):
 PSYoungGen      total 159232K, used 153088K [0x00000000d5580000, 0x00000000dfb00000, 0x0000000100000000)
  eden space 149504K, 100% used [0x00000000d5580000,0x00000000de780000,0x00000000de780000)
  from space 9728K, 36% used [0x00000000de780000,0x00000000deb00260,0x00000000df100000)
  to   space 9728K, 0% used [0x00000000df180000,0x00000000df180000,0x00000000dfb00000)
 ParOldGen       total 329728K, used 92492K [0x0000000080000000, 0x0000000094200000, 0x00000000d5580000)
  object space 329728K, 28% used [0x0000000080000000,0x0000000085a53250,0x0000000094200000)
 Metaspace       used 95474K, capacity 99220K, committed 99788K, reserved 1136640K
  class space    used 11443K, capacity 12004K, committed 12160K, reserved 1048576K
2023-10-27T17:07:39.041+0600: 3910923.284: [GC (Allocation Failure) [PSYoungGen: 153088K->3617K(158720K)] 245581K->96361K(488448K), 0.0159386 secs] [Times: user=0.02 sys=0.01, real=0.02 secs] 
Heap after GC invocations=966 (full 4):
 PSYoungGen      total 158720K, used 3617K [0x00000000d5580000, 0x00000000dfa00000, 0x0000000100000000)
  eden space 150016K, 0% used [0x00000000d5580000,0x00000000d5580000,0x00000000de800000)
  from space 8704K, 41% used [0x00000000df180000,0x00000000df5086b0,0x00000000dfa00000)
  to   space 9216K, 0% used [0x00000000de800000,0x00000000de800000,0x00000000df100000)
 ParOldGen       total 329728K, used 92743K [0x0000000080000000, 0x0000000094200000, 0x00000000d5580000)
  object space 329728K, 28% used [0x0000000080000000,0x0000000085a91e58,0x0000000094200000)
 Metaspace       used 95474K, capacity 99220K, committed 99788K, reserved 1136640K
  class space    used 11443K, capacity 12004K, committed 12160K, reserved 1048576K
}
{Heap before GC invocations=967 (full 4):
 PSYoungGen      total 158720K, used 153633K [0x00000000d5580000, 0x00000000dfa00000, 0x0000000100000000)
  eden space 150016K, 100% used [0x00000000d5580000,0x00000000de800000,0x00000000de800000)
  from space 8704K, 41% used [0x00000000df180000,0x00000000df5086b0,0x00000000dfa00000)
  to   space 9216K, 0% used [0x00000000de800000,0x00000000de800000,0x00000000df100000)
 ParOldGen       total 329728K, used 92743K [0x0000000080000000, 0x0000000094200000, 0x00000000d5580000)
  object space 329728K, 28% used [0x0000000080000000,0x0000000085a91e58,0x0000000094200000)
 Metaspace       used 95483K, capacity 99238K, committed 99788K, reserved 1136640K
  class space    used 11446K, capacity 12007K, committed 12160K, reserved 1048576K
2023-10-27T19:04:28.316+0600: 3917932.559: [GC (Allocation Failure) [PSYoungGen: 153633K->4034K(159232K)] 246377K->96833K(488960K), 0.0170034 secs] [Times: user=0.03 sys=0.00, real=0.01 secs] 
Heap after GC invocations=967 (full 4):
 PSYoungGen      total 159232K, used 4034K [0x00000000d5580000, 0x00000000dfa80000, 0x0000000100000000)
  eden space 150016K, 0% used [0x00000000d5580000,0x00000000d5580000,0x00000000de800000)
  from space 9216K, 43% used [0x00000000de800000,0x00000000debf0900,0x00000000df100000)
  to   space 9216K, 0% used [0x00000000df180000,0x00000000df180000,0x00000000dfa80000)
 ParOldGen       total 329728K, used 92799K [0x0000000080000000, 0x0000000094200000, 0x00000000d5580000)
  object space 329728K, 28% used [0x0000000080000000,0x0000000085a9fda8,0x0000000094200000)
 Metaspace       used 95483K, capacity 99238K, committed 99788K, reserved 1136640K
  class space    used 11446K, capacity 12007K, committed 12160K, reserved 1048576K
}
{Heap before GC invocations=968 (full 4):
 PSYoungGen      total 159232K, used 154048K [0x00000000d5580000, 0x00000000dfa80000, 0x0000000100000000)
  eden space 150016K, 99% used [0x00000000d5580000,0x00000000de7ffa88,0x00000000de800000)
  from space 9216K, 43% used [0x00000000de800000,0x00000000debf0900,0x00000000df100000)
  to   space 9216K, 0% used [0x00000000df180000,0x00000000df180000,0x00000000dfa80000)
 ParOldGen       total 329728K, used 92799K [0x0000000080000000, 0x0000000094200000, 0x00000000d5580000)
  object space 329728K, 28% used [0x0000000080000000,0x0000000085a9fda8,0x0000000094200000)
 Metaspace       used 95487K, capacity 99238K, committed 99788K, reserved 1136640K
  class space    used 11446K, capacity 12007K, committed 12160K, reserved 1048576K
2023-10-27T20:48:08.669+0600: 3924152.912: [GC (Allocation Failure) [PSYoungGen: 154048K->3584K(158720K)] 246848K->96468K(488448K), 0.0191427 secs] [Times: user=0.01 sys=0.02, real=0.02 secs] 
Heap after GC invocations=968 (full 4):
 PSYoungGen      total 158720K, used 3584K [0x00000000d5580000, 0x00000000df980000, 0x0000000100000000)
  eden space 150528K, 0% used [0x00000000d5580000,0x00000000d5580000,0x00000000de880000)
  from space 8192K, 43% used [0x00000000df180000,0x00000000df500020,0x00000000df980000)
  to   space 8704K, 0% used [0x00000000de880000,0x00000000de880000,0x00000000df100000)
 ParOldGen       total 329728K, used 92884K [0x0000000080000000, 0x0000000094200000, 0x00000000d5580000)
  object space 329728K, 28% used [0x0000000080000000,0x0000000085ab50a8,0x0000000094200000)
 Metaspace       used 95487K, capacity 99238K, committed 99788K, reserved 1136640K
  class space    used 11446K, capacity 12007K, committed 12160K, reserved 1048576K
}
{Heap before GC invocations=969 (full 4):
 PSYoungGen      total 158720K, used 154112K [0x00000000d5580000, 0x00000000df980000, 0x0000000100000000)
  eden space 150528K, 100% used [0x00000000d5580000,0x00000000de880000,0x00000000de880000)
  from space 8192K, 43% used [0x00000000df180000,0x00000000df500020,0x00000000df980000)
  to   space 8704K, 0% used [0x00000000de880000,0x00000000de880000,0x00000000df100000)
 ParOldGen       total 329728K, used 92884K [0x0000000080000000, 0x0000000094200000, 0x00000000d5580000)
  object space 329728K, 28% used [0x0000000080000000,0x0000000085ab50a8,0x0000000094200000)
 Metaspace       used 95487K, capacity 99238K, committed 99788K, reserved 1136640K
  class space    used 11446K, capacity 12007K, committed 12160K, reserved 1048576K
2023-10-27T22:32:52.075+0600: 3930436.318: [GC (Allocation Failure) [PSYoungGen: 154112K->4576K(159232K)] 246996K->97516K(488960K), 0.0165326 secs] [Times: user=0.03 sys=0.00, real=0.01 secs] 
Heap after GC invocations=969 (full 4):
 PSYoungGen      total 159232K, used 4576K [0x00000000d5580000, 0x00000000dfa00000, 0x0000000100000000)
  eden space 150528K, 0% used [0x00000000d5580000,0x00000000d5580000,0x00000000de880000)
  from space 8704K, 52% used [0x00000000de880000,0x00000000decf8070,0x00000000df100000)
  to   space 8704K, 0% used [0x00000000df180000,0x00000000df180000,0x00000000dfa00000)
 ParOldGen       total 329728K, used 92939K [0x0000000080000000, 0x0000000094200000, 0x00000000d5580000)
  object space 329728K, 28% used [0x0000000080000000,0x0000000085ac2ff8,0x0000000094200000)
 Metaspace       used 95487K, capacity 99238K, committed 99788K, reserved 1136640K
  class space    used 11446K, capacity 12007K, committed 12160K, reserved 1048576K
}
{Heap before GC invocations=970 (full 4):
 PSYoungGen      total 159232K, used 155104K [0x00000000d5580000, 0x00000000dfa00000, 0x0000000100000000)
  eden space 150528K, 100% used [0x00000000d5580000,0x00000000de880000,0x00000000de880000)
  from space 8704K, 52% used [0x00000000de880000,0x00000000decf8070,0x00000000df100000)
  to   space 8704K, 0% used [0x00000000df180000,0x00000000df180000,0x00000000dfa00000)
 ParOldGen       total 329728K, used 92939K [0x0000000080000000, 0x0000000094200000, 0x00000000d5580000)
  object space 329728K, 28% used [0x0000000080000000,0x0000000085ac2ff8,0x0000000094200000)
 Metaspace       used 95487K, capacity 99238K, committed 99788K, reserved 1136640K
  class space    used 11446K, capacity 12007K, committed 12160K, reserved 1048576K
2023-10-28T00:34:25.535+0600: 3937729.779: [GC (Allocation Failure) [PSYoungGen: 155104K->3474K(158720K)] 248044K->96530K(488448K), 0.0174175 secs] [Times: user=0.01 sys=0.02, real=0.01 secs] 
Heap after GC invocations=970 (full 4):
 PSYoungGen      total 158720K, used 3474K [0x00000000d5580000, 0x00000000df900000, 0x0000000100000000)
  eden space 151040K, 0% used [0x00000000d5580000,0x00000000d5580000,0x00000000de900000)
  from space 7680K, 45% used [0x00000000df180000,0x00000000df4e4820,0x00000000df900000)
  to   space 8192K, 0% used [0x00000000de900000,0x00000000de900000,0x00000000df100000)
 ParOldGen       total 329728K, used 93056K [0x0000000080000000, 0x0000000094200000, 0x00000000d5580000)
  object space 329728K, 28% used [0x0000000080000000,0x0000000085ae0278,0x0000000094200000)
 Metaspace       used 95487K, capacity 99238K, committed 99788K, reserved 1136640K
  class space    used 11446K, capacity 12007K, committed 12160K, reserved 1048576K
}
{Heap before GC invocations=971 (full 4):
 PSYoungGen      total 158720K, used 154514K [0x00000000d5580000, 0x00000000df900000, 0x0000000100000000)
  eden space 151040K, 100% used [0x00000000d5580000,0x00000000de900000,0x00000000de900000)
  from space 7680K, 45% used [0x00000000df180000,0x00000000df4e4820,0x00000000df900000)
  to   space 8192K, 0% used [0x00000000de900000,0x00000000de900000,0x00000000df100000)
 ParOldGen       total 329728K, used 93056K [0x0000000080000000, 0x0000000094200000, 0x00000000d5580000)
  object space 329728K, 28% used [0x0000000080000000,0x0000000085ae0278,0x0000000094200000)
 Metaspace       used 95487K, capacity 99238K, committed 99788K, reserved 1136640K
  class space    used 11446K, capacity 12007K, committed 12160K, reserved 1048576K
2023-10-28T02:38:39.396+0600: 3945183.639: [GC (Allocation Failure) [PSYoungGen: 154514K->3122K(159232K)] 247570K->96359K(488960K), 0.0162520 secs] [Times: user=0.02 sys=0.02, real=0.01 secs] 
Heap after GC invocations=971 (full 4):
 PSYoungGen      total 159232K, used 3122K [0x00000000d5580000, 0x00000000df980000, 0x0000000100000000)
  eden space 151040K, 0% used [0x00000000d5580000,0x00000000d5580000,0x00000000de900000)
  from space 8192K, 38% used [0x00000000de900000,0x00000000dec0c810,0x00000000df100000)
  to   space 8192K, 0% used [0x00000000df180000,0x00000000df180000,0x00000000df980000)
 ParOldGen       total 329728K, used 93237K [0x0000000080000000, 0x0000000094200000, 0x00000000d5580000)
  object space 329728K, 28% used [0x0000000080000000,0x0000000085b0d620,0x0000000094200000)
 Metaspace       used 95487K, capacity 99238K, committed 99788K, reserved 1136640K
  class space    used 11446K, capacity 12007K, committed 12160K, reserved 1048576K
}
{Heap before GC invocations=972 (full 4):
 PSYoungGen      total 159232K, used 154162K [0x00000000d5580000, 0x00000000df980000, 0x0000000100000000)
  eden space 151040K, 100% used [0x00000000d5580000,0x00000000de900000,0x00000000de900000)
  from space 8192K, 38% used [0x00000000de900000,0x00000000dec0c810,0x00000000df100000)
  to   space 8192K, 0% used [0x00000000df180000,0x00000000df180000,0x00000000df980000)
 ParOldGen       total 329728K, used 93237K [0x0000000080000000, 0x0000000094200000, 0x00000000d5580000)
  object space 329728K, 28% used [0x0000000080000000,0x0000000085b0d620,0x0000000094200000)
 Metaspace       used 95487K, capacity 99238K, committed 99788K, reserved 1136640K
  class space    used 11446K, capacity 12007K, committed 12160K, reserved 1048576K
2023-10-28T04:40:45.244+0600: 3952509.487: [GC (Allocation Failure) [PSYoungGen: 154162K->3040K(159744K)] 247399K->96394K(489472K), 0.0146463 secs] [Times: user=0.01 sys=0.01, real=0.01 secs] 
Heap after GC invocations=972 (full 4):
 PSYoungGen      total 159744K, used 3040K [0x00000000d5580000, 0x00000000df980000, 0x0000000100000000)
  eden space 151552K, 0% used [0x00000000d5580000,0x00000000d5580000,0x00000000de980000)
  from space 8192K, 37% used [0x00000000df180000,0x00000000df478000,0x00000000df980000)
  to   space 8192K, 0% used [0x00000000de980000,0x00000000de980000,0x00000000df180000)
 ParOldGen       total 329728K, used 93354K [0x0000000080000000, 0x0000000094200000, 0x00000000d5580000)
  object space 329728K, 28% used [0x0000000080000000,0x0000000085b2a9d8,0x0000000094200000)
 Metaspace       used 95487K, capacity 99238K, committed 99788K, reserved 1136640K
  class space    used 11446K, capacity 12007K, committed 12160K, reserved 1048576K
}
{Heap before GC invocations=973 (full 4):
 PSYoungGen      total 159744K, used 154592K [0x00000000d5580000, 0x00000000df980000, 0x0000000100000000)
  eden space 151552K, 100% used [0x00000000d5580000,0x00000000de980000,0x00000000de980000)
  from space 8192K, 37% used [0x00000000df180000,0x00000000df478000,0x00000000df980000)
  to   space 8192K, 0% used [0x00000000de980000,0x00000000de980000,0x00000000df180000)
 ParOldGen       total 329728K, used 93354K [0x0000000080000000, 0x0000000094200000, 0x00000000d5580000)
  object space 329728K, 28% used [0x0000000080000000,0x0000000085b2a9d8,0x0000000094200000)
 Metaspace       used 95487K, capacity 99238K, committed 99788K, reserved 1136640K
  class space    used 11446K, capacity 12007K, committed 12160K, reserved 1048576K
2023-10-28T06:43:13.142+0600: 3959857.385: [GC (Allocation Failure) [PSYoungGen: 154592K->3026K(159744K)] 247946K->96380K(489472K), 0.0156879 secs] [Times: user=0.01 sys=0.01, real=0.02 secs] 
Heap after GC invocations=973 (full 4):
 PSYoungGen      total 159744K, used 3026K [0x00000000d5580000, 0x00000000dfa00000, 0x0000000100000000)
  eden space 151552K, 0% used [0x00000000d5580000,0x00000000d5580000,0x00000000de980000)
  from space 8192K, 36% used [0x00000000de980000,0x00000000dec74810,0x00000000df180000)
  to   space 8192K, 0% used [0x00000000df200000,0x00000000df200000,0x00000000dfa00000)
 ParOldGen       total 329728K, used 93354K [0x0000000080000000, 0x0000000094200000, 0x00000000d5580000)
  object space 329728K, 28% used [0x0000000080000000,0x0000000085b2a9d8,0x0000000094200000)
 Metaspace       used 95487K, capacity 99238K, committed 99788K, reserved 1136640K
  class space    used 11446K, capacity 12007K, committed 12160K, reserved 1048576K
}
{Heap before GC invocations=974 (full 4):
 PSYoungGen      total 159744K, used 154578K [0x00000000d5580000, 0x00000000dfa00000, 0x0000000100000000)
  eden space 151552K, 100% used [0x00000000d5580000,0x00000000de980000,0x00000000de980000)
  from space 8192K, 36% used [0x00000000de980000,0x00000000dec74810,0x00000000df180000)
  to   space 8192K, 0% used [0x00000000df200000,0x00000000df200000,0x00000000dfa00000)
 ParOldGen       total 329728K, used 93354K [0x0000000080000000, 0x0000000094200000, 0x00000000d5580000)
  object space 329728K, 28% used [0x0000000080000000,0x0000000085b2a9d8,0x0000000094200000)
 Metaspace       used 95487K, capacity 99238K, committed 99788K, reserved 1136640K
  class space    used 11446K, capacity 12007K, committed 12160K, reserved 1048576K
2023-10-28T08:46:29.693+0600: 3967253.936: [GC (Allocation Failure) [PSYoungGen: 154578K->3026K(159232K)] 247932K->96380K(488960K), 0.0151941 secs] [Times: user=0.01 sys=0.02, real=0.02 secs] 
Heap after GC invocations=974 (full 4):
 PSYoungGen      total 159232K, used 3026K [0x00000000d5580000, 0x00000000df900000, 0x0000000100000000)
  eden space 152064K, 0% used [0x00000000d5580000,0x00000000d5580000,0x00000000dea00000)
  from space 7168K, 42% used [0x00000000df200000,0x00000000df4f4810,0x00000000df900000)
  to   space 7680K, 0% used [0x00000000dea00000,0x00000000dea00000,0x00000000df180000)
 ParOldGen       total 329728K, used 93354K [0x0000000080000000, 0x0000000094200000, 0x00000000d5580000)
  object space 329728K, 28% used [0x0000000080000000,0x0000000085b2a9d8,0x0000000094200000)
 Metaspace       used 95487K, capacity 99238K, committed 99788K, reserved 1136640K
  class space    used 11446K, capacity 12007K, committed 12160K, reserved 1048576K
}
{Heap before GC invocations=975 (full 4):
 PSYoungGen      total 159232K, used 155090K [0x00000000d5580000, 0x00000000df900000, 0x0000000100000000)
  eden space 152064K, 100% used [0x00000000d5580000,0x00000000dea00000,0x00000000dea00000)
  from space 7168K, 42% used [0x00000000df200000,0x00000000df4f4810,0x00000000df900000)
  to   space 7680K, 0% used [0x00000000dea00000,0x00000000dea00000,0x00000000df180000)
 ParOldGen       total 329728K, used 93354K [0x0000000080000000, 0x0000000094200000, 0x00000000d5580000)
  object space 329728K, 28% used [0x0000000080000000,0x0000000085b2a9d8,0x0000000094200000)
 Metaspace       used 95487K, capacity 99238K, committed 99788K, reserved 1136640K
  class space    used 11446K, capacity 12007K, committed 12160K, reserved 1048576K
2023-10-28T10:49:17.635+0600: 3974621.878: [GC (Allocation Failure) [PSYoungGen: 155090K->3026K(159744K)] 248444K->96411K(489472K), 0.0154880 secs] [Times: user=0.01 sys=0.02, real=0.01 secs] 
Heap after GC invocations=975 (full 4):
 PSYoungGen      total 159744K, used 3026K [0x00000000d5580000, 0x00000000df980000, 0x0000000100000000)
  eden space 152064K, 0% used [0x00000000d5580000,0x00000000d5580000,0x00000000dea00000)
  from space 7680K, 39% used [0x00000000dea00000,0x00000000decf4810,0x00000000df180000)
  to   space 7680K, 0% used [0x00000000df200000,0x00000000df200000,0x00000000df980000)
 ParOldGen       total 329728K, used 93385K [0x0000000080000000, 0x0000000094200000, 0x00000000d5580000)
  object space 329728K, 28% used [0x0000000080000000,0x0000000085b324f0,0x0000000094200000)
 Metaspace       used 95487K, capacity 99238K, committed 99788K, reserved 1136640K
  class space    used 11446K, capacity 12007K, committed 12160K, reserved 1048576K
}
{Heap before GC invocations=976 (full 4):
 PSYoungGen      total 159744K, used 155090K [0x00000000d5580000, 0x00000000df980000, 0x0000000100000000)
  eden space 152064K, 100% used [0x00000000d5580000,0x00000000dea00000,0x00000000dea00000)
  from space 7680K, 39% used [0x00000000dea00000,0x00000000decf4810,0x00000000df180000)
  to   space 7680K, 0% used [0x00000000df200000,0x00000000df200000,0x00000000df980000)
 ParOldGen       total 329728K, used 93385K [0x0000000080000000, 0x0000000094200000, 0x00000000d5580000)
  object space 329728K, 28% used [0x0000000080000000,0x0000000085b324f0,0x0000000094200000)
 Metaspace       used 95487K, capacity 99238K, committed 99788K, reserved 1136640K
  class space    used 11446K, capacity 12007K, committed 12160K, reserved 1048576K
2023-10-28T12:33:11.137+0600: 3980855.380: [GC (Allocation Failure) [PSYoungGen: 155090K->5973K(159744K)] 248475K->99358K(489472K), 0.0189109 secs] [Times: user=0.01 sys=0.01, real=0.02 secs] 
Heap after GC invocations=976 (full 4):
 PSYoungGen      total 159744K, used 5973K [0x00000000d5580000, 0x00000000dfa80000, 0x0000000100000000)
  eden space 152064K, 0% used [0x00000000d5580000,0x00000000d5580000,0x00000000dea00000)
  from space 7680K, 77% used [0x00000000df200000,0x00000000df7d5480,0x00000000df980000)
  to   space 8192K, 0% used [0x00000000dea00000,0x00000000dea00000,0x00000000df200000)
 ParOldGen       total 329728K, used 93385K [0x0000000080000000, 0x0000000094200000, 0x00000000d5580000)
  object space 329728K, 28% used [0x0000000080000000,0x0000000085b324f0,0x0000000094200000)
 Metaspace       used 95487K, capacity 99238K, committed 99788K, reserved 1136640K
  class space    used 11446K, capacity 12007K, committed 12160K, reserved 1048576K
}
{Heap before GC invocations=977 (full 4):
 PSYoungGen      total 159744K, used 158037K [0x00000000d5580000, 0x00000000dfa80000, 0x0000000100000000)
  eden space 152064K, 100% used [0x00000000d5580000,0x00000000dea00000,0x00000000dea00000)
  from space 7680K, 77% used [0x00000000df200000,0x00000000df7d5480,0x00000000df980000)
  to   space 8192K, 0% used [0x00000000dea00000,0x00000000dea00000,0x00000000df200000)
 ParOldGen       total 329728K, used 93385K [0x0000000080000000, 0x0000000094200000, 0x00000000d5580000)
  object space 329728K, 28% used [0x0000000080000000,0x0000000085b324f0,0x0000000094200000)
 Metaspace       used 95487K, capacity 99238K, committed 99788K, reserved 1136640K
  class space    used 11446K, capacity 12007K, committed 12160K, reserved 1048576K
2023-10-28T14:29:08.738+0600: 3987812.981: [GC (Allocation Failure) [PSYoungGen: 158037K->4419K(160256K)] 251422K->97804K(489984K), 0.0192866 secs] [Times: user=0.02 sys=0.02, real=0.02 secs] 
Heap after GC invocations=977 (full 4):
 PSYoungGen      total 160256K, used 4419K [0x00000000d5580000, 0x00000000df980000, 0x0000000100000000)
  eden space 152064K, 0% used [0x00000000d5580000,0x00000000d5580000,0x00000000dea00000)
  from space 8192K, 53% used [0x00000000dea00000,0x00000000dee50da0,0x00000000df200000)
  to   space 7680K, 0% used [0x00000000df200000,0x00000000df200000,0x00000000df980000)
 ParOldGen       total 329728K, used 93385K [0x0000000080000000, 0x0000000094200000, 0x00000000d5580000)
  object space 329728K, 28% used [0x0000000080000000,0x0000000085b324f0,0x0000000094200000)
 Metaspace       used 95487K, capacity 99238K, committed 99788K, reserved 1136640K
  class space    used 11446K, capacity 12007K, committed 12160K, reserved 1048576K
}
{Heap before GC invocations=978 (full 4):
 PSYoungGen      total 160256K, used 156483K [0x00000000d5580000, 0x00000000df980000, 0x0000000100000000)
  eden space 152064K, 100% used [0x00000000d5580000,0x00000000dea00000,0x00000000dea00000)
  from space 8192K, 53% used [0x00000000dea00000,0x00000000dee50da0,0x00000000df200000)
  to   space 7680K, 0% used [0x00000000df200000,0x00000000df200000,0x00000000df980000)
 ParOldGen       total 329728K, used 93385K [0x0000000080000000, 0x0000000094200000, 0x00000000d5580000)
  object space 329728K, 28% used [0x0000000080000000,0x0000000085b324f0,0x0000000094200000)
 Metaspace       used 95487K, capacity 99238K, committed 99788K, reserved 1136640K
  class space    used 11446K, capacity 12007K, committed 12160K, reserved 1048576K
2023-10-28T16:22:46.747+0600: 3994630.990: [GC (Allocation Failure) [PSYoungGen: 156483K->4387K(160256K)] 249868K->97772K(489984K), 0.0166755 secs] [Times: user=0.02 sys=0.00, real=0.02 secs] 
Heap after GC invocations=978 (full 4):
 PSYoungGen      total 160256K, used 4387K [0x00000000d5580000, 0x00000000df980000, 0x0000000100000000)
  eden space 152576K, 0% used [0x00000000d5580000,0x00000000d5580000,0x00000000dea80000)
  from space 7680K, 57% used [0x00000000df200000,0x00000000df648f00,0x00000000df980000)
  to   space 7680K, 0% used [0x00000000dea80000,0x00000000dea80000,0x00000000df200000)
 ParOldGen       total 329728K, used 93385K [0x0000000080000000, 0x0000000094200000, 0x00000000d5580000)
  object space 329728K, 28% used [0x0000000080000000,0x0000000085b324f0,0x0000000094200000)
 Metaspace       used 95487K, capacity 99238K, committed 99788K, reserved 1136640K
  class space    used 11446K, capacity 12007K, committed 12160K, reserved 1048576K
}
{Heap before GC invocations=979 (full 4):
 PSYoungGen      total 160256K, used 156963K [0x00000000d5580000, 0x00000000df980000, 0x0000000100000000)
  eden space 152576K, 100% used [0x00000000d5580000,0x00000000dea80000,0x00000000dea80000)
  from space 7680K, 57% used [0x00000000df200000,0x00000000df648f00,0x00000000df980000)
  to   space 7680K, 0% used [0x00000000dea80000,0x00000000dea80000,0x00000000df200000)
 ParOldGen       total 329728K, used 93385K [0x0000000080000000, 0x0000000094200000, 0x00000000d5580000)
  object space 329728K, 28% used [0x0000000080000000,0x0000000085b324f0,0x0000000094200000)
 Metaspace       used 95487K, capacity 99238K, committed 99788K, reserved 1136640K
  class space    used 11446K, capacity 12007K, committed 12160K, reserved 1048576K
2023-10-28T18:14:07.131+0600: 4001311.374: [GC (Allocation Failure) [PSYoungGen: 156963K->5204K(160256K)] 250348K->98629K(489984K), 0.0152463 secs] [Times: user=0.01 sys=0.02, real=0.02 secs] 
Heap after GC invocations=979 (full 4):
 PSYoungGen      total 160256K, used 5204K [0x00000000d5580000, 0x00000000dfa00000, 0x0000000100000000)
  eden space 152576K, 0% used [0x00000000d5580000,0x00000000d5580000,0x00000000dea80000)
  from space 7680K, 67% used [0x00000000dea80000,0x00000000def95160,0x00000000df200000)
  to   space 7680K, 0% used [0x00000000df280000,0x00000000df280000,0x00000000dfa00000)
 ParOldGen       total 329728K, used 93425K [0x0000000080000000, 0x0000000094200000, 0x00000000d5580000)
  object space 329728K, 28% used [0x0000000080000000,0x0000000085b3c4f0,0x0000000094200000)
 Metaspace       used 95487K, capacity 99238K, committed 99788K, reserved 1136640K
  class space    used 11446K, capacity 12007K, committed 12160K, reserved 1048576K
}
{Heap before GC invocations=980 (full 4):
 PSYoungGen      total 160256K, used 157780K [0x00000000d5580000, 0x00000000dfa00000, 0x0000000100000000)
  eden space 152576K, 100% used [0x00000000d5580000,0x00000000dea80000,0x00000000dea80000)
  from space 7680K, 67% used [0x00000000dea80000,0x00000000def95160,0x00000000df200000)
  to   space 7680K, 0% used [0x00000000df280000,0x00000000df280000,0x00000000dfa00000)
 ParOldGen       total 329728K, used 93425K [0x0000000080000000, 0x0000000094200000, 0x00000000d5580000)
  object space 329728K, 28% used [0x0000000080000000,0x0000000085b3c4f0,0x0000000094200000)
 Metaspace       used 95487K, capacity 99238K, committed 99788K, reserved 1136640K
  class space    used 11446K, capacity 12007K, committed 12160K, reserved 1048576K
2023-10-28T19:56:53.783+0600: 4007478.027: [GC (Allocation Failure) [PSYoungGen: 157780K->6534K(160256K)] 251205K->99967K(489984K), 0.0214007 secs] [Times: user=0.02 sys=0.02, real=0.02 secs] 
Heap after GC invocations=980 (full 4):
 PSYoungGen      total 160256K, used 6534K [0x00000000d5580000, 0x00000000dfb00000, 0x0000000100000000)
  eden space 152576K, 0% used [0x00000000d5580000,0x00000000d5580000,0x00000000dea80000)
  from space 7680K, 85% used [0x00000000df280000,0x00000000df8e1830,0x00000000dfa00000)
  to   space 8192K, 0% used [0x00000000dea80000,0x00000000dea80000,0x00000000df280000)
 ParOldGen       total 329728K, used 93433K [0x0000000080000000, 0x0000000094200000, 0x00000000d5580000)
  object space 329728K, 28% used [0x0000000080000000,0x0000000085b3e4f0,0x0000000094200000)
 Metaspace       used 95487K, capacity 99238K, committed 99788K, reserved 1136640K
  class space    used 11446K, capacity 12007K, committed 12160K, reserved 1048576K
}
{Heap before GC invocations=981 (full 4):
 PSYoungGen      total 160256K, used 159110K [0x00000000d5580000, 0x00000000dfb00000, 0x0000000100000000)
  eden space 152576K, 100% used [0x00000000d5580000,0x00000000dea80000,0x00000000dea80000)
  from space 7680K, 85% used [0x00000000df280000,0x00000000df8e1830,0x00000000dfa00000)
  to   space 8192K, 0% used [0x00000000dea80000,0x00000000dea80000,0x00000000df280000)
 ParOldGen       total 329728K, used 93433K [0x0000000080000000, 0x0000000094200000, 0x00000000d5580000)
  object space 329728K, 28% used [0x0000000080000000,0x0000000085b3e4f0,0x0000000094200000)
 Metaspace       used 95487K, capacity 99238K, committed 99788K, reserved 1136640K
  class space    used 11446K, capacity 12007K, committed 12160K, reserved 1048576K
2023-10-28T21:30:53.420+0600: 4013117.663: [GC (Allocation Failure) [PSYoungGen: 159110K->7222K(160768K)] 252543K->100671K(490496K), 0.0219764 secs] [Times: user=0.01 sys=0.02, real=0.02 secs] 
Heap after GC invocations=981 (full 4):
 PSYoungGen      total 160768K, used 7222K [0x00000000d5580000, 0x00000000dfc00000, 0x0000000100000000)
  eden space 152576K, 0% used [0x00000000d5580000,0x00000000d5580000,0x00000000dea80000)
  from space 8192K, 88% used [0x00000000dea80000,0x00000000df18d850,0x00000000df280000)
  to   space 8704K, 0% used [0x00000000df380000,0x00000000df380000,0x00000000dfc00000)
 ParOldGen       total 329728K, used 93449K [0x0000000080000000, 0x0000000094200000, 0x00000000d5580000)
  object space 329728K, 28% used [0x0000000080000000,0x0000000085b424f0,0x0000000094200000)
 Metaspace       used 95487K, capacity 99238K, committed 99788K, reserved 1136640K
  class space    used 11446K, capacity 12007K, committed 12160K, reserved 1048576K
}
{Heap before GC invocations=982 (full 4):
 PSYoungGen      total 160768K, used 159798K [0x00000000d5580000, 0x00000000dfc00000, 0x0000000100000000)
  eden space 152576K, 100% used [0x00000000d5580000,0x00000000dea80000,0x00000000dea80000)
  from space 8192K, 88% used [0x00000000dea80000,0x00000000df18d850,0x00000000df280000)
  to   space 8704K, 0% used [0x00000000df380000,0x00000000df380000,0x00000000dfc00000)
 ParOldGen       total 329728K, used 93449K [0x0000000080000000, 0x0000000094200000, 0x00000000d5580000)
  object space 329728K, 28% used [0x0000000080000000,0x0000000085b424f0,0x0000000094200000)
 Metaspace       used 95487K, capacity 99238K, committed 99788K, reserved 1136640K
  class space    used 11446K, capacity 12007K, committed 12160K, reserved 1048576K
2023-10-28T23:29:40.158+0600: 4020244.401: [GC (Allocation Failure) [PSYoungGen: 159798K->4690K(160768K)] 253247K->98155K(490496K), 0.0191929 secs] [Times: user=0.01 sys=0.02, real=0.02 secs] 
Heap after GC invocations=982 (full 4):
 PSYoungGen      total 160768K, used 4690K [0x00000000d5580000, 0x00000000dfb00000, 0x0000000100000000)
  eden space 153088K, 0% used [0x00000000d5580000,0x00000000d5580000,0x00000000deb00000)
  from space 7680K, 61% used [0x00000000df380000,0x00000000df814aa0,0x00000000dfb00000)
  to   space 8192K, 0% used [0x00000000deb00000,0x00000000deb00000,0x00000000df300000)
 ParOldGen       total 329728K, used 93465K [0x0000000080000000, 0x0000000094200000, 0x00000000d5580000)
  object space 329728K, 28% used [0x0000000080000000,0x0000000085b464f0,0x0000000094200000)
 Metaspace       used 95487K, capacity 99238K, committed 99788K, reserved 1136640K
  class space    used 11446K, capacity 12007K, committed 12160K, reserved 1048576K
}
{Heap before GC invocations=983 (full 4):
 PSYoungGen      total 160768K, used 157778K [0x00000000d5580000, 0x00000000dfb00000, 0x0000000100000000)
  eden space 153088K, 100% used [0x00000000d5580000,0x00000000deb00000,0x00000000deb00000)
  from space 7680K, 61% used [0x00000000df380000,0x00000000df814aa0,0x00000000dfb00000)
  to   space 8192K, 0% used [0x00000000deb00000,0x00000000deb00000,0x00000000df300000)
 ParOldGen       total 329728K, used 93465K [0x0000000080000000, 0x0000000094200000, 0x00000000d5580000)
  object space 329728K, 28% used [0x0000000080000000,0x0000000085b464f0,0x0000000094200000)
 Metaspace       used 95504K, capacity 99298K, committed 99788K, reserved 1136640K
  class space    used 11451K, capacity 12017K, committed 12160K, reserved 1048576K
2023-10-29T01:26:54.280+0600: 4027278.523: [GC (Allocation Failure) [PSYoungGen: 157778K->4649K(161280K)] 251243K->98170K(491008K), 0.0147928 secs] [Times: user=0.01 sys=0.01, real=0.02 secs] 
Heap after GC invocations=983 (full 4):
 PSYoungGen      total 161280K, used 4649K [0x00000000d5580000, 0x00000000dfb80000, 0x0000000100000000)
  eden space 153088K, 0% used [0x00000000d5580000,0x00000000d5580000,0x00000000deb00000)
  from space 8192K, 56% used [0x00000000deb00000,0x00000000def8a4e0,0x00000000df300000)
  to   space 8192K, 0% used [0x00000000df380000,0x00000000df380000,0x00000000dfb80000)
 ParOldGen       total 329728K, used 93521K [0x0000000080000000, 0x0000000094200000, 0x00000000d5580000)
  object space 329728K, 28% used [0x0000000080000000,0x0000000085b54520,0x0000000094200000)
 Metaspace       used 95504K, capacity 99298K, committed 99788K, reserved 1136640K
  class space    used 11451K, capacity 12017K, committed 12160K, reserved 1048576K
}
{Heap before GC invocations=984 (full 4):
 PSYoungGen      total 161280K, used 157737K [0x00000000d5580000, 0x00000000dfb80000, 0x0000000100000000)
  eden space 153088K, 100% used [0x00000000d5580000,0x00000000deb00000,0x00000000deb00000)
  from space 8192K, 56% used [0x00000000deb00000,0x00000000def8a4e0,0x00000000df300000)
  to   space 8192K, 0% used [0x00000000df380000,0x00000000df380000,0x00000000dfb80000)
 ParOldGen       total 329728K, used 93521K [0x0000000080000000, 0x0000000094200000, 0x00000000d5580000)
  object space 329728K, 28% used [0x0000000080000000,0x0000000085b54520,0x0000000094200000)
 Metaspace       used 95504K, capacity 99298K, committed 99788K, reserved 1136640K
  class space    used 11451K, capacity 12017K, committed 12160K, reserved 1048576K
2023-10-29T03:31:36.260+0600: 4034760.503: [GC (Allocation Failure) [PSYoungGen: 157737K->3474K(161792K)] 251258K->97088K(491520K), 0.0179332 secs] [Times: user=0.01 sys=0.02, real=0.02 secs] 
Heap after GC invocations=984 (full 4):
 PSYoungGen      total 161792K, used 3474K [0x00000000d5580000, 0x00000000dfb80000, 0x0000000100000000)
  eden space 153600K, 0% used [0x00000000d5580000,0x00000000d5580000,0x00000000deb80000)
  from space 8192K, 42% used [0x00000000df380000,0x00000000df6e4810,0x00000000dfb80000)
  to   space 8192K, 0% used [0x00000000deb80000,0x00000000deb80000,0x00000000df380000)
 ParOldGen       total 329728K, used 93614K [0x0000000080000000, 0x0000000094200000, 0x00000000d5580000)
  object space 329728K, 28% used [0x0000000080000000,0x0000000085b6b848,0x0000000094200000)
 Metaspace       used 95504K, capacity 99298K, committed 99788K, reserved 1136640K
  class space    used 11451K, capacity 12017K, committed 12160K, reserved 1048576K
}
{Heap before GC invocations=985 (full 4):
 PSYoungGen      total 161792K, used 157074K [0x00000000d5580000, 0x00000000dfb80000, 0x0000000100000000)
  eden space 153600K, 100% used [0x00000000d5580000,0x00000000deb80000,0x00000000deb80000)
  from space 8192K, 42% used [0x00000000df380000,0x00000000df6e4810,0x00000000dfb80000)
  to   space 8192K, 0% used [0x00000000deb80000,0x00000000deb80000,0x00000000df380000)
 ParOldGen       total 329728K, used 93614K [0x0000000080000000, 0x0000000094200000, 0x00000000d5580000)
  object space 329728K, 28% used [0x0000000080000000,0x0000000085b6b848,0x0000000094200000)
 Metaspace       used 95504K, capacity 99298K, committed 99788K, reserved 1136640K
  class space    used 11451K, capacity 12017K, committed 12160K, reserved 1048576K
2023-10-29T05:35:48.459+0600: 4042212.702: [GC (Allocation Failure) [PSYoungGen: 157074K->3424K(161792K)] 250688K->97072K(491520K), 0.0152882 secs] [Times: user=0.02 sys=0.00, real=0.02 secs] 
Heap after GC invocations=985 (full 4):
 PSYoungGen      total 161792K, used 3424K [0x00000000d5580000, 0x00000000dfb00000, 0x0000000100000000)
  eden space 153600K, 0% used [0x00000000d5580000,0x00000000d5580000,0x00000000deb80000)
  from space 8192K, 41% used [0x00000000deb80000,0x00000000deed8000,0x00000000df380000)
  to   space 7680K, 0% used [0x00000000df380000,0x00000000df380000,0x00000000dfb00000)
 ParOldGen       total 329728K, used 93648K [0x0000000080000000, 0x0000000094200000, 0x00000000d5580000)
  object space 329728K, 28% used [0x0000000080000000,0x0000000085b74058,0x0000000094200000)
 Metaspace       used 95504K, capacity 99298K, committed 99788K, reserved 1136640K
  class space    used 11451K, capacity 12017K, committed 12160K, reserved 1048576K
}
{Heap before GC invocations=986 (full 4):
 PSYoungGen      total 161792K, used 157024K [0x00000000d5580000, 0x00000000dfb00000, 0x0000000100000000)
  eden space 153600K, 100% used [0x00000000d5580000,0x00000000deb80000,0x00000000deb80000)
  from space 8192K, 41% used [0x00000000deb80000,0x00000000deed8000,0x00000000df380000)
  to   space 7680K, 0% used [0x00000000df380000,0x00000000df380000,0x00000000dfb00000)
 ParOldGen       total 329728K, used 93648K [0x0000000080000000, 0x0000000094200000, 0x00000000d5580000)
  object space 329728K, 28% used [0x0000000080000000,0x0000000085b74058,0x0000000094200000)
 Metaspace       used 95504K, capacity 99298K, committed 99788K, reserved 1136640K
  class space    used 11451K, capacity 12017K, committed 12160K, reserved 1048576K
2023-10-29T07:40:22.902+0600: 4049687.145: [GC (Allocation Failure) [PSYoungGen: 157024K->3392K(161792K)] 250672K->97040K(491520K), 0.0176656 secs] [Times: user=0.01 sys=0.02, real=0.02 secs] 
Heap after GC invocations=986 (full 4):
 PSYoungGen      total 161792K, used 3392K [0x00000000d5580000, 0x00000000dfb00000, 0x0000000100000000)
  eden space 154112K, 0% used [0x00000000d5580000,0x00000000d5580000,0x00000000dec00000)
  from space 7680K, 44% used [0x00000000df380000,0x00000000df6d0000,0x00000000dfb00000)
  to   space 7680K, 0% used [0x00000000dec00000,0x00000000dec00000,0x00000000df380000)
 ParOldGen       total 329728K, used 93648K [0x0000000080000000, 0x0000000094200000, 0x00000000d5580000)
  object space 329728K, 28% used [0x0000000080000000,0x0000000085b74058,0x0000000094200000)
 Metaspace       used 95504K, capacity 99298K, committed 99788K, reserved 1136640K
  class space    used 11451K, capacity 12017K, committed 12160K, reserved 1048576K
}
{Heap before GC invocations=987 (full 4):
 PSYoungGen      total 161792K, used 157504K [0x00000000d5580000, 0x00000000dfb00000, 0x0000000100000000)
  eden space 154112K, 100% used [0x00000000d5580000,0x00000000dec00000,0x00000000dec00000)
  from space 7680K, 44% used [0x00000000df380000,0x00000000df6d0000,0x00000000dfb00000)
  to   space 7680K, 0% used [0x00000000dec00000,0x00000000dec00000,0x00000000df380000)
 ParOldGen       total 329728K, used 93648K [0x0000000080000000, 0x0000000094200000, 0x00000000d5580000)
  object space 329728K, 28% used [0x0000000080000000,0x0000000085b74058,0x0000000094200000)
 Metaspace       used 95520K, capacity 99316K, committed 99788K, reserved 1136640K
  class space    used 11453K, capacity 12020K, committed 12160K, reserved 1048576K
2023-10-29T09:38:28.894+0600: 4056773.138: [GC (Allocation Failure) [PSYoungGen: 157504K->4161K(161792K)] 251152K->97817K(491520K), 0.0152116 secs] [Times: user=0.01 sys=0.02, real=0.01 secs] 
Heap after GC invocations=987 (full 4):
 PSYoungGen      total 161792K, used 4161K [0x00000000d5580000, 0x00000000dfb80000, 0x0000000100000000)
  eden space 154112K, 0% used [0x00000000d5580000,0x00000000d5580000,0x00000000dec00000)
  from space 7680K, 54% used [0x00000000dec00000,0x00000000df0106b0,0x00000000df380000)
  to   space 7680K, 0% used [0x00000000df400000,0x00000000df400000,0x00000000dfb80000)
 ParOldGen       total 329728K, used 93656K [0x0000000080000000, 0x0000000094200000, 0x00000000d5580000)
  object space 329728K, 28% used [0x0000000080000000,0x0000000085b76058,0x0000000094200000)
 Metaspace       used 95520K, capacity 99316K, committed 99788K, reserved 1136640K
  class space    used 11453K, capacity 12020K, committed 12160K, reserved 1048576K
}
{Heap before GC invocations=988 (full 4):
 PSYoungGen      total 161792K, used 158273K [0x00000000d5580000, 0x00000000dfb80000, 0x0000000100000000)
  eden space 154112K, 100% used [0x00000000d5580000,0x00000000dec00000,0x00000000dec00000)
  from space 7680K, 54% used [0x00000000dec00000,0x00000000df0106b0,0x00000000df380000)
  to   space 7680K, 0% used [0x00000000df400000,0x00000000df400000,0x00000000dfb80000)
 ParOldGen       total 329728K, used 93656K [0x0000000080000000, 0x0000000094200000, 0x00000000d5580000)
  object space 329728K, 28% used [0x0000000080000000,0x0000000085b76058,0x0000000094200000)
 Metaspace       used 95521K, capacity 99316K, committed 99788K, reserved 1136640K
  class space    used 11453K, capacity 12020K, committed 12160K, reserved 1048576K
2023-10-29T10:56:56.616+0600: 4061480.859: [GC (Allocation Failure) [PSYoungGen: 158273K->7651K(160768K)] 251929K->102944K(490496K), 0.0248535 secs] [Times: user=0.04 sys=0.00, real=0.02 secs] 
Heap after GC invocations=988 (full 4):
 PSYoungGen      total 160768K, used 7651K [0x00000000d5580000, 0x00000000dfe80000, 0x0000000100000000)
  eden space 153088K, 0% used [0x00000000d5580000,0x00000000d5580000,0x00000000deb00000)
  from space 7680K, 99% used [0x00000000df400000,0x00000000dfb78e00,0x00000000dfb80000)
  to   space 9216K, 0% used [0x00000000deb00000,0x00000000deb00000,0x00000000df400000)
 ParOldGen       total 329728K, used 95293K [0x0000000080000000, 0x0000000094200000, 0x00000000d5580000)
  object space 329728K, 28% used [0x0000000080000000,0x0000000085d0f558,0x0000000094200000)
 Metaspace       used 95521K, capacity 99316K, committed 99788K, reserved 1136640K
  class space    used 11453K, capacity 12020K, committed 12160K, reserved 1048576K
}
{Heap before GC invocations=989 (full 4):
 PSYoungGen      total 160768K, used 160739K [0x00000000d5580000, 0x00000000dfe80000, 0x0000000100000000)
  eden space 153088K, 100% used [0x00000000d5580000,0x00000000deb00000,0x00000000deb00000)
  from space 7680K, 99% used [0x00000000df400000,0x00000000dfb78e00,0x00000000dfb80000)
  to   space 9216K, 0% used [0x00000000deb00000,0x00000000deb00000,0x00000000df400000)
 ParOldGen       total 329728K, used 95293K [0x0000000080000000, 0x0000000094200000, 0x00000000d5580000)
  object space 329728K, 28% used [0x0000000080000000,0x0000000085d0f558,0x0000000094200000)
 Metaspace       used 95527K, capacity 99322K, committed 99788K, reserved 1136640K
  class space    used 11453K, capacity 12021K, committed 12160K, reserved 1048576K
2023-10-29T12:21:02.302+0600: 4066526.545: [GC (Allocation Failure) [PSYoungGen: 160739K->8970K(162304K)] 256032K->104264K(492032K), 0.0177690 secs] [Times: user=0.01 sys=0.02, real=0.02 secs] 
Heap after GC invocations=989 (full 4):
 PSYoungGen      total 162304K, used 8970K [0x00000000d5580000, 0x00000000dff80000, 0x0000000100000000)
  eden space 153088K, 0% used [0x00000000d5580000,0x00000000d5580000,0x00000000deb00000)
  from space 9216K, 97% used [0x00000000deb00000,0x00000000df3c2b10,0x00000000df400000)
  to   space 10240K, 0% used [0x00000000df580000,0x00000000df580000,0x00000000dff80000)
 ParOldGen       total 329728K, used 95293K [0x0000000080000000, 0x0000000094200000, 0x00000000d5580000)
  object space 329728K, 28% used [0x0000000080000000,0x0000000085d0f558,0x0000000094200000)
 Metaspace       used 95527K, capacity 99322K, committed 99788K, reserved 1136640K
  class space    used 11453K, capacity 12021K, committed 12160K, reserved 1048576K
}
{Heap before GC invocations=990 (full 4):
 PSYoungGen      total 162304K, used 162058K [0x00000000d5580000, 0x00000000dff80000, 0x0000000100000000)
  eden space 153088K, 100% used [0x00000000d5580000,0x00000000deb00000,0x00000000deb00000)
  from space 9216K, 97% used [0x00000000deb00000,0x00000000df3c2b10,0x00000000df400000)
  to   space 10240K, 0% used [0x00000000df580000,0x00000000df580000,0x00000000dff80000)
 ParOldGen       total 329728K, used 95293K [0x0000000080000000, 0x0000000094200000, 0x00000000d5580000)
  object space 329728K, 28% used [0x0000000080000000,0x0000000085d0f558,0x0000000094200000)
 Metaspace       used 95531K, capacity 99322K, committed 99788K, reserved 1136640K
  class space    used 11453K, capacity 12021K, committed 12160K, reserved 1048576K
2023-10-29T13:57:17.863+0600: 4072302.106: [GC (Allocation Failure) [PSYoungGen: 162058K->6769K(163840K)] 257352K->102063K(493568K), 0.0223510 secs] [Times: user=0.02 sys=0.02, real=0.03 secs] 
Heap after GC invocations=990 (full 4):
 PSYoungGen      total 163840K, used 6769K [0x00000000d5580000, 0x00000000dff80000, 0x0000000100000000)
  eden space 153600K, 0% used [0x00000000d5580000,0x00000000d5580000,0x00000000deb80000)
  from space 10240K, 66% used [0x00000000df580000,0x00000000dfc1c750,0x00000000dff80000)
  to   space 10240K, 0% used [0x00000000deb80000,0x00000000deb80000,0x00000000df580000)
 ParOldGen       total 329728K, used 95293K [0x0000000080000000, 0x0000000094200000, 0x00000000d5580000)
  object space 329728K, 28% used [0x0000000080000000,0x0000000085d0f558,0x0000000094200000)
 Metaspace       used 95531K, capacity 99322K, committed 99788K, reserved 1136640K
  class space    used 11453K, capacity 12021K, committed 12160K, reserved 1048576K
}
{Heap before GC invocations=991 (full 4):
 PSYoungGen      total 163840K, used 160369K [0x00000000d5580000, 0x00000000dff80000, 0x0000000100000000)
  eden space 153600K, 100% used [0x00000000d5580000,0x00000000deb80000,0x00000000deb80000)
  from space 10240K, 66% used [0x00000000df580000,0x00000000dfc1c750,0x00000000dff80000)
  to   space 10240K, 0% used [0x00000000deb80000,0x00000000deb80000,0x00000000df580000)
 ParOldGen       total 329728K, used 95293K [0x0000000080000000, 0x0000000094200000, 0x00000000d5580000)
  object space 329728K, 28% used [0x0000000080000000,0x0000000085d0f558,0x0000000094200000)
 Metaspace       used 95531K, capacity 99322K, committed 99788K, reserved 1136640K
  class space    used 11453K, capacity 12021K, committed 12160K, reserved 1048576K
2023-10-29T15:15:19.210+0600: 4076983.453: [GC (Allocation Failure) [PSYoungGen: 160369K->10208K(163840K)] 255663K->105999K(493568K), 0.0236239 secs] [Times: user=0.01 sys=0.02, real=0.03 secs] 
Heap after GC invocations=991 (full 4):
 PSYoungGen      total 163840K, used 10208K [0x00000000d5580000, 0x00000000e0300000, 0x0000000100000000)
  eden space 153600K, 0% used [0x00000000d5580000,0x00000000d5580000,0x00000000deb80000)
  from space 10240K, 99% used [0x00000000deb80000,0x00000000df5783b0,0x00000000df580000)
  to   space 11776K, 0% used [0x00000000df780000,0x00000000df780000,0x00000000e0300000)
 ParOldGen       total 329728K, used 95790K [0x0000000080000000, 0x0000000094200000, 0x00000000d5580000)
  object space 329728K, 29% used [0x0000000080000000,0x0000000085d8baa8,0x0000000094200000)
 Metaspace       used 95531K, capacity 99322K, committed 99788K, reserved 1136640K
  class space    used 11453K, capacity 12021K, committed 12160K, reserved 1048576K
}
{Heap before GC invocations=992 (full 4):
 PSYoungGen      total 163840K, used 163808K [0x00000000d5580000, 0x00000000e0300000, 0x0000000100000000)
  eden space 153600K, 99% used [0x00000000d5580000,0x00000000deb7ff40,0x00000000deb80000)
  from space 10240K, 99% used [0x00000000deb80000,0x00000000df5783b0,0x00000000df580000)
  to   space 11776K, 0% used [0x00000000df780000,0x00000000df780000,0x00000000e0300000)
 ParOldGen       total 329728K, used 95790K [0x0000000080000000, 0x0000000094200000, 0x00000000d5580000)
  object space 329728K, 29% used [0x0000000080000000,0x0000000085d8baa8,0x0000000094200000)
 Metaspace       used 95555K, capacity 99388K, committed 99788K, reserved 1136640K
  class space    used 11459K, capacity 12032K, committed 12160K, reserved 1048576K
2023-10-29T17:02:47.190+0600: 4083431.433: [GC (Allocation Failure) [PSYoungGen: 163808K->5122K(164864K)] 259599K->100976K(494592K), 0.0217461 secs] [Times: user=0.02 sys=0.02, real=0.02 secs] 
Heap after GC invocations=992 (full 4):
 PSYoungGen      total 164864K, used 5122K [0x00000000d5580000, 0x00000000e0200000, 0x0000000100000000)
  eden space 154112K, 0% used [0x00000000d5580000,0x00000000d5580000,0x00000000dec00000)
  from space 10752K, 47% used [0x00000000df780000,0x00000000dfc80920,0x00000000e0200000)
  to   space 11264K, 0% used [0x00000000dec00000,0x00000000dec00000,0x00000000df700000)
 ParOldGen       total 329728K, used 95854K [0x0000000080000000, 0x0000000094200000, 0x00000000d5580000)
  object space 329728K, 29% used [0x0000000080000000,0x0000000085d9baa8,0x0000000094200000)
 Metaspace       used 95555K, capacity 99388K, committed 99788K, reserved 1136640K
  class space    used 11459K, capacity 12032K, committed 12160K, reserved 1048576K
}
{Heap before GC invocations=993 (full 4):
 PSYoungGen      total 164864K, used 159234K [0x00000000d5580000, 0x00000000e0200000, 0x0000000100000000)
  eden space 154112K, 100% used [0x00000000d5580000,0x00000000dec00000,0x00000000dec00000)
  from space 10752K, 47% used [0x00000000df780000,0x00000000dfc80920,0x00000000e0200000)
  to   space 11264K, 0% used [0x00000000dec00000,0x00000000dec00000,0x00000000df700000)
 ParOldGen       total 329728K, used 95854K [0x0000000080000000, 0x0000000094200000, 0x00000000d5580000)
  object space 329728K, 29% used [0x0000000080000000,0x0000000085d9baa8,0x0000000094200000)
 Metaspace       used 95567K, capacity 99406K, committed 99788K, reserved 1136640K
  class space    used 11461K, capacity 12035K, committed 12160K, reserved 1048576K
2023-10-29T18:41:33.401+0600: 4089357.645: [GC (Allocation Failure) [PSYoungGen: 159234K->7509K(165376K)] 255088K->103364K(495104K), 0.0190770 secs] [Times: user=0.01 sys=0.02, real=0.02 secs] 
Heap after GC invocations=993 (full 4):
 PSYoungGen      total 165376K, used 7509K [0x00000000d5580000, 0x00000000e0280000, 0x0000000100000000)
  eden space 154112K, 0% used [0x00000000d5580000,0x00000000d5580000,0x00000000dec00000)
  from space 11264K, 66% used [0x00000000dec00000,0x00000000df355770,0x00000000df700000)
  to   space 11264K, 0% used [0x00000000df780000,0x00000000df780000,0x00000000e0280000)
 ParOldGen       total 329728K, used 95854K [0x0000000080000000, 0x0000000094200000, 0x00000000d5580000)
  object space 329728K, 29% used [0x0000000080000000,0x0000000085d9baa8,0x0000000094200000)
 Metaspace       used 95567K, capacity 99406K, committed 99788K, reserved 1136640K
  class space    used 11461K, capacity 12035K, committed 12160K, reserved 1048576K
}
{Heap before GC invocations=994 (full 4):
 PSYoungGen      total 165376K, used 161621K [0x00000000d5580000, 0x00000000e0280000, 0x0000000100000000)
  eden space 154112K, 100% used [0x00000000d5580000,0x00000000dec00000,0x00000000dec00000)
  from space 11264K, 66% used [0x00000000dec00000,0x00000000df355770,0x00000000df700000)
  to   space 11264K, 0% used [0x00000000df780000,0x00000000df780000,0x00000000e0280000)
 ParOldGen       total 329728K, used 95854K [0x0000000080000000, 0x0000000094200000, 0x00000000d5580000)
  object space 329728K, 29% used [0x0000000080000000,0x0000000085d9baa8,0x0000000094200000)
 Metaspace       used 95567K, capacity 99406K, committed 99788K, reserved 1136640K
  class space    used 11461K, capacity 12035K, committed 12160K, reserved 1048576K
2023-10-29T20:23:39.606+0600: 4095483.850: [GC (Allocation Failure) [PSYoungGen: 161621K->5986K(164864K)] 257476K->101897K(494592K), 0.0240136 secs] [Times: user=0.01 sys=0.03, real=0.02 secs] 
Heap after GC invocations=994 (full 4):
 PSYoungGen      total 164864K, used 5986K [0x00000000d5580000, 0x00000000e0180000, 0x0000000100000000)
  eden space 154624K, 0% used [0x00000000d5580000,0x00000000d5580000,0x00000000dec80000)
  from space 10240K, 58% used [0x00000000df780000,0x00000000dfd58bd0,0x00000000e0180000)
  to   space 10752K, 0% used [0x00000000dec80000,0x00000000dec80000,0x00000000df700000)
 ParOldGen       total 329728K, used 95910K [0x0000000080000000, 0x0000000094200000, 0x00000000d5580000)
  object space 329728K, 29% used [0x0000000080000000,0x0000000085da9aa8,0x0000000094200000)
 Metaspace       used 95567K, capacity 99406K, committed 99788K, reserved 1136640K
  class space    used 11461K, capacity 12035K, committed 12160K, reserved 1048576K
}
{Heap before GC invocations=995 (full 4):
 PSYoungGen      total 164864K, used 160610K [0x00000000d5580000, 0x00000000e0180000, 0x0000000100000000)
  eden space 154624K, 100% used [0x00000000d5580000,0x00000000dec80000,0x00000000dec80000)
  from space 10240K, 58% used [0x00000000df780000,0x00000000dfd58bd0,0x00000000e0180000)
  to   space 10752K, 0% used [0x00000000dec80000,0x00000000dec80000,0x00000000df700000)
 ParOldGen       total 329728K, used 95910K [0x0000000080000000, 0x0000000094200000, 0x00000000d5580000)
  object space 329728K, 29% used [0x0000000080000000,0x0000000085da9aa8,0x0000000094200000)
 Metaspace       used 95567K, capacity 99406K, committed 99788K, reserved 1136640K
  class space    used 11461K, capacity 12035K, committed 12160K, reserved 1048576K
2023-10-29T22:17:17.370+0600: 4102301.614: [GC (Allocation Failure) [PSYoungGen: 160610K->4912K(165376K)] 256521K->100903K(495104K), 0.0178762 secs] [Times: user=0.01 sys=0.02, real=0.02 secs] 
Heap after GC invocations=995 (full 4):
 PSYoungGen      total 165376K, used 4912K [0x00000000d5580000, 0x00000000e0200000, 0x0000000100000000)
  eden space 154624K, 0% used [0x00000000d5580000,0x00000000d5580000,0x00000000dec80000)
  from space 10752K, 45% used [0x00000000dec80000,0x00000000df14c270,0x00000000df700000)
  to   space 10752K, 0% used [0x00000000df780000,0x00000000df780000,0x00000000e0200000)
 ParOldGen       total 329728K, used 95990K [0x0000000080000000, 0x0000000094200000, 0x00000000d5580000)
  object space 329728K, 29% used [0x0000000080000000,0x0000000085dbdaa8,0x0000000094200000)
 Metaspace       used 95567K, capacity 99406K, committed 99788K, reserved 1136640K
  class space    used 11461K, capacity 12035K, committed 12160K, reserved 1048576K
}
{Heap before GC invocations=996 (full 4):
 PSYoungGen      total 165376K, used 159536K [0x00000000d5580000, 0x00000000e0200000, 0x0000000100000000)
  eden space 154624K, 100% used [0x00000000d5580000,0x00000000dec80000,0x00000000dec80000)
  from space 10752K, 45% used [0x00000000dec80000,0x00000000df14c270,0x00000000df700000)
  to   space 10752K, 0% used [0x00000000df780000,0x00000000df780000,0x00000000e0200000)
 ParOldGen       total 329728K, used 95990K [0x0000000080000000, 0x0000000094200000, 0x00000000d5580000)
  object space 329728K, 29% used [0x0000000080000000,0x0000000085dbdaa8,0x0000000094200000)
 Metaspace       used 95567K, capacity 99406K, committed 99788K, reserved 1136640K
  class space    used 11461K, capacity 12035K, committed 12160K, reserved 1048576K
2023-10-29T23:59:24.049+0600: 4108428.292: [GC (Allocation Failure) [PSYoungGen: 159536K->6824K(165888K)] 255527K->102886K(495616K), 0.0214136 secs] [Times: user=0.01 sys=0.02, real=0.02 secs] 
Heap after GC invocations=996 (full 4):
 PSYoungGen      total 165888K, used 6824K [0x00000000d5580000, 0x00000000e0200000, 0x0000000100000000)
  eden space 155136K, 0% used [0x00000000d5580000,0x00000000d5580000,0x00000000ded00000)
  from space 10752K, 63% used [0x00000000df780000,0x00000000dfe2a030,0x00000000e0200000)
  to   space 10752K, 0% used [0x00000000ded00000,0x00000000ded00000,0x00000000df780000)
 ParOldGen       total 329728K, used 96062K [0x0000000080000000, 0x0000000094200000, 0x00000000d5580000)
  object space 329728K, 29% used [0x0000000080000000,0x0000000085dcfaa8,0x0000000094200000)
 Metaspace       used 95567K, capacity 99406K, committed 99788K, reserved 1136640K
  class space    used 11461K, capacity 12035K, committed 12160K, reserved 1048576K
}
{Heap before GC invocations=997 (full 4):
 PSYoungGen      total 165888K, used 161959K [0x00000000d5580000, 0x00000000e0200000, 0x0000000100000000)
  eden space 155136K, 99% used [0x00000000d5580000,0x00000000decffd20,0x00000000ded00000)
  from space 10752K, 63% used [0x00000000df780000,0x00000000dfe2a030,0x00000000e0200000)
  to   space 10752K, 0% used [0x00000000ded00000,0x00000000ded00000,0x00000000df780000)
 ParOldGen       total 329728K, used 96062K [0x0000000080000000, 0x0000000094200000, 0x00000000d5580000)
  object space 329728K, 29% used [0x0000000080000000,0x0000000085dcfaa8,0x0000000094200000)
 Metaspace       used 95567K, capacity 99406K, committed 99788K, reserved 1136640K
  class space    used 11461K, capacity 12035K, committed 12160K, reserved 1048576K
2023-10-30T01:30:19.505+0600: 4113883.749: [GC (Allocation Failure) [PSYoungGen: 161959K->8695K(165888K)] 258021K->104790K(495616K), 0.0186131 secs] [Times: user=0.01 sys=0.02, real=0.02 secs] 
Heap after GC invocations=997 (full 4):
 PSYoungGen      total 165888K, used 8695K [0x00000000d5580000, 0x00000000e0380000, 0x0000000100000000)
  eden space 155136K, 0% used [0x00000000d5580000,0x00000000d5580000,0x00000000ded00000)
  from space 10752K, 80% used [0x00000000ded00000,0x00000000df57de00,0x00000000df780000)
  to   space 11264K, 0% used [0x00000000df880000,0x00000000df880000,0x00000000e0380000)
 ParOldGen       total 329728K, used 96094K [0x0000000080000000, 0x0000000094200000, 0x00000000d5580000)
  object space 329728K, 29% used [0x0000000080000000,0x0000000085dd7aa8,0x0000000094200000)
 Metaspace       used 95567K, capacity 99406K, committed 99788K, reserved 1136640K
  class space    used 11461K, capacity 12035K, committed 12160K, reserved 1048576K
}
{Heap before GC invocations=998 (full 4):
 PSYoungGen      total 165888K, used 163831K [0x00000000d5580000, 0x00000000e0380000, 0x0000000100000000)
  eden space 155136K, 100% used [0x00000000d5580000,0x00000000ded00000,0x00000000ded00000)
  from space 10752K, 80% used [0x00000000ded00000,0x00000000df57de00,0x00000000df780000)
  to   space 11264K, 0% used [0x00000000df880000,0x00000000df880000,0x00000000e0380000)
 ParOldGen       total 329728K, used 96094K [0x0000000080000000, 0x0000000094200000, 0x00000000d5580000)
  object space 329728K, 29% used [0x0000000080000000,0x0000000085dd7aa8,0x0000000094200000)
 Metaspace       used 95585K, capacity 99466K, committed 99788K, reserved 1136640K
  class space    used 11467K, capacity 12045K, committed 12160K, reserved 1048576K
2023-10-30T02:59:43.598+0600: 4119247.841: [GC (Allocation Failure) [PSYoungGen: 163831K->9209K(166400K)] 259926K->105336K(496128K), 0.0268711 secs] [Times: user=0.04 sys=0.00, real=0.03 secs] 
Heap after GC invocations=998 (full 4):
 PSYoungGen      total 166400K, used 9209K [0x00000000d5580000, 0x00000000e0480000, 0x0000000100000000)
  eden space 155136K, 0% used [0x00000000d5580000,0x00000000d5580000,0x00000000ded00000)
  from space 11264K, 81% used [0x00000000df880000,0x00000000e017e740,0x00000000e0380000)
  to   space 11776K, 0% used [0x00000000ded00000,0x00000000ded00000,0x00000000df880000)
 ParOldGen       total 329728K, used 96126K [0x0000000080000000, 0x0000000094200000, 0x00000000d5580000)
  object space 329728K, 29% used [0x0000000080000000,0x0000000085ddfaa8,0x0000000094200000)
 Metaspace       used 95585K, capacity 99466K, committed 99788K, reserved 1136640K
  class space    used 11467K, capacity 12045K, committed 12160K, reserved 1048576K
}
{Heap before GC invocations=999 (full 4):
 PSYoungGen      total 166400K, used 164345K [0x00000000d5580000, 0x00000000e0480000, 0x0000000100000000)
  eden space 155136K, 100% used [0x00000000d5580000,0x00000000ded00000,0x00000000ded00000)
  from space 11264K, 81% used [0x00000000df880000,0x00000000e017e740,0x00000000e0380000)
  to   space 11776K, 0% used [0x00000000ded00000,0x00000000ded00000,0x00000000df880000)
 ParOldGen       total 329728K, used 96126K [0x0000000080000000, 0x0000000094200000, 0x00000000d5580000)
  object space 329728K, 29% used [0x0000000080000000,0x0000000085ddfaa8,0x0000000094200000)
 Metaspace       used 95585K, capacity 99466K, committed 99788K, reserved 1136640K
  class space    used 11467K, capacity 12045K, committed 12160K, reserved 1048576K
2023-10-30T05:06:53.784+0600: 4126878.027: [GC (Allocation Failure) [PSYoungGen: 164345K->3744K(166912K)] 260472K->99871K(496640K), 0.0158311 secs] [Times: user=0.02 sys=0.00, real=0.01 secs] 
Heap after GC invocations=999 (full 4):
 PSYoungGen      total 166912K, used 3744K [0x00000000d5580000, 0x00000000e0480000, 0x0000000100000000)
  eden space 155136K, 0% used [0x00000000d5580000,0x00000000d5580000,0x00000000ded00000)
  from space 11776K, 31% used [0x00000000ded00000,0x00000000df0a8250,0x00000000df880000)
  to   space 11776K, 0% used [0x00000000df900000,0x00000000df900000,0x00000000e0480000)
 ParOldGen       total 329728K, used 96126K [0x0000000080000000, 0x0000000094200000, 0x00000000d5580000)
  object space 329728K, 29% used [0x0000000080000000,0x0000000085ddfaa8,0x0000000094200000)
 Metaspace       used 95585K, capacity 99466K, committed 99788K, reserved 1136640K
  class space    used 11467K, capacity 12045K, committed 12160K, reserved 1048576K
}
{Heap before GC invocations=1000 (full 4):
 PSYoungGen      total 166912K, used 158880K [0x00000000d5580000, 0x00000000e0480000, 0x0000000100000000)
  eden space 155136K, 100% used [0x00000000d5580000,0x00000000ded00000,0x00000000ded00000)
  from space 11776K, 31% used [0x00000000ded00000,0x00000000df0a8250,0x00000000df880000)
  to   space 11776K, 0% used [0x00000000df900000,0x00000000df900000,0x00000000e0480000)
 ParOldGen       total 329728K, used 96126K [0x0000000080000000, 0x0000000094200000, 0x00000000d5580000)
  object space 329728K, 29% used [0x0000000080000000,0x0000000085ddfaa8,0x0000000094200000)
 Metaspace       used 95585K, capacity 99466K, committed 99788K, reserved 1136640K
  class space    used 11467K, capacity 12045K, committed 12160K, reserved 1048576K
2023-10-30T07:12:25.618+0600: 4134409.861: [GC (Allocation Failure) [PSYoungGen: 158880K->3744K(167424K)] 255007K->99871K(497152K), 0.0164411 secs] [Times: user=0.01 sys=0.01, real=0.02 secs] 
Heap after GC invocations=1000 (full 4):
 PSYoungGen      total 167424K, used 3744K [0x00000000d5580000, 0x00000000e0480000, 0x0000000100000000)
  eden space 155648K, 0% used [0x00000000d5580000,0x00000000d5580000,0x00000000ded80000)
  from space 11776K, 31% used [0x00000000df900000,0x00000000dfca8250,0x00000000e0480000)
  to   space 11776K, 0% used [0x00000000ded80000,0x00000000ded80000,0x00000000df900000)
 ParOldGen       total 329728K, used 96126K [0x0000000080000000, 0x0000000094200000, 0x00000000d5580000)
  object space 329728K, 29% used [0x0000000080000000,0x0000000085ddfaa8,0x0000000094200000)
 Metaspace       used 95585K, capacity 99466K, committed 99788K, reserved 1136640K
  class space    used 11467K, capacity 12045K, committed 12160K, reserved 1048576K
}
{Heap before GC invocations=1001 (full 4):
 PSYoungGen      total 167424K, used 159392K [0x00000000d5580000, 0x00000000e0480000, 0x0000000100000000)
  eden space 155648K, 100% used [0x00000000d5580000,0x00000000ded80000,0x00000000ded80000)
  from space 11776K, 31% used [0x00000000df900000,0x00000000dfca8250,0x00000000e0480000)
  to   space 11776K, 0% used [0x00000000ded80000,0x00000000ded80000,0x00000000df900000)
 ParOldGen       total 329728K, used 96126K [0x0000000080000000, 0x0000000094200000, 0x00000000d5580000)
  object space 329728K, 29% used [0x0000000080000000,0x0000000085ddfaa8,0x0000000094200000)
 Metaspace       used 95585K, capacity 99466K, committed 99788K, reserved 1136640K
  class space    used 11467K, capacity 12045K, committed 12160K, reserved 1048576K
2023-10-30T09:19:23.114+0600: 4142027.357: [GC (Allocation Failure) [PSYoungGen: 159392K->3696K(167424K)] 255519K->99823K(497152K), 0.0140655 secs] [Times: user=0.00 sys=0.01, real=0.01 secs] 
Heap after GC invocations=1001 (full 4):
 PSYoungGen      total 167424K, used 3696K [0x00000000d5580000, 0x00000000e0400000, 0x0000000100000000)
  eden space 155648K, 0% used [0x00000000d5580000,0x00000000d5580000,0x00000000ded80000)
  from space 11776K, 31% used [0x00000000ded80000,0x00000000df11c240,0x00000000df900000)
  to   space 11264K, 0% used [0x00000000df900000,0x00000000df900000,0x00000000e0400000)
 ParOldGen       total 329728K, used 96126K [0x0000000080000000, 0x0000000094200000, 0x00000000d5580000)
  object space 329728K, 29% used [0x0000000080000000,0x0000000085ddfaa8,0x0000000094200000)
 Metaspace       used 95585K, capacity 99466K, committed 99788K, reserved 1136640K
  class space    used 11467K, capacity 12045K, committed 12160K, reserved 1048576K
}
{Heap before GC invocations=1002 (full 4):
 PSYoungGen      total 167424K, used 159344K [0x00000000d5580000, 0x00000000e0400000, 0x0000000100000000)
  eden space 155648K, 99% used [0x00000000d5580000,0x00000000ded7ff60,0x00000000ded80000)
  from space 11776K, 31% used [0x00000000ded80000,0x00000000df11c240,0x00000000df900000)
  to   space 11264K, 0% used [0x00000000df900000,0x00000000df900000,0x00000000e0400000)
 ParOldGen       total 329728K, used 96126K [0x0000000080000000, 0x0000000094200000, 0x00000000d5580000)
  object space 329728K, 29% used [0x0000000080000000,0x0000000085ddfaa8,0x0000000094200000)
 Metaspace       used 95587K, capacity 99472K, committed 99788K, reserved 1136640K
  class space    used 11467K, capacity 12046K, committed 12160K, reserved 1048576K
2023-10-30T10:42:13.060+0600: 4146997.303: [GC (Allocation Failure) [PSYoungGen: 159344K->7462K(166912K)] 255471K->103613K(496640K), 0.0216974 secs] [Times: user=0.02 sys=0.02, real=0.02 secs] 
Heap after GC invocations=1002 (full 4):
 PSYoungGen      total 166912K, used 7462K [0x00000000d5580000, 0x00000000e0500000, 0x0000000100000000)
  eden space 155648K, 0% used [0x00000000d5580000,0x00000000d5580000,0x00000000ded80000)
  from space 11264K, 66% used [0x00000000df900000,0x00000000e0049b50,0x00000000e0400000)
  to   space 11776K, 0% used [0x00000000ded80000,0x00000000ded80000,0x00000000df900000)
 ParOldGen       total 329728K, used 96150K [0x0000000080000000, 0x0000000094200000, 0x00000000d5580000)
  object space 329728K, 29% used [0x0000000080000000,0x0000000085de5aa8,0x0000000094200000)
 Metaspace       used 95587K, capacity 99472K, committed 99788K, reserved 1136640K
  class space    used 11467K, capacity 12046K, committed 12160K, reserved 1048576K
}
{Heap before GC invocations=1003 (full 4):
 PSYoungGen      total 166912K, used 163110K [0x00000000d5580000, 0x00000000e0500000, 0x0000000100000000)
  eden space 155648K, 100% used [0x00000000d5580000,0x00000000ded80000,0x00000000ded80000)
  from space 11264K, 66% used [0x00000000df900000,0x00000000e0049b50,0x00000000e0400000)
  to   space 11776K, 0% used [0x00000000ded80000,0x00000000ded80000,0x00000000df900000)
 ParOldGen       total 329728K, used 96150K [0x0000000080000000, 0x0000000094200000, 0x00000000d5580000)
  object space 329728K, 29% used [0x0000000080000000,0x0000000085de5aa8,0x0000000094200000)
 Metaspace       used 95616K, capacity 99550K, committed 99788K, reserved 1136640K
  class space    used 11474K, capacity 12059K, committed 12160K, reserved 1048576K
2023-10-30T11:45:57.632+0600: 4150821.875: [GC (Allocation Failure) [PSYoungGen: 163110K->11102K(167424K)] 259261K->107486K(497152K), 0.0151279 secs] [Times: user=0.01 sys=0.01, real=0.02 secs] 
Heap after GC invocations=1003 (full 4):
 PSYoungGen      total 167424K, used 11102K [0x00000000d5580000, 0x00000000e0700000, 0x0000000100000000)
  eden space 155648K, 0% used [0x00000000d5580000,0x00000000d5580000,0x00000000ded80000)
  from space 11776K, 94% used [0x00000000ded80000,0x00000000df857b10,0x00000000df900000)
  to   space 12800K, 0% used [0x00000000dfa80000,0x00000000dfa80000,0x00000000e0700000)
 ParOldGen       total 329728K, used 96383K [0x0000000080000000, 0x0000000094200000, 0x00000000d5580000)
  object space 329728K, 29% used [0x0000000080000000,0x0000000085e1fd48,0x0000000094200000)
 Metaspace       used 95616K, capacity 99550K, committed 99788K, reserved 1136640K
  class space    used 11474K, capacity 12059K, committed 12160K, reserved 1048576K
}
{Heap before GC invocations=1004 (full 4):
 PSYoungGen      total 167424K, used 166750K [0x00000000d5580000, 0x00000000e0700000, 0x0000000100000000)
  eden space 155648K, 100% used [0x00000000d5580000,0x00000000ded80000,0x00000000ded80000)
  from space 11776K, 94% used [0x00000000ded80000,0x00000000df857b10,0x00000000df900000)
  to   space 12800K, 0% used [0x00000000dfa80000,0x00000000dfa80000,0x00000000e0700000)
 ParOldGen       total 329728K, used 96383K [0x0000000080000000, 0x0000000094200000, 0x00000000d5580000)
  object space 329728K, 29% used [0x0000000080000000,0x0000000085e1fd48,0x0000000094200000)
 Metaspace       used 95616K, capacity 99550K, committed 99788K, reserved 1136640K
  class space    used 11474K, capacity 12059K, committed 12160K, reserved 1048576K
2023-10-30T12:39:16.518+0600: 4154020.761: [GC (Allocation Failure) [PSYoungGen: 166750K->11260K(167424K)] 263134K->107660K(497152K), 0.0249488 secs] [Times: user=0.02 sys=0.02, real=0.02 secs] 
Heap after GC invocations=1004 (full 4):
 PSYoungGen      total 167424K, used 11260K [0x00000000d5580000, 0x00000000e0a00000, 0x0000000100000000)
  eden space 154624K, 0% used [0x00000000d5580000,0x00000000d5580000,0x00000000dec80000)
  from space 12800K, 87% used [0x00000000dfa80000,0x00000000e057f3d0,0x00000000e0700000)
  to   space 14336K, 0% used [0x00000000dec80000,0x00000000dec80000,0x00000000dfa80000)
 ParOldGen       total 329728K, used 96399K [0x0000000080000000, 0x0000000094200000, 0x00000000d5580000)
  object space 329728K, 29% used [0x0000000080000000,0x0000000085e23d48,0x0000000094200000)
 Metaspace       used 95616K, capacity 99550K, committed 99788K, reserved 1136640K
  class space    used 11474K, capacity 12059K, committed 12160K, reserved 1048576K
}
{Heap before GC invocations=1005 (full 4):
 PSYoungGen      total 167424K, used 165884K [0x00000000d5580000, 0x00000000e0a00000, 0x0000000100000000)
  eden space 154624K, 100% used [0x00000000d5580000,0x00000000dec80000,0x00000000dec80000)
  from space 12800K, 87% used [0x00000000dfa80000,0x00000000e057f3d0,0x00000000e0700000)
  to   space 14336K, 0% used [0x00000000dec80000,0x00000000dec80000,0x00000000dfa80000)
 ParOldGen       total 329728K, used 96399K [0x0000000080000000, 0x0000000094200000, 0x00000000d5580000)
  object space 329728K, 29% used [0x0000000080000000,0x0000000085e23d48,0x0000000094200000)
 Metaspace       used 95616K, capacity 99550K, committed 99788K, reserved 1136640K
  class space    used 11474K, capacity 12059K, committed 12160K, reserved 1048576K
2023-10-30T14:10:58.191+0600: 4159522.434: [GC (Allocation Failure) [PSYoungGen: 165884K->7941K(168960K)] 262284K->104356K(498688K), 0.0185783 secs] [Times: user=0.01 sys=0.02, real=0.02 secs] 
Heap after GC invocations=1005 (full 4):
 PSYoungGen      total 168960K, used 7941K [0x00000000d5580000, 0x00000000e0800000, 0x0000000100000000)
  eden space 154624K, 0% used [0x00000000d5580000,0x00000000d5580000,0x00000000dec80000)
  from space 14336K, 55% used [0x00000000dec80000,0x00000000df441480,0x00000000dfa80000)
  to   space 13824K, 0% used [0x00000000dfa80000,0x00000000dfa80000,0x00000000e0800000)
 ParOldGen       total 329728K, used 96415K [0x0000000080000000, 0x0000000094200000, 0x00000000d5580000)
  object space 329728K, 29% used [0x0000000080000000,0x0000000085e27d48,0x0000000094200000)
 Metaspace       used 95616K, capacity 99550K, committed 99788K, reserved 1136640K
  class space    used 11474K, capacity 12059K, committed 12160K, reserved 1048576K
}
{Heap before GC invocations=1006 (full 4):
 PSYoungGen      total 168960K, used 162557K [0x00000000d5580000, 0x00000000e0800000, 0x0000000100000000)
  eden space 154624K, 99% used [0x00000000d5580000,0x00000000dec7e378,0x00000000dec80000)
  from space 14336K, 55% used [0x00000000dec80000,0x00000000df441480,0x00000000dfa80000)
  to   space 13824K, 0% used [0x00000000dfa80000,0x00000000dfa80000,0x00000000e0800000)
 ParOldGen       total 329728K, used 96415K [0x0000000080000000, 0x0000000094200000, 0x00000000d5580000)
  object space 329728K, 29% used [0x0000000080000000,0x0000000085e27d48,0x0000000094200000)
 Metaspace       used 95616K, capacity 99550K, committed 99788K, reserved 1136640K
  class space    used 11474K, capacity 12059K, committed 12160K, reserved 1048576K
2023-10-30T15:59:36.048+0600: 4166040.291: [GC (Allocation Failure) [PSYoungGen: 162557K->6040K(167936K)] 258973K->102520K(497664K), 0.0187398 secs] [Times: user=0.02 sys=0.02, real=0.02 secs] 
Heap after GC invocations=1006 (full 4):
 PSYoungGen      total 167936K, used 6040K [0x00000000d5580000, 0x00000000e0700000, 0x0000000100000000)
  eden space 155136K, 0% used [0x00000000d5580000,0x00000000d5580000,0x00000000ded00000)
  from space 12800K, 47% used [0x00000000dfa80000,0x00000000e00662d0,0x00000000e0700000)
  to   space 13312K, 0% used [0x00000000ded00000,0x00000000ded00000,0x00000000dfa00000)
 ParOldGen       total 329728K, used 96479K [0x0000000080000000, 0x0000000094200000, 0x00000000d5580000)
  object space 329728K, 29% used [0x0000000080000000,0x0000000085e37d48,0x0000000094200000)
 Metaspace       used 95616K, capacity 99550K, committed 99788K, reserved 1136640K
  class space    used 11474K, capacity 12059K, committed 12160K, reserved 1048576K
}
{Heap before GC invocations=1007 (full 4):
 PSYoungGen      total 167936K, used 161176K [0x00000000d5580000, 0x00000000e0700000, 0x0000000100000000)
  eden space 155136K, 100% used [0x00000000d5580000,0x00000000ded00000,0x00000000ded00000)
  from space 12800K, 47% used [0x00000000dfa80000,0x00000000e00662d0,0x00000000e0700000)
  to   space 13312K, 0% used [0x00000000ded00000,0x00000000ded00000,0x00000000dfa00000)
 ParOldGen       total 329728K, used 96479K [0x0000000080000000, 0x0000000094200000, 0x00000000d5580000)
  object space 329728K, 29% used [0x0000000080000000,0x0000000085e37d48,0x0000000094200000)
 Metaspace       used 95623K, capacity 99568K, committed 99788K, reserved 1136640K
  class space    used 11476K, capacity 12062K, committed 12160K, reserved 1048576K
2023-10-30T17:25:42.945+0600: 4171207.188: [GC (Allocation Failure) [PSYoungGen: 161176K->8140K(168448K)] 257656K->104651K(498176K), 0.0199476 secs] [Times: user=0.02 sys=0.02, real=0.02 secs] 
Heap after GC invocations=1007 (full 4):
 PSYoungGen      total 168448K, used 8140K [0x00000000d5580000, 0x00000000e0780000, 0x0000000100000000)
  eden space 155136K, 0% used [0x00000000d5580000,0x00000000d5580000,0x00000000ded00000)
  from space 13312K, 61% used [0x00000000ded00000,0x00000000df4f30a0,0x00000000dfa00000)
  to   space 13312K, 0% used [0x00000000dfa80000,0x00000000dfa80000,0x00000000e0780000)
 ParOldGen       total 329728K, used 96511K [0x0000000080000000, 0x0000000094200000, 0x00000000d5580000)
  object space 329728K, 29% used [0x0000000080000000,0x0000000085e3fd48,0x0000000094200000)
 Metaspace       used 95623K, capacity 99568K, committed 99788K, reserved 1136640K
  class space    used 11476K, capacity 12062K, committed 12160K, reserved 1048576K
}
{Heap before GC invocations=1008 (full 4):
 PSYoungGen      total 168448K, used 163276K [0x00000000d5580000, 0x00000000e0780000, 0x0000000100000000)
  eden space 155136K, 100% used [0x00000000d5580000,0x00000000ded00000,0x00000000ded00000)
  from space 13312K, 61% used [0x00000000ded00000,0x00000000df4f30a0,0x00000000dfa00000)
  to   space 13312K, 0% used [0x00000000dfa80000,0x00000000dfa80000,0x00000000e0780000)
 ParOldGen       total 329728K, used 96511K [0x0000000080000000, 0x0000000094200000, 0x00000000d5580000)
  object space 329728K, 29% used [0x0000000080000000,0x0000000085e3fd48,0x0000000094200000)
 Metaspace       used 95623K, capacity 99568K, committed 99788K, reserved 1136640K
  class space    used 11476K, capacity 12062K, committed 12160K, reserved 1048576K
2023-10-30T19:06:26.591+0600: 4177250.835: [GC (Allocation Failure) [PSYoungGen: 163276K->5732K(167936K)] 259787K->102268K(497664K), 0.0180150 secs] [Times: user=0.03 sys=0.00, real=0.02 secs] 
Heap after GC invocations=1008 (full 4):
 PSYoungGen      total 167936K, used 5732K [0x00000000d5580000, 0x00000000e0680000, 0x0000000100000000)
  eden space 155648K, 0% used [0x00000000d5580000,0x00000000d5580000,0x00000000ded80000)
  from space 12288K, 46% used [0x00000000dfa80000,0x00000000e0019340,0x00000000e0680000)
  to   space 12800K, 0% used [0x00000000ded80000,0x00000000ded80000,0x00000000dfa00000)
 ParOldGen       total 329728K, used 96535K [0x0000000080000000, 0x0000000094200000, 0x00000000d5580000)
  object space 329728K, 29% used [0x0000000080000000,0x0000000085e45d48,0x0000000094200000)
 Metaspace       used 95623K, capacity 99568K, committed 99788K, reserved 1136640K
  class space    used 11476K, capacity 12062K, committed 12160K, reserved 1048576K
}
{Heap before GC invocations=1009 (full 4):
 PSYoungGen      total 167936K, used 161380K [0x00000000d5580000, 0x00000000e0680000, 0x0000000100000000)
  eden space 155648K, 100% used [0x00000000d5580000,0x00000000ded80000,0x00000000ded80000)
  from space 12288K, 46% used [0x00000000dfa80000,0x00000000e0019340,0x00000000e0680000)
  to   space 12800K, 0% used [0x00000000ded80000,0x00000000ded80000,0x00000000dfa00000)
 ParOldGen       total 329728K, used 96535K [0x0000000080000000, 0x0000000094200000, 0x00000000d5580000)
  object space 329728K, 29% used [0x0000000080000000,0x0000000085e45d48,0x0000000094200000)
 Metaspace       used 95623K, capacity 99568K, committed 99788K, reserved 1136640K
  class space    used 11476K, capacity 12062K, committed 12160K, reserved 1048576K
2023-10-30T21:01:14.981+0600: 4184139.225: [GC (Allocation Failure) [PSYoungGen: 161380K->4564K(168448K)] 257916K->101123K(498176K), 0.0167575 secs] [Times: user=0.01 sys=0.01, real=0.02 secs] 
Heap after GC invocations=1009 (full 4):
 PSYoungGen      total 168448K, used 4564K [0x00000000d5580000, 0x00000000e0700000, 0x0000000100000000)
  eden space 155648K, 0% used [0x00000000d5580000,0x00000000d5580000,0x00000000ded80000)
  from space 12800K, 35% used [0x00000000ded80000,0x00000000df1f52b0,0x00000000dfa00000)
  to   space 12800K, 0% used [0x00000000dfa80000,0x00000000dfa80000,0x00000000e0700000)
 ParOldGen       total 329728K, used 96559K [0x0000000080000000, 0x0000000094200000, 0x00000000d5580000)
  object space 329728K, 29% used [0x0000000080000000,0x0000000085e4bd48,0x0000000094200000)
 Metaspace       used 95623K, capacity 99568K, committed 99788K, reserved 1136640K
  class space    used 11476K, capacity 12062K, committed 12160K, reserved 1048576K
}
{Heap before GC invocations=1010 (full 4):
 PSYoungGen      total 168448K, used 160212K [0x00000000d5580000, 0x00000000e0700000, 0x0000000100000000)
  eden space 155648K, 100% used [0x00000000d5580000,0x00000000ded80000,0x00000000ded80000)
  from space 12800K, 35% used [0x00000000ded80000,0x00000000df1f52b0,0x00000000dfa00000)
  to   space 12800K, 0% used [0x00000000dfa80000,0x00000000dfa80000,0x00000000e0700000)
 ParOldGen       total 329728K, used 96559K [0x0000000080000000, 0x0000000094200000, 0x00000000d5580000)
  object space 329728K, 29% used [0x0000000080000000,0x0000000085e4bd48,0x0000000094200000)
 Metaspace       used 95623K, capacity 99568K, committed 99788K, reserved 1136640K
  class space    used 11476K, capacity 12062K, committed 12160K, reserved 1048576K
2023-10-30T22:55:56.180+0600: 4191020.424: [GC (Allocation Failure) [PSYoungGen: 160212K->5270K(167936K)] 256771K->101846K(497664K), 0.0170979 secs] [Times: user=0.01 sys=0.01, real=0.02 secs] 
Heap after GC invocations=1010 (full 4):
 PSYoungGen      total 167936K, used 5270K [0x00000000d5580000, 0x00000000e0600000, 0x0000000100000000)
  eden space 156160K, 0% used [0x00000000d5580000,0x00000000d5580000,0x00000000dee00000)
  from space 11776K, 44% used [0x00000000dfa80000,0x00000000dffa5be0,0x00000000e0600000)
  to   space 12288K, 0% used [0x00000000dee00000,0x00000000dee00000,0x00000000dfa00000)
 ParOldGen       total 329728K, used 96575K [0x0000000080000000, 0x0000000094200000, 0x00000000d5580000)
  object space 329728K, 29% used [0x0000000080000000,0x0000000085e4fd48,0x0000000094200000)
 Metaspace       used 95623K, capacity 99568K, committed 99788K, reserved 1136640K
  class space    used 11476K, capacity 12062K, committed 12160K, reserved 1048576K
}
{Heap before GC invocations=1011 (full 4):
 PSYoungGen      total 167936K, used 161430K [0x00000000d5580000, 0x00000000e0600000, 0x0000000100000000)
  eden space 156160K, 100% used [0x00000000d5580000,0x00000000dee00000,0x00000000dee00000)
  from space 11776K, 44% used [0x00000000dfa80000,0x00000000dffa5be0,0x00000000e0600000)
  to   space 12288K, 0% used [0x00000000dee00000,0x00000000dee00000,0x00000000dfa00000)
 ParOldGen       total 329728K, used 96575K [0x0000000080000000, 0x0000000094200000, 0x00000000d5580000)
  object space 329728K, 29% used [0x0000000080000000,0x0000000085e4fd48,0x0000000094200000)
 Metaspace       used 95623K, capacity 99568K, committed 99788K, reserved 1136640K
  class space    used 11476K, capacity 12062K, committed 12160K, reserved 1048576K
2023-10-31T00:58:43.621+0600: 4198387.864: [GC (Allocation Failure) [PSYoungGen: 161430K->3652K(168448K)] 258006K->100259K(498176K), 0.0168550 secs] [Times: user=0.02 sys=0.02, real=0.02 secs] 
Heap after GC invocations=1011 (full 4):
 PSYoungGen      total 168448K, used 3652K [0x00000000d5580000, 0x00000000e0680000, 0x0000000100000000)
  eden space 156160K, 0% used [0x00000000d5580000,0x00000000d5580000,0x00000000dee00000)
  from space 12288K, 29% used [0x00000000dee00000,0x00000000df191070,0x00000000dfa00000)
  to   space 12288K, 0% used [0x00000000dfa80000,0x00000000dfa80000,0x00000000e0680000)
 ParOldGen       total 329728K, used 96607K [0x0000000080000000, 0x0000000094200000, 0x00000000d5580000)
  object space 329728K, 29% used [0x0000000080000000,0x0000000085e57d48,0x0000000094200000)
 Metaspace       used 95623K, capacity 99568K, committed 99788K, reserved 1136640K
  class space    used 11476K, capacity 12062K, committed 12160K, reserved 1048576K
}
{Heap before GC invocations=1012 (full 4):
 PSYoungGen      total 168448K, used 159812K [0x00000000d5580000, 0x00000000e0680000, 0x0000000100000000)
  eden space 156160K, 100% used [0x00000000d5580000,0x00000000dee00000,0x00000000dee00000)
  from space 12288K, 29% used [0x00000000dee00000,0x00000000df191070,0x00000000dfa00000)
  to   space 12288K, 0% used [0x00000000dfa80000,0x00000000dfa80000,0x00000000e0680000)
 ParOldGen       total 329728K, used 96607K [0x0000000080000000, 0x0000000094200000, 0x00000000d5580000)
  object space 329728K, 29% used [0x0000000080000000,0x0000000085e57d48,0x0000000094200000)
 Metaspace       used 95623K, capacity 99568K, committed 99788K, reserved 1136640K
  class space    used 11476K, capacity 12062K, committed 12160K, reserved 1048576K
2023-10-31T03:00:08.465+0600: 4205672.709: [GC (Allocation Failure) [PSYoungGen: 159812K->3602K(168960K)] 256419K->100249K(498688K), 0.0184667 secs] [Times: user=0.01 sys=0.02, real=0.02 secs] 
Heap after GC invocations=1012 (full 4):
 PSYoungGen      total 168960K, used 3602K [0x00000000d5580000, 0x00000000e0680000, 0x0000000100000000)
  eden space 156672K, 0% used [0x00000000d5580000,0x00000000d5580000,0x00000000dee80000)
  from space 12288K, 29% used [0x00000000dfa80000,0x00000000dfe04820,0x00000000e0680000)
  to   space 12288K, 0% used [0x00000000dee80000,0x00000000dee80000,0x00000000dfa80000)
 ParOldGen       total 329728K, used 96647K [0x0000000080000000, 0x0000000094200000, 0x00000000d5580000)
  object space 329728K, 29% used [0x0000000080000000,0x0000000085e61d48,0x0000000094200000)
 Metaspace       used 95623K, capacity 99568K, committed 99788K, reserved 1136640K
  class space    used 11476K, capacity 12062K, committed 12160K, reserved 1048576K
}
{Heap before GC invocations=1013 (full 4):
 PSYoungGen      total 168960K, used 160274K [0x00000000d5580000, 0x00000000e0680000, 0x0000000100000000)
  eden space 156672K, 100% used [0x00000000d5580000,0x00000000dee80000,0x00000000dee80000)
  from space 12288K, 29% used [0x00000000dfa80000,0x00000000dfe04820,0x00000000e0680000)
  to   space 12288K, 0% used [0x00000000dee80000,0x00000000dee80000,0x00000000dfa80000)
 ParOldGen       total 329728K, used 96647K [0x0000000080000000, 0x0000000094200000, 0x00000000d5580000)
  object space 329728K, 29% used [0x0000000080000000,0x0000000085e61d48,0x0000000094200000)
 Metaspace       used 95623K, capacity 99568K, committed 99788K, reserved 1136640K
  class space    used 11476K, capacity 12062K, committed 12160K, reserved 1048576K
2023-10-31T05:07:54.383+0600: 4213338.626: [GC (Allocation Failure) [PSYoungGen: 160274K->3570K(168960K)] 256921K->100281K(498688K), 0.0150497 secs] [Times: user=0.01 sys=0.02, real=0.02 secs] 
Heap after GC invocations=1013 (full 4):
 PSYoungGen      total 168960K, used 3570K [0x00000000d5580000, 0x00000000e0600000, 0x0000000100000000)
  eden space 156672K, 0% used [0x00000000d5580000,0x00000000d5580000,0x00000000dee80000)
  from space 12288K, 29% used [0x00000000dee80000,0x00000000df1fc820,0x00000000dfa80000)
  to   space 11776K, 0% used [0x00000000dfa80000,0x00000000dfa80000,0x00000000e0600000)
 ParOldGen       total 329728K, used 96711K [0x0000000080000000, 0x0000000094200000, 0x00000000d5580000)
  object space 329728K, 29% used [0x0000000080000000,0x0000000085e71d48,0x0000000094200000)
 Metaspace       used 95623K, capacity 99568K, committed 99788K, reserved 1136640K
  class space    used 11476K, capacity 12062K, committed 12160K, reserved 1048576K
}
{Heap before GC invocations=1014 (full 4):
 PSYoungGen      total 168960K, used 160242K [0x00000000d5580000, 0x00000000e0600000, 0x0000000100000000)
  eden space 156672K, 100% used [0x00000000d5580000,0x00000000dee80000,0x00000000dee80000)
  from space 12288K, 29% used [0x00000000dee80000,0x00000000df1fc820,0x00000000dfa80000)
  to   space 11776K, 0% used [0x00000000dfa80000,0x00000000dfa80000,0x00000000e0600000)
 ParOldGen       total 329728K, used 96711K [0x0000000080000000, 0x0000000094200000, 0x00000000d5580000)
  object space 329728K, 29% used [0x0000000080000000,0x0000000085e71d48,0x0000000094200000)
 Metaspace       used 95623K, capacity 99568K, committed 99788K, reserved 1136640K
  class space    used 11476K, capacity 12062K, committed 12160K, reserved 1048576K
2023-10-31T07:17:39.214+0600: 4221123.457: [GC (Allocation Failure) [PSYoungGen: 160242K->3538K(168960K)] 256953K->100249K(498688K), 0.0194796 secs] [Times: user=0.01 sys=0.02, real=0.02 secs] 
Heap after GC invocations=1014 (full 4):
 PSYoungGen      total 168960K, used 3538K [0x00000000d5580000, 0x00000000e0600000, 0x0000000100000000)
  eden space 157184K, 0% used [0x00000000d5580000,0x00000000d5580000,0x00000000def00000)
  from space 11776K, 30% used [0x00000000dfa80000,0x00000000dfdf4820,0x00000000e0600000)
  to   space 11776K, 0% used [0x00000000def00000,0x00000000def00000,0x00000000dfa80000)
 ParOldGen       total 329728K, used 96711K [0x0000000080000000, 0x0000000094200000, 0x00000000d5580000)
  object space 329728K, 29% used [0x0000000080000000,0x0000000085e71d48,0x0000000094200000)
 Metaspace       used 95623K, capacity 99568K, committed 99788K, reserved 1136640K
  class space    used 11476K, capacity 12062K, committed 12160K, reserved 1048576K
}
{Heap before GC invocations=1015 (full 4):
 PSYoungGen      total 168960K, used 160722K [0x00000000d5580000, 0x00000000e0600000, 0x0000000100000000)
  eden space 157184K, 100% used [0x00000000d5580000,0x00000000def00000,0x00000000def00000)
  from space 11776K, 30% used [0x00000000dfa80000,0x00000000dfdf4820,0x00000000e0600000)
  to   space 11776K, 0% used [0x00000000def00000,0x00000000def00000,0x00000000dfa80000)
 ParOldGen       total 329728K, used 96711K [0x0000000080000000, 0x0000000094200000, 0x00000000d5580000)
  object space 329728K, 29% used [0x0000000080000000,0x0000000085e71d48,0x0000000094200000)
 Metaspace       used 95623K, capacity 99568K, committed 99788K, reserved 1136640K
  class space    used 11476K, capacity 12062K, committed 12160K, reserved 1048576K
2023-10-31T09:22:41.507+0600: 4228625.751: [GC (Allocation Failure) [PSYoungGen: 160722K->3570K(168960K)] 257433K->100281K(498688K), 0.0141177 secs] [Times: user=0.01 sys=0.01, real=0.01 secs] 
Heap after GC invocations=1015 (full 4):
 PSYoungGen      total 168960K, used 3570K [0x00000000d5580000, 0x00000000e0580000, 0x0000000100000000)
  eden space 157184K, 0% used [0x00000000d5580000,0x00000000d5580000,0x00000000def00000)
  from space 11776K, 30% used [0x00000000def00000,0x00000000df27c820,0x00000000dfa80000)
  to   space 11264K, 0% used [0x00000000dfa80000,0x00000000dfa80000,0x00000000e0580000)
 ParOldGen       total 329728K, used 96711K [0x0000000080000000, 0x0000000094200000, 0x00000000d5580000)
  object space 329728K, 29% used [0x0000000080000000,0x0000000085e71d48,0x0000000094200000)
 Metaspace       used 95623K, capacity 99568K, committed 99788K, reserved 1136640K
  class space    used 11476K, capacity 12062K, committed 12160K, reserved 1048576K
}
{Heap before GC invocations=1016 (full 4):
 PSYoungGen      total 168960K, used 160754K [0x00000000d5580000, 0x00000000e0580000, 0x0000000100000000)
  eden space 157184K, 100% used [0x00000000d5580000,0x00000000def00000,0x00000000def00000)
  from space 11776K, 30% used [0x00000000def00000,0x00000000df27c820,0x00000000dfa80000)
  to   space 11264K, 0% used [0x00000000dfa80000,0x00000000dfa80000,0x00000000e0580000)
 ParOldGen       total 329728K, used 96711K [0x0000000080000000, 0x0000000094200000, 0x00000000d5580000)
  object space 329728K, 29% used [0x0000000080000000,0x0000000085e71d48,0x0000000094200000)
 Metaspace       used 95631K, capacity 99586K, committed 99788K, reserved 1136640K
  class space    used 11478K, capacity 12065K, committed 12160K, reserved 1048576K
2023-10-31T11:11:58.727+0600: 4235182.971: [GC (Allocation Failure) [PSYoungGen: 160754K->5313K(167936K)] 257465K->102024K(497664K), 0.0197478 secs] [Times: user=0.03 sys=0.00, real=0.02 secs] 
Heap after GC invocations=1016 (full 4):
 PSYoungGen      total 167936K, used 5313K [0x00000000d5580000, 0x00000000e0480000, 0x0000000100000000)
  eden space 157696K, 0% used [0x00000000d5580000,0x00000000d5580000,0x00000000def80000)
  from space 10240K, 51% used [0x00000000dfa80000,0x00000000dffb04c0,0x00000000e0480000)
  to   space 10752K, 0% used [0x00000000def80000,0x00000000def80000,0x00000000dfa00000)
 ParOldGen       total 329728K, used 96711K [0x0000000080000000, 0x0000000094200000, 0x00000000d5580000)
  object space 329728K, 29% used [0x0000000080000000,0x0000000085e71d48,0x0000000094200000)
 Metaspace       used 95631K, capacity 99586K, committed 99788K, reserved 1136640K
  class space    used 11478K, capacity 12065K, committed 12160K, reserved 1048576K
}
{Heap before GC invocations=1017 (full 4):
 PSYoungGen      total 167936K, used 163009K [0x00000000d5580000, 0x00000000e0480000, 0x0000000100000000)
  eden space 157696K, 100% used [0x00000000d5580000,0x00000000def80000,0x00000000def80000)
  from space 10240K, 51% used [0x00000000dfa80000,0x00000000dffb04c0,0x00000000e0480000)
  to   space 10752K, 0% used [0x00000000def80000,0x00000000def80000,0x00000000dfa00000)
 ParOldGen       total 329728K, used 96711K [0x0000000080000000, 0x0000000094200000, 0x00000000d5580000)
  object space 329728K, 29% used [0x0000000080000000,0x0000000085e71d48,0x0000000094200000)
 Metaspace       used 95631K, capacity 99586K, committed 99788K, reserved 1136640K
  class space    used 11478K, capacity 12065K, committed 12160K, reserved 1048576K
2023-10-31T13:00:37.027+0600: 4241701.270: [GC (Allocation Failure) [PSYoungGen: 163009K->5812K(168448K)] 259720K->102563K(498176K), 0.0181557 secs] [Times: user=0.02 sys=0.01, real=0.02 secs] 
Heap after GC invocations=1017 (full 4):
 PSYoungGen      total 168448K, used 5812K [0x00000000d5580000, 0x00000000e0500000, 0x0000000100000000)
  eden space 157696K, 0% used [0x00000000d5580000,0x00000000d5580000,0x00000000def80000)
  from space 10752K, 54% used [0x00000000def80000,0x00000000df52d260,0x00000000dfa00000)
  to   space 10752K, 0% used [0x00000000dfa80000,0x00000000dfa80000,0x00000000e0500000)
 ParOldGen       total 329728K, used 96751K [0x0000000080000000, 0x0000000094200000, 0x00000000d5580000)
  object space 329728K, 29% used [0x0000000080000000,0x0000000085e7bd48,0x0000000094200000)
 Metaspace       used 95631K, capacity 99586K, committed 99788K, reserved 1136640K
  class space    used 11478K, capacity 12065K, committed 12160K, reserved 1048576K
}
{Heap before GC invocations=1018 (full 4):
 PSYoungGen      total 168448K, used 163508K [0x00000000d5580000, 0x00000000e0500000, 0x0000000100000000)
  eden space 157696K, 100% used [0x00000000d5580000,0x00000000def80000,0x00000000def80000)
  from space 10752K, 54% used [0x00000000def80000,0x00000000df52d260,0x00000000dfa00000)
  to   space 10752K, 0% used [0x00000000dfa80000,0x00000000dfa80000,0x00000000e0500000)
 ParOldGen       total 329728K, used 96751K [0x0000000080000000, 0x0000000094200000, 0x00000000d5580000)
  object space 329728K, 29% used [0x0000000080000000,0x0000000085e7bd48,0x0000000094200000)
 Metaspace       used 95635K, capacity 99586K, committed 99788K, reserved 1136640K
  class space    used 11478K, capacity 12065K, committed 12160K, reserved 1048576K
2023-10-31T14:15:00.527+0600: 4246164.770: [GC (Allocation Failure) [PSYoungGen: 163508K->8630K(168448K)] 260259K->105414K(498176K), 0.0243019 secs] [Times: user=0.02 sys=0.02, real=0.02 secs] 
Heap after GC invocations=1018 (full 4):
 PSYoungGen      total 168448K, used 8630K [0x00000000d5580000, 0x00000000e0600000, 0x0000000100000000)
  eden space 157696K, 0% used [0x00000000d5580000,0x00000000d5580000,0x00000000def80000)
  from space 10752K, 80% used [0x00000000dfa80000,0x00000000e02edbe0,0x00000000e0500000)
  to   space 11264K, 0% used [0x00000000def80000,0x00000000def80000,0x00000000dfa80000)
 ParOldGen       total 329728K, used 96783K [0x0000000080000000, 0x0000000094200000, 0x00000000d5580000)
  object space 329728K, 29% used [0x0000000080000000,0x0000000085e83d48,0x0000000094200000)
 Metaspace       used 95635K, capacity 99586K, committed 99788K, reserved 1136640K
  class space    used 11478K, capacity 12065K, committed 12160K, reserved 1048576K
}
{Heap before GC invocations=1019 (full 4):
 PSYoungGen      total 168448K, used 166326K [0x00000000d5580000, 0x00000000e0600000, 0x0000000100000000)
  eden space 157696K, 100% used [0x00000000d5580000,0x00000000def80000,0x00000000def80000)
  from space 10752K, 80% used [0x00000000dfa80000,0x00000000e02edbe0,0x00000000e0500000)
  to   space 11264K, 0% used [0x00000000def80000,0x00000000def80000,0x00000000dfa80000)
 ParOldGen       total 329728K, used 96783K [0x0000000080000000, 0x0000000094200000, 0x00000000d5580000)
  object space 329728K, 29% used [0x0000000080000000,0x0000000085e83d48,0x0000000094200000)
 Metaspace       used 95635K, capacity 99586K, committed 99788K, reserved 1136640K
  class space    used 11478K, capacity 12065K, committed 12160K, reserved 1048576K
2023-10-31T16:06:08.476+0600: 4252832.719: [GC (Allocation Failure) [PSYoungGen: 166326K->5219K(168960K)] 263110K->102026K(498688K), 0.0180996 secs] [Times: user=0.01 sys=0.02, real=0.02 secs] 
Heap after GC invocations=1019 (full 4):
 PSYoungGen      total 168960K, used 5219K [0x00000000d5580000, 0x00000000e0500000, 0x0000000100000000)
  eden space 157696K, 0% used [0x00000000d5580000,0x00000000d5580000,0x00000000def80000)
  from space 11264K, 46% used [0x00000000def80000,0x00000000df498db0,0x00000000dfa80000)
  to   space 10752K, 0% used [0x00000000dfa80000,0x00000000dfa80000,0x00000000e0500000)
 ParOldGen       total 329728K, used 96807K [0x0000000080000000, 0x0000000094200000, 0x00000000d5580000)
  object space 329728K, 29% used [0x0000000080000000,0x0000000085e89d48,0x0000000094200000)
 Metaspace       used 95635K, capacity 99586K, committed 99788K, reserved 1136640K
  class space    used 11478K, capacity 12065K, committed 12160K, reserved 1048576K
}
{Heap before GC invocations=1020 (full 4):
 PSYoungGen      total 168960K, used 162915K [0x00000000d5580000, 0x00000000e0500000, 0x0000000100000000)
  eden space 157696K, 99% used [0x00000000d5580000,0x00000000def7ffe8,0x00000000def80000)
  from space 11264K, 46% used [0x00000000def80000,0x00000000df498db0,0x00000000dfa80000)
  to   space 10752K, 0% used [0x00000000dfa80000,0x00000000dfa80000,0x00000000e0500000)
 ParOldGen       total 329728K, used 96807K [0x0000000080000000, 0x0000000094200000, 0x00000000d5580000)
  object space 329728K, 29% used [0x0000000080000000,0x0000000085e89f70,0x0000000094200000)
 Metaspace       used 95635K, capacity 99586K, committed 99788K, reserved 1136640K
  class space    used 11478K, capacity 12065K, committed 12160K, reserved 1048576K
2023-10-31T18:01:11.660+0600: 4259735.904: [GC (GCLocker Initiated GC) [PSYoungGen: 162915K->5187K(167936K)] 259723K->102011K(497664K), 0.0134233 secs] [Times: user=0.02 sys=0.00, real=0.02 secs] 
Heap after GC invocations=1020 (full 4):
 PSYoungGen      total 167936K, used 5187K [0x00000000d5580000, 0x00000000e0400000, 0x0000000100000000)
  eden space 158208K, 0% used [0x00000000d5580000,0x00000000d5580000,0x00000000df000000)
  from space 9728K, 53% used [0x00000000dfa80000,0x00000000dff90dd0,0x00000000e0400000)
  to   space 10240K, 0% used [0x00000000df000000,0x00000000df000000,0x00000000dfa00000)
 ParOldGen       total 329728K, used 96823K [0x0000000080000000, 0x0000000094200000, 0x00000000d5580000)
  object space 329728K, 29% used [0x0000000080000000,0x0000000085e8df70,0x0000000094200000)
 Metaspace       used 95635K, capacity 99586K, committed 99788K, reserved 1136640K
  class space    used 11478K, capacity 12065K, committed 12160K, reserved 1048576K
}
{Heap before GC invocations=1021 (full 4):
 PSYoungGen      total 167936K, used 163395K [0x00000000d5580000, 0x00000000e0400000, 0x0000000100000000)
  eden space 158208K, 100% used [0x00000000d5580000,0x00000000df000000,0x00000000df000000)
  from space 9728K, 53% used [0x00000000dfa80000,0x00000000dff90dd0,0x00000000e0400000)
  to   space 10240K, 0% used [0x00000000df000000,0x00000000df000000,0x00000000dfa00000)
 ParOldGen       total 329728K, used 96825K [0x0000000080000000, 0x0000000094200000, 0x00000000d5580000)
  object space 329728K, 29% used [0x0000000080000000,0x0000000085e8e750,0x0000000094200000)
 Metaspace       used 95653K, capacity 99646K, committed 99788K, reserved 1136640K
  class space    used 11483K, capacity 12075K, committed 12160K, reserved 1048576K
2023-10-31T19:41:40.283+0600: 4265764.526: [GC (Allocation Failure) [PSYoungGen: 163395K->7331K(168448K)] 260221K->104181K(498176K), 0.0175232 secs] [Times: user=0.03 sys=0.00, real=0.02 secs] 
Heap after GC invocations=1021 (full 4):
 PSYoungGen      total 168448K, used 7331K [0x00000000d5580000, 0x00000000e0580000, 0x0000000100000000)
  eden space 158208K, 0% used [0x00000000d5580000,0x00000000d5580000,0x00000000df000000)
  from space 10240K, 71% used [0x00000000df000000,0x00000000df728e40,0x00000000dfa00000)
  to   space 10752K, 0% used [0x00000000dfb00000,0x00000000dfb00000,0x00000000e0580000)
 ParOldGen       total 329728K, used 96849K [0x0000000080000000, 0x0000000094200000, 0x00000000d5580000)
  object space 329728K, 29% used [0x0000000080000000,0x0000000085e946a0,0x0000000094200000)
 Metaspace       used 95653K, capacity 99646K, committed 99788K, reserved 1136640K
  class space    used 11483K, capacity 12075K, committed 12160K, reserved 1048576K
}
{Heap before GC invocations=1022 (full 4):
 PSYoungGen      total 168448K, used 165539K [0x00000000d5580000, 0x00000000e0580000, 0x0000000100000000)
  eden space 158208K, 100% used [0x00000000d5580000,0x00000000df000000,0x00000000df000000)
  from space 10240K, 71% used [0x00000000df000000,0x00000000df728e40,0x00000000dfa00000)
  to   space 10752K, 0% used [0x00000000dfb00000,0x00000000dfb00000,0x00000000e0580000)
 ParOldGen       total 329728K, used 96849K [0x0000000080000000, 0x0000000094200000, 0x00000000d5580000)
  object space 329728K, 29% used [0x0000000080000000,0x0000000085e946a0,0x0000000094200000)
 Metaspace       used 95653K, capacity 99646K, committed 99788K, reserved 1136640K
  class space    used 11483K, capacity 12075K, committed 12160K, reserved 1048576K
2023-10-31T21:29:39.463+0600: 4272243.706: [GC (Allocation Failure) [PSYoungGen: 165539K->4320K(168448K)] 262389K->101193K(498176K), 0.0176991 secs] [Times: user=0.03 sys=0.00, real=0.02 secs] 
Heap after GC invocations=1022 (full 4):
 PSYoungGen      total 168448K, used 4320K [0x00000000d5580000, 0x00000000e0480000, 0x0000000100000000)
  eden space 158720K, 0% used [0x00000000d5580000,0x00000000d5580000,0x00000000df080000)
  from space 9728K, 44% used [0x00000000dfb00000,0x00000000dff38000,0x00000000e0480000)
  to   space 10240K, 0% used [0x00000000df080000,0x00000000df080000,0x00000000dfa80000)
 ParOldGen       total 329728K, used 96873K [0x0000000080000000, 0x0000000094200000, 0x00000000d5580000)
  object space 329728K, 29% used [0x0000000080000000,0x0000000085e9a6a0,0x0000000094200000)
 Metaspace       used 95653K, capacity 99646K, committed 99788K, reserved 1136640K
  class space    used 11483K, capacity 12075K, committed 12160K, reserved 1048576K
}
{Heap before GC invocations=1023 (full 4):
 PSYoungGen      total 168448K, used 163040K [0x00000000d5580000, 0x00000000e0480000, 0x0000000100000000)
  eden space 158720K, 100% used [0x00000000d5580000,0x00000000df080000,0x00000000df080000)
  from space 9728K, 44% used [0x00000000dfb00000,0x00000000dff38000,0x00000000e0480000)
  to   space 10240K, 0% used [0x00000000df080000,0x00000000df080000,0x00000000dfa80000)
 ParOldGen       total 329728K, used 96873K [0x0000000080000000, 0x0000000094200000, 0x00000000d5580000)
  object space 329728K, 29% used [0x0000000080000000,0x0000000085e9a6a0,0x0000000094200000)
 Metaspace       used 95653K, capacity 99646K, committed 99788K, reserved 1136640K
  class space    used 11483K, capacity 12075K, committed 12160K, reserved 1048576K
2023-10-31T23:39:23.900+0600: 4280028.144: [GC (Allocation Failure) [PSYoungGen: 163040K->3392K(168960K)] 259913K->100281K(498688K), 0.0177755 secs] [Times: user=0.03 sys=0.00, real=0.02 secs] 
Heap after GC invocations=1023 (full 4):
 PSYoungGen      total 168960K, used 3392K [0x00000000d5580000, 0x00000000e0500000, 0x0000000100000000)
  eden space 158720K, 0% used [0x00000000d5580000,0x00000000d5580000,0x00000000df080000)
  from space 10240K, 33% used [0x00000000df080000,0x00000000df3d0000,0x00000000dfa80000)
  to   space 10240K, 0% used [0x00000000dfb00000,0x00000000dfb00000,0x00000000e0500000)
 ParOldGen       total 329728K, used 96889K [0x0000000080000000, 0x0000000094200000, 0x00000000d5580000)
  object space 329728K, 29% used [0x0000000080000000,0x0000000085e9e6a0,0x0000000094200000)
 Metaspace       used 95653K, capacity 99646K, committed 99788K, reserved 1136640K
  class space    used 11483K, capacity 12075K, committed 12160K, reserved 1048576K
}
{Heap before GC invocations=1024 (full 4):
 PSYoungGen      total 168960K, used 162112K [0x00000000d5580000, 0x00000000e0500000, 0x0000000100000000)
  eden space 158720K, 100% used [0x00000000d5580000,0x00000000df080000,0x00000000df080000)
  from space 10240K, 33% used [0x00000000df080000,0x00000000df3d0000,0x00000000dfa80000)
  to   space 10240K, 0% used [0x00000000dfb00000,0x00000000dfb00000,0x00000000e0500000)
 ParOldGen       total 329728K, used 96889K [0x0000000080000000, 0x0000000094200000, 0x00000000d5580000)
  object space 329728K, 29% used [0x0000000080000000,0x0000000085e9e6a0,0x0000000094200000)
 Metaspace       used 95653K, capacity 99646K, committed 99788K, reserved 1136640K
  class space    used 11483K, capacity 12075K, committed 12160K, reserved 1048576K
2023-11-01T01:47:18.244+0600: 4287702.487: [GC (Allocation Failure) [PSYoungGen: 162112K->3552K(169472K)] 259001K->100457K(499200K), 0.0170777 secs] [Times: user=0.01 sys=0.01, real=0.01 secs] 
Heap after GC invocations=1024 (full 4):
 PSYoungGen      total 169472K, used 3552K [0x00000000d5580000, 0x00000000e0500000, 0x0000000100000000)
  eden space 159232K, 0% used [0x00000000d5580000,0x00000000d5580000,0x00000000df100000)
  from space 10240K, 34% used [0x00000000dfb00000,0x00000000dfe78010,0x00000000e0500000)
  to   space 10240K, 0% used [0x00000000df100000,0x00000000df100000,0x00000000dfb00000)
 ParOldGen       total 329728K, used 96905K [0x0000000080000000, 0x0000000094200000, 0x00000000d5580000)
  object space 329728K, 29% used [0x0000000080000000,0x0000000085ea26a0,0x0000000094200000)
 Metaspace       used 95653K, capacity 99646K, committed 99788K, reserved 1136640K
  class space    used 11483K, capacity 12075K, committed 12160K, reserved 1048576K
}
{Heap before GC invocations=1025 (full 4):
 PSYoungGen      total 169472K, used 162784K [0x00000000d5580000, 0x00000000e0500000, 0x0000000100000000)
  eden space 159232K, 100% used [0x00000000d5580000,0x00000000df100000,0x00000000df100000)
  from space 10240K, 34% used [0x00000000dfb00000,0x00000000dfe78010,0x00000000e0500000)
  to   space 10240K, 0% used [0x00000000df100000,0x00000000df100000,0x00000000dfb00000)
 ParOldGen       total 329728K, used 96905K [0x0000000080000000, 0x0000000094200000, 0x00000000d5580000)
  object space 329728K, 29% used [0x0000000080000000,0x0000000085ea26a0,0x0000000094200000)
 Metaspace       used 95653K, capacity 99646K, committed 99788K, reserved 1136640K
  class space    used 11483K, capacity 12075K, committed 12160K, reserved 1048576K
2023-11-01T03:57:41.454+0600: 4295525.697: [GC (Allocation Failure) [PSYoungGen: 162784K->3328K(169472K)] 259689K->100249K(499200K), 0.0155615 secs] [Times: user=0.01 sys=0.02, real=0.01 secs] 
Heap after GC invocations=1025 (full 4):
 PSYoungGen      total 169472K, used 3328K [0x00000000d5580000, 0x00000000e0580000, 0x0000000100000000)
  eden space 159232K, 0% used [0x00000000d5580000,0x00000000d5580000,0x00000000df100000)
  from space 10240K, 32% used [0x00000000df100000,0x00000000df440000,0x00000000dfb00000)
  to   space 10240K, 0% used [0x00000000dfb80000,0x00000000dfb80000,0x00000000e0580000)
 ParOldGen       total 329728K, used 96921K [0x0000000080000000, 0x0000000094200000, 0x00000000d5580000)
  object space 329728K, 29% used [0x0000000080000000,0x0000000085ea66a0,0x0000000094200000)
 Metaspace       used 95653K, capacity 99646K, committed 99788K, reserved 1136640K
  class space    used 11483K, capacity 12075K, committed 12160K, reserved 1048576K
}
{Heap before GC invocations=1026 (full 4):
 PSYoungGen      total 169472K, used 162560K [0x00000000d5580000, 0x00000000e0580000, 0x0000000100000000)
  eden space 159232K, 100% used [0x00000000d5580000,0x00000000df100000,0x00000000df100000)
  from space 10240K, 32% used [0x00000000df100000,0x00000000df440000,0x00000000dfb00000)
  to   space 10240K, 0% used [0x00000000dfb80000,0x00000000dfb80000,0x00000000e0580000)
 ParOldGen       total 329728K, used 96921K [0x0000000080000000, 0x0000000094200000, 0x00000000d5580000)
  object space 329728K, 29% used [0x0000000080000000,0x0000000085ea66a0,0x0000000094200000)
 Metaspace       used 95653K, capacity 99646K, committed 99788K, reserved 1136640K
  class space    used 11483K, capacity 12075K, committed 12160K, reserved 1048576K
2023-11-01T06:05:24.546+0600: 4303188.789: [GC (Allocation Failure) [PSYoungGen: 162560K->3392K(168960K)] 259481K->100329K(498688K), 0.0165405 secs] [Times: user=0.03 sys=0.00, real=0.01 secs] 
Heap after GC invocations=1026 (full 4):
 PSYoungGen      total 168960K, used 3392K [0x00000000d5580000, 0x00000000e0480000, 0x0000000100000000)
  eden space 159744K, 0% used [0x00000000d5580000,0x00000000d5580000,0x00000000df180000)
  from space 9216K, 36% used [0x00000000dfb80000,0x00000000dfed0000,0x00000000e0480000)
  to   space 9728K, 0% used [0x00000000df180000,0x00000000df180000,0x00000000dfb00000)
 ParOldGen       total 329728K, used 96937K [0x0000000080000000, 0x0000000094200000, 0x00000000d5580000)
  object space 329728K, 29% used [0x0000000080000000,0x0000000085eaa6a0,0x0000000094200000)
 Metaspace       used 95653K, capacity 99646K, committed 99788K, reserved 1136640K
  class space    used 11483K, capacity 12075K, committed 12160K, reserved 1048576K
}
{Heap before GC invocations=1027 (full 4):
 PSYoungGen      total 168960K, used 163136K [0x00000000d5580000, 0x00000000e0480000, 0x0000000100000000)
  eden space 159744K, 100% used [0x00000000d5580000,0x00000000df180000,0x00000000df180000)
  from space 9216K, 36% used [0x00000000dfb80000,0x00000000dfed0000,0x00000000e0480000)
  to   space 9728K, 0% used [0x00000000df180000,0x00000000df180000,0x00000000dfb00000)
 ParOldGen       total 329728K, used 96937K [0x0000000080000000, 0x0000000094200000, 0x00000000d5580000)
  object space 329728K, 29% used [0x0000000080000000,0x0000000085eaa6a0,0x0000000094200000)
 Metaspace       used 95653K, capacity 99646K, committed 99788K, reserved 1136640K
  class space    used 11483K, capacity 12075K, committed 12160K, reserved 1048576K
2023-11-01T08:15:14.439+0600: 4310978.682: [GC (Allocation Failure) [PSYoungGen: 163136K->3392K(169472K)] 260073K->100345K(499200K), 0.0168881 secs] [Times: user=0.01 sys=0.01, real=0.02 secs] 
Heap after GC invocations=1027 (full 4):
 PSYoungGen      total 169472K, used 3392K [0x00000000d5580000, 0x00000000e0500000, 0x0000000100000000)
  eden space 159744K, 0% used [0x00000000d5580000,0x00000000d5580000,0x00000000df180000)
  from space 9728K, 34% used [0x00000000df180000,0x00000000df4d0000,0x00000000dfb00000)
  to   space 9728K, 0% used [0x00000000dfb80000,0x00000000dfb80000,0x00000000e0500000)
 ParOldGen       total 329728K, used 96953K [0x0000000080000000, 0x0000000094200000, 0x00000000d5580000)
  object space 329728K, 29% used [0x0000000080000000,0x0000000085eae6a0,0x0000000094200000)
 Metaspace       used 95653K, capacity 99646K, committed 99788K, reserved 1136640K
  class space    used 11483K, capacity 12075K, committed 12160K, reserved 1048576K
}
{Heap before GC invocations=1028 (full 4):
 PSYoungGen      total 169472K, used 163136K [0x00000000d5580000, 0x00000000e0500000, 0x0000000100000000)
  eden space 159744K, 100% used [0x00000000d5580000,0x00000000df180000,0x00000000df180000)
  from space 9728K, 34% used [0x00000000df180000,0x00000000df4d0000,0x00000000dfb00000)
  to   space 9728K, 0% used [0x00000000dfb80000,0x00000000dfb80000,0x00000000e0500000)
 ParOldGen       total 329728K, used 96953K [0x0000000080000000, 0x0000000094200000, 0x00000000d5580000)
  object space 329728K, 29% used [0x0000000080000000,0x0000000085eae6a0,0x0000000094200000)
 Metaspace       used 95653K, capacity 99646K, committed 99788K, reserved 1136640K
  class space    used 11483K, capacity 12075K, committed 12160K, reserved 1048576K
2023-11-01T10:25:27.337+0600: 4318791.580: [GC (Allocation Failure) [PSYoungGen: 163136K->3392K(168960K)] 260089K->100345K(498688K), 0.0142432 secs] [Times: user=0.01 sys=0.01, real=0.01 secs] 
Heap after GC invocations=1028 (full 4):
 PSYoungGen      total 168960K, used 3392K [0x00000000d5580000, 0x00000000e0400000, 0x0000000100000000)
  eden space 160256K, 0% used [0x00000000d5580000,0x00000000d5580000,0x00000000df200000)
  from space 8704K, 38% used [0x00000000dfb80000,0x00000000dfed0010,0x00000000e0400000)
  to   space 9216K, 0% used [0x00000000df200000,0x00000000df200000,0x00000000dfb00000)
 ParOldGen       total 329728K, used 96953K [0x0000000080000000, 0x0000000094200000, 0x00000000d5580000)
  object space 329728K, 29% used [0x0000000080000000,0x0000000085eae6a0,0x0000000094200000)
 Metaspace       used 95653K, capacity 99646K, committed 99788K, reserved 1136640K
  class space    used 11483K, capacity 12075K, committed 12160K, reserved 1048576K
}
{Heap before GC invocations=1029 (full 4):
 PSYoungGen      total 168960K, used 163648K [0x00000000d5580000, 0x00000000e0400000, 0x0000000100000000)
  eden space 160256K, 100% used [0x00000000d5580000,0x00000000df200000,0x00000000df200000)
  from space 8704K, 38% used [0x00000000dfb80000,0x00000000dfed0010,0x00000000e0400000)
  to   space 9216K, 0% used [0x00000000df200000,0x00000000df200000,0x00000000dfb00000)
 ParOldGen       total 329728K, used 96953K [0x0000000080000000, 0x0000000094200000, 0x00000000d5580000)
  object space 329728K, 29% used [0x0000000080000000,0x0000000085eae6a0,0x0000000094200000)
 Metaspace       used 95660K, capacity 99664K, committed 99788K, reserved 1136640K
  class space    used 11485K, capacity 12078K, committed 12160K, reserved 1048576K
2023-11-01T11:55:04.106+0600: 4324168.349: [GC (Allocation Failure) [PSYoungGen: 163648K->8661K(169472K)] 260601K->105615K(499200K), 0.0211171 secs] [Times: user=0.02 sys=0.02, real=0.02 secs] 
Heap after GC invocations=1029 (full 4):
 PSYoungGen      total 169472K, used 8661K [0x00000000d5580000, 0x00000000e0680000, 0x0000000100000000)
  eden space 160256K, 0% used [0x00000000d5580000,0x00000000d5580000,0x00000000df200000)
  from space 9216K, 93% used [0x00000000df200000,0x00000000dfa75790,0x00000000dfb00000)
  to   space 10240K, 0% used [0x00000000dfc80000,0x00000000dfc80000,0x00000000e0680000)
 ParOldGen       total 329728K, used 96953K [0x0000000080000000, 0x0000000094200000, 0x00000000d5580000)
  object space 329728K, 29% used [0x0000000080000000,0x0000000085eae6a0,0x0000000094200000)
 Metaspace       used 95660K, capacity 99664K, committed 99788K, reserved 1136640K
  class space    used 11485K, capacity 12078K, committed 12160K, reserved 1048576K
}
{Heap before GC invocations=1030 (full 4):
 PSYoungGen      total 169472K, used 168917K [0x00000000d5580000, 0x00000000e0680000, 0x0000000100000000)
  eden space 160256K, 100% used [0x00000000d5580000,0x00000000df200000,0x00000000df200000)
  from space 9216K, 93% used [0x00000000df200000,0x00000000dfa75790,0x00000000dfb00000)
  to   space 10240K, 0% used [0x00000000dfc80000,0x00000000dfc80000,0x00000000e0680000)
 ParOldGen       total 329728K, used 96953K [0x0000000080000000, 0x0000000094200000, 0x00000000d5580000)
  object space 329728K, 29% used [0x0000000080000000,0x0000000085eae6a0,0x0000000094200000)
 Metaspace       used 95660K, capacity 99664K, committed 99788K, reserved 1136640K
  class space    used 11485K, capacity 12078K, committed 12160K, reserved 1048576K
2023-11-01T13:49:16.125+0600: 4331020.368: [GC (Allocation Failure) [PSYoungGen: 168917K->5473K(171008K)] 265871K->102427K(500736K), 0.0211320 secs] [Times: user=0.02 sys=0.02, real=0.02 secs] 
Heap after GC invocations=1030 (full 4):
 PSYoungGen      total 171008K, used 5473K [0x00000000d5580000, 0x00000000e0680000, 0x0000000100000000)
  eden space 160768K, 0% used [0x00000000d5580000,0x00000000d5580000,0x00000000df280000)
  from space 10240K, 53% used [0x00000000dfc80000,0x00000000e01d8720,0x00000000e0680000)
  to   space 10240K, 0% used [0x00000000df280000,0x00000000df280000,0x00000000dfc80000)
 ParOldGen       total 329728K, used 96953K [0x0000000080000000, 0x0000000094200000, 0x00000000d5580000)
  object space 329728K, 29% used [0x0000000080000000,0x0000000085eae6a0,0x0000000094200000)
 Metaspace       used 95660K, capacity 99664K, committed 99788K, reserved 1136640K
  class space    used 11485K, capacity 12078K, committed 12160K, reserved 1048576K
}
{Heap before GC invocations=1031 (full 4):
 PSYoungGen      total 171008K, used 166241K [0x00000000d5580000, 0x00000000e0680000, 0x0000000100000000)
  eden space 160768K, 100% used [0x00000000d5580000,0x00000000df280000,0x00000000df280000)
  from space 10240K, 53% used [0x00000000dfc80000,0x00000000e01d8720,0x00000000e0680000)
  to   space 10240K, 0% used [0x00000000df280000,0x00000000df280000,0x00000000dfc80000)
 ParOldGen       total 329728K, used 96953K [0x0000000080000000, 0x0000000094200000, 0x00000000d5580000)
  object space 329728K, 29% used [0x0000000080000000,0x0000000085eae6a0,0x0000000094200000)
 Metaspace       used 95661K, capacity 99664K, committed 99788K, reserved 1136640K
  class space    used 11485K, capacity 12078K, committed 12160K, reserved 1048576K
2023-11-01T15:48:37.558+0600: 4338181.801: [GC (Allocation Failure) [PSYoungGen: 166241K->4993K(171008K)] 263195K->101963K(500736K), 0.0168034 secs] [Times: user=0.03 sys=0.00, real=0.02 secs] 
Heap after GC invocations=1031 (full 4):
 PSYoungGen      total 171008K, used 4993K [0x00000000d5580000, 0x00000000e0600000, 0x0000000100000000)
  eden space 160768K, 0% used [0x00000000d5580000,0x00000000d5580000,0x00000000df280000)
  from space 10240K, 48% used [0x00000000df280000,0x00000000df760710,0x00000000dfc80000)
  to   space 9728K, 0% used [0x00000000dfc80000,0x00000000dfc80000,0x00000000e0600000)
 ParOldGen       total 329728K, used 96969K [0x0000000080000000, 0x0000000094200000, 0x00000000d5580000)
  object space 329728K, 29% used [0x0000000080000000,0x0000000085eb26a0,0x0000000094200000)
 Metaspace       used 95661K, capacity 99664K, committed 99788K, reserved 1136640K
  class space    used 11485K, capacity 12078K, committed 12160K, reserved 1048576K
}
{Heap before GC invocations=1032 (full 4):
 PSYoungGen      total 171008K, used 165758K [0x00000000d5580000, 0x00000000e0600000, 0x0000000100000000)
  eden space 160768K, 99% used [0x00000000d5580000,0x00000000df27f450,0x00000000df280000)
  from space 10240K, 48% used [0x00000000df280000,0x00000000df760710,0x00000000dfc80000)
  to   space 9728K, 0% used [0x00000000dfc80000,0x00000000dfc80000,0x00000000e0600000)
 ParOldGen       total 329728K, used 96969K [0x0000000080000000, 0x0000000094200000, 0x00000000d5580000)
  object space 329728K, 29% used [0x0000000080000000,0x0000000085eb26a0,0x0000000094200000)
 Metaspace       used 95668K, capacity 99682K, committed 99788K, reserved 1136640K
  class space    used 11487K, capacity 12081K, committed 12160K, reserved 1048576K
2023-11-01T17:08:40.533+0600: 4342984.776: [GC (Allocation Failure) [PSYoungGen: 165758K->9712K(169984K)] 262728K->106834K(499712K), 0.0257327 secs] [Times: user=0.01 sys=0.03, real=0.03 secs] 
Heap after GC invocations=1032 (full 4):
 PSYoungGen      total 169984K, used 9712K [0x00000000d5580000, 0x00000000e0800000, 0x0000000100000000)
  eden space 160256K, 0% used [0x00000000d5580000,0x00000000d5580000,0x00000000df200000)
  from space 9728K, 99% used [0x00000000dfc80000,0x00000000e05fc150,0x00000000e0600000)
  to   space 10752K, 0% used [0x00000000df200000,0x00000000df200000,0x00000000dfc80000)
 ParOldGen       total 329728K, used 97122K [0x0000000080000000, 0x0000000094200000, 0x00000000d5580000)
  object space 329728K, 29% used [0x0000000080000000,0x0000000085ed88f0,0x0000000094200000)
 Metaspace       used 95668K, capacity 99682K, committed 99788K, reserved 1136640K
  class space    used 11487K, capacity 12081K, committed 12160K, reserved 1048576K
}
{Heap before GC invocations=1033 (full 4):
 PSYoungGen      total 169984K, used 169968K [0x00000000d5580000, 0x00000000e0800000, 0x0000000100000000)
  eden space 160256K, 100% used [0x00000000d5580000,0x00000000df200000,0x00000000df200000)
  from space 9728K, 99% used [0x00000000dfc80000,0x00000000e05fc150,0x00000000e0600000)
  to   space 10752K, 0% used [0x00000000df200000,0x00000000df200000,0x00000000dfc80000)
 ParOldGen       total 329728K, used 97122K [0x0000000080000000, 0x0000000094200000, 0x00000000d5580000)
  object space 329728K, 29% used [0x0000000080000000,0x0000000085ed88f0,0x0000000094200000)
 Metaspace       used 95686K, capacity 99742K, committed 100044K, reserved 1136640K
  class space    used 11492K, capacity 12091K, committed 12160K, reserved 1048576K
2023-11-01T19:14:46.600+0600: 4350550.843: [GC (Allocation Failure) [PSYoungGen: 169968K->3856K(171008K)] 267090K->101018K(500736K), 0.0146889 secs] [Times: user=0.01 sys=0.02, real=0.02 secs] 
Heap after GC invocations=1033 (full 4):
 PSYoungGen      total 171008K, used 3856K [0x00000000d5580000, 0x00000000e0780000, 0x0000000100000000)
  eden space 160256K, 0% used [0x00000000d5580000,0x00000000d5580000,0x00000000df200000)
  from space 10752K, 35% used [0x00000000df200000,0x00000000df5c4250,0x00000000dfc80000)
  to   space 10752K, 0% used [0x00000000dfd00000,0x00000000dfd00000,0x00000000e0780000)
 ParOldGen       total 329728K, used 97162K [0x0000000080000000, 0x0000000094200000, 0x00000000d5580000)
  object space 329728K, 29% used [0x0000000080000000,0x0000000085ee28f0,0x0000000094200000)
 Metaspace       used 95686K, capacity 99742K, committed 100044K, reserved 1136640K
  class space    used 11492K, capacity 12091K, committed 12160K, reserved 1048576K
}
{Heap before GC invocations=1034 (full 4):
 PSYoungGen      total 171008K, used 164112K [0x00000000d5580000, 0x00000000e0780000, 0x0000000100000000)
  eden space 160256K, 100% used [0x00000000d5580000,0x00000000df200000,0x00000000df200000)
  from space 10752K, 35% used [0x00000000df200000,0x00000000df5c4250,0x00000000dfc80000)
  to   space 10752K, 0% used [0x00000000dfd00000,0x00000000dfd00000,0x00000000e0780000)
 ParOldGen       total 329728K, used 97162K [0x0000000080000000, 0x0000000094200000, 0x00000000d5580000)
  object space 329728K, 29% used [0x0000000080000000,0x0000000085ee28f0,0x0000000094200000)
 Metaspace       used 95686K, capacity 99742K, committed 100044K, reserved 1136640K
  class space    used 11493K, capacity 12091K, committed 12160K, reserved 1048576K
2023-11-01T21:12:35.203+0600: 4357619.446: [GC (Allocation Failure) [PSYoungGen: 164112K->4450K(170496K)] 261274K->101612K(500224K), 0.0196446 secs] [Times: user=0.02 sys=0.01, real=0.02 secs] 
Heap after GC invocations=1034 (full 4):
 PSYoungGen      total 170496K, used 4450K [0x00000000d5580000, 0x00000000e0680000, 0x0000000100000000)
  eden space 160768K, 0% used [0x00000000d5580000,0x00000000d5580000,0x00000000df280000)
  from space 9728K, 45% used [0x00000000dfd00000,0x00000000e01588e0,0x00000000e0680000)
  to   space 10240K, 0% used [0x00000000df280000,0x00000000df280000,0x00000000dfc80000)
 ParOldGen       total 329728K, used 97162K [0x0000000080000000, 0x0000000094200000, 0x00000000d5580000)
  object space 329728K, 29% used [0x0000000080000000,0x0000000085ee28f0,0x0000000094200000)
 Metaspace       used 95686K, capacity 99742K, committed 100044K, reserved 1136640K
  class space    used 11493K, capacity 12091K, committed 12160K, reserved 1048576K
}
{Heap before GC invocations=1035 (full 4):
 PSYoungGen      total 170496K, used 165218K [0x00000000d5580000, 0x00000000e0680000, 0x0000000100000000)
  eden space 160768K, 100% used [0x00000000d5580000,0x00000000df280000,0x00000000df280000)
  from space 9728K, 45% used [0x00000000dfd00000,0x00000000e01588e0,0x00000000e0680000)
  to   space 10240K, 0% used [0x00000000df280000,0x00000000df280000,0x00000000dfc80000)
 ParOldGen       total 329728K, used 97162K [0x0000000080000000, 0x0000000094200000, 0x00000000d5580000)
  object space 329728K, 29% used [0x0000000080000000,0x0000000085ee28f0,0x0000000094200000)
 Metaspace       used 95690K, capacity 99748K, committed 100044K, reserved 1136640K
  class space    used 11493K, capacity 12092K, committed 12160K, reserved 1048576K
2023-11-01T23:05:49.943+0600: 4364414.186: [GC (Allocation Failure) [PSYoungGen: 165218K->5988K(171008K)] 262380K->103174K(500736K), 0.0168468 secs] [Times: user=0.01 sys=0.02, real=0.02 secs] 
Heap after GC invocations=1035 (full 4):
 PSYoungGen      total 171008K, used 5988K [0x00000000d5580000, 0x00000000e0700000, 0x0000000100000000)
  eden space 160768K, 0% used [0x00000000d5580000,0x00000000d5580000,0x00000000df280000)
  from space 10240K, 58% used [0x00000000df280000,0x00000000df859050,0x00000000dfc80000)
  to   space 10240K, 0% used [0x00000000dfd00000,0x00000000dfd00000,0x00000000e0700000)
 ParOldGen       total 329728K, used 97186K [0x0000000080000000, 0x0000000094200000, 0x00000000d5580000)
  object space 329728K, 29% used [0x0000000080000000,0x0000000085ee88f0,0x0000000094200000)
 Metaspace       used 95690K, capacity 99748K, committed 100044K, reserved 1136640K
  class space    used 11493K, capacity 12092K, committed 12160K, reserved 1048576K
}
{Heap before GC invocations=1036 (full 4):
 PSYoungGen      total 171008K, used 166756K [0x00000000d5580000, 0x00000000e0700000, 0x0000000100000000)
  eden space 160768K, 100% used [0x00000000d5580000,0x00000000df280000,0x00000000df280000)
  from space 10240K, 58% used [0x00000000df280000,0x00000000df859050,0x00000000dfc80000)
  to   space 10240K, 0% used [0x00000000dfd00000,0x00000000dfd00000,0x00000000e0700000)
 ParOldGen       total 329728K, used 97186K [0x0000000080000000, 0x0000000094200000, 0x00000000d5580000)
  object space 329728K, 29% used [0x0000000080000000,0x0000000085ee88f0,0x0000000094200000)
 Metaspace       used 95690K, capacity 99748K, committed 100044K, reserved 1136640K
  class space    used 11493K, capacity 12092K, committed 12160K, reserved 1048576K
2023-11-02T01:10:00.271+0600: 4371864.514: [GC (Allocation Failure) [PSYoungGen: 166756K->4754K(170496K)] 263942K->101980K(500224K), 0.0189265 secs] [Times: user=0.02 sys=0.02, real=0.02 secs] 
Heap after GC invocations=1036 (full 4):
 PSYoungGen      total 170496K, used 4754K [0x00000000d5580000, 0x00000000e0600000, 0x0000000100000000)
  eden space 161280K, 0% used [0x00000000d5580000,0x00000000d5580000,0x00000000df300000)
  from space 9216K, 51% used [0x00000000dfd00000,0x00000000e01a4940,0x00000000e0600000)
  to   space 9728K, 0% used [0x00000000df300000,0x00000000df300000,0x00000000dfc80000)
 ParOldGen       total 329728K, used 97226K [0x0000000080000000, 0x0000000094200000, 0x00000000d5580000)
  object space 329728K, 29% used [0x0000000080000000,0x0000000085ef28f0,0x0000000094200000)
 Metaspace       used 95690K, capacity 99748K, committed 100044K, reserved 1136640K
  class space    used 11493K, capacity 12092K, committed 12160K, reserved 1048576K
}
{Heap before GC invocations=1037 (full 4):
 PSYoungGen      total 170496K, used 166034K [0x00000000d5580000, 0x00000000e0600000, 0x0000000100000000)
  eden space 161280K, 100% used [0x00000000d5580000,0x00000000df300000,0x00000000df300000)
  from space 9216K, 51% used [0x00000000dfd00000,0x00000000e01a4940,0x00000000e0600000)
  to   space 9728K, 0% used [0x00000000df300000,0x00000000df300000,0x00000000dfc80000)
 ParOldGen       total 329728K, used 97226K [0x0000000080000000, 0x0000000094200000, 0x00000000d5580000)
  object space 329728K, 29% used [0x0000000080000000,0x0000000085ef28f0,0x0000000094200000)
 Metaspace       used 95690K, capacity 99748K, committed 100044K, reserved 1136640K
  class space    used 11493K, capacity 12092K, committed 12160K, reserved 1048576K
2023-11-02T03:13:48.967+0600: 4379293.210: [GC (Allocation Failure) [PSYoungGen: 166034K->4322K(171008K)] 263260K->101589K(500736K), 0.0172294 secs] [Times: user=0.01 sys=0.02, real=0.02 secs] 
Heap after GC invocations=1037 (full 4):
 PSYoungGen      total 171008K, used 4322K [0x00000000d5580000, 0x00000000e0680000, 0x0000000100000000)
  eden space 161280K, 0% used [0x00000000d5580000,0x00000000d5580000,0x00000000df300000)
  from space 9728K, 44% used [0x00000000df300000,0x00000000df738b40,0x00000000dfc80000)
  to   space 9728K, 0% used [0x00000000dfd00000,0x00000000dfd00000,0x00000000e0680000)
 ParOldGen       total 329728K, used 97266K [0x0000000080000000, 0x0000000094200000, 0x00000000d5580000)
  object space 329728K, 29% used [0x0000000080000000,0x0000000085efc920,0x0000000094200000)
 Metaspace       used 95690K, capacity 99748K, committed 100044K, reserved 1136640K
  class space    used 11493K, capacity 12092K, committed 12160K, reserved 1048576K
}
{Heap before GC invocations=1038 (full 4):
 PSYoungGen      total 171008K, used 165602K [0x00000000d5580000, 0x00000000e0680000, 0x0000000100000000)
  eden space 161280K, 100% used [0x00000000d5580000,0x00000000df300000,0x00000000df300000)
  from space 9728K, 44% used [0x00000000df300000,0x00000000df738b40,0x00000000dfc80000)
  to   space 9728K, 0% used [0x00000000dfd00000,0x00000000dfd00000,0x00000000e0680000)
 ParOldGen       total 329728K, used 97266K [0x0000000080000000, 0x0000000094200000, 0x00000000d5580000)
  object space 329728K, 29% used [0x0000000080000000,0x0000000085efc920,0x0000000094200000)
 Metaspace       used 95690K, capacity 99748K, committed 100044K, reserved 1136640K
  class space    used 11493K, capacity 12092K, committed 12160K, reserved 1048576K
2023-11-02T05:20:22.457+0600: 4386886.700: [GC (Allocation Failure) [PSYoungGen: 165602K->3744K(170496K)] 262869K->101010K(500224K), 0.0149119 secs] [Times: user=0.01 sys=0.01, real=0.01 secs] 
Heap after GC invocations=1038 (full 4):
 PSYoungGen      total 170496K, used 3744K [0x00000000d5580000, 0x00000000e0580000, 0x0000000100000000)
  eden space 161792K, 0% used [0x00000000d5580000,0x00000000d5580000,0x00000000df380000)
  from space 8704K, 43% used [0x00000000dfd00000,0x00000000e00a8010,0x00000000e0580000)
  to   space 9216K, 0% used [0x00000000df380000,0x00000000df380000,0x00000000dfc80000)
 ParOldGen       total 329728K, used 97266K [0x0000000080000000, 0x0000000094200000, 0x00000000d5580000)
  object space 329728K, 29% used [0x0000000080000000,0x0000000085efc920,0x0000000094200000)
 Metaspace       used 95690K, capacity 99748K, committed 100044K, reserved 1136640K
  class space    used 11493K, capacity 12092K, committed 12160K, reserved 1048576K
}
{Heap before GC invocations=1039 (full 4):
 PSYoungGen      total 170496K, used 165536K [0x00000000d5580000, 0x00000000e0580000, 0x0000000100000000)
  eden space 161792K, 100% used [0x00000000d5580000,0x00000000df380000,0x00000000df380000)
  from space 8704K, 43% used [0x00000000dfd00000,0x00000000e00a8010,0x00000000e0580000)
  to   space 9216K, 0% used [0x00000000df380000,0x00000000df380000,0x00000000dfc80000)
 ParOldGen       total 329728K, used 97266K [0x0000000080000000, 0x0000000094200000, 0x00000000d5580000)
  object space 329728K, 29% used [0x0000000080000000,0x0000000085efc920,0x0000000094200000)
 Metaspace       used 95690K, capacity 99748K, committed 100044K, reserved 1136640K
  class space    used 11493K, capacity 12092K, committed 12160K, reserved 1048576K
2023-11-02T07:27:48.507+0600: 4394532.750: [GC (Allocation Failure) [PSYoungGen: 165536K->3520K(171008K)] 262802K->100802K(500736K), 0.0190186 secs] [Times: user=0.02 sys=0.02, real=0.02 secs] 
Heap after GC invocations=1039 (full 4):
 PSYoungGen      total 171008K, used 3520K [0x00000000d5580000, 0x00000000e0600000, 0x0000000100000000)
  eden space 161792K, 0% used [0x00000000d5580000,0x00000000d5580000,0x00000000df380000)
  from space 9216K, 38% used [0x00000000df380000,0x00000000df6f0010,0x00000000dfc80000)
  to   space 9216K, 0% used [0x00000000dfd00000,0x00000000dfd00000,0x00000000e0600000)
 ParOldGen       total 329728K, used 97282K [0x0000000080000000, 0x0000000094200000, 0x00000000d5580000)
  object space 329728K, 29% used [0x0000000080000000,0x0000000085f00920,0x0000000094200000)
 Metaspace       used 95690K, capacity 99748K, committed 100044K, reserved 1136640K
  class space    used 11493K, capacity 12092K, committed 12160K, reserved 1048576K
}
{Heap before GC invocations=1040 (full 4):
 PSYoungGen      total 171008K, used 165312K [0x00000000d5580000, 0x00000000e0600000, 0x0000000100000000)
  eden space 161792K, 100% used [0x00000000d5580000,0x00000000df380000,0x00000000df380000)
  from space 9216K, 38% used [0x00000000df380000,0x00000000df6f0010,0x00000000dfc80000)
  to   space 9216K, 0% used [0x00000000dfd00000,0x00000000dfd00000,0x00000000e0600000)
 ParOldGen       total 329728K, used 97282K [0x0000000080000000, 0x0000000094200000, 0x00000000d5580000)
  object space 329728K, 29% used [0x0000000080000000,0x0000000085f00920,0x0000000094200000)
 Metaspace       used 95690K, capacity 99748K, committed 100044K, reserved 1136640K
  class space    used 11493K, capacity 12092K, committed 12160K, reserved 1048576K
2023-11-02T09:36:57.942+0600: 4402282.185: [GC (Allocation Failure) [PSYoungGen: 165312K->4000K(171520K)] 262594K->101282K(501248K), 0.0159309 secs] [Times: user=0.01 sys=0.01, real=0.02 secs] 
Heap after GC invocations=1040 (full 4):
 PSYoungGen      total 171520K, used 4000K [0x00000000d5580000, 0x00000000e0600000, 0x0000000100000000)
  eden space 162304K, 0% used [0x00000000d5580000,0x00000000d5580000,0x00000000df400000)
  from space 9216K, 43% used [0x00000000dfd00000,0x00000000e00e8020,0x00000000e0600000)
  to   space 9216K, 0% used [0x00000000df400000,0x00000000df400000,0x00000000dfd00000)
 ParOldGen       total 329728K, used 97282K [0x0000000080000000, 0x0000000094200000, 0x00000000d5580000)
  object space 329728K, 29% used [0x0000000080000000,0x0000000085f00920,0x0000000094200000)
 Metaspace       used 95690K, capacity 99748K, committed 100044K, reserved 1136640K
  class space    used 11493K, capacity 12092K, committed 12160K, reserved 1048576K
}
{Heap before GC invocations=1041 (full 4):
 PSYoungGen      total 171520K, used 166304K [0x00000000d5580000, 0x00000000e0600000, 0x0000000100000000)
  eden space 162304K, 100% used [0x00000000d5580000,0x00000000df400000,0x00000000df400000)
  from space 9216K, 43% used [0x00000000dfd00000,0x00000000e00e8020,0x00000000e0600000)
  to   space 9216K, 0% used [0x00000000df400000,0x00000000df400000,0x00000000dfd00000)
 ParOldGen       total 329728K, used 97282K [0x0000000080000000, 0x0000000094200000, 0x00000000d5580000)
  object space 329728K, 29% used [0x0000000080000000,0x0000000085f00920,0x0000000094200000)
 Metaspace       used 95698K, capacity 99766K, committed 100044K, reserved 1136640K
  class space    used 11495K, capacity 12095K, committed 12160K, reserved 1048576K
2023-11-02T11:24:36.355+0600: 4408740.598: [GC (Allocation Failure) [PSYoungGen: 166304K->6484K(171520K)] 263586K->103766K(501248K), 0.0152457 secs] [Times: user=0.02 sys=0.00, real=0.01 secs] 
Heap after GC invocations=1041 (full 4):
 PSYoungGen      total 171520K, used 6484K [0x00000000d5580000, 0x00000000e0680000, 0x0000000100000000)
  eden space 162304K, 0% used [0x00000000d5580000,0x00000000d5580000,0x00000000df400000)
  from space 9216K, 70% used [0x00000000df400000,0x00000000dfa551f0,0x00000000dfd00000)
  to   space 9216K, 0% used [0x00000000dfd80000,0x00000000dfd80000,0x00000000e0680000)
 ParOldGen       total 329728K, used 97282K [0x0000000080000000, 0x0000000094200000, 0x00000000d5580000)
  object space 329728K, 29% used [0x0000000080000000,0x0000000085f00920,0x0000000094200000)
 Metaspace       used 95698K, capacity 99766K, committed 100044K, reserved 1136640K
  class space    used 11495K, capacity 12095K, committed 12160K, reserved 1048576K
}
{Heap before GC invocations=1042 (full 4):
 PSYoungGen      total 171520K, used 168788K [0x00000000d5580000, 0x00000000e0680000, 0x0000000100000000)
  eden space 162304K, 100% used [0x00000000d5580000,0x00000000df400000,0x00000000df400000)
  from space 9216K, 70% used [0x00000000df400000,0x00000000dfa551f0,0x00000000dfd00000)
  to   space 9216K, 0% used [0x00000000dfd80000,0x00000000dfd80000,0x00000000e0680000)
 ParOldGen       total 329728K, used 97282K [0x0000000080000000, 0x0000000094200000, 0x00000000d5580000)
  object space 329728K, 29% used [0x0000000080000000,0x0000000085f00920,0x0000000094200000)
 Metaspace       used 95698K, capacity 99766K, committed 100044K, reserved 1136640K
  class space    used 11495K, capacity 12095K, committed 12160K, reserved 1048576K
2023-11-02T13:07:29.043+0600: 4414913.286: [GC (Allocation Failure) [PSYoungGen: 168788K->7123K(171520K)] 266070K->104405K(501248K), 0.0195166 secs] [Times: user=0.01 sys=0.02, real=0.02 secs] 
Heap after GC invocations=1042 (full 4):
 PSYoungGen      total 171520K, used 7123K [0x00000000d5580000, 0x00000000e0780000, 0x0000000100000000)
  eden space 162304K, 0% used [0x00000000d5580000,0x00000000d5580000,0x00000000df400000)
  from space 9216K, 77% used [0x00000000dfd80000,0x00000000e0474e10,0x00000000e0680000)
  to   space 9728K, 0% used [0x00000000df400000,0x00000000df400000,0x00000000dfd80000)
 ParOldGen       total 329728K, used 97282K [0x0000000080000000, 0x0000000094200000, 0x00000000d5580000)
  object space 329728K, 29% used [0x0000000080000000,0x0000000085f00920,0x0000000094200000)
 Metaspace       used 95698K, capacity 99766K, committed 100044K, reserved 1136640K
  class space    used 11495K, capacity 12095K, committed 12160K, reserved 1048576K
}
{Heap before GC invocations=1043 (full 4):
 PSYoungGen      total 171520K, used 169427K [0x00000000d5580000, 0x00000000e0780000, 0x0000000100000000)
  eden space 162304K, 100% used [0x00000000d5580000,0x00000000df400000,0x00000000df400000)
  from space 9216K, 77% used [0x00000000dfd80000,0x00000000e0474e10,0x00000000e0680000)
  to   space 9728K, 0% used [0x00000000df400000,0x00000000df400000,0x00000000dfd80000)
 ParOldGen       total 329728K, used 97282K [0x0000000080000000, 0x0000000094200000, 0x00000000d5580000)
  object space 329728K, 29% used [0x0000000080000000,0x0000000085f00920,0x0000000094200000)
 Metaspace       used 95698K, capacity 99766K, committed 100044K, reserved 1136640K
  class space    used 11495K, capacity 12095K, committed 12160K, reserved 1048576K
2023-11-02T15:08:06.000+0600: 4422150.243: [GC (Allocation Failure) [PSYoungGen: 169427K->5457K(172032K)] 266709K->102747K(501760K), 0.0117420 secs] [Times: user=0.01 sys=0.02, real=0.01 secs] 
Heap after GC invocations=1043 (full 4):
 PSYoungGen      total 172032K, used 5457K [0x00000000d5580000, 0x00000000e0680000, 0x0000000100000000)
  eden space 162304K, 0% used [0x00000000d5580000,0x00000000d5580000,0x00000000df400000)
  from space 9728K, 56% used [0x00000000df400000,0x00000000df954500,0x00000000dfd80000)
  to   space 9216K, 0% used [0x00000000dfd80000,0x00000000dfd80000,0x00000000e0680000)
 ParOldGen       total 329728K, used 97290K [0x0000000080000000, 0x0000000094200000, 0x00000000d5580000)
  object space 329728K, 29% used [0x0000000080000000,0x0000000085f02920,0x0000000094200000)
 Metaspace       used 95698K, capacity 99766K, committed 100044K, reserved 1136640K
  class space    used 11495K, capacity 12095K, committed 12160K, reserved 1048576K
}
{Heap before GC invocations=1044 (full 4):
 PSYoungGen      total 172032K, used 167761K [0x00000000d5580000, 0x00000000e0680000, 0x0000000100000000)
  eden space 162304K, 100% used [0x00000000d5580000,0x00000000df400000,0x00000000df400000)
  from space 9728K, 56% used [0x00000000df400000,0x00000000df954500,0x00000000dfd80000)
  to   space 9216K, 0% used [0x00000000dfd80000,0x00000000dfd80000,0x00000000e0680000)
 ParOldGen       total 329728K, used 97290K [0x0000000080000000, 0x0000000094200000, 0x00000000d5580000)
  object space 329728K, 29% used [0x0000000080000000,0x0000000085f02920,0x0000000094200000)
 Metaspace       used 95716K, capacity 99826K, committed 100044K, reserved 1136640K
  class space    used 11500K, capacity 12105K, committed 12160K, reserved 1048576K
2023-11-02T16:36:32.653+0600: 4427456.896: [GC (Allocation Failure) [PSYoungGen: 167761K->9032K(171008K)] 265051K->106386K(500736K), 0.0222802 secs] [Times: user=0.01 sys=0.02, real=0.03 secs] 
Heap after GC invocations=1044 (full 4):
 PSYoungGen      total 171008K, used 9032K [0x00000000d5580000, 0x00000000e0880000, 0x0000000100000000)
  eden space 161792K, 0% used [0x00000000d5580000,0x00000000d5580000,0x00000000df380000)
  from space 9216K, 98% used [0x00000000dfd80000,0x00000000e0652070,0x00000000e0680000)
  to   space 10240K, 0% used [0x00000000df380000,0x00000000df380000,0x00000000dfd80000)
 ParOldGen       total 329728K, used 97354K [0x0000000080000000, 0x0000000094200000, 0x00000000d5580000)
  object space 329728K, 29% used [0x0000000080000000,0x0000000085f12920,0x0000000094200000)
 Metaspace       used 95716K, capacity 99826K, committed 100044K, reserved 1136640K
  class space    used 11500K, capacity 12105K, committed 12160K, reserved 1048576K
}
{Heap before GC invocations=1045 (full 4):
 PSYoungGen      total 171008K, used 170824K [0x00000000d5580000, 0x00000000e0880000, 0x0000000100000000)
  eden space 161792K, 100% used [0x00000000d5580000,0x00000000df380000,0x00000000df380000)
  from space 9216K, 98% used [0x00000000dfd80000,0x00000000e0652070,0x00000000e0680000)
  to   space 10240K, 0% used [0x00000000df380000,0x00000000df380000,0x00000000dfd80000)
 ParOldGen       total 329728K, used 97354K [0x0000000080000000, 0x0000000094200000, 0x00000000d5580000)
  object space 329728K, 29% used [0x0000000080000000,0x0000000085f12920,0x0000000094200000)
 Metaspace       used 95727K, capacity 99850K, committed 100044K, reserved 1136640K
  class space    used 11503K, capacity 12109K, committed 12160K, reserved 1048576K
2023-11-02T18:04:54.666+0600: 4432758.909: [GC (Allocation Failure) [PSYoungGen: 170824K->7650K(172032K)] 268178K->105020K(501760K), 0.0219031 secs] [Times: user=0.02 sys=0.02, real=0.02 secs] 
Heap after GC invocations=1045 (full 4):
 PSYoungGen      total 172032K, used 7650K [0x00000000d5580000, 0x00000000e0900000, 0x0000000100000000)
  eden space 161792K, 0% used [0x00000000d5580000,0x00000000d5580000,0x00000000df380000)
  from space 10240K, 74% used [0x00000000df380000,0x00000000dfaf89f0,0x00000000dfd80000)
  to   space 10752K, 0% used [0x00000000dfe80000,0x00000000dfe80000,0x00000000e0900000)
 ParOldGen       total 329728K, used 97370K [0x0000000080000000, 0x0000000094200000, 0x00000000d5580000)
  object space 329728K, 29% used [0x0000000080000000,0x0000000085f16920,0x0000000094200000)
 Metaspace       used 95727K, capacity 99850K, committed 100044K, reserved 1136640K
  class space    used 11503K, capacity 12109K, committed 12160K, reserved 1048576K
}
{Heap before GC invocations=1046 (full 4):
 PSYoungGen      total 172032K, used 169442K [0x00000000d5580000, 0x00000000e0900000, 0x0000000100000000)
  eden space 161792K, 100% used [0x00000000d5580000,0x00000000df380000,0x00000000df380000)
  from space 10240K, 74% used [0x00000000df380000,0x00000000dfaf89f0,0x00000000dfd80000)
  to   space 10752K, 0% used [0x00000000dfe80000,0x00000000dfe80000,0x00000000e0900000)
 ParOldGen       total 329728K, used 97370K [0x0000000080000000, 0x0000000094200000, 0x00000000d5580000)
  object space 329728K, 29% used [0x0000000080000000,0x0000000085f16920,0x0000000094200000)
 Metaspace       used 95727K, capacity 99850K, committed 100044K, reserved 1136640K
  class space    used 11503K, capacity 12109K, committed 12160K, reserved 1048576K
2023-11-02T20:02:04.732+0600: 4439788.975: [GC (Allocation Failure) [PSYoungGen: 169442K->5621K(172032K)] 266812K->103031K(501760K), 0.0188463 secs] [Times: user=0.01 sys=0.01, real=0.02 secs] 
Heap after GC invocations=1046 (full 4):
 PSYoungGen      total 172032K, used 5621K [0x00000000d5580000, 0x00000000e0800000, 0x0000000100000000)
  eden space 162304K, 0% used [0x00000000d5580000,0x00000000d5580000,0x00000000df400000)
  from space 9728K, 57% used [0x00000000dfe80000,0x00000000e03fd5e0,0x00000000e0800000)
  to   space 10240K, 0% used [0x00000000df400000,0x00000000df400000,0x00000000dfe00000)
 ParOldGen       total 329728K, used 97410K [0x0000000080000000, 0x0000000094200000, 0x00000000d5580000)
  object space 329728K, 29% used [0x0000000080000000,0x0000000085f20950,0x0000000094200000)
 Metaspace       used 95727K, capacity 99850K, committed 100044K, reserved 1136640K
  class space    used 11503K, capacity 12109K, committed 12160K, reserved 1048576K
}
{Heap before GC invocations=1047 (full 4):
 PSYoungGen      total 172032K, used 167925K [0x00000000d5580000, 0x00000000e0800000, 0x0000000100000000)
  eden space 162304K, 100% used [0x00000000d5580000,0x00000000df400000,0x00000000df400000)
  from space 9728K, 57% used [0x00000000dfe80000,0x00000000e03fd5e0,0x00000000e0800000)
  to   space 10240K, 0% used [0x00000000df400000,0x00000000df400000,0x00000000dfe00000)
 ParOldGen       total 329728K, used 97410K [0x0000000080000000, 0x0000000094200000, 0x00000000d5580000)
  object space 329728K, 29% used [0x0000000080000000,0x0000000085f20950,0x0000000094200000)
 Metaspace       used 95727K, capacity 99850K, committed 100044K, reserved 1136640K
  class space    used 11503K, capacity 12109K, committed 12160K, reserved 1048576K
2023-11-02T22:02:48.061+0600: 4447032.304: [GC (Allocation Failure) [PSYoungGen: 167925K->4195K(172544K)] 265335K->101741K(502272K), 0.0157618 secs] [Times: user=0.01 sys=0.02, real=0.02 secs] 
Heap after GC invocations=1047 (full 4):
 PSYoungGen      total 172544K, used 4195K [0x00000000d5580000, 0x00000000e0880000, 0x0000000100000000)
  eden space 162304K, 0% used [0x00000000d5580000,0x00000000d5580000,0x00000000df400000)
  from space 10240K, 40% used [0x00000000df400000,0x00000000df818ea0,0x00000000dfe00000)
  to   space 10240K, 0% used [0x00000000dfe80000,0x00000000dfe80000,0x00000000e0880000)
 ParOldGen       total 329728K, used 97546K [0x0000000080000000, 0x0000000094200000, 0x00000000d5580000)
  object space 329728K, 29% used [0x0000000080000000,0x0000000085f428e0,0x0000000094200000)
 Metaspace       used 95727K, capacity 99850K, committed 100044K, reserved 1136640K
  class space    used 11503K, capacity 12109K, committed 12160K, reserved 1048576K
}
{Heap before GC invocations=1048 (full 4):
 PSYoungGen      total 172544K, used 166499K [0x00000000d5580000, 0x00000000e0880000, 0x0000000100000000)
  eden space 162304K, 100% used [0x00000000d5580000,0x00000000df400000,0x00000000df400000)
  from space 10240K, 40% used [0x00000000df400000,0x00000000df818ea0,0x00000000dfe00000)
  to   space 10240K, 0% used [0x00000000dfe80000,0x00000000dfe80000,0x00000000e0880000)
 ParOldGen       total 329728K, used 97546K [0x0000000080000000, 0x0000000094200000, 0x00000000d5580000)
  object space 329728K, 29% used [0x0000000080000000,0x0000000085f428e0,0x0000000094200000)
 Metaspace       used 95727K, capacity 99850K, committed 100044K, reserved 1136640K
  class space    used 11503K, capacity 12109K, committed 12160K, reserved 1048576K
2023-11-03T00:06:35.397+0600: 4454459.640: [GC (Allocation Failure) [PSYoungGen: 166499K->4564K(172032K)] 264045K->102135K(501760K), 0.0193018 secs] [Times: user=0.04 sys=0.00, real=0.02 secs] 
Heap after GC invocations=1048 (full 4):
 PSYoungGen      total 172032K, used 4564K [0x00000000d5580000, 0x00000000e0780000, 0x0000000100000000)
  eden space 162816K, 0% used [0x00000000d5580000,0x00000000d5580000,0x00000000df480000)
  from space 9216K, 49% used [0x00000000dfe80000,0x00000000e02f5360,0x00000000e0780000)
  to   space 9728K, 0% used [0x00000000df480000,0x00000000df480000,0x00000000dfe00000)
 ParOldGen       total 329728K, used 97570K [0x0000000080000000, 0x0000000094200000, 0x00000000d5580000)
  object space 329728K, 29% used [0x0000000080000000,0x0000000085f488e0,0x0000000094200000)
 Metaspace       used 95727K, capacity 99850K, committed 100044K, reserved 1136640K
  class space    used 11503K, capacity 12109K, committed 12160K, reserved 1048576K
}
{Heap before GC invocations=1049 (full 4):
 PSYoungGen      total 172032K, used 167380K [0x00000000d5580000, 0x00000000e0780000, 0x0000000100000000)
  eden space 162816K, 100% used [0x00000000d5580000,0x00000000df480000,0x00000000df480000)
  from space 9216K, 49% used [0x00000000dfe80000,0x00000000e02f5360,0x00000000e0780000)
  to   space 9728K, 0% used [0x00000000df480000,0x00000000df480000,0x00000000dfe00000)
 ParOldGen       total 329728K, used 97570K [0x0000000080000000, 0x0000000094200000, 0x00000000d5580000)
  object space 329728K, 29% used [0x0000000080000000,0x0000000085f488e0,0x0000000094200000)
 Metaspace       used 95727K, capacity 99850K, committed 100044K, reserved 1136640K
  class space    used 11503K, capacity 12109K, committed 12160K, reserved 1048576K
2023-11-03T02:14:39.112+0600: 4462143.355: [GC (Allocation Failure) [PSYoungGen: 167380K->4258K(172544K)] 264951K->101844K(502272K), 0.0171741 secs] [Times: user=0.01 sys=0.01, real=0.02 secs] 
Heap after GC invocations=1049 (full 4):
 PSYoungGen      total 172544K, used 4258K [0x00000000d5580000, 0x00000000e0800000, 0x0000000100000000)
  eden space 162816K, 0% used [0x00000000d5580000,0x00000000d5580000,0x00000000df480000)
  from space 9728K, 43% used [0x00000000df480000,0x00000000df8a8a80,0x00000000dfe00000)
  to   space 9728K, 0% used [0x00000000dfe80000,0x00000000dfe80000,0x00000000e0800000)
 ParOldGen       total 329728K, used 97586K [0x0000000080000000, 0x0000000094200000, 0x00000000d5580000)
  object space 329728K, 29% used [0x0000000080000000,0x0000000085f4c8e0,0x0000000094200000)
 Metaspace       used 95727K, capacity 99850K, committed 100044K, reserved 1136640K
  class space    used 11503K, capacity 12109K, committed 12160K, reserved 1048576K
}
{Heap before GC invocations=1050 (full 4):
 PSYoungGen      total 172544K, used 167074K [0x00000000d5580000, 0x00000000e0800000, 0x0000000100000000)
  eden space 162816K, 100% used [0x00000000d5580000,0x00000000df480000,0x00000000df480000)
  from space 9728K, 43% used [0x00000000df480000,0x00000000df8a8a80,0x00000000dfe00000)
  to   space 9728K, 0% used [0x00000000dfe80000,0x00000000dfe80000,0x00000000e0800000)
 ParOldGen       total 329728K, used 97586K [0x0000000080000000, 0x0000000094200000, 0x00000000d5580000)
  object space 329728K, 29% used [0x0000000080000000,0x0000000085f4c8e0,0x0000000094200000)
 Metaspace       used 95727K, capacity 99850K, committed 100044K, reserved 1136640K
  class space    used 11503K, capacity 12109K, committed 12160K, reserved 1048576K
2023-11-03T04:25:11.115+0600: 4469975.358: [GC (Allocation Failure) [PSYoungGen: 167074K->3971K(172032K)] 264660K->101581K(501760K), 0.0152747 secs] [Times: user=0.03 sys=0.00, real=0.01 secs] 
Heap after GC invocations=1050 (full 4):
 PSYoungGen      total 172032K, used 3971K [0x00000000d5580000, 0x00000000e0700000, 0x0000000100000000)
  eden space 163328K, 0% used [0x00000000d5580000,0x00000000d5580000,0x00000000df500000)
  from space 8704K, 45% used [0x00000000dfe80000,0x00000000e0260ca0,0x00000000e0700000)
  to   space 9216K, 0% used [0x00000000df500000,0x00000000df500000,0x00000000dfe00000)
 ParOldGen       total 329728K, used 97610K [0x0000000080000000, 0x0000000094200000, 0x00000000d5580000)
  object space 329728K, 29% used [0x0000000080000000,0x0000000085f528e0,0x0000000094200000)
 Metaspace       used 95727K, capacity 99850K, committed 100044K, reserved 1136640K
  class space    used 11503K, capacity 12109K, committed 12160K, reserved 1048576K
}
{Heap before GC invocations=1051 (full 4):
 PSYoungGen      total 172032K, used 167299K [0x00000000d5580000, 0x00000000e0700000, 0x0000000100000000)
  eden space 163328K, 100% used [0x00000000d5580000,0x00000000df500000,0x00000000df500000)
  from space 8704K, 45% used [0x00000000dfe80000,0x00000000e0260ca0,0x00000000e0700000)
  to   space 9216K, 0% used [0x00000000df500000,0x00000000df500000,0x00000000dfe00000)
 ParOldGen       total 329728K, used 97610K [0x0000000080000000, 0x0000000094200000, 0x00000000d5580000)
  object space 329728K, 29% used [0x0000000080000000,0x0000000085f528e0,0x0000000094200000)
 Metaspace       used 95727K, capacity 99850K, committed 100044K, reserved 1136640K
  class space    used 11503K, capacity 12109K, committed 12160K, reserved 1048576K
2023-11-03T06:38:23.041+0600: 4477967.284: [GC (Allocation Failure) [PSYoungGen: 167299K->3410K(172544K)] 264909K->101044K(502272K), 0.0124356 secs] [Times: user=0.00 sys=0.01, real=0.01 secs] 
Heap after GC invocations=1051 (full 4):
 PSYoungGen      total 172544K, used 3410K [0x00000000d5580000, 0x00000000e0780000, 0x0000000100000000)
  eden space 163328K, 0% used [0x00000000d5580000,0x00000000d5580000,0x00000000df500000)
  from space 9216K, 37% used [0x00000000df500000,0x00000000df854810,0x00000000dfe00000)
  to   space 9216K, 0% used [0x00000000dfe80000,0x00000000dfe80000,0x00000000e0780000)
 ParOldGen       total 329728K, used 97634K [0x0000000080000000, 0x0000000094200000, 0x00000000d5580000)
  object space 329728K, 29% used [0x0000000080000000,0x0000000085f588e0,0x0000000094200000)
 Metaspace       used 95727K, capacity 99850K, committed 100044K, reserved 1136640K
  class space    used 11503K, capacity 12109K, committed 12160K, reserved 1048576K
}
{Heap before GC invocations=1052 (full 4):
 PSYoungGen      total 172544K, used 166738K [0x00000000d5580000, 0x00000000e0780000, 0x0000000100000000)
  eden space 163328K, 100% used [0x00000000d5580000,0x00000000df500000,0x00000000df500000)
  from space 9216K, 37% used [0x00000000df500000,0x00000000df854810,0x00000000dfe00000)
  to   space 9216K, 0% used [0x00000000dfe80000,0x00000000dfe80000,0x00000000e0780000)
 ParOldGen       total 329728K, used 97634K [0x0000000080000000, 0x0000000094200000, 0x00000000d5580000)
  object space 329728K, 29% used [0x0000000080000000,0x0000000085f588e0,0x0000000094200000)
 Metaspace       used 95727K, capacity 99850K, committed 100044K, reserved 1136640K
  class space    used 11503K, capacity 12109K, committed 12160K, reserved 1048576K
2023-11-03T08:50:35.754+0600: 4485899.998: [GC (Allocation Failure) [PSYoungGen: 166738K->3378K(173056K)] 264372K->101028K(502784K), 0.0171075 secs] [Times: user=0.01 sys=0.01, real=0.01 secs] 
Heap after GC invocations=1052 (full 4):
 PSYoungGen      total 173056K, used 3378K [0x00000000d5580000, 0x00000000e0780000, 0x0000000100000000)
  eden space 163840K, 0% used [0x00000000d5580000,0x00000000d5580000,0x00000000df580000)
  from space 9216K, 36% used [0x00000000dfe80000,0x00000000e01cc810,0x00000000e0780000)
  to   space 9216K, 0% used [0x00000000df580000,0x00000000df580000,0x00000000dfe80000)
 ParOldGen       total 329728K, used 97650K [0x0000000080000000, 0x0000000094200000, 0x00000000d5580000)
  object space 329728K, 29% used [0x0000000080000000,0x0000000085f5c8e0,0x0000000094200000)
 Metaspace       used 95727K, capacity 99850K, committed 100044K, reserved 1136640K
  class space    used 11503K, capacity 12109K, committed 12160K, reserved 1048576K
}
{Heap before GC invocations=1053 (full 4):
 PSYoungGen      total 173056K, used 167218K [0x00000000d5580000, 0x00000000e0780000, 0x0000000100000000)
  eden space 163840K, 100% used [0x00000000d5580000,0x00000000df580000,0x00000000df580000)
  from space 9216K, 36% used [0x00000000dfe80000,0x00000000e01cc810,0x00000000e0780000)
  to   space 9216K, 0% used [0x00000000df580000,0x00000000df580000,0x00000000dfe80000)
 ParOldGen       total 329728K, used 97650K [0x0000000080000000, 0x0000000094200000, 0x00000000d5580000)
  object space 329728K, 29% used [0x0000000080000000,0x0000000085f5c8e0,0x0000000094200000)
 Metaspace       used 95727K, capacity 99850K, committed 100044K, reserved 1136640K
  class space    used 11503K, capacity 12109K, committed 12160K, reserved 1048576K
2023-11-03T11:03:13.526+0600: 4493857.769: [GC (Allocation Failure) [PSYoungGen: 167218K->3378K(173056K)] 264868K->101044K(502784K), 0.0161306 secs] [Times: user=0.01 sys=0.01, real=0.01 secs] 
Heap after GC invocations=1053 (full 4):
 PSYoungGen      total 173056K, used 3378K [0x00000000d5580000, 0x00000000e0800000, 0x0000000100000000)
  eden space 163840K, 0% used [0x00000000d5580000,0x00000000d5580000,0x00000000df580000)
  from space 9216K, 36% used [0x00000000df580000,0x00000000df8cc810,0x00000000dfe80000)
  to   space 9216K, 0% used [0x00000000dff00000,0x00000000dff00000,0x00000000e0800000)
 ParOldGen       total 329728K, used 97666K [0x0000000080000000, 0x0000000094200000, 0x00000000d5580000)
  object space 329728K, 29% used [0x0000000080000000,0x0000000085f608e0,0x0000000094200000)
 Metaspace       used 95727K, capacity 99850K, committed 100044K, reserved 1136640K
  class space    used 11503K, capacity 12109K, committed 12160K, reserved 1048576K
}
{Heap before GC invocations=1054 (full 4):
 PSYoungGen      total 173056K, used 167218K [0x00000000d5580000, 0x00000000e0800000, 0x0000000100000000)
  eden space 163840K, 100% used [0x00000000d5580000,0x00000000df580000,0x00000000df580000)
  from space 9216K, 36% used [0x00000000df580000,0x00000000df8cc810,0x00000000dfe80000)
  to   space 9216K, 0% used [0x00000000dff00000,0x00000000dff00000,0x00000000e0800000)
 ParOldGen       total 329728K, used 97666K [0x0000000080000000, 0x0000000094200000, 0x00000000d5580000)
  object space 329728K, 29% used [0x0000000080000000,0x0000000085f608e0,0x0000000094200000)
 Metaspace       used 95727K, capacity 99850K, committed 100044K, reserved 1136640K
  class space    used 11503K, capacity 12109K, committed 12160K, reserved 1048576K
2023-11-03T13:12:16.947+0600: 4501601.191: [GC (Allocation Failure) [PSYoungGen: 167218K->3842K(172544K)] 264884K->101524K(502272K), 0.0176860 secs] [Times: user=0.01 sys=0.02, real=0.02 secs] 
Heap after GC invocations=1054 (full 4):
 PSYoungGen      total 172544K, used 3842K [0x00000000d5580000, 0x00000000e0700000, 0x0000000100000000)
  eden space 164352K, 0% used [0x00000000d5580000,0x00000000d5580000,0x00000000df600000)
  from space 8192K, 46% used [0x00000000dff00000,0x00000000e02c0a50,0x00000000e0700000)
  to   space 8704K, 0% used [0x00000000df600000,0x00000000df600000,0x00000000dfe80000)
 ParOldGen       total 329728K, used 97682K [0x0000000080000000, 0x0000000094200000, 0x00000000d5580000)
  object space 329728K, 29% used [0x0000000080000000,0x0000000085f648e0,0x0000000094200000)
 Metaspace       used 95727K, capacity 99850K, committed 100044K, reserved 1136640K
  class space    used 11503K, capacity 12109K, committed 12160K, reserved 1048576K
}
{Heap before GC invocations=1055 (full 4):
 PSYoungGen      total 172544K, used 168194K [0x00000000d5580000, 0x00000000e0700000, 0x0000000100000000)
  eden space 164352K, 100% used [0x00000000d5580000,0x00000000df600000,0x00000000df600000)
  from space 8192K, 46% used [0x00000000dff00000,0x00000000e02c0a50,0x00000000e0700000)
  to   space 8704K, 0% used [0x00000000df600000,0x00000000df600000,0x00000000dfe80000)
 ParOldGen       total 329728K, used 97682K [0x0000000080000000, 0x0000000094200000, 0x00000000d5580000)
  object space 329728K, 29% used [0x0000000080000000,0x0000000085f648e0,0x0000000094200000)
 Metaspace       used 95727K, capacity 99850K, committed 100044K, reserved 1136640K
  class space    used 11503K, capacity 12109K, committed 12160K, reserved 1048576K
2023-11-03T15:07:27.135+0600: 4508511.378: [GC (Allocation Failure) [PSYoungGen: 168194K->4930K(173056K)] 265876K->102628K(502784K), 0.0193633 secs] [Times: user=0.02 sys=0.02, real=0.02 secs] 
Heap after GC invocations=1055 (full 4):
 PSYoungGen      total 173056K, used 4930K [0x00000000d5580000, 0x00000000e0780000, 0x0000000100000000)
  eden space 164352K, 0% used [0x00000000d5580000,0x00000000d5580000,0x00000000df600000)
  from space 8704K, 56% used [0x00000000df600000,0x00000000dfad08b8,0x00000000dfe80000)
  to   space 8704K, 0% used [0x00000000dff00000,0x00000000dff00000,0x00000000e0780000)
 ParOldGen       total 329728K, used 97698K [0x0000000080000000, 0x0000000094200000, 0x00000000d5580000)
  object space 329728K, 29% used [0x0000000080000000,0x0000000085f688e0,0x0000000094200000)
 Metaspace       used 95727K, capacity 99850K, committed 100044K, reserved 1136640K
  class space    used 11503K, capacity 12109K, committed 12160K, reserved 1048576K
}
{Heap before GC invocations=1056 (full 4):
 PSYoungGen      total 173056K, used 169282K [0x00000000d5580000, 0x00000000e0780000, 0x0000000100000000)
  eden space 164352K, 100% used [0x00000000d5580000,0x00000000df600000,0x00000000df600000)
  from space 8704K, 56% used [0x00000000df600000,0x00000000dfad08b8,0x00000000dfe80000)
  to   space 8704K, 0% used [0x00000000dff00000,0x00000000dff00000,0x00000000e0780000)
 ParOldGen       total 329728K, used 97698K [0x0000000080000000, 0x0000000094200000, 0x00000000d5580000)
  object space 329728K, 29% used [0x0000000080000000,0x0000000085f688e0,0x0000000094200000)
 Metaspace       used 95727K, capacity 99850K, committed 100044K, reserved 1136640K
  class space    used 11503K, capacity 12109K, committed 12160K, reserved 1048576K
2023-11-03T17:12:53.150+0600: 4516037.393: [GC (Allocation Failure) [PSYoungGen: 169282K->4738K(172544K)] 266980K->102460K(502272K), 0.0203768 secs] [Times: user=0.01 sys=0.02, real=0.02 secs] 
Heap after GC invocations=1056 (full 4):
 PSYoungGen      total 172544K, used 4738K [0x00000000d5580000, 0x00000000e0680000, 0x0000000100000000)
  eden space 164864K, 0% used [0x00000000d5580000,0x00000000d5580000,0x00000000df680000)
  from space 7680K, 61% used [0x00000000dff00000,0x00000000e03a0ac8,0x00000000e0680000)
  to   space 8192K, 0% used [0x00000000df680000,0x00000000df680000,0x00000000dfe80000)
 ParOldGen       total 329728K, used 97722K [0x0000000080000000, 0x0000000094200000, 0x00000000d5580000)
  object space 329728K, 29% used [0x0000000080000000,0x0000000085f6e8e0,0x0000000094200000)
 Metaspace       used 95727K, capacity 99850K, committed 100044K, reserved 1136640K
  class space    used 11503K, capacity 12109K, committed 12160K, reserved 1048576K
}
{Heap before GC invocations=1057 (full 4):
 PSYoungGen      total 172544K, used 169602K [0x00000000d5580000, 0x00000000e0680000, 0x0000000100000000)
  eden space 164864K, 100% used [0x00000000d5580000,0x00000000df680000,0x00000000df680000)
  from space 7680K, 61% used [0x00000000dff00000,0x00000000e03a0ac8,0x00000000e0680000)
  to   space 8192K, 0% used [0x00000000df680000,0x00000000df680000,0x00000000dfe80000)
 ParOldGen       total 329728K, used 97722K [0x0000000080000000, 0x0000000094200000, 0x00000000d5580000)
  object space 329728K, 29% used [0x0000000080000000,0x0000000085f6e8e0,0x0000000094200000)
 Metaspace       used 95727K, capacity 99850K, committed 100044K, reserved 1136640K
  class space    used 11503K, capacity 12109K, committed 12160K, reserved 1048576K
2023-11-03T19:24:36.837+0600: 4523941.081: [GC (Allocation Failure) [PSYoungGen: 169602K->3522K(173056K)] 267324K->101300K(502784K), 0.0169619 secs] [Times: user=0.02 sys=0.02, real=0.02 secs] 
Heap after GC invocations=1057 (full 4):
 PSYoungGen      total 173056K, used 3522K [0x00000000d5580000, 0x00000000e0700000, 0x0000000100000000)
  eden space 164864K, 0% used [0x00000000d5580000,0x00000000d5580000,0x00000000df680000)
  from space 8192K, 42% used [0x00000000df680000,0x00000000df9f0838,0x00000000dfe80000)
  to   space 8192K, 0% used [0x00000000dff00000,0x00000000dff00000,0x00000000e0700000)
 ParOldGen       total 329728K, used 97778K [0x0000000080000000, 0x0000000094200000, 0x00000000d5580000)
  object space 329728K, 29% used [0x0000000080000000,0x0000000085f7c830,0x0000000094200000)
 Metaspace       used 95727K, capacity 99850K, committed 100044K, reserved 1136640K
  class space    used 11503K, capacity 12109K, committed 12160K, reserved 1048576K
}
{Heap before GC invocations=1058 (full 4):
 PSYoungGen      total 173056K, used 168386K [0x00000000d5580000, 0x00000000e0700000, 0x0000000100000000)
  eden space 164864K, 100% used [0x00000000d5580000,0x00000000df680000,0x00000000df680000)
  from space 8192K, 42% used [0x00000000df680000,0x00000000df9f0838,0x00000000dfe80000)
  to   space 8192K, 0% used [0x00000000dff00000,0x00000000dff00000,0x00000000e0700000)
 ParOldGen       total 329728K, used 97778K [0x0000000080000000, 0x0000000094200000, 0x00000000d5580000)
  object space 329728K, 29% used [0x0000000080000000,0x0000000085f7c830,0x0000000094200000)
 Metaspace       used 95727K, capacity 99850K, committed 100044K, reserved 1136640K
  class space    used 11503K, capacity 12109K, committed 12160K, reserved 1048576K
2023-11-03T21:27:29.746+0600: 4531313.990: [GC (Allocation Failure) [PSYoungGen: 168386K->4195K(172544K)] 266164K->101997K(502272K), 0.0127572 secs] [Times: user=0.01 sys=0.02, real=0.01 secs] 
Heap after GC invocations=1058 (full 4):
 PSYoungGen      total 172544K, used 4195K [0x00000000d5580000, 0x00000000e0600000, 0x0000000100000000)
  eden space 165376K, 0% used [0x00000000d5580000,0x00000000d5580000,0x00000000df700000)
  from space 7168K, 58% used [0x00000000dff00000,0x00000000e0318c98,0x00000000e0600000)
  to   space 7680K, 0% used [0x00000000df700000,0x00000000df700000,0x00000000dfe80000)
 ParOldGen       total 329728K, used 97802K [0x0000000080000000, 0x0000000094200000, 0x00000000d5580000)
  object space 329728K, 29% used [0x0000000080000000,0x0000000085f82830,0x0000000094200000)
 Metaspace       used 95727K, capacity 99850K, committed 100044K, reserved 1136640K
  class space    used 11503K, capacity 12109K, committed 12160K, reserved 1048576K
}
{Heap before GC invocations=1059 (full 4):
 PSYoungGen      total 172544K, used 169571K [0x00000000d5580000, 0x00000000e0600000, 0x0000000100000000)
  eden space 165376K, 100% used [0x00000000d5580000,0x00000000df700000,0x00000000df700000)
  from space 7168K, 58% used [0x00000000dff00000,0x00000000e0318c98,0x00000000e0600000)
  to   space 7680K, 0% used [0x00000000df700000,0x00000000df700000,0x00000000dfe80000)
 ParOldGen       total 329728K, used 97802K [0x0000000080000000, 0x0000000094200000, 0x00000000d5580000)
  object space 329728K, 29% used [0x0000000080000000,0x0000000085f82830,0x0000000094200000)
 Metaspace       used 95727K, capacity 99850K, committed 100044K, reserved 1136640K
  class space    used 11503K, capacity 12109K, committed 12160K, reserved 1048576K
2023-11-03T23:37:34.667+0600: 4539118.910: [GC (Allocation Failure) [PSYoungGen: 169571K->4384K(173056K)] 267373K->102266K(502784K), 0.0189692 secs] [Times: user=0.03 sys=0.00, real=0.02 secs] 
Heap after GC invocations=1059 (full 4):
 PSYoungGen      total 173056K, used 4384K [0x00000000d5580000, 0x00000000e0680000, 0x0000000100000000)
  eden space 165376K, 0% used [0x00000000d5580000,0x00000000d5580000,0x00000000df700000)
  from space 7680K, 57% used [0x00000000df700000,0x00000000dfb48298,0x00000000dfe80000)
  to   space 7680K, 0% used [0x00000000dff00000,0x00000000dff00000,0x00000000e0680000)
 ParOldGen       total 329728K, used 97882K [0x0000000080000000, 0x0000000094200000, 0x00000000d5580000)
  object space 329728K, 29% used [0x0000000080000000,0x0000000085f96830,0x0000000094200000)
 Metaspace       used 95727K, capacity 99850K, committed 100044K, reserved 1136640K
  class space    used 11503K, capacity 12109K, committed 12160K, reserved 1048576K
}
{Heap before GC invocations=1060 (full 4):
 PSYoungGen      total 173056K, used 169760K [0x00000000d5580000, 0x00000000e0680000, 0x0000000100000000)
  eden space 165376K, 100% used [0x00000000d5580000,0x00000000df700000,0x00000000df700000)
  from space 7680K, 57% used [0x00000000df700000,0x00000000dfb48298,0x00000000dfe80000)
  to   space 7680K, 0% used [0x00000000dff00000,0x00000000dff00000,0x00000000e0680000)
 ParOldGen       total 329728K, used 97882K [0x0000000080000000, 0x0000000094200000, 0x00000000d5580000)
  object space 329728K, 29% used [0x0000000080000000,0x0000000085f96830,0x0000000094200000)
 Metaspace       used 95727K, capacity 99850K, committed 100044K, reserved 1136640K
  class space    used 11503K, capacity 12109K, committed 12160K, reserved 1048576K
2023-11-04T01:40:33.944+0600: 4546498.188: [GC (Allocation Failure) [PSYoungGen: 169760K->4930K(173568K)] 267642K->103004K(503296K), 0.0194531 secs] [Times: user=0.02 sys=0.02, real=0.02 secs] 
Heap after GC invocations=1060 (full 4):
 PSYoungGen      total 173568K, used 4930K [0x00000000d5580000, 0x00000000e0680000, 0x0000000100000000)
  eden space 165888K, 0% used [0x00000000d5580000,0x00000000d5580000,0x00000000df780000)
  from space 7680K, 64% used [0x00000000dff00000,0x00000000e03d0988,0x00000000e0680000)
  to   space 7680K, 0% used [0x00000000df780000,0x00000000df780000,0x00000000dff00000)
 ParOldGen       total 329728K, used 98073K [0x0000000080000000, 0x0000000094200000, 0x00000000d5580000)
  object space 329728K, 29% used [0x0000000080000000,0x0000000085fc6780,0x0000000094200000)
 Metaspace       used 95727K, capacity 99850K, committed 100044K, reserved 1136640K
  class space    used 11503K, capacity 12109K, committed 12160K, reserved 1048576K
}
{Heap before GC invocations=1061 (full 4):
 PSYoungGen      total 173568K, used 170818K [0x00000000d5580000, 0x00000000e0680000, 0x0000000100000000)
  eden space 165888K, 100% used [0x00000000d5580000,0x00000000df780000,0x00000000df780000)
  from space 7680K, 64% used [0x00000000dff00000,0x00000000e03d0988,0x00000000e0680000)
  to   space 7680K, 0% used [0x00000000df780000,0x00000000df780000,0x00000000dff00000)
 ParOldGen       total 329728K, used 98073K [0x0000000080000000, 0x0000000094200000, 0x00000000d5580000)
  object space 329728K, 29% used [0x0000000080000000,0x0000000085fc6780,0x0000000094200000)
 Metaspace       used 95727K, capacity 99850K, committed 100044K, reserved 1136640K
  class space    used 11503K, capacity 12109K, committed 12160K, reserved 1048576K
2023-11-04T03:54:11.443+0600: 4554515.686: [GC (Allocation Failure) [PSYoungGen: 170818K->3168K(173568K)] 268892K->101355K(503296K), 0.0170953 secs] [Times: user=0.02 sys=0.02, real=0.02 secs] 
Heap after GC invocations=1061 (full 4):
 PSYoungGen      total 173568K, used 3168K [0x00000000d5580000, 0x00000000e0600000, 0x0000000100000000)
  eden space 165888K, 0% used [0x00000000d5580000,0x00000000d5580000,0x00000000df780000)
  from space 7680K, 41% used [0x00000000df780000,0x00000000dfa98000,0x00000000dff00000)
  to   space 7168K, 0% used [0x00000000dff00000,0x00000000dff00000,0x00000000e0600000)
 ParOldGen       total 329728K, used 98187K [0x0000000080000000, 0x0000000094200000, 0x00000000d5580000)
  object space 329728K, 29% used [0x0000000080000000,0x0000000085fe2f90,0x0000000094200000)
 Metaspace       used 95727K, capacity 99850K, committed 100044K, reserved 1136640K
  class space    used 11503K, capacity 12109K, committed 12160K, reserved 1048576K
}
{Heap before GC invocations=1062 (full 4):
 PSYoungGen      total 173568K, used 169056K [0x00000000d5580000, 0x00000000e0600000, 0x0000000100000000)
  eden space 165888K, 100% used [0x00000000d5580000,0x00000000df780000,0x00000000df780000)
  from space 7680K, 41% used [0x00000000df780000,0x00000000dfa98000,0x00000000dff00000)
  to   space 7168K, 0% used [0x00000000dff00000,0x00000000dff00000,0x00000000e0600000)
 ParOldGen       total 329728K, used 98187K [0x0000000080000000, 0x0000000094200000, 0x00000000d5580000)
  object space 329728K, 29% used [0x0000000080000000,0x0000000085fe2f90,0x0000000094200000)
 Metaspace       used 95727K, capacity 99850K, committed 100044K, reserved 1136640K
  class space    used 11503K, capacity 12109K, committed 12160K, reserved 1048576K
2023-11-04T06:11:08.041+0600: 4562732.285: [GC (Allocation Failure) [PSYoungGen: 169056K->3136K(173568K)] 267243K->101363K(503296K), 0.0152716 secs] [Times: user=0.01 sys=0.01, real=0.02 secs] 
Heap after GC invocations=1062 (full 4):
 PSYoungGen      total 173568K, used 3136K [0x00000000d5580000, 0x00000000e0600000, 0x0000000100000000)
  eden space 166400K, 0% used [0x00000000d5580000,0x00000000d5580000,0x00000000df800000)
  from space 7168K, 43% used [0x00000000dff00000,0x00000000e0210000,0x00000000e0600000)
  to   space 7168K, 0% used [0x00000000df800000,0x00000000df800000,0x00000000dff00000)
 ParOldGen       total 329728K, used 98227K [0x0000000080000000, 0x0000000094200000, 0x00000000d5580000)
  object space 329728K, 29% used [0x0000000080000000,0x0000000085fecf90,0x0000000094200000)
 Metaspace       used 95727K, capacity 99850K, committed 100044K, reserved 1136640K
  class space    used 11503K, capacity 12109K, committed 12160K, reserved 1048576K
}
{Heap before GC invocations=1063 (full 4):
 PSYoungGen      total 173568K, used 169536K [0x00000000d5580000, 0x00000000e0600000, 0x0000000100000000)
  eden space 166400K, 100% used [0x00000000d5580000,0x00000000df800000,0x00000000df800000)
  from space 7168K, 43% used [0x00000000dff00000,0x00000000e0210000,0x00000000e0600000)
  to   space 7168K, 0% used [0x00000000df800000,0x00000000df800000,0x00000000dff00000)
 ParOldGen       total 329728K, used 98227K [0x0000000080000000, 0x0000000094200000, 0x00000000d5580000)
  object space 329728K, 29% used [0x0000000080000000,0x0000000085fecf90,0x0000000094200000)
 Metaspace       used 95727K, capacity 99850K, committed 100044K, reserved 1136640K
  class space    used 11503K, capacity 12109K, committed 12160K, reserved 1048576K
2023-11-04T08:26:18.534+0600: 4570842.777: [GC (Allocation Failure) [PSYoungGen: 169536K->3088K(173568K)] 267763K->101371K(503296K), 0.0130975 secs] [Times: user=0.01 sys=0.02, real=0.01 secs] 
Heap after GC invocations=1063 (full 4):
 PSYoungGen      total 173568K, used 3088K [0x00000000d5580000, 0x00000000e0680000, 0x0000000100000000)
  eden space 166400K, 0% used [0x00000000d5580000,0x00000000d5580000,0x00000000df800000)
  from space 7168K, 43% used [0x00000000df800000,0x00000000dfb04028,0x00000000dff00000)
  to   space 7168K, 0% used [0x00000000dff80000,0x00000000dff80000,0x00000000e0680000)
 ParOldGen       total 329728K, used 98283K [0x0000000080000000, 0x0000000094200000, 0x00000000d5580000)
  object space 329728K, 29% used [0x0000000080000000,0x0000000085ffaf90,0x0000000094200000)
 Metaspace       used 95727K, capacity 99850K, committed 100044K, reserved 1136640K
  class space    used 11503K, capacity 12109K, committed 12160K, reserved 1048576K
}
{Heap before GC invocations=1064 (full 4):
 PSYoungGen      total 173568K, used 169488K [0x00000000d5580000, 0x00000000e0680000, 0x0000000100000000)
  eden space 166400K, 100% used [0x00000000d5580000,0x00000000df800000,0x00000000df800000)
  from space 7168K, 43% used [0x00000000df800000,0x00000000dfb04028,0x00000000dff00000)
  to   space 7168K, 0% used [0x00000000dff80000,0x00000000dff80000,0x00000000e0680000)
 ParOldGen       total 329728K, used 98283K [0x0000000080000000, 0x0000000094200000, 0x00000000d5580000)
  object space 329728K, 29% used [0x0000000080000000,0x0000000085ffaf90,0x0000000094200000)
 Metaspace       used 95727K, capacity 99850K, committed 100044K, reserved 1136640K
  class space    used 11503K, capacity 12109K, committed 12160K, reserved 1048576K
2023-11-04T10:40:02.810+0600: 4578867.054: [GC (Allocation Failure) [PSYoungGen: 169488K->3072K(174080K)] 267771K->101387K(503808K), 0.0169778 secs] [Times: user=0.01 sys=0.02, real=0.02 secs] 
Heap after GC invocations=1064 (full 4):
 PSYoungGen      total 174080K, used 3072K [0x00000000d5580000, 0x00000000e0680000, 0x0000000100000000)
  eden space 166912K, 0% used [0x00000000d5580000,0x00000000d5580000,0x00000000df880000)
  from space 7168K, 42% used [0x00000000dff80000,0x00000000e0280000,0x00000000e0680000)
  to   space 7168K, 0% used [0x00000000df880000,0x00000000df880000,0x00000000dff80000)
 ParOldGen       total 329728K, used 98315K [0x0000000080000000, 0x0000000094200000, 0x00000000d5580000)
  object space 329728K, 29% used [0x0000000080000000,0x0000000086002f90,0x0000000094200000)
 Metaspace       used 95727K, capacity 99850K, committed 100044K, reserved 1136640K
  class space    used 11503K, capacity 12109K, committed 12160K, reserved 1048576K
}
{Heap before GC invocations=1065 (full 4):
 PSYoungGen      total 174080K, used 169984K [0x00000000d5580000, 0x00000000e0680000, 0x0000000100000000)
  eden space 166912K, 100% used [0x00000000d5580000,0x00000000df880000,0x00000000df880000)
  from space 7168K, 42% used [0x00000000dff80000,0x00000000e0280000,0x00000000e0680000)
  to   space 7168K, 0% used [0x00000000df880000,0x00000000df880000,0x00000000dff80000)
 ParOldGen       total 329728K, used 98315K [0x0000000080000000, 0x0000000094200000, 0x00000000d5580000)
  object space 329728K, 29% used [0x0000000080000000,0x0000000086002f90,0x0000000094200000)
 Metaspace       used 95727K, capacity 99850K, committed 100044K, reserved 1136640K
  class space    used 11503K, capacity 12109K, committed 12160K, reserved 1048576K
2023-11-04T12:51:33.429+0600: 4586757.672: [GC (Allocation Failure) [PSYoungGen: 169984K->3616K(174080K)] 268299K->101956K(503808K), 0.0165506 secs] [Times: user=0.01 sys=0.02, real=0.02 secs] 
Heap after GC invocations=1065 (full 4):
 PSYoungGen      total 174080K, used 3616K [0x00000000d5580000, 0x00000000e0700000, 0x0000000100000000)
  eden space 166912K, 0% used [0x00000000d5580000,0x00000000d5580000,0x00000000df880000)
  from space 7168K, 50% used [0x00000000df880000,0x00000000dfc08278,0x00000000dff80000)
  to   space 7168K, 0% used [0x00000000e0000000,0x00000000e0000000,0x00000000e0700000)
 ParOldGen       total 329728K, used 98339K [0x0000000080000000, 0x0000000094200000, 0x00000000d5580000)
  object space 329728K, 29% used [0x0000000080000000,0x0000000086008f90,0x0000000094200000)
 Metaspace       used 95727K, capacity 99850K, committed 100044K, reserved 1136640K
  class space    used 11503K, capacity 12109K, committed 12160K, reserved 1048576K
}
{Heap before GC invocations=1066 (full 4):
 PSYoungGen      total 174080K, used 170528K [0x00000000d5580000, 0x00000000e0700000, 0x0000000100000000)
  eden space 166912K, 100% used [0x00000000d5580000,0x00000000df880000,0x00000000df880000)
  from space 7168K, 50% used [0x00000000df880000,0x00000000dfc08278,0x00000000dff80000)
  to   space 7168K, 0% used [0x00000000e0000000,0x00000000e0000000,0x00000000e0700000)
 ParOldGen       total 329728K, used 98339K [0x0000000080000000, 0x0000000094200000, 0x00000000d5580000)
  object space 329728K, 29% used [0x0000000080000000,0x0000000086008f90,0x0000000094200000)
 Metaspace       used 95728K, capacity 99850K, committed 100044K, reserved 1136640K
  class space    used 11503K, capacity 12109K, committed 12160K, reserved 1048576K
2023-11-04T14:41:42.786+0600: 4593367.030: [GC (Allocation Failure) [PSYoungGen: 170528K->6845K(174080K)] 268868K->105193K(503808K), 0.0199997 secs] [Times: user=0.01 sys=0.02, real=0.02 secs] 
Heap after GC invocations=1066 (full 4):
 PSYoungGen      total 174080K, used 6845K [0x00000000d5580000, 0x00000000e0800000, 0x0000000100000000)
  eden space 166912K, 0% used [0x00000000d5580000,0x00000000d5580000,0x00000000df880000)
  from space 7168K, 95% used [0x00000000e0000000,0x00000000e06af7f8,0x00000000e0700000)
  to   space 7680K, 0% used [0x00000000df880000,0x00000000df880000,0x00000000e0000000)
 ParOldGen       total 329728K, used 98347K [0x0000000080000000, 0x0000000094200000, 0x00000000d5580000)
  object space 329728K, 29% used [0x0000000080000000,0x000000008600af90,0x0000000094200000)
 Metaspace       used 95728K, capacity 99850K, committed 100044K, reserved 1136640K
  class space    used 11503K, capacity 12109K, committed 12160K, reserved 1048576K
}
{Heap before GC invocations=1067 (full 4):
 PSYoungGen      total 174080K, used 173757K [0x00000000d5580000, 0x00000000e0800000, 0x0000000100000000)
  eden space 166912K, 100% used [0x00000000d5580000,0x00000000df880000,0x00000000df880000)
  from space 7168K, 95% used [0x00000000e0000000,0x00000000e06af7f8,0x00000000e0700000)
  to   space 7680K, 0% used [0x00000000df880000,0x00000000df880000,0x00000000e0000000)
 ParOldGen       total 329728K, used 98347K [0x0000000080000000, 0x0000000094200000, 0x00000000d5580000)
  object space 329728K, 29% used [0x0000000080000000,0x000000008600af90,0x0000000094200000)
 Metaspace       used 95728K, capacity 99850K, committed 100044K, reserved 1136640K
  class space    used 11503K, capacity 12109K, committed 12160K, reserved 1048576K
2023-11-04T16:07:21.928+0600: 4598506.171: [GC (Allocation Failure) [PSYoungGen: 173757K->7674K(174592K)] 272105K->108034K(504320K), 0.0146172 secs] [Times: user=0.01 sys=0.01, real=0.01 secs] 
Heap after GC invocations=1067 (full 4):
 PSYoungGen      total 174592K, used 7674K [0x00000000d5580000, 0x00000000e0b00000, 0x0000000100000000)
  eden space 166912K, 0% used [0x00000000d5580000,0x00000000d5580000,0x00000000df880000)
  from space 7680K, 99% used [0x00000000df880000,0x00000000dfffea78,0x00000000e0000000)
  to   space 9216K, 0% used [0x00000000e0200000,0x00000000e0200000,0x00000000e0b00000)
 ParOldGen       total 329728K, used 100359K [0x0000000080000000, 0x0000000094200000, 0x00000000d5580000)
  object space 329728K, 30% used [0x0000000080000000,0x0000000086201ee0,0x0000000094200000)
 Metaspace       used 95728K, capacity 99850K, committed 100044K, reserved 1136640K
  class space    used 11503K, capacity 12109K, committed 12160K, reserved 1048576K
}
{Heap before GC invocations=1068 (full 4):
 PSYoungGen      total 174592K, used 174586K [0x00000000d5580000, 0x00000000e0b00000, 0x0000000100000000)
  eden space 166912K, 100% used [0x00000000d5580000,0x00000000df880000,0x00000000df880000)
  from space 7680K, 99% used [0x00000000df880000,0x00000000dfffea78,0x00000000e0000000)
  to   space 9216K, 0% used [0x00000000e0200000,0x00000000e0200000,0x00000000e0b00000)
 ParOldGen       total 329728K, used 100359K [0x0000000080000000, 0x0000000094200000, 0x00000000d5580000)
  object space 329728K, 30% used [0x0000000080000000,0x0000000086201ee0,0x0000000094200000)
 Metaspace       used 95746K, capacity 99910K, committed 100044K, reserved 1136640K
  class space    used 11508K, capacity 12119K, committed 12160K, reserved 1048576K
2023-11-04T18:02:31.450+0600: 4605415.694: [GC (Allocation Failure) [PSYoungGen: 174586K->6805K(176128K)] 274946K->107180K(505856K), 0.0230357 secs] [Times: user=0.01 sys=0.03, real=0.03 secs] 
Heap after GC invocations=1068 (full 4):
 PSYoungGen      total 176128K, used 6805K [0x00000000d5580000, 0x00000000e0c00000, 0x0000000100000000)
  eden space 166912K, 0% used [0x00000000d5580000,0x00000000d5580000,0x00000000df880000)
  from space 9216K, 73% used [0x00000000e0200000,0x00000000e08a54d0,0x00000000e0b00000)
  to   space 9728K, 0% used [0x00000000df880000,0x00000000df880000,0x00000000e0200000)
 ParOldGen       total 329728K, used 100375K [0x0000000080000000, 0x0000000094200000, 0x00000000d5580000)
  object space 329728K, 30% used [0x0000000080000000,0x0000000086205ee0,0x0000000094200000)
 Metaspace       used 95746K, capacity 99910K, committed 100044K, reserved 1136640K
  class space    used 11508K, capacity 12119K, committed 12160K, reserved 1048576K
}
{Heap before GC invocations=1069 (full 4):
 PSYoungGen      total 176128K, used 173717K [0x00000000d5580000, 0x00000000e0c00000, 0x0000000100000000)
  eden space 166912K, 100% used [0x00000000d5580000,0x00000000df880000,0x00000000df880000)
  from space 9216K, 73% used [0x00000000e0200000,0x00000000e08a54d0,0x00000000e0b00000)
  to   space 9728K, 0% used [0x00000000df880000,0x00000000df880000,0x00000000e0200000)
 ParOldGen       total 329728K, used 100375K [0x0000000080000000, 0x0000000094200000, 0x00000000d5580000)
  object space 329728K, 30% used [0x0000000080000000,0x0000000086205ee0,0x0000000094200000)
 Metaspace       used 95746K, capacity 99910K, committed 100044K, reserved 1136640K
  class space    used 11508K, capacity 12119K, committed 12160K, reserved 1048576K
2023-11-04T20:08:42.013+0600: 4612986.256: [GC (Allocation Failure) [PSYoungGen: 173717K->4610K(176640K)] 274092K->104985K(506368K), 0.0191891 secs] [Times: user=0.01 sys=0.02, real=0.02 secs] 
Heap after GC invocations=1069 (full 4):
 PSYoungGen      total 176640K, used 4610K [0x00000000d5580000, 0x00000000e0b00000, 0x0000000100000000)
  eden space 166912K, 0% used [0x00000000d5580000,0x00000000d5580000,0x00000000df880000)
  from space 9728K, 47% used [0x00000000df880000,0x00000000dfd008a8,0x00000000e0200000)
  to   space 9216K, 0% used [0x00000000e0200000,0x00000000e0200000,0x00000000e0b00000)
 ParOldGen       total 329728K, used 100375K [0x0000000080000000, 0x0000000094200000, 0x00000000d5580000)
  object space 329728K, 30% used [0x0000000080000000,0x0000000086205ee0,0x0000000094200000)
 Metaspace       used 95746K, capacity 99910K, committed 100044K, reserved 1136640K
  class space    used 11508K, capacity 12119K, committed 12160K, reserved 1048576K
}
{Heap before GC invocations=1070 (full 4):
 PSYoungGen      total 176640K, used 171522K [0x00000000d5580000, 0x00000000e0b00000, 0x0000000100000000)
  eden space 166912K, 100% used [0x00000000d5580000,0x00000000df880000,0x00000000df880000)
  from space 9728K, 47% used [0x00000000df880000,0x00000000dfd008a8,0x00000000e0200000)
  to   space 9216K, 0% used [0x00000000e0200000,0x00000000e0200000,0x00000000e0b00000)
 ParOldGen       total 329728K, used 100375K [0x0000000080000000, 0x0000000094200000, 0x00000000d5580000)
  object space 329728K, 30% used [0x0000000080000000,0x0000000086205ee0,0x0000000094200000)
 Metaspace       used 95746K, capacity 99910K, committed 100044K, reserved 1136640K
  class space    used 11508K, capacity 12119K, committed 12160K, reserved 1048576K
2023-11-04T21:52:03.010+0600: 4619187.253: [GC (Allocation Failure) [PSYoungGen: 171522K->7430K(176128K)] 271897K->107846K(505856K), 0.0150275 secs] [Times: user=0.01 sys=0.02, real=0.02 secs] 
Heap after GC invocations=1070 (full 4):
 PSYoungGen      total 176128K, used 7430K [0x00000000d5580000, 0x00000000e0c00000, 0x0000000100000000)
  eden space 166912K, 0% used [0x00000000d5580000,0x00000000d5580000,0x00000000df880000)
  from space 9216K, 80% used [0x00000000e0200000,0x00000000e0941900,0x00000000e0b00000)
  to   space 9728K, 0% used [0x00000000df880000,0x00000000df880000,0x00000000e0200000)
 ParOldGen       total 329728K, used 100415K [0x0000000080000000, 0x0000000094200000, 0x00000000d5580000)
  object space 329728K, 30% used [0x0000000080000000,0x000000008620ff10,0x0000000094200000)
 Metaspace       used 95746K, capacity 99910K, committed 100044K, reserved 1136640K
  class space    used 11508K, capacity 12119K, committed 12160K, reserved 1048576K
}
{Heap before GC invocations=1071 (full 4):
 PSYoungGen      total 176128K, used 174342K [0x00000000d5580000, 0x00000000e0c00000, 0x0000000100000000)
  eden space 166912K, 100% used [0x00000000d5580000,0x00000000df880000,0x00000000df880000)
  from space 9216K, 80% used [0x00000000e0200000,0x00000000e0941900,0x00000000e0b00000)
  to   space 9728K, 0% used [0x00000000df880000,0x00000000df880000,0x00000000e0200000)
 ParOldGen       total 329728K, used 100415K [0x0000000080000000, 0x0000000094200000, 0x00000000d5580000)
  object space 329728K, 30% used [0x0000000080000000,0x000000008620ff10,0x0000000094200000)
 Metaspace       used 95746K, capacity 99910K, committed 100044K, reserved 1136640K
  class space    used 11508K, capacity 12119K, committed 12160K, reserved 1048576K
2023-11-05T00:03:50.765+0600: 4627095.008: [GC (Allocation Failure) [PSYoungGen: 174342K->4176K(176640K)] 274758K->104607K(506368K), 0.0202715 secs] [Times: user=0.03 sys=0.00, real=0.02 secs] 
Heap after GC invocations=1071 (full 4):
 PSYoungGen      total 176640K, used 4176K [0x00000000d5580000, 0x00000000e0c00000, 0x0000000100000000)
  eden space 166912K, 0% used [0x00000000d5580000,0x00000000d5580000,0x00000000df880000)
  from space 9728K, 42% used [0x00000000df880000,0x00000000dfc94068,0x00000000e0200000)
  to   space 9728K, 0% used [0x00000000e0280000,0x00000000e0280000,0x00000000e0c00000)
 ParOldGen       total 329728K, used 100431K [0x0000000080000000, 0x0000000094200000, 0x00000000d5580000)
  object space 329728K, 30% used [0x0000000080000000,0x0000000086213f10,0x0000000094200000)
 Metaspace       used 95746K, capacity 99910K, committed 100044K, reserved 1136640K
  class space    used 11508K, capacity 12119K, committed 12160K, reserved 1048576K
}
{Heap before GC invocations=1072 (full 4):
 PSYoungGen      total 176640K, used 171088K [0x00000000d5580000, 0x00000000e0c00000, 0x0000000100000000)
  eden space 166912K, 100% used [0x00000000d5580000,0x00000000df880000,0x00000000df880000)
  from space 9728K, 42% used [0x00000000df880000,0x00000000dfc94068,0x00000000e0200000)
  to   space 9728K, 0% used [0x00000000e0280000,0x00000000e0280000,0x00000000e0c00000)
 ParOldGen       total 329728K, used 100431K [0x0000000080000000, 0x0000000094200000, 0x00000000d5580000)
  object space 329728K, 30% used [0x0000000080000000,0x0000000086213f10,0x0000000094200000)
 Metaspace       used 95746K, capacity 99910K, committed 100044K, reserved 1136640K
  class space    used 11508K, capacity 12119K, committed 12160K, reserved 1048576K
2023-11-05T02:10:57.824+0600: 4634722.067: [GC (Allocation Failure) [PSYoungGen: 171088K->5409K(176128K)] 271519K->105841K(505856K), 0.0213637 secs] [Times: user=0.03 sys=0.00, real=0.02 secs] 
Heap after GC invocations=1072 (full 4):
 PSYoungGen      total 176128K, used 5409K [0x00000000d5580000, 0x00000000e0b00000, 0x0000000100000000)
  eden space 167424K, 0% used [0x00000000d5580000,0x00000000d5580000,0x00000000df900000)
  from space 8704K, 62% used [0x00000000e0280000,0x00000000e07c8778,0x00000000e0b00000)
  to   space 9216K, 0% used [0x00000000df900000,0x00000000df900000,0x00000000e0200000)
 ParOldGen       total 329728K, used 100431K [0x0000000080000000, 0x0000000094200000, 0x00000000d5580000)
  object space 329728K, 30% used [0x0000000080000000,0x0000000086213f10,0x0000000094200000)
 Metaspace       used 95746K, capacity 99910K, committed 100044K, reserved 1136640K
  class space    used 11508K, capacity 12119K, committed 12160K, reserved 1048576K
}
{Heap before GC invocations=1073 (full 4):
 PSYoungGen      total 176128K, used 172833K [0x00000000d5580000, 0x00000000e0b00000, 0x0000000100000000)
  eden space 167424K, 100% used [0x00000000d5580000,0x00000000df900000,0x00000000df900000)
  from space 8704K, 62% used [0x00000000e0280000,0x00000000e07c8778,0x00000000e0b00000)
  to   space 9216K, 0% used [0x00000000df900000,0x00000000df900000,0x00000000e0200000)
 ParOldGen       total 329728K, used 100431K [0x0000000080000000, 0x0000000094200000, 0x00000000d5580000)
  object space 329728K, 30% used [0x0000000080000000,0x0000000086213f10,0x0000000094200000)
 Metaspace       used 95746K, capacity 99910K, committed 100044K, reserved 1136640K
  class space    used 11508K, capacity 12119K, committed 12160K, reserved 1048576K
2023-11-05T04:25:29.858+0600: 4642794.101: [GC (Allocation Failure) [PSYoungGen: 172833K->3920K(176640K)] 273265K->104367K(506368K), 0.0170609 secs] [Times: user=0.02 sys=0.02, real=0.02 secs] 
Heap after GC invocations=1073 (full 4):
 PSYoungGen      total 176640K, used 3920K [0x00000000d5580000, 0x00000000e0b80000, 0x0000000100000000)
  eden space 167424K, 0% used [0x00000000d5580000,0x00000000d5580000,0x00000000df900000)
  from space 9216K, 42% used [0x00000000df900000,0x00000000dfcd4058,0x00000000e0200000)
  to   space 9216K, 0% used [0x00000000e0280000,0x00000000e0280000,0x00000000e0b80000)
 ParOldGen       total 329728K, used 100447K [0x0000000080000000, 0x0000000094200000, 0x00000000d5580000)
  object space 329728K, 30% used [0x0000000080000000,0x0000000086217f10,0x0000000094200000)
 Metaspace       used 95746K, capacity 99910K, committed 100044K, reserved 1136640K
  class space    used 11508K, capacity 12119K, committed 12160K, reserved 1048576K
}
{Heap before GC invocations=1074 (full 4):
 PSYoungGen      total 176640K, used 171344K [0x00000000d5580000, 0x00000000e0b80000, 0x0000000100000000)
  eden space 167424K, 100% used [0x00000000d5580000,0x00000000df900000,0x00000000df900000)
  from space 9216K, 42% used [0x00000000df900000,0x00000000dfcd4058,0x00000000e0200000)
  to   space 9216K, 0% used [0x00000000e0280000,0x00000000e0280000,0x00000000e0b80000)
 ParOldGen       total 329728K, used 100447K [0x0000000080000000, 0x0000000094200000, 0x00000000d5580000)
  object space 329728K, 30% used [0x0000000080000000,0x0000000086217f10,0x0000000094200000)
 Metaspace       used 95746K, capacity 99910K, committed 100044K, reserved 1136640K
  class space    used 11508K, capacity 12119K, committed 12160K, reserved 1048576K
2023-11-05T06:44:08.402+0600: 4651112.646: [GC (Allocation Failure) [PSYoungGen: 171344K->3888K(176128K)] 271791K->104351K(505856K), 0.0180472 secs] [Times: user=0.02 sys=0.02, real=0.02 secs] 
Heap after GC invocations=1074 (full 4):
 PSYoungGen      total 176128K, used 3888K [0x00000000d5580000, 0x00000000e0a80000, 0x0000000100000000)
  eden space 167936K, 0% used [0x00000000d5580000,0x00000000d5580000,0x00000000df980000)
  from space 8192K, 47% used [0x00000000e0280000,0x00000000e064c058,0x00000000e0a80000)
  to   space 8704K, 0% used [0x00000000df980000,0x00000000df980000,0x00000000e0200000)
 ParOldGen       total 329728K, used 100463K [0x0000000080000000, 0x0000000094200000, 0x00000000d5580000)
  object space 329728K, 30% used [0x0000000080000000,0x000000008621bf10,0x0000000094200000)
 Metaspace       used 95746K, capacity 99910K, committed 100044K, reserved 1136640K
  class space    used 11508K, capacity 12119K, committed 12160K, reserved 1048576K
}
{Heap before GC invocations=1075 (full 4):
 PSYoungGen      total 176128K, used 171824K [0x00000000d5580000, 0x00000000e0a80000, 0x0000000100000000)
  eden space 167936K, 100% used [0x00000000d5580000,0x00000000df980000,0x00000000df980000)
  from space 8192K, 47% used [0x00000000e0280000,0x00000000e064c058,0x00000000e0a80000)
  to   space 8704K, 0% used [0x00000000df980000,0x00000000df980000,0x00000000e0200000)
 ParOldGen       total 329728K, used 100463K [0x0000000080000000, 0x0000000094200000, 0x00000000d5580000)
  object space 329728K, 30% used [0x0000000080000000,0x000000008621bf10,0x0000000094200000)
 Metaspace       used 95746K, capacity 99910K, committed 100044K, reserved 1136640K
  class space    used 11508K, capacity 12119K, committed 12160K, reserved 1048576K
2023-11-05T08:57:46.436+0600: 4659130.679: [GC (Allocation Failure) [PSYoungGen: 171824K->3888K(176640K)] 272287K->104383K(506368K), 0.0195405 secs] [Times: user=0.02 sys=0.01, real=0.02 secs] 
Heap after GC invocations=1075 (full 4):
 PSYoungGen      total 176640K, used 3888K [0x00000000d5580000, 0x00000000e0b00000, 0x0000000100000000)
  eden space 167936K, 0% used [0x00000000d5580000,0x00000000d5580000,0x00000000df980000)
  from space 8704K, 44% used [0x00000000df980000,0x00000000dfd4c058,0x00000000e0200000)
  to   space 8704K, 0% used [0x00000000e0280000,0x00000000e0280000,0x00000000e0b00000)
 ParOldGen       total 329728K, used 100495K [0x0000000080000000, 0x0000000094200000, 0x00000000d5580000)
  object space 329728K, 30% used [0x0000000080000000,0x0000000086223f10,0x0000000094200000)
 Metaspace       used 95746K, capacity 99910K, committed 100044K, reserved 1136640K
  class space    used 11508K, capacity 12119K, committed 12160K, reserved 1048576K
}
{Heap before GC invocations=1076 (full 4):
 PSYoungGen      total 176640K, used 171824K [0x00000000d5580000, 0x00000000e0b00000, 0x0000000100000000)
  eden space 167936K, 100% used [0x00000000d5580000,0x00000000df980000,0x00000000df980000)
  from space 8704K, 44% used [0x00000000df980000,0x00000000dfd4c058,0x00000000e0200000)
  to   space 8704K, 0% used [0x00000000e0280000,0x00000000e0280000,0x00000000e0b00000)
 ParOldGen       total 329728K, used 100495K [0x0000000080000000, 0x0000000094200000, 0x00000000d5580000)
  object space 329728K, 30% used [0x0000000080000000,0x0000000086223f10,0x0000000094200000)
 Metaspace       used 95746K, capacity 99910K, committed 100044K, reserved 1136640K
  class space    used 11508K, capacity 12119K, committed 12160K, reserved 1048576K
2023-11-05T11:10:16.184+0600: 4667080.427: [GC (Allocation Failure) [PSYoungGen: 171824K->4208K(176128K)] 272319K->104703K(505856K), 0.0175277 secs] [Times: user=0.03 sys=0.00, real=0.01 secs] 
Heap after GC invocations=1076 (full 4):
 PSYoungGen      total 176128K, used 4208K [0x00000000d5580000, 0x00000000e0a00000, 0x0000000100000000)
  eden space 168448K, 0% used [0x00000000d5580000,0x00000000d5580000,0x00000000dfa00000)
  from space 7680K, 54% used [0x00000000e0280000,0x00000000e069c068,0x00000000e0a00000)
  to   space 8192K, 0% used [0x00000000dfa00000,0x00000000dfa00000,0x00000000e0200000)
 ParOldGen       total 329728K, used 100495K [0x0000000080000000, 0x0000000094200000, 0x00000000d5580000)
  object space 329728K, 30% used [0x0000000080000000,0x0000000086223f10,0x0000000094200000)
 Metaspace       used 95746K, capacity 99910K, committed 100044K, reserved 1136640K
  class space    used 11508K, capacity 12119K, committed 12160K, reserved 1048576K
}
{Heap before GC invocations=1077 (full 4):
 PSYoungGen      total 176128K, used 172656K [0x00000000d5580000, 0x00000000e0a00000, 0x0000000100000000)
  eden space 168448K, 100% used [0x00000000d5580000,0x00000000dfa00000,0x00000000dfa00000)
  from space 7680K, 54% used [0x00000000e0280000,0x00000000e069c068,0x00000000e0a00000)
  to   space 8192K, 0% used [0x00000000dfa00000,0x00000000dfa00000,0x00000000e0200000)
 ParOldGen       total 329728K, used 100495K [0x0000000080000000, 0x0000000094200000, 0x00000000d5580000)
  object space 329728K, 30% used [0x0000000080000000,0x0000000086223f10,0x0000000094200000)
 Metaspace       used 95746K, capacity 99910K, committed 100044K, reserved 1136640K
  class space    used 11508K, capacity 12119K, committed 12160K, reserved 1048576K
2023-11-05T12:43:32.776+0600: 4672677.020: [GC (Allocation Failure) [PSYoungGen: 172656K->8166K(176640K)] 273151K->109461K(506368K), 0.0241367 secs] [Times: user=0.01 sys=0.03, real=0.02 secs] 
Heap after GC invocations=1077 (full 4):
 PSYoungGen      total 176640K, used 8166K [0x00000000d5580000, 0x00000000e0d80000, 0x0000000100000000)
  eden space 168448K, 0% used [0x00000000d5580000,0x00000000d5580000,0x00000000dfa00000)
  from space 8192K, 99% used [0x00000000dfa00000,0x00000000e01f98c0,0x00000000e0200000)
  to   space 9728K, 0% used [0x00000000e0400000,0x00000000e0400000,0x00000000e0d80000)
 ParOldGen       total 329728K, used 101294K [0x0000000080000000, 0x0000000094200000, 0x00000000d5580000)
  object space 329728K, 30% used [0x0000000080000000,0x00000000862ebb70,0x0000000094200000)
 Metaspace       used 95746K, capacity 99910K, committed 100044K, reserved 1136640K
  class space    used 11508K, capacity 12119K, committed 12160K, reserved 1048576K
}
{Heap before GC invocations=1078 (full 4):
 PSYoungGen      total 176640K, used 176614K [0x00000000d5580000, 0x00000000e0d80000, 0x0000000100000000)
  eden space 168448K, 100% used [0x00000000d5580000,0x00000000dfa00000,0x00000000dfa00000)
  from space 8192K, 99% used [0x00000000dfa00000,0x00000000e01f98c0,0x00000000e0200000)
  to   space 9728K, 0% used [0x00000000e0400000,0x00000000e0400000,0x00000000e0d80000)
 ParOldGen       total 329728K, used 101294K [0x0000000080000000, 0x0000000094200000, 0x00000000d5580000)
  object space 329728K, 30% used [0x0000000080000000,0x00000000862ebb70,0x0000000094200000)
 Metaspace       used 95746K, capacity 99910K, committed 100044K, reserved 1136640K
  class space    used 11508K, capacity 12119K, committed 12160K, reserved 1048576K
2023-11-05T14:28:34.141+0600: 4678978.385: [GC (Allocation Failure) [PSYoungGen: 176614K->8755K(177664K)] 277909K->110050K(507392K), 0.0235628 secs] [Times: user=0.01 sys=0.02, real=0.03 secs] 
Heap after GC invocations=1078 (full 4):
 PSYoungGen      total 177664K, used 8755K [0x00000000d5580000, 0x00000000e0f80000, 0x0000000100000000)
  eden space 167936K, 0% used [0x00000000d5580000,0x00000000d5580000,0x00000000df980000)
  from space 9728K, 90% used [0x00000000e0400000,0x00000000e0c8cce0,0x00000000e0d80000)
  to   space 10752K, 0% used [0x00000000df980000,0x00000000df980000,0x00000000e0400000)
 ParOldGen       total 329728K, used 101294K [0x0000000080000000, 0x0000000094200000, 0x00000000d5580000)
  object space 329728K, 30% used [0x0000000080000000,0x00000000862ebb70,0x0000000094200000)
 Metaspace       used 95746K, capacity 99910K, committed 100044K, reserved 1136640K
  class space    used 11508K, capacity 12119K, committed 12160K, reserved 1048576K
}
{Heap before GC invocations=1079 (full 4):
 PSYoungGen      total 177664K, used 176691K [0x00000000d5580000, 0x00000000e0f80000, 0x0000000100000000)
  eden space 167936K, 100% used [0x00000000d5580000,0x00000000df980000,0x00000000df980000)
  from space 9728K, 90% used [0x00000000e0400000,0x00000000e0c8cce0,0x00000000e0d80000)
  to   space 10752K, 0% used [0x00000000df980000,0x00000000df980000,0x00000000e0400000)
 ParOldGen       total 329728K, used 101294K [0x0000000080000000, 0x0000000094200000, 0x00000000d5580000)
  object space 329728K, 30% used [0x0000000080000000,0x00000000862ebb70,0x0000000094200000)
 Metaspace       used 95746K, capacity 99910K, committed 100044K, reserved 1136640K
  class space    used 11508K, capacity 12119K, committed 12160K, reserved 1048576K
2023-11-05T16:16:41.008+0600: 4685465.251: [GC (Allocation Failure) [PSYoungGen: 176691K->8165K(178688K)] 277986K->109460K(508416K), 0.0237433 secs] [Times: user=0.04 sys=0.00, real=0.02 secs] 
Heap after GC invocations=1079 (full 4):
 PSYoungGen      total 178688K, used 8165K [0x00000000d5580000, 0x00000000e1000000, 0x0000000100000000)
  eden space 167936K, 0% used [0x00000000d5580000,0x00000000d5580000,0x00000000df980000)
  from space 10752K, 75% used [0x00000000df980000,0x00000000e0179770,0x00000000e0400000)
  to   space 11264K, 0% used [0x00000000e0500000,0x00000000e0500000,0x00000000e1000000)
 ParOldGen       total 329728K, used 101294K [0x0000000080000000, 0x0000000094200000, 0x00000000d5580000)
  object space 329728K, 30% used [0x0000000080000000,0x00000000862ebb70,0x0000000094200000)
 Metaspace       used 95746K, capacity 99910K, committed 100044K, reserved 1136640K
  class space    used 11508K, capacity 12119K, committed 12160K, reserved 1048576K
}
{Heap before GC invocations=1080 (full 4):
 PSYoungGen      total 178688K, used 176101K [0x00000000d5580000, 0x00000000e1000000, 0x0000000100000000)
  eden space 167936K, 100% used [0x00000000d5580000,0x00000000df980000,0x00000000df980000)
  from space 10752K, 75% used [0x00000000df980000,0x00000000e0179770,0x00000000e0400000)
  to   space 11264K, 0% used [0x00000000e0500000,0x00000000e0500000,0x00000000e1000000)
 ParOldGen       total 329728K, used 101294K [0x0000000080000000, 0x0000000094200000, 0x00000000d5580000)
  object space 329728K, 30% used [0x0000000080000000,0x00000000862ebb70,0x0000000094200000)
 Metaspace       used 95764K, capacity 99970K, committed 100044K, reserved 1136640K
  class space    used 11514K, capacity 12129K, committed 12160K, reserved 1048576K
2023-11-05T17:46:53.358+0600: 4690877.601: [GC (Allocation Failure) [PSYoungGen: 176101K->9399K(179200K)] 277396K->110710K(508928K), 0.0265776 secs] [Times: user=0.01 sys=0.02, real=0.03 secs] 
Heap after GC invocations=1080 (full 4):
 PSYoungGen      total 179200K, used 9399K [0x00000000d5580000, 0x00000000e1100000, 0x0000000100000000)
  eden space 167936K, 0% used [0x00000000d5580000,0x00000000d5580000,0x00000000df980000)
  from space 11264K, 83% used [0x00000000e0500000,0x00000000e0e2de10,0x00000000e1000000)
  to   space 11776K, 0% used [0x00000000df980000,0x00000000df980000,0x00000000e0500000)
 ParOldGen       total 329728K, used 101310K [0x0000000080000000, 0x0000000094200000, 0x00000000d5580000)
  object space 329728K, 30% used [0x0000000080000000,0x00000000862efb70,0x0000000094200000)
 Metaspace       used 95764K, capacity 99970K, committed 100044K, reserved 1136640K
  class space    used 11514K, capacity 12129K, committed 12160K, reserved 1048576K
}
{Heap before GC invocations=1081 (full 4):
 PSYoungGen      total 179200K, used 177335K [0x00000000d5580000, 0x00000000e1100000, 0x0000000100000000)
  eden space 167936K, 100% used [0x00000000d5580000,0x00000000df980000,0x00000000df980000)
  from space 11264K, 83% used [0x00000000e0500000,0x00000000e0e2de10,0x00000000e1000000)
  to   space 11776K, 0% used [0x00000000df980000,0x00000000df980000,0x00000000e0500000)
 ParOldGen       total 329728K, used 101310K [0x0000000080000000, 0x0000000094200000, 0x00000000d5580000)
  object space 329728K, 30% used [0x0000000080000000,0x00000000862efb70,0x0000000094200000)
 Metaspace       used 95764K, capacity 99970K, committed 100044K, reserved 1136640K
  class space    used 11514K, capacity 12129K, committed 12160K, reserved 1048576K
2023-11-05T19:50:26.834+0600: 4698291.077: [GC (Allocation Failure) [PSYoungGen: 177335K->5168K(179712K)] 278646K->106567K(509440K), 0.0194483 secs] [Times: user=0.01 sys=0.01, real=0.02 secs] 
Heap after GC invocations=1081 (full 4):
 PSYoungGen      total 179712K, used 5168K [0x00000000d5580000, 0x00000000e1000000, 0x0000000100000000)
  eden space 167936K, 0% used [0x00000000d5580000,0x00000000d5580000,0x00000000df980000)
  from space 11776K, 43% used [0x00000000df980000,0x00000000dfe8c0b0,0x00000000e0500000)
  to   space 11264K, 0% used [0x00000000e0500000,0x00000000e0500000,0x00000000e1000000)
 ParOldGen       total 329728K, used 101398K [0x0000000080000000, 0x0000000094200000, 0x00000000d5580000)
  object space 329728K, 30% used [0x0000000080000000,0x0000000086305b70,0x0000000094200000)
 Metaspace       used 95764K, capacity 99970K, committed 100044K, reserved 1136640K
  class space    used 11514K, capacity 12129K, committed 12160K, reserved 1048576K
}
{Heap before GC invocations=1082 (full 4):
 PSYoungGen      total 179712K, used 173104K [0x00000000d5580000, 0x00000000e1000000, 0x0000000100000000)
  eden space 167936K, 100% used [0x00000000d5580000,0x00000000df980000,0x00000000df980000)
  from space 11776K, 43% used [0x00000000df980000,0x00000000dfe8c0b0,0x00000000e0500000)
  to   space 11264K, 0% used [0x00000000e0500000,0x00000000e0500000,0x00000000e1000000)
 ParOldGen       total 329728K, used 101398K [0x0000000080000000, 0x0000000094200000, 0x00000000d5580000)
  object space 329728K, 30% used [0x0000000080000000,0x0000000086305b70,0x0000000094200000)
 Metaspace       used 95764K, capacity 99970K, committed 100044K, reserved 1136640K
  class space    used 11514K, capacity 12129K, committed 12160K, reserved 1048576K
2023-11-05T21:40:32.499+0600: 4704896.742: [GC (Allocation Failure) [PSYoungGen: 173104K->6613K(179712K)] 274503K->108516K(509440K), 0.0219424 secs] [Times: user=0.02 sys=0.02, real=0.02 secs] 
Heap after GC invocations=1082 (full 4):
 PSYoungGen      total 179712K, used 6613K [0x00000000d5580000, 0x00000000e1000000, 0x0000000100000000)
  eden space 168448K, 0% used [0x00000000d5580000,0x00000000d5580000,0x00000000dfa00000)
  from space 11264K, 58% used [0x00000000e0500000,0x00000000e0b754a0,0x00000000e1000000)
  to   space 11264K, 0% used [0x00000000dfa00000,0x00000000dfa00000,0x00000000e0500000)
 ParOldGen       total 329728K, used 101903K [0x0000000080000000, 0x0000000094200000, 0x00000000d5580000)
  object space 329728K, 30% used [0x0000000080000000,0x0000000086383c40,0x0000000094200000)
 Metaspace       used 95764K, capacity 99970K, committed 100044K, reserved 1136640K
  class space    used 11514K, capacity 12129K, committed 12160K, reserved 1048576K
}
{Heap before GC invocations=1083 (full 4):
 PSYoungGen      total 179712K, used 175061K [0x00000000d5580000, 0x00000000e1000000, 0x0000000100000000)
  eden space 168448K, 100% used [0x00000000d5580000,0x00000000dfa00000,0x00000000dfa00000)
  from space 11264K, 58% used [0x00000000e0500000,0x00000000e0b754a0,0x00000000e1000000)
  to   space 11264K, 0% used [0x00000000dfa00000,0x00000000dfa00000,0x00000000e0500000)
 ParOldGen       total 329728K, used 101903K [0x0000000080000000, 0x0000000094200000, 0x00000000d5580000)
  object space 329728K, 30% used [0x0000000080000000,0x0000000086383c40,0x0000000094200000)
 Metaspace       used 95764K, capacity 99970K, committed 100044K, reserved 1136640K
  class space    used 11514K, capacity 12129K, committed 12160K, reserved 1048576K
2023-11-05T23:50:23.929+0600: 4712688.172: [GC (Allocation Failure) [PSYoungGen: 175061K->4738K(179712K)] 276964K->106713K(509440K), 0.0198151 secs] [Times: user=0.01 sys=0.02, real=0.02 secs] 
Heap after GC invocations=1083 (full 4):
 PSYoungGen      total 179712K, used 4738K [0x00000000d5580000, 0x00000000e0f80000, 0x0000000100000000)
  eden space 168448K, 0% used [0x00000000d5580000,0x00000000d5580000,0x00000000dfa00000)
  from space 11264K, 42% used [0x00000000dfa00000,0x00000000dfea0960,0x00000000e0500000)
  to   space 10752K, 0% used [0x00000000e0500000,0x00000000e0500000,0x00000000e0f80000)
 ParOldGen       total 329728K, used 101975K [0x0000000080000000, 0x0000000094200000, 0x00000000d5580000)
  object space 329728K, 30% used [0x0000000080000000,0x0000000086395c40,0x0000000094200000)
 Metaspace       used 95764K, capacity 99970K, committed 100044K, reserved 1136640K
  class space    used 11514K, capacity 12129K, committed 12160K, reserved 1048576K
}
{Heap before GC invocations=1084 (full 4):
 PSYoungGen      total 179712K, used 173186K [0x00000000d5580000, 0x00000000e0f80000, 0x0000000100000000)
  eden space 168448K, 100% used [0x00000000d5580000,0x00000000dfa00000,0x00000000dfa00000)
  from space 11264K, 42% used [0x00000000dfa00000,0x00000000dfea0960,0x00000000e0500000)
  to   space 10752K, 0% used [0x00000000e0500000,0x00000000e0500000,0x00000000e0f80000)
 ParOldGen       total 329728K, used 101975K [0x0000000080000000, 0x0000000094200000, 0x00000000d5580000)
  object space 329728K, 30% used [0x0000000080000000,0x0000000086395c40,0x0000000094200000)
 Metaspace       used 95764K, capacity 99970K, committed 100044K, reserved 1136640K
  class space    used 11514K, capacity 12129K, committed 12160K, reserved 1048576K
2023-11-06T01:47:46.869+0600: 4719731.113: [GC (Allocation Failure) [PSYoungGen: 173186K->6486K(179712K)] 275161K->108477K(509440K), 0.0197577 secs] [Times: user=0.01 sys=0.02, real=0.02 secs] 
Heap after GC invocations=1084 (full 4):
 PSYoungGen      total 179712K, used 6486K [0x00000000d5580000, 0x00000000e0f80000, 0x0000000100000000)
  eden space 168960K, 0% used [0x00000000d5580000,0x00000000d5580000,0x00000000dfa80000)
  from space 10752K, 60% used [0x00000000e0500000,0x00000000e0b55940,0x00000000e0f80000)
  to   space 10752K, 0% used [0x00000000dfa80000,0x00000000dfa80000,0x00000000e0500000)
 ParOldGen       total 329728K, used 101991K [0x0000000080000000, 0x0000000094200000, 0x00000000d5580000)
  object space 329728K, 30% used [0x0000000080000000,0x0000000086399c40,0x0000000094200000)
 Metaspace       used 95764K, capacity 99970K, committed 100044K, reserved 1136640K
  class space    used 11514K, capacity 12129K, committed 12160K, reserved 1048576K
}
{Heap before GC invocations=1085 (full 4):
 PSYoungGen      total 179712K, used 175446K [0x00000000d5580000, 0x00000000e0f80000, 0x0000000100000000)
  eden space 168960K, 100% used [0x00000000d5580000,0x00000000dfa80000,0x00000000dfa80000)
  from space 10752K, 60% used [0x00000000e0500000,0x00000000e0b55940,0x00000000e0f80000)
  to   space 10752K, 0% used [0x00000000dfa80000,0x00000000dfa80000,0x00000000e0500000)
 ParOldGen       total 329728K, used 101991K [0x0000000080000000, 0x0000000094200000, 0x00000000d5580000)
  object space 329728K, 30% used [0x0000000080000000,0x0000000086399c40,0x0000000094200000)
 Metaspace       used 95764K, capacity 99970K, committed 100044K, reserved 1136640K
  class space    used 11514K, capacity 12129K, committed 12160K, reserved 1048576K
2023-11-06T04:05:02.810+0600: 4727967.054: [GC (Allocation Failure) [PSYoungGen: 175446K->3744K(179712K)] 277437K->105775K(509440K), 0.0172455 secs] [Times: user=0.01 sys=0.02, real=0.02 secs] 
Heap after GC invocations=1085 (full 4):
 PSYoungGen      total 179712K, used 3744K [0x00000000d5580000, 0x00000000e1000000, 0x0000000100000000)
  eden space 168960K, 0% used [0x00000000d5580000,0x00000000d5580000,0x00000000dfa80000)
  from space 10752K, 34% used [0x00000000dfa80000,0x00000000dfe28020,0x00000000e0500000)
  to   space 10752K, 0% used [0x00000000e0580000,0x00000000e0580000,0x00000000e1000000)
 ParOldGen       total 329728K, used 102031K [0x0000000080000000, 0x0000000094200000, 0x00000000d5580000)
  object space 329728K, 30% used [0x0000000080000000,0x00000000863a3c40,0x0000000094200000)
 Metaspace       used 95764K, capacity 99970K, committed 100044K, reserved 1136640K
  class space    used 11514K, capacity 12129K, committed 12160K, reserved 1048576K
}
{Heap before GC invocations=1086 (full 4):
 PSYoungGen      total 179712K, used 172704K [0x00000000d5580000, 0x00000000e1000000, 0x0000000100000000)
  eden space 168960K, 100% used [0x00000000d5580000,0x00000000dfa80000,0x00000000dfa80000)
  from space 10752K, 34% used [0x00000000dfa80000,0x00000000dfe28020,0x00000000e0500000)
  to   space 10752K, 0% used [0x00000000e0580000,0x00000000e0580000,0x00000000e1000000)
 ParOldGen       total 329728K, used 102031K [0x0000000080000000, 0x0000000094200000, 0x00000000d5580000)
  object space 329728K, 30% used [0x0000000080000000,0x00000000863a3c40,0x0000000094200000)
 Metaspace       used 95764K, capacity 99970K, committed 100044K, reserved 1136640K
  class space    used 11514K, capacity 12129K, committed 12160K, reserved 1048576K
2023-11-06T06:24:16.846+0600: 4736321.089: [GC (Allocation Failure) [PSYoungGen: 172704K->3712K(180224K)] 274735K->105759K(509952K), 0.0162066 secs] [Times: user=0.01 sys=0.02, real=0.01 secs] 
Heap after GC invocations=1086 (full 4):
 PSYoungGen      total 180224K, used 3712K [0x00000000d5580000, 0x00000000e1000000, 0x0000000100000000)
  eden space 169472K, 0% used [0x00000000d5580000,0x00000000d5580000,0x00000000dfb00000)
  from space 10752K, 34% used [0x00000000e0580000,0x00000000e0920260,0x00000000e1000000)
  to   space 10752K, 0% used [0x00000000dfb00000,0x00000000dfb00000,0x00000000e0580000)
 ParOldGen       total 329728K, used 102047K [0x0000000080000000, 0x0000000094200000, 0x00000000d5580000)
  object space 329728K, 30% used [0x0000000080000000,0x00000000863a7c40,0x0000000094200000)
 Metaspace       used 95764K, capacity 99970K, committed 100044K, reserved 1136640K
  class space    used 11514K, capacity 12129K, committed 12160K, reserved 1048576K
}
{Heap before GC invocations=1087 (full 4):
 PSYoungGen      total 180224K, used 173184K [0x00000000d5580000, 0x00000000e1000000, 0x0000000100000000)
  eden space 169472K, 100% used [0x00000000d5580000,0x00000000dfb00000,0x00000000dfb00000)
  from space 10752K, 34% used [0x00000000e0580000,0x00000000e0920260,0x00000000e1000000)
  to   space 10752K, 0% used [0x00000000dfb00000,0x00000000dfb00000,0x00000000e0580000)
 ParOldGen       total 329728K, used 102047K [0x0000000080000000, 0x0000000094200000, 0x00000000d5580000)
  object space 329728K, 30% used [0x0000000080000000,0x00000000863a7c40,0x0000000094200000)
 Metaspace       used 95764K, capacity 99970K, committed 100044K, reserved 1136640K
  class space    used 11514K, capacity 12129K, committed 12160K, reserved 1048576K
2023-11-06T08:39:18.158+0600: 4744422.401: [GC (Allocation Failure) [PSYoungGen: 173184K->3744K(180224K)] 275231K->105807K(509952K), 0.0164089 secs] [Times: user=0.02 sys=0.02, real=0.02 secs] 
Heap after GC invocations=1087 (full 4):
 PSYoungGen      total 180224K, used 3744K [0x00000000d5580000, 0x00000000e0f80000, 0x0000000100000000)
  eden space 169472K, 0% used [0x00000000d5580000,0x00000000d5580000,0x00000000dfb00000)
  from space 10752K, 34% used [0x00000000dfb00000,0x00000000dfea8260,0x00000000e0580000)
  to   space 10240K, 0% used [0x00000000e0580000,0x00000000e0580000,0x00000000e0f80000)
 ParOldGen       total 329728K, used 102063K [0x0000000080000000, 0x0000000094200000, 0x00000000d5580000)
  object space 329728K, 30% used [0x0000000080000000,0x00000000863abc40,0x0000000094200000)
 Metaspace       used 95764K, capacity 99970K, committed 100044K, reserved 1136640K
  class space    used 11514K, capacity 12129K, committed 12160K, reserved 1048576K
}
{Heap before GC invocations=1088 (full 4):
 PSYoungGen      total 180224K, used 173216K [0x00000000d5580000, 0x00000000e0f80000, 0x0000000100000000)
  eden space 169472K, 100% used [0x00000000d5580000,0x00000000dfb00000,0x00000000dfb00000)
  from space 10752K, 34% used [0x00000000dfb00000,0x00000000dfea8260,0x00000000e0580000)
  to   space 10240K, 0% used [0x00000000e0580000,0x00000000e0580000,0x00000000e0f80000)
 ParOldGen       total 329728K, used 102063K [0x0000000080000000, 0x0000000094200000, 0x00000000d5580000)
  object space 329728K, 30% used [0x0000000080000000,0x00000000863abc40,0x0000000094200000)
 Metaspace       used 95764K, capacity 99970K, committed 100044K, reserved 1136640K
  class space    used 11514K, capacity 12129K, committed 12160K, reserved 1048576K
2023-11-06T10:40:27.725+0600: 4751691.968: [GC (Allocation Failure) [PSYoungGen: 173216K->5618K(179200K)] 275279K->107681K(508928K), 0.0165710 secs] [Times: user=0.02 sys=0.02, real=0.01 secs] 
Heap after GC invocations=1088 (full 4):
 PSYoungGen      total 179200K, used 5618K [0x00000000d5580000, 0x00000000e0e80000, 0x0000000100000000)
  eden space 169984K, 0% used [0x00000000d5580000,0x00000000d5580000,0x00000000dfb80000)
  from space 9216K, 60% used [0x00000000e0580000,0x00000000e0afcba0,0x00000000e0e80000)
  to   space 9728K, 0% used [0x00000000dfb80000,0x00000000dfb80000,0x00000000e0500000)
 ParOldGen       total 329728K, used 102063K [0x0000000080000000, 0x0000000094200000, 0x00000000d5580000)
  object space 329728K, 30% used [0x0000000080000000,0x00000000863abc40,0x0000000094200000)
 Metaspace       used 95764K, capacity 99970K, committed 100044K, reserved 1136640K
  class space    used 11514K, capacity 12129K, committed 12160K, reserved 1048576K
}
{Heap before GC invocations=1089 (full 4):
 PSYoungGen      total 179200K, used 175602K [0x00000000d5580000, 0x00000000e0e80000, 0x0000000100000000)
  eden space 169984K, 100% used [0x00000000d5580000,0x00000000dfb80000,0x00000000dfb80000)
  from space 9216K, 60% used [0x00000000e0580000,0x00000000e0afcba0,0x00000000e0e80000)
  to   space 9728K, 0% used [0x00000000dfb80000,0x00000000dfb80000,0x00000000e0500000)
 ParOldGen       total 329728K, used 102063K [0x0000000080000000, 0x0000000094200000, 0x00000000d5580000)
  object space 329728K, 30% used [0x0000000080000000,0x00000000863abc40,0x0000000094200000)
 Metaspace       used 95789K, capacity 100048K, committed 100224K, reserved 1136640K
  class space    used 11521K, capacity 12142K, committed 12160K, reserved 1048576K
2023-11-06T11:44:14.891+0600: 4755519.134: [GC (Allocation Failure) [PSYoungGen: 175602K->9701K(179712K)] 277665K->113544K(509440K), 0.0196020 secs] [Times: user=0.03 sys=0.00, real=0.02 secs] 
Heap after GC invocations=1089 (full 4):
 PSYoungGen      total 179712K, used 9701K [0x00000000d5580000, 0x00000000e1300000, 0x0000000100000000)
  eden space 169984K, 0% used [0x00000000d5580000,0x00000000d5580000,0x00000000dfb80000)
  from space 9728K, 99% used [0x00000000dfb80000,0x00000000e04f9500,0x00000000e0500000)
  to   space 11776K, 0% used [0x00000000e0780000,0x00000000e0780000,0x00000000e1300000)
 ParOldGen       total 329728K, used 103843K [0x0000000080000000, 0x0000000094200000, 0x00000000d5580000)
  object space 329728K, 31% used [0x0000000080000000,0x0000000086568ce0,0x0000000094200000)
 Metaspace       used 95789K, capacity 100048K, committed 100224K, reserved 1136640K
  class space    used 11521K, capacity 12142K, committed 12160K, reserved 1048576K
}
{Heap before GC invocations=1090 (full 4):
 PSYoungGen      total 179712K, used 179685K [0x00000000d5580000, 0x00000000e1300000, 0x0000000100000000)
  eden space 169984K, 100% used [0x00000000d5580000,0x00000000dfb80000,0x00000000dfb80000)
  from space 9728K, 99% used [0x00000000dfb80000,0x00000000e04f9500,0x00000000e0500000)
  to   space 11776K, 0% used [0x00000000e0780000,0x00000000e0780000,0x00000000e1300000)
 ParOldGen       total 329728K, used 103843K [0x0000000080000000, 0x0000000094200000, 0x00000000d5580000)
  object space 329728K, 31% used [0x0000000080000000,0x0000000086568ce0,0x0000000094200000)
 Metaspace       used 95799K, capacity 100048K, committed 100224K, reserved 1136640K
  class space    used 11521K, capacity 12142K, committed 12160K, reserved 1048576K
2023-11-06T13:16:58.040+0600: 4761082.284: [GC (Allocation Failure) [PSYoungGen: 179685K->9769K(181248K)] 283528K->113629K(510976K), 0.0235282 secs] [Times: user=0.03 sys=0.00, real=0.03 secs] 
Heap after GC invocations=1090 (full 4):
 PSYoungGen      total 181248K, used 9769K [0x00000000d5580000, 0x00000000e1500000, 0x0000000100000000)
  eden space 169472K, 0% used [0x00000000d5580000,0x00000000d5580000,0x00000000dfb00000)
  from space 11776K, 82% used [0x00000000e0780000,0x00000000e110a770,0x00000000e1300000)
  to   space 12800K, 0% used [0x00000000dfb00000,0x00000000dfb00000,0x00000000e0780000)
 ParOldGen       total 329728K, used 103859K [0x0000000080000000, 0x0000000094200000, 0x00000000d5580000)
  object space 329728K, 31% used [0x0000000080000000,0x000000008656cce0,0x0000000094200000)
 Metaspace       used 95799K, capacity 100048K, committed 100224K, reserved 1136640K
  class space    used 11521K, capacity 12142K, committed 12160K, reserved 1048576K
}
{Heap before GC invocations=1091 (full 4):
 PSYoungGen      total 181248K, used 179240K [0x00000000d5580000, 0x00000000e1500000, 0x0000000100000000)
  eden space 169472K, 99% used [0x00000000d5580000,0x00000000dfaffb78,0x00000000dfb00000)
  from space 11776K, 82% used [0x00000000e0780000,0x00000000e110a770,0x00000000e1300000)
  to   space 12800K, 0% used [0x00000000dfb00000,0x00000000dfb00000,0x00000000e0780000)
 ParOldGen       total 329728K, used 103859K [0x0000000080000000, 0x0000000094200000, 0x00000000d5580000)
  object space 329728K, 31% used [0x0000000080000000,0x000000008656cce0,0x0000000094200000)
 Metaspace       used 95799K, capacity 100048K, committed 100224K, reserved 1136640K
  class space    used 11521K, capacity 12142K, committed 12160K, reserved 1048576K
2023-11-06T14:42:15.566+0600: 4766199.809: [GC (Allocation Failure) [PSYoungGen: 179240K->10600K(182272K)] 283099K->114459K(512000K), 0.0157318 secs] [Times: user=0.00 sys=0.02, real=0.01 secs] 
Heap after GC invocations=1091 (full 4):
 PSYoungGen      total 182272K, used 10600K [0x00000000d5580000, 0x00000000e1680000, 0x0000000100000000)
  eden space 169472K, 0% used [0x00000000d5580000,0x00000000d5580000,0x00000000dfb00000)
  from space 12800K, 82% used [0x00000000dfb00000,0x00000000e055a030,0x00000000e0780000)
  to   space 13824K, 0% used [0x00000000e0900000,0x00000000e0900000,0x00000000e1680000)
 ParOldGen       total 329728K, used 103859K [0x0000000080000000, 0x0000000094200000, 0x00000000d5580000)
  object space 329728K, 31% used [0x0000000080000000,0x000000008656cce0,0x0000000094200000)
 Metaspace       used 95799K, capacity 100048K, committed 100224K, reserved 1136640K
  class space    used 11521K, capacity 12142K, committed 12160K, reserved 1048576K
}
{Heap before GC invocations=1092 (full 4):
 PSYoungGen      total 182272K, used 180072K [0x00000000d5580000, 0x00000000e1680000, 0x0000000100000000)
  eden space 169472K, 100% used [0x00000000d5580000,0x00000000dfb00000,0x00000000dfb00000)
  from space 12800K, 82% used [0x00000000dfb00000,0x00000000e055a030,0x00000000e0780000)
  to   space 13824K, 0% used [0x00000000e0900000,0x00000000e0900000,0x00000000e1680000)
 ParOldGen       total 329728K, used 103859K [0x0000000080000000, 0x0000000094200000, 0x00000000d5580000)
  object space 329728K, 31% used [0x0000000080000000,0x000000008656cce0,0x0000000094200000)
 Metaspace       used 95799K, capacity 100048K, committed 100224K, reserved 1136640K
  class space    used 11521K, capacity 12142K, committed 12160K, reserved 1048576K
2023-11-06T16:29:15.171+0600: 4772619.414: [GC (Allocation Failure) [PSYoungGen: 180072K->7637K(182784K)] 283931K->111793K(512512K), 0.0179990 secs] [Times: user=0.03 sys=0.00, real=0.02 secs] 
Heap after GC invocations=1092 (full 4):
 PSYoungGen      total 182784K, used 7637K [0x00000000d5580000, 0x00000000e1580000, 0x0000000100000000)
  eden space 169984K, 0% used [0x00000000d5580000,0x00000000d5580000,0x00000000dfb80000)
  from space 12800K, 59% used [0x00000000e0900000,0x00000000e10754f0,0x00000000e1580000)
  to   space 13312K, 0% used [0x00000000dfb80000,0x00000000dfb80000,0x00000000e0880000)
 ParOldGen       total 329728K, used 104155K [0x0000000080000000, 0x0000000094200000, 0x00000000d5580000)
  object space 329728K, 31% used [0x0000000080000000,0x00000000865b6fc0,0x0000000094200000)
 Metaspace       used 95799K, capacity 100048K, committed 100224K, reserved 1136640K
  class space    used 11521K, capacity 12142K, committed 12160K, reserved 1048576K
}
{Heap before GC invocations=1093 (full 4):
 PSYoungGen      total 182784K, used 177621K [0x00000000d5580000, 0x00000000e1580000, 0x0000000100000000)
  eden space 169984K, 100% used [0x00000000d5580000,0x00000000dfb80000,0x00000000dfb80000)
  from space 12800K, 59% used [0x00000000e0900000,0x00000000e10754f0,0x00000000e1580000)
  to   space 13312K, 0% used [0x00000000dfb80000,0x00000000dfb80000,0x00000000e0880000)
 ParOldGen       total 329728K, used 104155K [0x0000000080000000, 0x0000000094200000, 0x00000000d5580000)
  object space 329728K, 31% used [0x0000000080000000,0x00000000865b6fc0,0x0000000094200000)
 Metaspace       used 95806K, capacity 100066K, committed 100224K, reserved 1136640K
  class space    used 11523K, capacity 12145K, committed 12160K, reserved 1048576K
2023-11-06T17:54:18.909+0600: 4777723.152: [GC (Allocation Failure) [PSYoungGen: 177621K->11051K(183296K)] 281777K->115230K(513024K), 0.0237155 secs] [Times: user=0.01 sys=0.02, real=0.02 secs] 
Heap after GC invocations=1093 (full 4):
 PSYoungGen      total 183296K, used 11051K [0x00000000d5580000, 0x00000000e1800000, 0x0000000100000000)
  eden space 169984K, 0% used [0x00000000d5580000,0x00000000d5580000,0x00000000dfb80000)
  from space 13312K, 83% used [0x00000000dfb80000,0x00000000e064ac00,0x00000000e0880000)
  to   space 14336K, 0% used [0x00000000e0a00000,0x00000000e0a00000,0x00000000e1800000)
 ParOldGen       total 329728K, used 104179K [0x0000000080000000, 0x0000000094200000, 0x00000000d5580000)
  object space 329728K, 31% used [0x0000000080000000,0x00000000865bcfc0,0x0000000094200000)
 Metaspace       used 95806K, capacity 100066K, committed 100224K, reserved 1136640K
  class space    used 11523K, capacity 12145K, committed 12160K, reserved 1048576K
}
{Heap before GC invocations=1094 (full 4):
 PSYoungGen      total 183296K, used 181035K [0x00000000d5580000, 0x00000000e1800000, 0x0000000100000000)
  eden space 169984K, 100% used [0x00000000d5580000,0x00000000dfb80000,0x00000000dfb80000)
  from space 13312K, 83% used [0x00000000dfb80000,0x00000000e064ac00,0x00000000e0880000)
  to   space 14336K, 0% used [0x00000000e0a00000,0x00000000e0a00000,0x00000000e1800000)
 ParOldGen       total 329728K, used 104179K [0x0000000080000000, 0x0000000094200000, 0x00000000d5580000)
  object space 329728K, 31% used [0x0000000080000000,0x00000000865bcfc0,0x0000000094200000)
 Metaspace       used 95808K, capacity 100072K, committed 100224K, reserved 1136640K
  class space    used 11523K, capacity 12146K, committed 12160K, reserved 1048576K
2023-11-06T19:21:14.713+0600: 4782938.956: [GC (Allocation Failure) [PSYoungGen: 181035K->10666K(184320K)] 285214K->114870K(514048K), 0.0295521 secs] [Times: user=0.05 sys=0.00, real=0.03 secs] 
Heap after GC invocations=1094 (full 4):
 PSYoungGen      total 184320K, used 10666K [0x00000000d5580000, 0x00000000e1900000, 0x0000000100000000)
  eden space 169984K, 0% used [0x00000000d5580000,0x00000000d5580000,0x00000000dfb80000)
  from space 14336K, 74% used [0x00000000e0a00000,0x00000000e146a9e0,0x00000000e1800000)
  to   space 14848K, 0% used [0x00000000dfb80000,0x00000000dfb80000,0x00000000e0a00000)
 ParOldGen       total 329728K, used 104203K [0x0000000080000000, 0x0000000094200000, 0x00000000d5580000)
  object space 329728K, 31% used [0x0000000080000000,0x00000000865c2fc0,0x0000000094200000)
 Metaspace       used 95808K, capacity 100072K, committed 100224K, reserved 1136640K
  class space    used 11523K, capacity 12146K, committed 12160K, reserved 1048576K
}
{Heap before GC invocations=1095 (full 4):
 PSYoungGen      total 184320K, used 180650K [0x00000000d5580000, 0x00000000e1900000, 0x0000000100000000)
  eden space 169984K, 100% used [0x00000000d5580000,0x00000000dfb80000,0x00000000dfb80000)
  from space 14336K, 74% used [0x00000000e0a00000,0x00000000e146a9e0,0x00000000e1800000)
  to   space 14848K, 0% used [0x00000000dfb80000,0x00000000dfb80000,0x00000000e0a00000)
 ParOldGen       total 329728K, used 104203K [0x0000000080000000, 0x0000000094200000, 0x00000000d5580000)
  object space 329728K, 31% used [0x0000000080000000,0x00000000865c2fc0,0x0000000094200000)
 Metaspace       used 95808K, capacity 100072K, committed 100224K, reserved 1136640K
  class space    used 11523K, capacity 12146K, committed 12160K, reserved 1048576K
2023-11-06T21:15:34.254+0600: 4789798.497: [GC (Allocation Failure) [PSYoungGen: 180650K->6035K(184832K)] 284854K->110279K(514560K), 0.0221474 secs] [Times: user=0.02 sys=0.02, real=0.02 secs] 
Heap after GC invocations=1095 (full 4):
 PSYoungGen      total 184832K, used 6035K [0x00000000d5580000, 0x00000000e1800000, 0x0000000100000000)
  eden space 169984K, 0% used [0x00000000d5580000,0x00000000d5580000,0x00000000dfb80000)
  from space 14848K, 40% used [0x00000000dfb80000,0x00000000e0164de0,0x00000000e0a00000)
  to   space 14336K, 0% used [0x00000000e0a00000,0x00000000e0a00000,0x00000000e1800000)
 ParOldGen       total 329728K, used 104243K [0x0000000080000000, 0x0000000094200000, 0x00000000d5580000)
  object space 329728K, 31% used [0x0000000080000000,0x00000000865ccfc0,0x0000000094200000)
 Metaspace       used 95808K, capacity 100072K, committed 100224K, reserved 1136640K
  class space    used 11523K, capacity 12146K, committed 12160K, reserved 1048576K
}
{Heap before GC invocations=1096 (full 4):
 PSYoungGen      total 184832K, used 176019K [0x00000000d5580000, 0x00000000e1800000, 0x0000000100000000)
  eden space 169984K, 100% used [0x00000000d5580000,0x00000000dfb80000,0x00000000dfb80000)
  from space 14848K, 40% used [0x00000000dfb80000,0x00000000e0164de0,0x00000000e0a00000)
  to   space 14336K, 0% used [0x00000000e0a00000,0x00000000e0a00000,0x00000000e1800000)
 ParOldGen       total 329728K, used 104243K [0x0000000080000000, 0x0000000094200000, 0x00000000d5580000)
  object space 329728K, 31% used [0x0000000080000000,0x00000000865ccfc0,0x0000000094200000)
 Metaspace       used 95808K, capacity 100072K, committed 100224K, reserved 1136640K
  class space    used 11523K, capacity 12146K, committed 12160K, reserved 1048576K
2023-11-06T23:09:07.517+0600: 4796611.760: [GC (Allocation Failure) [PSYoungGen: 176019K->7221K(183808K)] 280263K->111481K(513536K), 0.0213989 secs] [Times: user=0.03 sys=0.00, real=0.02 secs] 
Heap after GC invocations=1096 (full 4):
 PSYoungGen      total 183808K, used 7221K [0x00000000d5580000, 0x00000000e1700000, 0x0000000100000000)
  eden space 170496K, 0% used [0x00000000d5580000,0x00000000d5580000,0x00000000dfc00000)
  from space 13312K, 54% used [0x00000000e0a00000,0x00000000e110d510,0x00000000e1700000)
  to   space 13824K, 0% used [0x00000000dfc00000,0x00000000dfc00000,0x00000000e0980000)
 ParOldGen       total 329728K, used 104259K [0x0000000080000000, 0x0000000094200000, 0x00000000d5580000)
  object space 329728K, 31% used [0x0000000080000000,0x00000000865d0fc0,0x0000000094200000)
 Metaspace       used 95808K, capacity 100072K, committed 100224K, reserved 1136640K
  class space    used 11523K, capacity 12146K, committed 12160K, reserved 1048576K
}
{Heap before GC invocations=1097 (full 4):
 PSYoungGen      total 183808K, used 177717K [0x00000000d5580000, 0x00000000e1700000, 0x0000000100000000)
  eden space 170496K, 100% used [0x00000000d5580000,0x00000000dfc00000,0x00000000dfc00000)
  from space 13312K, 54% used [0x00000000e0a00000,0x00000000e110d510,0x00000000e1700000)
  to   space 13824K, 0% used [0x00000000dfc00000,0x00000000dfc00000,0x00000000e0980000)
 ParOldGen       total 329728K, used 104259K [0x0000000080000000, 0x0000000094200000, 0x00000000d5580000)
  object space 329728K, 31% used [0x0000000080000000,0x00000000865d0fc0,0x0000000094200000)
 Metaspace       used 95808K, capacity 100072K, committed 100224K, reserved 1136640K
  class space    used 11523K, capacity 12146K, committed 12160K, reserved 1048576K
2023-11-07T00:41:18.653+0600: 4802142.896: [GC (Allocation Failure) [PSYoungGen: 177717K->9979K(184320K)] 281977K->114263K(514048K), 0.0176890 secs] [Times: user=0.02 sys=0.02, real=0.02 secs] 
Heap after GC invocations=1097 (full 4):
 PSYoungGen      total 184320K, used 9979K [0x00000000d5580000, 0x00000000e1780000, 0x0000000100000000)
  eden space 170496K, 0% used [0x00000000d5580000,0x00000000d5580000,0x00000000dfc00000)
  from space 13824K, 72% used [0x00000000dfc00000,0x00000000e05bee00,0x00000000e0980000)
  to   space 13824K, 0% used [0x00000000e0a00000,0x00000000e0a00000,0x00000000e1780000)
 ParOldGen       total 329728K, used 104283K [0x0000000080000000, 0x0000000094200000, 0x00000000d5580000)
  object space 329728K, 31% used [0x0000000080000000,0x00000000865d6fc0,0x0000000094200000)
 Metaspace       used 95808K, capacity 100072K, committed 100224K, reserved 1136640K
  class space    used 11523K, capacity 12146K, committed 12160K, reserved 1048576K
}
{Heap before GC invocations=1098 (full 4):
 PSYoungGen      total 184320K, used 180475K [0x00000000d5580000, 0x00000000e1780000, 0x0000000100000000)
  eden space 170496K, 100% used [0x00000000d5580000,0x00000000dfc00000,0x00000000dfc00000)
  from space 13824K, 72% used [0x00000000dfc00000,0x00000000e05bee00,0x00000000e0980000)
  to   space 13824K, 0% used [0x00000000e0a00000,0x00000000e0a00000,0x00000000e1780000)
 ParOldGen       total 329728K, used 104283K [0x0000000080000000, 0x0000000094200000, 0x00000000d5580000)
  object space 329728K, 31% used [0x0000000080000000,0x00000000865d6fc0,0x0000000094200000)
 Metaspace       used 95808K, capacity 100072K, committed 100224K, reserved 1136640K
  class space    used 11523K, capacity 12146K, committed 12160K, reserved 1048576K
2023-11-07T02:25:20.363+0600: 4808384.606: [GC (Allocation Failure) [PSYoungGen: 180475K->8117K(184832K)] 284759K->112417K(514560K), 0.0238785 secs] [Times: user=0.02 sys=0.02, real=0.03 secs] 
Heap after GC invocations=1098 (full 4):
 PSYoungGen      total 184832K, used 8117K [0x00000000d5580000, 0x00000000e1780000, 0x0000000100000000)
  eden space 171008K, 0% used [0x00000000d5580000,0x00000000d5580000,0x00000000dfc80000)
  from space 13824K, 58% used [0x00000000e0a00000,0x00000000e11ed520,0x00000000e1780000)
  to   space 13824K, 0% used [0x00000000dfc80000,0x00000000dfc80000,0x00000000e0a00000)
 ParOldGen       total 329728K, used 104299K [0x0000000080000000, 0x0000000094200000, 0x00000000d5580000)
  object space 329728K, 31% used [0x0000000080000000,0x00000000865dafc0,0x0000000094200000)
 Metaspace       used 95808K, capacity 100072K, committed 100224K, reserved 1136640K
  class space    used 11523K, capacity 12146K, committed 12160K, reserved 1048576K
}
{Heap before GC invocations=1099 (full 4):
 PSYoungGen      total 184832K, used 179125K [0x00000000d5580000, 0x00000000e1780000, 0x0000000100000000)
  eden space 171008K, 100% used [0x00000000d5580000,0x00000000dfc80000,0x00000000dfc80000)
  from space 13824K, 58% used [0x00000000e0a00000,0x00000000e11ed520,0x00000000e1780000)
  to   space 13824K, 0% used [0x00000000dfc80000,0x00000000dfc80000,0x00000000e0a00000)
 ParOldGen       total 329728K, used 104299K [0x0000000080000000, 0x0000000094200000, 0x00000000d5580000)
  object space 329728K, 31% used [0x0000000080000000,0x00000000865dafc0,0x0000000094200000)
 Metaspace       used 95808K, capacity 100072K, committed 100224K, reserved 1136640K
  class space    used 11523K, capacity 12146K, committed 12160K, reserved 1048576K
2023-11-07T04:17:13.987+0600: 4815098.230: [GC (Allocation Failure) [PSYoungGen: 179125K->7893K(184832K)] 283425K->112217K(514560K), 0.0221856 secs] [Times: user=0.02 sys=0.02, real=0.02 secs] 
Heap after GC invocations=1099 (full 4):
 PSYoungGen      total 184832K, used 7893K [0x00000000d5580000, 0x00000000e1700000, 0x0000000100000000)
  eden space 171008K, 0% used [0x00000000d5580000,0x00000000d5580000,0x00000000dfc80000)
  from space 13824K, 57% used [0x00000000dfc80000,0x00000000e0435560,0x00000000e0a00000)
  to   space 13312K, 0% used [0x00000000e0a00000,0x00000000e0a00000,0x00000000e1700000)
 ParOldGen       total 329728K, used 104323K [0x0000000080000000, 0x0000000094200000, 0x00000000d5580000)
  object space 329728K, 31% used [0x0000000080000000,0x00000000865e0fc0,0x0000000094200000)
 Metaspace       used 95808K, capacity 100072K, committed 100224K, reserved 1136640K
  class space    used 11523K, capacity 12146K, committed 12160K, reserved 1048576K
}
{Heap before GC invocations=1100 (full 4):
 PSYoungGen      total 184832K, used 178901K [0x00000000d5580000, 0x00000000e1700000, 0x0000000100000000)
  eden space 171008K, 100% used [0x00000000d5580000,0x00000000dfc80000,0x00000000dfc80000)
  from space 13824K, 57% used [0x00000000dfc80000,0x00000000e0435560,0x00000000e0a00000)
  to   space 13312K, 0% used [0x00000000e0a00000,0x00000000e0a00000,0x00000000e1700000)
 ParOldGen       total 329728K, used 104323K [0x0000000080000000, 0x0000000094200000, 0x00000000d5580000)
  object space 329728K, 31% used [0x0000000080000000,0x00000000865e0fc0,0x0000000094200000)
 Metaspace       used 95808K, capacity 100072K, committed 100224K, reserved 1136640K
  class space    used 11523K, capacity 12146K, committed 12160K, reserved 1048576K
2023-11-07T06:38:11.694+0600: 4823555.937: [GC (Allocation Failure) [PSYoungGen: 178901K->3840K(184832K)] 283225K->108171K(514560K), 0.0176054 secs] [Times: user=0.03 sys=0.00, real=0.01 secs] 
Heap after GC invocations=1100 (full 4):
 PSYoungGen      total 184832K, used 3840K [0x00000000d5580000, 0x00000000e1700000, 0x0000000100000000)
  eden space 171520K, 0% used [0x00000000d5580000,0x00000000d5580000,0x00000000dfd00000)
  from space 13312K, 28% used [0x00000000e0a00000,0x00000000e0dc0030,0x00000000e1700000)
  to   space 13312K, 0% used [0x00000000dfd00000,0x00000000dfd00000,0x00000000e0a00000)
 ParOldGen       total 329728K, used 104331K [0x0000000080000000, 0x0000000094200000, 0x00000000d5580000)
  object space 329728K, 31% used [0x0000000080000000,0x00000000865e2fc0,0x0000000094200000)
 Metaspace       used 95808K, capacity 100072K, committed 100224K, reserved 1136640K
  class space    used 11523K, capacity 12146K, committed 12160K, reserved 1048576K
}
{Heap before GC invocations=1101 (full 4):
 PSYoungGen      total 184832K, used 175360K [0x00000000d5580000, 0x00000000e1700000, 0x0000000100000000)
  eden space 171520K, 100% used [0x00000000d5580000,0x00000000dfd00000,0x00000000dfd00000)
  from space 13312K, 28% used [0x00000000e0a00000,0x00000000e0dc0030,0x00000000e1700000)
  to   space 13312K, 0% used [0x00000000dfd00000,0x00000000dfd00000,0x00000000e0a00000)
 ParOldGen       total 329728K, used 104331K [0x0000000080000000, 0x0000000094200000, 0x00000000d5580000)
  object space 329728K, 31% used [0x0000000080000000,0x00000000865e2fc0,0x0000000094200000)
 Metaspace       used 95808K, capacity 100072K, committed 100224K, reserved 1136640K
  class space    used 11523K, capacity 12146K, committed 12160K, reserved 1048576K
2023-11-07T08:54:36.208+0600: 4831740.451: [GC (Allocation Failure) [PSYoungGen: 175360K->3840K(184832K)] 279691K->108171K(514560K), 0.0178288 secs] [Times: user=0.01 sys=0.02, real=0.02 secs] 
Heap after GC invocations=1101 (full 4):
 PSYoungGen      total 184832K, used 3840K [0x00000000d5580000, 0x00000000e1780000, 0x0000000100000000)
  eden space 171520K, 0% used [0x00000000d5580000,0x00000000d5580000,0x00000000dfd00000)
  from space 13312K, 28% used [0x00000000dfd00000,0x00000000e00c0030,0x00000000e0a00000)
  to   space 13312K, 0% used [0x00000000e0a80000,0x00000000e0a80000,0x00000000e1780000)
 ParOldGen       total 329728K, used 104331K [0x0000000080000000, 0x0000000094200000, 0x00000000d5580000)
  object space 329728K, 31% used [0x0000000080000000,0x00000000865e2fc0,0x0000000094200000)
 Metaspace       used 95808K, capacity 100072K, committed 100224K, reserved 1136640K
  class space    used 11523K, capacity 12146K, committed 12160K, reserved 1048576K
}
{Heap before GC invocations=1102 (full 4):
 PSYoungGen      total 184832K, used 175360K [0x00000000d5580000, 0x00000000e1780000, 0x0000000100000000)
  eden space 171520K, 100% used [0x00000000d5580000,0x00000000dfd00000,0x00000000dfd00000)
  from space 13312K, 28% used [0x00000000dfd00000,0x00000000e00c0030,0x00000000e0a00000)
  to   space 13312K, 0% used [0x00000000e0a80000,0x00000000e0a80000,0x00000000e1780000)
 ParOldGen       total 329728K, used 104331K [0x0000000080000000, 0x0000000094200000, 0x00000000d5580000)
  object space 329728K, 31% used [0x0000000080000000,0x00000000865e2fc0,0x0000000094200000)
 Metaspace       used 95808K, capacity 100072K, committed 100224K, reserved 1136640K
  class space    used 11523K, capacity 12146K, committed 12160K, reserved 1048576K
2023-11-07T10:49:57.507+0600: 4838661.750: [GC (Allocation Failure) [PSYoungGen: 175360K->6034K(184320K)] 279691K->110366K(514048K), 0.0122382 secs] [Times: user=0.01 sys=0.01, real=0.01 secs] 
Heap after GC invocations=1102 (full 4):
 PSYoungGen      total 184320K, used 6034K [0x00000000d5580000, 0x00000000e1680000, 0x0000000100000000)
  eden space 172032K, 0% used [0x00000000d5580000,0x00000000d5580000,0x00000000dfd80000)
  from space 12288K, 49% used [0x00000000e0a80000,0x00000000e10649a0,0x00000000e1680000)
  to   space 12800K, 0% used [0x00000000dfd80000,0x00000000dfd80000,0x00000000e0a00000)
 ParOldGen       total 329728K, used 104331K [0x0000000080000000, 0x0000000094200000, 0x00000000d5580000)
  object space 329728K, 31% used [0x0000000080000000,0x00000000865e2fc0,0x0000000094200000)
 Metaspace       used 95808K, capacity 100072K, committed 100224K, reserved 1136640K
  class space    used 11523K, capacity 12146K, committed 12160K, reserved 1048576K
}
{Heap before GC invocations=1103 (full 4):
 PSYoungGen      total 184320K, used 178066K [0x00000000d5580000, 0x00000000e1680000, 0x0000000100000000)
  eden space 172032K, 100% used [0x00000000d5580000,0x00000000dfd80000,0x00000000dfd80000)
  from space 12288K, 49% used [0x00000000e0a80000,0x00000000e10649a0,0x00000000e1680000)
  to   space 12800K, 0% used [0x00000000dfd80000,0x00000000dfd80000,0x00000000e0a00000)
 ParOldGen       total 329728K, used 104331K [0x0000000080000000, 0x0000000094200000, 0x00000000d5580000)
  object space 329728K, 31% used [0x0000000080000000,0x00000000865e2fc0,0x0000000094200000)
 Metaspace       used 95816K, capacity 100090K, committed 100224K, reserved 1136640K
  class space    used 11525K, capacity 12149K, committed 12160K, reserved 1048576K
2023-11-07T12:24:37.781+0600: 4844342.024: [GC (Allocation Failure) [PSYoungGen: 178066K->9369K(184832K)] 282398K->113717K(514560K), 0.0214168 secs] [Times: user=0.03 sys=0.00, real=0.02 secs] 
Heap after GC invocations=1103 (full 4):
 PSYoungGen      total 184832K, used 9369K [0x00000000d5580000, 0x00000000e1800000, 0x0000000100000000)
  eden space 172032K, 0% used [0x00000000d5580000,0x00000000d5580000,0x00000000dfd80000)
  from space 12800K, 73% used [0x00000000dfd80000,0x00000000e06a64e0,0x00000000e0a00000)
  to   space 13312K, 0% used [0x00000000e0b00000,0x00000000e0b00000,0x00000000e1800000)
 ParOldGen       total 329728K, used 104347K [0x0000000080000000, 0x0000000094200000, 0x00000000d5580000)
  object space 329728K, 31% used [0x0000000080000000,0x00000000865e6fc0,0x0000000094200000)
 Metaspace       used 95816K, capacity 100090K, committed 100224K, reserved 1136640K
  class space    used 11525K, capacity 12149K, committed 12160K, reserved 1048576K
}
{Heap before GC invocations=1104 (full 4):
 PSYoungGen      total 184832K, used 181401K [0x00000000d5580000, 0x00000000e1800000, 0x0000000100000000)
  eden space 172032K, 100% used [0x00000000d5580000,0x00000000dfd80000,0x00000000dfd80000)
  from space 12800K, 73% used [0x00000000dfd80000,0x00000000e06a64e0,0x00000000e0a00000)
  to   space 13312K, 0% used [0x00000000e0b00000,0x00000000e0b00000,0x00000000e1800000)
 ParOldGen       total 329728K, used 104347K [0x0000000080000000, 0x0000000094200000, 0x00000000d5580000)
  object space 329728K, 31% used [0x0000000080000000,0x00000000865e6fc0,0x0000000094200000)
 Metaspace       used 95834K, capacity 100150K, committed 100224K, reserved 1136640K
  class space    used 11530K, capacity 12159K, committed 12160K, reserved 1048576K
2023-11-07T13:53:19.687+0600: 4849663.930: [GC (Allocation Failure) [PSYoungGen: 181401K->10265K(185344K)] 285749K->115054K(515072K), 0.0246133 secs] [Times: user=0.02 sys=0.02, real=0.02 secs] 
Heap after GC invocations=1104 (full 4):
 PSYoungGen      total 185344K, used 10265K [0x00000000d5580000, 0x00000000e1900000, 0x0000000100000000)
  eden space 172032K, 0% used [0x00000000d5580000,0x00000000d5580000,0x00000000dfd80000)
  from space 13312K, 77% used [0x00000000e0b00000,0x00000000e1506780,0x00000000e1800000)
  to   space 13824K, 0% used [0x00000000dfd80000,0x00000000dfd80000,0x00000000e0b00000)
 ParOldGen       total 329728K, used 104788K [0x0000000080000000, 0x0000000094200000, 0x00000000d5580000)
  object space 329728K, 31% used [0x0000000080000000,0x00000000866550e0,0x0000000094200000)
 Metaspace       used 95834K, capacity 100150K, committed 100224K, reserved 1136640K
  class space    used 11530K, capacity 12159K, committed 12160K, reserved 1048576K
}
{Heap before GC invocations=1105 (full 4):
 PSYoungGen      total 185344K, used 182297K [0x00000000d5580000, 0x00000000e1900000, 0x0000000100000000)
  eden space 172032K, 100% used [0x00000000d5580000,0x00000000dfd80000,0x00000000dfd80000)
  from space 13312K, 77% used [0x00000000e0b00000,0x00000000e1506780,0x00000000e1800000)
  to   space 13824K, 0% used [0x00000000dfd80000,0x00000000dfd80000,0x00000000e0b00000)
 ParOldGen       total 329728K, used 104788K [0x0000000080000000, 0x0000000094200000, 0x00000000d5580000)
  object space 329728K, 31% used [0x0000000080000000,0x00000000866550e0,0x0000000094200000)
 Metaspace       used 95834K, capacity 100150K, committed 100224K, reserved 1136640K
  class space    used 11530K, capacity 12159K, committed 12160K, reserved 1048576K
2023-11-07T15:42:24.949+0600: 4856209.192: [GC (Allocation Failure) [PSYoungGen: 182297K->8118K(185856K)] 287086K->112947K(515584K), 0.0225702 secs] [Times: user=0.01 sys=0.02, real=0.02 secs] 
Heap after GC invocations=1105 (full 4):
 PSYoungGen      total 185856K, used 8118K [0x00000000d5580000, 0x00000000e1800000, 0x0000000100000000)
  eden space 172032K, 0% used [0x00000000d5580000,0x00000000d5580000,0x00000000dfd80000)
  from space 13824K, 58% used [0x00000000dfd80000,0x00000000e056dbe0,0x00000000e0b00000)
  to   space 13312K, 0% used [0x00000000e0b00000,0x00000000e0b00000,0x00000000e1800000)
 ParOldGen       total 329728K, used 104828K [0x0000000080000000, 0x0000000094200000, 0x00000000d5580000)
  object space 329728K, 31% used [0x0000000080000000,0x000000008665f0e0,0x0000000094200000)
 Metaspace       used 95834K, capacity 100150K, committed 100224K, reserved 1136640K
  class space    used 11530K, capacity 12159K, committed 12160K, reserved 1048576K
}
{Heap before GC invocations=1106 (full 4):
 PSYoungGen      total 185856K, used 180150K [0x00000000d5580000, 0x00000000e1800000, 0x0000000100000000)
  eden space 172032K, 100% used [0x00000000d5580000,0x00000000dfd80000,0x00000000dfd80000)
  from space 13824K, 58% used [0x00000000dfd80000,0x00000000e056dbe0,0x00000000e0b00000)
  to   space 13312K, 0% used [0x00000000e0b00000,0x00000000e0b00000,0x00000000e1800000)
 ParOldGen       total 329728K, used 104828K [0x0000000080000000, 0x0000000094200000, 0x00000000d5580000)
  object space 329728K, 31% used [0x0000000080000000,0x000000008665f0e0,0x0000000094200000)
 Metaspace       used 95835K, capacity 100150K, committed 100224K, reserved 1136640K
  class space    used 11530K, capacity 12159K, committed 12160K, reserved 1048576K
2023-11-07T17:22:50.797+0600: 4862235.040: [GC (Allocation Failure) [PSYoungGen: 180150K->9224K(185856K)] 284979K->114076K(515584K), 0.0224360 secs] [Times: user=0.03 sys=0.00, real=0.02 secs] 
Heap after GC invocations=1106 (full 4):
 PSYoungGen      total 185856K, used 9224K [0x00000000d5580000, 0x00000000e1800000, 0x0000000100000000)
  eden space 172544K, 0% used [0x00000000d5580000,0x00000000d5580000,0x00000000dfe00000)
  from space 13312K, 69% used [0x00000000e0b00000,0x00000000e14020d0,0x00000000e1800000)
  to   space 13312K, 0% used [0x00000000dfe00000,0x00000000dfe00000,0x00000000e0b00000)
 ParOldGen       total 329728K, used 104852K [0x0000000080000000, 0x0000000094200000, 0x00000000d5580000)
  object space 329728K, 31% used [0x0000000080000000,0x00000000866650e0,0x0000000094200000)
 Metaspace       used 95835K, capacity 100150K, committed 100224K, reserved 1136640K
  class space    used 11530K, capacity 12159K, committed 12160K, reserved 1048576K
}
{Heap before GC invocations=1107 (full 4):
 PSYoungGen      total 185856K, used 181768K [0x00000000d5580000, 0x00000000e1800000, 0x0000000100000000)
  eden space 172544K, 100% used [0x00000000d5580000,0x00000000dfe00000,0x00000000dfe00000)
  from space 13312K, 69% used [0x00000000e0b00000,0x00000000e14020d0,0x00000000e1800000)
  to   space 13312K, 0% used [0x00000000dfe00000,0x00000000dfe00000,0x00000000e0b00000)
 ParOldGen       total 329728K, used 104852K [0x0000000080000000, 0x0000000094200000, 0x00000000d5580000)
  object space 329728K, 31% used [0x0000000080000000,0x00000000866650e0,0x0000000094200000)
 Metaspace       used 95835K, capacity 100150K, committed 100224K, reserved 1136640K
  class space    used 11530K, capacity 12159K, committed 12160K, reserved 1048576K
2023-11-07T19:16:28.444+0600: 4869052.688: [GC (Allocation Failure) [PSYoungGen: 181768K->6790K(185856K)] 286620K->111658K(515584K), 0.0202561 secs] [Times: user=0.01 sys=0.02, real=0.02 secs] 
Heap after GC invocations=1107 (full 4):
 PSYoungGen      total 185856K, used 6790K [0x00000000d5580000, 0x00000000e1880000, 0x0000000100000000)
  eden space 172544K, 0% used [0x00000000d5580000,0x00000000d5580000,0x00000000dfe00000)
  from space 13312K, 51% used [0x00000000dfe00000,0x00000000e04a1860,0x00000000e0b00000)
  to   space 13312K, 0% used [0x00000000e0b80000,0x00000000e0b80000,0x00000000e1880000)
 ParOldGen       total 329728K, used 104868K [0x0000000080000000, 0x0000000094200000, 0x00000000d5580000)
  object space 329728K, 31% used [0x0000000080000000,0x00000000866690e0,0x0000000094200000)
 Metaspace       used 95835K, capacity 100150K, committed 100224K, reserved 1136640K
  class space    used 11530K, capacity 12159K, committed 12160K, reserved 1048576K
}
{Heap before GC invocations=1108 (full 4):
 PSYoungGen      total 185856K, used 179334K [0x00000000d5580000, 0x00000000e1880000, 0x0000000100000000)
  eden space 172544K, 100% used [0x00000000d5580000,0x00000000dfe00000,0x00000000dfe00000)
  from space 13312K, 51% used [0x00000000dfe00000,0x00000000e04a1860,0x00000000e0b00000)
  to   space 13312K, 0% used [0x00000000e0b80000,0x00000000e0b80000,0x00000000e1880000)
 ParOldGen       total 329728K, used 104868K [0x0000000080000000, 0x0000000094200000, 0x00000000d5580000)
  object space 329728K, 31% used [0x0000000080000000,0x00000000866690e0,0x0000000094200000)
 Metaspace       used 95835K, capacity 100150K, committed 100224K, reserved 1136640K
  class space    used 11530K, capacity 12159K, committed 12160K, reserved 1048576K
2023-11-07T20:51:11.413+0600: 4874735.656: [GC (Allocation Failure) [PSYoungGen: 179334K->8552K(185344K)] 284202K->113437K(515072K), 0.0231203 secs] [Times: user=0.02 sys=0.02, real=0.03 secs] 
Heap after GC invocations=1108 (full 4):
 PSYoungGen      total 185344K, used 8552K [0x00000000d5580000, 0x00000000e1780000, 0x0000000100000000)
  eden space 173056K, 0% used [0x00000000d5580000,0x00000000d5580000,0x00000000dfe80000)
  from space 12288K, 69% used [0x00000000e0b80000,0x00000000e13da3a0,0x00000000e1780000)
  to   space 12800K, 0% used [0x00000000dfe80000,0x00000000dfe80000,0x00000000e0b00000)
 ParOldGen       total 329728K, used 104884K [0x0000000080000000, 0x0000000094200000, 0x00000000d5580000)
  object space 329728K, 31% used [0x0000000080000000,0x000000008666d0e0,0x0000000094200000)
 Metaspace       used 95835K, capacity 100150K, committed 100224K, reserved 1136640K
  class space    used 11530K, capacity 12159K, committed 12160K, reserved 1048576K
}
{Heap before GC invocations=1109 (full 4):
 PSYoungGen      total 185344K, used 181608K [0x00000000d5580000, 0x00000000e1780000, 0x0000000100000000)
  eden space 173056K, 100% used [0x00000000d5580000,0x00000000dfe80000,0x00000000dfe80000)
  from space 12288K, 69% used [0x00000000e0b80000,0x00000000e13da3a0,0x00000000e1780000)
  to   space 12800K, 0% used [0x00000000dfe80000,0x00000000dfe80000,0x00000000e0b00000)
 ParOldGen       total 329728K, used 104884K [0x0000000080000000, 0x0000000094200000, 0x00000000d5580000)
  object space 329728K, 31% used [0x0000000080000000,0x000000008666d0e0,0x0000000094200000)
 Metaspace       used 95835K, capacity 100150K, committed 100224K, reserved 1136640K
  class space    used 11530K, capacity 12159K, committed 12160K, reserved 1048576K
2023-11-07T22:53:49.728+0600: 4882093.971: [GC (Allocation Failure) [PSYoungGen: 181608K->5377K(185856K)] 286493K->110277K(515584K), 0.0202908 secs] [Times: user=0.01 sys=0.02, real=0.02 secs] 
Heap after GC invocations=1109 (full 4):
 PSYoungGen      total 185856K, used 5377K [0x00000000d5580000, 0x00000000e1800000, 0x0000000100000000)
  eden space 173056K, 0% used [0x00000000d5580000,0x00000000d5580000,0x00000000dfe80000)
  from space 12800K, 42% used [0x00000000dfe80000,0x00000000e03c0700,0x00000000e0b00000)
  to   space 12800K, 0% used [0x00000000e0b80000,0x00000000e0b80000,0x00000000e1800000)
 ParOldGen       total 329728K, used 104900K [0x0000000080000000, 0x0000000094200000, 0x00000000d5580000)
  object space 329728K, 31% used [0x0000000080000000,0x00000000866710e0,0x0000000094200000)
 Metaspace       used 95835K, capacity 100150K, committed 100224K, reserved 1136640K
  class space    used 11530K, capacity 12159K, committed 12160K, reserved 1048576K
}
{Heap before GC invocations=1110 (full 4):
 PSYoungGen      total 185856K, used 178433K [0x00000000d5580000, 0x00000000e1800000, 0x0000000100000000)
  eden space 173056K, 100% used [0x00000000d5580000,0x00000000dfe80000,0x00000000dfe80000)
  from space 12800K, 42% used [0x00000000dfe80000,0x00000000e03c0700,0x00000000e0b00000)
  to   space 12800K, 0% used [0x00000000e0b80000,0x00000000e0b80000,0x00000000e1800000)
 ParOldGen       total 329728K, used 104900K [0x0000000080000000, 0x0000000094200000, 0x00000000d5580000)
  object space 329728K, 31% used [0x0000000080000000,0x00000000866710e0,0x0000000094200000)
 Metaspace       used 95835K, capacity 100150K, committed 100224K, reserved 1136640K
  class space    used 11530K, capacity 12159K, committed 12160K, reserved 1048576K
2023-11-08T00:55:21.509+0600: 4889385.752: [GC (Allocation Failure) [PSYoungGen: 178433K->6290K(185344K)] 283333K->111207K(515072K), 0.0208515 secs] [Times: user=0.03 sys=0.00, real=0.02 secs] 
Heap after GC invocations=1110 (full 4):
 PSYoungGen      total 185344K, used 6290K [0x00000000d5580000, 0x00000000e1700000, 0x0000000100000000)
  eden space 173568K, 0% used [0x00000000d5580000,0x00000000d5580000,0x00000000dff00000)
  from space 11776K, 53% used [0x00000000e0b80000,0x00000000e11a4bc0,0x00000000e1700000)
  to   space 12288K, 0% used [0x00000000dff00000,0x00000000dff00000,0x00000000e0b00000)
 ParOldGen       total 329728K, used 104916K [0x0000000080000000, 0x0000000094200000, 0x00000000d5580000)
  object space 329728K, 31% used [0x0000000080000000,0x00000000866750e0,0x0000000094200000)
 Metaspace       used 95835K, capacity 100150K, committed 100224K, reserved 1136640K
  class space    used 11530K, capacity 12159K, committed 12160K, reserved 1048576K
}
{Heap before GC invocations=1111 (full 4):
 PSYoungGen      total 185344K, used 179854K [0x00000000d5580000, 0x00000000e1700000, 0x0000000100000000)
  eden space 173568K, 99% used [0x00000000d5580000,0x00000000dfefef50,0x00000000dff00000)
  from space 11776K, 53% used [0x00000000e0b80000,0x00000000e11a4bc0,0x00000000e1700000)
  to   space 12288K, 0% used [0x00000000dff00000,0x00000000dff00000,0x00000000e0b00000)
 ParOldGen       total 329728K, used 104916K [0x0000000080000000, 0x0000000094200000, 0x00000000d5580000)
  object space 329728K, 31% used [0x0000000080000000,0x00000000866750e0,0x0000000094200000)
 Metaspace       used 95839K, capacity 100150K, committed 100224K, reserved 1136640K
  class space    used 11530K, capacity 12159K, committed 12160K, reserved 1048576K
2023-11-08T03:12:19.331+0600: 4897603.574: [GC (Allocation Failure) [PSYoungGen: 179854K->3680K(185856K)] 284770K->108612K(515584K), 0.0188173 secs] [Times: user=0.03 sys=0.00, real=0.02 secs] 
Heap after GC invocations=1111 (full 4):
 PSYoungGen      total 185856K, used 3680K [0x00000000d5580000, 0x00000000e1880000, 0x0000000100000000)
  eden space 173568K, 0% used [0x00000000d5580000,0x00000000d5580000,0x00000000dff00000)
  from space 12288K, 29% used [0x00000000dff00000,0x00000000e0298000,0x00000000e0b00000)
  to   space 12800K, 0% used [0x00000000e0c00000,0x00000000e0c00000,0x00000000e1880000)
 ParOldGen       total 329728K, used 104932K [0x0000000080000000, 0x0000000094200000, 0x00000000d5580000)
  object space 329728K, 31% used [0x0000000080000000,0x00000000866790e0,0x0000000094200000)
 Metaspace       used 95839K, capacity 100150K, committed 100224K, reserved 1136640K
  class space    used 11530K, capacity 12159K, committed 12160K, reserved 1048576K
}
{Heap before GC invocations=1112 (full 4):
 PSYoungGen      total 185856K, used 177248K [0x00000000d5580000, 0x00000000e1880000, 0x0000000100000000)
  eden space 173568K, 100% used [0x00000000d5580000,0x00000000dff00000,0x00000000dff00000)
  from space 12288K, 29% used [0x00000000dff00000,0x00000000e0298000,0x00000000e0b00000)
  to   space 12800K, 0% used [0x00000000e0c00000,0x00000000e0c00000,0x00000000e1880000)
 ParOldGen       total 329728K, used 104932K [0x0000000080000000, 0x0000000094200000, 0x00000000d5580000)
  object space 329728K, 31% used [0x0000000080000000,0x00000000866790e0,0x0000000094200000)
 Metaspace       used 95839K, capacity 100150K, committed 100224K, reserved 1136640K
  class space    used 11530K, capacity 12159K, committed 12160K, reserved 1048576K
2023-11-08T05:32:58.792+0600: 4906043.035: [GC (Allocation Failure) [PSYoungGen: 177248K->3584K(186880K)] 282180K->108532K(516608K), 0.0166736 secs] [Times: user=0.01 sys=0.02, real=0.02 secs] 
Heap after GC invocations=1112 (full 4):
 PSYoungGen      total 186880K, used 3584K [0x00000000d5580000, 0x00000000e1880000, 0x0000000100000000)
  eden space 174080K, 0% used [0x00000000d5580000,0x00000000d5580000,0x00000000dff80000)
  from space 12800K, 28% used [0x00000000e0c00000,0x00000000e0f80000,0x00000000e1880000)
  to   space 12800K, 0% used [0x00000000dff80000,0x00000000dff80000,0x00000000e0c00000)
 ParOldGen       total 329728K, used 104948K [0x0000000080000000, 0x0000000094200000, 0x00000000d5580000)
  object space 329728K, 31% used [0x0000000080000000,0x000000008667d0e0,0x0000000094200000)
 Metaspace       used 95839K, capacity 100150K, committed 100224K, reserved 1136640K
  class space    used 11530K, capacity 12159K, committed 12160K, reserved 1048576K
}
{Heap before GC invocations=1113 (full 4):
 PSYoungGen      total 186880K, used 177664K [0x00000000d5580000, 0x00000000e1880000, 0x0000000100000000)
  eden space 174080K, 100% used [0x00000000d5580000,0x00000000dff80000,0x00000000dff80000)
  from space 12800K, 28% used [0x00000000e0c00000,0x00000000e0f80000,0x00000000e1880000)
  to   space 12800K, 0% used [0x00000000dff80000,0x00000000dff80000,0x00000000e0c00000)
 ParOldGen       total 329728K, used 104948K [0x0000000080000000, 0x0000000094200000, 0x00000000d5580000)
  object space 329728K, 31% used [0x0000000080000000,0x000000008667d0e0,0x0000000094200000)
 Metaspace       used 95839K, capacity 100150K, committed 100224K, reserved 1136640K
  class space    used 11530K, capacity 12159K, committed 12160K, reserved 1048576K
2023-11-08T07:55:12.517+0600: 4914576.761: [GC (Allocation Failure) [PSYoungGen: 177664K->3584K(186880K)] 282612K->108548K(516608K), 0.0173069 secs] [Times: user=0.02 sys=0.02, real=0.02 secs] 
Heap after GC invocations=1113 (full 4):
 PSYoungGen      total 186880K, used 3584K [0x00000000d5580000, 0x00000000e1900000, 0x0000000100000000)
  eden space 174080K, 0% used [0x00000000d5580000,0x00000000d5580000,0x00000000dff80000)
  from space 12800K, 28% used [0x00000000dff80000,0x00000000e0300000,0x00000000e0c00000)
  to   space 12800K, 0% used [0x00000000e0c80000,0x00000000e0c80000,0x00000000e1900000)
 ParOldGen       total 329728K, used 104964K [0x0000000080000000, 0x0000000094200000, 0x00000000d5580000)
  object space 329728K, 31% used [0x0000000080000000,0x00000000866810e0,0x0000000094200000)
 Metaspace       used 95839K, capacity 100150K, committed 100224K, reserved 1136640K
  class space    used 11530K, capacity 12159K, committed 12160K, reserved 1048576K
}
{Heap before GC invocations=1114 (full 4):
 PSYoungGen      total 186880K, used 177664K [0x00000000d5580000, 0x00000000e1900000, 0x0000000100000000)
  eden space 174080K, 100% used [0x00000000d5580000,0x00000000dff80000,0x00000000dff80000)
  from space 12800K, 28% used [0x00000000dff80000,0x00000000e0300000,0x00000000e0c00000)
  to   space 12800K, 0% used [0x00000000e0c80000,0x00000000e0c80000,0x00000000e1900000)
 ParOldGen       total 329728K, used 104964K [0x0000000080000000, 0x0000000094200000, 0x00000000d5580000)
  object space 329728K, 31% used [0x0000000080000000,0x00000000866810e0,0x0000000094200000)
 Metaspace       used 95839K, capacity 100150K, committed 100224K, reserved 1136640K
  class space    used 11530K, capacity 12159K, committed 12160K, reserved 1048576K
2023-11-08T10:19:05.397+0600: 4923209.640: [GC (Allocation Failure) [PSYoungGen: 177664K->3584K(186368K)] 282628K->108564K(516096K), 0.0182134 secs] [Times: user=0.03 sys=0.00, real=0.02 secs] 
Heap after GC invocations=1114 (full 4):
 PSYoungGen      total 186368K, used 3584K [0x00000000d5580000, 0x00000000e1800000, 0x0000000100000000)
  eden space 174592K, 0% used [0x00000000d5580000,0x00000000d5580000,0x00000000e0000000)
  from space 11776K, 30% used [0x00000000e0c80000,0x00000000e1000000,0x00000000e1800000)
  to   space 12288K, 0% used [0x00000000e0000000,0x00000000e0000000,0x00000000e0c00000)
 ParOldGen       total 329728K, used 104980K [0x0000000080000000, 0x0000000094200000, 0x00000000d5580000)
  object space 329728K, 31% used [0x0000000080000000,0x00000000866850e0,0x0000000094200000)
 Metaspace       used 95839K, capacity 100150K, committed 100224K, reserved 1136640K
  class space    used 11530K, capacity 12159K, committed 12160K, reserved 1048576K
}
{Heap before GC invocations=1115 (full 4):
 PSYoungGen      total 186368K, used 178176K [0x00000000d5580000, 0x00000000e1800000, 0x0000000100000000)
  eden space 174592K, 100% used [0x00000000d5580000,0x00000000e0000000,0x00000000e0000000)
  from space 11776K, 30% used [0x00000000e0c80000,0x00000000e1000000,0x00000000e1800000)
  to   space 12288K, 0% used [0x00000000e0000000,0x00000000e0000000,0x00000000e0c00000)
 ParOldGen       total 329728K, used 104980K [0x0000000080000000, 0x0000000094200000, 0x00000000d5580000)
  object space 329728K, 31% used [0x0000000080000000,0x00000000866850e0,0x0000000094200000)
 Metaspace       used 95850K, capacity 100168K, committed 100352K, reserved 1136640K
  class space    used 11532K, capacity 12162K, committed 12288K, reserved 1048576K
2023-11-08T12:01:19.093+0600: 4929343.336: [GC (Allocation Failure) [PSYoungGen: 178176K->8269K(186880K)] 283156K->113250K(516608K), 0.0228740 secs] [Times: user=0.02 sys=0.02, real=0.03 secs] 
Heap after GC invocations=1115 (full 4):
 PSYoungGen      total 186880K, used 8269K [0x00000000d5580000, 0x00000000e1980000, 0x0000000100000000)
  eden space 174592K, 0% used [0x00000000d5580000,0x00000000d5580000,0x00000000e0000000)
  from space 12288K, 67% used [0x00000000e0000000,0x00000000e0813780,0x00000000e0c00000)
  to   space 12800K, 0% used [0x00000000e0d00000,0x00000000e0d00000,0x00000000e1980000)
 ParOldGen       total 329728K, used 104980K [0x0000000080000000, 0x0000000094200000, 0x00000000d5580000)
  object space 329728K, 31% used [0x0000000080000000,0x00000000866850e0,0x0000000094200000)
 Metaspace       used 95850K, capacity 100168K, committed 100352K, reserved 1136640K
  class space    used 11532K, capacity 12162K, committed 12288K, reserved 1048576K
}
{Heap before GC invocations=1116 (full 4):
 PSYoungGen      total 186880K, used 182861K [0x00000000d5580000, 0x00000000e1980000, 0x0000000100000000)
  eden space 174592K, 100% used [0x00000000d5580000,0x00000000e0000000,0x00000000e0000000)
  from space 12288K, 67% used [0x00000000e0000000,0x00000000e0813780,0x00000000e0c00000)
  to   space 12800K, 0% used [0x00000000e0d00000,0x00000000e0d00000,0x00000000e1980000)
 ParOldGen       total 329728K, used 104980K [0x0000000080000000, 0x0000000094200000, 0x00000000d5580000)
  object space 329728K, 31% used [0x0000000080000000,0x00000000866850e0,0x0000000094200000)
 Metaspace       used 95857K, capacity 100174K, committed 100352K, reserved 1136640K
  class space    used 11533K, capacity 12163K, committed 12288K, reserved 1048576K
2023-11-08T12:51:40.077+0600: 4932364.320: [GC (Allocation Failure) [PSYoungGen: 182861K->12318K(186368K)] 287842K->117298K(516096K), 0.0242037 secs] [Times: user=0.01 sys=0.03, real=0.02 secs] 
Heap after GC invocations=1116 (full 4):
 PSYoungGen      total 186368K, used 12318K [0x00000000d5580000, 0x00000000e1c80000, 0x0000000100000000)
  eden space 173568K, 0% used [0x00000000d5580000,0x00000000d5580000,0x00000000dff00000)
  from space 12800K, 96% used [0x00000000e0d00000,0x00000000e1907af0,0x00000000e1980000)
  to   space 14336K, 0% used [0x00000000dff00000,0x00000000dff00000,0x00000000e0d00000)
 ParOldGen       total 329728K, used 104980K [0x0000000080000000, 0x0000000094200000, 0x00000000d5580000)
  object space 329728K, 31% used [0x0000000080000000,0x00000000866850e0,0x0000000094200000)
 Metaspace       used 95857K, capacity 100174K, committed 100352K, reserved 1136640K
  class space    used 11533K, capacity 12163K, committed 12288K, reserved 1048576K
}
{Heap before GC invocations=1117 (full 4):
 PSYoungGen      total 186368K, used 185886K [0x00000000d5580000, 0x00000000e1c80000, 0x0000000100000000)
  eden space 173568K, 100% used [0x00000000d5580000,0x00000000dff00000,0x00000000dff00000)
  from space 12800K, 96% used [0x00000000e0d00000,0x00000000e1907af0,0x00000000e1980000)
  to   space 14336K, 0% used [0x00000000dff00000,0x00000000dff00000,0x00000000e0d00000)
 ParOldGen       total 329728K, used 104980K [0x0000000080000000, 0x0000000094200000, 0x00000000d5580000)
  object space 329728K, 31% used [0x0000000080000000,0x00000000866850e0,0x0000000094200000)
 Metaspace       used 95875K, capacity 100234K, committed 100352K, reserved 1136640K
  class space    used 11538K, capacity 12173K, committed 12288K, reserved 1048576K
2023-11-08T14:08:45.865+0600: 4936990.108: [GC (Allocation Failure) [PSYoungGen: 185886K->12159K(187904K)] 290866K->117155K(517632K), 0.0204328 secs] [Times: user=0.02 sys=0.01, real=0.02 secs] 
Heap after GC invocations=1117 (full 4):
 PSYoungGen      total 187904K, used 12159K [0x00000000d5580000, 0x00000000e1d80000, 0x0000000100000000)
  eden space 173568K, 0% used [0x00000000d5580000,0x00000000d5580000,0x00000000dff00000)
  from space 14336K, 84% used [0x00000000dff00000,0x00000000e0adfd30,0x00000000e0d00000)
  to   space 15360K, 0% used [0x00000000e0e80000,0x00000000e0e80000,0x00000000e1d80000)
 ParOldGen       total 329728K, used 104996K [0x0000000080000000, 0x0000000094200000, 0x00000000d5580000)
  object space 329728K, 31% used [0x0000000080000000,0x00000000866890e0,0x0000000094200000)
 Metaspace       used 95875K, capacity 100234K, committed 100352K, reserved 1136640K
  class space    used 11538K, capacity 12173K, committed 12288K, reserved 1048576K
}
{Heap before GC invocations=1118 (full 4):
 PSYoungGen      total 187904K, used 185727K [0x00000000d5580000, 0x00000000e1d80000, 0x0000000100000000)
  eden space 173568K, 100% used [0x00000000d5580000,0x00000000dff00000,0x00000000dff00000)
  from space 14336K, 84% used [0x00000000dff00000,0x00000000e0adfd30,0x00000000e0d00000)
  to   space 15360K, 0% used [0x00000000e0e80000,0x00000000e0e80000,0x00000000e1d80000)
 ParOldGen       total 329728K, used 104996K [0x0000000080000000, 0x0000000094200000, 0x00000000d5580000)
  object space 329728K, 31% used [0x0000000080000000,0x00000000866890e0,0x0000000094200000)
 Metaspace       used 95875K, capacity 100234K, committed 100352K, reserved 1136640K
  class space    used 11538K, capacity 12173K, committed 12288K, reserved 1048576K
2023-11-08T15:43:37.244+0600: 4942681.487: [GC (Allocation Failure) [PSYoungGen: 185727K->9276K(189440K)] 290723K->114297K(519168K), 0.0162596 secs] [Times: user=0.01 sys=0.01, real=0.01 secs] 
Heap after GC invocations=1118 (full 4):
 PSYoungGen      total 189440K, used 9276K [0x00000000d5580000, 0x00000000e1d80000, 0x0000000100000000)
  eden space 174080K, 0% used [0x00000000d5580000,0x00000000d5580000,0x00000000dff80000)
  from space 15360K, 60% used [0x00000000e0e80000,0x00000000e178f370,0x00000000e1d80000)
  to   space 15360K, 0% used [0x00000000dff80000,0x00000000dff80000,0x00000000e0e80000)
 ParOldGen       total 329728K, used 105020K [0x0000000080000000, 0x0000000094200000, 0x00000000d5580000)
  object space 329728K, 31% used [0x0000000080000000,0x000000008668f0e0,0x0000000094200000)
 Metaspace       used 95875K, capacity 100234K, committed 100352K, reserved 1136640K
  class space    used 11538K, capacity 12173K, committed 12288K, reserved 1048576K
}
{Heap before GC invocations=1119 (full 4):
 PSYoungGen      total 189440K, used 183356K [0x00000000d5580000, 0x00000000e1d80000, 0x0000000100000000)
  eden space 174080K, 100% used [0x00000000d5580000,0x00000000dff80000,0x00000000dff80000)
  from space 15360K, 60% used [0x00000000e0e80000,0x00000000e178f370,0x00000000e1d80000)
  to   space 15360K, 0% used [0x00000000dff80000,0x00000000dff80000,0x00000000e0e80000)
 ParOldGen       total 329728K, used 105020K [0x0000000080000000, 0x0000000094200000, 0x00000000d5580000)
  object space 329728K, 31% used [0x0000000080000000,0x000000008668f0e0,0x0000000094200000)
 Metaspace       used 95875K, capacity 100234K, committed 100352K, reserved 1136640K
  class space    used 11538K, capacity 12173K, committed 12288K, reserved 1048576K
2023-11-08T17:02:02.818+0600: 4947387.061: [GC (Allocation Failure) [PSYoungGen: 183356K->10701K(189440K)] 288377K->115777K(519168K), 0.0237929 secs] [Times: user=0.01 sys=0.02, real=0.02 secs] 
Heap after GC invocations=1119 (full 4):
 PSYoungGen      total 189440K, used 10701K [0x00000000d5580000, 0x00000000e1f00000, 0x0000000100000000)
  eden space 174080K, 0% used [0x00000000d5580000,0x00000000d5580000,0x00000000dff80000)
  from space 15360K, 69% used [0x00000000dff80000,0x00000000e09f36b0,0x00000000e0e80000)
  to   space 15872K, 0% used [0x00000000e0f80000,0x00000000e0f80000,0x00000000e1f00000)
 ParOldGen       total 329728K, used 105076K [0x0000000080000000, 0x0000000094200000, 0x00000000d5580000)
  object space 329728K, 31% used [0x0000000080000000,0x000000008669d110,0x0000000094200000)
 Metaspace       used 95875K, capacity 100234K, committed 100352K, reserved 1136640K
  class space    used 11538K, capacity 12173K, committed 12288K, reserved 1048576K
}
{Heap before GC invocations=1120 (full 4):
 PSYoungGen      total 189440K, used 184781K [0x00000000d5580000, 0x00000000e1f00000, 0x0000000100000000)
  eden space 174080K, 100% used [0x00000000d5580000,0x00000000dff80000,0x00000000dff80000)
  from space 15360K, 69% used [0x00000000dff80000,0x00000000e09f36b0,0x00000000e0e80000)
  to   space 15872K, 0% used [0x00000000e0f80000,0x00000000e0f80000,0x00000000e1f00000)
 ParOldGen       total 329728K, used 105076K [0x0000000080000000, 0x0000000094200000, 0x00000000d5580000)
  object space 329728K, 31% used [0x0000000080000000,0x000000008669d110,0x0000000094200000)
 Metaspace       used 95875K, capacity 100234K, committed 100352K, reserved 1136640K
  class space    used 11538K, capacity 12173K, committed 12288K, reserved 1048576K
2023-11-08T18:49:25.082+0600: 4953829.325: [GC (Allocation Failure) [PSYoungGen: 184781K->8281K(189440K)] 289857K->113373K(519168K), 0.0242372 secs] [Times: user=0.01 sys=0.02, real=0.03 secs] 
Heap after GC invocations=1120 (full 4):
 PSYoungGen      total 189440K, used 8281K [0x00000000d5580000, 0x00000000e1e00000, 0x0000000100000000)
  eden space 174592K, 0% used [0x00000000d5580000,0x00000000d5580000,0x00000000e0000000)
  from space 14848K, 55% used [0x00000000e0f80000,0x00000000e1796480,0x00000000e1e00000)
  to   space 15360K, 0% used [0x00000000e0000000,0x00000000e0000000,0x00000000e0f00000)
 ParOldGen       total 329728K, used 105092K [0x0000000080000000, 0x0000000094200000, 0x00000000d5580000)
  object space 329728K, 31% used [0x0000000080000000,0x00000000866a1110,0x0000000094200000)
 Metaspace       used 95875K, capacity 100234K, committed 100352K, reserved 1136640K
  class space    used 11538K, capacity 12173K, committed 12288K, reserved 1048576K
}
{Heap before GC invocations=1121 (full 4):
 PSYoungGen      total 189440K, used 182873K [0x00000000d5580000, 0x00000000e1e00000, 0x0000000100000000)
  eden space 174592K, 100% used [0x00000000d5580000,0x00000000e0000000,0x00000000e0000000)
  from space 14848K, 55% used [0x00000000e0f80000,0x00000000e1796480,0x00000000e1e00000)
  to   space 15360K, 0% used [0x00000000e0000000,0x00000000e0000000,0x00000000e0f00000)
 ParOldGen       total 329728K, used 105092K [0x0000000080000000, 0x0000000094200000, 0x00000000d5580000)
  object space 329728K, 31% used [0x0000000080000000,0x00000000866a1110,0x0000000094200000)
 Metaspace       used 95883K, capacity 100252K, committed 100608K, reserved 1138688K
  class space    used 11540K, capacity 12176K, committed 12288K, reserved 1048576K
2023-11-08T20:30:13.820+0600: 4959878.064: [GC (Allocation Failure) [PSYoungGen: 182873K->7829K(182784K)] 287965K->112937K(512512K), 0.0236985 secs] [Times: user=0.04 sys=0.00, real=0.03 secs] 
Heap after GC invocations=1121 (full 4):
 PSYoungGen      total 182784K, used 7829K [0x00000000d5580000, 0x00000000e1c80000, 0x0000000100000000)
  eden space 174592K, 0% used [0x00000000d5580000,0x00000000d5580000,0x00000000e0000000)
  from space 8192K, 95% used [0x00000000e0000000,0x00000000e07a54c0,0x00000000e0800000)
  to   space 14336K, 0% used [0x00000000e0e80000,0x00000000e0e80000,0x00000000e1c80000)
 ParOldGen       total 329728K, used 105108K [0x0000000080000000, 0x0000000094200000, 0x00000000d5580000)
  object space 329728K, 31% used [0x0000000080000000,0x00000000866a5110,0x0000000094200000)
 Metaspace       used 95883K, capacity 100252K, committed 100608K, reserved 1138688K
  class space    used 11540K, capacity 12176K, committed 12288K, reserved 1048576K
}
{Heap before GC invocations=1122 (full 4):
 PSYoungGen      total 182784K, used 182419K [0x00000000d5580000, 0x00000000e1c80000, 0x0000000100000000)
  eden space 174592K, 99% used [0x00000000d5580000,0x00000000dffff8f8,0x00000000e0000000)
  from space 8192K, 95% used [0x00000000e0000000,0x00000000e07a54c0,0x00000000e0800000)
  to   space 14336K, 0% used [0x00000000e0e80000,0x00000000e0e80000,0x00000000e1c80000)
 ParOldGen       total 329728K, used 105108K [0x0000000080000000, 0x0000000094200000, 0x00000000d5580000)
  object space 329728K, 31% used [0x0000000080000000,0x00000000866a5110,0x0000000094200000)
 Metaspace       used 95883K, capacity 100252K, committed 100608K, reserved 1138688K
  class space    used 11540K, capacity 12176K, committed 12288K, reserved 1048576K
2023-11-08T22:44:45.415+0600: 4967949.658: [GC (Allocation Failure) [PSYoungGen: 182419K->4336K(189440K)] 287527K->109460K(519168K), 0.0157177 secs] [Times: user=0.02 sys=0.02, real=0.01 secs] 
Heap after GC invocations=1122 (full 4):
 PSYoungGen      total 189440K, used 4336K [0x00000000d5580000, 0x00000000e1c80000, 0x0000000100000000)
  eden space 175104K, 0% used [0x00000000d5580000,0x00000000d5580000,0x00000000e0080000)
  from space 14336K, 30% used [0x00000000e0e80000,0x00000000e12bc230,0x00000000e1c80000)
  to   space 14336K, 0% used [0x00000000e0080000,0x00000000e0080000,0x00000000e0e80000)
 ParOldGen       total 329728K, used 105124K [0x0000000080000000, 0x0000000094200000, 0x00000000d5580000)
  object space 329728K, 31% used [0x0000000080000000,0x00000000866a9110,0x0000000094200000)
 Metaspace       used 95883K, capacity 100252K, committed 100608K, reserved 1138688K
  class space    used 11540K, capacity 12176K, committed 12288K, reserved 1048576K
}
{Heap before GC invocations=1123 (full 4):
 PSYoungGen      total 189440K, used 179440K [0x00000000d5580000, 0x00000000e1c80000, 0x0000000100000000)
  eden space 175104K, 100% used [0x00000000d5580000,0x00000000e0080000,0x00000000e0080000)
  from space 14336K, 30% used [0x00000000e0e80000,0x00000000e12bc230,0x00000000e1c80000)
  to   space 14336K, 0% used [0x00000000e0080000,0x00000000e0080000,0x00000000e0e80000)
 ParOldGen       total 329728K, used 105124K [0x0000000080000000, 0x0000000094200000, 0x00000000d5580000)
  object space 329728K, 31% used [0x0000000080000000,0x00000000866a9110,0x0000000094200000)
 Metaspace       used 95883K, capacity 100252K, committed 100608K, reserved 1138688K
  class space    used 11540K, capacity 12176K, committed 12288K, reserved 1048576K
2023-11-09T01:07:00.507+0600: 4976484.750: [GC (Allocation Failure) [PSYoungGen: 179440K->3904K(189440K)] 284564K->109044K(519168K), 0.0176329 secs] [Times: user=0.01 sys=0.02, real=0.02 secs] 
Heap after GC invocations=1123 (full 4):
 PSYoungGen      total 189440K, used 3904K [0x00000000d5580000, 0x00000000e1d00000, 0x0000000100000000)
  eden space 175104K, 0% used [0x00000000d5580000,0x00000000d5580000,0x00000000e0080000)
  from space 14336K, 27% used [0x00000000e0080000,0x00000000e0450010,0x00000000e0e80000)
  to   space 14336K, 0% used [0x00000000e0f00000,0x00000000e0f00000,0x00000000e1d00000)
 ParOldGen       total 329728K, used 105140K [0x0000000080000000, 0x0000000094200000, 0x00000000d5580000)
  object space 329728K, 31% used [0x0000000080000000,0x00000000866ad110,0x0000000094200000)
 Metaspace       used 95883K, capacity 100252K, committed 100608K, reserved 1138688K
  class space    used 11540K, capacity 12176K, committed 12288K, reserved 1048576K
}
{Heap before GC invocations=1124 (full 4):
 PSYoungGen      total 189440K, used 179008K [0x00000000d5580000, 0x00000000e1d00000, 0x0000000100000000)
  eden space 175104K, 100% used [0x00000000d5580000,0x00000000e0080000,0x00000000e0080000)
  from space 14336K, 27% used [0x00000000e0080000,0x00000000e0450010,0x00000000e0e80000)
  to   space 14336K, 0% used [0x00000000e0f00000,0x00000000e0f00000,0x00000000e1d00000)
 ParOldGen       total 329728K, used 105140K [0x0000000080000000, 0x0000000094200000, 0x00000000d5580000)
  object space 329728K, 31% used [0x0000000080000000,0x00000000866ad110,0x0000000094200000)
 Metaspace       used 95883K, capacity 100252K, committed 100608K, reserved 1138688K
  class space    used 11540K, capacity 12176K, committed 12288K, reserved 1048576K
2023-11-09T03:23:18.485+0600: 4984662.728: [GC (Allocation Failure) [PSYoungGen: 179008K->4160K(189952K)] 284148K->109316K(519680K), 0.0157034 secs] [Times: user=0.01 sys=0.02, real=0.01 secs] 
Heap after GC invocations=1124 (full 4):
 PSYoungGen      total 189952K, used 4160K [0x00000000d5580000, 0x00000000e1d00000, 0x0000000100000000)
  eden space 175616K, 0% used [0x00000000d5580000,0x00000000d5580000,0x00000000e0100000)
  from space 14336K, 29% used [0x00000000e0f00000,0x00000000e1310020,0x00000000e1d00000)
  to   space 14336K, 0% used [0x00000000e0100000,0x00000000e0100000,0x00000000e0f00000)
 ParOldGen       total 329728K, used 105156K [0x0000000080000000, 0x0000000094200000, 0x00000000d5580000)
  object space 329728K, 31% used [0x0000000080000000,0x00000000866b1110,0x0000000094200000)
 Metaspace       used 95883K, capacity 100252K, committed 100608K, reserved 1138688K
  class space    used 11540K, capacity 12176K, committed 12288K, reserved 1048576K
}
{Heap before GC invocations=1125 (full 4):
 PSYoungGen      total 189952K, used 179776K [0x00000000d5580000, 0x00000000e1d00000, 0x0000000100000000)
  eden space 175616K, 100% used [0x00000000d5580000,0x00000000e0100000,0x00000000e0100000)
  from space 14336K, 29% used [0x00000000e0f00000,0x00000000e1310020,0x00000000e1d00000)
  to   space 14336K, 0% used [0x00000000e0100000,0x00000000e0100000,0x00000000e0f00000)
 ParOldGen       total 329728K, used 105156K [0x0000000080000000, 0x0000000094200000, 0x00000000d5580000)
  object space 329728K, 31% used [0x0000000080000000,0x00000000866b1110,0x0000000094200000)
 Metaspace       used 95883K, capacity 100252K, committed 100608K, reserved 1138688K
  class space    used 11540K, capacity 12176K, committed 12288K, reserved 1048576K
2023-11-09T05:38:21.714+0600: 4992765.957: [GC (Allocation Failure) [PSYoungGen: 179776K->4320K(189952K)] 284932K->109492K(519680K), 0.0174737 secs] [Times: user=0.01 sys=0.01, real=0.01 secs] 
Heap after GC invocations=1125 (full 4):
 PSYoungGen      total 189952K, used 4320K [0x00000000d5580000, 0x00000000e1c80000, 0x0000000100000000)
  eden space 175616K, 0% used [0x00000000d5580000,0x00000000d5580000,0x00000000e0100000)
  from space 14336K, 30% used [0x00000000e0100000,0x00000000e0538030,0x00000000e0f00000)
  to   space 13824K, 0% used [0x00000000e0f00000,0x00000000e0f00000,0x00000000e1c80000)
 ParOldGen       total 329728K, used 105172K [0x0000000080000000, 0x0000000094200000, 0x00000000d5580000)
  object space 329728K, 31% used [0x0000000080000000,0x00000000866b5110,0x0000000094200000)
 Metaspace       used 95883K, capacity 100252K, committed 100608K, reserved 1138688K
  class space    used 11540K, capacity 12176K, committed 12288K, reserved 1048576K
}
{Heap before GC invocations=1126 (full 4):
 PSYoungGen      total 189952K, used 179936K [0x00000000d5580000, 0x00000000e1c80000, 0x0000000100000000)
  eden space 175616K, 100% used [0x00000000d5580000,0x00000000e0100000,0x00000000e0100000)
  from space 14336K, 30% used [0x00000000e0100000,0x00000000e0538030,0x00000000e0f00000)
  to   space 13824K, 0% used [0x00000000e0f00000,0x00000000e0f00000,0x00000000e1c80000)
 ParOldGen       total 329728K, used 105172K [0x0000000080000000, 0x0000000094200000, 0x00000000d5580000)
  object space 329728K, 31% used [0x0000000080000000,0x00000000866b5110,0x0000000094200000)
 Metaspace       used 95883K, capacity 100252K, committed 100608K, reserved 1138688K
  class space    used 11540K, capacity 12176K, committed 12288K, reserved 1048576K
2023-11-09T07:59:39.806+0600: 5001244.049: [GC (Allocation Failure) [PSYoungGen: 179936K->4096K(189952K)] 285108K->109276K(519680K), 0.0178104 secs] [Times: user=0.03 sys=0.00, real=0.02 secs] 
Heap after GC invocations=1126 (full 4):
 PSYoungGen      total 189952K, used 4096K [0x00000000d5580000, 0x00000000e1c80000, 0x0000000100000000)
  eden space 176128K, 0% used [0x00000000d5580000,0x00000000d5580000,0x00000000e0180000)
  from space 13824K, 29% used [0x00000000e0f00000,0x00000000e1300020,0x00000000e1c80000)
  to   space 13824K, 0% used [0x00000000e0180000,0x00000000e0180000,0x00000000e0f00000)
 ParOldGen       total 329728K, used 105180K [0x0000000080000000, 0x0000000094200000, 0x00000000d5580000)
  object space 329728K, 31% used [0x0000000080000000,0x00000000866b7110,0x0000000094200000)
 Metaspace       used 95883K, capacity 100252K, committed 100608K, reserved 1138688K
  class space    used 11540K, capacity 12176K, committed 12288K, reserved 1048576K
}
{Heap before GC invocations=1127 (full 4):
 PSYoungGen      total 189952K, used 180224K [0x00000000d5580000, 0x00000000e1c80000, 0x0000000100000000)
  eden space 176128K, 100% used [0x00000000d5580000,0x00000000e0180000,0x00000000e0180000)
  from space 13824K, 29% used [0x00000000e0f00000,0x00000000e1300020,0x00000000e1c80000)
  to   space 13824K, 0% used [0x00000000e0180000,0x00000000e0180000,0x00000000e0f00000)
 ParOldGen       total 329728K, used 105180K [0x0000000080000000, 0x0000000094200000, 0x00000000d5580000)
  object space 329728K, 31% used [0x0000000080000000,0x00000000866b7110,0x0000000094200000)
 Metaspace       used 95883K, capacity 100252K, committed 100608K, reserved 1138688K
  class space    used 11540K, capacity 12176K, committed 12288K, reserved 1048576K
2023-11-09T10:10:54.237+0600: 5009118.480: [GC (Allocation Failure) [PSYoungGen: 180224K->5201K(189952K)] 285404K->110381K(519680K), 0.0168131 secs] [Times: user=0.01 sys=0.02, real=0.02 secs] 
Heap after GC invocations=1127 (full 4):
 PSYoungGen      total 189952K, used 5201K [0x00000000d5580000, 0x00000000e1c00000, 0x0000000100000000)
  eden space 176128K, 0% used [0x00000000d5580000,0x00000000d5580000,0x00000000e0180000)
  from space 13824K, 37% used [0x00000000e0180000,0x00000000e06944d0,0x00000000e0f00000)
  to   space 13312K, 0% used [0x00000000e0f00000,0x00000000e0f00000,0x00000000e1c00000)
 ParOldGen       total 329728K, used 105180K [0x0000000080000000, 0x0000000094200000, 0x00000000d5580000)
  object space 329728K, 31% used [0x0000000080000000,0x00000000866b7110,0x0000000094200000)
 Metaspace       used 95883K, capacity 100252K, committed 100608K, reserved 1138688K
  class space    used 11540K, capacity 12176K, committed 12288K, reserved 1048576K
}
{Heap before GC invocations=1128 (full 4):
 PSYoungGen      total 189952K, used 181329K [0x00000000d5580000, 0x00000000e1c00000, 0x0000000100000000)
  eden space 176128K, 100% used [0x00000000d5580000,0x00000000e0180000,0x00000000e0180000)
  from space 13824K, 37% used [0x00000000e0180000,0x00000000e06944d0,0x00000000e0f00000)
  to   space 13312K, 0% used [0x00000000e0f00000,0x00000000e0f00000,0x00000000e1c00000)
 ParOldGen       total 329728K, used 105180K [0x0000000080000000, 0x0000000094200000, 0x00000000d5580000)
  object space 329728K, 31% used [0x0000000080000000,0x00000000866b7110,0x0000000094200000)
 Metaspace       used 95883K, capacity 100252K, committed 100608K, reserved 1138688K
  class space    used 11540K, capacity 12176K, committed 12288K, reserved 1048576K
2023-11-09T12:13:11.548+0600: 5016455.791: [GC (Allocation Failure) [PSYoungGen: 181329K->6098K(188928K)] 286509K->111278K(518656K), 0.0209418 secs] [Times: user=0.01 sys=0.02, real=0.02 secs] 
Heap after GC invocations=1128 (full 4):
 PSYoungGen      total 188928K, used 6098K [0x00000000d5580000, 0x00000000e1b00000, 0x0000000100000000)
  eden space 176640K, 0% used [0x00000000d5580000,0x00000000d5580000,0x00000000e0200000)
  from space 12288K, 49% used [0x00000000e0f00000,0x00000000e14f4980,0x00000000e1b00000)
  to   space 12800K, 0% used [0x00000000e0200000,0x00000000e0200000,0x00000000e0e80000)
 ParOldGen       total 329728K, used 105180K [0x0000000080000000, 0x0000000094200000, 0x00000000d5580000)
  object space 329728K, 31% used [0x0000000080000000,0x00000000866b7110,0x0000000094200000)
 Metaspace       used 95883K, capacity 100252K, committed 100608K, reserved 1138688K
  class space    used 11540K, capacity 12176K, committed 12288K, reserved 1048576K
}
{Heap before GC invocations=1129 (full 4):
 PSYoungGen      total 188928K, used 182738K [0x00000000d5580000, 0x00000000e1b00000, 0x0000000100000000)
  eden space 176640K, 100% used [0x00000000d5580000,0x00000000e0200000,0x00000000e0200000)
  from space 12288K, 49% used [0x00000000e0f00000,0x00000000e14f4980,0x00000000e1b00000)
  to   space 12800K, 0% used [0x00000000e0200000,0x00000000e0200000,0x00000000e0e80000)
 ParOldGen       total 329728K, used 105180K [0x0000000080000000, 0x0000000094200000, 0x00000000d5580000)
  object space 329728K, 31% used [0x0000000080000000,0x00000000866b7110,0x0000000094200000)
 Metaspace       used 95884K, capacity 100252K, committed 100608K, reserved 1138688K
  class space    used 11540K, capacity 12176K, committed 12288K, reserved 1048576K
2023-11-09T13:25:13.338+0600: 5020777.581: [GC (Allocation Failure) [PSYoungGen: 182738K->11934K(189440K)] 287918K->117115K(519168K), 0.0233758 secs] [Times: user=0.02 sys=0.02, real=0.02 secs] 
Heap after GC invocations=1129 (full 4):
 PSYoungGen      total 189440K, used 11934K [0x00000000d5580000, 0x00000000e1d80000, 0x0000000100000000)
  eden space 176640K, 0% used [0x00000000d5580000,0x00000000d5580000,0x00000000e0200000)
  from space 12800K, 93% used [0x00000000e0200000,0x00000000e0da7ba0,0x00000000e0e80000)
  to   space 13824K, 0% used [0x00000000e1000000,0x00000000e1000000,0x00000000e1d80000)
 ParOldGen       total 329728K, used 105180K [0x0000000080000000, 0x0000000094200000, 0x00000000d5580000)
  object space 329728K, 31% used [0x0000000080000000,0x00000000866b7110,0x0000000094200000)
 Metaspace       used 95884K, capacity 100252K, committed 100608K, reserved 1138688K
  class space    used 11540K, capacity 12176K, committed 12288K, reserved 1048576K
}
{Heap before GC invocations=1130 (full 4):
 PSYoungGen      total 189440K, used 188574K [0x00000000d5580000, 0x00000000e1d80000, 0x0000000100000000)
  eden space 176640K, 100% used [0x00000000d5580000,0x00000000e0200000,0x00000000e0200000)
  from space 12800K, 93% used [0x00000000e0200000,0x00000000e0da7ba0,0x00000000e0e80000)
  to   space 13824K, 0% used [0x00000000e1000000,0x00000000e1000000,0x00000000e1d80000)
 ParOldGen       total 329728K, used 105180K [0x0000000080000000, 0x0000000094200000, 0x00000000d5580000)
  object space 329728K, 31% used [0x0000000080000000,0x00000000866b7110,0x0000000094200000)
 Metaspace       used 95904K, capacity 100318K, committed 100608K, reserved 1138688K
  class space    used 11546K, capacity 12187K, committed 12288K, reserved 1048576K
2023-11-09T15:08:31.849+0600: 5026976.092: [GC (Allocation Failure) [PSYoungGen: 188574K->8197K(190976K)] 293755K->113410K(520704K), 0.0194672 secs] [Times: user=0.02 sys=0.01, real=0.02 secs] 
Heap after GC invocations=1130 (full 4):
 PSYoungGen      total 190976K, used 8197K [0x00000000d5580000, 0x00000000e1d80000, 0x0000000100000000)
  eden space 177152K, 0% used [0x00000000d5580000,0x00000000d5580000,0x00000000e0280000)
  from space 13824K, 59% used [0x00000000e1000000,0x00000000e18017a0,0x00000000e1d80000)
  to   space 13824K, 0% used [0x00000000e0280000,0x00000000e0280000,0x00000000e1000000)
 ParOldGen       total 329728K, used 105212K [0x0000000080000000, 0x0000000094200000, 0x00000000d5580000)
  object space 329728K, 31% used [0x0000000080000000,0x00000000866bf110,0x0000000094200000)
 Metaspace       used 95904K, capacity 100318K, committed 100608K, reserved 1138688K
  class space    used 11546K, capacity 12187K, committed 12288K, reserved 1048576K
}
{Heap before GC invocations=1131 (full 4):
 PSYoungGen      total 190976K, used 185349K [0x00000000d5580000, 0x00000000e1d80000, 0x0000000100000000)
  eden space 177152K, 100% used [0x00000000d5580000,0x00000000e0280000,0x00000000e0280000)
  from space 13824K, 59% used [0x00000000e1000000,0x00000000e18017a0,0x00000000e1d80000)
  to   space 13824K, 0% used [0x00000000e0280000,0x00000000e0280000,0x00000000e1000000)
 ParOldGen       total 329728K, used 105212K [0x0000000080000000, 0x0000000094200000, 0x00000000d5580000)
  object space 329728K, 31% used [0x0000000080000000,0x00000000866bf110,0x0000000094200000)
 Metaspace       used 95904K, capacity 100318K, committed 100608K, reserved 1138688K
  class space    used 11546K, capacity 12187K, committed 12288K, reserved 1048576K
2023-11-09T17:01:13.271+0600: 5033737.515: [GC (Allocation Failure) [PSYoungGen: 185349K->7610K(190976K)] 290562K->112878K(520704K), 0.0201764 secs] [Times: user=0.01 sys=0.03, real=0.02 secs] 
Heap after GC invocations=1131 (full 4):
 PSYoungGen      total 190976K, used 7610K [0x00000000d5580000, 0x00000000e1d00000, 0x0000000100000000)
  eden space 177152K, 0% used [0x00000000d5580000,0x00000000d5580000,0x00000000e0280000)
  from space 13824K, 55% used [0x00000000e0280000,0x00000000e09eea80,0x00000000e1000000)
  to   space 13312K, 0% used [0x00000000e1000000,0x00000000e1000000,0x00000000e1d00000)
 ParOldGen       total 329728K, used 105268K [0x0000000080000000, 0x0000000094200000, 0x00000000d5580000)
  object space 329728K, 31% used [0x0000000080000000,0x00000000866cd110,0x0000000094200000)
 Metaspace       used 95904K, capacity 100318K, committed 100608K, reserved 1138688K
  class space    used 11546K, capacity 12187K, committed 12288K, reserved 1048576K
}
{Heap before GC invocations=1132 (full 4):
 PSYoungGen      total 190976K, used 184762K [0x00000000d5580000, 0x00000000e1d00000, 0x0000000100000000)
  eden space 177152K, 100% used [0x00000000d5580000,0x00000000e0280000,0x00000000e0280000)
  from space 13824K, 55% used [0x00000000e0280000,0x00000000e09eea80,0x00000000e1000000)
  to   space 13312K, 0% used [0x00000000e1000000,0x00000000e1000000,0x00000000e1d00000)
 ParOldGen       total 329728K, used 105268K [0x0000000080000000, 0x0000000094200000, 0x00000000d5580000)
  object space 329728K, 31% used [0x0000000080000000,0x00000000866cd110,0x0000000094200000)
 Metaspace       used 95904K, capacity 100318K, committed 100608K, reserved 1138688K
  class space    used 11546K, capacity 12187K, committed 12288K, reserved 1048576K
2023-11-09T18:33:19.763+0600: 5039264.006: [GC (Allocation Failure) [PSYoungGen: 184762K->8353K(190976K)] 290030K->113669K(520704K), 0.0188909 secs] [Times: user=0.02 sys=0.02, real=0.02 secs] 
Heap after GC invocations=1132 (full 4):
 PSYoungGen      total 190976K, used 8353K [0x00000000d5580000, 0x00000000e1d00000, 0x0000000100000000)
  eden space 177664K, 0% used [0x00000000d5580000,0x00000000d5580000,0x00000000e0300000)
  from space 13312K, 62% used [0x00000000e1000000,0x00000000e1828540,0x00000000e1d00000)
  to   space 13312K, 0% used [0x00000000e0300000,0x00000000e0300000,0x00000000e1000000)
 ParOldGen       total 329728K, used 105316K [0x0000000080000000, 0x0000000094200000, 0x00000000d5580000)
  object space 329728K, 31% used [0x0000000080000000,0x00000000866d9110,0x0000000094200000)
 Metaspace       used 95904K, capacity 100318K, committed 100608K, reserved 1138688K
  class space    used 11546K, capacity 12187K, committed 12288K, reserved 1048576K
}
{Heap before GC invocations=1133 (full 4):
 PSYoungGen      total 190976K, used 186017K [0x00000000d5580000, 0x00000000e1d00000, 0x0000000100000000)
  eden space 177664K, 100% used [0x00000000d5580000,0x00000000e0300000,0x00000000e0300000)
  from space 13312K, 62% used [0x00000000e1000000,0x00000000e1828540,0x00000000e1d00000)
  to   space 13312K, 0% used [0x00000000e0300000,0x00000000e0300000,0x00000000e1000000)
 ParOldGen       total 329728K, used 105316K [0x0000000080000000, 0x0000000094200000, 0x00000000d5580000)
  object space 329728K, 31% used [0x0000000080000000,0x00000000866d9110,0x0000000094200000)
 Metaspace       used 95904K, capacity 100318K, committed 100608K, reserved 1138688K
  class space    used 11546K, capacity 12187K, committed 12288K, reserved 1048576K
2023-11-09T20:30:01.269+0600: 5046265.512: [GC (Allocation Failure) [PSYoungGen: 186017K->6887K(190976K)] 291333K->112219K(520704K), 0.0155123 secs] [Times: user=0.02 sys=0.01, real=0.02 secs] 
Heap after GC invocations=1133 (full 4):
 PSYoungGen      total 190976K, used 6887K [0x00000000d5580000, 0x00000000e1c80000, 0x0000000100000000)
  eden space 177664K, 0% used [0x00000000d5580000,0x00000000d5580000,0x00000000e0300000)
  from space 13312K, 51% used [0x00000000e0300000,0x00000000e09b9cd0,0x00000000e1000000)
  to   space 12800K, 0% used [0x00000000e1000000,0x00000000e1000000,0x00000000e1c80000)
 ParOldGen       total 329728K, used 105332K [0x0000000080000000, 0x0000000094200000, 0x00000000d5580000)
  object space 329728K, 31% used [0x0000000080000000,0x00000000866dd110,0x0000000094200000)
 Metaspace       used 95904K, capacity 100318K, committed 100608K, reserved 1138688K
  class space    used 11546K, capacity 12187K, committed 12288K, reserved 1048576K
}
{Heap before GC invocations=1134 (full 4):
 PSYoungGen      total 190976K, used 184551K [0x00000000d5580000, 0x00000000e1c80000, 0x0000000100000000)
  eden space 177664K, 100% used [0x00000000d5580000,0x00000000e0300000,0x00000000e0300000)
  from space 13312K, 51% used [0x00000000e0300000,0x00000000e09b9cd0,0x00000000e1000000)
  to   space 12800K, 0% used [0x00000000e1000000,0x00000000e1000000,0x00000000e1c80000)
 ParOldGen       total 329728K, used 105332K [0x0000000080000000, 0x0000000094200000, 0x00000000d5580000)
  object space 329728K, 31% used [0x0000000080000000,0x00000000866dd110,0x0000000094200000)
 Metaspace       used 95904K, capacity 100318K, committed 100608K, reserved 1138688K
  class space    used 11546K, capacity 12187K, committed 12288K, reserved 1048576K
2023-11-09T22:43:01.240+0600: 5054245.483: [GC (Allocation Failure) [PSYoungGen: 184551K->4531K(190976K)] 289883K->109879K(520704K), 0.0193315 secs] [Times: user=0.02 sys=0.02, real=0.02 secs] 
Heap after GC invocations=1134 (full 4):
 PSYoungGen      total 190976K, used 4531K [0x00000000d5580000, 0x00000000e1c80000, 0x0000000100000000)
  eden space 178176K, 0% used [0x00000000d5580000,0x00000000d5580000,0x00000000e0380000)
  from space 12800K, 35% used [0x00000000e1000000,0x00000000e146cc70,0x00000000e1c80000)
  to   space 12800K, 0% used [0x00000000e0380000,0x00000000e0380000,0x00000000e1000000)
 ParOldGen       total 329728K, used 105348K [0x0000000080000000, 0x0000000094200000, 0x00000000d5580000)
  object space 329728K, 31% used [0x0000000080000000,0x00000000866e1110,0x0000000094200000)
 Metaspace       used 95904K, capacity 100318K, committed 100608K, reserved 1138688K
  class space    used 11546K, capacity 12187K, committed 12288K, reserved 1048576K
}
{Heap before GC invocations=1135 (full 4):
 PSYoungGen      total 190976K, used 182707K [0x00000000d5580000, 0x00000000e1c80000, 0x0000000100000000)
  eden space 178176K, 100% used [0x00000000d5580000,0x00000000e0380000,0x00000000e0380000)
  from space 12800K, 35% used [0x00000000e1000000,0x00000000e146cc70,0x00000000e1c80000)
  to   space 12800K, 0% used [0x00000000e0380000,0x00000000e0380000,0x00000000e1000000)
 ParOldGen       total 329728K, used 105348K [0x0000000080000000, 0x0000000094200000, 0x00000000d5580000)
  object space 329728K, 31% used [0x0000000080000000,0x00000000866e1110,0x0000000094200000)
 Metaspace       used 95904K, capacity 100318K, committed 100608K, reserved 1138688K
  class space    used 11546K, capacity 12187K, committed 12288K, reserved 1048576K
2023-11-10T01:02:07.171+0600: 5062591.414: [GC (Allocation Failure) [PSYoungGen: 182707K->3858K(190976K)] 288055K->109238K(520704K), 0.0172907 secs] [Times: user=0.02 sys=0.02, real=0.02 secs] 
Heap after GC invocations=1135 (full 4):
 PSYoungGen      total 190976K, used 3858K [0x00000000d5580000, 0x00000000e1d00000, 0x0000000100000000)
  eden space 178176K, 0% used [0x00000000d5580000,0x00000000d5580000,0x00000000e0380000)
  from space 12800K, 30% used [0x00000000e0380000,0x00000000e0744810,0x00000000e1000000)
  to   space 12800K, 0% used [0x00000000e1080000,0x00000000e1080000,0x00000000e1d00000)
 ParOldGen       total 329728K, used 105380K [0x0000000080000000, 0x0000000094200000, 0x00000000d5580000)
  object space 329728K, 31% used [0x0000000080000000,0x00000000866e9110,0x0000000094200000)
 Metaspace       used 95904K, capacity 100318K, committed 100608K, reserved 1138688K
  class space    used 11546K, capacity 12187K, committed 12288K, reserved 1048576K
}
{Heap before GC invocations=1136 (full 4):
 PSYoungGen      total 190976K, used 182034K [0x00000000d5580000, 0x00000000e1d00000, 0x0000000100000000)
  eden space 178176K, 100% used [0x00000000d5580000,0x00000000e0380000,0x00000000e0380000)
  from space 12800K, 30% used [0x00000000e0380000,0x00000000e0744810,0x00000000e1000000)
  to   space 12800K, 0% used [0x00000000e1080000,0x00000000e1080000,0x00000000e1d00000)
 ParOldGen       total 329728K, used 105380K [0x0000000080000000, 0x0000000094200000, 0x00000000d5580000)
  object space 329728K, 31% used [0x0000000080000000,0x00000000866e9110,0x0000000094200000)
 Metaspace       used 95904K, capacity 100318K, committed 100608K, reserved 1138688K
  class space    used 11546K, capacity 12187K, committed 12288K, reserved 1048576K
2023-11-10T03:22:17.570+0600: 5071001.813: [GC (Allocation Failure) [PSYoungGen: 182034K->4036K(190464K)] 287414K->109440K(520192K), 0.0147816 secs] [Times: user=0.01 sys=0.02, real=0.02 secs] 
Heap after GC invocations=1136 (full 4):
 PSYoungGen      total 190464K, used 4036K [0x00000000d5580000, 0x00000000e1c00000, 0x0000000100000000)
  eden space 178688K, 0% used [0x00000000d5580000,0x00000000d5580000,0x00000000e0400000)
  from space 11776K, 34% used [0x00000000e1080000,0x00000000e1471040,0x00000000e1c00000)
  to   space 12288K, 0% used [0x00000000e0400000,0x00000000e0400000,0x00000000e1000000)
 ParOldGen       total 329728K, used 105404K [0x0000000080000000, 0x0000000094200000, 0x00000000d5580000)
  object space 329728K, 31% used [0x0000000080000000,0x00000000866ef110,0x0000000094200000)
 Metaspace       used 95904K, capacity 100318K, committed 100608K, reserved 1138688K
  class space    used 11546K, capacity 12187K, committed 12288K, reserved 1048576K
}
{Heap before GC invocations=1137 (full 4):
 PSYoungGen      total 190464K, used 182724K [0x00000000d5580000, 0x00000000e1c00000, 0x0000000100000000)
  eden space 178688K, 100% used [0x00000000d5580000,0x00000000e0400000,0x00000000e0400000)
  from space 11776K, 34% used [0x00000000e1080000,0x00000000e1471040,0x00000000e1c00000)
  to   space 12288K, 0% used [0x00000000e0400000,0x00000000e0400000,0x00000000e1000000)
 ParOldGen       total 329728K, used 105404K [0x0000000080000000, 0x0000000094200000, 0x00000000d5580000)
  object space 329728K, 31% used [0x0000000080000000,0x00000000866ef110,0x0000000094200000)
 Metaspace       used 95904K, capacity 100318K, committed 100608K, reserved 1138688K
  class space    used 11546K, capacity 12187K, committed 12288K, reserved 1048576K
2023-11-10T05:45:36.212+0600: 5079600.455: [GC (Allocation Failure) [PSYoungGen: 182724K->4018K(190976K)] 288128K->109430K(520704K), 0.0162622 secs] [Times: user=0.03 sys=0.00, real=0.02 secs] 
Heap after GC invocations=1137 (full 4):
 PSYoungGen      total 190976K, used 4018K [0x00000000d5580000, 0x00000000e1c80000, 0x0000000100000000)
  eden space 178688K, 0% used [0x00000000d5580000,0x00000000d5580000,0x00000000e0400000)
  from space 12288K, 32% used [0x00000000e0400000,0x00000000e07ec830,0x00000000e1000000)
  to   space 12288K, 0% used [0x00000000e1080000,0x00000000e1080000,0x00000000e1c80000)
 ParOldGen       total 329728K, used 105412K [0x0000000080000000, 0x0000000094200000, 0x00000000d5580000)
  object space 329728K, 31% used [0x0000000080000000,0x00000000866f1110,0x0000000094200000)
 Metaspace       used 95904K, capacity 100318K, committed 100608K, reserved 1138688K
  class space    used 11546K, capacity 12187K, committed 12288K, reserved 1048576K
}
{Heap before GC invocations=1138 (full 4):
 PSYoungGen      total 190976K, used 182706K [0x00000000d5580000, 0x00000000e1c80000, 0x0000000100000000)
  eden space 178688K, 100% used [0x00000000d5580000,0x00000000e0400000,0x00000000e0400000)
  from space 12288K, 32% used [0x00000000e0400000,0x00000000e07ec830,0x00000000e1000000)
  to   space 12288K, 0% used [0x00000000e1080000,0x00000000e1080000,0x00000000e1c80000)
 ParOldGen       total 329728K, used 105412K [0x0000000080000000, 0x0000000094200000, 0x00000000d5580000)
  object space 329728K, 31% used [0x0000000080000000,0x00000000866f1110,0x0000000094200000)
 Metaspace       used 95904K, capacity 100318K, committed 100608K, reserved 1138688K
  class space    used 11546K, capacity 12187K, committed 12288K, reserved 1048576K
2023-11-10T08:10:32.624+0600: 5088296.868: [GC (Allocation Failure) [PSYoungGen: 182706K->3698K(191488K)] 288118K->109118K(521216K), 0.0159632 secs] [Times: user=0.02 sys=0.02, real=0.01 secs] 
Heap after GC invocations=1138 (full 4):
 PSYoungGen      total 191488K, used 3698K [0x00000000d5580000, 0x00000000e1c80000, 0x0000000100000000)
  eden space 179200K, 0% used [0x00000000d5580000,0x00000000d5580000,0x00000000e0480000)
  from space 12288K, 30% used [0x00000000e1080000,0x00000000e141c810,0x00000000e1c80000)
  to   space 12288K, 0% used [0x00000000e0480000,0x00000000e0480000,0x00000000e1080000)
 ParOldGen       total 329728K, used 105420K [0x0000000080000000, 0x0000000094200000, 0x00000000d5580000)
  object space 329728K, 31% used [0x0000000080000000,0x00000000866f3110,0x0000000094200000)
 Metaspace       used 95904K, capacity 100318K, committed 100608K, reserved 1138688K
  class space    used 11546K, capacity 12187K, committed 12288K, reserved 1048576K
}
{Heap before GC invocations=1139 (full 4):
 PSYoungGen      total 191488K, used 182898K [0x00000000d5580000, 0x00000000e1c80000, 0x0000000100000000)
  eden space 179200K, 100% used [0x00000000d5580000,0x00000000e0480000,0x00000000e0480000)
  from space 12288K, 30% used [0x00000000e1080000,0x00000000e141c810,0x00000000e1c80000)
  to   space 12288K, 0% used [0x00000000e0480000,0x00000000e0480000,0x00000000e1080000)
 ParOldGen       total 329728K, used 105420K [0x0000000080000000, 0x0000000094200000, 0x00000000d5580000)
  object space 329728K, 31% used [0x0000000080000000,0x00000000866f3110,0x0000000094200000)
 Metaspace       used 95904K, capacity 100318K, committed 100608K, reserved 1138688K
  class space    used 11546K, capacity 12187K, committed 12288K, reserved 1048576K
2023-11-10T10:35:18.585+0600: 5096982.828: [GC (Allocation Failure) [PSYoungGen: 182898K->3698K(191488K)] 288318K->109134K(521216K), 0.0150188 secs] [Times: user=0.01 sys=0.02, real=0.01 secs] 
Heap after GC invocations=1139 (full 4):
 PSYoungGen      total 191488K, used 3698K [0x00000000d5580000, 0x00000000e1c00000, 0x0000000100000000)
  eden space 179200K, 0% used [0x00000000d5580000,0x00000000d5580000,0x00000000e0480000)
  from space 12288K, 30% used [0x00000000e0480000,0x00000000e081c810,0x00000000e1080000)
  to   space 11776K, 0% used [0x00000000e1080000,0x00000000e1080000,0x00000000e1c00000)
 ParOldGen       total 329728K, used 105436K [0x0000000080000000, 0x0000000094200000, 0x00000000d5580000)
  object space 329728K, 31% used [0x0000000080000000,0x00000000866f7110,0x0000000094200000)
 Metaspace       used 95904K, capacity 100318K, committed 100608K, reserved 1138688K
  class space    used 11546K, capacity 12187K, committed 12288K, reserved 1048576K
}
{Heap before GC invocations=1140 (full 4):
 PSYoungGen      total 191488K, used 182898K [0x00000000d5580000, 0x00000000e1c00000, 0x0000000100000000)
  eden space 179200K, 100% used [0x00000000d5580000,0x00000000e0480000,0x00000000e0480000)
  from space 12288K, 30% used [0x00000000e0480000,0x00000000e081c810,0x00000000e1080000)
  to   space 11776K, 0% used [0x00000000e1080000,0x00000000e1080000,0x00000000e1c00000)
 ParOldGen       total 329728K, used 105436K [0x0000000080000000, 0x0000000094200000, 0x00000000d5580000)
  object space 329728K, 31% used [0x0000000080000000,0x00000000866f7110,0x0000000094200000)
 Metaspace       used 95904K, capacity 100318K, committed 100608K, reserved 1138688K
  class space    used 11546K, capacity 12187K, committed 12288K, reserved 1048576K
2023-11-10T12:50:59.229+0600: 5105123.472: [GC (Allocation Failure) [PSYoungGen: 182898K->4418K(190464K)] 288334K->109894K(520192K), 0.0181945 secs] [Times: user=0.01 sys=0.02, real=0.02 secs] 
Heap after GC invocations=1140 (full 4):
 PSYoungGen      total 190464K, used 4418K [0x00000000d5580000, 0x00000000e1b00000, 0x0000000100000000)
  eden space 179712K, 0% used [0x00000000d5580000,0x00000000d5580000,0x00000000e0500000)
  from space 10752K, 41% used [0x00000000e1080000,0x00000000e14d0a60,0x00000000e1b00000)
  to   space 11264K, 0% used [0x00000000e0500000,0x00000000e0500000,0x00000000e1000000)
 ParOldGen       total 329728K, used 105476K [0x0000000080000000, 0x0000000094200000, 0x00000000d5580000)
  object space 329728K, 31% used [0x0000000080000000,0x0000000086701140,0x0000000094200000)
 Metaspace       used 95904K, capacity 100318K, committed 100608K, reserved 1138688K
  class space    used 11546K, capacity 12187K, committed 12288K, reserved 1048576K
}
{Heap before GC invocations=1141 (full 4):
 PSYoungGen      total 190464K, used 184130K [0x00000000d5580000, 0x00000000e1b00000, 0x0000000100000000)
  eden space 179712K, 100% used [0x00000000d5580000,0x00000000e0500000,0x00000000e0500000)
  from space 10752K, 41% used [0x00000000e1080000,0x00000000e14d0a60,0x00000000e1b00000)
  to   space 11264K, 0% used [0x00000000e0500000,0x00000000e0500000,0x00000000e1000000)
 ParOldGen       total 329728K, used 105476K [0x0000000080000000, 0x0000000094200000, 0x00000000d5580000)
  object space 329728K, 31% used [0x0000000080000000,0x0000000086701140,0x0000000094200000)
 Metaspace       used 95904K, capacity 100318K, committed 100608K, reserved 1138688K
  class space    used 11546K, capacity 12187K, committed 12288K, reserved 1048576K
2023-11-10T15:17:25.709+0600: 5113909.952: [GC (Allocation Failure) [PSYoungGen: 184130K->3698K(190976K)] 289606K->109182K(520704K), 0.0182450 secs] [Times: user=0.01 sys=0.02, real=0.02 secs] 
Heap after GC invocations=1141 (full 4):
 PSYoungGen      total 190976K, used 3698K [0x00000000d5580000, 0x00000000e1b80000, 0x0000000100000000)
  eden space 179712K, 0% used [0x00000000d5580000,0x00000000d5580000,0x00000000e0500000)
  from space 11264K, 32% used [0x00000000e0500000,0x00000000e089c810,0x00000000e1000000)
  to   space 11264K, 0% used [0x00000000e1080000,0x00000000e1080000,0x00000000e1b80000)
 ParOldGen       total 329728K, used 105484K [0x0000000080000000, 0x0000000094200000, 0x00000000d5580000)
  object space 329728K, 31% used [0x0000000080000000,0x0000000086703140,0x0000000094200000)
 Metaspace       used 95904K, capacity 100318K, committed 100608K, reserved 1138688K
  class space    used 11546K, capacity 12187K, committed 12288K, reserved 1048576K
}
{Heap before GC invocations=1142 (full 4):
 PSYoungGen      total 190976K, used 183408K [0x00000000d5580000, 0x00000000e1b80000, 0x0000000100000000)
  eden space 179712K, 99% used [0x00000000d5580000,0x00000000e04ffab8,0x00000000e0500000)
  from space 11264K, 32% used [0x00000000e0500000,0x00000000e089c810,0x00000000e1000000)
  to   space 11264K, 0% used [0x00000000e1080000,0x00000000e1080000,0x00000000e1b80000)
 ParOldGen       total 329728K, used 105484K [0x0000000080000000, 0x0000000094200000, 0x00000000d5580000)
  object space 329728K, 31% used [0x0000000080000000,0x0000000086703140,0x0000000094200000)
 Metaspace       used 95904K, capacity 100318K, committed 100608K, reserved 1138688K
  class space    used 11546K, capacity 12187K, committed 12288K, reserved 1048576K
2023-11-10T17:43:02.168+0600: 5122646.411: [GC (Allocation Failure) [PSYoungGen: 183408K->3602K(190464K)] 288893K->109102K(520192K), 0.0182248 secs] [Times: user=0.02 sys=0.02, real=0.02 secs] 
Heap after GC invocations=1142 (full 4):
 PSYoungGen      total 190464K, used 3602K [0x00000000d5580000, 0x00000000e1a80000, 0x0000000100000000)
  eden space 180224K, 0% used [0x00000000d5580000,0x00000000d5580000,0x00000000e0580000)
  from space 10240K, 35% used [0x00000000e1080000,0x00000000e1404810,0x00000000e1a80000)
  to   space 10752K, 0% used [0x00000000e0580000,0x00000000e0580000,0x00000000e1000000)
 ParOldGen       total 329728K, used 105500K [0x0000000080000000, 0x0000000094200000, 0x00000000d5580000)
  object space 329728K, 31% used [0x0000000080000000,0x0000000086707140,0x0000000094200000)
 Metaspace       used 95904K, capacity 100318K, committed 100608K, reserved 1138688K
  class space    used 11546K, capacity 12187K, committed 12288K, reserved 1048576K
}
{Heap before GC invocations=1143 (full 4):
 PSYoungGen      total 190464K, used 183826K [0x00000000d5580000, 0x00000000e1a80000, 0x0000000100000000)
  eden space 180224K, 100% used [0x00000000d5580000,0x00000000e0580000,0x00000000e0580000)
  from space 10240K, 35% used [0x00000000e1080000,0x00000000e1404810,0x00000000e1a80000)
  to   space 10752K, 0% used [0x00000000e0580000,0x00000000e0580000,0x00000000e1000000)
 ParOldGen       total 329728K, used 105500K [0x0000000080000000, 0x0000000094200000, 0x00000000d5580000)
  object space 329728K, 31% used [0x0000000080000000,0x0000000086707140,0x0000000094200000)
 Metaspace       used 95904K, capacity 100318K, committed 100608K, reserved 1138688K
  class space    used 11546K, capacity 12187K, committed 12288K, reserved 1048576K
2023-11-10T20:00:16.292+0600: 5130880.535: [GC (Allocation Failure) [PSYoungGen: 183826K->4769K(190976K)] 289326K->110294K(520704K), 0.0137318 secs] [Times: user=0.01 sys=0.02, real=0.02 secs] 
Heap after GC invocations=1143 (full 4):
 PSYoungGen      total 190976K, used 4769K [0x00000000d5580000, 0x00000000e1a00000, 0x0000000100000000)
  eden space 180224K, 0% used [0x00000000d5580000,0x00000000d5580000,0x00000000e0580000)
  from space 10752K, 44% used [0x00000000e0580000,0x00000000e0a286f0,0x00000000e1000000)
  to   space 10240K, 0% used [0x00000000e1000000,0x00000000e1000000,0x00000000e1a00000)
 ParOldGen       total 329728K, used 105524K [0x0000000080000000, 0x0000000094200000, 0x00000000d5580000)
  object space 329728K, 32% used [0x0000000080000000,0x000000008670d140,0x0000000094200000)
 Metaspace       used 95904K, capacity 100318K, committed 100608K, reserved 1138688K
  class space    used 11546K, capacity 12187K, committed 12288K, reserved 1048576K
}
{Heap before GC invocations=1144 (full 4):
 PSYoungGen      total 190976K, used 184993K [0x00000000d5580000, 0x00000000e1a00000, 0x0000000100000000)
  eden space 180224K, 100% used [0x00000000d5580000,0x00000000e0580000,0x00000000e0580000)
  from space 10752K, 44% used [0x00000000e0580000,0x00000000e0a286f0,0x00000000e1000000)
  to   space 10240K, 0% used [0x00000000e1000000,0x00000000e1000000,0x00000000e1a00000)
 ParOldGen       total 329728K, used 105524K [0x0000000080000000, 0x0000000094200000, 0x00000000d5580000)
  object space 329728K, 32% used [0x0000000080000000,0x000000008670d140,0x0000000094200000)
 Metaspace       used 95904K, capacity 100318K, committed 100608K, reserved 1138688K
  class space    used 11546K, capacity 12187K, committed 12288K, reserved 1048576K
2023-11-10T22:07:03.593+0600: 5138487.836: [GC (Allocation Failure) [PSYoungGen: 184993K->5283K(190976K)] 290518K->110864K(520704K), 0.0200401 secs] [Times: user=0.01 sys=0.02, real=0.02 secs] 
Heap after GC invocations=1144 (full 4):
 PSYoungGen      total 190976K, used 5283K [0x00000000d5580000, 0x00000000e1a00000, 0x0000000100000000)
  eden space 180736K, 0% used [0x00000000d5580000,0x00000000d5580000,0x00000000e0600000)
  from space 10240K, 51% used [0x00000000e1000000,0x00000000e1528f00,0x00000000e1a00000)
  to   space 10240K, 0% used [0x00000000e0600000,0x00000000e0600000,0x00000000e1000000)
 ParOldGen       total 329728K, used 105580K [0x0000000080000000, 0x0000000094200000, 0x00000000d5580000)
  object space 329728K, 32% used [0x0000000080000000,0x000000008671b140,0x0000000094200000)
 Metaspace       used 95904K, capacity 100318K, committed 100608K, reserved 1138688K
  class space    used 11546K, capacity 12187K, committed 12288K, reserved 1048576K
}
{Heap before GC invocations=1145 (full 4):
 PSYoungGen      total 190976K, used 186019K [0x00000000d5580000, 0x00000000e1a00000, 0x0000000100000000)
  eden space 180736K, 100% used [0x00000000d5580000,0x00000000e0600000,0x00000000e0600000)
  from space 10240K, 51% used [0x00000000e1000000,0x00000000e1528f00,0x00000000e1a00000)
  to   space 10240K, 0% used [0x00000000e0600000,0x00000000e0600000,0x00000000e1000000)
 ParOldGen       total 329728K, used 105580K [0x0000000080000000, 0x0000000094200000, 0x00000000d5580000)
  object space 329728K, 32% used [0x0000000080000000,0x000000008671b140,0x0000000094200000)
 Metaspace       used 95904K, capacity 100318K, committed 100608K, reserved 1138688K
  class space    used 11546K, capacity 12187K, committed 12288K, reserved 1048576K
2023-11-11T00:08:05.920+0600: 5145750.163: [GC (Allocation Failure) [PSYoungGen: 186019K->7769K(190976K)] 291600K->113389K(520704K), 0.0195504 secs] [Times: user=0.01 sys=0.02, real=0.02 secs] 
Heap after GC invocations=1145 (full 4):
 PSYoungGen      total 190976K, used 7769K [0x00000000d5580000, 0x00000000e1b80000, 0x0000000100000000)
  eden space 180736K, 0% used [0x00000000d5580000,0x00000000d5580000,0x00000000e0600000)
  from space 10240K, 75% used [0x00000000e0600000,0x00000000e0d96610,0x00000000e1000000)
  to   space 10752K, 0% used [0x00000000e1100000,0x00000000e1100000,0x00000000e1b80000)
 ParOldGen       total 329728K, used 105620K [0x0000000080000000, 0x0000000094200000, 0x00000000d5580000)
  object space 329728K, 32% used [0x0000000080000000,0x0000000086725140,0x0000000094200000)
 Metaspace       used 95904K, capacity 100318K, committed 100608K, reserved 1138688K
  class space    used 11546K, capacity 12187K, committed 12288K, reserved 1048576K
}
{Heap before GC invocations=1146 (full 4):
 PSYoungGen      total 190976K, used 188505K [0x00000000d5580000, 0x00000000e1b80000, 0x0000000100000000)
  eden space 180736K, 100% used [0x00000000d5580000,0x00000000e0600000,0x00000000e0600000)
  from space 10240K, 75% used [0x00000000e0600000,0x00000000e0d96610,0x00000000e1000000)
  to   space 10752K, 0% used [0x00000000e1100000,0x00000000e1100000,0x00000000e1b80000)
 ParOldGen       total 329728K, used 105620K [0x0000000080000000, 0x0000000094200000, 0x00000000d5580000)
  object space 329728K, 32% used [0x0000000080000000,0x0000000086725140,0x0000000094200000)
 Metaspace       used 95904K, capacity 100318K, committed 100608K, reserved 1138688K
  class space    used 11546K, capacity 12187K, committed 12288K, reserved 1048576K
2023-11-11T01:48:11.541+0600: 5151755.784: [GC (Allocation Failure) [PSYoungGen: 188505K->9399K(191488K)] 294125K->115061K(521216K), 0.0251375 secs] [Times: user=0.02 sys=0.02, real=0.03 secs] 
Heap after GC invocations=1146 (full 4):
 PSYoungGen      total 191488K, used 9399K [0x00000000d5580000, 0x00000000e1c80000, 0x0000000100000000)
  eden space 180736K, 0% used [0x00000000d5580000,0x00000000d5580000,0x00000000e0600000)
  from space 10752K, 87% used [0x00000000e1100000,0x00000000e1a2de40,0x00000000e1b80000)
  to   space 11264K, 0% used [0x00000000e0600000,0x00000000e0600000,0x00000000e1100000)
 ParOldGen       total 329728K, used 105662K [0x0000000080000000, 0x0000000094200000, 0x00000000d5580000)
  object space 329728K, 32% used [0x0000000080000000,0x000000008672f950,0x0000000094200000)
 Metaspace       used 95904K, capacity 100318K, committed 100608K, reserved 1138688K
  class space    used 11546K, capacity 12187K, committed 12288K, reserved 1048576K
}
{Heap before GC invocations=1147 (full 4):
 PSYoungGen      total 191488K, used 190135K [0x00000000d5580000, 0x00000000e1c80000, 0x0000000100000000)
  eden space 180736K, 100% used [0x00000000d5580000,0x00000000e0600000,0x00000000e0600000)
  from space 10752K, 87% used [0x00000000e1100000,0x00000000e1a2de40,0x00000000e1b80000)
  to   space 11264K, 0% used [0x00000000e0600000,0x00000000e0600000,0x00000000e1100000)
 ParOldGen       total 329728K, used 105662K [0x0000000080000000, 0x0000000094200000, 0x00000000d5580000)
  object space 329728K, 32% used [0x0000000080000000,0x000000008672f950,0x0000000094200000)
 Metaspace       used 95904K, capacity 100318K, committed 100608K, reserved 1138688K
  class space    used 11546K, capacity 12187K, committed 12288K, reserved 1048576K
2023-11-11T04:14:38.749+0600: 5160542.992: [GC (Allocation Failure) [PSYoungGen: 190135K->3488K(192000K)] 295797K->109182K(521728K), 0.0176022 secs] [Times: user=0.03 sys=0.00, real=0.02 secs] 
Heap after GC invocations=1147 (full 4):
 PSYoungGen      total 192000K, used 3488K [0x00000000d5580000, 0x00000000e1c80000, 0x0000000100000000)
  eden space 180736K, 0% used [0x00000000d5580000,0x00000000d5580000,0x00000000e0600000)
  from space 11264K, 30% used [0x00000000e0600000,0x00000000e0968000,0x00000000e1100000)
  to   space 11264K, 0% used [0x00000000e1180000,0x00000000e1180000,0x00000000e1c80000)
 ParOldGen       total 329728K, used 105694K [0x0000000080000000, 0x0000000094200000, 0x00000000d5580000)
  object space 329728K, 32% used [0x0000000080000000,0x0000000086737950,0x0000000094200000)
 Metaspace       used 95904K, capacity 100318K, committed 100608K, reserved 1138688K
  class space    used 11546K, capacity 12187K, committed 12288K, reserved 1048576K
}
{Heap before GC invocations=1148 (full 4):
 PSYoungGen      total 192000K, used 184224K [0x00000000d5580000, 0x00000000e1c80000, 0x0000000100000000)
  eden space 180736K, 100% used [0x00000000d5580000,0x00000000e0600000,0x00000000e0600000)
  from space 11264K, 30% used [0x00000000e0600000,0x00000000e0968000,0x00000000e1100000)
  to   space 11264K, 0% used [0x00000000e1180000,0x00000000e1180000,0x00000000e1c80000)
 ParOldGen       total 329728K, used 105694K [0x0000000080000000, 0x0000000094200000, 0x00000000d5580000)
  object space 329728K, 32% used [0x0000000080000000,0x0000000086737950,0x0000000094200000)
 Metaspace       used 95904K, capacity 100318K, committed 100608K, reserved 1138688K
  class space    used 11546K, capacity 12187K, committed 12288K, reserved 1048576K
2023-11-11T06:41:55.638+0600: 5169379.881: [GC (Allocation Failure) [PSYoungGen: 184224K->3488K(192512K)] 289918K->109206K(522240K), 0.0156768 secs] [Times: user=0.01 sys=0.02, real=0.02 secs] 
Heap after GC invocations=1148 (full 4):
 PSYoungGen      total 192512K, used 3488K [0x00000000d5580000, 0x00000000e1c80000, 0x0000000100000000)
  eden space 181248K, 0% used [0x00000000d5580000,0x00000000d5580000,0x00000000e0680000)
  from space 11264K, 30% used [0x00000000e1180000,0x00000000e14e8000,0x00000000e1c80000)
  to   space 11264K, 0% used [0x00000000e0680000,0x00000000e0680000,0x00000000e1180000)
